IQ-TREE version 3.1.2 for Linux x86 64-bit built May  7 2026
Developed by Bui Quang Minh, Thomas Wong, Nhan Ly-Trong, Huaiyan Ren
Contributed by Lam-Tung Nguyen, Dominik Schrempf, Chris Bielow,
Olga Chernomor, Michael Woodhams, Diep Thi Hoang, Heiko Schmidt

Host:    8084c4e79f09 (AVX512, FMA3, 1133 GB RAM)
Command: /workspace/iqtree-3.1.2-Linux/bin/iqtree3_intel -s /workspace/NeuralNJ/empirical/WickD3b/5588.aln -st DNA -m GTR+G -T 8 -seed 2201 -pre /workspace/IQTree_8_cores_WickD3b_Results/5588 -quiet
Seed:    2201 (Using SPRNG - Scalable Parallel Random Number Generator)
Time:    Wed May 27 16:05:59 2026
Kernel:  AVX+FMA - 8 threads (384 CPU cores detected)

Reading alignment file /workspace/NeuralNJ/empirical/WickD3b/5588.aln ... Fasta format detected
Reading fasta file: done in 0.000509024 secs using 7.269% CPU
Alignment most likely contains DNA/RNA sequences
Constructing alignment: done in 0.00203609 secs using 564.3% CPU
WARNING: 8 sites contain only gaps or ambiguous characters.
Alignment has 38 sequences with 1368 columns, 1085 distinct patterns
799 parsimony-informative, 232 singleton sites, 337 constant sites
                          Gap/Ambiguity  Composition  p-value
Analyzing sequences: done in 3.19481e-05 secs using 360% CPU
   1  Boehmeria_nivea            43.27%    passed     58.47%
   2  Acorus_americanus          48.10%    passed     56.16%
   3  Inula_helenium             40.79%    passed      8.60%
   4  Amborella_trichopoda       48.98%    passed     32.53%
   5  Aquilegia_formosa          39.91%    failed      0.81%
   6  Catharanthus_roseus        47.37%    passed     70.52%
   7  Tanacetum_parthenium       41.67%    failed      2.52%
   8  Rosmarinus_officinalis     54.97%    passed     28.75%
   9  Huperzia_squarrosa         31.43%    failed      1.05%
  10  Sabal_bermudana            43.42%    failed      4.46%
  11  Diospyros_malabarica       43.27%    passed     16.48%
  12  Liriodendron_tulipifera    42.40%    passed     41.75%
  13  Allamanda_cathartica       42.25%    passed     81.99%
  14  Smilax_bona                49.12%    passed     74.73%
  15  Colchicum_autumnale        47.66%    passed     56.15%
  16  Nuphar_advena              43.13%    passed     92.37%
  17  Kadsura_heteroclita        42.54%    passed     94.33%
  18  Hibiscus_cannabinus        53.22%    passed     19.68%
  19  Ophioglossum_petiolatum    63.74%    passed     20.44%
  20  Sarcandra_glabra           56.14%    passed     12.42%
  21  Cunninghamia_lanceolata    51.02%    passed     55.17%
  22  Persea_americana           48.10%    passed     52.07%
  23  Pinus_taeda                36.55%    passed     35.09%
  24  Saruma_henryi              60.67%    passed     49.46%
  25  Larrea_tridentata          47.66%    passed     69.11%
  26  Ephedra_sinica             36.70%    passed      7.55%
  27  Ipomoea_purpurea           46.93%    passed     36.92%
  28  Podophyllum_peltatum       47.08%    failed      3.33%
  29  Kochia_scoparia            50.15%    passed     39.98%
  30  Sciadopitys_verticillata   50.00%    passed     14.83%
  31  Zamia_vazquezii            36.26%    passed     60.27%
  32  Arabidopsis_thaliana       34.80%    passed     30.59%
  33  Brachypodium_distachyon    39.04%    passed     10.22%
  34  Carica_papaya              35.23%    failed      4.36%
  35  Oryza_sativa               39.18%    failed      0.53%
  36  Sorghum_bicolor            43.86%    failed      2.57%
  37  Vitis_vinifera             37.87%    passed     82.25%
  38  Zea_mays                   44.44%    passed      5.02%
WARNING: 7 sequences contain more than 50% gaps/ambiguity
****  TOTAL                      44.97%  8 sequences failed composition chi2 test (p-value<5%; df=3)
Checking for duplicate sequences: done in 0.000154018 secs using 802.5% CPU

Create initial parsimony tree by phylogenetic likelihood library (PLL)... 0.003 seconds

NOTE: 5 MB RAM (0 GB) is required!
Estimate model parameters (epsilon = 0.100)
1. Initial log-likelihood: -25529.972
2. Current log-likelihood: -24460.658
3. Current log-likelihood: -24425.497
4. Current log-likelihood: -24423.597
5. Current log-likelihood: -24423.346
Optimal log-likelihood: -24423.276
Rate parameters:  A-C: 1.48430  A-G: 1.60807  A-T: 0.96205  C-G: 1.37821  C-T: 2.94902  G-T: 1.00000
Base frequencies:  A: 0.350  C: 0.201  G: 0.281  T: 0.168
Gamma shape alpha: 0.867
Parameters optimization took 5 rounds (0.109 sec)
Wrote distance file to... 
Computing ML distances based on estimated model parameters...
Calculating distance matrix: done in 0.000581026 secs using 820.1% CPU
Computing ML distances took 0.000686 sec (of wall-clock time) 0.005399 sec (of CPU time)
Setting up auxiliary I and S matrices: done in 7.60555e-05 secs using 1101% CPU
Constructing RapidNJ tree: done in 0.00181794 secs using 867.7% CPU
Computing RapidNJ tree took 0.001923 sec (of wall-clock time) 0.017021 sec (of CPU time)
Log-likelihood of RapidNJ tree: -24485.007
--------------------------------------------------------------------
|             INITIALIZING CANDIDATE TREE SET                      |
--------------------------------------------------------------------
Generating 98 parsimony trees... 0.321 second
Computing log-likelihood of 98 initial trees ... 0.522 seconds
Current best score: -24423.276

Do NNI search on 20 best initial trees
Estimate model parameters (epsilon = 0.100)
BETTER TREE FOUND at iteration 1: -24416.618
Estimate model parameters (epsilon = 0.100)
BETTER TREE FOUND at iteration 5: -24415.568
Estimate model parameters (epsilon = 0.100)
BETTER TREE FOUND at iteration 6: -24411.997
Iteration 10 / LogL: -24416.272 / Time: 0h:0m:2s
Iteration 20 / LogL: -24414.782 / Time: 0h:0m:3s
Finish initializing candidate tree set (14)
Current best tree score: -24411.997 / CPU time: 3.424
Number of iterations: 20
--------------------------------------------------------------------
|               OPTIMIZING CANDIDATE TREE SET                      |
--------------------------------------------------------------------
Iteration 30 / LogL: -24417.637 / Time: 0h:0m:4s (0h:0m:12s left)
UPDATE BEST LOG-LIKELIHOOD: -24411.996
Iteration 40 / LogL: -24420.757 / Time: 0h:0m:6s (0h:0m:10s left)
Iteration 50 / LogL: -24415.013 / Time: 0h:0m:7s (0h:0m:8s left)
Iteration 60 / LogL: -24412.375 / Time: 0h:0m:8s (0h:0m:6s left)
Iteration 70 / LogL: -24415.734 / Time: 0h:0m:9s (0h:0m:4s left)
Iteration 80 / LogL: -24414.905 / Time: 0h:0m:10s (0h:0m:3s left)
Iteration 90 / LogL: -24448.074 / Time: 0h:0m:11s (0h:0m:2s left)
Iteration 100 / LogL: -24412.433 / Time: 0h:0m:13s (0h:0m:0s left)
TREE SEARCH COMPLETED AFTER 107 ITERATIONS / Time: 0h:0m:13s

--------------------------------------------------------------------
|                    FINALIZING TREE SEARCH                        |
--------------------------------------------------------------------
Performs final model parameters optimization
Estimate model parameters (epsilon = 0.010)
1. Initial log-likelihood: -24411.996
2. Current log-likelihood: -24411.982
Optimal log-likelihood: -24411.981
Rate parameters:  A-C: 1.48711  A-G: 1.63537  A-T: 0.97327  C-G: 1.38235  C-T: 2.95866  G-T: 1.00000
Base frequencies:  A: 0.350  C: 0.201  G: 0.281  T: 0.168
Gamma shape alpha: 0.857
Parameters optimization took 2 rounds (0.022 sec)
BEST SCORE FOUND : -24411.981
Total tree length: 16.349

Total number of iterations: 107
CPU time used for tree search: 107.433 sec (0h:1m:47s)
Wall-clock time used for tree search: 13.632 sec (0h:0m:13s)
Total CPU time used: 108.831 sec (0h:1m:48s)
Total wall-clock time used: 13.808 sec (0h:0m:13s)

Analysis results written to: 
  IQ-TREE report:                /workspace/IQTree_8_cores_WickD3b_Results/5588.iqtree
  Maximum-likelihood tree:       /workspace/IQTree_8_cores_WickD3b_Results/5588.treefile
  Likelihood distances:          /workspace/IQTree_8_cores_WickD3b_Results/5588.mldist
  Screen log file:               /workspace/IQTree_8_cores_WickD3b_Results/5588.log

Date and Time: Wed May 27 16:06:13 2026
