IQ-TREE version 3.1.2 for Linux x86 64-bit built May  7 2026
Developed by Bui Quang Minh, Thomas Wong, Nhan Ly-Trong, Huaiyan Ren
Contributed by Lam-Tung Nguyen, Dominik Schrempf, Chris Bielow,
Olga Chernomor, Michael Woodhams, Diep Thi Hoang, Heiko Schmidt

Host:    8084c4e79f09 (AVX512, FMA3, 1133 GB RAM)
Command: /workspace/iqtree-3.1.2-Linux/bin/iqtree3_intel -s /workspace/NeuralNJ/empirical/WickD3b/6025.aln -st DNA -m GTR+G -T 8 -seed 2201 -pre /workspace/IQTree_8_cores_WickD3b_Results/6025 -quiet
Seed:    2201 (Using SPRNG - Scalable Parallel Random Number Generator)
Time:    Wed May 27 16:51:48 2026
Kernel:  AVX+FMA - 8 threads (384 CPU cores detected)

Reading alignment file /workspace/NeuralNJ/empirical/WickD3b/6025.aln ... Fasta format detected
Reading fasta file: done in 0.000950098 secs
Alignment most likely contains DNA/RNA sequences
Constructing alignment: done in 0.00219584 secs using 789.1% CPU
WARNING: 10 sites contain only gaps or ambiguous characters.
Alignment has 80 sequences with 1268 columns, 938 distinct patterns
631 parsimony-informative, 154 singleton sites, 483 constant sites
                                   Gap/Ambiguity  Composition  p-value
Analyzing sequences: done in 8.51154e-05 secs using 807.1% CPU
   1  Boehmeria_nivea                     51.89%    passed     16.40%
   2  Acorus_americanus                   33.60%    passed     70.50%
   3  Inula_helenium                      48.42%    passed     61.93%
   4  Amborella_trichopoda                51.58%    passed     47.53%
   5  Aquilegia_formosa                   50.63%    passed     61.39%
   6  Chlorokybus_atmophyticus            39.59%    passed     54.65%
   7  Entransia_fimbriataa                34.54%    failed      3.66%
   8  Monomastix_opisthostigma            56.31%    passed     86.08%
   9  Equisetum_diffusum                  47.16%    passed     95.72%
  10  Catharanthus_roseus                 34.54%    passed     35.25%
  11  Chara_vulgaris                      36.75%    passed     42.40%
  12  Chaetosphaeridium_globosum          65.46%    passed     81.18%
  13  Thuidium_delicatulum                27.44%    passed     57.36%
  14  Prumnopitys_andina                  35.17%    passed     60.17%
  15  Rosmarinus_officinalis              66.40%    passed     28.78%
  16  Netrium_digitus                     35.96%    passed     49.74%
  17  Ceratodon_purpureus                 43.22%    passed     62.81%
  18  Klebsormidium_subtile               41.64%    passed     48.95%
  19  Alsophila_spinulosa                 37.85%    passed     61.14%
  20  Huperzia_squarrosa                  35.65%    passed     85.15%
  21  Cedrus_libani                       61.04%    passed     45.12%
  22  Ginkgo_biloba                       35.02%    passed     92.52%
  23  Sphagnum_lescurii                   58.20%    passed     36.71%
  24  Gnetum_montanum                     64.98%    passed     27.65%
  25  Uronema_sp                          58.52%    passed     25.25%
  26  Nephroselmis_pyriformis             40.22%    passed      5.78%
  27  Rhynchostegium_serrulatum           34.86%    passed     92.76%
  28  Bryum_argenteum                     55.05%    passed     88.07%
  29  Cylindrocystis_cushleckae           35.17%    passed     52.83%
  30  Marchantia_polymorpha               32.81%    passed     75.79%
  31  Diospyros_malabarica                30.91%    passed     93.42%
  32  Mesostigma_viride                   38.96%    passed     24.30%
  33  Liriodendron_tulipifera             56.94%    passed     50.63%
  34  Allamanda_cathartica                35.80%    passed     60.65%
  35  Colchicum_autumnale                 47.00%    passed     57.91%
  36  Spirotaenia_minuta                  37.70%    passed     26.89%
  37  Nuphar_advena                       29.81%    passed     52.44%
  38  Dioscorea_villosa                   25.39%    passed     40.62%
  39  Ophioglossum_petiolatum             63.88%    passed     82.34%
  40  Cunninghamia_lanceolata             53.79%    passed     85.13%
  41  Persea_americana                    33.91%    passed     76.22%
  42  Pinus_taeda                         51.74%    passed     80.57%
  43  Pteridium_aquilinum                 63.41%    passed     73.81%
  44  Anomodon_attenuatus                 25.39%    passed     67.96%
  45  Coleochaete_irregularis             35.17%    passed     37.85%
  46  Psilotum_nudum                      34.70%    passed     39.13%
  47  Saruma_henryi                       28.55%    passed     71.94%
  48  Cosmarium_ochthodes                 62.62%    passed     19.62%
  49  Polytrichum_commune                 57.57%    passed     66.51%
  50  Marchantia_emarginata               61.04%    passed     56.64%
  51  Pyramimonas_parkeae                 42.90%    passed     32.49%
  52  Pseudolycopodiella_caroliniana      32.49%    passed     84.15%
  53  Coleochaete_scutata                 36.75%    passed     88.98%
  54  Ipomoea_purpurea                    28.55%    passed     56.58%
  55  Mesotaenium_endlicherianum          35.96%    passed      5.15%
  56  Podophyllum_peltatum                36.12%    passed     42.15%
  57  Kochia_scoparia                     37.22%    passed     43.28%
  58  Riccia_sp                           48.90%    passed     55.88%
  59  Taxus_baccata                       54.89%    passed     98.37%
  60  Bazzania_trilobata                  55.36%    passed     78.77%
  61  Juniperus_scopulorum                60.41%    passed     66.77%
  62  Dendrolycopodium_obscurum           34.86%    passed     96.93%
  63  Roya_obtusa                         33.44%    failed      1.26%
  64  Rosulabryum_cf._capillare_sp        35.65%    passed     89.86%
  65  Cycas_micholitzii                   35.49%    passed     97.66%
  66  Sciadopitys_verticillata            35.17%    passed     82.83%
  67  Cylindrocystis_brebissonii          35.17%    passed     18.67%
  68  Hedwigia_ciliata                    28.39%    passed     88.42%
  69  Leucodon_brachypus                  25.24%    passed     79.33%
  70  Zamia_vazquezii                     45.90%    passed     42.36%
  71  Mougeotia_sp                        33.91%    passed     97.20%
  72  Arabidopsis_thaliana                27.29%    passed     96.13%
  73  Brachypodium_distachyon             25.71%    passed     20.68%
  74  Medicago_truncatula                 28.08%    passed     15.65%
  75  Oryza_sativa                        25.87%    passed     62.95%
  76  Populus_trichocarpa                 29.26%    passed     21.35%
  77  Selaginella_moellendorffii_genome   34.86%    passed     94.74%
  78  Sorghum_bicolor                     25.71%    passed     74.76%
  79  Vitis_vinifera                      30.13%    passed     65.95%
  80  Zea_mays                            13.56%    failed      2.07%
WARNING: 22 sequences contain more than 50% gaps/ambiguity
****  TOTAL                               40.97%  3 sequences failed composition chi2 test (p-value<5%; df=3)
Checking for duplicate sequences: done in 0.000295877 secs using 759.1% CPU

Create initial parsimony tree by phylogenetic likelihood library (PLL)... 0.005 seconds

NOTE: 9 MB RAM (0 GB) is required!
Estimate model parameters (epsilon = 0.100)
1. Initial log-likelihood: -23741.879
2. Current log-likelihood: -22546.126
3. Current log-likelihood: -22482.841
4. Current log-likelihood: -22467.181
5. Current log-likelihood: -22463.932
6. Current log-likelihood: -22463.482
Optimal log-likelihood: -22463.379
Rate parameters:  A-C: 2.10750  A-G: 2.45502  A-T: 1.24419  C-G: 1.34929  C-T: 3.13640  G-T: 1.00000
Base frequencies:  A: 0.254  C: 0.234  G: 0.300  T: 0.212
Gamma shape alpha: 0.471
Parameters optimization took 6 rounds (0.294 sec)
Wrote distance file to... 
Computing ML distances based on estimated model parameters...
Calculating distance matrix: done in 0.00340199 secs using 803.3% CPU
Computing ML distances took 0.003625 sec (of wall-clock time) 0.028877 sec (of CPU time)
Setting up auxiliary I and S matrices: done in 0.000120878 secs using 979.5% CPU
Constructing RapidNJ tree: done in 0.00457406 secs using 815.3% CPU
Computing RapidNJ tree took 0.004753 sec (of wall-clock time) 0.042155 sec (of CPU time)
Log-likelihood of RapidNJ tree: -22647.880
--------------------------------------------------------------------
|             INITIALIZING CANDIDATE TREE SET                      |
--------------------------------------------------------------------
Generating 98 parsimony trees... 0.644 second
Computing log-likelihood of 98 initial trees ... 1.220 seconds
Current best score: -22463.379

Do NNI search on 20 best initial trees
Estimate model parameters (epsilon = 0.100)
BETTER TREE FOUND at iteration 1: -22396.851
Estimate model parameters (epsilon = 0.100)
BETTER TREE FOUND at iteration 2: -22389.114
Iteration 10 / LogL: -22396.070 / Time: 0h:0m:5s
Estimate model parameters (epsilon = 0.100)
BETTER TREE FOUND at iteration 12: -22385.341
Iteration 20 / LogL: -22395.670 / Time: 0h:0m:8s
Finish initializing candidate tree set (20)
Current best tree score: -22385.341 / CPU time: 8.298
Number of iterations: 20
--------------------------------------------------------------------
|               OPTIMIZING CANDIDATE TREE SET                      |
--------------------------------------------------------------------
Estimate model parameters (epsilon = 0.100)
BETTER TREE FOUND at iteration 24: -22385.250
Estimate model parameters (epsilon = 0.100)
BETTER TREE FOUND at iteration 27: -22385.088
Iteration 30 / LogL: -22392.150 / Time: 0h:0m:11s (0h:0m:37s left)
Estimate model parameters (epsilon = 0.100)
BETTER TREE FOUND at iteration 35: -22384.072
Iteration 40 / LogL: -22385.829 / Time: 0h:0m:13s (0h:0m:32s left)
Iteration 50 / LogL: -22398.277 / Time: 0h:0m:16s (0h:0m:27s left)
UPDATE BEST LOG-LIKELIHOOD: -22384.072
Estimate model parameters (epsilon = 0.100)
BETTER TREE FOUND at iteration 60: -22381.601
Iteration 60 / LogL: -22381.601 / Time: 0h:0m:18s (0h:0m:31s left)
Iteration 70 / LogL: -22383.315 / Time: 0h:0m:21s (0h:0m:27s left)
Estimate model parameters (epsilon = 0.100)
BETTER TREE FOUND at iteration 78: -22380.836
Iteration 80 / LogL: -22384.161 / Time: 0h:0m:23s (0h:0m:28s left)
Iteration 90 / LogL: -22385.825 / Time: 0h:0m:25s (0h:0m:25s left)
Iteration 100 / LogL: -22386.113 / Time: 0h:0m:27s (0h:0m:21s left)
Iteration 110 / LogL: -22388.045 / Time: 0h:0m:30s (0h:0m:18s left)
Iteration 120 / LogL: -22382.570 / Time: 0h:0m:32s (0h:0m:15s left)
Iteration 130 / LogL: -22384.028 / Time: 0h:0m:34s (0h:0m:12s left)
Iteration 140 / LogL: -22383.899 / Time: 0h:0m:36s (0h:0m:10s left)
Iteration 150 / LogL: -22387.666 / Time: 0h:0m:39s (0h:0m:7s left)
Iteration 160 / LogL: -22386.274 / Time: 0h:0m:41s (0h:0m:4s left)
Iteration 170 / LogL: -22382.994 / Time: 0h:0m:43s (0h:0m:2s left)
TREE SEARCH COMPLETED AFTER 179 ITERATIONS / Time: 0h:0m:45s

--------------------------------------------------------------------
|                    FINALIZING TREE SEARCH                        |
--------------------------------------------------------------------
Performs final model parameters optimization
Estimate model parameters (epsilon = 0.010)
1. Initial log-likelihood: -22380.836
Optimal log-likelihood: -22380.835
Rate parameters:  A-C: 2.17594  A-G: 2.53449  A-T: 1.27926  C-G: 1.36348  C-T: 3.26973  G-T: 1.00000
Base frequencies:  A: 0.254  C: 0.234  G: 0.300  T: 0.212
Gamma shape alpha: 0.467
Parameters optimization took 1 rounds (0.026 sec)
BEST SCORE FOUND : -22380.835
Total tree length: 17.254

Total number of iterations: 179
CPU time used for tree search: 353.989 sec (0h:5m:53s)
Wall-clock time used for tree search: 44.949 sec (0h:0m:44s)
Total CPU time used: 358.108 sec (0h:5m:58s)
Total wall-clock time used: 45.455 sec (0h:0m:45s)

Analysis results written to: 
  IQ-TREE report:                /workspace/IQTree_8_cores_WickD3b_Results/6025.iqtree
  Maximum-likelihood tree:       /workspace/IQTree_8_cores_WickD3b_Results/6025.treefile
  Likelihood distances:          /workspace/IQTree_8_cores_WickD3b_Results/6025.mldist
  Screen log file:               /workspace/IQTree_8_cores_WickD3b_Results/6025.log

Date and Time: Wed May 27 16:52:33 2026
