IQ-TREE version 3.1.2 for Linux x86 64-bit built May  7 2026
Developed by Bui Quang Minh, Thomas Wong, Nhan Ly-Trong, Huaiyan Ren
Contributed by Lam-Tung Nguyen, Dominik Schrempf, Chris Bielow,
Olga Chernomor, Michael Woodhams, Diep Thi Hoang, Heiko Schmidt

Host:    8084c4e79f09 (AVX512, FMA3, 1133 GB RAM)
Command: /workspace/iqtree-3.1.2-Linux/bin/iqtree3_intel -s /workspace/NeuralNJ/empirical/WickD3b/6175.aln -st DNA -m GTR+G -T 8 -seed 2201 -pre /workspace/IQTree_8_cores_WickD3b_Results/6175 -quiet
Seed:    2201 (Using SPRNG - Scalable Parallel Random Number Generator)
Time:    Wed May 27 17:07:10 2026
Kernel:  AVX+FMA - 8 threads (384 CPU cores detected)

Reading alignment file /workspace/NeuralNJ/empirical/WickD3b/6175.aln ... Fasta format detected
Reading fasta file: done in 0.000716925 secs using 83.69% CPU
Alignment most likely contains DNA/RNA sequences
Constructing alignment: done in 0.00237203 secs using 648.8% CPU
WARNING: 16 sites contain only gaps or ambiguous characters.
Alignment has 39 sequences with 1160 columns, 907 distinct patterns
688 parsimony-informative, 101 singleton sites, 371 constant sites
                                   Gap/Ambiguity  Composition  p-value
Analyzing sequences: done in 3.40939e-05 secs using 407.7% CPU
   1  Boehmeria_nivea                     36.21%    passed     84.72%
   2  Acorus_americanus                   60.86%    passed     41.87%
   3  Inula_helenium                      63.97%    passed     43.83%
   4  Amborella_trichopoda                47.41%    passed     40.98%
   5  Aquilegia_formosa                   30.00%    passed     24.28%
   6  Chlorokybus_atmophyticus            40.52%    failed      0.07%
   7  Monomastix_opisthostigma            38.97%    failed      0.00%
   8  Nothoceros_aenigmaticus             50.34%    passed     17.22%
   9  Eschscholzia_californica            29.83%    passed     29.27%
  10  Rosmarinus_officinalis              56.38%    passed     14.78%
  11  Ceratodon_purpureus                 63.10%    passed     19.40%
  12  Huperzia_squarrosa                  58.45%    passed     71.29%
  13  Cedrus_libani                       51.38%    failed      2.85%
  14  Sphagnum_lescurii                   44.48%    passed     59.96%
  15  Gnetum_montanum                     55.69%    passed     51.61%
  16  Sabal_bermudana                     61.55%    passed     91.37%
  17  Yucca_filamentosa                   27.24%    passed     20.57%
  18  Rhynchostegium_serrulatum           53.28%    passed      8.85%
  19  Diospyros_malabarica                28.79%    passed     94.48%
  20  Allamanda_cathartica                61.90%    passed     83.46%
  21  Nuphar_advena                       32.76%    passed     99.64%
  22  Hibiscus_cannabinus                 35.34%    passed     48.42%
  23  Sarcandra_glabra                    64.48%    passed     55.79%
  24  Persea_americana                    54.14%    passed     99.94%
  25  Psilotum_nudum                      26.38%    passed     28.52%
  26  Saruma_henryi                       51.55%    passed     92.91%
  27  Ipomoea_purpurea                    33.79%    passed     46.14%
  28  Podophyllum_peltatum                46.90%    passed     57.81%
  29  Kochia_scoparia                     32.24%    passed     42.89%
  30  Hedwigia_ciliata                    51.21%    failed      2.64%
  31  Leucodon_brachypus                  45.69%    passed     50.31%
  32  Selaginella_moellendorffii_1kp      49.48%    passed     48.91%
  33  Arabidopsis_thaliana                30.86%    passed     45.15%
  34  Medicago_truncatula                 27.24%    passed     25.30%
  35  Oryza_sativa                        29.14%    passed     48.77%
  36  Populus_trichocarpa                 54.14%    passed     92.55%
  37  Selaginella_moellendorffii_genome   41.90%    passed     55.40%
  38  Sorghum_bicolor                     28.79%    passed     69.84%
  39  Vitis_vinifera                      30.52%    passed     94.73%
WARNING: 16 sequences contain more than 50% gaps/ambiguity
****  TOTAL                               44.28%  4 sequences failed composition chi2 test (p-value<5%; df=3)
Checking for duplicate sequences: done in 0.000216007 secs using 798.6% CPU

Create initial parsimony tree by phylogenetic likelihood library (PLL)... 0.005 seconds

NOTE: 4 MB RAM (0 GB) is required!
Estimate model parameters (epsilon = 0.100)
1. Initial log-likelihood: -20622.454
2. Current log-likelihood: -19505.893
3. Current log-likelihood: -19479.847
4. Current log-likelihood: -19479.024
Optimal log-likelihood: -19478.976
Rate parameters:  A-C: 1.44202  A-G: 2.69657  A-T: 1.26496  C-G: 1.15383  C-T: 2.57464  G-T: 1.00000
Base frequencies:  A: 0.295  C: 0.232  G: 0.246  T: 0.226
Gamma shape alpha: 0.620
Parameters optimization took 4 rounds (0.102 sec)
Wrote distance file to... 
Computing ML distances based on estimated model parameters...
Calculating distance matrix: done in 0.000684023 secs using 836.5% CPU
Computing ML distances took 0.000810 sec (of wall-clock time) 0.006402 sec (of CPU time)
Setting up auxiliary I and S matrices: done in 7.89165e-05 secs using 1016% CPU
Constructing RapidNJ tree: done in 0.00229692 secs using 651.2% CPU
Computing RapidNJ tree took 0.002416 sec (of wall-clock time) 0.021143 sec (of CPU time)
Log-likelihood of RapidNJ tree: -19577.672
--------------------------------------------------------------------
|             INITIALIZING CANDIDATE TREE SET                      |
--------------------------------------------------------------------
Generating 98 parsimony trees... 0.291 second
Computing log-likelihood of 98 initial trees ... 0.819 seconds
Current best score: -19478.976

Do NNI search on 20 best initial trees
Estimate model parameters (epsilon = 0.100)
BETTER TREE FOUND at iteration 1: -19464.805
Estimate model parameters (epsilon = 0.100)
BETTER TREE FOUND at iteration 2: -19424.862
Estimate model parameters (epsilon = 0.100)
BETTER TREE FOUND at iteration 7: -19422.089
Estimate model parameters (epsilon = 0.100)
BETTER TREE FOUND at iteration 10: -19419.845
Iteration 10 / LogL: -19419.845 / Time: 0h:0m:3s
Estimate model parameters (epsilon = 0.100)
BETTER TREE FOUND at iteration 15: -19419.695
Iteration 20 / LogL: -19424.471 / Time: 0h:0m:5s
Finish initializing candidate tree set (16)
Current best tree score: -19419.695 / CPU time: 5.062
Number of iterations: 20
--------------------------------------------------------------------
|               OPTIMIZING CANDIDATE TREE SET                      |
--------------------------------------------------------------------
Iteration 30 / LogL: -19427.577 / Time: 0h:0m:6s (0h:0m:19s left)
Estimate model parameters (epsilon = 0.100)
BETTER TREE FOUND at iteration 40: -19419.414
Iteration 40 / LogL: -19419.414 / Time: 0h:0m:7s (0h:0m:20s left)
Iteration 50 / LogL: -19422.962 / Time: 0h:0m:9s (0h:0m:16s left)
UPDATE BEST LOG-LIKELIHOOD: -19419.414
Iteration 60 / LogL: -19422.885 / Time: 0h:0m:10s (0h:0m:13s left)
Iteration 70 / LogL: -19419.877 / Time: 0h:0m:11s (0h:0m:11s left)
Iteration 80 / LogL: -19419.414 / Time: 0h:0m:12s (0h:0m:9s left)
UPDATE BEST LOG-LIKELIHOOD: -19419.414
Iteration 90 / LogL: -19419.414 / Time: 0h:0m:14s (0h:0m:8s left)
Iteration 100 / LogL: -19425.885 / Time: 0h:0m:15s (0h:0m:6s left)
Iteration 110 / LogL: -19420.859 / Time: 0h:0m:17s (0h:0m:4s left)
Iteration 120 / LogL: -19419.414 / Time: 0h:0m:18s (0h:0m:3s left)
Iteration 130 / LogL: -19419.795 / Time: 0h:0m:19s (0h:0m:1s left)
Iteration 140 / LogL: -19422.965 / Time: 0h:0m:20s (0h:0m:0s left)
TREE SEARCH COMPLETED AFTER 141 ITERATIONS / Time: 0h:0m:20s

--------------------------------------------------------------------
|                    FINALIZING TREE SEARCH                        |
--------------------------------------------------------------------
Performs final model parameters optimization
Estimate model parameters (epsilon = 0.010)
1. Initial log-likelihood: -19419.414
Optimal log-likelihood: -19419.413
Rate parameters:  A-C: 1.47992  A-G: 2.75318  A-T: 1.29911  C-G: 1.15324  C-T: 2.71368  G-T: 1.00000
Base frequencies:  A: 0.295  C: 0.232  G: 0.246  T: 0.226
Gamma shape alpha: 0.612
Parameters optimization took 1 rounds (0.012 sec)
BEST SCORE FOUND : -19419.413
Total tree length: 15.979

Total number of iterations: 141
CPU time used for tree search: 164.878 sec (0h:2m:44s)
Wall-clock time used for tree search: 20.818 sec (0h:0m:20s)
Total CPU time used: 166.351 sec (0h:2m:46s)
Total wall-clock time used: 20.999 sec (0h:0m:20s)

Analysis results written to: 
  IQ-TREE report:                /workspace/IQTree_8_cores_WickD3b_Results/6175.iqtree
  Maximum-likelihood tree:       /workspace/IQTree_8_cores_WickD3b_Results/6175.treefile
  Likelihood distances:          /workspace/IQTree_8_cores_WickD3b_Results/6175.mldist
  Screen log file:               /workspace/IQTree_8_cores_WickD3b_Results/6175.log

Date and Time: Wed May 27 17:07:31 2026
