IQ-TREE version 3.1.2 for Linux x86 64-bit built May  7 2026
Developed by Bui Quang Minh, Thomas Wong, Nhan Ly-Trong, Huaiyan Ren
Contributed by Lam-Tung Nguyen, Dominik Schrempf, Chris Bielow,
Olga Chernomor, Michael Woodhams, Diep Thi Hoang, Heiko Schmidt

Host:    8084c4e79f09 (AVX512, FMA3, 1133 GB RAM)
Command: /workspace/iqtree-3.1.2-Linux/bin/iqtree3_intel -s /workspace/NeuralNJ/empirical/WickD3b/6411.aln -st DNA -m GTR+G -T 8 -seed 2201 -pre /workspace/IQTree_8_cores_WickD3b_Results/6411 -quiet
Seed:    2201 (Using SPRNG - Scalable Parallel Random Number Generator)
Time:    Wed May 27 17:44:14 2026
Kernel:  AVX+FMA - 8 threads (384 CPU cores detected)

Reading alignment file /workspace/NeuralNJ/empirical/WickD3b/6411.aln ... Fasta format detected
Reading fasta file: done in 0.00136495 secs using 69.01% CPU
Alignment most likely contains DNA/RNA sequences
Constructing alignment: done in 0.00358105 secs using 634.2% CPU
WARNING: 28 sites contain only gaps or ambiguous characters.
Alignment has 54 sequences with 1654 columns, 992 distinct patterns
688 parsimony-informative, 182 singleton sites, 784 constant sites
                                   Gap/Ambiguity  Composition  p-value
Analyzing sequences: done in 6.81877e-05 secs using 703.9% CPU
   1  Boehmeria_nivea                     56.23%    passed     95.48%
   2  Acorus_americanus                   24.79%    passed     86.83%
   3  Inula_helenium                      51.63%    passed     72.17%
   4  Amborella_trichopoda                22.85%    passed     99.21%
   5  Aquilegia_formosa                   62.27%    passed     86.00%
   6  Entransia_fimbriataa                21.52%    failed      0.00%
   7  Equisetum_diffusum                  51.75%    passed     92.53%
   8  Catharanthus_roseus                 57.68%    passed     82.32%
   9  Houttuynia_cordata                  52.00%    passed     79.21%
  10  Tanacetum_parthenium                32.77%    passed     77.09%
  11  Prumnopitys_andina                  22.13%    passed     97.59%
  12  Eschscholzia_californica            22.25%    passed     93.70%
  13  Rosmarinus_officinalis              31.20%    passed     87.85%
  14  Huperzia_squarrosa                  39.06%    passed     82.17%
  15  Cedrus_libani                       46.55%    passed     32.12%
  16  Ginkgo_biloba                       24.91%    passed     58.07%
  17  Sphagnum_lescurii                   56.71%    passed     94.52%
  18  Gnetum_montanum                     43.41%    passed     87.69%
  19  Sabal_bermudana                     63.85%    passed     89.45%
  20  Yucca_filamentosa                   64.69%    passed     92.30%
  21  Rhynchostegium_serrulatum           14.39%    passed     56.69%
  22  Bryum_argenteum                     48.97%    passed     58.44%
  23  Marchantia_polymorpha               42.81%    passed     11.29%
  24  Diospyros_malabarica                21.52%    passed     99.93%
  25  Liriodendron_tulipifera             44.38%    passed     59.23%
  26  Allamanda_cathartica                21.40%    passed     86.77%
  27  Smilax_bona                         59.01%    passed     99.46%
  28  Angiopteris_evecta                  50.30%    passed     78.93%
  29  Nuphar_advena                       22.01%    passed     79.59%
  30  Dioscorea_villosa                   65.18%    passed     97.59%
  31  Hibiscus_cannabinus                 21.64%    passed     99.59%
  32  Ophioglossum_petiolatum             53.57%    passed     47.41%
  33  Cunninghamia_lanceolata             55.86%    passed     92.00%
  34  Pinus_taeda                         22.25%    passed     88.15%
  35  Saruma_henryi                       21.28%    passed     97.59%
  36  Larrea_tridentata                   47.76%    passed     90.39%
  37  Pseudolycopodiella_caroliniana      22.49%    passed     79.72%
  38  Ipomoea_purpurea                    20.92%    passed     75.40%
  39  Podophyllum_peltatum                21.52%    passed     85.43%
  40  Kochia_scoparia                     59.01%    passed     31.57%
  41  Taxus_baccata                       22.13%    passed     90.51%
  42  Juniperus_scopulorum                37.24%    passed     93.68%
  43  Dendrolycopodium_obscurum           23.22%    passed     92.71%
  44  Cycas_micholitzii                   21.89%    passed     65.69%
  45  Sciadopitys_verticillata            22.13%    passed     95.29%
  46  Arabidopsis_thaliana                22.13%    passed     83.30%
  47  Brachypodium_distachyon             21.40%    passed     97.35%
  48  Carica_papaya                       22.61%    passed     90.65%
  49  Oryza_sativa                        20.44%    passed     99.11%
  50  Physcomitrella_patens               21.16%    passed     84.72%
  51  Populus_trichocarpa                 21.04%    passed     91.62%
  52  Selaginella_moellendorffii_genome   23.34%    passed     57.47%
  53  Sorghum_bicolor                     20.44%    passed     97.26%
  54  Vitis_vinifera                      22.73%    passed     93.46%
WARNING: 15 sequences contain more than 50% gaps/ambiguity
****  TOTAL                               35.30%  1 sequences failed composition chi2 test (p-value<5%; df=3)
Checking for duplicate sequences: done in 0.000301838 secs using 783.9% CPU

Create initial parsimony tree by phylogenetic likelihood library (PLL)... 0.007 seconds

NOTE: 6 MB RAM (0 GB) is required!
Estimate model parameters (epsilon = 0.100)
1. Initial log-likelihood: -22914.264
2. Current log-likelihood: -21790.996
3. Current log-likelihood: -21771.607
Optimal log-likelihood: -21771.560
Rate parameters:  A-C: 1.88944  A-G: 3.24966  A-T: 1.48381  C-G: 1.27293  C-T: 3.24896  G-T: 1.00000
Base frequencies:  A: 0.259  C: 0.229  G: 0.274  T: 0.238
Gamma shape alpha: 0.467
Parameters optimization took 3 rounds (0.113 sec)
Wrote distance file to... 
Computing ML distances based on estimated model parameters...
Calculating distance matrix: done in 0.00139999 secs using 805.6% CPU
Computing ML distances took 0.001515 sec (of wall-clock time) 0.011893 sec (of CPU time)
Setting up auxiliary I and S matrices: done in 0.000108004 secs using 860.2% CPU
Constructing RapidNJ tree: done in 0.00301409 secs using 857.6% CPU
Computing RapidNJ tree took 0.003171 sec (of wall-clock time) 0.028108 sec (of CPU time)
Log-likelihood of RapidNJ tree: -21975.294
--------------------------------------------------------------------
|             INITIALIZING CANDIDATE TREE SET                      |
--------------------------------------------------------------------
Generating 98 parsimony trees... 0.423 second
Computing log-likelihood of 98 initial trees ... 0.755 seconds
Current best score: -21771.560

Do NNI search on 20 best initial trees
Estimate model parameters (epsilon = 0.100)
BETTER TREE FOUND at iteration 1: -21751.190
Estimate model parameters (epsilon = 0.100)
BETTER TREE FOUND at iteration 2: -21749.878
Iteration 10 / LogL: -21750.056 / Time: 0h:0m:2s
Iteration 20 / LogL: -21750.134 / Time: 0h:0m:3s
Finish initializing candidate tree set (10)
Current best tree score: -21749.878 / CPU time: 3.539
Number of iterations: 20
--------------------------------------------------------------------
|               OPTIMIZING CANDIDATE TREE SET                      |
--------------------------------------------------------------------
Estimate model parameters (epsilon = 0.100)
BETTER TREE FOUND at iteration 22: -21747.757
Iteration 30 / LogL: -21750.137 / Time: 0h:0m:5s (0h:0m:16s left)
Iteration 40 / LogL: -21747.928 / Time: 0h:0m:6s (0h:0m:13s left)
Iteration 50 / LogL: -21747.958 / Time: 0h:0m:8s (0h:0m:11s left)
Estimate model parameters (epsilon = 0.100)
BETTER TREE FOUND at iteration 51: -21747.161
Iteration 60 / LogL: -21748.031 / Time: 0h:0m:9s (0h:0m:14s left)
Iteration 70 / LogL: -21747.972 / Time: 0h:0m:11s (0h:0m:12s left)
Iteration 80 / LogL: -21749.755 / Time: 0h:0m:12s (0h:0m:11s left)
Iteration 90 / LogL: -21748.047 / Time: 0h:0m:13s (0h:0m:9s left)
Iteration 100 / LogL: -21748.117 / Time: 0h:0m:15s (0h:0m:7s left)
Iteration 110 / LogL: -21748.078 / Time: 0h:0m:17s (0h:0m:6s left)
Iteration 120 / LogL: -21747.173 / Time: 0h:0m:18s (0h:0m:4s left)
Iteration 130 / LogL: -21747.924 / Time: 0h:0m:20s (0h:0m:3s left)
Iteration 140 / LogL: -21752.486 / Time: 0h:0m:21s (0h:0m:1s left)
Iteration 150 / LogL: -21753.703 / Time: 0h:0m:23s (0h:0m:0s left)
TREE SEARCH COMPLETED AFTER 152 ITERATIONS / Time: 0h:0m:23s

--------------------------------------------------------------------
|                    FINALIZING TREE SEARCH                        |
--------------------------------------------------------------------
Performs final model parameters optimization
Estimate model parameters (epsilon = 0.010)
1. Initial log-likelihood: -21747.161
Optimal log-likelihood: -21747.157
Rate parameters:  A-C: 1.87477  A-G: 3.26700  A-T: 1.47534  C-G: 1.29195  C-T: 3.26668  G-T: 1.00000
Base frequencies:  A: 0.259  C: 0.229  G: 0.274  T: 0.238
Gamma shape alpha: 0.465
Parameters optimization took 1 rounds (0.018 sec)
BEST SCORE FOUND : -21747.157
Total tree length: 5.882

Total number of iterations: 152
CPU time used for tree search: 184.621 sec (0h:3m:4s)
Wall-clock time used for tree search: 23.424 sec (0h:0m:23s)
Total CPU time used: 186.190 sec (0h:3m:6s)
Total wall-clock time used: 23.620 sec (0h:0m:23s)

Analysis results written to: 
  IQ-TREE report:                /workspace/IQTree_8_cores_WickD3b_Results/6411.iqtree
  Maximum-likelihood tree:       /workspace/IQTree_8_cores_WickD3b_Results/6411.treefile
  Likelihood distances:          /workspace/IQTree_8_cores_WickD3b_Results/6411.mldist
  Screen log file:               /workspace/IQTree_8_cores_WickD3b_Results/6411.log

Date and Time: Wed May 27 17:44:38 2026
