IQ-TREE version 3.1.2 for Linux x86 64-bit built May  7 2026
Developed by Bui Quang Minh, Thomas Wong, Nhan Ly-Trong, Huaiyan Ren
Contributed by Lam-Tung Nguyen, Dominik Schrempf, Chris Bielow,
Olga Chernomor, Michael Woodhams, Diep Thi Hoang, Heiko Schmidt

Host:    8084c4e79f09 (AVX512, FMA3, 1133 GB RAM)
Command: /workspace/iqtree-3.1.2-Linux/bin/iqtree3_intel -s /workspace/NeuralNJ/empirical/WickD3b/6510.aln -st DNA -m GTR+G -T 8 -seed 2201 -pre /workspace/IQTree_8_cores_WickD3b_Results/6510 -quiet
Seed:    2201 (Using SPRNG - Scalable Parallel Random Number Generator)
Time:    Wed May 27 17:58:55 2026
Kernel:  AVX+FMA - 8 threads (384 CPU cores detected)

Reading alignment file /workspace/NeuralNJ/empirical/WickD3b/6510.aln ... Fasta format detected
Reading fasta file: done in 0.000447989 secs using 33.26% CPU
Alignment most likely contains DNA/RNA sequences
Constructing alignment: done in 0.00169206 secs using 533% CPU
WARNING: 64 sites contain only gaps or ambiguous characters.
Alignment has 35 sequences with 1292 columns, 965 distinct patterns
790 parsimony-informative, 110 singleton sites, 392 constant sites
                                   Gap/Ambiguity  Composition  p-value
Analyzing sequences: done in 3.40939e-05 secs using 222.9% CPU
   1  Amborella_trichopoda                35.76%    passed     96.32%
   2  Aquilegia_formosa                   60.22%    passed     74.46%
   3  Equisetum_diffusum                  65.33%    passed     42.74%
   4  Tanacetum_parthenium                45.67%    passed     31.80%
   5  Prumnopitys_andina                  57.59%    passed     43.12%
   6  Eschscholzia_californica            34.21%    passed     62.36%
   7  Rosmarinus_officinalis              38.39%    passed     65.68%
   8  Cedrus_libani                       66.87%    passed     96.02%
   9  Sphagnum_lescurii                   50.15%    failed      4.25%
  10  Sabal_bermudana                     34.37%    passed     71.52%
  11  Yucca_filamentosa                   58.36%    passed     91.37%
  12  Diospyros_malabarica                34.98%    passed     52.03%
  13  Smilax_bona                         55.88%    passed     65.04%
  14  Dioscorea_villosa                   50.62%    passed     69.15%
  15  Hibiscus_cannabinus                 47.06%    passed     63.13%
  16  Sarcandra_glabra                    57.74%    passed     13.49%
  17  Persea_americana                    37.77%    passed     33.16%
  18  Saruma_henryi                       41.49%    passed     91.12%
  19  Polytrichum_commune                 44.43%    passed     25.72%
  20  Ipomoea_purpurea                    29.10%    passed     26.01%
  21  Podophyllum_peltatum                63.78%    passed     97.66%
  22  Kochia_scoparia                     35.45%    passed     77.19%
  23  Juniperus_scopulorum                65.79%    passed     23.48%
  24  Hedwigia_ciliata                    49.69%    failed      0.00%
  25  Arabidopsis_thaliana                32.51%    passed     61.58%
  26  Brachypodium_distachyon             41.87%    passed     82.20%
  27  Carica_papaya                       32.66%    passed     12.40%
  28  Medicago_truncatula                 33.28%    passed     53.32%
  29  Oryza_sativa                        40.09%    passed     56.91%
  30  Physcomitrella_patens               41.33%    failed      0.01%
  31  Populus_trichocarpa                 31.73%    passed     14.04%
  32  Selaginella_moellendorffii_genome   59.91%    failed      0.01%
  33  Sorghum_bicolor                     38.85%    passed     93.14%
  34  Vitis_vinifera                      66.56%    passed     94.75%
  35  Zea_mays                            39.47%    passed     90.91%
WARNING: 13 sequences contain more than 50% gaps/ambiguity
****  TOTAL                               46.26%  4 sequences failed composition chi2 test (p-value<5%; df=3)
Checking for duplicate sequences: done in 0.000128984 secs using 811.7% CPU

Create initial parsimony tree by phylogenetic likelihood library (PLL)... 0.002 seconds

NOTE: 4 MB RAM (0 GB) is required!
Estimate model parameters (epsilon = 0.100)
1. Initial log-likelihood: -21606.082
2. Current log-likelihood: -20408.300
3. Current log-likelihood: -20380.843
4. Current log-likelihood: -20379.184
5. Current log-likelihood: -20378.961
Optimal log-likelihood: -20378.896
Rate parameters:  A-C: 1.43551  A-G: 2.65503  A-T: 1.17030  C-G: 1.12862  C-T: 2.81604  G-T: 1.00000
Base frequencies:  A: 0.312  C: 0.224  G: 0.258  T: 0.207
Gamma shape alpha: 0.778
Parameters optimization took 5 rounds (0.103 sec)
Wrote distance file to... 
Computing ML distances based on estimated model parameters...
Calculating distance matrix: done in 0.000485897 secs using 796.1% CPU
Computing ML distances took 0.000570 sec (of wall-clock time) 0.004366 sec (of CPU time)
Setting up auxiliary I and S matrices: done in 8.29697e-05 secs using 1126% CPU
Constructing RapidNJ tree: done in 0.00176501 secs using 716% CPU
Computing RapidNJ tree took 0.001878 sec (of wall-clock time) 0.015283 sec (of CPU time)
Log-likelihood of RapidNJ tree: -20377.969
--------------------------------------------------------------------
|             INITIALIZING CANDIDATE TREE SET                      |
--------------------------------------------------------------------
Generating 98 parsimony trees... 0.257 second
Computing log-likelihood of 98 initial trees ... 0.503 seconds
Current best score: -20377.969

Do NNI search on 20 best initial trees
Estimate model parameters (epsilon = 0.100)
BETTER TREE FOUND at iteration 1: -20339.902
Iteration 10 / LogL: -20345.411 / Time: 0h:0m:2s
Iteration 20 / LogL: -20347.508 / Time: 0h:0m:3s
Finish initializing candidate tree set (17)
Current best tree score: -20339.902 / CPU time: 2.964
Number of iterations: 20
--------------------------------------------------------------------
|               OPTIMIZING CANDIDATE TREE SET                      |
--------------------------------------------------------------------
Iteration 30 / LogL: -20340.540 / Time: 0h:0m:3s (0h:0m:9s left)
Iteration 40 / LogL: -20341.473 / Time: 0h:0m:4s (0h:0m:7s left)
Iteration 50 / LogL: -20340.121 / Time: 0h:0m:5s (0h:0m:6s left)
Iteration 60 / LogL: -20345.839 / Time: 0h:0m:6s (0h:0m:4s left)
Iteration 70 / LogL: -20341.276 / Time: 0h:0m:7s (0h:0m:3s left)
Iteration 80 / LogL: -20341.958 / Time: 0h:0m:8s (0h:0m:2s left)
Iteration 90 / LogL: -20341.874 / Time: 0h:0m:9s (0h:0m:1s left)
Iteration 100 / LogL: -20340.809 / Time: 0h:0m:10s (0h:0m:0s left)
UPDATE BEST LOG-LIKELIHOOD: -20339.899
TREE SEARCH COMPLETED AFTER 102 ITERATIONS / Time: 0h:0m:10s

--------------------------------------------------------------------
|                    FINALIZING TREE SEARCH                        |
--------------------------------------------------------------------
Performs final model parameters optimization
Estimate model parameters (epsilon = 0.010)
1. Initial log-likelihood: -20339.899
Optimal log-likelihood: -20339.888
Rate parameters:  A-C: 1.47417  A-G: 2.82182  A-T: 1.20126  C-G: 1.15435  C-T: 2.89662  G-T: 1.00000
Base frequencies:  A: 0.312  C: 0.224  G: 0.258  T: 0.207
Gamma shape alpha: 0.767
Parameters optimization took 1 rounds (0.011 sec)
BEST SCORE FOUND : -20339.888
Total tree length: 18.428

Total number of iterations: 102
CPU time used for tree search: 83.789 sec (0h:1m:23s)
Wall-clock time used for tree search: 10.602 sec (0h:0m:10s)
Total CPU time used: 85.023 sec (0h:1m:25s)
Total wall-clock time used: 10.755 sec (0h:0m:10s)

Analysis results written to: 
  IQ-TREE report:                /workspace/IQTree_8_cores_WickD3b_Results/6510.iqtree
  Maximum-likelihood tree:       /workspace/IQTree_8_cores_WickD3b_Results/6510.treefile
  Likelihood distances:          /workspace/IQTree_8_cores_WickD3b_Results/6510.mldist
  Screen log file:               /workspace/IQTree_8_cores_WickD3b_Results/6510.log

Date and Time: Wed May 27 17:59:06 2026
