IQ-TREE version 3.1.2 for Linux x86 64-bit built May  7 2026
Developed by Bui Quang Minh, Thomas Wong, Nhan Ly-Trong, Huaiyan Ren
Contributed by Lam-Tung Nguyen, Dominik Schrempf, Chris Bielow,
Olga Chernomor, Michael Woodhams, Diep Thi Hoang, Heiko Schmidt

Host:    8084c4e79f09 (AVX512, FMA3, 1133 GB RAM)
Command: /workspace/iqtree-3.1.2-Linux/bin/iqtree3_intel -s /workspace/NeuralNJ/empirical/WickD3b/6609.aln -st DNA -m GTR+G -T 8 -seed 2201 -pre /workspace/IQTree_8_cores_WickD3b_Results/6609 -quiet
Seed:    2201 (Using SPRNG - Scalable Parallel Random Number Generator)
Time:    Wed May 27 18:16:59 2026
Kernel:  AVX+FMA - 8 threads (384 CPU cores detected)

Reading alignment file /workspace/NeuralNJ/empirical/WickD3b/6609.aln ... Fasta format detected
Reading fasta file: done in 0.000339985 secs using 25% CPU
Alignment most likely contains DNA/RNA sequences
Constructing alignment: done in 0.001436 secs using 542.2% CPU
WARNING: 32 sites contain only gaps or ambiguous characters.
Alignment has 32 sequences with 1052 columns, 752 distinct patterns
604 parsimony-informative, 124 singleton sites, 324 constant sites
                           Gap/Ambiguity  Composition  p-value
Analyzing sequences: done in 2.5034e-05 secs using 123.8% CPU
   1  Catharanthus_roseus         52.85%    passed     69.78%
   2  Nothoceros_aenigmaticus     52.66%    passed     12.69%
   3  Eschscholzia_californica    63.59%    passed     33.39%
   4  Ceratodon_purpureus         32.13%    failed      1.83%
   5  Sphaerocarpos_texanus       43.54%    passed     97.77%
   6  Sabal_bermudana             63.50%    failed      0.00%
   7  Rhynchostegium_serrulatum   49.24%    passed     24.11%
   8  Bryum_argenteum             57.98%    passed     55.11%
   9  Marchantia_polymorpha       40.30%    passed     97.45%
  10  Liriodendron_tulipifera     62.93%    passed     57.47%
  11  Metzgeria_crassipilis       55.32%    passed     36.25%
  12  Nuphar_advena               53.23%    passed     60.44%
  13  Kadsura_heteroclita         50.57%    passed     72.72%
  14  Hibiscus_cannabinus         52.85%    passed     53.49%
  15  Persea_americana            62.55%    passed     86.07%
  16  Anomodon_attenuatus         38.59%    passed     77.23%
  17  Polytrichum_commune         62.55%    passed     57.71%
  18  Marchantia_emarginata       53.04%    passed     46.89%
  19  Ipomoea_purpurea            62.17%    passed     22.57%
  20  Bazzania_trilobata          48.86%    passed     59.79%
  21  Sciadopitys_verticillata    65.21%    passed     50.34%
  22  Hedwigia_ciliata            32.89%    passed     63.79%
  23  Leucodon_brachypus          42.78%    passed     81.22%
  24  Arabidopsis_thaliana        49.43%    passed     40.94%
  25  Brachypodium_distachyon     52.47%    passed     26.08%
  26  Carica_papaya               56.84%    passed     23.11%
  27  Medicago_truncatula         35.27%    failed      0.28%
  28  Oryza_sativa                47.34%    passed      7.69%
  29  Physcomitrella_patens       26.81%    passed     24.01%
  30  Sorghum_bicolor             49.62%    passed     11.65%
  31  Vitis_vinifera              59.13%    passed     31.62%
  32  Zea_mays                    50.00%    passed     20.36%
WARNING: 18 sequences contain more than 50% gaps/ambiguity
****  TOTAL                       50.82%  3 sequences failed composition chi2 test (p-value<5%; df=3)
Checking for duplicate sequences: done in 0.000110865 secs using 797.4% CPU

Create initial parsimony tree by phylogenetic likelihood library (PLL)... 0.001 seconds

NOTE: 3 MB RAM (0 GB) is required!
WARNING: Number of threads seems too high for short alignments. Use -T AUTO to determine best number of threads.
Estimate model parameters (epsilon = 0.100)
1. Initial log-likelihood: -13432.219
2. Current log-likelihood: -12710.303
3. Current log-likelihood: -12699.222
4. Current log-likelihood: -12699.110
Optimal log-likelihood: -12699.091
Rate parameters:  A-C: 2.02998  A-G: 1.80181  A-T: 0.89615  C-G: 1.75115  C-T: 3.74169  G-T: 1.00000
Base frequencies:  A: 0.347  C: 0.183  G: 0.298  T: 0.172
Gamma shape alpha: 1.250
Parameters optimization took 4 rounds (0.060 sec)
Wrote distance file to... 
Computing ML distances based on estimated model parameters...
Calculating distance matrix: done in 0.000640869 secs using 813.6% CPU
Computing ML distances took 0.000724 sec (of wall-clock time) 0.005652 sec (of CPU time)
Setting up auxiliary I and S matrices: done in 7.89165e-05 secs using 1154% CPU
Constructing RapidNJ tree: done in 0.00157404 secs using 566.3% CPU
Computing RapidNJ tree took 0.001710 sec (of wall-clock time) 0.013907 sec (of CPU time)
Log-likelihood of RapidNJ tree: -12725.802
--------------------------------------------------------------------
|             INITIALIZING CANDIDATE TREE SET                      |
--------------------------------------------------------------------
Generating 98 parsimony trees... 0.193 second
Computing log-likelihood of 98 initial trees ... 0.432 seconds
Current best score: -12699.091

Do NNI search on 20 best initial trees
Estimate model parameters (epsilon = 0.100)
BETTER TREE FOUND at iteration 1: -12685.695
Estimate model parameters (epsilon = 0.100)
BETTER TREE FOUND at iteration 8: -12683.566
Iteration 10 / LogL: -12686.564 / Time: 0h:0m:1s
Estimate model parameters (epsilon = 0.100)
BETTER TREE FOUND at iteration 12: -12682.726
Iteration 20 / LogL: -12692.077 / Time: 0h:0m:1s
Finish initializing candidate tree set (8)
Current best tree score: -12682.726 / CPU time: 1.839
Number of iterations: 20
--------------------------------------------------------------------
|               OPTIMIZING CANDIDATE TREE SET                      |
--------------------------------------------------------------------
Iteration 30 / LogL: -12686.022 / Time: 0h:0m:2s (0h:0m:7s left)
Iteration 40 / LogL: -12682.974 / Time: 0h:0m:3s (0h:0m:6s left)
Iteration 50 / LogL: -12686.213 / Time: 0h:0m:4s (0h:0m:5s left)
Iteration 60 / LogL: -12682.910 / Time: 0h:0m:4s (0h:0m:4s left)
Iteration 70 / LogL: -12682.781 / Time: 0h:0m:5s (0h:0m:3s left)
Iteration 80 / LogL: -12683.014 / Time: 0h:0m:6s (0h:0m:2s left)
Iteration 90 / LogL: -12685.769 / Time: 0h:0m:6s (0h:0m:1s left)
Iteration 100 / LogL: -12683.868 / Time: 0h:0m:7s (0h:0m:0s left)
Iteration 110 / LogL: -12687.573 / Time: 0h:0m:8s (0h:0m:0s left)
TREE SEARCH COMPLETED AFTER 113 ITERATIONS / Time: 0h:0m:8s

--------------------------------------------------------------------
|                    FINALIZING TREE SEARCH                        |
--------------------------------------------------------------------
Performs final model parameters optimization
Estimate model parameters (epsilon = 0.010)
1. Initial log-likelihood: -12682.726
Optimal log-likelihood: -12682.722
Rate parameters:  A-C: 2.02873  A-G: 1.83032  A-T: 0.88753  C-G: 1.70169  C-T: 3.74762  G-T: 1.00000
Base frequencies:  A: 0.347  C: 0.183  G: 0.298  T: 0.172
Gamma shape alpha: 1.261
Parameters optimization took 1 rounds (0.009 sec)
BEST SCORE FOUND : -12682.722
Total tree length: 11.549

Total number of iterations: 113
CPU time used for tree search: 67.728 sec (0h:1m:7s)
Wall-clock time used for tree search: 8.505 sec (0h:0m:8s)
Total CPU time used: 68.569 sec (0h:1m:8s)
Total wall-clock time used: 8.608 sec (0h:0m:8s)

Analysis results written to: 
  IQ-TREE report:                /workspace/IQTree_8_cores_WickD3b_Results/6609.iqtree
  Maximum-likelihood tree:       /workspace/IQTree_8_cores_WickD3b_Results/6609.treefile
  Likelihood distances:          /workspace/IQTree_8_cores_WickD3b_Results/6609.mldist
  Screen log file:               /workspace/IQTree_8_cores_WickD3b_Results/6609.log

Date and Time: Wed May 27 18:17:08 2026
