IQ-TREE version 3.1.2 for Linux x86 64-bit built May  7 2026
Developed by Bui Quang Minh, Thomas Wong, Nhan Ly-Trong, Huaiyan Ren
Contributed by Lam-Tung Nguyen, Dominik Schrempf, Chris Bielow,
Olga Chernomor, Michael Woodhams, Diep Thi Hoang, Heiko Schmidt

Host:    8084c4e79f09 (AVX512, FMA3, 1133 GB RAM)
Command: /workspace/iqtree-3.1.2-Linux/bin/iqtree3_intel -s /workspace/NeuralNJ/empirical/TarvD7/ENSG00000186352.nuc.ord.aln -st DNA -m GTR+G -seed 2201 -pre /workspace/IQTree_TarvD7_Results/ENSG00000186352.nuc.ord -quiet
Seed:    2201 (Using SPRNG - Scalable Parallel Random Number Generator)
Time:    Tue May 26 22:03:16 2026
Kernel:  AVX+FMA - 1 threads (384 CPU cores detected)

HINT: Use -nt option to specify number of threads because your CPU has 384 cores!
HINT: -nt AUTO will automatically determine the best number of threads to use.

Reading alignment file /workspace/NeuralNJ/empirical/TarvD7/ENSG00000186352.nuc.ord.aln ... Fasta format detected
Reading fasta file: done in 0.000176907 secs using 22.61% CPU
Alignment most likely contains DNA/RNA sequences
Constructing alignment: done in 0.000608206 secs using 39.13% CPU
Alignment has 32 sequences with 495 columns, 384 distinct patterns
226 parsimony-informative, 102 singleton sites, 167 constant sites
                   Gap/Ambiguity  Composition  p-value
Analyzing sequences: done in 2.00272e-05 secs using 104.9% CPU
   1  P002_Opossum        10.91%    passed     31.82%
   2  P003_Wallaby         7.27%    passed     52.70%
   3  P004_Tenrec          3.64%    passed     81.56%
   4  P007_Armadillo      44.85%    failed      0.08%
   5  P008_Sloth          40.61%    failed      0.49%
   6  P009_Hedgehog       21.82%    passed     87.29%
   7  P010_Common_shrew    7.88%    passed     90.55%
   8  P011_Dolphin         4.24%    passed     94.38%
   9  P012_Cow             4.24%    passed     98.89%
  10  P013_Pig             4.24%    passed     80.57%
  11  P014_Alpaca         40.61%    failed      2.43%
  12  P015_Horse          28.48%    passed     30.90%
  13  P016_Dog             4.24%    passed     52.33%
  14  P017_Cat            11.52%    passed     75.14%
  15  P018_Megabat         4.24%    passed     80.40%
  16  P019_Microbat       23.64%    passed     28.44%
  17  P020_Rabbit         16.97%    passed     88.04%
  18  P021_Pika           40.61%    passed     58.28%
  19  P022_Squirrel       40.61%    failed      3.47%
  20  P023_Guinea_pig      4.24%    passed     80.14%
  21  P024_Kangaroo_rat   23.03%    passed     72.67%
  22  P025_Mouse           3.64%    passed     23.22%
  23  P026_Rat             3.64%    passed     60.31%
  24  P027_Tree_shrew     31.52%    passed     56.43%
  25  P028_Bushbaby       18.18%    passed     43.87%
  26  P029_Mouse_lemur     4.24%    passed     89.62%
  27  P031_Marmoset        4.24%    passed     92.91%
  28  P032_Rhesus         52.73%    failed      3.18%
  29  P033_Orangutan       4.24%    passed     90.87%
  30  P034_Gorilla        23.03%    passed     84.74%
  31  P035_Chimp           4.24%    passed     88.61%
  32  P036_Human           4.24%    passed     79.18%
WARNING: 1 sequences contain more than 50% gaps/ambiguity
****  TOTAL               16.93%  5 sequences failed composition chi2 test (p-value<5%; df=3)
Checking for duplicate sequences: done in 8.10623e-05 secs using 99.92% CPU

Create initial parsimony tree by phylogenetic likelihood library (PLL)... 0.001 seconds

NOTE: 1 MB RAM (0 GB) is required!
Estimate model parameters (epsilon = 0.100)
1. Initial log-likelihood: -5136.613
2. Current log-likelihood: -4884.174
3. Current log-likelihood: -4882.019
Optimal log-likelihood: -4882.009
Rate parameters:  A-C: 0.87696  A-G: 3.25676  A-T: 0.66540  C-G: 1.04422  C-T: 4.03304  G-T: 1.00000
Base frequencies:  A: 0.281  C: 0.219  G: 0.265  T: 0.234
Gamma shape alpha: 0.892
Parameters optimization took 3 rounds (0.045 sec)
Wrote distance file to... 
Computing ML distances based on estimated model parameters...
Calculating distance matrix: done in 0.00214601 secs using 92.73% CPU
Computing ML distances took 0.002201 sec (of wall-clock time) 0.002036 sec (of CPU time)
Setting up auxiliary I and S matrices: done in 8.32081e-05 secs using 246.4% CPU
Constructing RapidNJ tree: done in 0.000108004 secs using 100% CPU
Computing RapidNJ tree took 0.000243 sec (of wall-clock time) 0.000363 sec (of CPU time)
Log-likelihood of RapidNJ tree: -4926.328
--------------------------------------------------------------------
|             INITIALIZING CANDIDATE TREE SET                      |
--------------------------------------------------------------------
Generating 98 parsimony trees... 0.116 second
Computing log-likelihood of 98 initial trees ... 0.153 seconds
Current best score: -4877.739

Do NNI search on 20 best initial trees
Estimate model parameters (epsilon = 0.100)
BETTER TREE FOUND at iteration 1: -4872.161
Estimate model parameters (epsilon = 0.100)
BETTER TREE FOUND at iteration 2: -4867.020
Estimate model parameters (epsilon = 0.100)
BETTER TREE FOUND at iteration 5: -4865.825
Estimate model parameters (epsilon = 0.100)
BETTER TREE FOUND at iteration 6: -4865.526
Iteration 10 / LogL: -4866.808 / Time: 0h:0m:0s
Iteration 20 / LogL: -4873.757 / Time: 0h:0m:1s
Finish initializing candidate tree set (18)
Current best tree score: -4865.526 / CPU time: 0.957
Number of iterations: 20
--------------------------------------------------------------------
|               OPTIMIZING CANDIDATE TREE SET                      |
--------------------------------------------------------------------
Estimate model parameters (epsilon = 0.100)
BETTER TREE FOUND at iteration 25: -4865.248
BETTER TREE FOUND at iteration 27: -4865.248
UPDATE BEST LOG-LIKELIHOOD: -4865.248
Iteration 30 / LogL: -4866.558 / Time: 0h:0m:1s (0h:0m:4s left)
Iteration 40 / LogL: -4869.760 / Time: 0h:0m:1s (0h:0m:3s left)
UPDATE BEST LOG-LIKELIHOOD: -4865.248
Iteration 50 / LogL: -4865.575 / Time: 0h:0m:1s (0h:0m:3s left)
Iteration 60 / LogL: -4865.576 / Time: 0h:0m:2s (0h:0m:2s left)
Iteration 70 / LogL: -4868.213 / Time: 0h:0m:2s (0h:0m:2s left)
UPDATE BEST LOG-LIKELIHOOD: -4865.248
Iteration 80 / LogL: -4866.817 / Time: 0h:0m:2s (0h:0m:1s left)
UPDATE BEST LOG-LIKELIHOOD: -4865.247
Iteration 90 / LogL: -4865.455 / Time: 0h:0m:3s (0h:0m:1s left)
Iteration 100 / LogL: -4865.248 / Time: 0h:0m:3s (0h:0m:0s left)
Iteration 110 / LogL: -4871.336 / Time: 0h:0m:3s (0h:0m:0s left)
Iteration 120 / LogL: -4865.248 / Time: 0h:0m:4s (0h:0m:0s left)
TREE SEARCH COMPLETED AFTER 128 ITERATIONS / Time: 0h:0m:4s

--------------------------------------------------------------------
|                    FINALIZING TREE SEARCH                        |
--------------------------------------------------------------------
Performs final model parameters optimization
Estimate model parameters (epsilon = 0.010)
1. Initial log-likelihood: -4865.247
Optimal log-likelihood: -4865.247
Rate parameters:  A-C: 0.90240  A-G: 3.29353  A-T: 0.66762  C-G: 1.04275  C-T: 4.20453  G-T: 1.00000
Base frequencies:  A: 0.281  C: 0.219  G: 0.265  T: 0.234
Gamma shape alpha: 0.902
Parameters optimization took 1 rounds (0.006 sec)
BEST SCORE FOUND : -4865.247
Total tree length: 2.778

Total number of iterations: 128
CPU time used for tree search: 4.606 sec (0h:0m:4s)
Wall-clock time used for tree search: 4.424 sec (0h:0m:4s)
Total CPU time used: 4.681 sec (0h:0m:4s)
Total wall-clock time used: 4.493 sec (0h:0m:4s)

Analysis results written to: 
  IQ-TREE report:                /workspace/IQTree_TarvD7_Results/ENSG00000186352.nuc.ord.iqtree
  Maximum-likelihood tree:       /workspace/IQTree_TarvD7_Results/ENSG00000186352.nuc.ord.treefile
  Likelihood distances:          /workspace/IQTree_TarvD7_Results/ENSG00000186352.nuc.ord.mldist
  Screen log file:               /workspace/IQTree_TarvD7_Results/ENSG00000186352.nuc.ord.log

Date and Time: Tue May 26 22:03:21 2026
