IQ-TREE version 3.1.2 for Linux x86 64-bit built May  7 2026
Developed by Bui Quang Minh, Thomas Wong, Nhan Ly-Trong, Huaiyan Ren
Contributed by Lam-Tung Nguyen, Dominik Schrempf, Chris Bielow,
Olga Chernomor, Michael Woodhams, Diep Thi Hoang, Heiko Schmidt

Host:    8084c4e79f09 (AVX512, FMA3, 1133 GB RAM)
Command: /workspace/iqtree-3.1.2-Linux/bin/iqtree3_intel -s /workspace/NeuralNJ/empirical/TarvD7/ENSG00000177875.nuc.ord.aln -st DNA -m GTR+G -seed 2201 -pre /workspace/IQTree_TarvD7_Results/ENSG00000177875.nuc.ord -quiet
Seed:    2201 (Using SPRNG - Scalable Parallel Random Number Generator)
Time:    Tue May 26 20:19:18 2026
Kernel:  AVX+FMA - 1 threads (384 CPU cores detected)

HINT: Use -nt option to specify number of threads because your CPU has 384 cores!
HINT: -nt AUTO will automatically determine the best number of threads to use.

Reading alignment file /workspace/NeuralNJ/empirical/TarvD7/ENSG00000177875.nuc.ord.aln ... Fasta format detected
Reading fasta file: done in 0.000397921 secs using 22.87% CPU
Alignment most likely contains DNA/RNA sequences
Constructing alignment: done in 0.000717878 secs using 99.88% CPU
Alignment has 25 sequences with 618 columns, 322 distinct patterns
176 parsimony-informative, 130 singleton sites, 312 constant sites
                   Gap/Ambiguity  Composition  p-value
Analyzing sequences: done in 2.28882e-05 secs using 96.12% CPU
   1  P002_Opossum         9.71%    passed     96.83%
   2  P003_Wallaby         8.74%    passed     44.18%
   3  P004_Tenrec          7.77%    passed     97.31%
   4  P005_Rock_hyrax      5.83%    passed     91.35%
   5  P006_Elephant       23.30%    passed     89.25%
   6  P007_Armadillo       6.80%    passed     70.67%
   7  P009_Hedgehog        6.31%    failed      3.13%
   8  P010_Common_shrew   31.07%    passed     13.80%
   9  P011_Dolphin         5.34%    passed     92.46%
  10  P012_Cow             5.34%    passed     97.23%
  11  P015_Horse           5.34%    passed     93.68%
  12  P016_Dog             5.34%    passed     72.36%
  13  P018_Megabat         6.31%    passed     88.09%
  14  P019_Microbat        5.34%    passed     72.90%
  15  P022_Squirrel        4.85%    passed     95.38%
  16  P023_Guinea_pig      5.83%    passed     98.55%
  17  P024_Kangaroo_rat    4.85%    passed     63.10%
  18  P025_Mouse           7.28%    passed     30.38%
  19  P026_Rat             6.31%    passed     26.19%
  20  P027_Tree_shrew      5.34%    passed     94.78%
  21  P029_Mouse_lemur     5.83%    passed     97.75%
  22  P032_Rhesus          5.83%    passed     89.17%
  23  P033_Orangutan       5.83%    passed     98.71%
  24  P035_Chimp           5.83%    passed     98.96%
  25  P036_Human           5.83%    passed     95.45%
****  TOTAL                7.84%  1 sequences failed composition chi2 test (p-value<5%; df=3)
Checking for duplicate sequences: done in 6.50883e-05 secs using 99.86% CPU

Create initial parsimony tree by phylogenetic likelihood library (PLL)... 0.001 seconds

NOTE: 1 MB RAM (0 GB) is required!
Estimate model parameters (epsilon = 0.100)
1. Initial log-likelihood: -4357.663
2. Current log-likelihood: -4201.522
3. Current log-likelihood: -4196.838
Optimal log-likelihood: -4196.723
Rate parameters:  A-C: 1.16993  A-G: 2.73254  A-T: 0.75559  C-G: 0.90601  C-T: 4.05999  G-T: 1.00000
Base frequencies:  A: 0.184  C: 0.311  G: 0.358  T: 0.148
Gamma shape alpha: 0.480
Parameters optimization took 3 rounds (0.038 sec)
Wrote distance file to... 
Computing ML distances based on estimated model parameters...
Calculating distance matrix: done in 0.00126791 secs using 100% CPU
Computing ML distances took 0.001312 sec (of wall-clock time) 0.001313 sec (of CPU time)
Setting up auxiliary I and S matrices: done in 0.00011301 secs using 77.87% CPU
Constructing RapidNJ tree: done in 0.000189066 secs using 77.22% CPU
Computing RapidNJ tree took 0.000359 sec (of wall-clock time) 0.000277 sec (of CPU time)
Log-likelihood of RapidNJ tree: -4209.810
--------------------------------------------------------------------
|             INITIALIZING CANDIDATE TREE SET                      |
--------------------------------------------------------------------
Generating 98 parsimony trees... 0.070 second
Computing log-likelihood of 98 initial trees ... 0.097 seconds
Current best score: -4194.513

Do NNI search on 20 best initial trees
Estimate model parameters (epsilon = 0.100)
BETTER TREE FOUND at iteration 1: -4186.657
Iteration 10 / LogL: -4190.037 / Time: 0h:0m:0s
Estimate model parameters (epsilon = 0.100)
BETTER TREE FOUND at iteration 14: -4184.096
Estimate model parameters (epsilon = 0.100)
BETTER TREE FOUND at iteration 20: -4183.325
Iteration 20 / LogL: -4183.325 / Time: 0h:0m:0s
Finish initializing candidate tree set (9)
Current best tree score: -4183.325 / CPU time: 0.537
Number of iterations: 20
--------------------------------------------------------------------
|               OPTIMIZING CANDIDATE TREE SET                      |
--------------------------------------------------------------------
Iteration 30 / LogL: -4184.099 / Time: 0h:0m:0s (0h:0m:2s left)
Estimate model parameters (epsilon = 0.100)
BETTER TREE FOUND at iteration 35: -4183.241
Estimate model parameters (epsilon = 0.100)
BETTER TREE FOUND at iteration 39: -4183.159
Iteration 40 / LogL: -4183.565 / Time: 0h:0m:1s (0h:0m:2s left)
Estimate model parameters (epsilon = 0.100)
BETTER TREE FOUND at iteration 45: -4183.116
Iteration 50 / LogL: -4183.273 / Time: 0h:0m:1s (0h:0m:2s left)
Iteration 60 / LogL: -4183.273 / Time: 0h:0m:1s (0h:0m:2s left)
Iteration 70 / LogL: -4183.273 / Time: 0h:0m:1s (0h:0m:1s left)
Iteration 80 / LogL: -4184.346 / Time: 0h:0m:1s (0h:0m:1s left)
Iteration 90 / LogL: -4183.117 / Time: 0h:0m:2s (0h:0m:1s left)
Iteration 100 / LogL: -4183.549 / Time: 0h:0m:2s (0h:0m:1s left)
Iteration 110 / LogL: -4183.117 / Time: 0h:0m:2s (0h:0m:0s left)
UPDATE BEST LOG-LIKELIHOOD: -4183.116
Iteration 120 / LogL: -4183.268 / Time: 0h:0m:2s (0h:0m:0s left)
Iteration 130 / LogL: -4183.273 / Time: 0h:0m:2s (0h:0m:0s left)
Iteration 140 / LogL: -4183.189 / Time: 0h:0m:3s (0h:0m:0s left)
TREE SEARCH COMPLETED AFTER 146 ITERATIONS / Time: 0h:0m:3s

--------------------------------------------------------------------
|                    FINALIZING TREE SEARCH                        |
--------------------------------------------------------------------
Performs final model parameters optimization
Estimate model parameters (epsilon = 0.010)
1. Initial log-likelihood: -4183.116
Optimal log-likelihood: -4183.114
Rate parameters:  A-C: 1.13305  A-G: 2.67272  A-T: 0.70497  C-G: 0.84683  C-T: 3.97179  G-T: 1.00000
Base frequencies:  A: 0.184  C: 0.311  G: 0.358  T: 0.148
Gamma shape alpha: 0.485
Parameters optimization took 1 rounds (0.004 sec)
BEST SCORE FOUND : -4183.114
Total tree length: 1.797

Total number of iterations: 146
CPU time used for tree search: 3.385 sec (0h:0m:3s)
Wall-clock time used for tree search: 3.206 sec (0h:0m:3s)
Total CPU time used: 3.444 sec (0h:0m:3s)
Total wall-clock time used: 3.261 sec (0h:0m:3s)

Analysis results written to: 
  IQ-TREE report:                /workspace/IQTree_TarvD7_Results/ENSG00000177875.nuc.ord.iqtree
  Maximum-likelihood tree:       /workspace/IQTree_TarvD7_Results/ENSG00000177875.nuc.ord.treefile
  Likelihood distances:          /workspace/IQTree_TarvD7_Results/ENSG00000177875.nuc.ord.mldist
  Screen log file:               /workspace/IQTree_TarvD7_Results/ENSG00000177875.nuc.ord.log

Date and Time: Tue May 26 20:19:21 2026
