IQ-TREE version 3.1.2 for Linux x86 64-bit built May  7 2026
Developed by Bui Quang Minh, Thomas Wong, Nhan Ly-Trong, Huaiyan Ren
Contributed by Lam-Tung Nguyen, Dominik Schrempf, Chris Bielow,
Olga Chernomor, Michael Woodhams, Diep Thi Hoang, Heiko Schmidt

Host:    8084c4e79f09 (AVX512, FMA3, 1133 GB RAM)
Command: /workspace/iqtree-3.1.2-Linux/bin/iqtree3_intel -s /workspace/NeuralNJ/empirical/TarvD7/ENSG00000196937.nuc.ord.aln -st DNA -m GTR+G -seed 2201 -pre /workspace/IQTree_TarvD7_Results/ENSG00000196937.nuc.ord -quiet
Seed:    2201 (Using SPRNG - Scalable Parallel Random Number Generator)
Time:    Tue May 26 23:07:45 2026
Kernel:  AVX+FMA - 1 threads (384 CPU cores detected)

HINT: Use -nt option to specify number of threads because your CPU has 384 cores!
HINT: -nt AUTO will automatically determine the best number of threads to use.

Reading alignment file /workspace/NeuralNJ/empirical/TarvD7/ENSG00000196937.nuc.ord.aln ... Fasta format detected
Reading fasta file: done in 0.000273943 secs using 94.55% CPU
Alignment most likely contains DNA/RNA sequences
Constructing alignment: done in 0.000833988 secs using 67.15% CPU
Alignment has 34 sequences with 708 columns, 373 distinct patterns
205 parsimony-informative, 102 singleton sites, 401 constant sites
                   Gap/Ambiguity  Composition  p-value
Analyzing sequences: done in 2.09808e-05 secs using 23.83% CPU
   1  P001_Platypus        3.81%    passed     65.05%
   2  P002_Opossum         3.39%    passed      6.41%
   3  P004_Tenrec         23.31%    failed      2.13%
   4  P005_Rock_hyrax      5.93%    passed     85.07%
   5  P006_Elephant       30.51%    passed     50.90%
   6  P007_Armadillo      21.61%    passed     23.93%
   7  P008_Sloth           5.08%    passed     99.47%
   8  P009_Hedgehog        5.93%    passed     88.08%
   9  P010_Common_shrew   25.00%    passed     25.42%
  10  P011_Dolphin         4.24%    passed     91.73%
  11  P012_Cow             3.81%    passed     94.86%
  12  P013_Pig             3.81%    passed     97.23%
  13  P014_Alpaca         20.34%    passed     86.13%
  14  P015_Horse           4.24%    passed     62.41%
  15  P016_Dog             3.81%    passed     86.18%
  16  P017_Cat            47.03%    passed      8.87%
  17  P018_Megabat        12.71%    passed     92.25%
  18  P019_Microbat        9.32%    passed     94.22%
  19  P021_Pika            3.81%    passed     75.18%
  20  P022_Squirrel       38.56%    passed     93.37%
  21  P023_Guinea_pig      3.39%    passed     77.35%
  22  P024_Kangaroo_rat    3.81%    passed     87.32%
  23  P025_Mouse           3.81%    passed     19.62%
  24  P026_Rat             3.81%    failed      0.60%
  25  P027_Tree_shrew     16.10%    passed     97.13%
  26  P028_Bushbaby       17.37%    passed     99.35%
  27  P029_Mouse_lemur    58.47%    passed     53.47%
  28  P030_Tarsier        14.41%    passed     52.00%
  29  P031_Marmoset        3.81%    passed     85.57%
  30  P032_Rhesus          3.81%    passed     83.25%
  31  P033_Orangutan       3.81%    passed     88.42%
  32  P034_Gorilla        46.19%    passed      8.55%
  33  P035_Chimp           3.81%    passed     82.17%
  34  P036_Human           3.81%    passed     87.73%
WARNING: 1 sequences contain more than 50% gaps/ambiguity
****  TOTAL               13.61%  2 sequences failed composition chi2 test (p-value<5%; df=3)
Checking for duplicate sequences: done in 8.60691e-05 secs using 24.4% CPU

Create initial parsimony tree by phylogenetic likelihood library (PLL)... 0.001 seconds

NOTE: 1 MB RAM (0 GB) is required!
Estimate model parameters (epsilon = 0.100)
1. Initial log-likelihood: -5471.608
2. Current log-likelihood: -5087.353
3. Current log-likelihood: -5080.329
4. Current log-likelihood: -5079.988
Optimal log-likelihood: -5079.921
Rate parameters:  A-C: 3.00163  A-G: 4.95826  A-T: 1.22871  C-G: 1.44604  C-T: 13.31865  G-T: 1.00000
Base frequencies:  A: 0.321  C: 0.164  G: 0.259  T: 0.256
Gamma shape alpha: 0.323
Parameters optimization took 4 rounds (0.103 sec)
Wrote distance file to... 
Computing ML distances based on estimated model parameters...
Calculating distance matrix: done in 0.00222683 secs using 100% CPU
Computing ML distances took 0.002336 sec (of wall-clock time) 0.002337 sec (of CPU time)
Setting up auxiliary I and S matrices: done in 0.000171185 secs using 99.89% CPU
Constructing RapidNJ tree: done in 0.000306129 secs using 218.9% CPU
Computing RapidNJ tree took 0.000585 sec (of wall-clock time) 0.001154 sec (of CPU time)
Log-likelihood of RapidNJ tree: -5095.560
--------------------------------------------------------------------
|             INITIALIZING CANDIDATE TREE SET                      |
--------------------------------------------------------------------
Generating 98 parsimony trees... 0.124 second
Computing log-likelihood of 98 initial trees ... 0.157 seconds
Current best score: -5072.575

Do NNI search on 20 best initial trees
Estimate model parameters (epsilon = 0.100)
BETTER TREE FOUND at iteration 1: -5064.954
Iteration 10 / LogL: -5069.385 / Time: 0h:0m:0s
Iteration 20 / LogL: -5071.010 / Time: 0h:0m:1s
Finish initializing candidate tree set (13)
Current best tree score: -5064.954 / CPU time: 0.900
Number of iterations: 20
--------------------------------------------------------------------
|               OPTIMIZING CANDIDATE TREE SET                      |
--------------------------------------------------------------------
UPDATE BEST LOG-LIKELIHOOD: -5064.953
Estimate model parameters (epsilon = 0.100)
BETTER TREE FOUND at iteration 26: -5064.696
UPDATE BEST LOG-LIKELIHOOD: -5064.696
Iteration 30 / LogL: -5066.092 / Time: 0h:0m:1s (0h:0m:4s left)
Estimate model parameters (epsilon = 0.100)
BETTER TREE FOUND at iteration 33: -5064.390
Iteration 40 / LogL: -5064.711 / Time: 0h:0m:1s (0h:0m:4s left)
Iteration 50 / LogL: -5064.989 / Time: 0h:0m:2s (0h:0m:3s left)
Iteration 60 / LogL: -5064.714 / Time: 0h:0m:2s (0h:0m:2s left)
UPDATE BEST LOG-LIKELIHOOD: -5064.389
Iteration 70 / LogL: -5066.062 / Time: 0h:0m:2s (0h:0m:2s left)
Iteration 80 / LogL: -5065.526 / Time: 0h:0m:2s (0h:0m:1s left)
Iteration 90 / LogL: -5065.230 / Time: 0h:0m:3s (0h:0m:1s left)
UPDATE BEST LOG-LIKELIHOOD: -5064.389
UPDATE BEST LOG-LIKELIHOOD: -5064.389
Iteration 100 / LogL: -5082.492 / Time: 0h:0m:3s (0h:0m:1s left)
Iteration 110 / LogL: -5066.045 / Time: 0h:0m:3s (0h:0m:0s left)
Iteration 120 / LogL: -5070.950 / Time: 0h:0m:4s (0h:0m:0s left)
Iteration 130 / LogL: -5065.227 / Time: 0h:0m:4s (0h:0m:0s left)
TREE SEARCH COMPLETED AFTER 134 ITERATIONS / Time: 0h:0m:4s

--------------------------------------------------------------------
|                    FINALIZING TREE SEARCH                        |
--------------------------------------------------------------------
Performs final model parameters optimization
Estimate model parameters (epsilon = 0.010)
1. Initial log-likelihood: -5064.389
Optimal log-likelihood: -5064.387
Rate parameters:  A-C: 3.03730  A-G: 4.81168  A-T: 1.16479  C-G: 1.37342  C-T: 13.43573  G-T: 1.00000
Base frequencies:  A: 0.321  C: 0.164  G: 0.259  T: 0.256
Gamma shape alpha: 0.327
Parameters optimization took 1 rounds (0.008 sec)
BEST SCORE FOUND : -5064.387
Total tree length: 2.008

Total number of iterations: 134
CPU time used for tree search: 4.665 sec (0h:0m:4s)
Wall-clock time used for tree search: 4.500 sec (0h:0m:4s)
Total CPU time used: 4.806 sec (0h:0m:4s)
Total wall-clock time used: 4.631 sec (0h:0m:4s)

Analysis results written to: 
  IQ-TREE report:                /workspace/IQTree_TarvD7_Results/ENSG00000196937.nuc.ord.iqtree
  Maximum-likelihood tree:       /workspace/IQTree_TarvD7_Results/ENSG00000196937.nuc.ord.treefile
  Likelihood distances:          /workspace/IQTree_TarvD7_Results/ENSG00000196937.nuc.ord.mldist
  Screen log file:               /workspace/IQTree_TarvD7_Results/ENSG00000196937.nuc.ord.log

Date and Time: Tue May 26 23:07:49 2026
