IQ-TREE version 3.1.2 for Linux x86 64-bit built May  7 2026
Developed by Bui Quang Minh, Thomas Wong, Nhan Ly-Trong, Huaiyan Ren
Contributed by Lam-Tung Nguyen, Dominik Schrempf, Chris Bielow,
Olga Chernomor, Michael Woodhams, Diep Thi Hoang, Heiko Schmidt

Host:    8084c4e79f09 (AVX512, FMA3, 1133 GB RAM)
Command: /workspace/iqtree-3.1.2-Linux/bin/iqtree3_intel -s /workspace/NeuralNJ/empirical/TarvD7/ENSG00000196547.nuc.ord.aln -st DNA -m GTR+G -seed 2201 -pre /workspace/IQTree_TarvD7_Results/ENSG00000196547.nuc.ord -quiet
Seed:    2201 (Using SPRNG - Scalable Parallel Random Number Generator)
Time:    Tue May 26 22:58:42 2026
Kernel:  AVX+FMA - 1 threads (384 CPU cores detected)

HINT: Use -nt option to specify number of threads because your CPU has 384 cores!
HINT: -nt AUTO will automatically determine the best number of threads to use.

Reading alignment file /workspace/NeuralNJ/empirical/TarvD7/ENSG00000196547.nuc.ord.aln ... Fasta format detected
Reading fasta file: done in 0.00163484 secs using 67.53% CPU
Alignment most likely contains DNA/RNA sequences
Constructing alignment: done in 0.00500393 secs using 59.85% CPU
Alignment has 32 sequences with 4005 columns, 2002 distinct patterns
1184 parsimony-informative, 563 singleton sites, 2258 constant sites
                   Gap/Ambiguity  Composition  p-value
Analyzing sequences: done in 9.60827e-05 secs using 68.69% CPU
   1  P002_Opossum        13.86%    failed      0.66%
   2  P003_Wallaby        31.01%    failed      0.00%
   3  P004_Tenrec         31.24%    passed     78.66%
   4  P005_Rock_hyrax     19.70%    passed     56.24%
   5  P006_Elephant       37.45%    passed     72.73%
   6  P007_Armadillo      52.28%    failed      0.00%
   7  P009_Hedgehog       30.64%    failed      0.14%
   8  P010_Common_shrew   18.35%    failed      0.01%
   9  P011_Dolphin        17.08%    passed     90.15%
  10  P012_Cow            13.86%    passed     48.40%
  11  P013_Pig            13.86%    passed     78.38%
  12  P015_Horse          15.13%    passed     17.77%
  13  P016_Dog            13.63%    passed     53.24%
  14  P017_Cat            37.30%    passed     43.24%
  15  P018_Megabat        14.16%    passed     91.92%
  16  P019_Microbat       34.68%    failed      0.00%
  17  P020_Rabbit         44.64%    failed      0.02%
  18  P021_Pika           13.93%    passed     49.43%
  19  P022_Squirrel       14.23%    failed      0.02%
  20  P023_Guinea_pig     13.86%    passed     84.23%
  21  P024_Kangaroo_rat   13.93%    failed      0.04%
  22  P025_Mouse          13.71%    passed      5.11%
  23  P026_Rat            12.81%    failed      0.46%
  24  P027_Tree_shrew     30.11%    passed     71.81%
  25  P028_Bushbaby       39.33%    failed      1.47%
  26  P029_Mouse_lemur    58.88%    failed      0.04%
  27  P031_Marmoset       13.71%    passed     55.35%
  28  P032_Rhesus         14.23%    passed     12.51%
  29  P033_Orangutan      19.03%    passed     89.13%
  30  P034_Gorilla        23.37%    passed     75.98%
  31  P035_Chimp          13.86%    passed     90.67%
  32  P036_Human          13.86%    passed     85.63%
WARNING: 2 sequences contain more than 50% gaps/ambiguity
****  TOTAL               23.37%  12 sequences failed composition chi2 test (p-value<5%; df=3)
Checking for duplicate sequences: done in 0.000164986 secs using 42.43% CPU

Create initial parsimony tree by phylogenetic likelihood library (PLL)... 0.003 seconds

NOTE: 8 MB RAM (0 GB) is required!
Estimate model parameters (epsilon = 0.100)
1. Initial log-likelihood: -33762.401
2. Current log-likelihood: -31185.068
3. Current log-likelihood: -31144.242
4. Current log-likelihood: -31143.516
Optimal log-likelihood: -31143.505
Rate parameters:  A-C: 1.25242  A-G: 5.21516  A-T: 0.82657  C-G: 1.15740  C-T: 5.88379  G-T: 1.00000
Base frequencies:  A: 0.197  C: 0.321  G: 0.278  T: 0.204
Gamma shape alpha: 0.338
Parameters optimization took 4 rounds (0.321 sec)
Wrote distance file to... 
Computing ML distances based on estimated model parameters...
Calculating distance matrix: done in 0.00379109 secs using 99.97% CPU
Computing ML distances took 0.004022 sec (of wall-clock time) 0.004021 sec (of CPU time)
Setting up auxiliary I and S matrices: done in 0.000172138 secs using 99.34% CPU
Constructing RapidNJ tree: done in 0.000277996 secs using 67.27% CPU
Computing RapidNJ tree took 0.000546 sec (of wall-clock time) 0.000786 sec (of CPU time)
Log-likelihood of RapidNJ tree: -31228.224
--------------------------------------------------------------------
|             INITIALIZING CANDIDATE TREE SET                      |
--------------------------------------------------------------------
Generating 98 parsimony trees... 0.418 second
Computing log-likelihood of 98 initial trees ... 0.685 seconds
Current best score: -31143.505

Do NNI search on 20 best initial trees
Estimate model parameters (epsilon = 0.100)
BETTER TREE FOUND at iteration 1: -31130.199
Estimate model parameters (epsilon = 0.100)
BETTER TREE FOUND at iteration 2: -31129.421
Estimate model parameters (epsilon = 0.100)
BETTER TREE FOUND at iteration 7: -31125.598
Iteration 10 / LogL: -31138.573 / Time: 0h:0m:2s
Iteration 20 / LogL: -31135.252 / Time: 0h:0m:3s
Finish initializing candidate tree set (14)
Current best tree score: -31125.598 / CPU time: 3.256
Number of iterations: 20
--------------------------------------------------------------------
|               OPTIMIZING CANDIDATE TREE SET                      |
--------------------------------------------------------------------
UPDATE BEST LOG-LIKELIHOOD: -31125.597
Estimate model parameters (epsilon = 0.100)
BETTER TREE FOUND at iteration 26: -31118.299
Estimate model parameters (epsilon = 0.100)
BETTER TREE FOUND at iteration 27: -31115.195
Estimate model parameters (epsilon = 0.100)
BETTER TREE FOUND at iteration 28: -31112.947
Iteration 30 / LogL: -31118.444 / Time: 0h:0m:5s (0h:0m:17s left)
Iteration 40 / LogL: -31122.190 / Time: 0h:0m:6s (0h:0m:14s left)
Iteration 50 / LogL: -31115.272 / Time: 0h:0m:7s (0h:0m:11s left)
Iteration 60 / LogL: -31115.266 / Time: 0h:0m:8s (0h:0m:9s left)
Iteration 70 / LogL: -31116.123 / Time: 0h:0m:9s (0h:0m:8s left)
Iteration 80 / LogL: -31113.310 / Time: 0h:0m:10s (0h:0m:6s left)
Iteration 90 / LogL: -31113.347 / Time: 0h:0m:11s (0h:0m:5s left)
Iteration 100 / LogL: -31113.010 / Time: 0h:0m:12s (0h:0m:3s left)
Iteration 110 / LogL: -31116.085 / Time: 0h:0m:13s (0h:0m:2s left)
Iteration 120 / LogL: -31113.002 / Time: 0h:0m:14s (0h:0m:1s left)
TREE SEARCH COMPLETED AFTER 129 ITERATIONS / Time: 0h:0m:16s

--------------------------------------------------------------------
|                    FINALIZING TREE SEARCH                        |
--------------------------------------------------------------------
Performs final model parameters optimization
Estimate model parameters (epsilon = 0.010)
1. Initial log-likelihood: -31112.947
Optimal log-likelihood: -31112.946
Rate parameters:  A-C: 1.29991  A-G: 5.42519  A-T: 0.82910  C-G: 1.14327  C-T: 6.18850  G-T: 1.00000
Base frequencies:  A: 0.197  C: 0.321  G: 0.278  T: 0.204
Gamma shape alpha: 0.334
Parameters optimization took 1 rounds (0.030 sec)
BEST SCORE FOUND : -31112.946
Total tree length: 3.138

Total number of iterations: 129
CPU time used for tree search: 15.754 sec (0h:0m:15s)
Wall-clock time used for tree search: 15.630 sec (0h:0m:15s)
Total CPU time used: 16.198 sec (0h:0m:16s)
Total wall-clock time used: 16.040 sec (0h:0m:16s)

Analysis results written to: 
  IQ-TREE report:                /workspace/IQTree_TarvD7_Results/ENSG00000196547.nuc.ord.iqtree
  Maximum-likelihood tree:       /workspace/IQTree_TarvD7_Results/ENSG00000196547.nuc.ord.treefile
  Likelihood distances:          /workspace/IQTree_TarvD7_Results/ENSG00000196547.nuc.ord.mldist
  Screen log file:               /workspace/IQTree_TarvD7_Results/ENSG00000196547.nuc.ord.log

Date and Time: Tue May 26 22:58:58 2026
