IQ-TREE version 3.1.2 for Linux x86 64-bit built May  7 2026
Developed by Bui Quang Minh, Thomas Wong, Nhan Ly-Trong, Huaiyan Ren
Contributed by Lam-Tung Nguyen, Dominik Schrempf, Chris Bielow,
Olga Chernomor, Michael Woodhams, Diep Thi Hoang, Heiko Schmidt

Host:    8084c4e79f09 (AVX512, FMA3, 1133 GB RAM)
Command: /workspace/iqtree-3.1.2-Linux/bin/iqtree3_intel -s /workspace/NeuralNJ/empirical/TarvD7/ENSG00000147905.nuc.ord.aln -st DNA -m GTR+G -seed 2201 -pre /workspace/IQTree_TarvD7_Results/ENSG00000147905.nuc.ord -quiet
Seed:    2201 (Using SPRNG - Scalable Parallel Random Number Generator)
Time:    Tue May 26 11:37:38 2026
Kernel:  AVX+FMA - 1 threads (384 CPU cores detected)

HINT: Use -nt option to specify number of threads because your CPU has 384 cores!
HINT: -nt AUTO will automatically determine the best number of threads to use.

Reading alignment file /workspace/NeuralNJ/empirical/TarvD7/ENSG00000147905.nuc.ord.aln ... Fasta format detected
Reading fasta file: done in 0.000580072 secs using 35.34% CPU
Alignment most likely contains DNA/RNA sequences
Constructing alignment: done in 0.00226498 secs using 100% CPU
Alignment has 34 sequences with 1803 columns, 1275 distinct patterns
866 parsimony-informative, 309 singleton sites, 628 constant sites
                   Gap/Ambiguity  Composition  p-value
Analyzing sequences: done in 6.38962e-05 secs using 100.2% CPU
   1  P001_Platypus       64.89%    failed      0.51%
   2  P002_Opossum        12.15%    failed      0.00%
   3  P003_Wallaby        56.41%    failed      4.07%
   4  P004_Tenrec         23.13%    passed      7.02%
   5  P005_Rock_hyrax     50.25%    passed     60.54%
   6  P006_Elephant       12.15%    passed     85.36%
   7  P007_Armadillo      10.32%    passed     56.21%
   8  P008_Sloth          49.92%    passed     28.83%
   9  P009_Hedgehog       17.30%    passed     56.34%
  10  P010_Common_shrew   10.48%    passed     84.76%
  11  P011_Dolphin        11.98%    passed     98.64%
  12  P012_Cow             9.32%    passed     98.89%
  13  P013_Pig            56.74%    failed      1.99%
  14  P014_Alpaca         33.44%    passed     38.71%
  15  P015_Horse           9.15%    passed      8.28%
  16  P017_Cat            29.12%    passed     66.87%
  17  P018_Megabat        43.93%    failed      0.14%
  18  P019_Microbat       10.48%    passed     93.94%
  19  P020_Rabbit         26.12%    passed     25.54%
  20  P021_Pika           20.63%    passed     75.32%
  21  P022_Squirrel       10.48%    passed     64.73%
  22  P023_Guinea_pig     21.46%    passed     66.68%
  23  P024_Kangaroo_rat   16.97%    passed     55.64%
  24  P025_Mouse           9.98%    passed     42.15%
  25  P026_Rat            14.81%    passed     13.21%
  26  P027_Tree_shrew     10.65%    passed     84.50%
  27  P028_Bushbaby       17.64%    failed      0.52%
  28  P029_Mouse_lemur    19.63%    passed     32.26%
  29  P030_Tarsier        10.32%    passed     72.67%
  30  P031_Marmoset       10.15%    passed     63.16%
  31  P032_Rhesus          9.65%    passed     83.24%
  32  P034_Gorilla        57.57%    passed     27.44%
  33  P035_Chimp           9.65%    passed     88.53%
  34  P036_Human           9.65%    passed     84.23%
WARNING: 5 sequences contain more than 50% gaps/ambiguity
****  TOTAL               23.13%  6 sequences failed composition chi2 test (p-value<5%; df=3)
Checking for duplicate sequences: done in 0.000128984 secs using 100% CPU

Create initial parsimony tree by phylogenetic likelihood library (PLL)... 0.003 seconds

NOTE: 5 MB RAM (0 GB) is required!
Estimate model parameters (epsilon = 0.100)
1. Initial log-likelihood: -19650.882
2. Current log-likelihood: -18532.114
3. Current log-likelihood: -18520.386
Optimal log-likelihood: -18520.315
Rate parameters:  A-C: 1.36548  A-G: 4.14869  A-T: 0.74608  C-G: 1.06394  C-T: 5.42156  G-T: 1.00000
Base frequencies:  A: 0.346  C: 0.194  G: 0.238  T: 0.223
Gamma shape alpha: 0.843
Parameters optimization took 3 rounds (0.171 sec)
Wrote distance file to... 
Computing ML distances based on estimated model parameters...
Calculating distance matrix: done in 0.00320005 secs using 99.53% CPU
Computing ML distances took 0.003355 sec (of wall-clock time) 0.003327 sec (of CPU time)
Setting up auxiliary I and S matrices: done in 9.58443e-05 secs using 274.4% CPU
Constructing RapidNJ tree: done in 0.000112057 secs using 99.95% CPU
Computing RapidNJ tree took 0.000247 sec (of wall-clock time) 0.000413 sec (of CPU time)
Log-likelihood of RapidNJ tree: -18766.252
--------------------------------------------------------------------
|             INITIALIZING CANDIDATE TREE SET                      |
--------------------------------------------------------------------
Generating 98 parsimony trees... 0.320 second
Computing log-likelihood of 98 initial trees ... 0.476 seconds
Current best score: -18520.315

Do NNI search on 20 best initial trees
Estimate model parameters (epsilon = 0.100)
BETTER TREE FOUND at iteration 1: -18513.292
Estimate model parameters (epsilon = 0.100)
BETTER TREE FOUND at iteration 2: -18505.689
Estimate model parameters (epsilon = 0.100)
BETTER TREE FOUND at iteration 4: -18501.454
Iteration 10 / LogL: -18501.534 / Time: 0h:0m:1s
Iteration 20 / LogL: -18505.735 / Time: 0h:0m:2s
Finish initializing candidate tree set (9)
Current best tree score: -18501.454 / CPU time: 2.417
Number of iterations: 20
--------------------------------------------------------------------
|               OPTIMIZING CANDIDATE TREE SET                      |
--------------------------------------------------------------------
Estimate model parameters (epsilon = 0.100)
BETTER TREE FOUND at iteration 25: -18500.464
Iteration 30 / LogL: -18501.548 / Time: 0h:0m:3s (0h:0m:11s left)
Iteration 40 / LogL: -18501.460 / Time: 0h:0m:4s (0h:0m:9s left)
Iteration 50 / LogL: -18500.521 / Time: 0h:0m:5s (0h:0m:8s left)
UPDATE BEST LOG-LIKELIHOOD: -18500.458
Iteration 60 / LogL: -18500.458 / Time: 0h:0m:6s (0h:0m:7s left)
Iteration 70 / LogL: -18502.922 / Time: 0h:0m:7s (0h:0m:5s left)
Iteration 80 / LogL: -18500.521 / Time: 0h:0m:8s (0h:0m:4s left)
Iteration 90 / LogL: -18500.505 / Time: 0h:0m:9s (0h:0m:3s left)
Iteration 100 / LogL: -18500.516 / Time: 0h:0m:10s (0h:0m:2s left)
Iteration 110 / LogL: -18523.778 / Time: 0h:0m:11s (0h:0m:1s left)
Iteration 120 / LogL: -18500.586 / Time: 0h:0m:11s (0h:0m:0s left)
TREE SEARCH COMPLETED AFTER 126 ITERATIONS / Time: 0h:0m:12s

--------------------------------------------------------------------
|                    FINALIZING TREE SEARCH                        |
--------------------------------------------------------------------
Performs final model parameters optimization
Estimate model parameters (epsilon = 0.010)
1. Initial log-likelihood: -18500.458
Optimal log-likelihood: -18500.455
Rate parameters:  A-C: 1.36328  A-G: 4.16883  A-T: 0.74668  C-G: 1.04991  C-T: 5.40777  G-T: 1.00000
Base frequencies:  A: 0.346  C: 0.194  G: 0.238  T: 0.223
Gamma shape alpha: 0.846
Parameters optimization took 1 rounds (0.022 sec)
BEST SCORE FOUND : -18500.455
Total tree length: 3.637

Total number of iterations: 126
CPU time used for tree search: 12.441 sec (0h:0m:12s)
Wall-clock time used for tree search: 12.282 sec (0h:0m:12s)
Total CPU time used: 12.686 sec (0h:0m:12s)
Total wall-clock time used: 12.512 sec (0h:0m:12s)

Analysis results written to: 
  IQ-TREE report:                /workspace/IQTree_TarvD7_Results/ENSG00000147905.nuc.ord.iqtree
  Maximum-likelihood tree:       /workspace/IQTree_TarvD7_Results/ENSG00000147905.nuc.ord.treefile
  Likelihood distances:          /workspace/IQTree_TarvD7_Results/ENSG00000147905.nuc.ord.mldist
  Screen log file:               /workspace/IQTree_TarvD7_Results/ENSG00000147905.nuc.ord.log

Date and Time: Tue May 26 11:37:51 2026
