IQ-TREE version 3.1.2 for Linux x86 64-bit built May  7 2026
Developed by Bui Quang Minh, Thomas Wong, Nhan Ly-Trong, Huaiyan Ren
Contributed by Lam-Tung Nguyen, Dominik Schrempf, Chris Bielow,
Olga Chernomor, Michael Woodhams, Diep Thi Hoang, Heiko Schmidt

Host:    8084c4e79f09 (AVX512, FMA3, 1133 GB RAM)
Command: /workspace/iqtree-3.1.2-Linux/bin/iqtree3_intel -s /workspace/NeuralNJ/empirical/TarvD7/ENSG00000158869.nuc.ord.aln -st DNA -m GTR+G -seed 2201 -pre /workspace/IQTree_TarvD7_Results/ENSG00000158869.nuc.ord -quiet
Seed:    2201 (Using SPRNG - Scalable Parallel Random Number Generator)
Time:    Tue May 26 14:08:21 2026
Kernel:  AVX+FMA - 1 threads (384 CPU cores detected)

HINT: Use -nt option to specify number of threads because your CPU has 384 cores!
HINT: -nt AUTO will automatically determine the best number of threads to use.

Reading alignment file /workspace/NeuralNJ/empirical/TarvD7/ENSG00000158869.nuc.ord.aln ... Fasta format detected
Reading fasta file: done in 0.00022006 secs using 23.63% CPU
Alignment most likely contains DNA/RNA sequences
Constructing alignment: done in 0.000820875 secs using 100% CPU
Alignment has 27 sequences with 750 columns, 205 distinct patterns
105 parsimony-informative, 50 singleton sites, 595 constant sites
                   Gap/Ambiguity  Composition  p-value
Analyzing sequences: done in 1.09673e-05 secs using 100.3% CPU
   1  P002_Opossum        66.40%    passed     22.90%
   2  P003_Wallaby        74.00%    passed     70.74%
   3  P004_Tenrec         74.00%    passed     97.23%
   4  P005_Rock_hyrax     73.20%    passed     75.47%
   5  P007_Armadillo      76.40%    passed     69.68%
   6  P009_Hedgehog       74.00%    passed     61.07%
   7  P011_Dolphin        73.60%    passed     81.13%
   8  P012_Cow            66.00%    passed     62.53%
   9  P013_Pig            65.60%    passed     78.03%
  10  P015_Horse          65.60%    passed     95.50%
  11  P016_Dog            65.60%    passed     38.62%
  12  P017_Cat            73.60%    passed     90.68%
  13  P018_Megabat        74.00%    passed      5.18%
  14  P019_Microbat       74.00%    passed     97.77%
  15  P022_Squirrel       63.60%    passed     41.33%
  16  P023_Guinea_pig     65.60%    passed     84.10%
  17  P024_Kangaroo_rat   70.40%    passed     28.20%
  18  P025_Mouse          65.60%    passed     89.24%
  19  P026_Rat            65.60%    passed     76.30%
  20  P027_Tree_shrew     74.00%    passed     91.02%
  21  P028_Bushbaby       66.40%    passed     62.20%
  22  P029_Mouse_lemur    55.20%    passed     72.58%
  23  P031_Marmoset       62.80%    passed     76.44%
  24  P032_Rhesus         65.20%    passed     70.58%
  25  P033_Orangutan      66.00%    passed     72.44%
  26  P035_Chimp          55.20%    passed     82.63%
  27  P036_Human          55.20%    passed     92.48%
WARNING: 27 sequences contain more than 50% gaps/ambiguity
****  TOTAL               67.66%  0 sequences failed composition chi2 test (p-value<5%; df=3)
Checking for duplicate sequences: done in 6.50883e-05 secs using 98.33% CPU

Create initial parsimony tree by phylogenetic likelihood library (PLL)... 0.001 seconds

NOTE: 0 MB RAM (0 GB) is required!
Estimate model parameters (epsilon = 0.100)
1. Initial log-likelihood: -3038.835
2. Current log-likelihood: -2793.906
3. Current log-likelihood: -2792.260
Optimal log-likelihood: -2792.245
Rate parameters:  A-C: 2.42584  A-G: 4.84193  A-T: 0.75764  C-G: 2.20947  C-T: 5.62565  G-T: 1.00000
Base frequencies:  A: 0.229  C: 0.274  G: 0.238  T: 0.260
Gamma shape alpha: 0.682
Parameters optimization took 3 rounds (0.039 sec)
Wrote distance file to... 
Computing ML distances based on estimated model parameters...
Calculating distance matrix: done in 0.00191903 secs using 99.95% CPU
Computing ML distances took 0.001980 sec (of wall-clock time) 0.001979 sec (of CPU time)
Setting up auxiliary I and S matrices: done in 6.69956e-05 secs using 329.9% CPU
Constructing RapidNJ tree: done in 8.2016e-05 secs using 99.98% CPU
Computing RapidNJ tree took 0.000204 sec (of wall-clock time) 0.000356 sec (of CPU time)
Log-likelihood of RapidNJ tree: -2792.082
--------------------------------------------------------------------
|             INITIALIZING CANDIDATE TREE SET                      |
--------------------------------------------------------------------
Generating 98 parsimony trees... 0.059 second
Computing log-likelihood of 98 initial trees ... 0.086 seconds
Current best score: -2792.082

Do NNI search on 20 best initial trees
Estimate model parameters (epsilon = 0.100)
BETTER TREE FOUND at iteration 1: -2778.255
Iteration 10 / LogL: -2784.167 / Time: 0h:0m:0s
Iteration 20 / LogL: -2783.474 / Time: 0h:0m:0s
Finish initializing candidate tree set (19)
Current best tree score: -2778.255 / CPU time: 0.640
Number of iterations: 20
--------------------------------------------------------------------
|               OPTIMIZING CANDIDATE TREE SET                      |
--------------------------------------------------------------------
Estimate model parameters (epsilon = 0.100)
BETTER TREE FOUND at iteration 22: -2776.558
UPDATE BEST LOG-LIKELIHOOD: -2776.558
UPDATE BEST LOG-LIKELIHOOD: -2776.558
Iteration 30 / LogL: -2778.953 / Time: 0h:0m:0s (0h:0m:2s left)
Iteration 40 / LogL: -2780.074 / Time: 0h:0m:1s (0h:0m:2s left)
Iteration 50 / LogL: -2777.107 / Time: 0h:0m:1s (0h:0m:1s left)
Iteration 60 / LogL: -2778.646 / Time: 0h:0m:1s (0h:0m:1s left)
UPDATE BEST LOG-LIKELIHOOD: -2776.558
Iteration 70 / LogL: -2776.558 / Time: 0h:0m:1s (0h:0m:1s left)
Iteration 80 / LogL: -2776.558 / Time: 0h:0m:1s (0h:0m:0s left)
Iteration 90 / LogL: -2777.107 / Time: 0h:0m:1s (0h:0m:0s left)
Iteration 100 / LogL: -2781.727 / Time: 0h:0m:2s (0h:0m:0s left)
Iteration 110 / LogL: -2777.107 / Time: 0h:0m:2s (0h:0m:0s left)
Iteration 120 / LogL: -2777.107 / Time: 0h:0m:2s (0h:0m:0s left)
TREE SEARCH COMPLETED AFTER 123 ITERATIONS / Time: 0h:0m:2s

--------------------------------------------------------------------
|                    FINALIZING TREE SEARCH                        |
--------------------------------------------------------------------
Performs final model parameters optimization
Estimate model parameters (epsilon = 0.010)
1. Initial log-likelihood: -2776.558
Optimal log-likelihood: -2776.552
Rate parameters:  A-C: 2.54851  A-G: 5.07482  A-T: 0.78437  C-G: 2.25938  C-T: 6.12274  G-T: 1.00000
Base frequencies:  A: 0.229  C: 0.274  G: 0.238  T: 0.260
Gamma shape alpha: 0.664
Parameters optimization took 1 rounds (0.005 sec)
BEST SCORE FOUND : -2776.552
Total tree length: 2.280

Total number of iterations: 123
CPU time used for tree search: 2.699 sec (0h:0m:2s)
Wall-clock time used for tree search: 2.528 sec (0h:0m:2s)
Total CPU time used: 2.760 sec (0h:0m:2s)
Total wall-clock time used: 2.585 sec (0h:0m:2s)

Analysis results written to: 
  IQ-TREE report:                /workspace/IQTree_TarvD7_Results/ENSG00000158869.nuc.ord.iqtree
  Maximum-likelihood tree:       /workspace/IQTree_TarvD7_Results/ENSG00000158869.nuc.ord.treefile
  Likelihood distances:          /workspace/IQTree_TarvD7_Results/ENSG00000158869.nuc.ord.mldist
  Screen log file:               /workspace/IQTree_TarvD7_Results/ENSG00000158869.nuc.ord.log

Date and Time: Tue May 26 14:08:24 2026
