IQ-TREE version 3.1.2 for Linux x86 64-bit built May  7 2026
Developed by Bui Quang Minh, Thomas Wong, Nhan Ly-Trong, Huaiyan Ren
Contributed by Lam-Tung Nguyen, Dominik Schrempf, Chris Bielow,
Olga Chernomor, Michael Woodhams, Diep Thi Hoang, Heiko Schmidt

Host:    8084c4e79f09 (AVX512, FMA3, 1133 GB RAM)
Command: /workspace/iqtree-3.1.2-Linux/bin/iqtree3_intel -s /workspace/NeuralNJ/empirical/TarvD7/ENSG00000176986.nuc.ord.aln -st DNA -m GTR+G -seed 2201 -pre /workspace/IQTree_TarvD7_Results/ENSG00000176986.nuc.ord -quiet
Seed:    2201 (Using SPRNG - Scalable Parallel Random Number Generator)
Time:    Tue May 26 20:10:47 2026
Kernel:  AVX+FMA - 1 threads (384 CPU cores detected)

HINT: Use -nt option to specify number of threads because your CPU has 384 cores!
HINT: -nt AUTO will automatically determine the best number of threads to use.

Reading alignment file /workspace/NeuralNJ/empirical/TarvD7/ENSG00000176986.nuc.ord.aln ... Fasta format detected
Reading fasta file: done in 0.00175595 secs using 81.21% CPU
Alignment most likely contains DNA/RNA sequences
Constructing alignment: done in 0.00548196 secs using 57.99% CPU
Alignment has 32 sequences with 3648 columns, 1745 distinct patterns
1004 parsimony-informative, 536 singleton sites, 2108 constant sites
                   Gap/Ambiguity  Composition  p-value
Analyzing sequences: done in 0.000163078 secs using 99.34% CPU
   1  P002_Opossum        10.36%    passed     92.41%
   2  P003_Wallaby        28.78%    passed     30.95%
   3  P004_Tenrec         10.94%    passed     81.01%
   4  P005_Rock_hyrax     17.60%    passed     71.92%
   5  P006_Elephant       36.02%    passed     62.54%
   6  P007_Armadillo      14.88%    passed     76.03%
   7  P009_Hedgehog       21.63%    passed     46.69%
   8  P010_Common_shrew   21.63%    passed      6.05%
   9  P011_Dolphin        10.28%    passed     89.15%
  10  P012_Cow            10.03%    passed     42.00%
  11  P013_Pig            10.69%    passed     48.93%
  12  P014_Alpaca         26.89%    passed     81.27%
  13  P015_Horse           9.87%    passed     99.57%
  14  P016_Dog             9.87%    passed     99.19%
  15  P017_Cat            19.08%    passed     96.32%
  16  P018_Megabat        19.00%    passed     94.84%
  17  P019_Microbat       14.64%    passed     87.90%
  18  P021_Pika           10.53%    passed     77.17%
  19  P022_Squirrel       35.44%    passed     99.46%
  20  P023_Guinea_pig      9.87%    passed     80.90%
  21  P024_Kangaroo_rat   11.10%    passed     39.87%
  22  P025_Mouse           9.87%    passed     29.63%
  23  P027_Tree_shrew     21.22%    passed     82.16%
  24  P028_Bushbaby       22.04%    passed     88.03%
  25  P029_Mouse_lemur    39.47%    passed     17.24%
  26  P030_Tarsier        43.17%    passed     54.87%
  27  P031_Marmoset        9.95%    passed     99.74%
  28  P032_Rhesus         10.69%    passed     98.09%
  29  P033_Orangutan       9.95%    passed     99.63%
  30  P034_Gorilla        13.40%    passed     98.46%
  31  P035_Chimp          10.03%    passed     96.87%
  32  P036_Human          10.03%    passed     99.38%
****  TOTAL               17.47%  0 sequences failed composition chi2 test (p-value<5%; df=3)
Checking for duplicate sequences: done in 0.000194073 secs

Create initial parsimony tree by phylogenetic likelihood library (PLL)... 0.004 seconds

NOTE: 7 MB RAM (0 GB) is required!
Estimate model parameters (epsilon = 0.100)
1. Initial log-likelihood: -25366.896
2. Current log-likelihood: -23673.160
3. Current log-likelihood: -23659.615
Optimal log-likelihood: -23659.575
Rate parameters:  A-C: 1.31394  A-G: 6.13639  A-T: 1.43198  C-G: 0.67688  C-T: 6.36347  G-T: 1.00000
Base frequencies:  A: 0.221  C: 0.286  G: 0.255  T: 0.237
Gamma shape alpha: 0.415
Parameters optimization took 3 rounds (0.293 sec)
Wrote distance file to... 
Computing ML distances based on estimated model parameters...
Calculating distance matrix: done in 0.00310302 secs using 98.97% CPU
Computing ML distances took 0.003294 sec (of wall-clock time) 0.003253 sec (of CPU time)
Setting up auxiliary I and S matrices: done in 0.000154972 secs
Constructing RapidNJ tree: done in 0.000253201 secs using 264.6% CPU
Computing RapidNJ tree took 0.000507 sec (of wall-clock time) 0.000726 sec (of CPU time)
Log-likelihood of RapidNJ tree: -23817.212
--------------------------------------------------------------------
|             INITIALIZING CANDIDATE TREE SET                      |
--------------------------------------------------------------------
Generating 98 parsimony trees... 0.349 second
Computing log-likelihood of 98 initial trees ... 0.605 seconds
Current best score: -23659.575

Do NNI search on 20 best initial trees
Estimate model parameters (epsilon = 0.100)
BETTER TREE FOUND at iteration 1: -23652.418
Iteration 10 / LogL: -23657.963 / Time: 0h:0m:2s
Iteration 20 / LogL: -23652.421 / Time: 0h:0m:3s
Finish initializing candidate tree set (4)
Current best tree score: -23652.418 / CPU time: 2.678
Number of iterations: 20
--------------------------------------------------------------------
|               OPTIMIZING CANDIDATE TREE SET                      |
--------------------------------------------------------------------
Iteration 30 / LogL: -23656.078 / Time: 0h:0m:4s (0h:0m:9s left)
Iteration 40 / LogL: -23656.933 / Time: 0h:0m:5s (0h:0m:8s left)
Iteration 50 / LogL: -23652.418 / Time: 0h:0m:6s (0h:0m:6s left)
Iteration 60 / LogL: -23652.465 / Time: 0h:0m:6s (0h:0m:4s left)
Iteration 70 / LogL: -23656.069 / Time: 0h:0m:7s (0h:0m:3s left)
Iteration 80 / LogL: -23658.080 / Time: 0h:0m:8s (0h:0m:2s left)
Iteration 90 / LogL: -23669.130 / Time: 0h:0m:9s (0h:0m:1s left)
Iteration 100 / LogL: -23656.934 / Time: 0h:0m:10s (0h:0m:0s left)
TREE SEARCH COMPLETED AFTER 102 ITERATIONS / Time: 0h:0m:10s

--------------------------------------------------------------------
|                    FINALIZING TREE SEARCH                        |
--------------------------------------------------------------------
Performs final model parameters optimization
Estimate model parameters (epsilon = 0.010)
1. Initial log-likelihood: -23652.418
Optimal log-likelihood: -23652.416
Rate parameters:  A-C: 1.30739  A-G: 6.13496  A-T: 1.42667  C-G: 0.67357  C-T: 6.36898  G-T: 1.00000
Base frequencies:  A: 0.221  C: 0.286  G: 0.255  T: 0.237
Gamma shape alpha: 0.416
Parameters optimization took 1 rounds (0.026 sec)
BEST SCORE FOUND : -23652.416
Total tree length: 1.544

Total number of iterations: 102
CPU time used for tree search: 10.610 sec (0h:0m:10s)
Wall-clock time used for tree search: 10.457 sec (0h:0m:10s)
Total CPU time used: 10.985 sec (0h:0m:10s)
Total wall-clock time used: 10.817 sec (0h:0m:10s)

Analysis results written to: 
  IQ-TREE report:                /workspace/IQTree_TarvD7_Results/ENSG00000176986.nuc.ord.iqtree
  Maximum-likelihood tree:       /workspace/IQTree_TarvD7_Results/ENSG00000176986.nuc.ord.treefile
  Likelihood distances:          /workspace/IQTree_TarvD7_Results/ENSG00000176986.nuc.ord.mldist
  Screen log file:               /workspace/IQTree_TarvD7_Results/ENSG00000176986.nuc.ord.log

Date and Time: Tue May 26 20:10:57 2026
