IQ-TREE version 3.1.2 for Linux x86 64-bit built May  7 2026
Developed by Bui Quang Minh, Thomas Wong, Nhan Ly-Trong, Huaiyan Ren
Contributed by Lam-Tung Nguyen, Dominik Schrempf, Chris Bielow,
Olga Chernomor, Michael Woodhams, Diep Thi Hoang, Heiko Schmidt

Host:    8084c4e79f09 (AVX512, FMA3, 1133 GB RAM)
Command: /workspace/iqtree-3.1.2-Linux/bin/iqtree3_intel -s /workspace/NeuralNJ/empirical/TarvD7/ENSG00000143552.nuc.ord.aln -st DNA -m GTR+G -seed 2201 -pre /workspace/IQTree_TarvD7_Results/ENSG00000143552.nuc.ord -quiet
Seed:    2201 (Using SPRNG - Scalable Parallel Random Number Generator)
Time:    Tue May 26 10:27:44 2026
Kernel:  AVX+FMA - 1 threads (384 CPU cores detected)

HINT: Use -nt option to specify number of threads because your CPU has 384 cores!
HINT: -nt AUTO will automatically determine the best number of threads to use.

Reading alignment file /workspace/NeuralNJ/empirical/TarvD7/ENSG00000143552.nuc.ord.aln ... Fasta format detected
Reading fasta file: done in 0.00195408 secs using 97.39% CPU
Alignment most likely contains DNA/RNA sequences
Constructing alignment: done in 0.00857592 secs using 40.04% CPU
Alignment has 35 sequences with 6372 columns, 3874 distinct patterns
2387 parsimony-informative, 1109 singleton sites, 2876 constant sites
                   Gap/Ambiguity  Composition  p-value
Analyzing sequences: done in 0.000321865 secs using 100% CPU
   1  P001_Platypus       76.60%    failed      0.00%
   2  P002_Opossum        12.01%    passed     64.01%
   3  P003_Wallaby        12.57%    passed     96.25%
   4  P004_Tenrec         20.15%    failed      0.00%
   5  P005_Rock_hyrax     36.06%    passed     43.62%
   6  P006_Elephant       34.09%    passed     25.70%
   7  P007_Armadillo      40.30%    failed      2.13%
   8  P008_Sloth          30.84%    passed     50.06%
   9  P009_Hedgehog       49.58%    passed     46.36%
  10  P010_Common_shrew   39.31%    passed      7.34%
  11  P011_Dolphin        16.20%    passed     26.60%
  12  P012_Cow            13.79%    failed      2.70%
  13  P014_Alpaca         25.38%    failed      0.40%
  14  P015_Horse          11.16%    passed     72.52%
  15  P016_Dog            10.92%    passed     72.53%
  16  P017_Cat            52.92%    failed      0.01%
  17  P018_Megabat        15.16%    failed      0.00%
  18  P019_Microbat       22.46%    passed     44.88%
  19  P020_Rabbit         40.02%    passed     68.68%
  20  P021_Pika           30.89%    failed      3.47%
  21  P022_Squirrel       43.69%    passed     70.42%
  22  P023_Guinea_pig     19.02%    passed     76.75%
  23  P024_Kangaroo_rat   53.30%    passed     73.77%
  24  P025_Mouse          11.44%    failed      0.34%
  25  P026_Rat            11.44%    failed      1.10%
  26  P027_Tree_shrew     45.81%    passed     81.02%
  27  P028_Bushbaby       51.93%    failed      0.05%
  28  P029_Mouse_lemur    32.20%    failed      2.18%
  29  P030_Tarsier        47.55%    passed     17.56%
  30  P031_Marmoset       22.32%    failed      0.11%
  31  P032_Rhesus         25.28%    passed      6.39%
  32  P033_Orangutan      11.11%    passed     14.35%
  33  P034_Gorilla        53.39%    passed     10.62%
  34  P035_Chimp          11.11%    passed     10.32%
  35  P036_Human          11.11%    passed      9.90%
WARNING: 5 sequences contain more than 50% gaps/ambiguity
****  TOTAL               29.75%  13 sequences failed composition chi2 test (p-value<5%; df=3)
Checking for duplicate sequences: done in 0.00030303 secs using 99.99% CPU

Create initial parsimony tree by phylogenetic likelihood library (PLL)... 0.007 seconds

NOTE: 17 MB RAM (0 GB) is required!
Estimate model parameters (epsilon = 0.100)
1. Initial log-likelihood: -56938.358
2. Current log-likelihood: -53012.540
3. Current log-likelihood: -52977.759
4. Current log-likelihood: -52976.968
5. Current log-likelihood: -52976.746
Optimal log-likelihood: -52976.620
Rate parameters:  A-C: 1.37755  A-G: 5.14149  A-T: 0.80348  C-G: 1.24620  C-T: 5.46422  G-T: 1.00000
Base frequencies:  A: 0.273  C: 0.231  G: 0.233  T: 0.262
Gamma shape alpha: 0.626
Parameters optimization took 5 rounds (0.689 sec)
Wrote distance file to... 
Computing ML distances based on estimated model parameters...
Calculating distance matrix: done in 0.00643682 secs using 99.89% CPU
Computing ML distances took 0.006901 sec (of wall-clock time) 0.006894 sec (of CPU time)
Setting up auxiliary I and S matrices: done in 9.29832e-05 secs
Constructing RapidNJ tree: done in 0.000125885 secs using 27.01% CPU
Computing RapidNJ tree took 0.000272 sec (of wall-clock time) 0.000041 sec (of CPU time)
Log-likelihood of RapidNJ tree: -53325.369
--------------------------------------------------------------------
|             INITIALIZING CANDIDATE TREE SET                      |
--------------------------------------------------------------------
Generating 98 parsimony trees... 0.826 second
Computing log-likelihood of 98 initial trees ... 1.460 seconds
Current best score: -52976.620

Do NNI search on 20 best initial trees
Estimate model parameters (epsilon = 0.100)
BETTER TREE FOUND at iteration 1: -52849.774
Iteration 10 / LogL: -52850.526 / Time: 0h:0m:5s
Iteration 20 / LogL: -52899.267 / Time: 0h:0m:8s
Finish initializing candidate tree set (7)
Current best tree score: -52849.774 / CPU time: 7.350
Number of iterations: 20
--------------------------------------------------------------------
|               OPTIMIZING CANDIDATE TREE SET                      |
--------------------------------------------------------------------
Iteration 30 / LogL: -52857.102 / Time: 0h:0m:10s (0h:0m:26s left)
Iteration 40 / LogL: -52851.259 / Time: 0h:0m:13s (0h:0m:21s left)
Iteration 50 / LogL: -52850.307 / Time: 0h:0m:16s (0h:0m:16s left)
Iteration 60 / LogL: -52854.477 / Time: 0h:0m:18s (0h:0m:13s left)
Iteration 70 / LogL: -52854.426 / Time: 0h:0m:21s (0h:0m:9s left)
Iteration 80 / LogL: -52853.509 / Time: 0h:0m:24s (0h:0m:6s left)
Iteration 90 / LogL: -52876.358 / Time: 0h:0m:26s (0h:0m:3s left)
Iteration 100 / LogL: -52858.548 / Time: 0h:0m:29s (0h:0m:0s left)
TREE SEARCH COMPLETED AFTER 102 ITERATIONS / Time: 0h:0m:29s

--------------------------------------------------------------------
|                    FINALIZING TREE SEARCH                        |
--------------------------------------------------------------------
Performs final model parameters optimization
Estimate model parameters (epsilon = 0.010)
1. Initial log-likelihood: -52849.774
Optimal log-likelihood: -52849.772
Rate parameters:  A-C: 1.37860  A-G: 5.13547  A-T: 0.80615  C-G: 1.24378  C-T: 5.46976  G-T: 1.00000
Base frequencies:  A: 0.273  C: 0.231  G: 0.233  T: 0.262
Gamma shape alpha: 0.629
Parameters optimization took 1 rounds (0.065 sec)
BEST SCORE FOUND : -52849.772
Total tree length: 3.397

Total number of iterations: 102
CPU time used for tree search: 28.818 sec (0h:0m:28s)
Wall-clock time used for tree search: 28.796 sec (0h:0m:28s)
Total CPU time used: 29.867 sec (0h:0m:29s)
Total wall-clock time used: 29.721 sec (0h:0m:29s)

Analysis results written to: 
  IQ-TREE report:                /workspace/IQTree_TarvD7_Results/ENSG00000143552.nuc.ord.iqtree
  Maximum-likelihood tree:       /workspace/IQTree_TarvD7_Results/ENSG00000143552.nuc.ord.treefile
  Likelihood distances:          /workspace/IQTree_TarvD7_Results/ENSG00000143552.nuc.ord.mldist
  Screen log file:               /workspace/IQTree_TarvD7_Results/ENSG00000143552.nuc.ord.log

Date and Time: Tue May 26 10:28:14 2026
