IQ-TREE version 3.1.2 for Linux x86 64-bit built May  7 2026
Developed by Bui Quang Minh, Thomas Wong, Nhan Ly-Trong, Huaiyan Ren
Contributed by Lam-Tung Nguyen, Dominik Schrempf, Chris Bielow,
Olga Chernomor, Michael Woodhams, Diep Thi Hoang, Heiko Schmidt

Host:    8084c4e79f09 (AVX512, FMA3, 1133 GB RAM)
Command: /workspace/iqtree-3.1.2-Linux/bin/iqtree3_intel -s /workspace/NeuralNJ/empirical/TarvD7/ENSG00000167642.nuc.ord.aln -st DNA -m GTR+G -seed 2201 -pre /workspace/IQTree_TarvD7_Results/ENSG00000167642.nuc.ord -quiet
Seed:    2201 (Using SPRNG - Scalable Parallel Random Number Generator)
Time:    Tue May 26 17:31:27 2026
Kernel:  AVX+FMA - 1 threads (384 CPU cores detected)

HINT: Use -nt option to specify number of threads because your CPU has 384 cores!
HINT: -nt AUTO will automatically determine the best number of threads to use.

Reading alignment file /workspace/NeuralNJ/empirical/TarvD7/ENSG00000167642.nuc.ord.aln ... Fasta format detected
Reading fasta file: done in 0.00029397 secs using 7.144% CPU
Alignment most likely contains DNA/RNA sequences
Constructing alignment: done in 0.0010128 secs using 0.3949% CPU
Alignment has 33 sequences with 828 columns, 607 distinct patterns
420 parsimony-informative, 144 singleton sites, 264 constant sites
                   Gap/Ambiguity  Composition  p-value
Analyzing sequences: done in 3.09944e-05 secs using 100% CPU
   1  P001_Platypus       18.12%    failed      1.64%
   2  P002_Opossum        22.46%    failed      0.19%
   3  P003_Wallaby        34.42%    failed      0.06%
   4  P005_Rock_hyrax     20.65%    failed      0.04%
   5  P006_Elephant       18.84%    passed     15.85%
   6  P007_Armadillo      31.88%    passed     63.37%
   7  P008_Sloth          47.10%    passed     17.84%
   8  P009_Hedgehog        9.06%    passed     94.87%
   9  P010_Common_shrew   22.10%    passed     56.76%
  10  P011_Dolphin        14.86%    passed     99.83%
  11  P012_Cow             9.42%    passed     96.25%
  12  P013_Pig             7.97%    passed     77.17%
  13  P014_Alpaca         41.30%    passed     71.81%
  14  P015_Horse           9.06%    passed     73.65%
  15  P016_Dog            20.65%    passed      5.49%
  16  P017_Cat            24.28%    passed     40.38%
  17  P018_Megabat         9.42%    passed     94.54%
  18  P020_Rabbit         29.35%    passed      7.82%
  19  P021_Pika           10.51%    failed      2.11%
  20  P022_Squirrel       21.74%    passed     17.44%
  21  P023_Guinea_pig     19.93%    passed     29.43%
  22  P024_Kangaroo_rat   15.94%    passed     94.79%
  23  P025_Mouse           8.70%    passed     81.56%
  24  P026_Rat             9.42%    passed     74.32%
  25  P028_Bushbaby       42.39%    passed      9.69%
  26  P029_Mouse_lemur    13.04%    passed     93.65%
  27  P030_Tarsier        42.39%    passed     44.55%
  28  P031_Marmoset        8.33%    passed     71.66%
  29  P032_Rhesus          8.70%    passed     97.44%
  30  P033_Orangutan       8.70%    passed     82.35%
  31  P034_Gorilla        30.07%    passed     61.18%
  32  P035_Chimp          21.74%    passed     97.46%
  33  P036_Human           8.70%    passed     88.82%
****  TOTAL               20.04%  5 sequences failed composition chi2 test (p-value<5%; df=3)
Checking for duplicate sequences: done in 9.48906e-05 secs using 100.1% CPU

Create initial parsimony tree by phylogenetic likelihood library (PLL)... 0.002 seconds

NOTE: 2 MB RAM (0 GB) is required!
Estimate model parameters (epsilon = 0.100)
1. Initial log-likelihood: -10159.036
2. Current log-likelihood: -9699.289
3. Current log-likelihood: -9692.292
Optimal log-likelihood: -9692.201
Rate parameters:  A-C: 1.59654  A-G: 4.33313  A-T: 1.45989  C-G: 1.40702  C-T: 5.60634  G-T: 1.00000
Base frequencies:  A: 0.204  C: 0.271  G: 0.309  T: 0.216
Gamma shape alpha: 0.769
Parameters optimization took 3 rounds (0.078 sec)
Wrote distance file to... 
Computing ML distances based on estimated model parameters...
Calculating distance matrix: done in 0.00222993 secs using 100% CPU
Computing ML distances took 0.002309 sec (of wall-clock time) 0.002308 sec (of CPU time)
Setting up auxiliary I and S matrices: done in 0.000139952 secs using 100.7% CPU
Constructing RapidNJ tree: done in 0.0002141 secs using 293.3% CPU
Computing RapidNJ tree took 0.000434 sec (of wall-clock time) 0.000860 sec (of CPU time)
Log-likelihood of RapidNJ tree: -9689.303
--------------------------------------------------------------------
|             INITIALIZING CANDIDATE TREE SET                      |
--------------------------------------------------------------------
Generating 98 parsimony trees... 0.165 second
Computing log-likelihood of 98 initial trees ... 0.231 seconds
Current best score: -9686.681

Do NNI search on 20 best initial trees
Estimate model parameters (epsilon = 0.100)
BETTER TREE FOUND at iteration 1: -9658.792
BETTER TREE FOUND at iteration 8: -9658.782
Iteration 10 / LogL: -9658.785 / Time: 0h:0m:0s
Estimate model parameters (epsilon = 0.100)
UPDATE BEST LOG-LIKELIHOOD: -9658.695
Iteration 20 / LogL: -9658.912 / Time: 0h:0m:1s
Finish initializing candidate tree set (8)
Current best tree score: -9658.695 / CPU time: 1.332
Number of iterations: 20
--------------------------------------------------------------------
|               OPTIMIZING CANDIDATE TREE SET                      |
--------------------------------------------------------------------
Iteration 30 / LogL: -9658.884 / Time: 0h:0m:1s (0h:0m:4s left)
Iteration 40 / LogL: -9658.968 / Time: 0h:0m:2s (0h:0m:3s left)
Iteration 50 / LogL: -9658.859 / Time: 0h:0m:2s (0h:0m:3s left)
UPDATE BEST LOG-LIKELIHOOD: -9658.687
Iteration 60 / LogL: -9658.833 / Time: 0h:0m:3s (0h:0m:2s left)
Iteration 70 / LogL: -9658.757 / Time: 0h:0m:3s (0h:0m:1s left)
Iteration 80 / LogL: -9660.188 / Time: 0h:0m:3s (0h:0m:1s left)
Iteration 90 / LogL: -9749.177 / Time: 0h:0m:4s (0h:0m:0s left)
Iteration 100 / LogL: -9658.860 / Time: 0h:0m:4s (0h:0m:0s left)
TREE SEARCH COMPLETED AFTER 109 ITERATIONS / Time: 0h:0m:5s

--------------------------------------------------------------------
|                    FINALIZING TREE SEARCH                        |
--------------------------------------------------------------------
Performs final model parameters optimization
Estimate model parameters (epsilon = 0.010)
1. Initial log-likelihood: -9658.687
Optimal log-likelihood: -9658.679
Rate parameters:  A-C: 1.64945  A-G: 4.47591  A-T: 1.52004  C-G: 1.40867  C-T: 5.79326  G-T: 1.00000
Base frequencies:  A: 0.204  C: 0.271  G: 0.309  T: 0.216
Gamma shape alpha: 0.758
Parameters optimization took 1 rounds (0.013 sec)
BEST SCORE FOUND : -9658.679
Total tree length: 4.495

Total number of iterations: 109
CPU time used for tree search: 5.069 sec (0h:0m:5s)
Wall-clock time used for tree search: 4.900 sec (0h:0m:4s)
Total CPU time used: 5.195 sec (0h:0m:5s)
Total wall-clock time used: 5.015 sec (0h:0m:5s)

Analysis results written to: 
  IQ-TREE report:                /workspace/IQTree_TarvD7_Results/ENSG00000167642.nuc.ord.iqtree
  Maximum-likelihood tree:       /workspace/IQTree_TarvD7_Results/ENSG00000167642.nuc.ord.treefile
  Likelihood distances:          /workspace/IQTree_TarvD7_Results/ENSG00000167642.nuc.ord.mldist
  Screen log file:               /workspace/IQTree_TarvD7_Results/ENSG00000167642.nuc.ord.log

Date and Time: Tue May 26 17:31:32 2026
