IQ-TREE version 3.1.2 for Linux x86 64-bit built May  7 2026
Developed by Bui Quang Minh, Thomas Wong, Nhan Ly-Trong, Huaiyan Ren
Contributed by Lam-Tung Nguyen, Dominik Schrempf, Chris Bielow,
Olga Chernomor, Michael Woodhams, Diep Thi Hoang, Heiko Schmidt

Host:    8084c4e79f09 (AVX512, FMA3, 1133 GB RAM)
Command: /workspace/iqtree-3.1.2-Linux/bin/iqtree3_intel -s /workspace/NeuralNJ/empirical/TarvD7/ENSG00000139921.nuc.ord.aln -st DNA -m GTR+G -seed 2201 -pre /workspace/IQTree_TarvD7_Results/ENSG00000139921.nuc.ord -quiet
Seed:    2201 (Using SPRNG - Scalable Parallel Random Number Generator)
Time:    Tue May 26 09:25:27 2026
Kernel:  AVX+FMA - 1 threads (384 CPU cores detected)

HINT: Use -nt option to specify number of threads because your CPU has 384 cores!
HINT: -nt AUTO will automatically determine the best number of threads to use.

Reading alignment file /workspace/NeuralNJ/empirical/TarvD7/ENSG00000139921.nuc.ord.aln ... Fasta format detected
Reading fasta file: done in 0.000478983 secs using 18.79% CPU
Alignment most likely contains DNA/RNA sequences
Constructing alignment: done in 0.00149012 secs using 47.71% CPU
Alignment has 36 sequences with 891 columns, 574 distinct patterns
374 parsimony-informative, 125 singleton sites, 392 constant sites
                   Gap/Ambiguity  Composition  p-value
Analyzing sequences: done in 4.60148e-05 secs using 99.97% CPU
   1  P001_Platypus       20.88%    passed     39.64%
   2  P002_Opossum         6.40%    passed     21.04%
   3  P003_Wallaby        52.19%    passed     95.13%
   4  P004_Tenrec          7.41%    failed      0.46%
   5  P005_Rock_hyrax      6.73%    passed     50.20%
   6  P006_Elephant       23.57%    passed     17.82%
   7  P007_Armadillo      11.78%    passed     78.68%
   8  P008_Sloth          31.99%    passed     81.91%
   9  P009_Hedgehog        6.73%    passed     60.39%
  10  P010_Common_shrew   21.89%    passed     43.81%
  11  P011_Dolphin         6.73%    passed     88.08%
  12  P012_Cow             6.40%    passed     95.64%
  13  P013_Pig             6.40%    passed     88.28%
  14  P014_Alpaca         26.26%    passed     39.75%
  15  P015_Horse          23.57%    passed     94.36%
  16  P016_Dog             5.39%    passed     97.19%
  17  P017_Cat            26.26%    passed     96.83%
  18  P018_Megabat         6.40%    passed     70.28%
  19  P019_Microbat       30.98%    passed     42.19%
  20  P020_Rabbit          6.06%    passed     71.04%
  21  P021_Pika            7.07%    passed     56.92%
  22  P022_Squirrel       19.87%    passed     72.62%
  23  P023_Guinea_pig      6.40%    passed     84.97%
  24  P024_Kangaroo_rat    7.07%    passed     58.45%
  25  P025_Mouse           6.40%    passed     78.70%
  26  P026_Rat             6.40%    passed      5.03%
  27  P027_Tree_shrew     20.20%    passed     79.54%
  28  P028_Bushbaby       46.13%    passed     10.18%
  29  P029_Mouse_lemur     6.40%    passed     89.85%
  30  P030_Tarsier         6.40%    passed     99.75%
  31  P031_Marmoset        6.73%    passed     93.48%
  32  P032_Rhesus          5.72%    passed     99.15%
  33  P033_Orangutan       5.72%    passed     99.80%
  34  P034_Gorilla         6.06%    passed     99.37%
  35  P035_Chimp           5.72%    passed     97.45%
  36  P036_Human           5.72%    passed     99.80%
WARNING: 1 sequences contain more than 50% gaps/ambiguity
****  TOTAL               13.95%  1 sequences failed composition chi2 test (p-value<5%; df=3)
Checking for duplicate sequences: done in 0.000136852 secs using 99.38% CPU

Create initial parsimony tree by phylogenetic likelihood library (PLL)... 0.003 seconds

NOTE: 2 MB RAM (0 GB) is required!
Estimate model parameters (epsilon = 0.100)
1. Initial log-likelihood: -8939.132
2. Current log-likelihood: -8478.388
3. Current log-likelihood: -8473.704
Optimal log-likelihood: -8473.659
Rate parameters:  A-C: 1.93110  A-G: 5.07696  A-T: 0.74046  C-G: 2.31396  C-T: 6.55992  G-T: 1.00000
Base frequencies:  A: 0.276  C: 0.198  G: 0.257  T: 0.269
Gamma shape alpha: 0.555
Parameters optimization took 3 rounds (0.142 sec)
Wrote distance file to... 
Computing ML distances based on estimated model parameters...
Calculating distance matrix: done in 0.0036521 secs using 99.97% CPU
Computing ML distances took 0.003729 sec (of wall-clock time) 0.003729 sec (of CPU time)
Setting up auxiliary I and S matrices: done in 8.67844e-05 secs using 217.8% CPU
Constructing RapidNJ tree: done in 0.000129938 secs using 90.81% CPU
Computing RapidNJ tree took 0.000266 sec (of wall-clock time) 0.000347 sec (of CPU time)
Log-likelihood of RapidNJ tree: -8497.997
--------------------------------------------------------------------
|             INITIALIZING CANDIDATE TREE SET                      |
--------------------------------------------------------------------
Generating 98 parsimony trees... 0.164 second
Computing log-likelihood of 98 initial trees ... 0.234 seconds
Current best score: -8464.554

Do NNI search on 20 best initial trees
Estimate model parameters (epsilon = 0.100)
BETTER TREE FOUND at iteration 1: -8443.427
Iteration 10 / LogL: -8444.220 / Time: 0h:0m:0s
Estimate model parameters (epsilon = 0.100)
BETTER TREE FOUND at iteration 17: -8443.196
Iteration 20 / LogL: -8463.611 / Time: 0h:0m:1s
Finish initializing candidate tree set (10)
Current best tree score: -8443.196 / CPU time: 1.311
Number of iterations: 20
--------------------------------------------------------------------
|               OPTIMIZING CANDIDATE TREE SET                      |
--------------------------------------------------------------------
Iteration 30 / LogL: -8444.229 / Time: 0h:0m:1s (0h:0m:5s left)
Iteration 40 / LogL: -8447.814 / Time: 0h:0m:2s (0h:0m:4s left)
Iteration 50 / LogL: -8443.903 / Time: 0h:0m:2s (0h:0m:3s left)
UPDATE BEST LOG-LIKELIHOOD: -8443.196
Iteration 60 / LogL: -8443.196 / Time: 0h:0m:3s (0h:0m:3s left)
Iteration 70 / LogL: -8443.209 / Time: 0h:0m:3s (0h:0m:2s left)
Iteration 80 / LogL: -8443.443 / Time: 0h:0m:4s (0h:0m:1s left)
Iteration 90 / LogL: -8443.198 / Time: 0h:0m:4s (0h:0m:1s left)
UPDATE BEST LOG-LIKELIHOOD: -8443.196
Iteration 100 / LogL: -8443.196 / Time: 0h:0m:5s (0h:0m:0s left)
UPDATE BEST LOG-LIKELIHOOD: -8443.196
Iteration 110 / LogL: -8443.197 / Time: 0h:0m:5s (0h:0m:0s left)
UPDATE BEST LOG-LIKELIHOOD: -8443.196
TREE SEARCH COMPLETED AFTER 118 ITERATIONS / Time: 0h:0m:6s

--------------------------------------------------------------------
|                    FINALIZING TREE SEARCH                        |
--------------------------------------------------------------------
Performs final model parameters optimization
Estimate model parameters (epsilon = 0.010)
1. Initial log-likelihood: -8443.196
Optimal log-likelihood: -8443.189
Rate parameters:  A-C: 1.98963  A-G: 5.28434  A-T: 0.76749  C-G: 2.40808  C-T: 6.81897  G-T: 1.00000
Base frequencies:  A: 0.276  C: 0.198  G: 0.257  T: 0.269
Gamma shape alpha: 0.547
Parameters optimization took 1 rounds (0.015 sec)
BEST SCORE FOUND : -8443.189
Total tree length: 2.630

Total number of iterations: 118
CPU time used for tree search: 6.032 sec (0h:0m:6s)
Wall-clock time used for tree search: 5.854 sec (0h:0m:5s)
Total CPU time used: 6.221 sec (0h:0m:6s)
Total wall-clock time used: 6.036 sec (0h:0m:6s)

Analysis results written to: 
  IQ-TREE report:                /workspace/IQTree_TarvD7_Results/ENSG00000139921.nuc.ord.iqtree
  Maximum-likelihood tree:       /workspace/IQTree_TarvD7_Results/ENSG00000139921.nuc.ord.treefile
  Likelihood distances:          /workspace/IQTree_TarvD7_Results/ENSG00000139921.nuc.ord.mldist
  Screen log file:               /workspace/IQTree_TarvD7_Results/ENSG00000139921.nuc.ord.log

Date and Time: Tue May 26 09:25:33 2026
