IQ-TREE version 3.1.2 for Linux x86 64-bit built May  7 2026
Developed by Bui Quang Minh, Thomas Wong, Nhan Ly-Trong, Huaiyan Ren
Contributed by Lam-Tung Nguyen, Dominik Schrempf, Chris Bielow,
Olga Chernomor, Michael Woodhams, Diep Thi Hoang, Heiko Schmidt

Host:    8084c4e79f09 (AVX512, FMA3, 1133 GB RAM)
Command: /workspace/iqtree-3.1.2-Linux/bin/iqtree3_intel -s /workspace/NeuralNJ/empirical/TarvD7/ENSG00000157350.nuc.ord.aln -st DNA -m GTR+G -seed 2201 -pre /workspace/IQTree_TarvD7_Results/ENSG00000157350.nuc.ord -quiet
Seed:    2201 (Using SPRNG - Scalable Parallel Random Number Generator)
Time:    Tue May 26 13:48:19 2026
Kernel:  AVX+FMA - 1 threads (384 CPU cores detected)

HINT: Use -nt option to specify number of threads because your CPU has 384 cores!
HINT: -nt AUTO will automatically determine the best number of threads to use.

Reading alignment file /workspace/NeuralNJ/empirical/TarvD7/ENSG00000157350.nuc.ord.aln ... Fasta format detected
Reading fasta file: done in 0.000346899 secs using 26.52% CPU
Alignment most likely contains DNA/RNA sequences
Constructing alignment: done in 0.00128698 secs using 14.22% CPU
Alignment has 33 sequences with 1071 columns, 541 distinct patterns
296 parsimony-informative, 172 singleton sites, 603 constant sites
                   Gap/Ambiguity  Composition  p-value
Analyzing sequences: done in 2.81334e-05 secs using 99.53% CPU
   1  P001_Platypus        2.80%    passed     52.65%
   2  P002_Opossum         1.96%    passed     85.12%
   3  P003_Wallaby         4.48%    passed     13.78%
   4  P004_Tenrec          7.56%    passed     77.12%
   5  P005_Rock_hyrax     50.70%    passed     20.05%
   6  P006_Elephant       17.65%    passed     89.38%
   7  P007_Armadillo      17.65%    passed     28.87%
   8  P009_Hedgehog       48.74%    passed     44.75%
   9  P010_Common_shrew    1.96%    passed     20.91%
  10  P011_Dolphin         1.96%    passed     66.63%
  11  P012_Cow             0.84%    passed     32.14%
  12  P014_Alpaca         33.61%    passed     48.21%
  13  P015_Horse           1.96%    passed     95.99%
  14  P016_Dog             1.96%    passed     80.46%
  15  P017_Cat             5.60%    passed     84.66%
  16  P018_Megabat         1.96%    passed     92.40%
  17  P019_Microbat        2.24%    passed     97.56%
  18  P020_Rabbit         24.65%    passed     91.56%
  19  P021_Pika            6.44%    passed     96.80%
  20  P022_Squirrel       33.61%    passed     38.32%
  21  P023_Guinea_pig      1.96%    passed     95.18%
  22  P024_Kangaroo_rat   10.92%    passed     95.37%
  23  P025_Mouse           1.96%    passed     22.83%
  24  P026_Rat             1.96%    passed     14.61%
  25  P027_Tree_shrew     22.97%    passed     54.07%
  26  P028_Bushbaby       15.13%    passed     84.30%
  27  P029_Mouse_lemur    22.69%    passed     41.94%
  28  P031_Marmoset        1.96%    passed     99.75%
  29  P032_Rhesus          1.96%    passed     97.26%
  30  P033_Orangutan       2.24%    passed     80.70%
  31  P034_Gorilla        17.65%    passed     39.10%
  32  P035_Chimp          12.04%    passed     68.58%
  33  P036_Human           1.96%    passed     81.63%
WARNING: 1 sequences contain more than 50% gaps/ambiguity
****  TOTAL               11.63%  0 sequences failed composition chi2 test (p-value<5%; df=3)
Checking for duplicate sequences: done in 9.39369e-05 secs using 99% CPU

Create initial parsimony tree by phylogenetic likelihood library (PLL)... 0.001 seconds

NOTE: 2 MB RAM (0 GB) is required!
Estimate model parameters (epsilon = 0.100)
1. Initial log-likelihood: -8631.187
2. Current log-likelihood: -7953.445
3. Current log-likelihood: -7931.781
4. Current log-likelihood: -7930.962
Optimal log-likelihood: -7930.890
Rate parameters:  A-C: 2.29279  A-G: 6.76444  A-T: 1.25565  C-G: 1.53077  C-T: 12.61012  G-T: 1.00000
Base frequencies:  A: 0.206  C: 0.301  G: 0.294  T: 0.199
Gamma shape alpha: 0.288
Parameters optimization took 4 rounds (0.121 sec)
Wrote distance file to... 
Computing ML distances based on estimated model parameters...
Calculating distance matrix: done in 0.00228906 secs using 100% CPU
Computing ML distances took 0.002363 sec (of wall-clock time) 0.002363 sec (of CPU time)
Setting up auxiliary I and S matrices: done in 0.000140905 secs using 99.36% CPU
Constructing RapidNJ tree: done in 0.000243187 secs using 198.6% CPU
Computing RapidNJ tree took 0.000459 sec (of wall-clock time) 0.001117 sec (of CPU time)
Log-likelihood of RapidNJ tree: -7962.960
--------------------------------------------------------------------
|             INITIALIZING CANDIDATE TREE SET                      |
--------------------------------------------------------------------
Generating 98 parsimony trees... 0.151 second
Computing log-likelihood of 98 initial trees ... 0.205 seconds
Current best score: -7930.890

Do NNI search on 20 best initial trees
Estimate model parameters (epsilon = 0.100)
BETTER TREE FOUND at iteration 1: -7921.866
Estimate model parameters (epsilon = 0.100)
BETTER TREE FOUND at iteration 2: -7918.510
Estimate model parameters (epsilon = 0.100)
BETTER TREE FOUND at iteration 3: -7916.529
Estimate model parameters (epsilon = 0.100)
BETTER TREE FOUND at iteration 5: -7912.726
Iteration 10 / LogL: -7923.699 / Time: 0h:0m:0s
Iteration 20 / LogL: -7922.004 / Time: 0h:0m:1s
Finish initializing candidate tree set (19)
Current best tree score: -7912.726 / CPU time: 1.233
Number of iterations: 20
--------------------------------------------------------------------
|               OPTIMIZING CANDIDATE TREE SET                      |
--------------------------------------------------------------------
Iteration 30 / LogL: -7912.739 / Time: 0h:0m:1s (0h:0m:4s left)
UPDATE BEST LOG-LIKELIHOOD: -7912.725
Iteration 40 / LogL: -7913.658 / Time: 0h:0m:2s (0h:0m:3s left)
Estimate model parameters (epsilon = 0.100)
BETTER TREE FOUND at iteration 45: -7912.450
Iteration 50 / LogL: -7913.631 / Time: 0h:0m:2s (0h:0m:4s left)
Iteration 60 / LogL: -7912.739 / Time: 0h:0m:2s (0h:0m:4s left)
Estimate model parameters (epsilon = 0.100)
BETTER TREE FOUND at iteration 66: -7911.609
Iteration 70 / LogL: -7912.745 / Time: 0h:0m:3s (0h:0m:4s left)
BETTER TREE FOUND at iteration 75: -7911.608
Iteration 80 / LogL: -7911.792 / Time: 0h:0m:3s (0h:0m:4s left)
Iteration 90 / LogL: -7911.838 / Time: 0h:0m:4s (0h:0m:3s left)
Iteration 100 / LogL: -7911.608 / Time: 0h:0m:4s (0h:0m:3s left)
UPDATE BEST LOG-LIKELIHOOD: -7911.608
Iteration 110 / LogL: -7911.608 / Time: 0h:0m:4s (0h:0m:2s left)
Iteration 120 / LogL: -7911.793 / Time: 0h:0m:5s (0h:0m:2s left)
Iteration 130 / LogL: -7911.792 / Time: 0h:0m:5s (0h:0m:1s left)
Iteration 140 / LogL: -7934.931 / Time: 0h:0m:6s (0h:0m:1s left)
Iteration 150 / LogL: -7911.608 / Time: 0h:0m:6s (0h:0m:1s left)
Iteration 160 / LogL: -7911.608 / Time: 0h:0m:6s (0h:0m:0s left)
Iteration 170 / LogL: -7911.837 / Time: 0h:0m:7s (0h:0m:0s left)
TREE SEARCH COMPLETED AFTER 176 ITERATIONS / Time: 0h:0m:7s

--------------------------------------------------------------------
|                    FINALIZING TREE SEARCH                        |
--------------------------------------------------------------------
Performs final model parameters optimization
Estimate model parameters (epsilon = 0.010)
1. Initial log-likelihood: -7911.608
Optimal log-likelihood: -7911.608
Rate parameters:  A-C: 2.29632  A-G: 6.94459  A-T: 1.22756  C-G: 1.51713  C-T: 12.98923  G-T: 1.00000
Base frequencies:  A: 0.206  C: 0.301  G: 0.294  T: 0.199
Gamma shape alpha: 0.287
Parameters optimization took 1 rounds (0.009 sec)
BEST SCORE FOUND : -7911.608
Total tree length: 2.648

Total number of iterations: 176
CPU time used for tree search: 7.693 sec (0h:0m:7s)
Wall-clock time used for tree search: 7.521 sec (0h:0m:7s)
Total CPU time used: 7.862 sec (0h:0m:7s)
Total wall-clock time used: 7.676 sec (0h:0m:7s)

Analysis results written to: 
  IQ-TREE report:                /workspace/IQTree_TarvD7_Results/ENSG00000157350.nuc.ord.iqtree
  Maximum-likelihood tree:       /workspace/IQTree_TarvD7_Results/ENSG00000157350.nuc.ord.treefile
  Likelihood distances:          /workspace/IQTree_TarvD7_Results/ENSG00000157350.nuc.ord.mldist
  Screen log file:               /workspace/IQTree_TarvD7_Results/ENSG00000157350.nuc.ord.log

Date and Time: Tue May 26 13:48:27 2026
