IQ-TREE version 3.1.2 for Linux x86 64-bit built May  7 2026
Developed by Bui Quang Minh, Thomas Wong, Nhan Ly-Trong, Huaiyan Ren
Contributed by Lam-Tung Nguyen, Dominik Schrempf, Chris Bielow,
Olga Chernomor, Michael Woodhams, Diep Thi Hoang, Heiko Schmidt

Host:    8084c4e79f09 (AVX512, FMA3, 1133 GB RAM)
Command: /workspace/iqtree-3.1.2-Linux/bin/iqtree3_intel -s /workspace/NeuralNJ/empirical/TarvD7/ENSG00000143845.nuc.ord.aln -st DNA -m GTR+G -seed 2201 -pre /workspace/IQTree_TarvD7_Results/ENSG00000143845.nuc.ord -quiet
Seed:    2201 (Using SPRNG - Scalable Parallel Random Number Generator)
Time:    Tue May 26 10:33:53 2026
Kernel:  AVX+FMA - 1 threads (384 CPU cores detected)

HINT: Use -nt option to specify number of threads because your CPU has 384 cores!
HINT: -nt AUTO will automatically determine the best number of threads to use.

Reading alignment file /workspace/NeuralNJ/empirical/TarvD7/ENSG00000143845.nuc.ord.aln ... Fasta format detected
Reading fasta file: done in 0.000666857 secs using 95.97% CPU
Alignment most likely contains DNA/RNA sequences
Constructing alignment: done in 0.00255513 secs using 41.68% CPU
Alignment has 32 sequences with 2235 columns, 964 distinct patterns
446 parsimony-informative, 386 singleton sites, 1403 constant sites
                   Gap/Ambiguity  Composition  p-value
Analyzing sequences: done in 4.69685e-05 secs using 100.1% CPU
   1  P001_Platypus       55.30%    passed     27.92%
   2  P002_Opossum        46.58%    passed     10.12%
   3  P003_Wallaby        58.12%    passed      7.42%
   4  P004_Tenrec         51.14%    passed     17.96%
   5  P005_Rock_hyrax     47.38%    passed     47.14%
   6  P006_Elephant       66.17%    passed     28.20%
   7  P007_Armadillo      72.75%    passed     11.80%
   8  P009_Hedgehog       58.93%    passed     77.12%
   9  P011_Dolphin        47.25%    passed     35.26%
  10  P012_Cow            57.99%    passed     68.68%
  11  P013_Pig            58.12%    passed     72.85%
  12  P015_Horse          60.00%    passed     29.35%
  13  P016_Dog            58.39%    passed     94.36%
  14  P017_Cat            66.58%    passed     59.32%
  15  P018_Megabat        47.52%    passed     76.83%
  16  P019_Microbat       64.30%    passed     64.20%
  17  P021_Pika           48.72%    passed      9.92%
  18  P022_Squirrel       60.40%    passed     99.80%
  19  P023_Guinea_pig     48.19%    passed     59.36%
  20  P024_Kangaroo_rat   62.01%    passed     90.34%
  21  P025_Mouse          52.08%    passed     44.72%
  22  P026_Rat            48.32%    passed     89.47%
  23  P027_Tree_shrew     59.33%    failed      1.33%
  24  P028_Bushbaby       66.17%    passed     31.10%
  25  P029_Mouse_lemur    64.56%    failed      3.61%
  26  P030_Tarsier        65.23%    passed     17.20%
  27  P031_Marmoset       50.74%    passed     95.58%
  28  P032_Rhesus         48.19%    passed     75.01%
  29  P033_Orangutan      59.87%    passed     70.58%
  30  P034_Gorilla        62.55%    passed     92.92%
  31  P035_Chimp          53.02%    passed     99.48%
  32  P036_Human          47.11%    passed     65.71%
WARNING: 23 sequences contain more than 50% gaps/ambiguity
****  TOTAL               56.66%  2 sequences failed composition chi2 test (p-value<5%; df=3)
Checking for duplicate sequences: done in 0.000108004 secs using 100% CPU

Create initial parsimony tree by phylogenetic likelihood library (PLL)... 0.002 seconds

NOTE: 4 MB RAM (0 GB) is required!
Estimate model parameters (epsilon = 0.100)
1. Initial log-likelihood: -12950.601
2. Current log-likelihood: -11961.013
3. Current log-likelihood: -11944.475
4. Current log-likelihood: -11944.031
Optimal log-likelihood: -11943.994
Rate parameters:  A-C: 1.32674  A-G: 3.87991  A-T: 1.32860  C-G: 1.12164  C-T: 5.48910  G-T: 1.00000
Base frequencies:  A: 0.217  C: 0.288  G: 0.281  T: 0.215
Gamma shape alpha: 0.559
Parameters optimization took 4 rounds (0.147 sec)
Wrote distance file to... 
Computing ML distances based on estimated model parameters...
Calculating distance matrix: done in 0.00268102 secs using 97.46% CPU
Computing ML distances took 0.002807 sec (of wall-clock time) 0.002725 sec (of CPU time)
Setting up auxiliary I and S matrices: done in 0.000169039 secs
Constructing RapidNJ tree: done in 0.000283003 secs using 303.9% CPU
Computing RapidNJ tree took 0.000545 sec (of wall-clock time) 0.000928 sec (of CPU time)
Log-likelihood of RapidNJ tree: -11988.596
--------------------------------------------------------------------
|             INITIALIZING CANDIDATE TREE SET                      |
--------------------------------------------------------------------
Generating 98 parsimony trees... 0.191 second
Computing log-likelihood of 98 initial trees ... 0.340 seconds
Current best score: -11943.994

Do NNI search on 20 best initial trees
Estimate model parameters (epsilon = 0.100)
BETTER TREE FOUND at iteration 1: -11937.996
Estimate model parameters (epsilon = 0.100)
BETTER TREE FOUND at iteration 3: -11921.359
Iteration 10 / LogL: -11925.975 / Time: 0h:0m:1s
Iteration 20 / LogL: -11937.437 / Time: 0h:0m:2s
Finish initializing candidate tree set (16)
Current best tree score: -11921.359 / CPU time: 2.052
Number of iterations: 20
--------------------------------------------------------------------
|               OPTIMIZING CANDIDATE TREE SET                      |
--------------------------------------------------------------------
UPDATE BEST LOG-LIKELIHOOD: -11921.357
Iteration 30 / LogL: -11925.632 / Time: 0h:0m:2s (0h:0m:7s left)
Iteration 40 / LogL: -11928.389 / Time: 0h:0m:3s (0h:0m:5s left)
UPDATE BEST LOG-LIKELIHOOD: -11921.356
Iteration 50 / LogL: -11921.541 / Time: 0h:0m:4s (0h:0m:4s left)
Iteration 60 / LogL: -11921.372 / Time: 0h:0m:4s (0h:0m:3s left)
Iteration 70 / LogL: -11929.077 / Time: 0h:0m:5s (0h:0m:2s left)
Iteration 80 / LogL: -11921.385 / Time: 0h:0m:6s (0h:0m:1s left)
Iteration 90 / LogL: -11921.365 / Time: 0h:0m:7s (0h:0m:1s left)
Iteration 100 / LogL: -11921.390 / Time: 0h:0m:7s (0h:0m:0s left)
TREE SEARCH COMPLETED AFTER 104 ITERATIONS / Time: 0h:0m:7s

--------------------------------------------------------------------
|                    FINALIZING TREE SEARCH                        |
--------------------------------------------------------------------
Performs final model parameters optimization
Estimate model parameters (epsilon = 0.010)
1. Initial log-likelihood: -11921.356
Optimal log-likelihood: -11921.354
Rate parameters:  A-C: 1.38801  A-G: 4.04007  A-T: 1.37889  C-G: 1.15240  C-T: 5.77866  G-T: 1.00000
Base frequencies:  A: 0.217  C: 0.288  G: 0.281  T: 0.215
Gamma shape alpha: 0.567
Parameters optimization took 1 rounds (0.015 sec)
BEST SCORE FOUND : -11921.354
Total tree length: 3.423

Total number of iterations: 104
CPU time used for tree search: 7.836 sec (0h:0m:7s)
Wall-clock time used for tree search: 7.697 sec (0h:0m:7s)
Total CPU time used: 8.087 sec (0h:0m:8s)
Total wall-clock time used: 7.913 sec (0h:0m:7s)

Analysis results written to: 
  IQ-TREE report:                /workspace/IQTree_TarvD7_Results/ENSG00000143845.nuc.ord.iqtree
  Maximum-likelihood tree:       /workspace/IQTree_TarvD7_Results/ENSG00000143845.nuc.ord.treefile
  Likelihood distances:          /workspace/IQTree_TarvD7_Results/ENSG00000143845.nuc.ord.mldist
  Screen log file:               /workspace/IQTree_TarvD7_Results/ENSG00000143845.nuc.ord.log

Date and Time: Tue May 26 10:34:01 2026
