IQ-TREE version 3.1.2 for Linux x86 64-bit built May  7 2026
Developed by Bui Quang Minh, Thomas Wong, Nhan Ly-Trong, Huaiyan Ren
Contributed by Lam-Tung Nguyen, Dominik Schrempf, Chris Bielow,
Olga Chernomor, Michael Woodhams, Diep Thi Hoang, Heiko Schmidt

Host:    8084c4e79f09 (AVX512, FMA3, 1133 GB RAM)
Command: /workspace/iqtree-3.1.2-Linux/bin/iqtree3_intel -s /workspace/NeuralNJ/empirical/TarvD7/ENSG00000128573.nuc.ord.aln -st DNA -m GTR+G -seed 2201 -pre /workspace/IQTree_TarvD7_Results/ENSG00000128573.nuc.ord -quiet
Seed:    2201 (Using SPRNG - Scalable Parallel Random Number Generator)
Time:    Tue May 26 05:35:40 2026
Kernel:  AVX+FMA - 1 threads (384 CPU cores detected)

HINT: Use -nt option to specify number of threads because your CPU has 384 cores!
HINT: -nt AUTO will automatically determine the best number of threads to use.

Reading alignment file /workspace/NeuralNJ/empirical/TarvD7/ENSG00000128573.nuc.ord.aln ... Fasta format detected
Reading fasta file: done in 0.000947952 secs using 96.95% CPU
Alignment most likely contains DNA/RNA sequences
Constructing alignment: done in 0.00341606 secs using 17.24% CPU
Alignment has 35 sequences with 2814 columns, 945 distinct patterns
376 parsimony-informative, 359 singleton sites, 2079 constant sites
                   Gap/Ambiguity  Composition  p-value
Analyzing sequences: done in 5.50747e-05 secs using 99.86% CPU
   1  P001_Platypus       38.38%    passed     36.70%
   2  P002_Opossum        23.88%    failed      0.42%
   3  P003_Wallaby        52.35%    passed     51.43%
   4  P004_Tenrec         27.61%    passed      7.60%
   5  P005_Rock_hyrax     47.65%    passed     55.96%
   6  P006_Elephant       33.90%    passed     71.64%
   7  P007_Armadillo      41.79%    passed     73.32%
   8  P008_Sloth          21.96%    passed     99.54%
   9  P009_Hedgehog       31.77%    passed     68.25%
  10  P010_Common_shrew   41.26%    passed     60.51%
  11  P011_Dolphin        21.96%    passed     91.87%
  12  P012_Cow            32.52%    passed     94.29%
  13  P013_Pig            32.84%    passed     74.96%
  14  P014_Alpaca         31.02%    passed     25.05%
  15  P015_Horse          21.64%    passed     97.49%
  16  P016_Dog            29.21%    passed     28.31%
  17  P017_Cat            52.24%    passed     99.23%
  18  P018_Megabat        25.05%    passed     84.58%
  19  P019_Microbat       36.03%    passed     18.67%
  20  P020_Rabbit         33.48%    passed     59.24%
  21  P021_Pika           38.70%    failed      3.07%
  22  P022_Squirrel       33.05%    passed     91.75%
  23  P023_Guinea_pig     32.84%    passed     51.54%
  24  P024_Kangaroo_rat   34.86%    passed     93.31%
  25  P025_Mouse          21.22%    passed     65.38%
  26  P026_Rat            33.16%    passed     35.09%
  27  P027_Tree_shrew     44.56%    passed     82.92%
  28  P028_Bushbaby       37.74%    passed     65.50%
  29  P029_Mouse_lemur    42.00%    passed     91.87%
  30  P030_Tarsier        26.23%    passed     23.87%
  31  P031_Marmoset       21.32%    passed     55.33%
  32  P032_Rhesus         21.22%    passed     66.35%
  33  P033_Orangutan      23.77%    passed     74.55%
  34  P035_Chimp          21.00%    passed     63.19%
  35  P036_Human          21.11%    passed     46.74%
WARNING: 2 sequences contain more than 50% gaps/ambiguity
****  TOTAL               32.27%  2 sequences failed composition chi2 test (p-value<5%; df=3)
Checking for duplicate sequences: done in 0.000121832 secs

Create initial parsimony tree by phylogenetic likelihood library (PLL)... 0.003 seconds

NOTE: 4 MB RAM (0 GB) is required!
Estimate model parameters (epsilon = 0.100)
1. Initial log-likelihood: -13820.550
2. Current log-likelihood: -12811.753
3. Current log-likelihood: -12800.702
Optimal log-likelihood: -12800.607
Rate parameters:  A-C: 1.61308  A-G: 5.30907  A-T: 0.65060  C-G: 0.87607  C-T: 4.98485  G-T: 1.00000
Base frequencies:  A: 0.306  C: 0.268  G: 0.224  T: 0.202
Gamma shape alpha: 0.235
Parameters optimization took 3 rounds (0.144 sec)
Wrote distance file to... 
Computing ML distances based on estimated model parameters...
Calculating distance matrix: done in 0.00425887 secs using 98.41% CPU
Computing ML distances took 0.004388 sec (of wall-clock time) 0.004308 sec (of CPU time)
Setting up auxiliary I and S matrices: done in 0.00019598 secs using 89.81% CPU
Constructing RapidNJ tree: done in 0.000386 secs using 225.4% CPU
Computing RapidNJ tree took 0.000680 sec (of wall-clock time) 0.001116 sec (of CPU time)
Log-likelihood of RapidNJ tree: -12902.838
--------------------------------------------------------------------
|             INITIALIZING CANDIDATE TREE SET                      |
--------------------------------------------------------------------
Generating 98 parsimony trees... 0.240 second
Computing log-likelihood of 98 initial trees ... 0.389 seconds
Current best score: -12788.768

Do NNI search on 20 best initial trees
Estimate model parameters (epsilon = 0.100)
BETTER TREE FOUND at iteration 1: -12763.450
Iteration 10 / LogL: -12778.925 / Time: 0h:0m:1s
Iteration 20 / LogL: -12763.454 / Time: 0h:0m:1s
Finish initializing candidate tree set (7)
Current best tree score: -12763.450 / CPU time: 1.771
Number of iterations: 20
--------------------------------------------------------------------
|               OPTIMIZING CANDIDATE TREE SET                      |
--------------------------------------------------------------------
Estimate model parameters (epsilon = 0.100)
BETTER TREE FOUND at iteration 24: -12762.914
Iteration 30 / LogL: -12767.129 / Time: 0h:0m:2s (0h:0m:8s left)
Iteration 40 / LogL: -12762.955 / Time: 0h:0m:3s (0h:0m:6s left)
Iteration 50 / LogL: -12762.941 / Time: 0h:0m:3s (0h:0m:5s left)
Iteration 60 / LogL: -12762.998 / Time: 0h:0m:4s (0h:0m:4s left)
Iteration 70 / LogL: -12769.670 / Time: 0h:0m:4s (0h:0m:3s left)
Iteration 80 / LogL: -12763.597 / Time: 0h:0m:5s (0h:0m:3s left)
Iteration 90 / LogL: -12762.915 / Time: 0h:0m:6s (0h:0m:2s left)
Iteration 100 / LogL: -12763.465 / Time: 0h:0m:6s (0h:0m:1s left)
Iteration 110 / LogL: -12763.662 / Time: 0h:0m:7s (0h:0m:0s left)
Iteration 120 / LogL: -12763.599 / Time: 0h:0m:7s (0h:0m:0s left)
TREE SEARCH COMPLETED AFTER 125 ITERATIONS / Time: 0h:0m:8s

--------------------------------------------------------------------
|                    FINALIZING TREE SEARCH                        |
--------------------------------------------------------------------
Performs final model parameters optimization
Estimate model parameters (epsilon = 0.010)
1. Initial log-likelihood: -12762.914
Optimal log-likelihood: -12762.913
Rate parameters:  A-C: 1.61133  A-G: 5.39307  A-T: 0.64116  C-G: 0.90459  C-T: 4.89507  G-T: 1.00000
Base frequencies:  A: 0.306  C: 0.268  G: 0.224  T: 0.202
Gamma shape alpha: 0.236
Parameters optimization took 1 rounds (0.017 sec)
BEST SCORE FOUND : -12762.913
Total tree length: 1.302

Total number of iterations: 125
CPU time used for tree search: 8.111 sec (0h:0m:8s)
Wall-clock time used for tree search: 7.952 sec (0h:0m:7s)
Total CPU time used: 8.329 sec (0h:0m:8s)
Total wall-clock time used: 8.151 sec (0h:0m:8s)

Analysis results written to: 
  IQ-TREE report:                /workspace/IQTree_TarvD7_Results/ENSG00000128573.nuc.ord.iqtree
  Maximum-likelihood tree:       /workspace/IQTree_TarvD7_Results/ENSG00000128573.nuc.ord.treefile
  Likelihood distances:          /workspace/IQTree_TarvD7_Results/ENSG00000128573.nuc.ord.mldist
  Screen log file:               /workspace/IQTree_TarvD7_Results/ENSG00000128573.nuc.ord.log

Date and Time: Tue May 26 05:35:48 2026
