IQ-TREE version 3.1.2 for Linux x86 64-bit built May  7 2026
Developed by Bui Quang Minh, Thomas Wong, Nhan Ly-Trong, Huaiyan Ren
Contributed by Lam-Tung Nguyen, Dominik Schrempf, Chris Bielow,
Olga Chernomor, Michael Woodhams, Diep Thi Hoang, Heiko Schmidt

Host:    8084c4e79f09 (AVX512, FMA3, 1133 GB RAM)
Command: /workspace/iqtree-3.1.2-Linux/bin/iqtree3_intel -s /workspace/NeuralNJ/empirical/TarvD7/ENSG00000112936.nuc.ord.aln -st DNA -m GTR+G -seed 2201 -pre /workspace/IQTree_TarvD7_Results/ENSG00000112936.nuc.ord -quiet
Seed:    2201 (Using SPRNG - Scalable Parallel Random Number Generator)
Time:    Tue May 26 01:55:39 2026
Kernel:  AVX+FMA - 1 threads (384 CPU cores detected)

HINT: Use -nt option to specify number of threads because your CPU has 384 cores!
HINT: -nt AUTO will automatically determine the best number of threads to use.

Reading alignment file /workspace/NeuralNJ/empirical/TarvD7/ENSG00000112936.nuc.ord.aln ... Fasta format detected
Reading fasta file: done in 0.000873089 secs using 38.48% CPU
Alignment most likely contains DNA/RNA sequences
Constructing alignment: done in 0.00356293 secs using 99.97% CPU
Alignment has 34 sequences with 2826 columns, 1888 distinct patterns
1299 parsimony-informative, 481 singleton sites, 1046 constant sites
                   Gap/Ambiguity  Composition  p-value
Analyzing sequences: done in 0.000133991 secs using 99.26% CPU
   1  P002_Opossum        10.62%    failed      0.01%
   2  P003_Wallaby        38.43%    passed     24.01%
   3  P004_Tenrec         19.32%    failed      3.95%
   4  P005_Rock_hyrax     19.85%    passed     92.07%
   5  P006_Elephant       13.48%    passed     45.16%
   6  P007_Armadillo      32.27%    passed     15.82%
   7  P008_Sloth          26.86%    passed     70.31%
   8  P009_Hedgehog       23.89%    failed      0.00%
   9  P010_Common_shrew   21.66%    passed     73.54%
  10  P011_Dolphin        16.67%    passed     63.22%
  11  P012_Cow            10.51%    passed     78.12%
  12  P013_Pig            10.51%    passed     88.50%
  13  P014_Alpaca         19.85%    passed     99.05%
  14  P015_Horse          10.62%    passed     99.74%
  15  P016_Dog             8.28%    passed     12.77%
  16  P017_Cat            50.96%    passed     21.71%
  17  P018_Megabat        26.01%    passed     63.35%
  18  P019_Microbat       15.82%    failed      0.00%
  19  P020_Rabbit         32.91%    passed     21.24%
  20  P021_Pika           18.68%    passed     91.14%
  21  P023_Guinea_pig     10.30%    passed     76.55%
  22  P024_Kangaroo_rat   19.85%    passed     55.61%
  23  P025_Mouse          65.50%    passed     30.77%
  24  P026_Rat             9.87%    passed     57.78%
  25  P027_Tree_shrew     23.57%    failed      2.95%
  26  P028_Bushbaby       39.81%    passed     60.01%
  27  P029_Mouse_lemur    31.10%    passed     83.28%
  28  P030_Tarsier        22.19%    passed     14.17%
  29  P031_Marmoset       10.51%    passed     82.70%
  30  P032_Rhesus         10.51%    passed     69.07%
  31  P033_Orangutan       6.48%    passed     72.05%
  32  P034_Gorilla        37.47%    passed     41.12%
  33  P035_Chimp          10.51%    passed     67.87%
  34  P036_Human          10.51%    passed     65.12%
WARNING: 2 sequences contain more than 50% gaps/ambiguity
****  TOTAL               21.63%  5 sequences failed composition chi2 test (p-value<5%; df=3)
Checking for duplicate sequences: done in 0.000160933 secs using 100% CPU

Create initial parsimony tree by phylogenetic likelihood library (PLL)... 0.004 seconds

NOTE: 8 MB RAM (0 GB) is required!
Estimate model parameters (epsilon = 0.100)
1. Initial log-likelihood: -32488.971
2. Current log-likelihood: -30675.985
3. Current log-likelihood: -30663.288
Optimal log-likelihood: -30663.162
Rate parameters:  A-C: 2.57746  A-G: 5.68327  A-T: 1.10584  C-G: 1.82866  C-T: 6.46436  G-T: 1.00000
Base frequencies:  A: 0.273  C: 0.206  G: 0.259  T: 0.262
Gamma shape alpha: 0.672
Parameters optimization took 3 rounds (0.264 sec)
Wrote distance file to... 
Computing ML distances based on estimated model parameters...
Calculating distance matrix: done in 0.00389194 secs using 99.26% CPU
Computing ML distances took 0.004106 sec (of wall-clock time) 0.004066 sec (of CPU time)
Setting up auxiliary I and S matrices: done in 0.000154972 secs using 136.8% CPU
Constructing RapidNJ tree: done in 0.000238895 secs using 257% CPU
Computing RapidNJ tree took 0.000471 sec (of wall-clock time) 0.000916 sec (of CPU time)
Log-likelihood of RapidNJ tree: -30874.512
--------------------------------------------------------------------
|             INITIALIZING CANDIDATE TREE SET                      |
--------------------------------------------------------------------
Generating 98 parsimony trees... 0.449 second
Computing log-likelihood of 98 initial trees ... 0.698 seconds
Current best score: -30663.162

Do NNI search on 20 best initial trees
Estimate model parameters (epsilon = 0.100)
BETTER TREE FOUND at iteration 1: -30644.706
Estimate model parameters (epsilon = 0.100)
BETTER TREE FOUND at iteration 4: -30644.453
Iteration 10 / LogL: -30644.528 / Time: 0h:0m:2s
Iteration 20 / LogL: -30657.649 / Time: 0h:0m:3s
Finish initializing candidate tree set (7)
Current best tree score: -30644.453 / CPU time: 2.946
Number of iterations: 20
--------------------------------------------------------------------
|               OPTIMIZING CANDIDATE TREE SET                      |
--------------------------------------------------------------------
Iteration 30 / LogL: -30644.484 / Time: 0h:0m:4s (0h:0m:11s left)
Iteration 40 / LogL: -30646.566 / Time: 0h:0m:5s (0h:0m:8s left)
Iteration 50 / LogL: -30645.775 / Time: 0h:0m:6s (0h:0m:7s left)
Iteration 60 / LogL: -30644.726 / Time: 0h:0m:7s (0h:0m:5s left)
Iteration 70 / LogL: -30644.494 / Time: 0h:0m:8s (0h:0m:4s left)
Iteration 80 / LogL: -30646.484 / Time: 0h:0m:9s (0h:0m:2s left)
UPDATE BEST LOG-LIKELIHOOD: -30644.452
Iteration 90 / LogL: -30644.566 / Time: 0h:0m:10s (0h:0m:1s left)
Iteration 100 / LogL: -30645.128 / Time: 0h:0m:12s (0h:0m:0s left)
TREE SEARCH COMPLETED AFTER 105 ITERATIONS / Time: 0h:0m:12s

--------------------------------------------------------------------
|                    FINALIZING TREE SEARCH                        |
--------------------------------------------------------------------
Performs final model parameters optimization
Estimate model parameters (epsilon = 0.010)
1. Initial log-likelihood: -30644.452
Optimal log-likelihood: -30644.446
Rate parameters:  A-C: 2.57997  A-G: 5.67040  A-T: 1.10810  C-G: 1.82767  C-T: 6.46289  G-T: 1.00000
Base frequencies:  A: 0.273  C: 0.206  G: 0.259  T: 0.262
Gamma shape alpha: 0.675
Parameters optimization took 1 rounds (0.031 sec)
BEST SCORE FOUND : -30644.446
Total tree length: 3.751

Total number of iterations: 105
CPU time used for tree search: 12.556 sec (0h:0m:12s)
Wall-clock time used for tree search: 12.411 sec (0h:0m:12s)
Total CPU time used: 12.931 sec (0h:0m:12s)
Total wall-clock time used: 12.756 sec (0h:0m:12s)

Analysis results written to: 
  IQ-TREE report:                /workspace/IQTree_TarvD7_Results/ENSG00000112936.nuc.ord.iqtree
  Maximum-likelihood tree:       /workspace/IQTree_TarvD7_Results/ENSG00000112936.nuc.ord.treefile
  Likelihood distances:          /workspace/IQTree_TarvD7_Results/ENSG00000112936.nuc.ord.mldist
  Screen log file:               /workspace/IQTree_TarvD7_Results/ENSG00000112936.nuc.ord.log

Date and Time: Tue May 26 01:55:52 2026
