IQ-TREE version 3.1.2 for Linux x86 64-bit built May  7 2026
Developed by Bui Quang Minh, Thomas Wong, Nhan Ly-Trong, Huaiyan Ren
Contributed by Lam-Tung Nguyen, Dominik Schrempf, Chris Bielow,
Olga Chernomor, Michael Woodhams, Diep Thi Hoang, Heiko Schmidt

Host:    8084c4e79f09 (AVX512, FMA3, 1133 GB RAM)
Command: /workspace/iqtree-3.1.2-Linux/bin/iqtree3_intel -s /workspace/NeuralNJ/empirical/TarvD7/ENSG00000129128.nuc.ord.aln -st DNA -m GTR+G -seed 2201 -pre /workspace/IQTree_TarvD7_Results/ENSG00000129128.nuc.ord -quiet
Seed:    2201 (Using SPRNG - Scalable Parallel Random Number Generator)
Time:    Tue May 26 05:46:35 2026
Kernel:  AVX+FMA - 1 threads (384 CPU cores detected)

HINT: Use -nt option to specify number of threads because your CPU has 384 cores!
HINT: -nt AUTO will automatically determine the best number of threads to use.

Reading alignment file /workspace/NeuralNJ/empirical/TarvD7/ENSG00000129128.nuc.ord.aln ... Fasta format detected
Reading fasta file: done in 0.000203848 secs using 33.36% CPU
Alignment most likely contains DNA/RNA sequences
Constructing alignment: done in 0.000712156 secs using 5.336% CPU
Alignment has 29 sequences with 627 columns, 246 distinct patterns
96 parsimony-informative, 105 singleton sites, 426 constant sites
                   Gap/Ambiguity  Composition  p-value
Analyzing sequences: done in 1.28746e-05 secs
   1  P001_Platypus       33.97%    passed      6.41%
   2  P002_Opossum        12.92%    passed     79.40%
   3  P004_Tenrec         32.06%    passed     56.50%
   4  P005_Rock_hyrax     46.41%    passed     42.87%
   5  P006_Elephant       30.14%    passed     28.02%
   6  P007_Armadillo      67.46%    passed     28.90%
   7  P009_Hedgehog       49.76%    passed     27.26%
   8  P010_Common_shrew   35.41%    passed      6.90%
   9  P011_Dolphin        36.84%    passed     14.41%
  10  P012_Cow            34.45%    passed     68.50%
  11  P013_Pig            13.88%    passed     80.37%
  12  P015_Horse          35.41%    passed     23.50%
  13  P016_Dog            22.01%    passed     88.82%
  14  P017_Cat            36.84%    passed     19.64%
  15  P018_Megabat        36.84%    passed      6.56%
  16  P020_Rabbit         12.44%    passed     82.61%
  17  P021_Pika           13.88%    passed     35.56%
  18  P022_Squirrel       46.41%    passed     39.97%
  19  P023_Guinea_pig     13.88%    passed     79.94%
  20  P024_Kangaroo_rat   14.35%    passed     83.40%
  21  P025_Mouse          14.35%    passed     20.20%
  22  P026_Rat             9.57%    passed     48.20%
  23  P028_Bushbaby       35.41%    passed      6.59%
  24  P029_Mouse_lemur    41.63%    passed     14.83%
  25  P030_Tarsier        36.84%    passed     26.86%
  26  P031_Marmoset       13.88%    passed     71.15%
  27  P032_Rhesus         10.05%    passed     93.56%
  28  P035_Chimp          13.88%    passed     85.87%
  29  P036_Human          13.88%    passed     82.02%
WARNING: 1 sequences contain more than 50% gaps/ambiguity
****  TOTAL               28.10%  0 sequences failed composition chi2 test (p-value<5%; df=3)
Checking for duplicate sequences: done in 6.81877e-05 secs

Create initial parsimony tree by phylogenetic likelihood library (PLL)... 0.001 seconds

NOTE: 0 MB RAM (0 GB) is required!
Estimate model parameters (epsilon = 0.100)
1. Initial log-likelihood: -3197.430
2. Current log-likelihood: -2994.091
3. Current log-likelihood: -2990.686
Optimal log-likelihood: -2990.659
Rate parameters:  A-C: 2.55800  A-G: 6.16486  A-T: 0.88938  C-G: 3.05318  C-T: 9.12692  G-T: 1.00000
Base frequencies:  A: 0.301  C: 0.192  G: 0.219  T: 0.288
Gamma shape alpha: 0.297
Parameters optimization took 3 rounds (0.040 sec)
Wrote distance file to... 
Computing ML distances based on estimated model parameters...
Calculating distance matrix: done in 0.00208116 secs using 99.94% CPU
Computing ML distances took 0.002121 sec (of wall-clock time) 0.002121 sec (of CPU time)
Setting up auxiliary I and S matrices: done in 0.000144958 secs using 100% CPU
Constructing RapidNJ tree: done in 0.000262976 secs using 253.3% CPU
Computing RapidNJ tree took 0.000501 sec (of wall-clock time) 0.000955 sec (of CPU time)
Log-likelihood of RapidNJ tree: -3012.719
--------------------------------------------------------------------
|             INITIALIZING CANDIDATE TREE SET                      |
--------------------------------------------------------------------
Generating 98 parsimony trees... 0.073 second
Computing log-likelihood of 98 initial trees ... 0.096 seconds
Current best score: -2988.832

Do NNI search on 20 best initial trees
Estimate model parameters (epsilon = 0.100)
BETTER TREE FOUND at iteration 1: -2981.331
Estimate model parameters (epsilon = 0.100)
BETTER TREE FOUND at iteration 5: -2980.551
Estimate model parameters (epsilon = 0.100)
BETTER TREE FOUND at iteration 8: -2980.221
Iteration 10 / LogL: -2984.227 / Time: 0h:0m:0s
Iteration 20 / LogL: -2987.439 / Time: 0h:0m:0s
Finish initializing candidate tree set (20)
Current best tree score: -2980.221 / CPU time: 0.522
Number of iterations: 20
--------------------------------------------------------------------
|               OPTIMIZING CANDIDATE TREE SET                      |
--------------------------------------------------------------------
Estimate model parameters (epsilon = 0.100)
BETTER TREE FOUND at iteration 21: -2979.576
Iteration 30 / LogL: -2980.598 / Time: 0h:0m:0s (0h:0m:2s left)
Estimate model parameters (epsilon = 0.100)
BETTER TREE FOUND at iteration 40: -2978.792
Iteration 40 / LogL: -2978.792 / Time: 0h:0m:0s (0h:0m:2s left)
Estimate model parameters (epsilon = 0.100)
BETTER TREE FOUND at iteration 49: -2978.691
Iteration 50 / LogL: -2983.110 / Time: 0h:0m:1s (0h:0m:2s left)
Iteration 60 / LogL: -2981.911 / Time: 0h:0m:1s (0h:0m:2s left)
Iteration 70 / LogL: -2985.744 / Time: 0h:0m:1s (0h:0m:1s left)
Iteration 80 / LogL: -2978.692 / Time: 0h:0m:1s (0h:0m:1s left)
Iteration 90 / LogL: -2978.693 / Time: 0h:0m:1s (0h:0m:1s left)
Iteration 100 / LogL: -2983.763 / Time: 0h:0m:2s (0h:0m:1s left)
Iteration 110 / LogL: -2978.822 / Time: 0h:0m:2s (0h:0m:0s left)
Iteration 120 / LogL: -2978.694 / Time: 0h:0m:2s (0h:0m:0s left)
Iteration 130 / LogL: -2979.467 / Time: 0h:0m:2s (0h:0m:0s left)
Iteration 140 / LogL: -2978.693 / Time: 0h:0m:2s (0h:0m:0s left)
Iteration 150 / LogL: -2978.692 / Time: 0h:0m:3s (0h:0m:-1s left)
TREE SEARCH COMPLETED AFTER 150 ITERATIONS / Time: 0h:0m:3s

--------------------------------------------------------------------
|                    FINALIZING TREE SEARCH                        |
--------------------------------------------------------------------
Performs final model parameters optimization
Estimate model parameters (epsilon = 0.010)
1. Initial log-likelihood: -2978.691
Optimal log-likelihood: -2978.690
Rate parameters:  A-C: 2.10972  A-G: 5.79264  A-T: 0.80533  C-G: 2.75856  C-T: 9.64422  G-T: 1.00000
Base frequencies:  A: 0.301  C: 0.192  G: 0.219  T: 0.288
Gamma shape alpha: 0.301
Parameters optimization took 1 rounds (0.004 sec)
BEST SCORE FOUND : -2978.690
Total tree length: 1.372

Total number of iterations: 150
CPU time used for tree search: 3.159 sec (0h:0m:3s)
Wall-clock time used for tree search: 2.978 sec (0h:0m:2s)
Total CPU time used: 3.224 sec (0h:0m:3s)
Total wall-clock time used: 3.037 sec (0h:0m:3s)

Analysis results written to: 
  IQ-TREE report:                /workspace/IQTree_TarvD7_Results/ENSG00000129128.nuc.ord.iqtree
  Maximum-likelihood tree:       /workspace/IQTree_TarvD7_Results/ENSG00000129128.nuc.ord.treefile
  Likelihood distances:          /workspace/IQTree_TarvD7_Results/ENSG00000129128.nuc.ord.mldist
  Screen log file:               /workspace/IQTree_TarvD7_Results/ENSG00000129128.nuc.ord.log

Date and Time: Tue May 26 05:46:38 2026
