IQ-TREE version 3.1.2 for Linux x86 64-bit built May  7 2026
Developed by Bui Quang Minh, Thomas Wong, Nhan Ly-Trong, Huaiyan Ren
Contributed by Lam-Tung Nguyen, Dominik Schrempf, Chris Bielow,
Olga Chernomor, Michael Woodhams, Diep Thi Hoang, Heiko Schmidt

Host:    8084c4e79f09 (AVX512, FMA3, 1133 GB RAM)
Command: /workspace/iqtree-3.1.2-Linux/bin/iqtree3_intel -s /workspace/NeuralNJ/empirical/TarvD7/ENSG00000137266.nuc.ord.aln -st DNA -m GTR+G -seed 2201 -pre /workspace/IQTree_TarvD7_Results/ENSG00000137266.nuc.ord -quiet
Seed:    2201 (Using SPRNG - Scalable Parallel Random Number Generator)
Time:    Tue May 26 08:20:45 2026
Kernel:  AVX+FMA - 1 threads (384 CPU cores detected)

HINT: Use -nt option to specify number of threads because your CPU has 384 cores!
HINT: -nt AUTO will automatically determine the best number of threads to use.

Reading alignment file /workspace/NeuralNJ/empirical/TarvD7/ENSG00000137266.nuc.ord.aln ... Fasta format detected
Reading fasta file: done in 0.000697136 secs using 10.04% CPU
Alignment most likely contains DNA/RNA sequences
Constructing alignment: done in 0.00272202 secs using 25.57% CPU
Alignment has 34 sequences with 2229 columns, 1082 distinct patterns
530 parsimony-informative, 604 singleton sites, 1095 constant sites
                   Gap/Ambiguity  Composition  p-value
Analyzing sequences: done in 6.41346e-05 secs using 99.79% CPU
   1  P001_Platypus       11.98%    failed      0.72%
   2  P002_Opossum        45.63%    failed      0.04%
   3  P003_Wallaby        38.22%    failed      0.00%
   4  P004_Tenrec         57.60%    passed     60.84%
   5  P005_Rock_hyrax     50.34%    passed      9.44%
   6  P006_Elephant       55.32%    passed     70.11%
   7  P007_Armadillo      64.06%    failed      1.30%
   8  P009_Hedgehog       69.45%    failed      0.39%
   9  P011_Dolphin        34.32%    failed      0.36%
  10  P012_Cow            45.49%    failed      0.77%
  11  P013_Pig            11.31%    failed      0.00%
  12  P014_Alpaca         77.12%    failed      2.16%
  13  P015_Horse          20.59%    passed     57.44%
  14  P016_Dog            48.32%    passed     60.35%
  15  P017_Cat            48.32%    passed     89.95%
  16  P018_Megabat        27.32%    passed     44.22%
  17  P019_Microbat       52.09%    passed     38.06%
  18  P020_Rabbit         70.52%    passed     71.95%
  19  P021_Pika           47.24%    passed     95.94%
  20  P022_Squirrel       47.11%    passed      5.17%
  21  P023_Guinea_pig     25.17%    passed     38.21%
  22  P024_Kangaroo_rat   56.53%    failed      0.96%
  23  P025_Mouse           7.27%    passed     57.57%
  24  P026_Rat             7.27%    passed     50.22%
  25  P027_Tree_shrew     62.18%    passed     76.54%
  26  P028_Bushbaby       49.13%    passed     90.46%
  27  P029_Mouse_lemur    45.49%    passed     80.63%
  28  P030_Tarsier        58.82%    failed      3.24%
  29  P031_Marmoset       12.92%    passed     94.65%
  30  P032_Rhesus         45.49%    passed     99.29%
  31  P033_Orangutan      45.49%    passed     96.79%
  32  P034_Gorilla        27.73%    passed     97.38%
  33  P035_Chimp          29.07%    passed     93.68%
  34  P036_Human           6.59%    passed      6.77%
WARNING: 11 sequences contain more than 50% gaps/ambiguity
****  TOTAL               41.22%  11 sequences failed composition chi2 test (p-value<5%; df=3)
Checking for duplicate sequences: done in 0.00012207 secs using 99.94% CPU

Create initial parsimony tree by phylogenetic likelihood library (PLL)... 0.003 seconds

NOTE: 4 MB RAM (0 GB) is required!
Estimate model parameters (epsilon = 0.100)
1. Initial log-likelihood: -15385.209
2. Current log-likelihood: -14428.883
3. Current log-likelihood: -14366.808
4. Current log-likelihood: -14360.322
5. Current log-likelihood: -14359.448
6. Current log-likelihood: -14359.317
Optimal log-likelihood: -14359.271
Rate parameters:  A-C: 2.37984  A-G: 7.50769  A-T: 1.08460  C-G: 2.56698  C-T: 8.54747  G-T: 1.00000
Base frequencies:  A: 0.193  C: 0.308  G: 0.292  T: 0.207
Gamma shape alpha: 0.345
Parameters optimization took 6 rounds (0.251 sec)
Wrote distance file to... 
Computing ML distances based on estimated model parameters...
Calculating distance matrix: done in 0.00348902 secs using 98.34% CPU
Computing ML distances took 0.003609 sec (of wall-clock time) 0.003543 sec (of CPU time)
Setting up auxiliary I and S matrices: done in 7.89165e-05 secs
Constructing RapidNJ tree: done in 0.000149012 secs using 0.6711% CPU
Computing RapidNJ tree took 0.000283 sec (of wall-clock time) 0.000014 sec (of CPU time)
Log-likelihood of RapidNJ tree: -14533.747
--------------------------------------------------------------------
|             INITIALIZING CANDIDATE TREE SET                      |
--------------------------------------------------------------------
Generating 98 parsimony trees... 0.250 second
Computing log-likelihood of 98 initial trees ... 0.402 seconds
Current best score: -14359.271

Do NNI search on 20 best initial trees
Estimate model parameters (epsilon = 0.100)
BETTER TREE FOUND at iteration 1: -14334.190
Estimate model parameters (epsilon = 0.100)
BETTER TREE FOUND at iteration 2: -14321.299
Iteration 10 / LogL: -14326.451 / Time: 0h:0m:1s
Iteration 20 / LogL: -14326.585 / Time: 0h:0m:2s
Finish initializing candidate tree set (16)
Current best tree score: -14321.299 / CPU time: 2.035
Number of iterations: 20
--------------------------------------------------------------------
|               OPTIMIZING CANDIDATE TREE SET                      |
--------------------------------------------------------------------
Estimate model parameters (epsilon = 0.100)
UPDATE BEST LOG-LIKELIHOOD: -14321.257
Iteration 30 / LogL: -14349.350 / Time: 0h:0m:3s (0h:0m:7s left)
Estimate model parameters (epsilon = 0.100)
BETTER TREE FOUND at iteration 36: -14321.062
Iteration 40 / LogL: -14321.257 / Time: 0h:0m:3s (0h:0m:9s left)
Iteration 50 / LogL: -14323.513 / Time: 0h:0m:4s (0h:0m:7s left)
Iteration 60 / LogL: -14330.620 / Time: 0h:0m:4s (0h:0m:6s left)
Iteration 70 / LogL: -14321.752 / Time: 0h:0m:5s (0h:0m:5s left)
Iteration 80 / LogL: -14321.256 / Time: 0h:0m:6s (0h:0m:4s left)
Iteration 90 / LogL: -14321.972 / Time: 0h:0m:7s (0h:0m:3s left)
UPDATE BEST LOG-LIKELIHOOD: -14321.058
Iteration 100 / LogL: -14329.656 / Time: 0h:0m:7s (0h:0m:2s left)
Iteration 110 / LogL: -14337.465 / Time: 0h:0m:8s (0h:0m:1s left)
Iteration 120 / LogL: -14321.392 / Time: 0h:0m:8s (0h:0m:1s left)
Iteration 130 / LogL: -14322.726 / Time: 0h:0m:9s (0h:0m:0s left)
TREE SEARCH COMPLETED AFTER 137 ITERATIONS / Time: 0h:0m:10s

--------------------------------------------------------------------
|                    FINALIZING TREE SEARCH                        |
--------------------------------------------------------------------
Performs final model parameters optimization
Estimate model parameters (epsilon = 0.010)
1. Initial log-likelihood: -14321.058
Optimal log-likelihood: -14321.056
Rate parameters:  A-C: 2.65293  A-G: 8.41344  A-T: 1.28707  C-G: 2.87872  C-T: 9.88538  G-T: 1.00000
Base frequencies:  A: 0.193  C: 0.308  G: 0.292  T: 0.207
Gamma shape alpha: 0.346
Parameters optimization took 1 rounds (0.017 sec)
BEST SCORE FOUND : -14321.056
Total tree length: 4.572

Total number of iterations: 137
CPU time used for tree search: 9.909 sec (0h:0m:9s)
Wall-clock time used for tree search: 9.762 sec (0h:0m:9s)
Total CPU time used: 10.234 sec (0h:0m:10s)
Total wall-clock time used: 10.067 sec (0h:0m:10s)

Analysis results written to: 
  IQ-TREE report:                /workspace/IQTree_TarvD7_Results/ENSG00000137266.nuc.ord.iqtree
  Maximum-likelihood tree:       /workspace/IQTree_TarvD7_Results/ENSG00000137266.nuc.ord.treefile
  Likelihood distances:          /workspace/IQTree_TarvD7_Results/ENSG00000137266.nuc.ord.mldist
  Screen log file:               /workspace/IQTree_TarvD7_Results/ENSG00000137266.nuc.ord.log

Date and Time: Tue May 26 08:20:55 2026
