IQ-TREE version 3.1.2 for Linux x86 64-bit built May  7 2026
Developed by Bui Quang Minh, Thomas Wong, Nhan Ly-Trong, Huaiyan Ren
Contributed by Lam-Tung Nguyen, Dominik Schrempf, Chris Bielow,
Olga Chernomor, Michael Woodhams, Diep Thi Hoang, Heiko Schmidt

Host:    8084c4e79f09 (AVX512, FMA3, 1133 GB RAM)
Command: /workspace/iqtree-3.1.2-Linux/bin/iqtree3_intel -s /workspace/NeuralNJ/empirical/TarvD7/ENSG00000166579.nuc.ord.aln -st DNA -m GTR+G -seed 2201 -pre /workspace/IQTree_TarvD7_Results/ENSG00000166579.nuc.ord -quiet
Seed:    2201 (Using SPRNG - Scalable Parallel Random Number Generator)
Time:    Tue May 26 17:07:01 2026
Kernel:  AVX+FMA - 1 threads (384 CPU cores detected)

HINT: Use -nt option to specify number of threads because your CPU has 384 cores!
HINT: -nt AUTO will automatically determine the best number of threads to use.

Reading alignment file /workspace/NeuralNJ/empirical/TarvD7/ENSG00000166579.nuc.ord.aln ... Fasta format detected
Reading fasta file: done in 0.000890017 secs using 95.73% CPU
Alignment most likely contains DNA/RNA sequences
Constructing alignment: done in 0.00293994 secs using 57.69% CPU
Alignment has 33 sequences with 1989 columns, 646 distinct patterns
281 parsimony-informative, 228 singleton sites, 1480 constant sites
                   Gap/Ambiguity  Composition  p-value
Analyzing sequences: done in 4.91142e-05 secs using 99.77% CPU
   1  P002_Opossum        48.11%    passed      5.02%
   2  P004_Tenrec         65.91%    failed      0.06%
   3  P005_Rock_hyrax     64.40%    passed     63.43%
   4  P006_Elephant       55.66%    passed     63.91%
   5  P007_Armadillo      49.62%    passed     44.71%
   6  P008_Sloth          52.64%    passed      5.60%
   7  P009_Hedgehog       71.04%    passed     62.47%
   8  P010_Common_shrew   50.08%    passed     58.35%
   9  P011_Dolphin        45.25%    passed     79.04%
  10  P012_Cow            47.96%    passed     54.88%
  11  P013_Pig            39.82%    passed     27.65%
  12  P014_Alpaca         52.64%    passed      5.05%
  13  P015_Horse          47.96%    passed     65.08%
  14  P016_Dog            38.46%    passed      8.49%
  15  P017_Cat            46.00%    passed     28.36%
  16  P018_Megabat        44.80%    passed     24.24%
  17  P019_Microbat       56.71%    passed     55.43%
  18  P020_Rabbit         55.51%    passed     97.51%
  19  P021_Pika           57.92%    failed      1.57%
  20  P023_Guinea_pig     47.96%    passed     77.41%
  21  P024_Kangaroo_rat   53.24%    passed     96.91%
  22  P025_Mouse          47.96%    passed     91.52%
  23  P026_Rat            47.96%    passed     98.63%
  24  P027_Tree_shrew     50.08%    passed     71.98%
  25  P028_Bushbaby       63.50%    passed     30.72%
  26  P029_Mouse_lemur    53.39%    passed     87.22%
  27  P030_Tarsier        60.18%    passed     74.36%
  28  P031_Marmoset       39.97%    passed     42.76%
  29  P032_Rhesus         44.65%    passed     97.12%
  30  P033_Orangutan      47.96%    passed     90.50%
  31  P034_Gorilla        51.73%    passed     77.05%
  32  P035_Chimp          44.65%    passed     99.29%
  33  P036_Human          39.67%    passed     38.71%
WARNING: 16 sequences contain more than 50% gaps/ambiguity
****  TOTAL               51.01%  2 sequences failed composition chi2 test (p-value<5%; df=3)
Checking for duplicate sequences: done in 0.000121117 secs using 99.9% CPU

Create initial parsimony tree by phylogenetic likelihood library (PLL)... 0.002 seconds

NOTE: 2 MB RAM (0 GB) is required!
Estimate model parameters (epsilon = 0.100)
1. Initial log-likelihood: -9254.651
2. Current log-likelihood: -8548.184
3. Current log-likelihood: -8418.095
4. Current log-likelihood: -8393.224
5. Current log-likelihood: -8393.013
Optimal log-likelihood: -8393.012
Rate parameters:  A-C: 1.89395  A-G: 6.71742  A-T: 0.87214  C-G: 1.69892  C-T: 7.98399  G-T: 1.00000
Base frequencies:  A: 0.312  C: 0.207  G: 0.260  T: 0.221
Gamma shape alpha: 0.266
Parameters optimization took 5 rounds (0.201 sec)
Wrote distance file to... 
Computing ML distances based on estimated model parameters...
Calculating distance matrix: done in 0.00285316 secs using 99.96% CPU
Computing ML distances took 0.002952 sec (of wall-clock time) 0.002951 sec (of CPU time)
Setting up auxiliary I and S matrices: done in 0.000164986 secs using 245.5% CPU
Constructing RapidNJ tree: done in 0.000268936 secs using 100% CPU
Computing RapidNJ tree took 0.000491 sec (of wall-clock time) 0.000730 sec (of CPU time)
Log-likelihood of RapidNJ tree: -8443.411
--------------------------------------------------------------------
|             INITIALIZING CANDIDATE TREE SET                      |
--------------------------------------------------------------------
Generating 98 parsimony trees... 0.151 second
Computing log-likelihood of 98 initial trees ... 0.249 seconds
Current best score: -8393.012

Do NNI search on 20 best initial trees
Estimate model parameters (epsilon = 0.100)
BETTER TREE FOUND at iteration 1: -8388.672
Estimate model parameters (epsilon = 0.100)
BETTER TREE FOUND at iteration 3: -8383.235
Estimate model parameters (epsilon = 0.100)
BETTER TREE FOUND at iteration 7: -8382.629
Iteration 10 / LogL: -8391.118 / Time: 0h:0m:1s
Iteration 20 / LogL: -8387.941 / Time: 0h:0m:1s
Finish initializing candidate tree set (20)
Current best tree score: -8382.629 / CPU time: 1.614
Number of iterations: 20
--------------------------------------------------------------------
|               OPTIMIZING CANDIDATE TREE SET                      |
--------------------------------------------------------------------
Estimate model parameters (epsilon = 0.100)
BETTER TREE FOUND at iteration 24: -8382.575
Estimate model parameters (epsilon = 0.100)
BETTER TREE FOUND at iteration 28: -8381.644
Iteration 30 / LogL: -8381.647 / Time: 0h:0m:2s (0h:0m:8s left)
Iteration 40 / LogL: -8382.419 / Time: 0h:0m:2s (0h:0m:6s left)
Estimate model parameters (epsilon = 0.100)
BETTER TREE FOUND at iteration 43: -8380.397
Iteration 50 / LogL: -8390.853 / Time: 0h:0m:3s (0h:0m:6s left)
Iteration 60 / LogL: -8385.342 / Time: 0h:0m:3s (0h:0m:5s left)
Iteration 70 / LogL: -8381.671 / Time: 0h:0m:4s (0h:0m:4s left)
Estimate model parameters (epsilon = 0.100)
BETTER TREE FOUND at iteration 79: -8380.269
Iteration 80 / LogL: -8386.407 / Time: 0h:0m:4s (0h:0m:6s left)
Iteration 90 / LogL: -8380.878 / Time: 0h:0m:5s (0h:0m:5s left)
Iteration 100 / LogL: -8381.440 / Time: 0h:0m:5s (0h:0m:4s left)
Iteration 110 / LogL: -8380.273 / Time: 0h:0m:6s (0h:0m:4s left)
Iteration 120 / LogL: -8380.410 / Time: 0h:0m:6s (0h:0m:3s left)
Iteration 130 / LogL: -8380.411 / Time: 0h:0m:7s (0h:0m:2s left)
Iteration 140 / LogL: -8380.723 / Time: 0h:0m:7s (0h:0m:2s left)
Iteration 150 / LogL: -8380.410 / Time: 0h:0m:8s (0h:0m:1s left)
Iteration 160 / LogL: -8383.780 / Time: 0h:0m:8s (0h:0m:1s left)
Iteration 170 / LogL: -8389.234 / Time: 0h:0m:9s (0h:0m:0s left)
Iteration 180 / LogL: -8384.233 / Time: 0h:0m:9s (0h:0m:-1s left)
TREE SEARCH COMPLETED AFTER 180 ITERATIONS / Time: 0h:0m:9s

--------------------------------------------------------------------
|                    FINALIZING TREE SEARCH                        |
--------------------------------------------------------------------
Performs final model parameters optimization
Estimate model parameters (epsilon = 0.010)
1. Initial log-likelihood: -8380.269
Optimal log-likelihood: -8380.267
Rate parameters:  A-C: 1.81546  A-G: 6.74979  A-T: 0.84762  C-G: 1.56956  C-T: 8.11659  G-T: 1.00000
Base frequencies:  A: 0.312  C: 0.207  G: 0.260  T: 0.221
Gamma shape alpha: 0.264
Parameters optimization took 1 rounds (0.010 sec)
BEST SCORE FOUND : -8380.267
Total tree length: 2.126

Total number of iterations: 180
CPU time used for tree search: 9.763 sec (0h:0m:9s)
Wall-clock time used for tree search: 9.604 sec (0h:0m:9s)
Total CPU time used: 10.022 sec (0h:0m:10s)
Total wall-clock time used: 9.846 sec (0h:0m:9s)

Analysis results written to: 
  IQ-TREE report:                /workspace/IQTree_TarvD7_Results/ENSG00000166579.nuc.ord.iqtree
  Maximum-likelihood tree:       /workspace/IQTree_TarvD7_Results/ENSG00000166579.nuc.ord.treefile
  Likelihood distances:          /workspace/IQTree_TarvD7_Results/ENSG00000166579.nuc.ord.mldist
  Screen log file:               /workspace/IQTree_TarvD7_Results/ENSG00000166579.nuc.ord.log

Date and Time: Tue May 26 17:07:11 2026
