IQ-TREE version 3.1.2 for Linux x86 64-bit built May  7 2026
Developed by Bui Quang Minh, Thomas Wong, Nhan Ly-Trong, Huaiyan Ren
Contributed by Lam-Tung Nguyen, Dominik Schrempf, Chris Bielow,
Olga Chernomor, Michael Woodhams, Diep Thi Hoang, Heiko Schmidt

Host:    8084c4e79f09 (AVX512, FMA3, 1133 GB RAM)
Command: /workspace/iqtree-3.1.2-Linux/bin/iqtree3_intel -s /workspace/NeuralNJ/empirical/TarvD7/ENSG00000133026.nuc.ord.aln -st DNA -m GTR+G -seed 2201 -pre /workspace/IQTree_TarvD7_Results/ENSG00000133026.nuc.ord -quiet
Seed:    2201 (Using SPRNG - Scalable Parallel Random Number Generator)
Time:    Tue May 26 06:47:29 2026
Kernel:  AVX+FMA - 1 threads (384 CPU cores detected)

HINT: Use -nt option to specify number of threads because your CPU has 384 cores!
HINT: -nt AUTO will automatically determine the best number of threads to use.

Reading alignment file /workspace/NeuralNJ/empirical/TarvD7/ENSG00000133026.nuc.ord.aln ... Fasta format detected
Reading fasta file: done in 0.00313711 secs using 60.47% CPU
Alignment most likely contains DNA/RNA sequences
Constructing alignment: done in 0.0115168 secs using 75.3% CPU
Alignment has 36 sequences with 6603 columns, 2894 distinct patterns
1811 parsimony-informative, 744 singleton sites, 4048 constant sites
                   Gap/Ambiguity  Composition  p-value
Analyzing sequences: done in 0.000222921 secs using 99.59% CPU
   1  P001_Platypus       68.24%    failed      0.00%
   2  P002_Opossum         8.41%    failed      0.00%
   3  P003_Wallaby        37.98%    failed      0.00%
   4  P004_Tenrec         22.94%    failed      0.00%
   5  P005_Rock_hyrax     22.72%    failed      0.62%
   6  P006_Elephant       16.63%    passed     92.67%
   7  P007_Armadillo      31.08%    failed      0.56%
   8  P008_Sloth          31.99%    passed     35.45%
   9  P009_Hedgehog       29.08%    failed      0.90%
  10  P010_Common_shrew   33.71%    failed      0.00%
  11  P011_Dolphin         9.50%    passed     45.71%
  12  P012_Cow            10.22%    passed     15.13%
  13  P013_Pig            15.31%    failed      0.00%
  14  P014_Alpaca         43.07%    passed      9.02%
  15  P015_Horse          10.22%    failed      0.60%
  16  P016_Dog             8.27%    failed      1.24%
  17  P017_Cat            17.54%    failed      0.00%
  18  P018_Megabat        17.76%    failed      0.00%
  19  P019_Microbat       36.71%    passed      7.47%
  20  P020_Rabbit         33.26%    failed      0.00%
  21  P021_Pika           12.04%    failed      0.00%
  22  P022_Squirrel       44.75%    passed      5.46%
  23  P023_Guinea_pig     10.90%    failed      1.80%
  24  P024_Kangaroo_rat   25.76%    passed     99.57%
  25  P025_Mouse           8.54%    passed     30.22%
  26  P026_Rat             8.54%    passed     29.10%
  27  P027_Tree_shrew     33.76%    passed     96.24%
  28  P028_Bushbaby       31.08%    failed      1.42%
  29  P029_Mouse_lemur    18.13%    passed     49.31%
  30  P030_Tarsier        17.72%    failed      0.00%
  31  P031_Marmoset       20.17%    passed     43.32%
  32  P032_Rhesus         64.56%    failed      0.00%
  33  P033_Orangutan       9.27%    passed     11.05%
  34  P034_Gorilla        27.62%    passed     38.92%
  35  P035_Chimp           8.81%    passed      8.72%
  36  P036_Human           8.81%    passed      7.02%
WARNING: 2 sequences contain more than 50% gaps/ambiguity
****  TOTAL               23.75%  19 sequences failed composition chi2 test (p-value<5%; df=3)
Checking for duplicate sequences: done in 0.000349998 secs using 28% CPU

Create initial parsimony tree by phylogenetic likelihood library (PLL)... 0.009 seconds

NOTE: 13 MB RAM (0 GB) is required!
Estimate model parameters (epsilon = 0.100)
1. Initial log-likelihood: -53974.179
2. Current log-likelihood: -48576.254
3. Current log-likelihood: -48432.849
4. Current log-likelihood: -48430.508
5. Current log-likelihood: -48429.846
6. Current log-likelihood: -48429.644
Optimal log-likelihood: -48429.526
Rate parameters:  A-C: 1.44234  A-G: 4.77226  A-T: 0.47373  C-G: 1.27690  C-T: 10.04829  G-T: 1.00000
Base frequencies:  A: 0.306  C: 0.226  G: 0.285  T: 0.183
Gamma shape alpha: 0.248
Parameters optimization took 6 rounds (0.720 sec)
Wrote distance file to... 
Computing ML distances based on estimated model parameters...
Calculating distance matrix: done in 0.00513196 secs using 100% CPU
Computing ML distances took 0.005479 sec (of wall-clock time) 0.005478 sec (of CPU time)
Setting up auxiliary I and S matrices: done in 8.58307e-05 secs using 100.2% CPU
Constructing RapidNJ tree: done in 0.000130892 secs
Computing RapidNJ tree took 0.000273 sec (of wall-clock time) 0.000122 sec (of CPU time)
Log-likelihood of RapidNJ tree: -48867.715
--------------------------------------------------------------------
|             INITIALIZING CANDIDATE TREE SET                      |
--------------------------------------------------------------------
Generating 98 parsimony trees... 0.650 second
Computing log-likelihood of 98 initial trees ... 1.101 seconds
Current best score: -48429.526

Do NNI search on 20 best initial trees
Estimate model parameters (epsilon = 0.100)
BETTER TREE FOUND at iteration 1: -48417.937
Estimate model parameters (epsilon = 0.100)
BETTER TREE FOUND at iteration 2: -48415.293
Estimate model parameters (epsilon = 0.100)
BETTER TREE FOUND at iteration 3: -48404.461
Iteration 10 / LogL: -48415.445 / Time: 0h:0m:4s
Iteration 20 / LogL: -48409.855 / Time: 0h:0m:6s
Finish initializing candidate tree set (11)
Current best tree score: -48404.461 / CPU time: 5.153
Number of iterations: 20
--------------------------------------------------------------------
|               OPTIMIZING CANDIDATE TREE SET                      |
--------------------------------------------------------------------
Iteration 30 / LogL: -48404.660 / Time: 0h:0m:7s (0h:0m:19s left)
Iteration 40 / LogL: -48404.585 / Time: 0h:0m:9s (0h:0m:15s left)
Iteration 50 / LogL: -48404.498 / Time: 0h:0m:11s (0h:0m:12s left)
Iteration 60 / LogL: -48410.313 / Time: 0h:0m:13s (0h:0m:9s left)
Iteration 70 / LogL: -48410.444 / Time: 0h:0m:14s (0h:0m:7s left)
UPDATE BEST LOG-LIKELIHOOD: -48404.461
Iteration 80 / LogL: -48405.404 / Time: 0h:0m:17s (0h:0m:4s left)
Iteration 90 / LogL: -48407.393 / Time: 0h:0m:18s (0h:0m:2s left)
Estimate model parameters (epsilon = 0.100)
UPDATE BEST LOG-LIKELIHOOD: -48404.433
Iteration 100 / LogL: -48404.521 / Time: 0h:0m:20s (0h:0m:0s left)
TREE SEARCH COMPLETED AFTER 104 ITERATIONS / Time: 0h:0m:21s

--------------------------------------------------------------------
|                    FINALIZING TREE SEARCH                        |
--------------------------------------------------------------------
Performs final model parameters optimization
Estimate model parameters (epsilon = 0.010)
1. Initial log-likelihood: -48404.433
Optimal log-likelihood: -48404.431
Rate parameters:  A-C: 1.43166  A-G: 4.74104  A-T: 0.46508  C-G: 1.26488  C-T: 10.06049  G-T: 1.00000
Base frequencies:  A: 0.306  C: 0.226  G: 0.285  T: 0.183
Gamma shape alpha: 0.247
Parameters optimization took 1 rounds (0.050 sec)
BEST SCORE FOUND : -48404.431
Total tree length: 4.378

Total number of iterations: 104
CPU time used for tree search: 20.659 sec (0h:0m:20s)
Wall-clock time used for tree search: 20.636 sec (0h:0m:20s)
Total CPU time used: 21.753 sec (0h:0m:21s)
Total wall-clock time used: 21.590 sec (0h:0m:21s)

Analysis results written to: 
  IQ-TREE report:                /workspace/IQTree_TarvD7_Results/ENSG00000133026.nuc.ord.iqtree
  Maximum-likelihood tree:       /workspace/IQTree_TarvD7_Results/ENSG00000133026.nuc.ord.treefile
  Likelihood distances:          /workspace/IQTree_TarvD7_Results/ENSG00000133026.nuc.ord.mldist
  Screen log file:               /workspace/IQTree_TarvD7_Results/ENSG00000133026.nuc.ord.log

Date and Time: Tue May 26 06:47:51 2026
