IQ-TREE version 3.1.2 for Linux x86 64-bit built May  7 2026
Developed by Bui Quang Minh, Thomas Wong, Nhan Ly-Trong, Huaiyan Ren
Contributed by Lam-Tung Nguyen, Dominik Schrempf, Chris Bielow,
Olga Chernomor, Michael Woodhams, Diep Thi Hoang, Heiko Schmidt

Host:    8084c4e79f09 (AVX512, FMA3, 1133 GB RAM)
Command: /workspace/iqtree-3.1.2-Linux/bin/iqtree3_intel -s /workspace/NeuralNJ/empirical/TarvD7/ENSG00000158786.nuc.ord.aln -st DNA -m GTR+G -seed 2201 -pre /workspace/IQTree_TarvD7_Results/ENSG00000158786.nuc.ord -quiet
Seed:    2201 (Using SPRNG - Scalable Parallel Random Number Generator)
Time:    Tue May 26 14:06:27 2026
Kernel:  AVX+FMA - 1 threads (384 CPU cores detected)

HINT: Use -nt option to specify number of threads because your CPU has 384 cores!
HINT: -nt AUTO will automatically determine the best number of threads to use.

Reading alignment file /workspace/NeuralNJ/empirical/TarvD7/ENSG00000158786.nuc.ord.aln ... Fasta format detected
Reading fasta file: done in 0.000212193 secs using 23.09% CPU
Alignment most likely contains DNA/RNA sequences
Constructing alignment: done in 0.000786066 secs using 9.414% CPU
Alignment has 30 sequences with 660 columns, 496 distinct patterns
330 parsimony-informative, 126 singleton sites, 204 constant sites
                   Gap/Ambiguity  Composition  p-value
Analyzing sequences: done in 2.40803e-05 secs
   1  P001_Platypus        1.82%    passed     85.61%
   2  P002_Opossum         3.64%    failed      0.05%
   3  P003_Wallaby        33.18%    failed      0.16%
   4  P005_Rock_hyrax     21.36%    passed     38.77%
   5  P006_Elephant       47.27%    passed     95.83%
   6  P007_Armadillo       5.45%    passed     10.27%
   7  P009_Hedgehog       46.82%    passed      8.07%
   8  P010_Common_shrew   44.55%    passed     38.44%
   9  P012_Cow            10.91%    passed     23.85%
  10  P013_Pig             7.27%    passed     72.07%
  11  P015_Horse          12.73%    passed     72.88%
  12  P016_Dog             4.55%    passed     95.50%
  13  P017_Cat             4.09%    passed     97.98%
  14  P018_Megabat        38.18%    passed     44.74%
  15  P019_Microbat       22.73%    passed     75.33%
  16  P020_Rabbit         21.82%    passed     28.72%
  17  P021_Pika           45.00%    passed     87.86%
  18  P023_Guinea_pig      4.09%    passed     77.01%
  19  P024_Kangaroo_rat    3.64%    passed     92.53%
  20  P025_Mouse           4.55%    passed     74.01%
  21  P026_Rat             4.55%    passed     29.49%
  22  P027_Tree_shrew      4.55%    passed     46.67%
  23  P029_Mouse_lemur    36.36%    passed     21.36%
  24  P030_Tarsier        16.36%    passed     94.72%
  25  P031_Marmoset        4.09%    passed     99.54%
  26  P032_Rhesus         29.09%    passed     93.48%
  27  P033_Orangutan       4.09%    passed     98.51%
  28  P034_Gorilla         5.00%    passed     97.62%
  29  P035_Chimp           4.09%    passed     99.84%
  30  P036_Human           4.09%    passed     99.86%
****  TOTAL               16.53%  2 sequences failed composition chi2 test (p-value<5%; df=3)
Checking for duplicate sequences: done in 8.2016e-05 secs

Create initial parsimony tree by phylogenetic likelihood library (PLL)... 0.002 seconds

NOTE: 1 MB RAM (0 GB) is required!
Estimate model parameters (epsilon = 0.100)
1. Initial log-likelihood: -7648.907
2. Current log-likelihood: -7234.947
3. Current log-likelihood: -7230.341
Optimal log-likelihood: -7230.302
Rate parameters:  A-C: 1.57978  A-G: 5.83493  A-T: 2.06157  C-G: 1.53522  C-T: 6.94062  G-T: 1.00000
Base frequencies:  A: 0.221  C: 0.306  G: 0.284  T: 0.190
Gamma shape alpha: 0.698
Parameters optimization took 3 rounds (0.068 sec)
Wrote distance file to... 
Computing ML distances based on estimated model parameters...
Calculating distance matrix: done in 0.00198102 secs using 98.79% CPU
Computing ML distances took 0.002044 sec (of wall-clock time) 0.002012 sec (of CPU time)
Setting up auxiliary I and S matrices: done in 0.000173092 secs using 99.95% CPU
Constructing RapidNJ tree: done in 0.000231981 secs using 295.7% CPU
Computing RapidNJ tree took 0.000519 sec (of wall-clock time) 0.000993 sec (of CPU time)
Log-likelihood of RapidNJ tree: -7262.337
--------------------------------------------------------------------
|             INITIALIZING CANDIDATE TREE SET                      |
--------------------------------------------------------------------
Generating 98 parsimony trees... 0.140 second
Computing log-likelihood of 98 initial trees ... 0.174 seconds
Current best score: -7225.402

Do NNI search on 20 best initial trees
Estimate model parameters (epsilon = 0.100)
BETTER TREE FOUND at iteration 1: -7213.436
Estimate model parameters (epsilon = 0.100)
BETTER TREE FOUND at iteration 3: -7210.717
Iteration 10 / LogL: -7212.655 / Time: 0h:0m:0s
Iteration 20 / LogL: -7210.720 / Time: 0h:0m:0s
Finish initializing candidate tree set (5)
Current best tree score: -7210.717 / CPU time: 0.815
Number of iterations: 20
--------------------------------------------------------------------
|               OPTIMIZING CANDIDATE TREE SET                      |
--------------------------------------------------------------------
Iteration 30 / LogL: -7212.690 / Time: 0h:0m:1s (0h:0m:3s left)
Estimate model parameters (epsilon = 0.100)
BETTER TREE FOUND at iteration 37: -7210.605
Iteration 40 / LogL: -7215.999 / Time: 0h:0m:1s (0h:0m:3s left)
Iteration 50 / LogL: -7214.483 / Time: 0h:0m:1s (0h:0m:3s left)
Iteration 60 / LogL: -7210.746 / Time: 0h:0m:2s (0h:0m:2s left)
Iteration 70 / LogL: -7212.299 / Time: 0h:0m:2s (0h:0m:2s left)
Iteration 80 / LogL: -7225.532 / Time: 0h:0m:2s (0h:0m:1s left)
Iteration 90 / LogL: -7210.738 / Time: 0h:0m:2s (0h:0m:1s left)
Iteration 100 / LogL: -7210.607 / Time: 0h:0m:3s (0h:0m:1s left)
Iteration 110 / LogL: -7212.299 / Time: 0h:0m:3s (0h:0m:0s left)
Iteration 120 / LogL: -7211.797 / Time: 0h:0m:3s (0h:0m:0s left)
Iteration 130 / LogL: -7214.324 / Time: 0h:0m:4s (0h:0m:0s left)
TREE SEARCH COMPLETED AFTER 138 ITERATIONS / Time: 0h:0m:4s

--------------------------------------------------------------------
|                    FINALIZING TREE SEARCH                        |
--------------------------------------------------------------------
Performs final model parameters optimization
Estimate model parameters (epsilon = 0.010)
1. Initial log-likelihood: -7210.605
Optimal log-likelihood: -7210.605
Rate parameters:  A-C: 1.54742  A-G: 5.78012  A-T: 2.10879  C-G: 1.55417  C-T: 7.02948  G-T: 1.00000
Base frequencies:  A: 0.221  C: 0.306  G: 0.284  T: 0.190
Gamma shape alpha: 0.699
Parameters optimization took 1 rounds (0.007 sec)
BEST SCORE FOUND : -7210.605
Total tree length: 3.546

Total number of iterations: 138
CPU time used for tree search: 4.482 sec (0h:0m:4s)
Wall-clock time used for tree search: 4.316 sec (0h:0m:4s)
Total CPU time used: 4.594 sec (0h:0m:4s)
Total wall-clock time used: 4.416 sec (0h:0m:4s)

Analysis results written to: 
  IQ-TREE report:                /workspace/IQTree_TarvD7_Results/ENSG00000158786.nuc.ord.iqtree
  Maximum-likelihood tree:       /workspace/IQTree_TarvD7_Results/ENSG00000158786.nuc.ord.treefile
  Likelihood distances:          /workspace/IQTree_TarvD7_Results/ENSG00000158786.nuc.ord.mldist
  Screen log file:               /workspace/IQTree_TarvD7_Results/ENSG00000158786.nuc.ord.log

Date and Time: Tue May 26 14:06:31 2026
