IQ-TREE version 3.1.2 for Linux x86 64-bit built May  7 2026
Developed by Bui Quang Minh, Thomas Wong, Nhan Ly-Trong, Huaiyan Ren
Contributed by Lam-Tung Nguyen, Dominik Schrempf, Chris Bielow,
Olga Chernomor, Michael Woodhams, Diep Thi Hoang, Heiko Schmidt

Host:    8084c4e79f09 (AVX512, FMA3, 1133 GB RAM)
Command: /workspace/iqtree-3.1.2-Linux/bin/iqtree3_intel -s /workspace/NeuralNJ/empirical/TarvD7/ENSG00000084073.nuc.ord.aln -st DNA -m GTR+G -seed 2201 -pre /workspace/IQTree_TarvD7_Results/ENSG00000084073.nuc.ord -quiet
Seed:    2201 (Using SPRNG - Scalable Parallel Random Number Generator)
Time:    Mon May 25 21:05:26 2026
Kernel:  AVX+FMA - 1 threads (384 CPU cores detected)

HINT: Use -nt option to specify number of threads because your CPU has 384 cores!
HINT: -nt AUTO will automatically determine the best number of threads to use.

Reading alignment file /workspace/NeuralNJ/empirical/TarvD7/ENSG00000084073.nuc.ord.aln ... Fasta format detected
Reading fasta file: done in 0.000556946 secs using 19.93% CPU
Alignment most likely contains DNA/RNA sequences
Constructing alignment: done in 0.00207901 secs using 32.13% CPU
Alignment has 32 sequences with 1836 columns, 798 distinct patterns
430 parsimony-informative, 271 singleton sites, 1135 constant sites
                   Gap/Ambiguity  Composition  p-value
Analyzing sequences: done in 3.88622e-05 secs
   1  P001_Platypus       24.51%    failed      0.00%
   2  P002_Opossum        22.22%    passed     61.26%
   3  P003_Wallaby        31.86%    passed     59.08%
   4  P004_Tenrec         58.66%    failed      2.18%
   5  P005_Rock_hyrax     32.84%    passed     17.45%
   6  P006_Elephant       25.82%    passed     40.07%
   7  P007_Armadillo      51.96%    failed      4.46%
   8  P008_Sloth          31.21%    passed     63.29%
   9  P009_Hedgehog       38.89%    passed     30.82%
  10  P010_Common_shrew   52.94%    failed      1.60%
  11  P011_Dolphin        22.39%    passed     93.23%
  12  P012_Cow            22.55%    passed     97.36%
  13  P014_Alpaca         44.44%    failed      3.74%
  14  P015_Horse          22.39%    passed     83.78%
  15  P016_Dog            20.26%    passed     72.95%
  16  P017_Cat            45.59%    passed     70.19%
  17  P018_Megabat        22.39%    passed     71.50%
  18  P020_Rabbit         44.77%    passed     47.17%
  19  P021_Pika           45.92%    passed      6.36%
  20  P023_Guinea_pig     22.39%    passed     46.66%
  21  P024_Kangaroo_rat   34.48%    passed     68.86%
  22  P025_Mouse          22.39%    passed     71.56%
  23  P026_Rat            22.39%    passed     48.91%
  24  P027_Tree_shrew     30.23%    passed     58.44%
  25  P028_Bushbaby       40.20%    passed     28.85%
  26  P029_Mouse_lemur    55.88%    passed     78.05%
  27  P030_Tarsier        37.42%    passed     37.23%
  28  P032_Rhesus         22.39%    passed     45.78%
  29  P033_Orangutan      40.69%    passed     83.86%
  30  P034_Gorilla        35.62%    passed     34.08%
  31  P035_Chimp          22.39%    passed     69.65%
  32  P036_Human          22.39%    passed     69.65%
WARNING: 4 sequences contain more than 50% gaps/ambiguity
****  TOTAL               33.45%  5 sequences failed composition chi2 test (p-value<5%; df=3)
Checking for duplicate sequences: done in 0.000102997 secs using 100% CPU

Create initial parsimony tree by phylogenetic likelihood library (PLL)... 0.002 seconds

NOTE: 3 MB RAM (0 GB) is required!
Estimate model parameters (epsilon = 0.100)
1. Initial log-likelihood: -11254.594
2. Current log-likelihood: -10523.043
3. Current log-likelihood: -10502.358
4. Current log-likelihood: -10501.832
Optimal log-likelihood: -10501.792
Rate parameters:  A-C: 2.11004  A-G: 7.89945  A-T: 0.99742  C-G: 1.82246  C-T: 6.84856  G-T: 1.00000
Base frequencies:  A: 0.265  C: 0.198  G: 0.220  T: 0.317
Gamma shape alpha: 0.375
Parameters optimization took 4 rounds (0.143 sec)
Wrote distance file to... 
Computing ML distances based on estimated model parameters...
Calculating distance matrix: done in 0.00244999 secs using 96.86% CPU
Computing ML distances took 0.002558 sec (of wall-clock time) 0.002468 sec (of CPU time)
Setting up auxiliary I and S matrices: done in 0.000130892 secs using 100.8% CPU
Constructing RapidNJ tree: done in 0.000211 secs using 63.51% CPU
Computing RapidNJ tree took 0.000417 sec (of wall-clock time) 0.000325 sec (of CPU time)
Log-likelihood of RapidNJ tree: -10588.303
--------------------------------------------------------------------
|             INITIALIZING CANDIDATE TREE SET                      |
--------------------------------------------------------------------
Generating 98 parsimony trees... 0.203 second
Computing log-likelihood of 98 initial trees ... 0.281 seconds
Current best score: -10501.792

Do NNI search on 20 best initial trees
Estimate model parameters (epsilon = 0.100)
BETTER TREE FOUND at iteration 1: -10485.976
Estimate model parameters (epsilon = 0.100)
BETTER TREE FOUND at iteration 2: -10484.899
Estimate model parameters (epsilon = 0.100)
BETTER TREE FOUND at iteration 6: -10482.064
Iteration 10 / LogL: -10482.064 / Time: 0h:0m:1s
UPDATE BEST LOG-LIKELIHOOD: -10482.064
Iteration 20 / LogL: -10494.366 / Time: 0h:0m:1s
Finish initializing candidate tree set (9)
Current best tree score: -10482.064 / CPU time: 1.511
Number of iterations: 20
--------------------------------------------------------------------
|               OPTIMIZING CANDIDATE TREE SET                      |
--------------------------------------------------------------------
Iteration 30 / LogL: -10484.524 / Time: 0h:0m:2s (0h:0m:5s left)
Estimate model parameters (epsilon = 0.100)
BETTER TREE FOUND at iteration 37: -10477.044
Iteration 40 / LogL: -10485.744 / Time: 0h:0m:2s (0h:0m:7s left)
Estimate model parameters (epsilon = 0.100)
BETTER TREE FOUND at iteration 44: -10474.972
Iteration 50 / LogL: -10477.155 / Time: 0h:0m:3s (0h:0m:6s left)
UPDATE BEST LOG-LIKELIHOOD: -10474.972
Iteration 60 / LogL: -10474.972 / Time: 0h:0m:4s (0h:0m:6s left)
Estimate model parameters (epsilon = 0.100)
BETTER TREE FOUND at iteration 68: -10474.893
Iteration 70 / LogL: -10477.033 / Time: 0h:0m:5s (0h:0m:7s left)
UPDATE BEST LOG-LIKELIHOOD: -10474.893
UPDATE BEST LOG-LIKELIHOOD: -10474.892
Iteration 80 / LogL: -10474.892 / Time: 0h:0m:5s (0h:0m:6s left)
Iteration 90 / LogL: -10474.979 / Time: 0h:0m:6s (0h:0m:5s left)
Estimate model parameters (epsilon = 0.100)
BETTER TREE FOUND at iteration 96: -10474.400
Iteration 100 / LogL: -10474.972 / Time: 0h:0m:6s (0h:0m:6s left)
Iteration 110 / LogL: -10481.082 / Time: 0h:0m:7s (0h:0m:5s left)
UPDATE BEST LOG-LIKELIHOOD: -10474.399
Iteration 120 / LogL: -10474.972 / Time: 0h:0m:8s (0h:0m:5s left)
Iteration 130 / LogL: -10474.972 / Time: 0h:0m:8s (0h:0m:4s left)
Iteration 140 / LogL: -10474.971 / Time: 0h:0m:9s (0h:0m:3s left)
Iteration 150 / LogL: -10474.962 / Time: 0h:0m:9s (0h:0m:3s left)
Iteration 160 / LogL: -10474.966 / Time: 0h:0m:10s (0h:0m:2s left)
Iteration 170 / LogL: -10507.679 / Time: 0h:0m:11s (0h:0m:1s left)
Iteration 180 / LogL: -10474.453 / Time: 0h:0m:11s (0h:0m:1s left)
Iteration 190 / LogL: -10481.985 / Time: 0h:0m:12s (0h:0m:0s left)
TREE SEARCH COMPLETED AFTER 197 ITERATIONS / Time: 0h:0m:12s

--------------------------------------------------------------------
|                    FINALIZING TREE SEARCH                        |
--------------------------------------------------------------------
Performs final model parameters optimization
Estimate model parameters (epsilon = 0.010)
1. Initial log-likelihood: -10474.399
Optimal log-likelihood: -10474.398
Rate parameters:  A-C: 2.13554  A-G: 7.91836  A-T: 0.94166  C-G: 1.79807  C-T: 6.79826  G-T: 1.00000
Base frequencies:  A: 0.265  C: 0.198  G: 0.220  T: 0.317
Gamma shape alpha: 0.377
Parameters optimization took 1 rounds (0.012 sec)
BEST SCORE FOUND : -10474.398
Total tree length: 2.491

Total number of iterations: 197
CPU time used for tree search: 12.750 sec (0h:0m:12s)
Wall-clock time used for tree search: 12.606 sec (0h:0m:12s)
Total CPU time used: 12.976 sec (0h:0m:12s)
Total wall-clock time used: 12.807 sec (0h:0m:12s)

Analysis results written to: 
  IQ-TREE report:                /workspace/IQTree_TarvD7_Results/ENSG00000084073.nuc.ord.iqtree
  Maximum-likelihood tree:       /workspace/IQTree_TarvD7_Results/ENSG00000084073.nuc.ord.treefile
  Likelihood distances:          /workspace/IQTree_TarvD7_Results/ENSG00000084073.nuc.ord.mldist
  Screen log file:               /workspace/IQTree_TarvD7_Results/ENSG00000084073.nuc.ord.log

Date and Time: Mon May 25 21:05:39 2026
