IQ-TREE version 3.1.2 for Linux x86 64-bit built May  7 2026
Developed by Bui Quang Minh, Thomas Wong, Nhan Ly-Trong, Huaiyan Ren
Contributed by Lam-Tung Nguyen, Dominik Schrempf, Chris Bielow,
Olga Chernomor, Michael Woodhams, Diep Thi Hoang, Heiko Schmidt

Host:    8084c4e79f09 (AVX512, FMA3, 1133 GB RAM)
Command: /workspace/iqtree-3.1.2-Linux/bin/iqtree3_intel -s /workspace/NeuralNJ/empirical/TarvD7/ENSG00000183891.nuc.ord.aln -st DNA -m GTR+G -seed 2201 -pre /workspace/IQTree_TarvD7_Results/ENSG00000183891.nuc.ord -quiet
Seed:    2201 (Using SPRNG - Scalable Parallel Random Number Generator)
Time:    Tue May 26 21:26:14 2026
Kernel:  AVX+FMA - 1 threads (384 CPU cores detected)

HINT: Use -nt option to specify number of threads because your CPU has 384 cores!
HINT: -nt AUTO will automatically determine the best number of threads to use.

Reading alignment file /workspace/NeuralNJ/empirical/TarvD7/ENSG00000183891.nuc.ord.aln ... Fasta format detected
Reading fasta file: done in 0.000135899 secs using 13.98% CPU
Alignment most likely contains DNA/RNA sequences
Constructing alignment: done in 0.000576973 secs using 18.2% CPU
Alignment has 24 sequences with 483 columns, 323 distinct patterns
155 parsimony-informative, 145 singleton sites, 183 constant sites
                   Gap/Ambiguity  Composition  p-value
Analyzing sequences: done in 1.50204e-05 secs using 99.86% CPU
   1  P002_Opossum         8.07%    failed      0.00%
   2  P004_Tenrec          6.21%    passed     42.49%
   3  P006_Elephant       34.16%    passed     50.34%
   4  P008_Sloth          39.75%    failed      0.30%
   5  P011_Dolphin         8.07%    passed     87.96%
   6  P012_Cow             8.07%    passed     97.33%
   7  P013_Pig             8.07%    passed     99.98%
   8  P014_Alpaca          6.21%    passed     84.13%
   9  P015_Horse           8.70%    passed     89.20%
  10  P018_Megabat         5.59%    passed     90.08%
  11  P019_Microbat        8.07%    passed     12.52%
  12  P020_Rabbit          5.59%    passed     14.65%
  13  P022_Squirrel       13.04%    failed      4.50%
  14  P023_Guinea_pig      4.97%    passed     40.29%
  15  P024_Kangaroo_rat    5.59%    passed     60.78%
  16  P025_Mouse           8.07%    passed     27.56%
  17  P026_Rat            41.61%    failed      0.34%
  18  P030_Tarsier         4.97%    passed     87.19%
  19  P031_Marmoset        8.70%    passed     97.81%
  20  P032_Rhesus          5.59%    passed     80.19%
  21  P033_Orangutan       6.21%    passed     64.04%
  22  P034_Gorilla         6.83%    passed     52.96%
  23  P035_Chimp           6.21%    passed     65.10%
  24  P036_Human           6.21%    passed     75.07%
****  TOTAL               11.02%  4 sequences failed composition chi2 test (p-value<5%; df=3)
Checking for duplicate sequences: done in 6.10352e-05 secs using 99.94% CPU

Create initial parsimony tree by phylogenetic likelihood library (PLL)... 0.001 seconds

NOTE: 1 MB RAM (0 GB) is required!
Estimate model parameters (epsilon = 0.100)
1. Initial log-likelihood: -3974.519
2. Current log-likelihood: -3823.569
3. Current log-likelihood: -3818.663
4. Current log-likelihood: -3818.377
Optimal log-likelihood: -3818.309
Rate parameters:  A-C: 1.73787  A-G: 3.40351  A-T: 0.53085  C-G: 2.10785  C-T: 4.91381  G-T: 1.00000
Base frequencies:  A: 0.301  C: 0.220  G: 0.256  T: 0.223
Gamma shape alpha: 0.648
Parameters optimization took 4 rounds (0.046 sec)
Wrote distance file to... 
Computing ML distances based on estimated model parameters...
Calculating distance matrix: done in 0.00133514 secs using 99.91% CPU
Computing ML distances took 0.001407 sec (of wall-clock time) 0.001409 sec (of CPU time)
Setting up auxiliary I and S matrices: done in 6.19888e-05 secs using 317.8% CPU
Constructing RapidNJ tree: done in 7.48634e-05 secs using 98.85% CPU
Computing RapidNJ tree took 0.000192 sec (of wall-clock time) 0.000326 sec (of CPU time)
Log-likelihood of RapidNJ tree: -3835.493
--------------------------------------------------------------------
|             INITIALIZING CANDIDATE TREE SET                      |
--------------------------------------------------------------------
Generating 98 parsimony trees... 0.066 second
Computing log-likelihood of 98 initial trees ... 0.093 seconds
Current best score: -3816.017

Do NNI search on 20 best initial trees
Estimate model parameters (epsilon = 0.100)
BETTER TREE FOUND at iteration 1: -3808.897
Estimate model parameters (epsilon = 0.100)
BETTER TREE FOUND at iteration 2: -3807.383
Estimate model parameters (epsilon = 0.100)
BETTER TREE FOUND at iteration 3: -3805.217
Iteration 10 / LogL: -3810.461 / Time: 0h:0m:0s
Estimate model parameters (epsilon = 0.100)
BETTER TREE FOUND at iteration 12: -3802.766
Iteration 20 / LogL: -3811.128 / Time: 0h:0m:0s
Finish initializing candidate tree set (14)
Current best tree score: -3802.766 / CPU time: 0.564
Number of iterations: 20
--------------------------------------------------------------------
|               OPTIMIZING CANDIDATE TREE SET                      |
--------------------------------------------------------------------
Estimate model parameters (epsilon = 0.100)
BETTER TREE FOUND at iteration 23: -3801.876
Iteration 30 / LogL: -3802.279 / Time: 0h:0m:0s (0h:0m:2s left)
Iteration 40 / LogL: -3803.063 / Time: 0h:0m:1s (0h:0m:2s left)
Estimate model parameters (epsilon = 0.100)
BETTER TREE FOUND at iteration 43: -3801.630
BETTER TREE FOUND at iteration 48: -3801.626
Estimate model parameters (epsilon = 0.100)
UPDATE BEST LOG-LIKELIHOOD: -3801.585
Iteration 50 / LogL: -3801.585 / Time: 0h:0m:1s (0h:0m:2s left)
UPDATE BEST LOG-LIKELIHOOD: -3801.585
UPDATE BEST LOG-LIKELIHOOD: -3801.576
Iteration 60 / LogL: -3801.883 / Time: 0h:0m:1s (0h:0m:2s left)
Iteration 70 / LogL: -3802.213 / Time: 0h:0m:1s (0h:0m:1s left)
UPDATE BEST LOG-LIKELIHOOD: -3801.574
Iteration 80 / LogL: -3807.917 / Time: 0h:0m:1s (0h:0m:1s left)
Iteration 90 / LogL: -3801.585 / Time: 0h:0m:2s (0h:0m:1s left)
UPDATE BEST LOG-LIKELIHOOD: -3801.574
Iteration 100 / LogL: -3801.881 / Time: 0h:0m:2s (0h:0m:1s left)
Iteration 110 / LogL: -3801.881 / Time: 0h:0m:2s (0h:0m:0s left)
Iteration 120 / LogL: -3802.968 / Time: 0h:0m:2s (0h:0m:0s left)
Iteration 130 / LogL: -3806.156 / Time: 0h:0m:2s (0h:0m:0s left)
BETTER TREE FOUND at iteration 131: -3801.574
Iteration 140 / LogL: -3807.267 / Time: 0h:0m:3s (0h:0m:1s left)
Iteration 150 / LogL: -3806.557 / Time: 0h:0m:3s (0h:0m:1s left)
Iteration 160 / LogL: -3801.574 / Time: 0h:0m:3s (0h:0m:1s left)
Iteration 170 / LogL: -3801.585 / Time: 0h:0m:3s (0h:0m:1s left)
Iteration 180 / LogL: -3801.585 / Time: 0h:0m:3s (0h:0m:1s left)
UPDATE BEST LOG-LIKELIHOOD: -3801.574
Iteration 190 / LogL: -3801.574 / Time: 0h:0m:3s (0h:0m:0s left)
Iteration 200 / LogL: -3802.264 / Time: 0h:0m:4s (0h:0m:0s left)
Iteration 210 / LogL: -3801.585 / Time: 0h:0m:4s (0h:0m:0s left)
Iteration 220 / LogL: -3801.586 / Time: 0h:0m:4s (0h:0m:0s left)
Iteration 230 / LogL: -3801.588 / Time: 0h:0m:4s (0h:0m:0s left)
TREE SEARCH COMPLETED AFTER 232 ITERATIONS / Time: 0h:0m:4s

--------------------------------------------------------------------
|                    FINALIZING TREE SEARCH                        |
--------------------------------------------------------------------
Performs final model parameters optimization
Estimate model parameters (epsilon = 0.010)
1. Initial log-likelihood: -3801.574
Optimal log-likelihood: -3801.571
Rate parameters:  A-C: 1.84114  A-G: 3.54454  A-T: 0.52532  C-G: 2.18436  C-T: 5.31837  G-T: 1.00000
Base frequencies:  A: 0.301  C: 0.220  G: 0.256  T: 0.223
Gamma shape alpha: 0.653
Parameters optimization took 1 rounds (0.004 sec)
BEST SCORE FOUND : -3801.571
Total tree length: 2.908

Total number of iterations: 232
CPU time used for tree search: 4.890 sec (0h:0m:4s)
Wall-clock time used for tree search: 4.718 sec (0h:0m:4s)
Total CPU time used: 4.966 sec (0h:0m:4s)
Total wall-clock time used: 4.785 sec (0h:0m:4s)

Analysis results written to: 
  IQ-TREE report:                /workspace/IQTree_TarvD7_Results/ENSG00000183891.nuc.ord.iqtree
  Maximum-likelihood tree:       /workspace/IQTree_TarvD7_Results/ENSG00000183891.nuc.ord.treefile
  Likelihood distances:          /workspace/IQTree_TarvD7_Results/ENSG00000183891.nuc.ord.mldist
  Screen log file:               /workspace/IQTree_TarvD7_Results/ENSG00000183891.nuc.ord.log

Date and Time: Tue May 26 21:26:19 2026
