IQ-TREE version 3.1.2 for Linux x86 64-bit built May  7 2026
Developed by Bui Quang Minh, Thomas Wong, Nhan Ly-Trong, Huaiyan Ren
Contributed by Lam-Tung Nguyen, Dominik Schrempf, Chris Bielow,
Olga Chernomor, Michael Woodhams, Diep Thi Hoang, Heiko Schmidt

Host:    8084c4e79f09 (AVX512, FMA3, 1133 GB RAM)
Command: /workspace/iqtree-3.1.2-Linux/bin/iqtree3_intel -s /workspace/NeuralNJ/empirical/TarvD7/ENSG00000103653.nuc.ord.aln -st DNA -m GTR+G -seed 2201 -pre /workspace/IQTree_TarvD7_Results/ENSG00000103653.nuc.ord -quiet
Seed:    2201 (Using SPRNG - Scalable Parallel Random Number Generator)
Time:    Mon May 25 23:27:18 2026
Kernel:  AVX+FMA - 1 threads (384 CPU cores detected)

HINT: Use -nt option to specify number of threads because your CPU has 384 cores!
HINT: -nt AUTO will automatically determine the best number of threads to use.

Reading alignment file /workspace/NeuralNJ/empirical/TarvD7/ENSG00000103653.nuc.ord.aln ... Fasta format detected
Reading fasta file: done in 0.000386 secs using 13.73% CPU
Alignment most likely contains DNA/RNA sequences
Constructing alignment: done in 0.00159693 secs using 73.2% CPU
Alignment has 29 sequences with 1386 columns, 559 distinct patterns
311 parsimony-informative, 159 singleton sites, 916 constant sites
                   Gap/Ambiguity  Composition  p-value
Analyzing sequences: done in 2.59876e-05 secs using 53.87% CPU
   1  P002_Opossum         2.60%    passed     16.94%
   2  P003_Wallaby         2.81%    failed      2.61%
   3  P005_Rock_hyrax      3.25%    passed     95.85%
   4  P006_Elephant       10.17%    passed     97.75%
   5  P007_Armadillo      47.84%    passed     82.14%
   6  P010_Common_shrew   24.46%    passed     75.55%
   7  P011_Dolphin         2.60%    passed     94.07%
   8  P012_Cow             2.60%    passed     96.14%
   9  P013_Pig             6.71%    passed     97.71%
  10  P015_Horse           2.81%    passed     97.28%
  11  P016_Dog             2.38%    passed     90.34%
  12  P017_Cat             2.60%    passed     92.39%
  13  P018_Megabat         4.33%    passed     65.62%
  14  P019_Microbat        2.81%    passed     64.64%
  15  P021_Pika           21.65%    passed     65.07%
  16  P023_Guinea_pig      2.60%    passed     88.92%
  17  P024_Kangaroo_rat   58.01%    passed     40.37%
  18  P025_Mouse           2.60%    passed      8.51%
  19  P026_Rat             2.60%    passed      5.24%
  20  P027_Tree_shrew     19.26%    failed      2.19%
  21  P028_Bushbaby       24.46%    passed     11.88%
  22  P029_Mouse_lemur    50.43%    passed     26.05%
  23  P030_Tarsier        56.93%    passed     84.66%
  24  P031_Marmoset        2.60%    passed     99.59%
  25  P032_Rhesus          2.60%    passed     99.97%
  26  P033_Orangutan       3.46%    passed     93.78%
  27  P034_Gorilla         3.03%    passed     97.59%
  28  P035_Chimp           4.55%    passed     90.55%
  29  P036_Human           2.60%    passed     96.46%
WARNING: 3 sequences contain more than 50% gaps/ambiguity
****  TOTAL               12.94%  2 sequences failed composition chi2 test (p-value<5%; df=3)
Checking for duplicate sequences: done in 8.2016e-05 secs

Create initial parsimony tree by phylogenetic likelihood library (PLL)... 0.001 seconds

NOTE: 2 MB RAM (0 GB) is required!
Estimate model parameters (epsilon = 0.100)
1. Initial log-likelihood: -9186.597
2. Current log-likelihood: -8340.195
3. Current log-likelihood: -8319.675
4. Current log-likelihood: -8318.839
Optimal log-likelihood: -8318.806
Rate parameters:  A-C: 1.00189  A-G: 3.80295  A-T: 0.97153  C-G: 0.99128  C-T: 9.64084  G-T: 1.00000
Base frequencies:  A: 0.232  C: 0.282  G: 0.302  T: 0.184
Gamma shape alpha: 0.216
Parameters optimization took 4 rounds (0.092 sec)
Wrote distance file to... 
Computing ML distances based on estimated model parameters...
Calculating distance matrix: done in 0.00209188 secs using 96.85% CPU
Computing ML distances took 0.002163 sec (of wall-clock time) 0.002087 sec (of CPU time)
Setting up auxiliary I and S matrices: done in 0.000131845 secs
Constructing RapidNJ tree: done in 0.000213146 secs using 173.1% CPU
Computing RapidNJ tree took 0.000412 sec (of wall-clock time) 0.000422 sec (of CPU time)
Log-likelihood of RapidNJ tree: -8331.396
--------------------------------------------------------------------
|             INITIALIZING CANDIDATE TREE SET                      |
--------------------------------------------------------------------
Generating 98 parsimony trees... 0.126 second
Computing log-likelihood of 98 initial trees ... 0.180 seconds
Current best score: -8318.806

Do NNI search on 20 best initial trees
Estimate model parameters (epsilon = 0.100)
BETTER TREE FOUND at iteration 1: -8308.617
Estimate model parameters (epsilon = 0.100)
BETTER TREE FOUND at iteration 2: -8302.075
Estimate model parameters (epsilon = 0.100)
BETTER TREE FOUND at iteration 3: -8301.671
Estimate model parameters (epsilon = 0.100)
UPDATE BEST LOG-LIKELIHOOD: -8301.650
Iteration 10 / LogL: -8301.685 / Time: 0h:0m:0s
Estimate model parameters (epsilon = 0.100)
BETTER TREE FOUND at iteration 12: -8301.251
BETTER TREE FOUND at iteration 14: -8301.244
Iteration 20 / LogL: -8301.667 / Time: 0h:0m:1s
Finish initializing candidate tree set (12)
Current best tree score: -8301.244 / CPU time: 0.943
Number of iterations: 20
--------------------------------------------------------------------
|               OPTIMIZING CANDIDATE TREE SET                      |
--------------------------------------------------------------------
Estimate model parameters (epsilon = 0.100)
BETTER TREE FOUND at iteration 28: -8296.462
Iteration 30 / LogL: -8301.270 / Time: 0h:0m:1s (0h:0m:4s left)
Iteration 40 / LogL: -8296.471 / Time: 0h:0m:1s (0h:0m:3s left)
Iteration 50 / LogL: -8297.737 / Time: 0h:0m:2s (0h:0m:3s left)
Iteration 60 / LogL: -8301.299 / Time: 0h:0m:2s (0h:0m:2s left)
Iteration 70 / LogL: -8305.764 / Time: 0h:0m:2s (0h:0m:2s left)
Iteration 80 / LogL: -8297.882 / Time: 0h:0m:2s (0h:0m:1s left)
Iteration 90 / LogL: -8296.549 / Time: 0h:0m:3s (0h:0m:1s left)
Iteration 100 / LogL: -8296.465 / Time: 0h:0m:3s (0h:0m:0s left)
Iteration 110 / LogL: -8296.546 / Time: 0h:0m:3s (0h:0m:0s left)
Iteration 120 / LogL: -8301.311 / Time: 0h:0m:4s (0h:0m:0s left)
TREE SEARCH COMPLETED AFTER 129 ITERATIONS / Time: 0h:0m:4s

--------------------------------------------------------------------
|                    FINALIZING TREE SEARCH                        |
--------------------------------------------------------------------
Performs final model parameters optimization
Estimate model parameters (epsilon = 0.010)
1. Initial log-likelihood: -8296.462
Optimal log-likelihood: -8296.461
Rate parameters:  A-C: 0.95504  A-G: 3.85375  A-T: 0.96362  C-G: 0.93199  C-T: 9.15404  G-T: 1.00000
Base frequencies:  A: 0.232  C: 0.282  G: 0.302  T: 0.184
Gamma shape alpha: 0.215
Parameters optimization took 1 rounds (0.008 sec)
BEST SCORE FOUND : -8296.461
Total tree length: 1.998

Total number of iterations: 129
CPU time used for tree search: 4.498 sec (0h:0m:4s)
Wall-clock time used for tree search: 4.329 sec (0h:0m:4s)
Total CPU time used: 4.629 sec (0h:0m:4s)
Total wall-clock time used: 4.451 sec (0h:0m:4s)

Analysis results written to: 
  IQ-TREE report:                /workspace/IQTree_TarvD7_Results/ENSG00000103653.nuc.ord.iqtree
  Maximum-likelihood tree:       /workspace/IQTree_TarvD7_Results/ENSG00000103653.nuc.ord.treefile
  Likelihood distances:          /workspace/IQTree_TarvD7_Results/ENSG00000103653.nuc.ord.mldist
  Screen log file:               /workspace/IQTree_TarvD7_Results/ENSG00000103653.nuc.ord.log

Date and Time: Mon May 25 23:27:23 2026
