IQ-TREE version 3.1.2 for Linux x86 64-bit built May  7 2026
Developed by Bui Quang Minh, Thomas Wong, Nhan Ly-Trong, Huaiyan Ren
Contributed by Lam-Tung Nguyen, Dominik Schrempf, Chris Bielow,
Olga Chernomor, Michael Woodhams, Diep Thi Hoang, Heiko Schmidt

Host:    8084c4e79f09 (AVX512, FMA3, 1133 GB RAM)
Command: /workspace/iqtree-3.1.2-Linux/bin/iqtree3_intel -s /workspace/NeuralNJ/empirical/TarvD7/ENSG00000120658.nuc.ord.aln -st DNA -m GTR+G -seed 2201 -pre /workspace/IQTree_TarvD7_Results/ENSG00000120658.nuc.ord -quiet
Seed:    2201 (Using SPRNG - Scalable Parallel Random Number Generator)
Time:    Tue May 26 04:01:14 2026
Kernel:  AVX+FMA - 1 threads (384 CPU cores detected)

HINT: Use -nt option to specify number of threads because your CPU has 384 cores!
HINT: -nt AUTO will automatically determine the best number of threads to use.

Reading alignment file /workspace/NeuralNJ/empirical/TarvD7/ENSG00000120658.nuc.ord.aln ... Fasta format detected
Reading fasta file: done in 0.000656843 secs using 13.55% CPU
Alignment most likely contains DNA/RNA sequences
Constructing alignment: done in 0.00242519 secs using 63.21% CPU
Alignment has 35 sequences with 2073 columns, 936 distinct patterns
577 parsimony-informative, 225 singleton sites, 1271 constant sites
                   Gap/Ambiguity  Composition  p-value
Analyzing sequences: done in 4.81606e-05 secs using 101.7% CPU
   1  P001_Platypus       16.64%    passed     90.50%
   2  P002_Opossum         6.95%    passed     12.02%
   3  P003_Wallaby        20.41%    failed      0.30%
   4  P004_Tenrec         44.43%    passed     58.76%
   5  P005_Rock_hyrax      9.84%    passed     68.41%
   6  P006_Elephant       13.60%    passed     70.73%
   7  P007_Armadillo      23.59%    passed      5.04%
   8  P008_Sloth          18.23%    passed     90.49%
   9  P009_Hedgehog       17.08%    passed     62.66%
  10  P010_Common_shrew   36.90%    passed     16.00%
  11  P011_Dolphin        14.47%    passed     22.16%
  12  P012_Cow            16.79%    passed     12.67%
  13  P014_Alpaca         45.73%    passed     44.12%
  14  P015_Horse           6.95%    passed     96.88%
  15  P016_Dog             7.09%    passed     61.05%
  16  P017_Cat            24.02%    passed     55.54%
  17  P018_Megabat        10.13%    failed      0.13%
  18  P019_Microbat       11.72%    passed     77.25%
  19  P020_Rabbit         20.84%    failed      0.26%
  20  P021_Pika           24.46%    passed     85.49%
  21  P022_Squirrel       23.59%    passed     44.53%
  22  P023_Guinea_pig      6.95%    passed     71.53%
  23  P024_Kangaroo_rat   11.72%    passed     57.29%
  24  P025_Mouse           4.20%    passed     24.67%
  25  P026_Rat             4.20%    passed     42.07%
  26  P027_Tree_shrew     20.98%    failed      3.44%
  27  P028_Bushbaby       18.96%    passed     68.97%
  28  P029_Mouse_lemur    13.89%    passed     89.14%
  29  P030_Tarsier         6.95%    passed     85.36%
  30  P031_Marmoset        6.95%    passed     94.50%
  31  P032_Rhesus          6.95%    passed     43.80%
  32  P033_Orangutan       6.95%    passed     43.30%
  33  P034_Gorilla        27.64%    passed     47.14%
  34  P035_Chimp           6.95%    passed     39.31%
  35  P036_Human           6.95%    passed     44.42%
****  TOTAL               16.11%  4 sequences failed composition chi2 test (p-value<5%; df=3)
Checking for duplicate sequences: done in 0.000117064 secs using 100.8% CPU

Create initial parsimony tree by phylogenetic likelihood library (PLL)... 0.002 seconds

NOTE: 4 MB RAM (0 GB) is required!
Estimate model parameters (epsilon = 0.100)
1. Initial log-likelihood: -16736.650
2. Current log-likelihood: -15267.795
3. Current log-likelihood: -15242.082
4. Current log-likelihood: -15241.642
Optimal log-likelihood: -15241.613
Rate parameters:  A-C: 2.52373  A-G: 7.10842  A-T: 0.65085  C-G: 2.42467  C-T: 12.16178  G-T: 1.00000
Base frequencies:  A: 0.296  C: 0.244  G: 0.258  T: 0.202
Gamma shape alpha: 0.257
Parameters optimization took 4 rounds (0.157 sec)
Wrote distance file to... 
Computing ML distances based on estimated model parameters...
Calculating distance matrix: done in 0.00302792 secs using 99.97% CPU
Computing ML distances took 0.003155 sec (of wall-clock time) 0.003154 sec (of CPU time)
Setting up auxiliary I and S matrices: done in 0.00018096 secs using 100% CPU
Constructing RapidNJ tree: done in 0.000299931 secs using 248.4% CPU
Computing RapidNJ tree took 0.000532 sec (of wall-clock time) 0.000991 sec (of CPU time)
Log-likelihood of RapidNJ tree: -15343.014
--------------------------------------------------------------------
|             INITIALIZING CANDIDATE TREE SET                      |
--------------------------------------------------------------------
Generating 98 parsimony trees... 0.234 second
Computing log-likelihood of 98 initial trees ... 0.355 seconds
Current best score: -15241.613

Do NNI search on 20 best initial trees
Estimate model parameters (epsilon = 0.100)
BETTER TREE FOUND at iteration 1: -15233.262
Estimate model parameters (epsilon = 0.100)
BETTER TREE FOUND at iteration 2: -15206.954
Iteration 10 / LogL: -15212.628 / Time: 0h:0m:1s
Iteration 20 / LogL: -15206.983 / Time: 0h:0m:1s
Finish initializing candidate tree set (11)
Current best tree score: -15206.954 / CPU time: 1.638
Number of iterations: 20
--------------------------------------------------------------------
|               OPTIMIZING CANDIDATE TREE SET                      |
--------------------------------------------------------------------
Estimate model parameters (epsilon = 0.100)
BETTER TREE FOUND at iteration 21: -15203.657
Estimate model parameters (epsilon = 0.100)
BETTER TREE FOUND at iteration 25: -15202.802
Estimate model parameters (epsilon = 0.100)
BETTER TREE FOUND at iteration 27: -15202.551
Iteration 30 / LogL: -15203.069 / Time: 0h:0m:2s (0h:0m:8s left)
Iteration 40 / LogL: -15203.892 / Time: 0h:0m:3s (0h:0m:7s left)
Iteration 50 / LogL: -15205.181 / Time: 0h:0m:3s (0h:0m:5s left)
Iteration 60 / LogL: -15204.070 / Time: 0h:0m:4s (0h:0m:4s left)
Iteration 70 / LogL: -15202.552 / Time: 0h:0m:4s (0h:0m:4s left)
Iteration 80 / LogL: -15202.554 / Time: 0h:0m:5s (0h:0m:3s left)
Iteration 90 / LogL: -15202.906 / Time: 0h:0m:6s (0h:0m:2s left)
Iteration 100 / LogL: -15202.571 / Time: 0h:0m:6s (0h:0m:1s left)
Iteration 110 / LogL: -15218.155 / Time: 0h:0m:7s (0h:0m:1s left)
Iteration 120 / LogL: -15202.622 / Time: 0h:0m:7s (0h:0m:0s left)
TREE SEARCH COMPLETED AFTER 128 ITERATIONS / Time: 0h:0m:8s

--------------------------------------------------------------------
|                    FINALIZING TREE SEARCH                        |
--------------------------------------------------------------------
Performs final model parameters optimization
Estimate model parameters (epsilon = 0.010)
1. Initial log-likelihood: -15202.551
Optimal log-likelihood: -15202.549
Rate parameters:  A-C: 2.37363  A-G: 7.19942  A-T: 0.67638  C-G: 2.42756  C-T: 12.66340  G-T: 1.00000
Base frequencies:  A: 0.296  C: 0.244  G: 0.258  T: 0.202
Gamma shape alpha: 0.256
Parameters optimization took 1 rounds (0.015 sec)
BEST SCORE FOUND : -15202.549
Total tree length: 2.661

Total number of iterations: 128
CPU time used for tree search: 8.382 sec (0h:0m:8s)
Wall-clock time used for tree search: 8.241 sec (0h:0m:8s)
Total CPU time used: 8.627 sec (0h:0m:8s)
Total wall-clock time used: 8.459 sec (0h:0m:8s)

Analysis results written to: 
  IQ-TREE report:                /workspace/IQTree_TarvD7_Results/ENSG00000120658.nuc.ord.iqtree
  Maximum-likelihood tree:       /workspace/IQTree_TarvD7_Results/ENSG00000120658.nuc.ord.treefile
  Likelihood distances:          /workspace/IQTree_TarvD7_Results/ENSG00000120658.nuc.ord.mldist
  Screen log file:               /workspace/IQTree_TarvD7_Results/ENSG00000120658.nuc.ord.log

Date and Time: Tue May 26 04:01:23 2026
