IQ-TREE version 3.1.2 for Linux x86 64-bit built May  7 2026
Developed by Bui Quang Minh, Thomas Wong, Nhan Ly-Trong, Huaiyan Ren
Contributed by Lam-Tung Nguyen, Dominik Schrempf, Chris Bielow,
Olga Chernomor, Michael Woodhams, Diep Thi Hoang, Heiko Schmidt

Host:    8084c4e79f09 (AVX512, FMA3, 1133 GB RAM)
Command: /workspace/iqtree-3.1.2-Linux/bin/iqtree3_intel -s /workspace/NeuralNJ/empirical/TarvD7/ENSG00000182180.nuc.ord.aln -st DNA -m GTR+G -seed 2201 -pre /workspace/IQTree_TarvD7_Results/ENSG00000182180.nuc.ord -quiet
Seed:    2201 (Using SPRNG - Scalable Parallel Random Number Generator)
Time:    Tue May 26 20:59:47 2026
Kernel:  AVX+FMA - 1 threads (384 CPU cores detected)

HINT: Use -nt option to specify number of threads because your CPU has 384 cores!
HINT: -nt AUTO will automatically determine the best number of threads to use.

Reading alignment file /workspace/NeuralNJ/empirical/TarvD7/ENSG00000182180.nuc.ord.aln ... Fasta format detected
Reading fasta file: done in 0.000127077 secs using 24.39% CPU
Alignment most likely contains DNA/RNA sequences
Constructing alignment: done in 0.000535011 secs using 7.85% CPU
Alignment has 25 sequences with 423 columns, 269 distinct patterns
167 parsimony-informative, 86 singleton sites, 170 constant sites
                   Gap/Ambiguity  Composition  p-value
Analyzing sequences: done in 1.3113e-05 secs
   1  P001_Platypus        2.84%    failed      0.00%
   2  P002_Opossum         6.38%    passed     71.46%
   3  P003_Wallaby        13.48%    passed     43.23%
   4  P006_Elephant        5.67%    passed     81.88%
   5  P007_Armadillo      35.46%    passed     46.81%
   6  P008_Sloth           7.09%    passed     90.49%
   7  P011_Dolphin         9.22%    passed     99.93%
   8  P012_Cow             4.26%    passed     95.73%
   9  P013_Pig             4.26%    passed     99.13%
  10  P014_Alpaca          9.22%    passed     85.21%
  11  P015_Horse           4.26%    passed     98.48%
  12  P016_Dog             4.96%    passed     39.94%
  13  P017_Cat             5.67%    passed     99.24%
  14  P018_Megabat         5.67%    passed     51.97%
  15  P021_Pika            7.09%    passed      7.62%
  16  P023_Guinea_pig      4.26%    passed     88.77%
  17  P024_Kangaroo_rat    5.67%    passed     89.86%
  18  P025_Mouse           4.26%    passed     86.83%
  19  P026_Rat             4.26%    passed     81.59%
  20  P031_Marmoset        2.84%    passed     88.07%
  21  P032_Rhesus          2.84%    passed     84.13%
  22  P033_Orangutan       2.84%    passed     95.01%
  23  P034_Gorilla         4.26%    passed     93.17%
  24  P035_Chimp           2.84%    passed     95.29%
  25  P036_Human           2.84%    passed     96.45%
****  TOTAL                6.50%  1 sequences failed composition chi2 test (p-value<5%; df=3)
Checking for duplicate sequences: done in 6.19888e-05 secs

Create initial parsimony tree by phylogenetic likelihood library (PLL)... 0.001 seconds

NOTE: 0 MB RAM (0 GB) is required!
Estimate model parameters (epsilon = 0.100)
1. Initial log-likelihood: -3614.231
2. Current log-likelihood: -3491.786
3. Current log-likelihood: -3490.471
Optimal log-likelihood: -3490.453
Rate parameters:  A-C: 1.08807  A-G: 4.16995  A-T: 1.09765  C-G: 1.12989  C-T: 3.69874  G-T: 1.00000
Base frequencies:  A: 0.229  C: 0.291  G: 0.257  T: 0.223
Gamma shape alpha: 0.715
Parameters optimization took 3 rounds (0.025 sec)
Wrote distance file to... 
Computing ML distances based on estimated model parameters...
Calculating distance matrix: done in 0.00167799 secs using 100.1% CPU
Computing ML distances took 0.001717 sec (of wall-clock time) 0.001717 sec (of CPU time)
Setting up auxiliary I and S matrices: done in 0.00012517 secs using 99.86% CPU
Constructing RapidNJ tree: done in 0.00019598 secs using 313.3% CPU
Computing RapidNJ tree took 0.000391 sec (of wall-clock time) 0.000830 sec (of CPU time)
Log-likelihood of RapidNJ tree: -3539.442
--------------------------------------------------------------------
|             INITIALIZING CANDIDATE TREE SET                      |
--------------------------------------------------------------------
Generating 98 parsimony trees... 0.065 second
Computing log-likelihood of 98 initial trees ... 0.084 seconds
Current best score: -3490.221

Do NNI search on 20 best initial trees
Estimate model parameters (epsilon = 0.100)
BETTER TREE FOUND at iteration 1: -3489.346
Iteration 10 / LogL: -3489.511 / Time: 0h:0m:0s
Iteration 20 / LogL: -3490.004 / Time: 0h:0m:0s
Finish initializing candidate tree set (4)
Current best tree score: -3489.346 / CPU time: 0.299
Number of iterations: 20
--------------------------------------------------------------------
|               OPTIMIZING CANDIDATE TREE SET                      |
--------------------------------------------------------------------
Estimate model parameters (epsilon = 0.100)
BETTER TREE FOUND at iteration 24: -3488.477
Estimate model parameters (epsilon = 0.100)
BETTER TREE FOUND at iteration 26: -3487.877
Iteration 30 / LogL: -3488.319 / Time: 0h:0m:0s (0h:0m:1s left)
Iteration 40 / LogL: -3487.877 / Time: 0h:0m:0s (0h:0m:1s left)
Iteration 50 / LogL: -3487.879 / Time: 0h:0m:0s (0h:0m:1s left)
Iteration 60 / LogL: -3487.877 / Time: 0h:0m:0s (0h:0m:0s left)
Iteration 70 / LogL: -3488.520 / Time: 0h:0m:1s (0h:0m:0s left)
Iteration 80 / LogL: -3488.310 / Time: 0h:0m:1s (0h:0m:0s left)
Iteration 90 / LogL: -3487.878 / Time: 0h:0m:1s (0h:0m:0s left)
Iteration 100 / LogL: -3488.097 / Time: 0h:0m:1s (0h:0m:0s left)
Iteration 110 / LogL: -3487.877 / Time: 0h:0m:1s (0h:0m:0s left)
Iteration 120 / LogL: -3487.877 / Time: 0h:0m:1s (0h:0m:0s left)
TREE SEARCH COMPLETED AFTER 127 ITERATIONS / Time: 0h:0m:1s

--------------------------------------------------------------------
|                    FINALIZING TREE SEARCH                        |
--------------------------------------------------------------------
Performs final model parameters optimization
Estimate model parameters (epsilon = 0.010)
1. Initial log-likelihood: -3487.877
Optimal log-likelihood: -3487.876
Rate parameters:  A-C: 1.08929  A-G: 4.29212  A-T: 1.13721  C-G: 1.13065  C-T: 3.89311  G-T: 1.00000
Base frequencies:  A: 0.229  C: 0.291  G: 0.257  T: 0.223
Gamma shape alpha: 0.706
Parameters optimization took 1 rounds (0.003 sec)
BEST SCORE FOUND : -3487.876
Total tree length: 2.077

Total number of iterations: 127
CPU time used for tree search: 2.057 sec (0h:0m:2s)
Wall-clock time used for tree search: 1.878 sec (0h:0m:1s)
Total CPU time used: 2.103 sec (0h:0m:2s)
Total wall-clock time used: 1.921 sec (0h:0m:1s)

Analysis results written to: 
  IQ-TREE report:                /workspace/IQTree_TarvD7_Results/ENSG00000182180.nuc.ord.iqtree
  Maximum-likelihood tree:       /workspace/IQTree_TarvD7_Results/ENSG00000182180.nuc.ord.treefile
  Likelihood distances:          /workspace/IQTree_TarvD7_Results/ENSG00000182180.nuc.ord.mldist
  Screen log file:               /workspace/IQTree_TarvD7_Results/ENSG00000182180.nuc.ord.log

Date and Time: Tue May 26 20:59:49 2026
