IQ-TREE version 3.1.2 for Linux x86 64-bit built May  7 2026
Developed by Bui Quang Minh, Thomas Wong, Nhan Ly-Trong, Huaiyan Ren
Contributed by Lam-Tung Nguyen, Dominik Schrempf, Chris Bielow,
Olga Chernomor, Michael Woodhams, Diep Thi Hoang, Heiko Schmidt

Host:    8084c4e79f09 (AVX512, FMA3, 1133 GB RAM)
Command: /workspace/iqtree-3.1.2-Linux/bin/iqtree3_intel -s /workspace/NeuralNJ/empirical/TarvD7/ENSG00000176907.nuc.ord.aln -st DNA -m GTR+G -seed 2201 -pre /workspace/IQTree_TarvD7_Results/ENSG00000176907.nuc.ord -quiet
Seed:    2201 (Using SPRNG - Scalable Parallel Random Number Generator)
Time:    Tue May 26 20:09:04 2026
Kernel:  AVX+FMA - 1 threads (384 CPU cores detected)

HINT: Use -nt option to specify number of threads because your CPU has 384 cores!
HINT: -nt AUTO will automatically determine the best number of threads to use.

Reading alignment file /workspace/NeuralNJ/empirical/TarvD7/ENSG00000176907.nuc.ord.aln ... Fasta format detected
Reading fasta file: done in 0.000178814 secs using 26.28% CPU
Alignment most likely contains DNA/RNA sequences
Constructing alignment: done in 0.000528097 secs using 14.01% CPU
Alignment has 32 sequences with 336 columns, 174 distinct patterns
112 parsimony-informative, 47 singleton sites, 177 constant sites
                   Gap/Ambiguity  Composition  p-value
Analyzing sequences: done in 1.5974e-05 secs
   1  P001_Platypus        5.36%    passed     19.86%
   2  P002_Opossum         5.36%    passed     88.12%
   3  P003_Wallaby         2.68%    passed     91.36%
   4  P004_Tenrec          5.36%    passed     99.45%
   5  P005_Rock_hyrax      5.36%    passed     80.15%
   6  P006_Elephant        5.36%    passed     56.78%
   7  P007_Armadillo       5.36%    passed     98.37%
   8  P008_Sloth           5.36%    passed     97.58%
   9  P009_Hedgehog        5.36%    passed     88.50%
  10  P010_Common_shrew    4.46%    passed     68.78%
  11  P011_Dolphin         5.36%    passed     90.92%
  12  P012_Cow             5.36%    passed     96.64%
  13  P014_Alpaca          5.36%    passed     42.02%
  14  P015_Horse           5.36%    passed     99.45%
  15  P016_Dog             5.36%    passed     94.17%
  16  P017_Cat            17.86%    passed     85.40%
  17  P019_Microbat        5.36%    passed     81.18%
  18  P021_Pika            5.36%    failed      4.29%
  19  P022_Squirrel       51.79%    passed     32.40%
  20  P023_Guinea_pig      6.25%    passed     71.34%
  21  P024_Kangaroo_rat    5.36%    passed     98.81%
  22  P025_Mouse           5.36%    passed     72.02%
  23  P027_Tree_shrew      5.36%    passed     86.66%
  24  P028_Bushbaby        4.46%    passed     98.15%
  25  P029_Mouse_lemur     5.36%    passed     33.37%
  26  P030_Tarsier         5.36%    passed     66.73%
  27  P031_Marmoset        5.36%    passed     77.33%
  28  P032_Rhesus          5.36%    passed     93.07%
  29  P033_Orangutan       5.36%    passed     97.31%
  30  P034_Gorilla         5.36%    passed     93.06%
  31  P035_Chimp           5.36%    passed     93.06%
  32  P036_Human           5.36%    passed     95.74%
WARNING: 1 sequences contain more than 50% gaps/ambiguity
****  TOTAL                7.09%  1 sequences failed composition chi2 test (p-value<5%; df=3)
NOTE: P035_Chimp is identical to P034_Gorilla but kept for subsequent analysis
Checking for duplicate sequences: done in 9.29832e-05 secs

Create initial parsimony tree by phylogenetic likelihood library (PLL)... 0.001 seconds

NOTE: 0 MB RAM (0 GB) is required!
Estimate model parameters (epsilon = 0.100)
1. Initial log-likelihood: -3100.290
2. Current log-likelihood: -2928.231
3. Current log-likelihood: -2925.348
Optimal log-likelihood: -2925.269
Rate parameters:  A-C: 0.74204  A-G: 2.39416  A-T: 0.41293  C-G: 0.99221  C-T: 3.63081  G-T: 1.00000
Base frequencies:  A: 0.332  C: 0.259  G: 0.228  T: 0.181
Gamma shape alpha: 0.335
Parameters optimization took 3 rounds (0.041 sec)
Wrote distance file to... 
Computing ML distances based on estimated model parameters...
Calculating distance matrix: done in 0.00188708 secs using 99.94% CPU
Computing ML distances took 0.001930 sec (of wall-clock time) 0.001930 sec (of CPU time)
Setting up auxiliary I and S matrices: done in 0.000145912 secs using 99.37% CPU
Constructing RapidNJ tree: done in 0.000255108 secs using 272.8% CPU
Computing RapidNJ tree took 0.000452 sec (of wall-clock time) 0.000907 sec (of CPU time)
Log-likelihood of RapidNJ tree: -2939.111
--------------------------------------------------------------------
|             INITIALIZING CANDIDATE TREE SET                      |
--------------------------------------------------------------------
Generating 98 parsimony trees... 0.091 second
Computing log-likelihood of 98 initial trees ... 0.083 seconds
Current best score: -2920.764

Do NNI search on 20 best initial trees
Estimate model parameters (epsilon = 0.100)
BETTER TREE FOUND at iteration 1: -2917.474
BETTER TREE FOUND at iteration 2: -2917.473
BETTER TREE FOUND at iteration 3: -2917.473
Iteration 10 / LogL: -2917.473 / Time: 0h:0m:0s
Estimate model parameters (epsilon = 0.100)
BETTER TREE FOUND at iteration 13: -2915.156
Iteration 20 / LogL: -2917.484 / Time: 0h:0m:0s
Finish initializing candidate tree set (12)
Current best tree score: -2915.156 / CPU time: 0.458
Number of iterations: 20
--------------------------------------------------------------------
|               OPTIMIZING CANDIDATE TREE SET                      |
--------------------------------------------------------------------
Estimate model parameters (epsilon = 0.100)
BETTER TREE FOUND at iteration 22: -2915.003
Iteration 30 / LogL: -2915.017 / Time: 0h:0m:0s (0h:0m:2s left)
Iteration 40 / LogL: -2915.004 / Time: 0h:0m:0s (0h:0m:1s left)
Iteration 50 / LogL: -2915.017 / Time: 0h:0m:1s (0h:0m:1s left)
BETTER TREE FOUND at iteration 54: -2915.003
Iteration 60 / LogL: -2915.004 / Time: 0h:0m:1s (0h:0m:1s left)
UPDATE BEST LOG-LIKELIHOOD: -2915.003
UPDATE BEST LOG-LIKELIHOOD: -2915.003
Iteration 70 / LogL: -2915.004 / Time: 0h:0m:1s (0h:0m:1s left)
UPDATE BEST LOG-LIKELIHOOD: -2915.003
UPDATE BEST LOG-LIKELIHOOD: -2915.003
Iteration 80 / LogL: -2915.003 / Time: 0h:0m:1s (0h:0m:1s left)
Iteration 90 / LogL: -2915.017 / Time: 0h:0m:1s (0h:0m:1s left)
Iteration 100 / LogL: -2915.172 / Time: 0h:0m:1s (0h:0m:1s left)
Iteration 110 / LogL: -2915.016 / Time: 0h:0m:2s (0h:0m:0s left)
UPDATE BEST LOG-LIKELIHOOD: -2915.003
Iteration 120 / LogL: -2915.003 / Time: 0h:0m:2s (0h:0m:0s left)
UPDATE BEST LOG-LIKELIHOOD: -2915.003
Iteration 130 / LogL: -2915.004 / Time: 0h:0m:2s (0h:0m:0s left)
Iteration 140 / LogL: -2915.173 / Time: 0h:0m:2s (0h:0m:0s left)
Iteration 150 / LogL: -2915.003 / Time: 0h:0m:2s (0h:0m:0s left)
TREE SEARCH COMPLETED AFTER 155 ITERATIONS / Time: 0h:0m:2s

--------------------------------------------------------------------
|                    FINALIZING TREE SEARCH                        |
--------------------------------------------------------------------
Performs final model parameters optimization
Estimate model parameters (epsilon = 0.010)
1. Initial log-likelihood: -2915.003
Optimal log-likelihood: -2915.003
Rate parameters:  A-C: 0.79075  A-G: 2.69102  A-T: 0.45518  C-G: 1.15203  C-T: 4.11294  G-T: 1.00000
Base frequencies:  A: 0.332  C: 0.259  G: 0.228  T: 0.181
Gamma shape alpha: 0.336
Parameters optimization took 1 rounds (0.003 sec)
BEST SCORE FOUND : -2915.003
Total tree length: 2.538

Total number of iterations: 155
CPU time used for tree search: 2.913 sec (0h:0m:2s)
Wall-clock time used for tree search: 2.739 sec (0h:0m:2s)
Total CPU time used: 2.978 sec (0h:0m:2s)
Total wall-clock time used: 2.800 sec (0h:0m:2s)

Analysis results written to: 
  IQ-TREE report:                /workspace/IQTree_TarvD7_Results/ENSG00000176907.nuc.ord.iqtree
  Maximum-likelihood tree:       /workspace/IQTree_TarvD7_Results/ENSG00000176907.nuc.ord.treefile
  Likelihood distances:          /workspace/IQTree_TarvD7_Results/ENSG00000176907.nuc.ord.mldist
  Screen log file:               /workspace/IQTree_TarvD7_Results/ENSG00000176907.nuc.ord.log

Date and Time: Tue May 26 20:09:07 2026
