IQ-TREE version 3.1.2 for Linux x86 64-bit built May  7 2026
Developed by Bui Quang Minh, Thomas Wong, Nhan Ly-Trong, Huaiyan Ren
Contributed by Lam-Tung Nguyen, Dominik Schrempf, Chris Bielow,
Olga Chernomor, Michael Woodhams, Diep Thi Hoang, Heiko Schmidt

Host:    8084c4e79f09 (AVX512, FMA3, 1133 GB RAM)
Command: /workspace/iqtree-3.1.2-Linux/bin/iqtree3_intel -s /workspace/NeuralNJ/empirical/TarvD7/ENSG00000203877.nuc.ord.aln -st DNA -m GTR+G -seed 2201 -pre /workspace/IQTree_TarvD7_Results/ENSG00000203877.nuc.ord -quiet
Seed:    2201 (Using SPRNG - Scalable Parallel Random Number Generator)
Time:    Wed May 27 00:04:07 2026
Kernel:  AVX+FMA - 1 threads (384 CPU cores detected)

HINT: Use -nt option to specify number of threads because your CPU has 384 cores!
HINT: -nt AUTO will automatically determine the best number of threads to use.

Reading alignment file /workspace/NeuralNJ/empirical/TarvD7/ENSG00000203877.nuc.ord.aln ... Fasta format detected
Reading fasta file: done in 0.000253916 secs using 24.81% CPU
Alignment most likely contains DNA/RNA sequences
Constructing alignment: done in 0.00110102 secs using 1.726% CPU
Alignment has 25 sequences with 981 columns, 380 distinct patterns
172 parsimony-informative, 113 singleton sites, 696 constant sites
                   Gap/Ambiguity  Composition  p-value
Analyzing sequences: done in 1.90735e-05 secs
   1  P003_Wallaby        77.06%    failed      0.18%
   2  P004_Tenrec         60.24%    failed      2.77%
   3  P006_Elephant       61.16%    passed     55.76%
   4  P007_Armadillo      65.44%    passed     24.08%
   5  P008_Sloth          61.16%    passed     55.76%
   6  P009_Hedgehog       61.77%    failed      1.29%
   7  P010_Common_shrew   74.92%    failed      0.00%
   8  P011_Dolphin        76.76%    passed     73.91%
   9  P012_Cow            55.05%    failed      0.08%
  10  P013_Pig            62.39%    passed     73.03%
  11  P015_Horse          85.02%    failed      0.01%
  12  P018_Megabat        60.55%    passed     74.91%
  13  P022_Squirrel       76.76%    failed      0.23%
  14  P023_Guinea_pig     67.28%    passed     82.14%
  15  P024_Kangaroo_rat   78.90%    passed     83.57%
  16  P025_Mouse          60.86%    passed     37.34%
  17  P026_Rat            60.86%    passed     38.38%
  18  P027_Tree_shrew     66.06%    passed     16.07%
  19  P028_Bushbaby       68.81%    passed      5.86%
  20  P029_Mouse_lemur    63.91%    passed     79.18%
  21  P031_Marmoset       60.86%    passed     30.19%
  22  P032_Rhesus         60.86%    passed     35.18%
  23  P033_Orangutan      60.86%    passed     27.75%
  24  P035_Chimp          60.86%    passed     24.73%
  25  P036_Human          60.86%    passed     25.20%
WARNING: 25 sequences contain more than 50% gaps/ambiguity
****  TOTAL               65.97%  7 sequences failed composition chi2 test (p-value<5%; df=3)
Checking for duplicate sequences: done in 6.58035e-05 secs

Create initial parsimony tree by phylogenetic likelihood library (PLL)... 0.001 seconds

NOTE: 1 MB RAM (0 GB) is required!
Estimate model parameters (epsilon = 0.100)
1. Initial log-likelihood: -4670.854
2. Current log-likelihood: -4290.433
3. Current log-likelihood: -4285.333
Optimal log-likelihood: -4285.203
Rate parameters:  A-C: 1.77479  A-G: 3.62826  A-T: 1.06967  C-G: 2.46544  C-T: 4.06028  G-T: 1.00000
Base frequencies:  A: 0.277  C: 0.243  G: 0.262  T: 0.219
Gamma shape alpha: 0.731
Parameters optimization took 3 rounds (0.035 sec)
Wrote distance file to... 
Computing ML distances based on estimated model parameters...
Calculating distance matrix: done in 0.00148296 secs using 99.94% CPU
Computing ML distances took 0.001583 sec (of wall-clock time) 0.001583 sec (of CPU time)
Setting up auxiliary I and S matrices: done in 0.000132084 secs using 73.44% CPU
Constructing RapidNJ tree: done in 0.000237942 secs using 199.2% CPU
Computing RapidNJ tree took 0.000459 sec (of wall-clock time) 0.000651 sec (of CPU time)
Log-likelihood of RapidNJ tree: -4298.298
--------------------------------------------------------------------
|             INITIALIZING CANDIDATE TREE SET                      |
--------------------------------------------------------------------
Generating 98 parsimony trees... 0.073 second
Computing log-likelihood of 98 initial trees ... 0.122 seconds
Current best score: -4285.203

Do NNI search on 20 best initial trees
Estimate model parameters (epsilon = 0.100)
BETTER TREE FOUND at iteration 1: -4276.098
Estimate model parameters (epsilon = 0.100)
BETTER TREE FOUND at iteration 2: -4272.769
Estimate model parameters (epsilon = 0.100)
BETTER TREE FOUND at iteration 3: -4270.457
Estimate model parameters (epsilon = 0.100)
BETTER TREE FOUND at iteration 4: -4270.444
Iteration 10 / LogL: -4274.144 / Time: 0h:0m:0s
Iteration 20 / LogL: -4271.366 / Time: 0h:0m:0s
Finish initializing candidate tree set (20)
Current best tree score: -4270.444 / CPU time: 0.811
Number of iterations: 20
--------------------------------------------------------------------
|               OPTIMIZING CANDIDATE TREE SET                      |
--------------------------------------------------------------------
UPDATE BEST LOG-LIKELIHOOD: -4270.444
Estimate model parameters (epsilon = 0.100)
BETTER TREE FOUND at iteration 27: -4269.440
Iteration 30 / LogL: -4269.442 / Time: 0h:0m:1s (0h:0m:3s left)
Iteration 40 / LogL: -4270.448 / Time: 0h:0m:1s (0h:0m:2s left)
Iteration 50 / LogL: -4270.854 / Time: 0h:0m:1s (0h:0m:2s left)
Iteration 60 / LogL: -4269.854 / Time: 0h:0m:1s (0h:0m:2s left)
Estimate model parameters (epsilon = 0.100)
BETTER TREE FOUND at iteration 67: -4269.085
Iteration 70 / LogL: -4269.661 / Time: 0h:0m:2s (0h:0m:2s left)
UPDATE BEST LOG-LIKELIHOOD: -4269.083
UPDATE BEST LOG-LIKELIHOOD: -4269.083
Iteration 80 / LogL: -4269.083 / Time: 0h:0m:2s (0h:0m:2s left)
UPDATE BEST LOG-LIKELIHOOD: -4269.083
Iteration 90 / LogL: -4269.453 / Time: 0h:0m:2s (0h:0m:2s left)
UPDATE BEST LOG-LIKELIHOOD: -4269.083
Iteration 100 / LogL: -4269.755 / Time: 0h:0m:2s (0h:0m:1s left)
Estimate model parameters (epsilon = 0.100)
BETTER TREE FOUND at iteration 107: -4268.972
UPDATE BEST LOG-LIKELIHOOD: -4268.972
Iteration 110 / LogL: -4269.096 / Time: 0h:0m:2s (0h:0m:2s left)
Iteration 120 / LogL: -4268.973 / Time: 0h:0m:3s (0h:0m:2s left)
Iteration 130 / LogL: -4269.150 / Time: 0h:0m:3s (0h:0m:2s left)
Iteration 140 / LogL: -4269.127 / Time: 0h:0m:3s (0h:0m:1s left)
Iteration 150 / LogL: -4269.285 / Time: 0h:0m:3s (0h:0m:1s left)
Iteration 160 / LogL: -4270.498 / Time: 0h:0m:4s (0h:0m:1s left)
Iteration 170 / LogL: -4270.489 / Time: 0h:0m:4s (0h:0m:0s left)
Iteration 180 / LogL: -4269.711 / Time: 0h:0m:4s (0h:0m:0s left)
Iteration 190 / LogL: -4269.096 / Time: 0h:0m:4s (0h:0m:0s left)
Estimate model parameters (epsilon = 0.100)
BETTER TREE FOUND at iteration 191: -4268.293
Iteration 200 / LogL: -4272.177 / Time: 0h:0m:5s (0h:0m:2s left)
Iteration 210 / LogL: -4269.195 / Time: 0h:0m:5s (0h:0m:2s left)
Iteration 220 / LogL: -4269.003 / Time: 0h:0m:5s (0h:0m:1s left)
Iteration 230 / LogL: -4268.997 / Time: 0h:0m:5s (0h:0m:1s left)
Iteration 240 / LogL: -4269.878 / Time: 0h:0m:6s (0h:0m:1s left)
Iteration 250 / LogL: -4268.298 / Time: 0h:0m:6s (0h:0m:1s left)
Iteration 260 / LogL: -4268.998 / Time: 0h:0m:6s (0h:0m:0s left)
UPDATE BEST LOG-LIKELIHOOD: -4268.293
Iteration 270 / LogL: -4269.098 / Time: 0h:0m:6s (0h:0m:0s left)
Iteration 280 / LogL: -4269.490 / Time: 0h:0m:6s (0h:0m:0s left)
Iteration 290 / LogL: -4269.985 / Time: 0h:0m:7s (0h:0m:0s left)
TREE SEARCH COMPLETED AFTER 292 ITERATIONS / Time: 0h:0m:7s

--------------------------------------------------------------------
|                    FINALIZING TREE SEARCH                        |
--------------------------------------------------------------------
Performs final model parameters optimization
Estimate model parameters (epsilon = 0.010)
1. Initial log-likelihood: -4268.293
Optimal log-likelihood: -4268.293
Rate parameters:  A-C: 1.73780  A-G: 3.76134  A-T: 1.06311  C-G: 2.59973  C-T: 4.13588  G-T: 1.00000
Base frequencies:  A: 0.277  C: 0.243  G: 0.262  T: 0.219
Gamma shape alpha: 0.752
Parameters optimization took 1 rounds (0.005 sec)
BEST SCORE FOUND : -4268.293
Total tree length: 3.121

Total number of iterations: 292
CPU time used for tree search: 7.263 sec (0h:0m:7s)
Wall-clock time used for tree search: 7.106 sec (0h:0m:7s)
Total CPU time used: 7.339 sec (0h:0m:7s)
Total wall-clock time used: 7.170 sec (0h:0m:7s)

Analysis results written to: 
  IQ-TREE report:                /workspace/IQTree_TarvD7_Results/ENSG00000203877.nuc.ord.iqtree
  Maximum-likelihood tree:       /workspace/IQTree_TarvD7_Results/ENSG00000203877.nuc.ord.treefile
  Likelihood distances:          /workspace/IQTree_TarvD7_Results/ENSG00000203877.nuc.ord.mldist
  Screen log file:               /workspace/IQTree_TarvD7_Results/ENSG00000203877.nuc.ord.log

Date and Time: Wed May 27 00:04:14 2026
