IQ-TREE version 3.1.2 for Linux x86 64-bit built May  7 2026
Developed by Bui Quang Minh, Thomas Wong, Nhan Ly-Trong, Huaiyan Ren
Contributed by Lam-Tung Nguyen, Dominik Schrempf, Chris Bielow,
Olga Chernomor, Michael Woodhams, Diep Thi Hoang, Heiko Schmidt

Host:    8084c4e79f09 (AVX512, FMA3, 1133 GB RAM)
Command: /workspace/iqtree-3.1.2-Linux/bin/iqtree3_intel -s /workspace/NeuralNJ/empirical/TarvD7/ENSG00000151468.nuc.ord.aln -st DNA -m GTR+G -seed 2201 -pre /workspace/IQTree_TarvD7_Results/ENSG00000151468.nuc.ord -quiet
Seed:    2201 (Using SPRNG - Scalable Parallel Random Number Generator)
Time:    Tue May 26 12:21:46 2026
Kernel:  AVX+FMA - 1 threads (384 CPU cores detected)

HINT: Use -nt option to specify number of threads because your CPU has 384 cores!
HINT: -nt AUTO will automatically determine the best number of threads to use.

Reading alignment file /workspace/NeuralNJ/empirical/TarvD7/ENSG00000151468.nuc.ord.aln ... Fasta format detected
Reading fasta file: done in 0.000277042 secs using 22.74% CPU
Alignment most likely contains DNA/RNA sequences
Constructing alignment: done in 0.00102806 secs using 3.21% CPU
Alignment has 29 sequences with 897 columns, 466 distinct patterns
279 parsimony-informative, 125 singleton sites, 493 constant sites
                   Gap/Ambiguity  Composition  p-value
Analyzing sequences: done in 0.000149012 secs using 34.23% CPU
   1  P001_Platypus        5.69%    passed     86.63%
   2  P002_Opossum         8.03%    failed      0.10%
   3  P003_Wallaby        16.39%    passed     25.46%
   4  P004_Tenrec         38.80%    passed     45.05%
   5  P005_Rock_hyrax      8.36%    passed     77.26%
   6  P006_Elephant        9.36%    passed     25.80%
   7  P007_Armadillo      51.51%    passed     96.50%
   8  P008_Sloth          52.84%    passed     57.56%
   9  P011_Dolphin        50.17%    passed     13.99%
  10  P013_Pig             9.36%    passed     63.10%
  11  P014_Alpaca         53.85%    passed      7.81%
  12  P015_Horse          30.77%    passed     15.43%
  13  P016_Dog            38.80%    passed     35.60%
  14  P018_Megabat         8.36%    passed     37.50%
  15  P019_Microbat       50.17%    failed      1.27%
  16  P020_Rabbit         48.49%    passed     39.74%
  17  P021_Pika           38.80%    passed     12.46%
  18  P023_Guinea_pig     49.50%    passed     20.15%
  19  P024_Kangaroo_rat    8.70%    passed     17.17%
  20  P025_Mouse           8.70%    passed     89.21%
  21  P026_Rat            38.46%    passed     43.38%
  22  P028_Bushbaby       41.14%    failed      0.19%
  23  P029_Mouse_lemur    41.81%    passed     28.38%
  24  P031_Marmoset        9.70%    passed     51.76%
  25  P032_Rhesus          9.70%    passed     57.31%
  26  P033_Orangutan       9.70%    passed     52.17%
  27  P034_Gorilla        15.05%    passed     70.46%
  28  P035_Chimp           9.70%    passed     52.25%
  29  P036_Human           9.70%    passed     47.63%
WARNING: 5 sequences contain more than 50% gaps/ambiguity
****  TOTAL               26.61%  3 sequences failed composition chi2 test (p-value<5%; df=3)
Checking for duplicate sequences: done in 9.89437e-05 secs using 99.05% CPU

Create initial parsimony tree by phylogenetic likelihood library (PLL)... 0.002 seconds

NOTE: 1 MB RAM (0 GB) is required!
Estimate model parameters (epsilon = 0.100)
1. Initial log-likelihood: -6326.227
2. Current log-likelihood: -6052.922
3. Current log-likelihood: -6050.780
Optimal log-likelihood: -6050.748
Rate parameters:  A-C: 1.48918  A-G: 3.80894  A-T: 0.54938  C-G: 2.50961  C-T: 4.83723  G-T: 1.00000
Base frequencies:  A: 0.204  C: 0.311  G: 0.300  T: 0.185
Gamma shape alpha: 0.440
Parameters optimization took 3 rounds (0.069 sec)
Wrote distance file to... 
Computing ML distances based on estimated model parameters...
Calculating distance matrix: done in 0.00176001 secs using 100.1% CPU
Computing ML distances took 0.001873 sec (of wall-clock time) 0.001873 sec (of CPU time)
Setting up auxiliary I and S matrices: done in 7.10487e-05 secs using 211.1% CPU
Constructing RapidNJ tree: done in 8.67844e-05 secs using 84.12% CPU
Computing RapidNJ tree took 0.000222 sec (of wall-clock time) 0.000277 sec (of CPU time)
Log-likelihood of RapidNJ tree: -6064.204
--------------------------------------------------------------------
|             INITIALIZING CANDIDATE TREE SET                      |
--------------------------------------------------------------------
Generating 98 parsimony trees... 0.110 second
Computing log-likelihood of 98 initial trees ... 0.156 seconds
Current best score: -6046.082

Do NNI search on 20 best initial trees
Estimate model parameters (epsilon = 0.100)
BETTER TREE FOUND at iteration 1: -6036.355
Estimate model parameters (epsilon = 0.100)
BETTER TREE FOUND at iteration 9: -6036.064
Iteration 10 / LogL: -6038.130 / Time: 0h:0m:0s
Iteration 20 / LogL: -6044.486 / Time: 0h:0m:0s
Finish initializing candidate tree set (6)
Current best tree score: -6036.064 / CPU time: 0.573
Number of iterations: 20
--------------------------------------------------------------------
|               OPTIMIZING CANDIDATE TREE SET                      |
--------------------------------------------------------------------
Iteration 30 / LogL: -6036.536 / Time: 0h:0m:0s (0h:0m:2s left)
Iteration 40 / LogL: -6036.413 / Time: 0h:0m:1s (0h:0m:2s left)
Iteration 50 / LogL: -6036.189 / Time: 0h:0m:1s (0h:0m:1s left)
Iteration 60 / LogL: -6038.115 / Time: 0h:0m:1s (0h:0m:1s left)
Iteration 70 / LogL: -6036.088 / Time: 0h:0m:1s (0h:0m:1s left)
Iteration 80 / LogL: -6038.088 / Time: 0h:0m:2s (0h:0m:0s left)
Iteration 90 / LogL: -6036.375 / Time: 0h:0m:2s (0h:0m:0s left)
Iteration 100 / LogL: -6036.366 / Time: 0h:0m:2s (0h:0m:0s left)
Iteration 110 / LogL: -6036.368 / Time: 0h:0m:2s (0h:0m:-1s left)
TREE SEARCH COMPLETED AFTER 110 ITERATIONS / Time: 0h:0m:2s

--------------------------------------------------------------------
|                    FINALIZING TREE SEARCH                        |
--------------------------------------------------------------------
Performs final model parameters optimization
Estimate model parameters (epsilon = 0.010)
1. Initial log-likelihood: -6036.064
Optimal log-likelihood: -6036.062
Rate parameters:  A-C: 1.46159  A-G: 3.80852  A-T: 0.54707  C-G: 2.53573  C-T: 4.87803  G-T: 1.00000
Base frequencies:  A: 0.204  C: 0.311  G: 0.300  T: 0.185
Gamma shape alpha: 0.443
Parameters optimization took 1 rounds (0.007 sec)
BEST SCORE FOUND : -6036.062
Total tree length: 1.852

Total number of iterations: 110
CPU time used for tree search: 3.042 sec (0h:0m:3s)
Wall-clock time used for tree search: 2.867 sec (0h:0m:2s)
Total CPU time used: 3.147 sec (0h:0m:3s)
Total wall-clock time used: 2.963 sec (0h:0m:2s)

Analysis results written to: 
  IQ-TREE report:                /workspace/IQTree_TarvD7_Results/ENSG00000151468.nuc.ord.iqtree
  Maximum-likelihood tree:       /workspace/IQTree_TarvD7_Results/ENSG00000151468.nuc.ord.treefile
  Likelihood distances:          /workspace/IQTree_TarvD7_Results/ENSG00000151468.nuc.ord.mldist
  Screen log file:               /workspace/IQTree_TarvD7_Results/ENSG00000151468.nuc.ord.log

Date and Time: Tue May 26 12:21:49 2026
