IQ-TREE version 3.1.2 for Linux x86 64-bit built May  7 2026
Developed by Bui Quang Minh, Thomas Wong, Nhan Ly-Trong, Huaiyan Ren
Contributed by Lam-Tung Nguyen, Dominik Schrempf, Chris Bielow,
Olga Chernomor, Michael Woodhams, Diep Thi Hoang, Heiko Schmidt

Host:    8084c4e79f09 (AVX512, FMA3, 1133 GB RAM)
Command: /workspace/iqtree-3.1.2-Linux/bin/iqtree3_intel -s /workspace/NeuralNJ/empirical/TarvD7/ENSG00000178537.nuc.ord.aln -st DNA -m GTR+G -seed 2201 -pre /workspace/IQTree_TarvD7_Results/ENSG00000178537.nuc.ord -quiet
Seed:    2201 (Using SPRNG - Scalable Parallel Random Number Generator)
Time:    Tue May 26 20:25:47 2026
Kernel:  AVX+FMA - 1 threads (384 CPU cores detected)

HINT: Use -nt option to specify number of threads because your CPU has 384 cores!
HINT: -nt AUTO will automatically determine the best number of threads to use.

Reading alignment file /workspace/NeuralNJ/empirical/TarvD7/ENSG00000178537.nuc.ord.aln ... Fasta format detected
Reading fasta file: done in 0.00065279 secs using 73.07% CPU
Alignment most likely contains DNA/RNA sequences
Constructing alignment: done in 0.00185204 secs using 77.75% CPU
Alignment has 33 sequences with 1656 columns, 519 distinct patterns
299 parsimony-informative, 164 singleton sites, 1193 constant sites
                   Gap/Ambiguity  Composition  p-value
Analyzing sequences: done in 2.71797e-05 secs using 99.34% CPU
   1  P001_Platypus       70.65%    passed     43.50%
   2  P003_Wallaby        59.60%    passed     28.45%
   3  P004_Tenrec         53.99%    passed     40.94%
   4  P005_Rock_hyrax     65.04%    passed     78.55%
   5  P006_Elephant       53.80%    passed     86.77%
   6  P007_Armadillo      56.70%    passed      9.29%
   7  P008_Sloth          66.85%    passed     38.90%
   8  P010_Common_shrew   59.96%    passed     93.04%
   9  P011_Dolphin        52.72%    passed     96.85%
  10  P012_Cow            45.47%    passed     69.12%
  11  P013_Pig            45.47%    passed     84.27%
  12  P014_Alpaca         51.45%    passed     80.55%
  13  P015_Horse           0.00%    failed      0.38%
  14  P016_Dog            45.47%    passed     99.94%
  15  P017_Cat            56.52%    passed     71.79%
  16  P018_Megabat        45.47%    passed     66.28%
  17  P019_Microbat       51.09%    failed      0.20%
  18  P020_Rabbit         50.00%    passed     88.84%
  19  P021_Pika           45.47%    passed     38.90%
  20  P022_Squirrel       70.29%    passed     88.22%
  21  P023_Guinea_pig     45.47%    passed     24.99%
  22  P024_Kangaroo_rat   67.93%    passed     60.17%
  23  P025_Mouse          45.47%    passed     98.86%
  24  P026_Rat            45.47%    passed     90.02%
  25  P027_Tree_shrew     61.59%    passed     80.08%
  26  P028_Bushbaby       51.09%    passed     77.65%
  27  P029_Mouse_lemur    53.26%    passed     95.08%
  28  P030_Tarsier        62.32%    passed     92.44%
  29  P031_Marmoset       45.47%    passed     88.91%
  30  P032_Rhesus         45.47%    passed     98.82%
  31  P033_Orangutan      45.47%    passed     97.70%
  32  P035_Chimp          45.47%    passed     99.22%
  33  P036_Human          45.47%    passed     99.41%
WARNING: 18 sequences contain more than 50% gaps/ambiguity
****  TOTAL               51.70%  2 sequences failed composition chi2 test (p-value<5%; df=3)
Checking for duplicate sequences: done in 9.01222e-05 secs using 99.86% CPU

Create initial parsimony tree by phylogenetic likelihood library (PLL)... 0.002 seconds

NOTE: 2 MB RAM (0 GB) is required!
Estimate model parameters (epsilon = 0.100)
1. Initial log-likelihood: -9317.516
2. Current log-likelihood: -8580.056
3. Current log-likelihood: -8574.739
Optimal log-likelihood: -8574.705
Rate parameters:  A-C: 2.02353  A-G: 6.03080  A-T: 1.08807  C-G: 1.16791  C-T: 6.08027  G-T: 1.00000
Base frequencies:  A: 0.228  C: 0.250  G: 0.276  T: 0.246
Gamma shape alpha: 0.413
Parameters optimization took 3 rounds (0.139 sec)
Wrote distance file to... 
Computing ML distances based on estimated model parameters...
Calculating distance matrix: done in 0.00242305 secs using 100% CPU
Computing ML distances took 0.002492 sec (of wall-clock time) 0.002492 sec (of CPU time)
Setting up auxiliary I and S matrices: done in 0.000155926 secs using 89.14% CPU
Constructing RapidNJ tree: done in 0.000109911 secs using 89.16% CPU
Computing RapidNJ tree took 0.000323 sec (of wall-clock time) 0.000288 sec (of CPU time)
Log-likelihood of RapidNJ tree: -8615.174
--------------------------------------------------------------------
|             INITIALIZING CANDIDATE TREE SET                      |
--------------------------------------------------------------------
Generating 98 parsimony trees... 0.166 second
Computing log-likelihood of 98 initial trees ... 0.206 seconds
Current best score: -8574.705

Do NNI search on 20 best initial trees
Estimate model parameters (epsilon = 0.100)
BETTER TREE FOUND at iteration 1: -8568.523
Estimate model parameters (epsilon = 0.100)
BETTER TREE FOUND at iteration 3: -8568.273
Estimate model parameters (epsilon = 0.100)
BETTER TREE FOUND at iteration 9: -8567.865
Iteration 10 / LogL: -8573.335 / Time: 0h:0m:0s
Iteration 20 / LogL: -8569.639 / Time: 0h:0m:1s
Finish initializing candidate tree set (11)
Current best tree score: -8567.865 / CPU time: 0.959
Number of iterations: 20
--------------------------------------------------------------------
|               OPTIMIZING CANDIDATE TREE SET                      |
--------------------------------------------------------------------
Estimate model parameters (epsilon = 0.100)
BETTER TREE FOUND at iteration 21: -8567.692
Iteration 30 / LogL: -8568.682 / Time: 0h:0m:1s (0h:0m:4s left)
Iteration 40 / LogL: -8567.977 / Time: 0h:0m:1s (0h:0m:3s left)
Iteration 50 / LogL: -8569.229 / Time: 0h:0m:2s (0h:0m:2s left)
Iteration 60 / LogL: -8567.699 / Time: 0h:0m:2s (0h:0m:2s left)
Iteration 70 / LogL: -8568.883 / Time: 0h:0m:2s (0h:0m:2s left)
Iteration 80 / LogL: -8567.754 / Time: 0h:0m:3s (0h:0m:1s left)
Iteration 90 / LogL: -8567.693 / Time: 0h:0m:3s (0h:0m:1s left)
Iteration 100 / LogL: -8569.239 / Time: 0h:0m:3s (0h:0m:0s left)
Iteration 110 / LogL: -8567.699 / Time: 0h:0m:4s (0h:0m:0s left)
Iteration 120 / LogL: -8568.675 / Time: 0h:0m:4s (0h:0m:0s left)
TREE SEARCH COMPLETED AFTER 122 ITERATIONS / Time: 0h:0m:4s

--------------------------------------------------------------------
|                    FINALIZING TREE SEARCH                        |
--------------------------------------------------------------------
Performs final model parameters optimization
Estimate model parameters (epsilon = 0.010)
1. Initial log-likelihood: -8567.692
Optimal log-likelihood: -8567.690
Rate parameters:  A-C: 2.03201  A-G: 6.12530  A-T: 1.10659  C-G: 1.15590  C-T: 6.11030  G-T: 1.00000
Base frequencies:  A: 0.228  C: 0.250  G: 0.276  T: 0.246
Gamma shape alpha: 0.412
Parameters optimization took 1 rounds (0.008 sec)
BEST SCORE FOUND : -8567.690
Total tree length: 2.352

Total number of iterations: 122
CPU time used for tree search: 4.394 sec (0h:0m:4s)
Wall-clock time used for tree search: 4.229 sec (0h:0m:4s)
Total CPU time used: 4.585 sec (0h:0m:4s)
Total wall-clock time used: 4.404 sec (0h:0m:4s)

Analysis results written to: 
  IQ-TREE report:                /workspace/IQTree_TarvD7_Results/ENSG00000178537.nuc.ord.iqtree
  Maximum-likelihood tree:       /workspace/IQTree_TarvD7_Results/ENSG00000178537.nuc.ord.treefile
  Likelihood distances:          /workspace/IQTree_TarvD7_Results/ENSG00000178537.nuc.ord.mldist
  Screen log file:               /workspace/IQTree_TarvD7_Results/ENSG00000178537.nuc.ord.log

Date and Time: Tue May 26 20:25:51 2026
