IQ-TREE version 3.1.2 for Linux x86 64-bit built May  7 2026
Developed by Bui Quang Minh, Thomas Wong, Nhan Ly-Trong, Huaiyan Ren
Contributed by Lam-Tung Nguyen, Dominik Schrempf, Chris Bielow,
Olga Chernomor, Michael Woodhams, Diep Thi Hoang, Heiko Schmidt

Host:    8084c4e79f09 (AVX512, FMA3, 1133 GB RAM)
Command: /workspace/iqtree-3.1.2-Linux/bin/iqtree3_intel -s /workspace/NeuralNJ/empirical/TarvD7/ENSG00000109381.nuc.ord.aln -st DNA -m GTR+G -seed 2201 -pre /workspace/IQTree_TarvD7_Results/ENSG00000109381.nuc.ord -quiet
Seed:    2201 (Using SPRNG - Scalable Parallel Random Number Generator)
Time:    Tue May 26 00:57:04 2026
Kernel:  AVX+FMA - 1 threads (384 CPU cores detected)

HINT: Use -nt option to specify number of threads because your CPU has 384 cores!
HINT: -nt AUTO will automatically determine the best number of threads to use.

Reading alignment file /workspace/NeuralNJ/empirical/TarvD7/ENSG00000109381.nuc.ord.aln ... Fasta format detected
Reading fasta file: done in 0.000614882 secs using 31.55% CPU
Alignment most likely contains DNA/RNA sequences
Constructing alignment: done in 0.00218105 secs using 60.38% CPU
Alignment has 35 sequences with 1875 columns, 1007 distinct patterns
574 parsimony-informative, 294 singleton sites, 1007 constant sites
                   Gap/Ambiguity  Composition  p-value
Analyzing sequences: done in 5.19753e-05 secs using 100% CPU
   1  P001_Platypus       82.08%    passed     42.22%
   2  P002_Opossum         5.12%    passed     74.30%
   3  P003_Wallaby        18.72%    passed     35.78%
   4  P004_Tenrec         35.36%    passed     11.23%
   5  P005_Rock_hyrax     43.52%    passed     20.32%
   6  P006_Elephant       46.08%    passed     80.43%
   7  P007_Armadillo      30.56%    failed      4.62%
   8  P008_Sloth          16.32%    passed      9.18%
   9  P009_Hedgehog       18.72%    failed      0.00%
  10  P010_Common_shrew    8.80%    failed      0.00%
  11  P011_Dolphin        32.32%    passed     74.54%
  12  P013_Pig            47.84%    passed     53.22%
  13  P014_Alpaca         18.40%    passed     35.96%
  14  P015_Horse           4.96%    passed     38.53%
  15  P016_Dog             5.28%    passed     53.69%
  16  P017_Cat            21.60%    passed     52.41%
  17  P018_Megabat        11.52%    passed     61.29%
  18  P019_Microbat       13.28%    passed     37.48%
  19  P020_Rabbit         23.36%    passed     52.97%
  20  P021_Pika           14.40%    passed     77.34%
  21  P022_Squirrel       19.84%    passed      9.68%
  22  P023_Guinea_pig      6.72%    passed     24.05%
  23  P024_Kangaroo_rat   52.64%    passed     76.55%
  24  P025_Mouse           5.12%    failed      0.85%
  25  P026_Rat             5.44%    failed      4.63%
  26  P027_Tree_shrew      9.92%    passed     77.79%
  27  P028_Bushbaby       20.16%    failed      2.84%
  28  P029_Mouse_lemur    31.04%    passed      8.83%
  29  P030_Tarsier        13.92%    failed      3.61%
  30  P031_Marmoset        5.12%    failed      4.66%
  31  P032_Rhesus          8.96%    passed      8.63%
  32  P033_Orangutan       5.12%    passed      8.96%
  33  P034_Gorilla        46.56%    failed      1.01%
  34  P035_Chimp           5.12%    passed      7.50%
  35  P036_Human           5.12%    passed      8.36%
WARNING: 2 sequences contain more than 50% gaps/ambiguity
****  TOTAL               21.12%  9 sequences failed composition chi2 test (p-value<5%; df=3)
Checking for duplicate sequences: done in 0.000121117 secs using 100.7% CPU

Create initial parsimony tree by phylogenetic likelihood library (PLL)... 0.002 seconds

NOTE: 4 MB RAM (0 GB) is required!
Estimate model parameters (epsilon = 0.100)
1. Initial log-likelihood: -14566.300
2. Current log-likelihood: -13659.867
3. Current log-likelihood: -13645.146
4. Current log-likelihood: -13644.601
Optimal log-likelihood: -13644.543
Rate parameters:  A-C: 1.21890  A-G: 3.49093  A-T: 0.47560  C-G: 1.08448  C-T: 4.23403  G-T: 1.00000
Base frequencies:  A: 0.308  C: 0.225  G: 0.243  T: 0.224
Gamma shape alpha: 0.361
Parameters optimization took 4 rounds (0.162 sec)
Wrote distance file to... 
Computing ML distances based on estimated model parameters...
Calculating distance matrix: done in 0.00308704 secs using 99.71% CPU
Computing ML distances took 0.003222 sec (of wall-clock time) 0.003214 sec (of CPU time)
WARNING: Some pairwise ML distances are too long (saturated)
Setting up auxiliary I and S matrices: done in 0.000192881 secs using 197.5% CPU
Constructing RapidNJ tree: done in 0.00029397 secs using 100% CPU
Computing RapidNJ tree took 0.000570 sec (of wall-clock time) 0.000757 sec (of CPU time)
Log-likelihood of RapidNJ tree: -13814.040
--------------------------------------------------------------------
|             INITIALIZING CANDIDATE TREE SET                      |
--------------------------------------------------------------------
Generating 98 parsimony trees... 0.227 second
Computing log-likelihood of 98 initial trees ... 0.382 seconds
Current best score: -13644.543

Do NNI search on 20 best initial trees
Estimate model parameters (epsilon = 0.100)
BETTER TREE FOUND at iteration 1: -13626.045
Estimate model parameters (epsilon = 0.100)
BETTER TREE FOUND at iteration 2: -13624.637
Estimate model parameters (epsilon = 0.100)
BETTER TREE FOUND at iteration 3: -13623.804
Iteration 10 / LogL: -13629.298 / Time: 0h:0m:1s
Iteration 20 / LogL: -13628.239 / Time: 0h:0m:2s
Finish initializing candidate tree set (13)
Current best tree score: -13623.804 / CPU time: 2.046
Number of iterations: 20
--------------------------------------------------------------------
|               OPTIMIZING CANDIDATE TREE SET                      |
--------------------------------------------------------------------
Iteration 30 / LogL: -13626.099 / Time: 0h:0m:2s (0h:0m:7s left)
Iteration 40 / LogL: -13623.958 / Time: 0h:0m:3s (0h:0m:5s left)
Estimate model parameters (epsilon = 0.100)
UPDATE BEST LOG-LIKELIHOOD: -13623.767
Estimate model parameters (epsilon = 0.100)
BETTER TREE FOUND at iteration 46: -13623.281
Iteration 50 / LogL: -13623.298 / Time: 0h:0m:4s (0h:0m:8s left)
Iteration 60 / LogL: -13624.012 / Time: 0h:0m:5s (0h:0m:7s left)
Iteration 70 / LogL: -13624.472 / Time: 0h:0m:5s (0h:0m:6s left)
Iteration 80 / LogL: -13630.266 / Time: 0h:0m:6s (0h:0m:5s left)
Iteration 90 / LogL: -13623.810 / Time: 0h:0m:7s (0h:0m:4s left)
UPDATE BEST LOG-LIKELIHOOD: -13623.281
Iteration 100 / LogL: -13630.850 / Time: 0h:0m:7s (0h:0m:3s left)
Iteration 110 / LogL: -13624.860 / Time: 0h:0m:8s (0h:0m:2s left)
Iteration 120 / LogL: -13623.304 / Time: 0h:0m:9s (0h:0m:2s left)
Iteration 130 / LogL: -13623.436 / Time: 0h:0m:9s (0h:0m:1s left)
Iteration 140 / LogL: -13623.290 / Time: 0h:0m:10s (0h:0m:0s left)
TREE SEARCH COMPLETED AFTER 147 ITERATIONS / Time: 0h:0m:11s

--------------------------------------------------------------------
|                    FINALIZING TREE SEARCH                        |
--------------------------------------------------------------------
Performs final model parameters optimization
Estimate model parameters (epsilon = 0.010)
1. Initial log-likelihood: -13623.281
Optimal log-likelihood: -13623.281
Rate parameters:  A-C: 1.26929  A-G: 3.66214  A-T: 0.47536  C-G: 1.13657  C-T: 4.33112  G-T: 1.00000
Base frequencies:  A: 0.308  C: 0.225  G: 0.243  T: 0.224
Gamma shape alpha: 0.360
Parameters optimization took 1 rounds (0.017 sec)
BEST SCORE FOUND : -13623.281
Total tree length: 2.572

Total number of iterations: 147
CPU time used for tree search: 11.044 sec (0h:0m:11s)
Wall-clock time used for tree search: 10.911 sec (0h:0m:10s)
Total CPU time used: 11.324 sec (0h:0m:11s)
Total wall-clock time used: 11.152 sec (0h:0m:11s)

Analysis results written to: 
  IQ-TREE report:                /workspace/IQTree_TarvD7_Results/ENSG00000109381.nuc.ord.iqtree
  Maximum-likelihood tree:       /workspace/IQTree_TarvD7_Results/ENSG00000109381.nuc.ord.treefile
  Likelihood distances:          /workspace/IQTree_TarvD7_Results/ENSG00000109381.nuc.ord.mldist
  Screen log file:               /workspace/IQTree_TarvD7_Results/ENSG00000109381.nuc.ord.log

Date and Time: Tue May 26 00:57:15 2026
