IQ-TREE version 3.1.2 for Linux x86 64-bit built May  7 2026
Developed by Bui Quang Minh, Thomas Wong, Nhan Ly-Trong, Huaiyan Ren
Contributed by Lam-Tung Nguyen, Dominik Schrempf, Chris Bielow,
Olga Chernomor, Michael Woodhams, Diep Thi Hoang, Heiko Schmidt

Host:    8084c4e79f09 (AVX512, FMA3, 1133 GB RAM)
Command: /workspace/iqtree-3.1.2-Linux/bin/iqtree3_intel -s /workspace/NeuralNJ/empirical/TarvD7/ENSG00000167074.nuc.ord.aln -st DNA -m GTR+G -seed 2201 -pre /workspace/IQTree_TarvD7_Results/ENSG00000167074.nuc.ord -quiet
Seed:    2201 (Using SPRNG - Scalable Parallel Random Number Generator)
Time:    Tue May 26 17:18:40 2026
Kernel:  AVX+FMA - 1 threads (384 CPU cores detected)

HINT: Use -nt option to specify number of threads because your CPU has 384 cores!
HINT: -nt AUTO will automatically determine the best number of threads to use.

Reading alignment file /workspace/NeuralNJ/empirical/TarvD7/ENSG00000167074.nuc.ord.aln ... Fasta format detected
Reading fasta file: done in 0.000361919 secs using 34.54% CPU
Alignment most likely contains DNA/RNA sequences
Constructing alignment: done in 0.00144792 secs using 45.51% CPU
Alignment has 32 sequences with 1008 columns, 464 distinct patterns
246 parsimony-informative, 160 singleton sites, 602 constant sites
                   Gap/Ambiguity  Composition  p-value
Analyzing sequences: done in 3.60012e-05 secs using 100% CPU
   1  P001_Platypus       26.19%    passed      7.53%
   2  P002_Opossum        10.12%    passed      7.96%
   3  P003_Wallaby        20.83%    passed     22.66%
   4  P004_Tenrec         30.95%    passed     16.95%
   5  P005_Rock_hyrax     10.42%    passed     59.66%
   6  P006_Elephant       32.74%    passed     90.64%
   7  P008_Sloth          33.93%    passed     24.05%
   8  P010_Common_shrew   10.42%    failed      0.57%
   9  P011_Dolphin        25.60%    passed     96.51%
  10  P012_Cow            15.48%    passed     99.17%
  11  P014_Alpaca         36.61%    passed     83.63%
  12  P015_Horse          16.07%    passed     95.37%
  13  P016_Dog             9.82%    passed     77.17%
  14  P017_Cat             9.82%    passed     96.36%
  15  P018_Megabat        10.42%    passed     92.93%
  16  P019_Microbat        9.82%    passed     99.10%
  17  P020_Rabbit         47.92%    passed     32.88%
  18  P021_Pika           25.89%    passed     91.53%
  19  P022_Squirrel       42.26%    passed     39.17%
  20  P023_Guinea_pig     12.80%    passed     18.54%
  21  P024_Kangaroo_rat   25.60%    passed     94.92%
  22  P025_Mouse          10.42%    passed     96.21%
  23  P026_Rat            10.42%    passed     37.58%
  24  P027_Tree_shrew     25.89%    passed     97.86%
  25  P029_Mouse_lemur     9.82%    passed     94.50%
  26  P030_Tarsier        25.60%    passed     16.74%
  27  P031_Marmoset        9.82%    passed     98.62%
  28  P032_Rhesus          9.82%    passed     99.83%
  29  P033_Orangutan       9.82%    passed     99.41%
  30  P034_Gorilla         9.82%    passed     97.97%
  31  P035_Chimp          10.12%    passed     99.23%
  32  P036_Human           8.33%    passed     99.04%
****  TOTAL               18.86%  1 sequences failed composition chi2 test (p-value<5%; df=3)
Checking for duplicate sequences: done in 0.000109196 secs using 99.82% CPU

Create initial parsimony tree by phylogenetic likelihood library (PLL)... 0.002 seconds

NOTE: 1 MB RAM (0 GB) is required!
Estimate model parameters (epsilon = 0.100)
1. Initial log-likelihood: -7221.870
2. Current log-likelihood: -6670.995
3. Current log-likelihood: -6656.111
4. Current log-likelihood: -6655.859
Optimal log-likelihood: -6655.846
Rate parameters:  A-C: 1.03404  A-G: 4.23809  A-T: 1.41589  C-G: 0.89558  C-T: 7.05499  G-T: 1.00000
Base frequencies:  A: 0.240  C: 0.302  G: 0.303  T: 0.156
Gamma shape alpha: 0.298
Parameters optimization took 4 rounds (0.084 sec)
Wrote distance file to... 
Computing ML distances based on estimated model parameters...
Calculating distance matrix: done in 0.00214195 secs using 96.5% CPU
Computing ML distances took 0.002208 sec (of wall-clock time) 0.002124 sec (of CPU time)
Setting up auxiliary I and S matrices: done in 0.000154972 secs
Constructing RapidNJ tree: done in 0.000252962 secs using 164.8% CPU
Computing RapidNJ tree took 0.001309 sec (of wall-clock time) 0.001322 sec (of CPU time)
Log-likelihood of RapidNJ tree: -6677.309
--------------------------------------------------------------------
|             INITIALIZING CANDIDATE TREE SET                      |
--------------------------------------------------------------------
Generating 98 parsimony trees... 0.144 second
Computing log-likelihood of 98 initial trees ... 0.176 seconds
Current best score: -6655.846

Do NNI search on 20 best initial trees
Estimate model parameters (epsilon = 0.100)
BETTER TREE FOUND at iteration 1: -6650.228
Iteration 10 / LogL: -6650.239 / Time: 0h:0m:0s
Iteration 20 / LogL: -6650.229 / Time: 0h:0m:0s
Finish initializing candidate tree set (5)
Current best tree score: -6650.228 / CPU time: 0.856
Number of iterations: 20
--------------------------------------------------------------------
|               OPTIMIZING CANDIDATE TREE SET                      |
--------------------------------------------------------------------
Iteration 30 / LogL: -6654.057 / Time: 0h:0m:1s (0h:0m:3s left)
Iteration 40 / LogL: -6654.065 / Time: 0h:0m:1s (0h:0m:2s left)
Iteration 50 / LogL: -6654.068 / Time: 0h:0m:1s (0h:0m:2s left)
Iteration 60 / LogL: -6650.378 / Time: 0h:0m:2s (0h:0m:1s left)
Iteration 70 / LogL: -6650.379 / Time: 0h:0m:2s (0h:0m:1s left)
Iteration 80 / LogL: -6663.456 / Time: 0h:0m:2s (0h:0m:0s left)
UPDATE BEST LOG-LIKELIHOOD: -6650.228
Iteration 90 / LogL: -6650.377 / Time: 0h:0m:3s (0h:0m:0s left)
Iteration 100 / LogL: -6663.013 / Time: 0h:0m:3s (0h:0m:0s left)
TREE SEARCH COMPLETED AFTER 102 ITERATIONS / Time: 0h:0m:3s

--------------------------------------------------------------------
|                    FINALIZING TREE SEARCH                        |
--------------------------------------------------------------------
Performs final model parameters optimization
Estimate model parameters (epsilon = 0.010)
1. Initial log-likelihood: -6650.228
Optimal log-likelihood: -6650.224
Rate parameters:  A-C: 1.03971  A-G: 4.25190  A-T: 1.37147  C-G: 0.87283  C-T: 7.07738  G-T: 1.00000
Base frequencies:  A: 0.240  C: 0.302  G: 0.303  T: 0.156
Gamma shape alpha: 0.297
Parameters optimization took 1 rounds (0.007 sec)
BEST SCORE FOUND : -6650.224
Total tree length: 2.365

Total number of iterations: 102
CPU time used for tree search: 3.799 sec (0h:0m:3s)
Wall-clock time used for tree search: 3.626 sec (0h:0m:3s)
Total CPU time used: 3.920 sec (0h:0m:3s)
Total wall-clock time used: 3.742 sec (0h:0m:3s)

Analysis results written to: 
  IQ-TREE report:                /workspace/IQTree_TarvD7_Results/ENSG00000167074.nuc.ord.iqtree
  Maximum-likelihood tree:       /workspace/IQTree_TarvD7_Results/ENSG00000167074.nuc.ord.treefile
  Likelihood distances:          /workspace/IQTree_TarvD7_Results/ENSG00000167074.nuc.ord.mldist
  Screen log file:               /workspace/IQTree_TarvD7_Results/ENSG00000167074.nuc.ord.log

Date and Time: Tue May 26 17:18:44 2026
