IQ-TREE version 3.1.2 for Linux x86 64-bit built May  7 2026
Developed by Bui Quang Minh, Thomas Wong, Nhan Ly-Trong, Huaiyan Ren
Contributed by Lam-Tung Nguyen, Dominik Schrempf, Chris Bielow,
Olga Chernomor, Michael Woodhams, Diep Thi Hoang, Heiko Schmidt

Host:    8084c4e79f09 (AVX512, FMA3, 1133 GB RAM)
Command: /workspace/iqtree-3.1.2-Linux/bin/iqtree3_intel -s /workspace/NeuralNJ/empirical/TarvD7/ENSG00000121621.nuc.ord.aln -st DNA -m GTR+G -seed 2201 -pre /workspace/IQTree_TarvD7_Results/ENSG00000121621.nuc.ord -quiet
Seed:    2201 (Using SPRNG - Scalable Parallel Random Number Generator)
Time:    Tue May 26 04:13:41 2026
Kernel:  AVX+FMA - 1 threads (384 CPU cores detected)

HINT: Use -nt option to specify number of threads because your CPU has 384 cores!
HINT: -nt AUTO will automatically determine the best number of threads to use.

Reading alignment file /workspace/NeuralNJ/empirical/TarvD7/ENSG00000121621.nuc.ord.aln ... Fasta format detected
Reading fasta file: done in 0.000916004 secs using 17.58% CPU
Alignment most likely contains DNA/RNA sequences
Constructing alignment: done in 0.00377107 secs using 59% CPU
Alignment has 36 sequences with 2826 columns, 2013 distinct patterns
1284 parsimony-informative, 537 singleton sites, 1004 constant sites
                   Gap/Ambiguity  Composition  p-value
Analyzing sequences: done in 0.000149012 secs using 37.58% CPU
   1  P001_Platypus       28.98%    failed      0.09%
   2  P002_Opossum         4.67%    passed     58.70%
   3  P003_Wallaby        35.35%    failed      1.66%
   4  P004_Tenrec         47.13%    passed     99.00%
   5  P005_Rock_hyrax     35.46%    passed     82.69%
   6  P006_Elephant       43.95%    passed     86.81%
   7  P007_Armadillo      26.65%    passed     67.53%
   8  P008_Sloth          25.90%    passed     26.17%
   9  P009_Hedgehog       33.76%    passed     49.67%
  10  P010_Common_shrew    5.41%    passed     96.58%
  11  P011_Dolphin         5.41%    passed     83.95%
  12  P012_Cow             5.20%    passed     92.53%
  13  P013_Pig             4.03%    passed     67.06%
  14  P014_Alpaca          7.43%    passed     97.79%
  15  P015_Horse           4.99%    passed     96.99%
  16  P016_Dog             4.56%    passed     99.36%
  17  P017_Cat            40.98%    passed     51.68%
  18  P018_Megabat         4.88%    passed     93.65%
  19  P019_Microbat       15.61%    passed     57.56%
  20  P020_Rabbit         34.82%    passed     62.07%
  21  P021_Pika           32.80%    passed     86.11%
  22  P022_Squirrel       23.89%    passed      6.92%
  23  P023_Guinea_pig      4.03%    failed      0.00%
  24  P024_Kangaroo_rat   30.68%    passed     57.40%
  25  P025_Mouse           5.94%    passed     72.75%
  26  P026_Rat            13.91%    failed      3.88%
  27  P027_Tree_shrew     20.06%    passed     57.17%
  28  P028_Bushbaby       13.69%    passed     99.71%
  29  P029_Mouse_lemur    24.95%    passed     47.97%
  30  P030_Tarsier        17.41%    passed     94.08%
  31  P031_Marmoset        5.63%    passed     75.31%
  32  P032_Rhesus          4.78%    passed     89.87%
  33  P033_Orangutan       6.58%    passed     89.08%
  34  P034_Gorilla        46.28%    passed     87.26%
  35  P035_Chimp           4.67%    passed     96.61%
  36  P036_Human           4.67%    passed     90.38%
****  TOTAL               18.75%  4 sequences failed composition chi2 test (p-value<5%; df=3)
Checking for duplicate sequences: done in 0.000176907 secs using 37.31% CPU

Create initial parsimony tree by phylogenetic likelihood library (PLL)... 0.004 seconds

NOTE: 9 MB RAM (0 GB) is required!
Estimate model parameters (epsilon = 0.100)
1. Initial log-likelihood: -29933.511
2. Current log-likelihood: -28198.840
3. Current log-likelihood: -28185.498
Optimal log-likelihood: -28185.434
Rate parameters:  A-C: 1.14984  A-G: 4.74567  A-T: 0.70299  C-G: 1.32031  C-T: 4.44281  G-T: 1.00000
Base frequencies:  A: 0.358  C: 0.191  G: 0.192  T: 0.260
Gamma shape alpha: 0.757
Parameters optimization took 3 rounds (0.426 sec)
Wrote distance file to... 
Computing ML distances based on estimated model parameters...
Calculating distance matrix: done in 0.00506186 secs using 99.67% CPU
Computing ML distances took 0.005375 sec (of wall-clock time) 0.005342 sec (of CPU time)
Setting up auxiliary I and S matrices: done in 0.00019002 secs using 220% CPU
Constructing RapidNJ tree: done in 0.000332117 secs using 71.66% CPU
Computing RapidNJ tree took 0.000603 sec (of wall-clock time) 0.000717 sec (of CPU time)
Log-likelihood of RapidNJ tree: -28394.215
--------------------------------------------------------------------
|             INITIALIZING CANDIDATE TREE SET                      |
--------------------------------------------------------------------
Generating 98 parsimony trees... 0.559 second
Computing log-likelihood of 98 initial trees ... 0.830 seconds
Current best score: -28185.434

Do NNI search on 20 best initial trees
Estimate model parameters (epsilon = 0.100)
BETTER TREE FOUND at iteration 1: -28175.246
Estimate model parameters (epsilon = 0.100)
BETTER TREE FOUND at iteration 2: -28174.742
Iteration 10 / LogL: -28178.929 / Time: 0h:0m:3s
Iteration 20 / LogL: -28175.106 / Time: 0h:0m:4s
Finish initializing candidate tree set (8)
Current best tree score: -28174.742 / CPU time: 3.896
Number of iterations: 20
--------------------------------------------------------------------
|               OPTIMIZING CANDIDATE TREE SET                      |
--------------------------------------------------------------------
Iteration 30 / LogL: -28178.939 / Time: 0h:0m:5s (0h:0m:13s left)
Iteration 40 / LogL: -28175.107 / Time: 0h:0m:7s (0h:0m:11s left)
Iteration 50 / LogL: -28175.244 / Time: 0h:0m:8s (0h:0m:8s left)
Iteration 60 / LogL: -28179.287 / Time: 0h:0m:9s (0h:0m:6s left)
Iteration 70 / LogL: -28174.759 / Time: 0h:0m:10s (0h:0m:5s left)
Iteration 80 / LogL: -28178.836 / Time: 0h:0m:12s (0h:0m:3s left)
Iteration 90 / LogL: -28178.573 / Time: 0h:0m:13s (0h:0m:1s left)
Iteration 100 / LogL: -28174.785 / Time: 0h:0m:15s (0h:0m:0s left)
TREE SEARCH COMPLETED AFTER 103 ITERATIONS / Time: 0h:0m:15s

--------------------------------------------------------------------
|                    FINALIZING TREE SEARCH                        |
--------------------------------------------------------------------
Performs final model parameters optimization
Estimate model parameters (epsilon = 0.010)
1. Initial log-likelihood: -28174.742
Optimal log-likelihood: -28174.741
Rate parameters:  A-C: 1.14296  A-G: 4.74812  A-T: 0.69879  C-G: 1.30966  C-T: 4.44723  G-T: 1.00000
Base frequencies:  A: 0.358  C: 0.191  G: 0.192  T: 0.260
Gamma shape alpha: 0.758
Parameters optimization took 1 rounds (0.037 sec)
BEST SCORE FOUND : -28174.741
Total tree length: 2.917

Total number of iterations: 103
CPU time used for tree search: 15.274 sec (0h:0m:15s)
Wall-clock time used for tree search: 15.164 sec (0h:0m:15s)
Total CPU time used: 15.838 sec (0h:0m:15s)
Total wall-clock time used: 15.694 sec (0h:0m:15s)

Analysis results written to: 
  IQ-TREE report:                /workspace/IQTree_TarvD7_Results/ENSG00000121621.nuc.ord.iqtree
  Maximum-likelihood tree:       /workspace/IQTree_TarvD7_Results/ENSG00000121621.nuc.ord.treefile
  Likelihood distances:          /workspace/IQTree_TarvD7_Results/ENSG00000121621.nuc.ord.mldist
  Screen log file:               /workspace/IQTree_TarvD7_Results/ENSG00000121621.nuc.ord.log

Date and Time: Tue May 26 04:13:57 2026
