IQ-TREE version 3.1.2 for Linux x86 64-bit built May  7 2026
Developed by Bui Quang Minh, Thomas Wong, Nhan Ly-Trong, Huaiyan Ren
Contributed by Lam-Tung Nguyen, Dominik Schrempf, Chris Bielow,
Olga Chernomor, Michael Woodhams, Diep Thi Hoang, Heiko Schmidt

Host:    8084c4e79f09 (AVX512, FMA3, 1133 GB RAM)
Command: /workspace/iqtree-3.1.2-Linux/bin/iqtree3_intel -s /workspace/NeuralNJ/empirical/TarvD7/ENSG00000153904.nuc.ord.aln -st DNA -m GTR+G -seed 2201 -pre /workspace/IQTree_TarvD7_Results/ENSG00000153904.nuc.ord -quiet
Seed:    2201 (Using SPRNG - Scalable Parallel Random Number Generator)
Time:    Tue May 26 12:59:54 2026
Kernel:  AVX+FMA - 1 threads (384 CPU cores detected)

HINT: Use -nt option to specify number of threads because your CPU has 384 cores!
HINT: -nt AUTO will automatically determine the best number of threads to use.

Reading alignment file /workspace/NeuralNJ/empirical/TarvD7/ENSG00000153904.nuc.ord.aln ... Fasta format detected
Reading fasta file: done in 0.000336885 secs using 96.77% CPU
Alignment most likely contains DNA/RNA sequences
Constructing alignment: done in 0.00114298 secs using 99.91% CPU
Alignment has 35 sequences with 984 columns, 480 distinct patterns
241 parsimony-informative, 204 singleton sites, 539 constant sites
                   Gap/Ambiguity  Composition  p-value
Analyzing sequences: done in 2.59876e-05 secs using 103.9% CPU
   1  P001_Platypus       43.60%    passed     25.28%
   2  P002_Opossum        13.11%    passed     91.39%
   3  P003_Wallaby        67.68%    passed      6.41%
   4  P004_Tenrec         54.27%    failed      1.61%
   5  P005_Rock_hyrax     15.85%    passed     98.74%
   6  P006_Elephant       25.30%    passed     77.32%
   7  P007_Armadillo      43.90%    passed      5.89%
   8  P008_Sloth          58.54%    failed      0.57%
   9  P009_Hedgehog       44.21%    passed     53.11%
  10  P010_Common_shrew   24.09%    passed      7.35%
  11  P011_Dolphin        13.11%    passed     68.91%
  12  P013_Pig            43.60%    passed     54.98%
  13  P014_Alpaca         43.90%    passed     15.79%
  14  P015_Horse          44.51%    failed      0.14%
  15  P016_Dog            44.51%    failed      0.03%
  16  P017_Cat            47.87%    failed      0.60%
  17  P018_Megabat        13.11%    passed     97.09%
  18  P019_Microbat       25.00%    passed     17.54%
  19  P020_Rabbit         25.30%    passed     21.65%
  20  P021_Pika           28.96%    passed     14.16%
  21  P022_Squirrel       20.73%    passed     44.20%
  22  P023_Guinea_pig     26.83%    passed     35.27%
  23  P024_Kangaroo_rat   47.56%    failed      0.93%
  24  P025_Mouse          13.11%    passed     15.29%
  25  P026_Rat            39.02%    failed      0.77%
  26  P027_Tree_shrew     21.95%    passed     54.00%
  27  P028_Bushbaby       44.82%    passed     38.44%
  28  P029_Mouse_lemur    43.29%    failed      0.39%
  29  P030_Tarsier        14.02%    passed     51.97%
  30  P031_Marmoset       13.11%    passed     67.92%
  31  P032_Rhesus         13.11%    passed     66.93%
  32  P033_Orangutan      13.11%    passed     63.64%
  33  P034_Gorilla        37.20%    passed     15.75%
  34  P035_Chimp          13.11%    passed     69.84%
  35  P036_Human          13.11%    passed     70.89%
WARNING: 3 sequences contain more than 50% gaps/ambiguity
****  TOTAL               31.27%  8 sequences failed composition chi2 test (p-value<5%; df=3)
Checking for duplicate sequences: done in 9.5129e-05 secs using 98.81% CPU

Create initial parsimony tree by phylogenetic likelihood library (PLL)... 0.002 seconds

NOTE: 2 MB RAM (0 GB) is required!
Estimate model parameters (epsilon = 0.100)
1. Initial log-likelihood: -6976.883
2. Current log-likelihood: -6600.562
3. Current log-likelihood: -6595.508
Optimal log-likelihood: -6595.449
Rate parameters:  A-C: 1.60233  A-G: 3.52781  A-T: 1.02437  C-G: 1.77114  C-T: 6.53010  G-T: 1.00000
Base frequencies:  A: 0.258  C: 0.249  G: 0.285  T: 0.208
Gamma shape alpha: 0.490
Parameters optimization took 3 rounds (0.069 sec)
Wrote distance file to... 
Computing ML distances based on estimated model parameters...
Calculating distance matrix: done in 0.00263906 secs using 97.23% CPU
Computing ML distances took 0.002713 sec (of wall-clock time) 0.002633 sec (of CPU time)
Setting up auxiliary I and S matrices: done in 0.000166893 secs using 99.46% CPU
Constructing RapidNJ tree: done in 0.000319004 secs using 241.4% CPU
Computing RapidNJ tree took 0.000540 sec (of wall-clock time) 0.001006 sec (of CPU time)
Log-likelihood of RapidNJ tree: -6754.504
--------------------------------------------------------------------
|             INITIALIZING CANDIDATE TREE SET                      |
--------------------------------------------------------------------
Generating 98 parsimony trees... 0.155 second
Computing log-likelihood of 98 initial trees ... 0.202 seconds
Current best score: -6595.449

Do NNI search on 20 best initial trees
Estimate model parameters (epsilon = 0.100)
BETTER TREE FOUND at iteration 1: -6585.231
Estimate model parameters (epsilon = 0.100)
BETTER TREE FOUND at iteration 2: -6576.931
Estimate model parameters (epsilon = 0.100)
BETTER TREE FOUND at iteration 3: -6575.658
BETTER TREE FOUND at iteration 8: -6575.656
Estimate model parameters (epsilon = 0.100)
BETTER TREE FOUND at iteration 10: -6575.018
Iteration 10 / LogL: -6575.018 / Time: 0h:0m:0s
Iteration 20 / LogL: -6581.033 / Time: 0h:0m:1s
Finish initializing candidate tree set (18)
Current best tree score: -6575.018 / CPU time: 1.246
Number of iterations: 20
--------------------------------------------------------------------
|               OPTIMIZING CANDIDATE TREE SET                      |
--------------------------------------------------------------------
Estimate model parameters (epsilon = 0.100)
BETTER TREE FOUND at iteration 27: -6573.697
Iteration 30 / LogL: -6585.591 / Time: 0h:0m:1s (0h:0m:5s left)
Estimate model parameters (epsilon = 0.100)
BETTER TREE FOUND at iteration 35: -6573.465
Iteration 40 / LogL: -6579.276 / Time: 0h:0m:2s (0h:0m:5s left)
Iteration 50 / LogL: -6575.105 / Time: 0h:0m:2s (0h:0m:4s left)
Iteration 60 / LogL: -6573.676 / Time: 0h:0m:2s (0h:0m:3s left)
Iteration 70 / LogL: -6573.733 / Time: 0h:0m:3s (0h:0m:3s left)
Iteration 80 / LogL: -6576.017 / Time: 0h:0m:3s (0h:0m:2s left)
Iteration 90 / LogL: -6573.465 / Time: 0h:0m:4s (0h:0m:2s left)
Iteration 100 / LogL: -6573.485 / Time: 0h:0m:4s (0h:0m:1s left)
Iteration 110 / LogL: -6574.069 / Time: 0h:0m:4s (0h:0m:1s left)
Iteration 120 / LogL: -6574.423 / Time: 0h:0m:5s (0h:0m:0s left)
Iteration 130 / LogL: -6573.469 / Time: 0h:0m:5s (0h:0m:0s left)
TREE SEARCH COMPLETED AFTER 136 ITERATIONS / Time: 0h:0m:5s

--------------------------------------------------------------------
|                    FINALIZING TREE SEARCH                        |
--------------------------------------------------------------------
Performs final model parameters optimization
Estimate model parameters (epsilon = 0.010)
1. Initial log-likelihood: -6573.465
Optimal log-likelihood: -6573.465
Rate parameters:  A-C: 1.57587  A-G: 3.56586  A-T: 1.07915  C-G: 1.83364  C-T: 6.57333  G-T: 1.00000
Base frequencies:  A: 0.258  C: 0.249  G: 0.285  T: 0.208
Gamma shape alpha: 0.491
Parameters optimization took 1 rounds (0.008 sec)
BEST SCORE FOUND : -6573.465
Total tree length: 2.277

Total number of iterations: 136
CPU time used for tree search: 5.942 sec (0h:0m:5s)
Wall-clock time used for tree search: 5.766 sec (0h:0m:5s)
Total CPU time used: 6.054 sec (0h:0m:6s)
Total wall-clock time used: 5.867 sec (0h:0m:5s)

Analysis results written to: 
  IQ-TREE report:                /workspace/IQTree_TarvD7_Results/ENSG00000153904.nuc.ord.iqtree
  Maximum-likelihood tree:       /workspace/IQTree_TarvD7_Results/ENSG00000153904.nuc.ord.treefile
  Likelihood distances:          /workspace/IQTree_TarvD7_Results/ENSG00000153904.nuc.ord.mldist
  Screen log file:               /workspace/IQTree_TarvD7_Results/ENSG00000153904.nuc.ord.log

Date and Time: Tue May 26 13:00:00 2026
