IQ-TREE version 3.1.2 for Linux x86 64-bit built May  7 2026
Developed by Bui Quang Minh, Thomas Wong, Nhan Ly-Trong, Huaiyan Ren
Contributed by Lam-Tung Nguyen, Dominik Schrempf, Chris Bielow,
Olga Chernomor, Michael Woodhams, Diep Thi Hoang, Heiko Schmidt

Host:    8084c4e79f09 (AVX512, FMA3, 1133 GB RAM)
Command: /workspace/iqtree-3.1.2-Linux/bin/iqtree3_intel -s /workspace/NeuralNJ/empirical/TarvD7/ENSG00000148735.nuc.ord.aln -st DNA -m GTR+G -seed 2201 -pre /workspace/IQTree_TarvD7_Results/ENSG00000148735.nuc.ord -quiet
Seed:    2201 (Using SPRNG - Scalable Parallel Random Number Generator)
Time:    Tue May 26 11:48:33 2026
Kernel:  AVX+FMA - 1 threads (384 CPU cores detected)

HINT: Use -nt option to specify number of threads because your CPU has 384 cores!
HINT: -nt AUTO will automatically determine the best number of threads to use.

Reading alignment file /workspace/NeuralNJ/empirical/TarvD7/ENSG00000148735.nuc.ord.aln ... Fasta format detected
Reading fasta file: done in 0.000668049 secs using 11.83% CPU
Alignment most likely contains DNA/RNA sequences
Constructing alignment: done in 0.00265503 secs using 55.86% CPU
Alignment has 35 sequences with 2064 columns, 1477 distinct patterns
1001 parsimony-informative, 356 singleton sites, 707 constant sites
                   Gap/Ambiguity  Composition  p-value
Analyzing sequences: done in 7.48634e-05 secs using 82.82% CPU
   1  P001_Platypus       38.81%    passed     10.36%
   2  P002_Opossum        38.23%    passed     11.92%
   3  P003_Wallaby        51.74%    passed     29.84%
   4  P004_Tenrec         52.76%    passed     31.68%
   5  P005_Rock_hyrax     48.98%    passed     89.63%
   6  P006_Elephant       58.72%    passed     81.77%
   7  P007_Armadillo      35.76%    passed     78.00%
   8  P008_Sloth          42.44%    passed     93.95%
   9  P009_Hedgehog       50.29%    passed     98.47%
  10  P010_Common_shrew   35.03%    passed     68.67%
  11  P011_Dolphin        32.56%    passed     98.74%
  12  P012_Cow            32.12%    passed     82.09%
  13  P013_Pig            31.69%    passed     94.74%
  14  P014_Alpaca         33.43%    passed     96.41%
  15  P015_Horse          32.99%    passed     84.35%
  16  P016_Dog            31.25%    passed     73.65%
  17  P017_Cat            51.31%    passed     33.60%
  18  P018_Megabat        43.17%    passed     75.16%
  19  P019_Microbat       33.58%    passed     59.81%
  20  P021_Pika           37.65%    passed     97.74%
  21  P022_Squirrel       51.60%    passed     81.99%
  22  P023_Guinea_pig     31.40%    passed     50.56%
  23  P024_Kangaroo_rat   46.80%    passed     72.91%
  24  P025_Mouse          31.10%    failed      0.63%
  25  P026_Rat            31.83%    failed      1.84%
  26  P027_Tree_shrew     44.48%    passed     38.42%
  27  P028_Bushbaby       37.35%    passed     44.78%
  28  P029_Mouse_lemur    42.73%    passed     82.88%
  29  P030_Tarsier        41.86%    passed     32.82%
  30  P031_Marmoset       32.85%    passed     72.24%
  31  P032_Rhesus         32.41%    passed     77.76%
  32  P033_Orangutan      33.28%    passed     92.48%
  33  P034_Gorilla        49.85%    passed     97.89%
  34  P035_Chimp          32.41%    passed     90.21%
  35  P036_Human          32.41%    passed     93.15%
WARNING: 6 sequences contain more than 50% gaps/ambiguity
****  TOTAL               39.57%  2 sequences failed composition chi2 test (p-value<5%; df=3)
Checking for duplicate sequences: done in 0.000145912 secs using 22.62% CPU

Create initial parsimony tree by phylogenetic likelihood library (PLL)... 0.003 seconds

NOTE: 6 MB RAM (0 GB) is required!
Estimate model parameters (epsilon = 0.100)
1. Initial log-likelihood: -24584.386
2. Current log-likelihood: -23284.815
3. Current log-likelihood: -23262.564
4. Current log-likelihood: -23262.439
Optimal log-likelihood: -23262.433
Rate parameters:  A-C: 1.07247  A-G: 3.30954  A-T: 0.77775  C-G: 1.10238  C-T: 3.18540  G-T: 1.00000
Base frequencies:  A: 0.293  C: 0.232  G: 0.224  T: 0.252
Gamma shape alpha: 1.319
Parameters optimization took 4 rounds (0.200 sec)
Wrote distance file to... 
Computing ML distances based on estimated model parameters...
Calculating distance matrix: done in 0.00312591 secs using 99.68% CPU
Computing ML distances took 0.003314 sec (of wall-clock time) 0.003305 sec (of CPU time)
Setting up auxiliary I and S matrices: done in 8.58307e-05 secs using 257.5% CPU
Constructing RapidNJ tree: done in 0.000126839 secs using 93.82% CPU
Computing RapidNJ tree took 0.000255 sec (of wall-clock time) 0.000382 sec (of CPU time)
Log-likelihood of RapidNJ tree: -23455.513
--------------------------------------------------------------------
|             INITIALIZING CANDIDATE TREE SET                      |
--------------------------------------------------------------------
Generating 98 parsimony trees... 0.371 second
Computing log-likelihood of 98 initial trees ... 0.577 seconds
Current best score: -23262.433

Do NNI search on 20 best initial trees
Estimate model parameters (epsilon = 0.100)
BETTER TREE FOUND at iteration 1: -23230.491
Estimate model parameters (epsilon = 0.100)
BETTER TREE FOUND at iteration 3: -23228.456
Iteration 10 / LogL: -23228.457 / Time: 0h:0m:2s
Iteration 20 / LogL: -23228.518 / Time: 0h:0m:3s
Finish initializing candidate tree set (9)
Current best tree score: -23228.456 / CPU time: 2.850
Number of iterations: 20
--------------------------------------------------------------------
|               OPTIMIZING CANDIDATE TREE SET                      |
--------------------------------------------------------------------
Estimate model parameters (epsilon = 0.100)
BETTER TREE FOUND at iteration 21: -23227.330
Iteration 30 / LogL: -23227.978 / Time: 0h:0m:4s (0h:0m:12s left)
Iteration 40 / LogL: -23227.789 / Time: 0h:0m:4s (0h:0m:10s left)
Iteration 50 / LogL: -23227.330 / Time: 0h:0m:5s (0h:0m:8s left)
Iteration 60 / LogL: -23227.330 / Time: 0h:0m:6s (0h:0m:6s left)
Iteration 70 / LogL: -23247.199 / Time: 0h:0m:7s (0h:0m:5s left)
Iteration 80 / LogL: -23227.333 / Time: 0h:0m:8s (0h:0m:4s left)
Iteration 90 / LogL: -23227.766 / Time: 0h:0m:9s (0h:0m:3s left)
Iteration 100 / LogL: -23227.752 / Time: 0h:0m:10s (0h:0m:2s left)
Iteration 110 / LogL: -23247.197 / Time: 0h:0m:11s (0h:0m:1s left)
Iteration 120 / LogL: -23227.574 / Time: 0h:0m:12s (0h:0m:0s left)
TREE SEARCH COMPLETED AFTER 122 ITERATIONS / Time: 0h:0m:12s

--------------------------------------------------------------------
|                    FINALIZING TREE SEARCH                        |
--------------------------------------------------------------------
Performs final model parameters optimization
Estimate model parameters (epsilon = 0.010)
1. Initial log-likelihood: -23227.330
Optimal log-likelihood: -23227.329
Rate parameters:  A-C: 1.07228  A-G: 3.31085  A-T: 0.76646  C-G: 1.11272  C-T: 3.19326  G-T: 1.00000
Base frequencies:  A: 0.293  C: 0.232  G: 0.224  T: 0.252
Gamma shape alpha: 1.327
Parameters optimization took 1 rounds (0.024 sec)
BEST SCORE FOUND : -23227.329
Total tree length: 5.378

Total number of iterations: 122
CPU time used for tree search: 12.528 sec (0h:0m:12s)
Wall-clock time used for tree search: 12.381 sec (0h:0m:12s)
Total CPU time used: 12.826 sec (0h:0m:12s)
Total wall-clock time used: 12.652 sec (0h:0m:12s)

Analysis results written to: 
  IQ-TREE report:                /workspace/IQTree_TarvD7_Results/ENSG00000148735.nuc.ord.iqtree
  Maximum-likelihood tree:       /workspace/IQTree_TarvD7_Results/ENSG00000148735.nuc.ord.treefile
  Likelihood distances:          /workspace/IQTree_TarvD7_Results/ENSG00000148735.nuc.ord.mldist
  Screen log file:               /workspace/IQTree_TarvD7_Results/ENSG00000148735.nuc.ord.log

Date and Time: Tue May 26 11:48:46 2026
