IQ-TREE version 3.1.2 for Linux x86 64-bit built May  7 2026
Developed by Bui Quang Minh, Thomas Wong, Nhan Ly-Trong, Huaiyan Ren
Contributed by Lam-Tung Nguyen, Dominik Schrempf, Chris Bielow,
Olga Chernomor, Michael Woodhams, Diep Thi Hoang, Heiko Schmidt

Host:    8084c4e79f09 (AVX512, FMA3, 1133 GB RAM)
Command: /workspace/iqtree-3.1.2-Linux/bin/iqtree3_intel -s /workspace/NeuralNJ/empirical/TarvD7/ENSG00000133710.nuc.ord.aln -st DNA -m GTR+G -seed 2201 -pre /workspace/IQTree_TarvD7_Results/ENSG00000133710.nuc.ord -quiet
Seed:    2201 (Using SPRNG - Scalable Parallel Random Number Generator)
Time:    Tue May 26 06:58:29 2026
Kernel:  AVX+FMA - 1 threads (384 CPU cores detected)

HINT: Use -nt option to specify number of threads because your CPU has 384 cores!
HINT: -nt AUTO will automatically determine the best number of threads to use.

Reading alignment file /workspace/NeuralNJ/empirical/TarvD7/ENSG00000133710.nuc.ord.aln ... Fasta format detected
Reading fasta file: done in 0.00118613 secs using 14.5% CPU
Alignment most likely contains DNA/RNA sequences
Constructing alignment: done in 0.00534105 secs using 21.31% CPU
Alignment has 34 sequences with 3894 columns, 2844 distinct patterns
1823 parsimony-informative, 732 singleton sites, 1339 constant sites
                   Gap/Ambiguity  Composition  p-value
Analyzing sequences: done in 0.000145197 secs using 99.86% CPU
   1  P001_Platypus       80.82%    failed      0.30%
   2  P002_Opossum        30.20%    passed      6.44%
   3  P004_Tenrec         22.19%    passed     27.72%
   4  P005_Rock_hyrax     39.60%    passed     33.80%
   5  P006_Elephant       19.11%    passed     42.54%
   6  P007_Armadillo      43.37%    passed     53.06%
   7  P008_Sloth          32.59%    passed     52.14%
   8  P009_Hedgehog       44.07%    passed     35.48%
   9  P010_Common_shrew   43.45%    passed     58.01%
  10  P011_Dolphin        39.68%    passed     22.37%
  11  P012_Cow            28.12%    passed     66.43%
  12  P013_Pig            16.26%    failed      0.17%
  13  P014_Alpaca         25.65%    failed      0.24%
  14  P015_Horse          30.59%    passed     34.88%
  15  P016_Dog            15.33%    passed     86.93%
  16  P017_Cat            29.58%    passed     76.93%
  17  P018_Megabat        24.19%    passed     73.11%
  18  P019_Microbat       30.89%    passed     72.36%
  19  P020_Rabbit         47.61%    passed     61.35%
  20  P021_Pika           34.44%    passed     12.59%
  21  P022_Squirrel       36.67%    passed     80.37%
  22  P023_Guinea_pig     20.49%    passed     47.87%
  23  P024_Kangaroo_rat   19.11%    passed     33.23%
  24  P025_Mouse          21.65%    passed     96.40%
  25  P026_Rat            21.26%    passed     95.86%
  26  P027_Tree_shrew     39.83%    passed     11.53%
  27  P028_Bushbaby       38.14%    passed     29.79%
  28  P029_Mouse_lemur    24.73%    passed     79.47%
  29  P030_Tarsier        21.73%    passed     86.28%
  30  P031_Marmoset       15.95%    passed     48.46%
  31  P032_Rhesus         15.79%    passed     41.29%
  32  P033_Orangutan      16.18%    passed     50.56%
  33  P035_Chimp          15.72%    passed     53.55%
  34  P036_Human          15.72%    passed     72.77%
WARNING: 1 sequences contain more than 50% gaps/ambiguity
****  TOTAL               29.43%  3 sequences failed composition chi2 test (p-value<5%; df=3)
Checking for duplicate sequences: done in 0.000212908 secs using 100% CPU

Create initial parsimony tree by phylogenetic likelihood library (PLL)... 0.006 seconds

NOTE: 12 MB RAM (0 GB) is required!
Estimate model parameters (epsilon = 0.100)
1. Initial log-likelihood: -43881.884
2. Current log-likelihood: -41406.865
3. Current log-likelihood: -41384.299
4. Current log-likelihood: -41383.988
Optimal log-likelihood: -41383.961
Rate parameters:  A-C: 2.07319  A-G: 3.75092  A-T: 1.14672  C-G: 1.32376  C-T: 7.06479  G-T: 1.00000
Base frequencies:  A: 0.355  C: 0.185  G: 0.259  T: 0.201
Gamma shape alpha: 1.046
Parameters optimization took 4 rounds (0.415 sec)
Wrote distance file to... 
Computing ML distances based on estimated model parameters...
Calculating distance matrix: done in 0.0045979 secs using 99.85% CPU
Computing ML distances took 0.004924 sec (of wall-clock time) 0.004917 sec (of CPU time)
Setting up auxiliary I and S matrices: done in 0.000155926 secs
Constructing RapidNJ tree: done in 0.00028801 secs using 241.7% CPU
Computing RapidNJ tree took 0.000494 sec (of wall-clock time) 0.000738 sec (of CPU time)
Log-likelihood of RapidNJ tree: -41544.644
--------------------------------------------------------------------
|             INITIALIZING CANDIDATE TREE SET                      |
--------------------------------------------------------------------
Generating 98 parsimony trees... 0.590 second
Computing log-likelihood of 98 initial trees ... 1.050 seconds
Current best score: -41383.961

Do NNI search on 20 best initial trees
Estimate model parameters (epsilon = 0.100)
BETTER TREE FOUND at iteration 1: -41378.600
Estimate model parameters (epsilon = 0.100)
BETTER TREE FOUND at iteration 4: -41378.432
Iteration 10 / LogL: -41382.744 / Time: 0h:0m:3s
Estimate model parameters (epsilon = 0.100)
BETTER TREE FOUND at iteration 13: -41370.251
Iteration 20 / LogL: -41378.081 / Time: 0h:0m:5s
Finish initializing candidate tree set (10)
Current best tree score: -41370.251 / CPU time: 5.008
Number of iterations: 20
--------------------------------------------------------------------
|               OPTIMIZING CANDIDATE TREE SET                      |
--------------------------------------------------------------------
Estimate model parameters (epsilon = 0.100)
BETTER TREE FOUND at iteration 29: -41369.842
Iteration 30 / LogL: -41377.980 / Time: 0h:0m:7s (0h:0m:24s left)
Iteration 40 / LogL: -41385.597 / Time: 0h:0m:9s (0h:0m:20s left)
Estimate model parameters (epsilon = 0.100)
BETTER TREE FOUND at iteration 45: -41368.824
Iteration 50 / LogL: -41369.112 / Time: 0h:0m:10s (0h:0m:21s left)
Iteration 60 / LogL: -41371.178 / Time: 0h:0m:12s (0h:0m:18s left)
Iteration 70 / LogL: -41369.914 / Time: 0h:0m:14s (0h:0m:15s left)
Iteration 80 / LogL: -41370.212 / Time: 0h:0m:15s (0h:0m:12s left)
Iteration 90 / LogL: -41370.232 / Time: 0h:0m:17s (0h:0m:10s left)
Iteration 100 / LogL: -41369.501 / Time: 0h:0m:18s (0h:0m:8s left)
Iteration 110 / LogL: -41384.810 / Time: 0h:0m:20s (0h:0m:6s left)
Iteration 120 / LogL: -41370.405 / Time: 0h:0m:22s (0h:0m:4s left)
Iteration 130 / LogL: -41369.925 / Time: 0h:0m:24s (0h:0m:2s left)
Iteration 140 / LogL: -41370.296 / Time: 0h:0m:25s (0h:0m:0s left)
TREE SEARCH COMPLETED AFTER 146 ITERATIONS / Time: 0h:0m:26s

--------------------------------------------------------------------
|                    FINALIZING TREE SEARCH                        |
--------------------------------------------------------------------
Performs final model parameters optimization
Estimate model parameters (epsilon = 0.010)
1. Initial log-likelihood: -41368.824
Optimal log-likelihood: -41368.822
Rate parameters:  A-C: 2.06463  A-G: 3.75010  A-T: 1.15049  C-G: 1.31431  C-T: 7.09485  G-T: 1.00000
Base frequencies:  A: 0.355  C: 0.185  G: 0.259  T: 0.201
Gamma shape alpha: 1.042
Parameters optimization took 1 rounds (0.044 sec)
BEST SCORE FOUND : -41368.822
Total tree length: 4.341

Total number of iterations: 146
CPU time used for tree search: 26.570 sec (0h:0m:26s)
Wall-clock time used for tree search: 26.458 sec (0h:0m:26s)
Total CPU time used: 27.146 sec (0h:0m:27s)
Total wall-clock time used: 26.993 sec (0h:0m:26s)

Analysis results written to: 
  IQ-TREE report:                /workspace/IQTree_TarvD7_Results/ENSG00000133710.nuc.ord.iqtree
  Maximum-likelihood tree:       /workspace/IQTree_TarvD7_Results/ENSG00000133710.nuc.ord.treefile
  Likelihood distances:          /workspace/IQTree_TarvD7_Results/ENSG00000133710.nuc.ord.mldist
  Screen log file:               /workspace/IQTree_TarvD7_Results/ENSG00000133710.nuc.ord.log

Date and Time: Tue May 26 06:58:56 2026
