IQ-TREE version 3.1.2 for Linux x86 64-bit built May  7 2026
Developed by Bui Quang Minh, Thomas Wong, Nhan Ly-Trong, Huaiyan Ren
Contributed by Lam-Tung Nguyen, Dominik Schrempf, Chris Bielow,
Olga Chernomor, Michael Woodhams, Diep Thi Hoang, Heiko Schmidt

Host:    8084c4e79f09 (AVX512, FMA3, 1133 GB RAM)
Command: /workspace/iqtree-3.1.2-Linux/bin/iqtree3_intel -s /workspace/NeuralNJ/empirical/TarvD7/ENSG00000145020.nuc.ord.aln -st DNA -m GTR+G -seed 2201 -pre /workspace/IQTree_TarvD7_Results/ENSG00000145020.nuc.ord -quiet
Seed:    2201 (Using SPRNG - Scalable Parallel Random Number Generator)
Time:    Tue May 26 10:55:21 2026
Kernel:  AVX+FMA - 1 threads (384 CPU cores detected)

HINT: Use -nt option to specify number of threads because your CPU has 384 cores!
HINT: -nt AUTO will automatically determine the best number of threads to use.

Reading alignment file /workspace/NeuralNJ/empirical/TarvD7/ENSG00000145020.nuc.ord.aln ... Fasta format detected
Reading fasta file: done in 0.000355959 secs using 46.07% CPU
Alignment most likely contains DNA/RNA sequences
Constructing alignment: done in 0.00262594 secs using 61.24% CPU
Alignment has 30 sequences with 1248 columns, 825 distinct patterns
521 parsimony-informative, 207 singleton sites, 520 constant sites
                   Gap/Ambiguity  Composition  p-value
Analyzing sequences: done in 5.50747e-05 secs using 99.86% CPU
   1  P001_Platypus       22.84%    passed      8.56%
   2  P002_Opossum        10.10%    passed     15.11%
   3  P003_Wallaby        30.29%    passed     11.91%
   4  P004_Tenrec          9.86%    passed     68.08%
   5  P005_Rock_hyrax     29.81%    passed     95.31%
   6  P006_Elephant       47.60%    passed     41.71%
   7  P007_Armadillo      32.45%    passed     60.42%
   8  P010_Common_shrew   49.28%    passed     49.42%
   9  P011_Dolphin        20.91%    passed     36.73%
  10  P012_Cow             3.12%    passed     62.96%
  11  P015_Horse           3.12%    passed     95.31%
  12  P016_Dog             3.12%    passed     89.50%
  13  P017_Cat             3.12%    passed     93.58%
  14  P018_Megabat         3.12%    passed     65.24%
  15  P019_Microbat       33.65%    failed      0.00%
  16  P020_Rabbit          4.09%    passed     77.34%
  17  P021_Pika            3.12%    passed     88.71%
  18  P022_Squirrel       14.66%    passed     10.83%
  19  P023_Guinea_pig     26.68%    passed     41.91%
  20  P024_Kangaroo_rat    3.12%    passed     32.20%
  21  P025_Mouse           3.12%    failed      0.45%
  22  P027_Tree_shrew      3.12%    failed      0.36%
  23  P028_Bushbaby       29.81%    passed     94.97%
  24  P029_Mouse_lemur     6.97%    passed     80.59%
  25  P030_Tarsier        34.38%    passed     65.24%
  26  P031_Marmoset        3.12%    passed     97.32%
  27  P033_Orangutan       3.12%    passed     97.73%
  28  P034_Gorilla         3.85%    passed     96.38%
  29  P035_Chimp           3.12%    passed     98.10%
  30  P036_Human           3.12%    passed     97.64%
****  TOTAL               14.93%  3 sequences failed composition chi2 test (p-value<5%; df=3)
Checking for duplicate sequences: done in 0.000119925 secs using 99.23% CPU

Create initial parsimony tree by phylogenetic likelihood library (PLL)... 0.002 seconds

NOTE: 3 MB RAM (0 GB) is required!
Estimate model parameters (epsilon = 0.100)
1. Initial log-likelihood: -12380.325
2. Current log-likelihood: -11514.229
3. Current log-likelihood: -11503.240
Optimal log-likelihood: -11503.120
Rate parameters:  A-C: 2.16804  A-G: 6.90770  A-T: 2.07136  C-G: 0.85773  C-T: 7.93990  G-T: 1.00000
Base frequencies:  A: 0.212  C: 0.256  G: 0.323  T: 0.208
Gamma shape alpha: 0.514
Parameters optimization took 3 rounds (0.127 sec)
Wrote distance file to... 
Computing ML distances based on estimated model parameters...
Calculating distance matrix: done in 0.00261092 secs using 100% CPU
Computing ML distances took 0.002709 sec (of wall-clock time) 0.002709 sec (of CPU time)
Setting up auxiliary I and S matrices: done in 7.10487e-05 secs using 323.7% CPU
Constructing RapidNJ tree: done in 0.000104904 secs using 220.2% CPU
Computing RapidNJ tree took 0.000242 sec (of wall-clock time) 0.000527 sec (of CPU time)
Log-likelihood of RapidNJ tree: -11551.198
--------------------------------------------------------------------
|             INITIALIZING CANDIDATE TREE SET                      |
--------------------------------------------------------------------
Generating 98 parsimony trees... 0.197 second
Computing log-likelihood of 98 initial trees ... 0.273 seconds
Current best score: -11503.120

Do NNI search on 20 best initial trees
Estimate model parameters (epsilon = 0.100)
BETTER TREE FOUND at iteration 1: -11476.291
Estimate model parameters (epsilon = 0.100)
BETTER TREE FOUND at iteration 3: -11474.649
Estimate model parameters (epsilon = 0.100)
BETTER TREE FOUND at iteration 6: -11474.226
Iteration 10 / LogL: -11474.680 / Time: 0h:0m:1s
Iteration 20 / LogL: -11474.454 / Time: 0h:0m:1s
Finish initializing candidate tree set (12)
Current best tree score: -11474.226 / CPU time: 1.466
Number of iterations: 20
--------------------------------------------------------------------
|               OPTIMIZING CANDIDATE TREE SET                      |
--------------------------------------------------------------------
Iteration 30 / LogL: -11477.803 / Time: 0h:0m:2s (0h:0m:5s left)
Iteration 40 / LogL: -11563.779 / Time: 0h:0m:2s (0h:0m:4s left)
Iteration 50 / LogL: -11475.464 / Time: 0h:0m:3s (0h:0m:3s left)
Iteration 60 / LogL: -11474.693 / Time: 0h:0m:3s (0h:0m:2s left)
Iteration 70 / LogL: -11479.533 / Time: 0h:0m:4s (0h:0m:2s left)
Iteration 80 / LogL: -11475.021 / Time: 0h:0m:4s (0h:0m:1s left)
Iteration 90 / LogL: -11474.516 / Time: 0h:0m:4s (0h:0m:0s left)
Iteration 100 / LogL: -11474.241 / Time: 0h:0m:5s (0h:0m:0s left)
TREE SEARCH COMPLETED AFTER 107 ITERATIONS / Time: 0h:0m:5s

--------------------------------------------------------------------
|                    FINALIZING TREE SEARCH                        |
--------------------------------------------------------------------
Performs final model parameters optimization
Estimate model parameters (epsilon = 0.010)
1. Initial log-likelihood: -11474.226
Optimal log-likelihood: -11474.220
Rate parameters:  A-C: 2.20905  A-G: 7.13314  A-T: 1.96054  C-G: 0.85960  C-T: 8.11180  G-T: 1.00000
Base frequencies:  A: 0.212  C: 0.256  G: 0.323  T: 0.208
Gamma shape alpha: 0.512
Parameters optimization took 1 rounds (0.015 sec)
BEST SCORE FOUND : -11474.220
Total tree length: 2.991

Total number of iterations: 107
CPU time used for tree search: 5.790 sec (0h:0m:5s)
Wall-clock time used for tree search: 5.627 sec (0h:0m:5s)
Total CPU time used: 5.977 sec (0h:0m:5s)
Total wall-clock time used: 5.799 sec (0h:0m:5s)

Analysis results written to: 
  IQ-TREE report:                /workspace/IQTree_TarvD7_Results/ENSG00000145020.nuc.ord.iqtree
  Maximum-likelihood tree:       /workspace/IQTree_TarvD7_Results/ENSG00000145020.nuc.ord.treefile
  Likelihood distances:          /workspace/IQTree_TarvD7_Results/ENSG00000145020.nuc.ord.mldist
  Screen log file:               /workspace/IQTree_TarvD7_Results/ENSG00000145020.nuc.ord.log

Date and Time: Tue May 26 10:55:27 2026
