IQ-TREE version 3.1.2 for Linux x86 64-bit built May  7 2026
Developed by Bui Quang Minh, Thomas Wong, Nhan Ly-Trong, Huaiyan Ren
Contributed by Lam-Tung Nguyen, Dominik Schrempf, Chris Bielow,
Olga Chernomor, Michael Woodhams, Diep Thi Hoang, Heiko Schmidt

Host:    8084c4e79f09 (AVX512, FMA3, 1133 GB RAM)
Command: /workspace/iqtree-3.1.2-Linux/bin/iqtree3_intel -s /workspace/NeuralNJ/empirical/TarvD7/ENSG00000183150.nuc.ord.aln -st DNA -m GTR+G -seed 2201 -pre /workspace/IQTree_TarvD7_Results/ENSG00000183150.nuc.ord -quiet
Seed:    2201 (Using SPRNG - Scalable Parallel Random Number Generator)
Time:    Tue May 26 21:14:54 2026
Kernel:  AVX+FMA - 1 threads (384 CPU cores detected)

HINT: Use -nt option to specify number of threads because your CPU has 384 cores!
HINT: -nt AUTO will automatically determine the best number of threads to use.

Reading alignment file /workspace/NeuralNJ/empirical/TarvD7/ENSG00000183150.nuc.ord.aln ... Fasta format detected
Reading fasta file: done in 0.000280857 secs using 16.38% CPU
Alignment most likely contains DNA/RNA sequences
Constructing alignment: done in 0.00146389 secs using 4.304% CPU
Alignment has 22 sequences with 1245 columns, 569 distinct patterns
414 parsimony-informative, 233 singleton sites, 598 constant sites
                   Gap/Ambiguity  Composition  p-value
Analyzing sequences: done in 2.09808e-05 secs
   1  P003_Wallaby         0.00%    failed      0.02%
   2  P004_Tenrec          0.00%    failed      0.33%
   3  P006_Elephant       13.98%    passed     16.21%
   4  P008_Sloth          35.66%    passed      9.42%
   5  P010_Common_shrew    0.00%    failed      0.13%
   6  P012_Cow             0.00%    passed     61.94%
   7  P015_Horse           0.00%    passed     70.59%
   8  P017_Cat            44.10%    failed      2.74%
   9  P018_Megabat         0.00%    passed      7.58%
  10  P019_Microbat        0.00%    passed     84.47%
  11  P020_Rabbit          0.00%    passed      6.42%
  12  P021_Pika            0.00%    passed     61.49%
  13  P023_Guinea_pig      0.00%    failed      3.37%
  14  P024_Kangaroo_rat    0.72%    failed      0.00%
  15  P025_Mouse           0.00%    failed      0.17%
  16  P026_Rat             0.00%    failed      3.67%
  17  P031_Marmoset        0.00%    passed     50.57%
  18  P032_Rhesus          0.00%    passed      5.61%
  19  P033_Orangutan       0.00%    failed      2.40%
  20  P034_Gorilla        14.46%    passed     11.97%
  21  P035_Chimp           0.24%    passed      6.48%
  22  P036_Human           0.00%    passed      6.73%
****  TOTAL                4.96%  9 sequences failed composition chi2 test (p-value<5%; df=3)
Checking for duplicate sequences: done in 6.41346e-05 secs

Create initial parsimony tree by phylogenetic likelihood library (PLL)... 0.001 seconds

NOTE: 1 MB RAM (0 GB) is required!
Estimate model parameters (epsilon = 0.100)
1. Initial log-likelihood: -9653.797
2. Current log-likelihood: -9121.206
3. Current log-likelihood: -9103.243
4. Current log-likelihood: -9102.658
Optimal log-likelihood: -9102.613
Rate parameters:  A-C: 1.30661  A-G: 4.73233  A-T: 0.27388  C-G: 1.81530  C-T: 4.77570  G-T: 1.00000
Base frequencies:  A: 0.242  C: 0.267  G: 0.220  T: 0.271
Gamma shape alpha: 0.373
Parameters optimization took 4 rounds (0.108 sec)
Wrote distance file to... 
Computing ML distances based on estimated model parameters...
Calculating distance matrix: done in 0.00137591 secs using 100% CPU
Computing ML distances took 0.001436 sec (of wall-clock time) 0.001436 sec (of CPU time)
Setting up auxiliary I and S matrices: done in 0.000121117 secs using 99.9% CPU
Constructing RapidNJ tree: done in 0.000166178 secs using 319.5% CPU
Computing RapidNJ tree took 0.000362 sec (of wall-clock time) 0.000742 sec (of CPU time)
Log-likelihood of RapidNJ tree: -9135.876
--------------------------------------------------------------------
|             INITIALIZING CANDIDATE TREE SET                      |
--------------------------------------------------------------------
Generating 98 parsimony trees... 0.106 second
Computing log-likelihood of 98 initial trees ... 0.135 seconds
Current best score: -9101.383

Do NNI search on 20 best initial trees
Estimate model parameters (epsilon = 0.100)
BETTER TREE FOUND at iteration 1: -9091.402
Iteration 10 / LogL: -9091.426 / Time: 0h:0m:0s
Iteration 20 / LogL: -9100.162 / Time: 0h:0m:0s
Finish initializing candidate tree set (6)
Current best tree score: -9091.402 / CPU time: 0.617
Number of iterations: 20
--------------------------------------------------------------------
|               OPTIMIZING CANDIDATE TREE SET                      |
--------------------------------------------------------------------
UPDATE BEST LOG-LIKELIHOOD: -9091.398
Estimate model parameters (epsilon = 0.100)
BETTER TREE FOUND at iteration 23: -9091.188
Iteration 30 / LogL: -9094.332 / Time: 0h:0m:0s (0h:0m:3s left)
Iteration 40 / LogL: -9093.271 / Time: 0h:0m:1s (0h:0m:2s left)
Iteration 50 / LogL: -9091.302 / Time: 0h:0m:1s (0h:0m:2s left)
Iteration 60 / LogL: -9092.816 / Time: 0h:0m:1s (0h:0m:1s left)
Iteration 70 / LogL: -9091.224 / Time: 0h:0m:1s (0h:0m:1s left)
Iteration 80 / LogL: -9091.739 / Time: 0h:0m:2s (0h:0m:1s left)
Iteration 90 / LogL: -9091.490 / Time: 0h:0m:2s (0h:0m:0s left)
Iteration 100 / LogL: -9091.484 / Time: 0h:0m:2s (0h:0m:0s left)
Iteration 110 / LogL: -9091.477 / Time: 0h:0m:2s (0h:0m:0s left)
Iteration 120 / LogL: -9091.492 / Time: 0h:0m:2s (0h:0m:0s left)
TREE SEARCH COMPLETED AFTER 124 ITERATIONS / Time: 0h:0m:2s

--------------------------------------------------------------------
|                    FINALIZING TREE SEARCH                        |
--------------------------------------------------------------------
Performs final model parameters optimization
Estimate model parameters (epsilon = 0.010)
1. Initial log-likelihood: -9091.188
Optimal log-likelihood: -9091.188
Rate parameters:  A-C: 1.37529  A-G: 4.90886  A-T: 0.27378  C-G: 1.85198  C-T: 5.06996  G-T: 1.00000
Base frequencies:  A: 0.242  C: 0.267  G: 0.220  T: 0.271
Gamma shape alpha: 0.369
Parameters optimization took 1 rounds (0.006 sec)
BEST SCORE FOUND : -9091.188
Total tree length: 2.471

Total number of iterations: 124
CPU time used for tree search: 3.003 sec (0h:0m:3s)
Wall-clock time used for tree search: 2.827 sec (0h:0m:2s)
Total CPU time used: 3.151 sec (0h:0m:3s)
Total wall-clock time used: 2.963 sec (0h:0m:2s)

Analysis results written to: 
  IQ-TREE report:                /workspace/IQTree_TarvD7_Results/ENSG00000183150.nuc.ord.iqtree
  Maximum-likelihood tree:       /workspace/IQTree_TarvD7_Results/ENSG00000183150.nuc.ord.treefile
  Likelihood distances:          /workspace/IQTree_TarvD7_Results/ENSG00000183150.nuc.ord.mldist
  Screen log file:               /workspace/IQTree_TarvD7_Results/ENSG00000183150.nuc.ord.log

Date and Time: Tue May 26 21:14:57 2026
