IQ-TREE version 3.1.2 for Linux x86 64-bit built May  7 2026
Developed by Bui Quang Minh, Thomas Wong, Nhan Ly-Trong, Huaiyan Ren
Contributed by Lam-Tung Nguyen, Dominik Schrempf, Chris Bielow,
Olga Chernomor, Michael Woodhams, Diep Thi Hoang, Heiko Schmidt

Host:    8084c4e79f09 (AVX512, FMA3, 1133 GB RAM)
Command: /workspace/iqtree-3.1.2-Linux/bin/iqtree3_intel -s /workspace/NeuralNJ/empirical/TarvD7/ENSG00000184374.nuc.ord.aln -st DNA -m GTR+G -seed 2201 -pre /workspace/IQTree_TarvD7_Results/ENSG00000184374.nuc.ord -quiet
Seed:    2201 (Using SPRNG - Scalable Parallel Random Number Generator)
Time:    Tue May 26 21:32:40 2026
Kernel:  AVX+FMA - 1 threads (384 CPU cores detected)

HINT: Use -nt option to specify number of threads because your CPU has 384 cores!
HINT: -nt AUTO will automatically determine the best number of threads to use.

Reading alignment file /workspace/NeuralNJ/empirical/TarvD7/ENSG00000184374.nuc.ord.aln ... Fasta format detected
Reading fasta file: done in 0.000417948 secs using 31.1% CPU
Alignment most likely contains DNA/RNA sequences
Constructing alignment: done in 0.00127411 secs using 99.91% CPU
Alignment has 33 sequences with 852 columns, 481 distinct patterns
303 parsimony-informative, 115 singleton sites, 434 constant sites
                   Gap/Ambiguity  Composition  p-value
Analyzing sequences: done in 4.72069e-05 secs using 101.7% CPU
   1  P002_Opossum         2.82%    passed     94.48%
   2  P003_Wallaby        53.87%    passed     28.96%
   3  P004_Tenrec         13.73%    passed     55.74%
   4  P005_Rock_hyrax     14.44%    passed     81.40%
   5  P006_Elephant        3.52%    passed     92.42%
   6  P007_Armadillo      59.15%    failed      2.91%
   7  P008_Sloth          20.07%    passed     63.49%
   8  P009_Hedgehog       54.93%    passed     28.85%
   9  P010_Common_shrew   10.92%    passed     63.65%
  10  P011_Dolphin        20.07%    passed     37.51%
  11  P012_Cow            16.55%    passed     94.59%
  12  P014_Alpaca          2.46%    passed      5.99%
  13  P015_Horse           2.46%    passed     68.59%
  14  P016_Dog             2.46%    passed     90.48%
  15  P017_Cat            36.97%    passed     97.99%
  16  P018_Megabat         2.46%    passed     43.54%
  17  P019_Microbat        2.46%    passed     58.24%
  18  P021_Pika            2.46%    passed     90.61%
  19  P022_Squirrel       23.24%    passed     85.45%
  20  P023_Guinea_pig      2.46%    failed      2.46%
  21  P024_Kangaroo_rat   14.08%    passed     79.24%
  22  P025_Mouse           2.46%    passed     61.85%
  23  P026_Rat             2.46%    passed     56.30%
  24  P027_Tree_shrew     30.99%    passed     30.62%
  25  P028_Bushbaby       42.61%    passed     62.63%
  26  P029_Mouse_lemur     2.46%    passed     99.72%
  27  P030_Tarsier        48.24%    passed     70.62%
  28  P031_Marmoset        2.46%    passed     25.17%
  29  P032_Rhesus          2.46%    passed     56.57%
  30  P033_Orangutan       2.46%    passed     60.66%
  31  P034_Gorilla        54.93%    passed     24.90%
  32  P035_Chimp           2.46%    passed     55.59%
  33  P036_Human           2.46%    passed     51.94%
WARNING: 4 sequences contain more than 50% gaps/ambiguity
****  TOTAL               16.91%  2 sequences failed composition chi2 test (p-value<5%; df=3)
Checking for duplicate sequences: done in 0.000110865 secs using 99.22% CPU

Create initial parsimony tree by phylogenetic likelihood library (PLL)... 0.002 seconds

NOTE: 2 MB RAM (0 GB) is required!
Estimate model parameters (epsilon = 0.100)
1. Initial log-likelihood: -7550.268
2. Current log-likelihood: -7014.234
3. Current log-likelihood: -7007.732
Optimal log-likelihood: -7007.599
Rate parameters:  A-C: 2.31715  A-G: 5.09709  A-T: 1.13161  C-G: 1.39795  C-T: 10.07512  G-T: 1.00000
Base frequencies:  A: 0.293  C: 0.197  G: 0.299  T: 0.210
Gamma shape alpha: 0.392
Parameters optimization took 3 rounds (0.147 sec)
Wrote distance file to... 
Computing ML distances based on estimated model parameters...
Calculating distance matrix: done in 0.00238204 secs using 97.31% CPU
Computing ML distances took 0.002458 sec (of wall-clock time) 0.002390 sec (of CPU time)
Setting up auxiliary I and S matrices: done in 7.89165e-05 secs
Constructing RapidNJ tree: done in 0.000105858 secs
Computing RapidNJ tree took 0.000241 sec (of wall-clock time) 0.000004 sec (of CPU time)
Log-likelihood of RapidNJ tree: -7049.026
--------------------------------------------------------------------
|             INITIALIZING CANDIDATE TREE SET                      |
--------------------------------------------------------------------
Generating 98 parsimony trees... 0.149 second
Computing log-likelihood of 98 initial trees ... 0.189 seconds
Current best score: -6985.521

Do NNI search on 20 best initial trees
Estimate model parameters (epsilon = 0.100)
BETTER TREE FOUND at iteration 1: -6974.335
Iteration 10 / LogL: -6974.349 / Time: 0h:0m:0s
Estimate model parameters (epsilon = 0.100)
BETTER TREE FOUND at iteration 17: -6974.099
Iteration 20 / LogL: -6975.615 / Time: 0h:0m:1s
Finish initializing candidate tree set (4)
Current best tree score: -6974.099 / CPU time: 1.034
Number of iterations: 20
--------------------------------------------------------------------
|               OPTIMIZING CANDIDATE TREE SET                      |
--------------------------------------------------------------------
Iteration 30 / LogL: -6974.099 / Time: 0h:0m:1s (0h:0m:4s left)
UPDATE BEST LOG-LIKELIHOOD: -6974.099
Iteration 40 / LogL: -6988.956 / Time: 0h:0m:1s (0h:0m:3s left)
Iteration 50 / LogL: -6974.100 / Time: 0h:0m:2s (0h:0m:3s left)
Iteration 60 / LogL: -6979.858 / Time: 0h:0m:2s (0h:0m:2s left)
Iteration 70 / LogL: -6974.100 / Time: 0h:0m:2s (0h:0m:2s left)
Iteration 80 / LogL: -6974.808 / Time: 0h:0m:3s (0h:0m:1s left)
Iteration 90 / LogL: -6974.404 / Time: 0h:0m:3s (0h:0m:1s left)
Iteration 100 / LogL: -6974.101 / Time: 0h:0m:4s (0h:0m:0s left)
Iteration 110 / LogL: -6974.109 / Time: 0h:0m:4s (0h:0m:0s left)
TREE SEARCH COMPLETED AFTER 118 ITERATIONS / Time: 0h:0m:4s

--------------------------------------------------------------------
|                    FINALIZING TREE SEARCH                        |
--------------------------------------------------------------------
Performs final model parameters optimization
Estimate model parameters (epsilon = 0.010)
1. Initial log-likelihood: -6974.099
Optimal log-likelihood: -6974.098
Rate parameters:  A-C: 2.35205  A-G: 5.10891  A-T: 1.16839  C-G: 1.33408  C-T: 10.28754  G-T: 1.00000
Base frequencies:  A: 0.293  C: 0.197  G: 0.299  T: 0.210
Gamma shape alpha: 0.398
Parameters optimization took 1 rounds (0.008 sec)
BEST SCORE FOUND : -6974.098
Total tree length: 2.373

Total number of iterations: 118
CPU time used for tree search: 4.699 sec (0h:0m:4s)
Wall-clock time used for tree search: 4.529 sec (0h:0m:4s)
Total CPU time used: 4.885 sec (0h:0m:4s)
Total wall-clock time used: 4.708 sec (0h:0m:4s)

Analysis results written to: 
  IQ-TREE report:                /workspace/IQTree_TarvD7_Results/ENSG00000184374.nuc.ord.iqtree
  Maximum-likelihood tree:       /workspace/IQTree_TarvD7_Results/ENSG00000184374.nuc.ord.treefile
  Likelihood distances:          /workspace/IQTree_TarvD7_Results/ENSG00000184374.nuc.ord.mldist
  Screen log file:               /workspace/IQTree_TarvD7_Results/ENSG00000184374.nuc.ord.log

Date and Time: Tue May 26 21:32:44 2026
