IQ-TREE version 3.1.2 for Linux x86 64-bit built May  7 2026
Developed by Bui Quang Minh, Thomas Wong, Nhan Ly-Trong, Huaiyan Ren
Contributed by Lam-Tung Nguyen, Dominik Schrempf, Chris Bielow,
Olga Chernomor, Michael Woodhams, Diep Thi Hoang, Heiko Schmidt

Host:    8084c4e79f09 (AVX512, FMA3, 1133 GB RAM)
Command: /workspace/iqtree-3.1.2-Linux/bin/iqtree3_intel -s /workspace/NeuralNJ/empirical/TarvD7/ENSG00000163803.nuc.ord.aln -st DNA -m GTR+G -seed 2201 -pre /workspace/IQTree_TarvD7_Results/ENSG00000163803.nuc.ord -quiet
Seed:    2201 (Using SPRNG - Scalable Parallel Random Number Generator)
Time:    Tue May 26 15:36:17 2026
Kernel:  AVX+FMA - 1 threads (384 CPU cores detected)

HINT: Use -nt option to specify number of threads because your CPU has 384 cores!
HINT: -nt AUTO will automatically determine the best number of threads to use.

Reading alignment file /workspace/NeuralNJ/empirical/TarvD7/ENSG00000163803.nuc.ord.aln ... Fasta format detected
Reading fasta file: done in 0.00146604 secs using 74.96% CPU
Alignment most likely contains DNA/RNA sequences
Constructing alignment: done in 0.00696111 secs using 71.44% CPU
Alignment has 34 sequences with 4899 columns, 3749 distinct patterns
2479 parsimony-informative, 846 singleton sites, 1574 constant sites
                   Gap/Ambiguity  Composition  p-value
Analyzing sequences: done in 0.000693083 secs using 71.13% CPU
   1  P001_Platypus       90.26%    passed     66.68%
   2  P002_Opossum        24.43%    failed      0.00%
   3  P003_Wallaby        39.13%    failed      0.00%
   4  P004_Tenrec         35.58%    failed      1.53%
   5  P005_Rock_hyrax     15.74%    passed     25.50%
   6  P006_Elephant       45.56%    passed     80.55%
   7  P007_Armadillo      38.21%    failed      0.10%
   8  P008_Sloth          54.93%    failed      0.86%
   9  P009_Hedgehog       28.90%    failed      0.06%
  10  P010_Common_shrew   20.58%    failed      0.00%
  11  P011_Dolphin        17.51%    failed      0.42%
  12  P012_Cow            11.45%    passed     76.25%
  13  P013_Pig            90.26%    failed      1.50%
  14  P014_Alpaca         51.01%    passed     21.39%
  15  P015_Horse          11.82%    passed     68.35%
  16  P016_Dog            10.66%    passed     85.72%
  17  P017_Cat            29.64%    passed     97.69%
  18  P018_Megabat        14.51%    passed     61.65%
  19  P019_Microbat       13.10%    failed      1.33%
  20  P020_Rabbit         30.43%    failed      0.00%
  21  P021_Pika           26.21%    passed     15.06%
  22  P022_Squirrel       32.09%    passed     42.94%
  23  P023_Guinea_pig     10.47%    passed     40.17%
  24  P024_Kangaroo_rat   20.58%    passed     93.15%
  25  P025_Mouse           9.49%    failed      0.09%
  26  P026_Rat            16.35%    passed     13.82%
  27  P027_Tree_shrew     48.74%    passed     14.27%
  28  P028_Bushbaby       14.21%    passed     87.56%
  29  P029_Mouse_lemur    16.47%    failed      2.12%
  30  P032_Rhesus         29.88%    passed     67.35%
  31  P033_Orangutan      10.72%    passed     93.45%
  32  P034_Gorilla        16.78%    passed     96.41%
  33  P035_Chimp          10.66%    passed     98.97%
  34  P036_Human          10.72%    passed     97.87%
WARNING: 4 sequences contain more than 50% gaps/ambiguity
****  TOTAL               27.86%  13 sequences failed composition chi2 test (p-value<5%; df=3)
Checking for duplicate sequences: done in 0.000283003 secs using 100% CPU

Create initial parsimony tree by phylogenetic likelihood library (PLL)... 0.007 seconds

NOTE: 16 MB RAM (0 GB) is required!
Estimate model parameters (epsilon = 0.100)
1. Initial log-likelihood: -59526.140
2. Current log-likelihood: -56282.941
3. Current log-likelihood: -56252.741
4. Current log-likelihood: -56252.431
Optimal log-likelihood: -56252.398
Rate parameters:  A-C: 1.51194  A-G: 4.27770  A-T: 1.03939  C-G: 1.09467  C-T: 4.81016  G-T: 1.00000
Base frequencies:  A: 0.250  C: 0.276  G: 0.262  T: 0.212
Gamma shape alpha: 0.783
Parameters optimization took 4 rounds (0.554 sec)
Wrote distance file to... 
Computing ML distances based on estimated model parameters...
Calculating distance matrix: done in 0.00519109 secs using 99.92% CPU
Computing ML distances took 0.005637 sec (of wall-clock time) 0.005633 sec (of CPU time)
Setting up auxiliary I and S matrices: done in 0.000180006 secs using 373.9% CPU
Constructing RapidNJ tree: done in 0.000296831 secs using 219.3% CPU
Computing RapidNJ tree took 0.000527 sec (of wall-clock time) 0.001387 sec (of CPU time)
Log-likelihood of RapidNJ tree: -56486.994
--------------------------------------------------------------------
|             INITIALIZING CANDIDATE TREE SET                      |
--------------------------------------------------------------------
Generating 98 parsimony trees... 0.800 second
Computing log-likelihood of 98 initial trees ... 1.428 seconds
Current best score: -56252.398

Do NNI search on 20 best initial trees
Estimate model parameters (epsilon = 0.100)
BETTER TREE FOUND at iteration 1: -56216.510
Estimate model parameters (epsilon = 0.100)
BETTER TREE FOUND at iteration 2: -56200.324
Estimate model parameters (epsilon = 0.100)
BETTER TREE FOUND at iteration 7: -56172.335
Iteration 10 / LogL: -56245.022 / Time: 0h:0m:5s
Iteration 20 / LogL: -56216.908 / Time: 0h:0m:8s
Finish initializing candidate tree set (6)
Current best tree score: -56172.335 / CPU time: 7.927
Number of iterations: 20
--------------------------------------------------------------------
|               OPTIMIZING CANDIDATE TREE SET                      |
--------------------------------------------------------------------
Iteration 30 / LogL: -56201.059 / Time: 0h:0m:10s (0h:0m:28s left)
Iteration 40 / LogL: -56172.681 / Time: 0h:0m:13s (0h:0m:23s left)
Iteration 50 / LogL: -56173.712 / Time: 0h:0m:15s (0h:0m:18s left)
Iteration 60 / LogL: -56200.004 / Time: 0h:0m:18s (0h:0m:14s left)
Iteration 70 / LogL: -56200.308 / Time: 0h:0m:21s (0h:0m:11s left)
Iteration 80 / LogL: -56206.956 / Time: 0h:0m:23s (0h:0m:8s left)
Iteration 90 / LogL: -56172.448 / Time: 0h:0m:26s (0h:0m:5s left)
UPDATE BEST LOG-LIKELIHOOD: -56172.331
Iteration 100 / LogL: -56174.818 / Time: 0h:0m:28s (0h:0m:2s left)
TREE SEARCH COMPLETED AFTER 108 ITERATIONS / Time: 0h:0m:30s

--------------------------------------------------------------------
|                    FINALIZING TREE SEARCH                        |
--------------------------------------------------------------------
Performs final model parameters optimization
Estimate model parameters (epsilon = 0.010)
1. Initial log-likelihood: -56172.331
2. Current log-likelihood: -56172.300
Optimal log-likelihood: -56172.299
Rate parameters:  A-C: 1.50545  A-G: 4.28633  A-T: 1.03382  C-G: 1.08926  C-T: 4.75808  G-T: 1.00000
Base frequencies:  A: 0.250  C: 0.276  G: 0.262  T: 0.212
Gamma shape alpha: 0.788
Parameters optimization took 2 rounds (0.121 sec)
BEST SCORE FOUND : -56172.299
Total tree length: 5.139

Total number of iterations: 108
CPU time used for tree search: 30.151 sec (0h:0m:30s)
Wall-clock time used for tree search: 30.120 sec (0h:0m:30s)
Total CPU time used: 31.074 sec (0h:0m:31s)
Total wall-clock time used: 30.944 sec (0h:0m:30s)

Analysis results written to: 
  IQ-TREE report:                /workspace/IQTree_TarvD7_Results/ENSG00000163803.nuc.ord.iqtree
  Maximum-likelihood tree:       /workspace/IQTree_TarvD7_Results/ENSG00000163803.nuc.ord.treefile
  Likelihood distances:          /workspace/IQTree_TarvD7_Results/ENSG00000163803.nuc.ord.mldist
  Screen log file:               /workspace/IQTree_TarvD7_Results/ENSG00000163803.nuc.ord.log

Date and Time: Tue May 26 15:36:48 2026
