IQ-TREE version 3.1.2 for Linux x86 64-bit built May  7 2026
Developed by Bui Quang Minh, Thomas Wong, Nhan Ly-Trong, Huaiyan Ren
Contributed by Lam-Tung Nguyen, Dominik Schrempf, Chris Bielow,
Olga Chernomor, Michael Woodhams, Diep Thi Hoang, Heiko Schmidt

Host:    8084c4e79f09 (AVX512, FMA3, 1133 GB RAM)
Command: /workspace/iqtree-3.1.2-Linux/bin/iqtree3_intel -s /workspace/NeuralNJ/empirical/TarvD7/ENSG00000115840.nuc.ord.aln -st DNA -m GTR+G -seed 2201 -pre /workspace/IQTree_TarvD7_Results/ENSG00000115840.nuc.ord -quiet
Seed:    2201 (Using SPRNG - Scalable Parallel Random Number Generator)
Time:    Tue May 26 02:44:26 2026
Kernel:  AVX+FMA - 1 threads (384 CPU cores detected)

HINT: Use -nt option to specify number of threads because your CPU has 384 cores!
HINT: -nt AUTO will automatically determine the best number of threads to use.

Reading alignment file /workspace/NeuralNJ/empirical/TarvD7/ENSG00000115840.nuc.ord.aln ... Fasta format detected
Reading fasta file: done in 0.00103402 secs using 49.23% CPU
Alignment most likely contains DNA/RNA sequences
Constructing alignment: done in 0.00322294 secs using 60.88% CPU
Alignment has 36 sequences with 2181 columns, 963 distinct patterns
542 parsimony-informative, 277 singleton sites, 1362 constant sites
                   Gap/Ambiguity  Composition  p-value
Analyzing sequences: done in 7.58171e-05 secs using 101.6% CPU
   1  P001_Platypus        8.53%    passed     50.95%
   2  P002_Opossum         6.88%    passed     93.22%
   3  P003_Wallaby        33.56%    passed     73.92%
   4  P004_Tenrec         22.83%    passed     11.01%
   5  P005_Rock_hyrax     19.94%    passed     71.40%
   6  P006_Elephant       36.18%    passed     65.32%
   7  P007_Armadillo      34.53%    passed     67.96%
   8  P008_Sloth          22.97%    passed     37.45%
   9  P009_Hedgehog       20.22%    passed     57.00%
  10  P010_Common_shrew   38.65%    passed      8.12%
  11  P011_Dolphin         6.88%    passed     82.72%
  12  P012_Cow             7.15%    passed     96.97%
  13  P013_Pig            42.64%    passed     27.60%
  14  P014_Alpaca         11.28%    passed     94.07%
  15  P015_Horse           7.29%    passed     78.44%
  16  P016_Dog             6.74%    passed     96.27%
  17  P017_Cat            33.15%    passed     96.94%
  18  P018_Megabat        14.31%    passed     80.09%
  19  P019_Microbat       40.72%    passed     73.41%
  20  P020_Rabbit         31.64%    passed     39.68%
  21  P021_Pika           14.03%    passed     88.58%
  22  P022_Squirrel       40.99%    passed     89.39%
  23  P023_Guinea_pig      7.43%    passed     90.54%
  24  P024_Kangaroo_rat   10.32%    passed     80.40%
  25  P025_Mouse           6.88%    failed      0.03%
  26  P026_Rat            66.71%    failed      0.03%
  27  P027_Tree_shrew     14.44%    passed     80.57%
  28  P028_Bushbaby       30.67%    passed     42.88%
  29  P029_Mouse_lemur    27.79%    passed     61.07%
  30  P030_Tarsier        19.81%    passed     97.14%
  31  P031_Marmoset        6.60%    passed     54.30%
  32  P032_Rhesus          6.74%    passed     78.32%
  33  P033_Orangutan       7.15%    passed     68.21%
  34  P034_Gorilla        55.43%    passed     45.57%
  35  P035_Chimp           6.74%    passed     74.98%
  36  P036_Human           6.74%    passed     69.24%
WARNING: 2 sequences contain more than 50% gaps/ambiguity
****  TOTAL               21.52%  2 sequences failed composition chi2 test (p-value<5%; df=3)
Checking for duplicate sequences: done in 0.000161886 secs using 27.8% CPU

Create initial parsimony tree by phylogenetic likelihood library (PLL)... 0.004 seconds

NOTE: 4 MB RAM (0 GB) is required!
Estimate model parameters (epsilon = 0.100)
1. Initial log-likelihood: -15175.399
2. Current log-likelihood: -14015.626
3. Current log-likelihood: -14001.531
Optimal log-likelihood: -14001.461
Rate parameters:  A-C: 1.67145  A-G: 5.94607  A-T: 0.92455  C-G: 1.06628  C-T: 6.83626  G-T: 1.00000
Base frequencies:  A: 0.254  C: 0.233  G: 0.244  T: 0.269
Gamma shape alpha: 0.288
Parameters optimization took 3 rounds (0.153 sec)
Wrote distance file to... 
Computing ML distances based on estimated model parameters...
Calculating distance matrix: done in 0.00340796 secs using 98.97% CPU
Computing ML distances took 0.003537 sec (of wall-clock time) 0.003491 sec (of CPU time)
Setting up auxiliary I and S matrices: done in 0.000187874 secs using 100.6% CPU
Constructing RapidNJ tree: done in 0.000175953 secs using 99.46% CPU
Computing RapidNJ tree took 0.000437 sec (of wall-clock time) 0.000435 sec (of CPU time)
Log-likelihood of RapidNJ tree: -14061.378
--------------------------------------------------------------------
|             INITIALIZING CANDIDATE TREE SET                      |
--------------------------------------------------------------------
Generating 98 parsimony trees... 0.263 second
Computing log-likelihood of 98 initial trees ... 0.382 seconds
Current best score: -13984.230

Do NNI search on 20 best initial trees
Estimate model parameters (epsilon = 0.100)
BETTER TREE FOUND at iteration 1: -13967.001
Iteration 10 / LogL: -13967.002 / Time: 0h:0m:1s
UPDATE BEST LOG-LIKELIHOOD: -13967.000
Estimate model parameters (epsilon = 0.100)
BETTER TREE FOUND at iteration 20: -13966.670
Iteration 20 / LogL: -13966.670 / Time: 0h:0m:2s
Finish initializing candidate tree set (4)
Current best tree score: -13966.670 / CPU time: 1.993
Number of iterations: 20
--------------------------------------------------------------------
|               OPTIMIZING CANDIDATE TREE SET                      |
--------------------------------------------------------------------
Iteration 30 / LogL: -13978.827 / Time: 0h:0m:3s (0h:0m:9s left)
UPDATE BEST LOG-LIKELIHOOD: -13966.670
Iteration 40 / LogL: -13966.877 / Time: 0h:0m:3s (0h:0m:7s left)
Iteration 50 / LogL: -13966.978 / Time: 0h:0m:4s (0h:0m:6s left)
Iteration 60 / LogL: -13966.977 / Time: 0h:0m:5s (0h:0m:5s left)
Iteration 70 / LogL: -13967.420 / Time: 0h:0m:5s (0h:0m:4s left)
Iteration 80 / LogL: -13976.570 / Time: 0h:0m:6s (0h:0m:3s left)
Iteration 90 / LogL: -13966.671 / Time: 0h:0m:7s (0h:0m:2s left)
Iteration 100 / LogL: -13966.670 / Time: 0h:0m:8s (0h:0m:1s left)
Iteration 110 / LogL: -13966.705 / Time: 0h:0m:8s (0h:0m:0s left)
Iteration 120 / LogL: -13966.691 / Time: 0h:0m:9s (0h:0m:0s left)
TREE SEARCH COMPLETED AFTER 121 ITERATIONS / Time: 0h:0m:9s

--------------------------------------------------------------------
|                    FINALIZING TREE SEARCH                        |
--------------------------------------------------------------------
Performs final model parameters optimization
Estimate model parameters (epsilon = 0.010)
1. Initial log-likelihood: -13966.670
Optimal log-likelihood: -13966.669
Rate parameters:  A-C: 1.70724  A-G: 5.98671  A-T: 0.90980  C-G: 1.09628  C-T: 7.03837  G-T: 1.00000
Base frequencies:  A: 0.254  C: 0.233  G: 0.244  T: 0.269
Gamma shape alpha: 0.290
Parameters optimization took 1 rounds (0.016 sec)
BEST SCORE FOUND : -13966.669
Total tree length: 1.777

Total number of iterations: 121
CPU time used for tree search: 9.487 sec (0h:0m:9s)
Wall-clock time used for tree search: 9.323 sec (0h:0m:9s)
Total CPU time used: 9.709 sec (0h:0m:9s)
Total wall-clock time used: 9.529 sec (0h:0m:9s)

Analysis results written to: 
  IQ-TREE report:                /workspace/IQTree_TarvD7_Results/ENSG00000115840.nuc.ord.iqtree
  Maximum-likelihood tree:       /workspace/IQTree_TarvD7_Results/ENSG00000115840.nuc.ord.treefile
  Likelihood distances:          /workspace/IQTree_TarvD7_Results/ENSG00000115840.nuc.ord.mldist
  Screen log file:               /workspace/IQTree_TarvD7_Results/ENSG00000115840.nuc.ord.log

Date and Time: Tue May 26 02:44:35 2026
