IQ-TREE version 3.1.2 for Linux x86 64-bit built May  7 2026
Developed by Bui Quang Minh, Thomas Wong, Nhan Ly-Trong, Huaiyan Ren
Contributed by Lam-Tung Nguyen, Dominik Schrempf, Chris Bielow,
Olga Chernomor, Michael Woodhams, Diep Thi Hoang, Heiko Schmidt

Host:    8084c4e79f09 (AVX512, FMA3, 1133 GB RAM)
Command: /workspace/iqtree-3.1.2-Linux/bin/iqtree3_intel -s /workspace/NeuralNJ/empirical/TarvD7/ENSG00000087245.nuc.ord.aln -st DNA -m GTR+G -seed 2201 -pre /workspace/IQTree_TarvD7_Results/ENSG00000087245.nuc.ord -quiet
Seed:    2201 (Using SPRNG - Scalable Parallel Random Number Generator)
Time:    Mon May 25 21:22:16 2026
Kernel:  AVX+FMA - 1 threads (384 CPU cores detected)

HINT: Use -nt option to specify number of threads because your CPU has 384 cores!
HINT: -nt AUTO will automatically determine the best number of threads to use.

Reading alignment file /workspace/NeuralNJ/empirical/TarvD7/ENSG00000087245.nuc.ord.aln ... Fasta format detected
Reading fasta file: done in 0.000595093 secs using 12.44% CPU
Alignment most likely contains DNA/RNA sequences
Constructing alignment: done in 0.0026772 secs using 57.6% CPU
Alignment has 30 sequences with 2178 columns, 1154 distinct patterns
665 parsimony-informative, 340 singleton sites, 1172 constant sites
                   Gap/Ambiguity  Composition  p-value
Analyzing sequences: done in 5.10216e-05 secs using 19.6% CPU
   1  P001_Platypus        8.95%    passed     76.45%
   2  P002_Opossum         8.82%    failed      0.00%
   3  P003_Wallaby        36.09%    failed      0.00%
   4  P005_Rock_hyrax     21.63%    passed     95.62%
   5  P007_Armadillo      24.52%    passed     72.34%
   6  P009_Hedgehog       18.87%    failed      0.26%
   7  P010_Common_shrew   53.86%    passed      6.91%
   8  P011_Dolphin        11.29%    passed     21.50%
   9  P012_Cow             8.95%    passed     64.93%
  10  P013_Pig             9.23%    passed      5.11%
  11  P015_Horse          15.56%    passed     12.70%
  12  P016_Dog            12.95%    passed     87.98%
  13  P017_Cat            16.25%    passed     85.01%
  14  P018_Megabat         9.23%    passed     29.69%
  15  P019_Microbat       17.22%    failed      0.73%
  16  P020_Rabbit         43.39%    passed     54.41%
  17  P021_Pika           21.63%    passed     70.29%
  18  P022_Squirrel       58.95%    passed     54.42%
  19  P023_Guinea_pig      8.68%    passed     85.80%
  20  P024_Kangaroo_rat   26.03%    passed     61.20%
  21  P025_Mouse           8.82%    passed     16.06%
  22  P026_Rat             8.95%    failed      3.31%
  23  P027_Tree_shrew     45.59%    passed     81.29%
  24  P029_Mouse_lemur    23.69%    failed      3.69%
  25  P030_Tarsier        37.19%    passed     85.35%
  26  P031_Marmoset        9.09%    passed     98.30%
  27  P032_Rhesus          9.09%    passed     99.50%
  28  P033_Orangutan      23.00%    passed     89.28%
  29  P035_Chimp          10.61%    passed     99.14%
  30  P036_Human           9.09%    passed     99.22%
WARNING: 2 sequences contain more than 50% gaps/ambiguity
****  TOTAL               20.57%  6 sequences failed composition chi2 test (p-value<5%; df=3)
Checking for duplicate sequences: done in 0.000109911 secs using 20.02% CPU

Create initial parsimony tree by phylogenetic likelihood library (PLL)... 0.002 seconds

NOTE: 4 MB RAM (0 GB) is required!
Estimate model parameters (epsilon = 0.100)
1. Initial log-likelihood: -18194.075
2. Current log-likelihood: -16918.213
3. Current log-likelihood: -16898.721
4. Current log-likelihood: -16898.505
Optimal log-likelihood: -16898.489
Rate parameters:  A-C: 1.55167  A-G: 4.44465  A-T: 1.33885  C-G: 1.14823  C-T: 7.19604  G-T: 1.00000
Base frequencies:  A: 0.229  C: 0.289  G: 0.280  T: 0.203
Gamma shape alpha: 0.348
Parameters optimization took 4 rounds (0.165 sec)
Wrote distance file to... 
Computing ML distances based on estimated model parameters...
Calculating distance matrix: done in 0.00249791 secs using 99.96% CPU
Computing ML distances took 0.002621 sec (of wall-clock time) 0.002621 sec (of CPU time)
Setting up auxiliary I and S matrices: done in 0.000130892 secs using 179.5% CPU
Constructing RapidNJ tree: done in 0.000123024 secs using 176.4% CPU
Computing RapidNJ tree took 0.000334 sec (of wall-clock time) 0.000593 sec (of CPU time)
Log-likelihood of RapidNJ tree: -16927.389
--------------------------------------------------------------------
|             INITIALIZING CANDIDATE TREE SET                      |
--------------------------------------------------------------------
Generating 98 parsimony trees... 0.241 second
Computing log-likelihood of 98 initial trees ... 0.369 seconds
Current best score: -16858.728

Do NNI search on 20 best initial trees
Estimate model parameters (epsilon = 0.100)
BETTER TREE FOUND at iteration 1: -16829.834
Iteration 10 / LogL: -16830.977 / Time: 0h:0m:1s
Iteration 20 / LogL: -16847.456 / Time: 0h:0m:1s
Finish initializing candidate tree set (9)
Current best tree score: -16829.834 / CPU time: 1.591
Number of iterations: 20
--------------------------------------------------------------------
|               OPTIMIZING CANDIDATE TREE SET                      |
--------------------------------------------------------------------
Estimate model parameters (epsilon = 0.100)
BETTER TREE FOUND at iteration 24: -16825.864
Iteration 30 / LogL: -16830.906 / Time: 0h:0m:2s (0h:0m:8s left)
Iteration 40 / LogL: -16825.971 / Time: 0h:0m:3s (0h:0m:6s left)
Iteration 50 / LogL: -16825.876 / Time: 0h:0m:3s (0h:0m:5s left)
Iteration 60 / LogL: -16828.294 / Time: 0h:0m:4s (0h:0m:4s left)
Iteration 70 / LogL: -16825.890 / Time: 0h:0m:4s (0h:0m:3s left)
Iteration 80 / LogL: -16832.722 / Time: 0h:0m:5s (0h:0m:3s left)
Iteration 90 / LogL: -16828.022 / Time: 0h:0m:6s (0h:0m:2s left)
Iteration 100 / LogL: -16833.238 / Time: 0h:0m:6s (0h:0m:1s left)
Iteration 110 / LogL: -16825.865 / Time: 0h:0m:7s (0h:0m:0s left)
Iteration 120 / LogL: -16829.058 / Time: 0h:0m:7s (0h:0m:0s left)
TREE SEARCH COMPLETED AFTER 125 ITERATIONS / Time: 0h:0m:8s

--------------------------------------------------------------------
|                    FINALIZING TREE SEARCH                        |
--------------------------------------------------------------------
Performs final model parameters optimization
Estimate model parameters (epsilon = 0.010)
1. Initial log-likelihood: -16825.864
Optimal log-likelihood: -16825.864
Rate parameters:  A-C: 1.66020  A-G: 4.93500  A-T: 1.45914  C-G: 1.22282  C-T: 7.97205  G-T: 1.00000
Base frequencies:  A: 0.229  C: 0.289  G: 0.280  T: 0.203
Gamma shape alpha: 0.348
Parameters optimization took 1 rounds (0.016 sec)
BEST SCORE FOUND : -16825.864
Total tree length: 2.649

Total number of iterations: 125
CPU time used for tree search: 8.192 sec (0h:0m:8s)
Wall-clock time used for tree search: 8.029 sec (0h:0m:8s)
Total CPU time used: 8.424 sec (0h:0m:8s)
Total wall-clock time used: 8.244 sec (0h:0m:8s)

Analysis results written to: 
  IQ-TREE report:                /workspace/IQTree_TarvD7_Results/ENSG00000087245.nuc.ord.iqtree
  Maximum-likelihood tree:       /workspace/IQTree_TarvD7_Results/ENSG00000087245.nuc.ord.treefile
  Likelihood distances:          /workspace/IQTree_TarvD7_Results/ENSG00000087245.nuc.ord.mldist
  Screen log file:               /workspace/IQTree_TarvD7_Results/ENSG00000087245.nuc.ord.log

Date and Time: Mon May 25 21:22:24 2026
