IQ-TREE version 3.1.2 for Linux x86 64-bit built May  7 2026
Developed by Bui Quang Minh, Thomas Wong, Nhan Ly-Trong, Huaiyan Ren
Contributed by Lam-Tung Nguyen, Dominik Schrempf, Chris Bielow,
Olga Chernomor, Michael Woodhams, Diep Thi Hoang, Heiko Schmidt

Host:    8084c4e79f09 (AVX512, FMA3, 1133 GB RAM)
Command: /workspace/iqtree-3.1.2-Linux/bin/iqtree3_intel -s /workspace/NeuralNJ/empirical/TarvD7/ENSG00000107731.nuc.ord.aln -st DNA -m GTR+G -seed 2201 -pre /workspace/IQTree_TarvD7_Results/ENSG00000107731.nuc.ord -quiet
Seed:    2201 (Using SPRNG - Scalable Parallel Random Number Generator)
Time:    Tue May 26 00:31:46 2026
Kernel:  AVX+FMA - 1 threads (384 CPU cores detected)

HINT: Use -nt option to specify number of threads because your CPU has 384 cores!
HINT: -nt AUTO will automatically determine the best number of threads to use.

Reading alignment file /workspace/NeuralNJ/empirical/TarvD7/ENSG00000107731.nuc.ord.aln ... Fasta format detected
Reading fasta file: done in 0.000923157 secs using 51.67% CPU
Alignment most likely contains DNA/RNA sequences
Constructing alignment: done in 0.00391698 secs using 79.24% CPU
Alignment has 31 sequences with 3303 columns, 1634 distinct patterns
883 parsimony-informative, 558 singleton sites, 1862 constant sites
                   Gap/Ambiguity  Composition  p-value
Analyzing sequences: done in 9.98974e-05 secs using 100.1% CPU
   1  P001_Platypus       15.35%    passed     68.95%
   2  P002_Opossum        17.62%    failed      0.00%
   3  P003_Wallaby        21.16%    failed      0.00%
   4  P005_Rock_hyrax     14.53%    passed     17.21%
   5  P006_Elephant       43.60%    passed     98.90%
   6  P007_Armadillo      45.41%    failed      0.05%
   7  P009_Hedgehog       53.13%    passed     79.76%
   8  P011_Dolphin        21.98%    passed     63.14%
   9  P012_Cow            14.17%    passed     41.32%
  10  P013_Pig            14.17%    passed     11.15%
  11  P015_Horse          16.08%    passed     20.37%
  12  P016_Dog            13.53%    passed     17.70%
  13  P017_Cat            31.34%    passed     52.52%
  14  P018_Megabat        15.26%    passed     99.20%
  15  P019_Microbat       45.32%    passed     63.97%
  16  P020_Rabbit         38.42%    passed     11.80%
  17  P021_Pika           36.78%    passed     70.49%
  18  P023_Guinea_pig     14.17%    passed     82.51%
  19  P024_Kangaroo_rat   32.61%    passed      5.22%
  20  P025_Mouse          14.17%    passed     29.33%
  21  P026_Rat            14.08%    passed      9.14%
  22  P027_Tree_shrew     37.69%    passed     77.08%
  23  P028_Bushbaby       35.51%    passed     58.80%
  24  P029_Mouse_lemur    31.43%    failed      0.01%
  25  P030_Tarsier        70.03%    passed     98.82%
  26  P031_Marmoset       14.90%    passed     89.88%
  27  P032_Rhesus         14.17%    passed     85.10%
  28  P033_Orangutan      41.51%    passed     87.79%
  29  P034_Gorilla        38.15%    passed     10.06%
  30  P035_Chimp          34.79%    passed     93.19%
  31  P036_Human          14.17%    passed     86.68%
WARNING: 2 sequences contain more than 50% gaps/ambiguity
****  TOTAL               27.91%  4 sequences failed composition chi2 test (p-value<5%; df=3)
Checking for duplicate sequences: done in 0.000135899 secs using 100.8% CPU

Create initial parsimony tree by phylogenetic likelihood library (PLL)... 0.003 seconds

NOTE: 6 MB RAM (0 GB) is required!
Estimate model parameters (epsilon = 0.100)
1. Initial log-likelihood: -25230.656
2. Current log-likelihood: -23300.490
3. Current log-likelihood: -23250.525
4. Current log-likelihood: -23249.054
Optimal log-likelihood: -23249.015
Rate parameters:  A-C: 1.39413  A-G: 5.63053  A-T: 1.84725  C-G: 0.97067  C-T: 7.44528  G-T: 1.00000
Base frequencies:  A: 0.200  C: 0.330  G: 0.291  T: 0.179
Gamma shape alpha: 0.346
Parameters optimization took 4 rounds (0.302 sec)
Wrote distance file to... 
Computing ML distances based on estimated model parameters...
Calculating distance matrix: done in 0.00313783 secs using 99.08% CPU
Computing ML distances took 0.003318 sec (of wall-clock time) 0.003281 sec (of CPU time)
Setting up auxiliary I and S matrices: done in 0.000150919 secs
Constructing RapidNJ tree: done in 0.000234127 secs using 270.8% CPU
Computing RapidNJ tree took 0.000461 sec (of wall-clock time) 0.000662 sec (of CPU time)
Log-likelihood of RapidNJ tree: -23342.492
--------------------------------------------------------------------
|             INITIALIZING CANDIDATE TREE SET                      |
--------------------------------------------------------------------
Generating 98 parsimony trees... 0.323 second
Computing log-likelihood of 98 initial trees ... 0.565 seconds
Current best score: -23249.015

Do NNI search on 20 best initial trees
Estimate model parameters (epsilon = 0.100)
BETTER TREE FOUND at iteration 1: -23223.413
Iteration 10 / LogL: -23228.436 / Time: 0h:0m:2s
Iteration 20 / LogL: -23237.132 / Time: 0h:0m:2s
Finish initializing candidate tree set (6)
Current best tree score: -23223.413 / CPU time: 2.499
Number of iterations: 20
--------------------------------------------------------------------
|               OPTIMIZING CANDIDATE TREE SET                      |
--------------------------------------------------------------------
Iteration 30 / LogL: -23223.451 / Time: 0h:0m:3s (0h:0m:9s left)
Estimate model parameters (epsilon = 0.100)
BETTER TREE FOUND at iteration 35: -23222.629
Iteration 40 / LogL: -23223.581 / Time: 0h:0m:4s (0h:0m:11s left)
Iteration 50 / LogL: -23223.479 / Time: 0h:0m:5s (0h:0m:10s left)
Iteration 60 / LogL: -23223.902 / Time: 0h:0m:6s (0h:0m:8s left)
Iteration 70 / LogL: -23223.428 / Time: 0h:0m:7s (0h:0m:7s left)
Iteration 80 / LogL: -23222.667 / Time: 0h:0m:8s (0h:0m:6s left)
Iteration 90 / LogL: -23222.677 / Time: 0h:0m:9s (0h:0m:4s left)
Iteration 100 / LogL: -23223.490 / Time: 0h:0m:10s (0h:0m:3s left)
Iteration 110 / LogL: -23228.385 / Time: 0h:0m:11s (0h:0m:2s left)
Iteration 120 / LogL: -23222.653 / Time: 0h:0m:12s (0h:0m:1s left)
Iteration 130 / LogL: -23222.766 / Time: 0h:0m:13s (0h:0m:0s left)
TREE SEARCH COMPLETED AFTER 136 ITERATIONS / Time: 0h:0m:13s

--------------------------------------------------------------------
|                    FINALIZING TREE SEARCH                        |
--------------------------------------------------------------------
Performs final model parameters optimization
Estimate model parameters (epsilon = 0.010)
1. Initial log-likelihood: -23222.629
2. Current log-likelihood: -23222.618
Optimal log-likelihood: -23222.617
Rate parameters:  A-C: 1.40687  A-G: 5.74013  A-T: 1.83585  C-G: 0.97943  C-T: 7.53829  G-T: 1.00000
Base frequencies:  A: 0.200  C: 0.330  G: 0.291  T: 0.179
Gamma shape alpha: 0.345
Parameters optimization took 2 rounds (0.057 sec)
BEST SCORE FOUND : -23222.617
Total tree length: 3.166

Total number of iterations: 136
CPU time used for tree search: 13.783 sec (0h:0m:13s)
Wall-clock time used for tree search: 13.633 sec (0h:0m:13s)
Total CPU time used: 14.218 sec (0h:0m:14s)
Total wall-clock time used: 14.040 sec (0h:0m:14s)

Analysis results written to: 
  IQ-TREE report:                /workspace/IQTree_TarvD7_Results/ENSG00000107731.nuc.ord.iqtree
  Maximum-likelihood tree:       /workspace/IQTree_TarvD7_Results/ENSG00000107731.nuc.ord.treefile
  Likelihood distances:          /workspace/IQTree_TarvD7_Results/ENSG00000107731.nuc.ord.mldist
  Screen log file:               /workspace/IQTree_TarvD7_Results/ENSG00000107731.nuc.ord.log

Date and Time: Tue May 26 00:32:00 2026
