IQ-TREE version 3.1.2 for Linux x86 64-bit built May  7 2026
Developed by Bui Quang Minh, Thomas Wong, Nhan Ly-Trong, Huaiyan Ren
Contributed by Lam-Tung Nguyen, Dominik Schrempf, Chris Bielow,
Olga Chernomor, Michael Woodhams, Diep Thi Hoang, Heiko Schmidt

Host:    8084c4e79f09 (AVX512, FMA3, 1133 GB RAM)
Command: /workspace/iqtree-3.1.2-Linux/bin/iqtree3_intel -s /workspace/NeuralNJ/empirical/TarvD7/ENSG00000139793.nuc.ord.aln -st DNA -m GTR+G -seed 2201 -pre /workspace/IQTree_TarvD7_Results/ENSG00000139793.nuc.ord -quiet
Seed:    2201 (Using SPRNG - Scalable Parallel Random Number Generator)
Time:    Tue May 26 09:24:12 2026
Kernel:  AVX+FMA - 1 threads (384 CPU cores detected)

HINT: Use -nt option to specify number of threads because your CPU has 384 cores!
HINT: -nt AUTO will automatically determine the best number of threads to use.

Reading alignment file /workspace/NeuralNJ/empirical/TarvD7/ENSG00000139793.nuc.ord.aln ... Fasta format detected
Reading fasta file: done in 0.000471115 secs using 16.56% CPU
Alignment most likely contains DNA/RNA sequences
Constructing alignment: done in 0.00158191 secs using 100% CPU
Alignment has 36 sequences with 1398 columns, 478 distinct patterns
241 parsimony-informative, 168 singleton sites, 989 constant sites
                   Gap/Ambiguity  Composition  p-value
Analyzing sequences: done in 2.71797e-05 secs using 95.66% CPU
   1  P001_Platypus       15.88%    failed      4.21%
   2  P002_Opossum        16.09%    passed     62.21%
   3  P003_Wallaby        43.35%    passed     58.81%
   4  P004_Tenrec         22.75%    passed     77.58%
   5  P005_Rock_hyrax     28.97%    failed      2.14%
   6  P006_Elephant       19.96%    passed     98.37%
   7  P007_Armadillo      34.55%    passed     70.03%
   8  P008_Sloth          25.97%    passed     26.89%
   9  P009_Hedgehog       31.55%    passed     93.55%
  10  P010_Common_shrew   22.75%    passed     33.23%
  11  P011_Dolphin        19.96%    passed     98.16%
  12  P012_Cow            18.67%    passed     88.47%
  13  P013_Pig            19.96%    passed     20.09%
  14  P014_Alpaca         19.96%    passed     99.99%
  15  P015_Horse          37.77%    passed     32.43%
  16  P016_Dog            19.74%    passed     85.53%
  17  P017_Cat            43.99%    passed     40.46%
  18  P018_Megabat        19.96%    passed     41.00%
  19  P019_Microbat       34.76%    passed     81.36%
  20  P020_Rabbit         19.96%    passed     98.50%
  21  P021_Pika           22.32%    passed     98.35%
  22  P022_Squirrel       19.96%    passed     99.19%
  23  P023_Guinea_pig     19.96%    passed     97.72%
  24  P024_Kangaroo_rat   53.65%    passed     48.43%
  25  P025_Mouse          18.67%    passed     60.88%
  26  P026_Rat            18.88%    passed     58.50%
  27  P027_Tree_shrew     43.35%    passed     74.13%
  28  P028_Bushbaby       47.85%    passed     46.81%
  29  P029_Mouse_lemur    43.78%    passed     16.24%
  30  P030_Tarsier        34.55%    passed     73.29%
  31  P031_Marmoset       44.21%    passed     85.83%
  32  P032_Rhesus         19.96%    passed     89.60%
  33  P033_Orangutan      16.09%    passed     76.83%
  34  P034_Gorilla        75.54%    passed     37.49%
  35  P035_Chimp          19.96%    passed     91.73%
  36  P036_Human          19.96%    passed     89.50%
WARNING: 2 sequences contain more than 50% gaps/ambiguity
****  TOTAL               28.76%  2 sequences failed composition chi2 test (p-value<5%; df=3)
Checking for duplicate sequences: done in 9.70364e-05 secs using 99.96% CPU

Create initial parsimony tree by phylogenetic likelihood library (PLL)... 0.002 seconds

NOTE: 2 MB RAM (0 GB) is required!
Estimate model parameters (epsilon = 0.100)
1. Initial log-likelihood: -8146.275
2. Current log-likelihood: -7583.271
3. Current log-likelihood: -7574.327
4. Current log-likelihood: -7574.172
Optimal log-likelihood: -7574.165
Rate parameters:  A-C: 1.23475  A-G: 4.18512  A-T: 0.59951  C-G: 1.03309  C-T: 4.50962  G-T: 1.00000
Base frequencies:  A: 0.278  C: 0.282  G: 0.224  T: 0.216
Gamma shape alpha: 0.245
Parameters optimization took 4 rounds (0.085 sec)
Wrote distance file to... 
Computing ML distances based on estimated model parameters...
Calculating distance matrix: done in 0.00326705 secs using 100% CPU
Computing ML distances took 0.003337 sec (of wall-clock time) 0.003337 sec (of CPU time)
Setting up auxiliary I and S matrices: done in 0.000189066 secs using 99.97% CPU
Constructing RapidNJ tree: done in 0.000334978 secs using 247.5% CPU
Computing RapidNJ tree took 0.000602 sec (of wall-clock time) 0.001095 sec (of CPU time)
Log-likelihood of RapidNJ tree: -7621.062
--------------------------------------------------------------------
|             INITIALIZING CANDIDATE TREE SET                      |
--------------------------------------------------------------------
Generating 98 parsimony trees... 0.149 second
Computing log-likelihood of 98 initial trees ... 0.202 seconds
Current best score: -7543.725

Do NNI search on 20 best initial trees
Estimate model parameters (epsilon = 0.100)
BETTER TREE FOUND at iteration 1: -7527.545
Estimate model parameters (epsilon = 0.100)
BETTER TREE FOUND at iteration 2: -7525.516
Estimate model parameters (epsilon = 0.100)
BETTER TREE FOUND at iteration 3: -7519.224
Estimate model parameters (epsilon = 0.100)
BETTER TREE FOUND at iteration 7: -7516.261
Iteration 10 / LogL: -7520.697 / Time: 0h:0m:0s
Iteration 20 / LogL: -7527.834 / Time: 0h:0m:1s
Finish initializing candidate tree set (19)
Current best tree score: -7516.261 / CPU time: 1.040
Number of iterations: 20
--------------------------------------------------------------------
|               OPTIMIZING CANDIDATE TREE SET                      |
--------------------------------------------------------------------
Estimate model parameters (epsilon = 0.100)
BETTER TREE FOUND at iteration 26: -7515.873
Iteration 30 / LogL: -7521.153 / Time: 0h:0m:1s (0h:0m:5s left)
Estimate model parameters (epsilon = 0.100)
BETTER TREE FOUND at iteration 32: -7515.509
UPDATE BEST LOG-LIKELIHOOD: -7515.509
Iteration 40 / LogL: -7520.713 / Time: 0h:0m:1s (0h:0m:4s left)
Estimate model parameters (epsilon = 0.100)
BETTER TREE FOUND at iteration 42: -7514.757
Iteration 50 / LogL: -7521.565 / Time: 0h:0m:2s (0h:0m:4s left)
Iteration 60 / LogL: -7514.768 / Time: 0h:0m:2s (0h:0m:3s left)
Iteration 70 / LogL: -7515.470 / Time: 0h:0m:3s (0h:0m:3s left)
Iteration 80 / LogL: -7515.336 / Time: 0h:0m:3s (0h:0m:2s left)
Iteration 90 / LogL: -7519.252 / Time: 0h:0m:3s (0h:0m:2s left)
Iteration 100 / LogL: -7514.763 / Time: 0h:0m:4s (0h:0m:1s left)
Iteration 110 / LogL: -7520.509 / Time: 0h:0m:4s (0h:0m:1s left)
Iteration 120 / LogL: -7516.065 / Time: 0h:0m:5s (0h:0m:0s left)
Iteration 130 / LogL: -7514.758 / Time: 0h:0m:5s (0h:0m:0s left)
Iteration 140 / LogL: -7514.760 / Time: 0h:0m:5s (0h:0m:0s left)
TREE SEARCH COMPLETED AFTER 143 ITERATIONS / Time: 0h:0m:5s

--------------------------------------------------------------------
|                    FINALIZING TREE SEARCH                        |
--------------------------------------------------------------------
Performs final model parameters optimization
Estimate model parameters (epsilon = 0.010)
1. Initial log-likelihood: -7514.757
Optimal log-likelihood: -7514.756
Rate parameters:  A-C: 1.32860  A-G: 4.43906  A-T: 0.62155  C-G: 1.02338  C-T: 4.73729  G-T: 1.00000
Base frequencies:  A: 0.278  C: 0.282  G: 0.224  T: 0.216
Gamma shape alpha: 0.248
Parameters optimization took 1 rounds (0.009 sec)
BEST SCORE FOUND : -7514.756
Total tree length: 1.577

Total number of iterations: 143
CPU time used for tree search: 5.898 sec (0h:0m:5s)
Wall-clock time used for tree search: 5.747 sec (0h:0m:5s)
Total CPU time used: 6.060 sec (0h:0m:6s)
Total wall-clock time used: 5.883 sec (0h:0m:5s)

Analysis results written to: 
  IQ-TREE report:                /workspace/IQTree_TarvD7_Results/ENSG00000139793.nuc.ord.iqtree
  Maximum-likelihood tree:       /workspace/IQTree_TarvD7_Results/ENSG00000139793.nuc.ord.treefile
  Likelihood distances:          /workspace/IQTree_TarvD7_Results/ENSG00000139793.nuc.ord.mldist
  Screen log file:               /workspace/IQTree_TarvD7_Results/ENSG00000139793.nuc.ord.log

Date and Time: Tue May 26 09:24:18 2026
