IQ-TREE version 3.1.2 for Linux x86 64-bit built May  7 2026
Developed by Bui Quang Minh, Thomas Wong, Nhan Ly-Trong, Huaiyan Ren
Contributed by Lam-Tung Nguyen, Dominik Schrempf, Chris Bielow,
Olga Chernomor, Michael Woodhams, Diep Thi Hoang, Heiko Schmidt

Host:    8084c4e79f09 (AVX512, FMA3, 1133 GB RAM)
Command: /workspace/iqtree-3.1.2-Linux/bin/iqtree3_intel -s /workspace/NeuralNJ/empirical/TarvD7/ENSG00000145244.nuc.ord.aln -st DNA -m GTR+G -seed 2201 -pre /workspace/IQTree_TarvD7_Results/ENSG00000145244.nuc.ord -quiet
Seed:    2201 (Using SPRNG - Scalable Parallel Random Number Generator)
Time:    Tue May 26 10:58:29 2026
Kernel:  AVX+FMA - 1 threads (384 CPU cores detected)

HINT: Use -nt option to specify number of threads because your CPU has 384 cores!
HINT: -nt AUTO will automatically determine the best number of threads to use.

Reading alignment file /workspace/NeuralNJ/empirical/TarvD7/ENSG00000145244.nuc.ord.aln ... Fasta format detected
Reading fasta file: done in 0.00113893 secs using 52.07% CPU
Alignment most likely contains DNA/RNA sequences
Constructing alignment: done in 0.00503016 secs using 66.74% CPU
Alignment has 35 sequences with 3624 columns, 2286 distinct patterns
1431 parsimony-informative, 768 singleton sites, 1425 constant sites
                   Gap/Ambiguity  Composition  p-value
Analyzing sequences: done in 0.000128984 secs using 100% CPU
   1  P001_Platypus       51.90%    failed      0.00%
   2  P002_Opossum        25.33%    failed      0.00%
   3  P003_Wallaby        43.05%    failed      0.01%
   4  P004_Tenrec         36.92%    failed      0.06%
   5  P005_Rock_hyrax     38.82%    passed     53.87%
   6  P006_Elephant       24.25%    passed     55.25%
   7  P007_Armadillo      35.43%    passed     14.68%
   8  P008_Sloth          19.62%    passed     10.96%
   9  P009_Hedgehog       28.81%    failed      0.55%
  10  P010_Common_shrew   46.61%    passed     87.76%
  11  P011_Dolphin        18.79%    passed     75.46%
  12  P012_Cow            15.07%    passed      5.60%
  13  P013_Pig            35.76%    passed     26.78%
  14  P014_Alpaca         22.35%    passed     72.60%
  15  P015_Horse           8.28%    passed     78.57%
  16  P016_Dog            13.00%    passed      9.01%
  17  P017_Cat            41.64%    passed     55.63%
  18  P018_Megabat        25.50%    failed      0.15%
  19  P019_Microbat       29.22%    failed      0.33%
  20  P020_Rabbit         24.92%    passed     94.68%
  21  P021_Pika           20.53%    passed     93.44%
  22  P022_Squirrel       25.83%    passed     35.25%
  23  P023_Guinea_pig     24.92%    passed     81.27%
  24  P024_Kangaroo_rat   17.72%    passed     49.61%
  25  P025_Mouse           7.86%    passed      9.31%
  26  P026_Rat             8.03%    passed     23.68%
  27  P027_Tree_shrew     47.35%    failed      0.00%
  28  P028_Bushbaby       27.90%    failed      0.13%
  29  P029_Mouse_lemur    43.29%    failed      0.00%
  30  P030_Tarsier        31.54%    passed      7.75%
  31  P031_Marmoset       13.74%    passed      6.98%
  32  P032_Rhesus         15.48%    failed      1.16%
  33  P034_Gorilla        47.60%    passed     37.38%
  34  P035_Chimp          13.74%    passed      6.60%
  35  P036_Human          13.74%    passed      7.78%
WARNING: 1 sequences contain more than 50% gaps/ambiguity
****  TOTAL               26.99%  11 sequences failed composition chi2 test (p-value<5%; df=3)
Checking for duplicate sequences: done in 0.000191212 secs using 99.89% CPU

Create initial parsimony tree by phylogenetic likelihood library (PLL)... 0.005 seconds

NOTE: 10 MB RAM (0 GB) is required!
Estimate model parameters (epsilon = 0.100)
1. Initial log-likelihood: -38696.579
2. Current log-likelihood: -36027.066
3. Current log-likelihood: -35986.201
4. Current log-likelihood: -35984.906
5. Current log-likelihood: -35984.575
Optimal log-likelihood: -35984.482
Rate parameters:  A-C: 1.82011  A-G: 5.13863  A-T: 0.79434  C-G: 1.52966  C-T: 7.25829  G-T: 1.00000
Base frequencies:  A: 0.247  C: 0.245  G: 0.267  T: 0.240
Gamma shape alpha: 0.590
Parameters optimization took 5 rounds (0.424 sec)
Wrote distance file to... 
Computing ML distances based on estimated model parameters...
Calculating distance matrix: done in 0.004565 secs using 99.82% CPU
Computing ML distances took 0.004835 sec (of wall-clock time) 0.004817 sec (of CPU time)
Setting up auxiliary I and S matrices: done in 0.000148058 secs using 10.13% CPU
Constructing RapidNJ tree: done in 0.000299931 secs using 249.4% CPU
Computing RapidNJ tree took 0.000522 sec (of wall-clock time) 0.000841 sec (of CPU time)
Log-likelihood of RapidNJ tree: -36224.574
--------------------------------------------------------------------
|             INITIALIZING CANDIDATE TREE SET                      |
--------------------------------------------------------------------
Generating 98 parsimony trees... 0.619 second
Computing log-likelihood of 98 initial trees ... 0.887 seconds
Current best score: -35972.402

Do NNI search on 20 best initial trees
Estimate model parameters (epsilon = 0.100)
BETTER TREE FOUND at iteration 1: -35862.488
Iteration 10 / LogL: -35870.583 / Time: 0h:0m:3s
Iteration 20 / LogL: -35870.586 / Time: 0h:0m:4s
Finish initializing candidate tree set (7)
Current best tree score: -35862.488 / CPU time: 4.113
Number of iterations: 20
--------------------------------------------------------------------
|               OPTIMIZING CANDIDATE TREE SET                      |
--------------------------------------------------------------------
UPDATE BEST LOG-LIKELIHOOD: -35862.480
Estimate model parameters (epsilon = 0.100)
UPDATE BEST LOG-LIKELIHOOD: -35862.444
Iteration 30 / LogL: -35862.551 / Time: 0h:0m:6s (0h:0m:15s left)
Iteration 40 / LogL: -35868.318 / Time: 0h:0m:7s (0h:0m:12s left)
Iteration 50 / LogL: -35868.296 / Time: 0h:0m:9s (0h:0m:9s left)
Iteration 60 / LogL: -35864.248 / Time: 0h:0m:10s (0h:0m:7s left)
Iteration 70 / LogL: -35862.508 / Time: 0h:0m:12s (0h:0m:5s left)
Iteration 80 / LogL: -35866.695 / Time: 0h:0m:13s (0h:0m:3s left)
Iteration 90 / LogL: -35862.464 / Time: 0h:0m:15s (0h:0m:1s left)
Iteration 100 / LogL: -35863.852 / Time: 0h:0m:16s (0h:0m:0s left)
TREE SEARCH COMPLETED AFTER 102 ITERATIONS / Time: 0h:0m:16s

--------------------------------------------------------------------
|                    FINALIZING TREE SEARCH                        |
--------------------------------------------------------------------
Performs final model parameters optimization
Estimate model parameters (epsilon = 0.010)
1. Initial log-likelihood: -35862.444
Optimal log-likelihood: -35862.444
Rate parameters:  A-C: 1.80310  A-G: 5.15306  A-T: 0.78588  C-G: 1.51561  C-T: 7.26424  G-T: 1.00000
Base frequencies:  A: 0.247  C: 0.245  G: 0.267  T: 0.240
Gamma shape alpha: 0.599
Parameters optimization took 1 rounds (0.037 sec)
BEST SCORE FOUND : -35862.444
Total tree length: 4.488

Total number of iterations: 102
CPU time used for tree search: 16.243 sec (0h:0m:16s)
Wall-clock time used for tree search: 16.219 sec (0h:0m:16s)
Total CPU time used: 17.030 sec (0h:0m:17s)
Total wall-clock time used: 16.861 sec (0h:0m:16s)

Analysis results written to: 
  IQ-TREE report:                /workspace/IQTree_TarvD7_Results/ENSG00000145244.nuc.ord.iqtree
  Maximum-likelihood tree:       /workspace/IQTree_TarvD7_Results/ENSG00000145244.nuc.ord.treefile
  Likelihood distances:          /workspace/IQTree_TarvD7_Results/ENSG00000145244.nuc.ord.mldist
  Screen log file:               /workspace/IQTree_TarvD7_Results/ENSG00000145244.nuc.ord.log

Date and Time: Tue May 26 10:58:46 2026
