IQ-TREE version 3.1.2 for Linux x86 64-bit built May  7 2026
Developed by Bui Quang Minh, Thomas Wong, Nhan Ly-Trong, Huaiyan Ren
Contributed by Lam-Tung Nguyen, Dominik Schrempf, Chris Bielow,
Olga Chernomor, Michael Woodhams, Diep Thi Hoang, Heiko Schmidt

Host:    8084c4e79f09 (AVX512, FMA3, 1133 GB RAM)
Command: /workspace/iqtree-3.1.2-Linux/bin/iqtree3_intel -s /workspace/NeuralNJ/empirical/TarvD7/ENSG00000157045.nuc.ord.aln -st DNA -m GTR+G -seed 2201 -pre /workspace/IQTree_TarvD7_Results/ENSG00000157045.nuc.ord -quiet
Seed:    2201 (Using SPRNG - Scalable Parallel Random Number Generator)
Time:    Tue May 26 13:44:35 2026
Kernel:  AVX+FMA - 1 threads (384 CPU cores detected)

HINT: Use -nt option to specify number of threads because your CPU has 384 cores!
HINT: -nt AUTO will automatically determine the best number of threads to use.

Reading alignment file /workspace/NeuralNJ/empirical/TarvD7/ENSG00000157045.nuc.ord.aln ... Fasta format detected
Reading fasta file: done in 0.000358105 secs using 18.15% CPU
Alignment most likely contains DNA/RNA sequences
Constructing alignment: done in 0.00132489 secs using 100% CPU
Alignment has 33 sequences with 1134 columns, 556 distinct patterns
292 parsimony-informative, 173 singleton sites, 669 constant sites
                   Gap/Ambiguity  Composition  p-value
Analyzing sequences: done in 2.81334e-05 secs using 103.1% CPU
   1  P002_Opossum        17.99%    passed      5.28%
   2  P003_Wallaby        59.52%    failed      1.71%
   3  P004_Tenrec         59.52%    passed     65.59%
   4  P005_Rock_hyrax     23.02%    passed     37.90%
   5  P006_Elephant       50.79%    passed     88.28%
   6  P007_Armadillo      19.58%    passed     45.56%
   7  P008_Sloth          35.19%    passed     49.04%
   8  P009_Hedgehog       27.51%    passed     90.53%
   9  P010_Common_shrew   46.03%    failed      0.00%
  10  P011_Dolphin        18.52%    passed     97.59%
  11  P012_Cow            17.99%    passed     60.27%
  12  P014_Alpaca         31.48%    passed     62.77%
  13  P015_Horse          18.25%    passed     35.72%
  14  P016_Dog            17.72%    passed     33.59%
  15  P017_Cat            25.13%    passed     36.77%
  16  P018_Megabat        45.24%    passed     49.64%
  17  P019_Microbat       19.84%    passed     92.51%
  18  P020_Rabbit         41.80%    passed     18.28%
  19  P021_Pika           25.13%    passed     78.39%
  20  P022_Squirrel       39.95%    passed     59.71%
  21  P023_Guinea_pig     18.25%    passed     71.06%
  22  P024_Kangaroo_rat   38.62%    passed     14.63%
  23  P025_Mouse          17.99%    passed     90.99%
  24  P026_Rat            20.37%    passed     74.46%
  25  P027_Tree_shrew     30.16%    passed     91.45%
  26  P028_Bushbaby       18.25%    passed     78.59%
  27  P029_Mouse_lemur    24.87%    passed     69.65%
  28  P030_Tarsier        30.16%    passed     25.02%
  29  P031_Marmoset       25.13%    passed     53.37%
  30  P032_Rhesus         17.99%    passed     99.44%
  31  P033_Orangutan      17.99%    passed     96.85%
  32  P035_Chimp          17.99%    passed     99.55%
  33  P036_Human          17.99%    passed     99.72%
WARNING: 3 sequences contain more than 50% gaps/ambiguity
****  TOTAL               28.36%  2 sequences failed composition chi2 test (p-value<5%; df=3)
Checking for duplicate sequences: done in 0.000102997 secs using 100% CPU

Create initial parsimony tree by phylogenetic likelihood library (PLL)... 0.002 seconds

NOTE: 2 MB RAM (0 GB) is required!
Estimate model parameters (epsilon = 0.100)
1. Initial log-likelihood: -8132.185
2. Current log-likelihood: -7594.702
3. Current log-likelihood: -7588.359
Optimal log-likelihood: -7588.294
Rate parameters:  A-C: 1.24492  A-G: 4.26512  A-T: 0.76460  C-G: 1.36193  C-T: 6.04728  G-T: 1.00000
Base frequencies:  A: 0.277  C: 0.250  G: 0.233  T: 0.240
Gamma shape alpha: 0.396
Parameters optimization took 3 rounds (0.077 sec)
Wrote distance file to... 
Computing ML distances based on estimated model parameters...
Calculating distance matrix: done in 0.00239611 secs using 100% CPU
Computing ML distances took 0.002469 sec (of wall-clock time) 0.002469 sec (of CPU time)
Setting up auxiliary I and S matrices: done in 0.00015378 secs using 100.1% CPU
Constructing RapidNJ tree: done in 0.000268936 secs using 265.1% CPU
Computing RapidNJ tree took 0.000477 sec (of wall-clock time) 0.000935 sec (of CPU time)
Log-likelihood of RapidNJ tree: -7597.408
--------------------------------------------------------------------
|             INITIALIZING CANDIDATE TREE SET                      |
--------------------------------------------------------------------
Generating 98 parsimony trees... 0.144 second
Computing log-likelihood of 98 initial trees ... 0.209 seconds
Current best score: -7575.577

Do NNI search on 20 best initial trees
Estimate model parameters (epsilon = 0.100)
BETTER TREE FOUND at iteration 1: -7562.390
Estimate model parameters (epsilon = 0.100)
BETTER TREE FOUND at iteration 3: -7562.274
Estimate model parameters (epsilon = 0.100)
BETTER TREE FOUND at iteration 5: -7559.876
Iteration 10 / LogL: -7570.203 / Time: 0h:0m:0s
Estimate model parameters (epsilon = 0.100)
BETTER TREE FOUND at iteration 12: -7559.387
Iteration 20 / LogL: -7568.909 / Time: 0h:0m:1s
Finish initializing candidate tree set (18)
Current best tree score: -7559.387 / CPU time: 1.132
Number of iterations: 20
--------------------------------------------------------------------
|               OPTIMIZING CANDIDATE TREE SET                      |
--------------------------------------------------------------------
Iteration 30 / LogL: -7561.404 / Time: 0h:0m:1s (0h:0m:4s left)
UPDATE BEST LOG-LIKELIHOOD: -7559.387
Estimate model parameters (epsilon = 0.100)
BETTER TREE FOUND at iteration 38: -7559.090
Iteration 40 / LogL: -7559.399 / Time: 0h:0m:2s (0h:0m:5s left)
Iteration 50 / LogL: -7559.090 / Time: 0h:0m:2s (0h:0m:4s left)
Iteration 60 / LogL: -7559.398 / Time: 0h:0m:2s (0h:0m:3s left)
Iteration 70 / LogL: -7561.010 / Time: 0h:0m:3s (0h:0m:3s left)
Iteration 80 / LogL: -7560.872 / Time: 0h:0m:3s (0h:0m:2s left)
Iteration 90 / LogL: -7562.242 / Time: 0h:0m:4s (0h:0m:2s left)
Iteration 100 / LogL: -7559.397 / Time: 0h:0m:4s (0h:0m:1s left)
Iteration 110 / LogL: -7559.643 / Time: 0h:0m:4s (0h:0m:1s left)
Iteration 120 / LogL: -7559.605 / Time: 0h:0m:5s (0h:0m:0s left)
Iteration 130 / LogL: -7559.398 / Time: 0h:0m:5s (0h:0m:0s left)
TREE SEARCH COMPLETED AFTER 139 ITERATIONS / Time: 0h:0m:6s

--------------------------------------------------------------------
|                    FINALIZING TREE SEARCH                        |
--------------------------------------------------------------------
Performs final model parameters optimization
Estimate model parameters (epsilon = 0.010)
1. Initial log-likelihood: -7559.090
Optimal log-likelihood: -7559.089
Rate parameters:  A-C: 1.15696  A-G: 4.01593  A-T: 0.71125  C-G: 1.20283  C-T: 6.08755  G-T: 1.00000
Base frequencies:  A: 0.277  C: 0.250  G: 0.233  T: 0.240
Gamma shape alpha: 0.393
Parameters optimization took 1 rounds (0.010 sec)
BEST SCORE FOUND : -7559.089
Total tree length: 2.236

Total number of iterations: 139
CPU time used for tree search: 6.124 sec (0h:0m:6s)
Wall-clock time used for tree search: 5.950 sec (0h:0m:5s)
Total CPU time used: 6.240 sec (0h:0m:6s)
Total wall-clock time used: 6.056 sec (0h:0m:6s)

Analysis results written to: 
  IQ-TREE report:                /workspace/IQTree_TarvD7_Results/ENSG00000157045.nuc.ord.iqtree
  Maximum-likelihood tree:       /workspace/IQTree_TarvD7_Results/ENSG00000157045.nuc.ord.treefile
  Likelihood distances:          /workspace/IQTree_TarvD7_Results/ENSG00000157045.nuc.ord.mldist
  Screen log file:               /workspace/IQTree_TarvD7_Results/ENSG00000157045.nuc.ord.log

Date and Time: Tue May 26 13:44:41 2026
