IQ-TREE version 3.1.2 for Linux x86 64-bit built May  7 2026
Developed by Bui Quang Minh, Thomas Wong, Nhan Ly-Trong, Huaiyan Ren
Contributed by Lam-Tung Nguyen, Dominik Schrempf, Chris Bielow,
Olga Chernomor, Michael Woodhams, Diep Thi Hoang, Heiko Schmidt

Host:    8084c4e79f09 (AVX512, FMA3, 1133 GB RAM)
Command: /workspace/iqtree-3.1.2-Linux/bin/iqtree3_intel -s /workspace/NeuralNJ/empirical/TarvD7/ENSG00000214022.nuc.ord.aln -st DNA -m GTR+G -seed 2201 -pre /workspace/IQTree_TarvD7_Results/ENSG00000214022.nuc.ord -quiet
Seed:    2201 (Using SPRNG - Scalable Parallel Random Number Generator)
Time:    Wed May 27 00:34:16 2026
Kernel:  AVX+FMA - 1 threads (384 CPU cores detected)

HINT: Use -nt option to specify number of threads because your CPU has 384 cores!
HINT: -nt AUTO will automatically determine the best number of threads to use.

Reading alignment file /workspace/NeuralNJ/empirical/TarvD7/ENSG00000214022.nuc.ord.aln ... Fasta format detected
Reading fasta file: done in 0.000586033 secs using 48.12% CPU
Alignment most likely contains DNA/RNA sequences
Constructing alignment: done in 0.00303912 secs using 35.04% CPU
Alignment has 18 sequences with 2784 columns, 1039 distinct patterns
653 parsimony-informative, 633 singleton sites, 1498 constant sites
                   Gap/Ambiguity  Composition  p-value
Analyzing sequences: done in 2.88486e-05 secs using 100.5% CPU
   1  P001_Platypus       53.56%    passed     14.60%
   2  P002_Opossum        28.66%    failed      0.00%
   3  P003_Wallaby        38.90%    failed      0.00%
   4  P005_Rock_hyrax     38.90%    passed     21.94%
   5  P007_Armadillo      59.38%    passed      5.26%
   6  P011_Dolphin        46.44%    passed     63.09%
   7  P012_Cow            39.76%    failed      0.00%
   8  P015_Horse          44.83%    failed      1.60%
   9  P018_Megabat        38.58%    passed      7.53%
  10  P024_Kangaroo_rat   40.30%    failed      0.00%
  11  P025_Mouse          41.27%    failed      2.17%
  12  P026_Rat            40.95%    failed      1.90%
  13  P031_Marmoset       32.76%    passed     38.36%
  14  P032_Rhesus         38.90%    passed     17.25%
  15  P033_Orangutan      38.90%    passed     10.15%
  16  P034_Gorilla        39.33%    passed     10.21%
  17  P035_Chimp          38.90%    passed     20.69%
  18  P036_Human          32.76%    passed     60.78%
WARNING: 2 sequences contain more than 50% gaps/ambiguity
****  TOTAL               40.73%  7 sequences failed composition chi2 test (p-value<5%; df=3)
Checking for duplicate sequences: done in 6.38962e-05 secs using 100.2% CPU

Create initial parsimony tree by phylogenetic likelihood library (PLL)... 0.001 seconds

NOTE: 2 MB RAM (0 GB) is required!
Estimate model parameters (epsilon = 0.100)
1. Initial log-likelihood: -14390.778
2. Current log-likelihood: -13653.078
3. Current log-likelihood: -13624.965
4. Current log-likelihood: -13621.036
5. Current log-likelihood: -13620.303
6. Current log-likelihood: -13620.071
Optimal log-likelihood: -13619.992
Rate parameters:  A-C: 1.39579  A-G: 3.11452  A-T: 0.92877  C-G: 0.83745  C-T: 4.41619  G-T: 1.00000
Base frequencies:  A: 0.173  C: 0.371  G: 0.299  T: 0.157
Gamma shape alpha: 0.481
Parameters optimization took 6 rounds (0.123 sec)
Wrote distance file to... 
Computing ML distances based on estimated model parameters...
Calculating distance matrix: done in 0.000929832 secs using 100% CPU
Computing ML distances took 0.000998 sec (of wall-clock time) 0.000998 sec (of CPU time)
Setting up auxiliary I and S matrices: done in 5.10216e-05 secs using 90.16% CPU
Constructing RapidNJ tree: done in 5.29289e-05 secs using 88.8% CPU
Computing RapidNJ tree took 0.000152 sec (of wall-clock time) 0.000136 sec (of CPU time)
Log-likelihood of RapidNJ tree: -13875.930
--------------------------------------------------------------------
|             INITIALIZING CANDIDATE TREE SET                      |
--------------------------------------------------------------------
Generating 98 parsimony trees... 0.115 second
Computing log-likelihood of 98 initial trees ... 0.198 seconds
Current best score: -13619.992

Do NNI search on 20 best initial trees
Estimate model parameters (epsilon = 0.100)
BETTER TREE FOUND at iteration 1: -13600.092
Estimate model parameters (epsilon = 0.100)
BETTER TREE FOUND at iteration 2: -13597.040
Estimate model parameters (epsilon = 0.100)
BETTER TREE FOUND at iteration 10: -13592.843
Iteration 10 / LogL: -13592.843 / Time: 0h:0m:0s
Iteration 20 / LogL: -13593.157 / Time: 0h:0m:1s
Finish initializing candidate tree set (9)
Current best tree score: -13592.843 / CPU time: 1.033
Number of iterations: 20
--------------------------------------------------------------------
|               OPTIMIZING CANDIDATE TREE SET                      |
--------------------------------------------------------------------
Estimate model parameters (epsilon = 0.100)
UPDATE BEST LOG-LIKELIHOOD: -13592.734
Iteration 30 / LogL: -13597.634 / Time: 0h:0m:1s (0h:0m:4s left)
Iteration 40 / LogL: -13600.120 / Time: 0h:0m:1s (0h:0m:3s left)
Iteration 50 / LogL: -13593.296 / Time: 0h:0m:2s (0h:0m:2s left)
UPDATE BEST LOG-LIKELIHOOD: -13592.729
Iteration 60 / LogL: -13593.298 / Time: 0h:0m:2s (0h:0m:2s left)
Iteration 70 / LogL: -13593.350 / Time: 0h:0m:3s (0h:0m:1s left)
UPDATE BEST LOG-LIKELIHOOD: -13592.719
Iteration 80 / LogL: -13597.098 / Time: 0h:0m:3s (0h:0m:1s left)
Iteration 90 / LogL: -13593.350 / Time: 0h:0m:3s (0h:0m:0s left)
Iteration 100 / LogL: -13593.352 / Time: 0h:0m:4s (0h:0m:0s left)
Iteration 110 / LogL: -13593.332 / Time: 0h:0m:4s (0h:0m:0s left)
TREE SEARCH COMPLETED AFTER 111 ITERATIONS / Time: 0h:0m:4s

--------------------------------------------------------------------
|                    FINALIZING TREE SEARCH                        |
--------------------------------------------------------------------
Performs final model parameters optimization
Estimate model parameters (epsilon = 0.010)
1. Initial log-likelihood: -13592.719
Optimal log-likelihood: -13592.711
Rate parameters:  A-C: 1.45582  A-G: 3.31580  A-T: 1.00420  C-G: 0.87417  C-T: 4.76638  G-T: 1.00000
Base frequencies:  A: 0.173  C: 0.371  G: 0.299  T: 0.157
Gamma shape alpha: 0.493
Parameters optimization took 1 rounds (0.009 sec)
BEST SCORE FOUND : -13592.711
Total tree length: 4.387

Total number of iterations: 111
CPU time used for tree search: 4.562 sec (0h:0m:4s)
Wall-clock time used for tree search: 4.438 sec (0h:0m:4s)
Total CPU time used: 4.816 sec (0h:0m:4s)
Total wall-clock time used: 4.637 sec (0h:0m:4s)

Analysis results written to: 
  IQ-TREE report:                /workspace/IQTree_TarvD7_Results/ENSG00000214022.nuc.ord.iqtree
  Maximum-likelihood tree:       /workspace/IQTree_TarvD7_Results/ENSG00000214022.nuc.ord.treefile
  Likelihood distances:          /workspace/IQTree_TarvD7_Results/ENSG00000214022.nuc.ord.mldist
  Screen log file:               /workspace/IQTree_TarvD7_Results/ENSG00000214022.nuc.ord.log

Date and Time: Wed May 27 00:34:21 2026
