IQ-TREE version 3.1.2 for Linux x86 64-bit built May  7 2026
Developed by Bui Quang Minh, Thomas Wong, Nhan Ly-Trong, Huaiyan Ren
Contributed by Lam-Tung Nguyen, Dominik Schrempf, Chris Bielow,
Olga Chernomor, Michael Woodhams, Diep Thi Hoang, Heiko Schmidt

Host:    8084c4e79f09 (AVX512, FMA3, 1133 GB RAM)
Command: /workspace/iqtree-3.1.2-Linux/bin/iqtree3_intel -s /workspace/NeuralNJ/empirical/TarvD7/ENSG00000137875.nuc.ord.aln -st DNA -m GTR+G -seed 2201 -pre /workspace/IQTree_TarvD7_Results/ENSG00000137875.nuc.ord -quiet
Seed:    2201 (Using SPRNG - Scalable Parallel Random Number Generator)
Time:    Tue May 26 08:37:51 2026
Kernel:  AVX+FMA - 1 threads (384 CPU cores detected)

HINT: Use -nt option to specify number of threads because your CPU has 384 cores!
HINT: -nt AUTO will automatically determine the best number of threads to use.

Reading alignment file /workspace/NeuralNJ/empirical/TarvD7/ENSG00000137875.nuc.ord.aln ... Fasta format detected
Reading fasta file: done in 0.00020504 secs using 66.82% CPU
Alignment most likely contains DNA/RNA sequences
Constructing alignment: done in 0.00095582 secs using 71.25% CPU
Alignment has 23 sequences with 798 columns, 613 distinct patterns
390 parsimony-informative, 160 singleton sites, 248 constant sites
                  Gap/Ambiguity  Composition  p-value
Analyzing sequences: done in 2.38419e-05 secs using 37.75% CPU
   1  P002_Opossum       30.08%    failed      0.00%
   2  P006_Elephant      51.50%    passed     14.99%
   3  P007_Armadillo     42.86%    failed      1.79%
   4  P011_Dolphin       30.83%    passed     86.11%
   5  P013_Pig           27.44%    passed     44.15%
   6  P014_Alpaca        34.96%    passed     94.75%
   7  P015_Horse         39.47%    passed     50.30%
   8  P017_Cat           28.57%    passed     92.72%
   9  P018_Megabat       31.20%    passed     85.92%
  10  P020_Rabbit        45.49%    passed     13.41%
  11  P021_Pika          28.57%    passed     10.19%
  12  P022_Squirrel      30.83%    passed     32.10%
  13  P023_Guinea_pig    30.83%    failed      1.35%
  14  P025_Mouse         28.20%    failed      0.09%
  15  P026_Rat           30.45%    failed      0.22%
  16  P028_Bushbaby      27.07%    passed     23.05%
  17  P029_Mouse_lemur   45.49%    passed     59.93%
  18  P030_Tarsier       37.97%    failed      0.07%
  19  P032_Rhesus        23.31%    failed      4.24%
  20  P033_Orangutan     23.31%    passed     26.26%
  21  P034_Gorilla       23.31%    passed     25.52%
  22  P035_Chimp         23.31%    passed     29.90%
  23  P036_Human         23.31%    passed     41.70%
WARNING: 1 sequences contain more than 50% gaps/ambiguity
****  TOTAL              32.10%  7 sequences failed composition chi2 test (p-value<5%; df=3)
Checking for duplicate sequences: done in 7.00951e-05 secs using 35.67% CPU

Create initial parsimony tree by phylogenetic likelihood library (PLL)... 0.001 seconds

NOTE: 1 MB RAM (0 GB) is required!
Estimate model parameters (epsilon = 0.100)
1. Initial log-likelihood: -8306.569
2. Current log-likelihood: -7964.257
3. Current log-likelihood: -7956.451
Optimal log-likelihood: -7956.434
Rate parameters:  A-C: 2.08029  A-G: 4.22568  A-T: 1.80043  C-G: 0.92154  C-T: 2.76060  G-T: 1.00000
Base frequencies:  A: 0.168  C: 0.306  G: 0.324  T: 0.202
Gamma shape alpha: 1.796
Parameters optimization took 3 rounds (0.052 sec)
Wrote distance file to... 
Computing ML distances based on estimated model parameters...
Calculating distance matrix: done in 0.000968933 secs using 99.9% CPU
Computing ML distances took 0.001033 sec (of wall-clock time) 0.001033 sec (of CPU time)
Setting up auxiliary I and S matrices: done in 5.6982e-05 secs using 100% CPU
Constructing RapidNJ tree: done in 7.10487e-05 secs using 99.93% CPU
Computing RapidNJ tree took 0.000170 sec (of wall-clock time) 0.000169 sec (of CPU time)
Log-likelihood of RapidNJ tree: -7963.883
--------------------------------------------------------------------
|             INITIALIZING CANDIDATE TREE SET                      |
--------------------------------------------------------------------
Generating 98 parsimony trees... 0.111 second
Computing log-likelihood of 98 initial trees ... 0.159 seconds
Current best score: -7956.434

Do NNI search on 20 best initial trees
Estimate model parameters (epsilon = 0.100)
BETTER TREE FOUND at iteration 1: -7950.528
Estimate model parameters (epsilon = 0.100)
BETTER TREE FOUND at iteration 5: -7949.233
Iteration 10 / LogL: -7950.499 / Time: 0h:0m:0s
Iteration 20 / LogL: -7952.338 / Time: 0h:0m:0s
Finish initializing candidate tree set (13)
Current best tree score: -7949.233 / CPU time: 0.720
Number of iterations: 20
--------------------------------------------------------------------
|               OPTIMIZING CANDIDATE TREE SET                      |
--------------------------------------------------------------------
Iteration 30 / LogL: -7949.331 / Time: 0h:0m:1s (0h:0m:2s left)
Iteration 40 / LogL: -7954.248 / Time: 0h:0m:1s (0h:0m:2s left)
Iteration 50 / LogL: -7949.254 / Time: 0h:0m:1s (0h:0m:1s left)
Iteration 60 / LogL: -7949.237 / Time: 0h:0m:1s (0h:0m:1s left)
Iteration 70 / LogL: -7950.498 / Time: 0h:0m:2s (0h:0m:1s left)
Iteration 80 / LogL: -7949.263 / Time: 0h:0m:2s (0h:0m:0s left)
Iteration 90 / LogL: -7949.645 / Time: 0h:0m:2s (0h:0m:0s left)
Iteration 100 / LogL: -7949.238 / Time: 0h:0m:2s (0h:0m:0s left)
TREE SEARCH COMPLETED AFTER 106 ITERATIONS / Time: 0h:0m:2s

--------------------------------------------------------------------
|                    FINALIZING TREE SEARCH                        |
--------------------------------------------------------------------
Performs final model parameters optimization
Estimate model parameters (epsilon = 0.010)
1. Initial log-likelihood: -7949.233
2. Current log-likelihood: -7949.223
Optimal log-likelihood: -7949.220
Rate parameters:  A-C: 2.14524  A-G: 4.36067  A-T: 1.81882  C-G: 0.95836  C-T: 2.83179  G-T: 1.00000
Base frequencies:  A: 0.168  C: 0.306  G: 0.324  T: 0.202
Gamma shape alpha: 1.696
Parameters optimization took 2 rounds (0.016 sec)
BEST SCORE FOUND : -7949.220
Total tree length: 5.132

Total number of iterations: 106
CPU time used for tree search: 2.984 sec (0h:0m:2s)
Wall-clock time used for tree search: 2.809 sec (0h:0m:2s)
Total CPU time used: 3.073 sec (0h:0m:3s)
Total wall-clock time used: 2.892 sec (0h:0m:2s)

Analysis results written to: 
  IQ-TREE report:                /workspace/IQTree_TarvD7_Results/ENSG00000137875.nuc.ord.iqtree
  Maximum-likelihood tree:       /workspace/IQTree_TarvD7_Results/ENSG00000137875.nuc.ord.treefile
  Likelihood distances:          /workspace/IQTree_TarvD7_Results/ENSG00000137875.nuc.ord.mldist
  Screen log file:               /workspace/IQTree_TarvD7_Results/ENSG00000137875.nuc.ord.log

Date and Time: Tue May 26 08:37:54 2026
