IQ-TREE version 3.1.2 for Linux x86 64-bit built May  7 2026
Developed by Bui Quang Minh, Thomas Wong, Nhan Ly-Trong, Huaiyan Ren
Contributed by Lam-Tung Nguyen, Dominik Schrempf, Chris Bielow,
Olga Chernomor, Michael Woodhams, Diep Thi Hoang, Heiko Schmidt

Host:    8084c4e79f09 (AVX512, FMA3, 1133 GB RAM)
Command: /workspace/iqtree-3.1.2-Linux/bin/iqtree3_intel -s /workspace/NeuralNJ/empirical/TarvD7/ENSG00000113460.nuc.ord.aln -st DNA -m GTR+G -seed 2201 -pre /workspace/IQTree_TarvD7_Results/ENSG00000113460.nuc.ord -quiet
Seed:    2201 (Using SPRNG - Scalable Parallel Random Number Generator)
Time:    Tue May 26 02:03:32 2026
Kernel:  AVX+FMA - 1 threads (384 CPU cores detected)

HINT: Use -nt option to specify number of threads because your CPU has 384 cores!
HINT: -nt AUTO will automatically determine the best number of threads to use.

Reading alignment file /workspace/NeuralNJ/empirical/TarvD7/ENSG00000113460.nuc.ord.aln ... Fasta format detected
Reading fasta file: done in 0.000344992 secs using 15.36% CPU
Alignment most likely contains DNA/RNA sequences
Constructing alignment: done in 0.00137806 secs using 93.1% CPU
Alignment has 31 sequences with 1155 columns, 599 distinct patterns
354 parsimony-informative, 162 singleton sites, 639 constant sites
                   Gap/Ambiguity  Composition  p-value
Analyzing sequences: done in 2.88486e-05 secs using 100.5% CPU
   1  P002_Opossum         7.79%    passed     92.27%
   2  P003_Wallaby        21.30%    passed     57.68%
   3  P005_Rock_hyrax     51.43%    passed     81.16%
   4  P006_Elephant       18.44%    passed     98.48%
   5  P007_Armadillo      12.47%    passed     94.14%
   6  P009_Hedgehog       14.81%    passed     75.29%
   7  P010_Common_shrew    7.53%    passed     53.54%
   8  P011_Dolphin         8.31%    passed     94.05%
   9  P012_Cow             5.71%    passed     90.12%
  10  P013_Pig             8.31%    passed     96.72%
  11  P014_Alpaca         40.26%    passed     68.24%
  12  P015_Horse           8.31%    passed     99.53%
  13  P016_Dog             9.87%    passed     97.83%
  14  P017_Cat            23.38%    passed     93.64%
  15  P018_Megabat        25.97%    passed     14.81%
  16  P019_Microbat       45.19%    passed     12.39%
  17  P020_Rabbit         38.44%    failed      0.28%
  18  P021_Pika           47.79%    failed      3.05%
  19  P022_Squirrel        8.31%    passed     64.65%
  20  P024_Kangaroo_rat   27.79%    passed     69.65%
  21  P025_Mouse           8.31%    passed     36.14%
  22  P026_Rat             8.57%    passed     45.63%
  23  P027_Tree_shrew     24.68%    passed      8.90%
  24  P028_Bushbaby       18.18%    passed     97.85%
  25  P029_Mouse_lemur    19.22%    passed     70.84%
  26  P030_Tarsier        19.48%    passed     76.50%
  27  P032_Rhesus          8.31%    passed     98.34%
  28  P033_Orangutan       8.31%    passed     99.51%
  29  P034_Gorilla        29.09%    passed     34.78%
  30  P035_Chimp          22.08%    passed     24.68%
  31  P036_Human           8.31%    passed     99.43%
WARNING: 1 sequences contain more than 50% gaps/ambiguity
****  TOTAL               19.55%  2 sequences failed composition chi2 test (p-value<5%; df=3)
Checking for duplicate sequences: done in 8.98838e-05 secs using 99.02% CPU

Create initial parsimony tree by phylogenetic likelihood library (PLL)... 0.002 seconds

NOTE: 2 MB RAM (0 GB) is required!
Estimate model parameters (epsilon = 0.100)
1. Initial log-likelihood: -8586.876
2. Current log-likelihood: -8023.259
3. Current log-likelihood: -8016.627
Optimal log-likelihood: -8016.583
Rate parameters:  A-C: 1.22539  A-G: 5.32698  A-T: 0.77960  C-G: 1.38119  C-T: 6.04451  G-T: 1.00000
Base frequencies:  A: 0.351  C: 0.186  G: 0.218  T: 0.245
Gamma shape alpha: 0.400
Parameters optimization took 3 rounds (0.081 sec)
Wrote distance file to... 
Computing ML distances based on estimated model parameters...
Calculating distance matrix: done in 0.00219393 secs using 100% CPU
Computing ML distances took 0.002279 sec (of wall-clock time) 0.002278 sec (of CPU time)
Setting up auxiliary I and S matrices: done in 0.00012517 secs using 99.86% CPU
Constructing RapidNJ tree: done in 0.000204086 secs using 294% CPU
Computing RapidNJ tree took 0.000413 sec (of wall-clock time) 0.000815 sec (of CPU time)
Log-likelihood of RapidNJ tree: -8062.547
--------------------------------------------------------------------
|             INITIALIZING CANDIDATE TREE SET                      |
--------------------------------------------------------------------
Generating 98 parsimony trees... 0.157 second
Computing log-likelihood of 98 initial trees ... 0.212 seconds
Current best score: -8016.583

Do NNI search on 20 best initial trees
Estimate model parameters (epsilon = 0.100)
BETTER TREE FOUND at iteration 1: -8013.466
Estimate model parameters (epsilon = 0.100)
BETTER TREE FOUND at iteration 2: -8011.131
Iteration 10 / LogL: -8017.872 / Time: 0h:0m:0s
Estimate model parameters (epsilon = 0.100)
BETTER TREE FOUND at iteration 18: -8010.946
Iteration 20 / LogL: -8012.422 / Time: 0h:0m:1s
Finish initializing candidate tree set (10)
Current best tree score: -8010.946 / CPU time: 1.030
Number of iterations: 20
--------------------------------------------------------------------
|               OPTIMIZING CANDIDATE TREE SET                      |
--------------------------------------------------------------------
Iteration 30 / LogL: -8013.539 / Time: 0h:0m:1s (0h:0m:4s left)
Iteration 40 / LogL: -8010.959 / Time: 0h:0m:1s (0h:0m:3s left)
Estimate model parameters (epsilon = 0.100)
BETTER TREE FOUND at iteration 47: -8010.055
Iteration 50 / LogL: -8010.977 / Time: 0h:0m:2s (0h:0m:4s left)
Iteration 60 / LogL: -8010.979 / Time: 0h:0m:2s (0h:0m:4s left)
Iteration 70 / LogL: -8013.250 / Time: 0h:0m:3s (0h:0m:3s left)
Iteration 80 / LogL: -8010.057 / Time: 0h:0m:3s (0h:0m:3s left)
Iteration 90 / LogL: -8011.202 / Time: 0h:0m:4s (0h:0m:2s left)
Iteration 100 / LogL: -8010.589 / Time: 0h:0m:4s (0h:0m:2s left)
Iteration 110 / LogL: -8013.999 / Time: 0h:0m:4s (0h:0m:1s left)
Iteration 120 / LogL: -8010.477 / Time: 0h:0m:5s (0h:0m:1s left)
Iteration 130 / LogL: -8011.105 / Time: 0h:0m:5s (0h:0m:0s left)
UPDATE BEST LOG-LIKELIHOOD: -8010.055
UPDATE BEST LOG-LIKELIHOOD: -8010.055
Iteration 140 / LogL: -8010.062 / Time: 0h:0m:6s (0h:0m:0s left)
TREE SEARCH COMPLETED AFTER 148 ITERATIONS / Time: 0h:0m:6s

--------------------------------------------------------------------
|                    FINALIZING TREE SEARCH                        |
--------------------------------------------------------------------
Performs final model parameters optimization
Estimate model parameters (epsilon = 0.010)
1. Initial log-likelihood: -8010.055
Optimal log-likelihood: -8010.055
Rate parameters:  A-C: 1.26678  A-G: 5.57993  A-T: 0.79924  C-G: 1.42409  C-T: 6.27494  G-T: 1.00000
Base frequencies:  A: 0.351  C: 0.186  G: 0.218  T: 0.245
Gamma shape alpha: 0.397
Parameters optimization took 1 rounds (0.009 sec)
BEST SCORE FOUND : -8010.055
Total tree length: 1.946

Total number of iterations: 148
CPU time used for tree search: 6.572 sec (0h:0m:6s)
Wall-clock time used for tree search: 6.409 sec (0h:0m:6s)
Total CPU time used: 6.702 sec (0h:0m:6s)
Total wall-clock time used: 6.525 sec (0h:0m:6s)

Analysis results written to: 
  IQ-TREE report:                /workspace/IQTree_TarvD7_Results/ENSG00000113460.nuc.ord.iqtree
  Maximum-likelihood tree:       /workspace/IQTree_TarvD7_Results/ENSG00000113460.nuc.ord.treefile
  Likelihood distances:          /workspace/IQTree_TarvD7_Results/ENSG00000113460.nuc.ord.mldist
  Screen log file:               /workspace/IQTree_TarvD7_Results/ENSG00000113460.nuc.ord.log

Date and Time: Tue May 26 02:03:39 2026
