IQ-TREE version 3.1.2 for Linux x86 64-bit built May  7 2026
Developed by Bui Quang Minh, Thomas Wong, Nhan Ly-Trong, Huaiyan Ren
Contributed by Lam-Tung Nguyen, Dominik Schrempf, Chris Bielow,
Olga Chernomor, Michael Woodhams, Diep Thi Hoang, Heiko Schmidt

Host:    8084c4e79f09 (AVX512, FMA3, 1133 GB RAM)
Command: /workspace/iqtree-3.1.2-Linux/bin/iqtree3_intel -s /workspace/NeuralNJ/empirical/TarvD7/ENSG00000109107.nuc.ord.aln -st DNA -m GTR+G -seed 2201 -pre /workspace/IQTree_TarvD7_Results/ENSG00000109107.nuc.ord -quiet
Seed:    2201 (Using SPRNG - Scalable Parallel Random Number Generator)
Time:    Tue May 26 00:54:02 2026
Kernel:  AVX+FMA - 1 threads (384 CPU cores detected)

HINT: Use -nt option to specify number of threads because your CPU has 384 cores!
HINT: -nt AUTO will automatically determine the best number of threads to use.

Reading alignment file /workspace/NeuralNJ/empirical/TarvD7/ENSG00000109107.nuc.ord.aln ... Fasta format detected
Reading fasta file: done in 0.000943899 secs using 29.35% CPU
Alignment most likely contains DNA/RNA sequences
Constructing alignment: done in 0.00150204 secs using 41.14% CPU
Alignment has 32 sequences with 1320 columns, 515 distinct patterns
303 parsimony-informative, 147 singleton sites, 870 constant sites
                   Gap/Ambiguity  Composition  p-value
Analyzing sequences: done in 2.59876e-05 secs using 100% CPU
   1  P001_Platypus       16.36%    failed      0.00%
   2  P002_Opossum        14.77%    passed     67.62%
   3  P005_Rock_hyrax     17.50%    passed     88.56%
   4  P006_Elephant       17.95%    passed     97.33%
   5  P008_Sloth          48.64%    passed     55.31%
   6  P009_Hedgehog       17.73%    passed     34.24%
   7  P010_Common_shrew   58.18%    passed     68.08%
   8  P011_Dolphin        17.27%    passed     84.80%
   9  P012_Cow            10.23%    passed     45.54%
  10  P013_Pig            16.59%    passed     93.11%
  11  P014_Alpaca         33.41%    passed     96.50%
  12  P015_Horse          17.05%    passed     99.27%
  13  P016_Dog             9.77%    passed     90.97%
  14  P017_Cat            17.27%    passed     92.14%
  15  P018_Megabat        17.50%    passed     80.66%
  16  P019_Microbat       17.27%    passed     99.23%
  17  P021_Pika           17.27%    passed     79.44%
  18  P022_Squirrel       17.27%    passed     68.34%
  19  P023_Guinea_pig     17.05%    passed     99.80%
  20  P024_Kangaroo_rat   17.27%    passed     86.09%
  21  P025_Mouse          17.50%    passed     99.82%
  22  P026_Rat            17.50%    passed     97.12%
  23  P027_Tree_shrew     52.73%    passed     49.27%
  24  P028_Bushbaby       38.86%    passed     46.42%
  25  P029_Mouse_lemur    17.27%    passed     99.59%
  26  P030_Tarsier        52.73%    passed     45.56%
  27  P031_Marmoset       17.27%    passed     96.36%
  28  P032_Rhesus         17.27%    passed     89.75%
  29  P033_Orangutan      17.05%    passed     95.46%
  30  P034_Gorilla        39.32%    passed     92.92%
  31  P035_Chimp          17.27%    passed     99.91%
  32  P036_Human          17.27%    passed     99.84%
WARNING: 3 sequences contain more than 50% gaps/ambiguity
****  TOTAL               23.08%  1 sequences failed composition chi2 test (p-value<5%; df=3)
Checking for duplicate sequences: done in 8.70228e-05 secs using 99.97% CPU

Create initial parsimony tree by phylogenetic likelihood library (PLL)... 0.001 seconds

NOTE: 2 MB RAM (0 GB) is required!
Estimate model parameters (epsilon = 0.100)
1. Initial log-likelihood: -8537.522
2. Current log-likelihood: -7857.024
3. Current log-likelihood: -7844.100
4. Current log-likelihood: -7843.977
Optimal log-likelihood: -7843.968
Rate parameters:  A-C: 1.58680  A-G: 7.07443  A-T: 1.60985  C-G: 0.88050  C-T: 8.23872  G-T: 1.00000
Base frequencies:  A: 0.228  C: 0.275  G: 0.288  T: 0.210
Gamma shape alpha: 0.269
Parameters optimization took 4 rounds (0.095 sec)
Wrote distance file to... 
Computing ML distances based on estimated model parameters...
Calculating distance matrix: done in 0.00222802 secs using 100% CPU
Computing ML distances took 0.002294 sec (of wall-clock time) 0.002294 sec (of CPU time)
Setting up auxiliary I and S matrices: done in 7.58171e-05 secs using 257.2% CPU
Constructing RapidNJ tree: done in 0.000102043 secs using 87.22% CPU
Computing RapidNJ tree took 0.000227 sec (of wall-clock time) 0.000327 sec (of CPU time)
Log-likelihood of RapidNJ tree: -7868.461
--------------------------------------------------------------------
|             INITIALIZING CANDIDATE TREE SET                      |
--------------------------------------------------------------------
Generating 98 parsimony trees... 0.136 second
Computing log-likelihood of 98 initial trees ... 0.189 seconds
Current best score: -7843.968

Do NNI search on 20 best initial trees
Estimate model parameters (epsilon = 0.100)
BETTER TREE FOUND at iteration 1: -7835.452
Estimate model parameters (epsilon = 0.100)
BETTER TREE FOUND at iteration 5: -7835.355
Estimate model parameters (epsilon = 0.100)
BETTER TREE FOUND at iteration 10: -7834.448
Iteration 10 / LogL: -7834.448 / Time: 0h:0m:0s
Iteration 20 / LogL: -7835.358 / Time: 0h:0m:1s
Finish initializing candidate tree set (10)
Current best tree score: -7834.448 / CPU time: 0.940
Number of iterations: 20
--------------------------------------------------------------------
|               OPTIMIZING CANDIDATE TREE SET                      |
--------------------------------------------------------------------
Iteration 30 / LogL: -7834.935 / Time: 0h:0m:1s (0h:0m:3s left)
Iteration 40 / LogL: -7834.460 / Time: 0h:0m:1s (0h:0m:3s left)
Iteration 50 / LogL: -7834.535 / Time: 0h:0m:2s (0h:0m:2s left)
Iteration 60 / LogL: -7834.459 / Time: 0h:0m:2s (0h:0m:2s left)
Iteration 70 / LogL: -7834.451 / Time: 0h:0m:2s (0h:0m:1s left)
Iteration 80 / LogL: -7834.451 / Time: 0h:0m:3s (0h:0m:1s left)
Iteration 90 / LogL: -7834.519 / Time: 0h:0m:3s (0h:0m:0s left)
Iteration 100 / LogL: -7834.519 / Time: 0h:0m:3s (0h:0m:0s left)
Iteration 110 / LogL: -7834.520 / Time: 0h:0m:4s (0h:0m:0s left)
TREE SEARCH COMPLETED AFTER 111 ITERATIONS / Time: 0h:0m:4s

--------------------------------------------------------------------
|                    FINALIZING TREE SEARCH                        |
--------------------------------------------------------------------
Performs final model parameters optimization
Estimate model parameters (epsilon = 0.010)
1. Initial log-likelihood: -7834.448
Optimal log-likelihood: -7834.447
Rate parameters:  A-C: 1.61962  A-G: 7.42792  A-T: 1.69522  C-G: 0.88516  C-T: 8.54459  G-T: 1.00000
Base frequencies:  A: 0.228  C: 0.275  G: 0.288  T: 0.210
Gamma shape alpha: 0.268
Parameters optimization took 1 rounds (0.008 sec)
BEST SCORE FOUND : -7834.447
Total tree length: 1.707

Total number of iterations: 111
CPU time used for tree search: 4.293 sec (0h:0m:4s)
Wall-clock time used for tree search: 4.126 sec (0h:0m:4s)
Total CPU time used: 4.423 sec (0h:0m:4s)
Total wall-clock time used: 4.249 sec (0h:0m:4s)

Analysis results written to: 
  IQ-TREE report:                /workspace/IQTree_TarvD7_Results/ENSG00000109107.nuc.ord.iqtree
  Maximum-likelihood tree:       /workspace/IQTree_TarvD7_Results/ENSG00000109107.nuc.ord.treefile
  Likelihood distances:          /workspace/IQTree_TarvD7_Results/ENSG00000109107.nuc.ord.mldist
  Screen log file:               /workspace/IQTree_TarvD7_Results/ENSG00000109107.nuc.ord.log

Date and Time: Tue May 26 00:54:07 2026
