IQ-TREE version 3.1.2 for Linux x86 64-bit built May  7 2026
Developed by Bui Quang Minh, Thomas Wong, Nhan Ly-Trong, Huaiyan Ren
Contributed by Lam-Tung Nguyen, Dominik Schrempf, Chris Bielow,
Olga Chernomor, Michael Woodhams, Diep Thi Hoang, Heiko Schmidt

Host:    8084c4e79f09 (AVX512, FMA3, 1133 GB RAM)
Command: /workspace/iqtree-3.1.2-Linux/bin/iqtree3_intel -s /workspace/NeuralNJ/empirical/TarvD7/ENSG00000077713.nuc.ord.aln -st DNA -m GTR+G -seed 2201 -pre /workspace/IQTree_TarvD7_Results/ENSG00000077713.nuc.ord -quiet
Seed:    2201 (Using SPRNG - Scalable Parallel Random Number Generator)
Time:    Mon May 25 20:27:21 2026
Kernel:  AVX+FMA - 1 threads (384 CPU cores detected)

HINT: Use -nt option to specify number of threads because your CPU has 384 cores!
HINT: -nt AUTO will automatically determine the best number of threads to use.

Reading alignment file /workspace/NeuralNJ/empirical/TarvD7/ENSG00000077713.nuc.ord.aln ... Fasta format detected
Reading fasta file: done in 0.000580072 secs using 95.16% CPU
Alignment most likely contains DNA/RNA sequences
Constructing alignment: done in 0.00269485 secs using 99.97% CPU
Alignment has 25 sequences with 2388 columns, 913 distinct patterns
393 parsimony-informative, 464 singleton sites, 1531 constant sites
                  Gap/Ambiguity  Composition  p-value
Analyzing sequences: done in 3.69549e-05 secs using 97.42% CPU
   1  P001_Platypus      71.73%    failed      1.10%
   2  P002_Opossum       57.66%    passed     73.80%
   3  P003_Wallaby       62.06%    passed     50.46%
   4  P004_Tenrec        51.51%    passed     78.21%
   5  P007_Armadillo     63.32%    failed      0.03%
   6  P008_Sloth         71.73%    passed      7.00%
   7  P009_Hedgehog      75.25%    failed      0.00%
   8  P011_Dolphin       65.58%    failed      0.00%
   9  P012_Cow           62.06%    failed      0.00%
  10  P013_Pig           57.16%    passed     92.10%
  11  P015_Horse         82.54%    failed      2.89%
  12  P016_Dog           56.78%    passed     86.24%
  13  P018_Megabat       73.49%    failed      0.08%
  14  P019_Microbat      66.46%    failed      4.30%
  15  P020_Rabbit        63.44%    passed      6.07%
  16  P022_Squirrel      73.12%    failed      0.40%
  17  P023_Guinea_pig    57.16%    passed     96.88%
  18  P025_Mouse         57.16%    passed     15.01%
  19  P026_Rat           58.67%    passed      5.48%
  20  P027_Tree_shrew    68.09%    failed      0.00%
  21  P029_Mouse_lemur   61.43%    failed      0.65%
  22  P031_Marmoset      57.16%    passed     39.02%
  23  P032_Rhesus        68.59%    failed      0.00%
  24  P034_Gorilla       53.77%    passed     68.32%
  25  P036_Human         57.16%    passed     48.22%
WARNING: 25 sequences contain more than 50% gaps/ambiguity
****  TOTAL              63.72%  12 sequences failed composition chi2 test (p-value<5%; df=3)
Checking for duplicate sequences: done in 8.39233e-05 secs using 100.1% CPU

Create initial parsimony tree by phylogenetic likelihood library (PLL)... 0.001 seconds

NOTE: 2 MB RAM (0 GB) is required!
Estimate model parameters (epsilon = 0.100)
1. Initial log-likelihood: -11462.019
2. Current log-likelihood: -10491.451
3. Current log-likelihood: -10480.949
Optimal log-likelihood: -10480.877
Rate parameters:  A-C: 1.50201  A-G: 4.88744  A-T: 0.83842  C-G: 1.65537  C-T: 4.32151  G-T: 1.00000
Base frequencies:  A: 0.197  C: 0.288  G: 0.285  T: 0.230
Gamma shape alpha: 0.740
Parameters optimization took 3 rounds (0.087 sec)
Wrote distance file to... 
Computing ML distances based on estimated model parameters...
Calculating distance matrix: done in 0.00182104 secs using 100% CPU
Computing ML distances took 0.001922 sec (of wall-clock time) 0.001921 sec (of CPU time)
WARNING: Some pairwise ML distances are too long (saturated)
Setting up auxiliary I and S matrices: done in 0.000127077 secs using 99.94% CPU
Constructing RapidNJ tree: done in 0.000188828 secs using 291.8% CPU
Computing RapidNJ tree took 0.000396 sec (of wall-clock time) 0.000779 sec (of CPU time)
Log-likelihood of RapidNJ tree: -10590.527
--------------------------------------------------------------------
|             INITIALIZING CANDIDATE TREE SET                      |
--------------------------------------------------------------------
Generating 98 parsimony trees... 0.138 second
Computing log-likelihood of 98 initial trees ... 0.264 seconds
Current best score: -10480.877

Do NNI search on 20 best initial trees
Estimate model parameters (epsilon = 0.100)
BETTER TREE FOUND at iteration 1: -10477.693
Estimate model parameters (epsilon = 0.100)
BETTER TREE FOUND at iteration 2: -10470.189
Estimate model parameters (epsilon = 0.100)
BETTER TREE FOUND at iteration 5: -10470.080
Estimate model parameters (epsilon = 0.100)
BETTER TREE FOUND at iteration 7: -10469.445
Iteration 10 / LogL: -10470.174 / Time: 0h:0m:1s
Estimate model parameters (epsilon = 0.100)
BETTER TREE FOUND at iteration 11: -10468.277
Iteration 20 / LogL: -10470.245 / Time: 0h:0m:1s
Finish initializing candidate tree set (10)
Current best tree score: -10468.277 / CPU time: 1.311
Number of iterations: 20
--------------------------------------------------------------------
|               OPTIMIZING CANDIDATE TREE SET                      |
--------------------------------------------------------------------
Estimate model parameters (epsilon = 0.100)
BETTER TREE FOUND at iteration 25: -10467.553
Estimate model parameters (epsilon = 0.100)
BETTER TREE FOUND at iteration 27: -10466.176
Estimate model parameters (epsilon = 0.100)
BETTER TREE FOUND at iteration 28: -10466.025
Estimate model parameters (epsilon = 0.100)
BETTER TREE FOUND at iteration 29: -10465.843
Iteration 30 / LogL: -10466.086 / Time: 0h:0m:1s (0h:0m:6s left)
Estimate model parameters (epsilon = 0.100)
BETTER TREE FOUND at iteration 34: -10463.937
Iteration 40 / LogL: -10466.304 / Time: 0h:0m:2s (0h:0m:5s left)
Iteration 50 / LogL: -10465.834 / Time: 0h:0m:2s (0h:0m:4s left)
Estimate model parameters (epsilon = 0.100)
BETTER TREE FOUND at iteration 53: -10463.858
Estimate model parameters (epsilon = 0.100)
BETTER TREE FOUND at iteration 54: -10463.793
Iteration 60 / LogL: -10464.414 / Time: 0h:0m:3s (0h:0m:5s left)
Iteration 70 / LogL: -10464.175 / Time: 0h:0m:3s (0h:0m:4s left)
Iteration 80 / LogL: -10463.951 / Time: 0h:0m:4s (0h:0m:3s left)
UPDATE BEST LOG-LIKELIHOOD: -10463.793
Iteration 90 / LogL: -10463.955 / Time: 0h:0m:4s (0h:0m:3s left)
Iteration 100 / LogL: -10463.967 / Time: 0h:0m:5s (0h:0m:2s left)
Iteration 110 / LogL: -10463.962 / Time: 0h:0m:5s (0h:0m:2s left)
UPDATE BEST LOG-LIKELIHOOD: -10463.791
Iteration 120 / LogL: -10463.791 / Time: 0h:0m:5s (0h:0m:1s left)
Iteration 130 / LogL: -10464.026 / Time: 0h:0m:6s (0h:0m:1s left)
UPDATE BEST LOG-LIKELIHOOD: -10463.791
Iteration 140 / LogL: -10464.244 / Time: 0h:0m:6s (0h:0m:0s left)
Iteration 150 / LogL: -10463.804 / Time: 0h:0m:7s (0h:0m:0s left)
TREE SEARCH COMPLETED AFTER 155 ITERATIONS / Time: 0h:0m:7s

--------------------------------------------------------------------
|                    FINALIZING TREE SEARCH                        |
--------------------------------------------------------------------
Performs final model parameters optimization
Estimate model parameters (epsilon = 0.010)
1. Initial log-likelihood: -10463.791
Optimal log-likelihood: -10463.790
Rate parameters:  A-C: 1.46277  A-G: 4.89853  A-T: 0.81682  C-G: 1.62605  C-T: 4.43785  G-T: 1.00000
Base frequencies:  A: 0.197  C: 0.288  G: 0.285  T: 0.230
Gamma shape alpha: 0.727
Parameters optimization took 1 rounds (0.011 sec)
BEST SCORE FOUND : -10463.790
Total tree length: 2.675

Total number of iterations: 155
CPU time used for tree search: 7.603 sec (0h:0m:7s)
Wall-clock time used for tree search: 7.434 sec (0h:0m:7s)
Total CPU time used: 7.742 sec (0h:0m:7s)
Total wall-clock time used: 7.559 sec (0h:0m:7s)

Analysis results written to: 
  IQ-TREE report:                /workspace/IQTree_TarvD7_Results/ENSG00000077713.nuc.ord.iqtree
  Maximum-likelihood tree:       /workspace/IQTree_TarvD7_Results/ENSG00000077713.nuc.ord.treefile
  Likelihood distances:          /workspace/IQTree_TarvD7_Results/ENSG00000077713.nuc.ord.mldist
  Screen log file:               /workspace/IQTree_TarvD7_Results/ENSG00000077713.nuc.ord.log

Date and Time: Mon May 25 20:27:29 2026
