IQ-TREE version 3.1.2 for Linux x86 64-bit built May  7 2026
Developed by Bui Quang Minh, Thomas Wong, Nhan Ly-Trong, Huaiyan Ren
Contributed by Lam-Tung Nguyen, Dominik Schrempf, Chris Bielow,
Olga Chernomor, Michael Woodhams, Diep Thi Hoang, Heiko Schmidt

Host:    8084c4e79f09 (AVX512, FMA3, 1133 GB RAM)
Command: /workspace/iqtree-3.1.2-Linux/bin/iqtree3_intel -s /workspace/NeuralNJ/empirical/TarvD7/ENSG00000113805.nuc.ord.aln -st DNA -m GTR+G -seed 2201 -pre /workspace/IQTree_TarvD7_Results/ENSG00000113805.nuc.ord -quiet
Seed:    2201 (Using SPRNG - Scalable Parallel Random Number Generator)
Time:    Tue May 26 02:08:39 2026
Kernel:  AVX+FMA - 1 threads (384 CPU cores detected)

HINT: Use -nt option to specify number of threads because your CPU has 384 cores!
HINT: -nt AUTO will automatically determine the best number of threads to use.

Reading alignment file /workspace/NeuralNJ/empirical/TarvD7/ENSG00000113805.nuc.ord.aln ... Fasta format detected
Reading fasta file: done in 0.00103593 secs using 64.58% CPU
Alignment most likely contains DNA/RNA sequences
Constructing alignment: done in 0.00416017 secs using 46.39% CPU
Alignment has 35 sequences with 3291 columns, 2004 distinct patterns
1272 parsimony-informative, 554 singleton sites, 1465 constant sites
                   Gap/Ambiguity  Composition  p-value
Analyzing sequences: done in 0.000149012 secs using 95.97% CPU
   1  P001_Platypus       57.16%    passed     21.41%
   2  P002_Opossum         6.65%    failed      0.25%
   3  P003_Wallaby        28.71%    failed      1.48%
   4  P004_Tenrec         23.34%    passed     99.92%
   5  P005_Rock_hyrax     18.78%    passed     55.57%
   6  P006_Elephant       16.86%    passed     11.69%
   7  P007_Armadillo      32.00%    failed      0.64%
   8  P008_Sloth          34.28%    passed     44.06%
   9  P009_Hedgehog       52.42%    failed      0.00%
  10  P011_Dolphin         4.10%    passed     64.02%
  11  P012_Cow            15.59%    passed     58.08%
  12  P013_Pig            19.78%    passed     19.96%
  13  P014_Alpaca          9.30%    passed     65.71%
  14  P015_Horse           6.29%    passed     10.13%
  15  P016_Dog             6.29%    failed      3.17%
  16  P017_Cat            31.36%    passed     15.17%
  17  P018_Megabat        21.51%    failed      0.00%
  18  P019_Microbat       24.98%    failed      0.00%
  19  P020_Rabbit         20.78%    passed     65.09%
  20  P021_Pika           26.34%    passed     56.95%
  21  P022_Squirrel       40.11%    failed      1.23%
  22  P023_Guinea_pig     20.05%    passed     85.83%
  23  P024_Kangaroo_rat   10.85%    passed     88.99%
  24  P025_Mouse           6.29%    passed     94.35%
  25  P026_Rat             6.56%    passed     93.47%
  26  P027_Tree_shrew      7.66%    passed      7.02%
  27  P028_Bushbaby       12.03%    passed     71.48%
  28  P029_Mouse_lemur    43.48%    passed     85.95%
  29  P030_Tarsier         9.66%    passed      5.06%
  30  P031_Marmoset        4.01%    passed     30.43%
  31  P032_Rhesus          7.93%    passed     47.96%
  32  P033_Orangutan       7.02%    passed     13.96%
  33  P034_Gorilla        33.82%    passed     92.16%
  34  P035_Chimp           4.01%    passed     19.36%
  35  P036_Human           6.29%    passed     33.07%
WARNING: 2 sequences contain more than 50% gaps/ambiguity
****  TOTAL               19.32%  8 sequences failed composition chi2 test (p-value<5%; df=3)
Checking for duplicate sequences: done in 0.000172853 secs using 99.51% CPU

Create initial parsimony tree by phylogenetic likelihood library (PLL)... 0.004 seconds

NOTE: 9 MB RAM (0 GB) is required!
Estimate model parameters (epsilon = 0.100)
1. Initial log-likelihood: -32489.925
2. Current log-likelihood: -30454.844
3. Current log-likelihood: -30431.063
4. Current log-likelihood: -30430.741
Optimal log-likelihood: -30430.718
Rate parameters:  A-C: 1.64043  A-G: 4.23650  A-T: 0.73567  C-G: 1.34744  C-T: 5.98140  G-T: 1.00000
Base frequencies:  A: 0.293  C: 0.214  G: 0.251  T: 0.242
Gamma shape alpha: 0.460
Parameters optimization took 4 rounds (0.319 sec)
Wrote distance file to... 
Computing ML distances based on estimated model parameters...
Calculating distance matrix: done in 0.00649095 secs using 99.69% CPU
Computing ML distances took 0.006764 sec (of wall-clock time) 0.006732 sec (of CPU time)
Setting up auxiliary I and S matrices: done in 8.29697e-05 secs using 277.2% CPU
Constructing RapidNJ tree: done in 0.000124931 secs using 98.45% CPU
Computing RapidNJ tree took 0.000246 sec (of wall-clock time) 0.000392 sec (of CPU time)
Log-likelihood of RapidNJ tree: -30666.540
--------------------------------------------------------------------
|             INITIALIZING CANDIDATE TREE SET                      |
--------------------------------------------------------------------
Generating 98 parsimony trees... 0.510 second
Computing log-likelihood of 98 initial trees ... 0.815 seconds
Current best score: -30430.718

Do NNI search on 20 best initial trees
Estimate model parameters (epsilon = 0.100)
BETTER TREE FOUND at iteration 1: -30430.716
Estimate model parameters (epsilon = 0.100)
BETTER TREE FOUND at iteration 2: -30429.285
Iteration 10 / LogL: -30430.910 / Time: 0h:0m:2s
Iteration 20 / LogL: -30430.758 / Time: 0h:0m:3s
Finish initializing candidate tree set (3)
Current best tree score: -30429.285 / CPU time: 3.453
Number of iterations: 20
--------------------------------------------------------------------
|               OPTIMIZING CANDIDATE TREE SET                      |
--------------------------------------------------------------------
Iteration 30 / LogL: -30445.948 / Time: 0h:0m:5s (0h:0m:12s left)
Iteration 40 / LogL: -30430.754 / Time: 0h:0m:6s (0h:0m:10s left)
Iteration 50 / LogL: -30430.779 / Time: 0h:0m:7s (0h:0m:8s left)
Iteration 60 / LogL: -30442.062 / Time: 0h:0m:8s (0h:0m:6s left)
Iteration 70 / LogL: -30442.555 / Time: 0h:0m:10s (0h:0m:4s left)
Iteration 80 / LogL: -30429.593 / Time: 0h:0m:11s (0h:0m:3s left)
Iteration 90 / LogL: -30429.738 / Time: 0h:0m:12s (0h:0m:1s left)
Iteration 100 / LogL: -30429.572 / Time: 0h:0m:13s (0h:0m:0s left)
TREE SEARCH COMPLETED AFTER 103 ITERATIONS / Time: 0h:0m:13s

--------------------------------------------------------------------
|                    FINALIZING TREE SEARCH                        |
--------------------------------------------------------------------
Performs final model parameters optimization
Estimate model parameters (epsilon = 0.010)
1. Initial log-likelihood: -30429.285
Optimal log-likelihood: -30429.285
Rate parameters:  A-C: 1.64012  A-G: 4.23489  A-T: 0.73571  C-G: 1.35105  C-T: 5.99147  G-T: 1.00000
Base frequencies:  A: 0.293  C: 0.214  G: 0.251  T: 0.242
Gamma shape alpha: 0.460
Parameters optimization took 1 rounds (0.033 sec)
BEST SCORE FOUND : -30429.285
Total tree length: 3.363

Total number of iterations: 103
CPU time used for tree search: 13.747 sec (0h:0m:13s)
Wall-clock time used for tree search: 13.615 sec (0h:0m:13s)
Total CPU time used: 14.200 sec (0h:0m:14s)
Total wall-clock time used: 14.029 sec (0h:0m:14s)

Analysis results written to: 
  IQ-TREE report:                /workspace/IQTree_TarvD7_Results/ENSG00000113805.nuc.ord.iqtree
  Maximum-likelihood tree:       /workspace/IQTree_TarvD7_Results/ENSG00000113805.nuc.ord.treefile
  Likelihood distances:          /workspace/IQTree_TarvD7_Results/ENSG00000113805.nuc.ord.mldist
  Screen log file:               /workspace/IQTree_TarvD7_Results/ENSG00000113805.nuc.ord.log

Date and Time: Tue May 26 02:08:53 2026
