IQ-TREE version 3.1.2 for Linux x86 64-bit built May  7 2026
Developed by Bui Quang Minh, Thomas Wong, Nhan Ly-Trong, Huaiyan Ren
Contributed by Lam-Tung Nguyen, Dominik Schrempf, Chris Bielow,
Olga Chernomor, Michael Woodhams, Diep Thi Hoang, Heiko Schmidt

Host:    8084c4e79f09 (AVX512, FMA3, 1133 GB RAM)
Command: /workspace/iqtree-3.1.2-Linux/bin/iqtree3_intel -s /workspace/NeuralNJ/empirical/TarvD7/ENSG00000153310.nuc.ord.aln -st DNA -m GTR+G -seed 2201 -pre /workspace/IQTree_TarvD7_Results/ENSG00000153310.nuc.ord -quiet
Seed:    2201 (Using SPRNG - Scalable Parallel Random Number Generator)
Time:    Tue May 26 12:55:26 2026
Kernel:  AVX+FMA - 1 threads (384 CPU cores detected)

HINT: Use -nt option to specify number of threads because your CPU has 384 cores!
HINT: -nt AUTO will automatically determine the best number of threads to use.

Reading alignment file /workspace/NeuralNJ/empirical/TarvD7/ENSG00000153310.nuc.ord.aln ... Fasta format detected
Reading fasta file: done in 0.000303984 secs using 21.05% CPU
Alignment most likely contains DNA/RNA sequences
Constructing alignment: done in 0.0011301 secs using 88.4% CPU
Alignment has 31 sequences with 999 columns, 351 distinct patterns
187 parsimony-informative, 89 singleton sites, 723 constant sites
                   Gap/Ambiguity  Composition  p-value
Analyzing sequences: done in 2.09808e-05 secs using 100.1% CPU
   1  P001_Platypus        2.70%    passed     61.13%
   2  P002_Opossum         2.70%    passed     94.75%
   3  P003_Wallaby        42.34%    passed     90.80%
   4  P005_Rock_hyrax      9.01%    passed     88.75%
   5  P006_Elephant       28.83%    passed     89.19%
   6  P007_Armadillo      11.71%    passed     85.28%
   7  P008_Sloth           9.01%    passed     88.14%
   8  P010_Common_shrew   16.52%    passed     80.63%
   9  P011_Dolphin         2.70%    passed     95.58%
  10  P012_Cow             2.70%    passed     93.68%
  11  P013_Pig             2.70%    passed     95.43%
  12  P014_Alpaca          2.70%    passed     99.72%
  13  P015_Horse           2.70%    passed     86.37%
  14  P016_Dog             2.70%    passed     98.54%
  15  P017_Cat            30.33%    passed     42.50%
  16  P018_Megabat         2.70%    passed     69.63%
  17  P019_Microbat       15.32%    passed     47.79%
  18  P022_Squirrel       18.02%    passed     99.60%
  19  P023_Guinea_pig      2.70%    passed     97.46%
  20  P024_Kangaroo_rat    3.00%    passed     89.74%
  21  P025_Mouse           2.70%    passed     78.95%
  22  P026_Rat             2.70%    passed     85.26%
  23  P027_Tree_shrew     29.73%    passed     81.27%
  24  P028_Bushbaby       15.62%    passed     91.52%
  25  P029_Mouse_lemur    34.23%    passed     88.89%
  26  P031_Marmoset        2.70%    passed     97.83%
  27  P032_Rhesus          2.70%    passed     95.44%
  28  P033_Orangutan       2.70%    passed     90.36%
  29  P034_Gorilla        48.35%    passed     55.14%
  30  P035_Chimp           2.70%    passed     91.07%
  31  P036_Human           2.70%    passed     92.31%
****  TOTAL               11.55%  0 sequences failed composition chi2 test (p-value<5%; df=3)
Checking for duplicate sequences: done in 7.89165e-05 secs using 98.84% CPU

Create initial parsimony tree by phylogenetic likelihood library (PLL)... 0.001 seconds

NOTE: 1 MB RAM (0 GB) is required!
Estimate model parameters (epsilon = 0.100)
1. Initial log-likelihood: -5276.165
2. Current log-likelihood: -4785.223
3. Current log-likelihood: -4778.439
Optimal log-likelihood: -4778.329
Rate parameters:  A-C: 4.68237  A-G: 11.79698  A-T: 0.95167  C-G: 1.51248  C-T: 19.62916  G-T: 1.00000
Base frequencies:  A: 0.337  C: 0.190  G: 0.221  T: 0.252
Gamma shape alpha: 0.165
Parameters optimization took 3 rounds (0.064 sec)
Wrote distance file to... 
Computing ML distances based on estimated model parameters...
Calculating distance matrix: done in 0.00287509 secs using 100% CPU
Computing ML distances took 0.002933 sec (of wall-clock time) 0.002933 sec (of CPU time)
Setting up auxiliary I and S matrices: done in 0.000128984 secs using 100% CPU
Constructing RapidNJ tree: done in 0.000209093 secs using 281.7% CPU
Computing RapidNJ tree took 0.000421 sec (of wall-clock time) 0.000808 sec (of CPU time)
Log-likelihood of RapidNJ tree: -4793.641
--------------------------------------------------------------------
|             INITIALIZING CANDIDATE TREE SET                      |
--------------------------------------------------------------------
Generating 98 parsimony trees... 0.106 second
Computing log-likelihood of 98 initial trees ... 0.131 seconds
Current best score: -4774.450

Do NNI search on 20 best initial trees
Estimate model parameters (epsilon = 0.100)
BETTER TREE FOUND at iteration 1: -4770.107
Estimate model parameters (epsilon = 0.100)
BETTER TREE FOUND at iteration 9: -4769.745
Iteration 10 / LogL: -4770.846 / Time: 0h:0m:0s
Estimate model parameters (epsilon = 0.100)
BETTER TREE FOUND at iteration 12: -4766.632
Estimate model parameters (epsilon = 0.100)
BETTER TREE FOUND at iteration 17: -4764.912
Iteration 20 / LogL: -4774.063 / Time: 0h:0m:0s
Finish initializing candidate tree set (17)
Current best tree score: -4764.912 / CPU time: 0.714
Number of iterations: 20
--------------------------------------------------------------------
|               OPTIMIZING CANDIDATE TREE SET                      |
--------------------------------------------------------------------
Iteration 30 / LogL: -4766.649 / Time: 0h:0m:1s (0h:0m:3s left)
UPDATE BEST LOG-LIKELIHOOD: -4764.912
Iteration 40 / LogL: -4764.912 / Time: 0h:0m:1s (0h:0m:2s left)
Iteration 50 / LogL: -4764.914 / Time: 0h:0m:1s (0h:0m:2s left)
Iteration 60 / LogL: -4768.563 / Time: 0h:0m:1s (0h:0m:1s left)
Iteration 70 / LogL: -4769.191 / Time: 0h:0m:2s (0h:0m:1s left)
Iteration 80 / LogL: -4764.914 / Time: 0h:0m:2s (0h:0m:1s left)
Iteration 90 / LogL: -4765.521 / Time: 0h:0m:2s (0h:0m:0s left)
Iteration 100 / LogL: -4764.913 / Time: 0h:0m:2s (0h:0m:0s left)
Iteration 110 / LogL: -4767.277 / Time: 0h:0m:3s (0h:0m:0s left)
TREE SEARCH COMPLETED AFTER 118 ITERATIONS / Time: 0h:0m:3s

--------------------------------------------------------------------
|                    FINALIZING TREE SEARCH                        |
--------------------------------------------------------------------
Performs final model parameters optimization
Estimate model parameters (epsilon = 0.010)
1. Initial log-likelihood: -4764.912
Optimal log-likelihood: -4764.908
Rate parameters:  A-C: 4.58395  A-G: 12.26823  A-T: 0.95269  C-G: 1.42814  C-T: 19.41830  G-T: 1.00000
Base frequencies:  A: 0.337  C: 0.190  G: 0.221  T: 0.252
Gamma shape alpha: 0.166
Parameters optimization took 1 rounds (0.005 sec)
BEST SCORE FOUND : -4764.908
Total tree length: 0.986

Total number of iterations: 118
CPU time used for tree search: 3.505 sec (0h:0m:3s)
Wall-clock time used for tree search: 3.326 sec (0h:0m:3s)
Total CPU time used: 3.597 sec (0h:0m:3s)
Total wall-clock time used: 3.412 sec (0h:0m:3s)

Analysis results written to: 
  IQ-TREE report:                /workspace/IQTree_TarvD7_Results/ENSG00000153310.nuc.ord.iqtree
  Maximum-likelihood tree:       /workspace/IQTree_TarvD7_Results/ENSG00000153310.nuc.ord.treefile
  Likelihood distances:          /workspace/IQTree_TarvD7_Results/ENSG00000153310.nuc.ord.mldist
  Screen log file:               /workspace/IQTree_TarvD7_Results/ENSG00000153310.nuc.ord.log

Date and Time: Tue May 26 12:55:30 2026
