IQ-TREE version 3.1.2 for Linux x86 64-bit built May  7 2026
Developed by Bui Quang Minh, Thomas Wong, Nhan Ly-Trong, Huaiyan Ren
Contributed by Lam-Tung Nguyen, Dominik Schrempf, Chris Bielow,
Olga Chernomor, Michael Woodhams, Diep Thi Hoang, Heiko Schmidt

Host:    8084c4e79f09 (AVX512, FMA3, 1133 GB RAM)
Command: /workspace/iqtree-3.1.2-Linux/bin/iqtree3_intel -s /workspace/NeuralNJ/empirical/TarvD7/ENSG00000167014.nuc.ord.aln -st DNA -m GTR+G -seed 2201 -pre /workspace/IQTree_TarvD7_Results/ENSG00000167014.nuc.ord -quiet
Seed:    2201 (Using SPRNG - Scalable Parallel Random Number Generator)
Time:    Tue May 26 17:18:11 2026
Kernel:  AVX+FMA - 1 threads (384 CPU cores detected)

HINT: Use -nt option to specify number of threads because your CPU has 384 cores!
HINT: -nt AUTO will automatically determine the best number of threads to use.

Reading alignment file /workspace/NeuralNJ/empirical/TarvD7/ENSG00000167014.nuc.ord.aln ... Fasta format detected
Reading fasta file: done in 0.000233889 secs using 13.25% CPU
Alignment most likely contains DNA/RNA sequences
Constructing alignment: done in 0.000847101 secs using 56.31% CPU
Alignment has 30 sequences with 720 columns, 469 distinct patterns
253 parsimony-informative, 161 singleton sites, 306 constant sites
                   Gap/Ambiguity  Composition  p-value
Analyzing sequences: done in 2.38419e-05 secs using 96.47% CPU
   1  P001_Platypus       48.33%    passed     31.16%
   2  P002_Opossum         7.92%    passed     76.33%
   3  P005_Rock_hyrax     40.83%    passed     76.14%
   4  P006_Elephant        7.92%    passed     82.16%
   5  P008_Sloth          27.92%    passed     82.42%
   6  P009_Hedgehog       40.83%    passed     72.30%
   7  P010_Common_shrew    8.33%    passed     85.78%
   8  P011_Dolphin         7.92%    passed     93.40%
   9  P012_Cow             6.67%    passed     72.04%
  10  P013_Pig             7.92%    passed     50.61%
  11  P014_Alpaca         22.50%    passed     98.13%
  12  P015_Horse           7.92%    passed     95.19%
  13  P016_Dog             7.50%    passed     83.14%
  14  P017_Cat            40.00%    passed     45.08%
  15  P018_Megabat        21.25%    passed     74.14%
  16  P019_Microbat       27.92%    passed     67.56%
  17  P021_Pika           68.75%    passed     28.99%
  18  P022_Squirrel       59.58%    passed     23.35%
  19  P023_Guinea_pig      8.33%    passed     40.70%
  20  P024_Kangaroo_rat   48.75%    passed     40.51%
  21  P025_Mouse           9.17%    passed     98.51%
  22  P026_Rat             9.17%    passed     83.26%
  23  P028_Bushbaby       33.75%    passed     93.83%
  24  P029_Mouse_lemur    58.75%    passed     19.76%
  25  P030_Tarsier        36.25%    passed     18.71%
  26  P031_Marmoset        7.92%    passed     96.45%
  27  P032_Rhesus          8.33%    passed     95.34%
  28  P033_Orangutan      54.58%    failed      2.34%
  29  P035_Chimp           8.33%    passed     92.64%
  30  P036_Human           8.33%    passed     93.64%
WARNING: 4 sequences contain more than 50% gaps/ambiguity
****  TOTAL               25.06%  1 sequences failed composition chi2 test (p-value<5%; df=3)
Checking for duplicate sequences: done in 8.08239e-05 secs using 98.98% CPU

Create initial parsimony tree by phylogenetic likelihood library (PLL)... 0.001 seconds

NOTE: 1 MB RAM (0 GB) is required!
Estimate model parameters (epsilon = 0.100)
1. Initial log-likelihood: -6078.325
2. Current log-likelihood: -5792.289
3. Current log-likelihood: -5789.486
Optimal log-likelihood: -5789.465
Rate parameters:  A-C: 1.75375  A-G: 4.97677  A-T: 1.18957  C-G: 2.40800  C-T: 6.44216  G-T: 1.00000
Base frequencies:  A: 0.332  C: 0.195  G: 0.223  T: 0.250
Gamma shape alpha: 0.821
Parameters optimization took 3 rounds (0.057 sec)
Wrote distance file to... 
Computing ML distances based on estimated model parameters...
Calculating distance matrix: done in 0.00226307 secs using 99.95% CPU
Computing ML distances took 0.002322 sec (of wall-clock time) 0.002322 sec (of CPU time)
Setting up auxiliary I and S matrices: done in 0.000135899 secs using 80.21% CPU
Constructing RapidNJ tree: done in 0.000250101 secs using 205.9% CPU
Computing RapidNJ tree took 0.000452 sec (of wall-clock time) 0.000689 sec (of CPU time)
Log-likelihood of RapidNJ tree: -5832.994
--------------------------------------------------------------------
|             INITIALIZING CANDIDATE TREE SET                      |
--------------------------------------------------------------------
Generating 98 parsimony trees... 0.119 second
Computing log-likelihood of 98 initial trees ... 0.167 seconds
Current best score: -5774.556

Do NNI search on 20 best initial trees
Estimate model parameters (epsilon = 0.100)
BETTER TREE FOUND at iteration 1: -5764.574
Iteration 10 / LogL: -5774.393 / Time: 0h:0m:0s
Estimate model parameters (epsilon = 0.100)
BETTER TREE FOUND at iteration 12: -5764.432
Iteration 20 / LogL: -5767.109 / Time: 0h:0m:0s
Finish initializing candidate tree set (18)
Current best tree score: -5764.432 / CPU time: 0.904
Number of iterations: 20
--------------------------------------------------------------------
|               OPTIMIZING CANDIDATE TREE SET                      |
--------------------------------------------------------------------
Iteration 30 / LogL: -5764.432 / Time: 0h:0m:1s (0h:0m:3s left)
Iteration 40 / LogL: -5769.631 / Time: 0h:0m:1s (0h:0m:3s left)
UPDATE BEST LOG-LIKELIHOOD: -5764.432
Iteration 50 / LogL: -5764.442 / Time: 0h:0m:2s (0h:0m:2s left)
Iteration 60 / LogL: -5764.509 / Time: 0h:0m:2s (0h:0m:2s left)
Iteration 70 / LogL: -5764.432 / Time: 0h:0m:2s (0h:0m:1s left)
Iteration 80 / LogL: -5764.502 / Time: 0h:0m:3s (0h:0m:1s left)
UPDATE BEST LOG-LIKELIHOOD: -5764.432
Iteration 90 / LogL: -5764.432 / Time: 0h:0m:3s (0h:0m:0s left)
Estimate model parameters (epsilon = 0.100)
BETTER TREE FOUND at iteration 98: -5763.824
BETTER TREE FOUND at iteration 99: -5763.824
UPDATE BEST LOG-LIKELIHOOD: -5763.824
Iteration 100 / LogL: -5763.824 / Time: 0h:0m:3s (0h:0m:3s left)
UPDATE BEST LOG-LIKELIHOOD: -5763.824
Iteration 110 / LogL: -5763.824 / Time: 0h:0m:4s (0h:0m:3s left)
Iteration 120 / LogL: -5764.105 / Time: 0h:0m:4s (0h:0m:3s left)
UPDATE BEST LOG-LIKELIHOOD: -5763.824
Iteration 130 / LogL: -5763.824 / Time: 0h:0m:4s (0h:0m:2s left)
Iteration 140 / LogL: -5770.431 / Time: 0h:0m:5s (0h:0m:2s left)
Iteration 150 / LogL: -5763.826 / Time: 0h:0m:5s (0h:0m:1s left)
Iteration 160 / LogL: -5764.102 / Time: 0h:0m:6s (0h:0m:1s left)
Iteration 170 / LogL: -5763.827 / Time: 0h:0m:6s (0h:0m:1s left)
UPDATE BEST LOG-LIKELIHOOD: -5763.824
UPDATE BEST LOG-LIKELIHOOD: -5763.824
Iteration 180 / LogL: -5763.824 / Time: 0h:0m:6s (0h:0m:0s left)
Iteration 190 / LogL: -5763.824 / Time: 0h:0m:7s (0h:0m:0s left)
Iteration 200 / LogL: -5763.827 / Time: 0h:0m:7s (0h:0m:-1s left)
TREE SEARCH COMPLETED AFTER 200 ITERATIONS / Time: 0h:0m:7s

--------------------------------------------------------------------
|                    FINALIZING TREE SEARCH                        |
--------------------------------------------------------------------
Performs final model parameters optimization
Estimate model parameters (epsilon = 0.010)
1. Initial log-likelihood: -5763.824
Optimal log-likelihood: -5763.822
Rate parameters:  A-C: 1.90147  A-G: 5.46590  A-T: 1.34750  C-G: 2.52057  C-T: 7.33335  G-T: 1.00000
Base frequencies:  A: 0.332  C: 0.195  G: 0.223  T: 0.250
Gamma shape alpha: 0.822
Parameters optimization took 1 rounds (0.007 sec)
BEST SCORE FOUND : -5763.822
Total tree length: 2.417

Total number of iterations: 200
CPU time used for tree search: 7.740 sec (0h:0m:7s)
Wall-clock time used for tree search: 7.569 sec (0h:0m:7s)
Total CPU time used: 7.834 sec (0h:0m:7s)
Total wall-clock time used: 7.653 sec (0h:0m:7s)

Analysis results written to: 
  IQ-TREE report:                /workspace/IQTree_TarvD7_Results/ENSG00000167014.nuc.ord.iqtree
  Maximum-likelihood tree:       /workspace/IQTree_TarvD7_Results/ENSG00000167014.nuc.ord.treefile
  Likelihood distances:          /workspace/IQTree_TarvD7_Results/ENSG00000167014.nuc.ord.mldist
  Screen log file:               /workspace/IQTree_TarvD7_Results/ENSG00000167014.nuc.ord.log

Date and Time: Tue May 26 17:18:19 2026
