IQ-TREE version 3.1.2 for Linux x86 64-bit built May  7 2026
Developed by Bui Quang Minh, Thomas Wong, Nhan Ly-Trong, Huaiyan Ren
Contributed by Lam-Tung Nguyen, Dominik Schrempf, Chris Bielow,
Olga Chernomor, Michael Woodhams, Diep Thi Hoang, Heiko Schmidt

Host:    8084c4e79f09 (AVX512, FMA3, 1133 GB RAM)
Command: /workspace/iqtree-3.1.2-Linux/bin/iqtree3_intel -s /workspace/NeuralNJ/empirical/TarvD7/ENSG00000055130.nuc.ord.aln -st DNA -m GTR+G -seed 2201 -pre /workspace/IQTree_TarvD7_Results/ENSG00000055130.nuc.ord -quiet
Seed:    2201 (Using SPRNG - Scalable Parallel Random Number Generator)
Time:    Mon May 25 18:53:52 2026
Kernel:  AVX+FMA - 1 threads (384 CPU cores detected)

HINT: Use -nt option to specify number of threads because your CPU has 384 cores!
HINT: -nt AUTO will automatically determine the best number of threads to use.

Reading alignment file /workspace/NeuralNJ/empirical/TarvD7/ENSG00000055130.nuc.ord.aln ... Fasta format detected
Reading fasta file: done in 0.000823975 secs using 76.94% CPU
Alignment most likely contains DNA/RNA sequences
Constructing alignment: done in 0.0030849 secs using 58.71% CPU
Alignment has 35 sequences with 2517 columns, 1042 distinct patterns
669 parsimony-informative, 191 singleton sites, 1657 constant sites
                   Gap/Ambiguity  Composition  p-value
Analyzing sequences: done in 5.29289e-05 secs using 102% CPU
   1  P001_Platypus        7.51%    passed      5.42%
   2  P002_Opossum         7.87%    failed      0.00%
   3  P003_Wallaby        41.12%    failed      0.02%
   4  P004_Tenrec         40.41%    failed      0.00%
   5  P005_Rock_hyrax     27.06%    failed      0.00%
   6  P006_Elephant       34.45%    failed      0.00%
   7  P007_Armadillo      29.08%    failed      0.00%
   8  P008_Sloth          60.79%    failed      0.14%
   9  P009_Hedgehog       47.68%    failed      0.00%
  10  P011_Dolphin        18.36%    passed     78.59%
  11  P012_Cow             7.63%    passed     41.37%
  12  P013_Pig            69.49%    passed     13.06%
  13  P014_Alpaca         29.32%    passed     12.42%
  14  P015_Horse           7.51%    passed     61.02%
  15  P016_Dog             7.27%    passed     98.27%
  16  P017_Cat            16.69%    passed     79.31%
  17  P018_Megabat        18.36%    passed     97.10%
  18  P019_Microbat       23.12%    passed     28.02%
  19  P020_Rabbit         25.63%    passed     12.38%
  20  P021_Pika           62.46%    failed      4.84%
  21  P022_Squirrel       46.36%    passed     95.27%
  22  P023_Guinea_pig      7.51%    passed     18.02%
  23  P024_Kangaroo_rat   22.77%    passed     99.22%
  24  P025_Mouse           7.51%    passed      8.47%
  25  P026_Rat             7.51%    passed     20.79%
  26  P027_Tree_shrew     25.39%    passed     60.18%
  27  P028_Bushbaby       22.29%    passed     71.02%
  28  P029_Mouse_lemur    27.41%    passed     92.18%
  29  P030_Tarsier        49.58%    passed     23.43%
  30  P031_Marmoset        7.39%    passed     43.83%
  31  P032_Rhesus          7.87%    passed     19.39%
  32  P033_Orangutan       7.51%    passed     33.51%
  33  P034_Gorilla        48.27%    passed     75.24%
  34  P035_Chimp           7.51%    passed     36.00%
  35  P036_Human           7.51%    passed     37.80%
WARNING: 3 sequences contain more than 50% gaps/ambiguity
****  TOTAL               25.26%  9 sequences failed composition chi2 test (p-value<5%; df=3)
Checking for duplicate sequences: done in 0.00012207 secs using 99.94% CPU

Create initial parsimony tree by phylogenetic likelihood library (PLL)... 0.003 seconds

NOTE: 4 MB RAM (0 GB) is required!
Estimate model parameters (epsilon = 0.100)
1. Initial log-likelihood: -19228.054
2. Current log-likelihood: -17083.866
3. Current log-likelihood: -17063.172
4. Current log-likelihood: -17062.834
Optimal log-likelihood: -17062.816
Rate parameters:  A-C: 2.04109  A-G: 7.90389  A-T: 0.45689  C-G: 2.16187  C-T: 12.00905  G-T: 1.00000
Base frequencies:  A: 0.315  C: 0.206  G: 0.243  T: 0.235
Gamma shape alpha: 0.212
Parameters optimization took 4 rounds (0.209 sec)
Wrote distance file to... 
Computing ML distances based on estimated model parameters...
Calculating distance matrix: done in 0.00344706 secs using 98.87% CPU
Computing ML distances took 0.003557 sec (of wall-clock time) 0.003510 sec (of CPU time)
Setting up auxiliary I and S matrices: done in 0.000181913 secs using 100% CPU
Constructing RapidNJ tree: done in 0.000313997 secs using 184.1% CPU
Computing RapidNJ tree took 0.000581 sec (of wall-clock time) 0.000826 sec (of CPU time)
Log-likelihood of RapidNJ tree: -17120.330
--------------------------------------------------------------------
|             INITIALIZING CANDIDATE TREE SET                      |
--------------------------------------------------------------------
Generating 98 parsimony trees... 0.284 second
Computing log-likelihood of 98 initial trees ... 0.416 seconds
Current best score: -17062.816

Do NNI search on 20 best initial trees
Estimate model parameters (epsilon = 0.100)
BETTER TREE FOUND at iteration 1: -17054.278
Estimate model parameters (epsilon = 0.100)
BETTER TREE FOUND at iteration 2: -17052.898
Estimate model parameters (epsilon = 0.100)
BETTER TREE FOUND at iteration 3: -17051.075
Iteration 10 / LogL: -17055.459 / Time: 0h:0m:1s
Estimate model parameters (epsilon = 0.100)
BETTER TREE FOUND at iteration 17: -17048.052
Iteration 20 / LogL: -17062.581 / Time: 0h:0m:2s
Finish initializing candidate tree set (10)
Current best tree score: -17048.052 / CPU time: 2.001
Number of iterations: 20
--------------------------------------------------------------------
|               OPTIMIZING CANDIDATE TREE SET                      |
--------------------------------------------------------------------
Estimate model parameters (epsilon = 0.100)
BETTER TREE FOUND at iteration 21: -17043.692
Iteration 30 / LogL: -17051.282 / Time: 0h:0m:3s (0h:0m:9s left)
Iteration 40 / LogL: -17044.203 / Time: 0h:0m:3s (0h:0m:7s left)
Iteration 50 / LogL: -17043.759 / Time: 0h:0m:4s (0h:0m:6s left)
Iteration 60 / LogL: -17044.024 / Time: 0h:0m:5s (0h:0m:5s left)
Iteration 70 / LogL: -17043.702 / Time: 0h:0m:5s (0h:0m:4s left)
Iteration 80 / LogL: -17043.700 / Time: 0h:0m:6s (0h:0m:3s left)
Iteration 90 / LogL: -17048.062 / Time: 0h:0m:7s (0h:0m:2s left)
Iteration 100 / LogL: -17044.237 / Time: 0h:0m:7s (0h:0m:1s left)
Iteration 110 / LogL: -17046.340 / Time: 0h:0m:8s (0h:0m:0s left)
Iteration 120 / LogL: -17043.698 / Time: 0h:0m:9s (0h:0m:0s left)
TREE SEARCH COMPLETED AFTER 122 ITERATIONS / Time: 0h:0m:9s

--------------------------------------------------------------------
|                    FINALIZING TREE SEARCH                        |
--------------------------------------------------------------------
Performs final model parameters optimization
Estimate model parameters (epsilon = 0.010)
1. Initial log-likelihood: -17043.692
Optimal log-likelihood: -17043.691
Rate parameters:  A-C: 2.03058  A-G: 7.92272  A-T: 0.44958  C-G: 2.17071  C-T: 12.08843  G-T: 1.00000
Base frequencies:  A: 0.315  C: 0.206  G: 0.243  T: 0.235
Gamma shape alpha: 0.213
Parameters optimization took 1 rounds (0.020 sec)
BEST SCORE FOUND : -17043.691
Total tree length: 2.249

Total number of iterations: 122
CPU time used for tree search: 9.126 sec (0h:0m:9s)
Wall-clock time used for tree search: 8.992 sec (0h:0m:8s)
Total CPU time used: 9.405 sec (0h:0m:9s)
Total wall-clock time used: 9.255 sec (0h:0m:9s)

Analysis results written to: 
  IQ-TREE report:                /workspace/IQTree_TarvD7_Results/ENSG00000055130.nuc.ord.iqtree
  Maximum-likelihood tree:       /workspace/IQTree_TarvD7_Results/ENSG00000055130.nuc.ord.treefile
  Likelihood distances:          /workspace/IQTree_TarvD7_Results/ENSG00000055130.nuc.ord.mldist
  Screen log file:               /workspace/IQTree_TarvD7_Results/ENSG00000055130.nuc.ord.log

Date and Time: Mon May 25 18:54:01 2026
