IQ-TREE version 3.1.2 for Linux x86 64-bit built May  7 2026
Developed by Bui Quang Minh, Thomas Wong, Nhan Ly-Trong, Huaiyan Ren
Contributed by Lam-Tung Nguyen, Dominik Schrempf, Chris Bielow,
Olga Chernomor, Michael Woodhams, Diep Thi Hoang, Heiko Schmidt

Host:    8084c4e79f09 (AVX512, FMA3, 1133 GB RAM)
Command: /workspace/iqtree-3.1.2-Linux/bin/iqtree3_intel -s /workspace/NeuralNJ/empirical/TarvD7/ENSG00000164047.nuc.ord.aln -st DNA -m GTR+G -seed 2201 -pre /workspace/IQTree_TarvD7_Results/ENSG00000164047.nuc.ord -quiet
Seed:    2201 (Using SPRNG - Scalable Parallel Random Number Generator)
Time:    Tue May 26 15:45:48 2026
Kernel:  AVX+FMA - 1 threads (384 CPU cores detected)

HINT: Use -nt option to specify number of threads because your CPU has 384 cores!
HINT: -nt AUTO will automatically determine the best number of threads to use.

Reading alignment file /workspace/NeuralNJ/empirical/TarvD7/ENSG00000164047.nuc.ord.aln ... Fasta format detected
Reading fasta file: done in 0.000215054 secs using 23.25% CPU
Alignment most likely contains DNA/RNA sequences
Constructing alignment: done in 0.000854015 secs using 0.4684% CPU
Alignment has 27 sequences with 708 columns, 529 distinct patterns
343 parsimony-informative, 130 singleton sites, 235 constant sites
                   Gap/Ambiguity  Composition  p-value
Analyzing sequences: done in 2.28882e-05 secs
   1  P002_Opossum        30.51%    failed      0.00%
   2  P005_Rock_hyrax     28.39%    passed     95.12%
   3  P006_Elephant       50.42%    passed     13.48%
   4  P007_Armadillo      28.81%    failed      0.27%
   5  P008_Sloth          29.24%    passed     68.31%
   6  P009_Hedgehog       46.61%    passed     32.92%
   7  P010_Common_shrew   57.20%    passed     14.75%
   8  P013_Pig            29.24%    passed     41.69%
   9  P016_Dog            27.12%    passed     74.83%
  10  P017_Cat            35.59%    passed     99.71%
  11  P018_Megabat        29.66%    passed     22.01%
  12  P020_Rabbit         28.39%    passed     46.45%
  13  P021_Pika           29.24%    passed     77.83%
  14  P022_Squirrel       28.39%    passed     97.21%
  15  P023_Guinea_pig     24.58%    passed     26.57%
  16  P024_Kangaroo_rat   47.88%    passed     65.64%
  17  P025_Mouse          22.03%    passed     47.70%
  18  P026_Rat            25.85%    passed     23.29%
  19  P027_Tree_shrew     38.14%    passed     14.47%
  20  P028_Bushbaby       28.39%    passed     71.74%
  21  P029_Mouse_lemur    37.71%    passed     46.04%
  22  P031_Marmoset       26.69%    passed     96.38%
  23  P032_Rhesus         26.69%    passed     90.91%
  24  P033_Orangutan      27.97%    passed     98.86%
  25  P034_Gorilla        30.08%    passed     93.52%
  26  P035_Chimp          27.97%    passed     93.18%
  27  P036_Human          27.97%    passed     92.85%
WARNING: 2 sequences contain more than 50% gaps/ambiguity
****  TOTAL               32.25%  2 sequences failed composition chi2 test (p-value<5%; df=3)
Checking for duplicate sequences: done in 7.48634e-05 secs

Create initial parsimony tree by phylogenetic likelihood library (PLL)... 0.001 seconds

NOTE: 1 MB RAM (0 GB) is required!
Estimate model parameters (epsilon = 0.100)
1. Initial log-likelihood: -8294.317
2. Current log-likelihood: -7863.603
3. Current log-likelihood: -7854.245
Optimal log-likelihood: -7854.181
Rate parameters:  A-C: 1.13202  A-G: 3.36424  A-T: 0.83888  C-G: 0.77046  C-T: 3.49082  G-T: 1.00000
Base frequencies:  A: 0.238  C: 0.263  G: 0.296  T: 0.203
Gamma shape alpha: 1.165
Parameters optimization took 3 rounds (0.084 sec)
Wrote distance file to... 
Computing ML distances based on estimated model parameters...
Calculating distance matrix: done in 0.00130415 secs using 99.99% CPU
Computing ML distances took 0.001364 sec (of wall-clock time) 0.001364 sec (of CPU time)
Setting up auxiliary I and S matrices: done in 0.000115871 secs using 100.1% CPU
Constructing RapidNJ tree: done in 0.000164986 secs using 286.7% CPU
Computing RapidNJ tree took 0.000357 sec (of wall-clock time) 0.000671 sec (of CPU time)
Log-likelihood of RapidNJ tree: -7878.657
--------------------------------------------------------------------
|             INITIALIZING CANDIDATE TREE SET                      |
--------------------------------------------------------------------
Generating 98 parsimony trees... 0.121 second
Computing log-likelihood of 98 initial trees ... 0.164 seconds
Current best score: -7854.181

Do NNI search on 20 best initial trees
Estimate model parameters (epsilon = 0.100)
BETTER TREE FOUND at iteration 1: -7851.326
Estimate model parameters (epsilon = 0.100)
BETTER TREE FOUND at iteration 2: -7840.785
Estimate model parameters (epsilon = 0.100)
BETTER TREE FOUND at iteration 3: -7839.028
Estimate model parameters (epsilon = 0.100)
BETTER TREE FOUND at iteration 4: -7838.551
UPDATE BEST LOG-LIKELIHOOD: -7838.551
Iteration 10 / LogL: -7843.720 / Time: 0h:0m:0s
Estimate model parameters (epsilon = 0.100)
BETTER TREE FOUND at iteration 12: -7836.684
Iteration 20 / LogL: -7842.016 / Time: 0h:0m:1s
Finish initializing candidate tree set (16)
Current best tree score: -7836.684 / CPU time: 0.897
Number of iterations: 20
--------------------------------------------------------------------
|               OPTIMIZING CANDIDATE TREE SET                      |
--------------------------------------------------------------------
Iteration 30 / LogL: -7836.758 / Time: 0h:0m:1s (0h:0m:3s left)
Iteration 40 / LogL: -7841.674 / Time: 0h:0m:1s (0h:0m:2s left)
Iteration 50 / LogL: -7840.275 / Time: 0h:0m:1s (0h:0m:2s left)
Iteration 60 / LogL: -7836.758 / Time: 0h:0m:2s (0h:0m:1s left)
Iteration 70 / LogL: -7836.684 / Time: 0h:0m:2s (0h:0m:1s left)
Iteration 80 / LogL: -7836.758 / Time: 0h:0m:2s (0h:0m:1s left)
Iteration 90 / LogL: -7838.249 / Time: 0h:0m:3s (0h:0m:0s left)
Iteration 100 / LogL: -7836.693 / Time: 0h:0m:3s (0h:0m:0s left)
Iteration 110 / LogL: -7838.222 / Time: 0h:0m:3s (0h:0m:0s left)
TREE SEARCH COMPLETED AFTER 113 ITERATIONS / Time: 0h:0m:3s

--------------------------------------------------------------------
|                    FINALIZING TREE SEARCH                        |
--------------------------------------------------------------------
Performs final model parameters optimization
Estimate model parameters (epsilon = 0.010)
1. Initial log-likelihood: -7836.684
Optimal log-likelihood: -7836.681
Rate parameters:  A-C: 1.17562  A-G: 3.43457  A-T: 0.88594  C-G: 0.79014  C-T: 3.72709  G-T: 1.00000
Base frequencies:  A: 0.238  C: 0.263  G: 0.296  T: 0.203
Gamma shape alpha: 1.136
Parameters optimization took 1 rounds (0.009 sec)
BEST SCORE FOUND : -7836.681
Total tree length: 6.017

Total number of iterations: 113
CPU time used for tree search: 3.943 sec (0h:0m:3s)
Wall-clock time used for tree search: 3.770 sec (0h:0m:3s)
Total CPU time used: 4.064 sec (0h:0m:4s)
Total wall-clock time used: 3.883 sec (0h:0m:3s)

Analysis results written to: 
  IQ-TREE report:                /workspace/IQTree_TarvD7_Results/ENSG00000164047.nuc.ord.iqtree
  Maximum-likelihood tree:       /workspace/IQTree_TarvD7_Results/ENSG00000164047.nuc.ord.treefile
  Likelihood distances:          /workspace/IQTree_TarvD7_Results/ENSG00000164047.nuc.ord.mldist
  Screen log file:               /workspace/IQTree_TarvD7_Results/ENSG00000164047.nuc.ord.log

Date and Time: Tue May 26 15:45:52 2026
