IQ-TREE version 3.1.2 for Linux x86 64-bit built May  7 2026
Developed by Bui Quang Minh, Thomas Wong, Nhan Ly-Trong, Huaiyan Ren
Contributed by Lam-Tung Nguyen, Dominik Schrempf, Chris Bielow,
Olga Chernomor, Michael Woodhams, Diep Thi Hoang, Heiko Schmidt

Host:    8084c4e79f09 (AVX512, FMA3, 1133 GB RAM)
Command: /workspace/iqtree-3.1.2-Linux/bin/iqtree3_intel -s /workspace/NeuralNJ/empirical/TarvD7/ENSG00000157538.nuc.ord.aln -st DNA -m GTR+G -seed 2201 -pre /workspace/IQTree_TarvD7_Results/ENSG00000157538.nuc.ord -quiet
Seed:    2201 (Using SPRNG - Scalable Parallel Random Number Generator)
Time:    Tue May 26 13:51:40 2026
Kernel:  AVX+FMA - 1 threads (384 CPU cores detected)

HINT: Use -nt option to specify number of threads because your CPU has 384 cores!
HINT: -nt AUTO will automatically determine the best number of threads to use.

Reading alignment file /workspace/NeuralNJ/empirical/TarvD7/ENSG00000157538.nuc.ord.aln ... Fasta format detected
Reading fasta file: done in 0.000463009 secs using 3.672% CPU
Alignment most likely contains DNA/RNA sequences
Constructing alignment: done in 0.00145006 secs
Alignment has 33 sequences with 942 columns, 498 distinct patterns
322 parsimony-informative, 104 singleton sites, 516 constant sites
                   Gap/Ambiguity  Composition  p-value
Analyzing sequences: done in 3.91006e-05 secs
   1  P001_Platypus        5.41%    failed      1.66%
   2  P002_Opossum         5.41%    passed     16.82%
   3  P003_Wallaby        18.47%    failed      0.00%
   4  P005_Rock_hyrax     14.01%    passed      6.44%
   5  P006_Elephant       14.01%    passed     26.00%
   6  P007_Armadillo      29.62%    passed     37.28%
   7  P008_Sloth          14.01%    passed     53.01%
   8  P009_Hedgehog        6.05%    failed      0.00%
   9  P011_Dolphin        21.34%    passed     85.32%
  10  P012_Cow             7.01%    passed      6.38%
  11  P013_Pig            36.62%    failed      4.24%
  12  P014_Alpaca         39.81%    passed     86.96%
  13  P015_Horse          11.46%    passed      6.20%
  14  P016_Dog             8.28%    passed     27.22%
  15  P017_Cat            21.97%    passed     82.84%
  16  P018_Megabat        14.01%    failed      2.38%
  17  P019_Microbat        5.41%    failed      0.96%
  18  P020_Rabbit         53.18%    failed      3.28%
  19  P022_Squirrel       14.97%    passed     82.31%
  20  P023_Guinea_pig      5.41%    failed      1.08%
  21  P024_Kangaroo_rat   46.18%    passed     75.15%
  22  P025_Mouse           5.41%    passed     92.40%
  23  P026_Rat            29.94%    passed     76.12%
  24  P027_Tree_shrew     16.56%    passed     63.02%
  25  P028_Bushbaby       20.38%    passed     33.13%
  26  P029_Mouse_lemur     5.41%    passed     75.52%
  27  P030_Tarsier        14.01%    passed      9.77%
  28  P031_Marmoset        5.41%    passed     78.54%
  29  P032_Rhesus         11.46%    passed     96.54%
  30  P033_Orangutan       5.41%    passed     86.88%
  31  P034_Gorilla        30.89%    passed     44.26%
  32  P035_Chimp           5.41%    passed     86.07%
  33  P036_Human           5.41%    passed     83.21%
WARNING: 1 sequences contain more than 50% gaps/ambiguity
****  TOTAL               16.62%  8 sequences failed composition chi2 test (p-value<5%; df=3)
Checking for duplicate sequences: done in 0.000109911 secs

Create initial parsimony tree by phylogenetic likelihood library (PLL)... 0.002 seconds

NOTE: 2 MB RAM (0 GB) is required!
Estimate model parameters (epsilon = 0.100)
1. Initial log-likelihood: -8908.986
2. Current log-likelihood: -8212.100
3. Current log-likelihood: -8204.062
Optimal log-likelihood: -8203.965
Rate parameters:  A-C: 1.06815  A-G: 4.06859  A-T: 0.31147  C-G: 1.67253  C-T: 5.84638  G-T: 1.00000
Base frequencies:  A: 0.254  C: 0.260  G: 0.259  T: 0.226
Gamma shape alpha: 0.289
Parameters optimization took 3 rounds (0.077 sec)
Wrote distance file to... 
Computing ML distances based on estimated model parameters...
Calculating distance matrix: done in 0.00244308 secs using 100% CPU
Computing ML distances took 0.002508 sec (of wall-clock time) 0.002508 sec (of CPU time)
Setting up auxiliary I and S matrices: done in 0.000140905 secs using 78.07% CPU
Constructing RapidNJ tree: done in 0.000226021 secs using 267.2% CPU
Computing RapidNJ tree took 0.000439 sec (of wall-clock time) 0.000778 sec (of CPU time)
Log-likelihood of RapidNJ tree: -8244.327
--------------------------------------------------------------------
|             INITIALIZING CANDIDATE TREE SET                      |
--------------------------------------------------------------------
Generating 98 parsimony trees... 0.139 second
Computing log-likelihood of 98 initial trees ... 0.188 seconds
Current best score: -8195.901

Do NNI search on 20 best initial trees
Estimate model parameters (epsilon = 0.100)
BETTER TREE FOUND at iteration 1: -8187.923
Estimate model parameters (epsilon = 0.100)
BETTER TREE FOUND at iteration 8: -8187.065
Estimate model parameters (epsilon = 0.100)
BETTER TREE FOUND at iteration 9: -8183.804
Iteration 10 / LogL: -8187.141 / Time: 0h:0m:0s
Iteration 20 / LogL: -8194.803 / Time: 0h:0m:0s
Finish initializing candidate tree set (11)
Current best tree score: -8183.804 / CPU time: 0.823
Number of iterations: 20
--------------------------------------------------------------------
|               OPTIMIZING CANDIDATE TREE SET                      |
--------------------------------------------------------------------
Estimate model parameters (epsilon = 0.100)
BETTER TREE FOUND at iteration 22: -8182.959
UPDATE BEST LOG-LIKELIHOOD: -8182.959
Iteration 30 / LogL: -8182.959 / Time: 0h:0m:1s (0h:0m:4s left)
Estimate model parameters (epsilon = 0.100)
BETTER TREE FOUND at iteration 37: -8182.446
Iteration 40 / LogL: -8184.133 / Time: 0h:0m:1s (0h:0m:4s left)
Iteration 50 / LogL: -8183.057 / Time: 0h:0m:1s (0h:0m:3s left)
Iteration 60 / LogL: -8183.915 / Time: 0h:0m:2s (0h:0m:3s left)
UPDATE BEST LOG-LIKELIHOOD: -8182.446
Iteration 70 / LogL: -8182.456 / Time: 0h:0m:2s (0h:0m:2s left)
Iteration 80 / LogL: -8182.453 / Time: 0h:0m:3s (0h:0m:2s left)
UPDATE BEST LOG-LIKELIHOOD: -8182.446
Iteration 90 / LogL: -8182.446 / Time: 0h:0m:3s (0h:0m:1s left)
Iteration 100 / LogL: -8183.593 / Time: 0h:0m:3s (0h:0m:1s left)
Iteration 110 / LogL: -8182.450 / Time: 0h:0m:4s (0h:0m:1s left)
Iteration 120 / LogL: -8190.705 / Time: 0h:0m:4s (0h:0m:0s left)
Iteration 130 / LogL: -8182.448 / Time: 0h:0m:4s (0h:0m:0s left)
TREE SEARCH COMPLETED AFTER 138 ITERATIONS / Time: 0h:0m:5s

--------------------------------------------------------------------
|                    FINALIZING TREE SEARCH                        |
--------------------------------------------------------------------
Performs final model parameters optimization
Estimate model parameters (epsilon = 0.010)
1. Initial log-likelihood: -8182.446
Optimal log-likelihood: -8182.446
Rate parameters:  A-C: 1.12191  A-G: 4.23952  A-T: 0.33320  C-G: 1.69928  C-T: 6.11486  G-T: 1.00000
Base frequencies:  A: 0.254  C: 0.260  G: 0.259  T: 0.226
Gamma shape alpha: 0.289
Parameters optimization took 1 rounds (0.008 sec)
BEST SCORE FOUND : -8182.446
Total tree length: 2.815

Total number of iterations: 138
CPU time used for tree search: 5.146 sec (0h:0m:5s)
Wall-clock time used for tree search: 4.981 sec (0h:0m:4s)
Total CPU time used: 5.262 sec (0h:0m:5s)
Total wall-clock time used: 5.090 sec (0h:0m:5s)

Analysis results written to: 
  IQ-TREE report:                /workspace/IQTree_TarvD7_Results/ENSG00000157538.nuc.ord.iqtree
  Maximum-likelihood tree:       /workspace/IQTree_TarvD7_Results/ENSG00000157538.nuc.ord.treefile
  Likelihood distances:          /workspace/IQTree_TarvD7_Results/ENSG00000157538.nuc.ord.mldist
  Screen log file:               /workspace/IQTree_TarvD7_Results/ENSG00000157538.nuc.ord.log

Date and Time: Tue May 26 13:51:45 2026
