IQ-TREE version 3.1.2 for Linux x86 64-bit built May  7 2026
Developed by Bui Quang Minh, Thomas Wong, Nhan Ly-Trong, Huaiyan Ren
Contributed by Lam-Tung Nguyen, Dominik Schrempf, Chris Bielow,
Olga Chernomor, Michael Woodhams, Diep Thi Hoang, Heiko Schmidt

Host:    8084c4e79f09 (AVX512, FMA3, 1133 GB RAM)
Command: /workspace/iqtree-3.1.2-Linux/bin/iqtree3_intel -s /workspace/NeuralNJ/empirical/TarvD7/ENSG00000011258.nuc.ord.aln -st DNA -m GTR+G -seed 2201 -pre /workspace/IQTree_TarvD7_Results/ENSG00000011258.nuc.ord -quiet
Seed:    2201 (Using SPRNG - Scalable Parallel Random Number Generator)
Time:    Mon May 25 17:42:10 2026
Kernel:  AVX+FMA - 1 threads (384 CPU cores detected)

HINT: Use -nt option to specify number of threads because your CPU has 384 cores!
HINT: -nt AUTO will automatically determine the best number of threads to use.

Reading alignment file /workspace/NeuralNJ/empirical/TarvD7/ENSG00000011258.nuc.ord.aln ... Fasta format detected
Reading fasta file: done in 0.00063014 secs using 87.92% CPU
Alignment most likely contains DNA/RNA sequences
Constructing alignment: done in 0.00246716 secs using 99.99% CPU
Alignment has 32 sequences with 2136 columns, 827 distinct patterns
370 parsimony-informative, 294 singleton sites, 1472 constant sites
                   Gap/Ambiguity  Composition  p-value
Analyzing sequences: done in 4.1008e-05 secs using 99.98% CPU
   1  P001_Platypus       39.19%    failed      0.00%
   2  P002_Opossum        12.22%    passed     99.90%
   3  P003_Wallaby        28.93%    passed     71.68%
   4  P004_Tenrec         53.09%    passed     83.73%
   5  P006_Elephant       41.71%    passed     20.35%
   6  P007_Armadillo      57.58%    passed     66.49%
   7  P008_Sloth          32.87%    passed     74.52%
   8  P009_Hedgehog       26.54%    passed     86.09%
   9  P010_Common_shrew   11.52%    passed     76.78%
  10  P011_Dolphin        11.38%    passed     96.28%
  11  P012_Cow            12.50%    passed     98.08%
  12  P013_Pig            49.44%    passed     83.95%
  13  P014_Alpaca         16.15%    passed     95.99%
  14  P015_Horse          15.45%    passed     98.50%
  15  P016_Dog            11.38%    passed     99.63%
  16  P017_Cat            45.79%    passed     82.73%
  17  P018_Megabat        11.24%    passed     75.67%
  18  P019_Microbat       24.72%    passed     63.78%
  19  P021_Pika           11.38%    passed     99.86%
  20  P022_Squirrel       42.98%    passed     44.99%
  21  P024_Kangaroo_rat   18.40%    passed     57.05%
  22  P025_Mouse          11.38%    passed     93.00%
  23  P027_Tree_shrew     47.33%    passed     91.38%
  24  P028_Bushbaby       29.49%    passed     43.50%
  25  P029_Mouse_lemur    19.38%    passed     85.92%
  26  P030_Tarsier        29.07%    passed     67.70%
  27  P031_Marmoset       12.22%    passed     93.04%
  28  P032_Rhesus         39.75%    passed     49.64%
  29  P033_Orangutan      71.21%    passed     94.48%
  30  P034_Gorilla        50.42%    passed     45.84%
  31  P035_Chimp          32.87%    passed     86.95%
  32  P036_Human          11.38%    passed     93.99%
WARNING: 4 sequences contain more than 50% gaps/ambiguity
****  TOTAL               29.03%  1 sequences failed composition chi2 test (p-value<5%; df=3)
Checking for duplicate sequences: done in 0.000102043 secs using 99.96% CPU

Create initial parsimony tree by phylogenetic likelihood library (PLL)... 0.001 seconds

NOTE: 3 MB RAM (0 GB) is required!
Estimate model parameters (epsilon = 0.100)
1. Initial log-likelihood: -10828.631
2. Current log-likelihood: -10035.890
3. Current log-likelihood: -10023.725
4. Current log-likelihood: -10023.521
Optimal log-likelihood: -10023.490
Rate parameters:  A-C: 1.85419  A-G: 5.23168  A-T: 0.90873  C-G: 1.04282  C-T: 9.07232  G-T: 1.00000
Base frequencies:  A: 0.309  C: 0.202  G: 0.230  T: 0.260
Gamma shape alpha: 0.260
Parameters optimization took 4 rounds (0.131 sec)
Wrote distance file to... 
Computing ML distances based on estimated model parameters...
Calculating distance matrix: done in 0.00303698 secs using 99.31% CPU
Computing ML distances took 0.003146 sec (of wall-clock time) 0.003115 sec (of CPU time)
Setting up auxiliary I and S matrices: done in 0.000161886 secs using 100.1% CPU
Constructing RapidNJ tree: done in 0.000283957 secs using 276.8% CPU
Computing RapidNJ tree took 0.000533 sec (of wall-clock time) 0.001056 sec (of CPU time)
Log-likelihood of RapidNJ tree: -10058.423
--------------------------------------------------------------------
|             INITIALIZING CANDIDATE TREE SET                      |
--------------------------------------------------------------------
Generating 98 parsimony trees... 0.179 second
Computing log-likelihood of 98 initial trees ... 0.318 seconds
Current best score: -10006.348

Do NNI search on 20 best initial trees
Estimate model parameters (epsilon = 0.100)
BETTER TREE FOUND at iteration 1: -9984.908
Iteration 10 / LogL: -9985.025 / Time: 0h:0m:1s
Estimate model parameters (epsilon = 0.100)
BETTER TREE FOUND at iteration 14: -9984.347
Estimate model parameters (epsilon = 0.100)
BETTER TREE FOUND at iteration 18: -9984.062
Iteration 20 / LogL: -9985.016 / Time: 0h:0m:1s
Finish initializing candidate tree set (5)
Current best tree score: -9984.062 / CPU time: 1.436
Number of iterations: 20
--------------------------------------------------------------------
|               OPTIMIZING CANDIDATE TREE SET                      |
--------------------------------------------------------------------
UPDATE BEST LOG-LIKELIHOOD: -9984.061
Iteration 30 / LogL: -9984.071 / Time: 0h:0m:2s (0h:0m:6s left)
UPDATE BEST LOG-LIKELIHOOD: -9984.061
UPDATE BEST LOG-LIKELIHOOD: -9984.060
Iteration 40 / LogL: -9984.086 / Time: 0h:0m:2s (0h:0m:5s left)
Iteration 50 / LogL: -9985.009 / Time: 0h:0m:3s (0h:0m:4s left)
Iteration 60 / LogL: -9984.065 / Time: 0h:0m:3s (0h:0m:3s left)
Iteration 70 / LogL: -9984.350 / Time: 0h:0m:4s (0h:0m:2s left)
Iteration 80 / LogL: -9984.064 / Time: 0h:0m:4s (0h:0m:2s left)
Iteration 90 / LogL: -9985.370 / Time: 0h:0m:5s (0h:0m:1s left)
Iteration 100 / LogL: -9993.273 / Time: 0h:0m:5s (0h:0m:1s left)
Iteration 110 / LogL: -9984.061 / Time: 0h:0m:6s (0h:0m:0s left)
TREE SEARCH COMPLETED AFTER 119 ITERATIONS / Time: 0h:0m:6s

--------------------------------------------------------------------
|                    FINALIZING TREE SEARCH                        |
--------------------------------------------------------------------
Performs final model parameters optimization
Estimate model parameters (epsilon = 0.010)
1. Initial log-likelihood: -9984.060
Optimal log-likelihood: -9984.060
Rate parameters:  A-C: 1.82544  A-G: 5.35381  A-T: 0.93104  C-G: 1.11284  C-T: 9.12095  G-T: 1.00000
Base frequencies:  A: 0.309  C: 0.202  G: 0.230  T: 0.260
Gamma shape alpha: 0.261
Parameters optimization took 1 rounds (0.012 sec)
BEST SCORE FOUND : -9984.060
Total tree length: 1.356

Total number of iterations: 119
CPU time used for tree search: 6.795 sec (0h:0m:6s)
Wall-clock time used for tree search: 6.644 sec (0h:0m:6s)
Total CPU time used: 6.984 sec (0h:0m:6s)
Total wall-clock time used: 6.816 sec (0h:0m:6s)

Analysis results written to: 
  IQ-TREE report:                /workspace/IQTree_TarvD7_Results/ENSG00000011258.nuc.ord.iqtree
  Maximum-likelihood tree:       /workspace/IQTree_TarvD7_Results/ENSG00000011258.nuc.ord.treefile
  Likelihood distances:          /workspace/IQTree_TarvD7_Results/ENSG00000011258.nuc.ord.mldist
  Screen log file:               /workspace/IQTree_TarvD7_Results/ENSG00000011258.nuc.ord.log

Date and Time: Mon May 25 17:42:17 2026
