IQ-TREE version 3.1.2 for Linux x86 64-bit built May  7 2026
Developed by Bui Quang Minh, Thomas Wong, Nhan Ly-Trong, Huaiyan Ren
Contributed by Lam-Tung Nguyen, Dominik Schrempf, Chris Bielow,
Olga Chernomor, Michael Woodhams, Diep Thi Hoang, Heiko Schmidt

Host:    8084c4e79f09 (AVX512, FMA3, 1133 GB RAM)
Command: /workspace/iqtree-3.1.2-Linux/bin/iqtree3_intel -s /workspace/NeuralNJ/empirical/TarvD7/ENSG00000214338.nuc.ord.aln -st DNA -m GTR+G -seed 2201 -pre /workspace/IQTree_TarvD7_Results/ENSG00000214338.nuc.ord -quiet
Seed:    2201 (Using SPRNG - Scalable Parallel Random Number Generator)
Time:    Wed May 27 00:35:06 2026
Kernel:  AVX+FMA - 1 threads (384 CPU cores detected)

HINT: Use -nt option to specify number of threads because your CPU has 384 cores!
HINT: -nt AUTO will automatically determine the best number of threads to use.

Reading alignment file /workspace/NeuralNJ/empirical/TarvD7/ENSG00000214338.nuc.ord.aln ... Fasta format detected
Reading fasta file: done in 0.00186706 secs using 57.63% CPU
Alignment most likely contains DNA/RNA sequences
Constructing alignment: done in 0.00461292 secs using 100% CPU
Alignment has 33 sequences with 3324 columns, 1695 distinct patterns
935 parsimony-informative, 545 singleton sites, 1844 constant sites
                   Gap/Ambiguity  Composition  p-value
Analyzing sequences: done in 0.000101089 secs using 98.92% CPU
   1  P001_Platypus       30.23%    passed     20.46%
   2  P002_Opossum        13.90%    failed      0.00%
   3  P003_Wallaby        36.73%    failed      0.00%
   4  P004_Tenrec         57.31%    failed      0.00%
   5  P005_Rock_hyrax     14.35%    passed     93.04%
   6  P006_Elephant       13.90%    passed     59.02%
   7  P007_Armadillo      33.94%    passed     17.15%
   8  P008_Sloth          25.18%    passed     97.23%
   9  P009_Hedgehog       29.69%    failed      0.07%
  10  P010_Common_shrew   34.66%    passed     54.80%
  11  P011_Dolphin        33.21%    passed      7.16%
  12  P012_Cow            14.26%    passed     55.29%
  13  P013_Pig            23.56%    passed     13.83%
  14  P014_Alpaca         40.70%    failed      0.83%
  15  P015_Horse          40.70%    passed     27.01%
  16  P016_Dog            14.62%    failed      0.00%
  17  P017_Cat            28.52%    passed     25.32%
  18  P018_Megabat        14.53%    passed     98.56%
  19  P020_Rabbit         69.49%    passed     41.09%
  20  P021_Pika           47.92%    failed      0.68%
  21  P022_Squirrel       28.52%    passed     26.09%
  22  P023_Guinea_pig     39.17%    passed     39.76%
  23  P025_Mouse          14.71%    passed     40.65%
  24  P026_Rat            14.80%    passed     76.14%
  25  P027_Tree_shrew     42.42%    failed      1.70%
  26  P028_Bushbaby       51.53%    passed     12.80%
  27  P029_Mouse_lemur    23.19%    passed     96.43%
  28  P031_Marmoset       14.53%    passed     86.48%
  29  P032_Rhesus         14.53%    passed     94.73%
  30  P033_Orangutan      14.53%    passed     58.36%
  31  P034_Gorilla        29.06%    passed     10.14%
  32  P035_Chimp          14.53%    passed     75.73%
  33  P036_Human          14.53%    passed     66.21%
WARNING: 3 sequences contain more than 50% gaps/ambiguity
****  TOTAL               28.29%  8 sequences failed composition chi2 test (p-value<5%; df=3)
Checking for duplicate sequences: done in 0.000148058 secs using 99.96% CPU

Create initial parsimony tree by phylogenetic likelihood library (PLL)... 0.003 seconds

NOTE: 7 MB RAM (0 GB) is required!
Estimate model parameters (epsilon = 0.100)
1. Initial log-likelihood: -24426.785
2. Current log-likelihood: -23039.603
3. Current log-likelihood: -23015.611
4. Current log-likelihood: -23015.380
Optimal log-likelihood: -23015.369
Rate parameters:  A-C: 0.86422  A-G: 2.28671  A-T: 0.87090  C-G: 0.87654  C-T: 4.60632  G-T: 1.00000
Base frequencies:  A: 0.250  C: 0.286  G: 0.322  T: 0.142
Gamma shape alpha: 0.400
Parameters optimization took 4 rounds (0.260 sec)
Wrote distance file to... 
Computing ML distances based on estimated model parameters...
Calculating distance matrix: done in 0.003474 secs using 99.91% CPU
Computing ML distances took 0.003683 sec (of wall-clock time) 0.003668 sec (of CPU time)
Setting up auxiliary I and S matrices: done in 0.000174999 secs
Constructing RapidNJ tree: done in 0.00026989 secs
Computing RapidNJ tree took 0.000523 sec (of wall-clock time) 0.000171 sec (of CPU time)
Log-likelihood of RapidNJ tree: -23214.137
--------------------------------------------------------------------
|             INITIALIZING CANDIDATE TREE SET                      |
--------------------------------------------------------------------
Generating 98 parsimony trees... 0.357 second
Computing log-likelihood of 98 initial trees ... 0.607 seconds
Current best score: -23015.369

Do NNI search on 20 best initial trees
Estimate model parameters (epsilon = 0.100)
BETTER TREE FOUND at iteration 1: -23005.294
Iteration 10 / LogL: -23010.221 / Time: 0h:0m:2s
Iteration 20 / LogL: -23011.253 / Time: 0h:0m:2s
Finish initializing candidate tree set (14)
Current best tree score: -23005.294 / CPU time: 2.451
Number of iterations: 20
--------------------------------------------------------------------
|               OPTIMIZING CANDIDATE TREE SET                      |
--------------------------------------------------------------------
Iteration 30 / LogL: -23007.831 / Time: 0h:0m:3s (0h:0m:8s left)
Iteration 40 / LogL: -23006.714 / Time: 0h:0m:4s (0h:0m:7s left)
Iteration 50 / LogL: -23005.295 / Time: 0h:0m:5s (0h:0m:6s left)
Iteration 60 / LogL: -23006.570 / Time: 0h:0m:6s (0h:0m:4s left)
Iteration 70 / LogL: -23005.457 / Time: 0h:0m:7s (0h:0m:3s left)
Iteration 80 / LogL: -23009.017 / Time: 0h:0m:8s (0h:0m:2s left)
Iteration 90 / LogL: -23005.333 / Time: 0h:0m:9s (0h:0m:1s left)
Iteration 100 / LogL: -23005.331 / Time: 0h:0m:10s (0h:0m:0s left)
TREE SEARCH COMPLETED AFTER 102 ITERATIONS / Time: 0h:0m:11s

--------------------------------------------------------------------
|                    FINALIZING TREE SEARCH                        |
--------------------------------------------------------------------
Performs final model parameters optimization
Estimate model parameters (epsilon = 0.010)
1. Initial log-likelihood: -23005.294
Optimal log-likelihood: -23005.291
Rate parameters:  A-C: 0.86560  A-G: 2.28984  A-T: 0.86405  C-G: 0.87556  C-T: 4.60511  G-T: 1.00000
Base frequencies:  A: 0.250  C: 0.286  G: 0.322  T: 0.142
Gamma shape alpha: 0.401
Parameters optimization took 1 rounds (0.027 sec)
BEST SCORE FOUND : -23005.291
Total tree length: 2.555

Total number of iterations: 102
CPU time used for tree search: 10.833 sec (0h:0m:10s)
Wall-clock time used for tree search: 10.712 sec (0h:0m:10s)
Total CPU time used: 11.213 sec (0h:0m:11s)
Total wall-clock time used: 11.058 sec (0h:0m:11s)

Analysis results written to: 
  IQ-TREE report:                /workspace/IQTree_TarvD7_Results/ENSG00000214338.nuc.ord.iqtree
  Maximum-likelihood tree:       /workspace/IQTree_TarvD7_Results/ENSG00000214338.nuc.ord.treefile
  Likelihood distances:          /workspace/IQTree_TarvD7_Results/ENSG00000214338.nuc.ord.mldist
  Screen log file:               /workspace/IQTree_TarvD7_Results/ENSG00000214338.nuc.ord.log

Date and Time: Wed May 27 00:35:17 2026
