IQ-TREE version 3.1.2 for Linux x86 64-bit built May  7 2026
Developed by Bui Quang Minh, Thomas Wong, Nhan Ly-Trong, Huaiyan Ren
Contributed by Lam-Tung Nguyen, Dominik Schrempf, Chris Bielow,
Olga Chernomor, Michael Woodhams, Diep Thi Hoang, Heiko Schmidt

Host:    8084c4e79f09 (AVX512, FMA3, 1133 GB RAM)
Command: /workspace/iqtree-3.1.2-Linux/bin/iqtree3_intel -s /workspace/NeuralNJ/empirical/TarvD7/ENSG00000165264.nuc.ord.aln -st DNA -m GTR+G -seed 2201 -pre /workspace/IQTree_TarvD7_Results/ENSG00000165264.nuc.ord -quiet
Seed:    2201 (Using SPRNG - Scalable Parallel Random Number Generator)
Time:    Tue May 26 16:28:11 2026
Kernel:  AVX+FMA - 1 threads (384 CPU cores detected)

HINT: Use -nt option to specify number of threads because your CPU has 384 cores!
HINT: -nt AUTO will automatically determine the best number of threads to use.

Reading alignment file /workspace/NeuralNJ/empirical/TarvD7/ENSG00000165264.nuc.ord.aln ... Fasta format detected
Reading fasta file: done in 0.000128031 secs using 14.84% CPU
Alignment most likely contains DNA/RNA sequences
Constructing alignment: done in 0.000503063 secs using 99.99% CPU
Alignment has 28 sequences with 399 columns, 267 distinct patterns
157 parsimony-informative, 77 singleton sites, 165 constant sites
                   Gap/Ambiguity  Composition  p-value
Analyzing sequences: done in 1.40667e-05 secs using 92.42% CPU
   1  P002_Opossum         5.26%    passed     85.41%
   2  P004_Tenrec          3.76%    passed     46.59%
   3  P005_Rock_hyrax     20.30%    passed     64.40%
   4  P006_Elephant       29.32%    passed     20.84%
   5  P007_Armadillo      15.04%    passed     97.68%
   6  P009_Hedgehog        3.76%    passed     91.71%
   7  P010_Common_shrew    3.76%    passed     54.63%
   8  P011_Dolphin         3.76%    passed     99.20%
   9  P012_Cow             3.76%    passed     82.44%
  10  P013_Pig             3.76%    passed     88.23%
  11  P014_Alpaca         15.04%    passed     83.16%
  12  P017_Cat            15.04%    passed     98.99%
  13  P018_Megabat         4.51%    passed     70.87%
  14  P020_Rabbit         15.04%    passed     75.70%
  15  P021_Pika           20.30%    passed     76.92%
  16  P022_Squirrel       48.87%    failed      1.19%
  17  P023_Guinea_pig      3.76%    passed     99.19%
  18  P024_Kangaroo_rat   23.31%    passed     18.04%
  19  P025_Mouse           3.76%    passed     24.97%
  20  P027_Tree_shrew      3.76%    passed     80.22%
  21  P028_Bushbaby       15.79%    passed     95.51%
  22  P029_Mouse_lemur    20.30%    passed     70.47%
  23  P030_Tarsier         3.76%    passed     84.99%
  24  P032_Rhesus          3.76%    passed     79.91%
  25  P033_Orangutan       3.76%    passed     64.58%
  26  P034_Gorilla        30.83%    passed     77.94%
  27  P035_Chimp           3.76%    passed     52.07%
  28  P036_Human           3.76%    passed     50.97%
****  TOTAL               11.84%  1 sequences failed composition chi2 test (p-value<5%; df=3)
Checking for duplicate sequences: done in 6.7234e-05 secs using 99.65% CPU

Create initial parsimony tree by phylogenetic likelihood library (PLL)... 0.001 seconds

NOTE: 0 MB RAM (0 GB) is required!
Estimate model parameters (epsilon = 0.100)
1. Initial log-likelihood: -3912.206
2. Current log-likelihood: -3742.344
3. Current log-likelihood: -3739.588
Optimal log-likelihood: -3739.549
Rate parameters:  A-C: 1.65558  A-G: 5.74756  A-T: 0.92211  C-G: 2.06346  C-T: 4.37207  G-T: 1.00000
Base frequencies:  A: 0.280  C: 0.218  G: 0.258  T: 0.243
Gamma shape alpha: 0.568
Parameters optimization took 3 rounds (0.069 sec)
Wrote distance file to... 
Computing ML distances based on estimated model parameters...
Calculating distance matrix: done in 0.00243282 secs using 99.97% CPU
Computing ML distances took 0.002497 sec (of wall-clock time) 0.002498 sec (of CPU time)
Setting up auxiliary I and S matrices: done in 0.000159979 secs using 100.6% CPU
Constructing RapidNJ tree: done in 0.000257969 secs using 290.3% CPU
Computing RapidNJ tree took 0.000516 sec (of wall-clock time) 0.001028 sec (of CPU time)
Log-likelihood of RapidNJ tree: -3745.005
--------------------------------------------------------------------
|             INITIALIZING CANDIDATE TREE SET                      |
--------------------------------------------------------------------
Generating 98 parsimony trees... 0.077 second
Computing log-likelihood of 98 initial trees ... 0.096 seconds
Current best score: -3735.471

Do NNI search on 20 best initial trees
Estimate model parameters (epsilon = 0.100)
BETTER TREE FOUND at iteration 1: -3727.910
Estimate model parameters (epsilon = 0.100)
BETTER TREE FOUND at iteration 4: -3726.369
Estimate model parameters (epsilon = 0.100)
BETTER TREE FOUND at iteration 6: -3725.580
Iteration 10 / LogL: -3729.661 / Time: 0h:0m:0s
Estimate model parameters (epsilon = 0.100)
BETTER TREE FOUND at iteration 11: -3723.229
Iteration 20 / LogL: -3733.234 / Time: 0h:0m:0s
Finish initializing candidate tree set (19)
Current best tree score: -3723.229 / CPU time: 0.534
Number of iterations: 20
--------------------------------------------------------------------
|               OPTIMIZING CANDIDATE TREE SET                      |
--------------------------------------------------------------------
Iteration 30 / LogL: -3725.634 / Time: 0h:0m:0s (0h:0m:2s left)
Iteration 40 / LogL: -3725.622 / Time: 0h:0m:0s (0h:0m:1s left)
Iteration 50 / LogL: -3724.349 / Time: 0h:0m:1s (0h:0m:1s left)
Iteration 60 / LogL: -3724.400 / Time: 0h:0m:1s (0h:0m:1s left)
Iteration 70 / LogL: -3723.265 / Time: 0h:0m:1s (0h:0m:0s left)
Iteration 80 / LogL: -3723.234 / Time: 0h:0m:1s (0h:0m:0s left)
Iteration 90 / LogL: -3724.415 / Time: 0h:0m:1s (0h:0m:0s left)
Iteration 100 / LogL: -3723.253 / Time: 0h:0m:1s (0h:0m:0s left)
Iteration 110 / LogL: -3723.271 / Time: 0h:0m:2s (0h:0m:0s left)
TREE SEARCH COMPLETED AFTER 112 ITERATIONS / Time: 0h:0m:2s

--------------------------------------------------------------------
|                    FINALIZING TREE SEARCH                        |
--------------------------------------------------------------------
Performs final model parameters optimization
Estimate model parameters (epsilon = 0.010)
1. Initial log-likelihood: -3723.229
Optimal log-likelihood: -3723.229
Rate parameters:  A-C: 1.84354  A-G: 6.29023  A-T: 0.93473  C-G: 2.07119  C-T: 4.55891  G-T: 1.00000
Base frequencies:  A: 0.280  C: 0.218  G: 0.258  T: 0.243
Gamma shape alpha: 0.565
Parameters optimization took 1 rounds (0.004 sec)
BEST SCORE FOUND : -3723.229
Total tree length: 2.797

Total number of iterations: 112
CPU time used for tree search: 2.255 sec (0h:0m:2s)
Wall-clock time used for tree search: 2.071 sec (0h:0m:2s)
Total CPU time used: 2.353 sec (0h:0m:2s)
Total wall-clock time used: 2.163 sec (0h:0m:2s)

Analysis results written to: 
  IQ-TREE report:                /workspace/IQTree_TarvD7_Results/ENSG00000165264.nuc.ord.iqtree
  Maximum-likelihood tree:       /workspace/IQTree_TarvD7_Results/ENSG00000165264.nuc.ord.treefile
  Likelihood distances:          /workspace/IQTree_TarvD7_Results/ENSG00000165264.nuc.ord.mldist
  Screen log file:               /workspace/IQTree_TarvD7_Results/ENSG00000165264.nuc.ord.log

Date and Time: Tue May 26 16:28:13 2026
