IQ-TREE version 3.1.2 for Linux x86 64-bit built May  7 2026
Developed by Bui Quang Minh, Thomas Wong, Nhan Ly-Trong, Huaiyan Ren
Contributed by Lam-Tung Nguyen, Dominik Schrempf, Chris Bielow,
Olga Chernomor, Michael Woodhams, Diep Thi Hoang, Heiko Schmidt

Host:    8084c4e79f09 (AVX512, FMA3, 1133 GB RAM)
Command: /workspace/iqtree-3.1.2-Linux/bin/iqtree3_intel -s /workspace/NeuralNJ/empirical/TarvD7/ENSG00000123106.nuc.ord.aln -st DNA -m GTR+G -seed 2201 -pre /workspace/IQTree_TarvD7_Results/ENSG00000123106.nuc.ord -quiet
Seed:    2201 (Using SPRNG - Scalable Parallel Random Number Generator)
Time:    Tue May 26 04:32:46 2026
Kernel:  AVX+FMA - 1 threads (384 CPU cores detected)

HINT: Use -nt option to specify number of threads because your CPU has 384 cores!
HINT: -nt AUTO will automatically determine the best number of threads to use.

Reading alignment file /workspace/NeuralNJ/empirical/TarvD7/ENSG00000123106.nuc.ord.aln ... Fasta format detected
Reading fasta file: done in 0.000435114 secs using 5.056% CPU
Alignment most likely contains DNA/RNA sequences
Constructing alignment: done in 0.00159907 secs using 86.61% CPU
Alignment has 33 sequences with 1347 columns, 903 distinct patterns
567 parsimony-informative, 244 singleton sites, 536 constant sites
                   Gap/Ambiguity  Composition  p-value
Analyzing sequences: done in 4.3869e-05 secs using 102.6% CPU
   1  P002_Opossum         2.67%    passed     83.76%
   2  P003_Wallaby        34.52%    passed     62.47%
   3  P004_Tenrec         26.50%    passed     35.94%
   4  P005_Rock_hyrax     18.04%    passed     20.72%
   5  P006_Elephant       13.59%    passed     15.71%
   6  P007_Armadillo      25.39%    passed     68.93%
   7  P008_Sloth          25.84%    passed     13.12%
   8  P009_Hedgehog        5.35%    passed     76.26%
   9  P010_Common_shrew   42.98%    failed      0.00%
  10  P011_Dolphin         1.56%    passed     52.18%
  11  P012_Cow            57.02%    failed      0.09%
  12  P013_Pig            50.33%    passed      5.86%
  13  P014_Alpaca          6.68%    passed     81.71%
  14  P015_Horse          37.86%    failed      0.28%
  15  P016_Dog             1.56%    passed     25.67%
  16  P018_Megabat         1.56%    passed     33.53%
  17  P019_Microbat       34.08%    passed      5.18%
  18  P020_Rabbit         21.60%    failed      1.33%
  19  P021_Pika           30.51%    failed      0.00%
  20  P022_Squirrel       14.48%    passed     13.81%
  21  P023_Guinea_pig      1.56%    passed     39.70%
  22  P024_Kangaroo_rat   10.91%    passed      7.82%
  23  P025_Mouse           1.56%    failed      0.00%
  24  P026_Rat            44.32%    failed      0.00%
  25  P027_Tree_shrew     25.17%    passed     61.72%
  26  P028_Bushbaby       15.37%    passed     33.06%
  27  P030_Tarsier         1.78%    passed     52.94%
  28  P031_Marmoset        2.00%    passed     21.18%
  29  P032_Rhesus          2.00%    passed     30.73%
  30  P033_Orangutan       1.78%    passed     32.53%
  31  P034_Gorilla        51.00%    passed     28.39%
  32  P035_Chimp           7.13%    passed     37.54%
  33  P036_Human           1.78%    passed     41.09%
WARNING: 3 sequences contain more than 50% gaps/ambiguity
****  TOTAL               18.74%  7 sequences failed composition chi2 test (p-value<5%; df=3)
Checking for duplicate sequences: done in 0.000108957 secs using 100% CPU

Create initial parsimony tree by phylogenetic likelihood library (PLL)... 0.002 seconds

NOTE: 3 MB RAM (0 GB) is required!
Estimate model parameters (epsilon = 0.100)
1. Initial log-likelihood: -12164.199
2. Current log-likelihood: -11448.503
3. Current log-likelihood: -11440.526
Optimal log-likelihood: -11440.419
Rate parameters:  A-C: 1.55745  A-G: 4.25310  A-T: 0.65577  C-G: 1.26467  C-T: 6.57470  G-T: 1.00000
Base frequencies:  A: 0.369  C: 0.176  G: 0.233  T: 0.222
Gamma shape alpha: 0.605
Parameters optimization took 3 rounds (0.137 sec)
Wrote distance file to... 
Computing ML distances based on estimated model parameters...
Calculating distance matrix: done in 0.00314212 secs using 100% CPU
Computing ML distances took 0.003267 sec (of wall-clock time) 0.003268 sec (of CPU time)
Setting up auxiliary I and S matrices: done in 0.000169039 secs using 99.98% CPU
Constructing RapidNJ tree: done in 0.000270844 secs using 272.9% CPU
Computing RapidNJ tree took 0.000520 sec (of wall-clock time) 0.001001 sec (of CPU time)
Log-likelihood of RapidNJ tree: -11570.989
--------------------------------------------------------------------
|             INITIALIZING CANDIDATE TREE SET                      |
--------------------------------------------------------------------
Generating 98 parsimony trees... 0.211 second
Computing log-likelihood of 98 initial trees ... 0.332 seconds
Current best score: -11440.419

Do NNI search on 20 best initial trees
Estimate model parameters (epsilon = 0.100)
BETTER TREE FOUND at iteration 1: -11427.351
Estimate model parameters (epsilon = 0.100)
BETTER TREE FOUND at iteration 2: -11413.824
Estimate model parameters (epsilon = 0.100)
BETTER TREE FOUND at iteration 6: -11412.918
Iteration 10 / LogL: -11414.050 / Time: 0h:0m:1s
Iteration 20 / LogL: -11414.052 / Time: 0h:0m:1s
Finish initializing candidate tree set (5)
Current best tree score: -11412.918 / CPU time: 1.654
Number of iterations: 20
--------------------------------------------------------------------
|               OPTIMIZING CANDIDATE TREE SET                      |
--------------------------------------------------------------------
Iteration 30 / LogL: -11414.557 / Time: 0h:0m:2s (0h:0m:6s left)
Iteration 40 / LogL: -11419.717 / Time: 0h:0m:2s (0h:0m:4s left)
Iteration 50 / LogL: -11412.951 / Time: 0h:0m:3s (0h:0m:3s left)
Iteration 60 / LogL: -11413.508 / Time: 0h:0m:4s (0h:0m:3s left)
Iteration 70 / LogL: -11435.785 / Time: 0h:0m:4s (0h:0m:2s left)
Iteration 80 / LogL: -11412.919 / Time: 0h:0m:5s (0h:0m:1s left)
Iteration 90 / LogL: -11412.920 / Time: 0h:0m:5s (0h:0m:1s left)
UPDATE BEST LOG-LIKELIHOOD: -11412.918
Iteration 100 / LogL: -11412.923 / Time: 0h:0m:6s (0h:0m:0s left)
TREE SEARCH COMPLETED AFTER 107 ITERATIONS / Time: 0h:0m:6s

--------------------------------------------------------------------
|                    FINALIZING TREE SEARCH                        |
--------------------------------------------------------------------
Performs final model parameters optimization
Estimate model parameters (epsilon = 0.010)
1. Initial log-likelihood: -11412.918
Optimal log-likelihood: -11412.917
Rate parameters:  A-C: 1.53402  A-G: 4.19966  A-T: 0.62877  C-G: 1.20922  C-T: 6.66536  G-T: 1.00000
Base frequencies:  A: 0.369  C: 0.176  G: 0.233  T: 0.222
Gamma shape alpha: 0.596
Parameters optimization took 1 rounds (0.015 sec)
BEST SCORE FOUND : -11412.917
Total tree length: 2.589

Total number of iterations: 107
CPU time used for tree search: 6.795 sec (0h:0m:6s)
Wall-clock time used for tree search: 6.630 sec (0h:0m:6s)
Total CPU time used: 6.991 sec (0h:0m:6s)
Total wall-clock time used: 6.810 sec (0h:0m:6s)

Analysis results written to: 
  IQ-TREE report:                /workspace/IQTree_TarvD7_Results/ENSG00000123106.nuc.ord.iqtree
  Maximum-likelihood tree:       /workspace/IQTree_TarvD7_Results/ENSG00000123106.nuc.ord.treefile
  Likelihood distances:          /workspace/IQTree_TarvD7_Results/ENSG00000123106.nuc.ord.mldist
  Screen log file:               /workspace/IQTree_TarvD7_Results/ENSG00000123106.nuc.ord.log

Date and Time: Tue May 26 04:32:53 2026
