IQ-TREE version 3.1.2 for Linux x86 64-bit built May  7 2026
Developed by Bui Quang Minh, Thomas Wong, Nhan Ly-Trong, Huaiyan Ren
Contributed by Lam-Tung Nguyen, Dominik Schrempf, Chris Bielow,
Olga Chernomor, Michael Woodhams, Diep Thi Hoang, Heiko Schmidt

Host:    8084c4e79f09 (AVX512, FMA3, 1133 GB RAM)
Command: /workspace/iqtree-3.1.2-Linux/bin/iqtree3_intel -s /workspace/NeuralNJ/empirical/TarvD7/ENSG00000101938.nuc.ord.aln -st DNA -m GTR+G -seed 2201 -pre /workspace/IQTree_TarvD7_Results/ENSG00000101938.nuc.ord -quiet
Seed:    2201 (Using SPRNG - Scalable Parallel Random Number Generator)
Time:    Mon May 25 23:00:22 2026
Kernel:  AVX+FMA - 1 threads (384 CPU cores detected)

HINT: Use -nt option to specify number of threads because your CPU has 384 cores!
HINT: -nt AUTO will automatically determine the best number of threads to use.

Reading alignment file /workspace/NeuralNJ/empirical/TarvD7/ENSG00000101938.nuc.ord.aln ... Fasta format detected
Reading fasta file: done in 0.000540972 secs using 33.64% CPU
Alignment most likely contains DNA/RNA sequences
Constructing alignment: done in 0.00197387 secs using 50.16% CPU
Alignment has 33 sequences with 1713 columns, 745 distinct patterns
381 parsimony-informative, 277 singleton sites, 1055 constant sites
                   Gap/Ambiguity  Composition  p-value
Analyzing sequences: done in 3.79086e-05 secs using 100.2% CPU
   1  P001_Platypus       18.91%    failed      0.01%
   2  P004_Tenrec         26.80%    passed     98.16%
   3  P005_Rock_hyrax     29.42%    passed     93.69%
   4  P006_Elephant       37.48%    passed     91.43%
   5  P007_Armadillo      50.44%    passed     44.26%
   6  P008_Sloth          49.04%    passed     40.81%
   7  P009_Hedgehog       40.98%    passed     17.97%
   8  P010_Common_shrew   48.16%    failed      1.27%
   9  P011_Dolphin        19.96%    passed     27.51%
  10  P012_Cow            20.67%    passed     40.52%
  11  P013_Pig            32.22%    passed     58.57%
  12  P015_Horse          21.37%    passed     88.85%
  13  P016_Dog             8.76%    passed     19.45%
  14  P017_Cat            23.12%    passed     40.19%
  15  P018_Megabat        19.96%    passed     89.20%
  16  P019_Microbat       34.15%    passed     90.49%
  17  P020_Rabbit         53.42%    passed     20.22%
  18  P021_Pika           36.95%    passed     82.96%
  19  P022_Squirrel       37.30%    passed     93.89%
  20  P023_Guinea_pig     19.61%    passed     33.72%
  21  P024_Kangaroo_rat   25.39%    passed     75.63%
  22  P025_Mouse          21.72%    passed     66.50%
  23  P026_Rat             8.76%    passed     35.27%
  24  P027_Tree_shrew     33.10%    passed     90.26%
  25  P028_Bushbaby       23.64%    passed     89.06%
  26  P029_Mouse_lemur    42.21%    passed     94.62%
  27  P030_Tarsier        32.57%    passed     93.13%
  28  P031_Marmoset       19.79%    passed     88.61%
  29  P032_Rhesus         19.79%    passed     91.86%
  30  P033_Orangutan      20.14%    passed     98.27%
  31  P034_Gorilla        40.46%    passed     91.03%
  32  P035_Chimp          33.10%    passed     99.55%
  33  P036_Human          19.79%    passed     87.75%
WARNING: 2 sequences contain more than 50% gaps/ambiguity
****  TOTAL               29.37%  2 sequences failed composition chi2 test (p-value<5%; df=3)
Checking for duplicate sequences: done in 0.000100851 secs using 100.1% CPU

Create initial parsimony tree by phylogenetic likelihood library (PLL)... 0.002 seconds

NOTE: 3 MB RAM (0 GB) is required!
Estimate model parameters (epsilon = 0.100)
1. Initial log-likelihood: -10819.346
2. Current log-likelihood: -10036.613
3. Current log-likelihood: -10028.972
Optimal log-likelihood: -10028.937
Rate parameters:  A-C: 2.11609  A-G: 7.98026  A-T: 1.46565  C-G: 1.32815  C-T: 10.08290  G-T: 1.00000
Base frequencies:  A: 0.278  C: 0.234  G: 0.250  T: 0.238
Gamma shape alpha: 0.379
Parameters optimization took 3 rounds (0.107 sec)
Wrote distance file to... 
Computing ML distances based on estimated model parameters...
Calculating distance matrix: done in 0.00238085 secs using 100% CPU
Computing ML distances took 0.002502 sec (of wall-clock time) 0.002502 sec (of CPU time)
Setting up auxiliary I and S matrices: done in 0.000169992 secs using 85.89% CPU
Constructing RapidNJ tree: done in 0.000277042 secs using 246.5% CPU
Computing RapidNJ tree took 0.000532 sec (of wall-clock time) 0.000913 sec (of CPU time)
Log-likelihood of RapidNJ tree: -10128.423
--------------------------------------------------------------------
|             INITIALIZING CANDIDATE TREE SET                      |
--------------------------------------------------------------------
Generating 98 parsimony trees... 0.173 second
Computing log-likelihood of 98 initial trees ... 0.271 seconds
Current best score: -10028.937

Do NNI search on 20 best initial trees
Estimate model parameters (epsilon = 0.100)
BETTER TREE FOUND at iteration 1: -10020.648
Estimate model parameters (epsilon = 0.100)
BETTER TREE FOUND at iteration 2: -10017.568
Estimate model parameters (epsilon = 0.100)
BETTER TREE FOUND at iteration 9: -10016.487
Iteration 10 / LogL: -10017.810 / Time: 0h:0m:0s
Estimate model parameters (epsilon = 0.100)
BETTER TREE FOUND at iteration 13: -10012.861
Iteration 20 / LogL: -10016.028 / Time: 0h:0m:1s
Finish initializing candidate tree set (9)
Current best tree score: -10012.861 / CPU time: 1.053
Number of iterations: 20
--------------------------------------------------------------------
|               OPTIMIZING CANDIDATE TREE SET                      |
--------------------------------------------------------------------
Iteration 30 / LogL: -10012.880 / Time: 0h:0m:1s (0h:0m:4s left)
Iteration 40 / LogL: -10018.225 / Time: 0h:0m:1s (0h:0m:3s left)
Iteration 50 / LogL: -10015.882 / Time: 0h:0m:2s (0h:0m:3s left)
Iteration 60 / LogL: -10012.877 / Time: 0h:0m:2s (0h:0m:2s left)
Estimate model parameters (epsilon = 0.100)
BETTER TREE FOUND at iteration 61: -10012.445
Iteration 70 / LogL: -10013.219 / Time: 0h:0m:3s (0h:0m:4s left)
Estimate model parameters (epsilon = 0.100)
UPDATE BEST LOG-LIKELIHOOD: -10012.168
Iteration 80 / LogL: -10015.017 / Time: 0h:0m:3s (0h:0m:3s left)
Iteration 90 / LogL: -10012.509 / Time: 0h:0m:4s (0h:0m:3s left)
Iteration 100 / LogL: -10013.074 / Time: 0h:0m:4s (0h:0m:2s left)
Iteration 110 / LogL: -10015.066 / Time: 0h:0m:4s (0h:0m:2s left)
Iteration 120 / LogL: -10012.315 / Time: 0h:0m:5s (0h:0m:1s left)
Iteration 130 / LogL: -10012.970 / Time: 0h:0m:5s (0h:0m:1s left)
Iteration 140 / LogL: -10012.462 / Time: 0h:0m:6s (0h:0m:0s left)
Iteration 150 / LogL: -10012.803 / Time: 0h:0m:6s (0h:0m:0s left)
Iteration 160 / LogL: -10012.176 / Time: 0h:0m:7s (0h:0m:0s left)
TREE SEARCH COMPLETED AFTER 162 ITERATIONS / Time: 0h:0m:7s

--------------------------------------------------------------------
|                    FINALIZING TREE SEARCH                        |
--------------------------------------------------------------------
Performs final model parameters optimization
Estimate model parameters (epsilon = 0.010)
1. Initial log-likelihood: -10012.168
Optimal log-likelihood: -10012.168
Rate parameters:  A-C: 2.15281  A-G: 8.13006  A-T: 1.45403  C-G: 1.33648  C-T: 10.46827  G-T: 1.00000
Base frequencies:  A: 0.278  C: 0.234  G: 0.250  T: 0.238
Gamma shape alpha: 0.377
Parameters optimization took 1 rounds (0.012 sec)
BEST SCORE FOUND : -10012.168
Total tree length: 1.636

Total number of iterations: 162
CPU time used for tree search: 7.165 sec (0h:0m:7s)
Wall-clock time used for tree search: 6.994 sec (0h:0m:6s)
Total CPU time used: 7.318 sec (0h:0m:7s)
Total wall-clock time used: 7.137 sec (0h:0m:7s)

Analysis results written to: 
  IQ-TREE report:                /workspace/IQTree_TarvD7_Results/ENSG00000101938.nuc.ord.iqtree
  Maximum-likelihood tree:       /workspace/IQTree_TarvD7_Results/ENSG00000101938.nuc.ord.treefile
  Likelihood distances:          /workspace/IQTree_TarvD7_Results/ENSG00000101938.nuc.ord.mldist
  Screen log file:               /workspace/IQTree_TarvD7_Results/ENSG00000101938.nuc.ord.log

Date and Time: Mon May 25 23:00:29 2026
