IQ-TREE version 3.1.2 for Linux x86 64-bit built May  7 2026
Developed by Bui Quang Minh, Thomas Wong, Nhan Ly-Trong, Huaiyan Ren
Contributed by Lam-Tung Nguyen, Dominik Schrempf, Chris Bielow,
Olga Chernomor, Michael Woodhams, Diep Thi Hoang, Heiko Schmidt

Host:    8084c4e79f09 (AVX512, FMA3, 1133 GB RAM)
Command: /workspace/iqtree-3.1.2-Linux/bin/iqtree3_intel -s /workspace/NeuralNJ/empirical/TarvD7/ENSG00000204619.nuc.ord.aln -st DNA -m GTR+G -seed 2201 -pre /workspace/IQTree_TarvD7_Results/ENSG00000204619.nuc.ord -quiet
Seed:    2201 (Using SPRNG - Scalable Parallel Random Number Generator)
Time:    Wed May 27 00:15:01 2026
Kernel:  AVX+FMA - 1 threads (384 CPU cores detected)

HINT: Use -nt option to specify number of threads because your CPU has 384 cores!
HINT: -nt AUTO will automatically determine the best number of threads to use.

Reading alignment file /workspace/NeuralNJ/empirical/TarvD7/ENSG00000204619.nuc.ord.aln ... Fasta format detected
Reading fasta file: done in 0.000190973 secs using 32.99% CPU
Alignment most likely contains DNA/RNA sequences
Constructing alignment: done in 0.000627041 secs using 11% CPU
Alignment has 28 sequences with 411 columns, 252 distinct patterns
123 parsimony-informative, 79 singleton sites, 209 constant sites
                   Gap/Ambiguity  Composition  p-value
Analyzing sequences: done in 1.90735e-05 secs
   1  P001_Platypus       26.28%    passed      7.82%
   2  P003_Wallaby        16.79%    passed     26.59%
   3  P004_Tenrec          8.76%    passed     90.99%
   4  P005_Rock_hyrax      8.03%    passed     97.22%
   5  P007_Armadillo      24.82%    failed      1.43%
   6  P008_Sloth          37.96%    failed      1.31%
   7  P010_Common_shrew   33.58%    passed     31.55%
   8  P011_Dolphin         8.03%    passed     80.31%
   9  P013_Pig             8.03%    passed     77.68%
  10  P015_Horse           8.03%    passed     75.71%
  11  P016_Dog             8.03%    passed     88.37%
  12  P017_Cat             8.03%    passed     70.90%
  13  P018_Megabat         8.03%    passed     94.23%
  14  P020_Rabbit          8.03%    passed     97.54%
  15  P021_Pika            8.03%    passed     94.66%
  16  P023_Guinea_pig      8.03%    passed     56.36%
  17  P024_Kangaroo_rat   10.22%    passed     67.30%
  18  P025_Mouse           4.38%    passed     79.10%
  19  P026_Rat             3.65%    passed     86.99%
  20  P027_Tree_shrew     51.82%    passed     37.84%
  21  P028_Bushbaby        8.03%    passed     98.23%
  22  P029_Mouse_lemur     8.03%    passed     99.20%
  23  P031_Marmoset        9.49%    passed     99.09%
  24  P032_Rhesus          8.03%    passed     93.12%
  25  P033_Orangutan       8.03%    passed     97.34%
  26  P034_Gorilla         8.76%    passed     97.13%
  27  P035_Chimp           8.03%    passed     97.85%
  28  P036_Human           8.03%    passed     96.44%
WARNING: 1 sequences contain more than 50% gaps/ambiguity
****  TOTAL               13.03%  2 sequences failed composition chi2 test (p-value<5%; df=3)
Checking for duplicate sequences: done in 8.2016e-05 secs

Create initial parsimony tree by phylogenetic likelihood library (PLL)... 0.001 seconds

NOTE: 0 MB RAM (0 GB) is required!
Estimate model parameters (epsilon = 0.100)
1. Initial log-likelihood: -2929.187
2. Current log-likelihood: -2775.351
3. Current log-likelihood: -2772.704
Optimal log-likelihood: -2772.619
Rate parameters:  A-C: 0.84106  A-G: 2.56405  A-T: 1.22315  C-G: 0.42720  C-T: 4.25830  G-T: 1.00000
Base frequencies:  A: 0.270  C: 0.292  G: 0.289  T: 0.149
Gamma shape alpha: 0.478
Parameters optimization took 3 rounds (0.054 sec)
Wrote distance file to... 
Computing ML distances based on estimated model parameters...
Calculating distance matrix: done in 0.00166106 secs using 100% CPU
Computing ML distances took 0.001706 sec (of wall-clock time) 0.001707 sec (of CPU time)
Setting up auxiliary I and S matrices: done in 6.79493e-05 secs using 242.8% CPU
Constructing RapidNJ tree: done in 9.08375e-05 secs using 82.57% CPU
Computing RapidNJ tree took 0.000200 sec (of wall-clock time) 0.000273 sec (of CPU time)
Log-likelihood of RapidNJ tree: -2768.902
--------------------------------------------------------------------
|             INITIALIZING CANDIDATE TREE SET                      |
--------------------------------------------------------------------
Generating 98 parsimony trees... 0.067 second
Computing log-likelihood of 98 initial trees ... 0.089 seconds
Current best score: -2763.465

Do NNI search on 20 best initial trees
Estimate model parameters (epsilon = 0.100)
BETTER TREE FOUND at iteration 1: -2759.940
UPDATE BEST LOG-LIKELIHOOD: -2759.940
Estimate model parameters (epsilon = 0.100)
BETTER TREE FOUND at iteration 4: -2754.669
Iteration 10 / LogL: -2768.195 / Time: 0h:0m:0s
Iteration 20 / LogL: -2761.050 / Time: 0h:0m:0s
Finish initializing candidate tree set (15)
Current best tree score: -2754.669 / CPU time: 0.560
Number of iterations: 20
--------------------------------------------------------------------
|               OPTIMIZING CANDIDATE TREE SET                      |
--------------------------------------------------------------------
Estimate model parameters (epsilon = 0.100)
BETTER TREE FOUND at iteration 22: -2754.398
Iteration 30 / LogL: -2757.181 / Time: 0h:0m:0s (0h:0m:2s left)
BETTER TREE FOUND at iteration 35: -2754.398
Iteration 40 / LogL: -2754.398 / Time: 0h:0m:1s (0h:0m:2s left)
BETTER TREE FOUND at iteration 41: -2754.398
UPDATE BEST LOG-LIKELIHOOD: -2754.398
UPDATE BEST LOG-LIKELIHOOD: -2754.398
Iteration 50 / LogL: -2754.398 / Time: 0h:0m:1s (0h:0m:2s left)
Iteration 60 / LogL: -2757.667 / Time: 0h:0m:1s (0h:0m:2s left)
Iteration 70 / LogL: -2756.493 / Time: 0h:0m:1s (0h:0m:1s left)
Iteration 80 / LogL: -2772.058 / Time: 0h:0m:1s (0h:0m:1s left)
UPDATE BEST LOG-LIKELIHOOD: -2754.398
Iteration 90 / LogL: -2758.674 / Time: 0h:0m:2s (0h:0m:1s left)
UPDATE BEST LOG-LIKELIHOOD: -2754.397
Iteration 100 / LogL: -2765.223 / Time: 0h:0m:2s (0h:0m:0s left)
Iteration 110 / LogL: -2754.398 / Time: 0h:0m:2s (0h:0m:0s left)
Iteration 120 / LogL: -2754.398 / Time: 0h:0m:2s (0h:0m:0s left)
Iteration 130 / LogL: -2754.398 / Time: 0h:0m:3s (0h:0m:0s left)
Iteration 140 / LogL: -2769.230 / Time: 0h:0m:3s (0h:0m:0s left)
TREE SEARCH COMPLETED AFTER 142 ITERATIONS / Time: 0h:0m:3s

--------------------------------------------------------------------
|                    FINALIZING TREE SEARCH                        |
--------------------------------------------------------------------
Performs final model parameters optimization
Estimate model parameters (epsilon = 0.010)
1. Initial log-likelihood: -2754.397
Optimal log-likelihood: -2754.397
Rate parameters:  A-C: 0.89888  A-G: 2.96780  A-T: 1.33972  C-G: 0.46772  C-T: 4.80362  G-T: 1.00000
Base frequencies:  A: 0.270  C: 0.292  G: 0.289  T: 0.149
Gamma shape alpha: 0.477
Parameters optimization took 1 rounds (0.004 sec)
BEST SCORE FOUND : -2754.397
Total tree length: 2.109

Total number of iterations: 142
CPU time used for tree search: 3.409 sec (0h:0m:3s)
Wall-clock time used for tree search: 3.225 sec (0h:0m:3s)
Total CPU time used: 3.484 sec (0h:0m:3s)
Total wall-clock time used: 3.297 sec (0h:0m:3s)

Analysis results written to: 
  IQ-TREE report:                /workspace/IQTree_TarvD7_Results/ENSG00000204619.nuc.ord.iqtree
  Maximum-likelihood tree:       /workspace/IQTree_TarvD7_Results/ENSG00000204619.nuc.ord.treefile
  Likelihood distances:          /workspace/IQTree_TarvD7_Results/ENSG00000204619.nuc.ord.mldist
  Screen log file:               /workspace/IQTree_TarvD7_Results/ENSG00000204619.nuc.ord.log

Date and Time: Wed May 27 00:15:05 2026
