IQ-TREE version 3.1.2 for Linux x86 64-bit built May  7 2026
Developed by Bui Quang Minh, Thomas Wong, Nhan Ly-Trong, Huaiyan Ren
Contributed by Lam-Tung Nguyen, Dominik Schrempf, Chris Bielow,
Olga Chernomor, Michael Woodhams, Diep Thi Hoang, Heiko Schmidt

Host:    8084c4e79f09 (AVX512, FMA3, 1133 GB RAM)
Command: /workspace/iqtree-3.1.2-Linux/bin/iqtree3_intel -s /workspace/NeuralNJ/empirical/TarvD7/ENSG00000168386.nuc.ord.aln -st DNA -m GTR+G -seed 2201 -pre /workspace/IQTree_TarvD7_Results/ENSG00000168386.nuc.ord -quiet
Seed:    2201 (Using SPRNG - Scalable Parallel Random Number Generator)
Time:    Tue May 26 17:46:59 2026
Kernel:  AVX+FMA - 1 threads (384 CPU cores detected)

HINT: Use -nt option to specify number of threads because your CPU has 384 cores!
HINT: -nt AUTO will automatically determine the best number of threads to use.

Reading alignment file /workspace/NeuralNJ/empirical/TarvD7/ENSG00000168386.nuc.ord.aln ... Fasta format detected
Reading fasta file: done in 0.00106001 secs using 72.74% CPU
Alignment most likely contains DNA/RNA sequences
Constructing alignment: done in 0.0048058 secs using 44.74% CPU
Alignment has 33 sequences with 3639 columns, 2223 distinct patterns
1348 parsimony-informative, 751 singleton sites, 1540 constant sites
                   Gap/Ambiguity  Composition  p-value
Analyzing sequences: done in 0.000105858 secs using 39.68% CPU
   1  P001_Platypus        6.27%    failed      0.00%
   2  P002_Opossum        18.30%    failed      3.49%
   3  P003_Wallaby         7.42%    passed     94.90%
   4  P004_Tenrec         22.01%    failed      0.01%
   5  P005_Rock_hyrax     30.42%    passed     50.80%
   6  P006_Elephant       27.78%    passed     32.08%
   7  P007_Armadillo      34.87%    passed     10.42%
   8  P008_Sloth          30.50%    passed     58.44%
   9  P009_Hedgehog       16.49%    failed      0.00%
  10  P010_Common_shrew   13.44%    failed      1.20%
  11  P011_Dolphin        23.66%    failed      1.24%
  12  P014_Alpaca          9.32%    passed     93.32%
  13  P015_Horse           6.84%    passed     55.35%
  14  P016_Dog             6.68%    passed     25.24%
  15  P017_Cat            44.52%    failed      1.54%
  16  P018_Megabat        18.80%    passed     77.44%
  17  P019_Microbat        7.42%    passed     12.72%
  18  P021_Pika            6.60%    passed     91.98%
  19  P022_Squirrel       30.34%    passed     32.86%
  20  P023_Guinea_pig      7.09%    failed      1.60%
  21  P024_Kangaroo_rat    7.01%    failed      2.37%
  22  P025_Mouse          21.02%    passed     40.81%
  23  P026_Rat             6.92%    passed     82.19%
  24  P027_Tree_shrew     33.97%    passed     78.44%
  25  P028_Bushbaby       19.70%    passed     42.33%
  26  P029_Mouse_lemur    23.66%    passed     12.59%
  27  P030_Tarsier         6.76%    passed     92.88%
  28  P031_Marmoset        6.51%    passed     67.67%
  29  P032_Rhesus          6.43%    passed     46.23%
  30  P033_Orangutan       6.43%    passed     60.04%
  31  P034_Gorilla        16.32%    passed     69.53%
  32  P035_Chimp           6.43%    passed     53.00%
  33  P036_Human           6.43%    passed     56.23%
****  TOTAL               16.25%  9 sequences failed composition chi2 test (p-value<5%; df=3)
Checking for duplicate sequences: done in 0.000179052 secs using 94.39% CPU

Create initial parsimony tree by phylogenetic likelihood library (PLL)... 0.006 seconds

NOTE: 9 MB RAM (0 GB) is required!
Estimate model parameters (epsilon = 0.100)
1. Initial log-likelihood: -32382.325
2. Current log-likelihood: -30231.867
3. Current log-likelihood: -30203.769
4. Current log-likelihood: -30203.586
Optimal log-likelihood: -30203.577
Rate parameters:  A-C: 1.13186  A-G: 4.34414  A-T: 0.64316  C-G: 1.01023  C-T: 6.97243  G-T: 1.00000
Base frequencies:  A: 0.369  C: 0.212  G: 0.227  T: 0.193
Gamma shape alpha: 0.610
Parameters optimization took 4 rounds (0.352 sec)
Wrote distance file to... 
Computing ML distances based on estimated model parameters...
Calculating distance matrix: done in 0.00443292 secs using 99.42% CPU
Computing ML distances took 0.004661 sec (of wall-clock time) 0.004624 sec (of CPU time)
Setting up auxiliary I and S matrices: done in 8.10623e-05 secs
Constructing RapidNJ tree: done in 0.00011301 secs
Computing RapidNJ tree took 0.000247 sec (of wall-clock time) 0.000000 sec (of CPU time)
Log-likelihood of RapidNJ tree: -30372.051
--------------------------------------------------------------------
|             INITIALIZING CANDIDATE TREE SET                      |
--------------------------------------------------------------------
Generating 98 parsimony trees... 0.485 second
Computing log-likelihood of 98 initial trees ... 0.785 seconds
Current best score: -30203.577

Do NNI search on 20 best initial trees
Estimate model parameters (epsilon = 0.100)
BETTER TREE FOUND at iteration 1: -30185.342
Estimate model parameters (epsilon = 0.100)
BETTER TREE FOUND at iteration 7: -30182.911
Iteration 10 / LogL: -30196.132 / Time: 0h:0m:2s
Iteration 20 / LogL: -30193.482 / Time: 0h:0m:4s
Finish initializing candidate tree set (11)
Current best tree score: -30182.911 / CPU time: 4.004
Number of iterations: 20
--------------------------------------------------------------------
|               OPTIMIZING CANDIDATE TREE SET                      |
--------------------------------------------------------------------
Iteration 30 / LogL: -30182.929 / Time: 0h:0m:5s (0h:0m:15s left)
Iteration 40 / LogL: -30182.947 / Time: 0h:0m:7s (0h:0m:12s left)
Iteration 50 / LogL: -30186.111 / Time: 0h:0m:8s (0h:0m:10s left)
Iteration 60 / LogL: -30186.111 / Time: 0h:0m:10s (0h:0m:8s left)
Iteration 70 / LogL: -30182.919 / Time: 0h:0m:11s (0h:0m:6s left)
Iteration 80 / LogL: -30186.111 / Time: 0h:0m:13s (0h:0m:4s left)
Iteration 90 / LogL: -30182.914 / Time: 0h:0m:14s (0h:0m:2s left)
Iteration 100 / LogL: -30183.730 / Time: 0h:0m:15s (0h:0m:1s left)
TREE SEARCH COMPLETED AFTER 108 ITERATIONS / Time: 0h:0m:16s

--------------------------------------------------------------------
|                    FINALIZING TREE SEARCH                        |
--------------------------------------------------------------------
Performs final model parameters optimization
Estimate model parameters (epsilon = 0.010)
1. Initial log-likelihood: -30182.911
Optimal log-likelihood: -30182.910
Rate parameters:  A-C: 1.14157  A-G: 4.34102  A-T: 0.64530  C-G: 1.01464  C-T: 6.97406  G-T: 1.00000
Base frequencies:  A: 0.369  C: 0.212  G: 0.227  T: 0.193
Gamma shape alpha: 0.618
Parameters optimization took 1 rounds (0.035 sec)
BEST SCORE FOUND : -30182.910
Total tree length: 2.490

Total number of iterations: 108
CPU time used for tree search: 16.664 sec (0h:0m:16s)
Wall-clock time used for tree search: 16.530 sec (0h:0m:16s)
Total CPU time used: 17.145 sec (0h:0m:17s)
Total wall-clock time used: 16.978 sec (0h:0m:16s)

Analysis results written to: 
  IQ-TREE report:                /workspace/IQTree_TarvD7_Results/ENSG00000168386.nuc.ord.iqtree
  Maximum-likelihood tree:       /workspace/IQTree_TarvD7_Results/ENSG00000168386.nuc.ord.treefile
  Likelihood distances:          /workspace/IQTree_TarvD7_Results/ENSG00000168386.nuc.ord.mldist
  Screen log file:               /workspace/IQTree_TarvD7_Results/ENSG00000168386.nuc.ord.log

Date and Time: Tue May 26 17:47:16 2026
