IQ-TREE version 3.1.2 for Linux x86 64-bit built May  7 2026
Developed by Bui Quang Minh, Thomas Wong, Nhan Ly-Trong, Huaiyan Ren
Contributed by Lam-Tung Nguyen, Dominik Schrempf, Chris Bielow,
Olga Chernomor, Michael Woodhams, Diep Thi Hoang, Heiko Schmidt

Host:    8084c4e79f09 (AVX512, FMA3, 1133 GB RAM)
Command: /workspace/iqtree-3.1.2-Linux/bin/iqtree3_intel -s /workspace/NeuralNJ/empirical/TarvD7/ENSG00000107829.nuc.ord.aln -st DNA -m GTR+G -seed 2201 -pre /workspace/IQTree_TarvD7_Results/ENSG00000107829.nuc.ord -quiet
Seed:    2201 (Using SPRNG - Scalable Parallel Random Number Generator)
Time:    Tue May 26 00:34:17 2026
Kernel:  AVX+FMA - 1 threads (384 CPU cores detected)

HINT: Use -nt option to specify number of threads because your CPU has 384 cores!
HINT: -nt AUTO will automatically determine the best number of threads to use.

Reading alignment file /workspace/NeuralNJ/empirical/TarvD7/ENSG00000107829.nuc.ord.aln ... Fasta format detected
Reading fasta file: done in 0.000424147 secs using 47.86% CPU
Alignment most likely contains DNA/RNA sequences
Constructing alignment: done in 0.00155902 secs using 94.35% CPU
Alignment has 32 sequences with 1329 columns, 753 distinct patterns
395 parsimony-informative, 206 singleton sites, 727 constant sites
                   Gap/Ambiguity  Composition  p-value
Analyzing sequences: done in 3.8147e-05 secs using 23.59% CPU
   1  P001_Platypus       51.47%    passed     23.35%
   2  P002_Opossum         7.45%    passed     97.49%
   3  P003_Wallaby        46.05%    passed      6.05%
   4  P004_Tenrec         26.41%    passed     38.79%
   5  P005_Rock_hyrax      9.48%    passed     93.93%
   6  P006_Elephant       23.25%    passed     34.58%
   7  P007_Armadillo      42.44%    passed     18.33%
   8  P008_Sloth          25.06%    passed     99.21%
   9  P009_Hedgehog       15.35%    passed     90.98%
  10  P011_Dolphin         8.13%    passed     76.01%
  11  P012_Cow             7.00%    passed     79.94%
  12  P013_Pig             7.22%    passed     85.36%
  13  P014_Alpaca         45.60%    passed     75.55%
  14  P015_Horse          11.51%    passed     88.87%
  15  P016_Dog             7.22%    passed     74.16%
  16  P017_Cat            33.86%    passed     46.94%
  17  P018_Megabat        18.06%    passed     93.21%
  18  P019_Microbat       38.60%    passed     10.89%
  19  P020_Rabbit         13.54%    passed     60.56%
  20  P021_Pika           32.51%    passed     98.21%
  21  P022_Squirrel        7.90%    passed     97.31%
  22  P023_Guinea_pig     26.64%    passed     23.04%
  23  P024_Kangaroo_rat   16.03%    passed     61.36%
  24  P025_Mouse           7.45%    passed     69.85%
  25  P026_Rat             7.90%    passed     83.85%
  26  P029_Mouse_lemur    44.02%    failed      0.59%
  27  P031_Marmoset        6.55%    passed     96.71%
  28  P032_Rhesus          7.45%    passed     87.34%
  29  P033_Orangutan       7.22%    passed     85.48%
  30  P034_Gorilla        35.44%    passed     28.16%
  31  P035_Chimp          14.45%    passed     71.90%
  32  P036_Human           7.00%    passed     76.79%
WARNING: 1 sequences contain more than 50% gaps/ambiguity
****  TOTAL               20.57%  1 sequences failed composition chi2 test (p-value<5%; df=3)
Checking for duplicate sequences: done in 9.98974e-05 secs using 24.02% CPU

Create initial parsimony tree by phylogenetic likelihood library (PLL)... 0.002 seconds

NOTE: 3 MB RAM (0 GB) is required!
Estimate model parameters (epsilon = 0.100)
1. Initial log-likelihood: -9557.003
2. Current log-likelihood: -8963.320
3. Current log-likelihood: -8949.716
4. Current log-likelihood: -8949.534
Optimal log-likelihood: -8949.523
Rate parameters:  A-C: 2.12767  A-G: 7.22487  A-T: 1.54075  C-G: 1.25204  C-T: 7.02188  G-T: 1.00000
Base frequencies:  A: 0.189  C: 0.296  G: 0.297  T: 0.218
Gamma shape alpha: 0.390
Parameters optimization took 4 rounds (0.114 sec)
Wrote distance file to... 
Computing ML distances based on estimated model parameters...
Calculating distance matrix: done in 0.00221419 secs using 58.85% CPU
Computing ML distances took 0.002326 sec (of wall-clock time) 0.001313 sec (of CPU time)
Setting up auxiliary I and S matrices: done in 0.000169039 secs using 34.31% CPU
Constructing RapidNJ tree: done in 0.000198126 secs
Computing RapidNJ tree took 0.000440 sec (of wall-clock time) 0.000063 sec (of CPU time)
Log-likelihood of RapidNJ tree: -9017.837
--------------------------------------------------------------------
|             INITIALIZING CANDIDATE TREE SET                      |
--------------------------------------------------------------------
Generating 98 parsimony trees... 0.165 second
Computing log-likelihood of 98 initial trees ... 0.267 seconds
Current best score: -8949.523

Do NNI search on 20 best initial trees
Estimate model parameters (epsilon = 0.100)
BETTER TREE FOUND at iteration 1: -8946.595
Estimate model parameters (epsilon = 0.100)
BETTER TREE FOUND at iteration 2: -8937.266
UPDATE BEST LOG-LIKELIHOOD: -8937.266
Iteration 10 / LogL: -8937.267 / Time: 0h:0m:0s
Iteration 20 / LogL: -8952.410 / Time: 0h:0m:1s
Finish initializing candidate tree set (7)
Current best tree score: -8937.266 / CPU time: 1.241
Number of iterations: 20
--------------------------------------------------------------------
|               OPTIMIZING CANDIDATE TREE SET                      |
--------------------------------------------------------------------
Estimate model parameters (epsilon = 0.100)
BETTER TREE FOUND at iteration 22: -8936.399
Estimate model parameters (epsilon = 0.100)
BETTER TREE FOUND at iteration 23: -8936.307
Estimate model parameters (epsilon = 0.100)
BETTER TREE FOUND at iteration 26: -8936.242
Estimate model parameters (epsilon = 0.100)
BETTER TREE FOUND at iteration 27: -8935.174
Iteration 30 / LogL: -8949.176 / Time: 0h:0m:1s (0h:0m:6s left)
Estimate model parameters (epsilon = 0.100)
BETTER TREE FOUND at iteration 33: -8934.279
Estimate model parameters (epsilon = 0.100)
BETTER TREE FOUND at iteration 36: -8932.361
Iteration 40 / LogL: -8954.984 / Time: 0h:0m:2s (0h:0m:6s left)
Iteration 50 / LogL: -8932.362 / Time: 0h:0m:3s (0h:0m:5s left)
Iteration 60 / LogL: -8934.178 / Time: 0h:0m:3s (0h:0m:4s left)
UPDATE BEST LOG-LIKELIHOOD: -8932.361
Iteration 70 / LogL: -8936.542 / Time: 0h:0m:4s (0h:0m:3s left)
Iteration 80 / LogL: -9011.468 / Time: 0h:0m:4s (0h:0m:3s left)
Iteration 90 / LogL: -8932.362 / Time: 0h:0m:5s (0h:0m:2s left)
UPDATE BEST LOG-LIKELIHOOD: -8932.361
Iteration 100 / LogL: -8932.361 / Time: 0h:0m:5s (0h:0m:2s left)
Iteration 110 / LogL: -8932.361 / Time: 0h:0m:6s (0h:0m:1s left)
Iteration 120 / LogL: -8935.173 / Time: 0h:0m:6s (0h:0m:0s left)
Iteration 130 / LogL: -8932.753 / Time: 0h:0m:7s (0h:0m:0s left)
TREE SEARCH COMPLETED AFTER 137 ITERATIONS / Time: 0h:0m:7s

--------------------------------------------------------------------
|                    FINALIZING TREE SEARCH                        |
--------------------------------------------------------------------
Performs final model parameters optimization
Estimate model parameters (epsilon = 0.010)
1. Initial log-likelihood: -8932.361
Optimal log-likelihood: -8932.360
Rate parameters:  A-C: 2.14766  A-G: 7.15119  A-T: 1.45373  C-G: 1.23083  C-T: 7.13274  G-T: 1.00000
Base frequencies:  A: 0.189  C: 0.296  G: 0.297  T: 0.218
Gamma shape alpha: 0.384
Parameters optimization took 1 rounds (0.012 sec)
BEST SCORE FOUND : -8932.360
Total tree length: 2.227

Total number of iterations: 137
CPU time used for tree search: 7.635 sec (0h:0m:7s)
Wall-clock time used for tree search: 7.481 sec (0h:0m:7s)
Total CPU time used: 7.799 sec (0h:0m:7s)
Total wall-clock time used: 7.633 sec (0h:0m:7s)

Analysis results written to: 
  IQ-TREE report:                /workspace/IQTree_TarvD7_Results/ENSG00000107829.nuc.ord.iqtree
  Maximum-likelihood tree:       /workspace/IQTree_TarvD7_Results/ENSG00000107829.nuc.ord.treefile
  Likelihood distances:          /workspace/IQTree_TarvD7_Results/ENSG00000107829.nuc.ord.mldist
  Screen log file:               /workspace/IQTree_TarvD7_Results/ENSG00000107829.nuc.ord.log

Date and Time: Tue May 26 00:34:25 2026
