IQ-TREE version 3.1.2 for Linux x86 64-bit built May  7 2026
Developed by Bui Quang Minh, Thomas Wong, Nhan Ly-Trong, Huaiyan Ren
Contributed by Lam-Tung Nguyen, Dominik Schrempf, Chris Bielow,
Olga Chernomor, Michael Woodhams, Diep Thi Hoang, Heiko Schmidt

Host:    8084c4e79f09 (AVX512, FMA3, 1133 GB RAM)
Command: /workspace/iqtree-3.1.2-Linux/bin/iqtree3_intel -s /workspace/NeuralNJ/empirical/TarvD7/ENSG00000105171.nuc.ord.aln -st DNA -m GTR+G -seed 2201 -pre /workspace/IQTree_TarvD7_Results/ENSG00000105171.nuc.ord -quiet
Seed:    2201 (Using SPRNG - Scalable Parallel Random Number Generator)
Time:    Mon May 25 23:49:42 2026
Kernel:  AVX+FMA - 1 threads (384 CPU cores detected)

HINT: Use -nt option to specify number of threads because your CPU has 384 cores!
HINT: -nt AUTO will automatically determine the best number of threads to use.

Reading alignment file /workspace/NeuralNJ/empirical/TarvD7/ENSG00000105171.nuc.ord.aln ... Fasta format detected
Reading fasta file: done in 0.000361919 secs using 45.31% CPU
Alignment most likely contains DNA/RNA sequences
Constructing alignment: done in 0.00119305 secs using 78.54% CPU
Alignment has 32 sequences with 735 columns, 459 distinct patterns
287 parsimony-informative, 110 singleton sites, 338 constant sites
                   Gap/Ambiguity  Composition  p-value
Analyzing sequences: done in 3.69549e-05 secs
   1  P001_Platypus       62.04%    passed     49.89%
   2  P002_Opossum        18.78%    failed      0.02%
   3  P003_Wallaby        49.39%    failed      0.00%
   4  P004_Tenrec         21.63%    passed     19.34%
   5  P005_Rock_hyrax     10.20%    failed      0.00%
   6  P006_Elephant       29.80%    passed     31.67%
   7  P008_Sloth          31.02%    passed     99.08%
   8  P009_Hedgehog       37.96%    passed     30.27%
   9  P010_Common_shrew   11.43%    passed      5.83%
  10  P011_Dolphin        10.20%    passed     56.45%
  11  P012_Cow            11.43%    passed     92.52%
  12  P013_Pig            10.20%    passed     99.78%
  13  P014_Alpaca         55.10%    passed     13.53%
  14  P015_Horse          10.61%    passed     14.02%
  15  P016_Dog            10.20%    passed     37.28%
  16  P017_Cat            20.41%    passed     91.52%
  17  P018_Megabat        10.20%    failed      0.03%
  18  P019_Microbat       44.90%    failed      0.00%
  19  P020_Rabbit         12.24%    passed     89.89%
  20  P021_Pika           18.37%    passed     99.36%
  21  P022_Squirrel       11.43%    passed      7.10%
  22  P023_Guinea_pig      9.80%    passed     17.68%
  23  P024_Kangaroo_rat   11.84%    passed     90.35%
  24  P025_Mouse           9.80%    passed     71.02%
  25  P026_Rat             9.80%    passed     58.78%
  26  P028_Bushbaby       18.78%    passed     95.82%
  27  P030_Tarsier        20.41%    passed     90.05%
  28  P032_Rhesus          9.80%    passed     90.07%
  29  P033_Orangutan      10.20%    passed     93.80%
  30  P034_Gorilla        34.29%    passed     28.89%
  31  P035_Chimp          10.20%    passed     91.53%
  32  P036_Human          10.20%    passed     87.64%
WARNING: 2 sequences contain more than 50% gaps/ambiguity
****  TOTAL               20.40%  5 sequences failed composition chi2 test (p-value<5%; df=3)
Checking for duplicate sequences: done in 0.000116825 secs

Create initial parsimony tree by phylogenetic likelihood library (PLL)... 0.002 seconds

NOTE: 1 MB RAM (0 GB) is required!
Estimate model parameters (epsilon = 0.100)
1. Initial log-likelihood: -7226.486
2. Current log-likelihood: -6748.864
3. Current log-likelihood: -6741.851
Optimal log-likelihood: -6741.766
Rate parameters:  A-C: 1.45470  A-G: 4.95216  A-T: 0.29719  C-G: 1.52964  C-T: 5.75332  G-T: 1.00000
Base frequencies:  A: 0.282  C: 0.257  G: 0.254  T: 0.208
Gamma shape alpha: 0.487
Parameters optimization took 3 rounds (0.096 sec)
Wrote distance file to... 
Computing ML distances based on estimated model parameters...
Calculating distance matrix: done in 0.00259185 secs using 100% CPU
Computing ML distances took 0.002669 sec (of wall-clock time) 0.002669 sec (of CPU time)
Setting up auxiliary I and S matrices: done in 0.00013113 secs using 99.14% CPU
Constructing RapidNJ tree: done in 0.000204086 secs using 278.3% CPU
Computing RapidNJ tree took 0.000405 sec (of wall-clock time) 0.000789 sec (of CPU time)
Log-likelihood of RapidNJ tree: -6753.684
--------------------------------------------------------------------
|             INITIALIZING CANDIDATE TREE SET                      |
--------------------------------------------------------------------
Generating 98 parsimony trees... 0.149 second
Computing log-likelihood of 98 initial trees ... 0.176 seconds
Current best score: -6717.734

Do NNI search on 20 best initial trees
Estimate model parameters (epsilon = 0.100)
BETTER TREE FOUND at iteration 1: -6699.485
Estimate model parameters (epsilon = 0.100)
BETTER TREE FOUND at iteration 2: -6693.620
Iteration 10 / LogL: -6702.220 / Time: 0h:0m:0s
Estimate model parameters (epsilon = 0.100)
BETTER TREE FOUND at iteration 17: -6693.370
Iteration 20 / LogL: -6700.017 / Time: 0h:0m:1s
Finish initializing candidate tree set (16)
Current best tree score: -6693.370 / CPU time: 0.924
Number of iterations: 20
--------------------------------------------------------------------
|               OPTIMIZING CANDIDATE TREE SET                      |
--------------------------------------------------------------------
Estimate model parameters (epsilon = 0.100)
BETTER TREE FOUND at iteration 23: -6693.247
Iteration 30 / LogL: -6697.348 / Time: 0h:0m:1s (0h:0m:4s left)
Estimate model parameters (epsilon = 0.100)
BETTER TREE FOUND at iteration 32: -6690.647
Iteration 40 / LogL: -6695.660 / Time: 0h:0m:1s (0h:0m:3s left)
Estimate model parameters (epsilon = 0.100)
BETTER TREE FOUND at iteration 41: -6690.532
UPDATE BEST LOG-LIKELIHOOD: -6690.532
UPDATE BEST LOG-LIKELIHOOD: -6690.532
Iteration 50 / LogL: -6694.593 / Time: 0h:0m:2s (0h:0m:3s left)
Iteration 60 / LogL: -6703.116 / Time: 0h:0m:2s (0h:0m:3s left)
Iteration 70 / LogL: -6694.071 / Time: 0h:0m:2s (0h:0m:2s left)
UPDATE BEST LOG-LIKELIHOOD: -6690.532
Iteration 80 / LogL: -6690.680 / Time: 0h:0m:3s (0h:0m:2s left)
UPDATE BEST LOG-LIKELIHOOD: -6690.532
Iteration 90 / LogL: -6692.101 / Time: 0h:0m:3s (0h:0m:1s left)
BETTER TREE FOUND at iteration 99: -6690.532
Iteration 100 / LogL: -6711.085 / Time: 0h:0m:3s (0h:0m:3s left)
Iteration 110 / LogL: -6704.335 / Time: 0h:0m:4s (0h:0m:3s left)
Iteration 120 / LogL: -6690.675 / Time: 0h:0m:4s (0h:0m:3s left)
Iteration 130 / LogL: -6690.539 / Time: 0h:0m:4s (0h:0m:2s left)
UPDATE BEST LOG-LIKELIHOOD: -6690.532
Iteration 140 / LogL: -6700.580 / Time: 0h:0m:5s (0h:0m:2s left)
Iteration 150 / LogL: -6690.684 / Time: 0h:0m:5s (0h:0m:1s left)
Iteration 160 / LogL: -6692.335 / Time: 0h:0m:5s (0h:0m:1s left)
Iteration 170 / LogL: -6690.675 / Time: 0h:0m:6s (0h:0m:1s left)
Iteration 180 / LogL: -6690.678 / Time: 0h:0m:6s (0h:0m:0s left)
Iteration 190 / LogL: -6690.533 / Time: 0h:0m:6s (0h:0m:0s left)
Iteration 200 / LogL: -6690.533 / Time: 0h:0m:7s (0h:0m:-1s left)
TREE SEARCH COMPLETED AFTER 200 ITERATIONS / Time: 0h:0m:7s

--------------------------------------------------------------------
|                    FINALIZING TREE SEARCH                        |
--------------------------------------------------------------------
Performs final model parameters optimization
Estimate model parameters (epsilon = 0.010)
1. Initial log-likelihood: -6690.532
Optimal log-likelihood: -6690.530
Rate parameters:  A-C: 1.35637  A-G: 4.72802  A-T: 0.27291  C-G: 1.46693  C-T: 5.58115  G-T: 1.00000
Base frequencies:  A: 0.282  C: 0.257  G: 0.254  T: 0.208
Gamma shape alpha: 0.499
Parameters optimization took 1 rounds (0.007 sec)
BEST SCORE FOUND : -6690.530
Total tree length: 3.180

Total number of iterations: 200
CPU time used for tree search: 7.219 sec (0h:0m:7s)
Wall-clock time used for tree search: 7.053 sec (0h:0m:7s)
Total CPU time used: 7.353 sec (0h:0m:7s)
Total wall-clock time used: 7.177 sec (0h:0m:7s)

Analysis results written to: 
  IQ-TREE report:                /workspace/IQTree_TarvD7_Results/ENSG00000105171.nuc.ord.iqtree
  Maximum-likelihood tree:       /workspace/IQTree_TarvD7_Results/ENSG00000105171.nuc.ord.treefile
  Likelihood distances:          /workspace/IQTree_TarvD7_Results/ENSG00000105171.nuc.ord.mldist
  Screen log file:               /workspace/IQTree_TarvD7_Results/ENSG00000105171.nuc.ord.log

Date and Time: Mon May 25 23:49:49 2026
