IQ-TREE version 3.1.2 for Linux x86 64-bit built May  7 2026
Developed by Bui Quang Minh, Thomas Wong, Nhan Ly-Trong, Huaiyan Ren
Contributed by Lam-Tung Nguyen, Dominik Schrempf, Chris Bielow,
Olga Chernomor, Michael Woodhams, Diep Thi Hoang, Heiko Schmidt

Host:    8084c4e79f09 (AVX512, FMA3, 1133 GB RAM)
Command: /workspace/iqtree-3.1.2-Linux/bin/iqtree3_intel -s /workspace/NeuralNJ/empirical/TarvD7/ENSG00000197912.nuc.ord.aln -st DNA -m GTR+G -seed 2201 -pre /workspace/IQTree_TarvD7_Results/ENSG00000197912.nuc.ord -quiet
Seed:    2201 (Using SPRNG - Scalable Parallel Random Number Generator)
Time:    Tue May 26 23:28:37 2026
Kernel:  AVX+FMA - 1 threads (384 CPU cores detected)

HINT: Use -nt option to specify number of threads because your CPU has 384 cores!
HINT: -nt AUTO will automatically determine the best number of threads to use.

Reading alignment file /workspace/NeuralNJ/empirical/TarvD7/ENSG00000197912.nuc.ord.aln ... Fasta format detected
Reading fasta file: done in 0.00139594 secs using 4.441% CPU
Alignment most likely contains DNA/RNA sequences
Constructing alignment: done in 0.00309682 secs using 47.6% CPU
Alignment has 32 sequences with 2517 columns, 1508 distinct patterns
999 parsimony-informative, 355 singleton sites, 1163 constant sites
                   Gap/Ambiguity  Composition  p-value
Analyzing sequences: done in 7.31945e-05 secs using 99.73% CPU
   1  P001_Platypus       22.53%    failed      0.00%
   2  P002_Opossum         4.89%    failed      0.00%
   3  P003_Wallaby        20.26%    failed      0.00%
   4  P004_Tenrec         25.51%    failed      1.30%
   5  P005_Rock_hyrax     55.54%    passed     28.03%
   6  P006_Elephant       29.68%    passed     37.07%
   7  P007_Armadillo      14.54%    failed      0.00%
   8  P008_Sloth          40.05%    passed     37.26%
   9  P009_Hedgehog       28.01%    passed     22.74%
  10  P010_Common_shrew   41.84%    passed      7.94%
  11  P011_Dolphin        14.30%    failed      0.00%
  12  P012_Cow             7.15%    failed      1.73%
  13  P015_Horse          14.78%    passed     86.73%
  14  P016_Dog             5.48%    passed     24.63%
  15  P017_Cat             8.10%    passed      5.83%
  16  P018_Megabat        12.99%    passed     81.39%
  17  P019_Microbat        5.60%    passed     15.29%
  18  P020_Rabbit         28.84%    failed      2.26%
  19  P021_Pika           13.23%    passed     89.05%
  20  P022_Squirrel       31.35%    passed     50.52%
  21  P023_Guinea_pig      5.96%    passed     12.83%
  22  P024_Kangaroo_rat   19.19%    passed     24.67%
  23  P025_Mouse           6.91%    passed     49.58%
  24  P026_Rat             6.91%    passed     32.06%
  25  P027_Tree_shrew     50.42%    failed      0.34%
  26  P028_Bushbaby       53.87%    passed     84.68%
  27  P029_Mouse_lemur    20.02%    failed      3.14%
  28  P031_Marmoset        5.60%    passed     63.78%
  29  P032_Rhesus         59.48%    failed      4.47%
  30  P033_Orangutan       5.36%    passed     70.94%
  31  P034_Gorilla         5.36%    passed     62.09%
  32  P036_Human           5.24%    passed     50.82%
WARNING: 4 sequences contain more than 50% gaps/ambiguity
****  TOTAL               20.91%  11 sequences failed composition chi2 test (p-value<5%; df=3)
Checking for duplicate sequences: done in 0.000138044 secs using 92% CPU

Create initial parsimony tree by phylogenetic likelihood library (PLL)... 0.004 seconds

NOTE: 6 MB RAM (0 GB) is required!
Estimate model parameters (epsilon = 0.100)
1. Initial log-likelihood: -26454.856
2. Current log-likelihood: -24587.736
3. Current log-likelihood: -24564.566
4. Current log-likelihood: -24564.200
Optimal log-likelihood: -24564.172
Rate parameters:  A-C: 1.46860  A-G: 4.09120  A-T: 0.76016  C-G: 1.12224  C-T: 6.42586  G-T: 1.00000
Base frequencies:  A: 0.226  C: 0.266  G: 0.315  T: 0.193
Gamma shape alpha: 0.393
Parameters optimization took 4 rounds (0.220 sec)
Wrote distance file to... 
Computing ML distances based on estimated model parameters...
Calculating distance matrix: done in 0.00355101 secs using 99.97% CPU
Computing ML distances took 0.003739 sec (of wall-clock time) 0.003739 sec (of CPU time)
Setting up auxiliary I and S matrices: done in 7.51019e-05 secs using 99.86% CPU
Constructing RapidNJ tree: done in 9.799e-05 secs using 101% CPU
Computing RapidNJ tree took 0.000214 sec (of wall-clock time) 0.000214 sec (of CPU time)
Log-likelihood of RapidNJ tree: -24638.310
--------------------------------------------------------------------
|             INITIALIZING CANDIDATE TREE SET                      |
--------------------------------------------------------------------
Generating 98 parsimony trees... 0.341 second
Computing log-likelihood of 98 initial trees ... 0.520 seconds
Current best score: -24551.027

Do NNI search on 20 best initial trees
Estimate model parameters (epsilon = 0.100)
BETTER TREE FOUND at iteration 1: -24488.441
Estimate model parameters (epsilon = 0.100)
BETTER TREE FOUND at iteration 4: -24486.380
Iteration 10 / LogL: -24508.418 / Time: 0h:0m:1s
Iteration 20 / LogL: -24490.247 / Time: 0h:0m:2s
Finish initializing candidate tree set (9)
Current best tree score: -24486.380 / CPU time: 2.438
Number of iterations: 20
--------------------------------------------------------------------
|               OPTIMIZING CANDIDATE TREE SET                      |
--------------------------------------------------------------------
Iteration 30 / LogL: -24488.805 / Time: 0h:0m:3s (0h:0m:9s left)
Iteration 40 / LogL: -24486.392 / Time: 0h:0m:4s (0h:0m:7s left)
Iteration 50 / LogL: -24488.512 / Time: 0h:0m:5s (0h:0m:5s left)
Iteration 60 / LogL: -24491.824 / Time: 0h:0m:6s (0h:0m:4s left)
Iteration 70 / LogL: -24486.567 / Time: 0h:0m:7s (0h:0m:3s left)
Iteration 80 / LogL: -24488.877 / Time: 0h:0m:8s (0h:0m:2s left)
Iteration 90 / LogL: -24486.395 / Time: 0h:0m:9s (0h:0m:1s left)
Iteration 100 / LogL: -24487.122 / Time: 0h:0m:9s (0h:0m:0s left)
TREE SEARCH COMPLETED AFTER 105 ITERATIONS / Time: 0h:0m:10s

--------------------------------------------------------------------
|                    FINALIZING TREE SEARCH                        |
--------------------------------------------------------------------
Performs final model parameters optimization
Estimate model parameters (epsilon = 0.010)
1. Initial log-likelihood: -24486.380
Optimal log-likelihood: -24486.379
Rate parameters:  A-C: 1.50004  A-G: 4.27683  A-T: 0.75346  C-G: 1.14423  C-T: 6.71500  G-T: 1.00000
Base frequencies:  A: 0.226  C: 0.266  G: 0.315  T: 0.193
Gamma shape alpha: 0.390
Parameters optimization took 1 rounds (0.023 sec)
BEST SCORE FOUND : -24486.379
Total tree length: 3.669

Total number of iterations: 105
CPU time used for tree search: 10.300 sec (0h:0m:10s)
Wall-clock time used for tree search: 10.163 sec (0h:0m:10s)
Total CPU time used: 10.616 sec (0h:0m:10s)
Total wall-clock time used: 10.451 sec (0h:0m:10s)

Analysis results written to: 
  IQ-TREE report:                /workspace/IQTree_TarvD7_Results/ENSG00000197912.nuc.ord.iqtree
  Maximum-likelihood tree:       /workspace/IQTree_TarvD7_Results/ENSG00000197912.nuc.ord.treefile
  Likelihood distances:          /workspace/IQTree_TarvD7_Results/ENSG00000197912.nuc.ord.mldist
  Screen log file:               /workspace/IQTree_TarvD7_Results/ENSG00000197912.nuc.ord.log

Date and Time: Tue May 26 23:28:48 2026
