IQ-TREE version 3.1.2 for Linux x86 64-bit built May  7 2026
Developed by Bui Quang Minh, Thomas Wong, Nhan Ly-Trong, Huaiyan Ren
Contributed by Lam-Tung Nguyen, Dominik Schrempf, Chris Bielow,
Olga Chernomor, Michael Woodhams, Diep Thi Hoang, Heiko Schmidt

Host:    8084c4e79f09 (AVX512, FMA3, 1133 GB RAM)
Command: /workspace/iqtree-3.1.2-Linux/bin/iqtree3_intel -s /workspace/NeuralNJ/empirical/TarvD7/ENSG00000185002.nuc.ord.aln -st DNA -m GTR+G -seed 2201 -pre /workspace/IQTree_TarvD7_Results/ENSG00000185002.nuc.ord -quiet
Seed:    2201 (Using SPRNG - Scalable Parallel Random Number Generator)
Time:    Tue May 26 21:41:42 2026
Kernel:  AVX+FMA - 1 threads (384 CPU cores detected)

HINT: Use -nt option to specify number of threads because your CPU has 384 cores!
HINT: -nt AUTO will automatically determine the best number of threads to use.

Reading alignment file /workspace/NeuralNJ/empirical/TarvD7/ENSG00000185002.nuc.ord.aln ... Fasta format detected
Reading fasta file: done in 0.00163984 secs using 26.47% CPU
Alignment most likely contains DNA/RNA sequences
Constructing alignment: done in 0.0048871 secs using 85.98% CPU
Alignment has 36 sequences with 3036 columns, 1843 distinct patterns
1100 parsimony-informative, 508 singleton sites, 1428 constant sites
                   Gap/Ambiguity  Composition  p-value
Analyzing sequences: done in 0.000190973 secs using 99.49% CPU
   1  P001_Platypus       57.11%    failed      0.00%
   2  P002_Opossum         8.40%    passed     14.28%
   3  P003_Wallaby        31.62%    passed     81.36%
   4  P004_Tenrec         14.33%    failed      0.02%
   5  P005_Rock_hyrax     27.27%    passed     76.96%
   6  P006_Elephant       16.70%    passed     91.35%
   7  P007_Armadillo      17.98%    passed     89.58%
   8  P008_Sloth          46.34%    passed     45.36%
   9  P009_Hedgehog        9.58%    passed     38.46%
  10  P010_Common_shrew   35.57%    failed      3.47%
  11  P011_Dolphin         7.91%    passed     93.65%
  12  P012_Cow             8.50%    passed     87.61%
  13  P013_Pig            17.19%    passed     44.01%
  14  P014_Alpaca         25.99%    passed     98.89%
  15  P015_Horse           8.40%    passed     96.89%
  16  P016_Dog             8.79%    passed     90.75%
  17  P017_Cat            54.05%    failed      3.46%
  18  P018_Megabat        12.85%    passed     55.05%
  19  P019_Microbat       28.36%    passed     57.19%
  20  P020_Rabbit         39.82%    passed     21.26%
  21  P021_Pika           23.42%    passed     77.95%
  22  P022_Squirrel       48.81%    passed     54.85%
  23  P023_Guinea_pig      8.10%    failed      0.00%
  24  P024_Kangaroo_rat   20.65%    passed     56.59%
  25  P025_Mouse           8.00%    passed     91.94%
  26  P026_Rat             8.79%    passed     43.19%
  27  P027_Tree_shrew     11.76%    passed     87.52%
  28  P028_Bushbaby       19.96%    passed     44.56%
  29  P029_Mouse_lemur    57.81%    passed     26.31%
  30  P030_Tarsier        20.85%    passed     86.47%
  31  P031_Marmoset        8.30%    passed     89.27%
  32  P032_Rhesus          7.91%    passed     75.21%
  33  P033_Orangutan       8.60%    passed     75.42%
  34  P034_Gorilla        24.90%    passed     70.09%
  35  P035_Chimp           7.91%    passed     89.63%
  36  P036_Human           8.30%    passed     85.00%
WARNING: 3 sequences contain more than 50% gaps/ambiguity
****  TOTAL               21.41%  5 sequences failed composition chi2 test (p-value<5%; df=3)
Checking for duplicate sequences: done in 0.000228167 secs using 99.93% CPU

Create initial parsimony tree by phylogenetic likelihood library (PLL)... 0.005 seconds

NOTE: 8 MB RAM (0 GB) is required!
Estimate model parameters (epsilon = 0.100)
1. Initial log-likelihood: -28212.810
2. Current log-likelihood: -26502.573
3. Current log-likelihood: -26489.599
Optimal log-likelihood: -26489.547
Rate parameters:  A-C: 1.20670  A-G: 4.10810  A-T: 0.74234  C-G: 1.27613  C-T: 4.89838  G-T: 1.00000
Base frequencies:  A: 0.279  C: 0.249  G: 0.220  T: 0.252
Gamma shape alpha: 0.492
Parameters optimization took 3 rounds (0.254 sec)
Wrote distance file to... 
Computing ML distances based on estimated model parameters...
Calculating distance matrix: done in 0.00517106 secs using 99.98% CPU
Computing ML distances took 0.005427 sec (of wall-clock time) 0.005411 sec (of CPU time)
Setting up auxiliary I and S matrices: done in 8.82149e-05 secs using 281.1% CPU
Constructing RapidNJ tree: done in 0.000134945 secs using 97.08% CPU
Computing RapidNJ tree took 0.000267 sec (of wall-clock time) 0.000422 sec (of CPU time)
Log-likelihood of RapidNJ tree: -26865.419
--------------------------------------------------------------------
|             INITIALIZING CANDIDATE TREE SET                      |
--------------------------------------------------------------------
Generating 98 parsimony trees... 0.423 second
Computing log-likelihood of 98 initial trees ... 0.716 seconds
Current best score: -26489.547

Do NNI search on 20 best initial trees
Estimate model parameters (epsilon = 0.100)
BETTER TREE FOUND at iteration 1: -26486.612
Iteration 10 / LogL: -26488.942 / Time: 0h:0m:2s
Iteration 20 / LogL: -26512.685 / Time: 0h:0m:3s
Finish initializing candidate tree set (10)
Current best tree score: -26486.612 / CPU time: 3.411
Number of iterations: 20
--------------------------------------------------------------------
|               OPTIMIZING CANDIDATE TREE SET                      |
--------------------------------------------------------------------
Iteration 30 / LogL: -26486.975 / Time: 0h:0m:5s (0h:0m:12s left)
Iteration 40 / LogL: -26516.934 / Time: 0h:0m:6s (0h:0m:10s left)
Iteration 50 / LogL: -26487.490 / Time: 0h:0m:8s (0h:0m:8s left)
Iteration 60 / LogL: -26496.987 / Time: 0h:0m:9s (0h:0m:6s left)
UPDATE BEST LOG-LIKELIHOOD: -26486.611
Iteration 70 / LogL: -26512.764 / Time: 0h:0m:10s (0h:0m:4s left)
Iteration 80 / LogL: -26487.839 / Time: 0h:0m:11s (0h:0m:3s left)
Iteration 90 / LogL: -26488.240 / Time: 0h:0m:13s (0h:0m:1s left)
UPDATE BEST LOG-LIKELIHOOD: -26486.610
Iteration 100 / LogL: -26486.616 / Time: 0h:0m:14s (0h:0m:0s left)
TREE SEARCH COMPLETED AFTER 102 ITERATIONS / Time: 0h:0m:14s

--------------------------------------------------------------------
|                    FINALIZING TREE SEARCH                        |
--------------------------------------------------------------------
Performs final model parameters optimization
Estimate model parameters (epsilon = 0.010)
1. Initial log-likelihood: -26486.610
Optimal log-likelihood: -26486.608
Rate parameters:  A-C: 1.20374  A-G: 4.10758  A-T: 0.74139  C-G: 1.27117  C-T: 4.90299  G-T: 1.00000
Base frequencies:  A: 0.279  C: 0.249  G: 0.220  T: 0.252
Gamma shape alpha: 0.490
Parameters optimization took 1 rounds (0.032 sec)
BEST SCORE FOUND : -26486.608
Total tree length: 2.855

Total number of iterations: 102
CPU time used for tree search: 14.645 sec (0h:0m:14s)
Wall-clock time used for tree search: 14.509 sec (0h:0m:14s)
Total CPU time used: 15.034 sec (0h:0m:15s)
Total wall-clock time used: 14.860 sec (0h:0m:14s)

Analysis results written to: 
  IQ-TREE report:                /workspace/IQTree_TarvD7_Results/ENSG00000185002.nuc.ord.iqtree
  Maximum-likelihood tree:       /workspace/IQTree_TarvD7_Results/ENSG00000185002.nuc.ord.treefile
  Likelihood distances:          /workspace/IQTree_TarvD7_Results/ENSG00000185002.nuc.ord.mldist
  Screen log file:               /workspace/IQTree_TarvD7_Results/ENSG00000185002.nuc.ord.log

Date and Time: Tue May 26 21:41:57 2026
