IQ-TREE version 3.1.2 for Linux x86 64-bit built May  7 2026
Developed by Bui Quang Minh, Thomas Wong, Nhan Ly-Trong, Huaiyan Ren
Contributed by Lam-Tung Nguyen, Dominik Schrempf, Chris Bielow,
Olga Chernomor, Michael Woodhams, Diep Thi Hoang, Heiko Schmidt

Host:    8084c4e79f09 (AVX512, FMA3, 1133 GB RAM)
Command: /workspace/iqtree-3.1.2-Linux/bin/iqtree3_intel -s /workspace/NeuralNJ/empirical/TarvD7/ENSG00000068001.nuc.ord.aln -st DNA -m GTR+G -seed 2201 -pre /workspace/IQTree_TarvD7_Results/ENSG00000068001.nuc.ord -quiet
Seed:    2201 (Using SPRNG - Scalable Parallel Random Number Generator)
Time:    Mon May 25 19:33:43 2026
Kernel:  AVX+FMA - 1 threads (384 CPU cores detected)

HINT: Use -nt option to specify number of threads because your CPU has 384 cores!
HINT: -nt AUTO will automatically determine the best number of threads to use.

Reading alignment file /workspace/NeuralNJ/empirical/TarvD7/ENSG00000068001.nuc.ord.aln ... Fasta format detected
Reading fasta file: done in 0.000490904 secs using 20.98% CPU
Alignment most likely contains DNA/RNA sequences
Constructing alignment: done in 0.00183082 secs using 80.46% CPU
Alignment has 33 sequences with 1563 columns, 1018 distinct patterns
703 parsimony-informative, 251 singleton sites, 609 constant sites
                   Gap/Ambiguity  Composition  p-value
Analyzing sequences: done in 5.00679e-05 secs
   1  P001_Platypus       10.94%    failed      3.70%
   2  P002_Opossum         8.45%    passed     23.31%
   3  P004_Tenrec         15.16%    failed      0.00%
   4  P005_Rock_hyrax      9.02%    passed     93.71%
   5  P006_Elephant        9.21%    passed     99.39%
   6  P007_Armadillo      33.21%    failed      0.00%
   7  P008_Sloth          42.03%    passed     97.02%
   8  P009_Hedgehog        9.21%    passed     55.01%
   9  P010_Common_shrew    8.83%    passed     80.28%
  10  P011_Dolphin         8.64%    passed     88.82%
  11  P012_Cow             9.21%    passed     53.19%
  12  P013_Pig             8.45%    passed     64.49%
  13  P015_Horse           8.64%    passed     86.88%
  14  P016_Dog             9.40%    passed     77.02%
  15  P017_Cat             9.21%    passed     93.87%
  16  P018_Megabat         8.83%    passed     74.00%
  17  P019_Microbat       14.01%    failed      0.00%
  18  P020_Rabbit         32.63%    failed      1.29%
  19  P021_Pika            9.21%    passed     54.98%
  20  P022_Squirrel        9.60%    failed      0.11%
  21  P023_Guinea_pig     14.20%    failed      1.23%
  22  P024_Kangaroo_rat    9.40%    failed      4.12%
  23  P025_Mouse           9.21%    passed     29.83%
  24  P026_Rat             9.21%    passed      9.69%
  25  P027_Tree_shrew     21.31%    failed      3.55%
  26  P029_Mouse_lemur     9.21%    passed     92.14%
  27  P030_Tarsier        54.51%    passed     86.93%
  28  P031_Marmoset        9.21%    passed     71.38%
  29  P032_Rhesus          9.21%    passed     97.25%
  30  P033_Orangutan       9.21%    passed     92.39%
  31  P034_Gorilla        34.55%    failed      0.00%
  32  P035_Chimp           9.21%    passed     84.09%
  33  P036_Human           9.21%    passed     81.89%
WARNING: 1 sequences contain more than 50% gaps/ambiguity
****  TOTAL               14.59%  10 sequences failed composition chi2 test (p-value<5%; df=3)
Checking for duplicate sequences: done in 0.000118971 secs using 42.03% CPU

Create initial parsimony tree by phylogenetic likelihood library (PLL)... 0.002 seconds

NOTE: 4 MB RAM (0 GB) is required!
Estimate model parameters (epsilon = 0.100)
1. Initial log-likelihood: -17915.702
2. Current log-likelihood: -16844.696
3. Current log-likelihood: -16812.687
4. Current log-likelihood: -16811.786
Optimal log-likelihood: -16811.760
Rate parameters:  A-C: 1.53149  A-G: 5.79754  A-T: 1.52531  C-G: 0.86982  C-T: 5.90088  G-T: 1.00000
Base frequencies:  A: 0.190  C: 0.319  G: 0.292  T: 0.199
Gamma shape alpha: 0.519
Parameters optimization took 4 rounds (0.197 sec)
Wrote distance file to... 
Computing ML distances based on estimated model parameters...
Calculating distance matrix: done in 0.00288701 secs using 99.31% CPU
Computing ML distances took 0.003276 sec (of wall-clock time) 0.003248 sec (of CPU time)
Setting up auxiliary I and S matrices: done in 0.000167131 secs using 99.32% CPU
Constructing RapidNJ tree: done in 0.000274181 secs using 34.28% CPU
Computing RapidNJ tree took 0.000517 sec (of wall-clock time) 0.000314 sec (of CPU time)
Log-likelihood of RapidNJ tree: -16885.838
--------------------------------------------------------------------
|             INITIALIZING CANDIDATE TREE SET                      |
--------------------------------------------------------------------
Generating 98 parsimony trees... 0.256 second
Computing log-likelihood of 98 initial trees ... 0.366 seconds
Current best score: -16764.661

Do NNI search on 20 best initial trees
Estimate model parameters (epsilon = 0.100)
BETTER TREE FOUND at iteration 1: -16723.444
Estimate model parameters (epsilon = 0.100)
BETTER TREE FOUND at iteration 6: -16723.419
Iteration 10 / LogL: -16740.932 / Time: 0h:0m:1s
Iteration 20 / LogL: -16785.234 / Time: 0h:0m:2s
Finish initializing candidate tree set (6)
Current best tree score: -16723.419 / CPU time: 1.925
Number of iterations: 20
--------------------------------------------------------------------
|               OPTIMIZING CANDIDATE TREE SET                      |
--------------------------------------------------------------------
Estimate model parameters (epsilon = 0.100)
BETTER TREE FOUND at iteration 29: -16717.515
Estimate model parameters (epsilon = 0.100)
BETTER TREE FOUND at iteration 30: -16717.287
Iteration 30 / LogL: -16717.287 / Time: 0h:0m:2s (0h:0m:10s left)
UPDATE BEST LOG-LIKELIHOOD: -16717.285
Iteration 40 / LogL: -16723.494 / Time: 0h:0m:3s (0h:0m:8s left)
UPDATE BEST LOG-LIKELIHOOD: -16717.284
UPDATE BEST LOG-LIKELIHOOD: -16717.283
Iteration 50 / LogL: -16717.295 / Time: 0h:0m:4s (0h:0m:6s left)
Estimate model parameters (epsilon = 0.100)
BETTER TREE FOUND at iteration 57: -16717.183
Iteration 60 / LogL: -16717.704 / Time: 0h:0m:4s (0h:0m:8s left)
Iteration 70 / LogL: -16717.331 / Time: 0h:0m:5s (0h:0m:7s left)
Iteration 80 / LogL: -16717.183 / Time: 0h:0m:6s (0h:0m:6s left)
Iteration 90 / LogL: -16717.513 / Time: 0h:0m:6s (0h:0m:5s left)
Iteration 100 / LogL: -16717.319 / Time: 0h:0m:7s (0h:0m:4s left)
Iteration 110 / LogL: -16717.557 / Time: 0h:0m:8s (0h:0m:3s left)
Iteration 120 / LogL: -16717.283 / Time: 0h:0m:8s (0h:0m:2s left)
Iteration 130 / LogL: -16717.227 / Time: 0h:0m:9s (0h:0m:1s left)
Iteration 140 / LogL: -16717.284 / Time: 0h:0m:9s (0h:0m:1s left)
Iteration 150 / LogL: -16717.183 / Time: 0h:0m:10s (0h:0m:0s left)
TREE SEARCH COMPLETED AFTER 158 ITERATIONS / Time: 0h:0m:11s

--------------------------------------------------------------------
|                    FINALIZING TREE SEARCH                        |
--------------------------------------------------------------------
Performs final model parameters optimization
Estimate model parameters (epsilon = 0.010)
1. Initial log-likelihood: -16717.183
Optimal log-likelihood: -16717.182
Rate parameters:  A-C: 1.56445  A-G: 5.77721  A-T: 1.46690  C-G: 0.81879  C-T: 5.95321  G-T: 1.00000
Base frequencies:  A: 0.190  C: 0.319  G: 0.292  T: 0.199
Gamma shape alpha: 0.520
Parameters optimization took 1 rounds (0.016 sec)
BEST SCORE FOUND : -16717.182
Total tree length: 4.116

Total number of iterations: 158
CPU time used for tree search: 11.008 sec (0h:0m:11s)
Wall-clock time used for tree search: 10.859 sec (0h:0m:10s)
Total CPU time used: 11.272 sec (0h:0m:11s)
Total wall-clock time used: 11.107 sec (0h:0m:11s)

Analysis results written to: 
  IQ-TREE report:                /workspace/IQTree_TarvD7_Results/ENSG00000068001.nuc.ord.iqtree
  Maximum-likelihood tree:       /workspace/IQTree_TarvD7_Results/ENSG00000068001.nuc.ord.treefile
  Likelihood distances:          /workspace/IQTree_TarvD7_Results/ENSG00000068001.nuc.ord.mldist
  Screen log file:               /workspace/IQTree_TarvD7_Results/ENSG00000068001.nuc.ord.log

Date and Time: Mon May 25 19:33:54 2026
