IQ-TREE version 3.1.2 for Linux x86 64-bit built May  7 2026
Developed by Bui Quang Minh, Thomas Wong, Nhan Ly-Trong, Huaiyan Ren
Contributed by Lam-Tung Nguyen, Dominik Schrempf, Chris Bielow,
Olga Chernomor, Michael Woodhams, Diep Thi Hoang, Heiko Schmidt

Host:    8084c4e79f09 (AVX512, FMA3, 1133 GB RAM)
Command: /workspace/iqtree-3.1.2-Linux/bin/iqtree3_intel -s /workspace/NeuralNJ/empirical/TarvD7/ENSG00000103811.nuc.ord.aln -st DNA -m GTR+G -seed 2201 -pre /workspace/IQTree_TarvD7_Results/ENSG00000103811.nuc.ord -quiet
Seed:    2201 (Using SPRNG - Scalable Parallel Random Number Generator)
Time:    Mon May 25 23:29:07 2026
Kernel:  AVX+FMA - 1 threads (384 CPU cores detected)

HINT: Use -nt option to specify number of threads because your CPU has 384 cores!
HINT: -nt AUTO will automatically determine the best number of threads to use.

Reading alignment file /workspace/NeuralNJ/empirical/TarvD7/ENSG00000103811.nuc.ord.aln ... Fasta format detected
Reading fasta file: done in 0.000411034 secs using 19.95% CPU
Alignment most likely contains DNA/RNA sequences
Constructing alignment: done in 0.00149703 secs using 47.56% CPU
Alignment has 32 sequences with 1299 columns, 664 distinct patterns
412 parsimony-informative, 163 singleton sites, 724 constant sites
                   Gap/Ambiguity  Composition  p-value
Analyzing sequences: done in 3.29018e-05 secs using 100.3% CPU
   1  P001_Platypus       76.67%    passed     55.25%
   2  P002_Opossum        23.09%    failed      0.00%
   3  P003_Wallaby        42.49%    failed      0.00%
   4  P004_Tenrec         54.73%    passed     17.95%
   5  P006_Elephant       50.12%    passed     45.17%
   6  P007_Armadillo      60.28%    failed      0.78%
   7  P010_Common_shrew   39.95%    passed     73.70%
   8  P011_Dolphin        29.10%    passed     64.64%
   9  P012_Cow            22.63%    passed     52.59%
  10  P013_Pig            22.63%    passed     77.17%
  11  P014_Alpaca         59.12%    passed     34.61%
  12  P015_Horse          29.56%    passed     83.11%
  13  P016_Dog            22.86%    passed      8.86%
  14  P017_Cat            37.88%    passed     31.02%
  15  P018_Megabat        22.63%    failed      2.26%
  16  P019_Microbat       55.20%    failed      0.02%
  17  P020_Rabbit         54.04%    passed      8.33%
  18  P021_Pika           60.28%    passed     87.77%
  19  P022_Squirrel       66.97%    passed     61.77%
  20  P023_Guinea_pig     22.63%    passed     97.44%
  21  P024_Kangaroo_rat   36.26%    passed     16.93%
  22  P025_Mouse          23.09%    passed     26.63%
  23  P026_Rat            23.09%    passed     60.39%
  24  P027_Tree_shrew     34.87%    passed     50.81%
  25  P028_Bushbaby       43.19%    passed     84.60%
  26  P030_Tarsier        66.51%    passed     42.28%
  27  P031_Marmoset       22.40%    passed     34.52%
  28  P032_Rhesus         22.63%    passed     97.94%
  29  P033_Orangutan      31.87%    passed     73.62%
  30  P034_Gorilla        29.79%    passed     85.54%
  31  P035_Chimp          22.63%    passed     85.51%
  32  P036_Human          22.63%    passed     90.60%
WARNING: 10 sequences contain more than 50% gaps/ambiguity
****  TOTAL               38.50%  5 sequences failed composition chi2 test (p-value<5%; df=3)
Checking for duplicate sequences: done in 9.48906e-05 secs using 99.06% CPU

Create initial parsimony tree by phylogenetic likelihood library (PLL)... 0.002 seconds

NOTE: 2 MB RAM (0 GB) is required!
Estimate model parameters (epsilon = 0.100)
1. Initial log-likelihood: -10307.687
2. Current log-likelihood: -9630.530
3. Current log-likelihood: -9620.266
4. Current log-likelihood: -9620.111
Optimal log-likelihood: -9620.100
Rate parameters:  A-C: 2.31448  A-G: 5.10762  A-T: 1.38283  C-G: 2.02337  C-T: 7.41463  G-T: 1.00000
Base frequencies:  A: 0.262  C: 0.261  G: 0.263  T: 0.214
Gamma shape alpha: 0.441
Parameters optimization took 4 rounds (0.115 sec)
Wrote distance file to... 
Computing ML distances based on estimated model parameters...
Calculating distance matrix: done in 0.00303602 secs using 100% CPU
Computing ML distances took 0.003135 sec (of wall-clock time) 0.003133 sec (of CPU time)
WARNING: Some pairwise ML distances are too long (saturated)
Setting up auxiliary I and S matrices: done in 7.48634e-05 secs using 303.2% CPU
Constructing RapidNJ tree: done in 0.000110865 secs using 58.63% CPU
Computing RapidNJ tree took 0.000238 sec (of wall-clock time) 0.000326 sec (of CPU time)
Log-likelihood of RapidNJ tree: -9684.744
--------------------------------------------------------------------
|             INITIALIZING CANDIDATE TREE SET                      |
--------------------------------------------------------------------
Generating 98 parsimony trees... 0.155 second
Computing log-likelihood of 98 initial trees ... 0.240 seconds
Current best score: -9607.539

Do NNI search on 20 best initial trees
Estimate model parameters (epsilon = 0.100)
BETTER TREE FOUND at iteration 1: -9574.321
Estimate model parameters (epsilon = 0.100)
BETTER TREE FOUND at iteration 2: -9573.767
Iteration 10 / LogL: -9584.504 / Time: 0h:0m:0s
Iteration 20 / LogL: -9586.541 / Time: 0h:0m:1s
Finish initializing candidate tree set (16)
Current best tree score: -9573.767 / CPU time: 1.216
Number of iterations: 20
--------------------------------------------------------------------
|               OPTIMIZING CANDIDATE TREE SET                      |
--------------------------------------------------------------------
Iteration 30 / LogL: -9573.841 / Time: 0h:0m:1s (0h:0m:4s left)
Iteration 40 / LogL: -9574.590 / Time: 0h:0m:2s (0h:0m:3s left)
Iteration 50 / LogL: -9574.548 / Time: 0h:0m:2s (0h:0m:2s left)
Iteration 60 / LogL: -9573.933 / Time: 0h:0m:2s (0h:0m:2s left)
Iteration 70 / LogL: -9585.126 / Time: 0h:0m:3s (0h:0m:1s left)
Iteration 80 / LogL: -9586.717 / Time: 0h:0m:3s (0h:0m:1s left)
Iteration 90 / LogL: -9573.799 / Time: 0h:0m:4s (0h:0m:0s left)
Iteration 100 / LogL: -9573.890 / Time: 0h:0m:4s (0h:0m:0s left)
TREE SEARCH COMPLETED AFTER 103 ITERATIONS / Time: 0h:0m:4s

--------------------------------------------------------------------
|                    FINALIZING TREE SEARCH                        |
--------------------------------------------------------------------
Performs final model parameters optimization
Estimate model parameters (epsilon = 0.010)
1. Initial log-likelihood: -9573.767
Optimal log-likelihood: -9573.765
Rate parameters:  A-C: 2.27429  A-G: 5.15572  A-T: 1.30643  C-G: 1.93165  C-T: 7.44048  G-T: 1.00000
Base frequencies:  A: 0.262  C: 0.261  G: 0.263  T: 0.214
Gamma shape alpha: 0.453
Parameters optimization took 1 rounds (0.010 sec)
BEST SCORE FOUND : -9573.765
Total tree length: 3.583

Total number of iterations: 103
CPU time used for tree search: 4.601 sec (0h:0m:4s)
Wall-clock time used for tree search: 4.449 sec (0h:0m:4s)
Total CPU time used: 4.767 sec (0h:0m:4s)
Total wall-clock time used: 4.602 sec (0h:0m:4s)

Analysis results written to: 
  IQ-TREE report:                /workspace/IQTree_TarvD7_Results/ENSG00000103811.nuc.ord.iqtree
  Maximum-likelihood tree:       /workspace/IQTree_TarvD7_Results/ENSG00000103811.nuc.ord.treefile
  Likelihood distances:          /workspace/IQTree_TarvD7_Results/ENSG00000103811.nuc.ord.mldist
  Screen log file:               /workspace/IQTree_TarvD7_Results/ENSG00000103811.nuc.ord.log

Date and Time: Mon May 25 23:29:12 2026
