IQ-TREE version 3.1.2 for Linux x86 64-bit built May  7 2026
Developed by Bui Quang Minh, Thomas Wong, Nhan Ly-Trong, Huaiyan Ren
Contributed by Lam-Tung Nguyen, Dominik Schrempf, Chris Bielow,
Olga Chernomor, Michael Woodhams, Diep Thi Hoang, Heiko Schmidt

Host:    8084c4e79f09 (AVX512, FMA3, 1133 GB RAM)
Command: /workspace/iqtree-3.1.2-Linux/bin/iqtree3_intel -s /workspace/NeuralNJ/empirical/TarvD7/ENSG00000141655.nuc.ord.aln -st DNA -m GTR+G -seed 2201 -pre /workspace/IQTree_TarvD7_Results/ENSG00000141655.nuc.ord -quiet
Seed:    2201 (Using SPRNG - Scalable Parallel Random Number Generator)
Time:    Tue May 26 09:58:35 2026
Kernel:  AVX+FMA - 1 threads (384 CPU cores detected)

HINT: Use -nt option to specify number of threads because your CPU has 384 cores!
HINT: -nt AUTO will automatically determine the best number of threads to use.

Reading alignment file /workspace/NeuralNJ/empirical/TarvD7/ENSG00000141655.nuc.ord.aln ... Fasta format detected
Reading fasta file: done in 0.000684023 secs using 99.85% CPU
Alignment most likely contains DNA/RNA sequences
Constructing alignment: done in 0.00296783 secs using 85.28% CPU
Alignment has 30 sequences with 2430 columns, 1604 distinct patterns
1028 parsimony-informative, 418 singleton sites, 984 constant sites
                   Gap/Ambiguity  Composition  p-value
Analyzing sequences: done in 9.60827e-05 secs using 99.91% CPU
   1  P001_Platypus       40.25%    failed      1.42%
   2  P002_Opossum        24.57%    failed      0.00%
   3  P003_Wallaby        52.10%    failed      0.00%
   4  P004_Tenrec         49.26%    passed     52.67%
   5  P006_Elephant       28.77%    passed     22.69%
   6  P007_Armadillo      44.20%    failed      0.05%
   7  P008_Sloth          31.23%    passed     79.22%
   8  P009_Hedgehog       40.25%    failed      0.19%
   9  P011_Dolphin        36.67%    passed     79.07%
  10  P012_Cow            24.20%    failed      0.00%
  11  P013_Pig            23.70%    passed     45.17%
  12  P015_Horse          34.32%    passed      8.30%
  13  P016_Dog            30.25%    passed     66.99%
  14  P018_Megabat        36.17%    passed     43.08%
  15  P019_Microbat       32.47%    passed     12.48%
  16  P020_Rabbit         33.83%    failed      0.23%
  17  P021_Pika           43.83%    passed     29.34%
  18  P023_Guinea_pig     35.19%    failed      0.92%
  19  P024_Kangaroo_rat   52.47%    failed      0.25%
  20  P025_Mouse          22.84%    passed     97.51%
  21  P026_Rat            25.43%    passed     42.51%
  22  P027_Tree_shrew     40.62%    passed     65.35%
  23  P029_Mouse_lemur    39.75%    passed     69.30%
  24  P030_Tarsier        45.31%    passed     96.50%
  25  P031_Marmoset       35.80%    passed     47.40%
  26  P032_Rhesus         81.60%    passed     84.43%
  27  P033_Orangutan      23.95%    passed     98.86%
  28  P034_Gorilla        39.75%    passed     88.07%
  29  P035_Chimp          23.83%    passed     96.67%
  30  P036_Human          23.95%    passed     97.06%
WARNING: 3 sequences contain more than 50% gaps/ambiguity
****  TOTAL               36.55%  9 sequences failed composition chi2 test (p-value<5%; df=3)
Checking for duplicate sequences: done in 0.000128984 secs using 100.8% CPU

Create initial parsimony tree by phylogenetic likelihood library (PLL)... 0.003 seconds

NOTE: 6 MB RAM (0 GB) is required!
Estimate model parameters (epsilon = 0.100)
1. Initial log-likelihood: -24032.510
2. Current log-likelihood: -22807.718
3. Current log-likelihood: -22793.029
4. Current log-likelihood: -22792.929
Optimal log-likelihood: -22792.903
Rate parameters:  A-C: 1.49865  A-G: 3.87332  A-T: 0.95995  C-G: 1.71961  C-T: 5.14158  G-T: 1.00000
Base frequencies:  A: 0.219  C: 0.285  G: 0.302  T: 0.194
Gamma shape alpha: 0.849
Parameters optimization took 4 rounds (0.217 sec)
Wrote distance file to... 
Computing ML distances based on estimated model parameters...
Calculating distance matrix: done in 0.00264597 secs using 99.96% CPU
Computing ML distances took 0.002817 sec (of wall-clock time) 0.002817 sec (of CPU time)
Setting up auxiliary I and S matrices: done in 0.000162125 secs using 93.76% CPU
Constructing RapidNJ tree: done in 0.000255108 secs using 93.69% CPU
Computing RapidNJ tree took 0.000525 sec (of wall-clock time) 0.000492 sec (of CPU time)
Log-likelihood of RapidNJ tree: -22993.746
--------------------------------------------------------------------
|             INITIALIZING CANDIDATE TREE SET                      |
--------------------------------------------------------------------
Generating 98 parsimony trees... 0.287 second
Computing log-likelihood of 98 initial trees ... 0.520 seconds
Current best score: -22792.903

Do NNI search on 20 best initial trees
Estimate model parameters (epsilon = 0.100)
BETTER TREE FOUND at iteration 1: -22772.882
Iteration 10 / LogL: -22772.962 / Time: 0h:0m:1s
Iteration 20 / LogL: -22772.887 / Time: 0h:0m:2s
Finish initializing candidate tree set (1)
Current best tree score: -22772.882 / CPU time: 2.527
Number of iterations: 20
--------------------------------------------------------------------
|               OPTIMIZING CANDIDATE TREE SET                      |
--------------------------------------------------------------------
Iteration 30 / LogL: -22774.112 / Time: 0h:0m:3s (0h:0m:9s left)
Iteration 40 / LogL: -22773.188 / Time: 0h:0m:4s (0h:0m:7s left)
Iteration 50 / LogL: -22786.530 / Time: 0h:0m:5s (0h:0m:5s left)
Iteration 60 / LogL: -22773.368 / Time: 0h:0m:6s (0h:0m:4s left)
Iteration 70 / LogL: -22772.908 / Time: 0h:0m:7s (0h:0m:3s left)
Iteration 80 / LogL: -22772.891 / Time: 0h:0m:8s (0h:0m:2s left)
Iteration 90 / LogL: -22786.552 / Time: 0h:0m:9s (0h:0m:1s left)
Iteration 100 / LogL: -22772.891 / Time: 0h:0m:10s (0h:0m:0s left)
TREE SEARCH COMPLETED AFTER 102 ITERATIONS / Time: 0h:0m:10s

--------------------------------------------------------------------
|                    FINALIZING TREE SEARCH                        |
--------------------------------------------------------------------
Performs final model parameters optimization
Estimate model parameters (epsilon = 0.010)
1. Initial log-likelihood: -22772.882
Optimal log-likelihood: -22772.877
Rate parameters:  A-C: 1.50420  A-G: 3.89468  A-T: 0.95624  C-G: 1.70485  C-T: 5.13269  G-T: 1.00000
Base frequencies:  A: 0.219  C: 0.285  G: 0.302  T: 0.194
Gamma shape alpha: 0.854
Parameters optimization took 1 rounds (0.022 sec)
BEST SCORE FOUND : -22772.877
Total tree length: 4.370

Total number of iterations: 102
CPU time used for tree search: 10.404 sec (0h:0m:10s)
Wall-clock time used for tree search: 10.253 sec (0h:0m:10s)
Total CPU time used: 10.721 sec (0h:0m:10s)
Total wall-clock time used: 10.539 sec (0h:0m:10s)

Analysis results written to: 
  IQ-TREE report:                /workspace/IQTree_TarvD7_Results/ENSG00000141655.nuc.ord.iqtree
  Maximum-likelihood tree:       /workspace/IQTree_TarvD7_Results/ENSG00000141655.nuc.ord.treefile
  Likelihood distances:          /workspace/IQTree_TarvD7_Results/ENSG00000141655.nuc.ord.mldist
  Screen log file:               /workspace/IQTree_TarvD7_Results/ENSG00000141655.nuc.ord.log

Date and Time: Tue May 26 09:58:45 2026
