IQ-TREE version 3.1.2 for Linux x86 64-bit built May  7 2026
Developed by Bui Quang Minh, Thomas Wong, Nhan Ly-Trong, Huaiyan Ren
Contributed by Lam-Tung Nguyen, Dominik Schrempf, Chris Bielow,
Olga Chernomor, Michael Woodhams, Diep Thi Hoang, Heiko Schmidt

Host:    8084c4e79f09 (AVX512, FMA3, 1133 GB RAM)
Command: /workspace/iqtree-3.1.2-Linux/bin/iqtree3_intel -s /workspace/NeuralNJ/empirical/TarvD7/ENSG00000137801.nuc.ord.aln -st DNA -m GTR+G -seed 2201 -pre /workspace/IQTree_TarvD7_Results/ENSG00000137801.nuc.ord -quiet
Seed:    2201 (Using SPRNG - Scalable Parallel Random Number Generator)
Time:    Tue May 26 08:32:54 2026
Kernel:  AVX+FMA - 1 threads (384 CPU cores detected)

HINT: Use -nt option to specify number of threads because your CPU has 384 cores!
HINT: -nt AUTO will automatically determine the best number of threads to use.

Reading alignment file /workspace/NeuralNJ/empirical/TarvD7/ENSG00000137801.nuc.ord.aln ... Fasta format detected
Reading fasta file: done in 0.00125098 secs using 67.79% CPU
Alignment most likely contains DNA/RNA sequences
Constructing alignment: done in 0.00497413 secs using 100% CPU
Alignment has 35 sequences with 4008 columns, 1772 distinct patterns
1098 parsimony-informative, 489 singleton sites, 2421 constant sites
                   Gap/Ambiguity  Composition  p-value
Analyzing sequences: done in 9.10759e-05 secs using 99.92% CPU
   1  P001_Platypus       32.34%    failed      0.00%
   2  P002_Opossum        11.75%    failed      0.00%
   3  P003_Wallaby        23.73%    failed      0.00%
   4  P004_Tenrec         13.47%    failed      0.02%
   5  P005_Rock_hyrax     15.42%    passed     48.83%
   6  P006_Elephant       30.54%    passed     10.97%
   7  P007_Armadillo      30.46%    passed     41.47%
   8  P008_Sloth          55.16%    passed     14.25%
   9  P009_Hedgehog       46.18%    passed     52.82%
  10  P010_Common_shrew   12.87%    passed     80.76%
  11  P011_Dolphin        14.37%    passed     35.94%
  12  P012_Cow            12.43%    passed     68.74%
  13  P013_Pig            11.90%    passed     82.86%
  14  P014_Alpaca         41.09%    passed     81.98%
  15  P015_Horse          12.43%    passed     88.53%
  16  P016_Dog             8.23%    passed     44.85%
  17  P017_Cat            12.65%    passed     84.11%
  18  P018_Megabat        36.53%    passed     96.05%
  19  P019_Microbat       16.69%    failed      0.07%
  20  P020_Rabbit         14.82%    passed     60.93%
  21  P021_Pika           33.91%    passed     90.40%
  22  P022_Squirrel       29.34%    failed      0.04%
  23  P023_Guinea_pig     12.28%    passed     29.85%
  24  P024_Kangaroo_rat   22.38%    failed      0.00%
  25  P025_Mouse          12.35%    passed     51.10%
  26  P027_Tree_shrew     12.87%    passed     66.85%
  27  P028_Bushbaby       22.53%    passed     87.95%
  28  P029_Mouse_lemur    17.59%    passed      7.21%
  29  P030_Tarsier        16.02%    passed     35.80%
  30  P031_Marmoset        8.38%    passed     89.43%
  31  P032_Rhesus         12.43%    passed     99.29%
  32  P033_Orangutan      12.43%    passed     89.68%
  33  P034_Gorilla        13.62%    passed     87.87%
  34  P035_Chimp          12.43%    passed     90.14%
  35  P036_Human          12.43%    passed     91.39%
WARNING: 1 sequences contain more than 50% gaps/ambiguity
****  TOTAL               20.12%  7 sequences failed composition chi2 test (p-value<5%; df=3)
Checking for duplicate sequences: done in 0.000157833 secs using 100.1% CPU

Create initial parsimony tree by phylogenetic likelihood library (PLL)... 0.003 seconds

NOTE: 8 MB RAM (0 GB) is required!
Estimate model parameters (epsilon = 0.100)
1. Initial log-likelihood: -32662.343
2. Current log-likelihood: -29694.878
3. Current log-likelihood: -29640.332
4. Current log-likelihood: -29639.454
Optimal log-likelihood: -29639.414
Rate parameters:  A-C: 1.84398  A-G: 5.26863  A-T: 1.18685  C-G: 1.46960  C-T: 12.58475  G-T: 1.00000
Base frequencies:  A: 0.248  C: 0.276  G: 0.277  T: 0.199
Gamma shape alpha: 0.299
Parameters optimization took 4 rounds (0.318 sec)
Wrote distance file to... 
Computing ML distances based on estimated model parameters...
Calculating distance matrix: done in 0.003829 secs using 99.87% CPU
Computing ML distances took 0.004057 sec (of wall-clock time) 0.004054 sec (of CPU time)
Setting up auxiliary I and S matrices: done in 0.000167847 secs using 99.5% CPU
Constructing RapidNJ tree: done in 0.000302076 secs using 245% CPU
Computing RapidNJ tree took 0.000536 sec (of wall-clock time) 0.000944 sec (of CPU time)
Log-likelihood of RapidNJ tree: -29623.303
--------------------------------------------------------------------
|             INITIALIZING CANDIDATE TREE SET                      |
--------------------------------------------------------------------
Generating 98 parsimony trees... 0.431 second
Computing log-likelihood of 98 initial trees ... 0.655 seconds
Current best score: -29623.303

Do NNI search on 20 best initial trees
Estimate model parameters (epsilon = 0.100)
BETTER TREE FOUND at iteration 1: -29545.701
Estimate model parameters (epsilon = 0.100)
BETTER TREE FOUND at iteration 8: -29527.498
Iteration 10 / LogL: -29553.653 / Time: 0h:0m:2s
Estimate model parameters (epsilon = 0.100)
BETTER TREE FOUND at iteration 19: -29507.466
Iteration 20 / LogL: -29592.953 / Time: 0h:0m:3s
Finish initializing candidate tree set (8)
Current best tree score: -29507.466 / CPU time: 3.418
Number of iterations: 20
--------------------------------------------------------------------
|               OPTIMIZING CANDIDATE TREE SET                      |
--------------------------------------------------------------------
Estimate model parameters (epsilon = 0.100)
BETTER TREE FOUND at iteration 22: -29501.747
Iteration 30 / LogL: -29502.120 / Time: 0h:0m:4s (0h:0m:15s left)
Iteration 40 / LogL: -29570.205 / Time: 0h:0m:6s (0h:0m:12s left)
Iteration 50 / LogL: -29506.968 / Time: 0h:0m:7s (0h:0m:10s left)
Iteration 60 / LogL: -29507.774 / Time: 0h:0m:8s (0h:0m:8s left)
Iteration 70 / LogL: -29512.399 / Time: 0h:0m:9s (0h:0m:6s left)
Iteration 80 / LogL: -29510.386 / Time: 0h:0m:10s (0h:0m:5s left)
Iteration 90 / LogL: -29501.776 / Time: 0h:0m:11s (0h:0m:3s left)
Iteration 100 / LogL: -29512.655 / Time: 0h:0m:12s (0h:0m:2s left)
Iteration 110 / LogL: -29507.172 / Time: 0h:0m:13s (0h:0m:1s left)
Iteration 120 / LogL: -29505.535 / Time: 0h:0m:14s (0h:0m:0s left)
TREE SEARCH COMPLETED AFTER 123 ITERATIONS / Time: 0h:0m:14s

--------------------------------------------------------------------
|                    FINALIZING TREE SEARCH                        |
--------------------------------------------------------------------
Performs final model parameters optimization
Estimate model parameters (epsilon = 0.010)
1. Initial log-likelihood: -29501.747
Optimal log-likelihood: -29501.746
Rate parameters:  A-C: 1.97828  A-G: 5.68022  A-T: 1.19368  C-G: 1.51895  C-T: 13.86148  G-T: 1.00000
Base frequencies:  A: 0.248  C: 0.276  G: 0.277  T: 0.199
Gamma shape alpha: 0.302
Parameters optimization took 1 rounds (0.029 sec)
BEST SCORE FOUND : -29501.746
Total tree length: 2.785

Total number of iterations: 123
CPU time used for tree search: 14.137 sec (0h:0m:14s)
Wall-clock time used for tree search: 13.991 sec (0h:0m:13s)
Total CPU time used: 14.567 sec (0h:0m:14s)
Total wall-clock time used: 14.390 sec (0h:0m:14s)

Analysis results written to: 
  IQ-TREE report:                /workspace/IQTree_TarvD7_Results/ENSG00000137801.nuc.ord.iqtree
  Maximum-likelihood tree:       /workspace/IQTree_TarvD7_Results/ENSG00000137801.nuc.ord.treefile
  Likelihood distances:          /workspace/IQTree_TarvD7_Results/ENSG00000137801.nuc.ord.mldist
  Screen log file:               /workspace/IQTree_TarvD7_Results/ENSG00000137801.nuc.ord.log

Date and Time: Tue May 26 08:33:09 2026
