IQ-TREE version 3.1.2 for Linux x86 64-bit built May  7 2026
Developed by Bui Quang Minh, Thomas Wong, Nhan Ly-Trong, Huaiyan Ren
Contributed by Lam-Tung Nguyen, Dominik Schrempf, Chris Bielow,
Olga Chernomor, Michael Woodhams, Diep Thi Hoang, Heiko Schmidt

Host:    8084c4e79f09 (AVX512, FMA3, 1133 GB RAM)
Command: /workspace/iqtree-3.1.2-Linux/bin/iqtree3_intel -s /workspace/NeuralNJ/empirical/TarvD7/ENSG00000099810.nuc.ord.aln -st DNA -m GTR+G -seed 2201 -pre /workspace/IQTree_TarvD7_Results/ENSG00000099810.nuc.ord -quiet
Seed:    2201 (Using SPRNG - Scalable Parallel Random Number Generator)
Time:    Mon May 25 22:10:49 2026
Kernel:  AVX+FMA - 1 threads (384 CPU cores detected)

HINT: Use -nt option to specify number of threads because your CPU has 384 cores!
HINT: -nt AUTO will automatically determine the best number of threads to use.

Reading alignment file /workspace/NeuralNJ/empirical/TarvD7/ENSG00000099810.nuc.ord.aln ... Fasta format detected
Reading fasta file: done in 0.000535011 secs using 96.45% CPU
Alignment most likely contains DNA/RNA sequences
Constructing alignment: done in 0.0018549 secs using 56.12% CPU
Alignment has 33 sequences with 1659 columns, 505 distinct patterns
282 parsimony-informative, 141 singleton sites, 1236 constant sites
                   Gap/Ambiguity  Composition  p-value
Analyzing sequences: done in 2.6226e-05 secs using 103% CPU
   1  P001_Platypus       78.84%    failed      4.18%
   2  P002_Opossum        50.81%    passed     18.99%
   3  P003_Wallaby        50.81%    passed     41.03%
   4  P004_Tenrec         63.11%    failed      3.34%
   5  P005_Rock_hyrax     77.40%    passed     57.33%
   6  P006_Elephant       48.82%    passed     90.77%
   7  P007_Armadillo      62.03%    passed     88.45%
   8  P008_Sloth          63.65%    passed     78.73%
   9  P009_Hedgehog       63.47%    passed     62.58%
  10  P010_Common_shrew   73.78%    passed     81.09%
  11  P011_Dolphin        59.13%    passed     88.56%
  12  P013_Pig            48.82%    passed     55.40%
  13  P014_Alpaca         61.12%    passed     88.37%
  14  P016_Dog            43.58%    passed     54.42%
  15  P017_Cat            74.14%    passed     48.23%
  16  P018_Megabat        48.82%    passed     76.80%
  17  P019_Microbat       62.75%    passed     79.12%
  18  P020_Rabbit         53.89%    passed     59.15%
  19  P021_Pika           59.86%    passed     45.97%
  20  P022_Squirrel       56.06%    passed     97.24%
  21  P023_Guinea_pig     50.81%    passed     74.12%
  22  P024_Kangaroo_rat   55.52%    passed     86.63%
  23  P025_Mouse          48.82%    passed     94.31%
  24  P026_Rat            29.29%    passed     18.25%
  25  P027_Tree_shrew     56.24%    passed     66.83%
  26  P028_Bushbaby       64.38%    passed     73.79%
  27  P029_Mouse_lemur    50.81%    passed     94.14%
  28  P030_Tarsier        54.07%    passed     95.27%
  29  P032_Rhesus         48.82%    passed     98.08%
  30  P033_Orangutan      53.16%    passed     84.76%
  31  P034_Gorilla        60.04%    passed     97.26%
  32  P035_Chimp          48.82%    passed     99.07%
  33  P036_Human          45.75%    passed     51.87%
WARNING: 24 sequences contain more than 50% gaps/ambiguity
****  TOTAL               56.59%  2 sequences failed composition chi2 test (p-value<5%; df=3)
Checking for duplicate sequences: done in 9.20296e-05 secs using 99.97% CPU

Create initial parsimony tree by phylogenetic likelihood library (PLL)... 0.001 seconds

NOTE: 2 MB RAM (0 GB) is required!
Estimate model parameters (epsilon = 0.100)
1. Initial log-likelihood: -8546.744
2. Current log-likelihood: -7793.840
3. Current log-likelihood: -7786.267
Optimal log-likelihood: -7786.186
Rate parameters:  A-C: 2.69311  A-G: 6.37284  A-T: 1.94043  C-G: 1.58818  C-T: 11.77070  G-T: 1.00000
Base frequencies:  A: 0.283  C: 0.226  G: 0.254  T: 0.237
Gamma shape alpha: 0.398
Parameters optimization took 3 rounds (0.126 sec)
Wrote distance file to... 
Computing ML distances based on estimated model parameters...
Calculating distance matrix: done in 0.00230408 secs using 99.95% CPU
Computing ML distances took 0.002390 sec (of wall-clock time) 0.002389 sec (of CPU time)
Setting up auxiliary I and S matrices: done in 0.000151157 secs using 54.91% CPU
Constructing RapidNJ tree: done in 0.000212908 secs using 28.18% CPU
Computing RapidNJ tree took 0.000438 sec (of wall-clock time) 0.000159 sec (of CPU time)
Log-likelihood of RapidNJ tree: -7861.262
--------------------------------------------------------------------
|             INITIALIZING CANDIDATE TREE SET                      |
--------------------------------------------------------------------
Generating 98 parsimony trees... 0.150 second
Computing log-likelihood of 98 initial trees ... 0.211 seconds
Current best score: -7786.186

Do NNI search on 20 best initial trees
Estimate model parameters (epsilon = 0.100)
BETTER TREE FOUND at iteration 1: -7771.638
Estimate model parameters (epsilon = 0.100)
BETTER TREE FOUND at iteration 2: -7765.196
Iteration 10 / LogL: -7768.984 / Time: 0h:0m:0s
Estimate model parameters (epsilon = 0.100)
BETTER TREE FOUND at iteration 20: -7764.520
Iteration 20 / LogL: -7764.520 / Time: 0h:0m:1s
Finish initializing candidate tree set (15)
Current best tree score: -7764.520 / CPU time: 1.007
Number of iterations: 20
--------------------------------------------------------------------
|               OPTIMIZING CANDIDATE TREE SET                      |
--------------------------------------------------------------------
UPDATE BEST LOG-LIKELIHOOD: -7764.520
Iteration 30 / LogL: -7764.943 / Time: 0h:0m:1s (0h:0m:4s left)
Estimate model parameters (epsilon = 0.100)
BETTER TREE FOUND at iteration 34: -7764.141
Estimate model parameters (epsilon = 0.100)
BETTER TREE FOUND at iteration 38: -7764.095
Iteration 40 / LogL: -7770.135 / Time: 0h:0m:1s (0h:0m:4s left)
Iteration 50 / LogL: -7764.678 / Time: 0h:0m:2s (0h:0m:4s left)
Iteration 60 / LogL: -7764.672 / Time: 0h:0m:2s (0h:0m:3s left)
Iteration 70 / LogL: -7765.337 / Time: 0h:0m:3s (0h:0m:2s left)
Iteration 80 / LogL: -7765.407 / Time: 0h:0m:3s (0h:0m:2s left)
Iteration 90 / LogL: -7769.533 / Time: 0h:0m:3s (0h:0m:2s left)
Iteration 100 / LogL: -7769.652 / Time: 0h:0m:4s (0h:0m:1s left)
UPDATE BEST LOG-LIKELIHOOD: -7764.094
Iteration 110 / LogL: -7769.641 / Time: 0h:0m:4s (0h:0m:1s left)
Iteration 120 / LogL: -7769.357 / Time: 0h:0m:4s (0h:0m:0s left)
Iteration 130 / LogL: -7764.709 / Time: 0h:0m:5s (0h:0m:0s left)
Estimate model parameters (epsilon = 0.100)
UPDATE BEST LOG-LIKELIHOOD: -7764.037
TREE SEARCH COMPLETED AFTER 139 ITERATIONS / Time: 0h:0m:5s

--------------------------------------------------------------------
|                    FINALIZING TREE SEARCH                        |
--------------------------------------------------------------------
Performs final model parameters optimization
Estimate model parameters (epsilon = 0.010)
1. Initial log-likelihood: -7764.037
Optimal log-likelihood: -7764.033
Rate parameters:  A-C: 2.54027  A-G: 6.23443  A-T: 1.85753  C-G: 1.62000  C-T: 12.06567  G-T: 1.00000
Base frequencies:  A: 0.283  C: 0.226  G: 0.254  T: 0.237
Gamma shape alpha: 0.394
Parameters optimization took 1 rounds (0.012 sec)
BEST SCORE FOUND : -7764.033
Total tree length: 2.362

Total number of iterations: 139
CPU time used for tree search: 5.518 sec (0h:0m:5s)
Wall-clock time used for tree search: 5.365 sec (0h:0m:5s)
Total CPU time used: 5.699 sec (0h:0m:5s)
Total wall-clock time used: 5.530 sec (0h:0m:5s)

Analysis results written to: 
  IQ-TREE report:                /workspace/IQTree_TarvD7_Results/ENSG00000099810.nuc.ord.iqtree
  Maximum-likelihood tree:       /workspace/IQTree_TarvD7_Results/ENSG00000099810.nuc.ord.treefile
  Likelihood distances:          /workspace/IQTree_TarvD7_Results/ENSG00000099810.nuc.ord.mldist
  Screen log file:               /workspace/IQTree_TarvD7_Results/ENSG00000099810.nuc.ord.log

Date and Time: Mon May 25 22:10:54 2026
