IQ-TREE version 3.1.2 for Linux x86 64-bit built May  7 2026
Developed by Bui Quang Minh, Thomas Wong, Nhan Ly-Trong, Huaiyan Ren
Contributed by Lam-Tung Nguyen, Dominik Schrempf, Chris Bielow,
Olga Chernomor, Michael Woodhams, Diep Thi Hoang, Heiko Schmidt

Host:    8084c4e79f09 (AVX512, FMA3, 1133 GB RAM)
Command: /workspace/iqtree-3.1.2-Linux/bin/iqtree3_intel -s /workspace/NeuralNJ/empirical/TarvD7/ENSG00000104343.nuc.ord.aln -st DNA -m GTR+G -seed 2201 -pre /workspace/IQTree_TarvD7_Results/ENSG00000104343.nuc.ord -quiet
Seed:    2201 (Using SPRNG - Scalable Parallel Random Number Generator)
Time:    Mon May 25 23:37:24 2026
Kernel:  AVX+FMA - 1 threads (384 CPU cores detected)

HINT: Use -nt option to specify number of threads because your CPU has 384 cores!
HINT: -nt AUTO will automatically determine the best number of threads to use.

Reading alignment file /workspace/NeuralNJ/empirical/TarvD7/ENSG00000104343.nuc.ord.aln ... Fasta format detected
Reading fasta file: done in 0.000283957 secs using 35.57% CPU
Alignment most likely contains DNA/RNA sequences
Constructing alignment: done in 0.00101399 secs using 91.72% CPU
Alignment has 29 sequences with 921 columns, 219 distinct patterns
74 parsimony-informative, 70 singleton sites, 777 constant sites
                   Gap/Ambiguity  Composition  p-value
Analyzing sequences: done in 1.19209e-05 secs
   1  P001_Platypus       49.84%    failed      0.00%
   2  P002_Opossum        51.79%    passed     92.68%
   3  P004_Tenrec         52.44%    passed     89.90%
   4  P005_Rock_hyrax     53.75%    passed     96.69%
   5  P007_Armadillo      53.09%    passed     97.21%
   6  P008_Sloth          55.70%    passed     67.99%
   7  P009_Hedgehog       52.44%    passed     81.59%
   8  P010_Common_shrew   49.51%    passed     93.32%
   9  P011_Dolphin        53.42%    passed     82.96%
  10  P012_Cow            50.49%    passed     95.40%
  11  P013_Pig            51.79%    passed     95.72%
  12  P014_Alpaca         56.35%    passed     83.49%
  13  P015_Horse          53.75%    passed     99.62%
  14  P016_Dog            48.53%    passed     77.94%
  15  P018_Megabat        63.19%    passed     88.56%
  16  P019_Microbat       52.44%    passed     96.42%
  17  P020_Rabbit         66.12%    passed     28.20%
  18  P022_Squirrel       61.89%    passed     89.48%
  19  P023_Guinea_pig     52.44%    passed     93.84%
  20  P024_Kangaroo_rat   63.19%    passed     93.33%
  21  P025_Mouse          50.81%    passed     90.09%
  22  P027_Tree_shrew     48.53%    passed     89.71%
  23  P030_Tarsier        53.09%    passed     91.91%
  24  P031_Marmoset       41.37%    passed     15.45%
  25  P032_Rhesus         48.21%    passed     71.00%
  26  P033_Orangutan      53.75%    passed     89.58%
  27  P034_Gorilla        61.89%    passed     93.78%
  28  P035_Chimp          47.23%    passed     82.15%
  29  P036_Human          47.23%    passed     88.20%
WARNING: 21 sequences contain more than 50% gaps/ambiguity
****  TOTAL               53.25%  1 sequences failed composition chi2 test (p-value<5%; df=3)
Checking for duplicate sequences: done in 6.79493e-05 secs

Create initial parsimony tree by phylogenetic likelihood library (PLL)... 0.001 seconds

NOTE: 0 MB RAM (0 GB) is required!
Estimate model parameters (epsilon = 0.100)
1. Initial log-likelihood: -2858.348
2. Current log-likelihood: -2663.734
3. Current log-likelihood: -2661.409
Optimal log-likelihood: -2661.378
Rate parameters:  A-C: 0.60600  A-G: 5.27990  A-T: 0.56452  C-G: 0.86840  C-T: 3.67382  G-T: 1.00000
Base frequencies:  A: 0.312  C: 0.199  G: 0.195  T: 0.295
Gamma shape alpha: 0.242
Parameters optimization took 3 rounds (0.035 sec)
Wrote distance file to... 
Computing ML distances based on estimated model parameters...
Calculating distance matrix: done in 0.00220609 secs using 100% CPU
Computing ML distances took 0.002247 sec (of wall-clock time) 0.002246 sec (of CPU time)
Setting up auxiliary I and S matrices: done in 0.000120878 secs using 99.27% CPU
Constructing RapidNJ tree: done in 0.000209093 secs using 266.9% CPU
Computing RapidNJ tree took 0.000421 sec (of wall-clock time) 0.000813 sec (of CPU time)
Log-likelihood of RapidNJ tree: -2677.349
--------------------------------------------------------------------
|             INITIALIZING CANDIDATE TREE SET                      |
--------------------------------------------------------------------
Generating 98 parsimony trees... 0.059 second
Computing log-likelihood of 98 initial trees ... 0.089 seconds
Current best score: -2654.232

Do NNI search on 20 best initial trees
Estimate model parameters (epsilon = 0.100)
BETTER TREE FOUND at iteration 1: -2649.073
Estimate model parameters (epsilon = 0.100)
BETTER TREE FOUND at iteration 2: -2648.629
BETTER TREE FOUND at iteration 3: -2648.629
UPDATE BEST LOG-LIKELIHOOD: -2648.629
Estimate model parameters (epsilon = 0.100)
BETTER TREE FOUND at iteration 8: -2647.837
Iteration 10 / LogL: -2650.942 / Time: 0h:0m:0s
Iteration 20 / LogL: -2656.385 / Time: 0h:0m:0s
Finish initializing candidate tree set (18)
Current best tree score: -2647.837 / CPU time: 0.511
Number of iterations: 20
--------------------------------------------------------------------
|               OPTIMIZING CANDIDATE TREE SET                      |
--------------------------------------------------------------------
BETTER TREE FOUND at iteration 27: -2647.837
Iteration 30 / LogL: -2661.942 / Time: 0h:0m:0s (0h:0m:2s left)
Iteration 40 / LogL: -2647.838 / Time: 0h:0m:0s (0h:0m:2s left)
UPDATE BEST LOG-LIKELIHOOD: -2647.837
Iteration 50 / LogL: -2647.838 / Time: 0h:0m:1s (0h:0m:1s left)
Estimate model parameters (epsilon = 0.100)
BETTER TREE FOUND at iteration 55: -2647.195
Iteration 60 / LogL: -2647.603 / Time: 0h:0m:1s (0h:0m:2s left)
BETTER TREE FOUND at iteration 67: -2647.194
Iteration 70 / LogL: -2647.197 / Time: 0h:0m:1s (0h:0m:2s left)
Iteration 80 / LogL: -2647.195 / Time: 0h:0m:1s (0h:0m:1s left)
UPDATE BEST LOG-LIKELIHOOD: -2647.194
Iteration 90 / LogL: -2647.194 / Time: 0h:0m:1s (0h:0m:1s left)
Iteration 100 / LogL: -2648.905 / Time: 0h:0m:2s (0h:0m:1s left)
Iteration 110 / LogL: -2647.198 / Time: 0h:0m:2s (0h:0m:1s left)
Estimate model parameters (epsilon = 0.100)
BETTER TREE FOUND at iteration 112: -2646.607
BETTER TREE FOUND at iteration 118: -2646.606
Iteration 120 / LogL: -2647.248 / Time: 0h:0m:2s (0h:0m:2s left)
UPDATE BEST LOG-LIKELIHOOD: -2646.606
Iteration 130 / LogL: -2647.249 / Time: 0h:0m:2s (0h:0m:1s left)
Iteration 140 / LogL: -2646.843 / Time: 0h:0m:2s (0h:0m:1s left)
UPDATE BEST LOG-LIKELIHOOD: -2646.606
Iteration 150 / LogL: -2648.422 / Time: 0h:0m:2s (0h:0m:1s left)
Iteration 160 / LogL: -2646.606 / Time: 0h:0m:3s (0h:0m:1s left)
UPDATE BEST LOG-LIKELIHOOD: -2646.606
Iteration 170 / LogL: -2646.606 / Time: 0h:0m:3s (0h:0m:0s left)
UPDATE BEST LOG-LIKELIHOOD: -2646.606
Iteration 180 / LogL: -2646.843 / Time: 0h:0m:3s (0h:0m:0s left)
Iteration 190 / LogL: -2648.224 / Time: 0h:0m:3s (0h:0m:0s left)
Iteration 200 / LogL: -2646.607 / Time: 0h:0m:3s (0h:0m:0s left)
Iteration 210 / LogL: -2647.848 / Time: 0h:0m:4s (0h:0m:0s left)
TREE SEARCH COMPLETED AFTER 219 ITERATIONS / Time: 0h:0m:4s

--------------------------------------------------------------------
|                    FINALIZING TREE SEARCH                        |
--------------------------------------------------------------------
Performs final model parameters optimization
Estimate model parameters (epsilon = 0.010)
1. Initial log-likelihood: -2646.606
Optimal log-likelihood: -2646.605
Rate parameters:  A-C: 0.69117  A-G: 5.72163  A-T: 0.62719  C-G: 0.87091  C-T: 4.05546  G-T: 1.00000
Base frequencies:  A: 0.312  C: 0.199  G: 0.195  T: 0.295
Gamma shape alpha: 0.243
Parameters optimization took 1 rounds (0.003 sec)
BEST SCORE FOUND : -2646.605
Total tree length: 0.941

Total number of iterations: 219
CPU time used for tree search: 4.321 sec (0h:0m:4s)
Wall-clock time used for tree search: 4.142 sec (0h:0m:4s)
Total CPU time used: 4.379 sec (0h:0m:4s)
Total wall-clock time used: 4.195 sec (0h:0m:4s)

Analysis results written to: 
  IQ-TREE report:                /workspace/IQTree_TarvD7_Results/ENSG00000104343.nuc.ord.iqtree
  Maximum-likelihood tree:       /workspace/IQTree_TarvD7_Results/ENSG00000104343.nuc.ord.treefile
  Likelihood distances:          /workspace/IQTree_TarvD7_Results/ENSG00000104343.nuc.ord.mldist
  Screen log file:               /workspace/IQTree_TarvD7_Results/ENSG00000104343.nuc.ord.log

Date and Time: Mon May 25 23:37:28 2026
