IQ-TREE version 3.1.2 for Linux x86 64-bit built May  7 2026
Developed by Bui Quang Minh, Thomas Wong, Nhan Ly-Trong, Huaiyan Ren
Contributed by Lam-Tung Nguyen, Dominik Schrempf, Chris Bielow,
Olga Chernomor, Michael Woodhams, Diep Thi Hoang, Heiko Schmidt

Host:    8084c4e79f09 (AVX512, FMA3, 1133 GB RAM)
Command: /workspace/iqtree-3.1.2-Linux/bin/iqtree3_intel -s /workspace/NeuralNJ/empirical/TarvD7/ENSG00000023041.nuc.ord.aln -st DNA -m GTR+G -seed 2201 -pre /workspace/IQTree_TarvD7_Results/ENSG00000023041.nuc.ord -quiet
Seed:    2201 (Using SPRNG - Scalable Parallel Random Number Generator)
Time:    Mon May 25 17:59:09 2026
Kernel:  AVX+FMA - 1 threads (384 CPU cores detected)

HINT: Use -nt option to specify number of threads because your CPU has 384 cores!
HINT: -nt AUTO will automatically determine the best number of threads to use.

Reading alignment file /workspace/NeuralNJ/empirical/TarvD7/ENSG00000023041.nuc.ord.aln ... Fasta format detected
Reading fasta file: done in 0.000473976 secs using 15.19% CPU
Alignment most likely contains DNA/RNA sequences
Constructing alignment: done in 0.00166392 secs using 54.03% CPU
Alignment has 31 sequences with 1446 columns, 763 distinct patterns
379 parsimony-informative, 299 singleton sites, 768 constant sites
                   Gap/Ambiguity  Composition  p-value
Analyzing sequences: done in 3.69549e-05 secs using 102.8% CPU
   1  P001_Platypus       77.18%    failed      0.00%
   2  P002_Opossum        14.32%    passed     32.16%
   3  P004_Tenrec         39.21%    failed      0.00%
   4  P005_Rock_hyrax     25.93%    passed     74.77%
   5  P006_Elephant       43.98%    passed     21.23%
   6  P007_Armadillo      18.88%    passed     99.20%
   7  P008_Sloth          35.48%    passed     59.26%
   8  P009_Hedgehog       25.31%    passed     97.62%
   9  P010_Common_shrew   25.52%    passed     13.11%
  10  P011_Dolphin        28.63%    passed     47.96%
  11  P012_Cow            14.32%    passed     99.57%
  12  P014_Alpaca         14.32%    passed     95.01%
  13  P015_Horse          14.94%    passed     30.01%
  14  P016_Dog            14.11%    passed     92.89%
  15  P018_Megabat        39.21%    passed     75.47%
  16  P019_Microbat       14.32%    passed     94.42%
  17  P020_Rabbit         46.06%    failed      0.93%
  18  P021_Pika           14.73%    passed      6.25%
  19  P022_Squirrel       25.93%    passed     49.94%
  20  P023_Guinea_pig     14.32%    passed     82.50%
  21  P024_Kangaroo_rat   34.85%    passed     49.90%
  22  P025_Mouse          12.66%    passed     31.79%
  23  P026_Rat            64.94%    failed      0.41%
  24  P027_Tree_shrew     20.12%    passed     70.28%
  25  P029_Mouse_lemur    50.00%    passed     13.44%
  26  P030_Tarsier        14.32%    passed     20.20%
  27  P031_Marmoset       14.11%    passed     55.91%
  28  P032_Rhesus         14.32%    passed     63.30%
  29  P033_Orangutan      14.32%    passed     62.94%
  30  P035_Chimp          14.32%    passed     70.93%
  31  P036_Human          14.32%    passed     68.57%
WARNING: 2 sequences contain more than 50% gaps/ambiguity
****  TOTAL               26.29%  4 sequences failed composition chi2 test (p-value<5%; df=3)
Checking for duplicate sequences: done in 9.70364e-05 secs using 98.93% CPU

Create initial parsimony tree by phylogenetic likelihood library (PLL)... 0.001 seconds

NOTE: 3 MB RAM (0 GB) is required!
Estimate model parameters (epsilon = 0.100)
1. Initial log-likelihood: -10368.937
2. Current log-likelihood: -9557.571
3. Current log-likelihood: -9535.102
Optimal log-likelihood: -9535.033
Rate parameters:  A-C: 2.49097  A-G: 5.35877  A-T: 0.55559  C-G: 1.56838  C-T: 7.22303  G-T: 1.00000
Base frequencies:  A: 0.285  C: 0.195  G: 0.236  T: 0.284
Gamma shape alpha: 0.422
Parameters optimization took 3 rounds (0.175 sec)
Wrote distance file to... 
Computing ML distances based on estimated model parameters...
Calculating distance matrix: done in 0.00280499 secs using 100% CPU
Computing ML distances took 0.002907 sec (of wall-clock time) 0.002906 sec (of CPU time)
WARNING: Some pairwise ML distances are too long (saturated)
Setting up auxiliary I and S matrices: done in 0.000156879 secs using 100.1% CPU
Constructing RapidNJ tree: done in 0.000258923 secs using 290% CPU
Computing RapidNJ tree took 0.000493 sec (of wall-clock time) 0.000999 sec (of CPU time)
Log-likelihood of RapidNJ tree: -9665.668
--------------------------------------------------------------------
|             INITIALIZING CANDIDATE TREE SET                      |
--------------------------------------------------------------------
Generating 98 parsimony trees... 0.174 second
Computing log-likelihood of 98 initial trees ... 0.268 seconds
Current best score: -9535.033

Do NNI search on 20 best initial trees
Estimate model parameters (epsilon = 0.100)
BETTER TREE FOUND at iteration 1: -9509.073
Estimate model parameters (epsilon = 0.100)
BETTER TREE FOUND at iteration 5: -9502.897
Iteration 10 / LogL: -9509.149 / Time: 0h:0m:1s
Iteration 20 / LogL: -9516.453 / Time: 0h:0m:1s
Finish initializing candidate tree set (13)
Current best tree score: -9502.897 / CPU time: 1.295
Number of iterations: 20
--------------------------------------------------------------------
|               OPTIMIZING CANDIDATE TREE SET                      |
--------------------------------------------------------------------
Iteration 30 / LogL: -9509.162 / Time: 0h:0m:2s (0h:0m:5s left)
Estimate model parameters (epsilon = 0.100)
BETTER TREE FOUND at iteration 40: -9502.755
Iteration 40 / LogL: -9502.755 / Time: 0h:0m:2s (0h:0m:6s left)
Iteration 50 / LogL: -9508.862 / Time: 0h:0m:3s (0h:0m:6s left)
Iteration 60 / LogL: -9502.785 / Time: 0h:0m:4s (0h:0m:5s left)
Estimate model parameters (epsilon = 0.100)
UPDATE BEST LOG-LIKELIHOOD: -9502.683
Iteration 70 / LogL: -9502.906 / Time: 0h:0m:4s (0h:0m:4s left)
Estimate model parameters (epsilon = 0.100)
UPDATE BEST LOG-LIKELIHOOD: -9502.642
Iteration 80 / LogL: -9502.642 / Time: 0h:0m:5s (0h:0m:3s left)
UPDATE BEST LOG-LIKELIHOOD: -9502.642
Iteration 90 / LogL: -9502.645 / Time: 0h:0m:5s (0h:0m:3s left)
Iteration 100 / LogL: -9508.792 / Time: 0h:0m:6s (0h:0m:2s left)
Iteration 110 / LogL: -9502.663 / Time: 0h:0m:7s (0h:0m:1s left)
Iteration 120 / LogL: -9502.642 / Time: 0h:0m:7s (0h:0m:1s left)
Iteration 130 / LogL: -9502.774 / Time: 0h:0m:8s (0h:0m:0s left)
Iteration 140 / LogL: -9502.664 / Time: 0h:0m:9s (0h:0m:0s left)
TREE SEARCH COMPLETED AFTER 141 ITERATIONS / Time: 0h:0m:9s

--------------------------------------------------------------------
|                    FINALIZING TREE SEARCH                        |
--------------------------------------------------------------------
Performs final model parameters optimization
Estimate model parameters (epsilon = 0.010)
1. Initial log-likelihood: -9502.642
Optimal log-likelihood: -9502.642
Rate parameters:  A-C: 2.54950  A-G: 5.56992  A-T: 0.58319  C-G: 1.49440  C-T: 7.43797  G-T: 1.00000
Base frequencies:  A: 0.285  C: 0.195  G: 0.236  T: 0.284
Gamma shape alpha: 0.420
Parameters optimization took 1 rounds (0.011 sec)
BEST SCORE FOUND : -9502.642
Total tree length: 11.864

Total number of iterations: 141
CPU time used for tree search: 9.102 sec (0h:0m:9s)
Wall-clock time used for tree search: 8.940 sec (0h:0m:8s)
Total CPU time used: 9.335 sec (0h:0m:9s)
Total wall-clock time used: 9.155 sec (0h:0m:9s)

Analysis results written to: 
  IQ-TREE report:                /workspace/IQTree_TarvD7_Results/ENSG00000023041.nuc.ord.iqtree
  Maximum-likelihood tree:       /workspace/IQTree_TarvD7_Results/ENSG00000023041.nuc.ord.treefile
  Likelihood distances:          /workspace/IQTree_TarvD7_Results/ENSG00000023041.nuc.ord.mldist
  Screen log file:               /workspace/IQTree_TarvD7_Results/ENSG00000023041.nuc.ord.log

Date and Time: Mon May 25 17:59:18 2026
