IQ-TREE version 3.1.2 for Linux x86 64-bit built May  7 2026
Developed by Bui Quang Minh, Thomas Wong, Nhan Ly-Trong, Huaiyan Ren
Contributed by Lam-Tung Nguyen, Dominik Schrempf, Chris Bielow,
Olga Chernomor, Michael Woodhams, Diep Thi Hoang, Heiko Schmidt

Host:    8084c4e79f09 (AVX512, FMA3, 1133 GB RAM)
Command: /workspace/iqtree-3.1.2-Linux/bin/iqtree3_intel -s /workspace/NeuralNJ/empirical/TarvD7/ENSG00000013588.nuc.ord.aln -st DNA -m GTR+G -seed 2201 -pre /workspace/IQTree_TarvD7_Results/ENSG00000013588.nuc.ord -quiet
Seed:    2201 (Using SPRNG - Scalable Parallel Random Number Generator)
Time:    Mon May 25 17:48:55 2026
Kernel:  AVX+FMA - 1 threads (384 CPU cores detected)

HINT: Use -nt option to specify number of threads because your CPU has 384 cores!
HINT: -nt AUTO will automatically determine the best number of threads to use.

Reading alignment file /workspace/NeuralNJ/empirical/TarvD7/ENSG00000013588.nuc.ord.aln ... Fasta format detected
Reading fasta file: done in 0.00031805 secs using 23.9% CPU
Alignment most likely contains DNA/RNA sequences
Constructing alignment: done in 0.00141096 secs using 90.01% CPU
Alignment has 29 sequences with 1110 columns, 776 distinct patterns
551 parsimony-informative, 164 singleton sites, 394 constant sites
                   Gap/Ambiguity  Composition  p-value
Analyzing sequences: done in 3.50475e-05 secs using 99.86% CPU
   1  P002_Opossum         3.24%    failed      0.00%
   2  P003_Wallaby        11.08%    failed      0.00%
   3  P004_Tenrec          3.51%    passed     62.28%
   4  P005_Rock_hyrax     17.57%    passed     21.02%
   5  P006_Elephant        3.51%    passed     43.28%
   6  P007_Armadillo      30.54%    failed      1.09%
   7  P009_Hedgehog       23.78%    failed      2.38%
   8  P010_Common_shrew   26.76%    failed      0.00%
   9  P011_Dolphin         3.51%    passed     24.56%
  10  P012_Cow             2.97%    passed     36.90%
  11  P015_Horse           3.78%    passed     62.17%
  12  P016_Dog             2.97%    passed     17.93%
  13  P017_Cat            12.70%    passed     52.52%
  14  P018_Megabat         4.59%    passed     90.61%
  15  P019_Microbat        3.51%    passed     97.91%
  16  P020_Rabbit          3.51%    passed      8.80%
  17  P021_Pika            3.24%    failed      2.40%
  18  P022_Squirrel        3.51%    passed     41.40%
  19  P023_Guinea_pig      3.51%    passed     92.76%
  20  P025_Mouse           3.78%    passed     97.60%
  21  P026_Rat             3.24%    passed     95.42%
  22  P027_Tree_shrew      6.76%    passed     80.19%
  23  P028_Bushbaby        6.22%    passed     87.36%
  24  P029_Mouse_lemur    17.03%    passed     29.49%
  25  P031_Marmoset        3.51%    passed     89.25%
  26  P032_Rhesus          4.05%    passed     97.87%
  27  P034_Gorilla        15.95%    passed     75.01%
  28  P035_Chimp           3.51%    passed     89.01%
  29  P036_Human           3.51%    passed     91.86%
****  TOTAL                8.12%  6 sequences failed composition chi2 test (p-value<5%; df=3)
Checking for duplicate sequences: done in 9.10759e-05 secs using 99.92% CPU

Create initial parsimony tree by phylogenetic likelihood library (PLL)... 0.002 seconds

NOTE: 2 MB RAM (0 GB) is required!
Estimate model parameters (epsilon = 0.100)
1. Initial log-likelihood: -13687.437
2. Current log-likelihood: -13022.101
3. Current log-likelihood: -13015.170
Optimal log-likelihood: -13015.073
Rate parameters:  A-C: 1.41142  A-G: 5.19033  A-T: 0.75797  C-G: 1.40567  C-T: 4.31555  G-T: 1.00000
Base frequencies:  A: 0.192  C: 0.302  G: 0.244  T: 0.262
Gamma shape alpha: 0.548
Parameters optimization took 3 rounds (0.088 sec)
Wrote distance file to... 
Computing ML distances based on estimated model parameters...
Calculating distance matrix: done in 0.00207496 secs using 94.41% CPU
Computing ML distances took 0.002166 sec (of wall-clock time) 0.002039 sec (of CPU time)
Setting up auxiliary I and S matrices: done in 6.98566e-05 secs using 98.77% CPU
Constructing RapidNJ tree: done in 8.79765e-05 secs using 86.39% CPU
Computing RapidNJ tree took 0.000198 sec (of wall-clock time) 0.000183 sec (of CPU time)
Log-likelihood of RapidNJ tree: -13040.530
--------------------------------------------------------------------
|             INITIALIZING CANDIDATE TREE SET                      |
--------------------------------------------------------------------
Generating 98 parsimony trees... 0.186 second
Computing log-likelihood of 98 initial trees ... 0.248 seconds
Current best score: -13006.713

Do NNI search on 20 best initial trees
Estimate model parameters (epsilon = 0.100)
BETTER TREE FOUND at iteration 1: -12996.387
Estimate model parameters (epsilon = 0.100)
BETTER TREE FOUND at iteration 9: -12996.311
Iteration 10 / LogL: -13006.936 / Time: 0h:0m:0s
Estimate model parameters (epsilon = 0.100)
BETTER TREE FOUND at iteration 17: -12995.181
Iteration 20 / LogL: -13001.389 / Time: 0h:0m:1s
Finish initializing candidate tree set (11)
Current best tree score: -12995.181 / CPU time: 1.036
Number of iterations: 20
--------------------------------------------------------------------
|               OPTIMIZING CANDIDATE TREE SET                      |
--------------------------------------------------------------------
Iteration 30 / LogL: -12996.476 / Time: 0h:0m:1s (0h:0m:4s left)
Iteration 40 / LogL: -12996.370 / Time: 0h:0m:2s (0h:0m:3s left)
Iteration 50 / LogL: -12995.517 / Time: 0h:0m:2s (0h:0m:3s left)
Iteration 60 / LogL: -12996.558 / Time: 0h:0m:2s (0h:0m:2s left)
Iteration 70 / LogL: -12995.238 / Time: 0h:0m:3s (0h:0m:2s left)
Iteration 80 / LogL: -12996.388 / Time: 0h:0m:3s (0h:0m:1s left)
Iteration 90 / LogL: -12996.377 / Time: 0h:0m:4s (0h:0m:1s left)
Iteration 100 / LogL: -12995.205 / Time: 0h:0m:4s (0h:0m:0s left)
Iteration 110 / LogL: -12996.482 / Time: 0h:0m:4s (0h:0m:0s left)
TREE SEARCH COMPLETED AFTER 118 ITERATIONS / Time: 0h:0m:5s

--------------------------------------------------------------------
|                    FINALIZING TREE SEARCH                        |
--------------------------------------------------------------------
Performs final model parameters optimization
Estimate model parameters (epsilon = 0.010)
1. Initial log-likelihood: -12995.181
Optimal log-likelihood: -12995.180
Rate parameters:  A-C: 1.41882  A-G: 5.23818  A-T: 0.73001  C-G: 1.36315  C-T: 4.28068  G-T: 1.00000
Base frequencies:  A: 0.192  C: 0.302  G: 0.244  T: 0.262
Gamma shape alpha: 0.551
Parameters optimization took 1 rounds (0.011 sec)
BEST SCORE FOUND : -12995.180
Total tree length: 3.659

Total number of iterations: 118
CPU time used for tree search: 5.189 sec (0h:0m:5s)
Wall-clock time used for tree search: 5.024 sec (0h:0m:5s)
Total CPU time used: 5.321 sec (0h:0m:5s)
Total wall-clock time used: 5.146 sec (0h:0m:5s)

Analysis results written to: 
  IQ-TREE report:                /workspace/IQTree_TarvD7_Results/ENSG00000013588.nuc.ord.iqtree
  Maximum-likelihood tree:       /workspace/IQTree_TarvD7_Results/ENSG00000013588.nuc.ord.treefile
  Likelihood distances:          /workspace/IQTree_TarvD7_Results/ENSG00000013588.nuc.ord.mldist
  Screen log file:               /workspace/IQTree_TarvD7_Results/ENSG00000013588.nuc.ord.log

Date and Time: Mon May 25 17:49:00 2026
