IQ-TREE version 3.1.2 for Linux x86 64-bit built May  7 2026
Developed by Bui Quang Minh, Thomas Wong, Nhan Ly-Trong, Huaiyan Ren
Contributed by Lam-Tung Nguyen, Dominik Schrempf, Chris Bielow,
Olga Chernomor, Michael Woodhams, Diep Thi Hoang, Heiko Schmidt

Host:    8084c4e79f09 (AVX512, FMA3, 1133 GB RAM)
Command: /workspace/iqtree-3.1.2-Linux/bin/iqtree3_intel -s /workspace/NeuralNJ/empirical/TarvD7/ENSG00000140682.nuc.ord.aln -st DNA -m GTR+G -seed 2201 -pre /workspace/IQTree_TarvD7_Results/ENSG00000140682.nuc.ord -quiet
Seed:    2201 (Using SPRNG - Scalable Parallel Random Number Generator)
Time:    Tue May 26 09:40:06 2026
Kernel:  AVX+FMA - 1 threads (384 CPU cores detected)

HINT: Use -nt option to specify number of threads because your CPU has 384 cores!
HINT: -nt AUTO will automatically determine the best number of threads to use.

Reading alignment file /workspace/NeuralNJ/empirical/TarvD7/ENSG00000140682.nuc.ord.aln ... Fasta format detected
Reading fasta file: done in 0.000856876 secs using 77.96% CPU
Alignment most likely contains DNA/RNA sequences
Constructing alignment: done in 0.00198007 secs using 55.25% CPU
Alignment has 30 sequences with 1749 columns, 757 distinct patterns
444 parsimony-informative, 215 singleton sites, 1090 constant sites
                   Gap/Ambiguity  Composition  p-value
Analyzing sequences: done in 3.48091e-05 secs
   1  P001_Platypus       61.06%    failed      3.28%
   2  P002_Opossum        21.61%    passed     74.58%
   3  P004_Tenrec         28.30%    passed     44.86%
   4  P005_Rock_hyrax     28.47%    passed     50.61%
   5  P006_Elephant       50.60%    passed     40.16%
   6  P007_Armadillo      25.56%    passed     36.45%
   7  P008_Sloth          40.14%    passed     89.74%
   8  P010_Common_shrew   61.75%    failed      1.43%
   9  P011_Dolphin        21.78%    passed     97.36%
  10  P012_Cow            21.78%    passed     99.46%
  11  P015_Horse          21.10%    passed     96.78%
  12  P016_Dog            23.84%    passed     89.85%
  13  P017_Cat            21.78%    passed     19.31%
  14  P018_Megabat        21.10%    passed     74.39%
  15  P019_Microbat       55.06%    failed      1.01%
  16  P020_Rabbit         23.67%    passed     44.13%
  17  P021_Pika           20.93%    passed     99.63%
  18  P023_Guinea_pig     21.61%    passed     67.36%
  19  P024_Kangaroo_rat   21.27%    passed     71.88%
  20  P025_Mouse          23.84%    passed     10.20%
  21  P026_Rat            17.50%    passed     21.52%
  22  P027_Tree_shrew     54.20%    passed     25.97%
  23  P028_Bushbaby       23.84%    passed     22.06%
  24  P029_Mouse_lemur    55.57%    passed     12.86%
  25  P031_Marmoset       20.93%    passed     82.00%
  26  P032_Rhesus         23.84%    passed     88.68%
  27  P033_Orangutan      20.93%    passed     71.91%
  28  P034_Gorilla        52.14%    passed     83.29%
  29  P035_Chimp          20.93%    passed     83.94%
  30  P036_Human          20.93%    passed     78.32%
WARNING: 7 sequences contain more than 50% gaps/ambiguity
****  TOTAL               30.87%  3 sequences failed composition chi2 test (p-value<5%; df=3)
Checking for duplicate sequences: done in 9.29832e-05 secs

Create initial parsimony tree by phylogenetic likelihood library (PLL)... 0.002 seconds

NOTE: 2 MB RAM (0 GB) is required!
Estimate model parameters (epsilon = 0.100)
1. Initial log-likelihood: -11638.234
2. Current log-likelihood: -10781.716
3. Current log-likelihood: -10769.827
Optimal log-likelihood: -10769.728
Rate parameters:  A-C: 1.40746  A-G: 6.71649  A-T: 1.53669  C-G: 1.01959  C-T: 6.42984  G-T: 1.00000
Base frequencies:  A: 0.182  C: 0.348  G: 0.270  T: 0.200
Gamma shape alpha: 0.324
Parameters optimization took 3 rounds (0.155 sec)
Wrote distance file to... 
Computing ML distances based on estimated model parameters...
Calculating distance matrix: done in 0.00202107 secs using 100% CPU
Computing ML distances took 0.002113 sec (of wall-clock time) 0.002112 sec (of CPU time)
Setting up auxiliary I and S matrices: done in 0.000152826 secs using 100.1% CPU
Constructing RapidNJ tree: done in 0.000242949 secs using 99.61% CPU
Computing RapidNJ tree took 0.000496 sec (of wall-clock time) 0.000494 sec (of CPU time)
Log-likelihood of RapidNJ tree: -10833.664
--------------------------------------------------------------------
|             INITIALIZING CANDIDATE TREE SET                      |
--------------------------------------------------------------------
Generating 98 parsimony trees... 0.184 second
Computing log-likelihood of 98 initial trees ... 0.253 seconds
Current best score: -10769.728

Do NNI search on 20 best initial trees
Estimate model parameters (epsilon = 0.100)
BETTER TREE FOUND at iteration 1: -10767.435
Estimate model parameters (epsilon = 0.100)
BETTER TREE FOUND at iteration 2: -10764.110
Iteration 10 / LogL: -10764.138 / Time: 0h:0m:0s
Iteration 20 / LogL: -10767.667 / Time: 0h:0m:1s
Finish initializing candidate tree set (7)
Current best tree score: -10764.110 / CPU time: 1.042
Number of iterations: 20
--------------------------------------------------------------------
|               OPTIMIZING CANDIDATE TREE SET                      |
--------------------------------------------------------------------
Iteration 30 / LogL: -10764.378 / Time: 0h:0m:1s (0h:0m:4s left)
Iteration 40 / LogL: -10764.658 / Time: 0h:0m:2s (0h:0m:3s left)
Iteration 50 / LogL: -10767.756 / Time: 0h:0m:2s (0h:0m:2s left)
Iteration 60 / LogL: -10764.132 / Time: 0h:0m:3s (0h:0m:2s left)
Iteration 70 / LogL: -10764.114 / Time: 0h:0m:3s (0h:0m:1s left)
Iteration 80 / LogL: -10764.140 / Time: 0h:0m:3s (0h:0m:1s left)
Iteration 90 / LogL: -10764.131 / Time: 0h:0m:4s (0h:0m:0s left)
Iteration 100 / LogL: -10764.195 / Time: 0h:0m:4s (0h:0m:0s left)
TREE SEARCH COMPLETED AFTER 103 ITERATIONS / Time: 0h:0m:4s

--------------------------------------------------------------------
|                    FINALIZING TREE SEARCH                        |
--------------------------------------------------------------------
Performs final model parameters optimization
Estimate model parameters (epsilon = 0.010)
1. Initial log-likelihood: -10764.110
Optimal log-likelihood: -10764.104
Rate parameters:  A-C: 1.40386  A-G: 6.68408  A-T: 1.50295  C-G: 1.01446  C-T: 6.51161  G-T: 1.00000
Base frequencies:  A: 0.182  C: 0.348  G: 0.270  T: 0.200
Gamma shape alpha: 0.325
Parameters optimization took 1 rounds (0.011 sec)
BEST SCORE FOUND : -10764.104
Total tree length: 2.046

Total number of iterations: 103
CPU time used for tree search: 4.891 sec (0h:0m:4s)
Wall-clock time used for tree search: 4.716 sec (0h:0m:4s)
Total CPU time used: 5.092 sec (0h:0m:5s)
Total wall-clock time used: 4.906 sec (0h:0m:4s)

Analysis results written to: 
  IQ-TREE report:                /workspace/IQTree_TarvD7_Results/ENSG00000140682.nuc.ord.iqtree
  Maximum-likelihood tree:       /workspace/IQTree_TarvD7_Results/ENSG00000140682.nuc.ord.treefile
  Likelihood distances:          /workspace/IQTree_TarvD7_Results/ENSG00000140682.nuc.ord.mldist
  Screen log file:               /workspace/IQTree_TarvD7_Results/ENSG00000140682.nuc.ord.log

Date and Time: Tue May 26 09:40:11 2026
