IQ-TREE version 3.1.2 for Linux x86 64-bit built May  7 2026
Developed by Bui Quang Minh, Thomas Wong, Nhan Ly-Trong, Huaiyan Ren
Contributed by Lam-Tung Nguyen, Dominik Schrempf, Chris Bielow,
Olga Chernomor, Michael Woodhams, Diep Thi Hoang, Heiko Schmidt

Host:    8084c4e79f09 (AVX512, FMA3, 1133 GB RAM)
Command: /workspace/iqtree-3.1.2-Linux/bin/iqtree3_intel -s /workspace/NeuralNJ/empirical/TarvD7/ENSG00000171724.nuc.ord.aln -st DNA -m GTR+G -seed 2201 -pre /workspace/IQTree_TarvD7_Results/ENSG00000171724.nuc.ord -quiet
Seed:    2201 (Using SPRNG - Scalable Parallel Random Number Generator)
Time:    Tue May 26 18:47:59 2026
Kernel:  AVX+FMA - 1 threads (384 CPU cores detected)

HINT: Use -nt option to specify number of threads because your CPU has 384 cores!
HINT: -nt AUTO will automatically determine the best number of threads to use.

Reading alignment file /workspace/NeuralNJ/empirical/TarvD7/ENSG00000171724.nuc.ord.aln ... Fasta format detected
Reading fasta file: done in 0.000560999 secs using 24.42% CPU
Alignment most likely contains DNA/RNA sequences
Constructing alignment: done in 0.00154805 secs using 100% CPU
Alignment has 36 sequences with 1326 columns, 607 distinct patterns
391 parsimony-informative, 118 singleton sites, 817 constant sites
                   Gap/Ambiguity  Composition  p-value
Analyzing sequences: done in 3.50475e-05 secs using 99.86% CPU
   1  P001_Platypus       22.85%    failed      0.01%
   2  P002_Opossum         5.88%    passed     23.57%
   3  P003_Wallaby        13.57%    passed     77.80%
   4  P004_Tenrec         43.67%    passed     67.05%
   5  P005_Rock_hyrax     13.12%    passed     74.55%
   6  P006_Elephant       19.91%    passed     92.71%
   7  P007_Armadillo      19.91%    passed     89.59%
   8  P008_Sloth          20.59%    passed     98.40%
   9  P009_Hedgehog        5.88%    passed     19.82%
  10  P010_Common_shrew   41.18%    failed      3.34%
  11  P011_Dolphin        16.97%    passed     87.65%
  12  P012_Cow             5.20%    passed     17.51%
  13  P013_Pig            18.55%    passed     62.76%
  14  P014_Alpaca         31.90%    failed      4.79%
  15  P015_Horse           5.20%    passed     95.81%
  16  P016_Dog             5.43%    passed     98.12%
  17  P017_Cat            25.11%    passed     38.74%
  18  P018_Megabat        13.12%    passed     90.43%
  19  P019_Microbat        5.43%    passed     84.31%
  20  P020_Rabbit         24.66%    passed     59.88%
  21  P021_Pika            5.43%    passed     78.90%
  22  P022_Squirrel       37.78%    failed      3.82%
  23  P023_Guinea_pig      6.33%    passed     54.95%
  24  P024_Kangaroo_rat   14.71%    passed     39.43%
  25  P025_Mouse           5.66%    passed     87.11%
  26  P026_Rat            19.23%    passed     55.05%
  27  P027_Tree_shrew      5.88%    passed     81.31%
  28  P028_Bushbaby       30.77%    passed     51.23%
  29  P029_Mouse_lemur    15.16%    passed     40.15%
  30  P030_Tarsier        45.02%    failed      0.97%
  31  P031_Marmoset        5.20%    passed     95.31%
  32  P032_Rhesus          5.20%    passed     91.59%
  33  P033_Orangutan       5.20%    passed     92.61%
  34  P034_Gorilla        37.56%    passed     13.26%
  35  P035_Chimp           5.20%    passed     93.85%
  36  P036_Human           5.20%    passed     89.04%
****  TOTAL               16.88%  5 sequences failed composition chi2 test (p-value<5%; df=3)
Checking for duplicate sequences: done in 0.000104904 secs using 100.1% CPU

Create initial parsimony tree by phylogenetic likelihood library (PLL)... 0.002 seconds

NOTE: 2 MB RAM (0 GB) is required!
Estimate model parameters (epsilon = 0.100)
1. Initial log-likelihood: -10666.652
2. Current log-likelihood: -9751.503
3. Current log-likelihood: -9735.095
4. Current log-likelihood: -9734.807
Optimal log-likelihood: -9734.787
Rate parameters:  A-C: 1.64831  A-G: 4.61715  A-T: 0.91336  C-G: 1.35307  C-T: 9.61164  G-T: 1.00000
Base frequencies:  A: 0.251  C: 0.240  G: 0.302  T: 0.207
Gamma shape alpha: 0.256
Parameters optimization took 4 rounds (0.106 sec)
Wrote distance file to... 
Computing ML distances based on estimated model parameters...
Calculating distance matrix: done in 0.00298405 secs using 100% CPU
Computing ML distances took 0.003071 sec (of wall-clock time) 0.003070 sec (of CPU time)
Setting up auxiliary I and S matrices: done in 0.00019002 secs using 89.46% CPU
Constructing RapidNJ tree: done in 0.000320911 secs using 253.3% CPU
Computing RapidNJ tree took 0.000588 sec (of wall-clock time) 0.001065 sec (of CPU time)
Log-likelihood of RapidNJ tree: -9821.936
--------------------------------------------------------------------
|             INITIALIZING CANDIDATE TREE SET                      |
--------------------------------------------------------------------
Generating 98 parsimony trees... 0.168 second
Computing log-likelihood of 98 initial trees ... 0.248 seconds
Current best score: -9734.787

Do NNI search on 20 best initial trees
Estimate model parameters (epsilon = 0.100)
BETTER TREE FOUND at iteration 1: -9723.698
Estimate model parameters (epsilon = 0.100)
BETTER TREE FOUND at iteration 2: -9720.562
Estimate model parameters (epsilon = 0.100)
BETTER TREE FOUND at iteration 3: -9719.521
Iteration 10 / LogL: -9723.229 / Time: 0h:0m:0s
Iteration 20 / LogL: -9721.942 / Time: 0h:0m:1s
Finish initializing candidate tree set (13)
Current best tree score: -9719.521 / CPU time: 1.142
Number of iterations: 20
--------------------------------------------------------------------
|               OPTIMIZING CANDIDATE TREE SET                      |
--------------------------------------------------------------------
Iteration 30 / LogL: -9721.944 / Time: 0h:0m:1s (0h:0m:4s left)
Iteration 40 / LogL: -9719.629 / Time: 0h:0m:2s (0h:0m:3s left)
Iteration 50 / LogL: -9740.237 / Time: 0h:0m:2s (0h:0m:2s left)
Iteration 60 / LogL: -9719.636 / Time: 0h:0m:2s (0h:0m:2s left)
Iteration 70 / LogL: -9719.691 / Time: 0h:0m:3s (0h:0m:1s left)
Estimate model parameters (epsilon = 0.100)
BETTER TREE FOUND at iteration 72: -9718.060
Iteration 80 / LogL: -9727.834 / Time: 0h:0m:3s (0h:0m:4s left)
Iteration 90 / LogL: -9719.681 / Time: 0h:0m:4s (0h:0m:3s left)
Iteration 100 / LogL: -9722.590 / Time: 0h:0m:4s (0h:0m:3s left)
Estimate model parameters (epsilon = 0.100)
BETTER TREE FOUND at iteration 101: -9717.930
Iteration 110 / LogL: -9717.965 / Time: 0h:0m:5s (0h:0m:4s left)
Iteration 120 / LogL: -9718.753 / Time: 0h:0m:5s (0h:0m:3s left)
Iteration 130 / LogL: -9718.236 / Time: 0h:0m:5s (0h:0m:3s left)
Iteration 140 / LogL: -9718.068 / Time: 0h:0m:6s (0h:0m:2s left)
Iteration 150 / LogL: -9718.071 / Time: 0h:0m:6s (0h:0m:2s left)
Iteration 160 / LogL: -9718.010 / Time: 0h:0m:7s (0h:0m:1s left)
Iteration 170 / LogL: -9722.161 / Time: 0h:0m:7s (0h:0m:1s left)
Iteration 180 / LogL: -9717.938 / Time: 0h:0m:7s (0h:0m:0s left)
Iteration 190 / LogL: -9718.535 / Time: 0h:0m:8s (0h:0m:0s left)
Iteration 200 / LogL: -9718.966 / Time: 0h:0m:8s (0h:0m:0s left)
TREE SEARCH COMPLETED AFTER 202 ITERATIONS / Time: 0h:0m:8s

--------------------------------------------------------------------
|                    FINALIZING TREE SEARCH                        |
--------------------------------------------------------------------
Performs final model parameters optimization
Estimate model parameters (epsilon = 0.010)
1. Initial log-likelihood: -9717.930
Optimal log-likelihood: -9717.930
Rate parameters:  A-C: 1.64996  A-G: 4.57755  A-T: 0.90356  C-G: 1.35047  C-T: 9.79387  G-T: 1.00000
Base frequencies:  A: 0.251  C: 0.240  G: 0.302  T: 0.207
Gamma shape alpha: 0.257
Parameters optimization took 1 rounds (0.011 sec)
BEST SCORE FOUND : -9717.930
Total tree length: 2.465

Total number of iterations: 202
CPU time used for tree search: 8.813 sec (0h:0m:8s)
Wall-clock time used for tree search: 8.651 sec (0h:0m:8s)
Total CPU time used: 8.968 sec (0h:0m:8s)
Total wall-clock time used: 8.794 sec (0h:0m:8s)

Analysis results written to: 
  IQ-TREE report:                /workspace/IQTree_TarvD7_Results/ENSG00000171724.nuc.ord.iqtree
  Maximum-likelihood tree:       /workspace/IQTree_TarvD7_Results/ENSG00000171724.nuc.ord.treefile
  Likelihood distances:          /workspace/IQTree_TarvD7_Results/ENSG00000171724.nuc.ord.mldist
  Screen log file:               /workspace/IQTree_TarvD7_Results/ENSG00000171724.nuc.ord.log

Date and Time: Tue May 26 18:48:08 2026
