IQ-TREE version 3.1.2 for Linux x86 64-bit built May  7 2026
Developed by Bui Quang Minh, Thomas Wong, Nhan Ly-Trong, Huaiyan Ren
Contributed by Lam-Tung Nguyen, Dominik Schrempf, Chris Bielow,
Olga Chernomor, Michael Woodhams, Diep Thi Hoang, Heiko Schmidt

Host:    8084c4e79f09 (AVX512, FMA3, 1133 GB RAM)
Command: /workspace/iqtree-3.1.2-Linux/bin/iqtree3_intel -s /workspace/NeuralNJ/empirical/TarvD7/ENSG00000165525.nuc.ord.aln -st DNA -m GTR+G -seed 2201 -pre /workspace/IQTree_TarvD7_Results/ENSG00000165525.nuc.ord -quiet
Seed:    2201 (Using SPRNG - Scalable Parallel Random Number Generator)
Time:    Tue May 26 16:37:01 2026
Kernel:  AVX+FMA - 1 threads (384 CPU cores detected)

HINT: Use -nt option to specify number of threads because your CPU has 384 cores!
HINT: -nt AUTO will automatically determine the best number of threads to use.

Reading alignment file /workspace/NeuralNJ/empirical/TarvD7/ENSG00000165525.nuc.ord.aln ... Fasta format detected
Reading fasta file: done in 0.000969887 secs using 74.44% CPU
Alignment most likely contains DNA/RNA sequences
Constructing alignment: done in 0.00409818 secs using 24.82% CPU
Alignment has 32 sequences with 3357 columns, 1856 distinct patterns
1018 parsimony-informative, 574 singleton sites, 1764 constant sites
                   Gap/Ambiguity  Composition  p-value
Analyzing sequences: done in 0.000126123 secs using 41.23% CPU
   1  P001_Platypus        3.93%    failed      0.00%
   2  P002_Opossum        28.95%    passed      8.97%
   3  P003_Wallaby        20.73%    passed     18.59%
   4  P004_Tenrec         32.26%    passed      7.05%
   5  P005_Rock_hyrax     38.52%    passed     77.16%
   6  P006_Elephant       43.52%    passed     26.12%
   7  P007_Armadillo      24.84%    passed     81.31%
   8  P008_Sloth          22.52%    passed     26.53%
   9  P009_Hedgehog       22.34%    passed      8.79%
  10  P010_Common_shrew    6.70%    passed     96.81%
  11  P011_Dolphin        10.81%    passed     96.42%
  12  P012_Cow             3.57%    passed     99.63%
  13  P013_Pig             3.84%    passed     67.98%
  14  P014_Alpaca         16.53%    passed     68.32%
  15  P015_Horse           5.45%    passed     89.73%
  16  P016_Dog             3.57%    passed     88.53%
  17  P017_Cat            53.98%    passed     58.36%
  18  P018_Megabat        10.72%    passed     66.77%
  19  P019_Microbat       26.54%    passed     15.54%
  20  P020_Rabbit         25.74%    passed     84.98%
  21  P021_Pika           10.37%    failed      0.01%
  22  P022_Squirrel       23.50%    passed     69.08%
  23  P023_Guinea_pig      3.84%    passed     37.34%
  24  P024_Kangaroo_rat   48.61%    failed      3.84%
  25  P025_Mouse           4.92%    passed      8.82%
  26  P027_Tree_shrew     27.08%    passed     66.62%
  27  P028_Bushbaby       45.93%    passed     44.58%
  28  P030_Tarsier        21.89%    passed     88.50%
  29  P031_Marmoset        3.57%    passed     59.79%
  30  P034_Gorilla        35.57%    passed     83.65%
  31  P035_Chimp           3.84%    passed     87.73%
  32  P036_Human           3.84%    passed     88.62%
WARNING: 1 sequences contain more than 50% gaps/ambiguity
****  TOTAL               19.94%  3 sequences failed composition chi2 test (p-value<5%; df=3)
Checking for duplicate sequences: done in 0.000162125 secs using 75.25% CPU

Create initial parsimony tree by phylogenetic likelihood library (PLL)... 0.005 seconds

NOTE: 7 MB RAM (0 GB) is required!
Estimate model parameters (epsilon = 0.100)
1. Initial log-likelihood: -25664.696
2. Current log-likelihood: -24030.592
3. Current log-likelihood: -24015.951
Optimal log-likelihood: -24015.879
Rate parameters:  A-C: 1.28160  A-G: 4.19192  A-T: 0.65455  C-G: 1.23058  C-T: 6.35217  G-T: 1.00000
Base frequencies:  A: 0.366  C: 0.174  G: 0.226  T: 0.233
Gamma shape alpha: 0.411
Parameters optimization took 3 rounds (0.293 sec)
Wrote distance file to... 
Computing ML distances based on estimated model parameters...
Calculating distance matrix: done in 0.00332904 secs using 98.92% CPU
Computing ML distances took 0.003560 sec (of wall-clock time) 0.003514 sec (of CPU time)
Setting up auxiliary I and S matrices: done in 5.98431e-05 secs
Constructing RapidNJ tree: done in 0.000104189 secs
Computing RapidNJ tree took 0.000188 sec (of wall-clock time) 0.000000 sec (of CPU time)
Log-likelihood of RapidNJ tree: -24098.997
--------------------------------------------------------------------
|             INITIALIZING CANDIDATE TREE SET                      |
--------------------------------------------------------------------
Generating 98 parsimony trees... 0.379 second
Computing log-likelihood of 98 initial trees ... 0.640 seconds
Current best score: -24015.879

Do NNI search on 20 best initial trees
Estimate model parameters (epsilon = 0.100)
BETTER TREE FOUND at iteration 1: -23990.525
Estimate model parameters (epsilon = 0.100)
BETTER TREE FOUND at iteration 2: -23989.800
Iteration 10 / LogL: -23994.114 / Time: 0h:0m:2s
Iteration 20 / LogL: -24006.650 / Time: 0h:0m:3s
Finish initializing candidate tree set (7)
Current best tree score: -23989.800 / CPU time: 2.778
Number of iterations: 20
--------------------------------------------------------------------
|               OPTIMIZING CANDIDATE TREE SET                      |
--------------------------------------------------------------------
Iteration 30 / LogL: -23990.553 / Time: 0h:0m:4s (0h:0m:10s left)
Iteration 40 / LogL: -23990.724 / Time: 0h:0m:5s (0h:0m:8s left)
Iteration 50 / LogL: -24019.360 / Time: 0h:0m:6s (0h:0m:6s left)
Iteration 60 / LogL: -23989.813 / Time: 0h:0m:7s (0h:0m:5s left)
Iteration 70 / LogL: -23989.827 / Time: 0h:0m:8s (0h:0m:3s left)
Iteration 80 / LogL: -23989.815 / Time: 0h:0m:9s (0h:0m:2s left)
Iteration 90 / LogL: -23996.531 / Time: 0h:0m:10s (0h:0m:1s left)
Iteration 100 / LogL: -23989.886 / Time: 0h:0m:11s (0h:0m:0s left)
TREE SEARCH COMPLETED AFTER 103 ITERATIONS / Time: 0h:0m:11s

--------------------------------------------------------------------
|                    FINALIZING TREE SEARCH                        |
--------------------------------------------------------------------
Performs final model parameters optimization
Estimate model parameters (epsilon = 0.010)
1. Initial log-likelihood: -23989.800
Optimal log-likelihood: -23989.799
Rate parameters:  A-C: 1.28025  A-G: 4.21644  A-T: 0.65208  C-G: 1.22381  C-T: 6.35317  G-T: 1.00000
Base frequencies:  A: 0.366  C: 0.174  G: 0.226  T: 0.233
Gamma shape alpha: 0.412
Parameters optimization took 1 rounds (0.030 sec)
BEST SCORE FOUND : -23989.799
Total tree length: 1.922

Total number of iterations: 103
CPU time used for tree search: 11.604 sec (0h:0m:11s)
Wall-clock time used for tree search: 11.471 sec (0h:0m:11s)
Total CPU time used: 12.000 sec (0h:0m:11s)
Total wall-clock time used: 11.841 sec (0h:0m:11s)

Analysis results written to: 
  IQ-TREE report:                /workspace/IQTree_TarvD7_Results/ENSG00000165525.nuc.ord.iqtree
  Maximum-likelihood tree:       /workspace/IQTree_TarvD7_Results/ENSG00000165525.nuc.ord.treefile
  Likelihood distances:          /workspace/IQTree_TarvD7_Results/ENSG00000165525.nuc.ord.mldist
  Screen log file:               /workspace/IQTree_TarvD7_Results/ENSG00000165525.nuc.ord.log

Date and Time: Tue May 26 16:37:13 2026
