IQ-TREE version 3.1.2 for Linux x86 64-bit built May  7 2026
Developed by Bui Quang Minh, Thomas Wong, Nhan Ly-Trong, Huaiyan Ren
Contributed by Lam-Tung Nguyen, Dominik Schrempf, Chris Bielow,
Olga Chernomor, Michael Woodhams, Diep Thi Hoang, Heiko Schmidt

Host:    8084c4e79f09 (AVX512, FMA3, 1133 GB RAM)
Command: /workspace/iqtree-3.1.2-Linux/bin/iqtree3_intel -s /workspace/NeuralNJ/empirical/TarvD7/ENSG00000186130.nuc.ord.aln -st DNA -m GTR+G -seed 2201 -pre /workspace/IQTree_TarvD7_Results/ENSG00000186130.nuc.ord -quiet
Seed:    2201 (Using SPRNG - Scalable Parallel Random Number Generator)
Time:    Tue May 26 21:59:48 2026
Kernel:  AVX+FMA - 1 threads (384 CPU cores detected)

HINT: Use -nt option to specify number of threads because your CPU has 384 cores!
HINT: -nt AUTO will automatically determine the best number of threads to use.

Reading alignment file /workspace/NeuralNJ/empirical/TarvD7/ENSG00000186130.nuc.ord.aln ... Fasta format detected
Reading fasta file: done in 0.000614166 secs using 34.68% CPU
Alignment most likely contains DNA/RNA sequences
Constructing alignment: done in 0.00153613 secs using 99.93% CPU
Alignment has 28 sequences with 1338 columns, 659 distinct patterns
448 parsimony-informative, 190 singleton sites, 700 constant sites
                   Gap/Ambiguity  Composition  p-value
Analyzing sequences: done in 2.90871e-05 secs using 99.7% CPU
   1  P001_Platypus        7.62%    failed      0.00%
   2  P002_Opossum         4.93%    passed     61.96%
   3  P003_Wallaby        46.19%    passed     68.34%
   4  P004_Tenrec          4.93%    passed     83.43%
   5  P006_Elephant       43.72%    passed     26.46%
   6  P007_Armadillo       6.05%    passed     81.83%
   7  P008_Sloth           4.93%    passed     89.13%
   8  P009_Hedgehog        4.93%    passed     60.22%
   9  P010_Common_shrew    5.16%    passed     77.61%
  10  P011_Dolphin         4.93%    passed     96.64%
  11  P012_Cow             4.93%    passed     97.97%
  12  P013_Pig             4.93%    passed     83.43%
  13  P014_Alpaca          5.16%    passed     98.26%
  14  P015_Horse           4.93%    passed     90.93%
  15  P018_Megabat         5.61%    passed     99.49%
  16  P020_Rabbit         39.24%    failed      1.76%
  17  P023_Guinea_pig      5.16%    passed     41.90%
  18  P025_Mouse           5.16%    passed     93.67%
  19  P026_Rat             5.16%    passed     97.52%
  20  P028_Bushbaby       13.00%    passed     51.06%
  21  P029_Mouse_lemur     4.93%    passed     82.59%
  22  P030_Tarsier        18.16%    passed     56.55%
  23  P031_Marmoset        4.93%    passed     91.51%
  24  P032_Rhesus          4.93%    passed     98.07%
  25  P033_Orangutan       4.93%    passed     99.84%
  26  P034_Gorilla         5.16%    passed     97.10%
  27  P035_Chimp           4.93%    passed     98.80%
  28  P036_Human           4.93%    passed     99.36%
****  TOTAL                9.99%  2 sequences failed composition chi2 test (p-value<5%; df=3)
Checking for duplicate sequences: done in 8.41618e-05 secs using 98.62% CPU

Create initial parsimony tree by phylogenetic likelihood library (PLL)... 0.001 seconds

NOTE: 2 MB RAM (0 GB) is required!
Estimate model parameters (epsilon = 0.100)
1. Initial log-likelihood: -9760.404
2. Current log-likelihood: -9133.185
3. Current log-likelihood: -9126.282
Optimal log-likelihood: -9126.238
Rate parameters:  A-C: 2.47696  A-G: 8.35224  A-T: 1.41509  C-G: 1.67900  C-T: 11.16500  G-T: 1.00000
Base frequencies:  A: 0.318  C: 0.190  G: 0.219  T: 0.272
Gamma shape alpha: 0.451
Parameters optimization took 3 rounds (0.089 sec)
Wrote distance file to... 
Computing ML distances based on estimated model parameters...
Calculating distance matrix: done in 0.00183797 secs using 99.95% CPU
Computing ML distances took 0.001915 sec (of wall-clock time) 0.001914 sec (of CPU time)
Setting up auxiliary I and S matrices: done in 6.69956e-05 secs using 294% CPU
Constructing RapidNJ tree: done in 9.01222e-05 secs using 98.75% CPU
Computing RapidNJ tree took 0.000194 sec (of wall-clock time) 0.000323 sec (of CPU time)
Log-likelihood of RapidNJ tree: -9151.173
--------------------------------------------------------------------
|             INITIALIZING CANDIDATE TREE SET                      |
--------------------------------------------------------------------
Generating 98 parsimony trees... 0.120 second
Computing log-likelihood of 98 initial trees ... 0.199 seconds
Current best score: -9105.134

Do NNI search on 20 best initial trees
Estimate model parameters (epsilon = 0.100)
BETTER TREE FOUND at iteration 1: -9098.698
Iteration 10 / LogL: -9100.376 / Time: 0h:0m:0s
Iteration 20 / LogL: -9099.604 / Time: 0h:0m:1s
Finish initializing candidate tree set (5)
Current best tree score: -9098.698 / CPU time: 0.952
Number of iterations: 20
--------------------------------------------------------------------
|               OPTIMIZING CANDIDATE TREE SET                      |
--------------------------------------------------------------------
UPDATE BEST LOG-LIKELIHOOD: -9098.698
BETTER TREE FOUND at iteration 24: -9098.698
Iteration 30 / LogL: -9099.859 / Time: 0h:0m:1s (0h:0m:4s left)
Iteration 40 / LogL: -9098.700 / Time: 0h:0m:1s (0h:0m:3s left)
Iteration 50 / LogL: -9099.606 / Time: 0h:0m:2s (0h:0m:3s left)
UPDATE BEST LOG-LIKELIHOOD: -9098.698
Iteration 60 / LogL: -9098.698 / Time: 0h:0m:2s (0h:0m:2s left)
Iteration 70 / LogL: -9098.700 / Time: 0h:0m:2s (0h:0m:2s left)
Iteration 80 / LogL: -9098.701 / Time: 0h:0m:3s (0h:0m:1s left)
Iteration 90 / LogL: -9099.603 / Time: 0h:0m:3s (0h:0m:1s left)
Iteration 100 / LogL: -9099.603 / Time: 0h:0m:4s (0h:0m:1s left)
Iteration 110 / LogL: -9099.603 / Time: 0h:0m:4s (0h:0m:0s left)
Iteration 120 / LogL: -9101.620 / Time: 0h:0m:4s (0h:0m:0s left)
TREE SEARCH COMPLETED AFTER 125 ITERATIONS / Time: 0h:0m:5s

--------------------------------------------------------------------
|                    FINALIZING TREE SEARCH                        |
--------------------------------------------------------------------
Performs final model parameters optimization
Estimate model parameters (epsilon = 0.010)
1. Initial log-likelihood: -9098.698
Optimal log-likelihood: -9098.697
Rate parameters:  A-C: 2.39182  A-G: 8.18520  A-T: 1.35789  C-G: 1.62711  C-T: 11.18482  G-T: 1.00000
Base frequencies:  A: 0.318  C: 0.190  G: 0.219  T: 0.272
Gamma shape alpha: 0.454
Parameters optimization took 1 rounds (0.009 sec)
BEST SCORE FOUND : -9098.697
Total tree length: 1.667

Total number of iterations: 125
CPU time used for tree search: 5.184 sec (0h:0m:5s)
Wall-clock time used for tree search: 5.013 sec (0h:0m:5s)
Total CPU time used: 5.308 sec (0h:0m:5s)
Total wall-clock time used: 5.129 sec (0h:0m:5s)

Analysis results written to: 
  IQ-TREE report:                /workspace/IQTree_TarvD7_Results/ENSG00000186130.nuc.ord.iqtree
  Maximum-likelihood tree:       /workspace/IQTree_TarvD7_Results/ENSG00000186130.nuc.ord.treefile
  Likelihood distances:          /workspace/IQTree_TarvD7_Results/ENSG00000186130.nuc.ord.mldist
  Screen log file:               /workspace/IQTree_TarvD7_Results/ENSG00000186130.nuc.ord.log

Date and Time: Tue May 26 21:59:53 2026
