IQ-TREE version 3.1.2 for Linux x86 64-bit built May  7 2026
Developed by Bui Quang Minh, Thomas Wong, Nhan Ly-Trong, Huaiyan Ren
Contributed by Lam-Tung Nguyen, Dominik Schrempf, Chris Bielow,
Olga Chernomor, Michael Woodhams, Diep Thi Hoang, Heiko Schmidt

Host:    8084c4e79f09 (AVX512, FMA3, 1133 GB RAM)
Command: /workspace/iqtree-3.1.2-Linux/bin/iqtree3_intel -s /workspace/NeuralNJ/empirical/TarvD7/ENSG00000134107.nuc.ord.aln -st DNA -m GTR+G -seed 2201 -pre /workspace/IQTree_TarvD7_Results/ENSG00000134107.nuc.ord -quiet
Seed:    2201 (Using SPRNG - Scalable Parallel Random Number Generator)
Time:    Tue May 26 07:06:33 2026
Kernel:  AVX+FMA - 1 threads (384 CPU cores detected)

HINT: Use -nt option to specify number of threads because your CPU has 384 cores!
HINT: -nt AUTO will automatically determine the best number of threads to use.

Reading alignment file /workspace/NeuralNJ/empirical/TarvD7/ENSG00000134107.nuc.ord.aln ... Fasta format detected
Reading fasta file: done in 0.000518084 secs using 30.69% CPU
Alignment most likely contains DNA/RNA sequences
Constructing alignment: done in 0.00180101 secs using 48.08% CPU
Alignment has 31 sequences with 1257 columns, 673 distinct patterns
463 parsimony-informative, 168 singleton sites, 626 constant sites
                   Gap/Ambiguity  Composition  p-value
Analyzing sequences: done in 4.41074e-05 secs using 99.76% CPU
   1  P001_Platypus        1.67%    failed      2.29%
   2  P002_Opossum         1.91%    passed      6.38%
   3  P003_Wallaby         2.15%    failed      0.28%
   4  P004_Tenrec          2.86%    passed     95.97%
   5  P005_Rock_hyrax     59.19%    passed     11.99%
   6  P006_Elephant        1.67%    passed     40.31%
   7  P007_Armadillo      46.78%    failed      4.10%
   8  P008_Sloth          45.35%    passed      8.85%
   9  P011_Dolphin        14.08%    passed     48.66%
  10  P012_Cow             1.67%    passed     79.60%
  11  P013_Pig             1.67%    passed     71.36%
  12  P015_Horse           1.67%    passed     86.41%
  13  P016_Dog             1.67%    passed     99.30%
  14  P017_Cat             1.67%    passed     95.82%
  15  P018_Megabat         1.67%    failed      0.30%
  16  P020_Rabbit          1.91%    failed      0.00%
  17  P021_Pika           35.32%    failed      0.00%
  18  P022_Squirrel        5.25%    passed     92.42%
  19  P023_Guinea_pig     21.48%    failed      1.39%
  20  P024_Kangaroo_rat    1.67%    passed     18.77%
  21  P025_Mouse           1.91%    passed     34.47%
  22  P026_Rat             1.91%    passed     63.40%
  23  P028_Bushbaby        2.15%    passed     69.79%
  24  P029_Mouse_lemur    21.96%    failed      0.00%
  25  P030_Tarsier         1.67%    passed     83.05%
  26  P031_Marmoset        1.67%    passed     86.54%
  27  P032_Rhesus          1.67%    passed     94.55%
  28  P033_Orangutan       1.67%    passed     94.38%
  29  P034_Gorilla        14.08%    passed     84.76%
  30  P035_Chimp          13.60%    passed     84.69%
  31  P036_Human           1.67%    passed     96.65%
WARNING: 1 sequences contain more than 50% gaps/ambiguity
****  TOTAL               10.17%  8 sequences failed composition chi2 test (p-value<5%; df=3)
Checking for duplicate sequences: done in 0.000111103 secs using 99.91% CPU

Create initial parsimony tree by phylogenetic likelihood library (PLL)... 0.002 seconds

NOTE: 2 MB RAM (0 GB) is required!
Estimate model parameters (epsilon = 0.100)
1. Initial log-likelihood: -11082.035
2. Current log-likelihood: -10436.177
3. Current log-likelihood: -10423.951
4. Current log-likelihood: -10423.695
Optimal log-likelihood: -10423.675
Rate parameters:  A-C: 1.00711  A-G: 4.02646  A-T: 0.64298  C-G: 1.11607  C-T: 5.01450  G-T: 1.00000
Base frequencies:  A: 0.253  C: 0.304  G: 0.253  T: 0.189
Gamma shape alpha: 0.382
Parameters optimization took 4 rounds (0.104 sec)
Wrote distance file to... 
Computing ML distances based on estimated model parameters...
Calculating distance matrix: done in 0.00236511 secs using 96.32% CPU
Computing ML distances took 0.002446 sec (of wall-clock time) 0.002353 sec (of CPU time)
Setting up auxiliary I and S matrices: done in 0.000124931 secs
Constructing RapidNJ tree: done in 0.00019002 secs
Computing RapidNJ tree took 0.000383 sec (of wall-clock time) 0.000000 sec (of CPU time)
Log-likelihood of RapidNJ tree: -10452.600
--------------------------------------------------------------------
|             INITIALIZING CANDIDATE TREE SET                      |
--------------------------------------------------------------------
Generating 98 parsimony trees... 0.154 second
Computing log-likelihood of 98 initial trees ... 0.231 seconds
Current best score: -10423.675

Do NNI search on 20 best initial trees
Estimate model parameters (epsilon = 0.100)
BETTER TREE FOUND at iteration 1: -10411.809
UPDATE BEST LOG-LIKELIHOOD: -10411.809
UPDATE BEST LOG-LIKELIHOOD: -10411.808
Iteration 10 / LogL: -10416.565 / Time: 0h:0m:0s
Iteration 20 / LogL: -10416.565 / Time: 0h:0m:1s
Finish initializing candidate tree set (6)
Current best tree score: -10411.808 / CPU time: 1.223
Number of iterations: 20
--------------------------------------------------------------------
|               OPTIMIZING CANDIDATE TREE SET                      |
--------------------------------------------------------------------
UPDATE BEST LOG-LIKELIHOOD: -10411.808
Iteration 30 / LogL: -10411.808 / Time: 0h:0m:1s (0h:0m:4s left)
Iteration 40 / LogL: -10411.809 / Time: 0h:0m:2s (0h:0m:3s left)
Iteration 50 / LogL: -10411.811 / Time: 0h:0m:2s (0h:0m:2s left)
UPDATE BEST LOG-LIKELIHOOD: -10411.808
UPDATE BEST LOG-LIKELIHOOD: -10411.808
Iteration 60 / LogL: -10411.809 / Time: 0h:0m:3s (0h:0m:2s left)
Iteration 70 / LogL: -10411.860 / Time: 0h:0m:3s (0h:0m:1s left)
Iteration 80 / LogL: -10411.808 / Time: 0h:0m:4s (0h:0m:1s left)
Iteration 90 / LogL: -10411.861 / Time: 0h:0m:4s (0h:0m:0s left)
Iteration 100 / LogL: -10412.631 / Time: 0h:0m:5s (0h:0m:0s left)
TREE SEARCH COMPLETED AFTER 102 ITERATIONS / Time: 0h:0m:5s

--------------------------------------------------------------------
|                    FINALIZING TREE SEARCH                        |
--------------------------------------------------------------------
Performs final model parameters optimization
Estimate model parameters (epsilon = 0.010)
1. Initial log-likelihood: -10411.808
Optimal log-likelihood: -10411.807
Rate parameters:  A-C: 0.98365  A-G: 4.03084  A-T: 0.64566  C-G: 1.10281  C-T: 5.01920  G-T: 1.00000
Base frequencies:  A: 0.253  C: 0.304  G: 0.253  T: 0.189
Gamma shape alpha: 0.381
Parameters optimization took 1 rounds (0.010 sec)
BEST SCORE FOUND : -10411.807
Total tree length: 2.625

Total number of iterations: 102
CPU time used for tree search: 5.128 sec (0h:0m:5s)
Wall-clock time used for tree search: 4.966 sec (0h:0m:4s)
Total CPU time used: 5.276 sec (0h:0m:5s)
Total wall-clock time used: 5.104 sec (0h:0m:5s)

Analysis results written to: 
  IQ-TREE report:                /workspace/IQTree_TarvD7_Results/ENSG00000134107.nuc.ord.iqtree
  Maximum-likelihood tree:       /workspace/IQTree_TarvD7_Results/ENSG00000134107.nuc.ord.treefile
  Likelihood distances:          /workspace/IQTree_TarvD7_Results/ENSG00000134107.nuc.ord.mldist
  Screen log file:               /workspace/IQTree_TarvD7_Results/ENSG00000134107.nuc.ord.log

Date and Time: Tue May 26 07:06:38 2026
