IQ-TREE version 3.1.2 for Linux x86 64-bit built May  7 2026
Developed by Bui Quang Minh, Thomas Wong, Nhan Ly-Trong, Huaiyan Ren
Contributed by Lam-Tung Nguyen, Dominik Schrempf, Chris Bielow,
Olga Chernomor, Michael Woodhams, Diep Thi Hoang, Heiko Schmidt

Host:    8084c4e79f09 (AVX512, FMA3, 1133 GB RAM)
Command: /workspace/iqtree-3.1.2-Linux/bin/iqtree3_intel -s /workspace/NeuralNJ/empirical/TarvD7/ENSG00000106701.nuc.ord.aln -st DNA -m GTR+G -seed 2201 -pre /workspace/IQTree_TarvD7_Results/ENSG00000106701.nuc.ord -quiet
Seed:    2201 (Using SPRNG - Scalable Parallel Random Number Generator)
Time:    Tue May 26 00:17:32 2026
Kernel:  AVX+FMA - 1 threads (384 CPU cores detected)

HINT: Use -nt option to specify number of threads because your CPU has 384 cores!
HINT: -nt AUTO will automatically determine the best number of threads to use.

Reading alignment file /workspace/NeuralNJ/empirical/TarvD7/ENSG00000106701.nuc.ord.aln ... Fasta format detected
Reading fasta file: done in 0.000514984 secs using 11.65% CPU
Alignment most likely contains DNA/RNA sequences
Constructing alignment: done in 0.00200105 secs using 43.28% CPU
Alignment has 31 sequences with 1749 columns, 769 distinct patterns
396 parsimony-informative, 254 singleton sites, 1099 constant sites
                   Gap/Ambiguity  Composition  p-value
Analyzing sequences: done in 3.8147e-05 secs using 99.61% CPU
   1  P001_Platypus       16.30%    failed      4.05%
   2  P002_Opossum        16.30%    passed     52.53%
   3  P003_Wallaby        51.97%    passed     86.79%
   4  P004_Tenrec         60.21%    passed     19.69%
   5  P005_Rock_hyrax     40.48%    passed     47.24%
   6  P006_Elephant       44.60%    passed     91.56%
   7  P007_Armadillo      34.48%    passed     67.39%
   8  P009_Hedgehog       46.83%    failed      0.05%
   9  P010_Common_shrew   52.66%    passed     68.31%
  10  P011_Dolphin        16.47%    passed     96.12%
  11  P012_Cow            13.04%    passed     99.32%
  12  P013_Pig            13.89%    passed     17.30%
  13  P014_Alpaca         28.64%    passed     56.41%
  14  P015_Horse          15.78%    passed     92.43%
  15  P016_Dog            13.04%    passed     93.61%
  16  P017_Cat            38.94%    passed     42.01%
  17  P018_Megabat        27.10%    passed     85.93%
  18  P019_Microbat       53.86%    passed     66.87%
  19  P022_Squirrel       61.75%    passed     99.81%
  20  P023_Guinea_pig     20.75%    passed     92.91%
  21  P024_Kangaroo_rat   21.27%    passed     56.93%
  22  P025_Mouse          46.83%    passed     61.88%
  23  P026_Rat            46.83%    passed     26.85%
  24  P027_Tree_shrew     72.73%    passed     41.55%
  25  P029_Mouse_lemur    47.00%    passed     91.13%
  26  P030_Tarsier        28.82%    passed     88.87%
  27  P031_Marmoset       14.07%    passed     67.77%
  28  P032_Rhesus         46.66%    passed     77.55%
  29  P033_Orangutan      21.61%    passed     80.52%
  30  P035_Chimp          14.58%    passed     92.47%
  31  P036_Human           9.09%    passed     81.43%
WARNING: 6 sequences contain more than 50% gaps/ambiguity
****  TOTAL               33.44%  2 sequences failed composition chi2 test (p-value<5%; df=3)
Checking for duplicate sequences: done in 9.58443e-05 secs using 100.2% CPU

Create initial parsimony tree by phylogenetic likelihood library (PLL)... 0.001 seconds

NOTE: 3 MB RAM (0 GB) is required!
Estimate model parameters (epsilon = 0.100)
1. Initial log-likelihood: -10231.685
2. Current log-likelihood: -9457.568
3. Current log-likelihood: -9452.441
Optimal log-likelihood: -9452.416
Rate parameters:  A-C: 1.91964  A-G: 6.17146  A-T: 1.13932  C-G: 0.91230  C-T: 8.94504  G-T: 1.00000
Base frequencies:  A: 0.337  C: 0.173  G: 0.230  T: 0.260
Gamma shape alpha: 0.376
Parameters optimization took 3 rounds (0.107 sec)
Wrote distance file to... 
Computing ML distances based on estimated model parameters...
Calculating distance matrix: done in 0.002244 secs using 100% CPU
Computing ML distances took 0.002344 sec (of wall-clock time) 0.002345 sec (of CPU time)
Setting up auxiliary I and S matrices: done in 0.000127077 secs using 99.15% CPU
Constructing RapidNJ tree: done in 0.000218153 secs using 212.2% CPU
Computing RapidNJ tree took 0.000419 sec (of wall-clock time) 0.000664 sec (of CPU time)
Log-likelihood of RapidNJ tree: -9541.325
--------------------------------------------------------------------
|             INITIALIZING CANDIDATE TREE SET                      |
--------------------------------------------------------------------
Generating 98 parsimony trees... 0.174 second
Computing log-likelihood of 98 initial trees ... 0.266 seconds
Current best score: -9452.416

Do NNI search on 20 best initial trees
Estimate model parameters (epsilon = 0.100)
BETTER TREE FOUND at iteration 1: -9443.218
Estimate model parameters (epsilon = 0.100)
BETTER TREE FOUND at iteration 4: -9442.614
Iteration 10 / LogL: -9448.843 / Time: 0h:0m:0s
Iteration 20 / LogL: -9445.856 / Time: 0h:0m:1s
Finish initializing candidate tree set (10)
Current best tree score: -9442.614 / CPU time: 1.172
Number of iterations: 20
--------------------------------------------------------------------
|               OPTIMIZING CANDIDATE TREE SET                      |
--------------------------------------------------------------------
Iteration 30 / LogL: -9462.211 / Time: 0h:0m:1s (0h:0m:4s left)
Iteration 40 / LogL: -9443.208 / Time: 0h:0m:2s (0h:0m:3s left)
Iteration 50 / LogL: -9443.493 / Time: 0h:0m:2s (0h:0m:2s left)
Iteration 60 / LogL: -9475.174 / Time: 0h:0m:3s (0h:0m:2s left)
Iteration 70 / LogL: -9462.617 / Time: 0h:0m:3s (0h:0m:1s left)
Iteration 80 / LogL: -9442.623 / Time: 0h:0m:4s (0h:0m:1s left)
Iteration 90 / LogL: -9442.617 / Time: 0h:0m:4s (0h:0m:0s left)
Iteration 100 / LogL: -9442.619 / Time: 0h:0m:5s (0h:0m:0s left)
TREE SEARCH COMPLETED AFTER 105 ITERATIONS / Time: 0h:0m:5s

--------------------------------------------------------------------
|                    FINALIZING TREE SEARCH                        |
--------------------------------------------------------------------
Performs final model parameters optimization
Estimate model parameters (epsilon = 0.010)
1. Initial log-likelihood: -9442.614
Optimal log-likelihood: -9442.610
Rate parameters:  A-C: 1.88133  A-G: 6.22950  A-T: 1.14590  C-G: 0.94098  C-T: 8.94648  G-T: 1.00000
Base frequencies:  A: 0.337  C: 0.173  G: 0.230  T: 0.260
Gamma shape alpha: 0.378
Parameters optimization took 1 rounds (0.011 sec)
BEST SCORE FOUND : -9442.610
Total tree length: 1.585

Total number of iterations: 105
CPU time used for tree search: 5.334 sec (0h:0m:5s)
Wall-clock time used for tree search: 5.163 sec (0h:0m:5s)
Total CPU time used: 5.491 sec (0h:0m:5s)
Total wall-clock time used: 5.306 sec (0h:0m:5s)

Analysis results written to: 
  IQ-TREE report:                /workspace/IQTree_TarvD7_Results/ENSG00000106701.nuc.ord.iqtree
  Maximum-likelihood tree:       /workspace/IQTree_TarvD7_Results/ENSG00000106701.nuc.ord.treefile
  Likelihood distances:          /workspace/IQTree_TarvD7_Results/ENSG00000106701.nuc.ord.mldist
  Screen log file:               /workspace/IQTree_TarvD7_Results/ENSG00000106701.nuc.ord.log

Date and Time: Tue May 26 00:17:37 2026
