IQ-TREE version 3.1.2 for Linux x86 64-bit built May  7 2026
Developed by Bui Quang Minh, Thomas Wong, Nhan Ly-Trong, Huaiyan Ren
Contributed by Lam-Tung Nguyen, Dominik Schrempf, Chris Bielow,
Olga Chernomor, Michael Woodhams, Diep Thi Hoang, Heiko Schmidt

Host:    8084c4e79f09 (AVX512, FMA3, 1133 GB RAM)
Command: /workspace/iqtree-3.1.2-Linux/bin/iqtree3_intel -s /workspace/NeuralNJ/empirical/TarvD7/ENSG00000120733.nuc.ord.aln -st DNA -m GTR+G -seed 2201 -pre /workspace/IQTree_TarvD7_Results/ENSG00000120733.nuc.ord -quiet
Seed:    2201 (Using SPRNG - Scalable Parallel Random Number Generator)
Time:    Tue May 26 04:03:45 2026
Kernel:  AVX+FMA - 1 threads (384 CPU cores detected)

HINT: Use -nt option to specify number of threads because your CPU has 384 cores!
HINT: -nt AUTO will automatically determine the best number of threads to use.

Reading alignment file /workspace/NeuralNJ/empirical/TarvD7/ENSG00000120733.nuc.ord.aln ... Fasta format detected
Reading fasta file: done in 0.00169611 secs using 85.08% CPU
Alignment most likely contains DNA/RNA sequences
Constructing alignment: done in 0.00735283 secs using 97.38% CPU
Alignment has 35 sequences with 5571 columns, 2574 distinct patterns
1398 parsimony-informative, 831 singleton sites, 3342 constant sites
                   Gap/Ambiguity  Composition  p-value
Analyzing sequences: done in 0.000135183 secs using 99.86% CPU
   1  P001_Platypus       52.77%    failed      0.00%
   2  P002_Opossum         5.01%    passed     21.85%
   3  P003_Wallaby        24.45%    failed      1.09%
   4  P004_Tenrec         22.24%    passed     65.04%
   5  P005_Rock_hyrax     22.02%    passed     59.83%
   6  P006_Elephant       14.92%    passed     70.00%
   7  P007_Armadillo      40.01%    passed     11.14%
   8  P008_Sloth          35.70%    passed     38.77%
   9  P009_Hedgehog       31.66%    passed     15.39%
  10  P010_Common_shrew   49.27%    passed     14.77%
  11  P011_Dolphin        12.65%    passed     87.14%
  12  P012_Cow             5.28%    passed     76.36%
  13  P013_Pig             4.90%    passed     40.75%
  14  P014_Alpaca         16.53%    passed     96.91%
  15  P015_Horse           6.19%    passed     89.48%
  16  P016_Dog             4.36%    passed     83.24%
  17  P017_Cat            33.76%    passed     44.81%
  18  P018_Megabat         9.05%    passed     37.15%
  19  P019_Microbat       21.43%    passed     73.87%
  20  P020_Rabbit         13.30%    passed     80.38%
  21  P021_Pika           42.22%    passed     20.65%
  22  P022_Squirrel       22.35%    passed     46.64%
  23  P023_Guinea_pig      8.99%    passed     67.09%
  24  P024_Kangaroo_rat   13.79%    failed      0.10%
  25  P025_Mouse           5.12%    failed      2.55%
  26  P027_Tree_shrew     20.79%    passed     58.27%
  27  P028_Bushbaby       34.41%    passed     34.92%
  28  P029_Mouse_lemur     9.32%    passed     79.38%
  29  P030_Tarsier        20.09%    passed     38.15%
  30  P031_Marmoset        5.06%    passed     97.86%
  31  P032_Rhesus          5.06%    passed     94.41%
  32  P033_Orangutan      23.69%    passed     69.16%
  33  P034_Gorilla        29.99%    passed     26.98%
  34  P035_Chimp           5.17%    passed     90.27%
  35  P036_Human           5.17%    passed     91.72%
WARNING: 1 sequences contain more than 50% gaps/ambiguity
****  TOTAL               19.34%  4 sequences failed composition chi2 test (p-value<5%; df=3)
Checking for duplicate sequences: done in 0.000204086 secs using 99.96% CPU

Create initial parsimony tree by phylogenetic likelihood library (PLL)... 0.004 seconds

NOTE: 11 MB RAM (0 GB) is required!
Estimate model parameters (epsilon = 0.100)
1. Initial log-likelihood: -37613.938
2. Current log-likelihood: -34845.137
3. Current log-likelihood: -34807.797
4. Current log-likelihood: -34807.575
Optimal log-likelihood: -34807.569
Rate parameters:  A-C: 1.19617  A-G: 5.86678  A-T: 1.26946  C-G: 0.75509  C-T: 6.60252  G-T: 1.00000
Base frequencies:  A: 0.265  C: 0.251  G: 0.263  T: 0.221
Gamma shape alpha: 0.319
Parameters optimization took 4 rounds (0.429 sec)
Wrote distance file to... 
Computing ML distances based on estimated model parameters...
Calculating distance matrix: done in 0.00470805 secs using 99.83% CPU
Computing ML distances took 0.005020 sec (of wall-clock time) 0.005012 sec (of CPU time)
Setting up auxiliary I and S matrices: done in 0.000180006 secs using 11.67% CPU
Constructing RapidNJ tree: done in 0.000313044 secs using 196.5% CPU
Computing RapidNJ tree took 0.000579 sec (of wall-clock time) 0.000693 sec (of CPU time)
Log-likelihood of RapidNJ tree: -34968.596
--------------------------------------------------------------------
|             INITIALIZING CANDIDATE TREE SET                      |
--------------------------------------------------------------------
Generating 98 parsimony trees... 0.520 second
Computing log-likelihood of 98 initial trees ... 0.961 seconds
Current best score: -34807.569

Do NNI search on 20 best initial trees
Estimate model parameters (epsilon = 0.100)
BETTER TREE FOUND at iteration 1: -34761.467
Estimate model parameters (epsilon = 0.100)
BETTER TREE FOUND at iteration 2: -34755.914
Iteration 10 / LogL: -34757.709 / Time: 0h:0m:3s
Iteration 20 / LogL: -34756.205 / Time: 0h:0m:4s
Finish initializing candidate tree set (3)
Current best tree score: -34755.914 / CPU time: 4.485
Number of iterations: 20
--------------------------------------------------------------------
|               OPTIMIZING CANDIDATE TREE SET                      |
--------------------------------------------------------------------
Iteration 30 / LogL: -34757.473 / Time: 0h:0m:6s (0h:0m:15s left)
Iteration 40 / LogL: -34796.038 / Time: 0h:0m:7s (0h:0m:12s left)
Iteration 50 / LogL: -34796.040 / Time: 0h:0m:9s (0h:0m:10s left)
Iteration 60 / LogL: -34755.914 / Time: 0h:0m:11s (0h:0m:7s left)
Iteration 70 / LogL: -34755.976 / Time: 0h:0m:12s (0h:0m:6s left)
Iteration 80 / LogL: -34759.212 / Time: 0h:0m:14s (0h:0m:4s left)
Iteration 90 / LogL: -34802.981 / Time: 0h:0m:16s (0h:0m:2s left)
Iteration 100 / LogL: -34767.401 / Time: 0h:0m:17s (0h:0m:0s left)
UPDATE BEST LOG-LIKELIHOOD: -34755.913
TREE SEARCH COMPLETED AFTER 103 ITERATIONS / Time: 0h:0m:18s

--------------------------------------------------------------------
|                    FINALIZING TREE SEARCH                        |
--------------------------------------------------------------------
Performs final model parameters optimization
Estimate model parameters (epsilon = 0.010)
1. Initial log-likelihood: -34755.913
Optimal log-likelihood: -34755.913
Rate parameters:  A-C: 1.20131  A-G: 5.86808  A-T: 1.24609  C-G: 0.76264  C-T: 6.60308  G-T: 1.00000
Base frequencies:  A: 0.265  C: 0.251  G: 0.263  T: 0.221
Gamma shape alpha: 0.322
Parameters optimization took 1 rounds (0.043 sec)
BEST SCORE FOUND : -34755.913
Total tree length: 1.755

Total number of iterations: 103
CPU time used for tree search: 17.800 sec (0h:0m:17s)
Wall-clock time used for tree search: 17.690 sec (0h:0m:17s)
Total CPU time used: 18.373 sec (0h:0m:18s)
Total wall-clock time used: 18.225 sec (0h:0m:18s)

Analysis results written to: 
  IQ-TREE report:                /workspace/IQTree_TarvD7_Results/ENSG00000120733.nuc.ord.iqtree
  Maximum-likelihood tree:       /workspace/IQTree_TarvD7_Results/ENSG00000120733.nuc.ord.treefile
  Likelihood distances:          /workspace/IQTree_TarvD7_Results/ENSG00000120733.nuc.ord.mldist
  Screen log file:               /workspace/IQTree_TarvD7_Results/ENSG00000120733.nuc.ord.log

Date and Time: Tue May 26 04:04:03 2026
