IQ-TREE version 3.1.2 for Linux x86 64-bit built May  7 2026
Developed by Bui Quang Minh, Thomas Wong, Nhan Ly-Trong, Huaiyan Ren
Contributed by Lam-Tung Nguyen, Dominik Schrempf, Chris Bielow,
Olga Chernomor, Michael Woodhams, Diep Thi Hoang, Heiko Schmidt

Host:    8084c4e79f09 (AVX512, FMA3, 1133 GB RAM)
Command: /workspace/iqtree-3.1.2-Linux/bin/iqtree3_intel -s /workspace/NeuralNJ/empirical/TarvD7/ENSG00000188828.nuc.ord.aln -st DNA -m GTR+G -seed 2201 -pre /workspace/IQTree_TarvD7_Results/ENSG00000188828.nuc.ord -quiet
Seed:    2201 (Using SPRNG - Scalable Parallel Random Number Generator)
Time:    Tue May 26 22:37:39 2026
Kernel:  AVX+FMA - 1 threads (384 CPU cores detected)

HINT: Use -nt option to specify number of threads because your CPU has 384 cores!
HINT: -nt AUTO will automatically determine the best number of threads to use.

Reading alignment file /workspace/NeuralNJ/empirical/TarvD7/ENSG00000188828.nuc.ord.aln ... Fasta format detected
Reading fasta file: done in 0.00109911 secs
Alignment most likely contains DNA/RNA sequences
Constructing alignment: done in 0.00188994 secs using 81.17% CPU
Alignment has 35 sequences with 1614 columns, 774 distinct patterns
395 parsimony-informative, 268 singleton sites, 950 constant sites
                   Gap/Ambiguity  Composition  p-value
Analyzing sequences: done in 4.00543e-05 secs using 27.46% CPU
   1  P001_Platypus       17.47%    failed      0.00%
   2  P002_Opossum        16.54%    passed     88.31%
   3  P003_Wallaby        29.93%    passed     85.59%
   4  P004_Tenrec         32.71%    passed     99.71%
   5  P005_Rock_hyrax     39.03%    passed     90.89%
   6  P006_Elephant       52.42%    passed     64.63%
   7  P007_Armadillo      60.41%    passed     69.78%
   8  P009_Hedgehog       29.93%    passed     47.49%
   9  P010_Common_shrew   60.59%    passed     66.58%
  10  P011_Dolphin        29.93%    passed     95.02%
  11  P012_Cow            15.24%    passed     86.98%
  12  P013_Pig            18.96%    passed     99.48%
  13  P014_Alpaca         53.72%    passed     69.79%
  14  P015_Horse          15.06%    passed     74.97%
  15  P016_Dog            12.83%    passed     37.99%
  16  P017_Cat            35.32%    passed     98.98%
  17  P018_Megabat        29.93%    passed     95.85%
  18  P019_Microbat       29.93%    passed     92.14%
  19  P020_Rabbit         30.30%    passed     77.60%
  20  P021_Pika           68.77%    passed     70.01%
  21  P022_Squirrel       49.07%    passed     85.02%
  22  P023_Guinea_pig     15.06%    passed     44.15%
  23  P024_Kangaroo_rat   32.34%    passed     90.78%
  24  P025_Mouse          15.24%    passed      6.18%
  25  P026_Rat            15.24%    passed     10.64%
  26  P027_Tree_shrew     29.93%    passed     99.66%
  27  P028_Bushbaby       44.05%    passed     83.72%
  28  P029_Mouse_lemur    40.52%    passed     93.96%
  29  P030_Tarsier        45.72%    passed     94.93%
  30  P031_Marmoset       16.17%    passed     97.63%
  31  P032_Rhesus         30.11%    passed     99.91%
  32  P033_Orangutan      29.74%    passed     96.10%
  33  P034_Gorilla        45.17%    passed     58.34%
  34  P035_Chimp          44.24%    passed     73.57%
  35  P036_Human          22.49%    passed     88.49%
WARNING: 5 sequences contain more than 50% gaps/ambiguity
****  TOTAL               32.97%  1 sequences failed composition chi2 test (p-value<5%; df=3)
Checking for duplicate sequences: done in 0.000109911 secs using 99.17% CPU

Create initial parsimony tree by phylogenetic likelihood library (PLL)... 0.003 seconds

NOTE: 3 MB RAM (0 GB) is required!
Estimate model parameters (epsilon = 0.100)
1. Initial log-likelihood: -10805.528
2. Current log-likelihood: -10013.099
3. Current log-likelihood: -10005.217
Optimal log-likelihood: -10005.139
Rate parameters:  A-C: 1.56049  A-G: 5.90618  A-T: 1.54794  C-G: 0.79373  C-T: 7.81290  G-T: 1.00000
Base frequencies:  A: 0.234  C: 0.272  G: 0.245  T: 0.250
Gamma shape alpha: 0.432
Parameters optimization took 3 rounds (0.124 sec)
Wrote distance file to... 
Computing ML distances based on estimated model parameters...
Calculating distance matrix: done in 0.00273609 secs using 100% CPU
Computing ML distances took 0.002851 sec (of wall-clock time) 0.002850 sec (of CPU time)
Setting up auxiliary I and S matrices: done in 0.000161886 secs using 164.9% CPU
Constructing RapidNJ tree: done in 0.000306129 secs using 236.5% CPU
Computing RapidNJ tree took 0.000545 sec (of wall-clock time) 0.001081 sec (of CPU time)
Log-likelihood of RapidNJ tree: -10057.266
--------------------------------------------------------------------
|             INITIALIZING CANDIDATE TREE SET                      |
--------------------------------------------------------------------
Generating 98 parsimony trees... 0.219 second
Computing log-likelihood of 98 initial trees ... 0.309 seconds
Current best score: -10005.139

Do NNI search on 20 best initial trees
Estimate model parameters (epsilon = 0.100)
BETTER TREE FOUND at iteration 1: -9997.858
Estimate model parameters (epsilon = 0.100)
BETTER TREE FOUND at iteration 2: -9987.785
Iteration 10 / LogL: -9989.580 / Time: 0h:0m:1s
Iteration 20 / LogL: -9992.675 / Time: 0h:0m:1s
Finish initializing candidate tree set (11)
Current best tree score: -9987.785 / CPU time: 1.421
Number of iterations: 20
--------------------------------------------------------------------
|               OPTIMIZING CANDIDATE TREE SET                      |
--------------------------------------------------------------------
Iteration 30 / LogL: -9995.728 / Time: 0h:0m:2s (0h:0m:5s left)
Iteration 40 / LogL: -9989.622 / Time: 0h:0m:2s (0h:0m:4s left)
Estimate model parameters (epsilon = 0.100)
BETTER TREE FOUND at iteration 47: -9986.946
Estimate model parameters (epsilon = 0.100)
BETTER TREE FOUND at iteration 48: -9986.133
Iteration 50 / LogL: -9987.543 / Time: 0h:0m:3s (0h:0m:6s left)
Estimate model parameters (epsilon = 0.100)
BETTER TREE FOUND at iteration 51: -9985.946
Iteration 60 / LogL: -9989.457 / Time: 0h:0m:3s (0h:0m:5s left)
Iteration 70 / LogL: -9987.372 / Time: 0h:0m:4s (0h:0m:4s left)
Iteration 80 / LogL: -9986.136 / Time: 0h:0m:4s (0h:0m:4s left)
Iteration 90 / LogL: -9985.992 / Time: 0h:0m:5s (0h:0m:3s left)
Iteration 100 / LogL: -9987.859 / Time: 0h:0m:5s (0h:0m:2s left)
Iteration 110 / LogL: -9985.947 / Time: 0h:0m:6s (0h:0m:2s left)
Iteration 120 / LogL: -9985.979 / Time: 0h:0m:6s (0h:0m:1s left)
Iteration 130 / LogL: -9985.956 / Time: 0h:0m:7s (0h:0m:1s left)
Iteration 140 / LogL: -9986.960 / Time: 0h:0m:7s (0h:0m:0s left)
Iteration 150 / LogL: -9986.027 / Time: 0h:0m:8s (0h:0m:0s left)
TREE SEARCH COMPLETED AFTER 152 ITERATIONS / Time: 0h:0m:8s

--------------------------------------------------------------------
|                    FINALIZING TREE SEARCH                        |
--------------------------------------------------------------------
Performs final model parameters optimization
Estimate model parameters (epsilon = 0.010)
1. Initial log-likelihood: -9985.946
Optimal log-likelihood: -9985.944
Rate parameters:  A-C: 1.57885  A-G: 6.16209  A-T: 1.58619  C-G: 0.83457  C-T: 8.05606  G-T: 1.00000
Base frequencies:  A: 0.234  C: 0.272  G: 0.245  T: 0.250
Gamma shape alpha: 0.428
Parameters optimization took 1 rounds (0.014 sec)
BEST SCORE FOUND : -9985.944
Total tree length: 1.977

Total number of iterations: 152
CPU time used for tree search: 8.286 sec (0h:0m:8s)
Wall-clock time used for tree search: 8.123 sec (0h:0m:8s)
Total CPU time used: 8.467 sec (0h:0m:8s)
Total wall-clock time used: 8.289 sec (0h:0m:8s)

Analysis results written to: 
  IQ-TREE report:                /workspace/IQTree_TarvD7_Results/ENSG00000188828.nuc.ord.iqtree
  Maximum-likelihood tree:       /workspace/IQTree_TarvD7_Results/ENSG00000188828.nuc.ord.treefile
  Likelihood distances:          /workspace/IQTree_TarvD7_Results/ENSG00000188828.nuc.ord.mldist
  Screen log file:               /workspace/IQTree_TarvD7_Results/ENSG00000188828.nuc.ord.log

Date and Time: Tue May 26 22:37:47 2026
