IQ-TREE version 3.1.2 for Linux x86 64-bit built May  7 2026
Developed by Bui Quang Minh, Thomas Wong, Nhan Ly-Trong, Huaiyan Ren
Contributed by Lam-Tung Nguyen, Dominik Schrempf, Chris Bielow,
Olga Chernomor, Michael Woodhams, Diep Thi Hoang, Heiko Schmidt

Host:    8084c4e79f09 (AVX512, FMA3, 1133 GB RAM)
Command: /workspace/iqtree-3.1.2-Linux/bin/iqtree3_intel -s /workspace/NeuralNJ/empirical/TarvD7/ENSG00000198947.nuc.ord.aln -st DNA -m GTR+G -seed 2201 -pre /workspace/IQTree_TarvD7_Results/ENSG00000198947.nuc.ord -quiet
Seed:    2201 (Using SPRNG - Scalable Parallel Random Number Generator)
Time:    Wed May 27 00:00:23 2026
Kernel:  AVX+FMA - 1 threads (384 CPU cores detected)

HINT: Use -nt option to specify number of threads because your CPU has 384 cores!
HINT: -nt AUTO will automatically determine the best number of threads to use.

Reading alignment file /workspace/NeuralNJ/empirical/TarvD7/ENSG00000198947.nuc.ord.aln ... Fasta format detected
Reading fasta file: done in 0.0036819 secs using 88.38% CPU
Alignment most likely contains DNA/RNA sequences
Constructing alignment: done in 0.01508 secs using 42.53% CPU
Alignment has 33 sequences with 11427 columns, 5142 distinct patterns
2428 parsimony-informative, 2082 singleton sites, 6917 constant sites
                   Gap/Ambiguity  Composition  p-value
Analyzing sequences: done in 0.000351906 secs using 97.75% CPU
   1  P002_Opossum        83.83%    failed      0.01%
   2  P003_Wallaby        36.15%    passed     45.94%
   3  P004_Tenrec         30.48%    passed     42.66%
   4  P005_Rock_hyrax     24.23%    passed     54.17%
   5  P006_Elephant       29.38%    passed     80.28%
   6  P007_Armadillo      27.96%    passed     87.83%
   7  P009_Hedgehog       14.23%    failed      1.62%
   8  P010_Common_shrew   20.40%    passed     92.80%
   9  P011_Dolphin         7.95%    passed     71.24%
  10  P012_Cow            85.27%    failed      0.00%
  11  P013_Pig            78.05%    failed      0.00%
  12  P014_Alpaca         10.29%    passed     49.25%
  13  P015_Horse          84.96%    failed      0.00%
  14  P016_Dog            82.44%    failed      0.00%
  15  P017_Cat            44.74%    passed      6.64%
  16  P018_Megabat         8.14%    passed     89.44%
  17  P019_Microbat       19.98%    passed     98.69%
  18  P020_Rabbit         23.08%    passed     87.71%
  19  P022_Squirrel       37.52%    passed     38.19%
  20  P023_Guinea_pig     82.41%    failed      0.01%
  21  P024_Kangaroo_rat   22.18%    failed      0.87%
  22  P025_Mouse           3.44%    failed      0.49%
  23  P026_Rat             4.07%    failed      3.53%
  24  P027_Tree_shrew     21.55%    passed     42.77%
  25  P028_Bushbaby       25.83%    passed     70.71%
  26  P029_Mouse_lemur    32.29%    passed     74.09%
  27  P030_Tarsier        13.99%    passed     20.70%
  28  P031_Marmoset        3.26%    passed     58.57%
  29  P032_Rhesus          3.41%    passed     32.67%
  30  P033_Orangutan       5.07%    passed     80.39%
  31  P034_Gorilla        51.69%    passed     71.46%
  32  P035_Chimp           8.53%    passed     90.35%
  33  P036_Human           3.26%    passed     80.10%
WARNING: 7 sequences contain more than 50% gaps/ambiguity
****  TOTAL               31.21%  10 sequences failed composition chi2 test (p-value<5%; df=3)
Checking for duplicate sequences: done in 0.000412941 secs using 99.77% CPU

Create initial parsimony tree by phylogenetic likelihood library (PLL)... 0.007 seconds

NOTE: 22 MB RAM (0 GB) is required!
Estimate model parameters (epsilon = 0.100)
1. Initial log-likelihood: -68497.114
2. Current log-likelihood: -64055.242
3. Current log-likelihood: -63999.602
4. Current log-likelihood: -63998.351
Optimal log-likelihood: -63998.328
Rate parameters:  A-C: 1.39721  A-G: 4.67063  A-T: 0.91785  C-G: 1.13176  C-T: 6.12370  G-T: 1.00000
Base frequencies:  A: 0.330  C: 0.211  G: 0.237  T: 0.222
Gamma shape alpha: 0.367
Parameters optimization took 4 rounds (0.728 sec)
Wrote distance file to... 
Computing ML distances based on estimated model parameters...
Calculating distance matrix: done in 0.00613999 secs using 99.79% CPU
Computing ML distances took 0.006775 sec (of wall-clock time) 0.006734 sec (of CPU time)
Setting up auxiliary I and S matrices: done in 0.000155926 secs using 100% CPU
Constructing RapidNJ tree: done in 0.000265121 secs using 246.7% CPU
Computing RapidNJ tree took 0.000474 sec (of wall-clock time) 0.000848 sec (of CPU time)
Log-likelihood of RapidNJ tree: -64462.935
--------------------------------------------------------------------
|             INITIALIZING CANDIDATE TREE SET                      |
--------------------------------------------------------------------
Generating 98 parsimony trees... 0.885 second
Computing log-likelihood of 98 initial trees ... 1.806 seconds
Current best score: -63998.328

Do NNI search on 20 best initial trees
Estimate model parameters (epsilon = 0.100)
BETTER TREE FOUND at iteration 1: -63967.637
Estimate model parameters (epsilon = 0.100)
BETTER TREE FOUND at iteration 8: -63967.063
Iteration 10 / LogL: -63967.154 / Time: 0h:0m:6s
Iteration 20 / LogL: -64010.888 / Time: 0h:0m:10s
Finish initializing candidate tree set (5)
Current best tree score: -63967.063 / CPU time: 9.551
Number of iterations: 20
--------------------------------------------------------------------
|               OPTIMIZING CANDIDATE TREE SET                      |
--------------------------------------------------------------------
Iteration 30 / LogL: -63967.108 / Time: 0h:0m:14s (0h:0m:38s left)
UPDATE BEST LOG-LIKELIHOOD: -63967.061
UPDATE BEST LOG-LIKELIHOOD: -63967.060
Iteration 40 / LogL: -63967.065 / Time: 0h:0m:17s (0h:0m:30s left)
UPDATE BEST LOG-LIKELIHOOD: -63967.058
Iteration 50 / LogL: -63971.314 / Time: 0h:0m:21s (0h:0m:24s left)
UPDATE BEST LOG-LIKELIHOOD: -63967.057
Iteration 60 / LogL: -63967.057 / Time: 0h:0m:24s (0h:0m:20s left)
Iteration 70 / LogL: -63969.544 / Time: 0h:0m:28s (0h:0m:15s left)
Iteration 80 / LogL: -63967.058 / Time: 0h:0m:31s (0h:0m:11s left)
Iteration 90 / LogL: -63967.323 / Time: 0h:0m:35s (0h:0m:7s left)
Iteration 100 / LogL: -63967.501 / Time: 0h:0m:38s (0h:0m:3s left)
TREE SEARCH COMPLETED AFTER 109 ITERATIONS / Time: 0h:0m:41s

--------------------------------------------------------------------
|                    FINALIZING TREE SEARCH                        |
--------------------------------------------------------------------
Performs final model parameters optimization
Estimate model parameters (epsilon = 0.010)
1. Initial log-likelihood: -63967.057
Optimal log-likelihood: -63967.056
Rate parameters:  A-C: 1.39669  A-G: 4.68289  A-T: 0.92130  C-G: 1.13210  C-T: 6.11890  G-T: 1.00000
Base frequencies:  A: 0.330  C: 0.211  G: 0.237  T: 0.222
Gamma shape alpha: 0.367
Parameters optimization took 1 rounds (0.077 sec)
BEST SCORE FOUND : -63967.056
Total tree length: 1.617

Total number of iterations: 109
CPU time used for tree search: 40.734 sec (0h:0m:40s)
Wall-clock time used for tree search: 40.745 sec (0h:0m:40s)
Total CPU time used: 41.887 sec (0h:0m:41s)
Total wall-clock time used: 41.749 sec (0h:0m:41s)

Analysis results written to: 
  IQ-TREE report:                /workspace/IQTree_TarvD7_Results/ENSG00000198947.nuc.ord.iqtree
  Maximum-likelihood tree:       /workspace/IQTree_TarvD7_Results/ENSG00000198947.nuc.ord.treefile
  Likelihood distances:          /workspace/IQTree_TarvD7_Results/ENSG00000198947.nuc.ord.mldist
  Screen log file:               /workspace/IQTree_TarvD7_Results/ENSG00000198947.nuc.ord.log

Date and Time: Wed May 27 00:01:05 2026
