IQ-TREE version 3.1.2 for Linux x86 64-bit built May  7 2026
Developed by Bui Quang Minh, Thomas Wong, Nhan Ly-Trong, Huaiyan Ren
Contributed by Lam-Tung Nguyen, Dominik Schrempf, Chris Bielow,
Olga Chernomor, Michael Woodhams, Diep Thi Hoang, Heiko Schmidt

Host:    8084c4e79f09 (AVX512, FMA3, 1133 GB RAM)
Command: /workspace/iqtree-3.1.2-Linux/bin/iqtree3_intel -s /workspace/NeuralNJ/empirical/TarvD7/ENSG00000112984.nuc.ord.aln -st DNA -m GTR+G -seed 2201 -pre /workspace/IQTree_TarvD7_Results/ENSG00000112984.nuc.ord -quiet
Seed:    2201 (Using SPRNG - Scalable Parallel Random Number Generator)
Time:    Tue May 26 01:56:32 2026
Kernel:  AVX+FMA - 1 threads (384 CPU cores detected)

HINT: Use -nt option to specify number of threads because your CPU has 384 cores!
HINT: -nt AUTO will automatically determine the best number of threads to use.

Reading alignment file /workspace/NeuralNJ/empirical/TarvD7/ENSG00000112984.nuc.ord.aln ... Fasta format detected
Reading fasta file: done in 0.000935078 secs using 97.43% CPU
Alignment most likely contains DNA/RNA sequences
Constructing alignment: done in 0.00367808 secs using 90.92% CPU
Alignment has 35 sequences with 2952 columns, 1671 distinct patterns
1063 parsimony-informative, 381 singleton sites, 1507 constant sites
                   Gap/Ambiguity  Composition  p-value
Analyzing sequences: done in 8.70228e-05 secs using 98.82% CPU
   1  P002_Opossum         9.15%    passed     12.25%
   2  P003_Wallaby        22.15%    passed     52.12%
   3  P004_Tenrec         36.69%    passed     47.42%
   4  P005_Rock_hyrax     16.67%    passed     96.95%
   5  P006_Elephant       25.00%    passed     83.09%
   6  P007_Armadillo      41.77%    passed     29.23%
   7  P008_Sloth          47.87%    passed     40.28%
   8  P009_Hedgehog        9.35%    passed     14.12%
   9  P010_Common_shrew   41.57%    passed     66.59%
  10  P011_Dolphin         9.55%    passed     83.36%
  11  P012_Cow             9.76%    passed     89.41%
  12  P013_Pig             9.55%    passed     72.23%
  13  P014_Alpaca          9.45%    passed     82.51%
  14  P015_Horse           9.45%    passed     63.32%
  15  P016_Dog            18.90%    failed      2.31%
  16  P017_Cat             9.55%    passed     93.39%
  17  P018_Megabat        10.57%    passed     96.86%
  18  P019_Microbat       46.44%    passed     18.25%
  19  P020_Rabbit         53.25%    passed     79.43%
  20  P021_Pika           19.21%    passed     71.66%
  21  P022_Squirrel       40.45%    passed     33.42%
  22  P023_Guinea_pig      9.55%    passed     94.90%
  23  P024_Kangaroo_rat   35.16%    passed     15.81%
  24  P025_Mouse           9.86%    passed     87.38%
  25  P026_Rat             9.76%    passed     89.33%
  26  P027_Tree_shrew     15.04%    passed     90.65%
  27  P028_Bushbaby       53.86%    passed     72.06%
  28  P029_Mouse_lemur    21.54%    passed     80.59%
  29  P030_Tarsier        24.59%    passed     73.00%
  30  P031_Marmoset       13.72%    passed     99.12%
  31  P032_Rhesus          9.76%    passed     98.96%
  32  P033_Orangutan      16.97%    passed     99.22%
  33  P034_Gorilla        48.58%    passed     16.59%
  34  P035_Chimp           9.55%    passed     99.96%
  35  P036_Human           9.55%    passed     99.90%
WARNING: 2 sequences contain more than 50% gaps/ambiguity
****  TOTAL               22.40%  1 sequences failed composition chi2 test (p-value<5%; df=3)
Checking for duplicate sequences: done in 0.000164032 secs using 99.98% CPU

Create initial parsimony tree by phylogenetic likelihood library (PLL)... 0.005 seconds

NOTE: 7 MB RAM (0 GB) is required!
Estimate model parameters (epsilon = 0.100)
1. Initial log-likelihood: -24893.645
2. Current log-likelihood: -23120.233
3. Current log-likelihood: -23105.966
Optimal log-likelihood: -23105.922
Rate parameters:  A-C: 1.28992  A-G: 6.00415  A-T: 1.12716  C-G: 0.80619  C-T: 6.17096  G-T: 1.00000
Base frequencies:  A: 0.287  C: 0.252  G: 0.245  T: 0.216
Gamma shape alpha: 0.478
Parameters optimization took 3 rounds (0.262 sec)
Wrote distance file to... 
Computing ML distances based on estimated model parameters...
Calculating distance matrix: done in 0.00408483 secs using 99.29% CPU
Computing ML distances took 0.004284 sec (of wall-clock time) 0.004245 sec (of CPU time)
Setting up auxiliary I and S matrices: done in 0.000182152 secs using 4.941% CPU
Constructing RapidNJ tree: done in 0.000307083 secs using 267.4% CPU
Computing RapidNJ tree took 0.000575 sec (of wall-clock time) 0.000919 sec (of CPU time)
Log-likelihood of RapidNJ tree: -23273.409
--------------------------------------------------------------------
|             INITIALIZING CANDIDATE TREE SET                      |
--------------------------------------------------------------------
Generating 98 parsimony trees... 0.381 second
Computing log-likelihood of 98 initial trees ... 0.641 seconds
Current best score: -23105.922

Do NNI search on 20 best initial trees
Estimate model parameters (epsilon = 0.100)
BETTER TREE FOUND at iteration 1: -23088.117
Estimate model parameters (epsilon = 0.100)
BETTER TREE FOUND at iteration 2: -23067.609
Iteration 10 / LogL: -23067.609 / Time: 0h:0m:2s
Iteration 20 / LogL: -23071.352 / Time: 0h:0m:3s
Finish initializing candidate tree set (9)
Current best tree score: -23067.609 / CPU time: 3.137
Number of iterations: 20
--------------------------------------------------------------------
|               OPTIMIZING CANDIDATE TREE SET                      |
--------------------------------------------------------------------
UPDATE BEST LOG-LIKELIHOOD: -23067.609
UPDATE BEST LOG-LIKELIHOOD: -23067.609
Iteration 30 / LogL: -23071.500 / Time: 0h:0m:4s (0h:0m:11s left)
Iteration 40 / LogL: -23071.313 / Time: 0h:0m:6s (0h:0m:9s left)
Iteration 50 / LogL: -23067.875 / Time: 0h:0m:7s (0h:0m:7s left)
Iteration 60 / LogL: -23089.329 / Time: 0h:0m:8s (0h:0m:6s left)
Iteration 70 / LogL: -23067.880 / Time: 0h:0m:9s (0h:0m:4s left)
UPDATE BEST LOG-LIKELIHOOD: -23067.609
Iteration 80 / LogL: -23067.888 / Time: 0h:0m:11s (0h:0m:3s left)
Iteration 90 / LogL: -23067.617 / Time: 0h:0m:12s (0h:0m:1s left)
Iteration 100 / LogL: -23067.610 / Time: 0h:0m:13s (0h:0m:0s left)
TREE SEARCH COMPLETED AFTER 103 ITERATIONS / Time: 0h:0m:14s

--------------------------------------------------------------------
|                    FINALIZING TREE SEARCH                        |
--------------------------------------------------------------------
Performs final model parameters optimization
Estimate model parameters (epsilon = 0.010)
1. Initial log-likelihood: -23067.609
Optimal log-likelihood: -23067.608
Rate parameters:  A-C: 1.31911  A-G: 6.14734  A-T: 1.15573  C-G: 0.81400  C-T: 6.27528  G-T: 1.00000
Base frequencies:  A: 0.287  C: 0.252  G: 0.245  T: 0.216
Gamma shape alpha: 0.480
Parameters optimization took 1 rounds (0.027 sec)
BEST SCORE FOUND : -23067.608
Total tree length: 2.147

Total number of iterations: 103
CPU time used for tree search: 13.854 sec (0h:0m:13s)
Wall-clock time used for tree search: 13.704 sec (0h:0m:13s)
Total CPU time used: 14.223 sec (0h:0m:14s)
Total wall-clock time used: 14.045 sec (0h:0m:14s)

Analysis results written to: 
  IQ-TREE report:                /workspace/IQTree_TarvD7_Results/ENSG00000112984.nuc.ord.iqtree
  Maximum-likelihood tree:       /workspace/IQTree_TarvD7_Results/ENSG00000112984.nuc.ord.treefile
  Likelihood distances:          /workspace/IQTree_TarvD7_Results/ENSG00000112984.nuc.ord.mldist
  Screen log file:               /workspace/IQTree_TarvD7_Results/ENSG00000112984.nuc.ord.log

Date and Time: Tue May 26 01:56:46 2026
