IQ-TREE version 3.1.2 for Linux x86 64-bit built May  7 2026
Developed by Bui Quang Minh, Thomas Wong, Nhan Ly-Trong, Huaiyan Ren
Contributed by Lam-Tung Nguyen, Dominik Schrempf, Chris Bielow,
Olga Chernomor, Michael Woodhams, Diep Thi Hoang, Heiko Schmidt

Host:    8084c4e79f09 (AVX512, FMA3, 1133 GB RAM)
Command: /workspace/iqtree-3.1.2-Linux/bin/iqtree3_intel -s /workspace/NeuralNJ/empirical/TarvD7/ENSG00000079462.nuc.ord.aln -st DNA -m GTR+G -seed 2201 -pre /workspace/IQTree_TarvD7_Results/ENSG00000079462.nuc.ord -quiet
Seed:    2201 (Using SPRNG - Scalable Parallel Random Number Generator)
Time:    Mon May 25 20:38:39 2026
Kernel:  AVX+FMA - 1 threads (384 CPU cores detected)

HINT: Use -nt option to specify number of threads because your CPU has 384 cores!
HINT: -nt AUTO will automatically determine the best number of threads to use.

Reading alignment file /workspace/NeuralNJ/empirical/TarvD7/ENSG00000079462.nuc.ord.aln ... Fasta format detected
Reading fasta file: done in 0.00019002 secs using 28.42% CPU
Alignment most likely contains DNA/RNA sequences
Constructing alignment: done in 0.000820875 secs using 14.13% CPU
Alignment has 25 sequences with 714 columns, 373 distinct patterns
223 parsimony-informative, 108 singleton sites, 383 constant sites
                   Gap/Ambiguity  Composition  p-value
Analyzing sequences: done in 1.62125e-05 secs
   1  P001_Platypus       47.06%    failed      3.37%
   2  P002_Opossum         4.62%    failed      2.48%
   3  P003_Wallaby         6.72%    passed     64.77%
   4  P004_Tenrec          3.36%    passed     38.49%
   5  P005_Rock_hyrax      2.94%    passed     99.08%
   6  P007_Armadillo      24.37%    passed     54.18%
   7  P010_Common_shrew   27.31%    passed     94.80%
   8  P011_Dolphin         2.52%    passed     98.49%
   9  P012_Cow             2.52%    passed     99.72%
  10  P015_Horse           2.94%    passed     98.84%
  11  P016_Dog             2.94%    passed     99.39%
  12  P018_Megabat         3.36%    passed     91.73%
  13  P019_Microbat       36.97%    passed     72.33%
  14  P021_Pika           15.55%    passed     86.00%
  15  P022_Squirrel        2.94%    passed     70.98%
  16  P023_Guinea_pig      2.52%    passed     15.49%
  17  P024_Kangaroo_rat   14.71%    passed     99.18%
  18  P025_Mouse           2.52%    passed     19.06%
  19  P026_Rat             2.52%    passed     48.85%
  20  P029_Mouse_lemur    33.61%    passed     44.65%
  21  P031_Marmoset        2.94%    passed     99.89%
  22  P033_Orangutan       2.94%    passed     72.24%
  23  P034_Gorilla        13.03%    passed     95.16%
  24  P035_Chimp           2.94%    passed     96.51%
  25  P036_Human           2.94%    passed     95.58%
****  TOTAL               10.67%  2 sequences failed composition chi2 test (p-value<5%; df=3)
Checking for duplicate sequences: done in 6.48499e-05 secs

Create initial parsimony tree by phylogenetic likelihood library (PLL)... 0.001 seconds

NOTE: 1 MB RAM (0 GB) is required!
Estimate model parameters (epsilon = 0.100)
1. Initial log-likelihood: -5438.328
2. Current log-likelihood: -5092.236
3. Current log-likelihood: -5083.997
4. Current log-likelihood: -5083.833
Optimal log-likelihood: -5083.801
Rate parameters:  A-C: 1.50671  A-G: 4.54570  A-T: 1.30311  C-G: 0.73225  C-T: 6.56246  G-T: 1.00000
Base frequencies:  A: 0.206  C: 0.312  G: 0.303  T: 0.180
Gamma shape alpha: 0.336
Parameters optimization took 4 rounds (0.063 sec)
Wrote distance file to... 
Computing ML distances based on estimated model parameters...
Calculating distance matrix: done in 0.00132394 secs using 100% CPU
Computing ML distances took 0.001377 sec (of wall-clock time) 0.001377 sec (of CPU time)
Setting up auxiliary I and S matrices: done in 5.6982e-05 secs using 168.5% CPU
Constructing RapidNJ tree: done in 7.9155e-05 secs using 173.1% CPU
Computing RapidNJ tree took 0.000191 sec (of wall-clock time) 0.000321 sec (of CPU time)
Log-likelihood of RapidNJ tree: -5122.298
--------------------------------------------------------------------
|             INITIALIZING CANDIDATE TREE SET                      |
--------------------------------------------------------------------
Generating 98 parsimony trees... 0.083 second
Computing log-likelihood of 98 initial trees ... 0.112 seconds
Current best score: -5083.801

Do NNI search on 20 best initial trees
Estimate model parameters (epsilon = 0.100)
BETTER TREE FOUND at iteration 1: -5079.687
Estimate model parameters (epsilon = 0.100)
BETTER TREE FOUND at iteration 2: -5079.121
UPDATE BEST LOG-LIKELIHOOD: -5079.120
Estimate model parameters (epsilon = 0.100)
BETTER TREE FOUND at iteration 5: -5078.955
Estimate model parameters (epsilon = 0.100)
BETTER TREE FOUND at iteration 6: -5078.549
Estimate model parameters (epsilon = 0.100)
BETTER TREE FOUND at iteration 8: -5075.782
Iteration 10 / LogL: -5078.889 / Time: 0h:0m:0s
Iteration 20 / LogL: -5078.889 / Time: 0h:0m:0s
Finish initializing candidate tree set (15)
Current best tree score: -5075.782 / CPU time: 0.600
Number of iterations: 20
--------------------------------------------------------------------
|               OPTIMIZING CANDIDATE TREE SET                      |
--------------------------------------------------------------------
Estimate model parameters (epsilon = 0.100)
BETTER TREE FOUND at iteration 26: -5075.304
Iteration 30 / LogL: -5075.789 / Time: 0h:0m:0s (0h:0m:2s left)
UPDATE BEST LOG-LIKELIHOOD: -5075.304
Iteration 40 / LogL: -5093.936 / Time: 0h:0m:1s (0h:0m:2s left)
Iteration 50 / LogL: -5075.791 / Time: 0h:0m:1s (0h:0m:2s left)
Iteration 60 / LogL: -5077.438 / Time: 0h:0m:1s (0h:0m:1s left)
Iteration 70 / LogL: -5075.636 / Time: 0h:0m:1s (0h:0m:1s left)
Iteration 80 / LogL: -5075.306 / Time: 0h:0m:2s (0h:0m:1s left)
Iteration 90 / LogL: -5075.429 / Time: 0h:0m:2s (0h:0m:0s left)
Iteration 100 / LogL: -5075.305 / Time: 0h:0m:2s (0h:0m:0s left)
Iteration 110 / LogL: -5075.304 / Time: 0h:0m:2s (0h:0m:0s left)
Iteration 120 / LogL: -5075.304 / Time: 0h:0m:2s (0h:0m:0s left)
TREE SEARCH COMPLETED AFTER 127 ITERATIONS / Time: 0h:0m:3s

--------------------------------------------------------------------
|                    FINALIZING TREE SEARCH                        |
--------------------------------------------------------------------
Performs final model parameters optimization
Estimate model parameters (epsilon = 0.010)
1. Initial log-likelihood: -5075.304
Optimal log-likelihood: -5075.304
Rate parameters:  A-C: 1.42308  A-G: 4.43866  A-T: 1.28744  C-G: 0.71105  C-T: 6.44923  G-T: 1.00000
Base frequencies:  A: 0.206  C: 0.312  G: 0.303  T: 0.180
Gamma shape alpha: 0.336
Parameters optimization took 1 rounds (0.005 sec)
BEST SCORE FOUND : -5075.304
Total tree length: 2.087

Total number of iterations: 127
CPU time used for tree search: 3.126 sec (0h:0m:3s)
Wall-clock time used for tree search: 2.954 sec (0h:0m:2s)
Total CPU time used: 3.216 sec (0h:0m:3s)
Total wall-clock time used: 3.038 sec (0h:0m:3s)

Analysis results written to: 
  IQ-TREE report:                /workspace/IQTree_TarvD7_Results/ENSG00000079462.nuc.ord.iqtree
  Maximum-likelihood tree:       /workspace/IQTree_TarvD7_Results/ENSG00000079462.nuc.ord.treefile
  Likelihood distances:          /workspace/IQTree_TarvD7_Results/ENSG00000079462.nuc.ord.mldist
  Screen log file:               /workspace/IQTree_TarvD7_Results/ENSG00000079462.nuc.ord.log

Date and Time: Mon May 25 20:38:42 2026
