IQ-TREE version 3.1.2 for Linux x86 64-bit built May  7 2026
Developed by Bui Quang Minh, Thomas Wong, Nhan Ly-Trong, Huaiyan Ren
Contributed by Lam-Tung Nguyen, Dominik Schrempf, Chris Bielow,
Olga Chernomor, Michael Woodhams, Diep Thi Hoang, Heiko Schmidt

Host:    8084c4e79f09 (AVX512, FMA3, 1133 GB RAM)
Command: /workspace/iqtree-3.1.2-Linux/bin/iqtree3_intel -s /workspace/NeuralNJ/empirical/TarvD7/ENSG00000168079.nuc.ord.aln -st DNA -m GTR+G -seed 2201 -pre /workspace/IQTree_TarvD7_Results/ENSG00000168079.nuc.ord -quiet
Seed:    2201 (Using SPRNG - Scalable Parallel Random Number Generator)
Time:    Tue May 26 17:42:28 2026
Kernel:  AVX+FMA - 1 threads (384 CPU cores detected)

HINT: Use -nt option to specify number of threads because your CPU has 384 cores!
HINT: -nt AUTO will automatically determine the best number of threads to use.

Reading alignment file /workspace/NeuralNJ/empirical/TarvD7/ENSG00000168079.nuc.ord.aln ... Fasta format detected
Reading fasta file: done in 0.000519037 secs using 59.53% CPU
Alignment most likely contains DNA/RNA sequences
Constructing alignment: done in 0.00222397 secs using 85.21% CPU
Alignment has 28 sequences with 1956 columns, 1022 distinct patterns
597 parsimony-informative, 380 singleton sites, 978 constant sites
                   Gap/Ambiguity  Composition  p-value
Analyzing sequences: done in 4.31538e-05 secs using 99.64% CPU
   1  P001_Platypus       24.23%    passed     36.56%
   2  P002_Opossum        40.34%    failed      0.34%
   3  P003_Wallaby        43.56%    failed      0.40%
   4  P004_Tenrec         32.67%    passed     10.77%
   5  P006_Elephant       39.72%    passed     62.63%
   6  P008_Sloth          52.30%    passed     15.18%
   7  P009_Hedgehog       45.86%    passed     11.58%
   8  P011_Dolphin        30.06%    failed      1.44%
   9  P012_Cow            24.54%    passed     18.99%
  10  P013_Pig            24.23%    passed     39.67%
  11  P015_Horse          24.08%    passed     28.22%
  12  P016_Dog            24.23%    passed     28.64%
  13  P018_Megabat        24.23%    passed     68.95%
  14  P019_Microbat       59.05%    failed      0.09%
  15  P021_Pika           25.00%    passed     12.42%
  16  P022_Squirrel       42.18%    passed     50.65%
  17  P023_Guinea_pig     25.77%    failed      0.06%
  18  P024_Kangaroo_rat   24.23%    failed      1.65%
  19  P025_Mouse          24.69%    passed     19.38%
  20  P026_Rat            24.54%    failed      0.86%
  21  P027_Tree_shrew     25.61%    passed     47.22%
  22  P029_Mouse_lemur    36.50%    failed      3.17%
  23  P031_Marmoset       24.08%    passed     58.74%
  24  P032_Rhesus         24.39%    failed      2.57%
  25  P033_Orangutan      24.08%    passed     69.58%
  26  P034_Gorilla        44.48%    passed     78.78%
  27  P035_Chimp          24.08%    passed     81.88%
  28  P036_Human          24.08%    passed     71.57%
WARNING: 2 sequences contain more than 50% gaps/ambiguity
****  TOTAL               31.53%  9 sequences failed composition chi2 test (p-value<5%; df=3)
Checking for duplicate sequences: done in 9.89437e-05 secs using 100.1% CPU

Create initial parsimony tree by phylogenetic likelihood library (PLL)... 0.003 seconds

NOTE: 3 MB RAM (0 GB) is required!
Estimate model parameters (epsilon = 0.100)
1. Initial log-likelihood: -15017.994
2. Current log-likelihood: -14294.561
3. Current log-likelihood: -14275.217
4. Current log-likelihood: -14274.484
Optimal log-likelihood: -14274.444
Rate parameters:  A-C: 1.35811  A-G: 3.08943  A-T: 1.24725  C-G: 1.08186  C-T: 5.57982  G-T: 1.00000
Base frequencies:  A: 0.205  C: 0.275  G: 0.355  T: 0.165
Gamma shape alpha: 0.573
Parameters optimization took 4 rounds (0.153 sec)
Wrote distance file to... 
Computing ML distances based on estimated model parameters...
Calculating distance matrix: done in 0.00220919 secs using 99.95% CPU
Computing ML distances took 0.002323 sec (of wall-clock time) 0.002322 sec (of CPU time)
Setting up auxiliary I and S matrices: done in 0.000130177 secs using 99.1% CPU
Constructing RapidNJ tree: done in 0.000206947 secs using 252.7% CPU
Computing RapidNJ tree took 0.000408 sec (of wall-clock time) 0.000896 sec (of CPU time)
Log-likelihood of RapidNJ tree: -14319.185
--------------------------------------------------------------------
|             INITIALIZING CANDIDATE TREE SET                      |
--------------------------------------------------------------------
Generating 98 parsimony trees... 0.210 second
Computing log-likelihood of 98 initial trees ... 0.312 seconds
Current best score: -14274.444

Do NNI search on 20 best initial trees
Estimate model parameters (epsilon = 0.100)
BETTER TREE FOUND at iteration 1: -14240.166
Estimate model parameters (epsilon = 0.100)
BETTER TREE FOUND at iteration 2: -14237.512
Estimate model parameters (epsilon = 0.100)
BETTER TREE FOUND at iteration 3: -14237.073
Estimate model parameters (epsilon = 0.100)
BETTER TREE FOUND at iteration 7: -14236.006
Iteration 10 / LogL: -14238.638 / Time: 0h:0m:1s
Iteration 20 / LogL: -14236.017 / Time: 0h:0m:1s
Finish initializing candidate tree set (9)
Current best tree score: -14236.006 / CPU time: 1.721
Number of iterations: 20
--------------------------------------------------------------------
|               OPTIMIZING CANDIDATE TREE SET                      |
--------------------------------------------------------------------
Iteration 30 / LogL: -14237.092 / Time: 0h:0m:2s (0h:0m:6s left)
Iteration 40 / LogL: -14238.529 / Time: 0h:0m:2s (0h:0m:5s left)
Iteration 50 / LogL: -14237.093 / Time: 0h:0m:3s (0h:0m:3s left)
Iteration 60 / LogL: -14236.047 / Time: 0h:0m:3s (0h:0m:3s left)
Iteration 70 / LogL: -14237.207 / Time: 0h:0m:4s (0h:0m:2s left)
UPDATE BEST LOG-LIKELIHOOD: -14236.005
Iteration 80 / LogL: -14236.034 / Time: 0h:0m:4s (0h:0m:1s left)
UPDATE BEST LOG-LIKELIHOOD: -14236.005
Iteration 90 / LogL: -14237.123 / Time: 0h:0m:5s (0h:0m:1s left)
Iteration 100 / LogL: -14237.538 / Time: 0h:0m:5s (0h:0m:0s left)
TREE SEARCH COMPLETED AFTER 108 ITERATIONS / Time: 0h:0m:6s

--------------------------------------------------------------------
|                    FINALIZING TREE SEARCH                        |
--------------------------------------------------------------------
Performs final model parameters optimization
Estimate model parameters (epsilon = 0.010)
1. Initial log-likelihood: -14236.005
Optimal log-likelihood: -14236.004
Rate parameters:  A-C: 1.31976  A-G: 3.02498  A-T: 1.23629  C-G: 1.03921  C-T: 5.55244  G-T: 1.00000
Base frequencies:  A: 0.205  C: 0.275  G: 0.355  T: 0.165
Gamma shape alpha: 0.578
Parameters optimization took 1 rounds (0.013 sec)
BEST SCORE FOUND : -14236.004
Total tree length: 3.116

Total number of iterations: 108
CPU time used for tree search: 6.247 sec (0h:0m:6s)
Wall-clock time used for tree search: 6.093 sec (0h:0m:6s)
Total CPU time used: 6.474 sec (0h:0m:6s)
Total wall-clock time used: 6.295 sec (0h:0m:6s)

Analysis results written to: 
  IQ-TREE report:                /workspace/IQTree_TarvD7_Results/ENSG00000168079.nuc.ord.iqtree
  Maximum-likelihood tree:       /workspace/IQTree_TarvD7_Results/ENSG00000168079.nuc.ord.treefile
  Likelihood distances:          /workspace/IQTree_TarvD7_Results/ENSG00000168079.nuc.ord.mldist
  Screen log file:               /workspace/IQTree_TarvD7_Results/ENSG00000168079.nuc.ord.log

Date and Time: Tue May 26 17:42:35 2026
