IQ-TREE version 3.1.2 for Linux x86 64-bit built May  7 2026
Developed by Bui Quang Minh, Thomas Wong, Nhan Ly-Trong, Huaiyan Ren
Contributed by Lam-Tung Nguyen, Dominik Schrempf, Chris Bielow,
Olga Chernomor, Michael Woodhams, Diep Thi Hoang, Heiko Schmidt

Host:    8084c4e79f09 (AVX512, FMA3, 1133 GB RAM)
Command: /workspace/iqtree-3.1.2-Linux/bin/iqtree3_intel -s /workspace/NeuralNJ/empirical/TarvD7/ENSG00000163738.nuc.ord.aln -st DNA -m GTR+G -seed 2201 -pre /workspace/IQTree_TarvD7_Results/ENSG00000163738.nuc.ord -quiet
Seed:    2201 (Using SPRNG - Scalable Parallel Random Number Generator)
Time:    Tue May 26 15:33:43 2026
Kernel:  AVX+FMA - 1 threads (384 CPU cores detected)

HINT: Use -nt option to specify number of threads because your CPU has 384 cores!
HINT: -nt AUTO will automatically determine the best number of threads to use.

Reading alignment file /workspace/NeuralNJ/empirical/TarvD7/ENSG00000163738.nuc.ord.aln ... Fasta format detected
Reading fasta file: done in 0.00071311 secs using 75.86% CPU
Alignment most likely contains DNA/RNA sequences
Constructing alignment: done in 0.00141907 secs using 23.82% CPU
Alignment has 35 sequences with 1197 columns, 589 distinct patterns
331 parsimony-informative, 199 singleton sites, 667 constant sites
                   Gap/Ambiguity  Composition  p-value
Analyzing sequences: done in 3.19481e-05 secs
   1  P001_Platypus       44.86%    failed      0.00%
   2  P002_Opossum        25.06%    passed      8.42%
   3  P003_Wallaby        50.88%    passed     44.23%
   4  P004_Tenrec         35.59%    passed     88.31%
   5  P005_Rock_hyrax     51.38%    passed     97.61%
   6  P006_Elephant       55.14%    passed     94.70%
   7  P007_Armadillo      46.37%    passed     71.26%
   8  P008_Sloth          38.35%    passed     32.98%
   9  P009_Hedgehog       35.59%    passed     97.22%
  10  P010_Common_shrew   48.62%    passed     64.09%
  11  P011_Dolphin        28.57%    passed     83.78%
  12  P012_Cow            27.57%    passed     86.29%
  13  P013_Pig            36.84%    passed     36.85%
  14  P014_Alpaca         38.10%    passed     58.33%
  15  P015_Horse          27.57%    passed     94.53%
  16  P016_Dog            66.92%    passed     93.91%
  17  P017_Cat            60.40%    passed     40.12%
  18  P018_Megabat        33.83%    passed     30.88%
  19  P019_Microbat       33.58%    passed     50.53%
  20  P020_Rabbit         67.17%    passed     64.27%
  21  P021_Pika           50.63%    passed     82.82%
  22  P022_Squirrel       48.87%    passed     39.11%
  23  P024_Kangaroo_rat   28.07%    passed     80.72%
  24  P025_Mouse          15.29%    failed      0.02%
  25  P026_Rat            15.29%    failed      0.00%
  26  P027_Tree_shrew     27.57%    passed     89.32%
  27  P028_Bushbaby       27.57%    passed     20.88%
  28  P029_Mouse_lemur    58.65%    passed     99.47%
  29  P030_Tarsier        38.10%    passed     81.40%
  30  P031_Marmoset       27.57%    passed     11.17%
  31  P032_Rhesus         27.57%    passed     46.85%
  32  P033_Orangutan      49.87%    passed     38.06%
  33  P034_Gorilla        55.89%    passed     22.75%
  34  P035_Chimp          27.57%    passed     21.86%
  35  P036_Human          13.03%    passed     95.08%
WARNING: 9 sequences contain more than 50% gaps/ambiguity
****  TOTAL               38.97%  3 sequences failed composition chi2 test (p-value<5%; df=3)
Checking for duplicate sequences: done in 0.000100136 secs

Create initial parsimony tree by phylogenetic likelihood library (PLL)... 0.001 seconds

NOTE: 2 MB RAM (0 GB) is required!
Estimate model parameters (epsilon = 0.100)
1. Initial log-likelihood: -9003.332
2. Current log-likelihood: -8315.908
3. Current log-likelihood: -8307.786
Optimal log-likelihood: -8307.698
Rate parameters:  A-C: 1.64290  A-G: 4.47455  A-T: 0.72544  C-G: 1.18675  C-T: 6.92842  G-T: 1.00000
Base frequencies:  A: 0.306  C: 0.204  G: 0.250  T: 0.239
Gamma shape alpha: 0.435
Parameters optimization took 3 rounds (0.091 sec)
Wrote distance file to... 
Computing ML distances based on estimated model parameters...
Calculating distance matrix: done in 0.00322509 secs using 98.26% CPU
Computing ML distances took 0.003316 sec (of wall-clock time) 0.003249 sec (of CPU time)
Setting up auxiliary I and S matrices: done in 0.000138998 secs using 85.61% CPU
Constructing RapidNJ tree: done in 0.000272036 secs using 187.5% CPU
Computing RapidNJ tree took 0.000456 sec (of wall-clock time) 0.001043 sec (of CPU time)
Log-likelihood of RapidNJ tree: -8328.113
--------------------------------------------------------------------
|             INITIALIZING CANDIDATE TREE SET                      |
--------------------------------------------------------------------
Generating 98 parsimony trees... 0.180 second
Computing log-likelihood of 98 initial trees ... 0.249 seconds
Current best score: -8288.396

Do NNI search on 20 best initial trees
Estimate model parameters (epsilon = 0.100)
BETTER TREE FOUND at iteration 1: -8258.474
Estimate model parameters (epsilon = 0.100)
BETTER TREE FOUND at iteration 2: -8254.663
Estimate model parameters (epsilon = 0.100)
BETTER TREE FOUND at iteration 3: -8253.640
Iteration 10 / LogL: -8266.311 / Time: 0h:0m:1s
Iteration 20 / LogL: -8266.311 / Time: 0h:0m:1s
Finish initializing candidate tree set (15)
Current best tree score: -8253.640 / CPU time: 1.431
Number of iterations: 20
--------------------------------------------------------------------
|               OPTIMIZING CANDIDATE TREE SET                      |
--------------------------------------------------------------------
Iteration 30 / LogL: -8262.096 / Time: 0h:0m:2s (0h:0m:5s left)
Estimate model parameters (epsilon = 0.100)
BETTER TREE FOUND at iteration 33: -8250.021
Iteration 40 / LogL: -8255.910 / Time: 0h:0m:2s (0h:0m:6s left)
Iteration 50 / LogL: -8251.085 / Time: 0h:0m:3s (0h:0m:5s left)
Iteration 60 / LogL: -8250.495 / Time: 0h:0m:3s (0h:0m:4s left)
Iteration 70 / LogL: -8250.422 / Time: 0h:0m:4s (0h:0m:3s left)
Iteration 80 / LogL: -8250.421 / Time: 0h:0m:4s (0h:0m:3s left)
Iteration 90 / LogL: -8250.421 / Time: 0h:0m:5s (0h:0m:2s left)
Iteration 100 / LogL: -8250.421 / Time: 0h:0m:5s (0h:0m:1s left)
Iteration 110 / LogL: -8250.099 / Time: 0h:0m:6s (0h:0m:1s left)
Iteration 120 / LogL: -8254.025 / Time: 0h:0m:6s (0h:0m:0s left)
Iteration 130 / LogL: -8250.100 / Time: 0h:0m:7s (0h:0m:0s left)
TREE SEARCH COMPLETED AFTER 134 ITERATIONS / Time: 0h:0m:7s

--------------------------------------------------------------------
|                    FINALIZING TREE SEARCH                        |
--------------------------------------------------------------------
Performs final model parameters optimization
Estimate model parameters (epsilon = 0.010)
1. Initial log-likelihood: -8250.021
Optimal log-likelihood: -8250.018
Rate parameters:  A-C: 1.66075  A-G: 4.55548  A-T: 0.69219  C-G: 1.19138  C-T: 7.01402  G-T: 1.00000
Base frequencies:  A: 0.306  C: 0.204  G: 0.250  T: 0.239
Gamma shape alpha: 0.437
Parameters optimization took 1 rounds (0.010 sec)
BEST SCORE FOUND : -8250.018
Total tree length: 2.678

Total number of iterations: 134
CPU time used for tree search: 7.309 sec (0h:0m:7s)
Wall-clock time used for tree search: 7.145 sec (0h:0m:7s)
Total CPU time used: 7.450 sec (0h:0m:7s)
Total wall-clock time used: 7.274 sec (0h:0m:7s)

Analysis results written to: 
  IQ-TREE report:                /workspace/IQTree_TarvD7_Results/ENSG00000163738.nuc.ord.iqtree
  Maximum-likelihood tree:       /workspace/IQTree_TarvD7_Results/ENSG00000163738.nuc.ord.treefile
  Likelihood distances:          /workspace/IQTree_TarvD7_Results/ENSG00000163738.nuc.ord.mldist
  Screen log file:               /workspace/IQTree_TarvD7_Results/ENSG00000163738.nuc.ord.log

Date and Time: Tue May 26 15:33:51 2026
