IQ-TREE version 3.1.2 for Linux x86 64-bit built May  7 2026
Developed by Bui Quang Minh, Thomas Wong, Nhan Ly-Trong, Huaiyan Ren
Contributed by Lam-Tung Nguyen, Dominik Schrempf, Chris Bielow,
Olga Chernomor, Michael Woodhams, Diep Thi Hoang, Heiko Schmidt

Host:    8084c4e79f09 (AVX512, FMA3, 1133 GB RAM)
Command: /workspace/iqtree-3.1.2-Linux/bin/iqtree3_intel -s /workspace/NeuralNJ/empirical/TarvD7/ENSG00000118363.nuc.ord.aln -st DNA -m GTR+G -seed 2201 -pre /workspace/IQTree_TarvD7_Results/ENSG00000118363.nuc.ord -quiet
Seed:    2201 (Using SPRNG - Scalable Parallel Random Number Generator)
Time:    Tue May 26 03:26:17 2026
Kernel:  AVX+FMA - 1 threads (384 CPU cores detected)

HINT: Use -nt option to specify number of threads because your CPU has 384 cores!
HINT: -nt AUTO will automatically determine the best number of threads to use.

Reading alignment file /workspace/NeuralNJ/empirical/TarvD7/ENSG00000118363.nuc.ord.aln ... Fasta format detected
Reading fasta file: done in 0.000288963 secs using 35.64% CPU
Alignment most likely contains DNA/RNA sequences
Constructing alignment: done in 0.000988007 secs using 9.818% CPU
Alignment has 32 sequences with 846 columns, 432 distinct patterns
223 parsimony-informative, 120 singleton sites, 503 constant sites
                   Gap/Ambiguity  Composition  p-value
Analyzing sequences: done in 2.21729e-05 secs
   1  P001_Platypus       18.44%    failed      0.00%
   2  P002_Opossum        16.67%    passed     33.63%
   3  P004_Tenrec         32.27%    passed     38.75%
   4  P005_Rock_hyrax     41.49%    passed     31.61%
   5  P006_Elephant       57.45%    passed     14.07%
   6  P007_Armadillo      54.96%    failed      1.75%
   7  P008_Sloth          21.99%    passed     54.01%
   8  P009_Hedgehog       21.63%    passed     46.12%
   9  P010_Common_shrew   58.16%    passed      8.49%
  10  P011_Dolphin        19.50%    passed     96.78%
  11  P012_Cow            18.44%    passed     98.71%
  12  P013_Pig            19.86%    passed     96.29%
  13  P014_Alpaca         19.86%    passed     98.93%
  14  P015_Horse          20.21%    passed     99.39%
  15  P016_Dog            19.50%    passed     99.32%
  16  P017_Cat            26.24%    passed     99.79%
  17  P018_Megabat        19.86%    passed     99.51%
  18  P019_Microbat       30.85%    passed     83.45%
  19  P022_Squirrel       55.32%    passed     56.00%
  20  P023_Guinea_pig     19.86%    passed     97.80%
  21  P024_Kangaroo_rat   19.15%    passed     98.90%
  22  P025_Mouse          19.86%    passed     76.92%
  23  P026_Rat            19.86%    passed     20.43%
  24  P027_Tree_shrew     34.04%    passed      7.13%
  25  P028_Bushbaby       44.33%    passed     26.52%
  26  P029_Mouse_lemur    20.92%    passed     88.98%
  27  P030_Tarsier        37.94%    passed     86.15%
  28  P031_Marmoset       19.50%    passed     91.97%
  29  P033_Orangutan      19.50%    passed     85.81%
  30  P034_Gorilla        40.78%    passed     54.52%
  31  P035_Chimp          19.50%    passed     76.67%
  32  P036_Human          19.86%    passed     74.35%
WARNING: 4 sequences contain more than 50% gaps/ambiguity
****  TOTAL               28.37%  2 sequences failed composition chi2 test (p-value<5%; df=3)
Checking for duplicate sequences: done in 8.70228e-05 secs using 101.1% CPU

Create initial parsimony tree by phylogenetic likelihood library (PLL)... 0.001 seconds

NOTE: 1 MB RAM (0 GB) is required!
Estimate model parameters (epsilon = 0.100)
1. Initial log-likelihood: -5775.224
2. Current log-likelihood: -5321.673
3. Current log-likelihood: -5311.177
4. Current log-likelihood: -5310.716
Optimal log-likelihood: -5310.667
Rate parameters:  A-C: 2.61228  A-G: 6.11041  A-T: 1.86805  C-G: 2.05977  C-T: 17.46679  G-T: 1.00000
Base frequencies:  A: 0.263  C: 0.206  G: 0.271  T: 0.260
Gamma shape alpha: 0.350
Parameters optimization took 4 rounds (0.118 sec)
Wrote distance file to... 
Computing ML distances based on estimated model parameters...
Calculating distance matrix: done in 0.00213814 secs using 99.99% CPU
Computing ML distances took 0.002204 sec (of wall-clock time) 0.002204 sec (of CPU time)
Setting up auxiliary I and S matrices: done in 0.000158787 secs using 100.1% CPU
Constructing RapidNJ tree: done in 0.000111818 secs using 182.4% CPU
Computing RapidNJ tree took 0.001138 sec (of wall-clock time) 0.002162 sec (of CPU time)
Log-likelihood of RapidNJ tree: -5333.728
--------------------------------------------------------------------
|             INITIALIZING CANDIDATE TREE SET                      |
--------------------------------------------------------------------
Generating 98 parsimony trees... 0.116 second
Computing log-likelihood of 98 initial trees ... 0.165 seconds
Current best score: -5297.840

Do NNI search on 20 best initial trees
Estimate model parameters (epsilon = 0.100)
BETTER TREE FOUND at iteration 1: -5289.567
Estimate model parameters (epsilon = 0.100)
BETTER TREE FOUND at iteration 3: -5288.165
Estimate model parameters (epsilon = 0.100)
BETTER TREE FOUND at iteration 4: -5286.857
Estimate model parameters (epsilon = 0.100)
BETTER TREE FOUND at iteration 6: -5286.582
Estimate model parameters (epsilon = 0.100)
BETTER TREE FOUND at iteration 8: -5284.747
Iteration 10 / LogL: -5289.493 / Time: 0h:0m:0s
Estimate model parameters (epsilon = 0.100)
BETTER TREE FOUND at iteration 12: -5284.572
Iteration 20 / LogL: -5289.876 / Time: 0h:0m:0s
Finish initializing candidate tree set (16)
Current best tree score: -5284.572 / CPU time: 0.704
Number of iterations: 20
--------------------------------------------------------------------
|               OPTIMIZING CANDIDATE TREE SET                      |
--------------------------------------------------------------------
Estimate model parameters (epsilon = 0.100)
BETTER TREE FOUND at iteration 22: -5283.876
Iteration 30 / LogL: -5284.590 / Time: 0h:0m:1s (0h:0m:3s left)
Iteration 40 / LogL: -5284.723 / Time: 0h:0m:1s (0h:0m:2s left)
Iteration 50 / LogL: -5291.411 / Time: 0h:0m:1s (0h:0m:2s left)
Iteration 60 / LogL: -5284.729 / Time: 0h:0m:1s (0h:0m:1s left)
Iteration 70 / LogL: -5284.588 / Time: 0h:0m:2s (0h:0m:1s left)
Iteration 80 / LogL: -5284.723 / Time: 0h:0m:2s (0h:0m:1s left)
Iteration 90 / LogL: -5283.885 / Time: 0h:0m:2s (0h:0m:0s left)
Iteration 100 / LogL: -5285.544 / Time: 0h:0m:2s (0h:0m:0s left)
Iteration 110 / LogL: -5292.676 / Time: 0h:0m:3s (0h:0m:0s left)
Iteration 120 / LogL: -5301.617 / Time: 0h:0m:3s (0h:0m:0s left)
TREE SEARCH COMPLETED AFTER 123 ITERATIONS / Time: 0h:0m:3s

--------------------------------------------------------------------
|                    FINALIZING TREE SEARCH                        |
--------------------------------------------------------------------
Performs final model parameters optimization
Estimate model parameters (epsilon = 0.010)
1. Initial log-likelihood: -5283.876
2. Current log-likelihood: -5283.859
Optimal log-likelihood: -5283.858
Rate parameters:  A-C: 2.61303  A-G: 5.93615  A-T: 1.80128  C-G: 2.00720  C-T: 16.26274  G-T: 1.00000
Base frequencies:  A: 0.263  C: 0.206  G: 0.271  T: 0.260
Gamma shape alpha: 0.359
Parameters optimization took 2 rounds (0.018 sec)
BEST SCORE FOUND : -5283.858
Total tree length: 2.151

Total number of iterations: 123
CPU time used for tree search: 3.478 sec (0h:0m:3s)
Wall-clock time used for tree search: 3.306 sec (0h:0m:3s)
Total CPU time used: 3.641 sec (0h:0m:3s)
Total wall-clock time used: 3.463 sec (0h:0m:3s)

Analysis results written to: 
  IQ-TREE report:                /workspace/IQTree_TarvD7_Results/ENSG00000118363.nuc.ord.iqtree
  Maximum-likelihood tree:       /workspace/IQTree_TarvD7_Results/ENSG00000118363.nuc.ord.treefile
  Likelihood distances:          /workspace/IQTree_TarvD7_Results/ENSG00000118363.nuc.ord.mldist
  Screen log file:               /workspace/IQTree_TarvD7_Results/ENSG00000118363.nuc.ord.log

Date and Time: Tue May 26 03:26:21 2026
