IQ-TREE version 3.1.2 for Linux x86 64-bit built May  7 2026
Developed by Bui Quang Minh, Thomas Wong, Nhan Ly-Trong, Huaiyan Ren
Contributed by Lam-Tung Nguyen, Dominik Schrempf, Chris Bielow,
Olga Chernomor, Michael Woodhams, Diep Thi Hoang, Heiko Schmidt

Host:    8084c4e79f09 (AVX512, FMA3, 1133 GB RAM)
Command: /workspace/iqtree-3.1.2-Linux/bin/iqtree3_intel -s /workspace/NeuralNJ/empirical/TarvD7/ENSG00000106771.nuc.ord.aln -st DNA -m GTR+G -seed 2201 -pre /workspace/IQTree_TarvD7_Results/ENSG00000106771.nuc.ord -quiet
Seed:    2201 (Using SPRNG - Scalable Parallel Random Number Generator)
Time:    Tue May 26 00:17:44 2026
Kernel:  AVX+FMA - 1 threads (384 CPU cores detected)

HINT: Use -nt option to specify number of threads because your CPU has 384 cores!
HINT: -nt AUTO will automatically determine the best number of threads to use.

Reading alignment file /workspace/NeuralNJ/empirical/TarvD7/ENSG00000106771.nuc.ord.aln ... Fasta format detected
Reading fasta file: done in 0.00111294 secs using 7.098% CPU
Alignment most likely contains DNA/RNA sequences
Constructing alignment: done in 0.00418305 secs using 51.73% CPU
Alignment has 36 sequences with 3393 columns, 1625 distinct patterns
912 parsimony-informative, 449 singleton sites, 2032 constant sites
                   Gap/Ambiguity  Composition  p-value
Analyzing sequences: done in 8.4877e-05 secs using 83.65% CPU
   1  P001_Platypus       83.11%    failed      0.00%
   2  P002_Opossum        24.31%    failed      0.07%
   3  P003_Wallaby        26.44%    passed     22.73%
   4  P004_Tenrec         32.98%    failed      0.00%
   5  P005_Rock_hyrax     26.17%    passed     25.36%
   6  P006_Elephant       41.03%    passed     17.41%
   7  P007_Armadillo      37.93%    passed      7.18%
   8  P008_Sloth          47.75%    failed      0.29%
   9  P009_Hedgehog       59.95%    passed     32.53%
  10  P010_Common_shrew   47.30%    passed     61.03%
  11  P011_Dolphin        22.99%    passed     94.82%
  12  P012_Cow            23.25%    passed     29.25%
  13  P013_Pig            83.64%    failed      0.00%
  14  P014_Alpaca         43.68%    failed      0.48%
  15  P015_Horse          26.08%    passed     99.89%
  16  P016_Dog            19.45%    passed     75.88%
  17  P017_Cat            52.87%    failed      3.50%
  18  P018_Megabat        20.69%    passed     99.78%
  19  P019_Microbat       41.20%    passed     37.14%
  20  P020_Rabbit         55.26%    passed     16.78%
  21  P021_Pika           37.93%    passed     34.61%
  22  P022_Squirrel       67.37%    failed      0.00%
  23  P023_Guinea_pig     24.58%    passed     74.52%
  24  P024_Kangaroo_rat   28.03%    passed     76.18%
  25  P025_Mouse          22.19%    passed     29.14%
  26  P026_Rat            22.19%    passed     76.14%
  27  P027_Tree_shrew     54.82%    passed     45.07%
  28  P028_Bushbaby       62.33%    passed     89.34%
  29  P029_Mouse_lemur    35.81%    passed     86.87%
  30  P030_Tarsier        34.92%    failed      0.11%
  31  P031_Marmoset       19.72%    passed     91.90%
  32  P032_Rhesus         17.24%    passed     93.59%
  33  P033_Orangutan      19.81%    passed     98.66%
  34  P034_Gorilla        46.60%    failed      0.67%
  35  P035_Chimp          19.72%    passed     98.15%
  36  P036_Human          19.72%    passed     99.48%
WARNING: 8 sequences contain more than 50% gaps/ambiguity
****  TOTAL               37.47%  10 sequences failed composition chi2 test (p-value<5%; df=3)
Checking for duplicate sequences: done in 0.000157118 secs using 29.91% CPU

Create initial parsimony tree by phylogenetic likelihood library (PLL)... 0.004 seconds

NOTE: 7 MB RAM (0 GB) is required!
Estimate model parameters (epsilon = 0.100)
1. Initial log-likelihood: -24829.466
2. Current log-likelihood: -23042.637
3. Current log-likelihood: -23023.417
4. Current log-likelihood: -23023.130
Optimal log-likelihood: -23023.104
Rate parameters:  A-C: 1.67351  A-G: 5.06272  A-T: 1.00387  C-G: 1.79789  C-T: 6.00466  G-T: 1.00000
Base frequencies:  A: 0.218  C: 0.260  G: 0.256  T: 0.266
Gamma shape alpha: 0.368
Parameters optimization took 4 rounds (0.263 sec)
Wrote distance file to... 
Computing ML distances based on estimated model parameters...
Calculating distance matrix: done in 0.00365376 secs using 98.45% CPU
Computing ML distances took 0.003848 sec (of wall-clock time) 0.003778 sec (of CPU time)
WARNING: Some pairwise ML distances are too long (saturated)
Setting up auxiliary I and S matrices: done in 8.60691e-05 secs using 99.92% CPU
Constructing RapidNJ tree: done in 0.000129938 secs using 40.79% CPU
Computing RapidNJ tree took 0.000266 sec (of wall-clock time) 0.000169 sec (of CPU time)
Log-likelihood of RapidNJ tree: -23245.848
--------------------------------------------------------------------
|             INITIALIZING CANDIDATE TREE SET                      |
--------------------------------------------------------------------
Generating 98 parsimony trees... 0.385 second
Computing log-likelihood of 98 initial trees ... 0.649 seconds
Current best score: -23023.104

Do NNI search on 20 best initial trees
Estimate model parameters (epsilon = 0.100)
BETTER TREE FOUND at iteration 1: -22974.269
Iteration 10 / LogL: -22995.514 / Time: 0h:0m:2s
Iteration 20 / LogL: -23009.128 / Time: 0h:0m:3s
Finish initializing candidate tree set (12)
Current best tree score: -22974.269 / CPU time: 2.937
Number of iterations: 20
--------------------------------------------------------------------
|               OPTIMIZING CANDIDATE TREE SET                      |
--------------------------------------------------------------------
Estimate model parameters (epsilon = 0.100)
BETTER TREE FOUND at iteration 25: -22968.698
Iteration 30 / LogL: -22980.569 / Time: 0h:0m:4s (0h:0m:13s left)
Iteration 40 / LogL: -22968.877 / Time: 0h:0m:5s (0h:0m:12s left)
Iteration 50 / LogL: -22981.088 / Time: 0h:0m:6s (0h:0m:10s left)
Iteration 60 / LogL: -22974.391 / Time: 0h:0m:7s (0h:0m:8s left)
Estimate model parameters (epsilon = 0.100)
UPDATE BEST LOG-LIKELIHOOD: -22968.657
Iteration 70 / LogL: -22968.657 / Time: 0h:0m:8s (0h:0m:7s left)
Iteration 80 / LogL: -22975.040 / Time: 0h:0m:9s (0h:0m:5s left)
Iteration 90 / LogL: -22985.068 / Time: 0h:0m:11s (0h:0m:4s left)
Iteration 100 / LogL: -22968.730 / Time: 0h:0m:12s (0h:0m:3s left)
Iteration 110 / LogL: -22974.307 / Time: 0h:0m:13s (0h:0m:1s left)
Iteration 120 / LogL: -22978.691 / Time: 0h:0m:14s (0h:0m:0s left)
TREE SEARCH COMPLETED AFTER 126 ITERATIONS / Time: 0h:0m:14s

--------------------------------------------------------------------
|                    FINALIZING TREE SEARCH                        |
--------------------------------------------------------------------
Performs final model parameters optimization
Estimate model parameters (epsilon = 0.010)
1. Initial log-likelihood: -22968.657
Optimal log-likelihood: -22968.654
Rate parameters:  A-C: 1.66862  A-G: 5.15609  A-T: 1.01875  C-G: 1.82331  C-T: 6.17817  G-T: 1.00000
Base frequencies:  A: 0.218  C: 0.260  G: 0.256  T: 0.266
Gamma shape alpha: 0.370
Parameters optimization took 1 rounds (0.027 sec)
BEST SCORE FOUND : -22968.654
Total tree length: 2.862

Total number of iterations: 126
CPU time used for tree search: 14.729 sec (0h:0m:14s)
Wall-clock time used for tree search: 14.602 sec (0h:0m:14s)
Total CPU time used: 15.120 sec (0h:0m:15s)
Total wall-clock time used: 14.954 sec (0h:0m:14s)

Analysis results written to: 
  IQ-TREE report:                /workspace/IQTree_TarvD7_Results/ENSG00000106771.nuc.ord.iqtree
  Maximum-likelihood tree:       /workspace/IQTree_TarvD7_Results/ENSG00000106771.nuc.ord.treefile
  Likelihood distances:          /workspace/IQTree_TarvD7_Results/ENSG00000106771.nuc.ord.mldist
  Screen log file:               /workspace/IQTree_TarvD7_Results/ENSG00000106771.nuc.ord.log

Date and Time: Tue May 26 00:17:59 2026
