IQ-TREE version 3.1.2 for Linux x86 64-bit built May  7 2026
Developed by Bui Quang Minh, Thomas Wong, Nhan Ly-Trong, Huaiyan Ren
Contributed by Lam-Tung Nguyen, Dominik Schrempf, Chris Bielow,
Olga Chernomor, Michael Woodhams, Diep Thi Hoang, Heiko Schmidt

Host:    8084c4e79f09 (AVX512, FMA3, 1133 GB RAM)
Command: /workspace/iqtree-3.1.2-Linux/bin/iqtree3_intel -s /workspace/NeuralNJ/empirical/TarvD7/ENSG00000169174.nuc.ord.aln -st DNA -m GTR+G -seed 2201 -pre /workspace/IQTree_TarvD7_Results/ENSG00000169174.nuc.ord -quiet
Seed:    2201 (Using SPRNG - Scalable Parallel Random Number Generator)
Time:    Tue May 26 18:02:49 2026
Kernel:  AVX+FMA - 1 threads (384 CPU cores detected)

HINT: Use -nt option to specify number of threads because your CPU has 384 cores!
HINT: -nt AUTO will automatically determine the best number of threads to use.

Reading alignment file /workspace/NeuralNJ/empirical/TarvD7/ENSG00000169174.nuc.ord.aln ... Fasta format detected
Reading fasta file: done in 0.000504017 secs using 25% CPU
Alignment most likely contains DNA/RNA sequences
Constructing alignment: done in 0.00294089 secs using 98.92% CPU
Alignment has 21 sequences with 2610 columns, 1484 distinct patterns
849 parsimony-informative, 638 singleton sites, 1123 constant sites
                  Gap/Ambiguity  Composition  p-value
Analyzing sequences: done in 6.69956e-05 secs using 100% CPU
   1  P001_Platypus      58.97%    failed      0.00%
   2  P002_Opossum       28.97%    failed      0.12%
   3  P003_Wallaby       42.53%    failed      0.00%
   4  P004_Tenrec        35.17%    passed     78.74%
   5  P005_Rock_hyrax    26.90%    passed     21.70%
   6  P006_Elephant      48.97%    passed     13.33%
   7  P007_Armadillo     48.51%    failed      1.15%
   8  P011_Dolphin       20.46%    failed      3.79%
   9  P015_Horse         28.16%    failed      2.12%
  10  P022_Squirrel      42.87%    passed     20.19%
  11  P023_Guinea_pig    20.92%    passed     41.66%
  12  P025_Mouse         20.23%    failed      3.15%
  13  P026_Rat           20.57%    failed      0.61%
  14  P027_Tree_shrew    48.85%    passed     48.76%
  15  P029_Mouse_lemur   44.48%    passed     42.26%
  16  P031_Marmoset      20.69%    passed     91.29%
  17  P032_Rhesus        20.80%    passed     17.41%
  18  P033_Orangutan     20.69%    passed     78.81%
  19  P034_Gorilla       29.43%    passed     93.43%
  20  P035_Chimp         20.46%    passed     91.61%
  21  P036_Human         20.46%    passed     75.69%
WARNING: 1 sequences contain more than 50% gaps/ambiguity
****  TOTAL              31.86%  8 sequences failed composition chi2 test (p-value<5%; df=3)
Checking for duplicate sequences: done in 8.98838e-05 secs using 37.83% CPU

Create initial parsimony tree by phylogenetic likelihood library (PLL)... 0.002 seconds

NOTE: 4 MB RAM (0 GB) is required!
Estimate model parameters (epsilon = 0.100)
1. Initial log-likelihood: -18789.386
2. Current log-likelihood: -17570.045
3. Current log-likelihood: -17539.258
4. Current log-likelihood: -17537.013
5. Current log-likelihood: -17536.695
Optimal log-likelihood: -17536.587
Rate parameters:  A-C: 1.68310  A-G: 5.19689  A-T: 1.13407  C-G: 1.10882  C-T: 6.02592  G-T: 1.00000
Base frequencies:  A: 0.180  C: 0.320  G: 0.327  T: 0.174
Gamma shape alpha: 0.691
Parameters optimization took 5 rounds (0.190 sec)
Wrote distance file to... 
Computing ML distances based on estimated model parameters...
Calculating distance matrix: done in 0.00133395 secs using 100% CPU
Computing ML distances took 0.001470 sec (of wall-clock time) 0.001471 sec (of CPU time)
Setting up auxiliary I and S matrices: done in 0.000113964 secs using 63.18% CPU
Constructing RapidNJ tree: done in 0.000144005 secs using 272.2% CPU
Computing RapidNJ tree took 0.000335 sec (of wall-clock time) 0.000542 sec (of CPU time)
Log-likelihood of RapidNJ tree: -17627.787
--------------------------------------------------------------------
|             INITIALIZING CANDIDATE TREE SET                      |
--------------------------------------------------------------------
Generating 98 parsimony trees... 0.173 second
Computing log-likelihood of 98 initial trees ... 0.322 seconds
Current best score: -17536.587

Do NNI search on 20 best initial trees
Estimate model parameters (epsilon = 0.100)
BETTER TREE FOUND at iteration 1: -17521.839
Iteration 10 / LogL: -17522.209 / Time: 0h:0m:1s
UPDATE BEST LOG-LIKELIHOOD: -17521.839
UPDATE BEST LOG-LIKELIHOOD: -17521.839
Iteration 20 / LogL: -17528.539 / Time: 0h:0m:1s
Finish initializing candidate tree set (7)
Current best tree score: -17521.839 / CPU time: 1.653
Number of iterations: 20
--------------------------------------------------------------------
|               OPTIMIZING CANDIDATE TREE SET                      |
--------------------------------------------------------------------
UPDATE BEST LOG-LIKELIHOOD: -17521.839
Iteration 30 / LogL: -17522.413 / Time: 0h:0m:2s (0h:0m:6s left)
UPDATE BEST LOG-LIKELIHOOD: -17521.839
UPDATE BEST LOG-LIKELIHOOD: -17521.839
Iteration 40 / LogL: -17522.315 / Time: 0h:0m:3s (0h:0m:5s left)
Iteration 50 / LogL: -17522.061 / Time: 0h:0m:3s (0h:0m:4s left)
Estimate model parameters (epsilon = 0.100)
UPDATE BEST LOG-LIKELIHOOD: -17521.705
Iteration 60 / LogL: -17521.843 / Time: 0h:0m:4s (0h:0m:3s left)
Estimate model parameters (epsilon = 0.100)
UPDATE BEST LOG-LIKELIHOOD: -17521.610
Iteration 70 / LogL: -17522.525 / Time: 0h:0m:5s (0h:0m:2s left)
Iteration 80 / LogL: -17521.901 / Time: 0h:0m:6s (0h:0m:1s left)
UPDATE BEST LOG-LIKELIHOOD: -17521.600
UPDATE BEST LOG-LIKELIHOOD: -17521.598
Iteration 90 / LogL: -17524.820 / Time: 0h:0m:6s (0h:0m:0s left)
Iteration 100 / LogL: -17523.428 / Time: 0h:0m:7s (0h:0m:0s left)
TREE SEARCH COMPLETED AFTER 102 ITERATIONS / Time: 0h:0m:7s

--------------------------------------------------------------------
|                    FINALIZING TREE SEARCH                        |
--------------------------------------------------------------------
Performs final model parameters optimization
Estimate model parameters (epsilon = 0.010)
1. Initial log-likelihood: -17521.598
2. Current log-likelihood: -17521.582
Optimal log-likelihood: -17521.577
Rate parameters:  A-C: 1.66744  A-G: 5.09838  A-T: 1.09679  C-G: 1.07406  C-T: 5.96139  G-T: 1.00000
Base frequencies:  A: 0.180  C: 0.320  G: 0.327  T: 0.174
Gamma shape alpha: 0.689
Parameters optimization took 2 rounds (0.034 sec)
BEST SCORE FOUND : -17521.577
Total tree length: 6.343

Total number of iterations: 102
CPU time used for tree search: 7.398 sec (0h:0m:7s)
Wall-clock time used for tree search: 7.237 sec (0h:0m:7s)
Total CPU time used: 7.669 sec (0h:0m:7s)
Total wall-clock time used: 7.491 sec (0h:0m:7s)

Analysis results written to: 
  IQ-TREE report:                /workspace/IQTree_TarvD7_Results/ENSG00000169174.nuc.ord.iqtree
  Maximum-likelihood tree:       /workspace/IQTree_TarvD7_Results/ENSG00000169174.nuc.ord.treefile
  Likelihood distances:          /workspace/IQTree_TarvD7_Results/ENSG00000169174.nuc.ord.mldist
  Screen log file:               /workspace/IQTree_TarvD7_Results/ENSG00000169174.nuc.ord.log

Date and Time: Tue May 26 18:02:56 2026
