IQ-TREE version 3.1.2 for Linux x86 64-bit built May  7 2026
Developed by Bui Quang Minh, Thomas Wong, Nhan Ly-Trong, Huaiyan Ren
Contributed by Lam-Tung Nguyen, Dominik Schrempf, Chris Bielow,
Olga Chernomor, Michael Woodhams, Diep Thi Hoang, Heiko Schmidt

Host:    8084c4e79f09 (AVX512, FMA3, 1133 GB RAM)
Command: /workspace/iqtree-3.1.2-Linux/bin/iqtree3_intel -s /workspace/NeuralNJ/empirical/TarvD7/ENSG00000011198.nuc.ord.aln -st DNA -m GTR+G -seed 2201 -pre /workspace/IQTree_TarvD7_Results/ENSG00000011198.nuc.ord -quiet
Seed:    2201 (Using SPRNG - Scalable Parallel Random Number Generator)
Time:    Mon May 25 17:42:00 2026
Kernel:  AVX+FMA - 1 threads (384 CPU cores detected)

HINT: Use -nt option to specify number of threads because your CPU has 384 cores!
HINT: -nt AUTO will automatically determine the best number of threads to use.

Reading alignment file /workspace/NeuralNJ/empirical/TarvD7/ENSG00000011198.nuc.ord.aln ... Fasta format detected
Reading fasta file: done in 0.000401974 secs using 94.78% CPU
Alignment most likely contains DNA/RNA sequences
Constructing alignment: done in 0.00137496 secs using 26.26% CPU
Alignment has 35 sequences with 1155 columns, 600 distinct patterns
386 parsimony-informative, 135 singleton sites, 634 constant sites
                   Gap/Ambiguity  Composition  p-value
Analyzing sequences: done in 3.21865e-05 secs
   1  P001_Platypus       12.21%    passed     28.98%
   2  P002_Opossum        11.17%    passed     56.57%
   3  P004_Tenrec         13.51%    passed     50.22%
   4  P005_Rock_hyrax     29.87%    passed     31.89%
   5  P006_Elephant       23.38%    passed     76.57%
   6  P007_Armadillo      18.18%    passed     76.69%
   7  P008_Sloth          17.92%    passed     73.85%
   8  P009_Hedgehog        9.35%    failed      0.06%
   9  P010_Common_shrew   13.51%    passed     10.01%
  10  P011_Dolphin         9.35%    passed     69.04%
  11  P012_Cow             9.61%    passed     96.59%
  12  P013_Pig             9.35%    passed     62.81%
  13  P014_Alpaca         29.87%    passed     75.99%
  14  P015_Horse          12.73%    passed     35.68%
  15  P016_Dog             8.57%    passed     96.21%
  16  P017_Cat            21.04%    passed     51.55%
  17  P018_Megabat        20.52%    passed     91.04%
  18  P019_Microbat       13.51%    passed     83.48%
  19  P020_Rabbit         34.29%    passed     93.41%
  20  P021_Pika           48.83%    failed      2.52%
  21  P022_Squirrel       33.51%    passed     83.85%
  22  P023_Guinea_pig      3.90%    failed      0.00%
  23  P024_Kangaroo_rat   25.97%    failed      0.05%
  24  P025_Mouse           8.83%    passed     41.92%
  25  P026_Rat             8.83%    passed     10.63%
  26  P027_Tree_shrew     45.97%    failed      1.49%
  27  P028_Bushbaby       38.18%    passed     68.72%
  28  P029_Mouse_lemur    34.03%    passed     25.20%
  29  P030_Tarsier        21.04%    passed     21.43%
  30  P031_Marmoset        9.35%    passed     29.61%
  31  P032_Rhesus          9.35%    passed     72.80%
  32  P033_Orangutan       9.35%    passed     65.40%
  33  P034_Gorilla        29.35%    passed     67.80%
  34  P035_Chimp           9.35%    passed     71.24%
  35  P036_Human           9.35%    passed     64.71%
****  TOTAL               18.95%  5 sequences failed composition chi2 test (p-value<5%; df=3)
Checking for duplicate sequences: done in 9.98974e-05 secs

Create initial parsimony tree by phylogenetic likelihood library (PLL)... 0.002 seconds

NOTE: 2 MB RAM (0 GB) is required!
Estimate model parameters (epsilon = 0.100)
1. Initial log-likelihood: -10026.275
2. Current log-likelihood: -9330.307
3. Current log-likelihood: -9316.541
4. Current log-likelihood: -9316.341
Optimal log-likelihood: -9316.325
Rate parameters:  A-C: 2.06357  A-G: 6.32080  A-T: 0.81592  C-G: 1.70263  C-T: 7.12830  G-T: 1.00000
Base frequencies:  A: 0.267  C: 0.223  G: 0.250  T: 0.259
Gamma shape alpha: 0.339
Parameters optimization took 4 rounds (0.111 sec)
Wrote distance file to... 
Computing ML distances based on estimated model parameters...
Calculating distance matrix: done in 0.0025351 secs using 98.97% CPU
Computing ML distances took 0.002625 sec (of wall-clock time) 0.002587 sec (of CPU time)
Setting up auxiliary I and S matrices: done in 8.58307e-05 secs using 265.6% CPU
Constructing RapidNJ tree: done in 0.000144005 secs using 12.5% CPU
Computing RapidNJ tree took 0.000276 sec (of wall-clock time) 0.000272 sec (of CPU time)
Log-likelihood of RapidNJ tree: -9323.004
--------------------------------------------------------------------
|             INITIALIZING CANDIDATE TREE SET                      |
--------------------------------------------------------------------
Generating 98 parsimony trees... 0.185 second
Computing log-likelihood of 98 initial trees ... 0.242 seconds
Current best score: -9315.066

Do NNI search on 20 best initial trees
Estimate model parameters (epsilon = 0.100)
BETTER TREE FOUND at iteration 1: -9293.718
Estimate model parameters (epsilon = 0.100)
BETTER TREE FOUND at iteration 3: -9286.934
Estimate model parameters (epsilon = 0.100)
BETTER TREE FOUND at iteration 7: -9284.803
Iteration 10 / LogL: -9293.111 / Time: 0h:0m:0s
Estimate model parameters (epsilon = 0.100)
BETTER TREE FOUND at iteration 16: -9283.783
UPDATE BEST LOG-LIKELIHOOD: -9283.783
Estimate model parameters (epsilon = 0.100)
BETTER TREE FOUND at iteration 20: -9283.761
Iteration 20 / LogL: -9283.761 / Time: 0h:0m:1s
Finish initializing candidate tree set (15)
Current best tree score: -9283.761 / CPU time: 1.350
Number of iterations: 20
--------------------------------------------------------------------
|               OPTIMIZING CANDIDATE TREE SET                      |
--------------------------------------------------------------------
Estimate model parameters (epsilon = 0.100)
BETTER TREE FOUND at iteration 27: -9281.914
Estimate model parameters (epsilon = 0.100)
BETTER TREE FOUND at iteration 29: -9281.076
Iteration 30 / LogL: -9283.942 / Time: 0h:0m:2s (0h:0m:7s left)
UPDATE BEST LOG-LIKELIHOOD: -9281.076
Iteration 40 / LogL: -9282.119 / Time: 0h:0m:2s (0h:0m:5s left)
UPDATE BEST LOG-LIKELIHOOD: -9281.076
Iteration 50 / LogL: -9285.914 / Time: 0h:0m:3s (0h:0m:4s left)
Estimate model parameters (epsilon = 0.100)
BETTER TREE FOUND at iteration 53: -9279.310
Estimate model parameters (epsilon = 0.100)
BETTER TREE FOUND at iteration 56: -9279.068
UPDATE BEST LOG-LIKELIHOOD: -9279.067
Iteration 60 / LogL: -9281.087 / Time: 0h:0m:3s (0h:0m:5s left)
Iteration 70 / LogL: -9279.326 / Time: 0h:0m:4s (0h:0m:5s left)
Iteration 80 / LogL: -9287.043 / Time: 0h:0m:4s (0h:0m:4s left)
Estimate model parameters (epsilon = 0.100)
BETTER TREE FOUND at iteration 90: -9275.706
Iteration 90 / LogL: -9275.706 / Time: 0h:0m:5s (0h:0m:5s left)
UPDATE BEST LOG-LIKELIHOOD: -9275.706
Iteration 100 / LogL: -9279.373 / Time: 0h:0m:5s (0h:0m:5s left)
UPDATE BEST LOG-LIKELIHOOD: -9275.706
Iteration 110 / LogL: -9286.099 / Time: 0h:0m:6s (0h:0m:4s left)
Iteration 120 / LogL: -9290.289 / Time: 0h:0m:6s (0h:0m:3s left)
Iteration 130 / LogL: -9275.707 / Time: 0h:0m:6s (0h:0m:3s left)
Iteration 140 / LogL: -9298.314 / Time: 0h:0m:7s (0h:0m:2s left)
UPDATE BEST LOG-LIKELIHOOD: -9275.706
Iteration 150 / LogL: -9276.326 / Time: 0h:0m:7s (0h:0m:2s left)
UPDATE BEST LOG-LIKELIHOOD: -9275.706
Iteration 160 / LogL: -9276.324 / Time: 0h:0m:8s (0h:0m:1s left)
Iteration 170 / LogL: -9275.709 / Time: 0h:0m:8s (0h:0m:1s left)
Iteration 180 / LogL: -9275.836 / Time: 0h:0m:9s (0h:0m:0s left)
Iteration 190 / LogL: -9275.711 / Time: 0h:0m:9s (0h:0m:0s left)
TREE SEARCH COMPLETED AFTER 191 ITERATIONS / Time: 0h:0m:9s

--------------------------------------------------------------------
|                    FINALIZING TREE SEARCH                        |
--------------------------------------------------------------------
Performs final model parameters optimization
Estimate model parameters (epsilon = 0.010)
1. Initial log-likelihood: -9275.706
Optimal log-likelihood: -9275.706
Rate parameters:  A-C: 2.12138  A-G: 6.81203  A-T: 0.75867  C-G: 1.71965  C-T: 7.50322  G-T: 1.00000
Base frequencies:  A: 0.267  C: 0.223  G: 0.250  T: 0.259
Gamma shape alpha: 0.333
Parameters optimization took 1 rounds (0.010 sec)
BEST SCORE FOUND : -9275.706
Total tree length: 2.476

Total number of iterations: 191
CPU time used for tree search: 9.957 sec (0h:0m:9s)
Wall-clock time used for tree search: 9.798 sec (0h:0m:9s)
Total CPU time used: 10.114 sec (0h:0m:10s)
Total wall-clock time used: 9.944 sec (0h:0m:9s)

Analysis results written to: 
  IQ-TREE report:                /workspace/IQTree_TarvD7_Results/ENSG00000011198.nuc.ord.iqtree
  Maximum-likelihood tree:       /workspace/IQTree_TarvD7_Results/ENSG00000011198.nuc.ord.treefile
  Likelihood distances:          /workspace/IQTree_TarvD7_Results/ENSG00000011198.nuc.ord.mldist
  Screen log file:               /workspace/IQTree_TarvD7_Results/ENSG00000011198.nuc.ord.log

Date and Time: Mon May 25 17:42:10 2026
