IQ-TREE version 3.1.2 for Linux x86 64-bit built May  7 2026
Developed by Bui Quang Minh, Thomas Wong, Nhan Ly-Trong, Huaiyan Ren
Contributed by Lam-Tung Nguyen, Dominik Schrempf, Chris Bielow,
Olga Chernomor, Michael Woodhams, Diep Thi Hoang, Heiko Schmidt

Host:    8084c4e79f09 (AVX512, FMA3, 1133 GB RAM)
Command: /workspace/iqtree-3.1.2-Linux/bin/iqtree3_intel -s /workspace/NeuralNJ/empirical/TarvD7/ENSG00000165521.nuc.ord.aln -st DNA -m GTR+G -seed 2201 -pre /workspace/IQTree_TarvD7_Results/ENSG00000165521.nuc.ord -quiet
Seed:    2201 (Using SPRNG - Scalable Parallel Random Number Generator)
Time:    Tue May 26 16:36:40 2026
Kernel:  AVX+FMA - 1 threads (384 CPU cores detected)

HINT: Use -nt option to specify number of threads because your CPU has 384 cores!
HINT: -nt AUTO will automatically determine the best number of threads to use.

Reading alignment file /workspace/NeuralNJ/empirical/TarvD7/ENSG00000165521.nuc.ord.aln ... Fasta format detected
Reading fasta file: done in 0.00277805 secs using 13.64% CPU
Alignment most likely contains DNA/RNA sequences
Constructing alignment: done in 0.00819111 secs using 40.62% CPU
Alignment has 35 sequences with 6201 columns, 2900 distinct patterns
1654 parsimony-informative, 812 singleton sites, 3735 constant sites
                   Gap/Ambiguity  Composition  p-value
Analyzing sequences: done in 0.000156879 secs using 100.1% CPU
   1  P001_Platypus       75.33%    passed     67.97%
   2  P002_Opossum         5.18%    failed      0.51%
   3  P003_Wallaby        23.27%    passed     50.77%
   4  P004_Tenrec         34.20%    failed      0.00%
   5  P005_Rock_hyrax     24.33%    passed     54.47%
   6  P006_Elephant       29.37%    passed     70.72%
   7  P007_Armadillo      28.11%    passed     72.35%
   8  P008_Sloth          36.82%    passed     44.49%
   9  P009_Hedgehog       32.22%    failed      0.00%
  10  P010_Common_shrew   30.91%    passed     86.44%
  11  P011_Dolphin        11.61%    passed      8.83%
  12  P012_Cow             5.32%    failed      0.05%
  13  P013_Pig             8.13%    passed     36.61%
  14  P014_Alpaca         13.06%    passed     15.78%
  15  P015_Horse          11.18%    passed     11.03%
  16  P016_Dog             5.27%    passed     92.36%
  17  P017_Cat            48.43%    passed     29.46%
  18  P018_Megabat        10.21%    passed     71.70%
  19  P019_Microbat       32.80%    passed      8.56%
  20  P020_Rabbit         22.50%    passed     50.74%
  21  P022_Squirrel       42.82%    passed     62.14%
  22  P023_Guinea_pig      7.26%    passed     81.60%
  23  P024_Kangaroo_rat   21.96%    passed     48.45%
  24  P025_Mouse           4.35%    failed      1.81%
  25  P026_Rat             4.35%    failed      0.28%
  26  P027_Tree_shrew     23.51%    passed     80.37%
  27  P028_Bushbaby       31.30%    passed     83.22%
  28  P029_Mouse_lemur    40.25%    passed     65.19%
  29  P030_Tarsier        21.63%    passed     69.73%
  30  P031_Marmoset        4.35%    passed     34.93%
  31  P032_Rhesus          4.35%    passed     64.09%
  32  P033_Orangutan       4.35%    passed     61.44%
  33  P034_Gorilla        38.51%    passed     64.31%
  34  P035_Chimp           4.40%    passed     62.28%
  35  P036_Human           4.35%    passed     60.98%
WARNING: 1 sequences contain more than 50% gaps/ambiguity
****  TOTAL               21.31%  6 sequences failed composition chi2 test (p-value<5%; df=3)
Checking for duplicate sequences: done in 0.000228167 secs using 99.93% CPU

Create initial parsimony tree by phylogenetic likelihood library (PLL)... 0.007 seconds

NOTE: 13 MB RAM (0 GB) is required!
Estimate model parameters (epsilon = 0.100)
1. Initial log-likelihood: -44064.167
2. Current log-likelihood: -40255.676
3. Current log-likelihood: -40221.903
4. Current log-likelihood: -40221.581
Optimal log-likelihood: -40221.554
Rate parameters:  A-C: 2.16081  A-G: 5.87781  A-T: 0.86514  C-G: 1.21507  C-T: 10.36745  G-T: 1.00000
Base frequencies:  A: 0.293  C: 0.183  G: 0.252  T: 0.271
Gamma shape alpha: 0.306
Parameters optimization took 4 rounds (0.533 sec)
Wrote distance file to... 
Computing ML distances based on estimated model parameters...
Calculating distance matrix: done in 0.00500393 secs using 99.58% CPU
Computing ML distances took 0.005329 sec (of wall-clock time) 0.005294 sec (of CPU time)
Setting up auxiliary I and S matrices: done in 0.000180006 secs
Constructing RapidNJ tree: done in 0.000305176 secs using 250.3% CPU
Computing RapidNJ tree took 0.000554 sec (of wall-clock time) 0.000811 sec (of CPU time)
Log-likelihood of RapidNJ tree: -40378.636
--------------------------------------------------------------------
|             INITIALIZING CANDIDATE TREE SET                      |
--------------------------------------------------------------------
Generating 98 parsimony trees... 0.645 second
Computing log-likelihood of 98 initial trees ... 1.136 seconds
Current best score: -40194.156

Do NNI search on 20 best initial trees
Estimate model parameters (epsilon = 0.100)
BETTER TREE FOUND at iteration 1: -40110.448
Iteration 10 / LogL: -40110.482 / Time: 0h:0m:4s
Iteration 20 / LogL: -40110.603 / Time: 0h:0m:5s
Finish initializing candidate tree set (2)
Current best tree score: -40110.448 / CPU time: 5.031
Number of iterations: 20
--------------------------------------------------------------------
|               OPTIMIZING CANDIDATE TREE SET                      |
--------------------------------------------------------------------
Iteration 30 / LogL: -40205.575 / Time: 0h:0m:7s (0h:0m:18s left)
Iteration 40 / LogL: -40110.998 / Time: 0h:0m:9s (0h:0m:14s left)
Iteration 50 / LogL: -40143.229 / Time: 0h:0m:11s (0h:0m:11s left)
Iteration 60 / LogL: -40144.150 / Time: 0h:0m:13s (0h:0m:9s left)
Iteration 70 / LogL: -40143.251 / Time: 0h:0m:15s (0h:0m:6s left)
Iteration 80 / LogL: -40111.586 / Time: 0h:0m:16s (0h:0m:4s left)
Iteration 90 / LogL: -40110.448 / Time: 0h:0m:18s (0h:0m:2s left)
Iteration 100 / LogL: -40110.806 / Time: 0h:0m:20s (0h:0m:0s left)
TREE SEARCH COMPLETED AFTER 102 ITERATIONS / Time: 0h:0m:20s

--------------------------------------------------------------------
|                    FINALIZING TREE SEARCH                        |
--------------------------------------------------------------------
Performs final model parameters optimization
Estimate model parameters (epsilon = 0.010)
1. Initial log-likelihood: -40110.448
Optimal log-likelihood: -40110.442
Rate parameters:  A-C: 2.16985  A-G: 5.88273  A-T: 0.85126  C-G: 1.22499  C-T: 10.36359  G-T: 1.00000
Base frequencies:  A: 0.293  C: 0.183  G: 0.252  T: 0.271
Gamma shape alpha: 0.308
Parameters optimization took 1 rounds (0.059 sec)
BEST SCORE FOUND : -40110.442
Total tree length: 1.926

Total number of iterations: 102
CPU time used for tree search: 20.273 sec (0h:0m:20s)
Wall-clock time used for tree search: 20.171 sec (0h:0m:20s)
Total CPU time used: 20.992 sec (0h:0m:20s)
Total wall-clock time used: 20.845 sec (0h:0m:20s)

Analysis results written to: 
  IQ-TREE report:                /workspace/IQTree_TarvD7_Results/ENSG00000165521.nuc.ord.iqtree
  Maximum-likelihood tree:       /workspace/IQTree_TarvD7_Results/ENSG00000165521.nuc.ord.treefile
  Likelihood distances:          /workspace/IQTree_TarvD7_Results/ENSG00000165521.nuc.ord.mldist
  Screen log file:               /workspace/IQTree_TarvD7_Results/ENSG00000165521.nuc.ord.log

Date and Time: Tue May 26 16:37:01 2026
