IQ-TREE version 3.1.2 for Linux x86 64-bit built May  7 2026
Developed by Bui Quang Minh, Thomas Wong, Nhan Ly-Trong, Huaiyan Ren
Contributed by Lam-Tung Nguyen, Dominik Schrempf, Chris Bielow,
Olga Chernomor, Michael Woodhams, Diep Thi Hoang, Heiko Schmidt

Host:    8084c4e79f09 (AVX512, FMA3, 1133 GB RAM)
Command: /workspace/iqtree-3.1.2-Linux/bin/iqtree3_intel -s /workspace/NeuralNJ/empirical/TarvD7/ENSG00000147614.nuc.ord.aln -st DNA -m GTR+G -seed 2201 -pre /workspace/IQTree_TarvD7_Results/ENSG00000147614.nuc.ord -quiet
Seed:    2201 (Using SPRNG - Scalable Parallel Random Number Generator)
Time:    Tue May 26 11:34:16 2026
Kernel:  AVX+FMA - 1 threads (384 CPU cores detected)

HINT: Use -nt option to specify number of threads because your CPU has 384 cores!
HINT: -nt AUTO will automatically determine the best number of threads to use.

Reading alignment file /workspace/NeuralNJ/empirical/TarvD7/ENSG00000147614.nuc.ord.aln ... Fasta format detected
Reading fasta file: done in 0.00049305 secs using 63.48% CPU
Alignment most likely contains DNA/RNA sequences
Constructing alignment: done in 0.00166106 secs using 42.8% CPU
Alignment has 36 sequences with 1410 columns, 681 distinct patterns
417 parsimony-informative, 176 singleton sites, 817 constant sites
                   Gap/Ambiguity  Composition  p-value
Analyzing sequences: done in 3.79086e-05 secs using 100.2% CPU
   1  P001_Platypus       57.66%    passed     13.72%
   2  P002_Opossum        25.32%    failed      1.27%
   3  P003_Wallaby        37.02%    passed      5.09%
   4  P004_Tenrec         46.81%    passed     80.56%
   5  P005_Rock_hyrax     41.06%    passed     68.25%
   6  P006_Elephant       25.32%    passed     61.04%
   7  P007_Armadillo      31.49%    passed     98.08%
   8  P008_Sloth          31.06%    passed     92.41%
   9  P009_Hedgehog       26.38%    passed     30.39%
  10  P010_Common_shrew   40.43%    passed     96.75%
  11  P011_Dolphin        28.09%    passed     94.00%
  12  P012_Cow            24.26%    failed      0.99%
  13  P013_Pig            24.89%    passed     90.73%
  14  P014_Alpaca         34.68%    passed     77.23%
  15  P015_Horse          25.32%    passed     10.23%
  16  P016_Dog            25.32%    passed     80.26%
  17  P017_Cat            48.51%    passed     93.70%
  18  P018_Megabat        25.32%    failed      0.00%
  19  P019_Microbat       28.51%    failed      0.00%
  20  P020_Rabbit         37.87%    passed     69.97%
  21  P021_Pika           30.43%    passed     66.57%
  22  P022_Squirrel       45.32%    passed     75.96%
  23  P023_Guinea_pig     25.53%    passed     94.40%
  24  P024_Kangaroo_rat   25.53%    passed     96.19%
  25  P025_Mouse          25.53%    passed     99.60%
  26  P026_Rat            25.53%    passed     85.83%
  27  P027_Tree_shrew     29.36%    passed     94.39%
  28  P028_Bushbaby       25.96%    passed     88.50%
  29  P029_Mouse_lemur    40.21%    passed     18.92%
  30  P030_Tarsier        45.11%    passed     63.58%
  31  P031_Marmoset       25.53%    passed     66.16%
  32  P032_Rhesus         25.53%    passed     81.15%
  33  P033_Orangutan       2.55%    failed      0.15%
  34  P034_Gorilla        67.45%    passed     32.78%
  35  P035_Chimp          25.53%    passed     65.60%
  36  P036_Human          25.53%    passed     71.61%
WARNING: 2 sequences contain more than 50% gaps/ambiguity
****  TOTAL               32.11%  5 sequences failed composition chi2 test (p-value<5%; df=3)
Checking for duplicate sequences: done in 0.000106812 secs using 101.1% CPU

Create initial parsimony tree by phylogenetic likelihood library (PLL)... 0.001 seconds

NOTE: 3 MB RAM (0 GB) is required!
Estimate model parameters (epsilon = 0.100)
1. Initial log-likelihood: -11968.365
2. Current log-likelihood: -11096.902
3. Current log-likelihood: -11087.163
4. Current log-likelihood: -11086.913
Optimal log-likelihood: -11086.892
Rate parameters:  A-C: 1.65623  A-G: 4.97916  A-T: 0.65651  C-G: 1.55149  C-T: 7.72604  G-T: 1.00000
Base frequencies:  A: 0.289  C: 0.216  G: 0.236  T: 0.259
Gamma shape alpha: 0.438
Parameters optimization took 4 rounds (0.123 sec)
Wrote distance file to... 
Computing ML distances based on estimated model parameters...
Calculating distance matrix: done in 0.00408506 secs using 100% CPU
Computing ML distances took 0.004187 sec (of wall-clock time) 0.004187 sec (of CPU time)
Setting up auxiliary I and S matrices: done in 0.000197887 secs using 100.1% CPU
Constructing RapidNJ tree: done in 0.000319958 secs using 302.5% CPU
Computing RapidNJ tree took 0.000615 sec (of wall-clock time) 0.001275 sec (of CPU time)
Log-likelihood of RapidNJ tree: -11123.568
--------------------------------------------------------------------
|             INITIALIZING CANDIDATE TREE SET                      |
--------------------------------------------------------------------
Generating 98 parsimony trees... 0.208 second
Computing log-likelihood of 98 initial trees ... 0.278 seconds
Current best score: -11086.892

Do NNI search on 20 best initial trees
Estimate model parameters (epsilon = 0.100)
BETTER TREE FOUND at iteration 1: -11085.877
Estimate model parameters (epsilon = 0.100)
BETTER TREE FOUND at iteration 2: -11074.230
Iteration 10 / LogL: -11086.467 / Time: 0h:0m:0s
Iteration 20 / LogL: -11093.161 / Time: 0h:0m:1s
Finish initializing candidate tree set (7)
Current best tree score: -11074.230 / CPU time: 1.103
Number of iterations: 20
--------------------------------------------------------------------
|               OPTIMIZING CANDIDATE TREE SET                      |
--------------------------------------------------------------------
Estimate model parameters (epsilon = 0.100)
BETTER TREE FOUND at iteration 22: -11070.932
Estimate model parameters (epsilon = 0.100)
BETTER TREE FOUND at iteration 25: -11070.832
Estimate model parameters (epsilon = 0.100)
UPDATE BEST LOG-LIKELIHOOD: -11070.776
Iteration 30 / LogL: -11070.942 / Time: 0h:0m:1s (0h:0m:5s left)
Iteration 40 / LogL: -11071.056 / Time: 0h:0m:2s (0h:0m:4s left)
Iteration 50 / LogL: -11070.801 / Time: 0h:0m:2s (0h:0m:4s left)
Iteration 60 / LogL: -11071.269 / Time: 0h:0m:3s (0h:0m:3s left)
Iteration 70 / LogL: -11070.849 / Time: 0h:0m:3s (0h:0m:2s left)
Iteration 80 / LogL: -11070.806 / Time: 0h:0m:4s (0h:0m:2s left)
Iteration 90 / LogL: -11070.921 / Time: 0h:0m:4s (0h:0m:1s left)
Iteration 100 / LogL: -11072.663 / Time: 0h:0m:5s (0h:0m:1s left)
Iteration 110 / LogL: -11070.923 / Time: 0h:0m:5s (0h:0m:0s left)
Iteration 120 / LogL: -11070.915 / Time: 0h:0m:5s (0h:0m:0s left)
TREE SEARCH COMPLETED AFTER 126 ITERATIONS / Time: 0h:0m:6s

--------------------------------------------------------------------
|                    FINALIZING TREE SEARCH                        |
--------------------------------------------------------------------
Performs final model parameters optimization
Estimate model parameters (epsilon = 0.010)
1. Initial log-likelihood: -11070.776
Optimal log-likelihood: -11070.775
Rate parameters:  A-C: 1.61273  A-G: 4.93839  A-T: 0.63404  C-G: 1.54356  C-T: 7.84125  G-T: 1.00000
Base frequencies:  A: 0.289  C: 0.216  G: 0.236  T: 0.259
Gamma shape alpha: 0.433
Parameters optimization took 1 rounds (0.013 sec)
BEST SCORE FOUND : -11070.775
Total tree length: 3.064

Total number of iterations: 126
CPU time used for tree search: 6.189 sec (0h:0m:6s)
Wall-clock time used for tree search: 6.040 sec (0h:0m:6s)
Total CPU time used: 6.391 sec (0h:0m:6s)
Total wall-clock time used: 6.216 sec (0h:0m:6s)

Analysis results written to: 
  IQ-TREE report:                /workspace/IQTree_TarvD7_Results/ENSG00000147614.nuc.ord.iqtree
  Maximum-likelihood tree:       /workspace/IQTree_TarvD7_Results/ENSG00000147614.nuc.ord.treefile
  Likelihood distances:          /workspace/IQTree_TarvD7_Results/ENSG00000147614.nuc.ord.mldist
  Screen log file:               /workspace/IQTree_TarvD7_Results/ENSG00000147614.nuc.ord.log

Date and Time: Tue May 26 11:34:22 2026
