IQ-TREE version 3.1.2 for Linux x86 64-bit built May  7 2026
Developed by Bui Quang Minh, Thomas Wong, Nhan Ly-Trong, Huaiyan Ren
Contributed by Lam-Tung Nguyen, Dominik Schrempf, Chris Bielow,
Olga Chernomor, Michael Woodhams, Diep Thi Hoang, Heiko Schmidt

Host:    8084c4e79f09 (AVX512, FMA3, 1133 GB RAM)
Command: /workspace/iqtree-3.1.2-Linux/bin/iqtree3_intel -s /workspace/NeuralNJ/empirical/TarvD7/ENSG00000103355.nuc.ord.aln -st DNA -m GTR+G -seed 2201 -pre /workspace/IQTree_TarvD7_Results/ENSG00000103355.nuc.ord -quiet
Seed:    2201 (Using SPRNG - Scalable Parallel Random Number Generator)
Time:    Mon May 25 23:21:51 2026
Kernel:  AVX+FMA - 1 threads (384 CPU cores detected)

HINT: Use -nt option to specify number of threads because your CPU has 384 cores!
HINT: -nt AUTO will automatically determine the best number of threads to use.

Reading alignment file /workspace/NeuralNJ/empirical/TarvD7/ENSG00000103355.nuc.ord.aln ... Fasta format detected
Reading fasta file: done in 0.000273943 secs using 7.666% CPU
Alignment most likely contains DNA/RNA sequences
Constructing alignment: done in 0.00148177 secs using 15.25% CPU
Alignment has 20 sequences with 1335 columns, 573 distinct patterns
376 parsimony-informative, 156 singleton sites, 803 constant sites
                 Gap/Ambiguity  Composition  p-value
Analyzing sequences: done in 2.00272e-05 secs using 99.86% CPU
   1  P001_Platypus     28.99%    passed     56.55%
   2  P002_Opossum      33.26%    failed      0.10%
   3  P003_Wallaby      43.60%    passed     39.03%
   4  P005_Rock_hyrax   53.93%    passed     11.76%
   5  P006_Elephant     37.08%    passed     38.25%
   6  P007_Armadillo    40.67%    failed      1.93%
   7  P011_Dolphin      43.60%    passed     16.36%
   8  P012_Cow          35.28%    passed     85.85%
   9  P015_Horse        43.15%    passed     15.20%
  10  P017_Cat          37.08%    passed     15.34%
  11  P018_Megabat      49.21%    passed     99.36%
  12  P020_Rabbit       44.04%    passed      5.97%
  13  P021_Pika         50.79%    passed     11.16%
  14  P022_Squirrel     36.18%    passed     19.33%
  15  P025_Mouse        30.34%    failed      0.00%
  16  P026_Rat          37.75%    failed      0.13%
  17  P031_Marmoset     37.53%    passed     78.32%
  18  P033_Orangutan    37.75%    passed     65.41%
  19  P034_Gorilla      45.84%    passed     18.73%
  20  P036_Human        37.08%    passed     39.63%
WARNING: 2 sequences contain more than 50% gaps/ambiguity
****  TOTAL             40.16%  4 sequences failed composition chi2 test (p-value<5%; df=3)
Checking for duplicate sequences: done in 5.98431e-05 secs using 98.59% CPU

Create initial parsimony tree by phylogenetic likelihood library (PLL)... 0.001 seconds

NOTE: 1 MB RAM (0 GB) is required!
Estimate model parameters (epsilon = 0.100)
1. Initial log-likelihood: -8495.945
2. Current log-likelihood: -8123.256
3. Current log-likelihood: -8022.517
4. Current log-likelihood: -7985.108
5. Current log-likelihood: -7984.449
Optimal log-likelihood: -7984.437
Rate parameters:  A-C: 1.79228  A-G: 6.29954  A-T: 2.29526  C-G: 0.88466  C-T: 4.49729  G-T: 1.00000
Base frequencies:  A: 0.138  C: 0.342  G: 0.340  T: 0.180
Gamma shape alpha: 0.571
Parameters optimization took 5 rounds (0.106 sec)
Wrote distance file to... 
Computing ML distances based on estimated model parameters...
Calculating distance matrix: done in 0.000948191 secs using 99.98% CPU
Computing ML distances took 0.001010 sec (of wall-clock time) 0.001009 sec (of CPU time)
Setting up auxiliary I and S matrices: done in 0.000109196 secs using 99.82% CPU
Constructing RapidNJ tree: done in 0.000154018 secs using 301.3% CPU
Computing RapidNJ tree took 0.000344 sec (of wall-clock time) 0.000683 sec (of CPU time)
Log-likelihood of RapidNJ tree: -8001.605
--------------------------------------------------------------------
|             INITIALIZING CANDIDATE TREE SET                      |
--------------------------------------------------------------------
Generating 98 parsimony trees... 0.088 second
Computing log-likelihood of 98 initial trees ... 0.129 seconds
Current best score: -7984.437

Do NNI search on 20 best initial trees
Estimate model parameters (epsilon = 0.100)
BETTER TREE FOUND at iteration 1: -7984.434
Iteration 10 / LogL: -7984.484 / Time: 0h:0m:0s
Iteration 20 / LogL: -7984.616 / Time: 0h:0m:0s
Finish initializing candidate tree set (2)
Current best tree score: -7984.434 / CPU time: 0.543
Number of iterations: 20
--------------------------------------------------------------------
|               OPTIMIZING CANDIDATE TREE SET                      |
--------------------------------------------------------------------
Estimate model parameters (epsilon = 0.100)
BETTER TREE FOUND at iteration 24: -7984.161
Iteration 30 / LogL: -7984.311 / Time: 0h:0m:0s (0h:0m:2s left)
Estimate model parameters (epsilon = 0.100)
BETTER TREE FOUND at iteration 36: -7984.012
Iteration 40 / LogL: -7984.759 / Time: 0h:0m:1s (0h:0m:2s left)
Iteration 50 / LogL: -7984.212 / Time: 0h:0m:1s (0h:0m:2s left)
Iteration 60 / LogL: -7984.482 / Time: 0h:0m:1s (0h:0m:2s left)
Iteration 70 / LogL: -7984.045 / Time: 0h:0m:1s (0h:0m:1s left)
Iteration 80 / LogL: -7986.357 / Time: 0h:0m:2s (0h:0m:1s left)
Iteration 90 / LogL: -7984.039 / Time: 0h:0m:2s (0h:0m:1s left)
Iteration 100 / LogL: -7984.213 / Time: 0h:0m:2s (0h:0m:0s left)
Iteration 110 / LogL: -7984.021 / Time: 0h:0m:2s (0h:0m:0s left)
Iteration 120 / LogL: -7984.233 / Time: 0h:0m:2s (0h:0m:0s left)
Iteration 130 / LogL: -7984.020 / Time: 0h:0m:3s (0h:0m:0s left)
TREE SEARCH COMPLETED AFTER 137 ITERATIONS / Time: 0h:0m:3s

--------------------------------------------------------------------
|                    FINALIZING TREE SEARCH                        |
--------------------------------------------------------------------
Performs final model parameters optimization
Estimate model parameters (epsilon = 0.010)
1. Initial log-likelihood: -7984.012
Optimal log-likelihood: -7984.008
Rate parameters:  A-C: 1.78236  A-G: 6.31327  A-T: 2.14460  C-G: 0.83884  C-T: 4.44113  G-T: 1.00000
Base frequencies:  A: 0.138  C: 0.342  G: 0.340  T: 0.180
Gamma shape alpha: 0.555
Parameters optimization took 1 rounds (0.006 sec)
BEST SCORE FOUND : -7984.008
Total tree length: 2.969

Total number of iterations: 137
CPU time used for tree search: 3.291 sec (0h:0m:3s)
Wall-clock time used for tree search: 3.116 sec (0h:0m:3s)
Total CPU time used: 3.426 sec (0h:0m:3s)
Total wall-clock time used: 3.243 sec (0h:0m:3s)

Analysis results written to: 
  IQ-TREE report:                /workspace/IQTree_TarvD7_Results/ENSG00000103355.nuc.ord.iqtree
  Maximum-likelihood tree:       /workspace/IQTree_TarvD7_Results/ENSG00000103355.nuc.ord.treefile
  Likelihood distances:          /workspace/IQTree_TarvD7_Results/ENSG00000103355.nuc.ord.mldist
  Screen log file:               /workspace/IQTree_TarvD7_Results/ENSG00000103355.nuc.ord.log

Date and Time: Mon May 25 23:21:54 2026
