IQ-TREE version 3.1.2 for Linux x86 64-bit built May  7 2026
Developed by Bui Quang Minh, Thomas Wong, Nhan Ly-Trong, Huaiyan Ren
Contributed by Lam-Tung Nguyen, Dominik Schrempf, Chris Bielow,
Olga Chernomor, Michael Woodhams, Diep Thi Hoang, Heiko Schmidt

Host:    8084c4e79f09 (AVX512, FMA3, 1133 GB RAM)
Command: /workspace/iqtree-3.1.2-Linux/bin/iqtree3_intel -s /workspace/NeuralNJ/empirical/JarvD5a/exon_11456.fasta -st DNA -m GTR+G -T 8 -seed 2201 -pre /workspace/IQTree_8_cores_JarvD5a_Results/exon_11456 -quiet
Seed:    2201 (Using SPRNG - Scalable Parallel Random Number Generator)
Time:    Wed May 27 19:15:13 2026
Kernel:  AVX+FMA - 8 threads (384 CPU cores detected)

Reading alignment file /workspace/NeuralNJ/empirical/JarvD5a/exon_11456.fasta ... Fasta format detected
Reading fasta file: done in 0.000613928 secs using 96.75% CPU
Alignment most likely contains DNA/RNA sequences
Constructing alignment: done in 0.00119185 secs using 631.1% CPU
Alignment has 45 sequences with 862 columns, 424 distinct patterns
200 parsimony-informative, 220 singleton sites, 442 constant sites
       Gap/Ambiguity  Composition  p-value
Analyzing sequences: done in 2.09808e-05 secs using 691.1% CPU
   1  ACACH    2.32%    passed     99.04%
   2  ANAPL    2.32%    passed     99.35%
   3  APAVI    2.78%    passed     98.77%
   4  APTFO    2.32%    passed     98.89%
   5  BALRE    2.32%    passed     99.72%
   6  BUCRH    2.32%    passed     99.52%
   7  CALAN    5.57%    passed     95.31%
   8  CAPCA    2.32%    passed     99.52%
   9  CARCR    2.32%    passed     97.39%
  10  CATAU    2.32%    passed     95.83%
  11  CHAPE    2.32%    passed     87.27%
  12  CHAVO    2.32%    passed     99.82%
  13  COLLI    2.32%    passed     99.57%
  14  COLST    2.32%    passed     82.56%
  15  CORBR    2.32%    passed     99.81%
  16  CUCCA    2.32%    passed     98.89%
  17  EGRGA    2.32%    passed     96.98%
  18  FALPE    2.32%    passed     99.74%
  19  FULGL    2.32%    passed     99.82%
  20  GALGA    2.32%    passed     96.81%
  21  GEOFO    2.32%    passed     99.47%
  22  HALAL    2.32%    passed     98.82%
  23  HALLE    2.32%    passed     98.82%
  24  LEPDI    2.32%    passed     99.00%
  25  MANVI    2.32%    passed     99.68%
  26  MELGA    0.46%    passed     97.92%
  27  MELUN    2.78%    passed     99.85%
  28  MERNU   50.81%    passed     20.89%
  29  MESUN    2.32%    passed     87.68%
  30  NESNO    2.32%    passed     94.11%
  31  NIPNI    2.32%    passed     99.36%
  32  OPHHO    2.32%    passed     98.72%
  33  PELCR    2.32%    passed     99.47%
  34  PHACA    2.32%    passed     99.13%
  35  PHALE    2.32%    passed    100.00%
  36  PHORU   14.39%    passed     76.06%
  37  PICPU   33.87%    passed     62.63%
  38  PODCR   14.39%    passed     89.66%
  39  PTEGU    2.55%    passed     95.86%
  40  PYGAD    2.32%    passed     96.49%
  41  STRCA    1.39%    passed     99.24%
  42  TAEGU    2.32%    passed     98.83%
  43  TAUER    2.32%    passed     77.63%
  44  TINMA    5.57%    passed     69.41%
  45  TYTAL   33.64%    passed     56.31%
WARNING: 1 sequences contain more than 50% gaps/ambiguity
****  TOTAL    5.44%  0 sequences failed composition chi2 test (p-value<5%; df=3)
NOTE: HALLE is identical to HALAL but kept for subsequent analysis
Checking for duplicate sequences: done in 0.000136852 secs using 809.6% CPU

Create initial parsimony tree by phylogenetic likelihood library (PLL)... 0.002 seconds

NOTE: 2 MB RAM (0 GB) is required!
WARNING: Number of threads seems too high for short alignments. Use -T AUTO to determine best number of threads.
Estimate model parameters (epsilon = 0.100)
1. Initial log-likelihood: -6335.467
2. Current log-likelihood: -6052.907
3. Current log-likelihood: -6051.472
Optimal log-likelihood: -6051.466
Rate parameters:  A-C: 1.34228  A-G: 6.06897  A-T: 0.97489  C-G: 1.89724  C-T: 5.97260  G-T: 1.00000
Base frequencies:  A: 0.315  C: 0.231  G: 0.217  T: 0.236
Gamma shape alpha: 0.605
Parameters optimization took 3 rounds (0.060 sec)
Wrote distance file to... 
Computing ML distances based on estimated model parameters...
Calculating distance matrix: done in 0.00057888 secs using 786.9% CPU
Computing ML distances took 0.000650 sec (of wall-clock time) 0.004954 sec (of CPU time)
Setting up auxiliary I and S matrices: done in 0.000102997 secs using 1173% CPU
Constructing RapidNJ tree: done in 0.00265908 secs using 754.3% CPU
Computing RapidNJ tree took 0.002822 sec (of wall-clock time) 0.025939 sec (of CPU time)
Log-likelihood of RapidNJ tree: -6106.946
--------------------------------------------------------------------
|             INITIALIZING CANDIDATE TREE SET                      |
--------------------------------------------------------------------
Generating 98 parsimony trees... 0.187 second
Computing log-likelihood of 98 initial trees ... 0.454 seconds
Current best score: -6032.678

Do NNI search on 20 best initial trees
Estimate model parameters (epsilon = 0.100)
BETTER TREE FOUND at iteration 1: -6024.789
Estimate model parameters (epsilon = 0.100)
BETTER TREE FOUND at iteration 6: -6020.874
Iteration 10 / LogL: -6024.247 / Time: 0h:0m:1s
Estimate model parameters (epsilon = 0.100)
BETTER TREE FOUND at iteration 19: -6020.687
Iteration 20 / LogL: -6025.682 / Time: 0h:0m:2s
Finish initializing candidate tree set (20)
Current best tree score: -6020.687 / CPU time: 2.686
Number of iterations: 20
--------------------------------------------------------------------
|               OPTIMIZING CANDIDATE TREE SET                      |
--------------------------------------------------------------------
Estimate model parameters (epsilon = 0.100)
BETTER TREE FOUND at iteration 28: -6020.239
Estimate model parameters (epsilon = 0.100)
BETTER TREE FOUND at iteration 29: -6020.210
BETTER TREE FOUND at iteration 30: -6020.210
Iteration 30 / LogL: -6020.210 / Time: 0h:0m:3s (0h:0m:13s left)
Estimate model parameters (epsilon = 0.100)
BETTER TREE FOUND at iteration 40: -6020.024
Iteration 40 / LogL: -6020.024 / Time: 0h:0m:5s (0h:0m:13s left)
Iteration 50 / LogL: -6020.224 / Time: 0h:0m:6s (0h:0m:11s left)
Iteration 60 / LogL: -6037.092 / Time: 0h:0m:7s (0h:0m:9s left)
Estimate model parameters (epsilon = 0.100)
BETTER TREE FOUND at iteration 67: -6019.543
BETTER TREE FOUND at iteration 70: -6019.543
Iteration 70 / LogL: -6019.543 / Time: 0h:0m:8s (0h:0m:12s left)
UPDATE BEST LOG-LIKELIHOOD: -6019.543
Estimate model parameters (epsilon = 0.100)
BETTER TREE FOUND at iteration 74: -6019.089
BETTER TREE FOUND at iteration 78: -6019.089
Iteration 80 / LogL: -6019.592 / Time: 0h:0m:9s (0h:0m:12s left)
BETTER TREE FOUND at iteration 87: -6019.089
Iteration 90 / LogL: -6019.592 / Time: 0h:0m:10s (0h:0m:11s left)
Iteration 100 / LogL: -6020.158 / Time: 0h:0m:11s (0h:0m:10s left)
