IQ-TREE version 3.1.2 for Linux x86 64-bit built May  7 2026
Developed by Bui Quang Minh, Thomas Wong, Nhan Ly-Trong, Huaiyan Ren
Contributed by Lam-Tung Nguyen, Dominik Schrempf, Chris Bielow,
Olga Chernomor, Michael Woodhams, Diep Thi Hoang, Heiko Schmidt

Host:    8084c4e79f09 (AVX512, FMA3, 1133 GB RAM)
Command: /workspace/iqtree-3.1.2-Linux/bin/iqtree3_intel -s /workspace/NeuralNJ/empirical/JarvD5a/exon_11291.fasta -st DNA -m GTR+G -T 8 -seed 2201 -pre /workspace/IQTree_8_cores_JarvD5a_Results/exon_11291 -quiet
Seed:    2201 (Using SPRNG - Scalable Parallel Random Number Generator)
Time:    Wed May 27 18:15:24 2026
Kernel:  AVX+FMA - 8 threads (384 CPU cores detected)

Reading alignment file /workspace/NeuralNJ/empirical/JarvD5a/exon_11291.fasta ... Fasta format detected
Reading fasta file: done in 0.000264883 secs using 33.22% CPU
Alignment most likely contains DNA/RNA sequences
Constructing alignment: done in 0.000795126 secs using 796.1% CPU
Alignment has 43 sequences with 604 columns, 219 distinct patterns
113 parsimony-informative, 91 singleton sites, 400 constant sites
       Gap/Ambiguity  Composition  p-value
Analyzing sequences: done in 1.88351e-05 secs using 387.6% CPU
   1  ACACH    0.33%    passed     93.35%
   2  ANAPL    0.33%    passed     90.94%
   3  APAVI    0.33%    passed     98.22%
   4  APTFO    0.33%    passed     99.49%
   5  BALRE    0.33%    passed     99.09%
   6  BUCRH    0.33%    passed     88.73%
   7  CALAN   73.84%    passed     14.81%
   8  CAPCA    0.33%    passed     99.98%
   9  CARCR    0.33%    passed     99.79%
  10  CATAU    0.33%    passed     99.04%
  11  CHAPE    0.99%    passed     98.66%
  12  CHAVO    0.00%    passed     99.13%
  13  CHLUN   64.90%    passed     79.98%
  14  COLLI    0.33%    passed    100.00%
  15  COLST    0.99%    passed     97.13%
  16  CORBR    0.33%    passed     97.64%
  17  EGRGA    0.33%    passed     99.36%
  18  EURHE    0.33%    passed     99.02%
  19  FULGL    0.33%    passed     99.96%
  20  GALGA    0.33%    passed     96.01%
  21  GEOFO    0.33%    passed     99.58%
  22  HALAL    0.33%    passed     99.93%
  23  HALLE    0.33%    passed     99.84%
  24  LEPDI    0.33%    passed     99.77%
  25  MANVI    0.33%    passed     98.00%
  26  MELGA    1.66%    passed     91.00%
  27  MELUN    0.33%    passed     98.99%
  28  MERNU   17.88%    passed     91.33%
  29  MESUN    0.33%    passed     95.83%
  30  NESNO    0.99%    passed     99.15%
  31  NIPNI    0.33%    passed     99.63%
  32  OPHHO    0.33%    passed     99.24%
  33  PELCR    0.33%    passed     98.63%
  34  PHACA    0.33%    passed     99.33%
  35  PHALE   17.88%    passed     95.36%
  36  PHORU    0.33%    passed     99.82%
  37  PICPU    0.33%    passed     93.34%
  38  PODCR    0.33%    passed     99.64%
  39  PYGAD    0.33%    passed     99.88%
  40  STRCA    0.33%    passed     98.99%
  41  TAEGU    0.33%    passed     99.93%
  42  TINMA    0.33%    passed     97.19%
  43  TYTAL    0.33%    passed     94.12%
WARNING: 2 sequences contain more than 50% gaps/ambiguity
****  TOTAL    4.43%  0 sequences failed composition chi2 test (p-value<5%; df=3)
Checking for duplicate sequences: done in 0.000110149 secs using 797.1% CPU

Create initial parsimony tree by phylogenetic likelihood library (PLL)... 0.001 seconds

NOTE: 1 MB RAM (0 GB) is required!
WARNING: Number of threads seems too high for short alignments. Use -T AUTO to determine best number of threads.
Estimate model parameters (epsilon = 0.100)
1. Initial log-likelihood: -3671.772
2. Current log-likelihood: -3428.893
3. Current log-likelihood: -3428.012
Optimal log-likelihood: -3427.999
Rate parameters:  A-C: 2.26099  A-G: 7.61757  A-T: 1.38367  C-G: 2.75969  C-T: 15.52254  G-T: 1.00000
Base frequencies:  A: 0.384  C: 0.177  G: 0.253  T: 0.186
Gamma shape alpha: 0.274
Parameters optimization took 3 rounds (0.044 sec)
Wrote distance file to... 
Computing ML distances based on estimated model parameters...
Calculating distance matrix: done in 0.000697851 secs using 784.1% CPU
Computing ML distances took 0.000739 sec (of wall-clock time) 0.005633 sec (of CPU time)
Setting up auxiliary I and S matrices: done in 0.000106812 secs
Constructing RapidNJ tree: done in 0.00242996 secs using 698.5% CPU
Computing RapidNJ tree took 0.002565 sec (of wall-clock time) 0.020612 sec (of CPU time)
Log-likelihood of RapidNJ tree: -3450.907
--------------------------------------------------------------------
|             INITIALIZING CANDIDATE TREE SET                      |
--------------------------------------------------------------------
Generating 98 parsimony trees... 0.118 second
Computing log-likelihood of 98 initial trees ... 0.333 seconds
Current best score: -3415.942

Do NNI search on 20 best initial trees
Estimate model parameters (epsilon = 0.100)
BETTER TREE FOUND at iteration 1: -3412.156
Estimate model parameters (epsilon = 0.100)
BETTER TREE FOUND at iteration 5: -3410.232
Iteration 10 / LogL: -3413.786 / Time: 0h:0m:1s
Iteration 20 / LogL: -3415.500 / Time: 0h:0m:1s
Finish initializing candidate tree set (20)
Current best tree score: -3410.232 / CPU time: 1.865
Number of iterations: 20
--------------------------------------------------------------------
|               OPTIMIZING CANDIDATE TREE SET                      |
--------------------------------------------------------------------
Estimate model parameters (epsilon = 0.100)
BETTER TREE FOUND at iteration 22: -3410.127
Estimate model parameters (epsilon = 0.100)
BETTER TREE FOUND at iteration 23: -3409.447
BETTER TREE FOUND at iteration 28: -3409.447
Iteration 30 / LogL: -3410.633 / Time: 0h:0m:2s (0h:0m:9s left)
Iteration 40 / LogL: -3410.284 / Time: 0h:0m:3s (0h:0m:8s left)
Estimate model parameters (epsilon = 0.100)
BETTER TREE FOUND at iteration 41: -3409.056
Iteration 50 / LogL: -3413.396 / Time: 0h:0m:4s (0h:0m:8s left)
UPDATE BEST LOG-LIKELIHOOD: -3409.056
Estimate model parameters (epsilon = 0.100)
BETTER TREE FOUND at iteration 60: -3407.254
Iteration 60 / LogL: -3407.254 / Time: 0h:0m:5s (0h:0m:9s left)
Iteration 70 / LogL: -3419.167 / Time: 0h:0m:6s (0h:0m:8s left)
Iteration 80 / LogL: -3410.402 / Time: 0h:0m:6s (0h:0m:7s left)
Estimate model parameters (epsilon = 0.100)
BETTER TREE FOUND at iteration 87: -3407.023
Iteration 90 / LogL: -3407.110 / Time: 0h:0m:7s (0h:0m:8s left)
Iteration 100 / LogL: -3407.340 / Time: 0h:0m:8s (0h:0m:7s left)
UPDATE BEST LOG-LIKELIHOOD: -3407.023
Iteration 110 / LogL: -3408.404 / Time: 0h:0m:9s (0h:0m:6s left)
BETTER TREE FOUND at iteration 118: -3407.022
Iteration 120 / LogL: -3407.023 / Time: 0h:0m:10s (0h:0m:8s left)
UPDATE BEST LOG-LIKELIHOOD: -3407.022
Iteration 130 / LogL: -3407.023 / Time: 0h:0m:11s (0h:0m:7s left)
Iteration 140 / LogL: -3407.047 / Time: 0h:0m:12s (0h:0m:6s left)
UPDATE BEST LOG-LIKELIHOOD: -3407.022
Iteration 150 / LogL: -3407.023 / Time: 0h:0m:13s (0h:0m:6s left)
Iteration 160 / LogL: -3407.264 / Time: 0h:0m:14s (0h:0m:5s left)
Iteration 170 / LogL: -3409.344 / Time: 0h:0m:15s (0h:0m:4s left)
Iteration 180 / LogL: -3408.529 / Time: 0h:0m:15s (0h:0m:3s left)
Iteration 190 / LogL: -3407.046 / Time: 0h:0m:16s (0h:0m:2s left)
Iteration 200 / LogL: -3407.264 / Time: 0h:0m:17s (0h:0m:1s left)
Iteration 210 / LogL: -3407.047 / Time: 0h:0m:18s (0h:0m:0s left)
TREE SEARCH COMPLETED AFTER 219 ITERATIONS / Time: 0h:0m:19s

--------------------------------------------------------------------
|                    FINALIZING TREE SEARCH                        |
--------------------------------------------------------------------
Performs final model parameters optimization
Estimate model parameters (epsilon = 0.010)
1. Initial log-likelihood: -3407.022
Optimal log-likelihood: -3407.022
Rate parameters:  A-C: 2.23201  A-G: 7.39357  A-T: 1.33084  C-G: 2.68469  C-T: 15.72835  G-T: 1.00000
Base frequencies:  A: 0.384  C: 0.177  G: 0.253  T: 0.186
Gamma shape alpha: 0.275
Parameters optimization took 1 rounds (0.006 sec)
BEST SCORE FOUND : -3407.022
Total tree length: 1.071

Total number of iterations: 219
CPU time used for tree search: 153.796 sec (0h:2m:33s)
Wall-clock time used for tree search: 19.246 sec (0h:0m:19s)
Total CPU time used: 154.510 sec (0h:2m:34s)
Total wall-clock time used: 19.334 sec (0h:0m:19s)

Analysis results written to: 
  IQ-TREE report:                /workspace/IQTree_8_cores_JarvD5a_Results/exon_11291.iqtree
  Maximum-likelihood tree:       /workspace/IQTree_8_cores_JarvD5a_Results/exon_11291.treefile
  Likelihood distances:          /workspace/IQTree_8_cores_JarvD5a_Results/exon_11291.mldist
  Screen log file:               /workspace/IQTree_8_cores_JarvD5a_Results/exon_11291.log

Date and Time: Wed May 27 18:15:44 2026
