IQ-TREE version 3.1.2 for Linux x86 64-bit built May  7 2026
Developed by Bui Quang Minh, Thomas Wong, Nhan Ly-Trong, Huaiyan Ren
Contributed by Lam-Tung Nguyen, Dominik Schrempf, Chris Bielow,
Olga Chernomor, Michael Woodhams, Diep Thi Hoang, Heiko Schmidt

Host:    8084c4e79f09 (AVX512, FMA3, 1133 GB RAM)
Command: /workspace/iqtree-3.1.2-Linux/bin/iqtree3_intel -s /workspace/NeuralNJ/empirical/JarvD5a/exon_12356.fasta -st DNA -m GTR+G -T 8 -seed 2201 -pre /workspace/IQTree_8_cores_JarvD5a_Results/exon_12356 -quiet
Seed:    2201 (Using SPRNG - Scalable Parallel Random Number Generator)
Time:    Thu May 28 01:39:11 2026
Kernel:  AVX+FMA - 8 threads (384 CPU cores detected)

Reading alignment file /workspace/NeuralNJ/empirical/JarvD5a/exon_12356.fasta ... Fasta format detected
Reading fasta file: done in 0.000401974 secs using 39.8% CPU
Alignment most likely contains DNA/RNA sequences
Constructing alignment: done in 0.00108004 secs using 704.6% CPU
Alignment has 47 sequences with 838 columns, 132 distinct patterns
67 parsimony-informative, 66 singleton sites, 705 constant sites
       Gap/Ambiguity  Composition  p-value
Analyzing sequences: done in 8.82149e-06 secs using 113.4% CPU
   1  ACACH    0.00%    passed     99.94%
   2  ANAPL    0.00%    passed     99.85%
   3  APAVI    0.00%    passed     99.99%
   4  APTFO    0.00%    passed     99.89%
   5  BALRE    0.00%    passed     99.73%
   6  BUCRH    0.00%    passed     99.51%
   7  CALAN    0.00%    passed     99.18%
   8  CAPCA    0.00%    passed     99.22%
   9  CARCR    0.00%    passed     99.96%
  10  CATAU    0.00%    passed    100.00%
  11  CHAPE    0.00%    passed     99.52%
  12  CHAVO    0.00%    passed    100.00%
  13  CHLUN    0.00%    passed     99.31%
  14  COLLI    0.00%    passed     99.36%
  15  COLST    0.00%    passed     98.45%
  16  CORBR    0.00%    passed     99.83%
  17  CUCCA    0.00%    passed     97.70%
  18  EGRGA    0.00%    passed     99.58%
  19  EURHE    0.00%    passed     99.98%
  20  FALPE    0.00%    passed     98.53%
  21  FULGL    0.00%    passed     99.98%
  22  GALGA    0.00%    passed     99.53%
  23  GAVST    0.00%    passed    100.00%
  24  GEOFO    0.00%    passed     98.06%
  25  HALAL    0.00%    passed     99.98%
  26  HALLE    0.00%    passed     99.98%
  27  LEPDI    0.00%    passed    100.00%
  28  MANVI    0.00%    passed     99.82%
  29  MELGA    0.00%    passed     99.57%
  30  MELUN    0.00%    passed     96.76%
  31  MERNU    0.00%    passed     99.58%
  32  MESUN    0.00%    passed     99.98%
  33  NESNO    0.00%    passed     98.97%
  34  NIPNI    0.00%    passed     99.96%
  35  OPHHO    0.00%    passed     99.80%
  36  PELCR    0.00%    passed     99.63%
  37  PHACA    0.00%    passed     99.98%
  38  PHALE    0.00%    passed     99.58%
  39  PHORU    0.00%    passed     99.89%
  40  PICPU    0.95%    passed     84.89%
  41  PODCR    0.00%    passed     99.14%
  42  PYGAD    0.00%    passed     99.89%
  43  STRCA    0.00%    passed     99.73%
  44  TAEGU    0.00%    passed     99.90%
  45  TAUER    0.00%    passed     99.31%
  46  TINMA    0.00%    passed     99.83%
  47  TYTAL    0.00%    passed     98.38%
****  TOTAL    0.02%  0 sequences failed composition chi2 test (p-value<5%; df=3)
NOTE: PYGAD is identical to APTFO but kept for subsequent analysis
NOTE: LEPDI is identical to CHAVO but kept for subsequent analysis
NOTE: HALLE is identical to HALAL but kept for subsequent analysis
Checking for duplicate sequences: done in 0.000121117 secs using 529.2% CPU

Create initial parsimony tree by phylogenetic likelihood library (PLL)... 0.001 seconds

NOTE: 0 MB RAM (0 GB) is required!
WARNING: Number of threads seems too high for short alignments. Use -T AUTO to determine best number of threads.
Estimate model parameters (epsilon = 0.100)
1. Initial log-likelihood: -2831.207
2. Current log-likelihood: -2693.145
3. Current log-likelihood: -2692.862
Optimal log-likelihood: -2692.861
Rate parameters:  A-C: 2.26729  A-G: 9.72225  A-T: 0.94042  C-G: 1.73596  C-T: 6.02907  G-T: 1.00000
Base frequencies:  A: 0.258  C: 0.227  G: 0.185  T: 0.330
Gamma shape alpha: 0.020
Parameters optimization took 3 rounds (0.075 sec)
Wrote distance file to... 
Computing ML distances based on estimated model parameters...
Calculating distance matrix: done in 0.00096488 secs using 811.3% CPU
Computing ML distances took 0.001003 sec (of wall-clock time) 0.008010 sec (of CPU time)
Setting up auxiliary I and S matrices: done in 9.20296e-05 secs using 963.8% CPU
Constructing RapidNJ tree: done in 0.0025208 secs using 769.6% CPU
Computing RapidNJ tree took 0.002646 sec (of wall-clock time) 0.023362 sec (of CPU time)
Log-likelihood of RapidNJ tree: -2699.824
--------------------------------------------------------------------
|             INITIALIZING CANDIDATE TREE SET                      |
--------------------------------------------------------------------
Generating 98 parsimony trees... 0.104 second
Computing log-likelihood of 98 initial trees ... 0.275 seconds
Current best score: -2687.114

Do NNI search on 20 best initial trees
Estimate model parameters (epsilon = 0.100)
BETTER TREE FOUND at iteration 1: -2684.630
Iteration 10 / LogL: -2688.963 / Time: 0h:0m:0s
Iteration 20 / LogL: -2689.693 / Time: 0h:0m:1s
Finish initializing candidate tree set (20)
Current best tree score: -2684.630 / CPU time: 1.397
Number of iterations: 20
--------------------------------------------------------------------
|               OPTIMIZING CANDIDATE TREE SET                      |
--------------------------------------------------------------------
Estimate model parameters (epsilon = 0.100)
BETTER TREE FOUND at iteration 25: -2683.195
BETTER TREE FOUND at iteration 27: -2683.186
Iteration 30 / LogL: -2693.444 / Time: 0h:0m:2s (0h:0m:7s left)
Iteration 40 / LogL: -2683.196 / Time: 0h:0m:2s (0h:0m:6s left)
Iteration 50 / LogL: -2683.194 / Time: 0h:0m:3s (0h:0m:5s left)
Iteration 60 / LogL: -2683.193 / Time: 0h:0m:4s (0h:0m:4s left)
Iteration 70 / LogL: -2683.192 / Time: 0h:0m:5s (0h:0m:4s left)
Iteration 80 / LogL: -2696.194 / Time: 0h:0m:5s (0h:0m:3s left)
Iteration 90 / LogL: -2696.805 / Time: 0h:0m:6s (0h:0m:2s left)
Iteration 100 / LogL: -2692.440 / Time: 0h:0m:7s (0h:0m:1s left)
Iteration 110 / LogL: -2687.898 / Time: 0h:0m:7s (0h:0m:1s left)
Estimate model parameters (epsilon = 0.100)
BETTER TREE FOUND at iteration 114: -2683.000
Estimate model parameters (epsilon = 0.100)
BETTER TREE FOUND at iteration 115: -2682.863
Estimate model parameters (epsilon = 0.100)
BETTER TREE FOUND at iteration 119: -2682.678
Iteration 120 / LogL: -2687.037 / Time: 0h:0m:8s (0h:0m:7s left)
Iteration 130 / LogL: -2684.211 / Time: 0h:0m:9s (0h:0m:6s left)
BETTER TREE FOUND at iteration 132: -2682.676
Iteration 140 / LogL: -2683.249 / Time: 0h:0m:10s (0h:0m:6s left)
Iteration 150 / LogL: -2687.063 / Time: 0h:0m:10s (0h:0m:5s left)
Estimate model parameters (epsilon = 0.100)
BETTER TREE FOUND at iteration 154: -2682.521
Iteration 160 / LogL: -2683.729 / Time: 0h:0m:11s (0h:0m:6s left)
Iteration 170 / LogL: -2691.235 / Time: 0h:0m:12s (0h:0m:6s left)
Estimate model parameters (epsilon = 0.100)
BETTER TREE FOUND at iteration 172: -2680.025
Iteration 180 / LogL: -2680.361 / Time: 0h:0m:13s (0h:0m:6s left)
Iteration 190 / LogL: -2680.364 / Time: 0h:0m:13s (0h:0m:5s left)
BETTER TREE FOUND at iteration 200: -2680.025
Iteration 200 / LogL: -2680.025 / Time: 0h:0m:14s (0h:0m:7s left)
Iteration 210 / LogL: -2680.361 / Time: 0h:0m:15s (0h:0m:6s left)
Iteration 220 / LogL: -2680.026 / Time: 0h:0m:15s (0h:0m:5s left)
BETTER TREE FOUND at iteration 230: -2680.024
Iteration 230 / LogL: -2680.024 / Time: 0h:0m:16s (0h:0m:7s left)
Iteration 240 / LogL: -2680.362 / Time: 0h:0m:17s (0h:0m:6s left)
Iteration 250 / LogL: -2680.024 / Time: 0h:0m:17s (0h:0m:5s left)
Iteration 260 / LogL: -2680.363 / Time: 0h:0m:18s (0h:0m:5s left)
Iteration 270 / LogL: -2686.659 / Time: 0h:0m:19s (0h:0m:4s left)
BETTER TREE FOUND at iteration 276: -2680.024
Iteration 280 / LogL: -2680.029 / Time: 0h:0m:20s (0h:0m:6s left)
Iteration 290 / LogL: -2680.024 / Time: 0h:0m:20s (0h:0m:6s left)
Iteration 300 / LogL: -2680.363 / Time: 0h:0m:21s (0h:0m:5s left)
Iteration 310 / LogL: -2680.025 / Time: 0h:0m:22s (0h:0m:4s left)
Iteration 320 / LogL: -2683.494 / Time: 0h:0m:22s (0h:0m:3s left)
Iteration 330 / LogL: -2680.025 / Time: 0h:0m:23s (0h:0m:3s left)
BETTER TREE FOUND at iteration 334: -2680.024
Iteration 340 / LogL: -2706.545 / Time: 0h:0m:24s (0h:0m:6s left)
Iteration 350 / LogL: -2683.498 / Time: 0h:0m:24s (0h:0m:5s left)
BETTER TREE FOUND at iteration 355: -2680.024
BETTER TREE FOUND at iteration 359: -2680.024
Iteration 360 / LogL: -2680.025 / Time: 0h:0m:25s (0h:0m:7s left)
Iteration 370 / LogL: -2718.850 / Time: 0h:0m:26s (0h:0m:6s left)
Iteration 380 / LogL: -2680.360 / Time: 0h:0m:27s (0h:0m:5s left)
Iteration 390 / LogL: -2680.024 / Time: 0h:0m:27s (0h:0m:4s left)
Iteration 400 / LogL: -2680.025 / Time: 0h:0m:28s (0h:0m:4s left)
BETTER TREE FOUND at iteration 403: -2680.024
Iteration 410 / LogL: -2688.548 / Time: 0h:0m:29s (0h:0m:6s left)
Iteration 420 / LogL: -2680.024 / Time: 0h:0m:30s (0h:0m:5s left)
Iteration 430 / LogL: -2680.365 / Time: 0h:0m:30s (0h:0m:5s left)
Iteration 440 / LogL: -2690.073 / Time: 0h:0m:31s (0h:0m:4s left)
Iteration 450 / LogL: -2680.024 / Time: 0h:0m:32s (0h:0m:3s left)
Iteration 460 / LogL: -2680.026 / Time: 0h:0m:32s (0h:0m:3s left)
Iteration 470 / LogL: -2680.362 / Time: 0h:0m:33s (0h:0m:2s left)
Iteration 480 / LogL: -2683.077 / Time: 0h:0m:34s (0h:0m:1s left)
Iteration 490 / LogL: -2680.361 / Time: 0h:0m:34s (0h:0m:0s left)
Iteration 500 / LogL: -2688.884 / Time: 0h:0m:35s (0h:0m:0s left)
TREE SEARCH COMPLETED AFTER 504 ITERATIONS / Time: 0h:0m:35s

--------------------------------------------------------------------
|                    FINALIZING TREE SEARCH                        |
--------------------------------------------------------------------
Performs final model parameters optimization
Estimate model parameters (epsilon = 0.010)
1. Initial log-likelihood: -2680.024
Optimal log-likelihood: -2680.023
Rate parameters:  A-C: 1.92954  A-G: 9.43983  A-T: 0.91590  C-G: 1.69469  C-T: 6.02066  G-T: 1.00000
Base frequencies:  A: 0.258  C: 0.227  G: 0.185  T: 0.330
Gamma shape alpha: 0.020
Parameters optimization took 1 rounds (0.008 sec)
BEST SCORE FOUND : -2680.023
Total tree length: 0.319

Total number of iterations: 504
CPU time used for tree search: 285.402 sec (0h:4m:45s)
Wall-clock time used for tree search: 35.704 sec (0h:0m:35s)
Total CPU time used: 286.204 sec (0h:4m:46s)
Total wall-clock time used: 35.806 sec (0h:0m:35s)

Analysis results written to: 
  IQ-TREE report:                /workspace/IQTree_8_cores_JarvD5a_Results/exon_12356.iqtree
  Maximum-likelihood tree:       /workspace/IQTree_8_cores_JarvD5a_Results/exon_12356.treefile
  Likelihood distances:          /workspace/IQTree_8_cores_JarvD5a_Results/exon_12356.mldist
  Screen log file:               /workspace/IQTree_8_cores_JarvD5a_Results/exon_12356.log

Date and Time: Thu May 28 01:39:46 2026
