IQ-TREE version 3.1.2 for Linux x86 64-bit built May  7 2026
Developed by Bui Quang Minh, Thomas Wong, Nhan Ly-Trong, Huaiyan Ren
Contributed by Lam-Tung Nguyen, Dominik Schrempf, Chris Bielow,
Olga Chernomor, Michael Woodhams, Diep Thi Hoang, Heiko Schmidt

Host:    8084c4e79f09 (AVX512, FMA3, 1133 GB RAM)
Command: /workspace/iqtree-3.1.2-Linux/bin/iqtree3_intel -s /workspace/NeuralNJ/empirical/JarvD5a/exon_4549.fasta -st DNA -m GTR+G -T 8 -seed 2201 -pre /workspace/IQTree_8_cores_JarvD5a_Results/exon_4549 -quiet
Seed:    2201 (Using SPRNG - Scalable Parallel Random Number Generator)
Time:    Fri May 29 03:41:07 2026
Kernel:  AVX+FMA - 8 threads (384 CPU cores detected)

Reading alignment file /workspace/NeuralNJ/empirical/JarvD5a/exon_4549.fasta ... Fasta format detected
Reading fasta file: done in 0.000440836 secs using 22.23% CPU
Alignment most likely contains DNA/RNA sequences
Constructing alignment: done in 0.000922918 secs using 356.6% CPU
Alignment has 43 sequences with 712 columns, 157 distinct patterns
45 parsimony-informative, 72 singleton sites, 595 constant sites
       Gap/Ambiguity  Composition  p-value
Analyzing sequences: done in 1.12057e-05 secs using 98.16% CPU
   1  ACACH   35.39%    passed     91.69%
   2  ANAPL   35.67%    passed     96.81%
   3  APAVI   35.67%    passed     97.46%
   4  APTFO   26.12%    passed     98.40%
   5  BALRE   35.67%    passed     99.10%
   6  BUCRH   35.67%    passed     97.74%
   7  CALAN   35.67%    passed     98.73%
   8  CARCR   35.67%    passed     98.19%
   9  CATAU   35.67%    passed     96.30%
  10  CHAVO   35.67%    passed     98.87%
  11  CHLUN   35.39%    passed     99.65%
  12  COLLI   28.51%    passed     91.33%
  13  COLST   35.39%    passed     97.44%
  14  CORBR   35.39%    passed     98.39%
  15  CUCCA    1.97%    passed      7.59%
  16  EGRGA   35.67%    passed     98.45%
  17  EURHE   35.67%    passed     98.81%
  18  FALPE   18.54%    passed     95.25%
  19  GALGA    0.00%    failed      3.42%
  20  GAVST   38.90%    passed     99.29%
  21  GEOFO   35.39%    passed     98.39%
  22  HALAL   35.67%    passed     98.13%
  23  HALLE   23.03%    passed     98.08%
  24  LEPDI   34.27%    passed     98.14%
  25  MANVI   35.39%    passed     93.58%
  26  MELGA   35.67%    passed     96.43%
  27  MELUN    0.28%    passed     21.43%
  28  MERNU   35.39%    passed     97.85%
  29  MESUN   35.67%    passed     98.30%
  30  NESNO   21.07%    passed     96.49%
  31  NIPNI   35.67%    passed     98.81%
  32  OPHHO   35.67%    passed     99.52%
  33  PELCR   35.67%    passed     99.10%
  34  PHACA   35.67%    passed     98.19%
  35  PHALE   35.67%    passed     97.65%
  36  PHORU   35.67%    passed     95.27%
  37  PICPU   17.98%    passed     93.16%
  38  PODCR   35.67%    passed     97.08%
  39  PTEGU   35.39%    passed     97.98%
  40  PYGAD   35.67%    passed     99.65%
  41  STRCA   35.67%    passed     99.11%
  42  TAEGU   15.73%    passed     86.20%
  43  TINMA   20.79%    passed     93.42%
****  TOTAL   30.59%  1 sequences failed composition chi2 test (p-value<5%; df=3)
Checking for duplicate sequences: done in 0.00010705 secs using 766% CPU

Create initial parsimony tree by phylogenetic likelihood library (PLL)... 0.001 seconds

NOTE: 0 MB RAM (0 GB) is required!
WARNING: Number of threads seems too high for short alignments. Use -T AUTO to determine best number of threads.
Estimate model parameters (epsilon = 0.100)
1. Initial log-likelihood: -2191.391
2. Current log-likelihood: -2116.320
3. Current log-likelihood: -2115.266
Optimal log-likelihood: -2115.235
Rate parameters:  A-C: 1.43827  A-G: 4.18628  A-T: 1.04991  C-G: 2.57645  C-T: 3.82807  G-T: 1.00000
Base frequencies:  A: 0.325  C: 0.207  G: 0.274  T: 0.193
Gamma shape alpha: 0.112
Parameters optimization took 3 rounds (0.042 sec)
Wrote distance file to... 
Computing ML distances based on estimated model parameters...
Calculating distance matrix: done in 0.00087285 secs using 820.5% CPU
Computing ML distances took 0.000914 sec (of wall-clock time) 0.007316 sec (of CPU time)
Setting up auxiliary I and S matrices: done in 0.000101089 secs using 1044% CPU
Constructing RapidNJ tree: done in 0.00244808 secs using 804.8% CPU
Computing RapidNJ tree took 0.002616 sec (of wall-clock time) 0.024063 sec (of CPU time)
Log-likelihood of RapidNJ tree: -2112.787
--------------------------------------------------------------------
|             INITIALIZING CANDIDATE TREE SET                      |
--------------------------------------------------------------------
Generating 98 parsimony trees... 0.082 second
Computing log-likelihood of 98 initial trees ... 0.364 seconds
Current best score: -2096.576

Do NNI search on 20 best initial trees
Estimate model parameters (epsilon = 0.100)
BETTER TREE FOUND at iteration 1: -2091.507
Iteration 10 / LogL: -2100.224 / Time: 0h:0m:1s
Iteration 20 / LogL: -2098.843 / Time: 0h:0m:2s
Finish initializing candidate tree set (20)
Current best tree score: -2091.507 / CPU time: 2.250
Number of iterations: 20
--------------------------------------------------------------------
|               OPTIMIZING CANDIDATE TREE SET                      |
--------------------------------------------------------------------
Iteration 30 / LogL: -2092.985 / Time: 0h:0m:3s (0h:0m:8s left)
Estimate model parameters (epsilon = 0.100)
BETTER TREE FOUND at iteration 34: -2091.019
Iteration 40 / LogL: -2091.949 / Time: 0h:0m:4s (0h:0m:10s left)
BETTER TREE FOUND at iteration 46: -2091.019
Iteration 50 / LogL: -2093.964 / Time: 0h:0m:5s (0h:0m:10s left)
Estimate model parameters (epsilon = 0.100)
BETTER TREE FOUND at iteration 51: -2090.922
Iteration 60 / LogL: -2091.991 / Time: 0h:0m:6s (0h:0m:9s left)
Iteration 70 / LogL: -2091.027 / Time: 0h:0m:7s (0h:0m:8s left)
Iteration 80 / LogL: -2094.230 / Time: 0h:0m:8s (0h:0m:7s left)
Iteration 90 / LogL: -2093.028 / Time: 0h:0m:9s (0h:0m:6s left)
Iteration 100 / LogL: -2099.179 / Time: 0h:0m:10s (0h:0m:5s left)
Iteration 110 / LogL: -2090.924 / Time: 0h:0m:11s (0h:0m:4s left)
Iteration 120 / LogL: -2095.548 / Time: 0h:0m:12s (0h:0m:3s left)
Iteration 130 / LogL: -2090.923 / Time: 0h:0m:13s (0h:0m:2s left)
BETTER TREE FOUND at iteration 135: -2090.921
Iteration 140 / LogL: -2090.924 / Time: 0h:0m:14s (0h:0m:10s left)
Iteration 150 / LogL: -2090.923 / Time: 0h:0m:16s (0h:0m:9s left)
Iteration 160 / LogL: -2095.905 / Time: 0h:0m:17s (0h:0m:8s left)
Iteration 170 / LogL: -2090.923 / Time: 0h:0m:18s (0h:0m:7s left)
Iteration 180 / LogL: -2094.276 / Time: 0h:0m:19s (0h:0m:5s left)
BETTER TREE FOUND at iteration 184: -2090.921
Iteration 190 / LogL: -2093.028 / Time: 0h:0m:20s (0h:0m:10s left)
Iteration 200 / LogL: -2094.286 / Time: 0h:0m:21s (0h:0m:9s left)
Iteration 210 / LogL: -2090.922 / Time: 0h:0m:22s (0h:0m:7s left)
Iteration 220 / LogL: -2091.991 / Time: 0h:0m:23s (0h:0m:6s left)
Iteration 230 / LogL: -2094.805 / Time: 0h:0m:24s (0h:0m:5s left)
BETTER TREE FOUND at iteration 237: -2090.921
Iteration 240 / LogL: -2093.971 / Time: 0h:0m:26s (0h:0m:10s left)
Iteration 250 / LogL: -2091.459 / Time: 0h:0m:27s (0h:0m:9s left)
Iteration 260 / LogL: -2091.329 / Time: 0h:0m:28s (0h:0m:8s left)
Iteration 270 / LogL: -2090.922 / Time: 0h:0m:29s (0h:0m:7s left)
Iteration 280 / LogL: -2095.689 / Time: 0h:0m:30s (0h:0m:6s left)
Iteration 290 / LogL: -2091.790 / Time: 0h:0m:31s (0h:0m:5s left)
Iteration 300 / LogL: -2094.732 / Time: 0h:0m:33s (0h:0m:4s left)
Iteration 310 / LogL: -2090.922 / Time: 0h:0m:34s (0h:0m:2s left)
Iteration 320 / LogL: -2094.231 / Time: 0h:0m:35s (0h:0m:1s left)
Iteration 330 / LogL: -2092.274 / Time: 0h:0m:36s (0h:0m:0s left)
TREE SEARCH COMPLETED AFTER 338 ITERATIONS / Time: 0h:0m:37s

--------------------------------------------------------------------
|                    FINALIZING TREE SEARCH                        |
--------------------------------------------------------------------
Performs final model parameters optimization
Estimate model parameters (epsilon = 0.010)
1. Initial log-likelihood: -2090.921
Optimal log-likelihood: -2090.920
Rate parameters:  A-C: 1.66132  A-G: 4.44338  A-T: 1.24349  C-G: 2.97240  C-T: 4.42442  G-T: 1.00000
Base frequencies:  A: 0.325  C: 0.207  G: 0.274  T: 0.193
Gamma shape alpha: 0.108
Parameters optimization took 1 rounds (0.006 sec)
BEST SCORE FOUND : -2090.920
Total tree length: 0.393

Total number of iterations: 338
CPU time used for tree search: 298.847 sec (0h:4m:58s)
Wall-clock time used for tree search: 37.383 sec (0h:0m:37s)
Total CPU time used: 299.583 sec (0h:4m:59s)
Total wall-clock time used: 37.472 sec (0h:0m:37s)

Analysis results written to: 
  IQ-TREE report:                /workspace/IQTree_8_cores_JarvD5a_Results/exon_4549.iqtree
  Maximum-likelihood tree:       /workspace/IQTree_8_cores_JarvD5a_Results/exon_4549.treefile
  Likelihood distances:          /workspace/IQTree_8_cores_JarvD5a_Results/exon_4549.mldist
  Screen log file:               /workspace/IQTree_8_cores_JarvD5a_Results/exon_4549.log

Date and Time: Fri May 29 03:41:44 2026
