IQ-TREE version 3.1.2 for Linux x86 64-bit built May  7 2026
Developed by Bui Quang Minh, Thomas Wong, Nhan Ly-Trong, Huaiyan Ren
Contributed by Lam-Tung Nguyen, Dominik Schrempf, Chris Bielow,
Olga Chernomor, Michael Woodhams, Diep Thi Hoang, Heiko Schmidt

Host:    8084c4e79f09 (AVX512, FMA3, 1133 GB RAM)
Command: /workspace/iqtree-3.1.2-Linux/bin/iqtree3_intel -s /workspace/NeuralNJ/empirical/JarvD5a/exon_9865.fasta -st DNA -m GTR+G -T 8 -seed 2201 -pre /workspace/IQTree_8_cores_JarvD5a_Results/exon_9865 -quiet
Seed:    2201 (Using SPRNG - Scalable Parallel Random Number Generator)
Time:    Sat May 30 02:50:38 2026
Kernel:  AVX+FMA - 8 threads (384 CPU cores detected)

Reading alignment file /workspace/NeuralNJ/empirical/JarvD5a/exon_9865.fasta ... Fasta format detected
Reading fasta file: done in 0.00077486 secs using 13.81% CPU
Alignment most likely contains DNA/RNA sequences
Constructing alignment: done in 0.00170898 secs using 764.9% CPU
WARNING: 2 sites contain only gaps or ambiguous characters.
Alignment has 47 sequences with 1316 columns, 178 distinct patterns
21 parsimony-informative, 58 singleton sites, 1237 constant sites
       Gap/Ambiguity  Composition  p-value
Analyzing sequences: done in 1.09673e-05 secs using 91.18% CPU
   1  ACACH   17.63%    passed     84.70%
   2  ANAPL    0.76%    passed     98.00%
   3  APAVI    3.80%    passed     78.42%
   4  APTFO    0.30%    passed     93.37%
   5  BALRE   13.98%    passed     77.80%
   6  BUCRH   16.41%    passed     91.68%
   7  CALAN    1.06%    passed     94.35%
   8  CAPCA   19.76%    passed     88.25%
   9  CARCR    7.45%    passed     98.48%
  10  CATAU    0.46%    passed     93.07%
  11  CHAPE    0.30%    passed     93.37%
  12  CHAVO    0.30%    passed     91.68%
  13  CHLUN    9.88%    passed     88.37%
  14  COLLI    2.28%    passed     92.20%
  15  COLST   15.81%    passed     69.56%
  16  CORBR    0.30%    passed     87.72%
  17  CUCCA    0.30%    passed     96.66%
  18  EGRGA    0.30%    passed     91.93%
  19  EURHE   14.89%    passed     74.12%
  20  FALPE    0.30%    passed     91.18%
  21  GALGA    0.30%    passed     98.47%
  22  GAVST   16.57%    passed     66.72%
  23  GEOFO    6.31%    passed     94.95%
  24  HALAL   16.26%    passed     77.82%
  25  HALLE    1.22%    passed     98.69%
  26  LEPDI   12.31%    passed     93.23%
  27  MANVI   21.43%    passed     82.50%
  28  MELGA   22.19%    passed     69.57%
  29  MELUN    0.30%    passed     92.62%
  30  MERNU   14.29%    passed     75.06%
  31  MESUN   20.06%    passed     88.05%
  32  NESNO   16.11%    passed     81.80%
  33  NIPNI    0.30%    passed     93.37%
  34  OPHHO    6.38%    passed     96.83%
  35  PELCR    0.30%    passed     93.37%
  36  PHACA    2.89%    passed     93.38%
  37  PHALE    3.19%    passed     98.45%
  38  PHORU   17.63%    passed     82.38%
  39  PICPU    0.30%    passed     93.73%
  40  PODCR    9.88%    passed     78.30%
  41  PTEGU    2.28%    passed     93.94%
  42  PYGAD    0.30%    passed     93.73%
  43  STRCA    3.65%    passed     95.98%
  44  TAEGU    0.30%    passed     93.21%
  45  TAUER    0.30%    passed     91.73%
  46  TINMA   13.07%    passed     99.83%
  47  TYTAL   18.69%    passed     85.24%
****  TOTAL    7.51%  0 sequences failed composition chi2 test (p-value<5%; df=3)
NOTE: CHAPE is identical to APTFO but kept for subsequent analysis
Checking for duplicate sequences: done in 0.000125885 secs using 807.9% CPU
Identifying sites to remove: done in 0.000386 secs using 791.5% CPU
NOTE: 2 identical sequences (see below) will be ignored for subsequent analysis
NOTE: NIPNI (identical to APTFO) is ignored but added at the end
NOTE: PELCR (identical to APTFO) is ignored but added at the end
Alignment was printed to /workspace/IQTree_8_cores_JarvD5a_Results/exon_9865.uniqueseq.phy

For your convenience alignment with unique sequences printed to /workspace/IQTree_8_cores_JarvD5a_Results/exon_9865.uniqueseq.phy

Create initial parsimony tree by phylogenetic likelihood library (PLL)... 0.000 seconds

NOTE: 1 MB RAM (0 GB) is required!
WARNING: Number of threads seems too high for short alignments. Use -T AUTO to determine best number of threads.
Estimate model parameters (epsilon = 0.100)
1. Initial log-likelihood: -2561.593
2. Current log-likelihood: -2535.224
Optimal log-likelihood: -2535.191
Rate parameters:  A-C: 6.17248  A-G: 2.73156  A-T: 1.13856  C-G: 2.46872  C-T: 3.91298  G-T: 1.00000
Base frequencies:  A: 0.283  C: 0.253  G: 0.280  T: 0.184
Gamma shape alpha: 0.020
Parameters optimization took 2 rounds (0.030 sec)
Wrote distance file to... 
Computing ML distances based on estimated model parameters...
Calculating distance matrix: done in 0.00122786 secs using 756% CPU
Computing ML distances took 0.001267 sec (of wall-clock time) 0.009432 sec (of CPU time)
Setting up auxiliary I and S matrices: done in 0.000101089 secs using 990.2% CPU
Constructing RapidNJ tree: done in 0.00239682 secs using 694.9% CPU
Computing RapidNJ tree took 0.002529 sec (of wall-clock time) 0.022062 sec (of CPU time)
Log-likelihood of RapidNJ tree: -2547.872
--------------------------------------------------------------------
|             INITIALIZING CANDIDATE TREE SET                      |
--------------------------------------------------------------------
Generating 98 parsimony trees... 0.063 second
Computing log-likelihood of 98 initial trees ... 0.223 seconds
Current best score: -2531.495

Do NNI search on 20 best initial trees
Estimate model parameters (epsilon = 0.100)
BETTER TREE FOUND at iteration 1: -2531.418
Iteration 10 / LogL: -2531.420 / Time: 0h:0m:0s
Iteration 20 / LogL: -2533.432 / Time: 0h:0m:1s
Finish initializing candidate tree set (20)
Current best tree score: -2531.418 / CPU time: 1.077
Number of iterations: 20
--------------------------------------------------------------------
|               OPTIMIZING CANDIDATE TREE SET                      |
--------------------------------------------------------------------
Iteration 30 / LogL: -2538.881 / Time: 0h:0m:1s (0h:0m:3s left)
Iteration 40 / LogL: -2531.436 / Time: 0h:0m:2s (0h:0m:3s left)
Iteration 50 / LogL: -2531.424 / Time: 0h:0m:2s (0h:0m:2s left)
Iteration 60 / LogL: -2531.438 / Time: 0h:0m:3s (0h:0m:2s left)
Iteration 70 / LogL: -2531.423 / Time: 0h:0m:3s (0h:0m:1s left)
Iteration 80 / LogL: -2531.428 / Time: 0h:0m:3s (0h:0m:1s left)
Iteration 90 / LogL: -2531.428 / Time: 0h:0m:4s (0h:0m:0s left)
Iteration 100 / LogL: -2531.432 / Time: 0h:0m:4s (0h:0m:0s left)
TREE SEARCH COMPLETED AFTER 102 ITERATIONS / Time: 0h:0m:4s

--------------------------------------------------------------------
|                    FINALIZING TREE SEARCH                        |
--------------------------------------------------------------------
Performs final model parameters optimization
Estimate model parameters (epsilon = 0.010)
1. Initial log-likelihood: -2531.418
Optimal log-likelihood: -2531.417
Rate parameters:  A-C: 6.39149  A-G: 2.75680  A-T: 1.17430  C-G: 2.50285  C-T: 3.67095  G-T: 1.00000
Base frequencies:  A: 0.283  C: 0.253  G: 0.280  T: 0.184
Gamma shape alpha: 0.020
Parameters optimization took 1 rounds (0.008 sec)
BEST SCORE FOUND : -2531.417
Total tree length: 0.077

Total number of iterations: 102
CPU time used for tree search: 38.749 sec (0h:0m:38s)
Wall-clock time used for tree search: 4.840 sec (0h:0m:4s)
Total CPU time used: 39.390 sec (0h:0m:39s)
Total wall-clock time used: 4.919 sec (0h:0m:4s)

Analysis results written to: 
  IQ-TREE report:                /workspace/IQTree_8_cores_JarvD5a_Results/exon_9865.iqtree
  Maximum-likelihood tree:       /workspace/IQTree_8_cores_JarvD5a_Results/exon_9865.treefile
  Likelihood distances:          /workspace/IQTree_8_cores_JarvD5a_Results/exon_9865.mldist
  Screen log file:               /workspace/IQTree_8_cores_JarvD5a_Results/exon_9865.log

Date and Time: Sat May 30 02:50:43 2026
