IQ-TREE version 3.1.2 for Linux x86 64-bit built May  7 2026
Developed by Bui Quang Minh, Thomas Wong, Nhan Ly-Trong, Huaiyan Ren
Contributed by Lam-Tung Nguyen, Dominik Schrempf, Chris Bielow,
Olga Chernomor, Michael Woodhams, Diep Thi Hoang, Heiko Schmidt

Host:    8084c4e79f09 (AVX512, FMA3, 1133 GB RAM)
Command: /workspace/iqtree-3.1.2-Linux/bin/iqtree3_intel -s /workspace/NeuralNJ/empirical/JarvD5a/exon_10117.fasta -st DNA -m GTR+G -T 8 -seed 2201 -pre /workspace/IQTree_8_cores_JarvD5a_Results/exon_10117 -quiet
Seed:    2201 (Using SPRNG - Scalable Parallel Random Number Generator)
Time:    Wed May 27 10:02:28 2026
Kernel:  AVX+FMA - 8 threads (384 CPU cores detected)

Reading alignment file /workspace/NeuralNJ/empirical/JarvD5a/exon_10117.fasta ... Fasta format detected
Reading fasta file: done in 0.00104904 secs using 73.21% CPU
Alignment most likely contains DNA/RNA sequences
Constructing alignment: done in 0.00300789 secs using 769.2% CPU
Alignment has 46 sequences with 1534 columns, 247 distinct patterns
137 parsimony-informative, 108 singleton sites, 1289 constant sites
       Gap/Ambiguity  Composition  p-value
Analyzing sequences: done in 1.5974e-05 secs using 738.7% CPU
   1  ACACH    2.35%    passed     98.23%
   2  ANAPL    2.22%    passed     99.57%
   3  APAVI    2.22%    passed     92.32%
   4  APTFO    2.22%    passed     99.95%
   5  BALRE    2.22%    passed     99.99%
   6  BUCRH    2.22%    passed     99.98%
   7  CALAN    2.35%    passed     99.17%
   8  CARCR    2.22%    passed     98.99%
   9  CATAU    2.22%    passed     99.55%
  10  CHAPE    2.22%    passed     99.10%
  11  CHAVO    2.22%    passed     99.98%
  12  CHLUN    2.22%    passed     99.93%
  13  COLLI    2.22%    passed     99.98%
  14  COLST    2.22%    passed     99.55%
  15  CORBR    2.22%    passed     96.57%
  16  CUCCA    2.22%    passed     98.35%
  17  EGRGA    2.22%    passed     99.95%
  18  EURHE    2.22%    passed     90.56%
  19  FALPE    2.35%    passed     99.50%
  20  FULGL    2.22%    passed     99.33%
  21  GALGA    0.39%    passed     99.57%
  22  GAVST    2.22%    passed     99.79%
  23  GEOFO    2.22%    passed     98.55%
  24  HALAL    2.61%    passed     99.45%
  25  HALLE    2.61%    passed     99.45%
  26  LEPDI    2.22%    passed     99.84%
  27  MANVI    2.61%    passed     99.18%
  28  MELGA    2.35%    passed     99.91%
  29  MELUN    2.22%    passed     99.98%
  30  MERNU    2.35%    passed     99.86%
  31  MESUN    2.22%    passed     99.77%
  32  NESNO    2.22%    passed     99.98%
  33  NIPNI    2.22%    passed     99.48%
  34  OPHHO    2.22%    passed     99.78%
  35  PELCR    2.22%    passed     99.50%
  36  PHACA    2.22%    passed     99.96%
  37  PHORU    2.22%    passed    100.00%
  38  PICPU    2.35%    passed     99.49%
  39  PODCR    1.96%    passed     99.78%
  40  PTEGU    2.22%    passed     99.06%
  41  PYGAD    2.22%    passed     99.75%
  42  STRCA    2.22%    passed     99.95%
  43  TAEGU    0.26%    passed     96.51%
  44  TAUER    2.22%    passed     99.55%
  45  TINMA    3.65%    passed     70.69%
  46  TYTAL    2.22%    passed     99.98%
****  TOTAL    2.20%  0 sequences failed composition chi2 test (p-value<5%; df=3)
NOTE: HALLE is identical to HALAL but kept for subsequent analysis
Checking for duplicate sequences: done in 0.000180006 secs using 803.9% CPU

Create initial parsimony tree by phylogenetic likelihood library (PLL)... 0.003 seconds

NOTE: 1 MB RAM (0 GB) is required!
WARNING: Number of threads seems too high for short alignments. Use -T AUTO to determine best number of threads.
Estimate model parameters (epsilon = 0.100)
1. Initial log-likelihood: -5911.404
2. Current log-likelihood: -5609.395
3. Current log-likelihood: -5553.841
4. Current log-likelihood: -5553.644
Optimal log-likelihood: -5553.643
Rate parameters:  A-C: 1.74121  A-G: 5.22816  A-T: 0.71607  C-G: 1.73958  C-T: 7.00311  G-T: 1.00000
Base frequencies:  A: 0.294  C: 0.234  G: 0.220  T: 0.253
Gamma shape alpha: 0.081
Parameters optimization took 4 rounds (0.110 sec)
Wrote distance file to... 
Computing ML distances based on estimated model parameters...
Calculating distance matrix: done in 0.000905991 secs using 805.4% CPU
Computing ML distances took 0.000968 sec (of wall-clock time) 0.007596 sec (of CPU time)
Setting up auxiliary I and S matrices: done in 0.00011301 secs using 1092% CPU
Constructing RapidNJ tree: done in 0.00271487 secs using 865.2% CPU
Computing RapidNJ tree took 0.002883 sec (of wall-clock time) 0.026193 sec (of CPU time)
Log-likelihood of RapidNJ tree: -5585.061
--------------------------------------------------------------------
|             INITIALIZING CANDIDATE TREE SET                      |
--------------------------------------------------------------------
Generating 98 parsimony trees... 0.129 second
Computing log-likelihood of 98 initial trees ... 0.395 seconds
Current best score: -5542.586

Do NNI search on 20 best initial trees
Estimate model parameters (epsilon = 0.100)
BETTER TREE FOUND at iteration 1: -5537.041
Iteration 10 / LogL: -5550.512 / Time: 0h:0m:1s
Iteration 20 / LogL: -5544.893 / Time: 0h:0m:1s
Finish initializing candidate tree set (20)
Current best tree score: -5537.041 / CPU time: 1.852
Number of iterations: 20
--------------------------------------------------------------------
|               OPTIMIZING CANDIDATE TREE SET                      |
--------------------------------------------------------------------
Iteration 30 / LogL: -5540.568 / Time: 0h:0m:2s (0h:0m:7s left)
Iteration 40 / LogL: -5539.664 / Time: 0h:0m:3s (0h:0m:5s left)
Estimate model parameters (epsilon = 0.100)
BETTER TREE FOUND at iteration 43: -5536.738
Iteration 50 / LogL: -5540.290 / Time: 0h:0m:4s (0h:0m:8s left)
Iteration 60 / LogL: -5539.901 / Time: 0h:0m:5s (0h:0m:7s left)
Iteration 70 / LogL: -5537.063 / Time: 0h:0m:6s (0h:0m:6s left)
Estimate model parameters (epsilon = 0.100)
BETTER TREE FOUND at iteration 76: -5536.062
BETTER TREE FOUND at iteration 77: -5536.060
Iteration 80 / LogL: -5536.775 / Time: 0h:0m:7s (0h:0m:8s left)
Iteration 90 / LogL: -5539.785 / Time: 0h:0m:8s (0h:0m:7s left)
Iteration 100 / LogL: -5536.063 / Time: 0h:0m:8s (0h:0m:6s left)
Estimate model parameters (epsilon = 0.100)
BETTER TREE FOUND at iteration 101: -5535.943
Iteration 110 / LogL: -5537.322 / Time: 0h:0m:9s (0h:0m:8s left)
Iteration 120 / LogL: -5536.068 / Time: 0h:0m:10s (0h:0m:7s left)
Estimate model parameters (epsilon = 0.100)
BETTER TREE FOUND at iteration 122: -5534.986
Iteration 130 / LogL: -5535.942 / Time: 0h:0m:11s (0h:0m:8s left)
Iteration 140 / LogL: -5535.434 / Time: 0h:0m:12s (0h:0m:7s left)
UPDATE BEST LOG-LIKELIHOOD: -5534.986
Iteration 150 / LogL: -5535.433 / Time: 0h:0m:13s (0h:0m:6s left)
Iteration 160 / LogL: -5534.988 / Time: 0h:0m:14s (0h:0m:5s left)
Iteration 170 / LogL: -5534.987 / Time: 0h:0m:15s (0h:0m:4s left)
UPDATE BEST LOG-LIKELIHOOD: -5534.986
Iteration 180 / LogL: -5545.034 / Time: 0h:0m:15s (0h:0m:3s left)
UPDATE BEST LOG-LIKELIHOOD: -5534.986
Iteration 190 / LogL: -5534.986 / Time: 0h:0m:16s (0h:0m:2s left)
BETTER TREE FOUND at iteration 194: -5534.985
Iteration 200 / LogL: -5534.988 / Time: 0h:0m:17s (0h:0m:8s left)
Iteration 210 / LogL: -5536.583 / Time: 0h:0m:18s (0h:0m:7s left)
BETTER TREE FOUND at iteration 217: -5534.985
Iteration 220 / LogL: -5537.739 / Time: 0h:0m:19s (0h:0m:8s left)
Iteration 230 / LogL: -5541.286 / Time: 0h:0m:20s (0h:0m:7s left)
UPDATE BEST LOG-LIKELIHOOD: -5534.985
BETTER TREE FOUND at iteration 235: -5534.985
UPDATE BEST LOG-LIKELIHOOD: -5534.984
Iteration 240 / LogL: -5534.986 / Time: 0h:0m:21s (0h:0m:8s left)
UPDATE BEST LOG-LIKELIHOOD: -5534.984
Iteration 250 / LogL: -5545.389 / Time: 0h:0m:21s (0h:0m:7s left)
Iteration 260 / LogL: -5549.229 / Time: 0h:0m:22s (0h:0m:6s left)
BETTER TREE FOUND at iteration 264: -5534.984
Iteration 270 / LogL: -5534.987 / Time: 0h:0m:23s (0h:0m:8s left)
Iteration 280 / LogL: -5534.985 / Time: 0h:0m:24s (0h:0m:7s left)
Iteration 290 / LogL: -5536.846 / Time: 0h:0m:25s (0h:0m:6s left)
Iteration 300 / LogL: -5538.532 / Time: 0h:0m:26s (0h:0m:5s left)
Iteration 310 / LogL: -5538.284 / Time: 0h:0m:26s (0h:0m:4s left)
Iteration 320 / LogL: -5537.807 / Time: 0h:0m:27s (0h:0m:3s left)
Iteration 330 / LogL: -5535.948 / Time: 0h:0m:28s (0h:0m:2s left)
Iteration 340 / LogL: -5541.476 / Time: 0h:0m:29s (0h:0m:2s left)
Iteration 350 / LogL: -5534.987 / Time: 0h:0m:30s (0h:0m:1s left)
Iteration 360 / LogL: -5538.471 / Time: 0h:0m:31s (0h:0m:0s left)
TREE SEARCH COMPLETED AFTER 365 ITERATIONS / Time: 0h:0m:31s

--------------------------------------------------------------------
|                    FINALIZING TREE SEARCH                        |
--------------------------------------------------------------------
Performs final model parameters optimization
Estimate model parameters (epsilon = 0.010)
1. Initial log-likelihood: -5534.984
Optimal log-likelihood: -5534.984
Rate parameters:  A-C: 1.58553  A-G: 4.89303  A-T: 0.68274  C-G: 1.64927  C-T: 7.03240  G-T: 1.00000
Base frequencies:  A: 0.294  C: 0.234  G: 0.220  T: 0.253
Gamma shape alpha: 0.082
Parameters optimization took 1 rounds (0.007 sec)
BEST SCORE FOUND : -5534.984
Total tree length: 0.493

Total number of iterations: 365
CPU time used for tree search: 254.065 sec (0h:4m:14s)
Wall-clock time used for tree search: 31.802 sec (0h:0m:31s)
Total CPU time used: 255.262 sec (0h:4m:15s)
Total wall-clock time used: 31.952 sec (0h:0m:31s)

Analysis results written to: 
  IQ-TREE report:                /workspace/IQTree_8_cores_JarvD5a_Results/exon_10117.iqtree
  Maximum-likelihood tree:       /workspace/IQTree_8_cores_JarvD5a_Results/exon_10117.treefile
  Likelihood distances:          /workspace/IQTree_8_cores_JarvD5a_Results/exon_10117.mldist
  Screen log file:               /workspace/IQTree_8_cores_JarvD5a_Results/exon_10117.log

Date and Time: Wed May 27 10:03:00 2026
