IQ-TREE version 3.1.2 for Linux x86 64-bit built May  7 2026
Developed by Bui Quang Minh, Thomas Wong, Nhan Ly-Trong, Huaiyan Ren
Contributed by Lam-Tung Nguyen, Dominik Schrempf, Chris Bielow,
Olga Chernomor, Michael Woodhams, Diep Thi Hoang, Heiko Schmidt

Host:    8084c4e79f09 (AVX512, FMA3, 1133 GB RAM)
Command: /workspace/iqtree-3.1.2-Linux/bin/iqtree3_intel -s /workspace/NeuralNJ/empirical/JarvD5a/exon_10088.fasta -st DNA -m GTR+G -T 8 -seed 2201 -pre /workspace/IQTree_8_cores_JarvD5a_Results/exon_10088 -quiet
Seed:    2201 (Using SPRNG - Scalable Parallel Random Number Generator)
Time:    Wed May 27 09:53:20 2026
Kernel:  AVX+FMA - 8 threads (384 CPU cores detected)

Reading alignment file /workspace/NeuralNJ/empirical/JarvD5a/exon_10088.fasta ... Fasta format detected
Reading fasta file: done in 0.000957012 secs using 24.87% CPU
Alignment most likely contains DNA/RNA sequences
Constructing alignment: done in 0.00337195 secs using 573.8% CPU
Alignment has 44 sequences with 2416 columns, 745 distinct patterns
451 parsimony-informative, 233 singleton sites, 1732 constant sites
       Gap/Ambiguity  Composition  p-value
Analyzing sequences: done in 4.48227e-05 secs using 426.1% CPU
   1  ACACH   24.17%    passed     77.26%
   2  ANAPL    8.94%    passed     75.92%
   3  APTFO    5.71%    passed     99.03%
   4  BALRE    5.22%    passed     89.08%
   5  BUCRH   31.37%    passed     92.65%
   6  CALAN    8.11%    passed     81.90%
   7  CAPCA    7.53%    passed     92.31%
   8  CARCR    9.60%    passed     98.89%
   9  CATAU    5.55%    passed     95.47%
  10  CHAPE    6.54%    passed     78.66%
  11  CHAVO   35.60%    passed     24.35%
  12  COLLI    6.79%    passed     97.46%
  13  COLST    7.95%    passed     92.90%
  14  CORBR    6.87%    passed     99.30%
  15  CUCCA    6.71%    passed     96.60%
  16  EGRGA    6.29%    passed     93.31%
  17  EURHE   33.28%    passed     60.17%
  18  FALPE    9.19%    passed     98.50%
  19  FULGL   10.76%    passed     51.91%
  20  GALGA    8.28%    passed     94.21%
  21  GAVST    7.12%    passed    100.00%
  22  GEOFO    5.71%    passed     82.82%
  23  HALAL    5.88%    passed     79.35%
  24  HALLE    5.88%    passed     79.35%
  25  LEPDI    4.88%    passed     96.88%
  26  MANVI    8.69%    passed     98.68%
  27  MELGA    6.04%    passed     60.69%
  28  MELUN    6.29%    passed     87.39%
  29  MERNU    5.88%    passed     86.84%
  30  MESUN   27.57%    passed     92.03%
  31  NESNO    6.29%    passed     91.29%
  32  NIPNI    5.96%    passed     95.19%
  33  OPHHO    8.28%    passed     61.79%
  34  PELCR   41.80%    passed     28.34%
  35  PHACA   23.59%    passed     88.96%
  36  PHALE    5.22%    passed     85.61%
  37  PHORU   23.10%    passed     89.30%
  38  PICPU    8.69%    passed     73.34%
  39  PODCR    9.02%    passed     98.61%
  40  PYGAD    5.88%    passed     91.28%
  41  STRCA    6.21%    passed     50.93%
  42  TAEGU    6.29%    passed     98.46%
  43  TAUER   31.71%    passed     99.99%
  44  TINMA   11.18%    passed     83.67%
****  TOTAL   11.85%  0 sequences failed composition chi2 test (p-value<5%; df=3)
NOTE: HALLE is identical to HALAL but kept for subsequent analysis
Checking for duplicate sequences: done in 0.000170946 secs using 546.4% CPU

Create initial parsimony tree by phylogenetic likelihood library (PLL)... 0.002 seconds

NOTE: 4 MB RAM (0 GB) is required!
WARNING: Number of threads seems too high for short alignments. Use -T AUTO to determine best number of threads.
Estimate model parameters (epsilon = 0.100)
1. Initial log-likelihood: -16483.284
2. Current log-likelihood: -15097.979
3. Current log-likelihood: -14936.084
4. Current log-likelihood: -14929.282
5. Current log-likelihood: -14928.871
Optimal log-likelihood: -14928.843
Rate parameters:  A-C: 1.06313  A-G: 2.38460  A-T: 0.81051  C-G: 1.17877  C-T: 3.06979  G-T: 1.00000
Base frequencies:  A: 0.267  C: 0.226  G: 0.277  T: 0.231
Gamma shape alpha: 0.169
Parameters optimization took 5 rounds (0.182 sec)
Wrote distance file to... 
Computing ML distances based on estimated model parameters...
Calculating distance matrix: done in 0.000961065 secs using 816.9% CPU
Computing ML distances took 0.001079 sec (of wall-clock time) 0.008513 sec (of CPU time)
Setting up auxiliary I and S matrices: done in 0.000170946 secs using 891.5% CPU
Constructing RapidNJ tree: done in 0.00747299 secs using 786.1% CPU
Computing RapidNJ tree took 0.007679 sec (of wall-clock time) 0.061414 sec (of CPU time)
Log-likelihood of RapidNJ tree: -15000.862
--------------------------------------------------------------------
|             INITIALIZING CANDIDATE TREE SET                      |
--------------------------------------------------------------------
Generating 98 parsimony trees... 0.287 second
Computing log-likelihood of 98 initial trees ... 0.948 seconds
Current best score: -14928.843

Do NNI search on 20 best initial trees
Estimate model parameters (epsilon = 0.100)
BETTER TREE FOUND at iteration 1: -14871.732
Estimate model parameters (epsilon = 0.100)
BETTER TREE FOUND at iteration 9: -14863.931
Iteration 10 / LogL: -14879.453 / Time: 0h:0m:3s
Iteration 20 / LogL: -14876.962 / Time: 0h:0m:5s
Finish initializing candidate tree set (10)
Current best tree score: -14863.931 / CPU time: 5.048
Number of iterations: 20
--------------------------------------------------------------------
|               OPTIMIZING CANDIDATE TREE SET                      |
--------------------------------------------------------------------
Estimate model parameters (epsilon = 0.100)
BETTER TREE FOUND at iteration 23: -14861.637
Estimate model parameters (epsilon = 0.100)
BETTER TREE FOUND at iteration 28: -14861.375
Iteration 30 / LogL: -14862.454 / Time: 0h:0m:6s (0h:0m:22s left)
Estimate model parameters (epsilon = 0.100)
BETTER TREE FOUND at iteration 31: -14859.283
Estimate model parameters (epsilon = 0.100)
BETTER TREE FOUND at iteration 34: -14858.785
Iteration 40 / LogL: -14858.865 / Time: 0h:0m:8s (0h:0m:19s left)
Estimate model parameters (epsilon = 0.100)
BETTER TREE FOUND at iteration 49: -14857.929
Iteration 50 / LogL: -14858.837 / Time: 0h:0m:9s (0h:0m:19s left)
Estimate model parameters (epsilon = 0.100)
BETTER TREE FOUND at iteration 51: -14855.413
UPDATE BEST LOG-LIKELIHOOD: -14855.413
Iteration 60 / LogL: -14858.717 / Time: 0h:0m:11s (0h:0m:17s left)
Estimate model parameters (epsilon = 0.100)
BETTER TREE FOUND at iteration 63: -14853.604
Iteration 70 / LogL: -14855.426 / Time: 0h:0m:12s (0h:0m:17s left)
Iteration 80 / LogL: -14855.799 / Time: 0h:0m:14s (0h:0m:15s left)
Iteration 90 / LogL: -14855.422 / Time: 0h:0m:16s (0h:0m:13s left)
Estimate model parameters (epsilon = 0.100)
BETTER TREE FOUND at iteration 96: -14852.917
Iteration 100 / LogL: -14855.036 / Time: 0h:0m:17s (0h:0m:17s left)
Iteration 110 / LogL: -14855.048 / Time: 0h:0m:19s (0h:0m:15s left)
Iteration 120 / LogL: -14856.430 / Time: 0h:0m:20s (0h:0m:13s left)
Iteration 130 / LogL: -14855.430 / Time: 0h:0m:21s (0h:0m:11s left)
UPDATE BEST LOG-LIKELIHOOD: -14852.917
Iteration 140 / LogL: -14854.458 / Time: 0h:0m:23s (0h:0m:9s left)
Iteration 150 / LogL: -14854.959 / Time: 0h:0m:24s (0h:0m:7s left)
Iteration 160 / LogL: -14853.640 / Time: 0h:0m:25s (0h:0m:5s left)
Iteration 170 / LogL: -14853.636 / Time: 0h:0m:27s (0h:0m:4s left)
Iteration 180 / LogL: -14862.106 / Time: 0h:0m:28s (0h:0m:2s left)
Iteration 190 / LogL: -14853.635 / Time: 0h:0m:30s (0h:0m:0s left)
TREE SEARCH COMPLETED AFTER 197 ITERATIONS / Time: 0h:0m:31s

--------------------------------------------------------------------
|                    FINALIZING TREE SEARCH                        |
--------------------------------------------------------------------
Performs final model parameters optimization
Estimate model parameters (epsilon = 0.010)
1. Initial log-likelihood: -14852.917
Optimal log-likelihood: -14852.914
Rate parameters:  A-C: 1.09924  A-G: 2.53240  A-T: 0.84030  C-G: 1.26117  C-T: 3.13070  G-T: 1.00000
Base frequencies:  A: 0.267  C: 0.226  G: 0.277  T: 0.231
Gamma shape alpha: 0.166
Parameters optimization took 1 rounds (0.012 sec)
BEST SCORE FOUND : -14852.914
Total tree length: 4.248

Total number of iterations: 197
CPU time used for tree search: 244.968 sec (0h:4m:4s)
Wall-clock time used for tree search: 30.884 sec (0h:0m:30s)
Total CPU time used: 247.382 sec (0h:4m:7s)
Total wall-clock time used: 31.181 sec (0h:0m:31s)

Analysis results written to: 
  IQ-TREE report:                /workspace/IQTree_8_cores_JarvD5a_Results/exon_10088.iqtree
  Maximum-likelihood tree:       /workspace/IQTree_8_cores_JarvD5a_Results/exon_10088.treefile
  Likelihood distances:          /workspace/IQTree_8_cores_JarvD5a_Results/exon_10088.mldist
  Screen log file:               /workspace/IQTree_8_cores_JarvD5a_Results/exon_10088.log

Date and Time: Wed May 27 09:53:51 2026
