IQ-TREE version 3.1.2 for Linux x86 64-bit built May  7 2026
Developed by Bui Quang Minh, Thomas Wong, Nhan Ly-Trong, Huaiyan Ren
Contributed by Lam-Tung Nguyen, Dominik Schrempf, Chris Bielow,
Olga Chernomor, Michael Woodhams, Diep Thi Hoang, Heiko Schmidt

Host:    8084c4e79f09 (AVX512, FMA3, 1133 GB RAM)
Command: /workspace/iqtree-3.1.2-Linux/bin/iqtree3_intel -s /workspace/NeuralNJ/empirical/JarvD5a/exon_7750.fasta -st DNA -m GTR+G -T 8 -seed 2201 -pre /workspace/IQTree_8_cores_JarvD5a_Results/exon_7750 -quiet
Seed:    2201 (Using SPRNG - Scalable Parallel Random Number Generator)
Time:    Fri May 29 13:51:24 2026
Kernel:  AVX+FMA - 8 threads (384 CPU cores detected)

Reading alignment file /workspace/NeuralNJ/empirical/JarvD5a/exon_7750.fasta ... Fasta format detected
Reading fasta file: done in 0.000899792 secs using 52.46% CPU
Alignment most likely contains DNA/RNA sequences
Constructing alignment: done in 0.000793934 secs using 694.4% CPU
Alignment has 48 sequences with 610 columns, 116 distinct patterns
53 parsimony-informative, 57 singleton sites, 500 constant sites
       Gap/Ambiguity  Composition  p-value
Analyzing sequences: done in 1.00136e-05 secs using 29.96% CPU
   1  ACACH    0.33%    passed     99.72%
   2  ANAPL    0.33%    passed     99.94%
   3  APAVI    0.33%    passed     99.87%
   4  APTFO    0.33%    passed     99.96%
   5  BALRE    0.33%    passed     99.72%
   6  BUCRH    0.33%    passed     98.04%
   7  CALAN    0.33%    passed     99.48%
   8  CAPCA    0.33%    passed     99.27%
   9  CARCR    0.33%    passed     99.63%
  10  CATAU    0.33%    passed    100.00%
  11  CHAPE    0.98%    passed     99.76%
  12  CHAVO    0.33%    passed     99.66%
  13  CHLUN    0.33%    passed     99.49%
  14  COLLI    0.33%    passed     98.93%
  15  COLST    0.33%    passed     99.57%
  16  CORBR    0.33%    passed     99.83%
  17  CUCCA    0.33%    passed     98.90%
  18  EGRGA    0.33%    passed     99.63%
  19  EURHE    0.33%    passed     95.38%
  20  FALPE    0.33%    passed     99.96%
  21  FULGL    0.33%    passed     99.25%
  22  GALGA    0.66%    passed     99.50%
  23  GAVST    0.33%    passed     99.55%
  24  GEOFO    0.33%    passed     98.66%
  25  HALAL    0.33%    passed     99.96%
  26  HALLE    0.33%    passed     99.94%
  27  LEPDI    0.33%    passed     98.71%
  28  MANVI    0.98%    passed     99.81%
  29  MELGA    0.33%    passed     95.41%
  30  MELUN    2.95%    passed     99.98%
  31  MERNU    0.33%    passed     99.54%
  32  MESUN    0.33%    passed     98.12%
  33  NESNO    0.33%    passed     98.10%
  34  NIPNI    0.33%    passed     99.94%
  35  OPHHO    0.33%    passed     99.42%
  36  PELCR    0.33%    passed     99.35%
  37  PHACA    0.33%    passed     99.96%
  38  PHALE    0.33%    passed     99.93%
  39  PHORU    0.33%    passed    100.00%
  40  PICPU    0.33%    passed     99.83%
  41  PODCR    0.33%    passed     99.74%
  42  PTEGU    0.33%    passed     98.19%
  43  PYGAD    0.33%    passed    100.00%
  44  STRCA    0.00%    passed     99.85%
  45  TAEGU    0.33%    passed     99.83%
  46  TAUER    0.33%    passed     99.96%
  47  TINMA    0.00%    passed     95.29%
  48  TYTAL    0.33%    passed     99.96%
****  TOTAL    0.40%  0 sequences failed composition chi2 test (p-value<5%; df=3)
NOTE: TAEGU is identical to CORBR but kept for subsequent analysis
Checking for duplicate sequences: done in 0.000120878 secs using 793.4% CPU

Create initial parsimony tree by phylogenetic likelihood library (PLL)... 0.001 seconds

NOTE: 0 MB RAM (0 GB) is required!
WARNING: Number of threads seems too high for short alignments. Use -T AUTO to determine best number of threads.
Estimate model parameters (epsilon = 0.100)
1. Initial log-likelihood: -2349.520
2. Current log-likelihood: -2225.693
3. Current log-likelihood: -2225.007
Optimal log-likelihood: -2224.983
Rate parameters:  A-C: 1.36093  A-G: 3.92708  A-T: 0.94952  C-G: 1.51379  C-T: 8.33625  G-T: 1.00000
Base frequencies:  A: 0.332  C: 0.184  G: 0.263  T: 0.221
Gamma shape alpha: 0.112
Parameters optimization took 3 rounds (0.044 sec)
Wrote distance file to... 
Computing ML distances based on estimated model parameters...
Calculating distance matrix: done in 0.000926971 secs using 712.5% CPU
Computing ML distances took 0.000966 sec (of wall-clock time) 0.006751 sec (of CPU time)
Setting up auxiliary I and S matrices: done in 0.000100136 secs using 787.9% CPU
Constructing RapidNJ tree: done in 0.00279903 secs using 642% CPU
Computing RapidNJ tree took 0.002929 sec (of wall-clock time) 0.024822 sec (of CPU time)
Log-likelihood of RapidNJ tree: -2220.078
--------------------------------------------------------------------
|             INITIALIZING CANDIDATE TREE SET                      |
--------------------------------------------------------------------
Generating 98 parsimony trees... 0.094 second
Computing log-likelihood of 98 initial trees ... 0.291 seconds
Current best score: -2206.132

Do NNI search on 20 best initial trees
Estimate model parameters (epsilon = 0.100)
BETTER TREE FOUND at iteration 1: -2205.233
Estimate model parameters (epsilon = 0.100)
BETTER TREE FOUND at iteration 2: -2200.684
Iteration 10 / LogL: -2205.749 / Time: 0h:0m:1s
Iteration 20 / LogL: -2210.678 / Time: 0h:0m:1s
Finish initializing candidate tree set (20)
Current best tree score: -2200.684 / CPU time: 1.425
Number of iterations: 20
--------------------------------------------------------------------
|               OPTIMIZING CANDIDATE TREE SET                      |
--------------------------------------------------------------------
Iteration 30 / LogL: -2200.691 / Time: 0h:0m:2s (0h:0m:5s left)
Iteration 40 / LogL: -2200.845 / Time: 0h:0m:3s (0h:0m:4s left)
Estimate model parameters (epsilon = 0.100)
BETTER TREE FOUND at iteration 43: -2199.661
Iteration 50 / LogL: -2210.047 / Time: 0h:0m:3s (0h:0m:7s left)
Iteration 60 / LogL: -2199.851 / Time: 0h:0m:4s (0h:0m:6s left)
Iteration 70 / LogL: -2199.665 / Time: 0h:0m:5s (0h:0m:5s left)
Estimate model parameters (epsilon = 0.100)
BETTER TREE FOUND at iteration 75: -2199.129
Iteration 80 / LogL: -2199.133 / Time: 0h:0m:6s (0h:0m:7s left)
BETTER TREE FOUND at iteration 85: -2199.129
Iteration 90 / LogL: -2199.131 / Time: 0h:0m:7s (0h:0m:7s left)
Estimate model parameters (epsilon = 0.100)
BETTER TREE FOUND at iteration 94: -2198.503
Iteration 100 / LogL: -2199.370 / Time: 0h:0m:7s (0h:0m:7s left)
Iteration 110 / LogL: -2198.505 / Time: 0h:0m:8s (0h:0m:6s left)
Iteration 120 / LogL: -2198.506 / Time: 0h:0m:9s (0h:0m:5s left)
Iteration 130 / LogL: -2199.913 / Time: 0h:0m:10s (0h:0m:5s left)
Iteration 140 / LogL: -2198.506 / Time: 0h:0m:11s (0h:0m:4s left)
Iteration 150 / LogL: -2198.506 / Time: 0h:0m:11s (0h:0m:3s left)
Iteration 160 / LogL: -2204.817 / Time: 0h:0m:12s (0h:0m:2s left)
Iteration 170 / LogL: -2198.504 / Time: 0h:0m:13s (0h:0m:1s left)
Iteration 180 / LogL: -2198.504 / Time: 0h:0m:14s (0h:0m:1s left)
Iteration 190 / LogL: -2198.504 / Time: 0h:0m:15s (0h:0m:0s left)
TREE SEARCH COMPLETED AFTER 195 ITERATIONS / Time: 0h:0m:15s

--------------------------------------------------------------------
|                    FINALIZING TREE SEARCH                        |
--------------------------------------------------------------------
Performs final model parameters optimization
Estimate model parameters (epsilon = 0.010)
1. Initial log-likelihood: -2198.503
Optimal log-likelihood: -2198.503
Rate parameters:  A-C: 1.30958  A-G: 4.21170  A-T: 0.93912  C-G: 1.44685  C-T: 7.06602  G-T: 1.00000
Base frequencies:  A: 0.332  C: 0.184  G: 0.263  T: 0.221
Gamma shape alpha: 0.107
Parameters optimization took 1 rounds (0.006 sec)
BEST SCORE FOUND : -2198.503
Total tree length: 0.428

Total number of iterations: 195
CPU time used for tree search: 123.013 sec (0h:2m:3s)
Wall-clock time used for tree search: 15.388 sec (0h:0m:15s)
Total CPU time used: 123.599 sec (0h:2m:3s)
Total wall-clock time used: 15.462 sec (0h:0m:15s)

Analysis results written to: 
  IQ-TREE report:                /workspace/IQTree_8_cores_JarvD5a_Results/exon_7750.iqtree
  Maximum-likelihood tree:       /workspace/IQTree_8_cores_JarvD5a_Results/exon_7750.treefile
  Likelihood distances:          /workspace/IQTree_8_cores_JarvD5a_Results/exon_7750.mldist
  Screen log file:               /workspace/IQTree_8_cores_JarvD5a_Results/exon_7750.log

Date and Time: Fri May 29 13:51:40 2026
