IQ-TREE version 3.1.2 for Linux x86 64-bit built May  7 2026
Developed by Bui Quang Minh, Thomas Wong, Nhan Ly-Trong, Huaiyan Ren
Contributed by Lam-Tung Nguyen, Dominik Schrempf, Chris Bielow,
Olga Chernomor, Michael Woodhams, Diep Thi Hoang, Heiko Schmidt

Host:    8084c4e79f09 (AVX512, FMA3, 1133 GB RAM)
Command: /workspace/iqtree-3.1.2-Linux/bin/iqtree3_intel -s /workspace/NeuralNJ/empirical/JarvD5a/exon_1524.fasta -st DNA -m GTR+G -T 8 -seed 2201 -pre /workspace/IQTree_8_cores_JarvD5a_Results/exon_1524 -quiet
Seed:    2201 (Using SPRNG - Scalable Parallel Random Number Generator)
Time:    Thu May 28 14:12:56 2026
Kernel:  AVX+FMA - 8 threads (384 CPU cores detected)

Reading alignment file /workspace/NeuralNJ/empirical/JarvD5a/exon_1524.fasta ... Fasta format detected
Reading fasta file: done in 0.00102401 secs using 3.809% CPU
Alignment most likely contains DNA/RNA sequences
Constructing alignment: done in 0.00343704 secs using 696.6% CPU
WARNING: 4 sites contain only gaps or ambiguous characters.
Alignment has 44 sequences with 2574 columns, 889 distinct patterns
415 parsimony-informative, 346 singleton sites, 1813 constant sites
       Gap/Ambiguity  Composition  p-value
Analyzing sequences: done in 2.88486e-05 secs using 197.6% CPU
   1  ACACH    9.17%    passed     96.63%
   2  ANAPL    7.93%    passed     71.47%
   3  APAVI   12.12%    passed     95.37%
   4  APTFO    5.75%    passed     93.39%
   5  BALRE    7.65%    passed     91.05%
   6  BUCRH   10.57%    passed     99.30%
   7  CALAN   12.04%    passed     96.60%
   8  CAPCA   12.04%    passed     95.17%
   9  CARCR    9.25%    passed     87.92%
  10  CATAU   12.12%    passed     97.06%
  11  CHAPE    4.82%    passed     87.18%
  12  CHAVO    8.51%    passed     99.96%
  13  CHLUN    6.95%    passed     91.84%
  14  COLLI    7.96%    passed     87.11%
  15  CORBR    4.90%    passed     97.91%
  16  CUCCA    6.53%    passed     92.99%
  17  EGRGA    7.73%    passed     94.71%
  18  FALPE    7.30%    passed     99.86%
  19  GALGA    5.05%    passed     94.44%
  20  GAVST    7.23%    passed     85.32%
  21  GEOFO    6.14%    passed     97.84%
  22  HALAL    7.07%    passed     98.49%
  23  HALLE    6.29%    passed     92.22%
  24  LEPDI    9.25%    passed     98.75%
  25  MANVI   10.26%    passed     95.88%
  26  MELGA   11.27%    passed     96.47%
  27  MELUN   10.33%    passed     89.97%
  28  MERNU    8.00%    passed     95.13%
  29  MESUN   10.80%    passed     92.58%
  30  NESNO   29.53%    passed     95.19%
  31  NIPNI    5.59%    passed     99.60%
  32  OPHHO    9.56%    passed     98.71%
  33  PELCR   10.10%    passed     99.93%
  34  PHALE   26.50%    passed     88.37%
  35  PHORU    7.15%    passed     95.19%
  36  PICPU    7.23%    passed     99.98%
  37  PODCR    6.60%    passed     99.37%
  38  PTEGU    7.96%    passed     99.36%
  39  PYGAD    7.23%    passed     94.28%
  40  STRCA    5.21%    passed     88.18%
  41  TAEGU   12.39%    passed     88.42%
  42  TAUER   10.80%    passed     94.99%
  43  TINMA    5.44%    passed     97.22%
  44  TYTAL   28.28%    passed     96.12%
****  TOTAL    9.65%  0 sequences failed composition chi2 test (p-value<5%; df=3)
Checking for duplicate sequences: done in 0.000155926 secs using 770.2% CPU

Create initial parsimony tree by phylogenetic likelihood library (PLL)... 0.002 seconds

NOTE: 5 MB RAM (0 GB) is required!
Estimate model parameters (epsilon = 0.100)
1. Initial log-likelihood: -15332.421
2. Current log-likelihood: -14571.136
3. Current log-likelihood: -14555.697
4. Current log-likelihood: -14555.434
Optimal log-likelihood: -14555.422
Rate parameters:  A-C: 1.01637  A-G: 3.12703  A-T: 0.72440  C-G: 1.08108  C-T: 2.64039  G-T: 1.00000
Base frequencies:  A: 0.285  C: 0.237  G: 0.253  T: 0.224
Gamma shape alpha: 0.221
Parameters optimization took 4 rounds (0.071 sec)
Wrote distance file to... 
Computing ML distances based on estimated model parameters...
Calculating distance matrix: done in 0.00105286 secs using 816.8% CPU
Computing ML distances took 0.001127 sec (of wall-clock time) 0.008936 sec (of CPU time)
Setting up auxiliary I and S matrices: done in 9.60827e-05 secs using 1093% CPU
Constructing RapidNJ tree: done in 0.00219798 secs using 873.3% CPU
Computing RapidNJ tree took 0.002353 sec (of wall-clock time) 0.021639 sec (of CPU time)
Log-likelihood of RapidNJ tree: -14628.955
--------------------------------------------------------------------
|             INITIALIZING CANDIDATE TREE SET                      |
--------------------------------------------------------------------
Generating 98 parsimony trees... 0.267 second
Computing log-likelihood of 98 initial trees ... 0.480 seconds
Current best score: -14547.835

Do NNI search on 20 best initial trees
Estimate model parameters (epsilon = 0.100)
BETTER TREE FOUND at iteration 1: -14528.875
Estimate model parameters (epsilon = 0.100)
BETTER TREE FOUND at iteration 2: -14527.425
Iteration 10 / LogL: -14528.946 / Time: 0h:0m:1s
Iteration 20 / LogL: -14534.937 / Time: 0h:0m:2s
Finish initializing candidate tree set (17)
Current best tree score: -14527.425 / CPU time: 2.024
Number of iterations: 20
--------------------------------------------------------------------
|               OPTIMIZING CANDIDATE TREE SET                      |
--------------------------------------------------------------------
Estimate model parameters (epsilon = 0.100)
BETTER TREE FOUND at iteration 29: -14527.290
Iteration 30 / LogL: -14530.258 / Time: 0h:0m:3s (0h:0m:11s left)
Iteration 40 / LogL: -14527.351 / Time: 0h:0m:4s (0h:0m:9s left)
Iteration 50 / LogL: -14530.013 / Time: 0h:0m:5s (0h:0m:8s left)
Iteration 60 / LogL: -14552.424 / Time: 0h:0m:6s (0h:0m:7s left)
Iteration 70 / LogL: -14528.382 / Time: 0h:0m:7s (0h:0m:6s left)
Iteration 80 / LogL: -14527.496 / Time: 0h:0m:8s (0h:0m:5s left)
Iteration 90 / LogL: -14527.391 / Time: 0h:0m:9s (0h:0m:4s left)
Iteration 100 / LogL: -14527.355 / Time: 0h:0m:10s (0h:0m:3s left)
Iteration 110 / LogL: -14528.143 / Time: 0h:0m:11s (0h:0m:2s left)
Iteration 120 / LogL: -14527.410 / Time: 0h:0m:12s (0h:0m:0s left)
Iteration 130 / LogL: -14531.029 / Time: 0h:0m:14s (0h:0m:-1s left)
TREE SEARCH COMPLETED AFTER 130 ITERATIONS / Time: 0h:0m:14s

--------------------------------------------------------------------
|                    FINALIZING TREE SEARCH                        |
--------------------------------------------------------------------
Performs final model parameters optimization
Estimate model parameters (epsilon = 0.010)
1. Initial log-likelihood: -14527.290
Optimal log-likelihood: -14527.284
Rate parameters:  A-C: 1.01925  A-G: 3.11940  A-T: 0.70273  C-G: 1.05431  C-T: 2.60345  G-T: 1.00000
Base frequencies:  A: 0.285  C: 0.237  G: 0.253  T: 0.224
Gamma shape alpha: 0.221
Parameters optimization took 1 rounds (0.013 sec)
BEST SCORE FOUND : -14527.284
Total tree length: 1.288

Total number of iterations: 130
CPU time used for tree search: 110.347 sec (0h:1m:50s)
Wall-clock time used for tree search: 13.946 sec (0h:0m:13s)
Total CPU time used: 111.639 sec (0h:1m:51s)
Total wall-clock time used: 14.104 sec (0h:0m:14s)

Analysis results written to: 
  IQ-TREE report:                /workspace/IQTree_8_cores_JarvD5a_Results/exon_1524.iqtree
  Maximum-likelihood tree:       /workspace/IQTree_8_cores_JarvD5a_Results/exon_1524.treefile
  Likelihood distances:          /workspace/IQTree_8_cores_JarvD5a_Results/exon_1524.mldist
  Screen log file:               /workspace/IQTree_8_cores_JarvD5a_Results/exon_1524.log

Date and Time: Thu May 28 14:13:10 2026
