IQ-TREE version 3.1.2 for Linux x86 64-bit built May  7 2026
Developed by Bui Quang Minh, Thomas Wong, Nhan Ly-Trong, Huaiyan Ren
Contributed by Lam-Tung Nguyen, Dominik Schrempf, Chris Bielow,
Olga Chernomor, Michael Woodhams, Diep Thi Hoang, Heiko Schmidt

Host:    8084c4e79f09 (AVX512, FMA3, 1133 GB RAM)
Command: /workspace/iqtree-3.1.2-Linux/bin/iqtree3_intel -s /workspace/NeuralNJ/empirical/JarvD5a/exon_9882.fasta -st DNA -m GTR+G -T 8 -seed 2201 -pre /workspace/IQTree_8_cores_JarvD5a_Results/exon_9882 -quiet
Seed:    2201 (Using SPRNG - Scalable Parallel Random Number Generator)
Time:    Sat May 30 02:58:00 2026
Kernel:  AVX+FMA - 8 threads (384 CPU cores detected)

Reading alignment file /workspace/NeuralNJ/empirical/JarvD5a/exon_9882.fasta ... Fasta format detected
Reading fasta file: done in 0.000534773 secs using 28.42% CPU
Alignment most likely contains DNA/RNA sequences
Constructing alignment: done in 0.00125718 secs using 714.8% CPU
WARNING: 7 sites contain only gaps or ambiguous characters.
Alignment has 48 sequences with 640 columns, 100 distinct patterns
10 parsimony-informative, 47 singleton sites, 583 constant sites
       Gap/Ambiguity  Composition  p-value
Analyzing sequences: done in 1.00136e-05 secs using 109.9% CPU
   1  ACACH   10.00%    passed     99.94%
   2  ANAPL   10.00%    passed     99.12%
   3  APAVI    7.50%    passed     96.78%
   4  APTFO   10.00%    passed     99.92%
   5  BALRE   10.00%    passed    100.00%
   6  BUCRH   10.00%    passed     99.97%
   7  CALAN   10.00%    passed     99.65%
   8  CAPCA   10.00%    passed     99.92%
   9  CARCR   10.00%    passed    100.00%
  10  CATAU   10.00%    passed    100.00%
  11  CHAPE   10.00%    passed     99.97%
  12  CHAVO   10.00%    passed     99.97%
  13  CHLUN   10.00%    passed     99.92%
  14  COLLI   10.00%    passed     99.65%
  15  COLST   10.00%    passed    100.00%
  16  CORBR   15.94%    passed     98.18%
  17  CUCCA    9.53%    passed     99.31%
  18  EGRGA   10.00%    passed    100.00%
  19  EURHE   11.88%    passed     99.47%
  20  FALPE   15.62%    passed     95.96%
  21  FULGL   10.00%    passed    100.00%
  22  GALGA   10.00%    passed     99.97%
  23  GAVST   10.00%    passed     99.48%
  24  GEOFO   17.81%    passed     99.92%
  25  HALAL   10.00%    passed     99.96%
  26  HALLE   12.19%    passed     99.21%
  27  LEPDI   10.00%    passed    100.00%
  28  MANVI   10.00%    passed     99.92%
  29  MELGA   10.00%    passed     99.97%
  30  MELUN   10.00%    passed    100.00%
  31  MERNU   41.25%    passed     74.84%
  32  MESUN    9.06%    passed     99.70%
  33  NESNO   10.00%    passed     99.97%
  34  NIPNI   10.00%    passed    100.00%
  35  OPHHO    6.25%    passed     91.42%
  36  PELCR   10.00%    passed    100.00%
  37  PHACA   10.00%    passed    100.00%
  38  PHALE   10.00%    passed     99.92%
  39  PHORU   10.00%    passed    100.00%
  40  PICPU    9.38%    passed     97.22%
  41  PODCR   10.00%    passed     99.92%
  42  PTEGU   37.19%    passed     98.44%
  43  PYGAD   10.00%    passed     99.92%
  44  STRCA   10.00%    passed     99.92%
  45  TAEGU    3.75%    passed     81.27%
  46  TAUER   10.00%    passed    100.00%
  47  TINMA    9.06%    passed     99.85%
  48  TYTAL   10.00%    passed    100.00%
****  TOTAL   11.38%  0 sequences failed composition chi2 test (p-value<5%; df=3)
NOTE: PYGAD is identical to APTFO but kept for subsequent analysis
NOTE: CARCR is identical to BALRE but kept for subsequent analysis
NOTE: STRCA is identical to CAPCA but kept for subsequent analysis
NOTE: GALGA is identical to CHAPE but kept for subsequent analysis
Checking for duplicate sequences: done in 0.000180006 secs using 820% CPU
Identifying sites to remove: done in 0.000280142 secs using 790.3% CPU
NOTE: 13 identical sequences (see below) will be ignored for subsequent analysis
NOTE: CATAU (identical to BALRE) is ignored but added at the end
NOTE: COLST (identical to BALRE) is ignored but added at the end
NOTE: EGRGA (identical to BALRE) is ignored but added at the end
NOTE: FULGL (identical to BALRE) is ignored but added at the end
NOTE: LEPDI (identical to BALRE) is ignored but added at the end
NOTE: MELUN (identical to BALRE) is ignored but added at the end
NOTE: NIPNI (identical to BALRE) is ignored but added at the end
NOTE: PELCR (identical to BALRE) is ignored but added at the end
NOTE: PHACA (identical to BALRE) is ignored but added at the end
NOTE: PHORU (identical to BALRE) is ignored but added at the end
NOTE: TAUER (identical to BALRE) is ignored but added at the end
NOTE: TYTAL (identical to BALRE) is ignored but added at the end
NOTE: MELGA (identical to CHAPE) is ignored but added at the end
Alignment was printed to /workspace/IQTree_8_cores_JarvD5a_Results/exon_9882.uniqueseq.phy

For your convenience alignment with unique sequences printed to /workspace/IQTree_8_cores_JarvD5a_Results/exon_9882.uniqueseq.phy

Create initial parsimony tree by phylogenetic likelihood library (PLL)... 0.001 seconds

NOTE: 0 MB RAM (0 GB) is required!
WARNING: Number of threads seems too high for short alignments. Use -T AUTO to determine best number of threads.
Estimate model parameters (epsilon = 0.100)
1. Initial log-likelihood: -1320.915
2. Current log-likelihood: -1296.971
3. Current log-likelihood: -1296.193
Optimal log-likelihood: -1296.169
Rate parameters:  A-C: 0.59751  A-G: 0.23561  A-T: 0.56217  C-G: 0.47318  C-T: 2.62703  G-T: 1.00000
Base frequencies:  A: 0.338  C: 0.203  G: 0.215  T: 0.244
Gamma shape alpha: 0.108
Parameters optimization took 3 rounds (0.036 sec)
Wrote distance file to... 
Computing ML distances based on estimated model parameters...
Calculating distance matrix: done in 0.000634909 secs using 759% CPU
Computing ML distances took 0.000696 sec (of wall-clock time) 0.005093 sec (of CPU time)
Setting up auxiliary I and S matrices: done in 8.29697e-05 secs using 1097% CPU
Constructing RapidNJ tree: done in 0.00191712 secs using 707.6% CPU
Computing RapidNJ tree took 0.002044 sec (of wall-clock time) 0.017900 sec (of CPU time)
Log-likelihood of RapidNJ tree: -1303.240
--------------------------------------------------------------------
|             INITIALIZING CANDIDATE TREE SET                      |
--------------------------------------------------------------------
Generating 98 parsimony trees... 0.041 second
Computing log-likelihood of 98 initial trees ... 0.175 seconds
Current best score: -1294.328

Do NNI search on 20 best initial trees
Estimate model parameters (epsilon = 0.100)
BETTER TREE FOUND at iteration 1: -1291.203
Iteration 10 / LogL: -1292.020 / Time: 0h:0m:0s
Estimate model parameters (epsilon = 0.100)
BETTER TREE FOUND at iteration 15: -1291.155
Iteration 20 / LogL: -1294.912 / Time: 0h:0m:1s
Finish initializing candidate tree set (20)
Current best tree score: -1291.155 / CPU time: 1.288
Number of iterations: 20
--------------------------------------------------------------------
|               OPTIMIZING CANDIDATE TREE SET                      |
--------------------------------------------------------------------
Estimate model parameters (epsilon = 0.100)
BETTER TREE FOUND at iteration 25: -1291.105
Iteration 30 / LogL: -1291.107 / Time: 0h:0m:1s (0h:0m:6s left)
Estimate model parameters (epsilon = 0.100)
BETTER TREE FOUND at iteration 36: -1291.072
Iteration 40 / LogL: -1293.110 / Time: 0h:0m:2s (0h:0m:6s left)
BETTER TREE FOUND at iteration 44: -1291.072
Iteration 50 / LogL: -1291.073 / Time: 0h:0m:2s (0h:0m:5s left)
Iteration 60 / LogL: -1291.073 / Time: 0h:0m:3s (0h:0m:4s left)
Iteration 70 / LogL: -1293.070 / Time: 0h:0m:3s (0h:0m:4s left)
Iteration 80 / LogL: -1291.075 / Time: 0h:0m:4s (0h:0m:3s left)
BETTER TREE FOUND at iteration 83: -1291.072
Iteration 90 / LogL: -1291.073 / Time: 0h:0m:4s (0h:0m:5s left)
Iteration 100 / LogL: -1291.073 / Time: 0h:0m:5s (0h:0m:4s left)
BETTER TREE FOUND at iteration 101: -1291.072
BETTER TREE FOUND at iteration 104: -1291.072
Iteration 110 / LogL: -1291.073 / Time: 0h:0m:5s (0h:0m:5s left)
Iteration 120 / LogL: -1291.073 / Time: 0h:0m:6s (0h:0m:4s left)
BETTER TREE FOUND at iteration 121: -1291.072
Iteration 130 / LogL: -1294.890 / Time: 0h:0m:6s (0h:0m:4s left)
Iteration 140 / LogL: -1291.073 / Time: 0h:0m:7s (0h:0m:4s left)
Iteration 150 / LogL: -1295.745 / Time: 0h:0m:7s (0h:0m:3s left)
Iteration 160 / LogL: -1291.072 / Time: 0h:0m:8s (0h:0m:3s left)
BETTER TREE FOUND at iteration 170: -1291.071
Iteration 170 / LogL: -1291.071 / Time: 0h:0m:8s (0h:0m:5s left)
Iteration 180 / LogL: -1291.073 / Time: 0h:0m:9s (0h:0m:4s left)
Iteration 190 / LogL: -1291.073 / Time: 0h:0m:9s (0h:0m:4s left)
Iteration 200 / LogL: -1291.072 / Time: 0h:0m:10s (0h:0m:3s left)
Iteration 210 / LogL: -1291.074 / Time: 0h:0m:10s (0h:0m:3s left)
Iteration 220 / LogL: -1291.072 / Time: 0h:0m:11s (0h:0m:2s left)
Iteration 230 / LogL: -1291.075 / Time: 0h:0m:11s (0h:0m:2s left)
BETTER TREE FOUND at iteration 239: -1291.071
Iteration 240 / LogL: -1291.073 / Time: 0h:0m:12s (0h:0m:5s left)
Iteration 250 / LogL: -1297.236 / Time: 0h:0m:12s (0h:0m:4s left)
Iteration 260 / LogL: -1294.960 / Time: 0h:0m:13s (0h:0m:4s left)
Iteration 270 / LogL: -1291.074 / Time: 0h:0m:13s (0h:0m:3s left)
Iteration 280 / LogL: -1295.028 / Time: 0h:0m:14s (0h:0m:2s left)
Iteration 290 / LogL: -1291.073 / Time: 0h:0m:14s (0h:0m:2s left)
Iteration 300 / LogL: -1292.918 / Time: 0h:0m:15s (0h:0m:1s left)
BETTER TREE FOUND at iteration 303: -1291.070
Iteration 310 / LogL: -1292.789 / Time: 0h:0m:15s (0h:0m:4s left)
Iteration 320 / LogL: -1291.072 / Time: 0h:0m:16s (0h:0m:4s left)
Iteration 330 / LogL: -1291.073 / Time: 0h:0m:16s (0h:0m:3s left)
Iteration 340 / LogL: -1295.728 / Time: 0h:0m:17s (0h:0m:3s left)
Iteration 350 / LogL: -1291.074 / Time: 0h:0m:17s (0h:0m:2s left)
Iteration 360 / LogL: -1291.073 / Time: 0h:0m:18s (0h:0m:2s left)
Iteration 370 / LogL: -1295.029 / Time: 0h:0m:18s (0h:0m:1s left)
Iteration 380 / LogL: -1291.074 / Time: 0h:0m:19s (0h:0m:1s left)
Iteration 390 / LogL: -1291.107 / Time: 0h:0m:19s (0h:0m:0s left)
Iteration 400 / LogL: -1294.956 / Time: 0h:0m:20s (0h:0m:0s left)
TREE SEARCH COMPLETED AFTER 404 ITERATIONS / Time: 0h:0m:20s

--------------------------------------------------------------------
|                    FINALIZING TREE SEARCH                        |
--------------------------------------------------------------------
Performs final model parameters optimization
Estimate model parameters (epsilon = 0.010)
1. Initial log-likelihood: -1291.070
Optimal log-likelihood: -1291.070
Rate parameters:  A-C: 0.60212  A-G: 0.23711  A-T: 0.56154  C-G: 0.47319  C-T: 2.62648  G-T: 1.00000
Base frequencies:  A: 0.338  C: 0.203  G: 0.215  T: 0.244
Gamma shape alpha: 0.141
Parameters optimization took 1 rounds (0.004 sec)
BEST SCORE FOUND : -1291.070
Total tree length: 0.126

Total number of iterations: 404
CPU time used for tree search: 161.351 sec (0h:2m:41s)
Wall-clock time used for tree search: 20.177 sec (0h:0m:20s)
Total CPU time used: 161.887 sec (0h:2m:41s)
Total wall-clock time used: 20.244 sec (0h:0m:20s)

Analysis results written to: 
  IQ-TREE report:                /workspace/IQTree_8_cores_JarvD5a_Results/exon_9882.iqtree
  Maximum-likelihood tree:       /workspace/IQTree_8_cores_JarvD5a_Results/exon_9882.treefile
  Likelihood distances:          /workspace/IQTree_8_cores_JarvD5a_Results/exon_9882.mldist
  Screen log file:               /workspace/IQTree_8_cores_JarvD5a_Results/exon_9882.log

Date and Time: Sat May 30 02:58:20 2026
