IQ-TREE version 3.1.2 for Linux x86 64-bit built May  7 2026
Developed by Bui Quang Minh, Thomas Wong, Nhan Ly-Trong, Huaiyan Ren
Contributed by Lam-Tung Nguyen, Dominik Schrempf, Chris Bielow,
Olga Chernomor, Michael Woodhams, Diep Thi Hoang, Heiko Schmidt

Host:    8084c4e79f09 (AVX512, FMA3, 1133 GB RAM)
Command: /workspace/iqtree-3.1.2-Linux/bin/iqtree3_intel -s /workspace/NeuralNJ/empirical/JarvD5a/exon_14421.fasta -st DNA -m GTR+G -T 8 -seed 2201 -pre /workspace/IQTree_8_cores_JarvD5a_Results/exon_14421 -quiet
Seed:    2201 (Using SPRNG - Scalable Parallel Random Number Generator)
Time:    Thu May 28 12:52:20 2026
Kernel:  AVX+FMA - 8 threads (384 CPU cores detected)

Reading alignment file /workspace/NeuralNJ/empirical/JarvD5a/exon_14421.fasta ... Fasta format detected
Reading fasta file: done in 0.000323057 secs
Alignment most likely contains DNA/RNA sequences
Constructing alignment: done in 0.000956059 secs using 410.1% CPU
Alignment has 45 sequences with 700 columns, 454 distinct patterns
256 parsimony-informative, 129 singleton sites, 315 constant sites
       Gap/Ambiguity  Composition  p-value
Analyzing sequences: done in 1.40667e-05 secs using 263% CPU
   1  ACACH    1.14%    passed     96.64%
   2  ANAPL    9.71%    passed     33.89%
   3  APAVI    3.43%    passed     69.03%
   4  APTFO    1.14%    passed     97.63%
   5  BALRE    1.14%    passed     38.01%
   6  BUCRH   21.14%    passed     90.13%
   7  CAPCA   19.14%    passed     99.35%
   8  CARCR    4.29%    passed     91.07%
   9  CATAU    7.14%    passed     98.83%
  10  CHAPE   41.43%    passed     84.43%
  11  CHAVO    2.86%    passed     97.83%
  12  CHLUN   12.86%    passed     97.54%
  13  COLLI    1.14%    passed     88.88%
  14  COLST   15.57%    passed     74.89%
  15  CORBR    1.14%    passed     78.00%
  16  CUCCA    2.86%    passed     64.06%
  17  EGRGA   13.71%    passed     91.96%
  18  EURHE   12.86%    passed     73.97%
  19  FALPE    2.86%    passed     88.49%
  20  FULGL   38.00%    passed     40.87%
  21  GALGA    3.14%    passed     20.65%
  22  GAVST   31.71%    passed     16.81%
  23  GEOFO   29.43%    passed     85.09%
  24  HALLE    2.86%    passed     92.11%
  25  LEPDI   13.71%    passed     96.90%
  26  MANVI    9.43%    passed     33.02%
  27  MELGA    3.71%    passed     22.52%
  28  MELUN    4.86%    passed     99.43%
  29  MERNU    4.57%    passed      6.66%
  30  MESUN    1.14%    passed     99.93%
  31  NESNO   37.71%    passed     14.29%
  32  NIPNI    1.14%    passed     92.19%
  33  OPHHO   18.00%    passed     92.83%
  34  PELCR    6.00%    passed     86.29%
  35  PHACA    4.00%    passed     96.47%
  36  PHALE   14.57%    passed     96.67%
  37  PHORU   18.57%    passed     78.83%
  38  PICPU    2.86%    passed     48.78%
  39  PODCR   30.00%    passed     15.50%
  40  PTEGU   24.29%    passed     89.85%
  41  PYGAD    6.57%    passed     87.86%
  42  STRCA    5.43%    passed     71.44%
  43  TAEGU    2.29%    passed     38.28%
  44  TAUER    5.57%    passed     97.08%
  45  TYTAL   42.00%    passed     62.21%
****  TOTAL   11.94%  0 sequences failed composition chi2 test (p-value<5%; df=3)
Checking for duplicate sequences: done in 0.000136137 secs using 786.7% CPU

Create initial parsimony tree by phylogenetic likelihood library (PLL)... 0.002 seconds

NOTE: 2 MB RAM (0 GB) is required!
WARNING: Number of threads seems too high for short alignments. Use -T AUTO to determine best number of threads.
Estimate model parameters (epsilon = 0.100)
1. Initial log-likelihood: -7592.758
2. Current log-likelihood: -7033.507
3. Current log-likelihood: -7027.262
Optimal log-likelihood: -7027.189
Rate parameters:  A-C: 2.40188  A-G: 10.74700  A-T: 0.65929  C-G: 2.97060  C-T: 6.05231  G-T: 1.00000
Base frequencies:  A: 0.244  C: 0.224  G: 0.259  T: 0.273
Gamma shape alpha: 0.450
Parameters optimization took 3 rounds (0.068 sec)
Wrote distance file to... 
Computing ML distances based on estimated model parameters...
Calculating distance matrix: done in 0.000799894 secs using 782.6% CPU
Computing ML distances took 0.000850 sec (of wall-clock time) 0.006403 sec (of CPU time)
Setting up auxiliary I and S matrices: done in 0.000138044 secs using 1092% CPU
Constructing RapidNJ tree: done in 0.00224209 secs using 856.5% CPU
Computing RapidNJ tree took 0.002408 sec (of wall-clock time) 0.021086 sec (of CPU time)
Log-likelihood of RapidNJ tree: -7037.152
--------------------------------------------------------------------
|             INITIALIZING CANDIDATE TREE SET                      |
--------------------------------------------------------------------
Generating 98 parsimony trees... 0.206 second
Computing log-likelihood of 98 initial trees ... 0.412 seconds
Current best score: -7018.320

Do NNI search on 20 best initial trees
Estimate model parameters (epsilon = 0.100)
BETTER TREE FOUND at iteration 1: -7002.066
Estimate model parameters (epsilon = 0.100)
BETTER TREE FOUND at iteration 3: -6999.504
Iteration 10 / LogL: -7014.119 / Time: 0h:0m:1s
Iteration 20 / LogL: -7019.293 / Time: 0h:0m:2s
Finish initializing candidate tree set (20)
Current best tree score: -6999.504 / CPU time: 2.806
Number of iterations: 20
--------------------------------------------------------------------
|               OPTIMIZING CANDIDATE TREE SET                      |
--------------------------------------------------------------------
Estimate model parameters (epsilon = 0.100)
BETTER TREE FOUND at iteration 26: -6995.068
Iteration 30 / LogL: -6998.810 / Time: 0h:0m:4s (0h:0m:13s left)
Estimate model parameters (epsilon = 0.100)
BETTER TREE FOUND at iteration 31: -6994.856
Estimate model parameters (epsilon = 0.100)
BETTER TREE FOUND at iteration 32: -6992.944
Estimate model parameters (epsilon = 0.100)
BETTER TREE FOUND at iteration 39: -6991.251
Iteration 40 / LogL: -6995.451 / Time: 0h:0m:5s (0h:0m:13s left)
Estimate model parameters (epsilon = 0.100)
BETTER TREE FOUND at iteration 43: -6990.264
Iteration 50 / LogL: -6994.286 / Time: 0h:0m:6s (0h:0m:12s left)
Estimate model parameters (epsilon = 0.100)
BETTER TREE FOUND at iteration 56: -6990.210
Iteration 60 / LogL: -6992.982 / Time: 0h:0m:7s (0h:0m:12s left)
UPDATE BEST LOG-LIKELIHOOD: -6990.209
Iteration 70 / LogL: -6990.210 / Time: 0h:0m:9s (0h:0m:11s left)
Iteration 80 / LogL: -6990.210 / Time: 0h:0m:10s (0h:0m:9s left)
Iteration 90 / LogL: -6990.264 / Time: 0h:0m:11s (0h:0m:8s left)
Iteration 100 / LogL: -6990.264 / Time: 0h:0m:12s (0h:0m:7s left)
Estimate model parameters (epsilon = 0.100)
BETTER TREE FOUND at iteration 106: -6989.668
Iteration 110 / LogL: -7023.503 / Time: 0h:0m:13s (0h:0m:12s left)
Iteration 120 / LogL: -6990.280 / Time: 0h:0m:14s (0h:0m:10s left)
Iteration 130 / LogL: -6990.501 / Time: 0h:0m:15s (0h:0m:9s left)
Iteration 140 / LogL: -6990.248 / Time: 0h:0m:17s (0h:0m:8s left)
UPDATE BEST LOG-LIKELIHOOD: -6989.668
Iteration 150 / LogL: -6990.210 / Time: 0h:0m:18s (0h:0m:6s left)
Iteration 160 / LogL: -6993.063 / Time: 0h:0m:19s (0h:0m:5s left)
Iteration 170 / LogL: -6990.210 / Time: 0h:0m:20s (0h:0m:4s left)
UPDATE BEST LOG-LIKELIHOOD: -6989.668
Iteration 180 / LogL: -7023.013 / Time: 0h:0m:21s (0h:0m:3s left)
Iteration 190 / LogL: -7041.422 / Time: 0h:0m:23s (0h:0m:1s left)
Iteration 200 / LogL: -6990.590 / Time: 0h:0m:24s (0h:0m:0s left)
TREE SEARCH COMPLETED AFTER 207 ITERATIONS / Time: 0h:0m:25s

--------------------------------------------------------------------
|                    FINALIZING TREE SEARCH                        |
--------------------------------------------------------------------
Performs final model parameters optimization
Estimate model parameters (epsilon = 0.010)
1. Initial log-likelihood: -6989.668
Optimal log-likelihood: -6989.668
Rate parameters:  A-C: 2.35023  A-G: 10.25118  A-T: 0.68800  C-G: 3.05465  C-T: 6.16392  G-T: 1.00000
Base frequencies:  A: 0.244  C: 0.224  G: 0.259  T: 0.273
Gamma shape alpha: 0.460
Parameters optimization took 1 rounds (0.010 sec)
BEST SCORE FOUND : -6989.668
Total tree length: 2.823

Total number of iterations: 207
CPU time used for tree search: 199.244 sec (0h:3m:19s)
Wall-clock time used for tree search: 24.969 sec (0h:0m:24s)
Total CPU time used: 200.150 sec (0h:3m:20s)
Total wall-clock time used: 25.081 sec (0h:0m:25s)

Analysis results written to: 
  IQ-TREE report:                /workspace/IQTree_8_cores_JarvD5a_Results/exon_14421.iqtree
  Maximum-likelihood tree:       /workspace/IQTree_8_cores_JarvD5a_Results/exon_14421.treefile
  Likelihood distances:          /workspace/IQTree_8_cores_JarvD5a_Results/exon_14421.mldist
  Screen log file:               /workspace/IQTree_8_cores_JarvD5a_Results/exon_14421.log

Date and Time: Thu May 28 12:52:45 2026
