IQ-TREE version 3.1.2 for Linux x86 64-bit built May  7 2026
Developed by Bui Quang Minh, Thomas Wong, Nhan Ly-Trong, Huaiyan Ren
Contributed by Lam-Tung Nguyen, Dominik Schrempf, Chris Bielow,
Olga Chernomor, Michael Woodhams, Diep Thi Hoang, Heiko Schmidt

Host:    8084c4e79f09 (AVX512, FMA3, 1133 GB RAM)
Command: /workspace/iqtree-3.1.2-Linux/bin/iqtree3_intel -s /workspace/NeuralNJ/empirical/JarvD5a/exon_601.fasta -st DNA -m GTR+G -T 8 -seed 2201 -pre /workspace/IQTree_8_cores_JarvD5a_Results/exon_601 -quiet
Seed:    2201 (Using SPRNG - Scalable Parallel Random Number Generator)
Time:    Fri May 29 07:51:07 2026
Kernel:  AVX+FMA - 8 threads (384 CPU cores detected)

Reading alignment file /workspace/NeuralNJ/empirical/JarvD5a/exon_601.fasta ... Fasta format detected
Reading fasta file: done in 0.000343084 secs using 24.78% CPU
Alignment most likely contains DNA/RNA sequences
Constructing alignment: done in 0.000967026 secs using 572.8% CPU
Alignment has 46 sequences with 752 columns, 85 distinct patterns
39 parsimony-informative, 29 singleton sites, 684 constant sites
       Gap/Ambiguity  Composition  p-value
Analyzing sequences: done in 9.05991e-06 secs using 99.34% CPU
   1  ACACH    9.31%    passed     99.88%
   2  ANAPL    9.31%    passed     99.89%
   3  APAVI    9.31%    passed     98.95%
   4  APTFO    0.00%    passed     98.62%
   5  BALRE    9.31%    passed     99.95%
   6  BUCRH    9.31%    passed     99.73%
   7  CALAN    0.80%    passed     97.62%
   8  CAPCA    9.31%    passed     99.26%
   9  CARCR    9.31%    passed     99.68%
  10  CATAU    5.05%    passed     95.09%
  11  CHAPE    9.31%    passed     99.80%
  12  CHAVO    0.40%    passed     97.05%
  13  CHLUN    9.31%    passed     99.95%
  14  COLLI    0.80%    passed     99.17%
  15  COLST    6.91%    passed     99.36%
  16  CORBR    1.33%    passed     95.81%
  17  CUCCA    9.31%    passed     99.71%
  18  EGRGA    9.31%    passed     99.55%
  19  FALPE    9.31%    passed     99.95%
  20  FULGL    6.91%    passed     96.38%
  21  GALGA    0.00%    passed     96.47%
  22  GAVST    9.31%    passed     99.70%
  23  GEOFO    0.00%    passed     94.48%
  24  HALAL    9.31%    passed     99.68%
  25  HALLE    0.66%    passed     98.66%
  26  LEPDI    5.05%    passed     96.81%
  27  MANVI    6.91%    passed     99.29%
  28  MELGA    9.31%    passed     98.95%
  29  MELUN    0.00%    passed     94.79%
  30  MERNU   10.64%    passed     97.22%
  31  MESUN    6.91%    passed     98.69%
  32  NESNO    9.31%    passed     99.17%
  33  NIPNI    9.31%    passed     99.45%
  34  OPHHO    9.31%    passed     99.96%
  35  PHACA    6.91%    passed     98.01%
  36  PHALE    9.31%    passed     99.94%
  37  PHORU    9.31%    passed     99.71%
  38  PICPU    0.00%    passed     91.59%
  39  PODCR    9.31%    passed     99.86%
  40  PTEGU    9.31%    passed     99.95%
  41  PYGAD    0.00%    passed     98.62%
  42  STRCA    9.31%    passed     99.68%
  43  TAEGU    9.31%    passed     99.60%
  44  TAUER    6.38%    passed     99.60%
  45  TINMA    9.31%    passed     97.92%
  46  TYTAL    9.31%    passed     99.42%
****  TOTAL    6.69%  0 sequences failed composition chi2 test (p-value<5%; df=3)
NOTE: PYGAD is identical to APTFO but kept for subsequent analysis
NOTE: HALAL is identical to CARCR but kept for subsequent analysis
Checking for duplicate sequences: done in 0.000115871 secs using 793.1% CPU

Create initial parsimony tree by phylogenetic likelihood library (PLL)... 0.001 seconds

NOTE: 0 MB RAM (0 GB) is required!
WARNING: Number of threads seems too high for short alignments. Use -T AUTO to determine best number of threads.
Estimate model parameters (epsilon = 0.100)
1. Initial log-likelihood: -1865.040
2. Current log-likelihood: -1785.515
3. Current log-likelihood: -1780.489
4. Current log-likelihood: -1780.376
Optimal log-likelihood: -1780.347
Rate parameters:  A-C: 1.37316  A-G: 1.92081  A-T: 0.44149  C-G: 1.07355  C-T: 7.17189  G-T: 1.00000
Base frequencies:  A: 0.351  C: 0.195  G: 0.227  T: 0.228
Gamma shape alpha: 0.020
Parameters optimization took 4 rounds (0.061 sec)
Wrote distance file to... 
Computing ML distances based on estimated model parameters...
Calculating distance matrix: done in 0.001652 secs using 786.2% CPU
Computing ML distances took 0.001693 sec (of wall-clock time) 0.013127 sec (of CPU time)
Setting up auxiliary I and S matrices: done in 0.000151873 secs using 1086% CPU
Constructing RapidNJ tree: done in 0.00450802 secs using 870.3% CPU
Computing RapidNJ tree took 0.004697 sec (of wall-clock time) 0.041534 sec (of CPU time)
Log-likelihood of RapidNJ tree: -1766.593
--------------------------------------------------------------------
|             INITIALIZING CANDIDATE TREE SET                      |
--------------------------------------------------------------------
Generating 98 parsimony trees... 0.083 second
Computing log-likelihood of 98 initial trees ... 0.401 seconds
Current best score: -1753.056

Do NNI search on 20 best initial trees
Estimate model parameters (epsilon = 0.100)
BETTER TREE FOUND at iteration 1: -1750.902
Estimate model parameters (epsilon = 0.100)
BETTER TREE FOUND at iteration 3: -1749.153
Iteration 10 / LogL: -1756.451 / Time: 0h:0m:1s
Iteration 20 / LogL: -1758.247 / Time: 0h:0m:2s
Finish initializing candidate tree set (20)
Current best tree score: -1749.153 / CPU time: 2.570
Number of iterations: 20
--------------------------------------------------------------------
|               OPTIMIZING CANDIDATE TREE SET                      |
--------------------------------------------------------------------
Estimate model parameters (epsilon = 0.100)
BETTER TREE FOUND at iteration 22: -1748.688
Estimate model parameters (epsilon = 0.100)
BETTER TREE FOUND at iteration 26: -1746.694
Iteration 30 / LogL: -1746.695 / Time: 0h:0m:3s (0h:0m:13s left)
Iteration 40 / LogL: -1753.853 / Time: 0h:0m:5s (0h:0m:11s left)
BETTER TREE FOUND at iteration 47: -1746.685
BETTER TREE FOUND at iteration 48: -1746.684
Iteration 50 / LogL: -1746.695 / Time: 0h:0m:6s (0h:0m:13s left)
BETTER TREE FOUND at iteration 57: -1746.682
Iteration 60 / LogL: -1747.025 / Time: 0h:0m:8s (0h:0m:13s left)
Iteration 70 / LogL: -1750.736 / Time: 0h:0m:9s (0h:0m:11s left)
BETTER TREE FOUND at iteration 75: -1746.681
BETTER TREE FOUND at iteration 76: -1746.677
Iteration 80 / LogL: -1746.700 / Time: 0h:0m:10s (0h:0m:13s left)
BETTER TREE FOUND at iteration 83: -1746.677
Iteration 90 / LogL: -1753.454 / Time: 0h:0m:12s (0h:0m:12s left)
Iteration 100 / LogL: -1746.709 / Time: 0h:0m:13s (0h:0m:11s left)
BETTER TREE FOUND at iteration 108: -1746.675
Iteration 110 / LogL: -1746.680 / Time: 0h:0m:14s (0h:0m:13s left)
Iteration 120 / LogL: -1747.601 / Time: 0h:0m:16s (0h:0m:11s left)
Iteration 130 / LogL: -1747.897 / Time: 0h:0m:17s (0h:0m:10s left)
Iteration 140 / LogL: -1749.296 / Time: 0h:0m:18s (0h:0m:8s left)
Iteration 150 / LogL: -1746.687 / Time: 0h:0m:19s (0h:0m:7s left)
Iteration 160 / LogL: -1746.690 / Time: 0h:0m:20s (0h:0m:6s left)
BETTER TREE FOUND at iteration 161: -1746.674
Iteration 170 / LogL: -1746.691 / Time: 0h:0m:21s (0h:0m:11s left)
Iteration 180 / LogL: -1750.735 / Time: 0h:0m:22s (0h:0m:10s left)
Iteration 190 / LogL: -1747.371 / Time: 0h:0m:23s (0h:0m:8s left)
Iteration 200 / LogL: -1746.690 / Time: 0h:0m:24s (0h:0m:7s left)
Iteration 210 / LogL: -1746.687 / Time: 0h:0m:25s (0h:0m:6s left)
Iteration 220 / LogL: -1746.676 / Time: 0h:0m:27s (0h:0m:5s left)
Iteration 230 / LogL: -1746.687 / Time: 0h:0m:28s (0h:0m:3s left)
Iteration 240 / LogL: -1750.725 / Time: 0h:0m:29s (0h:0m:2s left)
Iteration 250 / LogL: -1746.676 / Time: 0h:0m:31s (0h:0m:1s left)
BETTER TREE FOUND at iteration 257: -1746.673
Iteration 260 / LogL: -1752.333 / Time: 0h:0m:33s (0h:0m:12s left)
Iteration 270 / LogL: -1749.369 / Time: 0h:0m:34s (0h:0m:11s left)
Iteration 280 / LogL: -1746.689 / Time: 0h:0m:35s (0h:0m:9s left)
BETTER TREE FOUND at iteration 288: -1746.668
Iteration 290 / LogL: -1746.668 / Time: 0h:0m:36s (0h:0m:12s left)
Iteration 300 / LogL: -1746.670 / Time: 0h:0m:38s (0h:0m:11s left)
BETTER TREE FOUND at iteration 302: -1746.667
BETTER TREE FOUND at iteration 304: -1746.666
BETTER TREE FOUND at iteration 306: -1746.664
Iteration 310 / LogL: -1747.097 / Time: 0h:0m:39s (0h:0m:12s left)
BETTER TREE FOUND at iteration 311: -1746.663
Iteration 320 / LogL: -1746.682 / Time: 0h:0m:40s (0h:0m:11s left)
Estimate model parameters (epsilon = 0.100)
BETTER TREE FOUND at iteration 328: -1746.530
Iteration 330 / LogL: -1750.695 / Time: 0h:0m:42s (0h:0m:12s left)
Iteration 340 / LogL: -1747.216 / Time: 0h:0m:43s (0h:0m:11s left)
BETTER TREE FOUND at iteration 347: -1746.529
Iteration 350 / LogL: -1746.789 / Time: 0h:0m:44s (0h:0m:12s left)
Iteration 360 / LogL: -1746.538 / Time: 0h:0m:45s (0h:0m:11s left)
Iteration 370 / LogL: -1746.533 / Time: 0h:0m:46s (0h:0m:9s left)
Iteration 380 / LogL: -1746.539 / Time: 0h:0m:48s (0h:0m:8s left)
Iteration 390 / LogL: -1746.959 / Time: 0h:0m:49s (0h:0m:7s left)
BETTER TREE FOUND at iteration 391: -1746.528
BETTER TREE FOUND at iteration 396: -1746.527
BETTER TREE FOUND at iteration 398: -1746.526
Iteration 400 / LogL: -1746.527 / Time: 0h:0m:50s (0h:0m:12s left)
Iteration 410 / LogL: -1746.541 / Time: 0h:0m:52s (0h:0m:11s left)
Iteration 420 / LogL: -1746.960 / Time: 0h:0m:53s (0h:0m:9s left)
Iteration 430 / LogL: -1746.538 / Time: 0h:0m:54s (0h:0m:8s left)
BETTER TREE FOUND at iteration 439: -1746.525
Iteration 440 / LogL: -1746.540 / Time: 0h:0m:55s (0h:0m:12s left)
Iteration 450 / LogL: -1747.721 / Time: 0h:0m:56s (0h:0m:11s left)
BETTER TREE FOUND at iteration 454: -1746.523
Iteration 460 / LogL: -1746.540 / Time: 0h:0m:57s (0h:0m:11s left)
Iteration 470 / LogL: -1746.551 / Time: 0h:0m:58s (0h:0m:10s left)
BETTER TREE FOUND at iteration 475: -1746.523
Iteration 480 / LogL: -1750.499 / Time: 0h:0m:59s (0h:0m:11s left)
Iteration 490 / LogL: -1746.545 / Time: 0h:1m:0s (0h:0m:10s left)
BETTER TREE FOUND at iteration 497: -1746.522
Iteration 500 / LogL: -1747.721 / Time: 0h:1m:1s (0h:0m:11s left)
Iteration 510 / LogL: -1750.573 / Time: 0h:1m:2s (0h:0m:10s left)
Iteration 520 / LogL: -1750.572 / Time: 0h:1m:3s (0h:0m:9s left)
Iteration 530 / LogL: -1757.780 / Time: 0h:1m:4s (0h:0m:8s left)
Iteration 540 / LogL: -1746.539 / Time: 0h:1m:5s (0h:0m:6s left)
Iteration 550 / LogL: -1746.523 / Time: 0h:1m:6s (0h:0m:5s left)
BETTER TREE FOUND at iteration 555: -1746.521
Iteration 560 / LogL: -1746.523 / Time: 0h:1m:7s (0h:0m:11s left)
Iteration 570 / LogL: -1746.523 / Time: 0h:1m:9s (0h:0m:10s left)
Iteration 580 / LogL: -1746.537 / Time: 0h:1m:10s (0h:0m:9s left)
Iteration 590 / LogL: -1750.572 / Time: 0h:1m:11s (0h:0m:7s left)
BETTER TREE FOUND at iteration 593: -1746.521
Iteration 600 / LogL: -1747.548 / Time: 0h:1m:12s (0h:0m:11s left)
Iteration 610 / LogL: -1746.537 / Time: 0h:1m:13s (0h:0m:9s left)
Iteration 620 / LogL: -1746.538 / Time: 0h:1m:14s (0h:0m:8s left)
Iteration 630 / LogL: -1746.538 / Time: 0h:1m:15s (0h:0m:7s left)
Iteration 640 / LogL: -1746.540 / Time: 0h:1m:16s (0h:0m:6s left)
Iteration 650 / LogL: -1753.694 / Time: 0h:1m:17s (0h:0m:5s left)
BETTER TREE FOUND at iteration 654: -1746.520
Iteration 660 / LogL: -1746.539 / Time: 0h:1m:18s (0h:0m:11s left)
Iteration 670 / LogL: -1746.521 / Time: 0h:1m:19s (0h:0m:10s left)
Iteration 680 / LogL: -1746.521 / Time: 0h:1m:20s (0h:0m:8s left)
Iteration 690 / LogL: -1747.894 / Time: 0h:1m:21s (0h:0m:7s left)
BETTER TREE FOUND at iteration 694: -1746.520
Iteration 700 / LogL: -1750.571 / Time: 0h:1m:23s (0h:0m:11s left)
Iteration 710 / LogL: -1753.624 / Time: 0h:1m:24s (0h:0m:9s left)
Iteration 720 / LogL: -1747.207 / Time: 0h:1m:25s (0h:0m:8s left)
Iteration 730 / LogL: -1746.537 / Time: 0h:1m:26s (0h:0m:7s left)
Iteration 740 / LogL: -1751.000 / Time: 0h:1m:27s (0h:0m:6s left)
Iteration 750 / LogL: -1746.550 / Time: 0h:1m:28s (0h:0m:5s left)
Iteration 760 / LogL: -1746.523 / Time: 0h:1m:29s (0h:0m:4s left)
Iteration 770 / LogL: -1746.538 / Time: 0h:1m:30s (0h:0m:2s left)
Iteration 780 / LogL: -1754.257 / Time: 0h:1m:31s (0h:0m:1s left)
Iteration 790 / LogL: -1753.599 / Time: 0h:1m:32s (0h:0m:0s left)
TREE SEARCH COMPLETED AFTER 795 ITERATIONS / Time: 0h:1m:33s

--------------------------------------------------------------------
|                    FINALIZING TREE SEARCH                        |
--------------------------------------------------------------------
Performs final model parameters optimization
Estimate model parameters (epsilon = 0.010)
1. Initial log-likelihood: -1746.520
Optimal log-likelihood: -1746.520
Rate parameters:  A-C: 1.50607  A-G: 1.98051  A-T: 0.52569  C-G: 1.29655  C-T: 6.94841  G-T: 1.00000
Base frequencies:  A: 0.351  C: 0.195  G: 0.227  T: 0.228
Gamma shape alpha: 0.020
Parameters optimization took 1 rounds (0.008 sec)
BEST SCORE FOUND : -1746.520
Total tree length: 0.234

Total number of iterations: 795
CPU time used for tree search: 744.135 sec (0h:12m:24s)
Wall-clock time used for tree search: 93.140 sec (0h:1m:33s)
Total CPU time used: 744.951 sec (0h:12m:24s)
Total wall-clock time used: 93.243 sec (0h:1m:33s)

Analysis results written to: 
  IQ-TREE report:                /workspace/IQTree_8_cores_JarvD5a_Results/exon_601.iqtree
  Maximum-likelihood tree:       /workspace/IQTree_8_cores_JarvD5a_Results/exon_601.treefile
  Likelihood distances:          /workspace/IQTree_8_cores_JarvD5a_Results/exon_601.mldist
  Screen log file:               /workspace/IQTree_8_cores_JarvD5a_Results/exon_601.log

Date and Time: Fri May 29 07:52:40 2026
