IQ-TREE version 3.1.2 for Linux x86 64-bit built May  7 2026
Developed by Bui Quang Minh, Thomas Wong, Nhan Ly-Trong, Huaiyan Ren
Contributed by Lam-Tung Nguyen, Dominik Schrempf, Chris Bielow,
Olga Chernomor, Michael Woodhams, Diep Thi Hoang, Heiko Schmidt

Host:    8084c4e79f09 (AVX512, FMA3, 1133 GB RAM)
Command: /workspace/iqtree-3.1.2-Linux/bin/iqtree3_intel -s /workspace/NeuralNJ/empirical/JarvD5a/exon_14479.fasta -st DNA -m GTR+G -T 8 -seed 2201 -pre /workspace/IQTree_8_cores_JarvD5a_Results/exon_14479 -quiet
Seed:    2201 (Using SPRNG - Scalable Parallel Random Number Generator)
Time:    Thu May 28 13:07:09 2026
Kernel:  AVX+FMA - 8 threads (384 CPU cores detected)

Reading alignment file /workspace/NeuralNJ/empirical/JarvD5a/exon_14479.fasta ... Fasta format detected
Reading fasta file: done in 0.00067997 secs using 20% CPU
Alignment most likely contains DNA/RNA sequences
Constructing alignment: done in 0.00219488 secs using 651.7% CPU
Alignment has 44 sequences with 1654 columns, 267 distinct patterns
126 parsimony-informative, 85 singleton sites, 1443 constant sites
       Gap/Ambiguity  Composition  p-value
Analyzing sequences: done in 1.50204e-05 secs using 552.6% CPU
   1  ACACH    3.63%    passed     97.62%
   2  ANAPL    8.46%    passed     95.38%
   3  APAVI    4.47%    passed     99.75%
   4  APTFO    3.63%    passed     98.29%
   5  BALRE    5.32%    passed     98.93%
   6  BUCRH    4.11%    passed     95.97%
   7  CALAN    7.50%    passed     92.50%
   8  CAPCA    6.89%    passed     99.43%
   9  CARCR    5.44%    passed     99.81%
  10  CHAPE    5.56%    passed     98.63%
  11  CHAVO    5.68%    passed     99.72%
  12  CHLUN    5.08%    passed     99.41%
  13  COLLI    5.68%    passed     97.96%
  14  CORBR    2.90%    passed     99.86%
  15  EGRGA    4.84%    passed     98.75%
  16  EURHE    5.20%    passed     97.21%
  17  FALPE    5.56%    passed    100.00%
  18  FULGL    5.80%    passed     99.46%
  19  GALGA    3.75%    passed     99.17%
  20  GAVST    6.89%    passed     99.43%
  21  GEOFO    4.23%    passed     95.15%
  22  HALAL    4.41%    passed     99.08%
  23  HALLE    3.99%    passed     99.17%
  24  LEPDI    5.62%    passed     99.69%
  25  MANVI    3.99%    passed     96.53%
  26  MELGA    9.43%    passed     91.75%
  27  MELUN    5.56%    passed     99.44%
  28  MERNU    5.68%    passed     99.03%
  29  NESNO    5.68%    passed     95.48%
  30  NIPNI    3.75%    passed     99.62%
  31  OPHHO    5.44%    passed     99.94%
  32  PELCR    5.56%    passed     99.96%
  33  PHACA    5.44%    passed     99.89%
  34  PHALE    3.63%    passed     98.93%
  35  PHORU    6.77%    passed     99.90%
  36  PICPU    5.80%    passed     99.96%
  37  PODCR    4.66%    passed     99.91%
  38  PTEGU    5.56%    passed     99.87%
  39  PYGAD    5.56%    passed     98.28%
  40  STRCA    8.04%    passed     97.90%
  41  TAEGU    4.35%    passed     97.98%
  42  TAUER    6.89%    passed     98.81%
  43  TINMA    6.77%    passed     97.25%
  44  TYTAL    5.08%    passed     99.48%
****  TOTAL    5.42%  0 sequences failed composition chi2 test (p-value<5%; df=3)
Checking for duplicate sequences: done in 0.000118971 secs using 813.6% CPU

Create initial parsimony tree by phylogenetic likelihood library (PLL)... 0.001 seconds

NOTE: 1 MB RAM (0 GB) is required!
WARNING: Number of threads seems too high for short alignments. Use -T AUTO to determine best number of threads.
Estimate model parameters (epsilon = 0.100)
1. Initial log-likelihood: -5607.719
2. Current log-likelihood: -5261.779
3. Current log-likelihood: -5237.272
4. Current log-likelihood: -5236.665
Optimal log-likelihood: -5236.604
Rate parameters:  A-C: 1.66243  A-G: 0.99580  A-T: 0.51885  C-G: 0.84775  C-T: 5.54276  G-T: 1.00000
Base frequencies:  A: 0.356  C: 0.198  G: 0.276  T: 0.171
Gamma shape alpha: 0.067
Parameters optimization took 4 rounds (0.082 sec)
Wrote distance file to... 
Computing ML distances based on estimated model parameters...
Calculating distance matrix: done in 0.000813961 secs using 803.8% CPU
Computing ML distances took 0.000877 sec (of wall-clock time) 0.007024 sec (of CPU time)
Setting up auxiliary I and S matrices: done in 0.000110149 secs using 1057% CPU
Constructing RapidNJ tree: done in 0.00258303 secs using 804.6% CPU
Computing RapidNJ tree took 0.002755 sec (of wall-clock time) 0.025254 sec (of CPU time)
Log-likelihood of RapidNJ tree: -5339.999
--------------------------------------------------------------------
|             INITIALIZING CANDIDATE TREE SET                      |
--------------------------------------------------------------------
Generating 98 parsimony trees... 0.132 second
Computing log-likelihood of 98 initial trees ... 0.464 seconds
Current best score: -5231.596

Do NNI search on 20 best initial trees
Estimate model parameters (epsilon = 0.100)
BETTER TREE FOUND at iteration 1: -5223.336
Iteration 10 / LogL: -5232.397 / Time: 0h:0m:1s
Estimate model parameters (epsilon = 0.100)
BETTER TREE FOUND at iteration 14: -5216.615
Iteration 20 / LogL: -5244.187 / Time: 0h:0m:2s
Finish initializing candidate tree set (20)
Current best tree score: -5216.615 / CPU time: 2.410
Number of iterations: 20
--------------------------------------------------------------------
|               OPTIMIZING CANDIDATE TREE SET                      |
--------------------------------------------------------------------
Estimate model parameters (epsilon = 0.100)
BETTER TREE FOUND at iteration 22: -5216.416
Estimate model parameters (epsilon = 0.100)
BETTER TREE FOUND at iteration 26: -5213.580
Iteration 30 / LogL: -5215.984 / Time: 0h:0m:3s (0h:0m:12s left)
Estimate model parameters (epsilon = 0.100)
BETTER TREE FOUND at iteration 33: -5211.560
Estimate model parameters (epsilon = 0.100)
BETTER TREE FOUND at iteration 36: -5211.064
Iteration 40 / LogL: -5213.408 / Time: 0h:0m:5s (0h:0m:12s left)
Estimate model parameters (epsilon = 0.100)
BETTER TREE FOUND at iteration 47: -5210.462
Iteration 50 / LogL: -5211.704 / Time: 0h:0m:6s (0h:0m:12s left)
Estimate model parameters (epsilon = 0.100)
BETTER TREE FOUND at iteration 55: -5209.713
Estimate model parameters (epsilon = 0.100)
BETTER TREE FOUND at iteration 56: -5208.725
Iteration 60 / LogL: -5209.734 / Time: 0h:0m:7s (0h:0m:11s left)
Estimate model parameters (epsilon = 0.100)
BETTER TREE FOUND at iteration 61: -5208.345
Iteration 70 / LogL: -5220.597 / Time: 0h:0m:8s (0h:0m:11s left)
Estimate model parameters (epsilon = 0.100)
BETTER TREE FOUND at iteration 72: -5208.092
Iteration 80 / LogL: -5208.308 / Time: 0h:0m:9s (0h:0m:11s left)
BETTER TREE FOUND at iteration 89: -5208.092
UPDATE BEST LOG-LIKELIHOOD: -5208.091
Iteration 90 / LogL: -5208.091 / Time: 0h:0m:10s (0h:0m:11s left)
Estimate model parameters (epsilon = 0.100)
BETTER TREE FOUND at iteration 96: -5205.732
Iteration 100 / LogL: -5208.111 / Time: 0h:0m:11s (0h:0m:11s left)
Estimate model parameters (epsilon = 0.100)
BETTER TREE FOUND at iteration 110: -5204.942
Iteration 110 / LogL: -5204.942 / Time: 0h:0m:12s (0h:0m:11s left)
BETTER TREE FOUND at iteration 114: -5204.942
BETTER TREE FOUND at iteration 119: -5204.942
Iteration 120 / LogL: -5209.102 / Time: 0h:0m:13s (0h:0m:11s left)
Iteration 130 / LogL: -5205.713 / Time: 0h:0m:14s (0h:0m:10s left)
Iteration 140 / LogL: -5205.868 / Time: 0h:0m:16s (0h:0m:9s left)
UPDATE BEST LOG-LIKELIHOOD: -5204.942
Iteration 150 / LogL: -5205.634 / Time: 0h:0m:17s (0h:0m:7s left)
Iteration 160 / LogL: -5204.942 / Time: 0h:0m:18s (0h:0m:6s left)
Iteration 170 / LogL: -5211.672 / Time: 0h:0m:19s (0h:0m:5s left)
Iteration 180 / LogL: -5206.889 / Time: 0h:0m:20s (0h:0m:4s left)
Iteration 190 / LogL: -5206.140 / Time: 0h:0m:21s (0h:0m:3s left)
UPDATE BEST LOG-LIKELIHOOD: -5204.942
Iteration 200 / LogL: -5206.584 / Time: 0h:0m:22s (0h:0m:2s left)
Iteration 210 / LogL: -5204.942 / Time: 0h:0m:23s (0h:0m:1s left)
BETTER TREE FOUND at iteration 214: -5204.941
BETTER TREE FOUND at iteration 216: -5204.941
Iteration 220 / LogL: -5209.195 / Time: 0h:0m:25s (0h:0m:10s left)
Iteration 230 / LogL: -5207.042 / Time: 0h:0m:26s (0h:0m:9s left)
Iteration 240 / LogL: -5204.942 / Time: 0h:0m:27s (0h:0m:8s left)
Iteration 250 / LogL: -5204.942 / Time: 0h:0m:28s (0h:0m:7s left)
Iteration 260 / LogL: -5204.943 / Time: 0h:0m:29s (0h:0m:6s left)
Iteration 270 / LogL: -5205.427 / Time: 0h:0m:30s (0h:0m:5s left)
BETTER TREE FOUND at iteration 273: -5204.941
Iteration 280 / LogL: -5208.710 / Time: 0h:0m:31s (0h:0m:10s left)
Iteration 290 / LogL: -5208.132 / Time: 0h:0m:33s (0h:0m:9s left)
Iteration 300 / LogL: -5204.942 / Time: 0h:0m:34s (0h:0m:8s left)
Iteration 310 / LogL: -5204.942 / Time: 0h:0m:35s (0h:0m:7s left)
Iteration 320 / LogL: -5205.636 / Time: 0h:0m:36s (0h:0m:6s left)
Iteration 330 / LogL: -5206.044 / Time: 0h:0m:37s (0h:0m:4s left)
Iteration 340 / LogL: -5249.403 / Time: 0h:0m:38s (0h:0m:3s left)
Iteration 350 / LogL: -5204.942 / Time: 0h:0m:39s (0h:0m:2s left)
Iteration 360 / LogL: -5204.942 / Time: 0h:0m:40s (0h:0m:1s left)
Iteration 370 / LogL: -5204.942 / Time: 0h:0m:41s (0h:0m:0s left)
TREE SEARCH COMPLETED AFTER 374 ITERATIONS / Time: 0h:0m:42s

--------------------------------------------------------------------
|                    FINALIZING TREE SEARCH                        |
--------------------------------------------------------------------
Performs final model parameters optimization
Estimate model parameters (epsilon = 0.010)
1. Initial log-likelihood: -5204.941
Optimal log-likelihood: -5204.939
Rate parameters:  A-C: 1.96754  A-G: 1.00640  A-T: 0.51142  C-G: 0.89224  C-T: 6.74380  G-T: 1.00000
Base frequencies:  A: 0.356  C: 0.198  G: 0.276  T: 0.171
Gamma shape alpha: 0.076
Parameters optimization took 1 rounds (0.007 sec)
BEST SCORE FOUND : -5204.939
Total tree length: 0.583

Total number of iterations: 374
CPU time used for tree search: 335.523 sec (0h:5m:35s)
Wall-clock time used for tree search: 41.995 sec (0h:0m:41s)
Total CPU time used: 336.518 sec (0h:5m:36s)
Total wall-clock time used: 42.119 sec (0h:0m:42s)

Analysis results written to: 
  IQ-TREE report:                /workspace/IQTree_8_cores_JarvD5a_Results/exon_14479.iqtree
  Maximum-likelihood tree:       /workspace/IQTree_8_cores_JarvD5a_Results/exon_14479.treefile
  Likelihood distances:          /workspace/IQTree_8_cores_JarvD5a_Results/exon_14479.mldist
  Screen log file:               /workspace/IQTree_8_cores_JarvD5a_Results/exon_14479.log

Date and Time: Thu May 28 13:07:51 2026
