IQ-TREE version 3.1.2 for Linux x86 64-bit built May  7 2026
Developed by Bui Quang Minh, Thomas Wong, Nhan Ly-Trong, Huaiyan Ren
Contributed by Lam-Tung Nguyen, Dominik Schrempf, Chris Bielow,
Olga Chernomor, Michael Woodhams, Diep Thi Hoang, Heiko Schmidt

Host:    8084c4e79f09 (AVX512, FMA3, 1133 GB RAM)
Command: /workspace/iqtree-3.1.2-Linux/bin/iqtree3_intel -s /workspace/NeuralNJ/empirical/JarvD5a/exon_12262.fasta -st DNA -m GTR+G -T 8 -seed 2201 -pre /workspace/IQTree_8_cores_JarvD5a_Results/exon_12262 -quiet
Seed:    2201 (Using SPRNG - Scalable Parallel Random Number Generator)
Time:    Thu May 28 01:08:56 2026
Kernel:  AVX+FMA - 8 threads (384 CPU cores detected)

Reading alignment file /workspace/NeuralNJ/empirical/JarvD5a/exon_12262.fasta ... Fasta format detected
Reading fasta file: done in 0.000210047 secs using 23.33% CPU
Alignment most likely contains DNA/RNA sequences
Constructing alignment: done in 0.000559092 secs using 226.3% CPU
Alignment has 44 sequences with 402 columns, 246 distinct patterns
131 parsimony-informative, 72 singleton sites, 199 constant sites
       Gap/Ambiguity  Composition  p-value
Analyzing sequences: done in 1.50204e-05 secs using 26.63% CPU
   1  ANAPL    6.97%    passed     99.70%
   2  APAVI   15.42%    passed     98.02%
   3  APTFO    6.97%    passed     94.90%
   4  BALRE   13.93%    passed     94.18%
   5  BUCRH   41.79%    passed     64.69%
   6  CALAN    6.47%    passed     80.94%
   7  CAPCA   12.94%    passed     92.85%
   8  CARCR   12.44%    passed     97.77%
   9  CATAU    8.46%    passed     98.30%
  10  CHAPE    8.96%    passed     96.96%
  11  CHAVO    4.48%    passed     87.48%
  12  CHLUN    8.96%    passed     91.36%
  13  COLLI   10.95%    passed     95.44%
  14  COLST   12.94%    passed     98.36%
  15  CORBR   10.45%    passed     99.85%
  16  CUCCA   12.44%    passed     89.66%
  17  EGRGA    8.46%    passed     97.19%
  18  EURHE    8.46%    passed     87.81%
  19  FALPE    9.45%    passed     98.60%
  20  FULGL   12.44%    passed     98.20%
  21  GALGA   12.44%    passed     84.91%
  22  GAVST    8.46%    passed     98.57%
  23  HALAL   12.44%    passed     94.76%
  24  HALLE   12.44%    passed     94.76%
  25  LEPDI    6.97%    passed     78.45%
  26  MANVI   13.93%    passed     93.32%
  27  MELGA    8.96%    passed     96.20%
  28  MELUN   12.94%    passed     73.32%
  29  MERNU   10.45%    passed     84.48%
  30  MESUN    9.45%    passed     99.01%
  31  NESNO   12.94%    passed     97.53%
  32  NIPNI   12.94%    passed     96.24%
  33  PELCR   26.37%    passed     79.27%
  34  PHACA    6.47%    passed     94.87%
  35  PHALE    8.96%    passed     87.13%
  36  PHORU    9.45%    passed     93.79%
  37  PICPU    8.96%    passed     31.70%
  38  PODCR    8.96%    passed     99.34%
  39  PTEGU   12.44%    passed     93.11%
  40  PYGAD    9.45%    passed     95.18%
  41  STRCA    8.46%    passed     79.87%
  42  TAEGU    8.46%    passed     98.23%
  43  TAUER   11.94%    passed     99.05%
  44  TINMA   11.94%    passed     88.12%
****  TOTAL   11.35%  0 sequences failed composition chi2 test (p-value<5%; df=3)
NOTE: HALLE is identical to HALAL but kept for subsequent analysis
Checking for duplicate sequences: done in 0.000116825 secs using 191.7% CPU

Create initial parsimony tree by phylogenetic likelihood library (PLL)... 0.001 seconds

NOTE: 1 MB RAM (0 GB) is required!
WARNING: Number of threads seems too high for short alignments. Use -T AUTO to determine best number of threads.
Estimate model parameters (epsilon = 0.100)
1. Initial log-likelihood: -3341.875
2. Current log-likelihood: -3211.559
3. Current log-likelihood: -3202.214
4. Current log-likelihood: -3202.011
Optimal log-likelihood: -3202.001
Rate parameters:  A-C: 1.83299  A-G: 4.61504  A-T: 0.76435  C-G: 2.21443  C-T: 5.77725  G-T: 1.00000
Base frequencies:  A: 0.370  C: 0.189  G: 0.217  T: 0.223
Gamma shape alpha: 0.578
Parameters optimization took 4 rounds (0.076 sec)
Wrote distance file to... 
Computing ML distances based on estimated model parameters...
Calculating distance matrix: done in 0.000627041 secs using 813% CPU
Computing ML distances took 0.000684 sec (of wall-clock time) 0.005339 sec (of CPU time)
Setting up auxiliary I and S matrices: done in 0.000108957 secs using 1070% CPU
Constructing RapidNJ tree: done in 0.00235796 secs using 713.7% CPU
Computing RapidNJ tree took 0.002499 sec (of wall-clock time) 0.020823 sec (of CPU time)
Log-likelihood of RapidNJ tree: -3211.755
--------------------------------------------------------------------
|             INITIALIZING CANDIDATE TREE SET                      |
--------------------------------------------------------------------
Generating 98 parsimony trees... 0.134 second
Computing log-likelihood of 98 initial trees ... 0.354 seconds
Current best score: -3184.585

Do NNI search on 20 best initial trees
Estimate model parameters (epsilon = 0.100)
BETTER TREE FOUND at iteration 1: -3182.165
Iteration 10 / LogL: -3185.810 / Time: 0h:0m:1s
Estimate model parameters (epsilon = 0.100)
BETTER TREE FOUND at iteration 11: -3180.849
Iteration 20 / LogL: -3191.001 / Time: 0h:0m:2s
Finish initializing candidate tree set (20)
Current best tree score: -3180.849 / CPU time: 1.998
Number of iterations: 20
--------------------------------------------------------------------
|               OPTIMIZING CANDIDATE TREE SET                      |
--------------------------------------------------------------------
Iteration 30 / LogL: -3181.845 / Time: 0h:0m:2s (0h:0m:8s left)
Estimate model parameters (epsilon = 0.100)
BETTER TREE FOUND at iteration 31: -3177.960
Iteration 40 / LogL: -3180.772 / Time: 0h:0m:3s (0h:0m:8s left)
UPDATE BEST LOG-LIKELIHOOD: -3177.960
Iteration 50 / LogL: -3181.286 / Time: 0h:0m:4s (0h:0m:7s left)
UPDATE BEST LOG-LIKELIHOOD: -3177.960
Iteration 60 / LogL: -3177.960 / Time: 0h:0m:5s (0h:0m:6s left)
Iteration 70 / LogL: -3178.271 / Time: 0h:0m:6s (0h:0m:5s left)
Iteration 80 / LogL: -3178.271 / Time: 0h:0m:7s (0h:0m:4s left)
Iteration 90 / LogL: -3183.510 / Time: 0h:0m:8s (0h:0m:4s left)
Iteration 100 / LogL: -3178.133 / Time: 0h:0m:9s (0h:0m:3s left)
Iteration 110 / LogL: -3177.960 / Time: 0h:0m:10s (0h:0m:2s left)
Iteration 120 / LogL: -3179.593 / Time: 0h:0m:11s (0h:0m:1s left)
Iteration 130 / LogL: -3179.643 / Time: 0h:0m:12s (0h:0m:0s left)
TREE SEARCH COMPLETED AFTER 132 ITERATIONS / Time: 0h:0m:13s

--------------------------------------------------------------------
|                    FINALIZING TREE SEARCH                        |
--------------------------------------------------------------------
Performs final model parameters optimization
Estimate model parameters (epsilon = 0.010)
1. Initial log-likelihood: -3177.960
Optimal log-likelihood: -3177.957
Rate parameters:  A-C: 1.76925  A-G: 4.47513  A-T: 0.73397  C-G: 2.11521  C-T: 5.78642  G-T: 1.00000
Base frequencies:  A: 0.370  C: 0.189  G: 0.217  T: 0.223
Gamma shape alpha: 0.588
Parameters optimization took 1 rounds (0.009 sec)
BEST SCORE FOUND : -3177.957
Total tree length: 1.632

Total number of iterations: 132
CPU time used for tree search: 103.820 sec (0h:1m:43s)
Wall-clock time used for tree search: 12.987 sec (0h:0m:12s)
Total CPU time used: 104.696 sec (0h:1m:44s)
Total wall-clock time used: 13.097 sec (0h:0m:13s)

Analysis results written to: 
  IQ-TREE report:                /workspace/IQTree_8_cores_JarvD5a_Results/exon_12262.iqtree
  Maximum-likelihood tree:       /workspace/IQTree_8_cores_JarvD5a_Results/exon_12262.treefile
  Likelihood distances:          /workspace/IQTree_8_cores_JarvD5a_Results/exon_12262.mldist
  Screen log file:               /workspace/IQTree_8_cores_JarvD5a_Results/exon_12262.log

Date and Time: Thu May 28 01:09:09 2026
