IQ-TREE version 3.1.2 for Linux x86 64-bit built May  7 2026
Developed by Bui Quang Minh, Thomas Wong, Nhan Ly-Trong, Huaiyan Ren
Contributed by Lam-Tung Nguyen, Dominik Schrempf, Chris Bielow,
Olga Chernomor, Michael Woodhams, Diep Thi Hoang, Heiko Schmidt

Host:    8084c4e79f09 (AVX512, FMA3, 1133 GB RAM)
Command: /workspace/iqtree-3.1.2-Linux/bin/iqtree3_intel -s /workspace/NeuralNJ/empirical/JarvD5a/exon_3102.fasta -st DNA -m GTR+G -T 8 -seed 2201 -pre /workspace/IQTree_8_cores_JarvD5a_Results/exon_3102 -quiet
Seed:    2201 (Using SPRNG - Scalable Parallel Random Number Generator)
Time:    Thu May 28 21:29:50 2026
Kernel:  AVX+FMA - 8 threads (384 CPU cores detected)

Reading alignment file /workspace/NeuralNJ/empirical/JarvD5a/exon_3102.fasta ... Fasta format detected
Reading fasta file: done in 0.00111008 secs using 91.35% CPU
Alignment most likely contains DNA/RNA sequences
Constructing alignment: done in 0.00406098 secs using 653.9% CPU
Alignment has 46 sequences with 2714 columns, 1091 distinct patterns
637 parsimony-informative, 398 singleton sites, 1679 constant sites
       Gap/Ambiguity  Composition  p-value
Analyzing sequences: done in 3.40939e-05 secs using 281.6% CPU
   1  ACACH   33.01%    passed     98.89%
   2  ANAPL    1.33%    passed     99.08%
   3  APAVI    1.18%    passed     96.91%
   4  APTFO    1.25%    passed     99.48%
   5  BALRE    1.18%    passed     99.63%
   6  BUCRH   42.59%    passed     61.89%
   7  CALAN    1.62%    passed     98.65%
   8  CAPCA    1.18%    passed     99.11%
   9  CARCR    1.25%    passed     99.48%
  10  CATAU    1.18%    passed     97.98%
  11  CHAPE    1.11%    passed     97.77%
  12  CHAVO    1.18%    passed     99.58%
  13  CHLUN   36.92%    passed     99.97%
  14  COLLI    6.04%    passed     94.93%
  15  COLST    1.18%    passed     99.94%
  16  CORBR    1.33%    passed     98.15%
  17  CUCCA    1.25%    passed     95.87%
  18  EGRGA    1.25%    passed     98.68%
  19  EURHE    1.33%    passed     98.66%
  20  FALPE    1.25%    passed     95.54%
  21  FULGL   33.01%    passed     95.61%
  22  GALGA    1.11%    passed     79.74%
  23  GAVST   35.96%    passed     94.68%
  24  GEOFO    1.47%    passed     60.25%
  25  HALAL    1.03%    passed     99.87%
  26  HALLE    1.03%    passed     99.87%
  27  LEPDI   33.01%    passed     93.94%
  28  MANVI    1.47%    passed     91.56%
  29  MELGA    1.25%    passed     81.80%
  30  MELUN    0.88%    passed     65.76%
  31  MERNU    9.95%    passed     99.77%
  32  MESUN   18.05%    passed     97.32%
  33  NESNO    1.18%    passed     98.73%
  34  NIPNI    1.25%    passed     99.75%
  35  OPHHO    1.11%    passed     98.29%
  36  PHACA    8.11%    passed     96.73%
  37  PHALE   21.30%    passed     81.25%
  38  PHORU    1.25%    passed     97.64%
  39  PICPU    1.25%    passed     84.25%
  40  PODCR    1.18%    passed     99.14%
  41  PYGAD    1.11%    passed     99.81%
  42  STRCA    1.03%    passed     94.99%
  43  TAEGU    1.40%    passed     64.82%
  44  TAUER    1.33%    passed     99.64%
  45  TINMA   35.74%    passed     88.82%
  46  TYTAL    1.62%    passed     98.81%
****  TOTAL    7.73%  0 sequences failed composition chi2 test (p-value<5%; df=3)
NOTE: HALLE is identical to HALAL but kept for subsequent analysis
Checking for duplicate sequences: done in 0.000182867 secs using 480.1% CPU

Create initial parsimony tree by phylogenetic likelihood library (PLL)... 0.005 seconds

NOTE: 6 MB RAM (0 GB) is required!
Estimate model parameters (epsilon = 0.100)
1. Initial log-likelihood: -21088.723
2. Current log-likelihood: -19851.476
3. Current log-likelihood: -19833.943
4. Current log-likelihood: -19833.687
Optimal log-likelihood: -19833.669
Rate parameters:  A-C: 1.47410  A-G: 4.67925  A-T: 0.76584  C-G: 2.21889  C-T: 4.21314  G-T: 1.00000
Base frequencies:  A: 0.332  C: 0.194  G: 0.234  T: 0.241
Gamma shape alpha: 0.272
Parameters optimization took 4 rounds (0.121 sec)
Wrote distance file to... 
Computing ML distances based on estimated model parameters...
Calculating distance matrix: done in 0.000952005 secs using 795.7% CPU
Computing ML distances took 0.001078 sec (of wall-clock time) 0.008283 sec (of CPU time)
Setting up auxiliary I and S matrices: done in 0.000102997 secs using 869% CPU
Constructing RapidNJ tree: done in 0.00269198 secs using 675.6% CPU
Computing RapidNJ tree took 0.002856 sec (of wall-clock time) 0.025529 sec (of CPU time)
Log-likelihood of RapidNJ tree: -19921.795
--------------------------------------------------------------------
|             INITIALIZING CANDIDATE TREE SET                      |
--------------------------------------------------------------------
Generating 98 parsimony trees... 0.411 second
Computing log-likelihood of 98 initial trees ... 0.677 seconds
Current best score: -19824.764

Do NNI search on 20 best initial trees
Estimate model parameters (epsilon = 0.100)
BETTER TREE FOUND at iteration 1: -19784.177
Estimate model parameters (epsilon = 0.100)
BETTER TREE FOUND at iteration 3: -19782.103
Iteration 10 / LogL: -19801.791 / Time: 0h:0m:2s
Estimate model parameters (epsilon = 0.100)
BETTER TREE FOUND at iteration 12: -19781.568
Iteration 20 / LogL: -19805.968 / Time: 0h:0m:3s
Finish initializing candidate tree set (20)
Current best tree score: -19781.568 / CPU time: 3.334
Number of iterations: 20
--------------------------------------------------------------------
|               OPTIMIZING CANDIDATE TREE SET                      |
--------------------------------------------------------------------
Estimate model parameters (epsilon = 0.100)
BETTER TREE FOUND at iteration 22: -19781.363
Estimate model parameters (epsilon = 0.100)
BETTER TREE FOUND at iteration 23: -19780.955
Estimate model parameters (epsilon = 0.100)
BETTER TREE FOUND at iteration 24: -19776.701
Iteration 30 / LogL: -19786.573 / Time: 0h:0m:4s (0h:0m:15s left)
Estimate model parameters (epsilon = 0.100)
BETTER TREE FOUND at iteration 37: -19776.335
Estimate model parameters (epsilon = 0.100)
BETTER TREE FOUND at iteration 39: -19775.059
Estimate model parameters (epsilon = 0.100)
BETTER TREE FOUND at iteration 40: -19773.862
Iteration 40 / LogL: -19773.862 / Time: 0h:0m:6s (0h:0m:15s left)
Estimate model parameters (epsilon = 0.100)
BETTER TREE FOUND at iteration 45: -19773.745
Iteration 50 / LogL: -19776.489 / Time: 0h:0m:7s (0h:0m:14s left)
Estimate model parameters (epsilon = 0.100)
BETTER TREE FOUND at iteration 55: -19773.334
Estimate model parameters (epsilon = 0.100)
BETTER TREE FOUND at iteration 56: -19772.480
Iteration 60 / LogL: -19776.237 / Time: 0h:0m:8s (0h:0m:13s left)
BETTER TREE FOUND at iteration 63: -19772.474
Estimate model parameters (epsilon = 0.100)
BETTER TREE FOUND at iteration 64: -19771.356
Estimate model parameters (epsilon = 0.100)
BETTER TREE FOUND at iteration 66: -19769.844
Iteration 70 / LogL: -19803.334 / Time: 0h:0m:9s (0h:0m:13s left)
Estimate model parameters (epsilon = 0.100)
BETTER TREE FOUND at iteration 78: -19768.777
Iteration 80 / LogL: -19772.587 / Time: 0h:0m:10s (0h:0m:13s left)
Iteration 90 / LogL: -19775.417 / Time: 0h:0m:12s (0h:0m:12s left)
Estimate model parameters (epsilon = 0.100)
BETTER TREE FOUND at iteration 98: -19768.701
Iteration 100 / LogL: -19772.741 / Time: 0h:0m:13s (0h:0m:13s left)
Iteration 110 / LogL: -19769.731 / Time: 0h:0m:15s (0h:0m:12s left)
Iteration 120 / LogL: -19768.943 / Time: 0h:0m:16s (0h:0m:10s left)
Iteration 130 / LogL: -19769.204 / Time: 0h:0m:17s (0h:0m:9s left)
Iteration 140 / LogL: -19781.341 / Time: 0h:0m:18s (0h:0m:7s left)
Estimate model parameters (epsilon = 0.100)
BETTER TREE FOUND at iteration 142: -19768.660
Iteration 150 / LogL: -19770.970 / Time: 0h:0m:19s (0h:0m:12s left)
Iteration 160 / LogL: -19770.151 / Time: 0h:0m:21s (0h:0m:10s left)
Iteration 170 / LogL: -19769.761 / Time: 0h:0m:22s (0h:0m:9s left)
Iteration 180 / LogL: -19768.764 / Time: 0h:0m:23s (0h:0m:8s left)
Iteration 190 / LogL: -19769.573 / Time: 0h:0m:24s (0h:0m:6s left)
Iteration 200 / LogL: -19768.706 / Time: 0h:0m:25s (0h:0m:5s left)
Iteration 210 / LogL: -19769.453 / Time: 0h:0m:27s (0h:0m:4s left)
Iteration 220 / LogL: -19769.208 / Time: 0h:0m:28s (0h:0m:2s left)
UPDATE BEST LOG-LIKELIHOOD: -19768.660
Iteration 230 / LogL: -19768.717 / Time: 0h:0m:29s (0h:0m:1s left)
Iteration 240 / LogL: -19804.662 / Time: 0h:0m:30s (0h:0m:0s left)
TREE SEARCH COMPLETED AFTER 243 ITERATIONS / Time: 0h:0m:30s

--------------------------------------------------------------------
|                    FINALIZING TREE SEARCH                        |
--------------------------------------------------------------------
Performs final model parameters optimization
Estimate model parameters (epsilon = 0.010)
1. Initial log-likelihood: -19768.660
Optimal log-likelihood: -19768.658
Rate parameters:  A-C: 1.37979  A-G: 4.59368  A-T: 0.72672  C-G: 2.16996  C-T: 4.11000  G-T: 1.00000
Base frequencies:  A: 0.332  C: 0.194  G: 0.234  T: 0.241
Gamma shape alpha: 0.272
Parameters optimization took 1 rounds (0.014 sec)
BEST SCORE FOUND : -19768.658
Total tree length: 1.895

Total number of iterations: 243
CPU time used for tree search: 242.884 sec (0h:4m:2s)
Wall-clock time used for tree search: 30.762 sec (0h:0m:30s)
Total CPU time used: 244.426 sec (0h:4m:4s)
Total wall-clock time used: 30.954 sec (0h:0m:30s)

Analysis results written to: 
  IQ-TREE report:                /workspace/IQTree_8_cores_JarvD5a_Results/exon_3102.iqtree
  Maximum-likelihood tree:       /workspace/IQTree_8_cores_JarvD5a_Results/exon_3102.treefile
  Likelihood distances:          /workspace/IQTree_8_cores_JarvD5a_Results/exon_3102.mldist
  Screen log file:               /workspace/IQTree_8_cores_JarvD5a_Results/exon_3102.log

Date and Time: Thu May 28 21:30:21 2026
