IQ-TREE version 3.1.2 for Linux x86 64-bit built May  7 2026
Developed by Bui Quang Minh, Thomas Wong, Nhan Ly-Trong, Huaiyan Ren
Contributed by Lam-Tung Nguyen, Dominik Schrempf, Chris Bielow,
Olga Chernomor, Michael Woodhams, Diep Thi Hoang, Heiko Schmidt

Host:    8084c4e79f09 (AVX512, FMA3, 1133 GB RAM)
Command: /workspace/iqtree-3.1.2-Linux/bin/iqtree3_intel -s /workspace/NeuralNJ/empirical/JarvD5a/exon_1493.fasta -st DNA -m GTR+G -T 8 -seed 2201 -pre /workspace/IQTree_8_cores_JarvD5a_Results/exon_1493 -quiet
Seed:    2201 (Using SPRNG - Scalable Parallel Random Number Generator)
Time:    Thu May 28 14:04:26 2026
Kernel:  AVX+FMA - 8 threads (384 CPU cores detected)

Reading alignment file /workspace/NeuralNJ/empirical/JarvD5a/exon_1493.fasta ... Fasta format detected
Reading fasta file: done in 0.000273943 secs using 31.39% CPU
Alignment most likely contains DNA/RNA sequences
Constructing alignment: done in 0.00079608 secs using 376.5% CPU
Alignment has 45 sequences with 556 columns, 408 distinct patterns
235 parsimony-informative, 132 singleton sites, 189 constant sites
       Gap/Ambiguity  Composition  p-value
Analyzing sequences: done in 1.38283e-05 secs using 253.1% CPU
   1  ACACH   20.50%    passed     54.28%
   2  APAVI   21.22%    passed     98.88%
   3  APTFO   19.78%    passed     89.68%
   4  BALRE   19.78%    passed     89.33%
   5  BUCRH   19.78%    passed     94.51%
   6  CALAN   19.78%    passed     82.77%
   7  CAPCA   21.94%    passed     94.44%
   8  CARCR   19.78%    passed     99.50%
   9  CATAU   19.78%    passed     86.10%
  10  CHAPE   37.77%    passed     83.25%
  11  CHAVO   19.78%    passed     84.89%
  12  CHLUN   20.14%    passed     98.36%
  13  COLLI   12.23%    passed     83.82%
  14  COLST   14.39%    passed     91.01%
  15  CORBR   20.86%    passed     68.55%
  16  CUCCA   20.14%    passed     92.45%
  17  EGRGA   21.22%    passed     39.18%
  18  EURHE   19.78%    passed     98.60%
  19  FALPE   20.14%    passed     92.35%
  20  FULGL   21.58%    passed     71.46%
  21  GALGA    3.60%    passed      8.02%
  22  GAVST   22.66%    passed     93.35%
  23  GEOFO   21.58%    passed     87.04%
  24  HALAL   19.78%    passed     89.98%
  25  HALLE    6.47%    passed     61.03%
  26  LEPDI   20.14%    passed     68.23%
  27  MANVI   19.42%    passed     87.90%
  28  MELGA    3.60%    passed     21.34%
  29  MELUN   20.86%    passed     91.52%
  30  MESUN   22.66%    passed     86.16%
  31  NESNO   19.78%    passed     84.58%
  32  NIPNI   13.31%    passed     23.20%
  33  OPHHO   35.25%    passed     81.37%
  34  PELCR   20.86%    passed     54.44%
  35  PHACA   23.38%    passed     68.50%
  36  PHALE   19.78%    passed     91.01%
  37  PHORU   19.78%    passed     99.33%
  38  PICPU   22.66%    passed     24.99%
  39  PODCR   19.78%    passed     90.12%
  40  PTEGU   20.86%    passed     86.36%
  41  PYGAD   25.54%    passed     92.71%
  42  STRCA   19.78%    passed     97.14%
  43  TAUER   20.50%    passed     97.99%
  44  TINMA   11.51%    passed     65.57%
  45  TYTAL   19.78%    passed     96.16%
****  TOTAL   19.64%  0 sequences failed composition chi2 test (p-value<5%; df=3)
Checking for duplicate sequences: done in 0.000128031 secs using 796.7% CPU

Create initial parsimony tree by phylogenetic likelihood library (PLL)... 0.001 seconds

NOTE: 2 MB RAM (0 GB) is required!
WARNING: Number of threads seems too high for short alignments. Use -T AUTO to determine best number of threads.
Estimate model parameters (epsilon = 0.100)
1. Initial log-likelihood: -5934.604
2. Current log-likelihood: -5692.888
3. Current log-likelihood: -5690.469
Optimal log-likelihood: -5690.452
Rate parameters:  A-C: 0.84573  A-G: 2.73890  A-T: 0.57425  C-G: 1.81573  C-T: 3.89535  G-T: 1.00000
Base frequencies:  A: 0.375  C: 0.216  G: 0.214  T: 0.195
Gamma shape alpha: 1.074
Parameters optimization took 3 rounds (0.066 sec)
Wrote distance file to... 
Computing ML distances based on estimated model parameters...
Calculating distance matrix: done in 0.000632048 secs using 790.6% CPU
Computing ML distances took 0.000697 sec (of wall-clock time) 0.005334 sec (of CPU time)
Setting up auxiliary I and S matrices: done in 0.000168085 secs using 1019% CPU
Constructing RapidNJ tree: done in 0.0024879 secs using 754.6% CPU
Computing RapidNJ tree took 0.002710 sec (of wall-clock time) 0.023738 sec (of CPU time)
Log-likelihood of RapidNJ tree: -5727.842
--------------------------------------------------------------------
|             INITIALIZING CANDIDATE TREE SET                      |
--------------------------------------------------------------------
Generating 98 parsimony trees... 0.170 second
Computing log-likelihood of 98 initial trees ... 0.446 seconds
Current best score: -5678.236

Do NNI search on 20 best initial trees
Estimate model parameters (epsilon = 0.100)
BETTER TREE FOUND at iteration 1: -5663.632
Estimate model parameters (epsilon = 0.100)
BETTER TREE FOUND at iteration 4: -5652.182
Iteration 10 / LogL: -5667.587 / Time: 0h:0m:1s
Iteration 20 / LogL: -5674.174 / Time: 0h:0m:2s
Finish initializing candidate tree set (20)
Current best tree score: -5652.182 / CPU time: 2.881
Number of iterations: 20
--------------------------------------------------------------------
|               OPTIMIZING CANDIDATE TREE SET                      |
--------------------------------------------------------------------
Estimate model parameters (epsilon = 0.100)
BETTER TREE FOUND at iteration 29: -5651.830
Iteration 30 / LogL: -5654.779 / Time: 0h:0m:4s (0h:0m:14s left)
Estimate model parameters (epsilon = 0.100)
BETTER TREE FOUND at iteration 32: -5649.930
Estimate model parameters (epsilon = 0.100)
BETTER TREE FOUND at iteration 37: -5648.772
Iteration 40 / LogL: -5653.667 / Time: 0h:0m:5s (0h:0m:13s left)
Iteration 50 / LogL: -5649.147 / Time: 0h:0m:6s (0h:0m:11s left)
Estimate model parameters (epsilon = 0.100)
BETTER TREE FOUND at iteration 56: -5648.481
Estimate model parameters (epsilon = 0.100)
BETTER TREE FOUND at iteration 58: -5648.425
Iteration 60 / LogL: -5649.627 / Time: 0h:0m:7s (0h:0m:13s left)
Estimate model parameters (epsilon = 0.100)
BETTER TREE FOUND at iteration 64: -5646.999
Estimate model parameters (epsilon = 0.100)
BETTER TREE FOUND at iteration 70: -5646.863
Iteration 70 / LogL: -5646.863 / Time: 0h:0m:9s (0h:0m:13s left)
Estimate model parameters (epsilon = 0.100)
BETTER TREE FOUND at iteration 76: -5646.003
Iteration 80 / LogL: -5687.256 / Time: 0h:0m:10s (0h:0m:12s left)
UPDATE BEST LOG-LIKELIHOOD: -5646.003
Iteration 90 / LogL: -5648.934 / Time: 0h:0m:11s (0h:0m:11s left)
Iteration 100 / LogL: -5650.288 / Time: 0h:0m:13s (0h:0m:10s left)
Estimate model parameters (epsilon = 0.100)
BETTER TREE FOUND at iteration 104: -5645.950
UPDATE BEST LOG-LIKELIHOOD: -5645.950
Estimate model parameters (epsilon = 0.100)
BETTER TREE FOUND at iteration 108: -5644.865
Iteration 110 / LogL: -5649.386 / Time: 0h:0m:14s (0h:0m:12s left)
Iteration 120 / LogL: -5646.883 / Time: 0h:0m:15s (0h:0m:11s left)
Iteration 130 / LogL: -5645.966 / Time: 0h:0m:16s (0h:0m:10s left)
UPDATE BEST LOG-LIKELIHOOD: -5644.865
Iteration 140 / LogL: -5646.240 / Time: 0h:0m:18s (0h:0m:8s left)
Iteration 150 / LogL: -5645.157 / Time: 0h:0m:19s (0h:0m:7s left)
Estimate model parameters (epsilon = 0.100)
BETTER TREE FOUND at iteration 152: -5644.707
Iteration 160 / LogL: -5647.318 / Time: 0h:0m:20s (0h:0m:11s left)
Iteration 170 / LogL: -5648.123 / Time: 0h:0m:21s (0h:0m:10s left)
Estimate model parameters (epsilon = 0.100)
BETTER TREE FOUND at iteration 178: -5644.643
Iteration 180 / LogL: -5645.461 / Time: 0h:0m:23s (0h:0m:12s left)
Iteration 190 / LogL: -5691.339 / Time: 0h:0m:24s (0h:0m:11s left)
Iteration 200 / LogL: -5645.727 / Time: 0h:0m:25s (0h:0m:10s left)
Iteration 210 / LogL: -5644.647 / Time: 0h:0m:26s (0h:0m:8s left)
Iteration 220 / LogL: -5646.508 / Time: 0h:0m:28s (0h:0m:7s left)
Iteration 230 / LogL: -5683.044 / Time: 0h:0m:29s (0h:0m:6s left)
Iteration 240 / LogL: -5645.840 / Time: 0h:0m:30s (0h:0m:4s left)
UPDATE BEST LOG-LIKELIHOOD: -5644.643
Iteration 250 / LogL: -5644.643 / Time: 0h:0m:31s (0h:0m:3s left)
Iteration 260 / LogL: -5660.010 / Time: 0h:0m:32s (0h:0m:2s left)
Iteration 270 / LogL: -5644.705 / Time: 0h:0m:34s (0h:0m:1s left)
TREE SEARCH COMPLETED AFTER 279 ITERATIONS / Time: 0h:0m:35s

--------------------------------------------------------------------
|                    FINALIZING TREE SEARCH                        |
--------------------------------------------------------------------
Performs final model parameters optimization
Estimate model parameters (epsilon = 0.010)
1. Initial log-likelihood: -5644.643
Optimal log-likelihood: -5644.641
Rate parameters:  A-C: 0.91086  A-G: 3.06881  A-T: 0.54306  C-G: 2.01666  C-T: 4.05458  G-T: 1.00000
Base frequencies:  A: 0.375  C: 0.216  G: 0.214  T: 0.195
Gamma shape alpha: 1.069
Parameters optimization took 1 rounds (0.009 sec)
BEST SCORE FOUND : -5644.641
Total tree length: 2.893

Total number of iterations: 279
CPU time used for tree search: 279.713 sec (0h:4m:39s)
Wall-clock time used for tree search: 35.027 sec (0h:0m:35s)
Total CPU time used: 280.732 sec (0h:4m:40s)
Total wall-clock time used: 35.151 sec (0h:0m:35s)

Analysis results written to: 
  IQ-TREE report:                /workspace/IQTree_8_cores_JarvD5a_Results/exon_1493.iqtree
  Maximum-likelihood tree:       /workspace/IQTree_8_cores_JarvD5a_Results/exon_1493.treefile
  Likelihood distances:          /workspace/IQTree_8_cores_JarvD5a_Results/exon_1493.mldist
  Screen log file:               /workspace/IQTree_8_cores_JarvD5a_Results/exon_1493.log

Date and Time: Thu May 28 14:05:01 2026
