IQ-TREE version 3.1.2 for Linux x86 64-bit built May  7 2026
Developed by Bui Quang Minh, Thomas Wong, Nhan Ly-Trong, Huaiyan Ren
Contributed by Lam-Tung Nguyen, Dominik Schrempf, Chris Bielow,
Olga Chernomor, Michael Woodhams, Diep Thi Hoang, Heiko Schmidt

Host:    8084c4e79f09 (AVX512, FMA3, 1133 GB RAM)
Command: /workspace/iqtree-3.1.2-Linux/bin/iqtree3_intel -s /workspace/NeuralNJ/empirical/JarvD5a/exon_9098.fasta -st DNA -m GTR+G -T 8 -seed 2201 -pre /workspace/IQTree_8_cores_JarvD5a_Results/exon_9098 -quiet
Seed:    2201 (Using SPRNG - Scalable Parallel Random Number Generator)
Time:    Fri May 29 22:09:00 2026
Kernel:  AVX+FMA - 8 threads (384 CPU cores detected)

Reading alignment file /workspace/NeuralNJ/empirical/JarvD5a/exon_9098.fasta ... Fasta format detected
Reading fasta file: done in 0.000299931 secs using 11% CPU
Alignment most likely contains DNA/RNA sequences
Constructing alignment: done in 0.000771046 secs using 363% CPU
WARNING: 6 sites contain only gaps or ambiguous characters.
Alignment has 48 sequences with 592 columns, 108 distinct patterns
43 parsimony-informative, 56 singleton sites, 493 constant sites
       Gap/Ambiguity  Composition  p-value
Analyzing sequences: done in 7.86781e-06 secs using 114.4% CPU
   1  ACACH    1.69%    passed     99.39%
   2  ANAPL    1.69%    passed     99.01%
   3  APAVI    2.03%    passed     97.50%
   4  APTFO    1.69%    passed     99.78%
   5  BALRE    1.69%    passed     99.91%
   6  BUCRH    1.69%    passed     98.77%
   7  CALAN    1.69%    passed     98.12%
   8  CAPCA    1.69%    passed     99.60%
   9  CARCR    1.69%    passed     99.95%
  10  CATAU    1.69%    passed     99.95%
  11  CHAPE    1.69%    passed     98.79%
  12  CHAVO    1.69%    passed     99.84%
  13  CHLUN    1.69%    passed     98.73%
  14  COLLI    2.03%    passed     99.16%
  15  COLST    5.07%    passed     98.05%
  16  CORBR    2.03%    passed     99.88%
  17  CUCCA    1.69%    passed     99.98%
  18  EGRGA    1.69%    passed     98.75%
  19  EURHE    1.69%    passed     99.94%
  20  FALPE    1.69%    passed     99.89%
  21  FULGL    1.69%    passed    100.00%
  22  GALGA   42.23%    passed     67.59%
  23  GAVST    1.69%    passed     99.97%
  24  GEOFO    1.69%    passed     99.82%
  25  HALAL    1.69%    passed     99.75%
  26  HALLE    1.69%    passed     99.75%
  27  LEPDI    2.03%    passed     99.12%
  28  MANVI    1.35%    passed     99.56%
  29  MELGA    1.69%    passed     97.78%
  30  MELUN    1.69%    passed     95.59%
  31  MERNU    1.69%    passed     99.94%
  32  MESUN    1.69%    passed     98.81%
  33  NESNO    1.69%    passed     99.10%
  34  NIPNI    1.69%    passed     99.62%
  35  OPHHO    1.69%    passed     99.99%
  36  PELCR    1.69%    passed     99.97%
  37  PHACA    1.69%    passed     99.87%
  38  PHALE    1.69%    passed     99.97%
  39  PHORU    1.69%    passed     99.89%
  40  PICPU    2.03%    passed     98.85%
  41  PODCR    1.69%    passed     99.41%
  42  PTEGU    1.69%    passed     99.89%
  43  PYGAD    1.69%    passed     99.51%
  44  STRCA    1.69%    passed     99.97%
  45  TAEGU    1.69%    passed     99.94%
  46  TAUER    1.69%    passed     99.95%
  47  TINMA    2.36%    passed     99.86%
  48  TYTAL    1.69%    passed     99.90%
****  TOTAL    2.65%  0 sequences failed composition chi2 test (p-value<5%; df=3)
Checking for duplicate sequences: done in 0.000117064 secs using 823.5% CPU

Create initial parsimony tree by phylogenetic likelihood library (PLL)... 0.001 seconds

NOTE: 0 MB RAM (0 GB) is required!
WARNING: Number of threads seems too high for short alignments. Use -T AUTO to determine best number of threads.
Estimate model parameters (epsilon = 0.100)
1. Initial log-likelihood: -2050.439
2. Current log-likelihood: -1967.229
3. Current log-likelihood: -1964.239
Optimal log-likelihood: -1964.127
Rate parameters:  A-C: 9.14731  A-G: 3.66463  A-T: 2.05232  C-G: 5.40309  C-T: 12.25861  G-T: 1.00000
Base frequencies:  A: 0.329  C: 0.161  G: 0.275  T: 0.235
Gamma shape alpha: 0.122
Parameters optimization took 3 rounds (0.061 sec)
Wrote distance file to... 
Computing ML distances based on estimated model parameters...
Calculating distance matrix: done in 0.000870943 secs using 752.9% CPU
Computing ML distances took 0.000906 sec (of wall-clock time) 0.006689 sec (of CPU time)
Setting up auxiliary I and S matrices: done in 0.000108957 secs using 1328% CPU
Constructing RapidNJ tree: done in 0.00257206 secs using 728.8% CPU
Computing RapidNJ tree took 0.002735 sec (of wall-clock time) 0.025162 sec (of CPU time)
Log-likelihood of RapidNJ tree: -1985.701
--------------------------------------------------------------------
|             INITIALIZING CANDIDATE TREE SET                      |
--------------------------------------------------------------------
Generating 98 parsimony trees... 0.091 second
Computing log-likelihood of 98 initial trees ... 0.253 seconds
Current best score: -1944.008

Do NNI search on 20 best initial trees
Estimate model parameters (epsilon = 0.100)
BETTER TREE FOUND at iteration 1: -1943.184
Iteration 10 / LogL: -1945.375 / Time: 0h:0m:0s
Iteration 20 / LogL: -1949.587 / Time: 0h:0m:1s
Finish initializing candidate tree set (20)
Current best tree score: -1943.184 / CPU time: 1.386
Number of iterations: 20
--------------------------------------------------------------------
|               OPTIMIZING CANDIDATE TREE SET                      |
--------------------------------------------------------------------
Estimate model parameters (epsilon = 0.100)
BETTER TREE FOUND at iteration 22: -1940.561
Iteration 30 / LogL: -1946.666 / Time: 0h:0m:2s (0h:0m:7s left)
Estimate model parameters (epsilon = 0.100)
BETTER TREE FOUND at iteration 40: -1939.647
Iteration 40 / LogL: -1939.647 / Time: 0h:0m:3s (0h:0m:8s left)
Iteration 50 / LogL: -1947.279 / Time: 0h:0m:4s (0h:0m:7s left)
Iteration 60 / LogL: -1939.651 / Time: 0h:0m:4s (0h:0m:6s left)
Iteration 70 / LogL: -1941.172 / Time: 0h:0m:5s (0h:0m:5s left)
Iteration 80 / LogL: -1941.171 / Time: 0h:0m:6s (0h:0m:5s left)
Estimate model parameters (epsilon = 0.100)
BETTER TREE FOUND at iteration 82: -1938.662
Iteration 90 / LogL: -1974.733 / Time: 0h:0m:7s (0h:0m:7s left)
Iteration 100 / LogL: -1942.863 / Time: 0h:0m:8s (0h:0m:6s left)
Iteration 110 / LogL: -1940.216 / Time: 0h:0m:9s (0h:0m:6s left)
Estimate model parameters (epsilon = 0.100)
BETTER TREE FOUND at iteration 113: -1937.900
Iteration 120 / LogL: -1942.229 / Time: 0h:0m:9s (0h:0m:7s left)
Iteration 130 / LogL: -1938.705 / Time: 0h:0m:10s (0h:0m:6s left)
Iteration 140 / LogL: -1941.752 / Time: 0h:0m:11s (0h:0m:6s left)
Iteration 150 / LogL: -1942.155 / Time: 0h:0m:12s (0h:0m:5s left)
Iteration 160 / LogL: -1943.719 / Time: 0h:0m:13s (0h:0m:4s left)
Iteration 170 / LogL: -1938.834 / Time: 0h:0m:14s (0h:0m:3s left)
BETTER TREE FOUND at iteration 178: -1937.900
Iteration 180 / LogL: -1938.833 / Time: 0h:0m:15s (0h:0m:8s left)
Iteration 190 / LogL: -1938.832 / Time: 0h:0m:16s (0h:0m:7s left)
BETTER TREE FOUND at iteration 195: -1937.899
Iteration 200 / LogL: -1937.899 / Time: 0h:0m:16s (0h:0m:8s left)
Iteration 210 / LogL: -1937.901 / Time: 0h:0m:17s (0h:0m:7s left)
Iteration 220 / LogL: -1939.636 / Time: 0h:0m:18s (0h:0m:6s left)
Iteration 230 / LogL: -1937.900 / Time: 0h:0m:19s (0h:0m:5s left)
Iteration 240 / LogL: -1937.901 / Time: 0h:0m:20s (0h:0m:4s left)
Iteration 250 / LogL: -1942.397 / Time: 0h:0m:21s (0h:0m:3s left)
Iteration 260 / LogL: -1937.902 / Time: 0h:0m:22s (0h:0m:3s left)
Iteration 270 / LogL: -1937.900 / Time: 0h:0m:23s (0h:0m:2s left)
Iteration 280 / LogL: -1942.470 / Time: 0h:0m:24s (0h:0m:1s left)
Iteration 290 / LogL: -1939.288 / Time: 0h:0m:25s (0h:0m:0s left)
TREE SEARCH COMPLETED AFTER 296 ITERATIONS / Time: 0h:0m:26s

--------------------------------------------------------------------
|                    FINALIZING TREE SEARCH                        |
--------------------------------------------------------------------
Performs final model parameters optimization
Estimate model parameters (epsilon = 0.010)
1. Initial log-likelihood: -1937.899
Optimal log-likelihood: -1937.899
Rate parameters:  A-C: 16.22806  A-G: 5.11367  A-T: 2.67138  C-G: 8.83252  C-T: 18.82978  G-T: 1.00000
Base frequencies:  A: 0.329  C: 0.161  G: 0.275  T: 0.235
Gamma shape alpha: 0.123
Parameters optimization took 1 rounds (0.006 sec)
BEST SCORE FOUND : -1937.899
Total tree length: 0.506

Total number of iterations: 296
CPU time used for tree search: 208.501 sec (0h:3m:28s)
Wall-clock time used for tree search: 26.078 sec (0h:0m:26s)
Total CPU time used: 209.196 sec (0h:3m:29s)
Total wall-clock time used: 26.166 sec (0h:0m:26s)

Analysis results written to: 
  IQ-TREE report:                /workspace/IQTree_8_cores_JarvD5a_Results/exon_9098.iqtree
  Maximum-likelihood tree:       /workspace/IQTree_8_cores_JarvD5a_Results/exon_9098.treefile
  Likelihood distances:          /workspace/IQTree_8_cores_JarvD5a_Results/exon_9098.mldist
  Screen log file:               /workspace/IQTree_8_cores_JarvD5a_Results/exon_9098.log

Date and Time: Fri May 29 22:09:26 2026
