IQ-TREE version 3.1.2 for Linux x86 64-bit built May  7 2026
Developed by Bui Quang Minh, Thomas Wong, Nhan Ly-Trong, Huaiyan Ren
Contributed by Lam-Tung Nguyen, Dominik Schrempf, Chris Bielow,
Olga Chernomor, Michael Woodhams, Diep Thi Hoang, Heiko Schmidt

Host:    8084c4e79f09 (AVX512, FMA3, 1133 GB RAM)
Command: /workspace/iqtree-3.1.2-Linux/bin/iqtree3_intel -s /workspace/NeuralNJ/empirical/JarvD5a/exon_2039.fasta -st DNA -m GTR+G -T 8 -seed 2201 -pre /workspace/IQTree_8_cores_JarvD5a_Results/exon_2039 -quiet
Seed:    2201 (Using SPRNG - Scalable Parallel Random Number Generator)
Time:    Thu May 28 16:32:15 2026
Kernel:  AVX+FMA - 8 threads (384 CPU cores detected)

Reading alignment file /workspace/NeuralNJ/empirical/JarvD5a/exon_2039.fasta ... Fasta format detected
Reading fasta file: done in 0.000656128 secs using 96.02% CPU
Alignment most likely contains DNA/RNA sequences
Constructing alignment: done in 0.000858068 secs using 331.2% CPU
Alignment has 47 sequences with 610 columns, 372 distinct patterns
233 parsimony-informative, 113 singleton sites, 264 constant sites
       Gap/Ambiguity  Composition  p-value
Analyzing sequences: done in 1.40667e-05 secs using 362.6% CPU
   1  ACACH   14.43%    passed     29.61%
   2  ANAPL    1.64%    passed     75.87%
   3  APAVI    1.31%    passed     57.22%
   4  APTFO    1.31%    passed     98.01%
   5  BALRE    0.98%    passed     87.82%
   6  BUCRH   20.00%    passed     23.19%
   7  CALAN    1.97%    passed     81.35%
   8  CAPCA    1.64%    passed     96.89%
   9  CARCR    1.64%    passed     98.28%
  10  CATAU    1.31%    passed     93.71%
  11  CHAPE    1.31%    passed     81.44%
  12  CHAVO    1.31%    passed     99.30%
  13  CHLUN    1.31%    passed     92.01%
  14  COLLI    3.28%    passed     77.56%
  15  COLST    1.31%    passed     34.85%
  16  CORBR    1.31%    passed     92.55%
  17  CUCCA    1.31%    passed     97.90%
  18  EGRGA    1.31%    passed     95.95%
  19  EURHE    8.20%    passed     87.91%
  20  FALPE    1.31%    passed     97.13%
  21  FULGL    1.31%    passed     99.73%
  22  GALGA    1.97%    passed     79.47%
  23  GAVST    1.31%    passed     90.94%
  24  GEOFO    1.31%    passed     97.50%
  25  HALAL    1.31%    passed     71.73%
  26  HALLE    1.31%    passed     71.73%
  27  LEPDI    1.64%    passed     82.20%
  28  MANVI    2.30%    passed     91.27%
  29  MELUN    1.64%    passed     98.30%
  30  MERNU    1.31%    passed     95.68%
  31  MESUN    1.31%    passed     98.62%
  32  NESNO    1.31%    passed     94.82%
  33  NIPNI    1.31%    passed     81.28%
  34  OPHHO    1.97%    passed     98.42%
  35  PELCR    1.31%    passed     85.86%
  36  PHACA    1.31%    passed     89.69%
  37  PHALE   12.46%    passed     33.66%
  38  PHORU    0.98%    passed     60.94%
  39  PICPU    1.31%    passed     89.77%
  40  PODCR    1.31%    passed     95.70%
  41  PTEGU    1.31%    passed     99.46%
  42  PYGAD    1.31%    passed     99.33%
  43  STRCA    2.62%    passed     28.18%
  44  TAEGU   12.13%    passed     89.75%
  45  TAUER    1.31%    passed     98.72%
  46  TINMA    2.62%    passed     80.18%
  47  TYTAL    1.31%    passed     97.13%
****  TOTAL    2.78%  0 sequences failed composition chi2 test (p-value<5%; df=3)
NOTE: HALLE is identical to HALAL but kept for subsequent analysis
Checking for duplicate sequences: done in 0.000138044 secs using 804.8% CPU

Create initial parsimony tree by phylogenetic likelihood library (PLL)... 0.002 seconds

NOTE: 2 MB RAM (0 GB) is required!
WARNING: Number of threads seems too high for short alignments. Use -T AUTO to determine best number of threads.
Estimate model parameters (epsilon = 0.100)
1. Initial log-likelihood: -7024.590
2. Current log-likelihood: -6598.626
3. Current log-likelihood: -6594.792
Optimal log-likelihood: -6594.740
Rate parameters:  A-C: 1.16266  A-G: 6.04595  A-T: 0.67349  C-G: 1.47220  C-T: 5.50820  G-T: 1.00000
Base frequencies:  A: 0.216  C: 0.265  G: 0.248  T: 0.270
Gamma shape alpha: 0.461
Parameters optimization took 3 rounds (0.060 sec)
Wrote distance file to... 
Computing ML distances based on estimated model parameters...
Calculating distance matrix: done in 0.00178599 secs using 798% CPU
Computing ML distances took 0.001862 sec (of wall-clock time) 0.014580 sec (of CPU time)
Setting up auxiliary I and S matrices: done in 0.000108004 secs using 1151% CPU
Constructing RapidNJ tree: done in 0.00343204 secs using 788.8% CPU
Computing RapidNJ tree took 0.003572 sec (of wall-clock time) 0.031835 sec (of CPU time)
Log-likelihood of RapidNJ tree: -6604.246
--------------------------------------------------------------------
|             INITIALIZING CANDIDATE TREE SET                      |
--------------------------------------------------------------------
Generating 98 parsimony trees... 0.199 second
Computing log-likelihood of 98 initial trees ... 0.375 seconds
Current best score: -6573.672

Do NNI search on 20 best initial trees
Estimate model parameters (epsilon = 0.100)
BETTER TREE FOUND at iteration 1: -6560.344
Estimate model parameters (epsilon = 0.100)
BETTER TREE FOUND at iteration 2: -6559.510
Iteration 10 / LogL: -6561.874 / Time: 0h:0m:1s
Iteration 20 / LogL: -6581.501 / Time: 0h:0m:2s
Finish initializing candidate tree set (20)
Current best tree score: -6559.510 / CPU time: 2.534
Number of iterations: 20
--------------------------------------------------------------------
|               OPTIMIZING CANDIDATE TREE SET                      |
--------------------------------------------------------------------
Estimate model parameters (epsilon = 0.100)
BETTER TREE FOUND at iteration 22: -6558.895
Estimate model parameters (epsilon = 0.100)
BETTER TREE FOUND at iteration 30: -6556.968
Iteration 30 / LogL: -6556.968 / Time: 0h:0m:3s (0h:0m:12s left)
Iteration 40 / LogL: -6559.124 / Time: 0h:0m:4s (0h:0m:11s left)
Iteration 50 / LogL: -6561.710 / Time: 0h:0m:5s (0h:0m:9s left)
Estimate model parameters (epsilon = 0.100)
BETTER TREE FOUND at iteration 54: -6556.214
Iteration 60 / LogL: -6610.449 / Time: 0h:0m:6s (0h:0m:11s left)
Estimate model parameters (epsilon = 0.100)
BETTER TREE FOUND at iteration 62: -6554.389
Estimate model parameters (epsilon = 0.100)
BETTER TREE FOUND at iteration 66: -6553.168
Iteration 70 / LogL: -6556.846 / Time: 0h:0m:8s (0h:0m:11s left)
Iteration 80 / LogL: -6561.772 / Time: 0h:0m:9s (0h:0m:9s left)
Iteration 90 / LogL: -6556.223 / Time: 0h:0m:10s (0h:0m:8s left)
Iteration 100 / LogL: -6555.408 / Time: 0h:0m:11s (0h:0m:7s left)
Iteration 110 / LogL: -6557.078 / Time: 0h:0m:12s (0h:0m:6s left)
Iteration 120 / LogL: -6557.172 / Time: 0h:0m:13s (0h:0m:5s left)
Iteration 130 / LogL: -6554.416 / Time: 0h:0m:14s (0h:0m:4s left)
UPDATE BEST LOG-LIKELIHOOD: -6553.168
Iteration 140 / LogL: -6556.285 / Time: 0h:0m:15s (0h:0m:2s left)
Iteration 150 / LogL: -6553.169 / Time: 0h:0m:16s (0h:0m:1s left)
Iteration 160 / LogL: -6558.100 / Time: 0h:0m:17s (0h:0m:0s left)
TREE SEARCH COMPLETED AFTER 167 ITERATIONS / Time: 0h:0m:18s

--------------------------------------------------------------------
|                    FINALIZING TREE SEARCH                        |
--------------------------------------------------------------------
Performs final model parameters optimization
Estimate model parameters (epsilon = 0.010)
1. Initial log-likelihood: -6553.168
Optimal log-likelihood: -6553.168
Rate parameters:  A-C: 1.11258  A-G: 5.88050  A-T: 0.62566  C-G: 1.46405  C-T: 5.77852  G-T: 1.00000
Base frequencies:  A: 0.216  C: 0.265  G: 0.248  T: 0.270
Gamma shape alpha: 0.471
Parameters optimization took 1 rounds (0.009 sec)
BEST SCORE FOUND : -6553.168
Total tree length: 2.650

Total number of iterations: 167
CPU time used for tree search: 147.704 sec (0h:2m:27s)
Wall-clock time used for tree search: 18.498 sec (0h:0m:18s)
Total CPU time used: 148.528 sec (0h:2m:28s)
Total wall-clock time used: 18.601 sec (0h:0m:18s)

Analysis results written to: 
  IQ-TREE report:                /workspace/IQTree_8_cores_JarvD5a_Results/exon_2039.iqtree
  Maximum-likelihood tree:       /workspace/IQTree_8_cores_JarvD5a_Results/exon_2039.treefile
  Likelihood distances:          /workspace/IQTree_8_cores_JarvD5a_Results/exon_2039.mldist
  Screen log file:               /workspace/IQTree_8_cores_JarvD5a_Results/exon_2039.log

Date and Time: Thu May 28 16:32:33 2026
