IQ-TREE version 3.1.2 for Linux x86 64-bit built May  7 2026
Developed by Bui Quang Minh, Thomas Wong, Nhan Ly-Trong, Huaiyan Ren
Contributed by Lam-Tung Nguyen, Dominik Schrempf, Chris Bielow,
Olga Chernomor, Michael Woodhams, Diep Thi Hoang, Heiko Schmidt

Host:    8084c4e79f09 (AVX512, FMA3, 1133 GB RAM)
Command: /workspace/iqtree-3.1.2-Linux/bin/iqtree3_intel -s /workspace/NeuralNJ/empirical/JarvD5a/exon_4271.fasta -st DNA -m GTR+G -T 8 -seed 2201 -pre /workspace/IQTree_8_cores_JarvD5a_Results/exon_4271 -quiet
Seed:    2201 (Using SPRNG - Scalable Parallel Random Number Generator)
Time:    Fri May 29 02:39:46 2026
Kernel:  AVX+FMA - 8 threads (384 CPU cores detected)

Reading alignment file /workspace/NeuralNJ/empirical/JarvD5a/exon_4271.fasta ... Fasta format detected
Reading fasta file: done in 0.000978947 secs using 25.54% CPU
Alignment most likely contains DNA/RNA sequences
Constructing alignment: done in 0.00188494 secs using 599.5% CPU
Alignment has 48 sequences with 938 columns, 136 distinct patterns
51 parsimony-informative, 54 singleton sites, 833 constant sites
       Gap/Ambiguity  Composition  p-value
Analyzing sequences: done in 1.3113e-05 secs using 99.14% CPU
   1  ACACH   18.76%    passed     99.51%
   2  ANAPL   18.55%    passed     97.94%
   3  APAVI   27.51%    passed     98.95%
   4  APTFO   18.55%    passed     98.95%
   5  BALRE   27.51%    passed     96.38%
   6  BUCRH   18.55%    passed     99.08%
   7  CALAN   18.55%    passed     99.75%
   8  CAPCA   18.55%    passed     99.73%
   9  CARCR   18.55%    passed    100.00%
  10  CATAU   18.55%    passed     99.96%
  11  CHAPE   18.55%    passed     99.53%
  12  CHAVO   18.55%    passed     99.62%
  13  CHLUN   18.55%    passed    100.00%
  14  COLLI   18.55%    passed     99.96%
  15  COLST   18.55%    passed     99.78%
  16  CORBR   18.76%    passed     99.79%
  17  CUCCA   18.55%    passed     99.98%
  18  EGRGA   18.55%    passed     99.93%
  19  EURHE   18.55%    passed     99.68%
  20  FALPE   18.55%    passed     99.93%
  21  FULGL   18.55%    passed     98.63%
  22  GALGA    0.00%    failed      3.49%
  23  GAVST   30.49%    passed     87.63%
  24  GEOFO   18.76%    passed     99.67%
  25  HALAL   18.55%    passed     99.96%
  26  HALLE   18.55%    passed     99.96%
  27  LEPDI   56.50%    passed     80.52%
  28  MANVI   18.76%    passed     99.55%
  29  MELGA   18.55%    passed     99.20%
  30  MELUN   18.55%    passed     99.81%
  31  MERNU   18.55%    passed     99.95%
  32  MESUN   18.55%    passed     99.68%
  33  NESNO   18.55%    passed     98.73%
  34  NIPNI   18.55%    passed     99.58%
  35  OPHHO   18.55%    passed     99.73%
  36  PELCR   44.56%    passed     67.33%
  37  PHACA   44.56%    passed     77.01%
  38  PHALE   18.55%    passed     99.98%
  39  PHORU   50.96%    passed     69.68%
  40  PICPU   18.55%    passed     99.58%
  41  PODCR   18.55%    passed     99.70%
  42  PTEGU   18.55%    passed     99.76%
  43  PYGAD   18.55%    passed     99.20%
  44  STRCA   18.55%    passed     99.98%
  45  TAEGU   16.20%    passed     97.83%
  46  TAUER   18.55%    passed     99.56%
  47  TINMA   18.55%    passed     99.97%
  48  TYTAL   18.55%    passed     99.67%
WARNING: 2 sequences contain more than 50% gaps/ambiguity
****  TOTAL   21.30%  1 sequences failed composition chi2 test (p-value<5%; df=3)
NOTE: HALLE is identical to HALAL but kept for subsequent analysis
Checking for duplicate sequences: done in 0.000180006 secs using 798.3% CPU

Create initial parsimony tree by phylogenetic likelihood library (PLL)... 0.002 seconds

NOTE: 0 MB RAM (0 GB) is required!
WARNING: Number of threads seems too high for short alignments. Use -T AUTO to determine best number of threads.
Estimate model parameters (epsilon = 0.100)
1. Initial log-likelihood: -2695.222
2. Current log-likelihood: -2562.536
3. Current log-likelihood: -2560.916
Optimal log-likelihood: -2560.914
Rate parameters:  A-C: 2.37491  A-G: 6.54530  A-T: 0.41834  C-G: 2.81706  C-T: 9.50664  G-T: 1.00000
Base frequencies:  A: 0.320  C: 0.193  G: 0.248  T: 0.239
Gamma shape alpha: 0.020
Parameters optimization took 3 rounds (0.058 sec)
Wrote distance file to... 
Computing ML distances based on estimated model parameters...
Calculating distance matrix: done in 0.000880003 secs using 804.1% CPU
Computing ML distances took 0.000942 sec (of wall-clock time) 0.007305 sec (of CPU time)
Setting up auxiliary I and S matrices: done in 9.60827e-05 secs using 1176% CPU
Constructing RapidNJ tree: done in 0.00261307 secs using 888% CPU
Computing RapidNJ tree took 0.002761 sec (of wall-clock time) 0.025369 sec (of CPU time)
Log-likelihood of RapidNJ tree: -2562.941
--------------------------------------------------------------------
|             INITIALIZING CANDIDATE TREE SET                      |
--------------------------------------------------------------------
Generating 98 parsimony trees... 0.087 second
Computing log-likelihood of 98 initial trees ... 0.381 seconds
Current best score: -2553.756

Do NNI search on 20 best initial trees
Estimate model parameters (epsilon = 0.100)
BETTER TREE FOUND at iteration 1: -2553.419
Estimate model parameters (epsilon = 0.100)
BETTER TREE FOUND at iteration 2: -2552.682
Iteration 10 / LogL: -2554.525 / Time: 0h:0m:1s
Iteration 20 / LogL: -2561.072 / Time: 0h:0m:1s
Finish initializing candidate tree set (20)
Current best tree score: -2552.682 / CPU time: 1.647
Number of iterations: 20
--------------------------------------------------------------------
|               OPTIMIZING CANDIDATE TREE SET                      |
--------------------------------------------------------------------
Estimate model parameters (epsilon = 0.100)
BETTER TREE FOUND at iteration 27: -2552.463
Iteration 30 / LogL: -2552.843 / Time: 0h:0m:2s (0h:0m:8s left)
Estimate model parameters (epsilon = 0.100)
BETTER TREE FOUND at iteration 31: -2550.943
BETTER TREE FOUND at iteration 40: -2550.941
Iteration 40 / LogL: -2550.941 / Time: 0h:0m:3s (0h:0m:8s left)
BETTER TREE FOUND at iteration 42: -2550.938
Iteration 50 / LogL: -2555.952 / Time: 0h:0m:4s (0h:0m:8s left)
Iteration 60 / LogL: -2550.944 / Time: 0h:0m:5s (0h:0m:7s left)
Iteration 70 / LogL: -2550.944 / Time: 0h:0m:6s (0h:0m:6s left)
Iteration 80 / LogL: -2557.868 / Time: 0h:0m:7s (0h:0m:5s left)
Iteration 90 / LogL: -2554.934 / Time: 0h:0m:8s (0h:0m:4s left)
Iteration 100 / LogL: -2550.942 / Time: 0h:0m:8s (0h:0m:3s left)
Iteration 110 / LogL: -2550.941 / Time: 0h:0m:9s (0h:0m:2s left)
Iteration 120 / LogL: -2550.940 / Time: 0h:0m:10s (0h:0m:1s left)
Iteration 130 / LogL: -2550.941 / Time: 0h:0m:11s (0h:0m:1s left)
Iteration 140 / LogL: -2550.942 / Time: 0h:0m:11s (0h:0m:0s left)
TREE SEARCH COMPLETED AFTER 143 ITERATIONS / Time: 0h:0m:12s

--------------------------------------------------------------------
|                    FINALIZING TREE SEARCH                        |
--------------------------------------------------------------------
Performs final model parameters optimization
Estimate model parameters (epsilon = 0.010)
1. Initial log-likelihood: -2550.938
Optimal log-likelihood: -2550.938
Rate parameters:  A-C: 1.95800  A-G: 5.72251  A-T: 0.36810  C-G: 2.21414  C-T: 8.35817  G-T: 1.00000
Base frequencies:  A: 0.320  C: 0.193  G: 0.248  T: 0.239
Gamma shape alpha: 0.020
Parameters optimization took 1 rounds (0.007 sec)
BEST SCORE FOUND : -2550.938
Total tree length: 0.322

Total number of iterations: 143
CPU time used for tree search: 95.507 sec (0h:1m:35s)
Wall-clock time used for tree search: 11.964 sec (0h:0m:11s)
Total CPU time used: 96.257 sec (0h:1m:36s)
Total wall-clock time used: 12.057 sec (0h:0m:12s)

Analysis results written to: 
  IQ-TREE report:                /workspace/IQTree_8_cores_JarvD5a_Results/exon_4271.iqtree
  Maximum-likelihood tree:       /workspace/IQTree_8_cores_JarvD5a_Results/exon_4271.treefile
  Likelihood distances:          /workspace/IQTree_8_cores_JarvD5a_Results/exon_4271.mldist
  Screen log file:               /workspace/IQTree_8_cores_JarvD5a_Results/exon_4271.log

Date and Time: Fri May 29 02:39:58 2026
