IQ-TREE version 3.1.2 for Linux x86 64-bit built May  7 2026
Developed by Bui Quang Minh, Thomas Wong, Nhan Ly-Trong, Huaiyan Ren
Contributed by Lam-Tung Nguyen, Dominik Schrempf, Chris Bielow,
Olga Chernomor, Michael Woodhams, Diep Thi Hoang, Heiko Schmidt

Host:    8084c4e79f09 (AVX512, FMA3, 1133 GB RAM)
Command: /workspace/iqtree-3.1.2-Linux/bin/iqtree3_intel -s /workspace/NeuralNJ/empirical/JarvD5a/exon_3955.fasta -st DNA -m GTR+G -T 8 -seed 2201 -pre /workspace/IQTree_8_cores_JarvD5a_Results/exon_3955 -quiet
Seed:    2201 (Using SPRNG - Scalable Parallel Random Number Generator)
Time:    Fri May 29 01:28:36 2026
Kernel:  AVX+FMA - 8 threads (384 CPU cores detected)

Reading alignment file /workspace/NeuralNJ/empirical/JarvD5a/exon_3955.fasta ... Fasta format detected
Reading fasta file: done in 0.00123 secs using 85.77% CPU
Alignment most likely contains DNA/RNA sequences
Constructing alignment: done in 0.00274014 secs using 756.1% CPU
Alignment has 45 sequences with 1948 columns, 888 distinct patterns
506 parsimony-informative, 348 singleton sites, 1094 constant sites
       Gap/Ambiguity  Composition  p-value
Analyzing sequences: done in 4.1008e-05 secs using 602.3% CPU
   1  ANAPL    5.65%    passed     92.91%
   2  APAVI    4.31%    passed     97.70%
   3  APTFO    2.87%    passed     81.30%
   4  BALRE    3.80%    passed     95.09%
   5  BUCRH    5.24%    passed     98.38%
   6  CALAN    5.24%    passed     89.28%
   7  CAPCA   13.76%    passed     89.55%
   8  CARCR    7.34%    passed     99.88%
   9  CATAU    3.08%    passed     83.31%
  10  CHAPE    5.75%    passed     89.46%
  11  CHAVO    5.44%    passed     99.33%
  12  CHLUN    4.93%    passed     99.40%
  13  COLLI   12.94%    passed     88.48%
  14  COLST    3.85%    passed     99.53%
  15  CORBR    8.11%    passed     93.80%
  16  CUCCA    4.93%    passed     73.93%
  17  EGRGA    4.21%    passed     96.61%
  18  FALPE    5.85%    passed     90.98%
  19  FULGL    3.59%    passed     84.40%
  20  GALGA   37.78%    passed     15.04%
  21  GAVST    2.98%    passed     99.02%
  22  GEOFO    6.78%    passed     99.00%
  23  HALAL    4.93%    passed     98.34%
  24  HALLE    4.93%    passed     97.10%
  25  MANVI    5.54%    passed     85.77%
  26  MELGA    7.49%    passed     91.53%
  27  MELUN    5.95%    passed     96.91%
  28  MERNU    7.49%    passed     96.56%
  29  MESUN    5.13%    passed     96.78%
  30  NESNO    5.95%    passed     95.03%
  31  NIPNI    4.62%    passed     90.51%
  32  OPHHO    6.26%    passed     89.09%
  33  PELCR    4.00%    passed     96.31%
  34  PHACA    9.45%    passed     85.83%
  35  PHALE    5.34%    passed     99.29%
  36  PHORU    4.72%    passed     88.38%
  37  PICPU   12.83%    passed     55.29%
  38  PODCR   11.60%    passed     99.85%
  39  PTEGU    6.26%    passed     98.67%
  40  PYGAD    6.88%    passed     98.88%
  41  STRCA    6.98%    passed     60.20%
  42  TAEGU    6.57%    passed     98.44%
  43  TAUER    8.06%    passed     66.75%
  44  TINMA    7.91%    passed     79.14%
  45  TYTAL   11.14%    passed     99.12%
****  TOTAL    7.08%  0 sequences failed composition chi2 test (p-value<5%; df=3)
Checking for duplicate sequences: done in 0.000164032 secs using 813.9% CPU

Create initial parsimony tree by phylogenetic likelihood library (PLL)... 0.006 seconds

NOTE: 5 MB RAM (0 GB) is required!
Estimate model parameters (epsilon = 0.100)
1. Initial log-likelihood: -16295.958
2. Current log-likelihood: -15359.579
3. Current log-likelihood: -15319.619
4. Current log-likelihood: -15318.546
Optimal log-likelihood: -15318.516
Rate parameters:  A-C: 1.67935  A-G: 4.62336  A-T: 0.66477  C-G: 1.87298  C-T: 5.00136  G-T: 1.00000
Base frequencies:  A: 0.297  C: 0.221  G: 0.276  T: 0.205
Gamma shape alpha: 0.292
Parameters optimization took 4 rounds (0.119 sec)
Wrote distance file to... 
Computing ML distances based on estimated model parameters...
Calculating distance matrix: done in 0.001405 secs using 806.3% CPU
Computing ML distances took 0.001490 sec (of wall-clock time) 0.011709 sec (of CPU time)
Setting up auxiliary I and S matrices: done in 0.000105143 secs using 1159% CPU
Constructing RapidNJ tree: done in 0.00252104 secs using 787.5% CPU
Computing RapidNJ tree took 0.002666 sec (of wall-clock time) 0.023725 sec (of CPU time)
Log-likelihood of RapidNJ tree: -15384.312
--------------------------------------------------------------------
|             INITIALIZING CANDIDATE TREE SET                      |
--------------------------------------------------------------------
Generating 98 parsimony trees... 0.360 second
Computing log-likelihood of 98 initial trees ... 0.632 seconds
Current best score: -15314.899

Do NNI search on 20 best initial trees
Estimate model parameters (epsilon = 0.100)
BETTER TREE FOUND at iteration 1: -15270.228
Iteration 10 / LogL: -15290.565 / Time: 0h:0m:2s
Estimate model parameters (epsilon = 0.100)
BETTER TREE FOUND at iteration 15: -15269.932
Iteration 20 / LogL: -15284.845 / Time: 0h:0m:4s
Finish initializing candidate tree set (20)
Current best tree score: -15269.932 / CPU time: 3.930
Number of iterations: 20
--------------------------------------------------------------------
|               OPTIMIZING CANDIDATE TREE SET                      |
--------------------------------------------------------------------
Estimate model parameters (epsilon = 0.100)
BETTER TREE FOUND at iteration 27: -15267.166
Estimate model parameters (epsilon = 0.100)
BETTER TREE FOUND at iteration 28: -15265.280
Iteration 30 / LogL: -15270.077 / Time: 0h:0m:5s (0h:0m:18s left)
Estimate model parameters (epsilon = 0.100)
BETTER TREE FOUND at iteration 35: -15264.848
Estimate model parameters (epsilon = 0.100)
BETTER TREE FOUND at iteration 39: -15264.157
Iteration 40 / LogL: -15348.231 / Time: 0h:0m:6s (0h:0m:17s left)
Iteration 50 / LogL: -15265.340 / Time: 0h:0m:8s (0h:0m:14s left)
Iteration 60 / LogL: -15264.228 / Time: 0h:0m:9s (0h:0m:12s left)
Iteration 70 / LogL: -15267.016 / Time: 0h:0m:10s (0h:0m:10s left)
Iteration 80 / LogL: -15266.392 / Time: 0h:0m:12s (0h:0m:9s left)
Iteration 90 / LogL: -15283.383 / Time: 0h:0m:13s (0h:0m:7s left)
UPDATE BEST LOG-LIKELIHOOD: -15264.155
Iteration 100 / LogL: -15264.710 / Time: 0h:0m:14s (0h:0m:5s left)
Iteration 110 / LogL: -15264.391 / Time: 0h:0m:15s (0h:0m:4s left)
Iteration 120 / LogL: -15264.710 / Time: 0h:0m:17s (0h:0m:2s left)
Iteration 130 / LogL: -15265.859 / Time: 0h:0m:18s (0h:0m:1s left)
Iteration 140 / LogL: -15264.442 / Time: 0h:0m:19s (0h:0m:-1s left)
TREE SEARCH COMPLETED AFTER 140 ITERATIONS / Time: 0h:0m:19s

--------------------------------------------------------------------
|                    FINALIZING TREE SEARCH                        |
--------------------------------------------------------------------
Performs final model parameters optimization
Estimate model parameters (epsilon = 0.010)
1. Initial log-likelihood: -15264.155
Optimal log-likelihood: -15264.152
Rate parameters:  A-C: 1.71649  A-G: 4.77459  A-T: 0.64361  C-G: 1.94462  C-T: 5.14352  G-T: 1.00000
Base frequencies:  A: 0.297  C: 0.221  G: 0.276  T: 0.205
Gamma shape alpha: 0.291
Parameters optimization took 1 rounds (0.015 sec)
BEST SCORE FOUND : -15264.152
Total tree length: 2.967

Total number of iterations: 140
CPU time used for tree search: 153.539 sec (0h:2m:33s)
Wall-clock time used for tree search: 19.456 sec (0h:0m:19s)
Total CPU time used: 155.188 sec (0h:2m:35s)
Total wall-clock time used: 19.659 sec (0h:0m:19s)

Analysis results written to: 
  IQ-TREE report:                /workspace/IQTree_8_cores_JarvD5a_Results/exon_3955.iqtree
  Maximum-likelihood tree:       /workspace/IQTree_8_cores_JarvD5a_Results/exon_3955.treefile
  Likelihood distances:          /workspace/IQTree_8_cores_JarvD5a_Results/exon_3955.mldist
  Screen log file:               /workspace/IQTree_8_cores_JarvD5a_Results/exon_3955.log

Date and Time: Fri May 29 01:28:56 2026
