IQ-TREE version 3.1.2 for Linux x86 64-bit built May  7 2026
Developed by Bui Quang Minh, Thomas Wong, Nhan Ly-Trong, Huaiyan Ren
Contributed by Lam-Tung Nguyen, Dominik Schrempf, Chris Bielow,
Olga Chernomor, Michael Woodhams, Diep Thi Hoang, Heiko Schmidt

Host:    8084c4e79f09 (AVX512, FMA3, 1133 GB RAM)
Command: /workspace/iqtree-3.1.2-Linux/bin/iqtree3_intel -s /workspace/NeuralNJ/empirical/JarvD5a/exon_5365.fasta -st DNA -m GTR+G -T 8 -seed 2201 -pre /workspace/IQTree_8_cores_JarvD5a_Results/exon_5365 -quiet
Seed:    2201 (Using SPRNG - Scalable Parallel Random Number Generator)
Time:    Fri May 29 06:33:55 2026
Kernel:  AVX+FMA - 8 threads (384 CPU cores detected)

Reading alignment file /workspace/NeuralNJ/empirical/JarvD5a/exon_5365.fasta ... Fasta format detected
Reading fasta file: done in 0.00121307 secs using 88.95% CPU
Alignment most likely contains DNA/RNA sequences
Constructing alignment: done in 0.00226784 secs using 758.3% CPU
Alignment has 46 sequences with 1720 columns, 497 distinct patterns
199 parsimony-informative, 222 singleton sites, 1299 constant sites
       Gap/Ambiguity  Composition  p-value
Analyzing sequences: done in 2.38419e-05 secs using 276.8% CPU
   1  ACACH   11.86%    passed     94.32%
   2  ANAPL    6.98%    passed     97.14%
   3  APTFO    6.05%    passed     98.59%
   4  BALRE   20.00%    passed     49.67%
   5  BUCRH    8.26%    passed     97.22%
   6  CALAN    7.33%    passed     94.09%
   7  CAPCA   28.26%    passed     80.21%
   8  CARCR    6.86%    passed     97.43%
   9  CATAU    6.05%    passed     97.82%
  10  CHAPE    8.60%    passed     99.98%
  11  CHAVO    6.05%    passed     99.93%
  12  CHLUN   19.77%    passed     98.01%
  13  COLLI    5.58%    passed     95.96%
  14  COLST   20.81%    passed     52.84%
  15  CORBR    7.56%    passed     98.74%
  16  CUCCA    6.16%    passed     99.76%
  17  EGRGA    6.51%    passed     93.65%
  18  FALPE    6.05%    passed     99.91%
  19  FULGL   41.74%    passed     95.23%
  20  GALGA    3.60%    passed     67.13%
  21  GAVST    6.40%    passed     89.33%
  22  GEOFO   10.35%    passed     92.04%
  23  HALAL   50.29%    passed     51.58%
  24  HALLE    7.33%    passed     95.36%
  25  LEPDI   28.26%    passed     72.61%
  26  MANVI    6.05%    passed     96.85%
  27  MELGA    7.33%    passed     97.43%
  28  MELUN    6.28%    passed     99.54%
  29  MERNU   34.65%    passed     55.62%
  30  MESUN    7.44%    passed     98.72%
  31  NESNO    6.05%    passed     99.86%
  32  NIPNI    6.28%    passed     98.58%
  33  OPHHO    8.37%    passed     99.93%
  34  PELCR    8.60%    passed     88.11%
  35  PHACA    6.86%    passed     97.22%
  36  PHALE    6.05%    passed     97.90%
  37  PHORU    6.34%    passed     98.72%
  38  PICPU   27.44%    failed      0.00%
  39  PODCR   12.33%    passed     68.37%
  40  PTEGU    6.63%    passed     97.68%
  41  PYGAD    6.05%    passed     97.13%
  42  STRCA    7.21%    passed     99.78%
  43  TAEGU    7.56%    passed     97.83%
  44  TAUER   10.12%    passed     98.62%
  45  TINMA    8.02%    passed     88.88%
  46  TYTAL   10.58%    passed     71.67%
WARNING: 1 sequences contain more than 50% gaps/ambiguity
****  TOTAL   11.80%  1 sequences failed composition chi2 test (p-value<5%; df=3)
Checking for duplicate sequences: done in 0.000138044 secs using 536.1% CPU

Create initial parsimony tree by phylogenetic likelihood library (PLL)... 0.002 seconds

NOTE: 3 MB RAM (0 GB) is required!
WARNING: Number of threads seems too high for short alignments. Use -T AUTO to determine best number of threads.
Estimate model parameters (epsilon = 0.100)
1. Initial log-likelihood: -8096.414
2. Current log-likelihood: -7699.475
3. Current log-likelihood: -7685.921
4. Current log-likelihood: -7685.682
Optimal log-likelihood: -7685.666
Rate parameters:  A-C: 1.79447  A-G: 3.12205  A-T: 0.53603  C-G: 2.32091  C-T: 5.55204  G-T: 1.00000
Base frequencies:  A: 0.340  C: 0.190  G: 0.257  T: 0.213
Gamma shape alpha: 0.196
Parameters optimization took 4 rounds (0.114 sec)
Wrote distance file to... 
Computing ML distances based on estimated model parameters...
Calculating distance matrix: done in 0.000715017 secs using 781.2% CPU
Computing ML distances took 0.000790 sec (of wall-clock time) 0.005987 sec (of CPU time)
Setting up auxiliary I and S matrices: done in 0.000109911 secs using 1099% CPU
Constructing RapidNJ tree: done in 0.00261807 secs using 767.4% CPU
Computing RapidNJ tree took 0.002763 sec (of wall-clock time) 0.024492 sec (of CPU time)
Log-likelihood of RapidNJ tree: -7780.664
--------------------------------------------------------------------
|             INITIALIZING CANDIDATE TREE SET                      |
--------------------------------------------------------------------
Generating 98 parsimony trees... 0.195 second
Computing log-likelihood of 98 initial trees ... 0.474 seconds
Current best score: -7679.798

Do NNI search on 20 best initial trees
Estimate model parameters (epsilon = 0.100)
BETTER TREE FOUND at iteration 1: -7670.916
Estimate model parameters (epsilon = 0.100)
BETTER TREE FOUND at iteration 4: -7669.135
Iteration 10 / LogL: -7680.026 / Time: 0h:0m:1s
Iteration 20 / LogL: -7684.674 / Time: 0h:0m:2s
Finish initializing candidate tree set (20)
Current best tree score: -7669.135 / CPU time: 2.603
Number of iterations: 20
--------------------------------------------------------------------
|               OPTIMIZING CANDIDATE TREE SET                      |
--------------------------------------------------------------------
Estimate model parameters (epsilon = 0.100)
BETTER TREE FOUND at iteration 24: -7668.273
Iteration 30 / LogL: -7668.273 / Time: 0h:0m:4s (0h:0m:13s left)
Iteration 40 / LogL: -7669.414 / Time: 0h:0m:5s (0h:0m:11s left)
Iteration 50 / LogL: -7669.544 / Time: 0h:0m:6s (0h:0m:9s left)
Iteration 60 / LogL: -7669.376 / Time: 0h:0m:7s (0h:0m:7s left)
Iteration 70 / LogL: -7673.831 / Time: 0h:0m:8s (0h:0m:6s left)
Iteration 80 / LogL: -7669.390 / Time: 0h:0m:9s (0h:0m:5s left)
Iteration 90 / LogL: -7669.326 / Time: 0h:0m:10s (0h:0m:4s left)
Iteration 100 / LogL: -7676.411 / Time: 0h:0m:11s (0h:0m:2s left)
Iteration 110 / LogL: -7670.156 / Time: 0h:0m:12s (0h:0m:1s left)
Estimate model parameters (epsilon = 0.100)
BETTER TREE FOUND at iteration 115: -7667.775
Iteration 120 / LogL: -7668.514 / Time: 0h:0m:13s (0h:0m:11s left)
Iteration 130 / LogL: -7668.310 / Time: 0h:0m:14s (0h:0m:9s left)
Iteration 140 / LogL: -7669.246 / Time: 0h:0m:16s (0h:0m:8s left)
Estimate model parameters (epsilon = 0.100)
BETTER TREE FOUND at iteration 143: -7667.760
Iteration 150 / LogL: -7668.319 / Time: 0h:0m:17s (0h:0m:10s left)
Iteration 160 / LogL: -7672.995 / Time: 0h:0m:18s (0h:0m:9s left)
Iteration 170 / LogL: -7673.384 / Time: 0h:0m:19s (0h:0m:8s left)
Iteration 180 / LogL: -7669.871 / Time: 0h:0m:20s (0h:0m:7s left)
Iteration 190 / LogL: -7667.778 / Time: 0h:0m:21s (0h:0m:6s left)
Iteration 200 / LogL: -7670.126 / Time: 0h:0m:22s (0h:0m:4s left)
Iteration 210 / LogL: -7667.777 / Time: 0h:0m:24s (0h:0m:3s left)
UPDATE BEST LOG-LIKELIHOOD: -7667.760
Iteration 220 / LogL: -7668.311 / Time: 0h:0m:25s (0h:0m:2s left)
Iteration 230 / LogL: -7669.905 / Time: 0h:0m:26s (0h:0m:1s left)
Iteration 240 / LogL: -7667.783 / Time: 0h:0m:27s (0h:0m:0s left)
TREE SEARCH COMPLETED AFTER 244 ITERATIONS / Time: 0h:0m:28s

--------------------------------------------------------------------
|                    FINALIZING TREE SEARCH                        |
--------------------------------------------------------------------
Performs final model parameters optimization
Estimate model parameters (epsilon = 0.010)
1. Initial log-likelihood: -7667.760
Optimal log-likelihood: -7667.759
Rate parameters:  A-C: 1.76024  A-G: 3.15618  A-T: 0.53082  C-G: 2.31833  C-T: 5.52920  G-T: 1.00000
Base frequencies:  A: 0.340  C: 0.190  G: 0.257  T: 0.213
Gamma shape alpha: 0.196
Parameters optimization took 1 rounds (0.010 sec)
BEST SCORE FOUND : -7667.759
Total tree length: 1.016

Total number of iterations: 244
CPU time used for tree search: 222.400 sec (0h:3m:42s)
Wall-clock time used for tree search: 27.883 sec (0h:0m:27s)
Total CPU time used: 223.761 sec (0h:3m:43s)
Total wall-clock time used: 28.053 sec (0h:0m:28s)

Analysis results written to: 
  IQ-TREE report:                /workspace/IQTree_8_cores_JarvD5a_Results/exon_5365.iqtree
  Maximum-likelihood tree:       /workspace/IQTree_8_cores_JarvD5a_Results/exon_5365.treefile
  Likelihood distances:          /workspace/IQTree_8_cores_JarvD5a_Results/exon_5365.mldist
  Screen log file:               /workspace/IQTree_8_cores_JarvD5a_Results/exon_5365.log

Date and Time: Fri May 29 06:34:23 2026
