IQ-TREE version 3.1.2 for Linux x86 64-bit built May  7 2026
Developed by Bui Quang Minh, Thomas Wong, Nhan Ly-Trong, Huaiyan Ren
Contributed by Lam-Tung Nguyen, Dominik Schrempf, Chris Bielow,
Olga Chernomor, Michael Woodhams, Diep Thi Hoang, Heiko Schmidt

Host:    8084c4e79f09 (AVX512, FMA3, 1133 GB RAM)
Command: /workspace/iqtree-3.1.2-Linux/bin/iqtree3_intel -s /workspace/NeuralNJ/empirical/JarvD5a/exon_7899.fasta -st DNA -m GTR+G -T 8 -seed 2201 -pre /workspace/IQTree_8_cores_JarvD5a_Results/exon_7899 -quiet
Seed:    2201 (Using SPRNG - Scalable Parallel Random Number Generator)
Time:    Fri May 29 14:41:51 2026
Kernel:  AVX+FMA - 8 threads (384 CPU cores detected)

Reading alignment file /workspace/NeuralNJ/empirical/JarvD5a/exon_7899.fasta ... Fasta format detected
Reading fasta file: done in 0.000296831 secs using 11.79% CPU
Alignment most likely contains DNA/RNA sequences
Constructing alignment: done in 0.00029397 secs using 175.5% CPU
Alignment has 48 sequences with 216 columns, 61 distinct patterns
26 parsimony-informative, 20 singleton sites, 170 constant sites
       Gap/Ambiguity  Composition  p-value
Analyzing sequences: done in 7.15256e-06 secs using 111.8% CPU
   1  ACACH    5.56%    passed     99.62%
   2  ANAPL    4.63%    passed     99.38%
   3  APAVI    7.41%    passed     96.94%
   4  APTFO    5.56%    passed     99.94%
   5  BALRE    5.56%    passed     99.88%
   6  BUCRH    5.56%    passed     99.42%
   7  CALAN    5.56%    passed     99.81%
   8  CAPCA    4.63%    passed     99.88%
   9  CARCR   32.41%    passed     84.81%
  10  CATAU   32.41%    passed     81.86%
  11  CHAPE    5.56%    passed     99.83%
  12  CHAVO    5.56%    passed     99.94%
  13  CHLUN   10.19%    passed     93.80%
  14  COLLI    5.56%    passed     94.19%
  15  COLST    6.48%    passed     99.77%
  16  CORBR    4.63%    passed     98.39%
  17  CUCCA    4.63%    passed     99.32%
  18  EGRGA    5.56%    passed     99.88%
  19  EURHE    5.56%    passed     86.24%
  20  FALPE    5.56%    passed     99.94%
  21  FULGL    7.41%    passed     94.79%
  22  GALGA    7.41%    passed     99.82%
  23  GAVST    5.56%    passed     99.62%
  24  GEOFO    4.63%    passed     87.62%
  25  HALAL   31.48%    passed     66.65%
  26  HALLE   31.48%    passed     66.65%
  27  LEPDI    7.41%    passed     88.08%
  28  MANVI    5.56%    passed     99.88%
  29  MELGA    7.41%    passed     99.30%
  30  MELUN    6.48%    passed     98.90%
  31  MERNU    4.63%    passed     98.52%
  32  MESUN    5.56%    passed     99.99%
  33  NESNO    6.48%    passed     99.09%
  34  NIPNI    5.56%    passed     95.69%
  35  OPHHO    5.56%    passed     96.01%
  36  PELCR    5.56%    passed     99.81%
  37  PHACA    5.56%    passed     99.88%
  38  PHALE    5.56%    passed     99.74%
  39  PHORU    7.41%    passed     99.87%
  40  PICPU   10.19%    passed     93.80%
  41  PODCR    5.56%    passed     98.49%
  42  PTEGU    5.56%    passed     99.62%
  43  PYGAD   32.41%    passed     84.81%
  44  STRCA   10.19%    passed     95.67%
  45  TAEGU    0.00%    passed     62.76%
  46  TAUER   32.41%    passed     90.98%
  47  TINMA    4.63%    passed     98.95%
  48  TYTAL    5.56%    passed     99.08%
****  TOTAL    9.20%  0 sequences failed composition chi2 test (p-value<5%; df=3)
NOTE: GAVST is identical to ACACH but kept for subsequent analysis
NOTE: EGRGA is identical to BALRE but kept for subsequent analysis
NOTE: PELCR is identical to CALAN but kept for subsequent analysis
NOTE: PYGAD is identical to CARCR but kept for subsequent analysis
NOTE: PICPU is identical to CHLUN but kept for subsequent analysis
NOTE: HALLE is identical to HALAL but kept for subsequent analysis
Checking for duplicate sequences: done in 0.000123978 secs using 797.7% CPU
Identifying sites to remove: done in 6.10352e-05 secs using 775% CPU
NOTE: 1 identical sequences (see below) will be ignored for subsequent analysis
NOTE: MANVI (identical to BALRE) is ignored but added at the end
Alignment was printed to /workspace/IQTree_8_cores_JarvD5a_Results/exon_7899.uniqueseq.phy

For your convenience alignment with unique sequences printed to /workspace/IQTree_8_cores_JarvD5a_Results/exon_7899.uniqueseq.phy

Create initial parsimony tree by phylogenetic likelihood library (PLL)... 0.001 seconds
WARNING: 8 threads for alignment length 61 will slow down analysis

NOTE: 0 MB RAM (0 GB) is required!
WARNING: Number of threads seems too high for short alignments. Use -T AUTO to determine best number of threads.
Estimate model parameters (epsilon = 0.100)
1. Initial log-likelihood: -913.214
2. Current log-likelihood: -866.125
3. Current log-likelihood: -864.669
Optimal log-likelihood: -864.653
Rate parameters:  A-C: 1.12814  A-G: 1.92934  A-T: 0.35355  C-G: 1.41242  C-T: 4.00621  G-T: 1.00000
Base frequencies:  A: 0.315  C: 0.191  G: 0.270  T: 0.224
Gamma shape alpha: 0.111
Parameters optimization took 3 rounds (0.043 sec)
Wrote distance file to... 
Computing ML distances based on estimated model parameters...
Calculating distance matrix: done in 0.000736952 secs using 448.6% CPU
Computing ML distances took 0.000786 sec (of wall-clock time) 0.003374 sec (of CPU time)
Setting up auxiliary I and S matrices: done in 0.000106812 secs using 952.1% CPU
Constructing RapidNJ tree: done in 0.00246 secs using 815.6% CPU
Computing RapidNJ tree took 0.002595 sec (of wall-clock time) 0.023402 sec (of CPU time)
Log-likelihood of RapidNJ tree: -861.017
--------------------------------------------------------------------
|             INITIALIZING CANDIDATE TREE SET                      |
--------------------------------------------------------------------
Generating 98 parsimony trees... 0.073 second
Computing log-likelihood of 98 initial trees ... 0.198 seconds
Current best score: -851.737

Do NNI search on 20 best initial trees
Estimate model parameters (epsilon = 0.100)
BETTER TREE FOUND at iteration 1: -849.769
Iteration 10 / LogL: -854.847 / Time: 0h:0m:0s
Iteration 20 / LogL: -858.036 / Time: 0h:0m:1s
Finish initializing candidate tree set (20)
Current best tree score: -849.769 / CPU time: 1.283
Number of iterations: 20
--------------------------------------------------------------------
|               OPTIMIZING CANDIDATE TREE SET                      |
--------------------------------------------------------------------
Iteration 30 / LogL: -866.391 / Time: 0h:0m:2s (0h:0m:5s left)
Estimate model parameters (epsilon = 0.100)
BETTER TREE FOUND at iteration 31: -848.986
Iteration 40 / LogL: -849.861 / Time: 0h:0m:2s (0h:0m:6s left)
BETTER TREE FOUND at iteration 43: -848.980
Iteration 50 / LogL: -849.833 / Time: 0h:0m:3s (0h:0m:6s left)
BETTER TREE FOUND at iteration 53: -848.979
BETTER TREE FOUND at iteration 57: -848.979
Estimate model parameters (epsilon = 0.100)
BETTER TREE FOUND at iteration 59: -848.731
Iteration 60 / LogL: -849.174 / Time: 0h:0m:4s (0h:0m:6s left)
Estimate model parameters (epsilon = 0.100)
BETTER TREE FOUND at iteration 68: -848.561
Iteration 70 / LogL: -848.562 / Time: 0h:0m:4s (0h:0m:6s left)
Estimate model parameters (epsilon = 0.100)
BETTER TREE FOUND at iteration 77: -848.435
Iteration 80 / LogL: -848.567 / Time: 0h:0m:5s (0h:0m:6s left)
Iteration 90 / LogL: -850.656 / Time: 0h:0m:5s (0h:0m:5s left)
Iteration 100 / LogL: -848.569 / Time: 0h:0m:6s (0h:0m:4s left)
Estimate model parameters (epsilon = 0.100)
BETTER TREE FOUND at iteration 101: -848.409
Iteration 110 / LogL: -848.440 / Time: 0h:0m:7s (0h:0m:5s left)
Iteration 120 / LogL: -852.727 / Time: 0h:0m:7s (0h:0m:5s left)
Iteration 130 / LogL: -849.753 / Time: 0h:0m:8s (0h:0m:4s left)
Iteration 140 / LogL: -850.730 / Time: 0h:0m:8s (0h:0m:3s left)
BETTER TREE FOUND at iteration 145: -848.409
BETTER TREE FOUND at iteration 148: -848.409
Iteration 150 / LogL: -854.046 / Time: 0h:0m:9s (0h:0m:6s left)
Estimate model parameters (epsilon = 0.100)
BETTER TREE FOUND at iteration 152: -846.977
BETTER TREE FOUND at iteration 155: -846.976
Iteration 160 / LogL: -846.977 / Time: 0h:0m:10s (0h:0m:6s left)
BETTER TREE FOUND at iteration 161: -846.976
Estimate model parameters (epsilon = 0.100)
BETTER TREE FOUND at iteration 168: -845.947
Iteration 170 / LogL: -853.462 / Time: 0h:0m:10s (0h:0m:6s left)
BETTER TREE FOUND at iteration 171: -845.946
Iteration 180 / LogL: -852.102 / Time: 0h:0m:11s (0h:0m:5s left)
Iteration 190 / LogL: -849.117 / Time: 0h:0m:12s (0h:0m:5s left)
Iteration 200 / LogL: -845.946 / Time: 0h:0m:12s (0h:0m:4s left)
Iteration 210 / LogL: -845.947 / Time: 0h:0m:13s (0h:0m:3s left)
BETTER TREE FOUND at iteration 215: -845.946
Iteration 220 / LogL: -845.946 / Time: 0h:0m:13s (0h:0m:6s left)
BETTER TREE FOUND at iteration 222: -845.946
Iteration 230 / LogL: -845.946 / Time: 0h:0m:14s (0h:0m:5s left)
Iteration 240 / LogL: -845.946 / Time: 0h:0m:15s (0h:0m:5s left)
BETTER TREE FOUND at iteration 245: -845.946
Iteration 250 / LogL: -847.305 / Time: 0h:0m:15s (0h:0m:6s left)
Iteration 260 / LogL: -845.947 / Time: 0h:0m:16s (0h:0m:5s left)
Iteration 270 / LogL: -845.948 / Time: 0h:0m:16s (0h:0m:4s left)
Iteration 280 / LogL: -855.333 / Time: 0h:0m:17s (0h:0m:4s left)
Iteration 290 / LogL: -848.127 / Time: 0h:0m:18s (0h:0m:3s left)
BETTER TREE FOUND at iteration 299: -845.946
Iteration 300 / LogL: -845.946 / Time: 0h:0m:18s (0h:0m:6s left)
Iteration 310 / LogL: -847.816 / Time: 0h:0m:19s (0h:0m:5s left)
Iteration 320 / LogL: -845.946 / Time: 0h:0m:19s (0h:0m:4s left)
Iteration 330 / LogL: -845.946 / Time: 0h:0m:20s (0h:0m:4s left)
BETTER TREE FOUND at iteration 340: -845.946
Iteration 340 / LogL: -845.946 / Time: 0h:0m:21s (0h:0m:6s left)
Iteration 350 / LogL: -850.234 / Time: 0h:0m:21s (0h:0m:5s left)
Iteration 360 / LogL: -845.946 / Time: 0h:0m:22s (0h:0m:4s left)
Iteration 370 / LogL: -854.654 / Time: 0h:0m:23s (0h:0m:4s left)
BETTER TREE FOUND at iteration 379: -845.946
Iteration 380 / LogL: -845.946 / Time: 0h:0m:23s (0h:0m:6s left)
Iteration 390 / LogL: -856.421 / Time: 0h:0m:24s (0h:0m:5s left)
BETTER TREE FOUND at iteration 398: -845.946
Iteration 400 / LogL: -849.926 / Time: 0h:0m:24s (0h:0m:6s left)
Iteration 410 / LogL: -845.946 / Time: 0h:0m:25s (0h:0m:5s left)
Iteration 420 / LogL: -851.864 / Time: 0h:0m:25s (0h:0m:4s left)
Iteration 430 / LogL: -845.946 / Time: 0h:0m:26s (0h:0m:4s left)
Iteration 440 / LogL: -848.128 / Time: 0h:0m:26s (0h:0m:3s left)
Iteration 450 / LogL: -845.946 / Time: 0h:0m:27s (0h:0m:2s left)
Iteration 460 / LogL: -845.946 / Time: 0h:0m:28s (0h:0m:2s left)
Iteration 470 / LogL: -845.946 / Time: 0h:0m:28s (0h:0m:1s left)
Iteration 480 / LogL: -848.700 / Time: 0h:0m:29s (0h:0m:1s left)
Iteration 490 / LogL: -847.306 / Time: 0h:0m:29s (0h:0m:0s left)
BETTER TREE FOUND at iteration 499: -845.946
Iteration 500 / LogL: -845.946 / Time: 0h:0m:30s (0h:0m:6s left)
Iteration 510 / LogL: -845.946 / Time: 0h:0m:30s (0h:0m:5s left)
Iteration 520 / LogL: -845.947 / Time: 0h:0m:31s (0h:0m:4s left)
Iteration 530 / LogL: -850.288 / Time: 0h:0m:31s (0h:0m:4s left)
Iteration 540 / LogL: -845.947 / Time: 0h:0m:32s (0h:0m:3s left)
Iteration 550 / LogL: -845.946 / Time: 0h:0m:33s (0h:0m:2s left)
Iteration 560 / LogL: -849.607 / Time: 0h:0m:33s (0h:0m:2s left)
Iteration 570 / LogL: -850.159 / Time: 0h:0m:34s (0h:0m:1s left)
Iteration 580 / LogL: -848.127 / Time: 0h:0m:35s (0h:0m:1s left)
Iteration 590 / LogL: -847.434 / Time: 0h:0m:35s (0h:0m:0s left)
Iteration 600 / LogL: -846.332 / Time: 0h:0m:36s (0h:0m:-1s left)
TREE SEARCH COMPLETED AFTER 600 ITERATIONS / Time: 0h:0m:36s

--------------------------------------------------------------------
|                    FINALIZING TREE SEARCH                        |
--------------------------------------------------------------------
Performs final model parameters optimization
Estimate model parameters (epsilon = 0.010)
1. Initial log-likelihood: -845.946
Optimal log-likelihood: -845.945
Rate parameters:  A-C: 1.04338  A-G: 1.31170  A-T: 0.34251  C-G: 0.69710  C-T: 5.27649  G-T: 1.00000
Base frequencies:  A: 0.315  C: 0.191  G: 0.270  T: 0.224
Gamma shape alpha: 0.147
Parameters optimization took 1 rounds (0.007 sec)
BEST SCORE FOUND : -845.945
Total tree length: 0.573

Total number of iterations: 600
CPU time used for tree search: 285.407 sec (0h:4m:45s)
Wall-clock time used for tree search: 36.091 sec (0h:0m:36s)
Total CPU time used: 285.984 sec (0h:4m:45s)
Total wall-clock time used: 36.163 sec (0h:0m:36s)

Analysis results written to: 
  IQ-TREE report:                /workspace/IQTree_8_cores_JarvD5a_Results/exon_7899.iqtree
  Maximum-likelihood tree:       /workspace/IQTree_8_cores_JarvD5a_Results/exon_7899.treefile
  Likelihood distances:          /workspace/IQTree_8_cores_JarvD5a_Results/exon_7899.mldist
  Screen log file:               /workspace/IQTree_8_cores_JarvD5a_Results/exon_7899.log

Date and Time: Fri May 29 14:42:27 2026
