IQ-TREE version 3.1.2 for Linux x86 64-bit built May  7 2026
Developed by Bui Quang Minh, Thomas Wong, Nhan Ly-Trong, Huaiyan Ren
Contributed by Lam-Tung Nguyen, Dominik Schrempf, Chris Bielow,
Olga Chernomor, Michael Woodhams, Diep Thi Hoang, Heiko Schmidt

Host:    8084c4e79f09 (AVX512, FMA3, 1133 GB RAM)
Command: /workspace/iqtree-3.1.2-Linux/bin/iqtree3_intel -s /workspace/NeuralNJ/empirical/JarvD5a/exon_4897.fasta -st DNA -m GTR+G -T 8 -seed 2201 -pre /workspace/IQTree_8_cores_JarvD5a_Results/exon_4897 -quiet
Seed:    2201 (Using SPRNG - Scalable Parallel Random Number Generator)
Time:    Fri May 29 05:06:51 2026
Kernel:  AVX+FMA - 8 threads (384 CPU cores detected)

Reading alignment file /workspace/NeuralNJ/empirical/JarvD5a/exon_4897.fasta ... Fasta format detected
Reading fasta file: done in 0.00114012 secs using 51.14% CPU
Alignment most likely contains DNA/RNA sequences
Constructing alignment: done in 0.00248718 secs using 686% CPU
Alignment has 45 sequences with 1202 columns, 298 distinct patterns
126 parsimony-informative, 139 singleton sites, 937 constant sites
       Gap/Ambiguity  Composition  p-value
Analyzing sequences: done in 1.5974e-05 secs using 219.1% CPU
   1  ACACH    3.49%    passed     95.90%
   2  ANAPL    3.49%    passed     95.32%
   3  APAVI   22.63%    passed     78.47%
   4  APTFO    3.33%    passed     98.34%
   5  BALRE   22.63%    passed     77.10%
   6  BUCRH   22.63%    passed     84.13%
   7  CALAN    8.49%    passed     99.12%
   8  CAPCA    3.33%    passed     98.38%
   9  CARCR   10.98%    passed     96.26%
  10  CATAU   30.45%    passed     70.74%
  11  CHAPE    3.00%    passed     99.85%
  12  CHAVO    3.33%    passed     99.98%
  13  CHLUN    3.49%    passed     99.74%
  14  COLLI    3.33%    passed     93.18%
  15  COLST   22.80%    passed     87.12%
  16  CORBR    3.33%    passed     94.15%
  17  CUCCA    3.33%    passed     99.23%
  18  EGRGA    3.33%    passed     99.56%
  19  EURHE   22.63%    passed     97.62%
  20  FALPE    1.00%    passed     94.67%
  21  GALGA    2.83%    passed     98.05%
  22  GAVST   22.63%    passed     90.95%
  23  GEOFO    3.33%    passed     97.67%
  24  HALAL   48.59%    passed     18.50%
  25  HALLE    3.33%    passed     99.23%
  26  LEPDI   23.63%    passed     86.99%
  27  MANVI    1.00%    passed     85.40%
  28  MELGA    3.33%    passed     91.87%
  29  MELUN    0.67%    passed     97.99%
  30  MERNU    3.49%    passed     96.58%
  31  NESNO    3.33%    passed     99.97%
  32  NIPNI    3.33%    passed     99.36%
  33  OPHHO    3.33%    passed     98.73%
  34  PELCR   22.63%    passed     82.85%
  35  PHACA    3.16%    passed     91.83%
  36  PHALE    3.33%    passed     99.14%
  37  PICPU    3.33%    passed     95.93%
  38  PODCR   47.92%    passed     20.85%
  39  PTEGU    3.33%    passed     99.51%
  40  PYGAD    0.83%    passed     95.78%
  41  STRCA    3.33%    passed     96.67%
  42  TAEGU    3.33%    passed     97.31%
  43  TAUER    3.33%    passed     99.65%
  44  TINMA    3.33%    passed     94.98%
  45  TYTAL   48.59%    passed     20.12%
****  TOTAL   10.45%  0 sequences failed composition chi2 test (p-value<5%; df=3)
Checking for duplicate sequences: done in 0.000185013 secs using 789.7% CPU

Create initial parsimony tree by phylogenetic likelihood library (PLL)... 0.002 seconds

NOTE: 1 MB RAM (0 GB) is required!
WARNING: Number of threads seems too high for short alignments. Use -T AUTO to determine best number of threads.
Estimate model parameters (epsilon = 0.100)
1. Initial log-likelihood: -5272.658
2. Current log-likelihood: -4980.425
3. Current log-likelihood: -4945.289
4. Current log-likelihood: -4944.806
Optimal log-likelihood: -4944.794
Rate parameters:  A-C: 2.92330  A-G: 7.32256  A-T: 0.86773  C-G: 2.85657  C-T: 9.12279  G-T: 1.00000
Base frequencies:  A: 0.335  C: 0.181  G: 0.231  T: 0.253
Gamma shape alpha: 0.160
Parameters optimization took 4 rounds (0.116 sec)
Wrote distance file to... 
Computing ML distances based on estimated model parameters...
Calculating distance matrix: done in 0.000818014 secs using 816% CPU
Computing ML distances took 0.000879 sec (of wall-clock time) 0.006950 sec (of CPU time)
Setting up auxiliary I and S matrices: done in 0.000105858 secs using 1102% CPU
Constructing RapidNJ tree: done in 0.00264788 secs using 866.4% CPU
Computing RapidNJ tree took 0.002808 sec (of wall-clock time) 0.025628 sec (of CPU time)
Log-likelihood of RapidNJ tree: -5023.400
--------------------------------------------------------------------
|             INITIALIZING CANDIDATE TREE SET                      |
--------------------------------------------------------------------
Generating 98 parsimony trees... 0.160 second
Computing log-likelihood of 98 initial trees ... 0.461 seconds
Current best score: -4940.882

Do NNI search on 20 best initial trees
Estimate model parameters (epsilon = 0.100)
BETTER TREE FOUND at iteration 1: -4933.769
Iteration 10 / LogL: -4940.626 / Time: 0h:0m:1s
Estimate model parameters (epsilon = 0.100)
BETTER TREE FOUND at iteration 20: -4932.772
Iteration 20 / LogL: -4932.772 / Time: 0h:0m:2s
Finish initializing candidate tree set (20)
Current best tree score: -4932.772 / CPU time: 2.570
Number of iterations: 20
--------------------------------------------------------------------
|               OPTIMIZING CANDIDATE TREE SET                      |
--------------------------------------------------------------------
Iteration 30 / LogL: -4932.773 / Time: 0h:0m:3s (0h:0m:11s left)
Iteration 40 / LogL: -4932.790 / Time: 0h:0m:4s (0h:0m:9s left)
Estimate model parameters (epsilon = 0.100)
BETTER TREE FOUND at iteration 50: -4932.480
Iteration 50 / LogL: -4932.480 / Time: 0h:0m:5s (0h:0m:12s left)
Iteration 60 / LogL: -4932.884 / Time: 0h:0m:7s (0h:0m:10s left)
Iteration 70 / LogL: -4960.106 / Time: 0h:0m:8s (0h:0m:9s left)
Iteration 80 / LogL: -4969.824 / Time: 0h:0m:9s (0h:0m:8s left)
Estimate model parameters (epsilon = 0.100)
BETTER TREE FOUND at iteration 84: -4931.933
Iteration 90 / LogL: -4934.143 / Time: 0h:0m:10s (0h:0m:11s left)
Iteration 100 / LogL: -4932.479 / Time: 0h:0m:11s (0h:0m:9s left)
UPDATE BEST LOG-LIKELIHOOD: -4931.932
Iteration 110 / LogL: -4932.709 / Time: 0h:0m:12s (0h:0m:8s left)
Iteration 120 / LogL: -4934.128 / Time: 0h:0m:13s (0h:0m:7s left)
Estimate model parameters (epsilon = 0.100)
BETTER TREE FOUND at iteration 125: -4931.586
Iteration 130 / LogL: -4931.853 / Time: 0h:0m:15s (0h:0m:11s left)
Estimate model parameters (epsilon = 0.100)
BETTER TREE FOUND at iteration 134: -4931.371
Iteration 140 / LogL: -4933.140 / Time: 0h:0m:16s (0h:0m:10s left)
Iteration 150 / LogL: -4934.232 / Time: 0h:0m:17s (0h:0m:9s left)
UPDATE BEST LOG-LIKELIHOOD: -4931.370
Iteration 160 / LogL: -4931.599 / Time: 0h:0m:18s (0h:0m:8s left)
Iteration 170 / LogL: -4931.967 / Time: 0h:0m:19s (0h:0m:7s left)
Estimate model parameters (epsilon = 0.100)
BETTER TREE FOUND at iteration 179: -4931.138
Iteration 180 / LogL: -4931.464 / Time: 0h:0m:20s (0h:0m:11s left)
Estimate model parameters (epsilon = 0.100)
BETTER TREE FOUND at iteration 185: -4931.011
Iteration 190 / LogL: -4931.137 / Time: 0h:0m:21s (0h:0m:10s left)
UPDATE BEST LOG-LIKELIHOOD: -4931.010
Iteration 200 / LogL: -4932.060 / Time: 0h:0m:22s (0h:0m:9s left)
Iteration 210 / LogL: -4932.514 / Time: 0h:0m:23s (0h:0m:8s left)
Iteration 220 / LogL: -4931.831 / Time: 0h:0m:24s (0h:0m:7s left)
Iteration 230 / LogL: -4934.996 / Time: 0h:0m:26s (0h:0m:6s left)
Iteration 240 / LogL: -4931.012 / Time: 0h:0m:27s (0h:0m:5s left)
Iteration 250 / LogL: -4931.156 / Time: 0h:0m:28s (0h:0m:3s left)
Iteration 260 / LogL: -4932.977 / Time: 0h:0m:29s (0h:0m:2s left)
Iteration 270 / LogL: -4931.029 / Time: 0h:0m:30s (0h:0m:1s left)
Iteration 280 / LogL: -4931.011 / Time: 0h:0m:31s (0h:0m:0s left)
TREE SEARCH COMPLETED AFTER 286 ITERATIONS / Time: 0h:0m:31s

--------------------------------------------------------------------
|                    FINALIZING TREE SEARCH                        |
--------------------------------------------------------------------
Performs final model parameters optimization
Estimate model parameters (epsilon = 0.010)
1. Initial log-likelihood: -4931.010
Optimal log-likelihood: -4931.009
Rate parameters:  A-C: 2.95453  A-G: 6.93984  A-T: 0.91633  C-G: 2.97268  C-T: 9.61260  G-T: 1.00000
Base frequencies:  A: 0.335  C: 0.181  G: 0.231  T: 0.253
Gamma shape alpha: 0.160
Parameters optimization took 1 rounds (0.008 sec)
BEST SCORE FOUND : -4931.009
Total tree length: 0.713

Total number of iterations: 286
CPU time used for tree search: 254.278 sec (0h:4m:14s)
Wall-clock time used for tree search: 31.832 sec (0h:0m:31s)
Total CPU time used: 255.622 sec (0h:4m:15s)
Total wall-clock time used: 32.000 sec (0h:0m:32s)

Analysis results written to: 
  IQ-TREE report:                /workspace/IQTree_8_cores_JarvD5a_Results/exon_4897.iqtree
  Maximum-likelihood tree:       /workspace/IQTree_8_cores_JarvD5a_Results/exon_4897.treefile
  Likelihood distances:          /workspace/IQTree_8_cores_JarvD5a_Results/exon_4897.mldist
  Screen log file:               /workspace/IQTree_8_cores_JarvD5a_Results/exon_4897.log

Date and Time: Fri May 29 05:07:24 2026
