IQ-TREE version 3.1.2 for Linux x86 64-bit built May  7 2026
Developed by Bui Quang Minh, Thomas Wong, Nhan Ly-Trong, Huaiyan Ren
Contributed by Lam-Tung Nguyen, Dominik Schrempf, Chris Bielow,
Olga Chernomor, Michael Woodhams, Diep Thi Hoang, Heiko Schmidt

Host:    8084c4e79f09 (AVX512, FMA3, 1133 GB RAM)
Command: /workspace/iqtree-3.1.2-Linux/bin/iqtree3_intel -s /workspace/NeuralNJ/empirical/JarvD5a/exon_14585.fasta -st DNA -m GTR+G -T 8 -seed 2201 -pre /workspace/IQTree_8_cores_JarvD5a_Results/exon_14585 -quiet
Seed:    2201 (Using SPRNG - Scalable Parallel Random Number Generator)
Time:    Thu May 28 13:33:09 2026
Kernel:  AVX+FMA - 8 threads (384 CPU cores detected)

Reading alignment file /workspace/NeuralNJ/empirical/JarvD5a/exon_14585.fasta ... Fasta format detected
Reading fasta file: done in 0.000244141 secs using 94.62% CPU
Alignment most likely contains DNA/RNA sequences
Constructing alignment: done in 0.00068593 secs using 535.9% CPU
Alignment has 45 sequences with 482 columns, 326 distinct patterns
196 parsimony-informative, 81 singleton sites, 205 constant sites
       Gap/Ambiguity  Composition  p-value
Analyzing sequences: done in 2.59876e-05 secs using 596.4% CPU
   1  ACACH   21.58%    passed     88.81%
   2  ANAPL   18.26%    passed     95.11%
   3  APAVI    7.47%    passed     45.91%
   4  APTFO    5.19%    passed     97.54%
   5  BALRE    8.71%    passed     98.43%
   6  BUCRH   48.13%    passed     57.96%
   7  CALAN    6.22%    passed     82.91%
   8  CAPCA    4.98%    passed     94.70%
   9  CARCR   48.55%    passed     88.26%
  10  CATAU    4.98%    passed     94.96%
  11  CHAPE   16.60%    passed     88.82%
  12  CHAVO    6.64%    passed     99.83%
  13  CHLUN   28.22%    passed     96.86%
  14  COLLI   18.26%    passed     95.66%
  15  COLST   14.52%    passed     72.50%
  16  CORBR    5.81%    passed     97.84%
  17  CUCCA   12.03%    passed     83.57%
  18  EGRGA   18.26%    passed     97.65%
  19  EURHE   21.99%    passed     86.35%
  20  FALPE    4.98%    passed     99.35%
  21  FULGL    4.98%    passed     99.86%
  22  GALGA    6.22%    passed     41.49%
  23  GAVST    5.39%    passed     99.91%
  24  GEOFO   19.09%    passed     97.80%
  25  HALAL   28.22%    passed     97.62%
  26  HALLE    4.98%    passed     92.77%
  27  LEPDI    4.98%    passed     96.23%
  28  MANVI   10.79%    passed     88.95%
  29  MELGA   19.50%    passed     92.30%
  30  MELUN   18.26%    passed     53.05%
  31  NESNO   18.26%    passed     91.31%
  32  NIPNI    4.98%    passed     98.33%
  33  OPHHO   12.66%    passed     96.93%
  34  PELCR   18.26%    passed     95.21%
  35  PHACA   48.55%    passed     73.97%
  36  PHALE    4.98%    passed     98.91%
  37  PHORU    4.98%    passed     96.62%
  38  PICPU   14.94%    passed     39.27%
  39  PODCR    5.81%    passed     86.08%
  40  PTEGU   18.26%    passed     80.27%
  41  PYGAD   29.05%    passed     56.21%
  42  STRCA    2.07%    passed     99.73%
  43  TAEGU    5.39%    passed     92.73%
  44  TAUER   16.18%    passed     92.22%
  45  TINMA   11.62%    passed     66.74%
****  TOTAL   14.66%  0 sequences failed composition chi2 test (p-value<5%; df=3)
Checking for duplicate sequences: done in 0.000126123 secs using 787.3% CPU

Create initial parsimony tree by phylogenetic likelihood library (PLL)... 0.001 seconds

NOTE: 1 MB RAM (0 GB) is required!
WARNING: Number of threads seems too high for short alignments. Use -T AUTO to determine best number of threads.
Estimate model parameters (epsilon = 0.100)
1. Initial log-likelihood: -5200.067
2. Current log-likelihood: -5023.156
3. Current log-likelihood: -5021.547
Optimal log-likelihood: -5021.538
Rate parameters:  A-C: 2.17617  A-G: 4.74832  A-T: 1.17241  C-G: 2.32924  C-T: 4.84759  G-T: 1.00000
Base frequencies:  A: 0.367  C: 0.222  G: 0.234  T: 0.177
Gamma shape alpha: 0.554
Parameters optimization took 3 rounds (0.058 sec)
Wrote distance file to... 
Computing ML distances based on estimated model parameters...
Calculating distance matrix: done in 0.000832081 secs using 647.7% CPU
Computing ML distances took 0.000896 sec (of wall-clock time) 0.005599 sec (of CPU time)
Setting up auxiliary I and S matrices: done in 0.000129938 secs using 1201% CPU
Constructing RapidNJ tree: done in 0.00326204 secs using 827.3% CPU
Computing RapidNJ tree took 0.003454 sec (of wall-clock time) 0.031594 sec (of CPU time)
Log-likelihood of RapidNJ tree: -5052.939
--------------------------------------------------------------------
|             INITIALIZING CANDIDATE TREE SET                      |
--------------------------------------------------------------------
Generating 98 parsimony trees... 0.168 second
Computing log-likelihood of 98 initial trees ... 0.469 seconds
Current best score: -5012.373

Do NNI search on 20 best initial trees
Estimate model parameters (epsilon = 0.100)
BETTER TREE FOUND at iteration 1: -4999.289
Estimate model parameters (epsilon = 0.100)
BETTER TREE FOUND at iteration 7: -4997.556
Iteration 10 / LogL: -5015.340 / Time: 0h:0m:1s
Iteration 20 / LogL: -5010.237 / Time: 0h:0m:2s
Finish initializing candidate tree set (20)
Current best tree score: -4997.556 / CPU time: 2.602
Number of iterations: 20
--------------------------------------------------------------------
|               OPTIMIZING CANDIDATE TREE SET                      |
--------------------------------------------------------------------
Estimate model parameters (epsilon = 0.100)
BETTER TREE FOUND at iteration 29: -4993.157
Iteration 30 / LogL: -4993.869 / Time: 0h:0m:3s (0h:0m:12s left)
Iteration 40 / LogL: -4993.281 / Time: 0h:0m:4s (0h:0m:11s left)
Estimate model parameters (epsilon = 0.100)
BETTER TREE FOUND at iteration 42: -4992.909
Estimate model parameters (epsilon = 0.100)
BETTER TREE FOUND at iteration 43: -4992.086
Iteration 50 / LogL: -4993.195 / Time: 0h:0m:6s (0h:0m:11s left)
Iteration 60 / LogL: -4992.714 / Time: 0h:0m:7s (0h:0m:10s left)
Iteration 70 / LogL: -4994.855 / Time: 0h:0m:8s (0h:0m:8s left)
Estimate model parameters (epsilon = 0.100)
BETTER TREE FOUND at iteration 77: -4991.213
Iteration 80 / LogL: -4993.217 / Time: 0h:0m:9s (0h:0m:11s left)
Estimate model parameters (epsilon = 0.100)
BETTER TREE FOUND at iteration 83: -4991.062
BETTER TREE FOUND at iteration 87: -4991.062
Iteration 90 / LogL: -4991.225 / Time: 0h:0m:10s (0h:0m:11s left)
Iteration 100 / LogL: -4991.891 / Time: 0h:0m:12s (0h:0m:10s left)
Iteration 110 / LogL: -4995.429 / Time: 0h:0m:13s (0h:0m:9s left)
Iteration 120 / LogL: -4991.062 / Time: 0h:0m:14s (0h:0m:8s left)
UPDATE BEST LOG-LIKELIHOOD: -4991.062
Iteration 130 / LogL: -4991.063 / Time: 0h:0m:15s (0h:0m:6s left)
Iteration 140 / LogL: -4991.063 / Time: 0h:0m:16s (0h:0m:5s left)
Iteration 150 / LogL: -4991.063 / Time: 0h:0m:18s (0h:0m:4s left)
Iteration 160 / LogL: -4991.062 / Time: 0h:0m:19s (0h:0m:3s left)
Iteration 170 / LogL: -4991.062 / Time: 0h:0m:20s (0h:0m:2s left)
Iteration 180 / LogL: -4992.522 / Time: 0h:0m:21s (0h:0m:0s left)
TREE SEARCH COMPLETED AFTER 188 ITERATIONS / Time: 0h:0m:22s

--------------------------------------------------------------------
|                    FINALIZING TREE SEARCH                        |
--------------------------------------------------------------------
Performs final model parameters optimization
Estimate model parameters (epsilon = 0.010)
1. Initial log-likelihood: -4991.062
Optimal log-likelihood: -4991.061
Rate parameters:  A-C: 2.10514  A-G: 4.40868  A-T: 1.10707  C-G: 2.24899  C-T: 4.76429  G-T: 1.00000
Base frequencies:  A: 0.367  C: 0.222  G: 0.234  T: 0.177
Gamma shape alpha: 0.561
Parameters optimization took 1 rounds (0.008 sec)
BEST SCORE FOUND : -4991.061
Total tree length: 2.814

Total number of iterations: 188
CPU time used for tree search: 182.589 sec (0h:3m:2s)
Wall-clock time used for tree search: 22.861 sec (0h:0m:22s)
Total CPU time used: 183.409 sec (0h:3m:3s)
Total wall-clock time used: 22.964 sec (0h:0m:22s)

Analysis results written to: 
  IQ-TREE report:                /workspace/IQTree_8_cores_JarvD5a_Results/exon_14585.iqtree
  Maximum-likelihood tree:       /workspace/IQTree_8_cores_JarvD5a_Results/exon_14585.treefile
  Likelihood distances:          /workspace/IQTree_8_cores_JarvD5a_Results/exon_14585.mldist
  Screen log file:               /workspace/IQTree_8_cores_JarvD5a_Results/exon_14585.log

Date and Time: Thu May 28 13:33:32 2026
