IQ-TREE version 3.1.2 for Linux x86 64-bit built May  7 2026
Developed by Bui Quang Minh, Thomas Wong, Nhan Ly-Trong, Huaiyan Ren
Contributed by Lam-Tung Nguyen, Dominik Schrempf, Chris Bielow,
Olga Chernomor, Michael Woodhams, Diep Thi Hoang, Heiko Schmidt

Host:    8084c4e79f09 (AVX512, FMA3, 1133 GB RAM)
Command: /workspace/iqtree-3.1.2-Linux/bin/iqtree3_intel -s /workspace/NeuralNJ/empirical/JarvD5a/exon_464.fasta -st DNA -m GTR+G -T 8 -seed 2201 -pre /workspace/IQTree_8_cores_JarvD5a_Results/exon_464 -quiet
Seed:    2201 (Using SPRNG - Scalable Parallel Random Number Generator)
Time:    Fri May 29 04:02:56 2026
Kernel:  AVX+FMA - 8 threads (384 CPU cores detected)

Reading alignment file /workspace/NeuralNJ/empirical/JarvD5a/exon_464.fasta ... Fasta format detected
Reading fasta file: done in 0.00197291 secs using 57.68% CPU
Alignment most likely contains DNA/RNA sequences
Constructing alignment: done in 0.00358295 secs using 657.6% CPU
Alignment has 45 sequences with 2672 columns, 825 distinct patterns
428 parsimony-informative, 316 singleton sites, 1928 constant sites
       Gap/Ambiguity  Composition  p-value
Analyzing sequences: done in 4.31538e-05 secs using 778.6% CPU
   1  ACACH   57.11%    passed     29.68%
   2  ANAPL   31.06%    passed     78.78%
   3  APAVI   56.96%    passed     20.78%
   4  APTFO   15.79%    passed     26.88%
   5  BALRE   83.68%    passed      6.19%
   6  BUCRH   83.68%    passed      6.98%
   7  CALAN   17.22%    passed     91.14%
   8  CAPCA   57.11%    passed     21.08%
   9  CATAU   83.68%    passed      6.19%
  10  CHAPE   20.81%    passed     30.68%
  11  CHAVO   22.08%    passed     63.50%
  12  CHLUN   83.68%    passed      8.41%
  13  COLLI   29.34%    passed     98.47%
  14  COLST   58.23%    passed     25.06%
  15  CORBR   18.49%    passed     27.96%
  16  CUCCA   16.69%    passed     37.81%
  17  EGRGA   21.63%    passed     87.78%
  18  EURHE   46.93%    passed     53.86%
  19  FALPE   16.32%    passed     94.61%
  20  FULGL   48.95%    passed     56.51%
  21  GALGA   16.47%    passed     21.18%
  22  GAVST   83.68%    passed      6.19%
  23  GEOFO   19.01%    passed     20.80%
  24  HALAL   83.68%    passed      6.19%
  25  HALLE   14.75%    passed     14.72%
  26  LEPDI   47.75%    passed     68.27%
  27  MANVI   20.96%    passed     69.85%
  28  MELGA   27.32%    passed     91.14%
  29  MELUN   25.60%    passed     13.50%
  30  MERNU   83.68%    passed      7.61%
  31  NESNO   48.65%    passed     60.80%
  32  NIPNI   16.24%    passed     25.45%
  33  PELCR   83.68%    passed      6.19%
  34  PHACA   83.68%    passed      6.19%
  35  PHALE   83.68%    passed      6.19%
  36  PHORU   83.68%    passed      6.19%
  37  PICPU   18.04%    passed     28.31%
  38  PODCR   83.68%    passed      8.22%
  39  PTEGU   56.96%    passed     27.45%
  40  PYGAD   16.69%    passed     87.23%
  41  STRCA   25.71%    passed     97.41%
  42  TAEGU   20.73%    passed      9.27%
  43  TAUER   83.68%    failed      3.98%
  44  TINMA   18.26%    passed     25.05%
  45  TYTAL   83.68%    passed      5.00%
WARNING: 19 sequences contain more than 50% gaps/ambiguity
****  TOTAL   46.65%  1 sequences failed composition chi2 test (p-value<5%; df=3)
NOTE: CATAU is identical to BALRE but kept for subsequent analysis
Checking for duplicate sequences: done in 0.000164986 secs using 812.8% CPU
Identifying sites to remove: done in 0.000868797 secs using 800.3% CPU
NOTE: 6 identical sequences (see below) will be ignored for subsequent analysis
NOTE: GAVST (identical to BALRE) is ignored but added at the end
NOTE: HALAL (identical to BALRE) is ignored but added at the end
NOTE: PELCR (identical to BALRE) is ignored but added at the end
NOTE: PHACA (identical to BALRE) is ignored but added at the end
NOTE: PHALE (identical to BALRE) is ignored but added at the end
NOTE: PHORU (identical to BALRE) is ignored but added at the end
Alignment was printed to /workspace/IQTree_8_cores_JarvD5a_Results/exon_464.uniqueseq.phy

For your convenience alignment with unique sequences printed to /workspace/IQTree_8_cores_JarvD5a_Results/exon_464.uniqueseq.phy

Create initial parsimony tree by phylogenetic likelihood library (PLL)... 0.002 seconds

NOTE: 4 MB RAM (0 GB) is required!
Estimate model parameters (epsilon = 0.100)
1. Initial log-likelihood: -13845.957
2. Current log-likelihood: -12861.561
3. Current log-likelihood: -12805.682
4. Current log-likelihood: -12805.089
Optimal log-likelihood: -12805.067
Rate parameters:  A-C: 0.85936  A-G: 1.15947  A-T: 0.49362  C-G: 1.43920  C-T: 1.28945  G-T: 1.00000
Base frequencies:  A: 0.318  C: 0.231  G: 0.233  T: 0.218
Gamma shape alpha: 0.160
Parameters optimization took 4 rounds (0.078 sec)
Wrote distance file to... 
Computing ML distances based on estimated model parameters...
Calculating distance matrix: done in 0.000715971 secs using 804.8% CPU
Computing ML distances took 0.000804 sec (of wall-clock time) 0.006237 sec (of CPU time)
Setting up auxiliary I and S matrices: done in 0.000110865 secs using 579.1% CPU
Constructing RapidNJ tree: done in 0.00268197 secs using 694.2% CPU
Computing RapidNJ tree took 0.002827 sec (of wall-clock time) 0.024866 sec (of CPU time)
Log-likelihood of RapidNJ tree: -12877.497
--------------------------------------------------------------------
|             INITIALIZING CANDIDATE TREE SET                      |
--------------------------------------------------------------------
Generating 98 parsimony trees... 0.207 second
Computing log-likelihood of 98 initial trees ... 0.645 seconds
Current best score: -12805.067

Do NNI search on 20 best initial trees
Estimate model parameters (epsilon = 0.100)
BETTER TREE FOUND at iteration 1: -12789.967
Estimate model parameters (epsilon = 0.100)
BETTER TREE FOUND at iteration 2: -12779.543
Estimate model parameters (epsilon = 0.100)
BETTER TREE FOUND at iteration 3: -12778.630
Estimate model parameters (epsilon = 0.100)
BETTER TREE FOUND at iteration 7: -12778.048
Iteration 10 / LogL: -12778.673 / Time: 0h:0m:2s
Iteration 20 / LogL: -12784.234 / Time: 0h:0m:4s
Finish initializing candidate tree set (20)
Current best tree score: -12778.048 / CPU time: 4.632
Number of iterations: 20
--------------------------------------------------------------------
|               OPTIMIZING CANDIDATE TREE SET                      |
--------------------------------------------------------------------
Estimate model parameters (epsilon = 0.100)
BETTER TREE FOUND at iteration 29: -12775.195
Iteration 30 / LogL: -12775.198 / Time: 0h:0m:6s (0h:0m:22s left)
Estimate model parameters (epsilon = 0.100)
BETTER TREE FOUND at iteration 31: -12774.856
BETTER TREE FOUND at iteration 34: -12774.851
Estimate model parameters (epsilon = 0.100)
BETTER TREE FOUND at iteration 39: -12774.837
Iteration 40 / LogL: -12777.838 / Time: 0h:0m:8s (0h:0m:21s left)
Iteration 50 / LogL: -12774.840 / Time: 0h:0m:10s (0h:0m:18s left)
Iteration 60 / LogL: -12774.877 / Time: 0h:0m:12s (0h:0m:16s left)
BETTER TREE FOUND at iteration 64: -12774.836
Iteration 70 / LogL: -12804.665 / Time: 0h:0m:14s (0h:0m:19s left)
BETTER TREE FOUND at iteration 79: -12774.836
Iteration 80 / LogL: -12778.768 / Time: 0h:0m:16s (0h:0m:20s left)
Iteration 90 / LogL: -12774.964 / Time: 0h:0m:18s (0h:0m:18s left)
BETTER TREE FOUND at iteration 97: -12774.836
Iteration 100 / LogL: -12777.317 / Time: 0h:0m:19s (0h:0m:19s left)
Iteration 110 / LogL: -12774.840 / Time: 0h:0m:21s (0h:0m:17s left)
Iteration 120 / LogL: -12774.846 / Time: 0h:0m:23s (0h:0m:15s left)
Iteration 130 / LogL: -12777.813 / Time: 0h:0m:24s (0h:0m:12s left)
Iteration 140 / LogL: -12774.837 / Time: 0h:0m:26s (0h:0m:10s left)
Iteration 150 / LogL: -12774.859 / Time: 0h:0m:28s (0h:0m:8s left)
Iteration 160 / LogL: -12778.875 / Time: 0h:0m:29s (0h:0m:6s left)
Iteration 170 / LogL: -12774.840 / Time: 0h:0m:31s (0h:0m:5s left)
Iteration 180 / LogL: -12774.838 / Time: 0h:0m:33s (0h:0m:3s left)
Iteration 190 / LogL: -12777.319 / Time: 0h:0m:35s (0h:0m:1s left)
TREE SEARCH COMPLETED AFTER 198 ITERATIONS / Time: 0h:0m:36s

--------------------------------------------------------------------
|                    FINALIZING TREE SEARCH                        |
--------------------------------------------------------------------
Performs final model parameters optimization
Estimate model parameters (epsilon = 0.010)
1. Initial log-likelihood: -12774.836
Optimal log-likelihood: -12774.836
Rate parameters:  A-C: 0.90874  A-G: 1.20085  A-T: 0.49248  C-G: 1.44302  C-T: 1.31094  G-T: 1.00000
Base frequencies:  A: 0.318  C: 0.231  G: 0.233  T: 0.218
Gamma shape alpha: 0.163
Parameters optimization took 1 rounds (0.011 sec)
BEST SCORE FOUND : -12774.836
Total tree length: 2.229

Total number of iterations: 198
CPU time used for tree search: 290.191 sec (0h:4m:50s)
Wall-clock time used for tree search: 36.493 sec (0h:0m:36s)
Total CPU time used: 292.052 sec (0h:4m:52s)
Total wall-clock time used: 36.715 sec (0h:0m:36s)

Analysis results written to: 
  IQ-TREE report:                /workspace/IQTree_8_cores_JarvD5a_Results/exon_464.iqtree
  Maximum-likelihood tree:       /workspace/IQTree_8_cores_JarvD5a_Results/exon_464.treefile
  Likelihood distances:          /workspace/IQTree_8_cores_JarvD5a_Results/exon_464.mldist
  Screen log file:               /workspace/IQTree_8_cores_JarvD5a_Results/exon_464.log

Date and Time: Fri May 29 04:03:33 2026
