IQ-TREE version 3.1.2 for Linux x86 64-bit built May  7 2026
Developed by Bui Quang Minh, Thomas Wong, Nhan Ly-Trong, Huaiyan Ren
Contributed by Lam-Tung Nguyen, Dominik Schrempf, Chris Bielow,
Olga Chernomor, Michael Woodhams, Diep Thi Hoang, Heiko Schmidt

Host:    8084c4e79f09 (AVX512, FMA3, 1133 GB RAM)
Command: /workspace/iqtree-3.1.2-Linux/bin/iqtree3_intel -s /workspace/NeuralNJ/empirical/JarvD5a/exon_10393.fasta -st DNA -m GTR+G -T 8 -seed 2201 -pre /workspace/IQTree_8_cores_JarvD5a_Results/exon_10393 -quiet
Seed:    2201 (Using SPRNG - Scalable Parallel Random Number Generator)
Time:    Wed May 27 12:00:45 2026
Kernel:  AVX+FMA - 8 threads (384 CPU cores detected)

Reading alignment file /workspace/NeuralNJ/empirical/JarvD5a/exon_10393.fasta ... Fasta format detected
Reading fasta file: done in 0.000714064 secs using 36.83% CPU
Alignment most likely contains DNA/RNA sequences
Constructing alignment: done in 0.00194097 secs using 796.4% CPU
Alignment has 48 sequences with 974 columns, 170 distinct patterns
50 parsimony-informative, 59 singleton sites, 865 constant sites
       Gap/Ambiguity  Composition  p-value
Analyzing sequences: done in 1.40667e-05 secs using 227.5% CPU
   1  ACACH   12.53%    passed     80.08%
   2  ANAPL    2.05%    passed     90.26%
   3  APAVI   12.53%    passed     92.45%
   4  APTFO    0.62%    passed     75.58%
   5  BALRE   25.87%    passed     95.51%
   6  BUCRH   12.53%    passed     95.75%
   7  CALAN    0.62%    passed     75.58%
   8  CAPCA   48.67%    passed     52.70%
   9  CARCR   33.06%    passed     54.27%
  10  CATAU   12.11%    passed     91.18%
  11  CHAPE   12.53%    passed     92.40%
  12  CHAVO   22.18%    passed     93.94%
  13  CHLUN   12.53%    passed     86.14%
  14  COLLI    0.62%    passed     66.58%
  15  COLST   12.11%    passed     89.41%
  16  CORBR   12.53%    passed     84.62%
  17  CUCCA   12.53%    passed     90.40%
  18  EGRGA   12.53%    passed     98.74%
  19  EURHE   11.50%    passed     99.55%
  20  FALPE    0.62%    passed     76.50%
  21  FULGL   12.53%    passed     90.65%
  22  GALGA    0.62%    passed     64.45%
  23  GAVST   12.53%    passed     89.58%
  24  GEOFO    8.52%    passed     98.03%
  25  HALAL   33.06%    passed     62.27%
  26  HALLE    0.62%    passed     69.81%
  27  LEPDI   37.78%    passed     67.56%
  28  MANVI    1.44%    passed     70.93%
  29  MELGA    2.26%    passed     84.83%
  30  MELUN    0.62%    passed     65.92%
  31  MERNU   12.53%    passed     97.48%
  32  MESUN   12.53%    passed     91.16%
  33  NESNO    0.62%    passed     64.45%
  34  NIPNI    4.41%    passed     96.73%
  35  OPHHO    0.62%    passed     64.67%
  36  PELCR   12.53%    passed     90.65%
  37  PHACA   12.53%    passed     90.60%
  38  PHALE   12.53%    passed     90.65%
  39  PHORU   21.36%    passed     69.06%
  40  PICPU    0.62%    passed     28.04%
  41  PODCR   12.53%    passed     90.96%
  42  PTEGU   12.53%    passed     92.40%
  43  PYGAD    0.62%    passed     78.42%
  44  STRCA   11.70%    passed     97.88%
  45  TAEGU    0.41%    passed     75.07%
  46  TAUER   12.53%    passed     89.37%
  47  TINMA   12.53%    passed     98.53%
  48  TYTAL   12.53%    passed     92.40%
****  TOTAL   11.37%  0 sequences failed composition chi2 test (p-value<5%; df=3)
Checking for duplicate sequences: done in 0.00019002 secs using 799.4% CPU

Create initial parsimony tree by phylogenetic likelihood library (PLL)... 0.001 seconds

NOTE: 1 MB RAM (0 GB) is required!
WARNING: Number of threads seems too high for short alignments. Use -T AUTO to determine best number of threads.
Estimate model parameters (epsilon = 0.100)
1. Initial log-likelihood: -2695.314
2. Current log-likelihood: -2594.799
3. Current log-likelihood: -2592.768
Optimal log-likelihood: -2592.761
Rate parameters:  A-C: 4.45809  A-G: 4.47315  A-T: 1.53760  C-G: 2.42874  C-T: 10.57158  G-T: 1.00000
Base frequencies:  A: 0.344  C: 0.191  G: 0.204  T: 0.260
Gamma shape alpha: 0.020
Parameters optimization took 3 rounds (0.058 sec)
Wrote distance file to... 
Computing ML distances based on estimated model parameters...
Calculating distance matrix: done in 0.0010221 secs using 818.7% CPU
Computing ML distances took 0.001077 sec (of wall-clock time) 0.008579 sec (of CPU time)
Setting up auxiliary I and S matrices: done in 0.000148058 secs using 920.6% CPU
Constructing RapidNJ tree: done in 0.00402713 secs using 773.4% CPU
Computing RapidNJ tree took 0.004241 sec (of wall-clock time) 0.035018 sec (of CPU time)
Log-likelihood of RapidNJ tree: -2603.522
--------------------------------------------------------------------
|             INITIALIZING CANDIDATE TREE SET                      |
--------------------------------------------------------------------
Generating 98 parsimony trees... 0.083 second
Computing log-likelihood of 98 initial trees ... 0.404 seconds
Current best score: -2582.636

Do NNI search on 20 best initial trees
Estimate model parameters (epsilon = 0.100)
BETTER TREE FOUND at iteration 1: -2579.734
Estimate model parameters (epsilon = 0.100)
BETTER TREE FOUND at iteration 5: -2575.662
Iteration 10 / LogL: -2584.554 / Time: 0h:0m:1s
Iteration 20 / LogL: -2588.428 / Time: 0h:0m:1s
Finish initializing candidate tree set (20)
Current best tree score: -2575.662 / CPU time: 1.911
Number of iterations: 20
--------------------------------------------------------------------
|               OPTIMIZING CANDIDATE TREE SET                      |
--------------------------------------------------------------------
Iteration 30 / LogL: -2575.671 / Time: 0h:0m:2s (0h:0m:7s left)
Estimate model parameters (epsilon = 0.100)
BETTER TREE FOUND at iteration 33: -2575.325
Estimate model parameters (epsilon = 0.100)
BETTER TREE FOUND at iteration 39: -2575.308
Estimate model parameters (epsilon = 0.100)
BETTER TREE FOUND at iteration 40: -2575.294
Iteration 40 / LogL: -2575.294 / Time: 0h:0m:3s (0h:0m:10s left)
BETTER TREE FOUND at iteration 45: -2575.291
Iteration 50 / LogL: -2575.296 / Time: 0h:0m:4s (0h:0m:9s left)
Iteration 60 / LogL: -2577.829 / Time: 0h:0m:5s (0h:0m:8s left)
Iteration 70 / LogL: -2580.225 / Time: 0h:0m:6s (0h:0m:7s left)
Estimate model parameters (epsilon = 0.100)
BETTER TREE FOUND at iteration 72: -2574.977
Estimate model parameters (epsilon = 0.100)
BETTER TREE FOUND at iteration 80: -2574.150
Iteration 80 / LogL: -2574.150 / Time: 0h:0m:7s (0h:0m:9s left)
Estimate model parameters (epsilon = 0.100)
BETTER TREE FOUND at iteration 85: -2574.115
Iteration 90 / LogL: -2574.117 / Time: 0h:0m:8s (0h:0m:9s left)
Iteration 100 / LogL: -2574.115 / Time: 0h:0m:9s (0h:0m:8s left)
Iteration 110 / LogL: -2576.548 / Time: 0h:0m:10s (0h:0m:7s left)
BETTER TREE FOUND at iteration 111: -2574.115
Iteration 120 / LogL: -2587.263 / Time: 0h:0m:11s (0h:0m:8s left)
BETTER TREE FOUND at iteration 124: -2574.110
Iteration 130 / LogL: -2577.630 / Time: 0h:0m:12s (0h:0m:9s left)
Iteration 140 / LogL: -2575.692 / Time: 0h:0m:13s (0h:0m:8s left)
Iteration 150 / LogL: -2574.115 / Time: 0h:0m:14s (0h:0m:7s left)
Estimate model parameters (epsilon = 0.100)
BETTER TREE FOUND at iteration 158: -2569.884
Iteration 160 / LogL: -2572.311 / Time: 0h:0m:15s (0h:0m:9s left)
Iteration 170 / LogL: -2575.388 / Time: 0h:0m:16s (0h:0m:8s left)
BETTER TREE FOUND at iteration 178: -2569.883
Iteration 180 / LogL: -2572.394 / Time: 0h:0m:16s (0h:0m:9s left)
BETTER TREE FOUND at iteration 182: -2569.881
Iteration 190 / LogL: -2573.753 / Time: 0h:0m:17s (0h:0m:8s left)
BETTER TREE FOUND at iteration 195: -2569.880
Iteration 200 / LogL: -2571.474 / Time: 0h:0m:18s (0h:0m:8s left)
BETTER TREE FOUND at iteration 202: -2569.880
Iteration 210 / LogL: -2572.396 / Time: 0h:0m:19s (0h:0m:8s left)
Iteration 220 / LogL: -2569.881 / Time: 0h:0m:20s (0h:0m:7s left)
Iteration 230 / LogL: -2569.881 / Time: 0h:0m:21s (0h:0m:6s left)
BETTER TREE FOUND at iteration 234: -2569.880
Iteration 240 / LogL: -2572.616 / Time: 0h:0m:22s (0h:0m:8s left)
BETTER TREE FOUND at iteration 244: -2569.879
Iteration 250 / LogL: -2569.880 / Time: 0h:0m:23s (0h:0m:8s left)
Iteration 260 / LogL: -2572.673 / Time: 0h:0m:24s (0h:0m:7s left)
Iteration 270 / LogL: -2569.881 / Time: 0h:0m:24s (0h:0m:6s left)
Iteration 280 / LogL: -2584.983 / Time: 0h:0m:25s (0h:0m:5s left)
Iteration 290 / LogL: -2569.882 / Time: 0h:0m:26s (0h:0m:4s left)
Iteration 300 / LogL: -2572.390 / Time: 0h:0m:27s (0h:0m:4s left)
Iteration 310 / LogL: -2569.882 / Time: 0h:0m:28s (0h:0m:3s left)
Iteration 320 / LogL: -2584.897 / Time: 0h:0m:29s (0h:0m:2s left)
Iteration 330 / LogL: -2583.091 / Time: 0h:0m:30s (0h:0m:1s left)
Iteration 340 / LogL: -2571.766 / Time: 0h:0m:31s (0h:0m:0s left)
TREE SEARCH COMPLETED AFTER 345 ITERATIONS / Time: 0h:0m:31s

--------------------------------------------------------------------
|                    FINALIZING TREE SEARCH                        |
--------------------------------------------------------------------
Performs final model parameters optimization
Estimate model parameters (epsilon = 0.010)
1. Initial log-likelihood: -2569.879
Optimal log-likelihood: -2569.879
Rate parameters:  A-C: 5.26417  A-G: 5.49243  A-T: 1.73237  C-G: 3.12085  C-T: 12.53612  G-T: 1.00000
Base frequencies:  A: 0.344  C: 0.191  G: 0.204  T: 0.260
Gamma shape alpha: 0.020
Parameters optimization took 1 rounds (0.009 sec)
BEST SCORE FOUND : -2569.879
Total tree length: 0.263

Total number of iterations: 345
CPU time used for tree search: 228.684 sec (0h:3m:48s)
Wall-clock time used for tree search: 31.325 sec (0h:0m:31s)
Total CPU time used: 229.466 sec (0h:3m:49s)
Total wall-clock time used: 31.424 sec (0h:0m:31s)

Analysis results written to: 
  IQ-TREE report:                /workspace/IQTree_8_cores_JarvD5a_Results/exon_10393.iqtree
  Maximum-likelihood tree:       /workspace/IQTree_8_cores_JarvD5a_Results/exon_10393.treefile
  Likelihood distances:          /workspace/IQTree_8_cores_JarvD5a_Results/exon_10393.mldist
  Screen log file:               /workspace/IQTree_8_cores_JarvD5a_Results/exon_10393.log

Date and Time: Wed May 27 12:01:17 2026
