IQ-TREE version 3.1.2 for Linux x86 64-bit built May  7 2026
Developed by Bui Quang Minh, Thomas Wong, Nhan Ly-Trong, Huaiyan Ren
Contributed by Lam-Tung Nguyen, Dominik Schrempf, Chris Bielow,
Olga Chernomor, Michael Woodhams, Diep Thi Hoang, Heiko Schmidt

Host:    8084c4e79f09 (AVX512, FMA3, 1133 GB RAM)
Command: /workspace/iqtree-3.1.2-Linux/bin/iqtree3_intel -s /workspace/NeuralNJ/empirical/JarvD5a/exon_13876.fasta -st DNA -m GTR+G -T 8 -seed 2201 -pre /workspace/IQTree_8_cores_JarvD5a_Results/exon_13876 -quiet
Seed:    2201 (Using SPRNG - Scalable Parallel Random Number Generator)
Time:    Thu May 28 10:14:41 2026
Kernel:  AVX+FMA - 8 threads (384 CPU cores detected)

Reading alignment file /workspace/NeuralNJ/empirical/JarvD5a/exon_13876.fasta ... Fasta format detected
Reading fasta file: done in 0.000700951 secs using 70.19% CPU
Alignment most likely contains DNA/RNA sequences
Constructing alignment: done in 0.00178695 secs using 801.1% CPU
Alignment has 42 sequences with 1304 columns, 290 distinct patterns
126 parsimony-informative, 128 singleton sites, 1050 constant sites
       Gap/Ambiguity  Composition  p-value
Analyzing sequences: done in 1.62125e-05 secs using 579.8% CPU
   1  ANAPL    8.90%    passed     99.42%
   2  APAVI    8.74%    passed     96.45%
   3  APTFO    1.07%    passed     95.45%
   4  BALRE    1.07%    passed     96.50%
   5  CALAN    8.74%    passed     93.42%
   6  CAPCA    9.82%    passed     97.47%
   7  CARCR    8.74%    passed     98.29%
   8  CATAU    3.22%    passed     99.65%
   9  CHAPE    1.53%    passed     93.65%
  10  CHAVO    8.74%    passed     99.69%
  11  CHLUN    1.07%    passed     98.09%
  12  COLLI    1.07%    passed     98.87%
  13  COLST    1.07%    passed     98.13%
  14  CORBR    8.74%    passed     98.65%
  15  CUCCA    1.23%    passed     99.99%
  16  EGRGA    5.37%    passed     94.80%
  17  FALPE    0.92%    passed     98.44%
  18  FULGL    1.99%    passed     99.78%
  19  GALGA   17.33%    passed     99.09%
  20  GAVST    8.74%    passed     99.95%
  21  GEOFO   14.26%    passed     94.66%
  22  HALAL    8.74%    passed     99.54%
  23  HALLE    1.07%    passed     96.94%
  24  LEPDI    1.07%    passed     99.72%
  25  MANVI    8.74%    passed     99.48%
  26  MELGA    8.74%    passed     99.81%
  27  MELUN    6.60%    passed     99.51%
  28  MERNU    8.74%    passed     99.48%
  29  MESUN    2.76%    passed     99.97%
  30  NESNO    5.06%    passed     88.60%
  31  NIPNI    8.74%    passed     98.53%
  32  OPHHO    8.74%    passed     99.95%
  33  PHACA    8.74%    passed     96.51%
  34  PICPU    1.07%    passed     87.09%
  35  PODCR    2.76%    passed     99.29%
  36  PTEGU    1.07%    passed     99.67%
  37  PYGAD    3.83%    passed     98.53%
  38  STRCA    8.74%    passed     98.09%
  39  TAEGU    1.07%    passed     87.04%
  40  TAUER    7.82%    passed     99.69%
  41  TINMA    3.60%    passed     96.72%
  42  TYTAL    1.07%    passed     99.77%
****  TOTAL    5.51%  0 sequences failed composition chi2 test (p-value<5%; df=3)
Checking for duplicate sequences: done in 0.000116825 secs using 802.1% CPU

Create initial parsimony tree by phylogenetic likelihood library (PLL)... 0.001 seconds

NOTE: 1 MB RAM (0 GB) is required!
WARNING: Number of threads seems too high for short alignments. Use -T AUTO to determine best number of threads.
Estimate model parameters (epsilon = 0.100)
1. Initial log-likelihood: -5186.905
2. Current log-likelihood: -4931.537
3. Current log-likelihood: -4929.053
Optimal log-likelihood: -4928.977
Rate parameters:  A-C: 1.16259  A-G: 3.39391  A-T: 0.76188  C-G: 1.27443  C-T: 5.23225  G-T: 1.00000
Base frequencies:  A: 0.273  C: 0.249  G: 0.273  T: 0.206
Gamma shape alpha: 0.099
Parameters optimization took 3 rounds (0.057 sec)
Wrote distance file to... 
Computing ML distances based on estimated model parameters...
Calculating distance matrix: done in 0.00103903 secs using 819.8% CPU
Computing ML distances took 0.001091 sec (of wall-clock time) 0.008681 sec (of CPU time)
Setting up auxiliary I and S matrices: done in 0.000102997 secs using 1048% CPU
Constructing RapidNJ tree: done in 0.00241494 secs using 831% CPU
Computing RapidNJ tree took 0.002581 sec (of wall-clock time) 0.023585 sec (of CPU time)
Log-likelihood of RapidNJ tree: -4965.323
--------------------------------------------------------------------
|             INITIALIZING CANDIDATE TREE SET                      |
--------------------------------------------------------------------
Generating 98 parsimony trees... 0.123 second
Computing log-likelihood of 98 initial trees ... 0.406 seconds
Current best score: -4916.972

Do NNI search on 20 best initial trees
Estimate model parameters (epsilon = 0.100)
BETTER TREE FOUND at iteration 1: -4916.073
Estimate model parameters (epsilon = 0.100)
BETTER TREE FOUND at iteration 3: -4912.899
Estimate model parameters (epsilon = 0.100)
BETTER TREE FOUND at iteration 4: -4912.273
Iteration 10 / LogL: -4918.871 / Time: 0h:0m:1s
Iteration 20 / LogL: -4925.838 / Time: 0h:0m:1s
Finish initializing candidate tree set (20)
Current best tree score: -4912.273 / CPU time: 1.678
Number of iterations: 20
--------------------------------------------------------------------
|               OPTIMIZING CANDIDATE TREE SET                      |
--------------------------------------------------------------------
Estimate model parameters (epsilon = 0.100)
BETTER TREE FOUND at iteration 24: -4911.395
Estimate model parameters (epsilon = 0.100)
BETTER TREE FOUND at iteration 27: -4909.806
BETTER TREE FOUND at iteration 29: -4909.806
Iteration 30 / LogL: -4912.020 / Time: 0h:0m:2s (0h:0m:9s left)
BETTER TREE FOUND at iteration 32: -4909.804
Iteration 40 / LogL: -4915.090 / Time: 0h:0m:3s (0h:0m:8s left)
BETTER TREE FOUND at iteration 44: -4909.804
BETTER TREE FOUND at iteration 48: -4909.803
Iteration 50 / LogL: -4909.807 / Time: 0h:0m:4s (0h:0m:8s left)
Iteration 60 / LogL: -4909.806 / Time: 0h:0m:5s (0h:0m:7s left)
Iteration 70 / LogL: -4920.631 / Time: 0h:0m:5s (0h:0m:6s left)
Iteration 80 / LogL: -4911.479 / Time: 0h:0m:6s (0h:0m:5s left)
Iteration 90 / LogL: -4909.805 / Time: 0h:0m:7s (0h:0m:4s left)
Iteration 100 / LogL: -4909.804 / Time: 0h:0m:8s (0h:0m:3s left)
Iteration 110 / LogL: -4929.914 / Time: 0h:0m:8s (0h:0m:3s left)
UPDATE BEST LOG-LIKELIHOOD: -4909.802
Iteration 120 / LogL: -4910.717 / Time: 0h:0m:9s (0h:0m:2s left)
Iteration 130 / LogL: -4910.506 / Time: 0h:0m:10s (0h:0m:1s left)
Iteration 140 / LogL: -4909.804 / Time: 0h:0m:11s (0h:0m:0s left)
TREE SEARCH COMPLETED AFTER 149 ITERATIONS / Time: 0h:0m:11s

--------------------------------------------------------------------
|                    FINALIZING TREE SEARCH                        |
--------------------------------------------------------------------
Performs final model parameters optimization
Estimate model parameters (epsilon = 0.010)
1. Initial log-likelihood: -4909.802
Optimal log-likelihood: -4909.801
Rate parameters:  A-C: 1.16393  A-G: 3.39787  A-T: 0.66640  C-G: 1.33958  C-T: 5.43881  G-T: 1.00000
Base frequencies:  A: 0.273  C: 0.249  G: 0.273  T: 0.206
Gamma shape alpha: 0.111
Parameters optimization took 1 rounds (0.007 sec)
BEST SCORE FOUND : -4909.801
Total tree length: 0.519

Total number of iterations: 149
CPU time used for tree search: 94.846 sec (0h:1m:34s)
Wall-clock time used for tree search: 11.869 sec (0h:0m:11s)
Total CPU time used: 95.613 sec (0h:1m:35s)
Total wall-clock time used: 11.964 sec (0h:0m:11s)

Analysis results written to: 
  IQ-TREE report:                /workspace/IQTree_8_cores_JarvD5a_Results/exon_13876.iqtree
  Maximum-likelihood tree:       /workspace/IQTree_8_cores_JarvD5a_Results/exon_13876.treefile
  Likelihood distances:          /workspace/IQTree_8_cores_JarvD5a_Results/exon_13876.mldist
  Screen log file:               /workspace/IQTree_8_cores_JarvD5a_Results/exon_13876.log

Date and Time: Thu May 28 10:14:53 2026
