IQ-TREE version 3.1.2 for Linux x86 64-bit built May  7 2026
Developed by Bui Quang Minh, Thomas Wong, Nhan Ly-Trong, Huaiyan Ren
Contributed by Lam-Tung Nguyen, Dominik Schrempf, Chris Bielow,
Olga Chernomor, Michael Woodhams, Diep Thi Hoang, Heiko Schmidt

Host:    8084c4e79f09 (AVX512, FMA3, 1133 GB RAM)
Command: /workspace/iqtree-3.1.2-Linux/bin/iqtree3_intel -s /workspace/NeuralNJ/empirical/JarvD5a/exon_12654.fasta -st DNA -m GTR+G -T 8 -seed 2201 -pre /workspace/IQTree_8_cores_JarvD5a_Results/exon_12654 -quiet
Seed:    2201 (Using SPRNG - Scalable Parallel Random Number Generator)
Time:    Thu May 28 03:29:44 2026
Kernel:  AVX+FMA - 8 threads (384 CPU cores detected)

Reading alignment file /workspace/NeuralNJ/empirical/JarvD5a/exon_12654.fasta ... Fasta format detected
Reading fasta file: done in 0.000167131 secs using 28.12% CPU
Alignment most likely contains DNA/RNA sequences
Constructing alignment: done in 0.000372171 secs using 256.9% CPU
Alignment has 48 sequences with 172 columns, 107 distinct patterns
45 parsimony-informative, 37 singleton sites, 90 constant sites
       Gap/Ambiguity  Composition  p-value
Analyzing sequences: done in 1.19209e-05 secs using 33.55% CPU
   1  ACACH   13.95%    passed     97.76%
   2  ANAPL   13.95%    passed     97.14%
   3  APAVI   13.95%    passed     98.55%
   4  APTFO   13.95%    passed     98.89%
   5  BALRE   18.60%    passed     98.32%
   6  BUCRH   13.95%    passed     96.73%
   7  CALAN   18.60%    passed     96.53%
   8  CAPCA   17.44%    passed     98.79%
   9  CARCR    1.16%    passed     71.12%
  10  CATAU   13.95%    passed     99.78%
  11  CHAPE   12.79%    passed     99.41%
  12  CHAVO   13.95%    passed     98.51%
  13  CHLUN   13.95%    passed     97.78%
  14  COLLI   13.95%    passed     98.55%
  15  COLST   13.95%    passed     96.78%
  16  CORBR   26.74%    passed     97.08%
  17  CUCCA   25.58%    passed     79.48%
  18  EGRGA   16.28%    passed     95.25%
  19  EURHE   23.26%    passed     96.10%
  20  FALPE   27.91%    passed     83.56%
  21  FULGL   18.60%    passed     93.61%
  22  GALGA   23.26%    passed     94.67%
  23  GAVST   13.95%    passed     99.93%
  24  GEOFO   29.07%    passed     81.58%
  25  HALAL   18.60%    passed     95.54%
  26  HALLE   18.60%    passed     95.54%
  27  LEPDI   13.95%    passed     99.95%
  28  MANVI   15.12%    passed     98.24%
  29  MELGA   13.95%    passed     97.69%
  30  MELUN   23.26%    passed     92.59%
  31  MERNU   13.95%    passed     98.89%
  32  MESUN   18.60%    passed     94.58%
  33  NESNO   13.95%    passed     99.95%
  34  NIPNI   13.95%    passed     99.31%
  35  OPHHO   13.95%    passed     99.95%
  36  PELCR   13.95%    passed     95.39%
  37  PHACA   13.95%    passed     99.35%
  38  PHALE   13.95%    passed     97.56%
  39  PHORU   13.95%    passed     98.55%
  40  PICPU   13.95%    passed     68.74%
  41  PODCR   13.95%    passed     94.61%
  42  PTEGU   20.93%    passed     85.37%
  43  PYGAD   13.95%    passed     99.78%
  44  STRCA   13.95%    passed     99.77%
  45  TAEGU    1.16%    passed     74.38%
  46  TAUER   13.95%    passed     99.78%
  47  TINMA   18.60%    passed     98.44%
  48  TYTAL   17.44%    passed     99.95%
****  TOTAL   16.13%  0 sequences failed composition chi2 test (p-value<5%; df=3)
NOTE: TAUER is identical to CATAU but kept for subsequent analysis
NOTE: HALLE is identical to HALAL but kept for subsequent analysis
Checking for duplicate sequences: done in 0.000184059 secs using 799.2% CPU

Create initial parsimony tree by phylogenetic likelihood library (PLL)... 0.001 seconds

NOTE: 0 MB RAM (0 GB) is required!
WARNING: Number of threads seems too high for short alignments. Use -T AUTO to determine best number of threads.
Estimate model parameters (epsilon = 0.100)
1. Initial log-likelihood: -1134.920
2. Current log-likelihood: -1071.411
3. Current log-likelihood: -1071.107
Optimal log-likelihood: -1071.106
Rate parameters:  A-C: 0.61221  A-G: 1.81017  A-T: 0.16604  C-G: 0.34989  C-T: 2.96006  G-T: 1.00000
Base frequencies:  A: 0.328  C: 0.190  G: 0.159  T: 0.324
Gamma shape alpha: 1.212
Parameters optimization took 3 rounds (0.065 sec)
Wrote distance file to... 
Computing ML distances based on estimated model parameters...
Calculating distance matrix: done in 0.000869989 secs using 812.1% CPU
Computing ML distances took 0.000912 sec (of wall-clock time) 0.007243 sec (of CPU time)
Setting up auxiliary I and S matrices: done in 0.00010705 secs using 1077% CPU
Constructing RapidNJ tree: done in 0.00300097 secs using 693.8% CPU
Computing RapidNJ tree took 0.003167 sec (of wall-clock time) 0.027904 sec (of CPU time)
Log-likelihood of RapidNJ tree: -1070.055
--------------------------------------------------------------------
|             INITIALIZING CANDIDATE TREE SET                      |
--------------------------------------------------------------------
Generating 98 parsimony trees... 0.118 second
Computing log-likelihood of 98 initial trees ... 0.334 seconds
Current best score: -1067.915

Do NNI search on 20 best initial trees
Estimate model parameters (epsilon = 0.100)
BETTER TREE FOUND at iteration 1: -1066.780
Iteration 10 / LogL: -1066.977 / Time: 0h:0m:1s
Iteration 20 / LogL: -1071.995 / Time: 0h:0m:1s
Finish initializing candidate tree set (20)
Current best tree score: -1066.780 / CPU time: 1.693
Number of iterations: 20
--------------------------------------------------------------------
|               OPTIMIZING CANDIDATE TREE SET                      |
--------------------------------------------------------------------
Estimate model parameters (epsilon = 0.100)
BETTER TREE FOUND at iteration 25: -1063.669
Iteration 30 / LogL: -1066.865 / Time: 0h:0m:2s (0h:0m:8s left)
Iteration 40 / LogL: -1063.821 / Time: 0h:0m:3s (0h:0m:8s left)
Estimate model parameters (epsilon = 0.100)
BETTER TREE FOUND at iteration 46: -1063.266
Estimate model parameters (epsilon = 0.100)
BETTER TREE FOUND at iteration 48: -1061.771
Iteration 50 / LogL: -1063.772 / Time: 0h:0m:4s (0h:0m:9s left)
BETTER TREE FOUND at iteration 51: -1061.769
Iteration 60 / LogL: -1063.274 / Time: 0h:0m:5s (0h:0m:8s left)
Iteration 70 / LogL: -1061.770 / Time: 0h:0m:6s (0h:0m:7s left)
BETTER TREE FOUND at iteration 72: -1061.769
BETTER TREE FOUND at iteration 80: -1061.769
Iteration 80 / LogL: -1061.769 / Time: 0h:0m:7s (0h:0m:9s left)
Iteration 90 / LogL: -1066.506 / Time: 0h:0m:8s (0h:0m:8s left)
Iteration 100 / LogL: -1065.545 / Time: 0h:0m:9s (0h:0m:7s left)
Iteration 110 / LogL: -1061.769 / Time: 0h:0m:10s (0h:0m:6s left)
Iteration 120 / LogL: -1061.770 / Time: 0h:0m:11s (0h:0m:5s left)
Iteration 130 / LogL: -1061.770 / Time: 0h:0m:12s (0h:0m:4s left)
Iteration 140 / LogL: -1062.338 / Time: 0h:0m:13s (0h:0m:3s left)
BETTER TREE FOUND at iteration 145: -1061.769
Iteration 150 / LogL: -1061.772 / Time: 0h:0m:14s (0h:0m:8s left)
Iteration 160 / LogL: -1061.769 / Time: 0h:0m:14s (0h:0m:7s left)
Iteration 170 / LogL: -1065.537 / Time: 0h:0m:15s (0h:0m:7s left)
BETTER TREE FOUND at iteration 180: -1061.769
Iteration 180 / LogL: -1061.769 / Time: 0h:0m:16s (0h:0m:9s left)
Iteration 190 / LogL: -1062.904 / Time: 0h:0m:17s (0h:0m:8s left)
Iteration 200 / LogL: -1061.769 / Time: 0h:0m:18s (0h:0m:7s left)
Iteration 210 / LogL: -1064.586 / Time: 0h:0m:19s (0h:0m:6s left)
BETTER TREE FOUND at iteration 215: -1061.769
Iteration 220 / LogL: -1062.533 / Time: 0h:0m:20s (0h:0m:8s left)
Iteration 230 / LogL: -1061.772 / Time: 0h:0m:21s (0h:0m:7s left)
Iteration 240 / LogL: -1061.769 / Time: 0h:0m:21s (0h:0m:6s left)
Iteration 250 / LogL: -1063.710 / Time: 0h:0m:22s (0h:0m:5s left)
Iteration 260 / LogL: -1061.769 / Time: 0h:0m:23s (0h:0m:5s left)
Iteration 270 / LogL: -1061.769 / Time: 0h:0m:24s (0h:0m:4s left)
BETTER TREE FOUND at iteration 272: -1061.769
Iteration 280 / LogL: -1061.770 / Time: 0h:0m:25s (0h:0m:8s left)
Iteration 290 / LogL: -1065.776 / Time: 0h:0m:26s (0h:0m:7s left)
Iteration 300 / LogL: -1066.301 / Time: 0h:0m:27s (0h:0m:6s left)
Iteration 310 / LogL: -1064.977 / Time: 0h:0m:27s (0h:0m:5s left)
Iteration 320 / LogL: -1063.432 / Time: 0h:0m:28s (0h:0m:4s left)
Iteration 330 / LogL: -1061.769 / Time: 0h:0m:29s (0h:0m:3s left)
Iteration 340 / LogL: -1067.772 / Time: 0h:0m:30s (0h:0m:2s left)
Iteration 350 / LogL: -1062.329 / Time: 0h:0m:31s (0h:0m:1s left)
Iteration 360 / LogL: -1064.978 / Time: 0h:0m:32s (0h:0m:1s left)
Iteration 370 / LogL: -1062.559 / Time: 0h:0m:33s (0h:0m:0s left)
TREE SEARCH COMPLETED AFTER 373 ITERATIONS / Time: 0h:0m:34s

--------------------------------------------------------------------
|                    FINALIZING TREE SEARCH                        |
--------------------------------------------------------------------
Performs final model parameters optimization
Estimate model parameters (epsilon = 0.010)
1. Initial log-likelihood: -1061.769
Optimal log-likelihood: -1061.769
Rate parameters:  A-C: 0.55646  A-G: 1.85659  A-T: 0.18388  C-G: 0.36654  C-T: 3.13450  G-T: 1.00000
Base frequencies:  A: 0.328  C: 0.190  G: 0.159  T: 0.324
Gamma shape alpha: 1.249
Parameters optimization took 1 rounds (0.008 sec)
BEST SCORE FOUND : -1061.769
Total tree length: 1.148

Total number of iterations: 373
CPU time used for tree search: 253.537 sec (0h:4m:13s)
Wall-clock time used for tree search: 33.955 sec (0h:0m:33s)
Total CPU time used: 254.421 sec (0h:4m:14s)
Total wall-clock time used: 34.064 sec (0h:0m:34s)

Analysis results written to: 
  IQ-TREE report:                /workspace/IQTree_8_cores_JarvD5a_Results/exon_12654.iqtree
  Maximum-likelihood tree:       /workspace/IQTree_8_cores_JarvD5a_Results/exon_12654.treefile
  Likelihood distances:          /workspace/IQTree_8_cores_JarvD5a_Results/exon_12654.mldist
  Screen log file:               /workspace/IQTree_8_cores_JarvD5a_Results/exon_12654.log

Date and Time: Thu May 28 03:30:18 2026
