IQ-TREE version 3.1.2 for Linux x86 64-bit built May  7 2026
Developed by Bui Quang Minh, Thomas Wong, Nhan Ly-Trong, Huaiyan Ren
Contributed by Lam-Tung Nguyen, Dominik Schrempf, Chris Bielow,
Olga Chernomor, Michael Woodhams, Diep Thi Hoang, Heiko Schmidt

Host:    8084c4e79f09 (AVX512, FMA3, 1133 GB RAM)
Command: /workspace/iqtree-3.1.2-Linux/bin/iqtree3_intel -s /workspace/NeuralNJ/empirical/JarvD5a/exon_13658.fasta -st DNA -m GTR+G -T 8 -seed 2201 -pre /workspace/IQTree_8_cores_JarvD5a_Results/exon_13658 -quiet
Seed:    2201 (Using SPRNG - Scalable Parallel Random Number Generator)
Time:    Thu May 28 09:23:29 2026
Kernel:  AVX+FMA - 8 threads (384 CPU cores detected)

Reading alignment file /workspace/NeuralNJ/empirical/JarvD5a/exon_13658.fasta ... Fasta format detected
Reading fasta file: done in 0.00031805 secs using 11.63% CPU
Alignment most likely contains DNA/RNA sequences
Constructing alignment: done in 0.000878096 secs using 376.5% CPU
Alignment has 44 sequences with 682 columns, 74 distinct patterns
35 parsimony-informative, 22 singleton sites, 625 constant sites
       Gap/Ambiguity  Composition  p-value
Analyzing sequences: done in 9.05991e-06 secs using 88.3% CPU
   1  ANAPL    1.76%    passed     99.97%
   2  APAVI   12.02%    passed     97.44%
   3  APTFO    1.76%    passed     99.82%
   4  BALRE    1.76%    passed     99.33%
   5  BUCRH    1.76%    passed     98.51%
   6  CALAN    1.76%    passed     99.82%
   7  CAPCA    1.76%    passed     99.79%
   8  CARCR   38.42%    passed     22.91%
   9  CATAU    1.76%    passed     99.76%
  10  CHAPE    1.76%    passed     99.93%
  11  CHAVO    1.76%    passed     99.87%
  12  CHLUN    1.76%    passed     99.91%
  13  COLLI   12.02%    passed     94.16%
  14  COLST   38.42%    passed     22.91%
  15  CORBR    1.76%    passed     99.86%
  16  CUCCA    1.76%    passed     98.97%
  17  EGRGA    1.17%    passed     99.40%
  18  EURHE    1.76%    passed     97.44%
  19  FALPE    1.76%    passed     99.45%
  20  FULGL    1.76%    passed     99.26%
  21  GALGA    1.76%    passed     99.50%
  22  GAVST    1.76%    passed     99.26%
  23  GEOFO    1.47%    passed     96.79%
  24  HALAL    1.76%    passed     99.82%
  25  HALLE    1.76%    passed     99.82%
  26  LEPDI    1.76%    passed     99.99%
  27  MANVI    1.76%    passed     99.72%
  28  MERNU    1.76%    passed     99.40%
  29  MESUN    1.76%    passed     99.92%
  30  NESNO    1.76%    passed     99.53%
  31  NIPNI    1.76%    passed     99.76%
  32  OPHHO    1.76%    passed     99.41%
  33  PELCR   12.02%    passed     94.44%
  34  PHACA    1.76%    passed     99.82%
  35  PHALE    1.76%    passed     99.99%
  36  PHORU    1.76%    passed     99.88%
  37  PICPU    1.17%    passed     93.07%
  38  PODCR   12.02%    passed     87.71%
  39  PTEGU    1.76%    passed     99.91%
  40  PYGAD    1.76%    passed     99.82%
  41  STRCA    1.76%    passed     99.63%
  42  TAEGU    1.17%    passed     94.80%
  43  TAUER    0.59%    passed     99.23%
  44  TYTAL    1.76%    passed     99.91%
****  TOTAL    4.29%  0 sequences failed composition chi2 test (p-value<5%; df=3)
NOTE: HALAL is identical to APTFO but kept for subsequent analysis
NOTE: COLST is identical to CARCR but kept for subsequent analysis
NOTE: GAVST is identical to FULGL but kept for subsequent analysis
NOTE: PHALE is identical to LEPDI but kept for subsequent analysis
Checking for duplicate sequences: done in 0.000112057 secs using 649.7% CPU
Identifying sites to remove: done in 0.000187874 secs using 233.1% CPU
NOTE: 3 identical sequences (see below) will be ignored for subsequent analysis
NOTE: HALLE (identical to APTFO) is ignored but added at the end
NOTE: PHACA (identical to APTFO) is ignored but added at the end
NOTE: PYGAD (identical to APTFO) is ignored but added at the end
Alignment was printed to /workspace/IQTree_8_cores_JarvD5a_Results/exon_13658.uniqueseq.phy

For your convenience alignment with unique sequences printed to /workspace/IQTree_8_cores_JarvD5a_Results/exon_13658.uniqueseq.phy

Create initial parsimony tree by phylogenetic likelihood library (PLL)... 0.001 seconds

NOTE: 0 MB RAM (0 GB) is required!
WARNING: Number of threads seems too high for short alignments. Use -T AUTO to determine best number of threads.
Estimate model parameters (epsilon = 0.100)
1. Initial log-likelihood: -1670.795
2. Current log-likelihood: -1615.951
3. Current log-likelihood: -1615.288
Optimal log-likelihood: -1615.287
Rate parameters:  A-C: 1.51138  A-G: 5.18326  A-T: 0.43817  C-G: 3.04744  C-T: 2.76733  G-T: 1.00000
Base frequencies:  A: 0.331  C: 0.288  G: 0.209  T: 0.172
Gamma shape alpha: 0.020
Parameters optimization took 3 rounds (0.037 sec)
Wrote distance file to... 
Computing ML distances based on estimated model parameters...
Calculating distance matrix: done in 0.000863075 secs using 787.4% CPU
Computing ML distances took 0.000901 sec (of wall-clock time) 0.006960 sec (of CPU time)
Setting up auxiliary I and S matrices: done in 0.000106096 secs using 886% CPU
Constructing RapidNJ tree: done in 0.00236487 secs using 697% CPU
Computing RapidNJ tree took 0.002527 sec (of wall-clock time) 0.020288 sec (of CPU time)
Log-likelihood of RapidNJ tree: -1608.103
--------------------------------------------------------------------
|             INITIALIZING CANDIDATE TREE SET                      |
--------------------------------------------------------------------
Generating 98 parsimony trees... 0.063 second
Computing log-likelihood of 98 initial trees ... 0.250 seconds
Current best score: -1603.416

Do NNI search on 20 best initial trees
Estimate model parameters (epsilon = 0.100)
BETTER TREE FOUND at iteration 1: -1603.168
Estimate model parameters (epsilon = 0.100)
BETTER TREE FOUND at iteration 2: -1602.209
Iteration 10 / LogL: -1607.000 / Time: 0h:0m:0s
Iteration 20 / LogL: -1610.949 / Time: 0h:0m:0s
Finish initializing candidate tree set (20)
Current best tree score: -1602.209 / CPU time: 0.898
Number of iterations: 20
--------------------------------------------------------------------
|               OPTIMIZING CANDIDATE TREE SET                      |
--------------------------------------------------------------------
Iteration 30 / LogL: -1605.569 / Time: 0h:0m:1s (0h:0m:3s left)
Iteration 40 / LogL: -1602.214 / Time: 0h:0m:2s (0h:0m:3s left)
Iteration 50 / LogL: -1608.333 / Time: 0h:0m:2s (0h:0m:2s left)
Iteration 60 / LogL: -1602.219 / Time: 0h:0m:3s (0h:0m:2s left)
Iteration 70 / LogL: -1603.198 / Time: 0h:0m:3s (0h:0m:1s left)
Iteration 80 / LogL: -1608.296 / Time: 0h:0m:4s (0h:0m:1s left)
Iteration 90 / LogL: -1609.938 / Time: 0h:0m:5s (0h:0m:0s left)
Iteration 100 / LogL: -1602.215 / Time: 0h:0m:5s (0h:0m:0s left)
TREE SEARCH COMPLETED AFTER 103 ITERATIONS / Time: 0h:0m:5s

--------------------------------------------------------------------
|                    FINALIZING TREE SEARCH                        |
--------------------------------------------------------------------
Performs final model parameters optimization
Estimate model parameters (epsilon = 0.010)
1. Initial log-likelihood: -1602.209
Optimal log-likelihood: -1602.209
Rate parameters:  A-C: 1.33658  A-G: 5.30188  A-T: 0.44090  C-G: 3.58501  C-T: 2.37420  G-T: 1.00000
Base frequencies:  A: 0.331  C: 0.288  G: 0.209  T: 0.172
Gamma shape alpha: 0.020
Parameters optimization took 1 rounds (0.007 sec)
BEST SCORE FOUND : -1602.209
Total tree length: 0.183

Total number of iterations: 103
CPU time used for tree search: 47.139 sec (0h:0m:47s)
Wall-clock time used for tree search: 5.884 sec (0h:0m:5s)
Total CPU time used: 47.652 sec (0h:0m:47s)
Total wall-clock time used: 5.950 sec (0h:0m:5s)

Analysis results written to: 
  IQ-TREE report:                /workspace/IQTree_8_cores_JarvD5a_Results/exon_13658.iqtree
  Maximum-likelihood tree:       /workspace/IQTree_8_cores_JarvD5a_Results/exon_13658.treefile
  Likelihood distances:          /workspace/IQTree_8_cores_JarvD5a_Results/exon_13658.mldist
  Screen log file:               /workspace/IQTree_8_cores_JarvD5a_Results/exon_13658.log

Date and Time: Thu May 28 09:23:35 2026
