IQ-TREE version 3.1.2 for Linux x86 64-bit built May  7 2026
Developed by Bui Quang Minh, Thomas Wong, Nhan Ly-Trong, Huaiyan Ren
Contributed by Lam-Tung Nguyen, Dominik Schrempf, Chris Bielow,
Olga Chernomor, Michael Woodhams, Diep Thi Hoang, Heiko Schmidt

Host:    8084c4e79f09 (AVX512, FMA3, 1133 GB RAM)
Command: /workspace/iqtree-3.1.2-Linux/bin/iqtree3_intel -s /workspace/NeuralNJ/empirical/JarvD5a/exon_8089.fasta -st DNA -m GTR+G -T 8 -seed 2201 -pre /workspace/IQTree_8_cores_JarvD5a_Results/exon_8089 -quiet
Seed:    2201 (Using SPRNG - Scalable Parallel Random Number Generator)
Time:    Fri May 29 15:54:36 2026
Kernel:  AVX+FMA - 8 threads (384 CPU cores detected)

Reading alignment file /workspace/NeuralNJ/empirical/JarvD5a/exon_8089.fasta ... Fasta format detected
Reading fasta file: done in 0.000220776 secs using 19.93% CPU
Alignment most likely contains DNA/RNA sequences
Constructing alignment: done in 0.00051403 secs using 223.7% CPU
Alignment has 47 sequences with 374 columns, 144 distinct patterns
67 parsimony-informative, 37 singleton sites, 270 constant sites
       Gap/Ambiguity  Composition  p-value
Analyzing sequences: done in 2.7895e-05 secs using 1481% CPU
   1  ACACH   42.78%    passed     84.21%
   2  ANAPL   31.55%    passed     90.14%
   3  APAVI   41.18%    passed     86.05%
   4  APTFO   41.71%    passed     67.63%
   5  BALRE   22.99%    passed     99.90%
   6  BUCRH   22.99%    passed     95.92%
   7  CALAN   22.99%    passed     99.67%
   8  CAPCA   41.71%    passed     51.59%
   9  CARCR   24.60%    passed     97.54%
  10  CATAU   22.99%    passed     99.62%
  11  CHAPE   23.53%    passed     96.17%
  12  CHAVO   22.99%    passed     98.52%
  13  CHLUN   22.99%    passed     94.62%
  14  COLLI   19.79%    passed     74.72%
  15  COLST   44.92%    passed     88.20%
  16  CORBR   19.25%    passed     71.12%
  17  CUCCA    3.74%    passed     41.02%
  18  EGRGA   41.71%    passed     59.09%
  19  EURHE   43.32%    passed     44.80%
  20  FALPE   19.25%    passed     85.63%
  21  FULGL   22.99%    passed     99.62%
  22  GALGA    3.74%    passed     42.73%
  23  GAVST   41.71%    passed     59.79%
  24  GEOFO    4.28%    passed     25.42%
  25  HALAL   41.71%    passed     52.69%
  26  HALLE    5.88%    passed     60.70%
  27  LEPDI   22.99%    passed     99.80%
  28  MANVI   24.06%    passed     91.19%
  29  MELGA   42.25%    passed     78.88%
  30  MELUN    3.74%    passed     40.09%
  31  MERNU   44.39%    passed     59.95%
  32  NESNO   42.78%    passed     81.87%
  33  NIPNI    9.63%    passed     27.50%
  34  OPHHO   41.71%    passed     54.21%
  35  PELCR   20.05%    passed     96.05%
  36  PHACA   41.71%    passed     35.25%
  37  PHALE   22.99%    passed     99.84%
  38  PHORU   22.99%    passed     99.99%
  39  PICPU   22.99%    passed     99.31%
  40  PODCR   41.71%    passed     50.03%
  41  PTEGU   22.99%    passed     99.41%
  42  PYGAD   41.71%    passed     59.09%
  43  STRCA   22.99%    passed     98.60%
  44  TAEGU    3.74%    passed     24.43%
  45  TAUER   41.71%    passed     69.57%
  46  TINMA   22.46%    passed     92.77%
  47  TYTAL   41.71%    passed     52.69%
****  TOTAL   27.63%  0 sequences failed composition chi2 test (p-value<5%; df=3)
NOTE: TYTAL is identical to HALAL but kept for subsequent analysis
Checking for duplicate sequences: done in 0.000118971 secs using 782.5% CPU

Create initial parsimony tree by phylogenetic likelihood library (PLL)... 0.001 seconds

NOTE: 0 MB RAM (0 GB) is required!
WARNING: Number of threads seems too high for short alignments. Use -T AUTO to determine best number of threads.
Estimate model parameters (epsilon = 0.100)
1. Initial log-likelihood: -1846.712
2. Current log-likelihood: -1765.559
3. Current log-likelihood: -1764.724
Optimal log-likelihood: -1764.704
Rate parameters:  A-C: 0.62213  A-G: 1.21986  A-T: 0.20738  C-G: 1.12504  C-T: 1.63939  G-T: 1.00000
Base frequencies:  A: 0.418  C: 0.189  G: 0.212  T: 0.181
Gamma shape alpha: 0.232
Parameters optimization took 3 rounds (0.054 sec)
Wrote distance file to... 
Computing ML distances based on estimated model parameters...
Calculating distance matrix: done in 0.000948191 secs using 804.4% CPU
Computing ML distances took 0.001006 sec (of wall-clock time) 0.007862 sec (of CPU time)
Setting up auxiliary I and S matrices: done in 0.000121832 secs using 1001% CPU
Constructing RapidNJ tree: done in 0.00370598 secs using 858.2% CPU
Computing RapidNJ tree took 0.003861 sec (of wall-clock time) 0.034039 sec (of CPU time)
Log-likelihood of RapidNJ tree: -1799.105
--------------------------------------------------------------------
|             INITIALIZING CANDIDATE TREE SET                      |
--------------------------------------------------------------------
Generating 98 parsimony trees... 0.091 second
Computing log-likelihood of 98 initial trees ... 0.558 seconds
Current best score: -1760.236

Do NNI search on 20 best initial trees
Estimate model parameters (epsilon = 0.100)
BETTER TREE FOUND at iteration 1: -1755.492
Iteration 10 / LogL: -1764.466 / Time: 0h:0m:1s
Iteration 20 / LogL: -1764.915 / Time: 0h:0m:3s
Finish initializing candidate tree set (20)
Current best tree score: -1755.492 / CPU time: 2.963
Number of iterations: 20
--------------------------------------------------------------------
|               OPTIMIZING CANDIDATE TREE SET                      |
--------------------------------------------------------------------
Estimate model parameters (epsilon = 0.100)
BETTER TREE FOUND at iteration 24: -1754.451
Iteration 30 / LogL: -1758.981 / Time: 0h:0m:4s (0h:0m:13s left)
Iteration 40 / LogL: -1756.603 / Time: 0h:0m:5s (0h:0m:11s left)
Iteration 50 / LogL: -1755.461 / Time: 0h:0m:6s (0h:0m:10s left)
Iteration 60 / LogL: -1765.759 / Time: 0h:0m:7s (0h:0m:8s left)
Iteration 70 / LogL: -1757.642 / Time: 0h:0m:8s (0h:0m:6s left)
Iteration 80 / LogL: -1754.517 / Time: 0h:0m:10s (0h:0m:5s left)
Iteration 90 / LogL: -1755.436 / Time: 0h:0m:11s (0h:0m:4s left)
BETTER TREE FOUND at iteration 100: -1754.451
Iteration 100 / LogL: -1754.451 / Time: 0h:0m:12s (0h:0m:12s left)
Iteration 110 / LogL: -1763.643 / Time: 0h:0m:13s (0h:0m:11s left)
Iteration 120 / LogL: -1784.645 / Time: 0h:0m:14s (0h:0m:9s left)
Iteration 130 / LogL: -1759.079 / Time: 0h:0m:15s (0h:0m:8s left)
Iteration 140 / LogL: -1754.451 / Time: 0h:0m:16s (0h:0m:7s left)
Iteration 150 / LogL: -1754.451 / Time: 0h:0m:17s (0h:0m:5s left)
Iteration 160 / LogL: -1755.299 / Time: 0h:0m:19s (0h:0m:4s left)
Iteration 170 / LogL: -1756.564 / Time: 0h:0m:20s (0h:0m:3s left)
Iteration 180 / LogL: -1754.518 / Time: 0h:0m:21s (0h:0m:2s left)
Iteration 190 / LogL: -1758.360 / Time: 0h:0m:23s (0h:0m:1s left)
Iteration 200 / LogL: -1757.428 / Time: 0h:0m:24s (0h:0m:0s left)
TREE SEARCH COMPLETED AFTER 201 ITERATIONS / Time: 0h:0m:24s

--------------------------------------------------------------------
|                    FINALIZING TREE SEARCH                        |
--------------------------------------------------------------------
Performs final model parameters optimization
Estimate model parameters (epsilon = 0.010)
1. Initial log-likelihood: -1754.451
Optimal log-likelihood: -1754.451
Rate parameters:  A-C: 0.63504  A-G: 1.34749  A-T: 0.25747  C-G: 1.20521  C-T: 1.51412  G-T: 1.00000
Base frequencies:  A: 0.418  C: 0.189  G: 0.212  T: 0.181
Gamma shape alpha: 0.237
Parameters optimization took 1 rounds (0.007 sec)
BEST SCORE FOUND : -1754.451
Total tree length: 1.005

Total number of iterations: 201
CPU time used for tree search: 193.073 sec (0h:3m:13s)
Wall-clock time used for tree search: 24.159 sec (0h:0m:24s)
Total CPU time used: 194.419 sec (0h:3m:14s)
Total wall-clock time used: 24.317 sec (0h:0m:24s)

Analysis results written to: 
  IQ-TREE report:                /workspace/IQTree_8_cores_JarvD5a_Results/exon_8089.iqtree
  Maximum-likelihood tree:       /workspace/IQTree_8_cores_JarvD5a_Results/exon_8089.treefile
  Likelihood distances:          /workspace/IQTree_8_cores_JarvD5a_Results/exon_8089.mldist
  Screen log file:               /workspace/IQTree_8_cores_JarvD5a_Results/exon_8089.log

Date and Time: Fri May 29 15:55:00 2026
