IQ-TREE version 3.1.2 for Linux x86 64-bit built May  7 2026
Developed by Bui Quang Minh, Thomas Wong, Nhan Ly-Trong, Huaiyan Ren
Contributed by Lam-Tung Nguyen, Dominik Schrempf, Chris Bielow,
Olga Chernomor, Michael Woodhams, Diep Thi Hoang, Heiko Schmidt

Host:    8084c4e79f09 (AVX512, FMA3, 1133 GB RAM)
Command: /workspace/iqtree-3.1.2-Linux/bin/iqtree3_intel -s /workspace/NeuralNJ/empirical/JarvD5a/exon_4591.fasta -st DNA -m GTR+G -T 8 -seed 2201 -pre /workspace/IQTree_8_cores_JarvD5a_Results/exon_4591 -quiet
Seed:    2201 (Using SPRNG - Scalable Parallel Random Number Generator)
Time:    Fri May 29 03:51:33 2026
Kernel:  AVX+FMA - 8 threads (384 CPU cores detected)

Reading alignment file /workspace/NeuralNJ/empirical/JarvD5a/exon_4591.fasta ... Fasta format detected
Reading fasta file: done in 0.000506163 secs using 43.66% CPU
Alignment most likely contains DNA/RNA sequences
Constructing alignment: done in 0.00105095 secs using 527.7% CPU
Alignment has 47 sequences with 812 columns, 88 distinct patterns
39 parsimony-informative, 43 singleton sites, 730 constant sites
       Gap/Ambiguity  Composition  p-value
Analyzing sequences: done in 9.05991e-06 secs using 44.15% CPU
   1  ACACH   48.28%    passed     96.26%
   2  ANAPL   48.28%    passed     99.10%
   3  APAVI   48.28%    passed     99.15%
   4  APTFO   48.28%    passed     99.82%
   5  BALRE   48.28%    passed     99.26%
   6  BUCRH   48.28%    passed     99.74%
   7  CALAN   48.28%    passed     99.75%
   8  CAPCA   48.28%    passed     96.26%
   9  CARCR   48.28%    passed     99.89%
  10  CATAU   48.89%    passed     99.22%
  11  CHAPE   48.28%    passed     97.06%
  12  CHAVO   48.28%    passed     99.69%
  13  CHLUN   48.28%    passed     99.34%
  14  COLLI   48.28%    passed     98.12%
  15  COLST   48.28%    passed    100.00%
  16  CORBR   48.28%    passed     97.69%
  17  CUCCA   48.28%    passed     98.18%
  18  EGRGA   48.28%    passed     99.93%
  19  EURHE   48.28%    passed     99.69%
  20  FALPE   48.28%    passed     99.70%
  21  FULGL   48.28%    passed     99.82%
  22  GALGA    0.00%    failed      0.00%
  23  GAVST   48.28%    passed     98.68%
  24  GEOFO   48.28%    passed     89.76%
  25  HALAL   48.28%    passed     99.20%
  26  HALLE   48.28%    passed     99.12%
  27  LEPDI   48.28%    passed     99.80%
  28  MANVI   48.28%    passed     88.26%
  29  MELGA   48.28%    passed     94.73%
  30  MELUN   48.28%    passed     99.69%
  31  MERNU   48.28%    passed     99.93%
  32  MESUN   48.28%    passed     98.91%
  33  NESNO   48.28%    passed     97.83%
  34  NIPNI   48.28%    passed     99.93%
  35  OPHHO   48.28%    passed     99.10%
  36  PELCR   48.28%    passed     99.90%
  37  PHACA   48.28%    passed     98.68%
  38  PHALE   48.28%    passed     99.03%
  39  PHORU   48.28%    passed     99.93%
  40  PICPU   48.28%    passed    100.00%
  41  PODCR   48.28%    passed     99.80%
  42  PTEGU   48.28%    passed     98.99%
  43  PYGAD   48.28%    passed     99.90%
  44  STRCA   48.28%    passed     95.34%
  45  TAUER   48.28%    passed     99.98%
  46  TINMA   48.28%    passed     94.99%
  47  TYTAL   48.28%    passed     99.43%
****  TOTAL   47.26%  1 sequences failed composition chi2 test (p-value<5%; df=3)
NOTE: EURHE is identical to CHAVO but kept for subsequent analysis
Checking for duplicate sequences: done in 0.00011611 secs using 405.7% CPU

Create initial parsimony tree by phylogenetic likelihood library (PLL)... 0.001 seconds

NOTE: 0 MB RAM (0 GB) is required!
WARNING: Number of threads seems too high for short alignments. Use -T AUTO to determine best number of threads.
Estimate model parameters (epsilon = 0.100)
1. Initial log-likelihood: -2173.136
2. Current log-likelihood: -2074.261
3. Current log-likelihood: -2073.912
Optimal log-likelihood: -2073.907
Rate parameters:  A-C: 5.43434  A-G: 9.57309  A-T: 0.57873  C-G: 2.07129  C-T: 10.07965  G-T: 1.00000
Base frequencies:  A: 0.278  C: 0.224  G: 0.229  T: 0.269
Gamma shape alpha: 0.161
Parameters optimization took 3 rounds (0.075 sec)
Wrote distance file to... 
Computing ML distances based on estimated model parameters...
Calculating distance matrix: done in 0.000876904 secs using 818.6% CPU
Computing ML distances took 0.000928 sec (of wall-clock time) 0.007376 sec (of CPU time)
Setting up auxiliary I and S matrices: done in 0.000110865 secs using 1108% CPU
Constructing RapidNJ tree: done in 0.002666 secs using 736% CPU
Computing RapidNJ tree took 0.002827 sec (of wall-clock time) 0.024533 sec (of CPU time)
Log-likelihood of RapidNJ tree: -2072.207
--------------------------------------------------------------------
|             INITIALIZING CANDIDATE TREE SET                      |
--------------------------------------------------------------------
Generating 98 parsimony trees... 0.080 second
Computing log-likelihood of 98 initial trees ... 0.389 seconds
Current best score: -2056.929

Do NNI search on 20 best initial trees
Estimate model parameters (epsilon = 0.100)
BETTER TREE FOUND at iteration 1: -2054.919
Estimate model parameters (epsilon = 0.100)
BETTER TREE FOUND at iteration 5: -2053.031
Iteration 10 / LogL: -2057.714 / Time: 0h:0m:1s
Iteration 20 / LogL: -2063.761 / Time: 0h:0m:1s
Finish initializing candidate tree set (20)
Current best tree score: -2053.031 / CPU time: 1.609
Number of iterations: 20
--------------------------------------------------------------------
|               OPTIMIZING CANDIDATE TREE SET                      |
--------------------------------------------------------------------
Iteration 30 / LogL: -2053.035 / Time: 0h:0m:2s (0h:0m:6s left)
Iteration 40 / LogL: -2053.035 / Time: 0h:0m:3s (0h:0m:5s left)
Iteration 50 / LogL: -2054.927 / Time: 0h:0m:4s (0h:0m:4s left)
Iteration 60 / LogL: -2068.888 / Time: 0h:0m:4s (0h:0m:3s left)
Iteration 70 / LogL: -2061.511 / Time: 0h:0m:5s (0h:0m:2s left)
Iteration 80 / LogL: -2061.570 / Time: 0h:0m:6s (0h:0m:2s left)
Iteration 90 / LogL: -2053.034 / Time: 0h:0m:7s (0h:0m:1s left)
Iteration 100 / LogL: -2053.034 / Time: 0h:0m:7s (0h:0m:0s left)
TREE SEARCH COMPLETED AFTER 106 ITERATIONS / Time: 0h:0m:8s

--------------------------------------------------------------------
|                    FINALIZING TREE SEARCH                        |
--------------------------------------------------------------------
Performs final model parameters optimization
Estimate model parameters (epsilon = 0.010)
1. Initial log-likelihood: -2053.031
Optimal log-likelihood: -2053.030
Rate parameters:  A-C: 5.84929  A-G: 10.03754  A-T: 1.02254  C-G: 2.38452  C-T: 12.26682  G-T: 1.00000
Base frequencies:  A: 0.278  C: 0.224  G: 0.229  T: 0.269
Gamma shape alpha: 0.165
Parameters optimization took 1 rounds (0.006 sec)
BEST SCORE FOUND : -2053.030
Total tree length: 0.374

Total number of iterations: 106
CPU time used for tree search: 67.241 sec (0h:1m:7s)
Wall-clock time used for tree search: 8.403 sec (0h:0m:8s)
Total CPU time used: 68.082 sec (0h:1m:8s)
Total wall-clock time used: 8.508 sec (0h:0m:8s)

Analysis results written to: 
  IQ-TREE report:                /workspace/IQTree_8_cores_JarvD5a_Results/exon_4591.iqtree
  Maximum-likelihood tree:       /workspace/IQTree_8_cores_JarvD5a_Results/exon_4591.treefile
  Likelihood distances:          /workspace/IQTree_8_cores_JarvD5a_Results/exon_4591.mldist
  Screen log file:               /workspace/IQTree_8_cores_JarvD5a_Results/exon_4591.log

Date and Time: Fri May 29 03:51:41 2026
