IQ-TREE version 3.1.2 for Linux x86 64-bit built May  7 2026
Developed by Bui Quang Minh, Thomas Wong, Nhan Ly-Trong, Huaiyan Ren
Contributed by Lam-Tung Nguyen, Dominik Schrempf, Chris Bielow,
Olga Chernomor, Michael Woodhams, Diep Thi Hoang, Heiko Schmidt

Host:    8084c4e79f09 (AVX512, FMA3, 1133 GB RAM)
Command: /workspace/iqtree-3.1.2-Linux/bin/iqtree3_intel -s /workspace/NeuralNJ/empirical/JarvD5a/exon_4228.fasta -st DNA -m GTR+G -T 8 -seed 2201 -pre /workspace/IQTree_8_cores_JarvD5a_Results/exon_4228 -quiet
Seed:    2201 (Using SPRNG - Scalable Parallel Random Number Generator)
Time:    Fri May 29 02:29:19 2026
Kernel:  AVX+FMA - 8 threads (384 CPU cores detected)

Reading alignment file /workspace/NeuralNJ/empirical/JarvD5a/exon_4228.fasta ... Fasta format detected
Reading fasta file: done in 0.000200033 secs using 14% CPU
Alignment most likely contains DNA/RNA sequences
Constructing alignment: done in 0.000491142 secs using 174.5% CPU
Alignment has 47 sequences with 354 columns, 164 distinct patterns
91 parsimony-informative, 57 singleton sites, 206 constant sites
       Gap/Ambiguity  Composition  p-value
Analyzing sequences: done in 1.28746e-05 secs using 23.3% CPU
   1  ACACH    6.21%    passed     98.74%
   2  ANAPL    7.91%    passed     94.43%
   3  APAVI    6.21%    passed     93.96%
   4  APTFO    6.21%    passed     99.91%
   5  BALRE    6.21%    passed     99.68%
   6  BUCRH    6.21%    passed     95.66%
   7  CALAN    6.21%    passed     98.81%
   8  CAPCA    6.21%    passed     99.16%
   9  CARCR    6.21%    passed     99.51%
  10  CATAU    6.21%    passed     99.51%
  11  CHAPE    9.04%    passed     88.07%
  12  CHAVO    6.21%    passed     98.63%
  13  CHLUN    6.21%    passed     95.70%
  14  COLLI    6.21%    passed     96.88%
  15  COLST    7.91%    passed     85.05%
  16  CORBR    6.21%    passed     97.46%
  17  CUCCA    6.21%    passed     96.06%
  18  EGRGA    6.21%    passed     99.18%
  19  EURHE    6.78%    passed     96.45%
  20  FALPE    6.21%    passed     99.45%
  21  FULGL    7.91%    passed     99.08%
  22  GALGA    0.00%    passed     59.19%
  23  GAVST    6.21%    passed     99.78%
  24  GEOFO    6.21%    passed     78.43%
  25  HALAL    6.78%    passed     95.68%
  26  HALLE    6.78%    passed     95.68%
  27  LEPDI    6.78%    passed     98.62%
  28  MANVI    7.91%    passed     81.09%
  29  MELGA    5.65%    passed     85.42%
  30  MELUN    7.34%    passed     95.80%
  31  MERNU    6.21%    passed     70.91%
  32  MESUN    6.78%    passed     97.75%
  33  NESNO    6.21%    passed     99.22%
  34  NIPNI    7.34%    passed     99.09%
  35  OPHHO    6.21%    passed     99.11%
  36  PELCR    6.21%    passed     99.83%
  37  PHACA    6.21%    passed     99.18%
  38  PHALE    6.21%    passed     93.79%
  39  PHORU    6.21%    passed     99.06%
  40  PICPU    6.21%    passed     99.71%
  41  PODCR    6.21%    passed     97.45%
  42  PTEGU   14.69%    passed     95.74%
  43  PYGAD    6.21%    passed     99.49%
  44  STRCA    7.91%    passed     98.54%
  45  TAUER    2.82%    passed     58.20%
  46  TINMA    5.65%    passed     78.09%
  47  TYTAL    6.21%    passed     97.82%
****  TOTAL    6.52%  0 sequences failed composition chi2 test (p-value<5%; df=3)
NOTE: HALLE is identical to HALAL but kept for subsequent analysis
Checking for duplicate sequences: done in 0.000121832 secs using 781.4% CPU

Create initial parsimony tree by phylogenetic likelihood library (PLL)... 0.001 seconds

NOTE: 1 MB RAM (0 GB) is required!
WARNING: Number of threads seems too high for short alignments. Use -T AUTO to determine best number of threads.
Estimate model parameters (epsilon = 0.100)
1. Initial log-likelihood: -2591.044
2. Current log-likelihood: -2451.320
3. Current log-likelihood: -2450.462
Optimal log-likelihood: -2450.458
Rate parameters:  A-C: 1.78878  A-G: 6.50446  A-T: 0.49584  C-G: 2.02598  C-T: 6.62700  G-T: 1.00000
Base frequencies:  A: 0.226  C: 0.277  G: 0.278  T: 0.219
Gamma shape alpha: 0.368
Parameters optimization took 3 rounds (0.051 sec)
Wrote distance file to... 
Computing ML distances based on estimated model parameters...
Calculating distance matrix: done in 0.000642061 secs using 785.9% CPU
Computing ML distances took 0.000694 sec (of wall-clock time) 0.005253 sec (of CPU time)
Setting up auxiliary I and S matrices: done in 0.000103951 secs using 975.5% CPU
Constructing RapidNJ tree: done in 0.00281882 secs using 705.4% CPU
Computing RapidNJ tree took 0.002971 sec (of wall-clock time) 0.025080 sec (of CPU time)
Log-likelihood of RapidNJ tree: -2465.279
--------------------------------------------------------------------
|             INITIALIZING CANDIDATE TREE SET                      |
--------------------------------------------------------------------
Generating 98 parsimony trees... 0.115 second
Computing log-likelihood of 98 initial trees ... 0.384 seconds
Current best score: -2438.404

Do NNI search on 20 best initial trees
Estimate model parameters (epsilon = 0.100)
BETTER TREE FOUND at iteration 1: -2435.506
Iteration 10 / LogL: -2439.818 / Time: 0h:0m:1s
Estimate model parameters (epsilon = 0.100)
BETTER TREE FOUND at iteration 18: -2434.898
Iteration 20 / LogL: -2445.013 / Time: 0h:0m:2s
Finish initializing candidate tree set (20)
Current best tree score: -2434.898 / CPU time: 2.520
Number of iterations: 20
--------------------------------------------------------------------
|               OPTIMIZING CANDIDATE TREE SET                      |
--------------------------------------------------------------------
Estimate model parameters (epsilon = 0.100)
BETTER TREE FOUND at iteration 22: -2431.254
Estimate model parameters (epsilon = 0.100)
BETTER TREE FOUND at iteration 23: -2430.272
Estimate model parameters (epsilon = 0.100)
BETTER TREE FOUND at iteration 24: -2429.574
Estimate model parameters (epsilon = 0.100)
BETTER TREE FOUND at iteration 29: -2429.081
Iteration 30 / LogL: -2429.576 / Time: 0h:0m:4s (0h:0m:13s left)
Estimate model parameters (epsilon = 0.100)
BETTER TREE FOUND at iteration 36: -2428.802
Estimate model parameters (epsilon = 0.100)
BETTER TREE FOUND at iteration 38: -2427.747
Iteration 40 / LogL: -2431.231 / Time: 0h:0m:5s (0h:0m:13s left)
Iteration 50 / LogL: -2432.344 / Time: 0h:0m:6s (0h:0m:12s left)
BETTER TREE FOUND at iteration 58: -2427.747
Iteration 60 / LogL: -2432.815 / Time: 0h:0m:8s (0h:0m:14s left)
Iteration 70 / LogL: -2431.783 / Time: 0h:0m:9s (0h:0m:12s left)
Iteration 80 / LogL: -2433.504 / Time: 0h:0m:11s (0h:0m:11s left)
Estimate model parameters (epsilon = 0.100)
BETTER TREE FOUND at iteration 83: -2427.691
Estimate model parameters (epsilon = 0.100)
BETTER TREE FOUND at iteration 89: -2427.533
Iteration 90 / LogL: -2433.337 / Time: 0h:0m:13s (0h:0m:14s left)
Estimate model parameters (epsilon = 0.100)
BETTER TREE FOUND at iteration 97: -2427.446
Iteration 100 / LogL: -2435.507 / Time: 0h:0m:14s (0h:0m:14s left)
BETTER TREE FOUND at iteration 109: -2427.446
Iteration 110 / LogL: -2431.241 / Time: 0h:0m:16s (0h:0m:14s left)
Iteration 120 / LogL: -2463.644 / Time: 0h:0m:17s (0h:0m:13s left)
BETTER TREE FOUND at iteration 121: -2427.446
BETTER TREE FOUND at iteration 129: -2427.445
Iteration 130 / LogL: -2428.545 / Time: 0h:0m:18s (0h:0m:14s left)
Iteration 140 / LogL: -2427.446 / Time: 0h:0m:19s (0h:0m:12s left)
Iteration 150 / LogL: -2427.446 / Time: 0h:0m:21s (0h:0m:11s left)
Estimate model parameters (epsilon = 0.100)
BETTER TREE FOUND at iteration 156: -2427.270
Iteration 160 / LogL: -2427.270 / Time: 0h:0m:22s (0h:0m:13s left)
Iteration 170 / LogL: -2429.301 / Time: 0h:0m:23s (0h:0m:11s left)
Iteration 180 / LogL: -2430.011 / Time: 0h:0m:24s (0h:0m:10s left)
Iteration 190 / LogL: -2428.281 / Time: 0h:0m:25s (0h:0m:8s left)
Iteration 200 / LogL: -2433.057 / Time: 0h:0m:26s (0h:0m:7s left)
Iteration 210 / LogL: -2429.607 / Time: 0h:0m:28s (0h:0m:6s left)
UPDATE BEST LOG-LIKELIHOOD: -2427.269
Iteration 220 / LogL: -2428.079 / Time: 0h:0m:29s (0h:0m:4s left)
Iteration 230 / LogL: -2428.892 / Time: 0h:0m:30s (0h:0m:3s left)
Iteration 240 / LogL: -2427.357 / Time: 0h:0m:31s (0h:0m:2s left)
Iteration 250 / LogL: -2458.889 / Time: 0h:0m:33s (0h:0m:0s left)
TREE SEARCH COMPLETED AFTER 257 ITERATIONS / Time: 0h:0m:33s

--------------------------------------------------------------------
|                    FINALIZING TREE SEARCH                        |
--------------------------------------------------------------------
Performs final model parameters optimization
Estimate model parameters (epsilon = 0.010)
1. Initial log-likelihood: -2427.269
Optimal log-likelihood: -2427.269
Rate parameters:  A-C: 1.60618  A-G: 6.12809  A-T: 0.29022  C-G: 1.99541  C-T: 6.33058  G-T: 1.00000
Base frequencies:  A: 0.226  C: 0.277  G: 0.278  T: 0.219
Gamma shape alpha: 0.368
Parameters optimization took 1 rounds (0.008 sec)
BEST SCORE FOUND : -2427.269
Total tree length: 1.266

Total number of iterations: 257
CPU time used for tree search: 269.328 sec (0h:4m:29s)
Wall-clock time used for tree search: 33.728 sec (0h:0m:33s)
Total CPU time used: 270.022 sec (0h:4m:30s)
Total wall-clock time used: 33.813 sec (0h:0m:33s)

Analysis results written to: 
  IQ-TREE report:                /workspace/IQTree_8_cores_JarvD5a_Results/exon_4228.iqtree
  Maximum-likelihood tree:       /workspace/IQTree_8_cores_JarvD5a_Results/exon_4228.treefile
  Likelihood distances:          /workspace/IQTree_8_cores_JarvD5a_Results/exon_4228.mldist
  Screen log file:               /workspace/IQTree_8_cores_JarvD5a_Results/exon_4228.log

Date and Time: Fri May 29 02:29:53 2026
