IQ-TREE version 3.1.2 for Linux x86 64-bit built May  7 2026
Developed by Bui Quang Minh, Thomas Wong, Nhan Ly-Trong, Huaiyan Ren
Contributed by Lam-Tung Nguyen, Dominik Schrempf, Chris Bielow,
Olga Chernomor, Michael Woodhams, Diep Thi Hoang, Heiko Schmidt

Host:    8084c4e79f09 (AVX512, FMA3, 1133 GB RAM)
Command: /workspace/iqtree-3.1.2-Linux/bin/iqtree3_intel -s /workspace/NeuralNJ/empirical/JarvD5a/exon_9496.fasta -st DNA -m GTR+G -T 8 -seed 2201 -pre /workspace/IQTree_8_cores_JarvD5a_Results/exon_9496 -quiet
Seed:    2201 (Using SPRNG - Scalable Parallel Random Number Generator)
Time:    Sat May 30 00:32:21 2026
Kernel:  AVX+FMA - 8 threads (384 CPU cores detected)

Reading alignment file /workspace/NeuralNJ/empirical/JarvD5a/exon_9496.fasta ... Fasta format detected
Reading fasta file: done in 0.000554085 secs using 27.25% CPU
Alignment most likely contains DNA/RNA sequences
Constructing alignment: done in 0.00135708 secs using 527.5% CPU
WARNING: 1 sites contain only gaps or ambiguous characters.
Alignment has 47 sequences with 1034 columns, 227 distinct patterns
98 parsimony-informative, 79 singleton sites, 857 constant sites
       Gap/Ambiguity  Composition  p-value
Analyzing sequences: done in 1.19209e-05 secs using 100.7% CPU
   1  ACACH    3.09%    passed     98.64%
   2  ANAPL    6.38%    passed     99.03%
   3  APAVI    7.16%    passed     98.03%
   4  APTFO    7.74%    passed     99.93%
   5  BALRE    8.70%    passed     98.32%
   6  BUCRH    5.61%    passed     98.66%
   7  CALAN    6.19%    passed     90.72%
   8  CAPCA    6.58%    passed     99.61%
   9  CARCR   43.52%    passed     94.51%
  10  CHAPE    7.93%    passed     99.52%
  11  CHAVO    7.74%    passed     99.96%
  12  CHLUN    8.51%    passed     99.74%
  13  COLLI    6.58%    passed     99.19%
  14  COLST    7.74%    passed     98.17%
  15  CORBR    6.77%    passed     96.58%
  16  CUCCA    7.35%    passed     98.11%
  17  EGRGA    7.74%    passed     99.64%
  18  EURHE    6.58%    passed     99.45%
  19  FALPE    6.58%    passed     99.53%
  20  FULGL   26.89%    passed     97.01%
  21  GALGA    7.74%    passed     98.93%
  22  GAVST   41.97%    passed     89.37%
  23  GEOFO    7.35%    passed     99.28%
  24  HALAL   41.97%    passed     89.42%
  25  HALLE    8.51%    passed     99.70%
  26  LEPDI    6.58%    passed     96.54%
  27  MANVI    6.77%    passed     98.50%
  28  MELGA    9.86%    passed     94.84%
  29  MELUN    6.96%    passed     95.99%
  30  MERNU   41.97%    passed     85.11%
  31  MESUN    7.74%    passed     99.71%
  32  NESNO    6.96%    passed     93.05%
  33  NIPNI    7.74%    passed     99.99%
  34  OPHHO   10.44%    passed     96.67%
  35  PELCR   46.03%    passed     85.09%
  36  PHACA   21.57%    passed     98.54%
  37  PHALE    6.58%    passed     99.07%
  38  PHORU   43.33%    passed     88.68%
  39  PICPU    3.48%    passed     99.12%
  40  PODCR   23.40%    passed     96.40%
  41  PTEGU   23.40%    passed     99.23%
  42  PYGAD    7.74%    passed     99.71%
  43  STRCA    7.16%    passed     98.10%
  44  TAEGU    3.09%    passed     94.08%
  45  TAUER    6.00%    passed     94.33%
  46  TINMA   31.14%    passed     97.44%
  47  TYTAL   23.40%    passed     98.81%
****  TOTAL   13.92%  0 sequences failed composition chi2 test (p-value<5%; df=3)
Checking for duplicate sequences: done in 0.000124931 secs using 819.7% CPU

Create initial parsimony tree by phylogenetic likelihood library (PLL)... 0.001 seconds

NOTE: 1 MB RAM (0 GB) is required!
WARNING: Number of threads seems too high for short alignments. Use -T AUTO to determine best number of threads.
Estimate model parameters (epsilon = 0.100)
1. Initial log-likelihood: -4097.331
2. Current log-likelihood: -3869.847
3. Current log-likelihood: -3856.035
4. Current log-likelihood: -3852.530
5. Current log-likelihood: -3851.748
Optimal log-likelihood: -3851.648
Rate parameters:  A-C: 0.75883  A-G: 1.07129  A-T: 0.59013  C-G: 0.45531  C-T: 2.41766  G-T: 1.00000
Base frequencies:  A: 0.311  C: 0.207  G: 0.243  T: 0.239
Gamma shape alpha: 0.117
Parameters optimization took 5 rounds (0.092 sec)
Wrote distance file to... 
Computing ML distances based on estimated model parameters...
Calculating distance matrix: done in 0.000895023 secs using 804.1% CPU
Computing ML distances took 0.000949 sec (of wall-clock time) 0.007589 sec (of CPU time)
Setting up auxiliary I and S matrices: done in 9.08375e-05 secs using 1124% CPU
Constructing RapidNJ tree: done in 0.00259805 secs using 770.2% CPU
Computing RapidNJ tree took 0.002723 sec (of wall-clock time) 0.025004 sec (of CPU time)
Log-likelihood of RapidNJ tree: -3897.935
--------------------------------------------------------------------
|             INITIALIZING CANDIDATE TREE SET                      |
--------------------------------------------------------------------
Generating 98 parsimony trees... 0.145 second
Computing log-likelihood of 98 initial trees ... 0.375 seconds
Current best score: -3851.648

Do NNI search on 20 best initial trees
Estimate model parameters (epsilon = 0.100)
BETTER TREE FOUND at iteration 1: -3847.798
Estimate model parameters (epsilon = 0.100)
BETTER TREE FOUND at iteration 2: -3842.005
Estimate model parameters (epsilon = 0.100)
BETTER TREE FOUND at iteration 3: -3835.293
Iteration 10 / LogL: -3848.461 / Time: 0h:0m:1s
Iteration 20 / LogL: -3844.111 / Time: 0h:0m:2s
Finish initializing candidate tree set (20)
Current best tree score: -3835.293 / CPU time: 2.510
Number of iterations: 20
--------------------------------------------------------------------
|               OPTIMIZING CANDIDATE TREE SET                      |
--------------------------------------------------------------------
BETTER TREE FOUND at iteration 24: -3835.291
Iteration 30 / LogL: -3837.184 / Time: 0h:0m:3s (0h:0m:11s left)
Estimate model parameters (epsilon = 0.100)
BETTER TREE FOUND at iteration 38: -3832.933
Iteration 40 / LogL: -3835.540 / Time: 0h:0m:4s (0h:0m:11s left)
Estimate model parameters (epsilon = 0.100)
BETTER TREE FOUND at iteration 43: -3832.918
Estimate model parameters (epsilon = 0.100)
BETTER TREE FOUND at iteration 48: -3832.824
Iteration 50 / LogL: -3835.327 / Time: 0h:0m:5s (0h:0m:11s left)
BETTER TREE FOUND at iteration 54: -3832.822
Estimate model parameters (epsilon = 0.100)
BETTER TREE FOUND at iteration 56: -3832.699
BETTER TREE FOUND at iteration 57: -3832.698
Iteration 60 / LogL: -3832.935 / Time: 0h:0m:6s (0h:0m:10s left)
BETTER TREE FOUND at iteration 68: -3832.698
Iteration 70 / LogL: -3832.700 / Time: 0h:0m:7s (0h:0m:10s left)
Iteration 80 / LogL: -3832.698 / Time: 0h:0m:8s (0h:0m:9s left)
Iteration 90 / LogL: -3834.778 / Time: 0h:0m:9s (0h:0m:8s left)
Iteration 100 / LogL: -3835.120 / Time: 0h:0m:10s (0h:0m:6s left)
Iteration 110 / LogL: -3834.938 / Time: 0h:0m:11s (0h:0m:5s left)
Iteration 120 / LogL: -3832.936 / Time: 0h:0m:11s (0h:0m:4s left)
Iteration 130 / LogL: -3832.838 / Time: 0h:0m:12s (0h:0m:3s left)
Iteration 140 / LogL: -3835.886 / Time: 0h:0m:13s (0h:0m:2s left)
Iteration 150 / LogL: -3835.445 / Time: 0h:0m:14s (0h:0m:1s left)
Iteration 160 / LogL: -3832.844 / Time: 0h:0m:15s (0h:0m:0s left)
TREE SEARCH COMPLETED AFTER 169 ITERATIONS / Time: 0h:0m:16s

--------------------------------------------------------------------
|                    FINALIZING TREE SEARCH                        |
--------------------------------------------------------------------
Performs final model parameters optimization
Estimate model parameters (epsilon = 0.010)
1. Initial log-likelihood: -3832.698
Optimal log-likelihood: -3832.697
Rate parameters:  A-C: 0.76965  A-G: 1.04552  A-T: 0.51533  C-G: 0.39554  C-T: 2.63175  G-T: 1.00000
Base frequencies:  A: 0.311  C: 0.207  G: 0.243  T: 0.239
Gamma shape alpha: 0.118
Parameters optimization took 1 rounds (0.008 sec)
BEST SCORE FOUND : -3832.697
Total tree length: 0.931

Total number of iterations: 169
CPU time used for tree search: 131.680 sec (0h:2m:11s)
Wall-clock time used for tree search: 16.476 sec (0h:0m:16s)
Total CPU time used: 132.760 sec (0h:2m:12s)
Total wall-clock time used: 16.610 sec (0h:0m:16s)

Analysis results written to: 
  IQ-TREE report:                /workspace/IQTree_8_cores_JarvD5a_Results/exon_9496.iqtree
  Maximum-likelihood tree:       /workspace/IQTree_8_cores_JarvD5a_Results/exon_9496.treefile
  Likelihood distances:          /workspace/IQTree_8_cores_JarvD5a_Results/exon_9496.mldist
  Screen log file:               /workspace/IQTree_8_cores_JarvD5a_Results/exon_9496.log

Date and Time: Sat May 30 00:32:38 2026
