IQ-TREE version 3.1.2 for Linux x86 64-bit built May  7 2026
Developed by Bui Quang Minh, Thomas Wong, Nhan Ly-Trong, Huaiyan Ren
Contributed by Lam-Tung Nguyen, Dominik Schrempf, Chris Bielow,
Olga Chernomor, Michael Woodhams, Diep Thi Hoang, Heiko Schmidt

Host:    8084c4e79f09 (AVX512, FMA3, 1133 GB RAM)
Command: /workspace/iqtree-3.1.2-Linux/bin/iqtree3_intel -s /workspace/NeuralNJ/empirical/JarvD5a/exon_11162.fasta -st DNA -m GTR+G -T 8 -seed 2201 -pre /workspace/IQTree_8_cores_JarvD5a_Results/exon_11162 -quiet
Seed:    2201 (Using SPRNG - Scalable Parallel Random Number Generator)
Time:    Wed May 27 17:22:20 2026
Kernel:  AVX+FMA - 8 threads (384 CPU cores detected)

Reading alignment file /workspace/NeuralNJ/empirical/JarvD5a/exon_11162.fasta ... Fasta format detected
Reading fasta file: done in 0.00018096 secs using 94.5% CPU
Alignment most likely contains DNA/RNA sequences
Constructing alignment: done in 0.000448942 secs using 373.3% CPU
Alignment has 42 sequences with 322 columns, 123 distinct patterns
50 parsimony-informative, 36 singleton sites, 236 constant sites
       Gap/Ambiguity  Composition  p-value
Analyzing sequences: done in 1.00136e-05 secs using 99.86% CPU
   1  ACACH   23.60%    passed     94.98%
   2  ANAPL   22.98%    passed     99.64%
   3  APTFO    8.07%    passed     83.37%
   4  BALRE   23.60%    passed     97.41%
   5  BUCRH   24.84%    passed     81.89%
   6  CALAN   23.60%    passed     96.57%
   7  CAPCA   23.60%    passed     91.49%
   8  CARCR   23.60%    passed     99.07%
   9  CATAU   23.60%    passed     99.86%
  10  CHAPE   23.60%    passed     81.54%
  11  CHAVO   23.60%    passed     98.61%
  12  CHLUN   23.60%    passed     96.60%
  13  COLLI    3.73%    passed     85.03%
  14  CORBR   22.98%    passed     94.96%
  15  CUCCA    8.70%    passed     91.08%
  16  EGRGA    1.24%    passed     91.76%
  17  EURHE   24.22%    passed     98.26%
  18  FALPE   14.29%    passed     91.93%
  19  FULGL   23.60%    passed     99.29%
  20  GALGA    1.24%    passed     84.98%
  21  GAVST   23.60%    passed     98.61%
  22  GEOFO   22.98%    passed     98.02%
  23  HALAL   23.60%    passed     99.77%
  24  HALLE    1.24%    passed     78.23%
  25  LEPDI   23.60%    passed     97.41%
  26  MANVI   23.60%    passed     93.65%
  27  MELGA    2.48%    passed     84.56%
  28  MELUN    1.86%    passed     82.02%
  29  MERNU   24.22%    passed     99.47%
  30  NESNO   25.47%    passed     99.62%
  31  NIPNI   23.60%    passed     98.08%
  32  OPHHO   23.60%    passed     87.38%
  33  PELCR   26.09%    passed     89.96%
  34  PHALE   23.60%    passed     99.97%
  35  PICPU    7.76%    passed     90.00%
  36  PTEGU    1.24%    passed     90.08%
  37  PYGAD   23.60%    passed     97.26%
  38  STRCA   23.60%    passed     91.91%
  39  TAEGU    1.86%    passed     92.41%
  40  TAUER   23.60%    passed     99.29%
  41  TINMA   23.60%    passed     96.60%
  42  TYTAL   23.60%    passed     95.68%
****  TOTAL   18.26%  0 sequences failed composition chi2 test (p-value<5%; df=3)
Checking for duplicate sequences: done in 0.000103951 secs using 801.3% CPU

Create initial parsimony tree by phylogenetic likelihood library (PLL)... 0.001 seconds

NOTE: 0 MB RAM (0 GB) is required!
WARNING: Number of threads seems too high for short alignments. Use -T AUTO to determine best number of threads.
Estimate model parameters (epsilon = 0.100)
1. Initial log-likelihood: -1437.865
2. Current log-likelihood: -1395.179
3. Current log-likelihood: -1395.061
Optimal log-likelihood: -1395.055
Rate parameters:  A-C: 1.06031  A-G: 2.17944  A-T: 0.68803  C-G: 0.72866  C-T: 3.65570  G-T: 1.00000
Base frequencies:  A: 0.415  C: 0.193  G: 0.247  T: 0.145
Gamma shape alpha: 0.325
Parameters optimization took 3 rounds (0.035 sec)
Wrote distance file to... 
Computing ML distances based on estimated model parameters...
Calculating distance matrix: done in 0.00071907 secs using 811% CPU
Computing ML distances took 0.000757 sec (of wall-clock time) 0.006001 sec (of CPU time)
Setting up auxiliary I and S matrices: done in 0.000104904 secs using 1793% CPU
Constructing RapidNJ tree: done in 0.00236416 secs using 850% CPU
Computing RapidNJ tree took 0.002502 sec (of wall-clock time) 0.022403 sec (of CPU time)
Log-likelihood of RapidNJ tree: -1395.381
--------------------------------------------------------------------
|             INITIALIZING CANDIDATE TREE SET                      |
--------------------------------------------------------------------
Generating 98 parsimony trees... 0.078 second
Computing log-likelihood of 98 initial trees ... 0.295 seconds
Current best score: -1383.441

Do NNI search on 20 best initial trees
Estimate model parameters (epsilon = 0.100)
BETTER TREE FOUND at iteration 1: -1381.943
Iteration 10 / LogL: -1389.511 / Time: 0h:0m:0s
Iteration 20 / LogL: -1391.402 / Time: 0h:0m:1s
Finish initializing candidate tree set (20)
Current best tree score: -1381.943 / CPU time: 1.530
Number of iterations: 20
--------------------------------------------------------------------
|               OPTIMIZING CANDIDATE TREE SET                      |
--------------------------------------------------------------------
Estimate model parameters (epsilon = 0.100)
BETTER TREE FOUND at iteration 28: -1380.297
Iteration 30 / LogL: -1384.049 / Time: 0h:0m:2s (0h:0m:7s left)
Iteration 40 / LogL: -1388.502 / Time: 0h:0m:3s (0h:0m:6s left)
Iteration 50 / LogL: -1380.301 / Time: 0h:0m:3s (0h:0m:5s left)
Iteration 60 / LogL: -1380.298 / Time: 0h:0m:4s (0h:0m:4s left)
Iteration 70 / LogL: -1380.300 / Time: 0h:0m:5s (0h:0m:4s left)
Iteration 80 / LogL: -1380.297 / Time: 0h:0m:5s (0h:0m:3s left)
Estimate model parameters (epsilon = 0.100)
BETTER TREE FOUND at iteration 85: -1380.019
Iteration 90 / LogL: -1381.354 / Time: 0h:0m:6s (0h:0m:7s left)
Iteration 100 / LogL: -1380.359 / Time: 0h:0m:7s (0h:0m:6s left)
Iteration 110 / LogL: -1384.926 / Time: 0h:0m:7s (0h:0m:5s left)
Iteration 120 / LogL: -1380.019 / Time: 0h:0m:8s (0h:0m:4s left)
Iteration 130 / LogL: -1380.030 / Time: 0h:0m:9s (0h:0m:4s left)
Iteration 140 / LogL: -1380.020 / Time: 0h:0m:10s (0h:0m:3s left)
Iteration 150 / LogL: -1380.020 / Time: 0h:0m:10s (0h:0m:2s left)
BETTER TREE FOUND at iteration 155: -1380.019
Iteration 160 / LogL: -1380.020 / Time: 0h:0m:11s (0h:0m:6s left)
Iteration 170 / LogL: -1380.020 / Time: 0h:0m:12s (0h:0m:6s left)
Iteration 180 / LogL: -1383.992 / Time: 0h:0m:13s (0h:0m:5s left)
Iteration 190 / LogL: -1390.404 / Time: 0h:0m:13s (0h:0m:4s left)
Iteration 200 / LogL: -1382.661 / Time: 0h:0m:14s (0h:0m:4s left)
Iteration 210 / LogL: -1388.990 / Time: 0h:0m:15s (0h:0m:3s left)
Iteration 220 / LogL: -1381.353 / Time: 0h:0m:16s (0h:0m:2s left)
BETTER TREE FOUND at iteration 227: -1380.018
Iteration 230 / LogL: -1380.031 / Time: 0h:0m:16s (0h:0m:7s left)
Iteration 240 / LogL: -1380.021 / Time: 0h:0m:17s (0h:0m:6s left)
Iteration 250 / LogL: -1380.019 / Time: 0h:0m:18s (0h:0m:5s left)
Iteration 260 / LogL: -1403.254 / Time: 0h:0m:19s (0h:0m:4s left)
Iteration 270 / LogL: -1390.405 / Time: 0h:0m:20s (0h:0m:4s left)
Iteration 280 / LogL: -1393.596 / Time: 0h:0m:20s (0h:0m:3s left)
Iteration 290 / LogL: -1397.560 / Time: 0h:0m:21s (0h:0m:2s left)
Iteration 300 / LogL: -1380.020 / Time: 0h:0m:22s (0h:0m:2s left)
Iteration 310 / LogL: -1382.103 / Time: 0h:0m:23s (0h:0m:1s left)
BETTER TREE FOUND at iteration 315: -1380.018
Iteration 320 / LogL: -1381.353 / Time: 0h:0m:24s (0h:0m:7s left)
Iteration 330 / LogL: -1380.019 / Time: 0h:0m:24s (0h:0m:6s left)
Iteration 340 / LogL: -1380.030 / Time: 0h:0m:25s (0h:0m:5s left)
Iteration 350 / LogL: -1380.019 / Time: 0h:0m:26s (0h:0m:4s left)
Iteration 360 / LogL: -1380.019 / Time: 0h:0m:27s (0h:0m:4s left)
Iteration 370 / LogL: -1382.296 / Time: 0h:0m:27s (0h:0m:3s left)
Iteration 380 / LogL: -1381.353 / Time: 0h:0m:28s (0h:0m:2s left)
Iteration 390 / LogL: -1380.031 / Time: 0h:0m:29s (0h:0m:1s left)
Iteration 400 / LogL: -1380.019 / Time: 0h:0m:30s (0h:0m:1s left)
Iteration 410 / LogL: -1388.990 / Time: 0h:0m:30s (0h:0m:0s left)
TREE SEARCH COMPLETED AFTER 416 ITERATIONS / Time: 0h:0m:31s

--------------------------------------------------------------------
|                    FINALIZING TREE SEARCH                        |
--------------------------------------------------------------------
Performs final model parameters optimization
Estimate model parameters (epsilon = 0.010)
1. Initial log-likelihood: -1380.018
Optimal log-likelihood: -1380.018
Rate parameters:  A-C: 0.97466  A-G: 2.22689  A-T: 0.57785  C-G: 0.65318  C-T: 3.72694  G-T: 1.00000
Base frequencies:  A: 0.415  C: 0.193  G: 0.247  T: 0.145
Gamma shape alpha: 0.327
Parameters optimization took 1 rounds (0.006 sec)
BEST SCORE FOUND : -1380.018
Total tree length: 0.671

Total number of iterations: 416
CPU time used for tree search: 249.021 sec (0h:4m:9s)
Wall-clock time used for tree search: 31.146 sec (0h:0m:31s)
Total CPU time used: 249.515 sec (0h:4m:9s)
Total wall-clock time used: 31.207 sec (0h:0m:31s)

Analysis results written to: 
  IQ-TREE report:                /workspace/IQTree_8_cores_JarvD5a_Results/exon_11162.iqtree
  Maximum-likelihood tree:       /workspace/IQTree_8_cores_JarvD5a_Results/exon_11162.treefile
  Likelihood distances:          /workspace/IQTree_8_cores_JarvD5a_Results/exon_11162.mldist
  Screen log file:               /workspace/IQTree_8_cores_JarvD5a_Results/exon_11162.log

Date and Time: Wed May 27 17:22:51 2026
