IQ-TREE version 3.1.2 for Linux x86 64-bit built May  7 2026
Developed by Bui Quang Minh, Thomas Wong, Nhan Ly-Trong, Huaiyan Ren
Contributed by Lam-Tung Nguyen, Dominik Schrempf, Chris Bielow,
Olga Chernomor, Michael Woodhams, Diep Thi Hoang, Heiko Schmidt

Host:    8084c4e79f09 (AVX512, FMA3, 1133 GB RAM)
Command: /workspace/iqtree-3.1.2-Linux/bin/iqtree3_intel -s /workspace/NeuralNJ/empirical/JarvD5a/exon_9898.fasta -st DNA -m GTR+G -T 8 -seed 2201 -pre /workspace/IQTree_8_cores_JarvD5a_Results/exon_9898 -quiet
Seed:    2201 (Using SPRNG - Scalable Parallel Random Number Generator)
Time:    Sat May 30 03:07:20 2026
Kernel:  AVX+FMA - 8 threads (384 CPU cores detected)

Reading alignment file /workspace/NeuralNJ/empirical/JarvD5a/exon_9898.fasta ... Fasta format detected
Reading fasta file: done in 0.000588894 secs using 12.23% CPU
Alignment most likely contains DNA/RNA sequences
Constructing alignment: done in 0.00151205 secs using 683.6% CPU
Alignment has 48 sequences with 1062 columns, 608 distinct patterns
342 parsimony-informative, 240 singleton sites, 480 constant sites
       Gap/Ambiguity  Composition  p-value
Analyzing sequences: done in 2.81334e-05 secs using 309.2% CPU
   1  ACACH    0.38%    passed     68.81%
   2  ANAPL    2.64%    passed     97.73%
   3  APAVI    1.13%    passed     98.64%
   4  APTFO    0.56%    passed     99.89%
   5  BALRE    0.38%    passed     99.91%
   6  BUCRH    1.13%    passed     99.09%
   7  CALAN    0.38%    passed     65.27%
   8  CAPCA    0.75%    passed     96.80%
   9  CARCR    0.38%    passed     99.97%
  10  CATAU    0.38%    passed     99.88%
  11  CHAPE    0.38%    passed     97.97%
  12  CHAVO    0.56%    passed     99.40%
  13  CHLUN    0.38%    passed     99.36%
  14  COLLI    3.77%    passed     98.93%
  15  COLST    0.75%    passed     87.73%
  16  CORBR    0.56%    passed     91.25%
  17  CUCCA    0.38%    passed     93.54%
  18  EGRGA    0.56%    passed     96.62%
  19  EURHE    6.78%    passed     78.20%
  20  FALPE    0.38%    passed     98.47%
  21  FULGL   33.33%    passed     84.84%
  22  GALGA    0.56%    passed     68.48%
  23  GAVST    0.38%    passed     99.31%
  24  GEOFO    0.56%    passed     86.80%
  25  HALAL    0.56%    passed     98.91%
  26  HALLE    0.56%    passed     98.78%
  27  LEPDI    0.56%    passed     99.12%
  28  MANVI    0.38%    passed     91.10%
  29  MELGA    0.56%    passed     93.02%
  30  MELUN    0.38%    passed     87.24%
  31  MERNU   15.07%    passed     83.45%
  32  MESUN    0.38%    passed     97.05%
  33  NESNO    2.26%    passed     73.94%
  34  NIPNI    1.51%    passed     99.19%
  35  OPHHO    0.38%    passed     99.14%
  36  PELCR    1.88%    passed     96.92%
  37  PHACA    0.38%    passed     99.59%
  38  PHALE    0.38%    passed     96.90%
  39  PHORU    0.38%    passed     98.83%
  40  PICPU    2.82%    passed     96.55%
  41  PODCR   35.78%    passed     99.32%
  42  PTEGU   45.20%    passed     91.86%
  43  PYGAD    0.56%    passed     98.98%
  44  STRCA    1.69%    passed     93.98%
  45  TAEGU    0.56%    passed     97.70%
  46  TAUER    1.32%    passed     98.81%
  47  TINMA    0.75%    passed      9.91%
  48  TYTAL    0.56%    passed     90.98%
****  TOTAL    3.59%  0 sequences failed composition chi2 test (p-value<5%; df=3)
Checking for duplicate sequences: done in 0.000152111 secs using 821.8% CPU

Create initial parsimony tree by phylogenetic likelihood library (PLL)... 0.003 seconds

NOTE: 3 MB RAM (0 GB) is required!
WARNING: Number of threads seems too high for short alignments. Use -T AUTO to determine best number of threads.
Estimate model parameters (epsilon = 0.100)
1. Initial log-likelihood: -10202.430
2. Current log-likelihood: -9948.255
3. Current log-likelihood: -9770.348
4. Current log-likelihood: -9766.366
Optimal log-likelihood: -9766.332
Rate parameters:  A-C: 1.33076  A-G: 4.95603  A-T: 0.60954  C-G: 1.71194  C-T: 3.16494  G-T: 1.00000
Base frequencies:  A: 0.310  C: 0.222  G: 0.199  T: 0.270
Gamma shape alpha: 0.543
Parameters optimization took 4 rounds (0.120 sec)
Wrote distance file to... 
Computing ML distances based on estimated model parameters...
Calculating distance matrix: done in 0.00107813 secs using 808.3% CPU
Computing ML distances took 0.001152 sec (of wall-clock time) 0.009095 sec (of CPU time)
Setting up auxiliary I and S matrices: done in 0.000109911 secs using 1092% CPU
Constructing RapidNJ tree: done in 0.00267911 secs using 794% CPU
Computing RapidNJ tree took 0.002839 sec (of wall-clock time) 0.026072 sec (of CPU time)
Log-likelihood of RapidNJ tree: -9790.095
--------------------------------------------------------------------
|             INITIALIZING CANDIDATE TREE SET                      |
--------------------------------------------------------------------
Generating 98 parsimony trees... 0.264 second
Computing log-likelihood of 98 initial trees ... 0.502 seconds
Current best score: -9730.154

Do NNI search on 20 best initial trees
Estimate model parameters (epsilon = 0.100)
BETTER TREE FOUND at iteration 1: -9727.852
Iteration 10 / LogL: -9741.099 / Time: 0h:0m:1s
Iteration 20 / LogL: -9732.115 / Time: 0h:0m:2s
Finish initializing candidate tree set (20)
Current best tree score: -9727.852 / CPU time: 2.662
Number of iterations: 20
--------------------------------------------------------------------
|               OPTIMIZING CANDIDATE TREE SET                      |
--------------------------------------------------------------------
Estimate model parameters (epsilon = 0.100)
BETTER TREE FOUND at iteration 22: -9718.546
UPDATE BEST LOG-LIKELIHOOD: -9718.546
Iteration 30 / LogL: -9727.882 / Time: 0h:0m:3s (0h:0m:12s left)
Iteration 40 / LogL: -9729.507 / Time: 0h:0m:5s (0h:0m:11s left)
Iteration 50 / LogL: -9731.434 / Time: 0h:0m:6s (0h:0m:9s left)
Estimate model parameters (epsilon = 0.100)
BETTER TREE FOUND at iteration 59: -9718.480
Iteration 60 / LogL: -9725.307 / Time: 0h:0m:7s (0h:0m:13s left)
Estimate model parameters (epsilon = 0.100)
BETTER TREE FOUND at iteration 66: -9718.328
Estimate model parameters (epsilon = 0.100)
BETTER TREE FOUND at iteration 67: -9717.983
Estimate model parameters (epsilon = 0.100)
BETTER TREE FOUND at iteration 69: -9716.683
Iteration 70 / LogL: -9718.881 / Time: 0h:0m:9s (0h:0m:12s left)
Iteration 80 / LogL: -9720.901 / Time: 0h:0m:10s (0h:0m:11s left)
Estimate model parameters (epsilon = 0.100)
BETTER TREE FOUND at iteration 88: -9716.432
BETTER TREE FOUND at iteration 90: -9716.430
Iteration 90 / LogL: -9716.430 / Time: 0h:0m:11s (0h:0m:12s left)
BETTER TREE FOUND at iteration 94: -9716.429
Iteration 100 / LogL: -9719.513 / Time: 0h:0m:12s (0h:0m:12s left)
Iteration 110 / LogL: -9717.834 / Time: 0h:0m:13s (0h:0m:10s left)
Iteration 120 / LogL: -9718.808 / Time: 0h:0m:14s (0h:0m:9s left)
Iteration 130 / LogL: -9716.576 / Time: 0h:0m:16s (0h:0m:8s left)
Iteration 140 / LogL: -9721.720 / Time: 0h:0m:17s (0h:0m:6s left)
Iteration 150 / LogL: -9720.649 / Time: 0h:0m:18s (0h:0m:5s left)
Iteration 160 / LogL: -9722.150 / Time: 0h:0m:19s (0h:0m:4s left)
Iteration 170 / LogL: -9726.250 / Time: 0h:0m:21s (0h:0m:2s left)
Iteration 180 / LogL: -9719.608 / Time: 0h:0m:22s (0h:0m:1s left)
Iteration 190 / LogL: -9716.577 / Time: 0h:0m:23s (0h:0m:0s left)
TREE SEARCH COMPLETED AFTER 195 ITERATIONS / Time: 0h:0m:23s

--------------------------------------------------------------------
|                    FINALIZING TREE SEARCH                        |
--------------------------------------------------------------------
Performs final model parameters optimization
Estimate model parameters (epsilon = 0.010)
1. Initial log-likelihood: -9716.429
Optimal log-likelihood: -9716.428
Rate parameters:  A-C: 1.32709  A-G: 4.93937  A-T: 0.60690  C-G: 1.73040  C-T: 3.11883  G-T: 1.00000
Base frequencies:  A: 0.310  C: 0.222  G: 0.199  T: 0.270
Gamma shape alpha: 0.549
Parameters optimization took 1 rounds (0.011 sec)
BEST SCORE FOUND : -9716.428
Total tree length: 1.883

Total number of iterations: 195
CPU time used for tree search: 189.087 sec (0h:3m:9s)
Wall-clock time used for tree search: 23.779 sec (0h:0m:23s)
Total CPU time used: 190.411 sec (0h:3m:10s)
Total wall-clock time used: 23.944 sec (0h:0m:23s)

Analysis results written to: 
  IQ-TREE report:                /workspace/IQTree_8_cores_JarvD5a_Results/exon_9898.iqtree
  Maximum-likelihood tree:       /workspace/IQTree_8_cores_JarvD5a_Results/exon_9898.treefile
  Likelihood distances:          /workspace/IQTree_8_cores_JarvD5a_Results/exon_9898.mldist
  Screen log file:               /workspace/IQTree_8_cores_JarvD5a_Results/exon_9898.log

Date and Time: Sat May 30 03:07:44 2026
