IQ-TREE version 3.1.2 for Linux x86 64-bit built May  7 2026
Developed by Bui Quang Minh, Thomas Wong, Nhan Ly-Trong, Huaiyan Ren
Contributed by Lam-Tung Nguyen, Dominik Schrempf, Chris Bielow,
Olga Chernomor, Michael Woodhams, Diep Thi Hoang, Heiko Schmidt

Host:    8084c4e79f09 (AVX512, FMA3, 1133 GB RAM)
Command: /workspace/iqtree-3.1.2-Linux/bin/iqtree3_intel -s /workspace/NeuralNJ/empirical/JarvD5a/exon_1577.fasta -st DNA -m GTR+G -T 8 -seed 2201 -pre /workspace/IQTree_8_cores_JarvD5a_Results/exon_1577 -quiet
Seed:    2201 (Using SPRNG - Scalable Parallel Random Number Generator)
Time:    Thu May 28 14:26:03 2026
Kernel:  AVX+FMA - 8 threads (384 CPU cores detected)

Reading alignment file /workspace/NeuralNJ/empirical/JarvD5a/exon_1577.fasta ... Fasta format detected
Reading fasta file: done in 0.000608921 secs using 36.79% CPU
Alignment most likely contains DNA/RNA sequences
Constructing alignment: done in 0.00185108 secs using 552.8% CPU
WARNING: 1 sites contain only gaps or ambiguous characters.
Alignment has 45 sequences with 1454 columns, 432 distinct patterns
201 parsimony-informative, 165 singleton sites, 1088 constant sites
       Gap/Ambiguity  Composition  p-value
Analyzing sequences: done in 1.40667e-05 secs using 376.8% CPU
   1  ACACH    5.50%    passed     99.77%
   2  ANAPL    6.33%    passed     97.84%
   3  APAVI    3.85%    passed     96.36%
   4  APTFO    3.58%    passed     89.91%
   5  BALRE    4.95%    passed     99.85%
   6  BUCRH   35.63%    passed     35.38%
   7  CALAN    4.95%    passed     94.70%
   8  CAPCA    2.89%    passed     99.15%
   9  CARCR    3.03%    passed     99.28%
  10  CATAU   34.25%    passed     72.79%
  11  CHAPE    3.16%    passed     98.44%
  12  CHAVO    3.03%    passed     95.34%
  13  CHLUN    4.54%    passed     99.25%
  14  COLLI    4.68%    passed     98.09%
  15  COLST   10.45%    passed     94.92%
  16  CORBR    6.19%    passed     96.01%
  17  CUCCA    4.95%    passed     99.11%
  18  EGRGA    3.58%    passed     91.56%
  19  EURHE   31.09%    passed     89.72%
  20  FALPE   31.50%    passed     63.75%
  21  FULGL    3.03%    passed     98.01%
  22  GALGA    3.30%    passed     95.52%
  23  GAVST    3.30%    passed     99.49%
  24  GEOFO    7.91%    passed     79.64%
  25  HALAL    1.93%    passed     95.66%
  26  HALLE    1.93%    passed     95.66%
  27  LEPDI    3.44%    passed     97.24%
  28  MANVI    3.30%    passed     91.32%
  29  MELGA    1.79%    passed     78.38%
  30  MELUN    3.85%    passed     95.86%
  31  MESUN   10.59%    passed     96.20%
  32  NESNO   27.51%    passed     74.52%
  33  NIPNI    2.61%    passed     98.42%
  34  OPHHO    4.68%    passed     98.23%
  35  PELCR   10.45%    passed     97.24%
  36  PHACA   42.50%    passed     71.58%
  37  PHALE    4.40%    passed     91.90%
  38  PICPU    4.54%    passed     94.14%
  39  PTEGU   34.39%    passed     36.29%
  40  PYGAD    3.58%    passed     93.43%
  41  STRCA    2.48%    passed     96.85%
  42  TAEGU    6.33%    passed     34.57%
  43  TAUER    4.95%    passed     95.66%
  44  TINMA    5.23%    passed     96.28%
  45  TYTAL    3.03%    passed     99.22%
****  TOTAL    9.09%  0 sequences failed composition chi2 test (p-value<5%; df=3)
NOTE: HALLE is identical to HALAL but kept for subsequent analysis
Checking for duplicate sequences: done in 0.000130892 secs using 792.3% CPU

Create initial parsimony tree by phylogenetic likelihood library (PLL)... 0.002 seconds

NOTE: 2 MB RAM (0 GB) is required!
WARNING: Number of threads seems too high for short alignments. Use -T AUTO to determine best number of threads.
Estimate model parameters (epsilon = 0.100)
1. Initial log-likelihood: -8033.501
2. Current log-likelihood: -7535.318
3. Current log-likelihood: -7514.777
4. Current log-likelihood: -7514.170
Optimal log-likelihood: -7514.155
Rate parameters:  A-C: 1.64732  A-G: 4.32238  A-T: 0.93149  C-G: 1.31337  C-T: 3.58305  G-T: 1.00000
Base frequencies:  A: 0.284  C: 0.210  G: 0.252  T: 0.254
Gamma shape alpha: 0.177
Parameters optimization took 4 rounds (0.060 sec)
Wrote distance file to... 
Computing ML distances based on estimated model parameters...
Calculating distance matrix: done in 0.000738859 secs using 803.5% CPU
Computing ML distances took 0.000796 sec (of wall-clock time) 0.006189 sec (of CPU time)
Setting up auxiliary I and S matrices: done in 7.89165e-05 secs using 1185% CPU
Constructing RapidNJ tree: done in 0.00218201 secs using 743.9% CPU
Computing RapidNJ tree took 0.002288 sec (of wall-clock time) 0.019400 sec (of CPU time)
Log-likelihood of RapidNJ tree: -7587.011
--------------------------------------------------------------------
|             INITIALIZING CANDIDATE TREE SET                      |
--------------------------------------------------------------------
Generating 98 parsimony trees... 0.191 second
Computing log-likelihood of 98 initial trees ... 0.338 seconds
Current best score: -7508.776

Do NNI search on 20 best initial trees
Estimate model parameters (epsilon = 0.100)
BETTER TREE FOUND at iteration 1: -7484.833
Iteration 10 / LogL: -7505.266 / Time: 0h:0m:1s
Iteration 20 / LogL: -7512.078 / Time: 0h:0m:2s
Finish initializing candidate tree set (20)
Current best tree score: -7484.833 / CPU time: 2.821
Number of iterations: 20
--------------------------------------------------------------------
|               OPTIMIZING CANDIDATE TREE SET                      |
--------------------------------------------------------------------
Iteration 30 / LogL: -7514.037 / Time: 0h:0m:4s (0h:0m:10s left)
Iteration 40 / LogL: -7488.044 / Time: 0h:0m:5s (0h:0m:8s left)
Iteration 50 / LogL: -7486.578 / Time: 0h:0m:6s (0h:0m:6s left)
Iteration 60 / LogL: -7489.752 / Time: 0h:0m:7s (0h:0m:5s left)
Iteration 70 / LogL: -7484.837 / Time: 0h:0m:9s (0h:0m:4s left)
Iteration 80 / LogL: -7486.578 / Time: 0h:0m:10s (0h:0m:2s left)
Iteration 90 / LogL: -7486.580 / Time: 0h:0m:11s (0h:0m:1s left)
Iteration 100 / LogL: -7508.544 / Time: 0h:0m:12s (0h:0m:0s left)
TREE SEARCH COMPLETED AFTER 102 ITERATIONS / Time: 0h:0m:13s

--------------------------------------------------------------------
|                    FINALIZING TREE SEARCH                        |
--------------------------------------------------------------------
Performs final model parameters optimization
Estimate model parameters (epsilon = 0.010)
1. Initial log-likelihood: -7484.833
Optimal log-likelihood: -7484.832
Rate parameters:  A-C: 1.64711  A-G: 4.39738  A-T: 0.95210  C-G: 1.39982  C-T: 3.85177  G-T: 1.00000
Base frequencies:  A: 0.284  C: 0.210  G: 0.252  T: 0.254
Gamma shape alpha: 0.177
Parameters optimization took 1 rounds (0.010 sec)
BEST SCORE FOUND : -7484.832
Total tree length: 1.324

Total number of iterations: 102
CPU time used for tree search: 104.774 sec (0h:1m:44s)
Wall-clock time used for tree search: 13.118 sec (0h:0m:13s)
Total CPU time used: 105.586 sec (0h:1m:45s)
Total wall-clock time used: 13.219 sec (0h:0m:13s)

Analysis results written to: 
  IQ-TREE report:                /workspace/IQTree_8_cores_JarvD5a_Results/exon_1577.iqtree
  Maximum-likelihood tree:       /workspace/IQTree_8_cores_JarvD5a_Results/exon_1577.treefile
  Likelihood distances:          /workspace/IQTree_8_cores_JarvD5a_Results/exon_1577.mldist
  Screen log file:               /workspace/IQTree_8_cores_JarvD5a_Results/exon_1577.log

Date and Time: Thu May 28 14:26:17 2026
