IQ-TREE version 3.1.2 for Linux x86 64-bit built May  7 2026
Developed by Bui Quang Minh, Thomas Wong, Nhan Ly-Trong, Huaiyan Ren
Contributed by Lam-Tung Nguyen, Dominik Schrempf, Chris Bielow,
Olga Chernomor, Michael Woodhams, Diep Thi Hoang, Heiko Schmidt

Host:    8084c4e79f09 (AVX512, FMA3, 1133 GB RAM)
Command: /workspace/iqtree-3.1.2-Linux/bin/iqtree3_intel -s /workspace/NeuralNJ/empirical/JarvD5a/exon_6999.fasta -st DNA -m GTR+G -T 8 -seed 2201 -pre /workspace/IQTree_8_cores_JarvD5a_Results/exon_6999 -quiet
Seed:    2201 (Using SPRNG - Scalable Parallel Random Number Generator)
Time:    Fri May 29 10:27:06 2026
Kernel:  AVX+FMA - 8 threads (384 CPU cores detected)

Reading alignment file /workspace/NeuralNJ/empirical/JarvD5a/exon_6999.fasta ... Fasta format detected
Reading fasta file: done in 0.000144958 secs using 7.588% CPU
Alignment most likely contains DNA/RNA sequences
Constructing alignment: done in 0.000360966 secs using 282% CPU
Alignment has 45 sequences with 244 columns, 158 distinct patterns
89 parsimony-informative, 38 singleton sites, 117 constant sites
       Gap/Ambiguity  Composition  p-value
Analyzing sequences: done in 9.05991e-06 secs using 99.34% CPU
   1  ACACH   24.59%    passed     92.05%
   2  ANAPL   18.85%    passed     96.93%
   3  APAVI   20.49%    passed     95.75%
   4  APTFO   18.03%    passed     85.04%
   5  BALRE   18.85%    passed     98.75%
   6  BUCRH   34.43%    passed     79.09%
   7  CALAN   20.49%    passed     94.69%
   8  CAPCA   19.67%    passed     93.96%
   9  CARCR   20.49%    passed     97.41%
  10  CATAU   20.49%    passed     78.56%
  11  CHAPE   18.85%    passed     99.77%
  12  CHAVO   18.85%    passed     94.31%
  13  CHLUN   21.31%    passed     88.15%
  14  COLLI   33.61%    passed     98.03%
  15  CORBR   39.34%    passed     99.37%
  16  CUCCA   14.75%    passed     94.47%
  17  EGRGA   14.75%    passed     98.57%
  18  EURHE   18.03%    passed     98.30%
  19  FALPE   33.61%    passed     96.64%
  20  FULGL   19.67%    passed     88.24%
  21  GALGA    9.02%    passed     56.19%
  22  GAVST   17.62%    passed     82.52%
  23  HALAL   20.49%    passed     55.69%
  24  HALLE   20.49%    passed     63.11%
  25  LEPDI   18.03%    passed     95.49%
  26  MANVI   20.49%    passed     25.51%
  27  MELGA    9.84%    passed     61.27%
  28  MELUN   33.61%    passed     99.57%
  29  MERNU   39.34%    passed     80.84%
  30  MESUN   22.13%    passed     94.28%
  31  NESNO   32.79%    passed     86.39%
  32  NIPNI   14.75%    passed     95.80%
  33  OPHHO   20.49%    passed     97.55%
  34  PELCR   18.85%    passed     88.71%
  35  PHACA   27.87%    passed     90.20%
  36  PHALE   20.49%    passed     90.36%
  37  PHORU   20.49%    passed     95.75%
  38  PICPU   21.31%    passed     39.80%
  39  PODCR   23.77%    passed     91.46%
  40  PTEGU   36.07%    passed     77.81%
  41  PYGAD   18.03%    passed     85.82%
  42  STRCA   14.75%    passed     99.32%
  43  TAUER   20.49%    passed     98.84%
  44  TINMA   28.69%    failed      0.97%
  45  TYTAL   17.21%    passed     90.78%
****  TOTAL   22.14%  1 sequences failed composition chi2 test (p-value<5%; df=3)
Checking for duplicate sequences: done in 0.000112057 secs using 791.6% CPU

Create initial parsimony tree by phylogenetic likelihood library (PLL)... 0.002 seconds

NOTE: 0 MB RAM (0 GB) is required!
WARNING: Number of threads seems too high for short alignments. Use -T AUTO to determine best number of threads.
Estimate model parameters (epsilon = 0.100)
1. Initial log-likelihood: -2693.580
2. Current log-likelihood: -2478.254
3. Current log-likelihood: -2473.290
4. Current log-likelihood: -2473.152
Optimal log-likelihood: -2473.143
Rate parameters:  A-C: 0.60369  A-G: 4.49174  A-T: 0.13665  C-G: 2.50595  C-T: 3.64822  G-T: 1.00000
Base frequencies:  A: 0.254  C: 0.253  G: 0.247  T: 0.246
Gamma shape alpha: 0.350
Parameters optimization took 4 rounds (0.092 sec)
Wrote distance file to... 
Computing ML distances based on estimated model parameters...
Calculating distance matrix: done in 0.000781059 secs using 795.1% CPU
Computing ML distances took 0.000832 sec (of wall-clock time) 0.006470 sec (of CPU time)
Setting up auxiliary I and S matrices: done in 8.60691e-05 secs using 1081% CPU
Constructing RapidNJ tree: done in 0.00246119 secs using 719.9% CPU
Computing RapidNJ tree took 0.002581 sec (of wall-clock time) 0.023358 sec (of CPU time)
Log-likelihood of RapidNJ tree: -2476.640
--------------------------------------------------------------------
|             INITIALIZING CANDIDATE TREE SET                      |
--------------------------------------------------------------------
Generating 98 parsimony trees... 0.125 second
Computing log-likelihood of 98 initial trees ... 0.381 seconds
Current best score: -2448.930

Do NNI search on 20 best initial trees
Estimate model parameters (epsilon = 0.100)
BETTER TREE FOUND at iteration 1: -2439.643
Estimate model parameters (epsilon = 0.100)
BETTER TREE FOUND at iteration 2: -2438.692
Iteration 10 / LogL: -2457.412 / Time: 0h:0m:1s
Iteration 20 / LogL: -2455.399 / Time: 0h:0m:2s
Finish initializing candidate tree set (20)
Current best tree score: -2438.692 / CPU time: 2.571
Number of iterations: 20
--------------------------------------------------------------------
|               OPTIMIZING CANDIDATE TREE SET                      |
--------------------------------------------------------------------
Estimate model parameters (epsilon = 0.100)
BETTER TREE FOUND at iteration 29: -2438.645
Iteration 30 / LogL: -2438.645 / Time: 0h:0m:3s (0h:0m:12s left)
Iteration 40 / LogL: -2442.896 / Time: 0h:0m:4s (0h:0m:10s left)
UPDATE BEST LOG-LIKELIHOOD: -2438.645
Iteration 50 / LogL: -2439.645 / Time: 0h:0m:5s (0h:0m:9s left)
Iteration 60 / LogL: -2438.646 / Time: 0h:0m:6s (0h:0m:8s left)
Iteration 70 / LogL: -2439.488 / Time: 0h:0m:8s (0h:0m:6s left)
Estimate model parameters (epsilon = 0.100)
BETTER TREE FOUND at iteration 77: -2438.473
Iteration 80 / LogL: -2439.489 / Time: 0h:0m:9s (0h:0m:11s left)
BETTER TREE FOUND at iteration 83: -2438.472
Iteration 90 / LogL: -2438.675 / Time: 0h:0m:10s (0h:0m:10s left)
Iteration 100 / LogL: -2439.112 / Time: 0h:0m:11s (0h:0m:9s left)
Iteration 110 / LogL: -2438.473 / Time: 0h:0m:12s (0h:0m:8s left)
Iteration 120 / LogL: -2438.473 / Time: 0h:0m:13s (0h:0m:7s left)
Iteration 130 / LogL: -2438.479 / Time: 0h:0m:14s (0h:0m:6s left)
Iteration 140 / LogL: -2438.598 / Time: 0h:0m:15s (0h:0m:4s left)
UPDATE BEST LOG-LIKELIHOOD: -2438.472
Iteration 150 / LogL: -2438.475 / Time: 0h:0m:17s (0h:0m:3s left)
Iteration 160 / LogL: -2451.923 / Time: 0h:0m:18s (0h:0m:2s left)
Iteration 170 / LogL: -2438.473 / Time: 0h:0m:19s (0h:0m:1s left)
Estimate model parameters (epsilon = 0.100)
BETTER TREE FOUND at iteration 179: -2437.195
Iteration 180 / LogL: -2438.521 / Time: 0h:0m:20s (0h:0m:11s left)
Iteration 190 / LogL: -2438.824 / Time: 0h:0m:21s (0h:0m:10s left)
Estimate model parameters (epsilon = 0.100)
BETTER TREE FOUND at iteration 194: -2436.660
Iteration 200 / LogL: -2438.106 / Time: 0h:0m:22s (0h:0m:10s left)
BETTER TREE FOUND at iteration 201: -2436.660
BETTER TREE FOUND at iteration 206: -2436.660
Iteration 210 / LogL: -2436.706 / Time: 0h:0m:23s (0h:0m:10s left)
Iteration 220 / LogL: -2437.139 / Time: 0h:0m:25s (0h:0m:9s left)
UPDATE BEST LOG-LIKELIHOOD: -2436.660
Iteration 230 / LogL: -2436.661 / Time: 0h:0m:26s (0h:0m:8s left)
Iteration 240 / LogL: -2436.660 / Time: 0h:0m:27s (0h:0m:7s left)
Estimate model parameters (epsilon = 0.100)
BETTER TREE FOUND at iteration 243: -2436.525
Iteration 250 / LogL: -2436.668 / Time: 0h:0m:28s (0h:0m:10s left)
Iteration 260 / LogL: -2436.526 / Time: 0h:0m:29s (0h:0m:9s left)
Iteration 270 / LogL: -2436.668 / Time: 0h:0m:30s (0h:0m:8s left)
Iteration 280 / LogL: -2436.668 / Time: 0h:0m:31s (0h:0m:7s left)
Iteration 290 / LogL: -2436.668 / Time: 0h:0m:32s (0h:0m:6s left)
Iteration 300 / LogL: -2437.096 / Time: 0h:0m:34s (0h:0m:4s left)
Estimate model parameters (epsilon = 0.100)
BETTER TREE FOUND at iteration 307: -2435.837
Iteration 310 / LogL: -2437.590 / Time: 0h:0m:35s (0h:0m:11s left)
Iteration 320 / LogL: -2437.431 / Time: 0h:0m:36s (0h:0m:9s left)
Iteration 330 / LogL: -2438.625 / Time: 0h:0m:37s (0h:0m:8s left)
UPDATE BEST LOG-LIKELIHOOD: -2435.837
Iteration 340 / LogL: -2436.520 / Time: 0h:0m:38s (0h:0m:7s left)
UPDATE BEST LOG-LIKELIHOOD: -2435.836
Iteration 350 / LogL: -2435.890 / Time: 0h:0m:39s (0h:0m:6s left)
Estimate model parameters (epsilon = 0.100)
BETTER TREE FOUND at iteration 355: -2435.648
Iteration 360 / LogL: -2435.867 / Time: 0h:0m:40s (0h:0m:10s left)
Iteration 370 / LogL: -2436.444 / Time: 0h:0m:41s (0h:0m:9s left)
UPDATE BEST LOG-LIKELIHOOD: -2435.647
Iteration 380 / LogL: -2435.647 / Time: 0h:0m:42s (0h:0m:8s left)
Iteration 390 / LogL: -2435.868 / Time: 0h:0m:43s (0h:0m:7s left)
Iteration 400 / LogL: -2435.868 / Time: 0h:0m:44s (0h:0m:6s left)
Iteration 410 / LogL: -2437.040 / Time: 0h:0m:45s (0h:0m:5s left)
UPDATE BEST LOG-LIKELIHOOD: -2435.647
Iteration 420 / LogL: -2436.450 / Time: 0h:0m:46s (0h:0m:3s left)
BETTER TREE FOUND at iteration 424: -2435.647
Iteration 430 / LogL: -2437.340 / Time: 0h:0m:47s (0h:0m:10s left)
Iteration 440 / LogL: -2435.692 / Time: 0h:0m:48s (0h:0m:9s left)
UPDATE BEST LOG-LIKELIHOOD: -2435.647
UPDATE BEST LOG-LIKELIHOOD: -2435.647
Iteration 450 / LogL: -2438.493 / Time: 0h:0m:49s (0h:0m:8s left)
Iteration 460 / LogL: -2435.692 / Time: 0h:0m:50s (0h:0m:7s left)
Iteration 470 / LogL: -2436.268 / Time: 0h:0m:51s (0h:0m:5s left)
Iteration 480 / LogL: -2435.692 / Time: 0h:0m:52s (0h:0m:4s left)
Iteration 490 / LogL: -2441.153 / Time: 0h:0m:53s (0h:0m:3s left)
Iteration 500 / LogL: -2440.101 / Time: 0h:0m:54s (0h:0m:2s left)
Iteration 510 / LogL: -2435.647 / Time: 0h:0m:56s (0h:0m:1s left)
Iteration 520 / LogL: -2435.739 / Time: 0h:0m:56s (0h:0m:0s left)
TREE SEARCH COMPLETED AFTER 525 ITERATIONS / Time: 0h:0m:57s

--------------------------------------------------------------------
|                    FINALIZING TREE SEARCH                        |
--------------------------------------------------------------------
Performs final model parameters optimization
Estimate model parameters (epsilon = 0.010)
1. Initial log-likelihood: -2435.647
Optimal log-likelihood: -2435.646
Rate parameters:  A-C: 0.53943  A-G: 4.11478  A-T: 0.11084  C-G: 2.45718  C-T: 3.41151  G-T: 1.00000
Base frequencies:  A: 0.254  C: 0.253  G: 0.247  T: 0.246
Gamma shape alpha: 0.344
Parameters optimization took 1 rounds (0.007 sec)
BEST SCORE FOUND : -2435.646
Total tree length: 3.657

Total number of iterations: 525
CPU time used for tree search: 458.858 sec (0h:7m:38s)
Wall-clock time used for tree search: 57.400 sec (0h:0m:57s)
Total CPU time used: 459.908 sec (0h:7m:39s)
Total wall-clock time used: 57.531 sec (0h:0m:57s)

Analysis results written to: 
  IQ-TREE report:                /workspace/IQTree_8_cores_JarvD5a_Results/exon_6999.iqtree
  Maximum-likelihood tree:       /workspace/IQTree_8_cores_JarvD5a_Results/exon_6999.treefile
  Likelihood distances:          /workspace/IQTree_8_cores_JarvD5a_Results/exon_6999.mldist
  Screen log file:               /workspace/IQTree_8_cores_JarvD5a_Results/exon_6999.log

Date and Time: Fri May 29 10:28:03 2026
