IQ-TREE version 3.1.2 for Linux x86 64-bit built May  7 2026
Developed by Bui Quang Minh, Thomas Wong, Nhan Ly-Trong, Huaiyan Ren
Contributed by Lam-Tung Nguyen, Dominik Schrempf, Chris Bielow,
Olga Chernomor, Michael Woodhams, Diep Thi Hoang, Heiko Schmidt

Host:    8084c4e79f09 (AVX512, FMA3, 1133 GB RAM)
Command: /workspace/iqtree-3.1.2-Linux/bin/iqtree3_intel -s /workspace/NeuralNJ/empirical/JarvD5a/exon_10155.fasta -st DNA -m GTR+G -T 8 -seed 2201 -pre /workspace/IQTree_8_cores_JarvD5a_Results/exon_10155 -quiet
Seed:    2201 (Using SPRNG - Scalable Parallel Random Number Generator)
Time:    Wed May 27 10:16:19 2026
Kernel:  AVX+FMA - 8 threads (384 CPU cores detected)

Reading alignment file /workspace/NeuralNJ/empirical/JarvD5a/exon_10155.fasta ... Fasta format detected
Reading fasta file: done in 0.00111079 secs using 60.59% CPU
Alignment most likely contains DNA/RNA sequences
Constructing alignment: done in 0.00328302 secs using 716.7% CPU
WARNING: 1 sites contain only gaps or ambiguous characters.
Alignment has 44 sequences with 1716 columns, 266 distinct patterns
116 parsimony-informative, 141 singleton sites, 1459 constant sites
       Gap/Ambiguity  Composition  p-value
Analyzing sequences: done in 1.5974e-05 secs using 882.7% CPU
   1  ANAPL    0.12%    passed     98.60%
   2  APAVI    4.60%    passed     98.05%
   3  APTFO    0.12%    passed     99.76%
   4  BALRE    0.12%    passed    100.00%
   5  BUCRH    0.35%    passed     99.49%
   6  CALAN    0.12%    passed     96.28%
   7  CAPCA    1.75%    passed     99.01%
   8  CARCR    0.12%    passed    100.00%
   9  CATAU    0.06%    passed     99.85%
  10  CHAPE    0.12%    passed     98.94%
  11  CHAVO    0.12%    passed     99.88%
  12  CHLUN    0.12%    passed     98.67%
  13  COLLI    0.12%    passed     99.88%
  14  COLST    0.12%    passed     99.98%
  15  CORBR    0.23%    passed     97.10%
  16  CUCCA    0.12%    passed     99.60%
  17  EGRGA    0.12%    passed     99.88%
  18  EURHE    0.12%    passed     99.92%
  19  FALPE    0.12%    passed     99.45%
  20  FULGL    7.69%    passed     98.85%
  21  GALGA    0.12%    passed     84.65%
  22  GAVST    1.86%    passed     98.47%
  23  GEOFO    0.23%    passed     97.10%
  24  HALAL    1.28%    passed     95.31%
  25  HALLE    0.12%    passed     99.62%
  26  LEPDI    0.12%    passed    100.00%
  27  MELGA    0.12%    passed     97.80%
  28  MELUN    0.12%    passed     99.95%
  29  MERNU    0.12%    passed    100.00%
  30  NESNO    0.12%    passed     99.99%
  31  NIPNI    0.12%    passed     99.83%
  32  OPHHO    0.12%    passed     99.80%
  33  PELCR    2.33%    passed     99.62%
  34  PHACA    0.12%    passed     99.92%
  35  PHALE    0.58%    passed     99.31%
  36  PHORU    0.12%    passed     99.66%
  37  PICPU    0.12%    passed     99.89%
  38  PODCR    0.12%    passed     99.87%
  39  PTEGU    0.35%    passed     99.75%
  40  PYGAD    0.12%    passed     99.51%
  41  STRCA    0.12%    passed     99.15%
  42  TAEGU    1.17%    passed     98.57%
  43  TAUER    2.68%    passed     99.54%
  44  TYTAL    2.45%    passed     99.86%
****  TOTAL    0.70%  0 sequences failed composition chi2 test (p-value<5%; df=3)
Checking for duplicate sequences: done in 0.000177145 secs using 801.6% CPU

Create initial parsimony tree by phylogenetic likelihood library (PLL)... 0.002 seconds

NOTE: 1 MB RAM (0 GB) is required!
WARNING: Number of threads seems too high for short alignments. Use -T AUTO to determine best number of threads.
Estimate model parameters (epsilon = 0.100)
1. Initial log-likelihood: -5631.736
2. Current log-likelihood: -5405.475
3. Current log-likelihood: -5364.798
4. Current log-likelihood: -5364.622
Optimal log-likelihood: -5364.620
Rate parameters:  A-C: 1.81028  A-G: 8.95922  A-T: 1.03487  C-G: 1.77434  C-T: 7.17422  G-T: 1.00000
Base frequencies:  A: 0.326  C: 0.239  G: 0.199  T: 0.235
Gamma shape alpha: 0.020
Parameters optimization took 4 rounds (0.104 sec)
Wrote distance file to... 
Computing ML distances based on estimated model parameters...
Calculating distance matrix: done in 0.00112796 secs using 794.8% CPU
Computing ML distances took 0.001185 sec (of wall-clock time) 0.009065 sec (of CPU time)
Setting up auxiliary I and S matrices: done in 0.000122786 secs using 1073% CPU
Constructing RapidNJ tree: done in 0.00345588 secs using 775.4% CPU
Computing RapidNJ tree took 0.004528 sec (of wall-clock time) 0.038004 sec (of CPU time)
Log-likelihood of RapidNJ tree: -5392.393
--------------------------------------------------------------------
|             INITIALIZING CANDIDATE TREE SET                      |
--------------------------------------------------------------------
Generating 98 parsimony trees... 0.128 second
Computing log-likelihood of 98 initial trees ... 0.332 seconds
Current best score: -5337.555

Do NNI search on 20 best initial trees
Estimate model parameters (epsilon = 0.100)
BETTER TREE FOUND at iteration 1: -5332.859
Iteration 10 / LogL: -5343.151 / Time: 0h:0m:1s
Iteration 20 / LogL: -5341.815 / Time: 0h:0m:1s
Finish initializing candidate tree set (20)
Current best tree score: -5332.859 / CPU time: 1.741
Number of iterations: 20
--------------------------------------------------------------------
|               OPTIMIZING CANDIDATE TREE SET                      |
--------------------------------------------------------------------
Estimate model parameters (epsilon = 0.100)
BETTER TREE FOUND at iteration 26: -5329.564
Estimate model parameters (epsilon = 0.100)
BETTER TREE FOUND at iteration 29: -5329.119
Iteration 30 / LogL: -5340.568 / Time: 0h:0m:2s (0h:0m:9s left)
Estimate model parameters (epsilon = 0.100)
BETTER TREE FOUND at iteration 33: -5328.519
Iteration 40 / LogL: -5329.366 / Time: 0h:0m:3s (0h:0m:8s left)
Iteration 50 / LogL: -5328.519 / Time: 0h:0m:4s (0h:0m:7s left)
Iteration 60 / LogL: -5330.485 / Time: 0h:0m:5s (0h:0m:6s left)
Iteration 70 / LogL: -5336.619 / Time: 0h:0m:5s (0h:0m:5s left)
BETTER TREE FOUND at iteration 71: -5328.519
Iteration 80 / LogL: -5331.679 / Time: 0h:0m:6s (0h:0m:7s left)
Iteration 90 / LogL: -5335.113 / Time: 0h:0m:7s (0h:0m:6s left)
Iteration 100 / LogL: -5330.454 / Time: 0h:0m:8s (0h:0m:5s left)
BETTER TREE FOUND at iteration 109: -5328.518
Iteration 110 / LogL: -5328.519 / Time: 0h:0m:8s (0h:0m:8s left)
Iteration 120 / LogL: -5328.648 / Time: 0h:0m:9s (0h:0m:7s left)
Iteration 130 / LogL: -5328.645 / Time: 0h:0m:10s (0h:0m:6s left)
BETTER TREE FOUND at iteration 139: -5328.518
Iteration 140 / LogL: -5381.466 / Time: 0h:0m:11s (0h:0m:8s left)
Iteration 150 / LogL: -5340.442 / Time: 0h:0m:12s (0h:0m:7s left)
BETTER TREE FOUND at iteration 153: -5328.518
Iteration 160 / LogL: -5334.019 / Time: 0h:0m:12s (0h:0m:7s left)
BETTER TREE FOUND at iteration 161: -5328.518
Iteration 170 / LogL: -5333.064 / Time: 0h:0m:13s (0h:0m:7s left)
BETTER TREE FOUND at iteration 177: -5328.518
Iteration 180 / LogL: -5328.521 / Time: 0h:0m:14s (0h:0m:7s left)
Iteration 190 / LogL: -5338.626 / Time: 0h:0m:15s (0h:0m:7s left)
Iteration 200 / LogL: -5336.742 / Time: 0h:0m:16s (0h:0m:6s left)
Iteration 210 / LogL: -5330.357 / Time: 0h:0m:16s (0h:0m:5s left)
Iteration 220 / LogL: -5328.794 / Time: 0h:0m:17s (0h:0m:4s left)
Iteration 230 / LogL: -5330.270 / Time: 0h:0m:18s (0h:0m:3s left)
Iteration 240 / LogL: -5329.698 / Time: 0h:0m:19s (0h:0m:2s left)
Iteration 250 / LogL: -5334.916 / Time: 0h:0m:20s (0h:0m:2s left)
BETTER TREE FOUND at iteration 255: -5328.518
Iteration 260 / LogL: -5355.537 / Time: 0h:0m:20s (0h:0m:7s left)
Iteration 270 / LogL: -5333.090 / Time: 0h:0m:21s (0h:0m:6s left)
BETTER TREE FOUND at iteration 271: -5328.517
Iteration 280 / LogL: -5329.992 / Time: 0h:0m:22s (0h:0m:7s left)
Iteration 290 / LogL: -5328.521 / Time: 0h:0m:23s (0h:0m:6s left)
Iteration 300 / LogL: -5328.518 / Time: 0h:0m:24s (0h:0m:5s left)
Iteration 310 / LogL: -5331.837 / Time: 0h:0m:25s (0h:0m:4s left)
Iteration 320 / LogL: -5335.065 / Time: 0h:0m:25s (0h:0m:4s left)
Iteration 330 / LogL: -5333.562 / Time: 0h:0m:26s (0h:0m:3s left)
Iteration 340 / LogL: -5328.519 / Time: 0h:0m:27s (0h:0m:2s left)
Iteration 350 / LogL: -5403.669 / Time: 0h:0m:28s (0h:0m:1s left)
Iteration 360 / LogL: -5329.608 / Time: 0h:0m:28s (0h:0m:0s left)
Iteration 370 / LogL: -5337.767 / Time: 0h:0m:29s (0h:0m:0s left)
BETTER TREE FOUND at iteration 371: -5328.517
Iteration 380 / LogL: -5328.648 / Time: 0h:0m:30s (0h:0m:7s left)
Iteration 390 / LogL: -5373.950 / Time: 0h:0m:31s (0h:0m:6s left)
Iteration 400 / LogL: -5348.932 / Time: 0h:0m:31s (0h:0m:5s left)
Iteration 410 / LogL: -5328.520 / Time: 0h:0m:32s (0h:0m:4s left)
Iteration 420 / LogL: -5337.018 / Time: 0h:0m:33s (0h:0m:4s left)
Iteration 430 / LogL: -5330.628 / Time: 0h:0m:34s (0h:0m:3s left)
BETTER TREE FOUND at iteration 439: -5328.517
Iteration 440 / LogL: -5328.518 / Time: 0h:0m:34s (0h:0m:7s left)
Iteration 450 / LogL: -5328.519 / Time: 0h:0m:35s (0h:0m:7s left)
Iteration 460 / LogL: -5330.116 / Time: 0h:0m:36s (0h:0m:6s left)
Iteration 470 / LogL: -5328.643 / Time: 0h:0m:37s (0h:0m:5s left)
Iteration 480 / LogL: -5329.248 / Time: 0h:0m:37s (0h:0m:4s left)
Iteration 490 / LogL: -5328.518 / Time: 0h:0m:38s (0h:0m:3s left)
Iteration 500 / LogL: -5331.843 / Time: 0h:0m:39s (0h:0m:3s left)
Iteration 510 / LogL: -5337.728 / Time: 0h:0m:39s (0h:0m:2s left)
Iteration 520 / LogL: -5335.885 / Time: 0h:0m:40s (0h:0m:1s left)
BETTER TREE FOUND at iteration 528: -5328.517
Iteration 530 / LogL: -5328.517 / Time: 0h:0m:41s (0h:0m:7s left)
Iteration 540 / LogL: -5329.660 / Time: 0h:0m:42s (0h:0m:6s left)
Iteration 550 / LogL: -5329.996 / Time: 0h:0m:43s (0h:0m:6s left)
Iteration 560 / LogL: -5328.520 / Time: 0h:0m:43s (0h:0m:5s left)
Iteration 570 / LogL: -5332.440 / Time: 0h:0m:44s (0h:0m:4s left)
Iteration 580 / LogL: -5329.989 / Time: 0h:0m:45s (0h:0m:3s left)
Iteration 590 / LogL: -5331.577 / Time: 0h:0m:46s (0h:0m:2s left)
Iteration 600 / LogL: -5330.452 / Time: 0h:0m:47s (0h:0m:2s left)
Iteration 610 / LogL: -5329.203 / Time: 0h:0m:48s (0h:0m:1s left)
Iteration 620 / LogL: -5339.656 / Time: 0h:0m:48s (0h:0m:0s left)
TREE SEARCH COMPLETED AFTER 629 ITERATIONS / Time: 0h:0m:49s

--------------------------------------------------------------------
|                    FINALIZING TREE SEARCH                        |
--------------------------------------------------------------------
Performs final model parameters optimization
Estimate model parameters (epsilon = 0.010)
1. Initial log-likelihood: -5328.517
Optimal log-likelihood: -5328.516
Rate parameters:  A-C: 1.69655  A-G: 8.26268  A-T: 0.96426  C-G: 1.64777  C-T: 6.86137  G-T: 1.00000
Base frequencies:  A: 0.326  C: 0.239  G: 0.199  T: 0.235
Gamma shape alpha: 0.020
Parameters optimization took 1 rounds (0.008 sec)
BEST SCORE FOUND : -5328.516
Total tree length: 0.307

Total number of iterations: 629
CPU time used for tree search: 395.028 sec (0h:6m:35s)
Wall-clock time used for tree search: 49.464 sec (0h:0m:49s)
Total CPU time used: 396.158 sec (0h:6m:36s)
Total wall-clock time used: 49.607 sec (0h:0m:49s)

Analysis results written to: 
  IQ-TREE report:                /workspace/IQTree_8_cores_JarvD5a_Results/exon_10155.iqtree
  Maximum-likelihood tree:       /workspace/IQTree_8_cores_JarvD5a_Results/exon_10155.treefile
  Likelihood distances:          /workspace/IQTree_8_cores_JarvD5a_Results/exon_10155.mldist
  Screen log file:               /workspace/IQTree_8_cores_JarvD5a_Results/exon_10155.log

Date and Time: Wed May 27 10:17:09 2026
