IQ-TREE version 3.1.2 for Linux x86 64-bit built May  7 2026
Developed by Bui Quang Minh, Thomas Wong, Nhan Ly-Trong, Huaiyan Ren
Contributed by Lam-Tung Nguyen, Dominik Schrempf, Chris Bielow,
Olga Chernomor, Michael Woodhams, Diep Thi Hoang, Heiko Schmidt

Host:    8084c4e79f09 (AVX512, FMA3, 1133 GB RAM)
Command: /workspace/iqtree-3.1.2-Linux/bin/iqtree3_intel -s /workspace/NeuralNJ/empirical/JarvD5a/exon_114.fasta -st DNA -m GTR+G -T 8 -seed 2201 -pre /workspace/IQTree_8_cores_JarvD5a_Results/exon_114 -quiet
Seed:    2201 (Using SPRNG - Scalable Parallel Random Number Generator)
Time:    Wed May 27 18:56:39 2026
Kernel:  AVX+FMA - 8 threads (384 CPU cores detected)

Reading alignment file /workspace/NeuralNJ/empirical/JarvD5a/exon_114.fasta ... Fasta format detected
Reading fasta file: done in 0.000236988 secs using 18.99% CPU
Alignment most likely contains DNA/RNA sequences
Constructing alignment: done in 0.000488997 secs using 285.9% CPU
Alignment has 48 sequences with 242 columns, 44 distinct patterns
8 parsimony-informative, 8 singleton sites, 226 constant sites
       Gap/Ambiguity  Composition  p-value
Analyzing sequences: done in 8.82149e-06 secs using 22.67% CPU
   1  ACACH   41.32%    passed     31.30%
   2  ANAPL   16.53%    passed     97.64%
   3  APAVI   41.32%    passed     43.34%
   4  APTFO   16.53%    passed     99.46%
   5  BALRE   16.53%    passed     99.89%
   6  BUCRH   42.15%    passed     37.63%
   7  CALAN   16.53%    passed     97.64%
   8  CAPCA   14.88%    passed     98.34%
   9  CARCR   16.53%    passed     99.46%
  10  CATAU   16.53%    passed     99.46%
  11  CHAPE   16.53%    passed     99.46%
  12  CHAVO   17.36%    passed     97.65%
  13  CHLUN   14.88%    passed     98.34%
  14  COLLI   41.32%    passed     58.11%
  15  COLST   16.53%    passed     99.46%
  16  CORBR   16.53%    passed     99.63%
  17  CUCCA    7.44%    passed     59.15%
  18  EGRGA   16.53%    passed     99.51%
  19  EURHE   16.53%    passed     98.07%
  20  FALPE   16.53%    passed     98.53%
  21  FULGL   16.53%    passed     99.46%
  22  GALGA    4.13%    passed     60.60%
  23  GAVST   41.32%    passed     43.34%
  24  GEOFO   16.53%    passed     99.63%
  25  HALAL   16.53%    passed     99.46%
  26  HALLE   16.53%    passed     99.46%
  27  LEPDI   14.88%    passed     99.06%
  28  MANVI   16.53%    passed     99.63%
  29  MELGA    4.13%    passed     58.99%
  30  MELUN   16.53%    passed     99.46%
  31  MERNU   16.53%    passed     99.51%
  32  MESUN   16.53%    passed     99.51%
  33  NESNO   16.53%    passed     99.46%
  34  NIPNI   16.53%    passed     99.46%
  35  OPHHO   16.53%    passed     99.46%
  36  PELCR   16.53%    passed     99.46%
  37  PHACA   16.53%    passed     99.99%
  38  PHALE    4.13%    passed     60.60%
  39  PHORU   16.53%    passed     99.46%
  40  PICPU   16.53%    passed     95.79%
  41  PODCR   16.53%    passed     99.46%
  42  PTEGU   14.88%    passed     98.34%
  43  PYGAD   14.88%    passed     99.06%
  44  STRCA   16.53%    passed     97.64%
  45  TAEGU    3.31%    passed     57.14%
  46  TAUER   16.53%    passed     98.30%
  47  TINMA   16.53%    passed     99.89%
  48  TYTAL   41.32%    passed     43.34%
****  TOTAL   18.25%  0 sequences failed composition chi2 test (p-value<5%; df=3)
NOTE: CALAN is identical to ANAPL but kept for subsequent analysis
NOTE: GAVST is identical to APAVI but kept for subsequent analysis
NOTE: CARCR is identical to APTFO but kept for subsequent analysis
NOTE: CHLUN is identical to CAPCA but kept for subsequent analysis
NOTE: GEOFO is identical to CORBR but kept for subsequent analysis
NOTE: MESUN is identical to EGRGA but kept for subsequent analysis
NOTE: PYGAD is identical to LEPDI but kept for subsequent analysis
Checking for duplicate sequences: done in 0.000164986 secs using 218.2% CPU
Identifying sites to remove: done in 0.00011301 secs using 809.7% CPU
NOTE: 17 identical sequences (see below) will be ignored for subsequent analysis
NOTE: STRCA (identical to ANAPL) is ignored but added at the end
NOTE: TYTAL (identical to APAVI) is ignored but added at the end
NOTE: CATAU (identical to APTFO) is ignored but added at the end
NOTE: CHAPE (identical to APTFO) is ignored but added at the end
NOTE: COLST (identical to APTFO) is ignored but added at the end
NOTE: FULGL (identical to APTFO) is ignored but added at the end
NOTE: HALAL (identical to APTFO) is ignored but added at the end
NOTE: HALLE (identical to APTFO) is ignored but added at the end
NOTE: MELUN (identical to APTFO) is ignored but added at the end
NOTE: NESNO (identical to APTFO) is ignored but added at the end
NOTE: NIPNI (identical to APTFO) is ignored but added at the end
NOTE: OPHHO (identical to APTFO) is ignored but added at the end
NOTE: PELCR (identical to APTFO) is ignored but added at the end
NOTE: PHORU (identical to APTFO) is ignored but added at the end
NOTE: PODCR (identical to APTFO) is ignored but added at the end
NOTE: PTEGU (identical to CAPCA) is ignored but added at the end
NOTE: MANVI (identical to CORBR) is ignored but added at the end
Alignment was printed to /workspace/IQTree_8_cores_JarvD5a_Results/exon_114.uniqueseq.phy

For your convenience alignment with unique sequences printed to /workspace/IQTree_8_cores_JarvD5a_Results/exon_114.uniqueseq.phy

Create initial parsimony tree by phylogenetic likelihood library (PLL)... 0.001 seconds
WARNING: 8 threads for alignment length 44 will slow down analysis

NOTE: 0 MB RAM (0 GB) is required!
WARNING: Number of threads seems too high for short alignments. Use -T AUTO to determine best number of threads.
Estimate model parameters (epsilon = 0.100)
1. Initial log-likelihood: -469.778
2. Current log-likelihood: -457.206
3. Current log-likelihood: -457.084
Optimal log-likelihood: -457.079
Rate parameters:  A-C: 62.31802  A-G: 17.23446  A-T: 14.44900  C-G: 10.25128  C-T: 100.00000  G-T: 1.00000
Warning! Some parameters hit the boundaries
Base frequencies:  A: 0.331  C: 0.188  G: 0.270  T: 0.211
Gamma shape alpha: 0.020
Parameters optimization took 3 rounds (0.056 sec)

WARNING: Estimated model parameters are at boundary that can cause numerical instability!

Wrote distance file to... 
Computing ML distances based on estimated model parameters...
Calculating distance matrix: done in 0.000848055 secs using 742.6% CPU
Computing ML distances took 0.000915 sec (of wall-clock time) 0.006358 sec (of CPU time)
Setting up auxiliary I and S matrices: done in 7.70092e-05 secs using 1304% CPU
Constructing RapidNJ tree: done in 0.00163007 secs using 771.4% CPU
Computing RapidNJ tree took 0.001735 sec (of wall-clock time) 0.015241 sec (of CPU time)
Log-likelihood of RapidNJ tree: -467.582
--------------------------------------------------------------------
|             INITIALIZING CANDIDATE TREE SET                      |
--------------------------------------------------------------------
Generating 98 parsimony trees... 0.036 second
Computing log-likelihood of 98 initial trees ... 0.105 seconds
Current best score: -455.163

Do NNI search on 20 best initial trees
Estimate model parameters (epsilon = 0.100)

WARNING: Estimated model parameters are at boundary that can cause numerical instability!

BETTER TREE FOUND at iteration 1: -454.792
Estimate model parameters (epsilon = 0.100)
BETTER TREE FOUND at iteration 2: -454.504
Iteration 10 / LogL: -455.027 / Time: 0h:0m:0s
Iteration 20 / LogL: -456.299 / Time: 0h:0m:0s
Finish initializing candidate tree set (20)
Current best tree score: -454.504 / CPU time: 0.437
Number of iterations: 20
--------------------------------------------------------------------
|               OPTIMIZING CANDIDATE TREE SET                      |
--------------------------------------------------------------------
BETTER TREE FOUND at iteration 30: -454.504
Iteration 30 / LogL: -454.504 / Time: 0h:0m:0s (0h:0m:2s left)
Iteration 40 / LogL: -457.310 / Time: 0h:0m:1s (0h:0m:2s left)
BETTER TREE FOUND at iteration 46: -454.503
Iteration 50 / LogL: -454.506 / Time: 0h:0m:1s (0h:0m:2s left)
Iteration 60 / LogL: -454.506 / Time: 0h:0m:1s (0h:0m:2s left)
Iteration 70 / LogL: -454.504 / Time: 0h:0m:1s (0h:0m:1s left)
Iteration 80 / LogL: -454.505 / Time: 0h:0m:1s (0h:0m:1s left)
Iteration 90 / LogL: -456.304 / Time: 0h:0m:2s (0h:0m:1s left)
Iteration 100 / LogL: -458.286 / Time: 0h:0m:2s (0h:0m:1s left)
Iteration 110 / LogL: -454.505 / Time: 0h:0m:2s (0h:0m:0s left)
Iteration 120 / LogL: -454.507 / Time: 0h:0m:2s (0h:0m:0s left)
Iteration 130 / LogL: -454.506 / Time: 0h:0m:3s (0h:0m:0s left)
BETTER TREE FOUND at iteration 131: -454.503
Iteration 140 / LogL: -456.302 / Time: 0h:0m:3s (0h:0m:2s left)
Iteration 150 / LogL: -454.506 / Time: 0h:0m:3s (0h:0m:1s left)
Iteration 160 / LogL: -456.427 / Time: 0h:0m:3s (0h:0m:1s left)
Iteration 170 / LogL: -454.504 / Time: 0h:0m:3s (0h:0m:1s left)
Iteration 180 / LogL: -454.506 / Time: 0h:0m:4s (0h:0m:1s left)
Iteration 190 / LogL: -461.917 / Time: 0h:0m:4s (0h:0m:0s left)
BETTER TREE FOUND at iteration 195: -454.503
Iteration 200 / LogL: -454.506 / Time: 0h:0m:4s (0h:0m:2s left)
Iteration 210 / LogL: -454.504 / Time: 0h:0m:4s (0h:0m:1s left)
Iteration 220 / LogL: -454.505 / Time: 0h:0m:5s (0h:0m:1s left)
Iteration 230 / LogL: -454.504 / Time: 0h:0m:5s (0h:0m:1s left)
BETTER TREE FOUND at iteration 238: -454.503
Iteration 240 / LogL: -454.505 / Time: 0h:0m:5s (0h:0m:2s left)
Iteration 250 / LogL: -454.504 / Time: 0h:0m:5s (0h:0m:2s left)
Iteration 260 / LogL: -454.506 / Time: 0h:0m:6s (0h:0m:1s left)
Iteration 270 / LogL: -454.506 / Time: 0h:0m:6s (0h:0m:1s left)
Iteration 280 / LogL: -454.505 / Time: 0h:0m:6s (0h:0m:1s left)
Iteration 290 / LogL: -454.505 / Time: 0h:0m:6s (0h:0m:1s left)
Iteration 300 / LogL: -454.505 / Time: 0h:0m:7s (0h:0m:0s left)
BETTER TREE FOUND at iteration 309: -454.503
Iteration 310 / LogL: -463.012 / Time: 0h:0m:7s (0h:0m:2s left)
Iteration 320 / LogL: -454.503 / Time: 0h:0m:7s (0h:0m:2s left)
Iteration 330 / LogL: -454.506 / Time: 0h:0m:7s (0h:0m:1s left)
Iteration 340 / LogL: -454.504 / Time: 0h:0m:7s (0h:0m:1s left)
Iteration 350 / LogL: -456.303 / Time: 0h:0m:8s (0h:0m:1s left)
Iteration 360 / LogL: -454.506 / Time: 0h:0m:8s (0h:0m:1s left)
Iteration 370 / LogL: -454.504 / Time: 0h:0m:8s (0h:0m:0s left)
Iteration 380 / LogL: -454.507 / Time: 0h:0m:8s (0h:0m:0s left)
Iteration 390 / LogL: -458.969 / Time: 0h:0m:9s (0h:0m:0s left)
Iteration 400 / LogL: -457.046 / Time: 0h:0m:9s (0h:0m:0s left)
Iteration 410 / LogL: -454.506 / Time: 0h:0m:9s (0h:0m:-1s left)
TREE SEARCH COMPLETED AFTER 410 ITERATIONS / Time: 0h:0m:9s

--------------------------------------------------------------------
|                    FINALIZING TREE SEARCH                        |
--------------------------------------------------------------------
Performs final model parameters optimization
Estimate model parameters (epsilon = 0.010)
1. Initial log-likelihood: -454.503
Optimal log-likelihood: -454.495
Rate parameters:  A-C: 98.11266  A-G: 21.56294  A-T: 8.53756  C-G: 12.75051  C-T: 100.00000  G-T: 1.00000
Warning! Some parameters hit the boundaries
Base frequencies:  A: 0.331  C: 0.188  G: 0.270  T: 0.211
Gamma shape alpha: 0.020
Parameters optimization took 1 rounds (0.017 sec)

WARNING: Estimated model parameters are at boundary that can cause numerical instability!

BEST SCORE FOUND : -454.495
Total tree length: 0.114

Total number of iterations: 410
CPU time used for tree search: 74.992 sec (0h:1m:14s)
Wall-clock time used for tree search: 9.682 sec (0h:0m:9s)
Total CPU time used: 75.692 sec (0h:1m:15s)
Total wall-clock time used: 9.773 sec (0h:0m:9s)

Analysis results written to: 
  IQ-TREE report:                /workspace/IQTree_8_cores_JarvD5a_Results/exon_114.iqtree
  Maximum-likelihood tree:       /workspace/IQTree_8_cores_JarvD5a_Results/exon_114.treefile
  Likelihood distances:          /workspace/IQTree_8_cores_JarvD5a_Results/exon_114.mldist
  Screen log file:               /workspace/IQTree_8_cores_JarvD5a_Results/exon_114.log

Date and Time: Wed May 27 18:56:49 2026
