IQ-TREE version 3.1.2 for Linux x86 64-bit built May  7 2026
Developed by Bui Quang Minh, Thomas Wong, Nhan Ly-Trong, Huaiyan Ren
Contributed by Lam-Tung Nguyen, Dominik Schrempf, Chris Bielow,
Olga Chernomor, Michael Woodhams, Diep Thi Hoang, Heiko Schmidt

Host:    8084c4e79f09 (AVX512, FMA3, 1133 GB RAM)
Command: /workspace/iqtree-3.1.2-Linux/bin/iqtree3_intel -s /workspace/NeuralNJ/empirical/JarvD5a/exon_13617.fasta -st DNA -m GTR+G -T 8 -seed 2201 -pre /workspace/IQTree_8_cores_JarvD5a_Results/exon_13617 -quiet
Seed:    2201 (Using SPRNG - Scalable Parallel Random Number Generator)
Time:    Thu May 28 09:05:27 2026
Kernel:  AVX+FMA - 8 threads (384 CPU cores detected)

Reading alignment file /workspace/NeuralNJ/empirical/JarvD5a/exon_13617.fasta ... Fasta format detected
Reading fasta file: done in 0.000244141 secs using 62.67% CPU
Alignment most likely contains DNA/RNA sequences
Constructing alignment: done in 0.000684023 secs using 685.1% CPU
Alignment has 46 sequences with 484 columns, 290 distinct patterns
183 parsimony-informative, 100 singleton sites, 201 constant sites
       Gap/Ambiguity  Composition  p-value
Analyzing sequences: done in 2.09808e-05 secs using 200.2% CPU
   1  ACACH    3.72%    passed     62.72%
   2  ANAPL    4.13%    passed     98.97%
   3  APAVI    3.72%    passed     98.86%
   4  APTFO    3.72%    passed     79.93%
   5  BALRE    3.72%    passed     98.09%
   6  BUCRH    3.72%    passed     99.09%
   7  CALAN    1.65%    passed     91.73%
   8  CAPCA    3.72%    passed     92.99%
   9  CARCR    3.72%    passed     98.90%
  10  CATAU    3.72%    passed     92.26%
  11  CHAPE    3.72%    passed     75.94%
  12  CHAVO    3.72%    passed     99.60%
  13  CHLUN    2.48%    passed     94.45%
  14  COLST    3.72%    passed     98.83%
  15  CORBR    3.72%    passed     63.04%
  16  CUCCA    3.31%    passed     70.69%
  17  EGRGA    3.72%    passed     96.44%
  18  EURHE    4.13%    passed     73.68%
  19  FALPE    3.72%    passed     99.44%
  20  FULGL    3.72%    passed     99.79%
  21  GALGA    3.72%    passed     98.18%
  22  GAVST    3.72%    passed     98.52%
  23  GEOFO    3.72%    passed     89.68%
  24  HALAL    3.72%    passed     98.28%
  25  HALLE    3.72%    passed     98.28%
  26  LEPDI    3.72%    passed     97.53%
  27  MANVI    3.72%    passed     84.16%
  28  MELGA    3.72%    passed     93.12%
  29  MELUN    4.13%    passed     93.21%
  30  MERNU    3.72%    passed     99.32%
  31  MESUN    3.72%    passed     97.67%
  32  NESNO    4.13%    passed     93.21%
  33  NIPNI    3.72%    passed     94.99%
  34  OPHHO    3.72%    passed     99.75%
  35  PELCR    3.72%    passed     97.67%
  36  PHACA    4.55%    passed     83.54%
  37  PHALE    4.55%    passed     99.90%
  38  PHORU    4.13%    passed     96.57%
  39  PODCR    4.13%    passed     99.16%
  40  PTEGU    3.72%    passed     96.99%
  41  PYGAD    3.72%    passed     86.76%
  42  STRCA    3.72%    passed     98.80%
  43  TAEGU    3.72%    passed     88.51%
  44  TAUER    3.72%    passed     90.89%
  45  TINMA    5.37%    passed     90.65%
  46  TYTAL    3.72%    passed     97.70%
****  TOTAL    3.76%  0 sequences failed composition chi2 test (p-value<5%; df=3)
NOTE: HALLE is identical to HALAL but kept for subsequent analysis
Checking for duplicate sequences: done in 0.000128031 secs using 807.6% CPU

Create initial parsimony tree by phylogenetic likelihood library (PLL)... 0.002 seconds

NOTE: 1 MB RAM (0 GB) is required!
WARNING: Number of threads seems too high for short alignments. Use -T AUTO to determine best number of threads.
Estimate model parameters (epsilon = 0.100)
1. Initial log-likelihood: -5373.295
2. Current log-likelihood: -5142.744
3. Current log-likelihood: -5140.374
Optimal log-likelihood: -5140.364
Rate parameters:  A-C: 1.26443  A-G: 4.37656  A-T: 0.44405  C-G: 2.13058  C-T: 3.18887  G-T: 1.00000
Base frequencies:  A: 0.326  C: 0.223  G: 0.181  T: 0.271
Gamma shape alpha: 0.585
Parameters optimization took 3 rounds (0.088 sec)
Wrote distance file to... 
Computing ML distances based on estimated model parameters...
Calculating distance matrix: done in 0.000905037 secs using 796% CPU
Computing ML distances took 0.000985 sec (of wall-clock time) 0.007663 sec (of CPU time)
Setting up auxiliary I and S matrices: done in 0.000151873 secs using 180.4% CPU
Constructing RapidNJ tree: done in 0.00383592 secs using 894.6% CPU
Computing RapidNJ tree took 0.004056 sec (of wall-clock time) 0.035279 sec (of CPU time)
Log-likelihood of RapidNJ tree: -5156.132
--------------------------------------------------------------------
|             INITIALIZING CANDIDATE TREE SET                      |
--------------------------------------------------------------------
Generating 98 parsimony trees... 0.172 second
Computing log-likelihood of 98 initial trees ... 0.443 seconds
Current best score: -5120.165

Do NNI search on 20 best initial trees
Estimate model parameters (epsilon = 0.100)
BETTER TREE FOUND at iteration 1: -5110.736
Iteration 10 / LogL: -5114.041 / Time: 0h:0m:1s
Iteration 20 / LogL: -5115.930 / Time: 0h:0m:2s
Finish initializing candidate tree set (20)
Current best tree score: -5110.736 / CPU time: 2.315
Number of iterations: 20
--------------------------------------------------------------------
|               OPTIMIZING CANDIDATE TREE SET                      |
--------------------------------------------------------------------
Estimate model parameters (epsilon = 0.100)
BETTER TREE FOUND at iteration 29: -5110.577
Estimate model parameters (epsilon = 0.100)
BETTER TREE FOUND at iteration 30: -5110.361
Iteration 30 / LogL: -5110.361 / Time: 0h:0m:3s (0h:0m:11s left)
Estimate model parameters (epsilon = 0.100)
BETTER TREE FOUND at iteration 36: -5108.648
Iteration 40 / LogL: -5110.257 / Time: 0h:0m:4s (0h:0m:11s left)
Estimate model parameters (epsilon = 0.100)
BETTER TREE FOUND at iteration 44: -5106.920
Estimate model parameters (epsilon = 0.100)
BETTER TREE FOUND at iteration 46: -5106.277
Estimate model parameters (epsilon = 0.100)
BETTER TREE FOUND at iteration 49: -5104.890
Iteration 50 / LogL: -5116.592 / Time: 0h:0m:5s (0h:0m:11s left)
Estimate model parameters (epsilon = 0.100)
BETTER TREE FOUND at iteration 55: -5104.510
BETTER TREE FOUND at iteration 57: -5104.510
Estimate model parameters (epsilon = 0.100)
BETTER TREE FOUND at iteration 58: -5104.129
Iteration 60 / LogL: -5104.778 / Time: 0h:0m:6s (0h:0m:11s left)
Iteration 70 / LogL: -5105.288 / Time: 0h:0m:7s (0h:0m:10s left)
Estimate model parameters (epsilon = 0.100)
BETTER TREE FOUND at iteration 78: -5103.580
Iteration 80 / LogL: -5105.054 / Time: 0h:0m:8s (0h:0m:10s left)
Iteration 90 / LogL: -5107.031 / Time: 0h:0m:9s (0h:0m:9s left)
Iteration 100 / LogL: -5104.101 / Time: 0h:0m:10s (0h:0m:8s left)
Iteration 110 / LogL: -5104.096 / Time: 0h:0m:11s (0h:0m:7s left)
Estimate model parameters (epsilon = 0.100)
BETTER TREE FOUND at iteration 111: -5103.511
UPDATE BEST LOG-LIKELIHOOD: -5103.511
Iteration 120 / LogL: -5104.078 / Time: 0h:0m:12s (0h:0m:9s left)
Iteration 130 / LogL: -5104.318 / Time: 0h:0m:13s (0h:0m:8s left)
Iteration 140 / LogL: -5103.601 / Time: 0h:0m:15s (0h:0m:7s left)
Iteration 150 / LogL: -5104.654 / Time: 0h:0m:16s (0h:0m:6s left)
Iteration 160 / LogL: -5103.601 / Time: 0h:0m:17s (0h:0m:5s left)
Iteration 170 / LogL: -5103.603 / Time: 0h:0m:18s (0h:0m:4s left)
UPDATE BEST LOG-LIKELIHOOD: -5103.511
UPDATE BEST LOG-LIKELIHOOD: -5103.510
Iteration 180 / LogL: -5103.788 / Time: 0h:0m:19s (0h:0m:3s left)
Iteration 190 / LogL: -5106.299 / Time: 0h:0m:20s (0h:0m:2s left)
Iteration 200 / LogL: -5103.952 / Time: 0h:0m:21s (0h:0m:1s left)
Iteration 210 / LogL: -5103.511 / Time: 0h:0m:22s (0h:0m:0s left)
TREE SEARCH COMPLETED AFTER 212 ITERATIONS / Time: 0h:0m:22s

--------------------------------------------------------------------
|                    FINALIZING TREE SEARCH                        |
--------------------------------------------------------------------
Performs final model parameters optimization
Estimate model parameters (epsilon = 0.010)
1. Initial log-likelihood: -5103.510
Optimal log-likelihood: -5103.509
Rate parameters:  A-C: 1.19804  A-G: 4.32840  A-T: 0.40078  C-G: 2.07795  C-T: 3.00226  G-T: 1.00000
Base frequencies:  A: 0.326  C: 0.223  G: 0.181  T: 0.271
Gamma shape alpha: 0.587
Parameters optimization took 1 rounds (0.008 sec)
BEST SCORE FOUND : -5103.509
Total tree length: 2.383

Total number of iterations: 212
CPU time used for tree search: 179.990 sec (0h:2m:59s)
Wall-clock time used for tree search: 22.526 sec (0h:0m:22s)
Total CPU time used: 181.060 sec (0h:3m:1s)
Total wall-clock time used: 22.660 sec (0h:0m:22s)

Analysis results written to: 
  IQ-TREE report:                /workspace/IQTree_8_cores_JarvD5a_Results/exon_13617.iqtree
  Maximum-likelihood tree:       /workspace/IQTree_8_cores_JarvD5a_Results/exon_13617.treefile
  Likelihood distances:          /workspace/IQTree_8_cores_JarvD5a_Results/exon_13617.mldist
  Screen log file:               /workspace/IQTree_8_cores_JarvD5a_Results/exon_13617.log

Date and Time: Thu May 28 09:05:50 2026
