IQ-TREE version 3.1.2 for Linux x86 64-bit built May  7 2026
Developed by Bui Quang Minh, Thomas Wong, Nhan Ly-Trong, Huaiyan Ren
Contributed by Lam-Tung Nguyen, Dominik Schrempf, Chris Bielow,
Olga Chernomor, Michael Woodhams, Diep Thi Hoang, Heiko Schmidt

Host:    8084c4e79f09 (AVX512, FMA3, 1133 GB RAM)
Command: /workspace/iqtree-3.1.2-Linux/bin/iqtree3_intel -s /workspace/NeuralNJ/empirical/JarvD5a/exon_8477.fasta -st DNA -m GTR+G -T 8 -seed 2201 -pre /workspace/IQTree_8_cores_JarvD5a_Results/exon_8477 -quiet
Seed:    2201 (Using SPRNG - Scalable Parallel Random Number Generator)
Time:    Fri May 29 18:17:26 2026
Kernel:  AVX+FMA - 8 threads (384 CPU cores detected)

Reading alignment file /workspace/NeuralNJ/empirical/JarvD5a/exon_8477.fasta ... Fasta format detected
Reading fasta file: done in 0.000153065 secs using 29.4% CPU
Alignment most likely contains DNA/RNA sequences
Constructing alignment: done in 0.000369072 secs using 505.9% CPU
Alignment has 43 sequences with 168 columns, 107 distinct patterns
60 parsimony-informative, 38 singleton sites, 70 constant sites
       Gap/Ambiguity  Composition  p-value
Analyzing sequences: done in 1.3113e-05 secs using 99.14% CPU
   1  ANAPL    1.19%    passed     94.69%
   2  APAVI    0.00%    passed     99.77%
   3  APTFO    0.00%    passed     99.79%
   4  BALRE    0.00%    passed     99.65%
   5  BUCRH    0.00%    passed     97.82%
   6  CALAN   23.81%    passed     14.11%
   7  CAPCA    0.00%    passed     99.99%
   8  CARCR    0.00%    passed     99.90%
   9  CATAU    0.00%    passed     99.77%
  10  CHAPE    9.52%    passed     88.98%
  11  CHAVO    0.00%    passed     96.60%
  12  CHLUN    0.00%    passed     79.73%
  13  COLLI    0.00%    passed     37.71%
  14  COLST    0.00%    passed     98.61%
  15  CORBR    0.00%    passed     90.65%
  16  CUCCA    0.00%    passed     97.83%
  17  EGRGA    0.00%    passed     98.57%
  18  EURHE    0.00%    passed     97.67%
  19  FALPE    0.00%    passed     92.36%
  20  FULGL    0.00%    passed     99.79%
  21  GALGA    0.00%    passed     69.45%
  22  GAVST    0.00%    passed     99.58%
  23  GEOFO    0.00%    passed     99.83%
  24  HALAL    0.00%    passed     96.06%
  25  HALLE    0.00%    passed     96.06%
  26  MANVI    0.00%    passed     71.24%
  27  MELGA    0.00%    passed     71.85%
  28  MERNU    0.00%    passed     65.33%
  29  MESUN    0.00%    passed     96.91%
  30  NIPNI    0.00%    passed     99.90%
  31  OPHHO    0.00%    passed     87.53%
  32  PELCR    0.00%    passed     96.87%
  33  PHACA    0.00%    passed     98.61%
  34  PHALE    0.00%    passed     99.38%
  35  PHORU    0.00%    passed     98.73%
  36  PICPU    0.00%    passed     89.83%
  37  PODCR    0.00%    passed     87.02%
  38  PTEGU    0.00%    passed     98.64%
  39  PYGAD    0.00%    passed     99.79%
  40  STRCA    1.19%    passed     18.28%
  41  TAEGU    0.00%    passed     86.64%
  42  TAUER    0.00%    passed     99.36%
  43  TYTAL    0.00%    passed     99.60%
****  TOTAL    0.83%  0 sequences failed composition chi2 test (p-value<5%; df=3)
NOTE: HALLE is identical to HALAL but kept for subsequent analysis
Checking for duplicate sequences: done in 0.000159979 secs using 773.2% CPU

Create initial parsimony tree by phylogenetic likelihood library (PLL)... 0.001 seconds

NOTE: 0 MB RAM (0 GB) is required!
WARNING: Number of threads seems too high for short alignments. Use -T AUTO to determine best number of threads.
Estimate model parameters (epsilon = 0.100)
1. Initial log-likelihood: -1638.302
2. Current log-likelihood: -1579.208
3. Current log-likelihood: -1578.722
Optimal log-likelihood: -1578.718
Rate parameters:  A-C: 2.67374  A-G: 5.26865  A-T: 0.67400  C-G: 2.00181  C-T: 4.81292  G-T: 1.00000
Base frequencies:  A: 0.262  C: 0.225  G: 0.288  T: 0.225
Gamma shape alpha: 0.597
Parameters optimization took 3 rounds (0.085 sec)
Wrote distance file to... 
Computing ML distances based on estimated model parameters...
Calculating distance matrix: done in 0.002002 secs using 808.9% CPU
Computing ML distances took 0.002053 sec (of wall-clock time) 0.016383 sec (of CPU time)
Setting up auxiliary I and S matrices: done in 0.000148058 secs using 728.8% CPU
Constructing RapidNJ tree: done in 0.00365591 secs using 737.7% CPU
Computing RapidNJ tree took 0.003876 sec (of wall-clock time) 0.032619 sec (of CPU time)
Log-likelihood of RapidNJ tree: -1585.850
--------------------------------------------------------------------
|             INITIALIZING CANDIDATE TREE SET                      |
--------------------------------------------------------------------
Generating 98 parsimony trees... 0.093 second
Computing log-likelihood of 98 initial trees ... 0.408 seconds
Current best score: -1572.078

Do NNI search on 20 best initial trees
Estimate model parameters (epsilon = 0.100)
BETTER TREE FOUND at iteration 1: -1569.352
Iteration 10 / LogL: -1575.774 / Time: 0h:0m:1s
Iteration 20 / LogL: -1572.559 / Time: 0h:0m:2s
Finish initializing candidate tree set (20)
Current best tree score: -1569.352 / CPU time: 2.678
Number of iterations: 20
--------------------------------------------------------------------
|               OPTIMIZING CANDIDATE TREE SET                      |
--------------------------------------------------------------------
Estimate model parameters (epsilon = 0.100)
BETTER TREE FOUND at iteration 22: -1568.647
Estimate model parameters (epsilon = 0.100)
BETTER TREE FOUND at iteration 29: -1567.762
Iteration 30 / LogL: -1569.081 / Time: 0h:0m:4s (0h:0m:14s left)
BETTER TREE FOUND at iteration 35: -1567.762
Estimate model parameters (epsilon = 0.100)
BETTER TREE FOUND at iteration 36: -1567.657
Iteration 40 / LogL: -1569.387 / Time: 0h:0m:5s (0h:0m:14s left)
Estimate model parameters (epsilon = 0.100)
BETTER TREE FOUND at iteration 41: -1567.070
Estimate model parameters (epsilon = 0.100)
BETTER TREE FOUND at iteration 44: -1566.071
BETTER TREE FOUND at iteration 50: -1566.070
Iteration 50 / LogL: -1566.070 / Time: 0h:0m:6s (0h:0m:14s left)
BETTER TREE FOUND at iteration 55: -1566.070
BETTER TREE FOUND at iteration 57: -1566.070
Iteration 60 / LogL: -1566.265 / Time: 0h:0m:8s (0h:0m:13s left)
Estimate model parameters (epsilon = 0.100)
BETTER TREE FOUND at iteration 68: -1566.014
Iteration 70 / LogL: -1566.086 / Time: 0h:0m:9s (0h:0m:13s left)
Iteration 80 / LogL: -1567.257 / Time: 0h:0m:10s (0h:0m:12s left)
Iteration 90 / LogL: -1568.391 / Time: 0h:0m:12s (0h:0m:10s left)
Iteration 100 / LogL: -1567.524 / Time: 0h:0m:13s (0h:0m:9s left)
BETTER TREE FOUND at iteration 110: -1566.014
Iteration 110 / LogL: -1566.014 / Time: 0h:0m:14s (0h:0m:13s left)
Iteration 120 / LogL: -1572.451 / Time: 0h:0m:15s (0h:0m:11s left)
BETTER TREE FOUND at iteration 127: -1566.014
Iteration 130 / LogL: -1566.014 / Time: 0h:0m:16s (0h:0m:12s left)
Estimate model parameters (epsilon = 0.100)
BETTER TREE FOUND at iteration 140: -1565.070
Iteration 140 / LogL: -1565.070 / Time: 0h:0m:17s (0h:0m:12s left)
BETTER TREE FOUND at iteration 143: -1565.069
Iteration 150 / LogL: -1565.827 / Time: 0h:0m:18s (0h:0m:11s left)
Iteration 160 / LogL: -1566.826 / Time: 0h:0m:19s (0h:0m:10s left)
BETTER TREE FOUND at iteration 165: -1565.069
Iteration 170 / LogL: -1566.680 / Time: 0h:0m:20s (0h:0m:11s left)
Iteration 180 / LogL: -1566.941 / Time: 0h:0m:21s (0h:0m:10s left)
BETTER TREE FOUND at iteration 181: -1565.069
BETTER TREE FOUND at iteration 182: -1565.069
Iteration 190 / LogL: -1565.826 / Time: 0h:0m:22s (0h:0m:10s left)
BETTER TREE FOUND at iteration 194: -1565.069
Iteration 200 / LogL: -1568.933 / Time: 0h:0m:23s (0h:0m:11s left)
Iteration 210 / LogL: -1566.277 / Time: 0h:0m:24s (0h:0m:9s left)
Iteration 220 / LogL: -1567.152 / Time: 0h:0m:25s (0h:0m:8s left)
Iteration 230 / LogL: -1585.838 / Time: 0h:0m:26s (0h:0m:7s left)
Iteration 240 / LogL: -1565.069 / Time: 0h:0m:27s (0h:0m:6s left)
Iteration 250 / LogL: -1566.775 / Time: 0h:0m:28s (0h:0m:5s left)
Iteration 260 / LogL: -1567.486 / Time: 0h:0m:29s (0h:0m:3s left)
Iteration 270 / LogL: -1565.070 / Time: 0h:0m:30s (0h:0m:2s left)
BETTER TREE FOUND at iteration 280: -1565.069
Iteration 280 / LogL: -1565.069 / Time: 0h:0m:31s (0h:0m:11s left)
BETTER TREE FOUND at iteration 284: -1565.069
BETTER TREE FOUND at iteration 287: -1565.069
Iteration 290 / LogL: -1565.069 / Time: 0h:0m:32s (0h:0m:10s left)
Iteration 300 / LogL: -1569.236 / Time: 0h:0m:33s (0h:0m:9s left)
Iteration 310 / LogL: -1565.069 / Time: 0h:0m:34s (0h:0m:8s left)
BETTER TREE FOUND at iteration 318: -1565.069
Iteration 320 / LogL: -1565.069 / Time: 0h:0m:35s (0h:0m:10s left)
Iteration 330 / LogL: -1568.765 / Time: 0h:0m:36s (0h:0m:9s left)
Iteration 340 / LogL: -1565.069 / Time: 0h:0m:37s (0h:0m:8s left)
Iteration 350 / LogL: -1568.991 / Time: 0h:0m:38s (0h:0m:7s left)
Iteration 360 / LogL: -1566.775 / Time: 0h:0m:38s (0h:0m:6s left)
Iteration 370 / LogL: -1566.888 / Time: 0h:0m:39s (0h:0m:5s left)
Iteration 380 / LogL: -1589.285 / Time: 0h:0m:40s (0h:0m:4s left)
Iteration 390 / LogL: -1565.069 / Time: 0h:0m:41s (0h:0m:3s left)
Iteration 400 / LogL: -1566.927 / Time: 0h:0m:42s (0h:0m:1s left)
BETTER TREE FOUND at iteration 408: -1565.069
Iteration 410 / LogL: -1565.070 / Time: 0h:0m:43s (0h:0m:10s left)
Iteration 420 / LogL: -1565.069 / Time: 0h:0m:44s (0h:0m:9s left)
BETTER TREE FOUND at iteration 430: -1565.069
Iteration 430 / LogL: -1565.069 / Time: 0h:0m:45s (0h:0m:10s left)
Iteration 440 / LogL: -1565.069 / Time: 0h:0m:46s (0h:0m:9s left)
Iteration 450 / LogL: -1566.679 / Time: 0h:0m:47s (0h:0m:8s left)
Iteration 460 / LogL: -1565.069 / Time: 0h:0m:48s (0h:0m:7s left)
Iteration 470 / LogL: -1570.485 / Time: 0h:0m:49s (0h:0m:6s left)
Iteration 480 / LogL: -1565.069 / Time: 0h:0m:50s (0h:0m:5s left)
Iteration 490 / LogL: -1566.486 / Time: 0h:0m:51s (0h:0m:4s left)
Iteration 500 / LogL: -1565.069 / Time: 0h:0m:52s (0h:0m:3s left)
Iteration 510 / LogL: -1565.826 / Time: 0h:0m:53s (0h:0m:2s left)
Iteration 520 / LogL: -1566.680 / Time: 0h:0m:54s (0h:0m:1s left)
Iteration 530 / LogL: -1565.070 / Time: 0h:0m:55s (0h:0m:0s left)
TREE SEARCH COMPLETED AFTER 531 ITERATIONS / Time: 0h:0m:55s

--------------------------------------------------------------------
|                    FINALIZING TREE SEARCH                        |
--------------------------------------------------------------------
Performs final model parameters optimization
Estimate model parameters (epsilon = 0.010)
1. Initial log-likelihood: -1565.069
Optimal log-likelihood: -1565.069
Rate parameters:  A-C: 2.87972  A-G: 6.12849  A-T: 0.66519  C-G: 1.98690  C-T: 4.81139  G-T: 1.00000
Base frequencies:  A: 0.262  C: 0.225  G: 0.288  T: 0.225
Gamma shape alpha: 0.638
Parameters optimization took 1 rounds (0.006 sec)
BEST SCORE FOUND : -1565.069
Total tree length: 2.067

Total number of iterations: 531
CPU time used for tree search: 444.923 sec (0h:7m:24s)
Wall-clock time used for tree search: 55.670 sec (0h:0m:55s)
Total CPU time used: 445.958 sec (0h:7m:25s)
Total wall-clock time used: 55.799 sec (0h:0m:55s)

Analysis results written to: 
  IQ-TREE report:                /workspace/IQTree_8_cores_JarvD5a_Results/exon_8477.iqtree
  Maximum-likelihood tree:       /workspace/IQTree_8_cores_JarvD5a_Results/exon_8477.treefile
  Likelihood distances:          /workspace/IQTree_8_cores_JarvD5a_Results/exon_8477.mldist
  Screen log file:               /workspace/IQTree_8_cores_JarvD5a_Results/exon_8477.log

Date and Time: Fri May 29 18:18:22 2026
