IQ-TREE version 3.1.2 for Linux x86 64-bit built May  7 2026
Developed by Bui Quang Minh, Thomas Wong, Nhan Ly-Trong, Huaiyan Ren
Contributed by Lam-Tung Nguyen, Dominik Schrempf, Chris Bielow,
Olga Chernomor, Michael Woodhams, Diep Thi Hoang, Heiko Schmidt

Host:    8084c4e79f09 (AVX512, FMA3, 1133 GB RAM)
Command: /workspace/iqtree-3.1.2-Linux/bin/iqtree3_intel -s /workspace/NeuralNJ/empirical/JarvD5a/exon_8407.fasta -st DNA -m GTR+G -T 8 -seed 2201 -pre /workspace/IQTree_8_cores_JarvD5a_Results/exon_8407 -quiet
Seed:    2201 (Using SPRNG - Scalable Parallel Random Number Generator)
Time:    Fri May 29 17:51:31 2026
Kernel:  AVX+FMA - 8 threads (384 CPU cores detected)

Reading alignment file /workspace/NeuralNJ/empirical/JarvD5a/exon_8407.fasta ... Fasta format detected
Reading fasta file: done in 0.000490904 secs using 19.96% CPU
Alignment most likely contains DNA/RNA sequences
Constructing alignment: done in 0.00110507 secs using 708.1% CPU
Alignment has 46 sequences with 842 columns, 290 distinct patterns
137 parsimony-informative, 101 singleton sites, 604 constant sites
       Gap/Ambiguity  Composition  p-value
Analyzing sequences: done in 1.19209e-05 secs using 100.7% CPU
   1  ACACH    5.94%    passed     84.29%
   2  ANAPL   16.15%    passed     99.26%
   3  APAVI    9.26%    passed     98.76%
   4  APTFO    3.80%    passed     99.60%
   5  BALRE   16.15%    passed     94.70%
   6  CALAN    5.94%    passed     99.53%
   7  CAPCA    4.99%    passed     96.22%
   8  CARCR   39.90%    passed     67.35%
   9  CATAU   16.15%    passed     96.71%
  10  CHAPE    7.13%    passed     93.53%
  11  CHAVO    3.56%    passed     99.93%
  12  CHLUN   18.88%    passed     97.95%
  13  COLLI    8.08%    passed     90.66%
  14  COLST    5.70%    passed     92.27%
  15  CORBR    6.18%    passed     96.99%
  16  CUCCA    5.23%    passed     88.00%
  17  EGRGA    2.61%    passed     90.30%
  18  EURHE    1.90%    passed     99.31%
  19  FALPE    4.51%    passed     97.82%
  20  FULGL    5.70%    passed     96.83%
  21  GALGA   16.15%    passed     99.26%
  22  GAVST    7.96%    passed     95.17%
  23  GEOFO    5.94%    passed     98.44%
  24  HALAL   11.52%    passed     82.22%
  25  HALLE    2.38%    passed     92.04%
  26  LEPDI    7.13%    passed     99.76%
  27  MANVI    8.55%    passed     89.82%
  28  MELGA   16.15%    passed     98.63%
  29  MERNU   15.68%    passed     98.59%
  30  MESUN    1.90%    passed     97.47%
  31  NESNO    6.65%    passed     96.04%
  32  NIPNI    4.51%    passed     98.82%
  33  OPHHO   23.52%    passed     92.78%
  34  PELCR   22.09%    passed     89.82%
  35  PHACA   39.90%    passed     81.37%
  36  PHALE    1.90%    passed     90.78%
  37  PHORU   18.53%    passed     94.24%
  38  PICPU    4.28%    passed     80.06%
  39  PODCR   19.24%    passed     87.86%
  40  PTEGU    2.61%    passed     96.31%
  41  PYGAD    3.80%    passed     96.54%
  42  STRCA    4.28%    passed     79.26%
  43  TAEGU    5.94%    passed     96.03%
  44  TAUER   43.47%    passed     50.68%
  45  TINMA   16.15%    passed     92.60%
  46  TYTAL   16.15%    passed     92.63%
****  TOTAL   11.18%  0 sequences failed composition chi2 test (p-value<5%; df=3)
Checking for duplicate sequences: done in 0.000123024 secs using 808.8% CPU

Create initial parsimony tree by phylogenetic likelihood library (PLL)... 0.001 seconds

NOTE: 1 MB RAM (0 GB) is required!
WARNING: Number of threads seems too high for short alignments. Use -T AUTO to determine best number of threads.
Estimate model parameters (epsilon = 0.100)
1. Initial log-likelihood: -5091.482
2. Current log-likelihood: -4800.024
3. Current log-likelihood: -4780.720
4. Current log-likelihood: -4780.516
Optimal log-likelihood: -4780.503
Rate parameters:  A-C: 0.79542  A-G: 1.16687  A-T: 0.61139  C-G: 1.32807  C-T: 1.93397  G-T: 1.00000
Base frequencies:  A: 0.328  C: 0.225  G: 0.227  T: 0.220
Gamma shape alpha: 0.180
Parameters optimization took 4 rounds (0.062 sec)
Wrote distance file to... 
Computing ML distances based on estimated model parameters...
Calculating distance matrix: done in 0.000711918 secs using 762.4% CPU
Computing ML distances took 0.000778 sec (of wall-clock time) 0.005552 sec (of CPU time)
Setting up auxiliary I and S matrices: done in 0.000118017 secs using 1434% CPU
Constructing RapidNJ tree: done in 0.0034852 secs using 799.7% CPU
Computing RapidNJ tree took 0.003637 sec (of wall-clock time) 0.033427 sec (of CPU time)
Log-likelihood of RapidNJ tree: -4820.365
--------------------------------------------------------------------
|             INITIALIZING CANDIDATE TREE SET                      |
--------------------------------------------------------------------
Generating 98 parsimony trees... 0.175 second
Computing log-likelihood of 98 initial trees ... 0.430 seconds
Current best score: -4770.410

Do NNI search on 20 best initial trees
Estimate model parameters (epsilon = 0.100)
BETTER TREE FOUND at iteration 1: -4751.111
Iteration 10 / LogL: -4762.276 / Time: 0h:0m:1s
Iteration 20 / LogL: -4761.214 / Time: 0h:0m:2s
Finish initializing candidate tree set (20)
Current best tree score: -4751.111 / CPU time: 2.626
Number of iterations: 20
--------------------------------------------------------------------
|               OPTIMIZING CANDIDATE TREE SET                      |
--------------------------------------------------------------------
Estimate model parameters (epsilon = 0.100)
BETTER TREE FOUND at iteration 21: -4749.174
Estimate model parameters (epsilon = 0.100)
BETTER TREE FOUND at iteration 22: -4747.209
Iteration 30 / LogL: -4748.362 / Time: 0h:0m:4s (0h:0m:12s left)
Iteration 40 / LogL: -4749.990 / Time: 0h:0m:5s (0h:0m:10s left)
Estimate model parameters (epsilon = 0.100)
BETTER TREE FOUND at iteration 44: -4746.030
UPDATE BEST LOG-LIKELIHOOD: -4746.030
Iteration 50 / LogL: -4748.655 / Time: 0h:0m:6s (0h:0m:12s left)
Iteration 60 / LogL: -4749.466 / Time: 0h:0m:7s (0h:0m:10s left)
Iteration 70 / LogL: -4746.030 / Time: 0h:0m:9s (0h:0m:9s left)
Iteration 80 / LogL: -4747.416 / Time: 0h:0m:10s (0h:0m:8s left)
Iteration 90 / LogL: -4762.727 / Time: 0h:0m:11s (0h:0m:6s left)
Iteration 100 / LogL: -4747.416 / Time: 0h:0m:12s (0h:0m:5s left)
Iteration 110 / LogL: -4750.470 / Time: 0h:0m:13s (0h:0m:4s left)
Iteration 120 / LogL: -4747.416 / Time: 0h:0m:15s (0h:0m:3s left)
Iteration 130 / LogL: -4746.030 / Time: 0h:0m:16s (0h:0m:1s left)
Iteration 140 / LogL: -4747.483 / Time: 0h:0m:17s (0h:0m:0s left)
TREE SEARCH COMPLETED AFTER 145 ITERATIONS / Time: 0h:0m:17s

--------------------------------------------------------------------
|                    FINALIZING TREE SEARCH                        |
--------------------------------------------------------------------
Performs final model parameters optimization
Estimate model parameters (epsilon = 0.010)
1. Initial log-likelihood: -4746.030
Optimal log-likelihood: -4746.030
Rate parameters:  A-C: 1.01364  A-G: 1.42139  A-T: 0.72440  C-G: 1.60809  C-T: 2.48535  G-T: 1.00000
Base frequencies:  A: 0.328  C: 0.225  G: 0.227  T: 0.220
Gamma shape alpha: 0.180
Parameters optimization took 1 rounds (0.009 sec)
BEST SCORE FOUND : -4746.030
Total tree length: 1.808

Total number of iterations: 145
CPU time used for tree search: 142.675 sec (0h:2m:22s)
Wall-clock time used for tree search: 17.848 sec (0h:0m:17s)
Total CPU time used: 143.552 sec (0h:2m:23s)
Total wall-clock time used: 17.956 sec (0h:0m:17s)

Analysis results written to: 
  IQ-TREE report:                /workspace/IQTree_8_cores_JarvD5a_Results/exon_8407.iqtree
  Maximum-likelihood tree:       /workspace/IQTree_8_cores_JarvD5a_Results/exon_8407.treefile
  Likelihood distances:          /workspace/IQTree_8_cores_JarvD5a_Results/exon_8407.mldist
  Screen log file:               /workspace/IQTree_8_cores_JarvD5a_Results/exon_8407.log

Date and Time: Fri May 29 17:51:49 2026
