IQ-TREE version 3.1.2 for Linux x86 64-bit built May  7 2026
Developed by Bui Quang Minh, Thomas Wong, Nhan Ly-Trong, Huaiyan Ren
Contributed by Lam-Tung Nguyen, Dominik Schrempf, Chris Bielow,
Olga Chernomor, Michael Woodhams, Diep Thi Hoang, Heiko Schmidt

Host:    8084c4e79f09 (AVX512, FMA3, 1133 GB RAM)
Command: /workspace/iqtree-3.1.2-Linux/bin/iqtree3_intel -s /workspace/NeuralNJ/empirical/JarvD5a/exon_2668.fasta -st DNA -m GTR+G -T 8 -seed 2201 -pre /workspace/IQTree_8_cores_JarvD5a_Results/exon_2668 -quiet
Seed:    2201 (Using SPRNG - Scalable Parallel Random Number Generator)
Time:    Thu May 28 19:18:18 2026
Kernel:  AVX+FMA - 8 threads (384 CPU cores detected)

Reading alignment file /workspace/NeuralNJ/empirical/JarvD5a/exon_2668.fasta ... Fasta format detected
Reading fasta file: done in 0.000925064 secs using 77.08% CPU
Alignment most likely contains DNA/RNA sequences
Constructing alignment: done in 0.00341892 secs using 700.1% CPU
Alignment has 48 sequences with 2096 columns, 1357 distinct patterns
847 parsimony-informative, 478 singleton sites, 771 constant sites
       Gap/Ambiguity  Composition  p-value
Analyzing sequences: done in 6.41346e-05 secs using 329% CPU
   1  ACACH    6.58%    passed     62.77%
   2  ANAPL    7.16%    passed     90.74%
   3  APAVI    5.73%    passed     67.01%
   4  APTFO    6.01%    passed     97.98%
   5  BALRE    6.30%    passed     99.65%
   6  BUCRH    6.01%    passed     79.95%
   7  CALAN    5.92%    passed     98.91%
   8  CAPCA   47.90%    passed     71.26%
   9  CARCR    7.54%    passed     89.15%
  10  CATAU    5.87%    passed     94.96%
  11  CHAPE    6.30%    passed     96.53%
  12  CHAVO    5.15%    passed     99.12%
  13  CHLUN    6.58%    passed     95.27%
  14  COLLI    7.25%    passed     92.32%
  15  COLST   43.23%    passed     87.58%
  16  CORBR    6.11%    passed     77.33%
  17  CUCCA    6.30%    passed     89.37%
  18  EGRGA    6.01%    passed     95.47%
  19  EURHE    6.20%    passed     78.61%
  20  FALPE    5.73%    passed     89.69%
  21  FULGL    5.63%    passed     98.86%
  22  GALGA    6.49%    passed     82.04%
  23  GAVST    5.53%    passed     94.91%
  24  GEOFO    7.54%    passed     87.70%
  25  HALAL    6.30%    passed     92.18%
  26  HALLE   10.78%    passed     91.47%
  27  LEPDI    6.49%    passed     93.27%
  28  MANVI    6.30%    passed     89.55%
  29  MELGA    5.44%    passed     71.04%
  30  MELUN    5.73%    passed     96.09%
  31  MERNU    5.92%    passed     89.48%
  32  MESUN   10.02%    passed     83.59%
  33  NESNO    5.82%    passed     94.65%
  34  NIPNI    5.73%    passed     99.91%
  35  OPHHO    8.40%    passed     89.92%
  36  PELCR    6.01%    passed     98.93%
  37  PHACA    6.39%    passed     95.49%
  38  PHALE   18.70%    passed     91.78%
  39  PHORU    6.39%    passed     93.40%
  40  PICPU    8.68%    passed     86.86%
  41  PODCR   42.46%    passed     75.34%
  42  PTEGU    6.58%    passed     92.77%
  43  PYGAD    6.11%    passed     94.32%
  44  STRCA    9.26%    passed     91.91%
  45  TAEGU    9.26%    passed     75.76%
  46  TAUER    5.15%    passed     92.48%
  47  TINMA    9.64%    passed     97.11%
  48  TYTAL    6.01%    passed     98.52%
****  TOTAL    9.30%  0 sequences failed composition chi2 test (p-value<5%; df=3)
Checking for duplicate sequences: done in 0.000235081 secs using 787.4% CPU

Create initial parsimony tree by phylogenetic likelihood library (PLL)... 0.005 seconds

NOTE: 8 MB RAM (0 GB) is required!
Estimate model parameters (epsilon = 0.100)
1. Initial log-likelihood: -24006.863
2. Current log-likelihood: -23111.136
3. Current log-likelihood: -23105.227
Optimal log-likelihood: -23105.177
Rate parameters:  A-C: 1.63097  A-G: 4.04463  A-T: 0.87149  C-G: 1.87300  C-T: 4.79702  G-T: 1.00000
Base frequencies:  A: 0.374  C: 0.180  G: 0.221  T: 0.224
Gamma shape alpha: 0.711
Parameters optimization took 3 rounds (0.128 sec)
Wrote distance file to... 
Computing ML distances based on estimated model parameters...
Calculating distance matrix: done in 0.00141311 secs using 796.4% CPU
Computing ML distances took 0.001558 sec (of wall-clock time) 0.012309 sec (of CPU time)
Setting up auxiliary I and S matrices: done in 0.000110865 secs using 985.9% CPU
Constructing RapidNJ tree: done in 0.002702 secs using 664.1% CPU
Computing RapidNJ tree took 0.002873 sec (of wall-clock time) 0.024919 sec (of CPU time)
Log-likelihood of RapidNJ tree: -23229.640
--------------------------------------------------------------------
|             INITIALIZING CANDIDATE TREE SET                      |
--------------------------------------------------------------------
Generating 98 parsimony trees... 0.534 second
Computing log-likelihood of 98 initial trees ... 0.822 seconds
Current best score: -23076.875

Do NNI search on 20 best initial trees
Estimate model parameters (epsilon = 0.100)
BETTER TREE FOUND at iteration 1: -23052.512
Estimate model parameters (epsilon = 0.100)
BETTER TREE FOUND at iteration 3: -23049.771
Estimate model parameters (epsilon = 0.100)
BETTER TREE FOUND at iteration 5: -23045.442
Iteration 10 / LogL: -23049.214 / Time: 0h:0m:3s
Iteration 20 / LogL: -23059.982 / Time: 0h:0m:4s
Finish initializing candidate tree set (20)
Current best tree score: -23045.442 / CPU time: 4.561
Number of iterations: 20
--------------------------------------------------------------------
|               OPTIMIZING CANDIDATE TREE SET                      |
--------------------------------------------------------------------
Estimate model parameters (epsilon = 0.100)
BETTER TREE FOUND at iteration 22: -23044.343
Iteration 30 / LogL: -23053.084 / Time: 0h:0m:6s (0h:0m:20s left)
Estimate model parameters (epsilon = 0.100)
BETTER TREE FOUND at iteration 38: -23042.905
Iteration 40 / LogL: -23045.197 / Time: 0h:0m:8s (0h:0m:21s left)
Estimate model parameters (epsilon = 0.100)
BETTER TREE FOUND at iteration 43: -23042.856
Iteration 50 / LogL: -23044.438 / Time: 0h:0m:10s (0h:0m:19s left)
Iteration 60 / LogL: -23043.706 / Time: 0h:0m:11s (0h:0m:16s left)
Iteration 70 / LogL: -23050.897 / Time: 0h:0m:13s (0h:0m:14s left)
Estimate model parameters (epsilon = 0.100)
BETTER TREE FOUND at iteration 76: -23042.775
Iteration 80 / LogL: -23052.191 / Time: 0h:0m:15s (0h:0m:18s left)
Estimate model parameters (epsilon = 0.100)
BETTER TREE FOUND at iteration 84: -23040.149
Iteration 90 / LogL: -23046.297 / Time: 0h:0m:16s (0h:0m:17s left)
Estimate model parameters (epsilon = 0.100)
BETTER TREE FOUND at iteration 97: -23039.800
Iteration 100 / LogL: -23040.466 / Time: 0h:0m:18s (0h:0m:18s left)
Iteration 110 / LogL: -23040.169 / Time: 0h:0m:20s (0h:0m:16s left)
Iteration 120 / LogL: -23040.009 / Time: 0h:0m:22s (0h:0m:14s left)
Iteration 130 / LogL: -23040.008 / Time: 0h:0m:23s (0h:0m:12s left)
UPDATE BEST LOG-LIKELIHOOD: -23039.800
Iteration 140 / LogL: -23039.802 / Time: 0h:0m:25s (0h:0m:10s left)
Estimate model parameters (epsilon = 0.100)
BETTER TREE FOUND at iteration 141: -23039.311
Estimate model parameters (epsilon = 0.100)
BETTER TREE FOUND at iteration 149: -23039.213
Iteration 150 / LogL: -23041.275 / Time: 0h:0m:26s (0h:0m:17s left)
Iteration 160 / LogL: -23039.271 / Time: 0h:0m:28s (0h:0m:15s left)
Iteration 170 / LogL: -23042.403 / Time: 0h:0m:29s (0h:0m:13s left)
Iteration 180 / LogL: -23040.078 / Time: 0h:0m:31s (0h:0m:12s left)
Iteration 190 / LogL: -23041.660 / Time: 0h:0m:32s (0h:0m:10s left)
Iteration 200 / LogL: -23039.608 / Time: 0h:0m:34s (0h:0m:8s left)
Iteration 210 / LogL: -23044.544 / Time: 0h:0m:36s (0h:0m:6s left)
UPDATE BEST LOG-LIKELIHOOD: -23039.213
Iteration 220 / LogL: -23040.000 / Time: 0h:0m:37s (0h:0m:5s left)
Iteration 230 / LogL: -23039.328 / Time: 0h:0m:39s (0h:0m:3s left)
Iteration 240 / LogL: -23039.237 / Time: 0h:0m:41s (0h:0m:1s left)
Iteration 250 / LogL: -23039.217 / Time: 0h:0m:42s (0h:0m:-1s left)
TREE SEARCH COMPLETED AFTER 250 ITERATIONS / Time: 0h:0m:42s

--------------------------------------------------------------------
|                    FINALIZING TREE SEARCH                        |
--------------------------------------------------------------------
Performs final model parameters optimization
Estimate model parameters (epsilon = 0.010)
1. Initial log-likelihood: -23039.213
Optimal log-likelihood: -23039.210
Rate parameters:  A-C: 1.65069  A-G: 4.11023  A-T: 0.87756  C-G: 1.94249  C-T: 4.96086  G-T: 1.00000
Base frequencies:  A: 0.374  C: 0.180  G: 0.221  T: 0.224
Gamma shape alpha: 0.712
Parameters optimization took 1 rounds (0.018 sec)
BEST SCORE FOUND : -23039.210
Total tree length: 2.717

Total number of iterations: 250
CPU time used for tree search: 335.519 sec (0h:5m:35s)
Wall-clock time used for tree search: 42.716 sec (0h:0m:42s)
Total CPU time used: 337.215 sec (0h:5m:37s)
Total wall-clock time used: 42.929 sec (0h:0m:42s)

Analysis results written to: 
  IQ-TREE report:                /workspace/IQTree_8_cores_JarvD5a_Results/exon_2668.iqtree
  Maximum-likelihood tree:       /workspace/IQTree_8_cores_JarvD5a_Results/exon_2668.treefile
  Likelihood distances:          /workspace/IQTree_8_cores_JarvD5a_Results/exon_2668.mldist
  Screen log file:               /workspace/IQTree_8_cores_JarvD5a_Results/exon_2668.log

Date and Time: Thu May 28 19:19:01 2026
