IQ-TREE version 3.1.2 for Linux x86 64-bit built May  7 2026
Developed by Bui Quang Minh, Thomas Wong, Nhan Ly-Trong, Huaiyan Ren
Contributed by Lam-Tung Nguyen, Dominik Schrempf, Chris Bielow,
Olga Chernomor, Michael Woodhams, Diep Thi Hoang, Heiko Schmidt

Host:    8084c4e79f09 (AVX512, FMA3, 1133 GB RAM)
Command: /workspace/iqtree-3.1.2-Linux/bin/iqtree3_intel -s /workspace/NeuralNJ/empirical/JarvD5a/exon_76.fasta -st DNA -m GTR+G -T 8 -seed 2201 -pre /workspace/IQTree_8_cores_JarvD5a_Results/exon_76 -quiet
Seed:    2201 (Using SPRNG - Scalable Parallel Random Number Generator)
Time:    Fri May 29 13:01:34 2026
Kernel:  AVX+FMA - 8 threads (384 CPU cores detected)

Reading alignment file /workspace/NeuralNJ/empirical/JarvD5a/exon_76.fasta ... Fasta format detected
Reading fasta file: done in 0.000733137 secs using 95.75% CPU
Alignment most likely contains DNA/RNA sequences
Constructing alignment: done in 0.000934839 secs using 335.4% CPU
Alignment has 46 sequences with 706 columns, 175 distinct patterns
79 parsimony-informative, 72 singleton sites, 555 constant sites
       Gap/Ambiguity  Composition  p-value
Analyzing sequences: done in 1.00136e-05 secs using 99.86% CPU
   1  ACACH    5.38%    passed     97.19%
   2  ANAPL    5.67%    passed     97.08%
   3  APAVI    5.95%    passed     99.67%
   4  APTFO    5.95%    passed     98.69%
   5  BALRE    5.95%    passed     99.41%
   6  BUCRH    5.95%    passed     99.78%
   7  CALAN    5.95%    passed     96.35%
   8  CAPCA    5.67%    passed     99.99%
   9  CARCR    7.37%    passed     99.70%
  10  CHAPE    5.95%    passed     99.42%
  11  CHAVO    5.95%    passed     99.89%
  12  CHLUN    5.95%    passed    100.00%
  13  COLLI    1.42%    passed     84.44%
  14  COLST    6.23%    passed     97.34%
  15  CORBR    6.23%    passed     97.44%
  16  CUCCA    5.95%    passed     99.06%
  17  EGRGA    5.95%    passed     99.90%
  18  EURHE   49.58%    passed     95.66%
  19  FALPE    5.95%    passed    100.00%
  20  FULGL    5.95%    passed     99.90%
  21  GALGA    1.13%    passed     92.11%
  22  GAVST    5.95%    passed     99.88%
  23  GEOFO    6.23%    passed     97.92%
  24  HALAL    5.95%    passed     99.90%
  25  HALLE    5.95%    passed     99.90%
  26  LEPDI    5.95%    passed     97.85%
  27  MANVI    6.23%    passed     95.83%
  28  MELGA    5.67%    passed     97.65%
  29  MELUN    5.95%    passed     99.96%
  30  MERNU    5.95%    passed     99.90%
  31  MESUN    5.95%    passed     99.79%
  32  NESNO    5.95%    passed     99.52%
  33  NIPNI    5.95%    passed     99.90%
  34  OPHHO    5.67%    passed     99.87%
  35  PELCR    5.95%    passed     99.73%
  36  PHACA    5.95%    passed     96.61%
  37  PHALE    5.95%    passed     98.69%
  38  PHORU    5.95%    passed     99.26%
  39  PICPU    5.95%    passed     98.44%
  40  PTEGU   46.46%    passed     84.25%
  41  PYGAD    5.95%    passed     98.50%
  42  STRCA    5.95%    passed     98.81%
  43  TAEGU    1.42%    passed     96.43%
  44  TAUER    5.95%    passed     99.69%
  45  TINMA    5.95%    passed     98.83%
  46  TYTAL    5.95%    passed     98.99%
****  TOTAL    7.49%  0 sequences failed composition chi2 test (p-value<5%; df=3)
NOTE: HALLE is identical to HALAL but kept for subsequent analysis
Checking for duplicate sequences: done in 0.000119925 secs using 783.8% CPU

Create initial parsimony tree by phylogenetic likelihood library (PLL)... 0.001 seconds

NOTE: 1 MB RAM (0 GB) is required!
WARNING: Number of threads seems too high for short alignments. Use -T AUTO to determine best number of threads.
Estimate model parameters (epsilon = 0.100)
1. Initial log-likelihood: -3169.294
2. Current log-likelihood: -2973.631
3. Current log-likelihood: -2971.706
Optimal log-likelihood: -2971.641
Rate parameters:  A-C: 4.05070  A-G: 11.60218  A-T: 1.52575  C-G: 5.39128  C-T: 17.35195  G-T: 1.00000
Base frequencies:  A: 0.307  C: 0.212  G: 0.274  T: 0.207
Gamma shape alpha: 0.149
Parameters optimization took 3 rounds (0.060 sec)
Wrote distance file to... 
Computing ML distances based on estimated model parameters...
Calculating distance matrix: done in 0.000736952 secs using 799.2% CPU
Computing ML distances took 0.000792 sec (of wall-clock time) 0.006100 sec (of CPU time)
Setting up auxiliary I and S matrices: done in 0.000108004 secs using 973.1% CPU
Constructing RapidNJ tree: done in 0.00250602 secs using 694.9% CPU
Computing RapidNJ tree took 0.002676 sec (of wall-clock time) 0.024116 sec (of CPU time)
Log-likelihood of RapidNJ tree: -2975.183
--------------------------------------------------------------------
|             INITIALIZING CANDIDATE TREE SET                      |
--------------------------------------------------------------------
Generating 98 parsimony trees... 0.125 second
Computing log-likelihood of 98 initial trees ... 0.388 seconds
Current best score: -2959.967

Do NNI search on 20 best initial trees
Estimate model parameters (epsilon = 0.100)
BETTER TREE FOUND at iteration 1: -2958.782
Iteration 10 / LogL: -2965.455 / Time: 0h:0m:1s
Iteration 20 / LogL: -2966.461 / Time: 0h:0m:2s
Finish initializing candidate tree set (20)
Current best tree score: -2958.782 / CPU time: 2.831
Number of iterations: 20
--------------------------------------------------------------------
|               OPTIMIZING CANDIDATE TREE SET                      |
--------------------------------------------------------------------
Estimate model parameters (epsilon = 0.100)
BETTER TREE FOUND at iteration 23: -2958.203
Estimate model parameters (epsilon = 0.100)
BETTER TREE FOUND at iteration 30: -2958.131
Iteration 30 / LogL: -2958.131 / Time: 0h:0m:4s (0h:0m:15s left)
Estimate model parameters (epsilon = 0.100)
BETTER TREE FOUND at iteration 34: -2954.673
BETTER TREE FOUND at iteration 39: -2954.673
Iteration 40 / LogL: -2958.304 / Time: 0h:0m:5s (0h:0m:14s left)
BETTER TREE FOUND at iteration 43: -2954.673
BETTER TREE FOUND at iteration 47: -2954.672
Iteration 50 / LogL: -2956.624 / Time: 0h:0m:6s (0h:0m:13s left)
Estimate model parameters (epsilon = 0.100)
BETTER TREE FOUND at iteration 54: -2953.464
Iteration 60 / LogL: -2953.464 / Time: 0h:0m:7s (0h:0m:12s left)
BETTER TREE FOUND at iteration 63: -2953.463
Iteration 70 / LogL: -2956.981 / Time: 0h:0m:8s (0h:0m:11s left)
Iteration 80 / LogL: -2953.464 / Time: 0h:0m:9s (0h:0m:9s left)
Iteration 90 / LogL: -2953.586 / Time: 0h:0m:10s (0h:0m:8s left)
Iteration 100 / LogL: -2953.484 / Time: 0h:0m:11s (0h:0m:7s left)
Iteration 110 / LogL: -2958.032 / Time: 0h:0m:12s (0h:0m:5s left)
BETTER TREE FOUND at iteration 119: -2953.463
Iteration 120 / LogL: -2954.508 / Time: 0h:0m:13s (0h:0m:10s left)
Iteration 130 / LogL: -2953.464 / Time: 0h:0m:13s (0h:0m:9s left)
BETTER TREE FOUND at iteration 133: -2953.463
Iteration 140 / LogL: -2953.586 / Time: 0h:0m:14s (0h:0m:9s left)
BETTER TREE FOUND at iteration 148: -2953.463
Iteration 150 / LogL: -2953.464 / Time: 0h:0m:15s (0h:0m:10s left)
BETTER TREE FOUND at iteration 160: -2953.463
Iteration 160 / LogL: -2953.463 / Time: 0h:0m:16s (0h:0m:10s left)
Iteration 170 / LogL: -2953.485 / Time: 0h:0m:17s (0h:0m:9s left)
Iteration 180 / LogL: -2954.650 / Time: 0h:0m:18s (0h:0m:8s left)
Iteration 190 / LogL: -2958.329 / Time: 0h:0m:19s (0h:0m:7s left)
BETTER TREE FOUND at iteration 193: -2953.463
BETTER TREE FOUND at iteration 195: -2953.463
Iteration 200 / LogL: -2953.464 / Time: 0h:0m:20s (0h:0m:9s left)
Iteration 210 / LogL: -2954.951 / Time: 0h:0m:21s (0h:0m:8s left)
Iteration 220 / LogL: -2953.483 / Time: 0h:0m:21s (0h:0m:7s left)
BETTER TREE FOUND at iteration 229: -2953.463
Iteration 230 / LogL: -2953.586 / Time: 0h:0m:22s (0h:0m:9s left)
Iteration 240 / LogL: -2954.378 / Time: 0h:0m:23s (0h:0m:8s left)
BETTER TREE FOUND at iteration 241: -2953.463
Iteration 250 / LogL: -2953.585 / Time: 0h:0m:24s (0h:0m:8s left)
Iteration 260 / LogL: -2954.256 / Time: 0h:0m:25s (0h:0m:7s left)
BETTER TREE FOUND at iteration 266: -2953.462
Iteration 270 / LogL: -2953.464 / Time: 0h:0m:26s (0h:0m:9s left)
Iteration 280 / LogL: -2957.103 / Time: 0h:0m:27s (0h:0m:8s left)
Iteration 290 / LogL: -2958.846 / Time: 0h:0m:28s (0h:0m:7s left)
Iteration 300 / LogL: -2953.463 / Time: 0h:0m:28s (0h:0m:6s left)
Iteration 310 / LogL: -2953.463 / Time: 0h:0m:29s (0h:0m:5s left)
Iteration 320 / LogL: -2956.072 / Time: 0h:0m:30s (0h:0m:4s left)
BETTER TREE FOUND at iteration 322: -2953.462
Iteration 330 / LogL: -2953.463 / Time: 0h:0m:31s (0h:0m:8s left)
Iteration 340 / LogL: -2954.774 / Time: 0h:0m:32s (0h:0m:7s left)
Iteration 350 / LogL: -2955.054 / Time: 0h:0m:33s (0h:0m:6s left)
Iteration 360 / LogL: -2953.463 / Time: 0h:0m:33s (0h:0m:5s left)
Iteration 370 / LogL: -2958.119 / Time: 0h:0m:34s (0h:0m:4s left)
BETTER TREE FOUND at iteration 378: -2953.462
BETTER TREE FOUND at iteration 380: -2953.462
Iteration 380 / LogL: -2953.462 / Time: 0h:0m:35s (0h:0m:9s left)
Iteration 390 / LogL: -2955.700 / Time: 0h:0m:36s (0h:0m:8s left)
BETTER TREE FOUND at iteration 395: -2953.462
Iteration 400 / LogL: -2956.753 / Time: 0h:0m:37s (0h:0m:8s left)
Iteration 410 / LogL: -2964.546 / Time: 0h:0m:38s (0h:0m:7s left)
Iteration 420 / LogL: -2958.328 / Time: 0h:0m:39s (0h:0m:7s left)
Iteration 430 / LogL: -2955.412 / Time: 0h:0m:40s (0h:0m:6s left)
Iteration 440 / LogL: -2953.462 / Time: 0h:0m:41s (0h:0m:5s left)
Iteration 450 / LogL: -2958.536 / Time: 0h:0m:41s (0h:0m:4s left)
Iteration 460 / LogL: -2953.463 / Time: 0h:0m:42s (0h:0m:3s left)
Iteration 470 / LogL: -2954.931 / Time: 0h:0m:43s (0h:0m:2s left)
Iteration 480 / LogL: -2953.462 / Time: 0h:0m:44s (0h:0m:1s left)
Iteration 490 / LogL: -2953.463 / Time: 0h:0m:45s (0h:0m:0s left)
TREE SEARCH COMPLETED AFTER 496 ITERATIONS / Time: 0h:0m:46s

--------------------------------------------------------------------
|                    FINALIZING TREE SEARCH                        |
--------------------------------------------------------------------
Performs final model parameters optimization
Estimate model parameters (epsilon = 0.010)
1. Initial log-likelihood: -2953.462
Optimal log-likelihood: -2953.462
Rate parameters:  A-C: 3.61623  A-G: 11.60980  A-T: 1.45835  C-G: 5.47946  C-T: 17.73699  G-T: 1.00000
Base frequencies:  A: 0.307  C: 0.212  G: 0.274  T: 0.207
Gamma shape alpha: 0.152
Parameters optimization took 1 rounds (0.007 sec)
BEST SCORE FOUND : -2953.462
Total tree length: 0.687

Total number of iterations: 496
CPU time used for tree search: 368.962 sec (0h:6m:8s)
Wall-clock time used for tree search: 46.174 sec (0h:0m:46s)
Total CPU time used: 369.900 sec (0h:6m:9s)
Total wall-clock time used: 46.288 sec (0h:0m:46s)

Analysis results written to: 
  IQ-TREE report:                /workspace/IQTree_8_cores_JarvD5a_Results/exon_76.iqtree
  Maximum-likelihood tree:       /workspace/IQTree_8_cores_JarvD5a_Results/exon_76.treefile
  Likelihood distances:          /workspace/IQTree_8_cores_JarvD5a_Results/exon_76.mldist
  Screen log file:               /workspace/IQTree_8_cores_JarvD5a_Results/exon_76.log

Date and Time: Fri May 29 13:02:21 2026
