IQ-TREE version 3.1.2 for Linux x86 64-bit built May  7 2026
Developed by Bui Quang Minh, Thomas Wong, Nhan Ly-Trong, Huaiyan Ren
Contributed by Lam-Tung Nguyen, Dominik Schrempf, Chris Bielow,
Olga Chernomor, Michael Woodhams, Diep Thi Hoang, Heiko Schmidt

Host:    8084c4e79f09 (AVX512, FMA3, 1133 GB RAM)
Command: /workspace/iqtree-3.1.2-Linux/bin/iqtree3_intel -s /workspace/NeuralNJ/empirical/JarvD5a/exon_958.fasta -st DNA -m GTR+G -T 8 -seed 2201 -pre /workspace/IQTree_8_cores_JarvD5a_Results/exon_958 -quiet
Seed:    2201 (Using SPRNG - Scalable Parallel Random Number Generator)
Time:    Sat May 30 01:04:21 2026
Kernel:  AVX+FMA - 8 threads (384 CPU cores detected)

Reading alignment file /workspace/NeuralNJ/empirical/JarvD5a/exon_958.fasta ... Fasta format detected
Reading fasta file: done in 0.000731945 secs using 72.27% CPU
Alignment most likely contains DNA/RNA sequences
Constructing alignment: done in 0.00161791 secs using 466.4% CPU
Alignment has 44 sequences with 850 columns, 220 distinct patterns
109 parsimony-informative, 113 singleton sites, 628 constant sites
       Gap/Ambiguity  Composition  p-value
Analyzing sequences: done in 1.40667e-05 secs using 362.6% CPU
   1  ANAPL   51.29%    passed     96.38%
   2  APAVI   51.29%    passed     95.00%
   3  APTFO   51.29%    passed     93.12%
   4  BALRE   51.53%    passed     93.93%
   5  BUCRH   51.29%    passed     99.79%
   6  CALAN   51.29%    passed     97.45%
   7  CAPCA   51.29%    passed     92.86%
   8  CARCR   51.53%    passed     93.38%
   9  CATAU   26.82%    passed     23.05%
  10  CHAPE   51.29%    passed     99.53%
  11  CHAVO   51.29%    passed     99.83%
  12  CHLUN   51.29%    passed     99.79%
  13  COLLI   51.29%    passed     98.80%
  14  COLST   51.29%    passed     72.55%
  15  CORBR    5.18%    failed      0.07%
  16  CUCCA   51.29%    passed     86.55%
  17  EGRGA   51.29%    passed     98.50%
  18  EURHE   51.29%    passed     96.31%
  19  FULGL   51.29%    passed     92.68%
  20  GALGA   51.29%    passed     86.33%
  21  GAVST   51.29%    passed     94.70%
  22  GEOFO    5.18%    failed      0.05%
  23  HALAL   51.29%    passed     94.18%
  24  HALLE   51.29%    passed     94.18%
  25  LEPDI   51.29%    passed     99.50%
  26  MELGA   51.29%    passed     78.42%
  27  MELUN   51.29%    passed     83.81%
  28  MERNU   51.29%    passed     96.75%
  29  MESUN   51.53%    passed     95.32%
  30  NESNO   51.29%    passed     71.14%
  31  NIPNI   51.29%    passed     93.96%
  32  OPHHO   51.29%    passed     99.39%
  33  PELCR   52.00%    passed     95.59%
  34  PHACA   51.29%    passed     89.10%
  35  PHALE   51.29%    passed     92.27%
  36  PHORU   51.29%    passed     99.86%
  37  PICPU   51.29%    passed     14.99%
  38  PODCR   51.29%    passed     99.58%
  39  PTEGU   51.29%    passed     99.12%
  40  PYGAD   51.29%    passed     93.12%
  41  STRCA   51.53%    passed     99.78%
  42  TAUER   51.76%    passed     92.27%
  43  TINMA   51.53%    passed     96.77%
  44  TYTAL   51.29%    passed     95.44%
WARNING: 41 sequences contain more than 50% gaps/ambiguity
****  TOTAL   48.70%  2 sequences failed composition chi2 test (p-value<5%; df=3)
NOTE: PYGAD is identical to APTFO but kept for subsequent analysis
NOTE: HALLE is identical to HALAL but kept for subsequent analysis
Checking for duplicate sequences: done in 0.000176907 secs using 803.2% CPU

Create initial parsimony tree by phylogenetic likelihood library (PLL)... 0.003 seconds

NOTE: 1 MB RAM (0 GB) is required!
WARNING: Number of threads seems too high for short alignments. Use -T AUTO to determine best number of threads.
Estimate model parameters (epsilon = 0.100)
1. Initial log-likelihood: -4018.148
2. Current log-likelihood: -3777.118
3. Current log-likelihood: -3775.043
Optimal log-likelihood: -3775.036
Rate parameters:  A-C: 2.82242  A-G: 5.84899  A-T: 0.51312  C-G: 2.23353  C-T: 5.91428  G-T: 1.00000
Base frequencies:  A: 0.310  C: 0.213  G: 0.255  T: 0.222
Gamma shape alpha: 0.396
Parameters optimization took 3 rounds (0.057 sec)
Wrote distance file to... 
Computing ML distances based on estimated model parameters...
Calculating distance matrix: done in 0.000576973 secs using 782.9% CPU
Computing ML distances took 0.000624 sec (of wall-clock time) 0.004720 sec (of CPU time)
Setting up auxiliary I and S matrices: done in 9.5129e-05 secs using 1103% CPU
Constructing RapidNJ tree: done in 0.00235105 secs using 781.7% CPU
Computing RapidNJ tree took 0.002505 sec (of wall-clock time) 0.022277 sec (of CPU time)
Log-likelihood of RapidNJ tree: -3795.389
--------------------------------------------------------------------
|             INITIALIZING CANDIDATE TREE SET                      |
--------------------------------------------------------------------
Generating 98 parsimony trees... 0.125 second
Computing log-likelihood of 98 initial trees ... 0.363 seconds
Current best score: -3764.488

Do NNI search on 20 best initial trees
Estimate model parameters (epsilon = 0.100)
BETTER TREE FOUND at iteration 1: -3752.684
Iteration 10 / LogL: -3763.558 / Time: 0h:0m:1s
Iteration 20 / LogL: -3765.437 / Time: 0h:0m:2s
Finish initializing candidate tree set (20)
Current best tree score: -3752.684 / CPU time: 2.075
Number of iterations: 20
--------------------------------------------------------------------
|               OPTIMIZING CANDIDATE TREE SET                      |
--------------------------------------------------------------------
Iteration 30 / LogL: -3754.872 / Time: 0h:0m:3s (0h:0m:7s left)
Iteration 40 / LogL: -3753.044 / Time: 0h:0m:4s (0h:0m:6s left)
Iteration 50 / LogL: -3753.043 / Time: 0h:0m:4s (0h:0m:5s left)
Iteration 60 / LogL: -3752.686 / Time: 0h:0m:5s (0h:0m:4s left)
Iteration 70 / LogL: -3757.728 / Time: 0h:0m:6s (0h:0m:3s left)
Iteration 80 / LogL: -3754.171 / Time: 0h:0m:7s (0h:0m:2s left)
Iteration 90 / LogL: -3757.437 / Time: 0h:0m:8s (0h:0m:1s left)
Iteration 100 / LogL: -3757.285 / Time: 0h:0m:9s (0h:0m:0s left)
TREE SEARCH COMPLETED AFTER 102 ITERATIONS / Time: 0h:0m:9s

--------------------------------------------------------------------
|                    FINALIZING TREE SEARCH                        |
--------------------------------------------------------------------
Performs final model parameters optimization
Estimate model parameters (epsilon = 0.010)
1. Initial log-likelihood: -3752.684
Optimal log-likelihood: -3752.684
Rate parameters:  A-C: 2.86996  A-G: 6.08813  A-T: 0.51969  C-G: 2.27122  C-T: 5.59895  G-T: 1.00000
Base frequencies:  A: 0.310  C: 0.213  G: 0.255  T: 0.222
Gamma shape alpha: 0.399
Parameters optimization took 1 rounds (0.007 sec)
BEST SCORE FOUND : -3752.684
Total tree length: 1.292

Total number of iterations: 102
CPU time used for tree search: 76.951 sec (0h:1m:16s)
Wall-clock time used for tree search: 9.619 sec (0h:0m:9s)
Total CPU time used: 77.726 sec (0h:1m:17s)
Total wall-clock time used: 9.715 sec (0h:0m:9s)

Analysis results written to: 
  IQ-TREE report:                /workspace/IQTree_8_cores_JarvD5a_Results/exon_958.iqtree
  Maximum-likelihood tree:       /workspace/IQTree_8_cores_JarvD5a_Results/exon_958.treefile
  Likelihood distances:          /workspace/IQTree_8_cores_JarvD5a_Results/exon_958.mldist
  Screen log file:               /workspace/IQTree_8_cores_JarvD5a_Results/exon_958.log

Date and Time: Sat May 30 01:04:31 2026
