IQ-TREE version 3.1.2 for Linux x86 64-bit built May  7 2026
Developed by Bui Quang Minh, Thomas Wong, Nhan Ly-Trong, Huaiyan Ren
Contributed by Lam-Tung Nguyen, Dominik Schrempf, Chris Bielow,
Olga Chernomor, Michael Woodhams, Diep Thi Hoang, Heiko Schmidt

Host:    8084c4e79f09 (AVX512, FMA3, 1133 GB RAM)
Command: /workspace/iqtree-3.1.2-Linux/bin/iqtree3_intel -s /workspace/NeuralNJ/empirical/JarvD5a/exon_8065.fasta -st DNA -m GTR+G -T 8 -seed 2201 -pre /workspace/IQTree_8_cores_JarvD5a_Results/exon_8065 -quiet
Seed:    2201 (Using SPRNG - Scalable Parallel Random Number Generator)
Time:    Fri May 29 15:41:36 2026
Kernel:  AVX+FMA - 8 threads (384 CPU cores detected)

Reading alignment file /workspace/NeuralNJ/empirical/JarvD5a/exon_8065.fasta ... Fasta format detected
Reading fasta file: done in 0.000637054 secs using 20.09% CPU
Alignment most likely contains DNA/RNA sequences
Constructing alignment: done in 0.00221109 secs using 728.5% CPU
Alignment has 42 sequences with 1582 columns, 409 distinct patterns
113 parsimony-informative, 183 singleton sites, 1286 constant sites
       Gap/Ambiguity  Composition  p-value
Analyzing sequences: done in 2.5034e-05 secs using 503.3% CPU
   1  ANAPL   14.03%    passed     76.99%
   2  APTFO    2.40%    passed     99.34%
   3  BALRE    4.80%    passed     98.90%
   4  BUCRH   48.67%    passed     60.55%
   5  CALAN    2.65%    passed     99.65%
   6  CAPCA   42.23%    passed     68.32%
   7  CARCR    2.78%    passed     99.96%
   8  CATAU    4.30%    passed     99.50%
   9  CHAPE    2.40%    passed     94.83%
  10  CHAVO    4.42%    passed     99.82%
  11  CHLUN    2.78%    passed     99.91%
  12  COLLI    2.02%    passed     97.78%
  13  COLST    6.07%    passed     99.28%
  14  CORBR    3.92%    passed     98.82%
  15  CUCCA    2.65%    passed     93.05%
  16  EGRGA    2.53%    passed     99.89%
  17  FALPE    3.03%    passed     99.80%
  18  FULGL    4.74%    passed     95.84%
  19  GALGA    4.05%    passed     96.35%
  20  GAVST    7.96%    passed     89.93%
  21  GEOFO    2.65%    passed     98.60%
  22  HALAL    2.78%    passed     99.47%
  23  HALLE    2.40%    passed     98.93%
  24  MANVI    2.65%    passed     99.92%
  25  MELGA    2.40%    passed     99.52%
  26  MELUN    2.65%    passed     97.94%
  27  MERNU    9.36%    passed     98.57%
  28  MESUN   46.78%    passed     73.65%
  29  NIPNI    6.70%    passed     98.98%
  30  OPHHO    9.23%    passed     93.84%
  31  PELCR    2.65%    passed     99.90%
  32  PHACA   10.62%    passed     99.03%
  33  PHALE    2.65%    passed     99.46%
  34  PHORU   12.14%    passed     97.13%
  35  PICPU    6.83%    passed     91.77%
  36  PODCR   13.40%    passed     90.86%
  37  PTEGU   26.11%    passed     96.02%
  38  PYGAD    1.64%    passed     94.87%
  39  STRCA    2.65%    passed     99.64%
  40  TAEGU    4.93%    passed     98.44%
  41  TAUER   11.00%    passed     94.34%
  42  TINMA    5.31%    passed     95.76%
****  TOTAL    8.48%  0 sequences failed composition chi2 test (p-value<5%; df=3)
Checking for duplicate sequences: done in 0.000138044 secs using 792.5% CPU

Create initial parsimony tree by phylogenetic likelihood library (PLL)... 0.002 seconds

NOTE: 2 MB RAM (0 GB) is required!
WARNING: Number of threads seems too high for short alignments. Use -T AUTO to determine best number of threads.
Estimate model parameters (epsilon = 0.100)
1. Initial log-likelihood: -5448.875
2. Current log-likelihood: -5297.158
3. Current log-likelihood: -5296.019
Optimal log-likelihood: -5296.006
Rate parameters:  A-C: 1.11565  A-G: 0.83493  A-T: 0.52207  C-G: 1.45715  C-T: 3.10500  G-T: 1.00000
Base frequencies:  A: 0.323  C: 0.231  G: 0.221  T: 0.225
Gamma shape alpha: 0.179
Parameters optimization took 3 rounds (0.076 sec)
Wrote distance file to... 
Computing ML distances based on estimated model parameters...
Calculating distance matrix: done in 0.000780106 secs using 825.7% CPU
Computing ML distances took 0.000875 sec (of wall-clock time) 0.006925 sec (of CPU time)
Setting up auxiliary I and S matrices: done in 0.00012207 secs using 987.1% CPU
Constructing RapidNJ tree: done in 0.00346613 secs using 812.8% CPU
Computing RapidNJ tree took 0.004293 sec (of wall-clock time) 0.038028 sec (of CPU time)
Log-likelihood of RapidNJ tree: -5380.324
--------------------------------------------------------------------
|             INITIALIZING CANDIDATE TREE SET                      |
--------------------------------------------------------------------
Generating 98 parsimony trees... 0.133 second
Computing log-likelihood of 98 initial trees ... 0.671 seconds
Current best score: -5286.199

Do NNI search on 20 best initial trees
Estimate model parameters (epsilon = 0.100)
BETTER TREE FOUND at iteration 1: -5280.834
Estimate model parameters (epsilon = 0.100)
BETTER TREE FOUND at iteration 5: -5277.631
Iteration 10 / LogL: -5287.113 / Time: 0h:0m:1s
Estimate model parameters (epsilon = 0.100)
BETTER TREE FOUND at iteration 18: -5277.527
Estimate model parameters (epsilon = 0.100)
BETTER TREE FOUND at iteration 19: -5276.693
Iteration 20 / LogL: -5288.955 / Time: 0h:0m:2s
Finish initializing candidate tree set (20)
Current best tree score: -5276.693 / CPU time: 2.513
Number of iterations: 20
--------------------------------------------------------------------
|               OPTIMIZING CANDIDATE TREE SET                      |
--------------------------------------------------------------------
Estimate model parameters (epsilon = 0.100)
BETTER TREE FOUND at iteration 22: -5275.888
Iteration 30 / LogL: -5278.293 / Time: 0h:0m:3s (0h:0m:11s left)
Estimate model parameters (epsilon = 0.100)
BETTER TREE FOUND at iteration 31: -5275.802
BETTER TREE FOUND at iteration 39: -5275.800
Iteration 40 / LogL: -5277.257 / Time: 0h:0m:4s (0h:0m:12s left)
Iteration 50 / LogL: -5276.504 / Time: 0h:0m:5s (0h:0m:10s left)
Iteration 60 / LogL: -5277.371 / Time: 0h:0m:6s (0h:0m:8s left)
Iteration 70 / LogL: -5289.728 / Time: 0h:0m:7s (0h:0m:7s left)
UPDATE BEST LOG-LIKELIHOOD: -5275.800
Iteration 80 / LogL: -5275.800 / Time: 0h:0m:8s (0h:0m:6s left)
UPDATE BEST LOG-LIKELIHOOD: -5275.799
Iteration 90 / LogL: -5276.603 / Time: 0h:0m:9s (0h:0m:5s left)
Iteration 100 / LogL: -5276.329 / Time: 0h:0m:10s (0h:0m:4s left)
Iteration 110 / LogL: -5275.799 / Time: 0h:0m:11s (0h:0m:3s left)
Iteration 120 / LogL: -5275.800 / Time: 0h:0m:12s (0h:0m:1s left)
Iteration 130 / LogL: -5277.075 / Time: 0h:0m:13s (0h:0m:0s left)
Iteration 140 / LogL: -5283.467 / Time: 0h:0m:14s (0h:0m:-1s left)
TREE SEARCH COMPLETED AFTER 140 ITERATIONS / Time: 0h:0m:14s

--------------------------------------------------------------------
|                    FINALIZING TREE SEARCH                        |
--------------------------------------------------------------------
Performs final model parameters optimization
Estimate model parameters (epsilon = 0.010)
1. Initial log-likelihood: -5275.799
Optimal log-likelihood: -5275.797
Rate parameters:  A-C: 1.12596  A-G: 0.90322  A-T: 0.53428  C-G: 1.40277  C-T: 3.36722  G-T: 1.00000
Base frequencies:  A: 0.323  C: 0.231  G: 0.221  T: 0.225
Gamma shape alpha: 0.187
Parameters optimization took 1 rounds (0.008 sec)
BEST SCORE FOUND : -5275.797
Total tree length: 0.378

Total number of iterations: 140
CPU time used for tree search: 113.264 sec (0h:1m:53s)
Wall-clock time used for tree search: 14.193 sec (0h:0m:14s)
Total CPU time used: 114.855 sec (0h:1m:54s)
Total wall-clock time used: 14.384 sec (0h:0m:14s)

Analysis results written to: 
  IQ-TREE report:                /workspace/IQTree_8_cores_JarvD5a_Results/exon_8065.iqtree
  Maximum-likelihood tree:       /workspace/IQTree_8_cores_JarvD5a_Results/exon_8065.treefile
  Likelihood distances:          /workspace/IQTree_8_cores_JarvD5a_Results/exon_8065.mldist
  Screen log file:               /workspace/IQTree_8_cores_JarvD5a_Results/exon_8065.log

Date and Time: Fri May 29 15:41:50 2026
