IQ-TREE version 3.1.2 for Linux x86 64-bit built May  7 2026
Developed by Bui Quang Minh, Thomas Wong, Nhan Ly-Trong, Huaiyan Ren
Contributed by Lam-Tung Nguyen, Dominik Schrempf, Chris Bielow,
Olga Chernomor, Michael Woodhams, Diep Thi Hoang, Heiko Schmidt

Host:    8084c4e79f09 (AVX512, FMA3, 1133 GB RAM)
Command: /workspace/iqtree-3.1.2-Linux/bin/iqtree3_intel -s /workspace/NeuralNJ/empirical/JarvD5a/exon_11010.fasta -st DNA -m GTR+G -T 8 -seed 2201 -pre /workspace/IQTree_8_cores_JarvD5a_Results/exon_11010 -quiet
Seed:    2201 (Using SPRNG - Scalable Parallel Random Number Generator)
Time:    Wed May 27 16:25:33 2026
Kernel:  AVX+FMA - 8 threads (384 CPU cores detected)

Reading alignment file /workspace/NeuralNJ/empirical/JarvD5a/exon_11010.fasta ... Fasta format detected
Reading fasta file: done in 0.000183105 secs using 12.56% CPU
Alignment most likely contains DNA/RNA sequences
Constructing alignment: done in 0.000411034 secs using 610.2% CPU
Alignment has 48 sequences with 202 columns, 31 distinct patterns
13 parsimony-informative, 8 singleton sites, 181 constant sites
       Gap/Ambiguity  Composition  p-value
Analyzing sequences: done in 1.21593e-05 secs using 90.47% CPU
   1  ACACH   22.77%    passed     99.75%
   2  ANAPL   24.75%    passed     99.74%
   3  APAVI   22.77%    passed    100.00%
   4  APTFO   22.77%    passed     99.61%
   5  BALRE   24.75%    passed     99.74%
   6  BUCRH   22.77%    passed     99.71%
   7  CALAN   21.78%    passed     99.86%
   8  CAPCA   22.77%    passed    100.00%
   9  CARCR   22.77%    passed    100.00%
  10  CATAU   22.77%    passed     99.76%
  11  CHAPE   24.75%    passed     99.71%
  12  CHAVO   22.77%    passed    100.00%
  13  CHLUN   20.79%    passed     99.83%
  14  COLLI   22.77%    passed     98.55%
  15  COLST   22.77%    passed    100.00%
  16  CORBR   24.75%    passed     99.71%
  17  CUCCA   22.77%    passed     99.71%
  18  EGRGA   22.77%    passed    100.00%
  19  EURHE   21.78%    passed     98.86%
  20  FALPE   24.75%    passed     99.74%
  21  FULGL   22.77%    passed     98.99%
  22  GALGA   20.79%    passed     98.41%
  23  GAVST   21.78%    passed     99.58%
  24  GEOFO   24.75%    passed     99.43%
  25  HALAL   22.77%    passed    100.00%
  26  HALLE   22.77%    passed    100.00%
  27  LEPDI   22.77%    passed     99.26%
  28  MANVI   22.77%    passed     97.49%
  29  MELGA   22.77%    passed     99.76%
  30  MELUN   20.79%    passed     97.43%
  31  MERNU   22.77%    passed     99.72%
  32  MESUN   21.78%    passed     99.58%
  33  NESNO   20.79%    passed     93.58%
  34  NIPNI   22.77%    passed    100.00%
  35  OPHHO   21.78%    passed     99.02%
  36  PELCR   22.77%    passed    100.00%
  37  PHACA   22.77%    passed     99.71%
  38  PHALE   22.77%    passed    100.00%
  39  PHORU   24.75%    passed     99.74%
  40  PICPU   22.77%    passed     98.57%
  41  PODCR   22.77%    passed     99.59%
  42  PTEGU   24.75%    passed     99.72%
  43  PYGAD   22.77%    passed     99.61%
  44  STRCA   22.77%    passed     97.68%
  45  TAEGU    0.00%    passed     91.85%
  46  TAUER   22.77%    passed     99.76%
  47  TINMA   22.77%    passed     98.48%
  48  TYTAL   22.77%    passed    100.00%
****  TOTAL   22.36%  0 sequences failed composition chi2 test (p-value<5%; df=3)
NOTE: BALRE is identical to ANAPL but kept for subsequent analysis
NOTE: CAPCA is identical to APAVI but kept for subsequent analysis
NOTE: PYGAD is identical to APTFO but kept for subsequent analysis
NOTE: CUCCA is identical to BUCRH but kept for subsequent analysis
NOTE: TAUER is identical to CATAU but kept for subsequent analysis
NOTE: CORBR is identical to CHAPE but kept for subsequent analysis
Checking for duplicate sequences: done in 0.000169039 secs using 798.6% CPU
Identifying sites to remove: done in 7.89165e-05 secs using 792% CPU
NOTE: 13 identical sequences (see below) will be ignored for subsequent analysis
NOTE: FALPE (identical to ANAPL) is ignored but added at the end
NOTE: PHORU (identical to ANAPL) is ignored but added at the end
NOTE: CARCR (identical to APAVI) is ignored but added at the end
NOTE: CHAVO (identical to APAVI) is ignored but added at the end
NOTE: COLST (identical to APAVI) is ignored but added at the end
NOTE: EGRGA (identical to APAVI) is ignored but added at the end
NOTE: HALAL (identical to APAVI) is ignored but added at the end
NOTE: HALLE (identical to APAVI) is ignored but added at the end
NOTE: NIPNI (identical to APAVI) is ignored but added at the end
NOTE: PELCR (identical to APAVI) is ignored but added at the end
NOTE: PHALE (identical to APAVI) is ignored but added at the end
NOTE: TYTAL (identical to APAVI) is ignored but added at the end
NOTE: PHACA (identical to BUCRH) is ignored but added at the end
Alignment was printed to /workspace/IQTree_8_cores_JarvD5a_Results/exon_11010.uniqueseq.phy

For your convenience alignment with unique sequences printed to /workspace/IQTree_8_cores_JarvD5a_Results/exon_11010.uniqueseq.phy

Create initial parsimony tree by phylogenetic likelihood library (PLL)... 0.001 seconds
WARNING: 8 threads for alignment length 31 will slow down analysis

NOTE: 0 MB RAM (0 GB) is required!
WARNING: Number of threads seems too high for short alignments. Use -T AUTO to determine best number of threads.
Estimate model parameters (epsilon = 0.100)
1. Initial log-likelihood: -523.078
2. Current log-likelihood: -499.500
3. Current log-likelihood: -498.886
Optimal log-likelihood: -498.882
Rate parameters:  A-C: 2.70392  A-G: 4.77689  A-T: 0.75728  C-G: 0.86213  C-T: 3.90083  G-T: 1.00000
Base frequencies:  A: 0.269  C: 0.219  G: 0.223  T: 0.289
Gamma shape alpha: 0.020
Parameters optimization took 3 rounds (0.032 sec)
Wrote distance file to... 
Computing ML distances based on estimated model parameters...
Calculating distance matrix: done in 0.000687838 secs using 772.7% CPU
Computing ML distances took 0.000762 sec (of wall-clock time) 0.005715 sec (of CPU time)
Setting up auxiliary I and S matrices: done in 0.000128984 secs using 868.3% CPU
Constructing RapidNJ tree: done in 0.00293708 secs using 849.3% CPU
Computing RapidNJ tree took 0.003114 sec (of wall-clock time) 0.027437 sec (of CPU time)
Log-likelihood of RapidNJ tree: -501.281
--------------------------------------------------------------------
|             INITIALIZING CANDIDATE TREE SET                      |
--------------------------------------------------------------------
Generating 98 parsimony trees... 0.043 second
Computing log-likelihood of 98 initial trees ... 0.129 seconds
Current best score: -495.462

Do NNI search on 20 best initial trees
Estimate model parameters (epsilon = 0.100)
BETTER TREE FOUND at iteration 1: -494.417
Iteration 10 / LogL: -496.866 / Time: 0h:0m:0s
Iteration 20 / LogL: -497.754 / Time: 0h:0m:0s
Finish initializing candidate tree set (20)
Current best tree score: -494.417 / CPU time: 0.766
Number of iterations: 20
--------------------------------------------------------------------
|               OPTIMIZING CANDIDATE TREE SET                      |
--------------------------------------------------------------------
Iteration 30 / LogL: -494.419 / Time: 0h:0m:1s (0h:0m:2s left)
Iteration 40 / LogL: -494.419 / Time: 0h:0m:1s (0h:0m:2s left)
Iteration 50 / LogL: -497.829 / Time: 0h:0m:1s (0h:0m:1s left)
Iteration 60 / LogL: -499.089 / Time: 0h:0m:2s (0h:0m:1s left)
Iteration 70 / LogL: -499.776 / Time: 0h:0m:2s (0h:0m:1s left)
Iteration 80 / LogL: -494.419 / Time: 0h:0m:2s (0h:0m:0s left)
Iteration 90 / LogL: -494.418 / Time: 0h:0m:3s (0h:0m:0s left)
Iteration 100 / LogL: -494.418 / Time: 0h:0m:3s (0h:0m:0s left)
TREE SEARCH COMPLETED AFTER 102 ITERATIONS / Time: 0h:0m:3s

--------------------------------------------------------------------
|                    FINALIZING TREE SEARCH                        |
--------------------------------------------------------------------
Performs final model parameters optimization
Estimate model parameters (epsilon = 0.010)
1. Initial log-likelihood: -494.417
Optimal log-likelihood: -494.417
Rate parameters:  A-C: 2.84013  A-G: 6.34993  A-T: 1.10428  C-G: 0.80783  C-T: 2.69040  G-T: 1.00000
Base frequencies:  A: 0.269  C: 0.219  G: 0.223  T: 0.289
Gamma shape alpha: 0.020
Parameters optimization took 1 rounds (0.005 sec)
BEST SCORE FOUND : -494.417
Total tree length: 0.333

Total number of iterations: 102
CPU time used for tree search: 27.723 sec (0h:0m:27s)
Wall-clock time used for tree search: 3.634 sec (0h:0m:3s)
Total CPU time used: 28.224 sec (0h:0m:28s)
Total wall-clock time used: 3.700 sec (0h:0m:3s)

Analysis results written to: 
  IQ-TREE report:                /workspace/IQTree_8_cores_JarvD5a_Results/exon_11010.iqtree
  Maximum-likelihood tree:       /workspace/IQTree_8_cores_JarvD5a_Results/exon_11010.treefile
  Likelihood distances:          /workspace/IQTree_8_cores_JarvD5a_Results/exon_11010.mldist
  Screen log file:               /workspace/IQTree_8_cores_JarvD5a_Results/exon_11010.log

Date and Time: Wed May 27 16:25:36 2026
