IQ-TREE version 3.1.2 for Linux x86 64-bit built May  7 2026
Developed by Bui Quang Minh, Thomas Wong, Nhan Ly-Trong, Huaiyan Ren
Contributed by Lam-Tung Nguyen, Dominik Schrempf, Chris Bielow,
Olga Chernomor, Michael Woodhams, Diep Thi Hoang, Heiko Schmidt

Host:    8084c4e79f09 (AVX512, FMA3, 1133 GB RAM)
Command: /workspace/iqtree-3.1.2-Linux/bin/iqtree3_intel -s /workspace/NeuralNJ/empirical/JarvD5a/exon_11267.fasta -st DNA -m GTR+G -T 8 -seed 2201 -pre /workspace/IQTree_8_cores_JarvD5a_Results/exon_11267 -quiet
Seed:    2201 (Using SPRNG - Scalable Parallel Random Number Generator)
Time:    Wed May 27 18:05:44 2026
Kernel:  AVX+FMA - 8 threads (384 CPU cores detected)

Reading alignment file /workspace/NeuralNJ/empirical/JarvD5a/exon_11267.fasta ... Fasta format detected
Reading fasta file: done in 0.00049305 secs using 29.41% CPU
Alignment most likely contains DNA/RNA sequences
Constructing alignment: done in 0.00135207 secs using 585.3% CPU
Alignment has 45 sequences with 686 columns, 183 distinct patterns
72 parsimony-informative, 72 singleton sites, 542 constant sites
       Gap/Ambiguity  Composition  p-value
Analyzing sequences: done in 1.09673e-05 secs using 100.3% CPU
   1  ACACH    6.71%    passed     99.19%
   2  ANAPL    6.71%    passed     95.64%
   3  APAVI    5.83%    passed     99.73%
   4  APTFO    8.45%    passed     99.86%
   5  BALRE    7.29%    passed     99.72%
   6  BUCRH   49.27%    passed     97.18%
   7  CALAN    1.75%    passed     92.47%
   8  CAPCA    6.71%    passed     99.93%
   9  CARCR    0.00%    passed     97.33%
  10  CHAPE    6.71%    passed     99.17%
  11  CHAVO    7.29%    passed     96.46%
  12  CHLUN    6.71%    passed     99.75%
  13  COLLI    6.71%    passed     99.84%
  14  COLST    0.00%    passed     66.90%
  15  CORBR    0.00%    passed     93.75%
  16  CUCCA    8.45%    passed     97.04%
  17  EGRGA    6.71%    passed     99.52%
  18  EURHE    6.71%    passed     95.42%
  19  FALPE    7.29%    passed     99.10%
  20  FULGL   22.16%    passed     93.04%
  21  GALGA    7.58%    passed     99.28%
  22  GAVST    6.71%    passed     99.97%
  23  GEOFO    7.29%    passed     98.29%
  24  HALAL    6.71%    passed     99.87%
  25  HALLE   11.66%    passed     99.92%
  26  LEPDI    6.71%    passed     99.74%
  27  MANVI   15.74%    passed     99.37%
  28  MELGA    5.83%    passed     95.00%
  29  MELUN   11.66%    passed     90.95%
  30  MERNU    6.71%    passed     95.64%
  31  MESUN    7.29%    passed     99.05%
  32  NESNO   11.66%    passed     98.78%
  33  NIPNI   11.66%    passed     96.47%
  34  OPHHO    6.71%    passed     99.40%
  35  PELCR   27.11%    passed     92.61%
  36  PHACA   11.66%    passed     99.50%
  37  PHALE    6.71%    passed     99.23%
  38  PICPU    6.71%    passed     99.98%
  39  PTEGU    0.00%    passed     99.53%
  40  PYGAD   11.66%    passed     99.91%
  41  STRCA   11.66%    passed     99.97%
  42  TAEGU    0.00%    passed     91.10%
  43  TAUER    6.71%    passed     99.81%
  44  TINMA   11.66%    passed     97.48%
  45  TYTAL    6.71%    passed     97.77%
****  TOTAL    8.80%  0 sequences failed composition chi2 test (p-value<5%; df=3)
Checking for duplicate sequences: done in 0.000164986 secs using 794% CPU

Create initial parsimony tree by phylogenetic likelihood library (PLL)... 0.002 seconds

NOTE: 1 MB RAM (0 GB) is required!
WARNING: Number of threads seems too high for short alignments. Use -T AUTO to determine best number of threads.
Estimate model parameters (epsilon = 0.100)
1. Initial log-likelihood: -2946.945
2. Current log-likelihood: -2773.121
3. Current log-likelihood: -2771.610
Optimal log-likelihood: -2771.582
Rate parameters:  A-C: 6.76371  A-G: 16.24858  A-T: 2.32581  C-G: 2.46079  C-T: 10.73629  G-T: 1.00000
Base frequencies:  A: 0.294  C: 0.195  G: 0.257  T: 0.253
Gamma shape alpha: 0.170
Parameters optimization took 3 rounds (0.078 sec)
Wrote distance file to... 
Computing ML distances based on estimated model parameters...
Calculating distance matrix: done in 0.000756025 secs using 794.3% CPU
Computing ML distances took 0.000802 sec (of wall-clock time) 0.006181 sec (of CPU time)
Setting up auxiliary I and S matrices: done in 9.98974e-05 secs using 988% CPU
Constructing RapidNJ tree: done in 0.00265598 secs using 690.9% CPU
Computing RapidNJ tree took 0.002811 sec (of wall-clock time) 0.025228 sec (of CPU time)
Log-likelihood of RapidNJ tree: -2798.208
--------------------------------------------------------------------
|             INITIALIZING CANDIDATE TREE SET                      |
--------------------------------------------------------------------
Generating 98 parsimony trees... 0.114 second
Computing log-likelihood of 98 initial trees ... 0.359 seconds
Current best score: -2743.766

Do NNI search on 20 best initial trees
Estimate model parameters (epsilon = 0.100)
BETTER TREE FOUND at iteration 1: -2740.283
Estimate model parameters (epsilon = 0.100)
BETTER TREE FOUND at iteration 2: -2738.066
Iteration 10 / LogL: -2748.553 / Time: 0h:0m:1s
Iteration 20 / LogL: -2756.614 / Time: 0h:0m:2s
Finish initializing candidate tree set (20)
Current best tree score: -2738.066 / CPU time: 1.973
Number of iterations: 20
--------------------------------------------------------------------
|               OPTIMIZING CANDIDATE TREE SET                      |
--------------------------------------------------------------------
Estimate model parameters (epsilon = 0.100)
BETTER TREE FOUND at iteration 22: -2737.987
BETTER TREE FOUND at iteration 23: -2737.986
Estimate model parameters (epsilon = 0.100)
BETTER TREE FOUND at iteration 28: -2737.767
Estimate model parameters (epsilon = 0.100)
BETTER TREE FOUND at iteration 29: -2736.341
Iteration 30 / LogL: -2739.506 / Time: 0h:0m:2s (0h:0m:10s left)
Iteration 40 / LogL: -2736.849 / Time: 0h:0m:3s (0h:0m:8s left)
Iteration 50 / LogL: -2738.338 / Time: 0h:0m:4s (0h:0m:7s left)
Iteration 60 / LogL: -2740.123 / Time: 0h:0m:5s (0h:0m:6s left)
Estimate model parameters (epsilon = 0.100)
BETTER TREE FOUND at iteration 61: -2736.002
Iteration 70 / LogL: -2736.003 / Time: 0h:0m:6s (0h:0m:8s left)
BETTER TREE FOUND at iteration 73: -2736.001
Iteration 80 / LogL: -2736.583 / Time: 0h:0m:7s (0h:0m:8s left)
Iteration 90 / LogL: -2738.523 / Time: 0h:0m:8s (0h:0m:7s left)
Iteration 100 / LogL: -2736.368 / Time: 0h:0m:9s (0h:0m:6s left)
Iteration 110 / LogL: -2737.743 / Time: 0h:0m:10s (0h:0m:5s left)
Iteration 120 / LogL: -2754.427 / Time: 0h:0m:11s (0h:0m:4s left)
Iteration 130 / LogL: -2736.368 / Time: 0h:0m:11s (0h:0m:3s left)
BETTER TREE FOUND at iteration 135: -2736.000
Iteration 140 / LogL: -2737.614 / Time: 0h:0m:12s (0h:0m:8s left)
BETTER TREE FOUND at iteration 141: -2736.000
Iteration 150 / LogL: -2739.226 / Time: 0h:0m:13s (0h:0m:8s left)
BETTER TREE FOUND at iteration 153: -2736.000
Iteration 160 / LogL: -2736.002 / Time: 0h:0m:14s (0h:0m:8s left)
Iteration 170 / LogL: -2751.852 / Time: 0h:0m:15s (0h:0m:7s left)
Iteration 180 / LogL: -2745.246 / Time: 0h:0m:16s (0h:0m:6s left)
Iteration 190 / LogL: -2736.583 / Time: 0h:0m:17s (0h:0m:5s left)
Iteration 200 / LogL: -2738.649 / Time: 0h:0m:18s (0h:0m:4s left)
Iteration 210 / LogL: -2743.005 / Time: 0h:0m:18s (0h:0m:3s left)
BETTER TREE FOUND at iteration 216: -2735.999
Iteration 220 / LogL: -2736.000 / Time: 0h:0m:19s (0h:0m:8s left)
Iteration 230 / LogL: -2742.626 / Time: 0h:0m:20s (0h:0m:7s left)
Iteration 240 / LogL: -2737.613 / Time: 0h:0m:21s (0h:0m:6s left)
BETTER TREE FOUND at iteration 249: -2735.999
Iteration 250 / LogL: -2744.376 / Time: 0h:0m:22s (0h:0m:8s left)
Iteration 260 / LogL: -2744.586 / Time: 0h:0m:23s (0h:0m:8s left)
Iteration 270 / LogL: -2736.002 / Time: 0h:0m:24s (0h:0m:7s left)
Iteration 280 / LogL: -2738.792 / Time: 0h:0m:25s (0h:0m:6s left)
BETTER TREE FOUND at iteration 287: -2735.999
Iteration 290 / LogL: -2739.546 / Time: 0h:0m:25s (0h:0m:8s left)
BETTER TREE FOUND at iteration 293: -2735.999
Iteration 300 / LogL: -2740.478 / Time: 0h:0m:26s (0h:0m:8s left)
BETTER TREE FOUND at iteration 301: -2735.998
Iteration 310 / LogL: -2743.003 / Time: 0h:0m:27s (0h:0m:8s left)
Estimate model parameters (epsilon = 0.100)
BETTER TREE FOUND at iteration 319: -2734.463
Iteration 320 / LogL: -2740.915 / Time: 0h:0m:28s (0h:0m:8s left)
Iteration 330 / LogL: -2734.803 / Time: 0h:0m:29s (0h:0m:7s left)
Iteration 340 / LogL: -2737.319 / Time: 0h:0m:30s (0h:0m:7s left)
Iteration 350 / LogL: -2746.946 / Time: 0h:0m:30s (0h:0m:6s left)
BETTER TREE FOUND at iteration 358: -2734.463
Iteration 360 / LogL: -2735.044 / Time: 0h:0m:31s (0h:0m:8s left)
Iteration 370 / LogL: -2744.327 / Time: 0h:0m:32s (0h:0m:7s left)
Iteration 380 / LogL: -2737.679 / Time: 0h:0m:33s (0h:0m:6s left)
BETTER TREE FOUND at iteration 384: -2734.462
Iteration 390 / LogL: -2742.499 / Time: 0h:0m:34s (0h:0m:8s left)
Iteration 400 / LogL: -2734.803 / Time: 0h:0m:35s (0h:0m:7s left)
Iteration 410 / LogL: -2739.581 / Time: 0h:0m:36s (0h:0m:6s left)
Iteration 420 / LogL: -2737.100 / Time: 0h:0m:37s (0h:0m:5s left)
BETTER TREE FOUND at iteration 430: -2734.462
Iteration 430 / LogL: -2734.462 / Time: 0h:0m:37s (0h:0m:8s left)
Iteration 440 / LogL: -2736.397 / Time: 0h:0m:38s (0h:0m:7s left)
Iteration 450 / LogL: -2742.357 / Time: 0h:0m:39s (0h:0m:7s left)
Iteration 460 / LogL: -2734.462 / Time: 0h:0m:40s (0h:0m:6s left)
Iteration 470 / LogL: -2735.430 / Time: 0h:0m:41s (0h:0m:5s left)
Iteration 480 / LogL: -2734.465 / Time: 0h:0m:42s (0h:0m:4s left)
Iteration 490 / LogL: -2734.463 / Time: 0h:0m:43s (0h:0m:3s left)
Iteration 500 / LogL: -2736.663 / Time: 0h:0m:44s (0h:0m:2s left)
Iteration 510 / LogL: -2735.056 / Time: 0h:0m:45s (0h:0m:1s left)
Iteration 520 / LogL: -2736.398 / Time: 0h:0m:45s (0h:0m:0s left)
Iteration 530 / LogL: -2734.616 / Time: 0h:0m:46s (0h:0m:0s left)
TREE SEARCH COMPLETED AFTER 531 ITERATIONS / Time: 0h:0m:46s

--------------------------------------------------------------------
|                    FINALIZING TREE SEARCH                        |
--------------------------------------------------------------------
Performs final model parameters optimization
Estimate model parameters (epsilon = 0.010)
1. Initial log-likelihood: -2734.462
Optimal log-likelihood: -2734.461
Rate parameters:  A-C: 6.45538  A-G: 16.64695  A-T: 2.36042  C-G: 2.53564  C-T: 10.74122  G-T: 1.00000
Base frequencies:  A: 0.294  C: 0.195  G: 0.257  T: 0.253
Gamma shape alpha: 0.170
Parameters optimization took 1 rounds (0.007 sec)
BEST SCORE FOUND : -2734.461
Total tree length: 0.598

Total number of iterations: 531
CPU time used for tree search: 374.647 sec (0h:6m:14s)
Wall-clock time used for tree search: 46.890 sec (0h:0m:46s)
Total CPU time used: 375.576 sec (0h:6m:15s)
Total wall-clock time used: 47.007 sec (0h:0m:47s)

Analysis results written to: 
  IQ-TREE report:                /workspace/IQTree_8_cores_JarvD5a_Results/exon_11267.iqtree
  Maximum-likelihood tree:       /workspace/IQTree_8_cores_JarvD5a_Results/exon_11267.treefile
  Likelihood distances:          /workspace/IQTree_8_cores_JarvD5a_Results/exon_11267.mldist
  Screen log file:               /workspace/IQTree_8_cores_JarvD5a_Results/exon_11267.log

Date and Time: Wed May 27 18:06:31 2026
