IQ-TREE version 3.1.2 for Linux x86 64-bit built May  7 2026
Developed by Bui Quang Minh, Thomas Wong, Nhan Ly-Trong, Huaiyan Ren
Contributed by Lam-Tung Nguyen, Dominik Schrempf, Chris Bielow,
Olga Chernomor, Michael Woodhams, Diep Thi Hoang, Heiko Schmidt

Host:    8084c4e79f09 (AVX512, FMA3, 1133 GB RAM)
Command: /workspace/iqtree-3.1.2-Linux/bin/iqtree3_intel -s /workspace/NeuralNJ/empirical/JarvD5a/exon_3064.fasta -st DNA -m GTR+G -T 8 -seed 2201 -pre /workspace/IQTree_8_cores_JarvD5a_Results/exon_3064 -quiet
Seed:    2201 (Using SPRNG - Scalable Parallel Random Number Generator)
Time:    Thu May 28 21:18:07 2026
Kernel:  AVX+FMA - 8 threads (384 CPU cores detected)

Reading alignment file /workspace/NeuralNJ/empirical/JarvD5a/exon_3064.fasta ... Fasta format detected
Reading fasta file: done in 0.000461817 secs using 14.29% CPU
Alignment most likely contains DNA/RNA sequences
Constructing alignment: done in 0.00127292 secs using 661.1% CPU
Alignment has 48 sequences with 954 columns, 269 distinct patterns
95 parsimony-informative, 89 singleton sites, 770 constant sites
       Gap/Ambiguity  Composition  p-value
Analyzing sequences: done in 1.50204e-05 secs using 199.7% CPU
   1  ACACH   35.85%    passed     77.98%
   2  ANAPL    7.44%    passed     74.25%
   3  APAVI   28.72%    passed     99.32%
   4  APTFO    8.07%    passed     76.30%
   5  BALRE   22.43%    passed     97.11%
   6  BUCRH   28.30%    passed     94.83%
   7  CALAN    8.28%    passed     82.15%
   8  CAPCA   24.32%    passed     99.35%
   9  CARCR   29.77%    passed     95.90%
  10  CATAU   35.85%    passed     50.24%
  11  CHAPE   35.85%    passed     78.69%
  12  CHAVO   17.71%    passed     42.75%
  13  CHLUN   30.82%    passed     95.80%
  14  COLLI   15.72%    passed     88.86%
  15  COLST   35.85%    passed     72.14%
  16  CORBR   27.46%    passed     97.97%
  17  CUCCA   20.13%    passed     91.47%
  18  EGRGA   18.45%    passed     56.91%
  19  EURHE   35.85%    passed     54.64%
  20  FALPE    8.60%    passed     67.56%
  21  FULGL   26.00%    passed     99.74%
  22  GALGA    0.21%    passed     11.46%
  23  GAVST   34.38%    passed     63.49%
  24  GEOFO   25.16%    passed     93.15%
  25  HALAL   35.85%    passed     66.94%
  26  HALLE    6.92%    passed     57.68%
  27  LEPDI   26.00%    passed    100.00%
  28  MANVI   26.31%    passed     94.45%
  29  MELGA   35.64%    passed     69.90%
  30  MELUN    4.40%    passed     43.07%
  31  MERNU   35.85%    passed     63.07%
  32  MESUN   18.66%    passed     39.08%
  33  NESNO   25.58%    passed     96.55%
  34  NIPNI    8.81%    passed     86.03%
  35  OPHHO   35.85%    passed     60.09%
  36  PELCR   34.80%    passed     79.37%
  37  PHACA   34.59%    passed     37.38%
  38  PHALE   25.79%    passed     99.71%
  39  PHORU   26.21%    passed     99.50%
  40  PICPU   19.08%    passed     53.33%
  41  PODCR   35.85%    passed     62.36%
  42  PTEGU   30.40%    passed     94.57%
  43  PYGAD   26.52%    passed     99.76%
  44  STRCA   35.64%    passed     39.07%
  45  TAEGU    5.03%    passed     74.54%
  46  TAUER   28.72%    passed     89.62%
  47  TINMA   35.64%    passed     65.87%
  48  TYTAL   35.85%    passed     57.83%
****  TOTAL   24.90%  0 sequences failed composition chi2 test (p-value<5%; df=3)
Checking for duplicate sequences: done in 0.000125885 secs using 837.3% CPU

Create initial parsimony tree by phylogenetic likelihood library (PLL)... 0.001 seconds

NOTE: 1 MB RAM (0 GB) is required!
WARNING: Number of threads seems too high for short alignments. Use -T AUTO to determine best number of threads.
Estimate model parameters (epsilon = 0.100)
1. Initial log-likelihood: -3927.833
2. Current log-likelihood: -3738.116
3. Current log-likelihood: -3699.693
4. Current log-likelihood: -3699.285
Optimal log-likelihood: -3699.279
Rate parameters:  A-C: 2.48711  A-G: 8.18033  A-T: 0.85178  C-G: 2.56978  C-T: 4.08063  G-T: 1.00000
Base frequencies:  A: 0.245  C: 0.219  G: 0.225  T: 0.311
Gamma shape alpha: 0.161
Parameters optimization took 4 rounds (0.111 sec)
Wrote distance file to... 
Computing ML distances based on estimated model parameters...
Calculating distance matrix: done in 0.000804901 secs using 817.2% CPU
Computing ML distances took 0.000857 sec (of wall-clock time) 0.006761 sec (of CPU time)
Setting up auxiliary I and S matrices: done in 0.000109911 secs using 1111% CPU
Constructing RapidNJ tree: done in 0.00281382 secs using 807.9% CPU
Computing RapidNJ tree took 0.002955 sec (of wall-clock time) 0.026238 sec (of CPU time)
Log-likelihood of RapidNJ tree: -3711.479
--------------------------------------------------------------------
|             INITIALIZING CANDIDATE TREE SET                      |
--------------------------------------------------------------------
Generating 98 parsimony trees... 0.146 second
Computing log-likelihood of 98 initial trees ... 0.454 seconds
Current best score: -3682.858

Do NNI search on 20 best initial trees
Estimate model parameters (epsilon = 0.100)
BETTER TREE FOUND at iteration 1: -3678.431
Iteration 10 / LogL: -3687.328 / Time: 0h:0m:1s
Iteration 20 / LogL: -3693.644 / Time: 0h:0m:2s
Finish initializing candidate tree set (20)
Current best tree score: -3678.431 / CPU time: 2.298
Number of iterations: 20
--------------------------------------------------------------------
|               OPTIMIZING CANDIDATE TREE SET                      |
--------------------------------------------------------------------
Iteration 30 / LogL: -3678.515 / Time: 0h:0m:3s (0h:0m:8s left)
Iteration 40 / LogL: -3682.206 / Time: 0h:0m:4s (0h:0m:7s left)
Estimate model parameters (epsilon = 0.100)
BETTER TREE FOUND at iteration 43: -3677.856
Estimate model parameters (epsilon = 0.100)
BETTER TREE FOUND at iteration 46: -3674.657
Iteration 50 / LogL: -3677.487 / Time: 0h:0m:5s (0h:0m:11s left)
Iteration 60 / LogL: -3680.175 / Time: 0h:0m:6s (0h:0m:9s left)
Estimate model parameters (epsilon = 0.100)
BETTER TREE FOUND at iteration 63: -3674.099
Estimate model parameters (epsilon = 0.100)
BETTER TREE FOUND at iteration 64: -3673.598
Estimate model parameters (epsilon = 0.100)
BETTER TREE FOUND at iteration 65: -3673.459
Iteration 70 / LogL: -3675.118 / Time: 0h:0m:7s (0h:0m:10s left)
Iteration 80 / LogL: -3674.088 / Time: 0h:0m:8s (0h:0m:9s left)
Estimate model parameters (epsilon = 0.100)
BETTER TREE FOUND at iteration 88: -3673.012
Iteration 90 / LogL: -3678.351 / Time: 0h:0m:9s (0h:0m:10s left)
BETTER TREE FOUND at iteration 100: -3673.012
Iteration 100 / LogL: -3673.012 / Time: 0h:0m:10s (0h:0m:10s left)
BETTER TREE FOUND at iteration 109: -3673.012
Iteration 110 / LogL: -3679.748 / Time: 0h:0m:11s (0h:0m:10s left)
Iteration 120 / LogL: -3677.990 / Time: 0h:0m:12s (0h:0m:9s left)
Iteration 130 / LogL: -3679.254 / Time: 0h:0m:13s (0h:0m:8s left)
Iteration 140 / LogL: -3673.013 / Time: 0h:0m:14s (0h:0m:7s left)
Iteration 150 / LogL: -3673.012 / Time: 0h:0m:15s (0h:0m:6s left)
Iteration 160 / LogL: -3673.604 / Time: 0h:0m:16s (0h:0m:5s left)
UPDATE BEST LOG-LIKELIHOOD: -3673.012
Iteration 170 / LogL: -3680.351 / Time: 0h:0m:17s (0h:0m:4s left)
Iteration 180 / LogL: -3678.855 / Time: 0h:0m:18s (0h:0m:3s left)
Iteration 190 / LogL: -3675.127 / Time: 0h:0m:19s (0h:0m:1s left)
Iteration 200 / LogL: -3673.013 / Time: 0h:0m:20s (0h:0m:0s left)
Iteration 210 / LogL: -3673.633 / Time: 0h:0m:21s (0h:0m:-1s left)
TREE SEARCH COMPLETED AFTER 210 ITERATIONS / Time: 0h:0m:21s

--------------------------------------------------------------------
|                    FINALIZING TREE SEARCH                        |
--------------------------------------------------------------------
Performs final model parameters optimization
Estimate model parameters (epsilon = 0.010)
1. Initial log-likelihood: -3673.012
Optimal log-likelihood: -3673.011
Rate parameters:  A-C: 2.21517  A-G: 7.94698  A-T: 0.75851  C-G: 2.14361  C-T: 3.59022  G-T: 1.00000
Base frequencies:  A: 0.245  C: 0.219  G: 0.225  T: 0.311
Gamma shape alpha: 0.165
Parameters optimization took 1 rounds (0.009 sec)
BEST SCORE FOUND : -3673.011
Total tree length: 0.715

Total number of iterations: 210
CPU time used for tree search: 172.924 sec (0h:2m:52s)
Wall-clock time used for tree search: 21.643 sec (0h:0m:21s)
Total CPU time used: 174.134 sec (0h:2m:54s)
Total wall-clock time used: 21.794 sec (0h:0m:21s)

Analysis results written to: 
  IQ-TREE report:                /workspace/IQTree_8_cores_JarvD5a_Results/exon_3064.iqtree
  Maximum-likelihood tree:       /workspace/IQTree_8_cores_JarvD5a_Results/exon_3064.treefile
  Likelihood distances:          /workspace/IQTree_8_cores_JarvD5a_Results/exon_3064.mldist
  Screen log file:               /workspace/IQTree_8_cores_JarvD5a_Results/exon_3064.log

Date and Time: Thu May 28 21:18:29 2026
