IQ-TREE version 3.1.2 for Linux x86 64-bit built May  7 2026
Developed by Bui Quang Minh, Thomas Wong, Nhan Ly-Trong, Huaiyan Ren
Contributed by Lam-Tung Nguyen, Dominik Schrempf, Chris Bielow,
Olga Chernomor, Michael Woodhams, Diep Thi Hoang, Heiko Schmidt

Host:    8084c4e79f09 (AVX512, FMA3, 1133 GB RAM)
Command: /workspace/iqtree-3.1.2-Linux/bin/iqtree3_intel -s /workspace/NeuralNJ/empirical/JarvD5a/exon_721.fasta -st DNA -m GTR+G -T 8 -seed 2201 -pre /workspace/IQTree_8_cores_JarvD5a_Results/exon_721 -quiet
Seed:    2201 (Using SPRNG - Scalable Parallel Random Number Generator)
Time:    Fri May 29 10:55:38 2026
Kernel:  AVX+FMA - 8 threads (384 CPU cores detected)

Reading alignment file /workspace/NeuralNJ/empirical/JarvD5a/exon_721.fasta ... Fasta format detected
Reading fasta file: done in 0.000553846 secs using 44.42% CPU
Alignment most likely contains DNA/RNA sequences
Constructing alignment: done in 0.00115204 secs using 774% CPU
Alignment has 47 sequences with 874 columns, 55 distinct patterns
13 parsimony-informative, 25 singleton sites, 836 constant sites
       Gap/Ambiguity  Composition  p-value
Analyzing sequences: done in 6.91414e-06 secs using 101.2% CPU
   1  ACACH    3.66%    passed     88.10%
   2  ANAPL    6.64%    passed     99.70%
   3  APAVI    6.64%    passed     99.94%
   4  APTFO    6.64%    passed     99.94%
   5  BALRE    6.64%    passed     99.70%
   6  BUCRH    6.64%    passed     99.97%
   7  CALAN    6.64%    passed     99.99%
   8  CAPCA    6.64%    passed     99.94%
   9  CARCR    6.64%    passed     99.94%
  10  CHAPE   29.06%    passed     96.65%
  11  CHAVO    6.64%    passed     99.70%
  12  CHLUN    6.64%    passed     99.94%
  13  COLLI    6.64%    passed     99.94%
  14  COLST    6.64%    passed     99.94%
  15  CORBR    4.35%    passed     85.83%
  16  CUCCA    6.64%    passed     99.99%
  17  EGRGA    6.64%    passed     99.94%
  18  EURHE    6.64%    passed    100.00%
  19  FALPE    6.64%    passed     99.94%
  20  FULGL    6.64%    passed     99.94%
  21  GALGA    0.00%    passed     95.64%
  22  GAVST    6.64%    passed     99.94%
  23  GEOFO    4.35%    passed     82.64%
  24  HALAL    6.64%    passed     99.94%
  25  HALLE   15.79%    passed     99.91%
  26  LEPDI    6.64%    passed     99.94%
  27  MANVI    6.64%    passed     86.85%
  28  MELGA    6.64%    passed     99.99%
  29  MELUN    6.64%    passed     99.94%
  30  MERNU    6.64%    passed    100.00%
  31  MESUN    6.64%    passed     99.70%
  32  NESNO    6.64%    passed     99.99%
  33  NIPNI    6.64%    passed     99.94%
  34  OPHHO    6.64%    passed     99.94%
  35  PELCR    6.64%    passed     99.94%
  36  PHACA    6.64%    passed     99.94%
  37  PHALE    6.64%    passed     99.70%
  38  PHORU    6.64%    passed     99.94%
  39  PICPU    6.64%    passed     99.38%
  40  PODCR    6.64%    passed     99.94%
  41  PTEGU    6.64%    passed     99.94%
  42  PYGAD    6.64%    passed     99.94%
  43  STRCA    6.64%    passed     99.94%
  44  TAEGU    6.64%    passed     98.40%
  45  TAUER    6.64%    passed     99.97%
  46  TINMA    6.64%    passed     99.94%
  47  TYTAL    6.64%    passed     99.94%
****  TOTAL    7.01%  0 sequences failed composition chi2 test (p-value<5%; df=3)
NOTE: APTFO is identical to APAVI but kept for subsequent analysis
NOTE: MERNU is identical to EURHE but kept for subsequent analysis
Checking for duplicate sequences: done in 0.000100136 secs using 787.9% CPU
Identifying sites to remove: done in 0.000160933 secs using 800.3% CPU
NOTE: 22 identical sequences (see below) will be ignored for subsequent analysis
NOTE: CAPCA (identical to APAVI) is ignored but added at the end
NOTE: CARCR (identical to APAVI) is ignored but added at the end
NOTE: CHLUN (identical to APAVI) is ignored but added at the end
NOTE: COLLI (identical to APAVI) is ignored but added at the end
NOTE: COLST (identical to APAVI) is ignored but added at the end
NOTE: EGRGA (identical to APAVI) is ignored but added at the end
NOTE: FALPE (identical to APAVI) is ignored but added at the end
NOTE: FULGL (identical to APAVI) is ignored but added at the end
NOTE: GAVST (identical to APAVI) is ignored but added at the end
NOTE: HALAL (identical to APAVI) is ignored but added at the end
NOTE: LEPDI (identical to APAVI) is ignored but added at the end
NOTE: MELUN (identical to APAVI) is ignored but added at the end
NOTE: NIPNI (identical to APAVI) is ignored but added at the end
NOTE: OPHHO (identical to APAVI) is ignored but added at the end
NOTE: PELCR (identical to APAVI) is ignored but added at the end
NOTE: PHACA (identical to APAVI) is ignored but added at the end
NOTE: PHORU (identical to APAVI) is ignored but added at the end
NOTE: PODCR (identical to APAVI) is ignored but added at the end
NOTE: PTEGU (identical to APAVI) is ignored but added at the end
NOTE: PYGAD (identical to APAVI) is ignored but added at the end
NOTE: STRCA (identical to APAVI) is ignored but added at the end
NOTE: TYTAL (identical to APAVI) is ignored but added at the end
Alignment was printed to /workspace/IQTree_8_cores_JarvD5a_Results/exon_721.uniqueseq.phy

For your convenience alignment with unique sequences printed to /workspace/IQTree_8_cores_JarvD5a_Results/exon_721.uniqueseq.phy

Create initial parsimony tree by phylogenetic likelihood library (PLL)... 0.000 seconds
WARNING: 8 threads for alignment length 55 will slow down analysis

NOTE: 0 MB RAM (0 GB) is required!
WARNING: Number of threads seems too high for short alignments. Use -T AUTO to determine best number of threads.
Estimate model parameters (epsilon = 0.100)
1. Initial log-likelihood: -1575.963
2. Current log-likelihood: -1534.802
3. Current log-likelihood: -1529.482
4. Current log-likelihood: -1529.264
Optimal log-likelihood: -1529.263
Rate parameters:  A-C: 6.42859  A-G: 0.43092  A-T: 0.38859  C-G: 0.62736  C-T: 11.36550  G-T: 1.00000
Base frequencies:  A: 0.324  C: 0.176  G: 0.252  T: 0.248
Gamma shape alpha: 0.020
Parameters optimization took 4 rounds (0.048 sec)
Wrote distance file to... 
Computing ML distances based on estimated model parameters...
Calculating distance matrix: done in 0.00033617 secs using 769.8% CPU
Computing ML distances took 0.000390 sec (of wall-clock time) 0.002825 sec (of CPU time)
Setting up auxiliary I and S matrices: done in 9.98974e-05 secs using 1235% CPU
Constructing RapidNJ tree: done in 0.00174117 secs using 750.5% CPU
Computing RapidNJ tree took 0.001878 sec (of wall-clock time) 0.016833 sec (of CPU time)
Log-likelihood of RapidNJ tree: -1528.983
--------------------------------------------------------------------
|             INITIALIZING CANDIDATE TREE SET                      |
--------------------------------------------------------------------
Generating 98 parsimony trees... 0.026 second
Computing log-likelihood of 98 initial trees ... 0.136 seconds
Current best score: -1525.720

Do NNI search on 20 best initial trees
Estimate model parameters (epsilon = 0.100)
BETTER TREE FOUND at iteration 1: -1525.328
Estimate model parameters (epsilon = 0.100)
BETTER TREE FOUND at iteration 4: -1525.243
Iteration 10 / LogL: -1527.627 / Time: 0h:0m:0s
Iteration 20 / LogL: -1527.796 / Time: 0h:0m:0s
Finish initializing candidate tree set (20)
Current best tree score: -1525.243 / CPU time: 0.741
Number of iterations: 20
--------------------------------------------------------------------
|               OPTIMIZING CANDIDATE TREE SET                      |
--------------------------------------------------------------------
Iteration 30 / LogL: -1525.246 / Time: 0h:0m:1s (0h:0m:3s left)
Iteration 40 / LogL: -1525.899 / Time: 0h:0m:1s (0h:0m:2s left)
Iteration 50 / LogL: -1525.245 / Time: 0h:0m:1s (0h:0m:2s left)
BETTER TREE FOUND at iteration 55: -1525.242
Iteration 60 / LogL: -1525.243 / Time: 0h:0m:2s (0h:0m:3s left)
BETTER TREE FOUND at iteration 61: -1525.242
Iteration 70 / LogL: -1525.243 / Time: 0h:0m:2s (0h:0m:3s left)
BETTER TREE FOUND at iteration 74: -1525.242
BETTER TREE FOUND at iteration 75: -1525.242
BETTER TREE FOUND at iteration 76: -1525.241
Iteration 80 / LogL: -1525.243 / Time: 0h:0m:2s (0h:0m:3s left)
Iteration 90 / LogL: -1525.246 / Time: 0h:0m:3s (0h:0m:3s left)
Iteration 100 / LogL: -1525.244 / Time: 0h:0m:3s (0h:0m:2s left)
Iteration 110 / LogL: -1525.246 / Time: 0h:0m:4s (0h:0m:2s left)
Iteration 120 / LogL: -1525.242 / Time: 0h:0m:4s (0h:0m:2s left)
BETTER TREE FOUND at iteration 124: -1525.240
Iteration 130 / LogL: -1525.246 / Time: 0h:0m:4s (0h:0m:3s left)
Iteration 140 / LogL: -1528.068 / Time: 0h:0m:5s (0h:0m:3s left)
Iteration 150 / LogL: -1525.246 / Time: 0h:0m:5s (0h:0m:2s left)
Iteration 160 / LogL: -1525.249 / Time: 0h:0m:5s (0h:0m:2s left)
Iteration 170 / LogL: -1525.895 / Time: 0h:0m:6s (0h:0m:1s left)
Iteration 180 / LogL: -1525.247 / Time: 0h:0m:6s (0h:0m:1s left)
Iteration 190 / LogL: -1531.398 / Time: 0h:0m:7s (0h:0m:1s left)
Iteration 200 / LogL: -1526.330 / Time: 0h:0m:7s (0h:0m:0s left)
Iteration 210 / LogL: -1526.944 / Time: 0h:0m:7s (0h:0m:0s left)
Iteration 220 / LogL: -1525.248 / Time: 0h:0m:8s (0h:0m:0s left)
TREE SEARCH COMPLETED AFTER 225 ITERATIONS / Time: 0h:0m:8s

--------------------------------------------------------------------
|                    FINALIZING TREE SEARCH                        |
--------------------------------------------------------------------
Performs final model parameters optimization
Estimate model parameters (epsilon = 0.010)
1. Initial log-likelihood: -1525.240
Optimal log-likelihood: -1525.240
Rate parameters:  A-C: 5.52928  A-G: 0.41933  A-T: 0.38273  C-G: 0.63861  C-T: 11.84415  G-T: 1.00000
Base frequencies:  A: 0.324  C: 0.176  G: 0.252  T: 0.248
Gamma shape alpha: 0.020
Parameters optimization took 1 rounds (0.004 sec)
BEST SCORE FOUND : -1525.240
Total tree length: 0.073

Total number of iterations: 225
CPU time used for tree search: 63.883 sec (0h:1m:3s)
Wall-clock time used for tree search: 8.155 sec (0h:0m:8s)
Total CPU time used: 64.421 sec (0h:1m:4s)
Total wall-clock time used: 8.225 sec (0h:0m:8s)

Analysis results written to: 
  IQ-TREE report:                /workspace/IQTree_8_cores_JarvD5a_Results/exon_721.iqtree
  Maximum-likelihood tree:       /workspace/IQTree_8_cores_JarvD5a_Results/exon_721.treefile
  Likelihood distances:          /workspace/IQTree_8_cores_JarvD5a_Results/exon_721.mldist
  Screen log file:               /workspace/IQTree_8_cores_JarvD5a_Results/exon_721.log

Date and Time: Fri May 29 10:55:47 2026
