IQ-TREE version 3.1.2 for Linux x86 64-bit built May  7 2026
Developed by Bui Quang Minh, Thomas Wong, Nhan Ly-Trong, Huaiyan Ren
Contributed by Lam-Tung Nguyen, Dominik Schrempf, Chris Bielow,
Olga Chernomor, Michael Woodhams, Diep Thi Hoang, Heiko Schmidt

Host:    8084c4e79f09 (AVX512, FMA3, 1133 GB RAM)
Command: /workspace/iqtree-3.1.2-Linux/bin/iqtree3_intel -s /workspace/NeuralNJ/empirical/JarvD5a/exon_3575.fasta -st DNA -m GTR+G -T 8 -seed 2201 -pre /workspace/IQTree_8_cores_JarvD5a_Results/exon_3575 -quiet
Seed:    2201 (Using SPRNG - Scalable Parallel Random Number Generator)
Time:    Thu May 28 23:34:27 2026
Kernel:  AVX+FMA - 8 threads (384 CPU cores detected)

Reading alignment file /workspace/NeuralNJ/empirical/JarvD5a/exon_3575.fasta ... Fasta format detected
Reading fasta file: done in 0.000516891 secs using 36.76% CPU
Alignment most likely contains DNA/RNA sequences
Constructing alignment: done in 0.00152421 secs using 623.5% CPU
Alignment has 46 sequences with 1156 columns, 148 distinct patterns
61 parsimony-informative, 51 singleton sites, 1044 constant sites
       Gap/Ambiguity  Composition  p-value
Analyzing sequences: done in 1.00136e-05 secs using 89.88% CPU
   1  ACACH    6.40%    passed     99.64%
   2  ANAPL    6.57%    passed     99.77%
   3  APAVI    4.84%    passed     99.69%
   4  APTFO    6.75%    passed     99.38%
   5  BALRE    5.36%    passed     98.77%
   6  BUCRH    6.23%    passed     99.87%
   7  CALAN    3.46%    passed     97.04%
   8  CAPCA    6.40%    passed     99.96%
   9  CARCR    4.84%    passed     99.92%
  10  CATAU   40.31%    passed     87.36%
  11  CHAPE    7.44%    passed     99.97%
  12  CHAVO    4.84%    passed     98.69%
  13  CHLUN    5.36%    passed     99.44%
  14  COLLI    2.42%    passed     99.98%
  15  COLST    6.40%    passed     99.90%
  16  CORBR    5.54%    passed     96.69%
  17  CUCCA    7.44%    passed    100.00%
  18  EGRGA    4.84%    passed     99.55%
  19  EURHE    5.88%    passed     98.33%
  20  FALPE    1.38%    passed     98.31%
  21  FULGL    2.25%    passed     99.67%
  22  GALGA    2.42%    passed     95.97%
  23  GAVST    6.40%    passed     98.51%
  24  GEOFO    6.40%    passed     99.81%
  25  HALAL    6.06%    passed     99.97%
  26  HALLE    1.90%    passed     99.08%
  27  LEPDI    4.50%    passed     99.94%
  28  MANVI    6.23%    passed     99.94%
  29  MELGA    2.25%    passed     96.34%
  30  MELUN    2.42%    passed     99.18%
  31  MERNU    6.40%    passed     96.05%
  32  MESUN   18.86%    passed     95.57%
  33  NESNO    6.40%    passed     97.95%
  34  NIPNI    4.84%    passed     99.99%
  35  OPHHO    4.84%    passed     91.43%
  36  PELCR    4.84%    passed    100.00%
  37  PHACA    7.44%    passed     99.38%
  38  PHORU    5.02%    passed     99.48%
  39  PICPU    4.67%    passed     99.40%
  40  PODCR    4.84%    passed     99.84%
  41  PTEGU    6.40%    passed     97.35%
  42  PYGAD    4.84%    passed     99.96%
  43  STRCA    6.57%    passed     99.57%
  44  TAUER    5.36%    passed     97.97%
  45  TINMA    6.57%    passed     99.77%
  46  TYTAL    4.50%    passed     98.51%
****  TOTAL    6.22%  0 sequences failed composition chi2 test (p-value<5%; df=3)
Checking for duplicate sequences: done in 0.000164032 secs using 793.7% CPU

Create initial parsimony tree by phylogenetic likelihood library (PLL)... 0.001 seconds

NOTE: 0 MB RAM (0 GB) is required!
WARNING: Number of threads seems too high for short alignments. Use -T AUTO to determine best number of threads.
Estimate model parameters (epsilon = 0.100)
1. Initial log-likelihood: -3504.909
2. Current log-likelihood: -3319.217
3. Current log-likelihood: -3303.721
Optimal log-likelihood: -3303.686
Rate parameters:  A-C: 1.06204  A-G: 1.62315  A-T: 0.72957  C-G: 1.25367  C-T: 5.37390  G-T: 1.00000
Base frequencies:  A: 0.320  C: 0.196  G: 0.269  T: 0.214
Gamma shape alpha: 0.020
Parameters optimization took 3 rounds (0.057 sec)
Wrote distance file to... 
Computing ML distances based on estimated model parameters...
Calculating distance matrix: done in 0.000993967 secs using 777% CPU
Computing ML distances took 0.001042 sec (of wall-clock time) 0.007929 sec (of CPU time)
Setting up auxiliary I and S matrices: done in 0.00079298 secs using 443.9% CPU
Constructing RapidNJ tree: done in 0.00254703 secs using 798% CPU
Computing RapidNJ tree took 0.003395 sec (of wall-clock time) 0.026908 sec (of CPU time)
Log-likelihood of RapidNJ tree: -3324.704
--------------------------------------------------------------------
|             INITIALIZING CANDIDATE TREE SET                      |
--------------------------------------------------------------------
Generating 98 parsimony trees... 0.111 second
Computing log-likelihood of 98 initial trees ... 0.394 seconds
Current best score: -3286.716

Do NNI search on 20 best initial trees
Estimate model parameters (epsilon = 0.100)
BETTER TREE FOUND at iteration 1: -3281.568
Iteration 10 / LogL: -3289.975 / Time: 0h:0m:1s
Iteration 20 / LogL: -3292.536 / Time: 0h:0m:2s
Finish initializing candidate tree set (20)
Current best tree score: -3281.568 / CPU time: 2.343
Number of iterations: 20
--------------------------------------------------------------------
|               OPTIMIZING CANDIDATE TREE SET                      |
--------------------------------------------------------------------
Iteration 30 / LogL: -3298.099 / Time: 0h:0m:3s (0h:0m:8s left)
Iteration 40 / LogL: -3284.614 / Time: 0h:0m:4s (0h:0m:7s left)
Estimate model parameters (epsilon = 0.100)
BETTER TREE FOUND at iteration 48: -3280.870
Iteration 50 / LogL: -3282.547 / Time: 0h:0m:5s (0h:0m:11s left)
Estimate model parameters (epsilon = 0.100)
BETTER TREE FOUND at iteration 58: -3280.441
Estimate model parameters (epsilon = 0.100)
BETTER TREE FOUND at iteration 60: -3278.877
Iteration 60 / LogL: -3278.877 / Time: 0h:0m:7s (0h:0m:12s left)
Iteration 70 / LogL: -3281.442 / Time: 0h:0m:8s (0h:0m:10s left)
Estimate model parameters (epsilon = 0.100)
BETTER TREE FOUND at iteration 75: -3278.783
Iteration 80 / LogL: -3280.708 / Time: 0h:0m:9s (0h:0m:11s left)
UPDATE BEST LOG-LIKELIHOOD: -3278.783
Estimate model parameters (epsilon = 0.100)
BETTER TREE FOUND at iteration 84: -3277.423
BETTER TREE FOUND at iteration 87: -3277.415
Estimate model parameters (epsilon = 0.100)
BETTER TREE FOUND at iteration 88: -3275.853
Iteration 90 / LogL: -3279.755 / Time: 0h:0m:10s (0h:0m:11s left)
Estimate model parameters (epsilon = 0.100)
BETTER TREE FOUND at iteration 96: -3273.294
Iteration 100 / LogL: -3278.658 / Time: 0h:0m:11s (0h:0m:11s left)
Iteration 110 / LogL: -3287.501 / Time: 0h:0m:12s (0h:0m:9s left)
Iteration 120 / LogL: -3275.497 / Time: 0h:0m:13s (0h:0m:8s left)
Estimate model parameters (epsilon = 0.100)
BETTER TREE FOUND at iteration 123: -3273.005
Iteration 130 / LogL: -3273.395 / Time: 0h:0m:14s (0h:0m:10s left)
Iteration 140 / LogL: -3282.493 / Time: 0h:0m:15s (0h:0m:9s left)
Estimate model parameters (epsilon = 0.100)
BETTER TREE FOUND at iteration 144: -3272.212
Estimate model parameters (epsilon = 0.100)
BETTER TREE FOUND at iteration 145: -3271.657
Iteration 150 / LogL: -3277.084 / Time: 0h:0m:16s (0h:0m:10s left)
Iteration 160 / LogL: -3272.266 / Time: 0h:0m:17s (0h:0m:9s left)
Iteration 170 / LogL: -3272.366 / Time: 0h:0m:18s (0h:0m:8s left)
Estimate model parameters (epsilon = 0.100)
UPDATE BEST LOG-LIKELIHOOD: -3271.621
UPDATE BEST LOG-LIKELIHOOD: -3271.613
UPDATE BEST LOG-LIKELIHOOD: -3271.613
Iteration 180 / LogL: -3271.995 / Time: 0h:0m:19s (0h:0m:7s left)
Iteration 190 / LogL: -3272.489 / Time: 0h:0m:20s (0h:0m:6s left)
Iteration 200 / LogL: -3285.975 / Time: 0h:0m:21s (0h:0m:4s left)
Iteration 210 / LogL: -3278.636 / Time: 0h:0m:22s (0h:0m:3s left)
Iteration 220 / LogL: -3272.397 / Time: 0h:0m:24s (0h:0m:2s left)
Iteration 230 / LogL: -3279.433 / Time: 0h:0m:24s (0h:0m:1s left)
Iteration 240 / LogL: -3272.122 / Time: 0h:0m:26s (0h:0m:0s left)
TREE SEARCH COMPLETED AFTER 246 ITERATIONS / Time: 0h:0m:26s

--------------------------------------------------------------------
|                    FINALIZING TREE SEARCH                        |
--------------------------------------------------------------------
Performs final model parameters optimization
Estimate model parameters (epsilon = 0.010)
1. Initial log-likelihood: -3271.613
Optimal log-likelihood: -3271.613
Rate parameters:  A-C: 0.97597  A-G: 1.75734  A-T: 0.58682  C-G: 1.16649  C-T: 5.96063  G-T: 1.00000
Base frequencies:  A: 0.320  C: 0.196  G: 0.269  T: 0.214
Gamma shape alpha: 0.020
Parameters optimization took 1 rounds (0.011 sec)
BEST SCORE FOUND : -3271.613
Total tree length: 0.444

Total number of iterations: 246
CPU time used for tree search: 212.580 sec (0h:3m:32s)
Wall-clock time used for tree search: 26.605 sec (0h:0m:26s)
Total CPU time used: 213.375 sec (0h:3m:33s)
Total wall-clock time used: 26.705 sec (0h:0m:26s)

Analysis results written to: 
  IQ-TREE report:                /workspace/IQTree_8_cores_JarvD5a_Results/exon_3575.iqtree
  Maximum-likelihood tree:       /workspace/IQTree_8_cores_JarvD5a_Results/exon_3575.treefile
  Likelihood distances:          /workspace/IQTree_8_cores_JarvD5a_Results/exon_3575.mldist
  Screen log file:               /workspace/IQTree_8_cores_JarvD5a_Results/exon_3575.log

Date and Time: Thu May 28 23:34:54 2026
