IQ-TREE version 3.1.2 for Linux x86 64-bit built May  7 2026
Developed by Bui Quang Minh, Thomas Wong, Nhan Ly-Trong, Huaiyan Ren
Contributed by Lam-Tung Nguyen, Dominik Schrempf, Chris Bielow,
Olga Chernomor, Michael Woodhams, Diep Thi Hoang, Heiko Schmidt

Host:    8084c4e79f09 (AVX512, FMA3, 1133 GB RAM)
Command: /workspace/iqtree-3.1.2-Linux/bin/iqtree3_intel -s /workspace/NeuralNJ/empirical/JarvD5a/exon_1050.fasta -st DNA -m GTR+G -T 8 -seed 2201 -pre /workspace/IQTree_8_cores_JarvD5a_Results/exon_1050 -quiet
Seed:    2201 (Using SPRNG - Scalable Parallel Random Number Generator)
Time:    Wed May 27 12:53:09 2026
Kernel:  AVX+FMA - 8 threads (384 CPU cores detected)

Reading alignment file /workspace/NeuralNJ/empirical/JarvD5a/exon_1050.fasta ... Fasta format detected
Reading fasta file: done in 0.000591993 secs using 81.25% CPU
Alignment most likely contains DNA/RNA sequences
Constructing alignment: done in 0.00160193 secs using 406.3% CPU
Alignment has 44 sequences with 966 columns, 124 distinct patterns
20 parsimony-informative, 33 singleton sites, 913 constant sites
       Gap/Ambiguity  Composition  p-value
Analyzing sequences: done in 4.1008e-05 secs using 324.3% CPU
   1  ACACH   25.47%    passed     89.47%
   2  ANAPL   11.08%    passed     97.98%
   3  APAVI    9.11%    passed     99.83%
   4  APTFO    9.11%    passed     99.95%
   5  BALRE    8.90%    passed     99.99%
   6  BUCRH    9.11%    passed     98.01%
   7  CALAN    9.11%    passed     99.11%
   8  CAPCA    9.11%    passed     99.83%
   9  CARCR    9.11%    passed     99.95%
  10  CATAU   24.84%    passed     76.29%
  11  CHAPE    7.45%    passed     99.67%
  12  CHAVO    9.11%    passed     99.95%
  13  CHLUN    9.11%    passed     99.92%
  14  COLLI    9.11%    passed     99.83%
  15  COLST    9.11%    passed     99.43%
  16  CORBR    9.11%    passed     97.14%
  17  CUCCA   21.33%    passed     83.35%
  18  EGRGA    8.28%    passed     96.20%
  19  EURHE   29.19%    passed     82.25%
  20  FALPE    9.11%    passed     99.83%
  21  FULGL    9.11%    passed     99.95%
  22  GALGA    0.62%    passed     88.25%
  23  GAVST    9.11%    passed     99.83%
  24  GEOFO    7.04%    passed     91.95%
  25  HALAL    9.11%    passed     99.83%
  26  HALLE    9.11%    passed     99.83%
  27  LEPDI    9.11%    passed     99.83%
  28  MANVI    9.11%    passed     99.87%
  29  MELGA    9.11%    passed     99.72%
  30  MELUN    8.49%    passed     99.89%
  31  MERNU    9.11%    passed     99.72%
  32  MESUN    9.63%    passed     99.56%
  33  NESNO   44.51%    passed     43.81%
  34  NIPNI   11.18%    passed     99.30%
  35  PHACA    9.11%    passed     99.83%
  36  PHALE    9.11%    passed     99.83%
  37  PHORU    9.11%    passed     99.83%
  38  PICPU    9.11%    passed     98.97%
  39  PODCR    9.11%    passed     99.95%
  40  PTEGU   10.14%    passed     99.84%
  41  TAEGU    6.42%    passed     88.43%
  42  TAUER    9.11%    passed     99.95%
  43  TINMA    8.90%    passed     83.56%
  44  TYTAL    9.11%    passed     99.87%
****  TOTAL   11.12%  0 sequences failed composition chi2 test (p-value<5%; df=3)
NOTE: CHAVO is identical to APTFO but kept for subsequent analysis
NOTE: COLLI is identical to CAPCA but kept for subsequent analysis
NOTE: PODCR is identical to CARCR but kept for subsequent analysis
Checking for duplicate sequences: done in 0.000142097 secs using 704.4% CPU
Identifying sites to remove: done in 0.000352144 secs using 701.4% CPU
NOTE: 8 identical sequences (see below) will be ignored for subsequent analysis
NOTE: FALPE (identical to CAPCA) is ignored but added at the end
NOTE: GAVST (identical to CAPCA) is ignored but added at the end
NOTE: HALAL (identical to CAPCA) is ignored but added at the end
NOTE: HALLE (identical to CAPCA) is ignored but added at the end
NOTE: LEPDI (identical to CAPCA) is ignored but added at the end
NOTE: PHACA (identical to CAPCA) is ignored but added at the end
NOTE: PHALE (identical to CAPCA) is ignored but added at the end
NOTE: PHORU (identical to CAPCA) is ignored but added at the end
Alignment was printed to /workspace/IQTree_8_cores_JarvD5a_Results/exon_1050.uniqueseq.phy

For your convenience alignment with unique sequences printed to /workspace/IQTree_8_cores_JarvD5a_Results/exon_1050.uniqueseq.phy

Create initial parsimony tree by phylogenetic likelihood library (PLL)... 0.001 seconds

NOTE: 0 MB RAM (0 GB) is required!
WARNING: Number of threads seems too high for short alignments. Use -T AUTO to determine best number of threads.
Estimate model parameters (epsilon = 0.100)
1. Initial log-likelihood: -1903.239
2. Current log-likelihood: -1837.540
3. Current log-likelihood: -1837.024
Optimal log-likelihood: -1837.021
Rate parameters:  A-C: 15.13240  A-G: 6.81484  A-T: 1.52115  C-G: 3.73035  C-T: 45.46654  G-T: 1.00000
Base frequencies:  A: 0.343  C: 0.183  G: 0.261  T: 0.214
Gamma shape alpha: 0.020
Parameters optimization took 3 rounds (0.078 sec)
Wrote distance file to... 
Computing ML distances based on estimated model parameters...
Calculating distance matrix: done in 0.00132918 secs using 776.8% CPU
Computing ML distances took 0.001383 sec (of wall-clock time) 0.010500 sec (of CPU time)
Setting up auxiliary I and S matrices: done in 9.20296e-05 secs using 968.2% CPU
Constructing RapidNJ tree: done in 0.00206304 secs using 858% CPU
Computing RapidNJ tree took 0.002183 sec (of wall-clock time) 0.019159 sec (of CPU time)
Log-likelihood of RapidNJ tree: -1827.843
--------------------------------------------------------------------
|             INITIALIZING CANDIDATE TREE SET                      |
--------------------------------------------------------------------
Generating 98 parsimony trees... 0.050 second
Computing log-likelihood of 98 initial trees ... 0.237 seconds
Current best score: -1821.682

Do NNI search on 20 best initial trees
Estimate model parameters (epsilon = 0.100)
BETTER TREE FOUND at iteration 1: -1821.184
Iteration 10 / LogL: -1823.977 / Time: 0h:0m:0s
Iteration 20 / LogL: -1821.553 / Time: 0h:0m:1s
Finish initializing candidate tree set (20)
Current best tree score: -1821.184 / CPU time: 1.457
Number of iterations: 20
--------------------------------------------------------------------
|               OPTIMIZING CANDIDATE TREE SET                      |
--------------------------------------------------------------------
Iteration 30 / LogL: -1824.906 / Time: 0h:0m:2s (0h:0m:5s left)
Estimate model parameters (epsilon = 0.100)
BETTER TREE FOUND at iteration 31: -1819.809
Estimate model parameters (epsilon = 0.100)
BETTER TREE FOUND at iteration 38: -1819.793
Iteration 40 / LogL: -1824.692 / Time: 0h:0m:2s (0h:0m:7s left)
BETTER TREE FOUND at iteration 47: -1819.791
Iteration 50 / LogL: -1819.822 / Time: 0h:0m:3s (0h:0m:7s left)
Iteration 60 / LogL: -1819.795 / Time: 0h:0m:4s (0h:0m:6s left)
Iteration 70 / LogL: -1819.816 / Time: 0h:0m:4s (0h:0m:5s left)
Iteration 80 / LogL: -1819.815 / Time: 0h:0m:5s (0h:0m:4s left)
BETTER TREE FOUND at iteration 89: -1819.790
Estimate model parameters (epsilon = 0.100)
BETTER TREE FOUND at iteration 90: -1819.667
Iteration 90 / LogL: -1819.667 / Time: 0h:0m:6s (0h:0m:7s left)
Iteration 100 / LogL: -1834.420 / Time: 0h:0m:7s (0h:0m:6s left)
BETTER TREE FOUND at iteration 101: -1819.658
BETTER TREE FOUND at iteration 103: -1819.657
Estimate model parameters (epsilon = 0.100)
BETTER TREE FOUND at iteration 106: -1819.612
Iteration 110 / LogL: -1819.660 / Time: 0h:0m:7s (0h:0m:7s left)
Iteration 120 / LogL: -1819.618 / Time: 0h:0m:8s (0h:0m:6s left)
Iteration 130 / LogL: -1827.038 / Time: 0h:0m:9s (0h:0m:5s left)
Iteration 140 / LogL: -1819.622 / Time: 0h:0m:10s (0h:0m:4s left)
Iteration 150 / LogL: -1823.752 / Time: 0h:0m:10s (0h:0m:4s left)
Iteration 160 / LogL: -1823.525 / Time: 0h:0m:11s (0h:0m:3s left)
Iteration 170 / LogL: -1819.615 / Time: 0h:0m:12s (0h:0m:2s left)
Iteration 180 / LogL: -1819.615 / Time: 0h:0m:13s (0h:0m:1s left)
Iteration 190 / LogL: -1821.449 / Time: 0h:0m:13s (0h:0m:1s left)
Iteration 200 / LogL: -1824.242 / Time: 0h:0m:14s (0h:0m:0s left)
TREE SEARCH COMPLETED AFTER 207 ITERATIONS / Time: 0h:0m:15s

--------------------------------------------------------------------
|                    FINALIZING TREE SEARCH                        |
--------------------------------------------------------------------
Performs final model parameters optimization
Estimate model parameters (epsilon = 0.010)
1. Initial log-likelihood: -1819.612
Optimal log-likelihood: -1819.612
Rate parameters:  A-C: 16.36497  A-G: 5.99225  A-T: 1.54627  C-G: 3.82539  C-T: 45.32930  G-T: 1.00000
Base frequencies:  A: 0.343  C: 0.183  G: 0.261  T: 0.214
Gamma shape alpha: 0.020
Parameters optimization took 1 rounds (0.007 sec)
BEST SCORE FOUND : -1819.612
Total tree length: 0.100

Total number of iterations: 207
CPU time used for tree search: 122.026 sec (0h:2m:2s)
Wall-clock time used for tree search: 15.267 sec (0h:0m:15s)
Total CPU time used: 122.824 sec (0h:2m:2s)
Total wall-clock time used: 15.375 sec (0h:0m:15s)

Analysis results written to: 
  IQ-TREE report:                /workspace/IQTree_8_cores_JarvD5a_Results/exon_1050.iqtree
  Maximum-likelihood tree:       /workspace/IQTree_8_cores_JarvD5a_Results/exon_1050.treefile
  Likelihood distances:          /workspace/IQTree_8_cores_JarvD5a_Results/exon_1050.mldist
  Screen log file:               /workspace/IQTree_8_cores_JarvD5a_Results/exon_1050.log

Date and Time: Wed May 27 12:53:25 2026
