IQ-TREE version 3.1.2 for Linux x86 64-bit built May  7 2026
Developed by Bui Quang Minh, Thomas Wong, Nhan Ly-Trong, Huaiyan Ren
Contributed by Lam-Tung Nguyen, Dominik Schrempf, Chris Bielow,
Olga Chernomor, Michael Woodhams, Diep Thi Hoang, Heiko Schmidt

Host:    8084c4e79f09 (AVX512, FMA3, 1133 GB RAM)
Command: /workspace/iqtree-3.1.2-Linux/bin/iqtree3_intel -s /workspace/NeuralNJ/empirical/JarvD5a/exon_8721.fasta -st DNA -m GTR+G -T 8 -seed 2201 -pre /workspace/IQTree_8_cores_JarvD5a_Results/exon_8721 -quiet
Seed:    2201 (Using SPRNG - Scalable Parallel Random Number Generator)
Time:    Fri May 29 19:54:37 2026
Kernel:  AVX+FMA - 8 threads (384 CPU cores detected)

Reading alignment file /workspace/NeuralNJ/empirical/JarvD5a/exon_8721.fasta ... Fasta format detected
Reading fasta file: done in 0.000458002 secs using 15.28% CPU
Alignment most likely contains DNA/RNA sequences
Constructing alignment: done in 0.00102997 secs using 678.7% CPU
Alignment has 47 sequences with 792 columns, 127 distinct patterns
54 parsimony-informative, 68 singleton sites, 670 constant sites
       Gap/Ambiguity  Composition  p-value
Analyzing sequences: done in 8.82149e-06 secs using 102% CPU
   1  ACACH    0.00%    passed     99.99%
   2  ANAPL    0.25%    passed     99.94%
   3  APAVI    0.00%    passed     97.57%
   4  APTFO    0.00%    passed     99.90%
   5  BALRE    0.00%    passed     99.61%
   6  BUCRH    0.00%    passed     99.32%
   7  CALAN    5.05%    passed     99.36%
   8  CAPCA    0.00%    passed     99.83%
   9  CARCR    0.00%    passed     99.99%
  10  CHAPE    0.00%    passed     99.72%
  11  CHAVO    0.00%    passed     99.97%
  12  CHLUN    0.00%    passed     99.65%
  13  COLLI    0.00%    passed     97.35%
  14  COLST    0.00%    passed     98.59%
  15  CORBR    0.00%    passed     99.82%
  16  CUCCA    0.00%    passed     99.57%
  17  EGRGA    0.00%    passed     99.97%
  18  EURHE    0.00%    passed     99.87%
  19  FALPE    0.00%    passed     99.89%
  20  FULGL    0.00%    passed     99.98%
  21  GALGA    0.25%    passed     91.10%
  22  GAVST    0.00%    passed     99.94%
  23  GEOFO    0.00%    passed     99.98%
  24  HALAL    0.00%    passed     99.99%
  25  HALLE    0.00%    passed     99.99%
  26  LEPDI    0.00%    passed     99.73%
  27  MANVI    0.00%    passed     99.73%
  28  MELGA    0.25%    passed     98.06%
  29  MELUN    0.00%    passed     99.32%
  30  MERNU    0.00%    passed     97.00%
  31  MESUN    0.00%    passed     98.27%
  32  NESNO    0.00%    passed     99.66%
  33  NIPNI    0.00%    passed     99.96%
  34  OPHHO    0.00%    passed     99.94%
  35  PELCR    0.00%    passed     99.95%
  36  PHACA    0.00%    passed     99.78%
  37  PHALE    0.00%    passed     99.61%
  38  PHORU    0.00%    passed     99.90%
  39  PICPU    0.00%    passed     99.56%
  40  PODCR    0.00%    passed     99.94%
  41  PTEGU    0.00%    passed     99.50%
  42  PYGAD    0.00%    passed     99.91%
  43  STRCA    0.00%    passed     98.60%
  44  TAEGU    0.25%    passed     98.85%
  45  TAUER    0.00%    passed     99.99%
  46  TINMA    0.00%    passed     93.79%
  47  TYTAL   41.67%    passed     47.26%
****  TOTAL    1.02%  0 sequences failed composition chi2 test (p-value<5%; df=3)
NOTE: HALAL is identical to CARCR but kept for subsequent analysis
Checking for duplicate sequences: done in 0.000120163 secs using 801.4% CPU
Identifying sites to remove: done in 0.000221014 secs using 800.4% CPU
NOTE: 1 identical sequences (see below) will be ignored for subsequent analysis
NOTE: HALLE (identical to CARCR) is ignored but added at the end
Alignment was printed to /workspace/IQTree_8_cores_JarvD5a_Results/exon_8721.uniqueseq.phy

For your convenience alignment with unique sequences printed to /workspace/IQTree_8_cores_JarvD5a_Results/exon_8721.uniqueseq.phy

Create initial parsimony tree by phylogenetic likelihood library (PLL)... 0.001 seconds

NOTE: 0 MB RAM (0 GB) is required!
WARNING: Number of threads seems too high for short alignments. Use -T AUTO to determine best number of threads.
Estimate model parameters (epsilon = 0.100)
1. Initial log-likelihood: -2617.469
2. Current log-likelihood: -2510.318
3. Current log-likelihood: -2499.351
4. Current log-likelihood: -2499.199
Optimal log-likelihood: -2499.199
Rate parameters:  A-C: 1.35411  A-G: 2.96373  A-T: 0.47368  C-G: 1.08041  C-T: 6.59193  G-T: 1.00000
Base frequencies:  A: 0.325  C: 0.205  G: 0.221  T: 0.249
Gamma shape alpha: 0.020
Parameters optimization took 4 rounds (0.064 sec)
Wrote distance file to... 
Computing ML distances based on estimated model parameters...
Calculating distance matrix: done in 0.00101995 secs using 793% CPU
Computing ML distances took 0.001061 sec (of wall-clock time) 0.008273 sec (of CPU time)
Setting up auxiliary I and S matrices: done in 9.70364e-05 secs using 1109% CPU
Constructing RapidNJ tree: done in 0.00233889 secs using 694.8% CPU
Computing RapidNJ tree took 0.002498 sec (of wall-clock time) 0.022802 sec (of CPU time)
Log-likelihood of RapidNJ tree: -2511.411
--------------------------------------------------------------------
|             INITIALIZING CANDIDATE TREE SET                      |
--------------------------------------------------------------------
Generating 98 parsimony trees... 0.078 second
Computing log-likelihood of 98 initial trees ... 0.279 seconds
Current best score: -2491.633

Do NNI search on 20 best initial trees
Estimate model parameters (epsilon = 0.100)
BETTER TREE FOUND at iteration 1: -2491.056
Estimate model parameters (epsilon = 0.100)
BETTER TREE FOUND at iteration 2: -2489.594
Estimate model parameters (epsilon = 0.100)
BETTER TREE FOUND at iteration 3: -2488.205
Iteration 10 / LogL: -2497.256 / Time: 0h:0m:0s
Iteration 20 / LogL: -2498.809 / Time: 0h:0m:1s
Finish initializing candidate tree set (20)
Current best tree score: -2488.205 / CPU time: 1.245
Number of iterations: 20
--------------------------------------------------------------------
|               OPTIMIZING CANDIDATE TREE SET                      |
--------------------------------------------------------------------
Iteration 30 / LogL: -2488.207 / Time: 0h:0m:1s (0h:0m:4s left)
Estimate model parameters (epsilon = 0.100)
BETTER TREE FOUND at iteration 36: -2487.237
Estimate model parameters (epsilon = 0.100)
BETTER TREE FOUND at iteration 39: -2486.894
Iteration 40 / LogL: -2488.283 / Time: 0h:0m:2s (0h:0m:6s left)
Estimate model parameters (epsilon = 0.100)
BETTER TREE FOUND at iteration 49: -2486.085
Iteration 50 / LogL: -2487.243 / Time: 0h:0m:3s (0h:0m:6s left)
Estimate model parameters (epsilon = 0.100)
BETTER TREE FOUND at iteration 54: -2485.767
BETTER TREE FOUND at iteration 58: -2485.767
Iteration 60 / LogL: -2485.767 / Time: 0h:0m:3s (0h:0m:6s left)
BETTER TREE FOUND at iteration 61: -2485.767
Iteration 70 / LogL: -2485.771 / Time: 0h:0m:4s (0h:0m:5s left)
Iteration 80 / LogL: -2487.576 / Time: 0h:0m:5s (0h:0m:5s left)
Iteration 90 / LogL: -2488.725 / Time: 0h:0m:5s (0h:0m:4s left)
Iteration 100 / LogL: -2485.771 / Time: 0h:0m:6s (0h:0m:3s left)
Iteration 110 / LogL: -2490.262 / Time: 0h:0m:6s (0h:0m:3s left)
Iteration 120 / LogL: -2485.768 / Time: 0h:0m:7s (0h:0m:2s left)
Iteration 130 / LogL: -2486.115 / Time: 0h:0m:7s (0h:0m:1s left)
Iteration 140 / LogL: -2485.769 / Time: 0h:0m:8s (0h:0m:1s left)
BETTER TREE FOUND at iteration 144: -2485.767
Iteration 150 / LogL: -2487.092 / Time: 0h:0m:9s (0h:0m:5s left)
Estimate model parameters (epsilon = 0.100)
BETTER TREE FOUND at iteration 156: -2485.689
Iteration 160 / LogL: -2487.095 / Time: 0h:0m:9s (0h:0m:5s left)
Iteration 170 / LogL: -2501.815 / Time: 0h:0m:10s (0h:0m:5s left)
Estimate model parameters (epsilon = 0.100)
BETTER TREE FOUND at iteration 179: -2485.293
Iteration 180 / LogL: -2485.719 / Time: 0h:0m:11s (0h:0m:6s left)
Iteration 190 / LogL: -2485.715 / Time: 0h:0m:11s (0h:0m:5s left)
Iteration 200 / LogL: -2485.629 / Time: 0h:0m:12s (0h:0m:4s left)
BETTER TREE FOUND at iteration 203: -2485.293
BETTER TREE FOUND at iteration 205: -2485.293
Iteration 210 / LogL: -2491.470 / Time: 0h:0m:12s (0h:0m:5s left)
BETTER TREE FOUND at iteration 216: -2485.292
Iteration 220 / LogL: -2485.722 / Time: 0h:0m:13s (0h:0m:5s left)
BETTER TREE FOUND at iteration 224: -2485.292
Iteration 230 / LogL: -2485.715 / Time: 0h:0m:14s (0h:0m:5s left)
Iteration 240 / LogL: -2487.420 / Time: 0h:0m:14s (0h:0m:5s left)
Iteration 250 / LogL: -2485.295 / Time: 0h:0m:15s (0h:0m:4s left)
Iteration 260 / LogL: -2487.419 / Time: 0h:0m:16s (0h:0m:4s left)
Iteration 270 / LogL: -2485.294 / Time: 0h:0m:16s (0h:0m:3s left)
Iteration 280 / LogL: -2485.298 / Time: 0h:0m:17s (0h:0m:2s left)
Iteration 290 / LogL: -2485.295 / Time: 0h:0m:18s (0h:0m:2s left)
Iteration 300 / LogL: -2490.647 / Time: 0h:0m:18s (0h:0m:1s left)
Iteration 310 / LogL: -2489.155 / Time: 0h:0m:19s (0h:0m:0s left)
Iteration 320 / LogL: -2485.293 / Time: 0h:0m:20s (0h:0m:0s left)
TREE SEARCH COMPLETED AFTER 325 ITERATIONS / Time: 0h:0m:20s

--------------------------------------------------------------------
|                    FINALIZING TREE SEARCH                        |
--------------------------------------------------------------------
Performs final model parameters optimization
Estimate model parameters (epsilon = 0.010)
1. Initial log-likelihood: -2485.292
Optimal log-likelihood: -2485.292
Rate parameters:  A-C: 1.52561  A-G: 2.94473  A-T: 0.42139  C-G: 1.00168  C-T: 6.44027  G-T: 1.00000
Base frequencies:  A: 0.325  C: 0.205  G: 0.221  T: 0.249
Gamma shape alpha: 0.020
Parameters optimization took 1 rounds (0.006 sec)
BEST SCORE FOUND : -2485.292
Total tree length: 0.322

Total number of iterations: 325
CPU time used for tree search: 162.907 sec (0h:2m:42s)
Wall-clock time used for tree search: 20.383 sec (0h:0m:20s)
Total CPU time used: 163.651 sec (0h:2m:43s)
Total wall-clock time used: 20.476 sec (0h:0m:20s)

Analysis results written to: 
  IQ-TREE report:                /workspace/IQTree_8_cores_JarvD5a_Results/exon_8721.iqtree
  Maximum-likelihood tree:       /workspace/IQTree_8_cores_JarvD5a_Results/exon_8721.treefile
  Likelihood distances:          /workspace/IQTree_8_cores_JarvD5a_Results/exon_8721.mldist
  Screen log file:               /workspace/IQTree_8_cores_JarvD5a_Results/exon_8721.log

Date and Time: Fri May 29 19:54:57 2026
