IQ-TREE version 3.1.2 for Linux x86 64-bit built May  7 2026
Developed by Bui Quang Minh, Thomas Wong, Nhan Ly-Trong, Huaiyan Ren
Contributed by Lam-Tung Nguyen, Dominik Schrempf, Chris Bielow,
Olga Chernomor, Michael Woodhams, Diep Thi Hoang, Heiko Schmidt

Host:    8084c4e79f09 (AVX512, FMA3, 1133 GB RAM)
Command: /workspace/iqtree-3.1.2-Linux/bin/iqtree3_intel -s /workspace/NeuralNJ/empirical/JarvD5a/exon_4474.fasta -st DNA -m GTR+G -T 8 -seed 2201 -pre /workspace/IQTree_8_cores_JarvD5a_Results/exon_4474 -quiet
Seed:    2201 (Using SPRNG - Scalable Parallel Random Number Generator)
Time:    Fri May 29 03:23:07 2026
Kernel:  AVX+FMA - 8 threads (384 CPU cores detected)

Reading alignment file /workspace/NeuralNJ/empirical/JarvD5a/exon_4474.fasta ... Fasta format detected
Reading fasta file: done in 0.000696898 secs using 3.874% CPU
Alignment most likely contains DNA/RNA sequences
Constructing alignment: done in 0.00116611 secs using 873.8% CPU
Alignment has 46 sequences with 870 columns, 126 distinct patterns
19 parsimony-informative, 74 singleton sites, 777 constant sites
       Gap/Ambiguity  Composition  p-value
Analyzing sequences: done in 9.05991e-06 secs using 99.34% CPU
   1  ACACH   20.92%    passed     57.17%
   2  ANAPL   10.80%    passed     94.40%
   3  APAVI   19.54%    passed     26.76%
   4  APTFO   21.15%    passed     94.04%
   5  BALRE   34.48%    passed     94.98%
   6  BUCRH   51.49%    passed     57.78%
   7  CALAN   14.94%    passed     10.01%
   8  CAPCA   21.15%    passed     92.03%
   9  CARCR   20.92%    passed     51.65%
  10  CATAU   51.49%    passed     57.78%
  11  CHAPE   20.69%    passed     89.80%
  12  CHAVO   23.45%    passed     76.72%
  13  CHLUN   51.49%    passed     57.78%
  14  COLLI   21.15%    passed     97.98%
  15  COLST   20.92%    passed     53.34%
  16  CORBR   19.54%    passed     23.35%
  17  CUCCA   17.01%    passed     98.20%
  18  EGRGA   23.45%    passed     80.02%
  19  FALPE   10.80%    passed     93.06%
  20  FULGL   34.48%    passed     95.14%
  21  GALGA    3.45%    passed     97.18%
  22  GAVST   34.48%    passed     91.53%
  23  GEOFO   19.54%    passed     25.46%
  24  HALAL   34.94%    passed     88.80%
  25  HALLE   21.38%    passed     89.19%
  26  LEPDI   10.80%    passed     93.35%
  27  MANVI   25.06%    passed     69.85%
  28  MELGA   23.45%    passed     80.32%
  29  MELUN   23.45%    passed     80.02%
  30  MERNU   34.48%    passed     95.14%
  31  MESUN   23.45%    passed     82.34%
  32  NESNO   10.80%    passed     94.40%
  33  NIPNI   21.15%    passed     92.36%
  34  OPHHO   21.15%    passed     93.58%
  35  PELCR   37.24%    passed     35.10%
  36  PHACA   51.49%    passed     49.75%
  37  PHALE   34.48%    passed     94.35%
  38  PICPU   10.80%    passed     96.64%
  39  PODCR   21.15%    passed     96.95%
  40  PTEGU   20.92%    passed     45.93%
  41  PYGAD   21.15%    passed     94.04%
  42  STRCA   23.45%    passed     82.34%
  43  TAEGU   10.80%    passed     91.01%
  44  TAUER   23.45%    passed     80.05%
  45  TINMA   23.22%    passed     45.52%
  46  TYTAL   21.38%    passed     94.04%
WARNING: 4 sequences contain more than 50% gaps/ambiguity
****  TOTAL   24.28%  0 sequences failed composition chi2 test (p-value<5%; df=3)
NOTE: PYGAD is identical to APTFO but kept for subsequent analysis
NOTE: CATAU is identical to BUCRH but kept for subsequent analysis
NOTE: MERNU is identical to FULGL but kept for subsequent analysis
NOTE: STRCA is identical to MESUN but kept for subsequent analysis
Checking for duplicate sequences: done in 0.000123024 secs using 786% CPU
Identifying sites to remove: done in 0.000236988 secs using 803.8% CPU
NOTE: 1 identical sequences (see below) will be ignored for subsequent analysis
NOTE: CHLUN (identical to BUCRH) is ignored but added at the end
Alignment was printed to /workspace/IQTree_8_cores_JarvD5a_Results/exon_4474.uniqueseq.phy

For your convenience alignment with unique sequences printed to /workspace/IQTree_8_cores_JarvD5a_Results/exon_4474.uniqueseq.phy

Create initial parsimony tree by phylogenetic likelihood library (PLL)... 0.000 seconds

NOTE: 0 MB RAM (0 GB) is required!
WARNING: Number of threads seems too high for short alignments. Use -T AUTO to determine best number of threads.
Estimate model parameters (epsilon = 0.100)
1. Initial log-likelihood: -1927.406
2. Current log-likelihood: -1889.589
3. Current log-likelihood: -1887.579
Optimal log-likelihood: -1887.456
Rate parameters:  A-C: 0.49879  A-G: 0.81904  A-T: 0.38254  C-G: 0.39051  C-T: 1.16718  G-T: 1.00000
Base frequencies:  A: 0.328  C: 0.328  G: 0.211  T: 0.133
Gamma shape alpha: 0.020
Parameters optimization took 3 rounds (0.050 sec)
Wrote distance file to... 
Computing ML distances based on estimated model parameters...
Calculating distance matrix: done in 0.000814199 secs using 808.9% CPU
Computing ML distances took 0.000873 sec (of wall-clock time) 0.006969 sec (of CPU time)
Setting up auxiliary I and S matrices: done in 0.000103951 secs using 981.2% CPU
Constructing RapidNJ tree: done in 0.00249791 secs using 785.3% CPU
Computing RapidNJ tree took 0.002636 sec (of wall-clock time) 0.021915 sec (of CPU time)
Log-likelihood of RapidNJ tree: -1899.600
--------------------------------------------------------------------
|             INITIALIZING CANDIDATE TREE SET                      |
--------------------------------------------------------------------
Generating 98 parsimony trees... 0.059 second
Computing log-likelihood of 98 initial trees ... 0.321 seconds
Current best score: -1880.580

Do NNI search on 20 best initial trees
Estimate model parameters (epsilon = 0.100)
BETTER TREE FOUND at iteration 1: -1871.087
Estimate model parameters (epsilon = 0.100)
BETTER TREE FOUND at iteration 2: -1869.819
Estimate model parameters (epsilon = 0.100)
BETTER TREE FOUND at iteration 3: -1868.377
Iteration 10 / LogL: -1869.277 / Time: 0h:0m:2s
Estimate model parameters (epsilon = 0.100)
BETTER TREE FOUND at iteration 16: -1868.072
Estimate model parameters (epsilon = 0.100)
BETTER TREE FOUND at iteration 20: -1867.543
Iteration 20 / LogL: -1867.543 / Time: 0h:0m:4s
Finish initializing candidate tree set (20)
Current best tree score: -1867.543 / CPU time: 4.786
Number of iterations: 20
--------------------------------------------------------------------
|               OPTIMIZING CANDIDATE TREE SET                      |
--------------------------------------------------------------------
Estimate model parameters (epsilon = 0.100)
BETTER TREE FOUND at iteration 29: -1866.251
Estimate model parameters (epsilon = 0.100)
BETTER TREE FOUND at iteration 30: -1865.758
Iteration 30 / LogL: -1865.758 / Time: 0h:0m:6s (0h:0m:21s left)
Estimate model parameters (epsilon = 0.100)
BETTER TREE FOUND at iteration 31: -1864.077
Iteration 40 / LogL: -1866.795 / Time: 0h:0m:7s (0h:0m:17s left)
BETTER TREE FOUND at iteration 46: -1864.072
Iteration 50 / LogL: -1864.077 / Time: 0h:0m:8s (0h:0m:17s left)
Estimate model parameters (epsilon = 0.100)
BETTER TREE FOUND at iteration 55: -1863.921
BETTER TREE FOUND at iteration 56: -1863.918
Estimate model parameters (epsilon = 0.100)
BETTER TREE FOUND at iteration 57: -1863.720
Iteration 60 / LogL: -1863.892 / Time: 0h:0m:10s (0h:0m:16s left)
BETTER TREE FOUND at iteration 65: -1863.719
Iteration 70 / LogL: -1863.744 / Time: 0h:0m:11s (0h:0m:15s left)
Iteration 80 / LogL: -1863.720 / Time: 0h:0m:12s (0h:0m:13s left)
BETTER TREE FOUND at iteration 88: -1863.716
Iteration 90 / LogL: -1863.721 / Time: 0h:0m:13s (0h:0m:14s left)
Iteration 100 / LogL: -1864.234 / Time: 0h:0m:14s (0h:0m:12s left)
Iteration 110 / LogL: -1863.719 / Time: 0h:0m:15s (0h:0m:11s left)
Iteration 120 / LogL: -1866.042 / Time: 0h:0m:16s (0h:0m:9s left)
Estimate model parameters (epsilon = 0.100)
BETTER TREE FOUND at iteration 129: -1862.991
Iteration 130 / LogL: -1863.743 / Time: 0h:0m:17s (0h:0m:13s left)
Estimate model parameters (epsilon = 0.100)
BETTER TREE FOUND at iteration 140: -1862.972
Iteration 140 / LogL: -1862.972 / Time: 0h:0m:18s (0h:0m:13s left)
Iteration 150 / LogL: -1864.070 / Time: 0h:0m:19s (0h:0m:11s left)
BETTER TREE FOUND at iteration 153: -1862.964
Estimate model parameters (epsilon = 0.100)
BETTER TREE FOUND at iteration 160: -1862.530
Iteration 160 / LogL: -1862.530 / Time: 0h:0m:21s (0h:0m:13s left)
Iteration 170 / LogL: -1862.943 / Time: 0h:0m:22s (0h:0m:11s left)
BETTER TREE FOUND at iteration 180: -1862.530
Iteration 180 / LogL: -1862.530 / Time: 0h:0m:23s (0h:0m:13s left)
BETTER TREE FOUND at iteration 182: -1862.522
Iteration 190 / LogL: -1862.540 / Time: 0h:0m:25s (0h:0m:12s left)
Iteration 200 / LogL: -1862.849 / Time: 0h:0m:26s (0h:0m:10s left)
Iteration 210 / LogL: -1862.524 / Time: 0h:0m:27s (0h:0m:9s left)
Iteration 220 / LogL: -1862.541 / Time: 0h:0m:29s (0h:0m:8s left)
BETTER TREE FOUND at iteration 227: -1862.521
Iteration 230 / LogL: -1862.523 / Time: 0h:0m:30s (0h:0m:13s left)
Iteration 240 / LogL: -1862.532 / Time: 0h:0m:32s (0h:0m:11s left)
Iteration 250 / LogL: -1862.523 / Time: 0h:0m:33s (0h:0m:10s left)
Iteration 260 / LogL: -1862.916 / Time: 0h:0m:35s (0h:0m:9s left)
Iteration 270 / LogL: -1862.705 / Time: 0h:0m:37s (0h:0m:7s left)
Iteration 280 / LogL: -1864.065 / Time: 0h:0m:38s (0h:0m:6s left)
BETTER TREE FOUND at iteration 286: -1862.521
Iteration 290 / LogL: -1863.596 / Time: 0h:0m:40s (0h:0m:13s left)
Iteration 300 / LogL: -1862.707 / Time: 0h:0m:41s (0h:0m:11s left)
Iteration 310 / LogL: -1868.726 / Time: 0h:0m:43s (0h:0m:10s left)
BETTER TREE FOUND at iteration 316: -1862.521
Iteration 320 / LogL: -1862.712 / Time: 0h:0m:44s (0h:0m:13s left)
BETTER TREE FOUND at iteration 327: -1862.520
Iteration 330 / LogL: -1862.539 / Time: 0h:0m:46s (0h:0m:13s left)
Iteration 340 / LogL: -1872.823 / Time: 0h:0m:47s (0h:0m:12s left)
Iteration 350 / LogL: -1873.583 / Time: 0h:0m:49s (0h:0m:10s left)
Iteration 360 / LogL: -1862.619 / Time: 0h:0m:50s (0h:0m:9s left)
Iteration 370 / LogL: -1868.061 / Time: 0h:0m:51s (0h:0m:8s left)
Iteration 380 / LogL: -1862.523 / Time: 0h:0m:53s (0h:0m:6s left)
Iteration 390 / LogL: -1863.956 / Time: 0h:0m:54s (0h:0m:5s left)
Iteration 400 / LogL: -1862.523 / Time: 0h:0m:55s (0h:0m:3s left)
Iteration 410 / LogL: -1863.301 / Time: 0h:0m:57s (0h:0m:2s left)
Iteration 420 / LogL: -1862.539 / Time: 0h:0m:58s (0h:0m:0s left)
BETTER TREE FOUND at iteration 428: -1862.520
Iteration 430 / LogL: -1862.521 / Time: 0h:0m:59s (0h:0m:13s left)
Iteration 440 / LogL: -1862.522 / Time: 0h:1m:0s (0h:0m:12s left)
Iteration 450 / LogL: -1865.076 / Time: 0h:1m:2s (0h:0m:10s left)
Iteration 460 / LogL: -1862.532 / Time: 0h:1m:3s (0h:0m:9s left)
Iteration 470 / LogL: -1863.640 / Time: 0h:1m:4s (0h:0m:8s left)
Iteration 480 / LogL: -1862.697 / Time: 0h:1m:6s (0h:0m:6s left)
Iteration 490 / LogL: -1863.293 / Time: 0h:1m:7s (0h:0m:5s left)
Iteration 500 / LogL: -1862.709 / Time: 0h:1m:8s (0h:0m:3s left)
Iteration 510 / LogL: -1862.524 / Time: 0h:1m:10s (0h:0m:2s left)
Iteration 520 / LogL: -1862.696 / Time: 0h:1m:11s (0h:0m:1s left)
TREE SEARCH COMPLETED AFTER 529 ITERATIONS / Time: 0h:1m:12s

--------------------------------------------------------------------
|                    FINALIZING TREE SEARCH                        |
--------------------------------------------------------------------
Performs final model parameters optimization
Estimate model parameters (epsilon = 0.010)
1. Initial log-likelihood: -1862.520
Optimal log-likelihood: -1862.520
Rate parameters:  A-C: 0.55977  A-G: 0.85352  A-T: 0.37350  C-G: 0.39880  C-T: 1.11790  G-T: 1.00000
Base frequencies:  A: 0.328  C: 0.328  G: 0.211  T: 0.133
Gamma shape alpha: 0.020
Parameters optimization took 1 rounds (0.009 sec)
BEST SCORE FOUND : -1862.520
Total tree length: 0.189

Total number of iterations: 529
CPU time used for tree search: 579.609 sec (0h:9m:39s)
Wall-clock time used for tree search: 72.616 sec (0h:1m:12s)
Total CPU time used: 580.570 sec (0h:9m:40s)
Total wall-clock time used: 72.731 sec (0h:1m:12s)

Analysis results written to: 
  IQ-TREE report:                /workspace/IQTree_8_cores_JarvD5a_Results/exon_4474.iqtree
  Maximum-likelihood tree:       /workspace/IQTree_8_cores_JarvD5a_Results/exon_4474.treefile
  Likelihood distances:          /workspace/IQTree_8_cores_JarvD5a_Results/exon_4474.mldist
  Screen log file:               /workspace/IQTree_8_cores_JarvD5a_Results/exon_4474.log

Date and Time: Fri May 29 03:24:20 2026
