IQ-TREE version 3.1.2 for Linux x86 64-bit built May  7 2026
Developed by Bui Quang Minh, Thomas Wong, Nhan Ly-Trong, Huaiyan Ren
Contributed by Lam-Tung Nguyen, Dominik Schrempf, Chris Bielow,
Olga Chernomor, Michael Woodhams, Diep Thi Hoang, Heiko Schmidt

Host:    8084c4e79f09 (AVX512, FMA3, 1133 GB RAM)
Command: /workspace/iqtree-3.1.2-Linux/bin/iqtree3_intel -s /workspace/NeuralNJ/empirical/JarvD5a/exon_5798.fasta -st DNA -m GTR+G -T 8 -seed 2201 -pre /workspace/IQTree_8_cores_JarvD5a_Results/exon_5798 -quiet
Seed:    2201 (Using SPRNG - Scalable Parallel Random Number Generator)
Time:    Fri May 29 07:36:46 2026
Kernel:  AVX+FMA - 8 threads (384 CPU cores detected)

Reading alignment file /workspace/NeuralNJ/empirical/JarvD5a/exon_5798.fasta ... Fasta format detected
Reading fasta file: done in 0.000149012 secs using 14.09% CPU
Alignment most likely contains DNA/RNA sequences
Constructing alignment: done in 0.000349998 secs using 585.1% CPU
Alignment has 45 sequences with 246 columns, 101 distinct patterns
38 parsimony-informative, 43 singleton sites, 165 constant sites
       Gap/Ambiguity  Composition  p-value
Analyzing sequences: done in 9.05991e-06 secs using 88.3% CPU
   1  ACACH   43.90%    passed     98.39%
   2  ANAPL   44.72%    passed     93.22%
   3  APAVI   43.90%    passed     99.37%
   4  APTFO   29.27%    passed     88.89%
   5  BALRE   43.90%    passed     99.78%
   6  BUCRH   43.90%    passed     98.39%
   7  CALAN   12.20%    passed     59.70%
   8  CAPCA   43.90%    passed     96.15%
   9  CARCR   48.78%    passed     79.63%
  10  CATAU   34.96%    passed     99.46%
  11  CHAPE   26.83%    passed     96.86%
  12  CHAVO   20.33%    passed     81.59%
  13  CHLUN   47.97%    passed     81.81%
  14  COLLI   12.20%    passed     61.53%
  15  COLST   48.78%    passed     79.63%
  16  CORBR    8.13%    passed     52.34%
  17  EGRGA   20.33%    passed     98.04%
  18  EURHE   43.90%    passed     98.39%
  19  FALPE   31.71%    passed     95.12%
  20  FULGL   34.96%    passed     99.93%
  21  GALGA    8.13%    passed     61.93%
  22  GAVST   36.59%    passed     99.19%
  23  GEOFO   43.90%    passed     98.39%
  24  HALAL   34.96%    passed     99.93%
  25  LEPDI   43.90%    passed     98.39%
  26  MANVI   43.90%    passed     98.39%
  27  MELUN   37.40%    passed     90.60%
  28  MERNU   43.90%    passed     98.16%
  29  MESUN   43.90%    passed     98.39%
  30  NESNO   45.53%    passed     94.86%
  31  NIPNI    8.13%    passed     96.99%
  32  OPHHO   43.90%    passed     91.12%
  33  PELCR   34.96%    passed     80.44%
  34  PHACA   43.90%    passed     99.78%
  35  PHALE   43.90%    passed     98.39%
  36  PHORU   43.90%    passed     98.39%
  37  PICPU   29.27%    passed     88.89%
  38  PODCR   34.96%    passed     99.93%
  39  PTEGU   34.96%    passed     97.18%
  40  PYGAD   43.90%    passed     98.39%
  41  STRCA   29.27%    passed     85.55%
  42  TAEGU   29.27%    passed     86.21%
  43  TAUER   34.96%    passed     99.82%
  44  TINMA    8.13%    passed     59.69%
  45  TYTAL   45.53%    passed     94.86%
****  TOTAL   35.01%  0 sequences failed composition chi2 test (p-value<5%; df=3)
NOTE: BUCRH is identical to ACACH but kept for subsequent analysis
NOTE: COLST is identical to CARCR but kept for subsequent analysis
NOTE: TYTAL is identical to NESNO but kept for subsequent analysis
Checking for duplicate sequences: done in 0.000111103 secs using 816.4% CPU
Identifying sites to remove: done in 8.39233e-05 secs using 830.5% CPU
NOTE: 8 identical sequences (see below) will be ignored for subsequent analysis
NOTE: EURHE (identical to ACACH) is ignored but added at the end
NOTE: GEOFO (identical to ACACH) is ignored but added at the end
NOTE: LEPDI (identical to ACACH) is ignored but added at the end
NOTE: MANVI (identical to ACACH) is ignored but added at the end
NOTE: MESUN (identical to ACACH) is ignored but added at the end
NOTE: PHALE (identical to ACACH) is ignored but added at the end
NOTE: PHORU (identical to ACACH) is ignored but added at the end
NOTE: PYGAD (identical to ACACH) is ignored but added at the end
Alignment was printed to /workspace/IQTree_8_cores_JarvD5a_Results/exon_5798.uniqueseq.phy

For your convenience alignment with unique sequences printed to /workspace/IQTree_8_cores_JarvD5a_Results/exon_5798.uniqueseq.phy

Create initial parsimony tree by phylogenetic likelihood library (PLL)... 0.000 seconds

NOTE: 0 MB RAM (0 GB) is required!
WARNING: Number of threads seems too high for short alignments. Use -T AUTO to determine best number of threads.
Estimate model parameters (epsilon = 0.100)
1. Initial log-likelihood: -1036.870
2. Current log-likelihood: -986.570
3. Current log-likelihood: -985.117
Optimal log-likelihood: -985.100
Rate parameters:  A-C: 2.65536  A-G: 3.41471  A-T: 0.74828  C-G: 0.74377  C-T: 4.52766  G-T: 1.00000
Base frequencies:  A: 0.267  C: 0.227  G: 0.269  T: 0.237
Gamma shape alpha: 0.313
Parameters optimization took 3 rounds (0.040 sec)
Wrote distance file to... 
Computing ML distances based on estimated model parameters...
Calculating distance matrix: done in 0.000899076 secs using 811.3% CPU
Computing ML distances took 0.000939 sec (of wall-clock time) 0.007454 sec (of CPU time)
Setting up auxiliary I and S matrices: done in 8.39233e-05 secs using 1103% CPU
Constructing RapidNJ tree: done in 0.00194311 secs using 629.8% CPU
Computing RapidNJ tree took 0.002061 sec (of wall-clock time) 0.018746 sec (of CPU time)
Log-likelihood of RapidNJ tree: -982.269
--------------------------------------------------------------------
|             INITIALIZING CANDIDATE TREE SET                      |
--------------------------------------------------------------------
Generating 98 parsimony trees... 0.052 second
Computing log-likelihood of 98 initial trees ... 0.255 seconds
Current best score: -979.451

Do NNI search on 20 best initial trees
Estimate model parameters (epsilon = 0.100)
BETTER TREE FOUND at iteration 1: -968.264
Iteration 10 / LogL: -974.827 / Time: 0h:0m:2s
Iteration 20 / LogL: -976.559 / Time: 0h:0m:3s
Finish initializing candidate tree set (20)
Current best tree score: -968.264 / CPU time: 3.251
Number of iterations: 20
--------------------------------------------------------------------
|               OPTIMIZING CANDIDATE TREE SET                      |
--------------------------------------------------------------------
Estimate model parameters (epsilon = 0.100)
BETTER TREE FOUND at iteration 22: -968.120
Estimate model parameters (epsilon = 0.100)
BETTER TREE FOUND at iteration 26: -966.774
Iteration 30 / LogL: -968.128 / Time: 0h:0m:4s (0h:0m:14s left)
BETTER TREE FOUND at iteration 33: -966.766
BETTER TREE FOUND at iteration 37: -966.766
Estimate model parameters (epsilon = 0.100)
BETTER TREE FOUND at iteration 39: -966.421
Iteration 40 / LogL: -966.740 / Time: 0h:0m:5s (0h:0m:13s left)
Iteration 50 / LogL: -966.806 / Time: 0h:0m:6s (0h:0m:11s left)
Estimate model parameters (epsilon = 0.100)
BETTER TREE FOUND at iteration 55: -966.185
BETTER TREE FOUND at iteration 58: -966.184
Estimate model parameters (epsilon = 0.100)
BETTER TREE FOUND at iteration 59: -966.173
Iteration 60 / LogL: -970.571 / Time: 0h:0m:7s (0h:0m:12s left)
BETTER TREE FOUND at iteration 62: -966.173
Estimate model parameters (epsilon = 0.100)
BETTER TREE FOUND at iteration 63: -966.068
Iteration 70 / LogL: -966.070 / Time: 0h:0m:8s (0h:0m:11s left)
Estimate model parameters (epsilon = 0.100)
BETTER TREE FOUND at iteration 77: -966.006
Iteration 80 / LogL: -966.126 / Time: 0h:0m:9s (0h:0m:12s left)
Iteration 90 / LogL: -966.006 / Time: 0h:0m:11s (0h:0m:10s left)
Iteration 100 / LogL: -968.222 / Time: 0h:0m:12s (0h:0m:9s left)
BETTER TREE FOUND at iteration 106: -966.005
BETTER TREE FOUND at iteration 107: -966.005
Iteration 110 / LogL: -966.007 / Time: 0h:0m:13s (0h:0m:11s left)
Iteration 120 / LogL: -966.013 / Time: 0h:0m:14s (0h:0m:10s left)
BETTER TREE FOUND at iteration 123: -966.004
Iteration 130 / LogL: -968.837 / Time: 0h:0m:15s (0h:0m:11s left)
Iteration 140 / LogL: -966.005 / Time: 0h:0m:16s (0h:0m:9s left)
BETTER TREE FOUND at iteration 149: -966.004
Iteration 150 / LogL: -967.576 / Time: 0h:0m:17s (0h:0m:11s left)
Iteration 160 / LogL: -966.333 / Time: 0h:0m:18s (0h:0m:10s left)
BETTER TREE FOUND at iteration 161: -966.003
Iteration 170 / LogL: -973.429 / Time: 0h:0m:20s (0h:0m:10s left)
Iteration 180 / LogL: -966.007 / Time: 0h:0m:21s (0h:0m:9s left)
BETTER TREE FOUND at iteration 184: -966.003
BETTER TREE FOUND at iteration 189: -966.001
Iteration 190 / LogL: -966.005 / Time: 0h:0m:22s (0h:0m:11s left)
Iteration 200 / LogL: -966.021 / Time: 0h:0m:23s (0h:0m:10s left)
BETTER TREE FOUND at iteration 208: -966.000
Iteration 210 / LogL: -967.431 / Time: 0h:0m:24s (0h:0m:11s left)
Iteration 220 / LogL: -966.010 / Time: 0h:0m:25s (0h:0m:10s left)
Iteration 230 / LogL: -973.359 / Time: 0h:0m:26s (0h:0m:9s left)
Iteration 240 / LogL: -967.377 / Time: 0h:0m:28s (0h:0m:7s left)
Iteration 250 / LogL: -967.405 / Time: 0h:0m:29s (0h:0m:6s left)
Iteration 260 / LogL: -967.345 / Time: 0h:0m:30s (0h:0m:5s left)
Iteration 270 / LogL: -967.471 / Time: 0h:0m:31s (0h:0m:4s left)
Iteration 280 / LogL: -966.004 / Time: 0h:0m:32s (0h:0m:3s left)
Iteration 290 / LogL: -966.005 / Time: 0h:0m:34s (0h:0m:2s left)
Iteration 300 / LogL: -967.411 / Time: 0h:0m:35s (0h:0m:0s left)
TREE SEARCH COMPLETED AFTER 309 ITERATIONS / Time: 0h:0m:36s

--------------------------------------------------------------------
|                    FINALIZING TREE SEARCH                        |
--------------------------------------------------------------------
Performs final model parameters optimization
Estimate model parameters (epsilon = 0.010)
1. Initial log-likelihood: -966.000
Optimal log-likelihood: -966.000
Rate parameters:  A-C: 3.08283  A-G: 3.63857  A-T: 0.75261  C-G: 0.80475  C-T: 5.80669  G-T: 1.00000
Base frequencies:  A: 0.267  C: 0.227  G: 0.269  T: 0.237
Gamma shape alpha: 0.353
Parameters optimization took 1 rounds (0.005 sec)
BEST SCORE FOUND : -966.000
Total tree length: 0.804

Total number of iterations: 309
CPU time used for tree search: 289.850 sec (0h:4m:49s)
Wall-clock time used for tree search: 36.263 sec (0h:0m:36s)
Total CPU time used: 290.579 sec (0h:4m:50s)
Total wall-clock time used: 36.351 sec (0h:0m:36s)

Analysis results written to: 
  IQ-TREE report:                /workspace/IQTree_8_cores_JarvD5a_Results/exon_5798.iqtree
  Maximum-likelihood tree:       /workspace/IQTree_8_cores_JarvD5a_Results/exon_5798.treefile
  Likelihood distances:          /workspace/IQTree_8_cores_JarvD5a_Results/exon_5798.mldist
  Screen log file:               /workspace/IQTree_8_cores_JarvD5a_Results/exon_5798.log

Date and Time: Fri May 29 07:37:22 2026
