IQ-TREE version 3.1.2 for Linux x86 64-bit built May  7 2026
Developed by Bui Quang Minh, Thomas Wong, Nhan Ly-Trong, Huaiyan Ren
Contributed by Lam-Tung Nguyen, Dominik Schrempf, Chris Bielow,
Olga Chernomor, Michael Woodhams, Diep Thi Hoang, Heiko Schmidt

Host:    8084c4e79f09 (AVX512, FMA3, 1133 GB RAM)
Command: /workspace/iqtree-3.1.2-Linux/bin/iqtree3_intel -s /workspace/NeuralNJ/empirical/JarvD5a/exon_12220.fasta -st DNA -m GTR+G -T 8 -seed 2201 -pre /workspace/IQTree_8_cores_JarvD5a_Results/exon_12220 -quiet
Seed:    2201 (Using SPRNG - Scalable Parallel Random Number Generator)
Time:    Thu May 28 00:52:44 2026
Kernel:  AVX+FMA - 8 threads (384 CPU cores detected)

Reading alignment file /workspace/NeuralNJ/empirical/JarvD5a/exon_12220.fasta ... Fasta format detected
Reading fasta file: done in 0.000555992 secs using 14.39% CPU
Alignment most likely contains DNA/RNA sequences
Constructing alignment: done in 0.00178099 secs using 609.5% CPU
Alignment has 42 sequences with 898 columns, 451 distinct patterns
196 parsimony-informative, 224 singleton sites, 478 constant sites
       Gap/Ambiguity  Composition  p-value
Analyzing sequences: done in 1.78814e-05 secs using 95.07% CPU
   1  ACACH    0.00%    passed     99.36%
   2  ANAPL   12.03%    passed     95.39%
   3  APAVI    4.45%    passed     99.58%
   4  APTFO    4.45%    passed     99.96%
   5  BALRE    4.45%    passed     94.95%
   6  CALAN    4.45%    passed     98.66%
   7  CAPCA    4.45%    passed     99.86%
   8  CARCR    4.90%    passed     97.76%
   9  CATAU    4.45%    passed     99.08%
  10  CHAPE   44.32%    passed     34.22%
  11  CHAVO    4.45%    passed     91.61%
  12  CHLUN    4.45%    passed     99.48%
  13  COLLI    4.45%    passed     81.42%
  14  CORBR    0.22%    passed     93.79%
  15  CUCCA    4.90%    passed     74.29%
  16  FALPE    4.45%    passed     99.00%
  17  FULGL    4.68%    passed     98.77%
  18  GALGA    4.68%    passed     98.75%
  19  GAVST    4.45%    passed     99.97%
  20  GEOFO    1.11%    passed     99.44%
  21  HALAL    4.45%    passed     97.08%
  22  HALLE    4.45%    passed     97.08%
  23  LEPDI   29.40%    passed     66.77%
  24  MANVI    4.45%    passed     95.27%
  25  MELGA   36.75%    passed     58.81%
  26  MELUN    4.45%    passed     93.86%
  27  MESUN    5.57%    passed     96.50%
  28  NESNO    4.45%    passed     96.70%
  29  NIPNI    4.45%    passed     96.08%
  30  OPHHO    4.45%    passed     99.63%
  31  PELCR    4.45%    passed     98.77%
  32  PHACA    4.68%    passed     99.73%
  33  PHALE    4.45%    passed     98.39%
  34  PHORU    4.23%    passed     98.68%
  35  PICPU    4.68%    passed     97.26%
  36  PODCR    4.45%    passed     95.08%
  37  PYGAD    4.45%    passed     99.84%
  38  STRCA    4.45%    passed     76.50%
  39  TAEGU    0.00%    passed     95.65%
  40  TAUER    4.45%    passed     98.72%
  41  TINMA    4.45%    passed     34.95%
  42  TYTAL    4.68%    passed     98.14%
****  TOTAL    6.62%  0 sequences failed composition chi2 test (p-value<5%; df=3)
NOTE: HALLE is identical to HALAL but kept for subsequent analysis
Checking for duplicate sequences: done in 0.000188112 secs using 348.2% CPU

Create initial parsimony tree by phylogenetic likelihood library (PLL)... 0.003 seconds

NOTE: 2 MB RAM (0 GB) is required!
WARNING: Number of threads seems too high for short alignments. Use -T AUTO to determine best number of threads.
Estimate model parameters (epsilon = 0.100)
1. Initial log-likelihood: -6226.536
2. Current log-likelihood: -5982.497
3. Current log-likelihood: -5981.117
Optimal log-likelihood: -5981.104
Rate parameters:  A-C: 1.46679  A-G: 4.71208  A-T: 0.53788  C-G: 2.02961  C-T: 4.46602  G-T: 1.00000
Base frequencies:  A: 0.371  C: 0.191  G: 0.220  T: 0.218
Gamma shape alpha: 0.624
Parameters optimization took 3 rounds (0.063 sec)
Wrote distance file to... 
Computing ML distances based on estimated model parameters...
Calculating distance matrix: done in 0.000756979 secs using 815.9% CPU
Computing ML distances took 0.000823 sec (of wall-clock time) 0.006510 sec (of CPU time)
Setting up auxiliary I and S matrices: done in 9.20296e-05 secs using 1081% CPU
Constructing RapidNJ tree: done in 0.00225496 secs using 644.5% CPU
Computing RapidNJ tree took 0.002395 sec (of wall-clock time) 0.021823 sec (of CPU time)
Log-likelihood of RapidNJ tree: -6014.908
--------------------------------------------------------------------
|             INITIALIZING CANDIDATE TREE SET                      |
--------------------------------------------------------------------
Generating 98 parsimony trees... 0.169 second
Computing log-likelihood of 98 initial trees ... 0.372 seconds
Current best score: -5972.582

Do NNI search on 20 best initial trees
Estimate model parameters (epsilon = 0.100)
BETTER TREE FOUND at iteration 1: -5969.459
Iteration 10 / LogL: -5974.215 / Time: 0h:0m:1s
Iteration 20 / LogL: -5973.156 / Time: 0h:0m:2s
Finish initializing candidate tree set (20)
Current best tree score: -5969.459 / CPU time: 1.992
Number of iterations: 20
--------------------------------------------------------------------
|               OPTIMIZING CANDIDATE TREE SET                      |
--------------------------------------------------------------------
Iteration 30 / LogL: -5970.851 / Time: 0h:0m:3s (0h:0m:7s left)
Iteration 40 / LogL: -5970.110 / Time: 0h:0m:3s (0h:0m:6s left)
Iteration 50 / LogL: -5973.212 / Time: 0h:0m:4s (0h:0m:4s left)
BETTER TREE FOUND at iteration 56: -5969.459
Iteration 60 / LogL: -5969.581 / Time: 0h:0m:5s (0h:0m:8s left)
BETTER TREE FOUND at iteration 62: -5969.459
Iteration 70 / LogL: -5970.569 / Time: 0h:0m:6s (0h:0m:8s left)
Iteration 80 / LogL: -5969.462 / Time: 0h:0m:7s (0h:0m:7s left)
Iteration 90 / LogL: -5970.170 / Time: 0h:0m:7s (0h:0m:6s left)
Iteration 100 / LogL: -5973.749 / Time: 0h:0m:8s (0h:0m:5s left)
Iteration 110 / LogL: -5969.460 / Time: 0h:0m:9s (0h:0m:4s left)
Iteration 120 / LogL: -5972.817 / Time: 0h:0m:10s (0h:0m:3s left)
Iteration 130 / LogL: -5972.983 / Time: 0h:0m:11s (0h:0m:2s left)
Iteration 140 / LogL: -6014.416 / Time: 0h:0m:12s (0h:0m:1s left)
Iteration 150 / LogL: -5969.460 / Time: 0h:0m:13s (0h:0m:1s left)
Iteration 160 / LogL: -5969.461 / Time: 0h:0m:14s (0h:0m:0s left)
TREE SEARCH COMPLETED AFTER 163 ITERATIONS / Time: 0h:0m:14s

--------------------------------------------------------------------
|                    FINALIZING TREE SEARCH                        |
--------------------------------------------------------------------
Performs final model parameters optimization
Estimate model parameters (epsilon = 0.010)
1. Initial log-likelihood: -5969.459
Optimal log-likelihood: -5969.458
Rate parameters:  A-C: 1.47595  A-G: 4.69972  A-T: 0.54551  C-G: 2.02600  C-T: 4.47467  G-T: 1.00000
Base frequencies:  A: 0.371  C: 0.191  G: 0.220  T: 0.218
Gamma shape alpha: 0.631
Parameters optimization took 1 rounds (0.008 sec)
BEST SCORE FOUND : -5969.458
Total tree length: 1.209

Total number of iterations: 163
CPU time used for tree search: 114.051 sec (0h:1m:54s)
Wall-clock time used for tree search: 14.276 sec (0h:0m:14s)
Total CPU time used: 114.855 sec (0h:1m:54s)
Total wall-clock time used: 14.378 sec (0h:0m:14s)

Analysis results written to: 
  IQ-TREE report:                /workspace/IQTree_8_cores_JarvD5a_Results/exon_12220.iqtree
  Maximum-likelihood tree:       /workspace/IQTree_8_cores_JarvD5a_Results/exon_12220.treefile
  Likelihood distances:          /workspace/IQTree_8_cores_JarvD5a_Results/exon_12220.mldist
  Screen log file:               /workspace/IQTree_8_cores_JarvD5a_Results/exon_12220.log

Date and Time: Thu May 28 00:52:59 2026
