IQ-TREE version 3.1.2 for Linux x86 64-bit built May  7 2026
Developed by Bui Quang Minh, Thomas Wong, Nhan Ly-Trong, Huaiyan Ren
Contributed by Lam-Tung Nguyen, Dominik Schrempf, Chris Bielow,
Olga Chernomor, Michael Woodhams, Diep Thi Hoang, Heiko Schmidt

Host:    8084c4e79f09 (AVX512, FMA3, 1133 GB RAM)
Command: /workspace/iqtree-3.1.2-Linux/bin/iqtree3_intel -s /workspace/NeuralNJ/empirical/JarvD5a/exon_8592.fasta -st DNA -m GTR+G -T 8 -seed 2201 -pre /workspace/IQTree_8_cores_JarvD5a_Results/exon_8592 -quiet
Seed:    2201 (Using SPRNG - Scalable Parallel Random Number Generator)
Time:    Fri May 29 19:06:11 2026
Kernel:  AVX+FMA - 8 threads (384 CPU cores detected)

Reading alignment file /workspace/NeuralNJ/empirical/JarvD5a/exon_8592.fasta ... Fasta format detected
Reading fasta file: done in 0.00058794 secs using 46.6% CPU
Alignment most likely contains DNA/RNA sequences
Constructing alignment: done in 0.00122809 secs using 858.6% CPU
Alignment has 48 sequences with 946 columns, 59 distinct patterns
24 parsimony-informative, 15 singleton sites, 907 constant sites
       Gap/Ambiguity  Composition  p-value
Analyzing sequences: done in 9.05991e-06 secs using 110.4% CPU
   1  ACACH   42.49%    passed     80.25%
   2  ANAPL    7.61%    passed     99.99%
   3  APAVI    2.54%    passed     99.93%
   4  APTFO    2.54%    passed     99.99%
   5  BALRE    2.54%    passed     99.98%
   6  BUCRH    2.54%    passed     99.75%
   7  CALAN    2.33%    passed     99.07%
   8  CAPCA    2.54%    passed    100.00%
   9  CARCR    2.54%    passed     99.93%
  10  CATAU    2.54%    passed     99.99%
  11  CHAPE    2.54%    passed     99.98%
  12  CHAVO    2.54%    passed     99.99%
  13  CHLUN    2.54%    passed     99.98%
  14  COLLI    2.33%    passed    100.00%
  15  COLST    2.54%    passed     99.68%
  16  CORBR    2.33%    passed     99.82%
  17  CUCCA    2.33%    passed    100.00%
  18  EGRGA    2.54%    passed    100.00%
  19  EURHE    2.54%    passed     99.92%
  20  FALPE    2.54%    passed    100.00%
  21  FULGL    2.54%    passed     99.99%
  22  GALGA    2.54%    passed     99.83%
  23  GAVST    2.54%    passed     99.83%
  24  GEOFO    2.33%    passed     99.86%
  25  HALAL    2.54%    passed     99.99%
  26  HALLE    2.54%    passed     99.99%
  27  LEPDI    2.54%    passed     99.99%
  28  MANVI    0.00%    passed     98.29%
  29  MELGA    2.54%    passed     99.98%
  30  MELUN    2.54%    passed     99.88%
  31  MERNU    2.54%    passed     99.96%
  32  MESUN    2.54%    passed     99.94%
  33  NESNO    2.54%    passed     99.98%
  34  NIPNI    2.54%    passed     99.92%
  35  OPHHO    2.33%    passed    100.00%
  36  PELCR    2.33%    passed     99.99%
  37  PHACA    2.54%    passed     99.92%
  38  PHALE    2.54%    passed     99.81%
  39  PHORU    2.54%    passed     99.98%
  40  PICPU    2.54%    passed     99.85%
  41  PODCR    2.54%    passed     99.98%
  42  PTEGU    2.54%    passed     99.94%
  43  PYGAD    2.54%    passed     99.99%
  44  STRCA    2.54%    passed     99.42%
  45  TAEGU    0.00%    passed     98.18%
  46  TAUER    2.33%    passed     99.99%
  47  TINMA   40.80%    passed     84.58%
  48  TYTAL    2.54%    passed     99.99%
****  TOTAL    4.13%  0 sequences failed composition chi2 test (p-value<5%; df=3)
NOTE: CATAU is identical to APTFO but kept for subsequent analysis
NOTE: CHLUN is identical to BALRE but kept for subsequent analysis
NOTE: CUCCA is identical to COLLI but kept for subsequent analysis
NOTE: TAUER is identical to PELCR but kept for subsequent analysis
Checking for duplicate sequences: done in 0.000117064 secs using 765.4% CPU
Identifying sites to remove: done in 0.000256062 secs using 791.6% CPU
NOTE: 10 identical sequences (see below) will be ignored for subsequent analysis
NOTE: CHAVO (identical to APTFO) is ignored but added at the end
NOTE: FULGL (identical to APTFO) is ignored but added at the end
NOTE: HALAL (identical to APTFO) is ignored but added at the end
NOTE: HALLE (identical to APTFO) is ignored but added at the end
NOTE: LEPDI (identical to APTFO) is ignored but added at the end
NOTE: PYGAD (identical to APTFO) is ignored but added at the end
NOTE: TYTAL (identical to APTFO) is ignored but added at the end
NOTE: PHORU (identical to BALRE) is ignored but added at the end
NOTE: PODCR (identical to BALRE) is ignored but added at the end
NOTE: OPHHO (identical to COLLI) is ignored but added at the end
Alignment was printed to /workspace/IQTree_8_cores_JarvD5a_Results/exon_8592.uniqueseq.phy

For your convenience alignment with unique sequences printed to /workspace/IQTree_8_cores_JarvD5a_Results/exon_8592.uniqueseq.phy

Create initial parsimony tree by phylogenetic likelihood library (PLL)... 0.000 seconds
WARNING: 8 threads for alignment length 59 will slow down analysis

NOTE: 0 MB RAM (0 GB) is required!
WARNING: Number of threads seems too high for short alignments. Use -T AUTO to determine best number of threads.
Estimate model parameters (epsilon = 0.100)
1. Initial log-likelihood: -1772.304
2. Current log-likelihood: -1718.948
3. Current log-likelihood: -1717.719
4. Current log-likelihood: -1716.915
5. Current log-likelihood: -1716.414
6. Current log-likelihood: -1715.543
7. Current log-likelihood: -1714.732
8. Current log-likelihood: -1714.632
Optimal log-likelihood: -1714.582
Rate parameters:  A-C: 4.48182  A-G: 1.01981  A-T: 0.00010  C-G: 0.23178  C-T: 6.80717  G-T: 1.00000
Warning! Some parameters hit the boundaries
Base frequencies:  A: 0.344  C: 0.225  G: 0.221  T: 0.210
Gamma shape alpha: 0.020
Parameters optimization took 8 rounds (0.112 sec)
Wrote distance file to... 
Computing ML distances based on estimated model parameters...
Calculating distance matrix: done in 0.00077486 secs using 803.9% CPU
Computing ML distances took 0.000845 sec (of wall-clock time) 0.006607 sec (of CPU time)
Setting up auxiliary I and S matrices: done in 0.000106096 secs using 1199% CPU
Constructing RapidNJ tree: done in 0.00277591 secs using 861.4% CPU
Computing RapidNJ tree took 0.002943 sec (of wall-clock time) 0.027129 sec (of CPU time)
Log-likelihood of RapidNJ tree: -1715.701
--------------------------------------------------------------------
|             INITIALIZING CANDIDATE TREE SET                      |
--------------------------------------------------------------------
Generating 98 parsimony trees... 0.051 second
Computing log-likelihood of 98 initial trees ... 0.228 seconds
Current best score: -1706.484

Do NNI search on 20 best initial trees
Estimate model parameters (epsilon = 0.100)
BETTER TREE FOUND at iteration 1: -1705.513
Iteration 10 / LogL: -1708.448 / Time: 0h:0m:0s
Iteration 20 / LogL: -1708.596 / Time: 0h:0m:1s
Finish initializing candidate tree set (20)
Current best tree score: -1705.513 / CPU time: 0.932
Number of iterations: 20
--------------------------------------------------------------------
|               OPTIMIZING CANDIDATE TREE SET                      |
--------------------------------------------------------------------
Iteration 30 / LogL: -1705.519 / Time: 0h:0m:1s (0h:0m:3s left)
Iteration 40 / LogL: -1705.522 / Time: 0h:0m:2s (0h:0m:3s left)
Iteration 50 / LogL: -1710.132 / Time: 0h:0m:2s (0h:0m:2s left)
Iteration 60 / LogL: -1705.520 / Time: 0h:0m:3s (0h:0m:2s left)
Iteration 70 / LogL: -1705.521 / Time: 0h:0m:3s (0h:0m:1s left)
Iteration 80 / LogL: -1710.201 / Time: 0h:0m:4s (0h:0m:1s left)
Iteration 90 / LogL: -1705.520 / Time: 0h:0m:4s (0h:0m:0s left)
Iteration 100 / LogL: -1710.134 / Time: 0h:0m:5s (0h:0m:0s left)
TREE SEARCH COMPLETED AFTER 102 ITERATIONS / Time: 0h:0m:5s

--------------------------------------------------------------------
|                    FINALIZING TREE SEARCH                        |
--------------------------------------------------------------------
Performs final model parameters optimization
Estimate model parameters (epsilon = 0.010)
1. Initial log-likelihood: -1705.513
2. Current log-likelihood: -1705.474
3. Current log-likelihood: -1705.430
4. Current log-likelihood: -1705.404
5. Current log-likelihood: -1705.389
6. Current log-likelihood: -1705.357
7. Current log-likelihood: -1705.306
8. Current log-likelihood: -1705.239
9. Current log-likelihood: -1705.218
Optimal log-likelihood: -1705.210
Rate parameters:  A-C: 5.27091  A-G: 1.09528  A-T: 0.00010  C-G: 0.31757  C-T: 10.43917  G-T: 1.00000
Warning! Some parameters hit the boundaries
Base frequencies:  A: 0.344  C: 0.225  G: 0.221  T: 0.210
Gamma shape alpha: 0.020
Parameters optimization took 9 rounds (0.075 sec)
BEST SCORE FOUND : -1705.210
Total tree length: 0.072

Total number of iterations: 102
CPU time used for tree search: 39.534 sec (0h:0m:39s)
Wall-clock time used for tree search: 4.999 sec (0h:0m:4s)
Total CPU time used: 41.155 sec (0h:0m:41s)
Total wall-clock time used: 5.207 sec (0h:0m:5s)

Analysis results written to: 
  IQ-TREE report:                /workspace/IQTree_8_cores_JarvD5a_Results/exon_8592.iqtree
  Maximum-likelihood tree:       /workspace/IQTree_8_cores_JarvD5a_Results/exon_8592.treefile
  Likelihood distances:          /workspace/IQTree_8_cores_JarvD5a_Results/exon_8592.mldist
  Screen log file:               /workspace/IQTree_8_cores_JarvD5a_Results/exon_8592.log

Date and Time: Fri May 29 19:06:17 2026
