IQ-TREE version 3.1.2 for Linux x86 64-bit built May  7 2026
Developed by Bui Quang Minh, Thomas Wong, Nhan Ly-Trong, Huaiyan Ren
Contributed by Lam-Tung Nguyen, Dominik Schrempf, Chris Bielow,
Olga Chernomor, Michael Woodhams, Diep Thi Hoang, Heiko Schmidt

Host:    8084c4e79f09 (AVX512, FMA3, 1133 GB RAM)
Command: /workspace/iqtree-3.1.2-Linux/bin/iqtree3_intel -s /workspace/NeuralNJ/empirical/JarvD5a/exon_7906.fasta -st DNA -m GTR+G -T 8 -seed 2201 -pre /workspace/IQTree_8_cores_JarvD5a_Results/exon_7906 -quiet
Seed:    2201 (Using SPRNG - Scalable Parallel Random Number Generator)
Time:    Fri May 29 14:44:40 2026
Kernel:  AVX+FMA - 8 threads (384 CPU cores detected)

Reading alignment file /workspace/NeuralNJ/empirical/JarvD5a/exon_7906.fasta ... Fasta format detected
Reading fasta file: done in 0.000653028 secs using 14.55% CPU
Alignment most likely contains DNA/RNA sequences
Constructing alignment: done in 0.00166678 secs using 711.7% CPU
Alignment has 47 sequences with 1034 columns, 360 distinct patterns
183 parsimony-informative, 145 singleton sites, 706 constant sites
       Gap/Ambiguity  Composition  p-value
Analyzing sequences: done in 1.81198e-05 secs using 298% CPU
   1  ACACH    8.32%    passed     98.48%
   2  ANAPL    8.32%    passed     97.13%
   3  APAVI    8.32%    passed     99.80%
   4  APTFO    7.93%    passed     99.10%
   5  BALRE    7.93%    passed     99.92%
   6  BUCRH    8.51%    passed     98.29%
   7  CALAN    8.32%    passed     95.12%
   8  CAPCA   14.70%    passed     89.14%
   9  CARCR    7.93%    passed     96.21%
  10  CATAU    8.32%    passed     99.57%
  11  CHAPE    8.32%    passed     99.99%
  12  CHAVO    8.51%    passed     99.90%
  13  CHLUN    7.93%    passed     99.10%
  14  COLLI    8.32%    passed     97.63%
  15  COLST   41.78%    passed     74.70%
  16  CORBR    8.32%    passed     98.60%
  17  CUCCA    0.97%    passed     45.88%
  18  EGRGA    8.32%    passed     97.38%
  19  EURHE   41.20%    passed     78.88%
  20  FALPE    2.90%    passed     84.67%
  21  GALGA    0.00%    passed     83.21%
  22  GAVST    7.93%    passed     99.09%
  23  GEOFO    8.51%    passed     99.37%
  24  HALAL    8.32%    passed     99.92%
  25  HALLE    8.32%    passed     99.92%
  26  LEPDI    8.51%    passed     99.89%
  27  MANVI    8.51%    passed     81.85%
  28  MELGA   11.22%    passed     98.80%
  29  MELUN    8.12%    passed     97.72%
  30  MERNU    8.32%    passed     98.88%
  31  MESUN   35.98%    passed     80.22%
  32  NESNO    8.12%    passed     98.93%
  33  NIPNI    8.32%    passed     98.76%
  34  OPHHO    8.32%    passed     99.69%
  35  PELCR    8.32%    passed     98.98%
  36  PHACA   25.53%    passed     81.70%
  37  PHALE    8.32%    passed     99.81%
  38  PHORU    8.32%    passed     99.91%
  39  PICPU    8.51%    passed     97.62%
  40  PODCR    7.93%    passed     99.78%
  41  PTEGU    7.93%    passed     99.74%
  42  PYGAD    8.12%    passed     99.68%
  43  STRCA    8.32%    passed     96.68%
  44  TAEGU    0.00%    passed     71.27%
  45  TAUER    8.32%    passed     98.69%
  46  TINMA   25.53%    passed     56.63%
  47  TYTAL    7.93%    passed     97.24%
****  TOTAL   10.57%  0 sequences failed composition chi2 test (p-value<5%; df=3)
NOTE: HALLE is identical to HALAL but kept for subsequent analysis
Checking for duplicate sequences: done in 0.000164032 secs using 789.5% CPU

Create initial parsimony tree by phylogenetic likelihood library (PLL)... 0.003 seconds

NOTE: 2 MB RAM (0 GB) is required!
WARNING: Number of threads seems too high for short alignments. Use -T AUTO to determine best number of threads.
Estimate model parameters (epsilon = 0.100)
1. Initial log-likelihood: -6182.316
2. Current log-likelihood: -5822.019
3. Current log-likelihood: -5803.970
Optimal log-likelihood: -5803.885
Rate parameters:  A-C: 1.25810  A-G: 7.05470  A-T: 0.78481  C-G: 2.18899  C-T: 4.25707  G-T: 1.00000
Base frequencies:  A: 0.289  C: 0.208  G: 0.241  T: 0.261
Gamma shape alpha: 0.262
Parameters optimization took 3 rounds (0.074 sec)
Wrote distance file to... 
Computing ML distances based on estimated model parameters...
Calculating distance matrix: done in 0.00109601 secs using 818.6% CPU
Computing ML distances took 0.001179 sec (of wall-clock time) 0.009363 sec (of CPU time)
Setting up auxiliary I and S matrices: done in 0.000127077 secs using 982.1% CPU
Constructing RapidNJ tree: done in 0.00389218 secs using 859.6% CPU
Computing RapidNJ tree took 0.004053 sec (of wall-clock time) 0.035419 sec (of CPU time)
Log-likelihood of RapidNJ tree: -5817.967
--------------------------------------------------------------------
|             INITIALIZING CANDIDATE TREE SET                      |
--------------------------------------------------------------------
Generating 98 parsimony trees... 0.192 second
Computing log-likelihood of 98 initial trees ... 0.535 seconds
Current best score: -5788.103

Do NNI search on 20 best initial trees
Estimate model parameters (epsilon = 0.100)
BETTER TREE FOUND at iteration 1: -5782.507
Estimate model parameters (epsilon = 0.100)
BETTER TREE FOUND at iteration 2: -5780.813
Estimate model parameters (epsilon = 0.100)
BETTER TREE FOUND at iteration 3: -5780.225
Estimate model parameters (epsilon = 0.100)
BETTER TREE FOUND at iteration 4: -5777.177
Iteration 10 / LogL: -5794.400 / Time: 0h:0m:1s
Iteration 20 / LogL: -5790.252 / Time: 0h:0m:2s
Finish initializing candidate tree set (20)
Current best tree score: -5777.177 / CPU time: 2.706
Number of iterations: 20
--------------------------------------------------------------------
|               OPTIMIZING CANDIDATE TREE SET                      |
--------------------------------------------------------------------
Estimate model parameters (epsilon = 0.100)
BETTER TREE FOUND at iteration 24: -5776.176
Iteration 30 / LogL: -5776.320 / Time: 0h:0m:3s (0h:0m:12s left)
Iteration 40 / LogL: -5776.936 / Time: 0h:0m:4s (0h:0m:10s left)
Estimate model parameters (epsilon = 0.100)
BETTER TREE FOUND at iteration 48: -5775.761
Iteration 50 / LogL: -5776.371 / Time: 0h:0m:5s (0h:0m:11s left)
Estimate model parameters (epsilon = 0.100)
BETTER TREE FOUND at iteration 58: -5775.548
Iteration 60 / LogL: -5776.558 / Time: 0h:0m:6s (0h:0m:11s left)
BETTER TREE FOUND at iteration 63: -5775.548
BETTER TREE FOUND at iteration 65: -5775.547
Iteration 70 / LogL: -5775.548 / Time: 0h:0m:7s (0h:0m:10s left)
Estimate model parameters (epsilon = 0.100)
BETTER TREE FOUND at iteration 74: -5774.392
Iteration 80 / LogL: -5785.081 / Time: 0h:0m:8s (0h:0m:10s left)
Estimate model parameters (epsilon = 0.100)
BETTER TREE FOUND at iteration 85: -5774.318
Iteration 90 / LogL: -5775.531 / Time: 0h:0m:9s (0h:0m:10s left)
Estimate model parameters (epsilon = 0.100)
BETTER TREE FOUND at iteration 97: -5772.445
Iteration 100 / LogL: -5774.476 / Time: 0h:0m:10s (0h:0m:10s left)
BETTER TREE FOUND at iteration 101: -5772.445
BETTER TREE FOUND at iteration 103: -5772.444
UPDATE BEST LOG-LIKELIHOOD: -5772.444
Estimate model parameters (epsilon = 0.100)
BETTER TREE FOUND at iteration 109: -5772.274
Iteration 110 / LogL: -5781.285 / Time: 0h:0m:12s (0h:0m:10s left)
Iteration 120 / LogL: -5774.279 / Time: 0h:0m:13s (0h:0m:9s left)
UPDATE BEST LOG-LIKELIHOOD: -5772.273
Iteration 130 / LogL: -5772.273 / Time: 0h:0m:14s (0h:0m:8s left)
Iteration 140 / LogL: -5774.744 / Time: 0h:0m:15s (0h:0m:7s left)
UPDATE BEST LOG-LIKELIHOOD: -5772.272
Iteration 150 / LogL: -5772.441 / Time: 0h:0m:16s (0h:0m:6s left)
Iteration 160 / LogL: -5772.273 / Time: 0h:0m:17s (0h:0m:5s left)
Iteration 170 / LogL: -5773.060 / Time: 0h:0m:18s (0h:0m:4s left)
Iteration 180 / LogL: -5772.441 / Time: 0h:0m:19s (0h:0m:3s left)
Iteration 190 / LogL: -5773.696 / Time: 0h:0m:20s (0h:0m:2s left)
Iteration 200 / LogL: -5772.272 / Time: 0h:0m:21s (0h:0m:0s left)
Iteration 210 / LogL: -5772.443 / Time: 0h:0m:22s (0h:0m:-1s left)
TREE SEARCH COMPLETED AFTER 210 ITERATIONS / Time: 0h:0m:22s

--------------------------------------------------------------------
|                    FINALIZING TREE SEARCH                        |
--------------------------------------------------------------------
Performs final model parameters optimization
Estimate model parameters (epsilon = 0.010)
1. Initial log-likelihood: -5772.272
Optimal log-likelihood: -5772.271
Rate parameters:  A-C: 1.20417  A-G: 7.15089  A-T: 0.74396  C-G: 2.08355  C-T: 3.96363  G-T: 1.00000
Base frequencies:  A: 0.289  C: 0.208  G: 0.241  T: 0.261
Gamma shape alpha: 0.261
Parameters optimization took 1 rounds (0.009 sec)
BEST SCORE FOUND : -5772.271
Total tree length: 1.063

Total number of iterations: 210
CPU time used for tree search: 180.558 sec (0h:3m:0s)
Wall-clock time used for tree search: 22.610 sec (0h:0m:22s)
Total CPU time used: 181.542 sec (0h:3m:1s)
Total wall-clock time used: 22.733 sec (0h:0m:22s)

Analysis results written to: 
  IQ-TREE report:                /workspace/IQTree_8_cores_JarvD5a_Results/exon_7906.iqtree
  Maximum-likelihood tree:       /workspace/IQTree_8_cores_JarvD5a_Results/exon_7906.treefile
  Likelihood distances:          /workspace/IQTree_8_cores_JarvD5a_Results/exon_7906.mldist
  Screen log file:               /workspace/IQTree_8_cores_JarvD5a_Results/exon_7906.log

Date and Time: Fri May 29 14:45:02 2026
