IQ-TREE version 3.1.2 for Linux x86 64-bit built May  7 2026
Developed by Bui Quang Minh, Thomas Wong, Nhan Ly-Trong, Huaiyan Ren
Contributed by Lam-Tung Nguyen, Dominik Schrempf, Chris Bielow,
Olga Chernomor, Michael Woodhams, Diep Thi Hoang, Heiko Schmidt

Host:    8084c4e79f09 (AVX512, FMA3, 1133 GB RAM)
Command: /workspace/iqtree-3.1.2-Linux/bin/iqtree3_intel -s /workspace/NeuralNJ/empirical/JarvD5a/exon_1674.fasta -st DNA -m GTR+G -T 8 -seed 2201 -pre /workspace/IQTree_8_cores_JarvD5a_Results/exon_1674 -quiet
Seed:    2201 (Using SPRNG - Scalable Parallel Random Number Generator)
Time:    Thu May 28 14:53:37 2026
Kernel:  AVX+FMA - 8 threads (384 CPU cores detected)

Reading alignment file /workspace/NeuralNJ/empirical/JarvD5a/exon_1674.fasta ... Fasta format detected
Reading fasta file: done in 0.00103498 secs using 63.67% CPU
Alignment most likely contains DNA/RNA sequences
Constructing alignment: done in 0.00132298 secs using 838.7% CPU
Alignment has 48 sequences with 986 columns, 238 distinct patterns
114 parsimony-informative, 102 singleton sites, 770 constant sites
       Gap/Ambiguity  Composition  p-value
Analyzing sequences: done in 1.19209e-05 secs using 100.7% CPU
   1  ACACH    3.45%    passed     99.37%
   2  ANAPL    3.45%    passed     98.28%
   3  APAVI    3.45%    passed     99.68%
   4  APTFO   17.44%    passed     88.87%
   5  BALRE    3.45%    passed     98.95%
   6  BUCRH    3.45%    passed     98.75%
   7  CALAN    0.00%    passed     95.59%
   8  CAPCA    3.45%    passed     99.76%
   9  CARCR    3.45%    passed     94.73%
  10  CATAU    3.45%    passed     98.56%
  11  CHAPE    3.45%    passed     99.32%
  12  CHAVO    3.45%    passed     99.94%
  13  CHLUN   19.27%    passed     98.34%
  14  COLLI    3.85%    passed     98.27%
  15  COLST    3.45%    passed     35.73%
  16  CORBR    3.45%    passed     99.32%
  17  CUCCA    3.45%    passed     96.92%
  18  EGRGA    3.45%    passed     99.94%
  19  EURHE    3.45%    passed     90.01%
  20  FALPE    3.45%    passed     98.25%
  21  FULGL    3.45%    passed     99.93%
  22  GALGA    0.00%    passed     98.34%
  23  GAVST    3.45%    passed     99.98%
  24  GEOFO    3.45%    passed     96.08%
  25  HALAL    3.45%    passed     99.10%
  26  HALLE    1.42%    passed     98.27%
  27  LEPDI    3.45%    passed     99.53%
  28  MANVI    3.45%    passed     97.93%
  29  MELGA    3.45%    passed     99.00%
  30  MELUN    0.00%    passed     95.29%
  31  MERNU    3.45%    passed     98.57%
  32  MESUN    3.65%    passed     98.90%
  33  NESNO    3.45%    passed     82.29%
  34  NIPNI    3.45%    passed     98.21%
  35  OPHHO    3.45%    passed     96.84%
  36  PELCR    3.45%    passed     99.45%
  37  PHACA    3.45%    passed     99.82%
  38  PHALE   19.27%    passed     97.32%
  39  PHORU   29.21%    passed     54.37%
  40  PICPU    3.85%    passed     99.33%
  41  PODCR    3.45%    passed     99.12%
  42  PTEGU    3.45%    passed     99.15%
  43  PYGAD    3.45%    passed     99.80%
  44  STRCA    3.45%    passed     99.94%
  45  TAEGU    0.00%    passed     79.90%
  46  TAUER    3.45%    passed     96.84%
  47  TINMA    3.45%    passed     99.98%
  48  TYTAL    3.85%    passed     99.66%
****  TOTAL    4.64%  0 sequences failed composition chi2 test (p-value<5%; df=3)
Checking for duplicate sequences: done in 0.000129938 secs using 792.7% CPU

Create initial parsimony tree by phylogenetic likelihood library (PLL)... 0.001 seconds

NOTE: 1 MB RAM (0 GB) is required!
WARNING: Number of threads seems too high for short alignments. Use -T AUTO to determine best number of threads.
Estimate model parameters (epsilon = 0.100)
1. Initial log-likelihood: -4438.933
2. Current log-likelihood: -4186.840
3. Current log-likelihood: -4184.439
Optimal log-likelihood: -4184.344
Rate parameters:  A-C: 0.76656  A-G: 4.59429  A-T: 0.45774  C-G: 1.55530  C-T: 3.47058  G-T: 1.00000
Base frequencies:  A: 0.307  C: 0.217  G: 0.239  T: 0.237
Gamma shape alpha: 0.145
Parameters optimization took 3 rounds (0.057 sec)
Wrote distance file to... 
Computing ML distances based on estimated model parameters...
Calculating distance matrix: done in 0.00144291 secs using 801% CPU
Computing ML distances took 0.001490 sec (of wall-clock time) 0.011740 sec (of CPU time)
Setting up auxiliary I and S matrices: done in 0.000149012 secs using 1049% CPU
Constructing RapidNJ tree: done in 0.00266004 secs using 685.4% CPU
Computing RapidNJ tree took 0.002863 sec (of wall-clock time) 0.024579 sec (of CPU time)
Log-likelihood of RapidNJ tree: -4206.825
--------------------------------------------------------------------
|             INITIALIZING CANDIDATE TREE SET                      |
--------------------------------------------------------------------
Generating 98 parsimony trees... 0.127 second
Computing log-likelihood of 98 initial trees ... 0.369 seconds
Current best score: -4169.516

Do NNI search on 20 best initial trees
Estimate model parameters (epsilon = 0.100)
BETTER TREE FOUND at iteration 1: -4165.120
Iteration 10 / LogL: -4173.564 / Time: 0h:0m:1s
Iteration 20 / LogL: -4169.078 / Time: 0h:0m:2s
Finish initializing candidate tree set (20)
Current best tree score: -4165.120 / CPU time: 1.920
Number of iterations: 20
--------------------------------------------------------------------
|               OPTIMIZING CANDIDATE TREE SET                      |
--------------------------------------------------------------------
Estimate model parameters (epsilon = 0.100)
BETTER TREE FOUND at iteration 24: -4163.576
Iteration 30 / LogL: -4170.578 / Time: 0h:0m:2s (0h:0m:9s left)
Iteration 40 / LogL: -4164.172 / Time: 0h:0m:3s (0h:0m:7s left)
Iteration 50 / LogL: -4163.907 / Time: 0h:0m:4s (0h:0m:6s left)
Estimate model parameters (epsilon = 0.100)
BETTER TREE FOUND at iteration 54: -4162.970
BETTER TREE FOUND at iteration 58: -4162.968
Iteration 60 / LogL: -4163.580 / Time: 0h:0m:5s (0h:0m:8s left)
BETTER TREE FOUND at iteration 64: -4162.968
Iteration 70 / LogL: -4183.472 / Time: 0h:0m:6s (0h:0m:8s left)
Iteration 80 / LogL: -4162.969 / Time: 0h:0m:6s (0h:0m:7s left)
Estimate model parameters (epsilon = 0.100)
BETTER TREE FOUND at iteration 81: -4162.907
BETTER TREE FOUND at iteration 82: -4162.905
BETTER TREE FOUND at iteration 85: -4162.904
Iteration 90 / LogL: -4163.949 / Time: 0h:0m:7s (0h:0m:8s left)
Estimate model parameters (epsilon = 0.100)
BETTER TREE FOUND at iteration 96: -4162.725
Iteration 100 / LogL: -4162.788 / Time: 0h:0m:8s (0h:0m:8s left)
Iteration 110 / LogL: -4186.662 / Time: 0h:0m:9s (0h:0m:7s left)
Iteration 120 / LogL: -4162.726 / Time: 0h:0m:10s (0h:0m:6s left)
Iteration 130 / LogL: -4163.617 / Time: 0h:0m:11s (0h:0m:5s left)
Iteration 140 / LogL: -4167.208 / Time: 0h:0m:12s (0h:0m:5s left)
Iteration 150 / LogL: -4162.726 / Time: 0h:0m:13s (0h:0m:4s left)
BETTER TREE FOUND at iteration 153: -4162.725
BETTER TREE FOUND at iteration 157: -4162.725
Estimate model parameters (epsilon = 0.100)
BETTER TREE FOUND at iteration 159: -4161.623
BETTER TREE FOUND at iteration 160: -4161.623
Iteration 160 / LogL: -4161.623 / Time: 0h:0m:14s (0h:0m:9s left)
Iteration 170 / LogL: -4162.736 / Time: 0h:0m:15s (0h:0m:8s left)
Iteration 180 / LogL: -4183.974 / Time: 0h:0m:16s (0h:0m:7s left)
Iteration 190 / LogL: -4162.383 / Time: 0h:0m:17s (0h:0m:6s left)
BETTER TREE FOUND at iteration 197: -4161.622
BETTER TREE FOUND at iteration 200: -4161.622
Iteration 200 / LogL: -4161.622 / Time: 0h:0m:18s (0h:0m:9s left)
Iteration 210 / LogL: -4182.511 / Time: 0h:0m:18s (0h:0m:8s left)
Estimate model parameters (epsilon = 0.100)
BETTER TREE FOUND at iteration 211: -4161.463
Estimate model parameters (epsilon = 0.100)
BETTER TREE FOUND at iteration 217: -4158.864
Iteration 220 / LogL: -4161.639 / Time: 0h:0m:19s (0h:0m:8s left)
Iteration 230 / LogL: -4173.229 / Time: 0h:0m:20s (0h:0m:7s left)
Iteration 240 / LogL: -4171.034 / Time: 0h:0m:21s (0h:0m:6s left)
BETTER TREE FOUND at iteration 244: -4158.864
Estimate model parameters (epsilon = 0.100)
BETTER TREE FOUND at iteration 249: -4158.103
Iteration 250 / LogL: -4161.520 / Time: 0h:0m:22s (0h:0m:8s left)
Iteration 260 / LogL: -4162.121 / Time: 0h:0m:23s (0h:0m:8s left)
Iteration 270 / LogL: -4163.841 / Time: 0h:0m:24s (0h:0m:7s left)
Iteration 280 / LogL: -4160.743 / Time: 0h:0m:25s (0h:0m:6s left)
Iteration 290 / LogL: -4159.690 / Time: 0h:0m:25s (0h:0m:5s left)
BETTER TREE FOUND at iteration 297: -4158.103
Iteration 300 / LogL: -4159.151 / Time: 0h:0m:26s (0h:0m:8s left)
Iteration 310 / LogL: -4159.649 / Time: 0h:0m:27s (0h:0m:7s left)
Iteration 320 / LogL: -4161.223 / Time: 0h:0m:28s (0h:0m:6s left)
BETTER TREE FOUND at iteration 322: -4158.103
Iteration 330 / LogL: -4163.510 / Time: 0h:0m:29s (0h:0m:8s left)
BETTER TREE FOUND at iteration 339: -4158.102
Iteration 340 / LogL: -4163.844 / Time: 0h:0m:30s (0h:0m:8s left)
BETTER TREE FOUND at iteration 345: -4158.102
BETTER TREE FOUND at iteration 346: -4158.102
Iteration 350 / LogL: -4159.949 / Time: 0h:0m:31s (0h:0m:8s left)
BETTER TREE FOUND at iteration 358: -4158.101
Iteration 360 / LogL: -4165.110 / Time: 0h:0m:32s (0h:0m:8s left)
Iteration 370 / LogL: -4158.102 / Time: 0h:0m:32s (0h:0m:7s left)
Iteration 380 / LogL: -4162.316 / Time: 0h:0m:33s (0h:0m:6s left)
BETTER TREE FOUND at iteration 385: -4158.101
Iteration 390 / LogL: -4162.949 / Time: 0h:0m:34s (0h:0m:8s left)
BETTER TREE FOUND at iteration 395: -4158.101
BETTER TREE FOUND at iteration 397: -4158.101
Iteration 400 / LogL: -4159.556 / Time: 0h:0m:35s (0h:0m:8s left)
UPDATE BEST LOG-LIKELIHOOD: -4158.101
Iteration 410 / LogL: -4163.883 / Time: 0h:0m:36s (0h:0m:7s left)
Iteration 420 / LogL: -4158.102 / Time: 0h:0m:37s (0h:0m:6s left)
Iteration 430 / LogL: -4158.102 / Time: 0h:0m:38s (0h:0m:5s left)
Iteration 440 / LogL: -4158.185 / Time: 0h:0m:39s (0h:0m:5s left)
Iteration 450 / LogL: -4164.714 / Time: 0h:0m:39s (0h:0m:4s left)
Iteration 460 / LogL: -4158.641 / Time: 0h:0m:40s (0h:0m:3s left)
Iteration 470 / LogL: -4162.714 / Time: 0h:0m:41s (0h:0m:2s left)
Iteration 480 / LogL: -4158.103 / Time: 0h:0m:42s (0h:0m:1s left)
Iteration 490 / LogL: -4161.257 / Time: 0h:0m:43s (0h:0m:0s left)
TREE SEARCH COMPLETED AFTER 498 ITERATIONS / Time: 0h:0m:44s

--------------------------------------------------------------------
|                    FINALIZING TREE SEARCH                        |
--------------------------------------------------------------------
Performs final model parameters optimization
Estimate model parameters (epsilon = 0.010)
1. Initial log-likelihood: -4158.101
Optimal log-likelihood: -4158.101
Rate parameters:  A-C: 0.70554  A-G: 4.65353  A-T: 0.45279  C-G: 1.41914  C-T: 3.37766  G-T: 1.00000
Base frequencies:  A: 0.307  C: 0.217  G: 0.239  T: 0.237
Gamma shape alpha: 0.144
Parameters optimization took 1 rounds (0.006 sec)
BEST SCORE FOUND : -4158.101
Total tree length: 0.639

Total number of iterations: 498
CPU time used for tree search: 351.156 sec (0h:5m:51s)
Wall-clock time used for tree search: 43.959 sec (0h:0m:43s)
Total CPU time used: 351.887 sec (0h:5m:51s)
Total wall-clock time used: 44.049 sec (0h:0m:44s)

Analysis results written to: 
  IQ-TREE report:                /workspace/IQTree_8_cores_JarvD5a_Results/exon_1674.iqtree
  Maximum-likelihood tree:       /workspace/IQTree_8_cores_JarvD5a_Results/exon_1674.treefile
  Likelihood distances:          /workspace/IQTree_8_cores_JarvD5a_Results/exon_1674.mldist
  Screen log file:               /workspace/IQTree_8_cores_JarvD5a_Results/exon_1674.log

Date and Time: Thu May 28 14:54:22 2026
