IQ-TREE version 3.1.2 for Linux x86 64-bit built May  7 2026
Developed by Bui Quang Minh, Thomas Wong, Nhan Ly-Trong, Huaiyan Ren
Contributed by Lam-Tung Nguyen, Dominik Schrempf, Chris Bielow,
Olga Chernomor, Michael Woodhams, Diep Thi Hoang, Heiko Schmidt

Host:    8084c4e79f09 (AVX512, FMA3, 1133 GB RAM)
Command: /workspace/iqtree-3.1.2-Linux/bin/iqtree3_intel -s /workspace/NeuralNJ/empirical/JarvD5a/exon_8423.fasta -st DNA -m GTR+G -T 8 -seed 2201 -pre /workspace/IQTree_8_cores_JarvD5a_Results/exon_8423 -quiet
Seed:    2201 (Using SPRNG - Scalable Parallel Random Number Generator)
Time:    Fri May 29 17:59:33 2026
Kernel:  AVX+FMA - 8 threads (384 CPU cores detected)

Reading alignment file /workspace/NeuralNJ/empirical/JarvD5a/exon_8423.fasta ... Fasta format detected
Reading fasta file: done in 0.000822067 secs using 9.732% CPU
Alignment most likely contains DNA/RNA sequences
Constructing alignment: done in 0.00189018 secs using 750% CPU
WARNING: 1 sites contain only gaps or ambiguous characters.
Alignment has 47 sequences with 968 columns, 226 distinct patterns
109 parsimony-informative, 76 singleton sites, 783 constant sites
       Gap/Ambiguity  Composition  p-value
Analyzing sequences: done in 1.40667e-05 secs using 447.9% CPU
   1  ACACH    8.26%    passed     99.44%
   2  ANAPL   10.12%    passed     89.81%
   3  APAVI    7.54%    passed     98.63%
   4  APTFO    8.26%    passed     99.98%
   5  BALRE    8.78%    passed     99.65%
   6  BUCRH    8.78%    passed     97.10%
   7  CALAN    8.06%    passed     93.49%
   8  CAPCA    8.26%    passed     99.00%
   9  CARCR    8.16%    passed     98.53%
  10  CATAU    7.85%    passed     98.38%
  11  CHAPE    8.06%    passed     97.61%
  12  CHAVO    9.19%    passed     99.84%
  13  CHLUN    7.64%    passed     99.07%
  14  COLLI    8.06%    passed     99.25%
  15  COLST    8.99%    passed     98.07%
  16  CORBR    7.95%    passed     91.58%
  17  CUCCA    8.26%    passed     99.68%
  18  EGRGA    8.88%    passed     96.53%
  19  EURHE    9.92%    passed     98.60%
  20  FALPE    6.20%    passed     99.95%
  21  FULGL    7.64%    passed     99.82%
  22  GALGA    9.09%    passed     81.45%
  23  GAVST   12.71%    passed     96.33%
  24  GEOFO    8.78%    passed     96.29%
  25  HALAL    8.26%    passed     96.95%
  26  HALLE    8.26%    passed     97.66%
  27  LEPDI    8.37%    passed     99.61%
  28  MANVI    8.26%    passed     98.92%
  29  MELGA    9.09%    passed     84.58%
  30  MELUN    8.26%    passed     99.60%
  31  MERNU    8.26%    passed     99.88%
  32  MESUN    8.26%    passed     98.76%
  33  NESNO    9.71%    passed     99.67%
  34  NIPNI    8.68%    passed     94.61%
  35  OPHHO    8.26%    passed     99.58%
  36  PELCR    9.30%    passed     99.16%
  37  PHACA    8.06%    passed     90.79%
  38  PHALE    8.26%    passed     99.30%
  39  PHORU    9.71%    passed     99.10%
  40  PICPU    7.44%    passed     97.18%
  41  PTEGU    8.26%    passed     98.00%
  42  PYGAD    8.26%    passed     99.98%
  43  STRCA   11.67%    passed     99.71%
  44  TAEGU    9.09%    passed     98.19%
  45  TAUER    9.92%    passed     93.20%
  46  TINMA   10.74%    passed     88.74%
  47  TYTAL    6.82%    passed     96.63%
****  TOTAL    8.65%  0 sequences failed composition chi2 test (p-value<5%; df=3)
NOTE: PYGAD is identical to APTFO but kept for subsequent analysis
Checking for duplicate sequences: done in 0.000187159 secs using 786% CPU

Create initial parsimony tree by phylogenetic likelihood library (PLL)... 0.004 seconds

NOTE: 1 MB RAM (0 GB) is required!
WARNING: Number of threads seems too high for short alignments. Use -T AUTO to determine best number of threads.
Estimate model parameters (epsilon = 0.100)
1. Initial log-likelihood: -4214.971
2. Current log-likelihood: -4019.915
3. Current log-likelihood: -4015.952
4. Current log-likelihood: -4015.757
Optimal log-likelihood: -4015.737
Rate parameters:  A-C: 1.85019  A-G: 3.18559  A-T: 1.02656  C-G: 1.23513  C-T: 3.40021  G-T: 1.00000
Base frequencies:  A: 0.296  C: 0.253  G: 0.233  T: 0.218
Gamma shape alpha: 0.126
Parameters optimization took 4 rounds (0.070 sec)
Wrote distance file to... 
Computing ML distances based on estimated model parameters...
Calculating distance matrix: done in 0.000884056 secs using 804.7% CPU
Computing ML distances took 0.000931 sec (of wall-clock time) 0.007297 sec (of CPU time)
Setting up auxiliary I and S matrices: done in 0.000121832 secs using 1259% CPU
Constructing RapidNJ tree: done in 0.00348997 secs using 821.3% CPU
Computing RapidNJ tree took 0.003650 sec (of wall-clock time) 0.031837 sec (of CPU time)
Log-likelihood of RapidNJ tree: -4084.083
--------------------------------------------------------------------
|             INITIALIZING CANDIDATE TREE SET                      |
--------------------------------------------------------------------
Generating 98 parsimony trees... 0.130 second
Computing log-likelihood of 98 initial trees ... 0.394 seconds
Current best score: -4013.746

Do NNI search on 20 best initial trees
Estimate model parameters (epsilon = 0.100)
BETTER TREE FOUND at iteration 1: -4010.914
Iteration 10 / LogL: -4015.545 / Time: 0h:0m:1s
Iteration 20 / LogL: -4016.610 / Time: 0h:0m:1s
Finish initializing candidate tree set (18)
Current best tree score: -4010.914 / CPU time: 1.632
Number of iterations: 20
--------------------------------------------------------------------
|               OPTIMIZING CANDIDATE TREE SET                      |
--------------------------------------------------------------------
Iteration 30 / LogL: -4010.974 / Time: 0h:0m:2s (0h:0m:6s left)
Iteration 40 / LogL: -4013.279 / Time: 0h:0m:3s (0h:0m:5s left)
Iteration 50 / LogL: -4016.153 / Time: 0h:0m:4s (0h:0m:4s left)
Iteration 60 / LogL: -4010.916 / Time: 0h:0m:5s (0h:0m:3s left)
Iteration 70 / LogL: -4014.478 / Time: 0h:0m:6s (0h:0m:2s left)
Iteration 80 / LogL: -4010.924 / Time: 0h:0m:7s (0h:0m:1s left)
Iteration 90 / LogL: -4010.973 / Time: 0h:0m:8s (0h:0m:0s left)
UPDATE BEST LOG-LIKELIHOOD: -4010.913
Iteration 100 / LogL: -4013.630 / Time: 0h:0m:8s (0h:0m:0s left)
TREE SEARCH COMPLETED AFTER 102 ITERATIONS / Time: 0h:0m:9s

--------------------------------------------------------------------
|                    FINALIZING TREE SEARCH                        |
--------------------------------------------------------------------
Performs final model parameters optimization
Estimate model parameters (epsilon = 0.010)
1. Initial log-likelihood: -4010.913
Optimal log-likelihood: -4010.912
Rate parameters:  A-C: 1.82358  A-G: 3.11652  A-T: 0.92392  C-G: 1.11460  C-T: 3.31383  G-T: 1.00000
Base frequencies:  A: 0.296  C: 0.253  G: 0.233  T: 0.218
Gamma shape alpha: 0.127
Parameters optimization took 1 rounds (0.007 sec)
BEST SCORE FOUND : -4010.912
Total tree length: 0.709

Total number of iterations: 102
CPU time used for tree search: 72.425 sec (0h:1m:12s)
Wall-clock time used for tree search: 9.062 sec (0h:0m:9s)
Total CPU time used: 73.332 sec (0h:1m:13s)
Total wall-clock time used: 9.175 sec (0h:0m:9s)

Analysis results written to: 
  IQ-TREE report:                /workspace/IQTree_8_cores_JarvD5a_Results/exon_8423.iqtree
  Maximum-likelihood tree:       /workspace/IQTree_8_cores_JarvD5a_Results/exon_8423.treefile
  Likelihood distances:          /workspace/IQTree_8_cores_JarvD5a_Results/exon_8423.mldist
  Screen log file:               /workspace/IQTree_8_cores_JarvD5a_Results/exon_8423.log

Date and Time: Fri May 29 17:59:43 2026
