IQ-TREE version 3.1.2 for Linux x86 64-bit built May  7 2026
Developed by Bui Quang Minh, Thomas Wong, Nhan Ly-Trong, Huaiyan Ren
Contributed by Lam-Tung Nguyen, Dominik Schrempf, Chris Bielow,
Olga Chernomor, Michael Woodhams, Diep Thi Hoang, Heiko Schmidt

Host:    8084c4e79f09 (AVX512, FMA3, 1133 GB RAM)
Command: /workspace/iqtree-3.1.2-Linux/bin/iqtree3_intel -s /workspace/NeuralNJ/empirical/JarvD5a/exon_13356.fasta -st DNA -m GTR+G -T 8 -seed 2201 -pre /workspace/IQTree_8_cores_JarvD5a_Results/exon_13356 -quiet
Seed:    2201 (Using SPRNG - Scalable Parallel Random Number Generator)
Time:    Thu May 28 07:35:54 2026
Kernel:  AVX+FMA - 8 threads (384 CPU cores detected)

Reading alignment file /workspace/NeuralNJ/empirical/JarvD5a/exon_13356.fasta ... Fasta format detected
Reading fasta file: done in 0.000213861 secs using 31.8% CPU
Alignment most likely contains DNA/RNA sequences
Constructing alignment: done in 0.000550985 secs using 257.2% CPU
Alignment has 48 sequences with 402 columns, 232 distinct patterns
152 parsimony-informative, 57 singleton sites, 193 constant sites
       Gap/Ambiguity  Composition  p-value
Analyzing sequences: done in 1.38283e-05 secs using 94.01% CPU
   1  ACACH    3.98%    passed     63.31%
   2  ANAPL    3.98%    passed     96.76%
   3  APAVI    3.98%    passed     98.84%
   4  APTFO    3.98%    passed     99.13%
   5  BALRE    4.48%    passed     98.37%
   6  BUCRH    3.98%    passed     57.94%
   7  CALAN    3.98%    passed     92.50%
   8  CAPCA    3.98%    passed     90.32%
   9  CARCR    3.98%    passed     82.41%
  10  CATAU   16.42%    passed     88.05%
  11  CHAPE    3.98%    passed     86.42%
  12  CHAVO    3.98%    passed     98.16%
  13  CHLUN    3.98%    passed     99.41%
  14  COLLI    3.98%    passed     53.27%
  15  COLST    4.48%    passed     98.06%
  16  CORBR    3.98%    passed     85.09%
  17  CUCCA    2.99%    passed     98.73%
  18  EGRGA    3.98%    passed     95.98%
  19  EURHE    3.98%    passed     94.84%
  20  FALPE    3.98%    passed     97.71%
  21  FULGL    3.98%    passed     91.71%
  22  GALGA    3.98%    passed     91.84%
  23  GAVST    3.98%    passed     82.93%
  24  GEOFO    3.98%    passed     64.00%
  25  HALAL   46.77%    passed     64.39%
  26  HALLE    3.98%    passed     98.60%
  27  LEPDI    3.98%    passed     99.92%
  28  MANVI    3.98%    passed     73.12%
  29  MELGA    3.98%    passed     98.98%
  30  MELUN    3.98%    passed     99.92%
  31  MERNU    3.98%    passed     92.22%
  32  MESUN    3.98%    passed     85.77%
  33  NESNO    3.98%    passed     90.06%
  34  NIPNI    3.98%    passed     97.45%
  35  OPHHO   20.90%    passed     76.52%
  36  PELCR    3.98%    passed     99.59%
  37  PHACA    3.98%    passed     80.37%
  38  PHALE    3.98%    passed     95.92%
  39  PHORU    3.98%    passed     93.10%
  40  PICPU    3.98%    passed     72.55%
  41  PODCR    3.98%    passed     96.00%
  42  PTEGU    3.98%    passed     98.84%
  43  PYGAD    3.98%    passed     99.02%
  44  STRCA    1.00%    passed     99.68%
  45  TAEGU    3.98%    passed     79.64%
  46  TAUER    3.98%    passed     97.73%
  47  TINMA    3.98%    passed     95.88%
  48  TYTAL    3.98%    passed     91.60%
****  TOTAL    5.42%  0 sequences failed composition chi2 test (p-value<5%; df=3)
Checking for duplicate sequences: done in 0.000128984 secs using 804% CPU

Create initial parsimony tree by phylogenetic likelihood library (PLL)... 0.002 seconds

NOTE: 1 MB RAM (0 GB) is required!
WARNING: Number of threads seems too high for short alignments. Use -T AUTO to determine best number of threads.
Estimate model parameters (epsilon = 0.100)
1. Initial log-likelihood: -4528.919
2. Current log-likelihood: -4297.037
3. Current log-likelihood: -4294.955
Optimal log-likelihood: -4294.925
Rate parameters:  A-C: 3.79128  A-G: 7.75403  A-T: 1.29233  C-G: 5.49353  C-T: 9.84089  G-T: 1.00000
Base frequencies:  A: 0.327  C: 0.190  G: 0.241  T: 0.242
Gamma shape alpha: 0.404
Parameters optimization took 3 rounds (0.070 sec)
Wrote distance file to... 
Computing ML distances based on estimated model parameters...
Calculating distance matrix: done in 0.00147581 secs using 766.2% CPU
Computing ML distances took 0.001542 sec (of wall-clock time) 0.011396 sec (of CPU time)
Setting up auxiliary I and S matrices: done in 0.000102043 secs using 1120% CPU
Constructing RapidNJ tree: done in 0.00255013 secs using 873.4% CPU
Computing RapidNJ tree took 0.002683 sec (of wall-clock time) 0.023769 sec (of CPU time)
Log-likelihood of RapidNJ tree: -4313.604
--------------------------------------------------------------------
|             INITIALIZING CANDIDATE TREE SET                      |
--------------------------------------------------------------------
Generating 98 parsimony trees... 0.152 second
Computing log-likelihood of 98 initial trees ... 0.420 seconds
Current best score: -4276.533

Do NNI search on 20 best initial trees
Estimate model parameters (epsilon = 0.100)
BETTER TREE FOUND at iteration 1: -4263.780
Estimate model parameters (epsilon = 0.100)
BETTER TREE FOUND at iteration 2: -4260.789
Iteration 10 / LogL: -4265.207 / Time: 0h:0m:1s
Iteration 20 / LogL: -4267.547 / Time: 0h:0m:2s
Finish initializing candidate tree set (20)
Current best tree score: -4260.789 / CPU time: 2.688
Number of iterations: 20
--------------------------------------------------------------------
|               OPTIMIZING CANDIDATE TREE SET                      |
--------------------------------------------------------------------
Iteration 30 / LogL: -4261.784 / Time: 0h:0m:3s (0h:0m:9s left)
Iteration 40 / LogL: -4261.784 / Time: 0h:0m:4s (0h:0m:7s left)
Iteration 50 / LogL: -4261.733 / Time: 0h:0m:6s (0h:0m:6s left)
Estimate model parameters (epsilon = 0.100)
BETTER TREE FOUND at iteration 57: -4258.265
Iteration 60 / LogL: -4270.643 / Time: 0h:0m:7s (0h:0m:11s left)
Estimate model parameters (epsilon = 0.100)
BETTER TREE FOUND at iteration 66: -4257.202
Iteration 70 / LogL: -4259.759 / Time: 0h:0m:8s (0h:0m:11s left)
Iteration 80 / LogL: -4262.508 / Time: 0h:0m:9s (0h:0m:10s left)
BETTER TREE FOUND at iteration 82: -4257.199
Estimate model parameters (epsilon = 0.100)
BETTER TREE FOUND at iteration 84: -4257.182
Estimate model parameters (epsilon = 0.100)
BETTER TREE FOUND at iteration 85: -4257.109
Estimate model parameters (epsilon = 0.100)
BETTER TREE FOUND at iteration 89: -4256.837
Iteration 90 / LogL: -4257.226 / Time: 0h:0m:10s (0h:0m:11s left)
Estimate model parameters (epsilon = 0.100)
BETTER TREE FOUND at iteration 95: -4256.818
Iteration 100 / LogL: -4261.378 / Time: 0h:0m:11s (0h:0m:11s left)
Estimate model parameters (epsilon = 0.100)
BETTER TREE FOUND at iteration 104: -4256.569
Iteration 110 / LogL: -4256.570 / Time: 0h:0m:12s (0h:0m:10s left)
BETTER TREE FOUND at iteration 118: -4256.569
Iteration 120 / LogL: -4256.569 / Time: 0h:0m:13s (0h:0m:11s left)
Iteration 130 / LogL: -4257.134 / Time: 0h:0m:14s (0h:0m:9s left)
Iteration 140 / LogL: -4264.416 / Time: 0h:0m:15s (0h:0m:8s left)
Iteration 150 / LogL: -4257.913 / Time: 0h:0m:16s (0h:0m:7s left)
Iteration 160 / LogL: -4256.886 / Time: 0h:0m:17s (0h:0m:6s left)
Iteration 170 / LogL: -4257.134 / Time: 0h:0m:18s (0h:0m:5s left)
Iteration 180 / LogL: -4261.294 / Time: 0h:0m:19s (0h:0m:4s left)
Iteration 190 / LogL: -4256.698 / Time: 0h:0m:20s (0h:0m:3s left)
Iteration 200 / LogL: -4256.572 / Time: 0h:0m:21s (0h:0m:1s left)
UPDATE BEST LOG-LIKELIHOOD: -4256.569
Iteration 210 / LogL: -4256.570 / Time: 0h:0m:22s (0h:0m:0s left)
TREE SEARCH COMPLETED AFTER 219 ITERATIONS / Time: 0h:0m:23s

--------------------------------------------------------------------
|                    FINALIZING TREE SEARCH                        |
--------------------------------------------------------------------
Performs final model parameters optimization
Estimate model parameters (epsilon = 0.010)
1. Initial log-likelihood: -4256.569
Optimal log-likelihood: -4256.569
Rate parameters:  A-C: 3.98523  A-G: 7.88469  A-T: 1.35969  C-G: 5.97608  C-T: 10.21383  G-T: 1.00000
Base frequencies:  A: 0.327  C: 0.190  G: 0.241  T: 0.242
Gamma shape alpha: 0.402
Parameters optimization took 1 rounds (0.007 sec)
BEST SCORE FOUND : -4256.569
Total tree length: 2.627

Total number of iterations: 219
CPU time used for tree search: 189.930 sec (0h:3m:9s)
Wall-clock time used for tree search: 23.760 sec (0h:0m:23s)
Total CPU time used: 190.865 sec (0h:3m:10s)
Total wall-clock time used: 23.877 sec (0h:0m:23s)

Analysis results written to: 
  IQ-TREE report:                /workspace/IQTree_8_cores_JarvD5a_Results/exon_13356.iqtree
  Maximum-likelihood tree:       /workspace/IQTree_8_cores_JarvD5a_Results/exon_13356.treefile
  Likelihood distances:          /workspace/IQTree_8_cores_JarvD5a_Results/exon_13356.mldist
  Screen log file:               /workspace/IQTree_8_cores_JarvD5a_Results/exon_13356.log

Date and Time: Thu May 28 07:36:18 2026
