IQ-TREE version 3.1.2 for Linux x86 64-bit built May  7 2026
Developed by Bui Quang Minh, Thomas Wong, Nhan Ly-Trong, Huaiyan Ren
Contributed by Lam-Tung Nguyen, Dominik Schrempf, Chris Bielow,
Olga Chernomor, Michael Woodhams, Diep Thi Hoang, Heiko Schmidt

Host:    8084c4e79f09 (AVX512, FMA3, 1133 GB RAM)
Command: /workspace/iqtree-3.1.2-Linux/bin/iqtree3_intel -s /workspace/NeuralNJ/empirical/JarvD5a/exon_4050.fasta -st DNA -m GTR+G -T 8 -seed 2201 -pre /workspace/IQTree_8_cores_JarvD5a_Results/exon_4050 -quiet
Seed:    2201 (Using SPRNG - Scalable Parallel Random Number Generator)
Time:    Fri May 29 01:44:40 2026
Kernel:  AVX+FMA - 8 threads (384 CPU cores detected)

Reading alignment file /workspace/NeuralNJ/empirical/JarvD5a/exon_4050.fasta ... Fasta format detected
Reading fasta file: done in 0.000351906 secs using 10.51% CPU
Alignment most likely contains DNA/RNA sequences
Constructing alignment: done in 0.00103188 secs using 567.5% CPU
Alignment has 43 sequences with 786 columns, 201 distinct patterns
73 parsimony-informative, 91 singleton sites, 622 constant sites
       Gap/Ambiguity  Composition  p-value
Analyzing sequences: done in 1.00136e-05 secs using 609.2% CPU
   1  ANAPL   14.50%    passed     99.84%
   2  APAVI   17.81%    passed     99.20%
   3  APTFO   14.50%    passed     99.94%
   4  BALRE   14.50%    passed     99.87%
   5  BUCRH   51.40%    passed     90.13%
   6  CALAN    4.83%    passed     89.46%
   7  CAPCA   14.25%    passed     99.32%
   8  CARCR   14.50%    passed     99.80%
   9  CATAU   29.26%    passed     95.30%
  10  CHAPE   18.07%    passed     99.65%
  11  CHAVO   14.50%    passed     99.98%
  12  CHLUN   10.94%    passed     85.76%
  13  COLLI   29.52%    passed     99.34%
  14  COLST   14.50%    passed     99.59%
  15  CORBR    1.53%    passed     32.52%
  16  CUCCA   14.50%    passed     97.13%
  17  EGRGA   14.50%    passed     99.94%
  18  EURHE   17.30%    passed     99.20%
  19  FALPE   14.50%    passed     99.87%
  20  FULGL   14.50%    passed     99.74%
  21  GALGA    1.78%    passed     98.38%
  22  GAVST   10.94%    passed     89.35%
  23  GEOFO   31.81%    passed     35.39%
  24  HALAL   14.50%    passed     99.87%
  25  HALLE   14.50%    passed     99.87%
  26  LEPDI   14.50%    passed     99.74%
  27  MANVI   20.87%    passed     87.70%
  28  MELUN   11.96%    passed     89.67%
  29  MESUN   14.50%    passed     99.87%
  30  NESNO   29.26%    passed     97.27%
  31  NIPNI   14.50%    passed     99.40%
  32  OPHHO   19.08%    passed     99.95%
  33  PELCR   10.94%    passed     92.51%
  34  PHACA   10.94%    passed     94.92%
  35  PHALE   14.50%    passed     99.84%
  36  PHORU   14.50%    passed     99.94%
  37  PODCR   14.50%    passed     99.87%
  38  PTEGU   14.50%    passed     99.77%
  39  PYGAD   14.50%    passed     99.94%
  40  STRCA   14.25%    passed     99.80%
  41  TAUER   22.14%    passed     92.95%
  42  TINMA   14.25%    passed     99.40%
  43  TYTAL   14.50%    passed     99.87%
WARNING: 1 sequences contain more than 50% gaps/ambiguity
****  TOTAL   16.23%  0 sequences failed composition chi2 test (p-value<5%; df=3)
NOTE: PHALE is identical to ANAPL but kept for subsequent analysis
NOTE: PYGAD is identical to APTFO but kept for subsequent analysis
NOTE: FALPE is identical to BALRE but kept for subsequent analysis
Checking for duplicate sequences: done in 0.000115156 secs using 787.6% CPU
Identifying sites to remove: done in 0.000216961 secs using 796.5% CPU
NOTE: 5 identical sequences (see below) will be ignored for subsequent analysis
NOTE: HALAL (identical to BALRE) is ignored but added at the end
NOTE: HALLE (identical to BALRE) is ignored but added at the end
NOTE: MESUN (identical to BALRE) is ignored but added at the end
NOTE: PODCR (identical to BALRE) is ignored but added at the end
NOTE: TYTAL (identical to BALRE) is ignored but added at the end
Alignment was printed to /workspace/IQTree_8_cores_JarvD5a_Results/exon_4050.uniqueseq.phy

For your convenience alignment with unique sequences printed to /workspace/IQTree_8_cores_JarvD5a_Results/exon_4050.uniqueseq.phy

Create initial parsimony tree by phylogenetic likelihood library (PLL)... 0.001 seconds

NOTE: 1 MB RAM (0 GB) is required!
WARNING: Number of threads seems too high for short alignments. Use -T AUTO to determine best number of threads.
Estimate model parameters (epsilon = 0.100)
1. Initial log-likelihood: -2481.356
2. Current log-likelihood: -2439.184
3. Current log-likelihood: -2437.731
Optimal log-likelihood: -2437.708
Rate parameters:  A-C: 2.05179  A-G: 1.82855  A-T: 0.72796  C-G: 1.42851  C-T: 2.34869  G-T: 1.00000
Base frequencies:  A: 0.333  C: 0.234  G: 0.235  T: 0.197
Gamma shape alpha: 0.199
Parameters optimization took 3 rounds (0.038 sec)
Wrote distance file to... 
Computing ML distances based on estimated model parameters...
Calculating distance matrix: done in 0.000689983 secs using 784.4% CPU
Computing ML distances took 0.000747 sec (of wall-clock time) 0.005644 sec (of CPU time)
Setting up auxiliary I and S matrices: done in 0.000101089 secs
Constructing RapidNJ tree: done in 0.00205684 secs using 786.1% CPU
Computing RapidNJ tree took 0.002185 sec (of wall-clock time) 0.017221 sec (of CPU time)
Log-likelihood of RapidNJ tree: -2462.696
--------------------------------------------------------------------
|             INITIALIZING CANDIDATE TREE SET                      |
--------------------------------------------------------------------
Generating 98 parsimony trees... 0.073 second
Computing log-likelihood of 98 initial trees ... 0.273 seconds
Current best score: -2422.768

Do NNI search on 20 best initial trees
Estimate model parameters (epsilon = 0.100)
BETTER TREE FOUND at iteration 1: -2422.246
Estimate model parameters (epsilon = 0.100)
BETTER TREE FOUND at iteration 3: -2421.473
Iteration 10 / LogL: -2423.348 / Time: 0h:0m:1s
Iteration 20 / LogL: -2425.653 / Time: 0h:0m:2s
Finish initializing candidate tree set (20)
Current best tree score: -2421.473 / CPU time: 2.116
Number of iterations: 20
--------------------------------------------------------------------
|               OPTIMIZING CANDIDATE TREE SET                      |
--------------------------------------------------------------------
Estimate model parameters (epsilon = 0.100)
BETTER TREE FOUND at iteration 21: -2420.556
BETTER TREE FOUND at iteration 22: -2420.556
Estimate model parameters (epsilon = 0.100)
BETTER TREE FOUND at iteration 25: -2420.441
Iteration 30 / LogL: -2420.478 / Time: 0h:0m:3s (0h:0m:11s left)
Iteration 40 / LogL: -2422.824 / Time: 0h:0m:4s (0h:0m:9s left)
Iteration 50 / LogL: -2420.475 / Time: 0h:0m:5s (0h:0m:7s left)
Iteration 60 / LogL: -2420.441 / Time: 0h:0m:6s (0h:0m:6s left)
Iteration 70 / LogL: -2423.015 / Time: 0h:0m:7s (0h:0m:5s left)
Iteration 80 / LogL: -2420.475 / Time: 0h:0m:7s (0h:0m:4s left)
Iteration 90 / LogL: -2420.441 / Time: 0h:0m:8s (0h:0m:3s left)
Iteration 100 / LogL: -2420.442 / Time: 0h:0m:9s (0h:0m:2s left)
Iteration 110 / LogL: -2425.165 / Time: 0h:0m:11s (0h:0m:1s left)
Iteration 120 / LogL: -2420.443 / Time: 0h:0m:12s (0h:0m:0s left)
TREE SEARCH COMPLETED AFTER 126 ITERATIONS / Time: 0h:0m:12s

--------------------------------------------------------------------
|                    FINALIZING TREE SEARCH                        |
--------------------------------------------------------------------
Performs final model parameters optimization
Estimate model parameters (epsilon = 0.010)
1. Initial log-likelihood: -2420.441
Optimal log-likelihood: -2420.441
Rate parameters:  A-C: 2.01014  A-G: 1.78282  A-T: 0.74020  C-G: 1.43610  C-T: 2.37330  G-T: 1.00000
Base frequencies:  A: 0.333  C: 0.234  G: 0.235  T: 0.197
Gamma shape alpha: 0.210
Parameters optimization took 1 rounds (0.006 sec)
BEST SCORE FOUND : -2420.441
Total tree length: 0.449

Total number of iterations: 126
CPU time used for tree search: 101.168 sec (0h:1m:41s)
Wall-clock time used for tree search: 12.658 sec (0h:0m:12s)
Total CPU time used: 101.909 sec (0h:1m:41s)
Total wall-clock time used: 12.748 sec (0h:0m:12s)

Analysis results written to: 
  IQ-TREE report:                /workspace/IQTree_8_cores_JarvD5a_Results/exon_4050.iqtree
  Maximum-likelihood tree:       /workspace/IQTree_8_cores_JarvD5a_Results/exon_4050.treefile
  Likelihood distances:          /workspace/IQTree_8_cores_JarvD5a_Results/exon_4050.mldist
  Screen log file:               /workspace/IQTree_8_cores_JarvD5a_Results/exon_4050.log

Date and Time: Fri May 29 01:44:53 2026
