IQ-TREE version 3.1.2 for Linux x86 64-bit built May  7 2026
Developed by Bui Quang Minh, Thomas Wong, Nhan Ly-Trong, Huaiyan Ren
Contributed by Lam-Tung Nguyen, Dominik Schrempf, Chris Bielow,
Olga Chernomor, Michael Woodhams, Diep Thi Hoang, Heiko Schmidt

Host:    8084c4e79f09 (AVX512, FMA3, 1133 GB RAM)
Command: /workspace/iqtree-3.1.2-Linux/bin/iqtree3_intel -s /workspace/NeuralNJ/empirical/JarvD5a/exon_11114.fasta -st DNA -m GTR+G -T 8 -seed 2201 -pre /workspace/IQTree_8_cores_JarvD5a_Results/exon_11114 -quiet
Seed:    2201 (Using SPRNG - Scalable Parallel Random Number Generator)
Time:    Wed May 27 17:04:38 2026
Kernel:  AVX+FMA - 8 threads (384 CPU cores detected)

Reading alignment file /workspace/NeuralNJ/empirical/JarvD5a/exon_11114.fasta ... Fasta format detected
Reading fasta file: done in 0.00061202 secs using 56.53% CPU
Alignment most likely contains DNA/RNA sequences
Constructing alignment: done in 0.00208092 secs using 683.4% CPU
Alignment has 42 sequences with 1564 columns, 387 distinct patterns
138 parsimony-informative, 170 singleton sites, 1256 constant sites
       Gap/Ambiguity  Composition  p-value
Analyzing sequences: done in 1.81198e-05 secs using 292.5% CPU
   1  ACACH    3.39%    passed     99.34%
   2  ANAPL    0.64%    passed     85.54%
   3  APTFO    0.64%    passed     96.54%
   4  BUCRH    1.79%    passed     99.43%
   5  CALAN    7.67%    passed     57.29%
   6  CAPCA    1.85%    passed     98.68%
   7  CARCR    0.90%    passed     98.71%
   8  CATAU    3.71%    passed     99.96%
   9  CHAPE    0.51%    passed     99.71%
  10  CHAVO    3.58%    passed     99.27%
  11  CHLUN   13.30%    passed     93.03%
  12  COLLI    0.51%    passed     97.93%
  13  COLST   47.19%    passed     22.97%
  14  CORBR    2.81%    passed     96.41%
  15  CUCCA    0.51%    passed     99.62%
  16  EGRGA    1.41%    passed     96.46%
  17  EURHE    0.51%    passed     97.20%
  18  FALPE    0.64%    passed     99.59%
  19  FULGL   33.25%    passed     89.68%
  20  GALGA    0.90%    passed     91.53%
  21  GAVST    3.84%    passed     99.89%
  22  GEOFO    3.45%    passed     93.22%
  23  HALLE    1.34%    passed     99.30%
  24  LEPDI    0.51%    passed     99.28%
  25  MANVI   10.10%    passed     91.94%
  26  MELGA    1.02%    passed     93.12%
  27  MELUN    0.64%    passed     98.10%
  28  MERNU   48.47%    passed     15.53%
  29  MESUN    0.51%    passed     99.98%
  30  NESNO   45.65%    passed     14.39%
  31  NIPNI    0.51%    passed     98.98%
  32  OPHHO    5.37%    passed     99.70%
  33  PELCR   88.87%    passed     65.53%
  34  PHACA    7.03%    passed     94.39%
  35  PHALE   88.87%    passed     73.19%
  36  PICPU    0.51%    passed     99.87%
  37  PTEGU    0.51%    passed     99.58%
  38  PYGAD    0.38%    passed     98.81%
  39  TAEGU    0.51%    passed     93.19%
  40  TAUER    0.64%    passed     99.95%
  41  TINMA   14.71%    passed     54.97%
  42  TYTAL   85.04%    passed     35.21%
WARNING: 3 sequences contain more than 50% gaps/ambiguity
****  TOTAL   12.72%  0 sequences failed composition chi2 test (p-value<5%; df=3)
Checking for duplicate sequences: done in 0.000123978 secs using 518.6% CPU

Create initial parsimony tree by phylogenetic likelihood library (PLL)... 0.001 seconds

NOTE: 2 MB RAM (0 GB) is required!
WARNING: Number of threads seems too high for short alignments. Use -T AUTO to determine best number of threads.
Estimate model parameters (epsilon = 0.100)
1. Initial log-likelihood: -5879.776
2. Current log-likelihood: -5662.268
3. Current log-likelihood: -5660.130
Optimal log-likelihood: -5660.096
Rate parameters:  A-C: 1.93280  A-G: 3.97805  A-T: 0.69936  C-G: 1.39016  C-T: 3.21677  G-T: 1.00000
Base frequencies:  A: 0.296  C: 0.205  G: 0.277  T: 0.222
Gamma shape alpha: 0.143
Parameters optimization took 3 rounds (0.059 sec)
Wrote distance file to... 
Computing ML distances based on estimated model parameters...
Calculating distance matrix: done in 0.000876904 secs using 797.5% CPU
Computing ML distances took 0.000950 sec (of wall-clock time) 0.007377 sec (of CPU time)
Setting up auxiliary I and S matrices: done in 0.000108004 secs using 1008% CPU
Constructing RapidNJ tree: done in 0.00327706 secs using 845.1% CPU
Computing RapidNJ tree took 0.003424 sec (of wall-clock time) 0.030879 sec (of CPU time)
Log-likelihood of RapidNJ tree: -5745.012
--------------------------------------------------------------------
|             INITIALIZING CANDIDATE TREE SET                      |
--------------------------------------------------------------------
Generating 98 parsimony trees... 0.143 second
Computing log-likelihood of 98 initial trees ... 0.496 seconds
Current best score: -5651.235

Do NNI search on 20 best initial trees
Estimate model parameters (epsilon = 0.100)
BETTER TREE FOUND at iteration 1: -5643.386
Iteration 10 / LogL: -5655.297 / Time: 0h:0m:1s
Estimate model parameters (epsilon = 0.100)
BETTER TREE FOUND at iteration 12: -5643.164
Iteration 20 / LogL: -5654.978 / Time: 0h:0m:3s
Finish initializing candidate tree set (20)
Current best tree score: -5643.164 / CPU time: 3.013
Number of iterations: 20
--------------------------------------------------------------------
|               OPTIMIZING CANDIDATE TREE SET                      |
--------------------------------------------------------------------
Estimate model parameters (epsilon = 0.100)
BETTER TREE FOUND at iteration 22: -5642.993
Estimate model parameters (epsilon = 0.100)
BETTER TREE FOUND at iteration 29: -5642.578
Iteration 30 / LogL: -5644.226 / Time: 0h:0m:4s (0h:0m:14s left)
Iteration 40 / LogL: -5643.115 / Time: 0h:0m:5s (0h:0m:12s left)
Estimate model parameters (epsilon = 0.100)
BETTER TREE FOUND at iteration 42: -5642.425
Estimate model parameters (epsilon = 0.100)
BETTER TREE FOUND at iteration 45: -5642.364
Iteration 50 / LogL: -5643.844 / Time: 0h:0m:6s (0h:0m:12s left)
Iteration 60 / LogL: -5679.399 / Time: 0h:0m:7s (0h:0m:10s left)
Iteration 70 / LogL: -5642.552 / Time: 0h:0m:8s (0h:0m:9s left)
Iteration 80 / LogL: -5642.551 / Time: 0h:0m:9s (0h:0m:7s left)
Estimate model parameters (epsilon = 0.100)
BETTER TREE FOUND at iteration 85: -5642.262
Iteration 90 / LogL: -5642.389 / Time: 0h:0m:10s (0h:0m:11s left)
Iteration 100 / LogL: -5642.843 / Time: 0h:0m:11s (0h:0m:9s left)
Iteration 110 / LogL: -5642.429 / Time: 0h:0m:12s (0h:0m:8s left)
Iteration 120 / LogL: -5642.819 / Time: 0h:0m:13s (0h:0m:7s left)
Iteration 130 / LogL: -5642.749 / Time: 0h:0m:14s (0h:0m:6s left)
Iteration 140 / LogL: -5642.390 / Time: 0h:0m:15s (0h:0m:5s left)
Iteration 150 / LogL: -5646.044 / Time: 0h:0m:16s (0h:0m:3s left)
Iteration 160 / LogL: -5681.714 / Time: 0h:0m:17s (0h:0m:2s left)
Iteration 170 / LogL: -5643.866 / Time: 0h:0m:18s (0h:0m:1s left)
Iteration 180 / LogL: -5643.338 / Time: 0h:0m:19s (0h:0m:0s left)
TREE SEARCH COMPLETED AFTER 186 ITERATIONS / Time: 0h:0m:20s

--------------------------------------------------------------------
|                    FINALIZING TREE SEARCH                        |
--------------------------------------------------------------------
Performs final model parameters optimization
Estimate model parameters (epsilon = 0.010)
1. Initial log-likelihood: -5642.262
Optimal log-likelihood: -5642.248
Rate parameters:  A-C: 1.89085  A-G: 3.90372  A-T: 0.67156  C-G: 1.36755  C-T: 3.20485  G-T: 1.00000
Base frequencies:  A: 0.296  C: 0.205  G: 0.277  T: 0.222
Gamma shape alpha: 0.145
Parameters optimization took 1 rounds (0.008 sec)
BEST SCORE FOUND : -5642.248
Total tree length: 0.483

Total number of iterations: 186
CPU time used for tree search: 162.058 sec (0h:2m:42s)
Wall-clock time used for tree search: 20.299 sec (0h:0m:20s)
Total CPU time used: 162.940 sec (0h:2m:42s)
Total wall-clock time used: 20.408 sec (0h:0m:20s)

Analysis results written to: 
  IQ-TREE report:                /workspace/IQTree_8_cores_JarvD5a_Results/exon_11114.iqtree
  Maximum-likelihood tree:       /workspace/IQTree_8_cores_JarvD5a_Results/exon_11114.treefile
  Likelihood distances:          /workspace/IQTree_8_cores_JarvD5a_Results/exon_11114.mldist
  Screen log file:               /workspace/IQTree_8_cores_JarvD5a_Results/exon_11114.log

Date and Time: Wed May 27 17:04:58 2026
