IQ-TREE version 3.1.2 for Linux x86 64-bit built May  7 2026
Developed by Bui Quang Minh, Thomas Wong, Nhan Ly-Trong, Huaiyan Ren
Contributed by Lam-Tung Nguyen, Dominik Schrempf, Chris Bielow,
Olga Chernomor, Michael Woodhams, Diep Thi Hoang, Heiko Schmidt

Host:    8084c4e79f09 (AVX512, FMA3, 1133 GB RAM)
Command: /workspace/iqtree-3.1.2-Linux/bin/iqtree3_intel -s /workspace/NeuralNJ/empirical/JarvD5a/exon_10294.fasta -st DNA -m GTR+G -T 8 -seed 2201 -pre /workspace/IQTree_8_cores_JarvD5a_Results/exon_10294 -quiet
Seed:    2201 (Using SPRNG - Scalable Parallel Random Number Generator)
Time:    Wed May 27 11:16:42 2026
Kernel:  AVX+FMA - 8 threads (384 CPU cores detected)

Reading alignment file /workspace/NeuralNJ/empirical/JarvD5a/exon_10294.fasta ... Fasta format detected
Reading fasta file: done in 0.000303984 secs using 15.46% CPU
Alignment most likely contains DNA/RNA sequences
Constructing alignment: done in 0.000690937 secs using 141% CPU
Alignment has 48 sequences with 360 columns, 36 distinct patterns
5 parsimony-informative, 8 singleton sites, 347 constant sites
       Gap/Ambiguity  Composition  p-value
Analyzing sequences: done in 8.10623e-06 secs using 98.69% CPU
   1  ACACH   27.78%    passed     99.89%
   2  ANAPL   27.78%    passed     99.70%
   3  APAVI   27.78%    passed     99.33%
   4  APTFO   27.78%    passed     99.89%
   5  BALRE   27.78%    passed     99.89%
   6  BUCRH   27.78%    passed     99.89%
   7  CALAN   27.78%    passed     99.89%
   8  CAPCA   27.78%    passed     99.89%
   9  CARCR   27.78%    passed     99.33%
  10  CATAU   27.78%    passed     99.89%
  11  CHAPE   27.78%    passed     99.33%
  12  CHAVO   27.78%    passed     99.89%
  13  CHLUN   27.78%    passed     99.33%
  14  COLLI   34.17%    passed     98.64%
  15  COLST    5.56%    passed     68.30%
  16  CORBR   27.78%    passed     99.33%
  17  CUCCA    0.00%    passed     87.25%
  18  EGRGA   27.78%    passed     99.89%
  19  EURHE   27.78%    passed     99.89%
  20  FALPE    6.94%    passed     72.53%
  21  FULGL   27.78%    passed     99.89%
  22  GALGA    0.00%    passed     88.50%
  23  GAVST   27.78%    passed     99.89%
  24  GEOFO   27.78%    passed     99.89%
  25  HALAL   27.78%    passed     99.89%
  26  HALLE    0.00%    passed     88.31%
  27  LEPDI   27.78%    passed     99.94%
  28  MANVI   28.33%    passed     99.92%
  29  MELGA   27.78%    passed     99.70%
  30  MELUN   27.78%    passed     99.89%
  31  MERNU   27.78%    passed     99.89%
  32  MESUN   27.78%    passed     99.89%
  33  NESNO   27.78%    passed     99.89%
  34  NIPNI   27.78%    passed     99.94%
  35  OPHHO   27.78%    passed     99.89%
  36  PELCR   27.78%    passed     99.33%
  37  PHACA   27.78%    passed     99.97%
  38  PHALE   27.78%    passed     99.89%
  39  PHORU   27.78%    passed     99.89%
  40  PICPU   27.78%    passed     99.89%
  41  PODCR   29.72%    passed     99.21%
  42  PTEGU   27.78%    passed     99.94%
  43  PYGAD   27.78%    passed     99.89%
  44  STRCA   27.78%    passed     99.89%
  45  TAEGU    0.00%    passed     83.74%
  46  TAUER   27.78%    passed     99.89%
  47  TINMA   27.78%    passed     99.89%
  48  TYTAL   27.78%    passed     99.94%
****  TOTAL   24.75%  0 sequences failed composition chi2 test (p-value<5%; df=3)
NOTE: APTFO is identical to ACACH but kept for subsequent analysis
NOTE: CARCR is identical to APAVI but kept for subsequent analysis
NOTE: NIPNI is identical to LEPDI but kept for subsequent analysis
Checking for duplicate sequences: done in 0.000133991 secs using 814.2% CPU
Identifying sites to remove: done in 0.000115871 secs using 770.7% CPU
NOTE: 27 identical sequences (see below) will be ignored for subsequent analysis
NOTE: BALRE (identical to ACACH) is ignored but added at the end
NOTE: BUCRH (identical to ACACH) is ignored but added at the end
NOTE: CAPCA (identical to ACACH) is ignored but added at the end
NOTE: CATAU (identical to ACACH) is ignored but added at the end
NOTE: CHAVO (identical to ACACH) is ignored but added at the end
NOTE: EGRGA (identical to ACACH) is ignored but added at the end
NOTE: EURHE (identical to ACACH) is ignored but added at the end
NOTE: FULGL (identical to ACACH) is ignored but added at the end
NOTE: GAVST (identical to ACACH) is ignored but added at the end
NOTE: GEOFO (identical to ACACH) is ignored but added at the end
NOTE: HALAL (identical to ACACH) is ignored but added at the end
NOTE: MELUN (identical to ACACH) is ignored but added at the end
NOTE: MERNU (identical to ACACH) is ignored but added at the end
NOTE: MESUN (identical to ACACH) is ignored but added at the end
NOTE: NESNO (identical to ACACH) is ignored but added at the end
NOTE: OPHHO (identical to ACACH) is ignored but added at the end
NOTE: PHALE (identical to ACACH) is ignored but added at the end
NOTE: PHORU (identical to ACACH) is ignored but added at the end
NOTE: PICPU (identical to ACACH) is ignored but added at the end
NOTE: PYGAD (identical to ACACH) is ignored but added at the end
NOTE: STRCA (identical to ACACH) is ignored but added at the end
NOTE: TAUER (identical to ACACH) is ignored but added at the end
NOTE: TINMA (identical to ACACH) is ignored but added at the end
NOTE: CHAPE (identical to APAVI) is ignored but added at the end
NOTE: CHLUN (identical to APAVI) is ignored but added at the end
NOTE: PELCR (identical to APAVI) is ignored but added at the end
NOTE: TYTAL (identical to LEPDI) is ignored but added at the end
Alignment was printed to /workspace/IQTree_8_cores_JarvD5a_Results/exon_10294.uniqueseq.phy

For your convenience alignment with unique sequences printed to /workspace/IQTree_8_cores_JarvD5a_Results/exon_10294.uniqueseq.phy

Create initial parsimony tree by phylogenetic likelihood library (PLL)... 0.000 seconds
WARNING: 8 threads for alignment length 36 will slow down analysis

NOTE: 0 MB RAM (0 GB) is required!
WARNING: Number of threads seems too high for short alignments. Use -T AUTO to determine best number of threads.
Estimate model parameters (epsilon = 0.100)
1. Initial log-likelihood: -604.179
2. Current log-likelihood: -596.958
Optimal log-likelihood: -596.946
Rate parameters:  A-C: 55.94593  A-G: 100.00000  A-T: 19.37195  C-G: 18.19459  C-T: 28.73297  G-T: 1.00000
Warning! Some parameters hit the boundaries
Base frequencies:  A: 0.371  C: 0.250  G: 0.232  T: 0.148
Gamma shape alpha: 0.020
Parameters optimization took 2 rounds (0.017 sec)

WARNING: Estimated model parameters are at boundary that can cause numerical instability!

Wrote distance file to... 
Computing ML distances based on estimated model parameters...
Calculating distance matrix: done in 0.000342846 secs using 762.1% CPU
Computing ML distances took 0.000412 sec (of wall-clock time) 0.003021 sec (of CPU time)
Setting up auxiliary I and S matrices: done in 7.10487e-05 secs using 934.6% CPU
Constructing RapidNJ tree: done in 0.00103498 secs using 773.3% CPU
Computing RapidNJ tree took 0.001133 sec (of wall-clock time) 0.009086 sec (of CPU time)
Log-likelihood of RapidNJ tree: -595.245
--------------------------------------------------------------------
|             INITIALIZING CANDIDATE TREE SET                      |
--------------------------------------------------------------------
Generating 98 parsimony trees... 0.034 second
Computing log-likelihood of 98 initial trees ... 0.060 seconds
Current best score: -594.260

Do NNI search on 20 best initial trees
Estimate model parameters (epsilon = 0.100)

WARNING: Estimated model parameters are at boundary that can cause numerical instability!

BETTER TREE FOUND at iteration 1: -594.258
Iteration 10 / LogL: -594.658 / Time: 0h:0m:0s
Iteration 20 / LogL: -595.125 / Time: 0h:0m:0s
Finish initializing candidate tree set (20)
Current best tree score: -594.258 / CPU time: 0.205
Number of iterations: 20
--------------------------------------------------------------------
|               OPTIMIZING CANDIDATE TREE SET                      |
--------------------------------------------------------------------
BETTER TREE FOUND at iteration 25: -594.258
Iteration 30 / LogL: -604.633 / Time: 0h:0m:0s (0h:0m:1s left)
Iteration 40 / LogL: -598.365 / Time: 0h:0m:0s (0h:0m:0s left)
Iteration 50 / LogL: -594.260 / Time: 0h:0m:0s (0h:0m:0s left)
Iteration 60 / LogL: -594.259 / Time: 0h:0m:0s (0h:0m:0s left)
BETTER TREE FOUND at iteration 61: -594.258
BETTER TREE FOUND at iteration 68: -594.258
Iteration 70 / LogL: -594.262 / Time: 0h:0m:0s (0h:0m:1s left)
Iteration 80 / LogL: -594.259 / Time: 0h:0m:0s (0h:0m:1s left)
Iteration 90 / LogL: -594.261 / Time: 0h:0m:1s (0h:0m:0s left)
Iteration 100 / LogL: -594.259 / Time: 0h:0m:1s (0h:0m:0s left)
Iteration 110 / LogL: -594.262 / Time: 0h:0m:1s (0h:0m:0s left)
Iteration 120 / LogL: -594.258 / Time: 0h:0m:1s (0h:0m:0s left)
Iteration 130 / LogL: -599.055 / Time: 0h:0m:1s (0h:0m:0s left)
Iteration 140 / LogL: -594.260 / Time: 0h:0m:1s (0h:0m:0s left)
BETTER TREE FOUND at iteration 141: -594.258
Iteration 150 / LogL: -599.056 / Time: 0h:0m:2s (0h:0m:1s left)
Iteration 160 / LogL: -594.259 / Time: 0h:0m:2s (0h:0m:1s left)
Iteration 170 / LogL: -594.260 / Time: 0h:0m:2s (0h:0m:1s left)
Iteration 180 / LogL: -599.056 / Time: 0h:0m:2s (0h:0m:0s left)
Iteration 190 / LogL: -598.327 / Time: 0h:0m:3s (0h:0m:0s left)
Iteration 200 / LogL: -594.259 / Time: 0h:0m:3s (0h:0m:0s left)
Iteration 210 / LogL: -599.294 / Time: 0h:0m:3s (0h:0m:0s left)
Iteration 220 / LogL: -594.258 / Time: 0h:0m:3s (0h:0m:0s left)
Iteration 230 / LogL: -594.259 / Time: 0h:0m:3s (0h:0m:0s left)
Iteration 240 / LogL: -594.259 / Time: 0h:0m:3s (0h:0m:0s left)
TREE SEARCH COMPLETED AFTER 242 ITERATIONS / Time: 0h:0m:3s

--------------------------------------------------------------------
|                    FINALIZING TREE SEARCH                        |
--------------------------------------------------------------------
Performs final model parameters optimization
Estimate model parameters (epsilon = 0.010)
1. Initial log-likelihood: -594.258
Optimal log-likelihood: -594.258
Rate parameters:  A-C: 55.94676  A-G: 100.00000  A-T: 19.37161  C-G: 18.19239  C-T: 28.73294  G-T: 1.00000
Warning! Some parameters hit the boundaries
Base frequencies:  A: 0.371  C: 0.250  G: 0.232  T: 0.148
Gamma shape alpha: 0.020
Parameters optimization took 1 rounds (0.004 sec)

WARNING: Estimated model parameters are at boundary that can cause numerical instability!

BEST SCORE FOUND : -594.258
Total tree length: 0.060

Total number of iterations: 242
CPU time used for tree search: 26.705 sec (0h:0m:26s)
Wall-clock time used for tree search: 3.837 sec (0h:0m:3s)
Total CPU time used: 26.957 sec (0h:0m:26s)
Total wall-clock time used: 3.871 sec (0h:0m:3s)

Analysis results written to: 
  IQ-TREE report:                /workspace/IQTree_8_cores_JarvD5a_Results/exon_10294.iqtree
  Maximum-likelihood tree:       /workspace/IQTree_8_cores_JarvD5a_Results/exon_10294.treefile
  Likelihood distances:          /workspace/IQTree_8_cores_JarvD5a_Results/exon_10294.mldist
  Screen log file:               /workspace/IQTree_8_cores_JarvD5a_Results/exon_10294.log

Date and Time: Wed May 27 11:16:46 2026
