IQ-TREE version 3.1.2 for Linux x86 64-bit built May  7 2026
Developed by Bui Quang Minh, Thomas Wong, Nhan Ly-Trong, Huaiyan Ren
Contributed by Lam-Tung Nguyen, Dominik Schrempf, Chris Bielow,
Olga Chernomor, Michael Woodhams, Diep Thi Hoang, Heiko Schmidt

Host:    8084c4e79f09 (AVX512, FMA3, 1133 GB RAM)
Command: /workspace/iqtree-3.1.2-Linux/bin/iqtree3_intel -s /workspace/NeuralNJ/empirical/JarvD5a/exon_1149.fasta -st DNA -m GTR+G -T 8 -seed 2201 -pre /workspace/IQTree_8_cores_JarvD5a_Results/exon_1149 -quiet
Seed:    2201 (Using SPRNG - Scalable Parallel Random Number Generator)
Time:    Wed May 27 20:59:23 2026
Kernel:  AVX+FMA - 8 threads (384 CPU cores detected)

Reading alignment file /workspace/NeuralNJ/empirical/JarvD5a/exon_1149.fasta ... Fasta format detected
Reading fasta file: done in 0.000709057 secs
Alignment most likely contains DNA/RNA sequences
Constructing alignment: done in 0.00233912 secs using 689.8% CPU
Alignment has 45 sequences with 1058 columns, 411 distinct patterns
241 parsimony-informative, 140 singleton sites, 677 constant sites
       Gap/Ambiguity  Composition  p-value
Analyzing sequences: done in 1.62125e-05 secs using 203.5% CPU
   1  ACACH   69.75%    passed     12.01%
   2  ANAPL    6.62%    passed     94.62%
   3  APAVI    7.37%    passed     98.09%
   4  APTFO    6.43%    passed     99.19%
   5  BALRE    6.43%    passed     99.49%
   6  BUCRH    9.64%    passed     99.70%
   7  CALAN    6.43%    passed     98.92%
   8  CAPCA   10.21%    passed     97.94%
   9  CARCR    7.18%    passed     99.73%
  10  CATAU    6.43%    passed     98.71%
  11  CHAPE   69.75%    passed      6.75%
  12  CHAVO   69.75%    failed      4.59%
  13  CHLUN    7.18%    passed     90.44%
  14  COLLI    6.62%    passed     66.16%
  15  COLST    6.43%    passed     81.58%
  16  CORBR    6.62%    passed     98.85%
  17  CUCCA    6.43%    passed     98.59%
  18  EGRGA   10.02%    passed     91.48%
  19  EURHE    7.28%    passed     96.71%
  20  FALPE    7.94%    passed     99.05%
  21  GALGA    6.24%    passed     96.65%
  22  GAVST    7.75%    passed     98.19%
  23  GEOFO    7.94%    passed     87.94%
  24  HALAL    6.43%    passed     99.86%
  25  HALLE    6.43%    passed     99.65%
  26  LEPDI    9.26%    passed     98.29%
  27  MANVI    5.86%    passed     88.89%
  28  MELGA    6.24%    passed     95.87%
  29  MELUN    6.62%    passed     97.83%
  30  MERNU    6.24%    passed     96.55%
  31  NESNO    8.03%    passed     99.92%
  32  NIPNI    6.43%    passed     97.22%
  33  OPHHO    6.05%    passed     86.37%
  34  PELCR   38.75%    passed     16.59%
  35  PHACA    5.29%    passed     73.98%
  36  PHALE    7.94%    passed     95.84%
  37  PHORU    7.18%    passed     97.91%
  38  PICPU    6.43%    passed     95.71%
  39  PODCR    6.43%    passed     97.04%
  40  PTEGU    7.75%    passed     98.25%
  41  PYGAD    8.13%    passed     96.20%
  42  STRCA    6.43%    passed     82.27%
  43  TAUER    6.43%    passed     92.50%
  44  TINMA    6.99%    passed     88.23%
  45  TYTAL    6.71%    passed     86.51%
WARNING: 3 sequences contain more than 50% gaps/ambiguity
****  TOTAL   11.97%  1 sequences failed composition chi2 test (p-value<5%; df=3)
Checking for duplicate sequences: done in 0.000128031 secs using 795.1% CPU

Create initial parsimony tree by phylogenetic likelihood library (PLL)... 0.003 seconds

NOTE: 2 MB RAM (0 GB) is required!
WARNING: Number of threads seems too high for short alignments. Use -T AUTO to determine best number of threads.
Estimate model parameters (epsilon = 0.100)
1. Initial log-likelihood: -6981.762
2. Current log-likelihood: -6663.248
3. Current log-likelihood: -6660.778
Optimal log-likelihood: -6660.758
Rate parameters:  A-C: 1.13639  A-G: 4.07810  A-T: 0.81152  C-G: 1.66742  C-T: 2.92761  G-T: 1.00000
Base frequencies:  A: 0.289  C: 0.230  G: 0.227  T: 0.253
Gamma shape alpha: 0.297
Parameters optimization took 3 rounds (0.054 sec)
Wrote distance file to... 
Computing ML distances based on estimated model parameters...
Calculating distance matrix: done in 0.000705004 secs using 805.4% CPU
Computing ML distances took 0.000773 sec (of wall-clock time) 0.005947 sec (of CPU time)
Setting up auxiliary I and S matrices: done in 8.89301e-05 secs using 964.8% CPU
Constructing RapidNJ tree: done in 0.00246978 secs using 702.5% CPU
Computing RapidNJ tree took 0.002586 sec (of wall-clock time) 0.019773 sec (of CPU time)
Log-likelihood of RapidNJ tree: -6712.588
--------------------------------------------------------------------
|             INITIALIZING CANDIDATE TREE SET                      |
--------------------------------------------------------------------
Generating 98 parsimony trees... 0.175 second
Computing log-likelihood of 98 initial trees ... 0.404 seconds
Current best score: -6651.744

Do NNI search on 20 best initial trees
Estimate model parameters (epsilon = 0.100)
BETTER TREE FOUND at iteration 1: -6647.052
Estimate model parameters (epsilon = 0.100)
BETTER TREE FOUND at iteration 2: -6642.115
Iteration 10 / LogL: -6651.459 / Time: 0h:0m:1s
Iteration 20 / LogL: -6657.632 / Time: 0h:0m:2s
Finish initializing candidate tree set (20)
Current best tree score: -6642.115 / CPU time: 2.590
Number of iterations: 20
--------------------------------------------------------------------
|               OPTIMIZING CANDIDATE TREE SET                      |
--------------------------------------------------------------------
UPDATE BEST LOG-LIKELIHOOD: -6642.115
Iteration 30 / LogL: -6677.270 / Time: 0h:0m:3s (0h:0m:9s left)
Iteration 40 / LogL: -6645.023 / Time: 0h:0m:5s (0h:0m:8s left)
Estimate model parameters (epsilon = 0.100)
BETTER TREE FOUND at iteration 43: -6641.791
Iteration 50 / LogL: -6646.126 / Time: 0h:0m:6s (0h:0m:11s left)
Estimate model parameters (epsilon = 0.100)
BETTER TREE FOUND at iteration 58: -6640.887
Iteration 60 / LogL: -6649.583 / Time: 0h:0m:7s (0h:0m:12s left)
Estimate model parameters (epsilon = 0.100)
BETTER TREE FOUND at iteration 70: -6639.998
Iteration 70 / LogL: -6639.998 / Time: 0h:0m:8s (0h:0m:12s left)
UPDATE BEST LOG-LIKELIHOOD: -6639.998
Iteration 80 / LogL: -6641.819 / Time: 0h:0m:10s (0h:0m:11s left)
Estimate model parameters (epsilon = 0.100)
BETTER TREE FOUND at iteration 82: -6639.865
Iteration 90 / LogL: -6640.002 / Time: 0h:0m:11s (0h:0m:11s left)
Estimate model parameters (epsilon = 0.100)
BETTER TREE FOUND at iteration 92: -6638.530
Estimate model parameters (epsilon = 0.100)
BETTER TREE FOUND at iteration 96: -6637.562
Iteration 100 / LogL: -6643.821 / Time: 0h:0m:12s (0h:0m:12s left)
Iteration 110 / LogL: -6638.545 / Time: 0h:0m:14s (0h:0m:11s left)
Estimate model parameters (epsilon = 0.100)
BETTER TREE FOUND at iteration 114: -6636.541
Iteration 120 / LogL: -6638.380 / Time: 0h:0m:15s (0h:0m:12s left)
Iteration 130 / LogL: -6637.226 / Time: 0h:0m:16s (0h:0m:10s left)
Iteration 140 / LogL: -6675.736 / Time: 0h:0m:18s (0h:0m:9s left)
Iteration 150 / LogL: -6643.720 / Time: 0h:0m:19s (0h:0m:8s left)
Iteration 160 / LogL: -6636.978 / Time: 0h:0m:20s (0h:0m:7s left)
UPDATE BEST LOG-LIKELIHOOD: -6636.541
Iteration 170 / LogL: -6637.227 / Time: 0h:0m:22s (0h:0m:5s left)
Iteration 180 / LogL: -6636.541 / Time: 0h:0m:23s (0h:0m:4s left)
UPDATE BEST LOG-LIKELIHOOD: -6636.541
Iteration 190 / LogL: -6636.541 / Time: 0h:0m:24s (0h:0m:3s left)
UPDATE BEST LOG-LIKELIHOOD: -6636.540
Iteration 200 / LogL: -6641.407 / Time: 0h:0m:25s (0h:0m:1s left)
Iteration 210 / LogL: -6715.200 / Time: 0h:0m:27s (0h:0m:0s left)
UPDATE BEST LOG-LIKELIHOOD: -6636.540
TREE SEARCH COMPLETED AFTER 215 ITERATIONS / Time: 0h:0m:27s

--------------------------------------------------------------------
|                    FINALIZING TREE SEARCH                        |
--------------------------------------------------------------------
Performs final model parameters optimization
Estimate model parameters (epsilon = 0.010)
1. Initial log-likelihood: -6636.540
Optimal log-likelihood: -6636.539
Rate parameters:  A-C: 1.23475  A-G: 4.50740  A-T: 0.89326  C-G: 1.75701  C-T: 3.25191  G-T: 1.00000
Base frequencies:  A: 0.289  C: 0.230  G: 0.227  T: 0.253
Gamma shape alpha: 0.297
Parameters optimization took 1 rounds (0.009 sec)
BEST SCORE FOUND : -6636.539
Total tree length: 1.350

Total number of iterations: 215
CPU time used for tree search: 207.402 sec (0h:3m:27s)
Wall-clock time used for tree search: 27.855 sec (0h:0m:27s)
Total CPU time used: 208.175 sec (0h:3m:28s)
Total wall-clock time used: 27.951 sec (0h:0m:27s)

Analysis results written to: 
  IQ-TREE report:                /workspace/IQTree_8_cores_JarvD5a_Results/exon_1149.iqtree
  Maximum-likelihood tree:       /workspace/IQTree_8_cores_JarvD5a_Results/exon_1149.treefile
  Likelihood distances:          /workspace/IQTree_8_cores_JarvD5a_Results/exon_1149.mldist
  Screen log file:               /workspace/IQTree_8_cores_JarvD5a_Results/exon_1149.log

Date and Time: Wed May 27 20:59:51 2026
