IQ-TREE version 3.1.2 for Linux x86 64-bit built May  7 2026
Developed by Bui Quang Minh, Thomas Wong, Nhan Ly-Trong, Huaiyan Ren
Contributed by Lam-Tung Nguyen, Dominik Schrempf, Chris Bielow,
Olga Chernomor, Michael Woodhams, Diep Thi Hoang, Heiko Schmidt

Host:    8084c4e79f09 (AVX512, FMA3, 1133 GB RAM)
Command: /workspace/iqtree-3.1.2-Linux/bin/iqtree3_intel -s /workspace/NeuralNJ/empirical/JarvD5a/exon_1637.fasta -st DNA -m GTR+G -T 8 -seed 2201 -pre /workspace/IQTree_8_cores_JarvD5a_Results/exon_1637 -quiet
Seed:    2201 (Using SPRNG - Scalable Parallel Random Number Generator)
Time:    Thu May 28 14:43:28 2026
Kernel:  AVX+FMA - 8 threads (384 CPU cores detected)

Reading alignment file /workspace/NeuralNJ/empirical/JarvD5a/exon_1637.fasta ... Fasta format detected
Reading fasta file: done in 0.000220776 secs using 24.91% CPU
Alignment most likely contains DNA/RNA sequences
Constructing alignment: done in 0.000495911 secs using 224.2% CPU
Alignment has 46 sequences with 384 columns, 115 distinct patterns
20 parsimony-informative, 54 singleton sites, 310 constant sites
       Gap/Ambiguity  Composition  p-value
Analyzing sequences: done in 6.91414e-06 secs using 28.93% CPU
   1  ACACH   40.10%    passed     95.42%
   2  ANAPL   40.10%    passed     98.30%
   3  APTFO   40.10%    passed     98.72%
   4  BALRE   53.12%    passed     98.88%
   5  BUCRH   40.10%    passed     99.33%
   6  CALAN    3.65%    failed      3.16%
   7  CAPCA   53.12%    passed     99.78%
   8  CARCR   53.12%    passed     98.88%
   9  CATAU   46.35%    passed     94.10%
  10  CHAPE   40.10%    passed     93.28%
  11  CHAVO   40.10%    passed     97.77%
  12  CHLUN   41.67%    passed     93.60%
  13  COLLI    8.33%    passed     16.00%
  14  COLST   40.10%    passed     96.27%
  15  CORBR   40.10%    passed     96.17%
  16  CUCCA   53.12%    passed     99.75%
  17  EGRGA   40.10%    passed     98.72%
  18  EURHE   63.02%    passed     97.89%
  19  FALPE   53.12%    passed     99.36%
  20  FULGL   40.10%    passed     96.77%
  21  GALGA   16.15%    passed     67.85%
  22  GEOFO   53.12%    passed     87.42%
  23  HALAL   53.12%    passed     99.36%
  24  HALLE   40.10%    passed     99.33%
  25  LEPDI   40.10%    passed     98.72%
  26  MANVI   40.10%    passed     93.85%
  27  MELGA   46.88%    passed     91.95%
  28  MELUN    8.85%    passed     90.45%
  29  MERNU   40.62%    passed     96.83%
  30  MESUN   25.52%    passed     59.59%
  31  NESNO   40.10%    passed     98.72%
  32  NIPNI   40.10%    passed     98.72%
  33  OPHHO   40.10%    passed     97.68%
  34  PELCR   53.12%    passed     98.79%
  35  PHACA   53.12%    passed     98.88%
  36  PHALE   40.10%    passed     99.34%
  37  PHORU   53.12%    passed     99.78%
  38  PICPU   22.14%    passed     99.14%
  39  PODCR   40.62%    passed     99.21%
  40  PTEGU   53.12%    passed     98.88%
  41  PYGAD   40.10%    passed     98.72%
  42  STRCA   40.10%    passed     98.59%
  43  TAEGU   50.52%    passed     76.83%
  44  TAUER   40.10%    passed     98.72%
  45  TINMA   53.12%    passed     99.11%
  46  TYTAL   53.12%    passed     98.88%
WARNING: 15 sequences contain more than 50% gaps/ambiguity
****  TOTAL   41.46%  1 sequences failed composition chi2 test (p-value<5%; df=3)
NOTE: EGRGA is identical to APTFO but kept for subsequent analysis
NOTE: CARCR is identical to BALRE but kept for subsequent analysis
NOTE: PHORU is identical to CAPCA but kept for subsequent analysis
Checking for duplicate sequences: done in 0.000121117 secs using 663% CPU
Identifying sites to remove: done in 0.000106096 secs using 797.4% CPU
NOTE: 6 identical sequences (see below) will be ignored for subsequent analysis
NOTE: LEPDI (identical to APTFO) is ignored but added at the end
NOTE: NIPNI (identical to APTFO) is ignored but added at the end
NOTE: PYGAD (identical to APTFO) is ignored but added at the end
NOTE: TAUER (identical to APTFO) is ignored but added at the end
NOTE: PTEGU (identical to BALRE) is ignored but added at the end
NOTE: TYTAL (identical to BALRE) is ignored but added at the end
Alignment was printed to /workspace/IQTree_8_cores_JarvD5a_Results/exon_1637.uniqueseq.phy

For your convenience alignment with unique sequences printed to /workspace/IQTree_8_cores_JarvD5a_Results/exon_1637.uniqueseq.phy

Create initial parsimony tree by phylogenetic likelihood library (PLL)... 0.001 seconds

NOTE: 0 MB RAM (0 GB) is required!
WARNING: Number of threads seems too high for short alignments. Use -T AUTO to determine best number of threads.
Estimate model parameters (epsilon = 0.100)
1. Initial log-likelihood: -1196.413
2. Current log-likelihood: -1124.406
3. Current log-likelihood: -1120.740
Optimal log-likelihood: -1120.714
Rate parameters:  A-C: 1.20397  A-G: 1.03787  A-T: 0.00010  C-G: 2.00279  C-T: 3.59136  G-T: 1.00000
Warning! Some parameters hit the boundaries
Base frequencies:  A: 0.284  C: 0.258  G: 0.234  T: 0.224
Gamma shape alpha: 0.137
Parameters optimization took 3 rounds (0.035 sec)
Wrote distance file to... 
Computing ML distances based on estimated model parameters...
Calculating distance matrix: done in 0.000738144 secs using 745.4% CPU
Computing ML distances took 0.000772 sec (of wall-clock time) 0.005623 sec (of CPU time)
Setting up auxiliary I and S matrices: done in 9.41753e-05 secs using 1155% CPU
Constructing RapidNJ tree: done in 0.00210309 secs using 583% CPU
Computing RapidNJ tree took 0.002227 sec (of wall-clock time) 0.015331 sec (of CPU time)
Log-likelihood of RapidNJ tree: -1122.668
--------------------------------------------------------------------
|             INITIALIZING CANDIDATE TREE SET                      |
--------------------------------------------------------------------
Generating 98 parsimony trees... 0.060 second
Computing log-likelihood of 98 initial trees ... 0.274 seconds
Current best score: -1120.714

Do NNI search on 20 best initial trees
Estimate model parameters (epsilon = 0.100)
BETTER TREE FOUND at iteration 1: -1120.366
Estimate model parameters (epsilon = 0.100)
BETTER TREE FOUND at iteration 3: -1119.040
Iteration 10 / LogL: -1124.554 / Time: 0h:0m:1s
Estimate model parameters (epsilon = 0.100)
BETTER TREE FOUND at iteration 20: -1118.656
Iteration 20 / LogL: -1118.656 / Time: 0h:0m:2s
Finish initializing candidate tree set (20)
Current best tree score: -1118.656 / CPU time: 2.039
Number of iterations: 20
--------------------------------------------------------------------
|               OPTIMIZING CANDIDATE TREE SET                      |
--------------------------------------------------------------------
BETTER TREE FOUND at iteration 25: -1118.655
Estimate model parameters (epsilon = 0.100)
BETTER TREE FOUND at iteration 27: -1118.593
Iteration 30 / LogL: -1118.892 / Time: 0h:0m:3s (0h:0m:10s left)
BETTER TREE FOUND at iteration 35: -1118.591
BETTER TREE FOUND at iteration 36: -1118.585
Iteration 40 / LogL: -1123.335 / Time: 0h:0m:4s (0h:0m:10s left)
BETTER TREE FOUND at iteration 41: -1118.579
Iteration 50 / LogL: -1118.596 / Time: 0h:0m:5s (0h:0m:9s left)
Iteration 60 / LogL: -1123.873 / Time: 0h:0m:6s (0h:0m:8s left)
Iteration 70 / LogL: -1120.429 / Time: 0h:0m:7s (0h:0m:7s left)
Estimate model parameters (epsilon = 0.100)
BETTER TREE FOUND at iteration 75: -1118.509
BETTER TREE FOUND at iteration 77: -1118.508
Iteration 80 / LogL: -1118.567 / Time: 0h:0m:8s (0h:0m:10s left)
BETTER TREE FOUND at iteration 81: -1118.507
Iteration 90 / LogL: -1118.538 / Time: 0h:0m:9s (0h:0m:9s left)
Iteration 100 / LogL: -1118.752 / Time: 0h:0m:10s (0h:0m:8s left)
Estimate model parameters (epsilon = 0.100)
BETTER TREE FOUND at iteration 102: -1117.516
Iteration 110 / LogL: -1118.900 / Time: 0h:0m:11s (0h:0m:9s left)
Estimate model parameters (epsilon = 0.100)
BETTER TREE FOUND at iteration 116: -1117.341
Iteration 120 / LogL: -1120.801 / Time: 0h:0m:12s (0h:0m:10s left)
Iteration 130 / LogL: -1117.369 / Time: 0h:0m:13s (0h:0m:8s left)
BETTER TREE FOUND at iteration 131: -1117.341
Iteration 140 / LogL: -1117.413 / Time: 0h:0m:14s (0h:0m:9s left)
Iteration 150 / LogL: -1120.036 / Time: 0h:0m:15s (0h:0m:8s left)
BETTER TREE FOUND at iteration 155: -1117.341
Iteration 160 / LogL: -1117.501 / Time: 0h:0m:16s (0h:0m:9s left)
BETTER TREE FOUND at iteration 167: -1117.340
Iteration 170 / LogL: -1117.341 / Time: 0h:0m:17s (0h:0m:10s left)
Iteration 180 / LogL: -1117.353 / Time: 0h:0m:18s (0h:0m:9s left)
Iteration 190 / LogL: -1117.353 / Time: 0h:0m:19s (0h:0m:8s left)
Iteration 200 / LogL: -1118.221 / Time: 0h:0m:20s (0h:0m:7s left)
Iteration 210 / LogL: -1119.932 / Time: 0h:0m:22s (0h:0m:6s left)
Iteration 220 / LogL: -1117.340 / Time: 0h:0m:22s (0h:0m:4s left)
BETTER TREE FOUND at iteration 230: -1117.340
Iteration 230 / LogL: -1117.340 / Time: 0h:0m:23s (0h:0m:10s left)
Iteration 240 / LogL: -1117.357 / Time: 0h:0m:25s (0h:0m:9s left)
Iteration 250 / LogL: -1117.341 / Time: 0h:0m:26s (0h:0m:8s left)
Iteration 260 / LogL: -1118.893 / Time: 0h:0m:27s (0h:0m:7s left)
Iteration 270 / LogL: -1121.148 / Time: 0h:0m:28s (0h:0m:6s left)
Iteration 280 / LogL: -1118.873 / Time: 0h:0m:29s (0h:0m:5s left)
Iteration 290 / LogL: -1117.341 / Time: 0h:0m:30s (0h:0m:4s left)
Iteration 300 / LogL: -1117.368 / Time: 0h:0m:31s (0h:0m:3s left)
Iteration 310 / LogL: -1117.341 / Time: 0h:0m:32s (0h:0m:2s left)
Iteration 320 / LogL: -1117.340 / Time: 0h:0m:33s (0h:0m:1s left)
Iteration 330 / LogL: -1120.351 / Time: 0h:0m:34s (0h:0m:0s left)
TREE SEARCH COMPLETED AFTER 331 ITERATIONS / Time: 0h:0m:34s

--------------------------------------------------------------------
|                    FINALIZING TREE SEARCH                        |
--------------------------------------------------------------------
Performs final model parameters optimization
Estimate model parameters (epsilon = 0.010)
1. Initial log-likelihood: -1117.340
Optimal log-likelihood: -1117.334
Rate parameters:  A-C: 1.34404  A-G: 0.93827  A-T: 0.00010  C-G: 1.91422  C-T: 3.32238  G-T: 1.00000
Warning! Some parameters hit the boundaries
Base frequencies:  A: 0.284  C: 0.258  G: 0.234  T: 0.224
Gamma shape alpha: 0.144
Parameters optimization took 1 rounds (0.008 sec)
BEST SCORE FOUND : -1117.334
Total tree length: 0.770

Total number of iterations: 331
CPU time used for tree search: 276.205 sec (0h:4m:36s)
Wall-clock time used for tree search: 34.551 sec (0h:0m:34s)
Total CPU time used: 276.795 sec (0h:4m:36s)
Total wall-clock time used: 34.624 sec (0h:0m:34s)

Analysis results written to: 
  IQ-TREE report:                /workspace/IQTree_8_cores_JarvD5a_Results/exon_1637.iqtree
  Maximum-likelihood tree:       /workspace/IQTree_8_cores_JarvD5a_Results/exon_1637.treefile
  Likelihood distances:          /workspace/IQTree_8_cores_JarvD5a_Results/exon_1637.mldist
  Screen log file:               /workspace/IQTree_8_cores_JarvD5a_Results/exon_1637.log

Date and Time: Thu May 28 14:44:02 2026
