IQ-TREE version 3.1.2 for Linux x86 64-bit built May  7 2026
Developed by Bui Quang Minh, Thomas Wong, Nhan Ly-Trong, Huaiyan Ren
Contributed by Lam-Tung Nguyen, Dominik Schrempf, Chris Bielow,
Olga Chernomor, Michael Woodhams, Diep Thi Hoang, Heiko Schmidt

Host:    8084c4e79f09 (AVX512, FMA3, 1133 GB RAM)
Command: /workspace/iqtree-3.1.2-Linux/bin/iqtree3_intel -s /workspace/NeuralNJ/empirical/JarvD5a/exon_10455.fasta -st DNA -m GTR+G -T 8 -seed 2201 -pre /workspace/IQTree_8_cores_JarvD5a_Results/exon_10455 -quiet
Seed:    2201 (Using SPRNG - Scalable Parallel Random Number Generator)
Time:    Wed May 27 12:34:14 2026
Kernel:  AVX+FMA - 8 threads (384 CPU cores detected)

Reading alignment file /workspace/NeuralNJ/empirical/JarvD5a/exon_10455.fasta ... Fasta format detected
Reading fasta file: done in 0.00150609 secs using 31.01% CPU
Alignment most likely contains DNA/RNA sequences
Constructing alignment: done in 0.00578713 secs using 799.9% CPU
Alignment has 42 sequences with 4124 columns, 1075 distinct patterns
489 parsimony-informative, 587 singleton sites, 3048 constant sites
       Gap/Ambiguity  Composition  p-value
Analyzing sequences: done in 3.40939e-05 secs using 161.3% CPU
   1  ACACH    0.63%    passed     99.75%
   2  ANAPL    0.63%    passed     98.19%
   3  APAVI    0.63%    passed     99.45%
   4  APTFO    1.12%    passed     96.73%
   5  BALRE    0.63%    passed     99.79%
   6  BUCRH    0.68%    passed     85.95%
   7  CALAN    0.78%    passed     98.55%
   8  CARCR   47.72%    passed     39.39%
   9  CATAU   19.50%    passed     59.24%
  10  CHAPE    0.63%    passed     98.77%
  11  CHAVO    0.63%    passed     98.12%
  12  COLLI    0.63%    passed     99.73%
  13  CORBR    1.16%    passed     93.44%
  14  CUCCA    0.68%    passed     96.16%
  15  EGRGA    0.63%    passed     99.61%
  16  FALPE    0.63%    passed     99.85%
  17  FULGL    0.63%    passed     99.84%
  18  GALGA    0.63%    passed     88.12%
  19  GAVST    0.63%    passed     95.79%
  20  GEOFO    0.39%    passed     96.52%
  21  HALAL   47.72%    passed     41.23%
  22  HALLE    0.63%    passed     96.46%
  23  MANVI    2.67%    passed     98.26%
  24  MELGA    9.65%    passed     55.34%
  25  MELUN    0.63%    passed     94.47%
  26  MERNU   26.24%    passed     66.12%
  27  MESUN    0.68%    passed     99.88%
  28  NESNO    0.63%    passed     97.97%
  29  NIPNI    0.87%    passed     99.34%
  30  OPHHO    0.63%    passed     98.12%
  31  PELCR   15.71%    passed     86.62%
  32  PHACA   47.14%    passed     58.40%
  33  PHALE    0.68%    passed     99.47%
  34  PHORU    0.73%    passed     99.50%
  35  PICPU    0.73%    passed     84.23%
  36  PODCR   45.05%    passed     77.32%
  37  PTEGU   14.94%    passed     34.96%
  38  PYGAD    0.58%    passed     97.06%
  39  STRCA    0.63%    passed     99.94%
  40  TAEGU    0.63%    passed     94.40%
  41  TINMA   22.45%    passed     22.52%
  42  TYTAL   41.32%    passed     85.24%
****  TOTAL    8.58%  0 sequences failed composition chi2 test (p-value<5%; df=3)
Checking for duplicate sequences: done in 0.000179052 secs using 799.8% CPU

Create initial parsimony tree by phylogenetic likelihood library (PLL)... 0.003 seconds

NOTE: 5 MB RAM (0 GB) is required!
Estimate model parameters (epsilon = 0.100)
1. Initial log-likelihood: -18698.669
2. Current log-likelihood: -17881.632
3. Current log-likelihood: -17879.409
Optimal log-likelihood: -17879.396
Rate parameters:  A-C: 1.20885  A-G: 5.25771  A-T: 0.76443  C-G: 1.57713  C-T: 5.12111  G-T: 1.00000
Base frequencies:  A: 0.257  C: 0.240  G: 0.246  T: 0.256
Gamma shape alpha: 0.250
Parameters optimization took 3 rounds (0.085 sec)
Wrote distance file to... 
Computing ML distances based on estimated model parameters...
Calculating distance matrix: done in 0.00092411 secs using 799% CPU
Computing ML distances took 0.001045 sec (of wall-clock time) 0.008161 sec (of CPU time)
Setting up auxiliary I and S matrices: done in 0.000181913 secs using 1141% CPU
Constructing RapidNJ tree: done in 0.00243711 secs using 815.8% CPU
Computing RapidNJ tree took 0.002757 sec (of wall-clock time) 0.025215 sec (of CPU time)
Log-likelihood of RapidNJ tree: -17938.729
--------------------------------------------------------------------
|             INITIALIZING CANDIDATE TREE SET                      |
--------------------------------------------------------------------
Generating 98 parsimony trees... 0.419 second
Computing log-likelihood of 98 initial trees ... 0.565 seconds
Current best score: -17873.055

Do NNI search on 20 best initial trees
Estimate model parameters (epsilon = 0.100)
BETTER TREE FOUND at iteration 1: -17864.279
Iteration 10 / LogL: -17879.792 / Time: 0h:0m:1s
Iteration 20 / LogL: -17883.685 / Time: 0h:0m:2s
Finish initializing candidate tree set (20)
Current best tree score: -17864.279 / CPU time: 2.545
Number of iterations: 20
--------------------------------------------------------------------
|               OPTIMIZING CANDIDATE TREE SET                      |
--------------------------------------------------------------------
Iteration 30 / LogL: -17870.105 / Time: 0h:0m:3s (0h:0m:9s left)
Iteration 40 / LogL: -17864.283 / Time: 0h:0m:5s (0h:0m:8s left)
Iteration 50 / LogL: -17865.385 / Time: 0h:0m:6s (0h:0m:6s left)
Iteration 60 / LogL: -17869.567 / Time: 0h:0m:7s (0h:0m:5s left)
Iteration 70 / LogL: -17865.005 / Time: 0h:0m:9s (0h:0m:4s left)
Iteration 80 / LogL: -17864.293 / Time: 0h:0m:10s (0h:0m:2s left)
Iteration 90 / LogL: -17869.248 / Time: 0h:0m:11s (0h:0m:1s left)
Iteration 100 / LogL: -17872.796 / Time: 0h:0m:13s (0h:0m:0s left)
TREE SEARCH COMPLETED AFTER 102 ITERATIONS / Time: 0h:0m:13s

--------------------------------------------------------------------
|                    FINALIZING TREE SEARCH                        |
--------------------------------------------------------------------
Performs final model parameters optimization
Estimate model parameters (epsilon = 0.010)
1. Initial log-likelihood: -17864.279
2. Current log-likelihood: -17864.268
Optimal log-likelihood: -17864.266
Rate parameters:  A-C: 1.20623  A-G: 5.26918  A-T: 0.75084  C-G: 1.58129  C-T: 5.05838  G-T: 1.00000
Base frequencies:  A: 0.257  C: 0.240  G: 0.246  T: 0.256
Gamma shape alpha: 0.249
Parameters optimization took 2 rounds (0.024 sec)
BEST SCORE FOUND : -17864.266
Total tree length: 0.597

Total number of iterations: 102
CPU time used for tree search: 94.028 sec (0h:1m:34s)
Wall-clock time used for tree search: 13.193 sec (0h:0m:13s)
Total CPU time used: 95.215 sec (0h:1m:35s)
Total wall-clock time used: 13.342 sec (0h:0m:13s)

Analysis results written to: 
  IQ-TREE report:                /workspace/IQTree_8_cores_JarvD5a_Results/exon_10455.iqtree
  Maximum-likelihood tree:       /workspace/IQTree_8_cores_JarvD5a_Results/exon_10455.treefile
  Likelihood distances:          /workspace/IQTree_8_cores_JarvD5a_Results/exon_10455.mldist
  Screen log file:               /workspace/IQTree_8_cores_JarvD5a_Results/exon_10455.log

Date and Time: Wed May 27 12:34:27 2026
