IQ-TREE version 3.1.2 for Linux x86 64-bit built May  7 2026
Developed by Bui Quang Minh, Thomas Wong, Nhan Ly-Trong, Huaiyan Ren
Contributed by Lam-Tung Nguyen, Dominik Schrempf, Chris Bielow,
Olga Chernomor, Michael Woodhams, Diep Thi Hoang, Heiko Schmidt

Host:    8084c4e79f09 (AVX512, FMA3, 1133 GB RAM)
Command: /workspace/iqtree-3.1.2-Linux/bin/iqtree3_intel -s /workspace/NeuralNJ/empirical/JarvD5a/exon_12748.fasta -st DNA -m GTR+G -T 8 -seed 2201 -pre /workspace/IQTree_8_cores_JarvD5a_Results/exon_12748 -quiet
Seed:    2201 (Using SPRNG - Scalable Parallel Random Number Generator)
Time:    Thu May 28 04:05:57 2026
Kernel:  AVX+FMA - 8 threads (384 CPU cores detected)

Reading alignment file /workspace/NeuralNJ/empirical/JarvD5a/exon_12748.fasta ... Fasta format detected
Reading fasta file: done in 0.00036788 secs using 14.14% CPU
Alignment most likely contains DNA/RNA sequences
Constructing alignment: done in 0.00141215 secs using 548.5% CPU
Alignment has 45 sequences with 808 columns, 398 distinct patterns
193 parsimony-informative, 152 singleton sites, 462 constant sites
       Gap/Ambiguity  Composition  p-value
Analyzing sequences: done in 1.40667e-05 secs using 99.53% CPU
   1  ACACH   50.25%    passed     50.87%
   2  ANAPL    7.67%    passed     92.71%
   3  APAVI    8.91%    passed     95.26%
   4  APTFO    7.43%    passed     97.72%
   5  BALRE   21.78%    passed     88.73%
   6  BUCRH   21.04%    passed     89.97%
   7  CALAN    8.66%    passed     93.04%
   8  CAPCA   50.50%    passed     31.83%
   9  CARCR   48.76%    passed     72.41%
  10  CATAU   49.26%    passed     71.94%
  11  CHAPE    7.18%    passed     66.18%
  12  CHAVO    7.43%    passed     96.46%
  13  CHLUN    8.91%    passed     91.60%
  14  COLLI    7.67%    passed     77.96%
  15  COLST    8.17%    passed     86.73%
  16  CORBR    6.19%    passed     91.65%
  17  CUCCA    6.44%    passed     87.11%
  18  EGRGA    7.67%    passed     95.61%
  19  EURHE    9.90%    passed     99.37%
  20  FALPE    7.67%    passed     98.16%
  21  FULGL    6.68%    passed     97.58%
  22  GALGA    8.91%    passed     91.97%
  23  GAVST   23.02%    passed     66.93%
  24  GEOFO    7.18%    passed     96.56%
  25  HALAL   50.99%    passed     60.26%
  26  HALLE    9.16%    passed     94.49%
  27  LEPDI    9.16%    passed     73.02%
  28  MANVI    7.92%    passed     92.82%
  29  MELGA    6.93%    passed     99.89%
  30  MELUN    9.41%    passed     97.98%
  31  MESUN   49.75%    passed     62.10%
  32  NIPNI    6.93%    passed     98.18%
  33  OPHHO    8.91%    passed     98.22%
  34  PELCR    7.43%    passed     94.11%
  35  PHACA    6.19%    passed     97.42%
  36  PHORU   26.73%    passed     74.20%
  37  PICPU    9.16%    passed     89.31%
  38  PODCR   50.25%    passed     28.30%
  39  PTEGU    7.67%    passed     99.70%
  40  PYGAD    7.43%    passed     99.96%
  41  STRCA    5.94%    passed     82.31%
  42  TAEGU    5.20%    passed     79.77%
  43  TAUER    6.68%    passed     95.52%
  44  TINMA    4.70%    passed     92.84%
  45  TYTAL    6.68%    passed     90.56%
WARNING: 4 sequences contain more than 50% gaps/ambiguity
****  TOTAL   15.57%  0 sequences failed composition chi2 test (p-value<5%; df=3)
Checking for duplicate sequences: done in 0.00013113 secs using 800% CPU

Create initial parsimony tree by phylogenetic likelihood library (PLL)... 0.002 seconds

NOTE: 2 MB RAM (0 GB) is required!
WARNING: Number of threads seems too high for short alignments. Use -T AUTO to determine best number of threads.
Estimate model parameters (epsilon = 0.100)
1. Initial log-likelihood: -5692.879
2. Current log-likelihood: -5432.828
3. Current log-likelihood: -5430.412
Optimal log-likelihood: -5430.388
Rate parameters:  A-C: 1.14849  A-G: 3.99208  A-T: 0.58522  C-G: 1.75088  C-T: 4.84810  G-T: 1.00000
Base frequencies:  A: 0.355  C: 0.208  G: 0.226  T: 0.211
Gamma shape alpha: 0.425
Parameters optimization took 3 rounds (0.062 sec)
Wrote distance file to... 
Computing ML distances based on estimated model parameters...
Calculating distance matrix: done in 0.000639915 secs using 783.7% CPU
Computing ML distances took 0.000711 sec (of wall-clock time) 0.005372 sec (of CPU time)
Setting up auxiliary I and S matrices: done in 0.000234842 secs using 952.6% CPU
Constructing RapidNJ tree: done in 0.00268698 secs using 887.5% CPU
Computing RapidNJ tree took 0.002978 sec (of wall-clock time) 0.027356 sec (of CPU time)
Log-likelihood of RapidNJ tree: -5461.500
--------------------------------------------------------------------
|             INITIALIZING CANDIDATE TREE SET                      |
--------------------------------------------------------------------
Generating 98 parsimony trees... 0.202 second
Computing log-likelihood of 98 initial trees ... 0.506 seconds
Current best score: -5382.726

Do NNI search on 20 best initial trees
Estimate model parameters (epsilon = 0.100)
BETTER TREE FOUND at iteration 1: -5377.335
Estimate model parameters (epsilon = 0.100)
BETTER TREE FOUND at iteration 9: -5377.028
Iteration 10 / LogL: -5382.459 / Time: 0h:0m:1s
Estimate model parameters (epsilon = 0.100)
BETTER TREE FOUND at iteration 12: -5375.389
Estimate model parameters (epsilon = 0.100)
BETTER TREE FOUND at iteration 18: -5374.882
Iteration 20 / LogL: -5387.835 / Time: 0h:0m:2s
Finish initializing candidate tree set (20)
Current best tree score: -5374.882 / CPU time: 2.661
Number of iterations: 20
--------------------------------------------------------------------
|               OPTIMIZING CANDIDATE TREE SET                      |
--------------------------------------------------------------------
Estimate model parameters (epsilon = 0.100)
BETTER TREE FOUND at iteration 23: -5372.096
Estimate model parameters (epsilon = 0.100)
BETTER TREE FOUND at iteration 29: -5370.908
Iteration 30 / LogL: -5379.900 / Time: 0h:0m:3s (0h:0m:13s left)
Iteration 40 / LogL: -5375.858 / Time: 0h:0m:5s (0h:0m:11s left)
Estimate model parameters (epsilon = 0.100)
BETTER TREE FOUND at iteration 50: -5370.502
Iteration 50 / LogL: -5370.502 / Time: 0h:0m:6s (0h:0m:12s left)
Estimate model parameters (epsilon = 0.100)
BETTER TREE FOUND at iteration 59: -5369.089
Iteration 60 / LogL: -5378.693 / Time: 0h:0m:7s (0h:0m:12s left)
Iteration 70 / LogL: -5372.151 / Time: 0h:0m:8s (0h:0m:11s left)
BETTER TREE FOUND at iteration 74: -5369.089
Estimate model parameters (epsilon = 0.100)
BETTER TREE FOUND at iteration 76: -5368.940
BETTER TREE FOUND at iteration 77: -5368.940
BETTER TREE FOUND at iteration 78: -5368.939
Iteration 80 / LogL: -5369.089 / Time: 0h:0m:9s (0h:0m:12s left)
Estimate model parameters (epsilon = 0.100)
BETTER TREE FOUND at iteration 83: -5368.286
BETTER TREE FOUND at iteration 87: -5368.285
Iteration 90 / LogL: -5368.948 / Time: 0h:0m:11s (0h:0m:12s left)
Iteration 100 / LogL: -5368.948 / Time: 0h:0m:12s (0h:0m:10s left)
UPDATE BEST LOG-LIKELIHOOD: -5368.285
Iteration 110 / LogL: -5368.853 / Time: 0h:0m:13s (0h:0m:9s left)
UPDATE BEST LOG-LIKELIHOOD: -5368.285
Iteration 120 / LogL: -5368.286 / Time: 0h:0m:14s (0h:0m:8s left)
Iteration 130 / LogL: -5368.286 / Time: 0h:0m:15s (0h:0m:6s left)
Iteration 140 / LogL: -5368.286 / Time: 0h:0m:16s (0h:0m:5s left)
Iteration 150 / LogL: -5368.286 / Time: 0h:0m:18s (0h:0m:4s left)
Iteration 160 / LogL: -5368.286 / Time: 0h:0m:19s (0h:0m:3s left)
Iteration 170 / LogL: -5376.685 / Time: 0h:0m:20s (0h:0m:2s left)
UPDATE BEST LOG-LIKELIHOOD: -5368.285
Iteration 180 / LogL: -5369.932 / Time: 0h:0m:21s (0h:0m:0s left)
UPDATE BEST LOG-LIKELIHOOD: -5368.285
TREE SEARCH COMPLETED AFTER 188 ITERATIONS / Time: 0h:0m:22s

--------------------------------------------------------------------
|                    FINALIZING TREE SEARCH                        |
--------------------------------------------------------------------
Performs final model parameters optimization
Estimate model parameters (epsilon = 0.010)
1. Initial log-likelihood: -5368.285
Optimal log-likelihood: -5368.284
Rate parameters:  A-C: 1.19194  A-G: 4.18730  A-T: 0.66670  C-G: 1.72532  C-T: 4.83735  G-T: 1.00000
Base frequencies:  A: 0.355  C: 0.208  G: 0.226  T: 0.211
Gamma shape alpha: 0.436
Parameters optimization took 1 rounds (0.008 sec)
BEST SCORE FOUND : -5368.284
Total tree length: 1.331

Total number of iterations: 188
CPU time used for tree search: 166.898 sec (0h:2m:46s)
Wall-clock time used for tree search: 22.430 sec (0h:0m:22s)
Total CPU time used: 167.777 sec (0h:2m:47s)
Total wall-clock time used: 22.539 sec (0h:0m:22s)

Analysis results written to: 
  IQ-TREE report:                /workspace/IQTree_8_cores_JarvD5a_Results/exon_12748.iqtree
  Maximum-likelihood tree:       /workspace/IQTree_8_cores_JarvD5a_Results/exon_12748.treefile
  Likelihood distances:          /workspace/IQTree_8_cores_JarvD5a_Results/exon_12748.mldist
  Screen log file:               /workspace/IQTree_8_cores_JarvD5a_Results/exon_12748.log

Date and Time: Thu May 28 04:06:20 2026
