IQ-TREE version 3.1.2 for Linux x86 64-bit built May  7 2026
Developed by Bui Quang Minh, Thomas Wong, Nhan Ly-Trong, Huaiyan Ren
Contributed by Lam-Tung Nguyen, Dominik Schrempf, Chris Bielow,
Olga Chernomor, Michael Woodhams, Diep Thi Hoang, Heiko Schmidt

Host:    8084c4e79f09 (AVX512, FMA3, 1133 GB RAM)
Command: /workspace/iqtree-3.1.2-Linux/bin/iqtree3_intel -s /workspace/NeuralNJ/empirical/JarvD5a/exon_1241.fasta -st DNA -m GTR+G -T 8 -seed 2201 -pre /workspace/IQTree_8_cores_JarvD5a_Results/exon_1241 -quiet
Seed:    2201 (Using SPRNG - Scalable Parallel Random Number Generator)
Time:    Thu May 28 01:54:16 2026
Kernel:  AVX+FMA - 8 threads (384 CPU cores detected)

Reading alignment file /workspace/NeuralNJ/empirical/JarvD5a/exon_1241.fasta ... Fasta format detected
Reading fasta file: done in 0.0014329 secs using 10.33% CPU
Alignment most likely contains DNA/RNA sequences
Constructing alignment: done in 0.0046351 secs using 723.7% CPU
WARNING: 7 sites contain only gaps or ambiguous characters.
Alignment has 45 sequences with 2138 columns, 1186 distinct patterns
751 parsimony-informative, 365 singleton sites, 1022 constant sites
       Gap/Ambiguity  Composition  p-value
Analyzing sequences: done in 3.50475e-05 secs using 513.6% CPU
   1  ACACH    3.84%    passed     46.70%
   2  ANAPL    2.06%    passed     98.14%
   3  APAVI   20.16%    passed     94.19%
   4  APTFO    9.26%    passed     97.46%
   5  BALRE   27.03%    passed     22.74%
   6  BUCRH   26.89%    passed     97.18%
   7  CALAN    4.30%    passed     92.81%
   8  CAPCA    2.20%    passed     67.17%
   9  CARCR   42.89%    passed     30.65%
  10  CATAU   26.75%    passed     76.69%
  11  CHAPE    9.73%    passed     48.96%
  12  CHAVO    4.68%    passed     95.85%
  13  CHLUN   21.19%    passed     83.18%
  14  COLLI    9.64%    passed     70.92%
  15  COLST   43.08%    passed     23.98%
  16  CORBR    4.68%    passed     86.23%
  17  CUCCA    9.92%    passed     46.42%
  18  EGRGA    4.58%    passed     87.17%
  19  EURHE    2.25%    passed     95.37%
  20  FALPE    5.05%    passed     78.45%
  21  FULGL   22.54%    passed     49.93%
  22  GALGA    6.55%    passed      5.21%
  23  GAVST   27.22%    passed     72.74%
  24  GEOFO    6.45%    passed     28.61%
  25  HALAL   26.89%    passed     95.12%
  26  HALLE    9.17%    passed     99.03%
  27  MANVI    6.27%    passed     38.68%
  28  MELGA    6.55%    failed      2.58%
  29  MELUN    7.30%    passed     87.04%
  30  MERNU    4.86%    passed     98.56%
  31  NESNO   26.29%    passed     63.52%
  32  NIPNI    9.82%    passed     97.06%
  33  OPHHO    8.14%    passed     83.35%
  34  PHACA   22.64%    passed     50.64%
  35  PHALE   24.04%    passed     77.83%
  36  PHORU   20.81%    passed     41.71%
  37  PICPU    2.06%    passed     92.19%
  38  PODCR   27.32%    passed     61.45%
  39  PTEGU   25.16%    passed     68.56%
  40  PYGAD   10.66%    passed     90.80%
  41  STRCA    9.07%    passed     99.75%
  42  TAEGU   20.67%    passed     32.43%
  43  TAUER   19.18%    passed     77.90%
  44  TINMA    6.45%    passed     55.74%
  45  TYTAL    2.99%    passed     93.45%
****  TOTAL   14.21%  1 sequences failed composition chi2 test (p-value<5%; df=3)
Checking for duplicate sequences: done in 0.000267029 secs using 759.8% CPU

Create initial parsimony tree by phylogenetic likelihood library (PLL)... 0.006 seconds

NOTE: 6 MB RAM (0 GB) is required!
Estimate model parameters (epsilon = 0.100)
1. Initial log-likelihood: -20301.640
2. Current log-likelihood: -19193.985
3. Current log-likelihood: -19186.195
Optimal log-likelihood: -19186.174
Rate parameters:  A-C: 1.50530  A-G: 5.02492  A-T: 0.51657  C-G: 1.70368  C-T: 4.25434  G-T: 1.00000
Base frequencies:  A: 0.314  C: 0.207  G: 0.248  T: 0.230
Gamma shape alpha: 0.479
Parameters optimization took 3 rounds (0.108 sec)
Wrote distance file to... 
Computing ML distances based on estimated model parameters...
Calculating distance matrix: done in 0.000997066 secs using 806.8% CPU
Computing ML distances took 0.001091 sec (of wall-clock time) 0.008519 sec (of CPU time)
Setting up auxiliary I and S matrices: done in 0.000156164 secs using 980.4% CPU
Constructing RapidNJ tree: done in 0.00242805 secs using 687.5% CPU
Computing RapidNJ tree took 0.002613 sec (of wall-clock time) 0.021527 sec (of CPU time)
Log-likelihood of RapidNJ tree: -19246.068
--------------------------------------------------------------------
|             INITIALIZING CANDIDATE TREE SET                      |
--------------------------------------------------------------------
Generating 98 parsimony trees... 0.399 second
Computing log-likelihood of 98 initial trees ... 0.667 seconds
Current best score: -19176.437

Do NNI search on 20 best initial trees
Estimate model parameters (epsilon = 0.100)
BETTER TREE FOUND at iteration 1: -19157.188
Estimate model parameters (epsilon = 0.100)
BETTER TREE FOUND at iteration 3: -19151.014
Estimate model parameters (epsilon = 0.100)
BETTER TREE FOUND at iteration 4: -19149.947
Iteration 10 / LogL: -19156.489 / Time: 0h:0m:2s
Iteration 20 / LogL: -19166.105 / Time: 0h:0m:3s
Finish initializing candidate tree set (20)
Current best tree score: -19149.947 / CPU time: 3.729
Number of iterations: 20
--------------------------------------------------------------------
|               OPTIMIZING CANDIDATE TREE SET                      |
--------------------------------------------------------------------
Iteration 30 / LogL: -19152.890 / Time: 0h:0m:5s (0h:0m:13s left)
Estimate model parameters (epsilon = 0.100)
BETTER TREE FOUND at iteration 32: -19147.770
Estimate model parameters (epsilon = 0.100)
BETTER TREE FOUND at iteration 34: -19146.785
Estimate model parameters (epsilon = 0.100)
BETTER TREE FOUND at iteration 35: -19146.448
Estimate model parameters (epsilon = 0.100)
BETTER TREE FOUND at iteration 37: -19145.005
Iteration 40 / LogL: -19150.742 / Time: 0h:0m:6s (0h:0m:16s left)
Estimate model parameters (epsilon = 0.100)
BETTER TREE FOUND at iteration 42: -19144.867
Estimate model parameters (epsilon = 0.100)
BETTER TREE FOUND at iteration 44: -19143.887
Iteration 50 / LogL: -19147.750 / Time: 0h:0m:8s (0h:0m:16s left)
Estimate model parameters (epsilon = 0.100)
BETTER TREE FOUND at iteration 58: -19143.418
Iteration 60 / LogL: -19145.581 / Time: 0h:0m:9s (0h:0m:16s left)
Estimate model parameters (epsilon = 0.100)
BETTER TREE FOUND at iteration 67: -19142.422
Iteration 70 / LogL: -19148.279 / Time: 0h:0m:11s (0h:0m:16s left)
Iteration 80 / LogL: -19145.959 / Time: 0h:0m:12s (0h:0m:14s left)
Iteration 90 / LogL: -19148.860 / Time: 0h:0m:14s (0h:0m:12s left)
Iteration 100 / LogL: -19143.732 / Time: 0h:0m:15s (0h:0m:10s left)
UPDATE BEST LOG-LIKELIHOOD: -19142.421
Iteration 110 / LogL: -19211.716 / Time: 0h:0m:17s (0h:0m:8s left)
Iteration 120 / LogL: -19142.423 / Time: 0h:0m:18s (0h:0m:7s left)
Iteration 130 / LogL: -19142.851 / Time: 0h:0m:20s (0h:0m:5s left)
UPDATE BEST LOG-LIKELIHOOD: -19142.421
Iteration 140 / LogL: -19143.566 / Time: 0h:0m:21s (0h:0m:4s left)
Iteration 150 / LogL: -19142.851 / Time: 0h:0m:23s (0h:0m:2s left)
Iteration 160 / LogL: -19143.566 / Time: 0h:0m:24s (0h:0m:1s left)
TREE SEARCH COMPLETED AFTER 168 ITERATIONS / Time: 0h:0m:26s

--------------------------------------------------------------------
|                    FINALIZING TREE SEARCH                        |
--------------------------------------------------------------------
Performs final model parameters optimization
Estimate model parameters (epsilon = 0.010)
1. Initial log-likelihood: -19142.421
Optimal log-likelihood: -19142.420
Rate parameters:  A-C: 1.51120  A-G: 4.96276  A-T: 0.52481  C-G: 1.70596  C-T: 4.29054  G-T: 1.00000
Base frequencies:  A: 0.314  C: 0.207  G: 0.248  T: 0.230
Gamma shape alpha: 0.482
Parameters optimization took 1 rounds (0.015 sec)
BEST SCORE FOUND : -19142.420
Total tree length: 2.103

Total number of iterations: 168
CPU time used for tree search: 205.522 sec (0h:3m:25s)
Wall-clock time used for tree search: 26.069 sec (0h:0m:26s)
Total CPU time used: 206.892 sec (0h:3m:26s)
Total wall-clock time used: 26.240 sec (0h:0m:26s)

Analysis results written to: 
  IQ-TREE report:                /workspace/IQTree_8_cores_JarvD5a_Results/exon_1241.iqtree
  Maximum-likelihood tree:       /workspace/IQTree_8_cores_JarvD5a_Results/exon_1241.treefile
  Likelihood distances:          /workspace/IQTree_8_cores_JarvD5a_Results/exon_1241.mldist
  Screen log file:               /workspace/IQTree_8_cores_JarvD5a_Results/exon_1241.log

Date and Time: Thu May 28 01:54:43 2026
