IQ-TREE version 3.1.2 for Linux x86 64-bit built May  7 2026
Developed by Bui Quang Minh, Thomas Wong, Nhan Ly-Trong, Huaiyan Ren
Contributed by Lam-Tung Nguyen, Dominik Schrempf, Chris Bielow,
Olga Chernomor, Michael Woodhams, Diep Thi Hoang, Heiko Schmidt

Host:    8084c4e79f09 (AVX512, FMA3, 1133 GB RAM)
Command: /workspace/iqtree-3.1.2-Linux/bin/iqtree3_intel -s /workspace/NeuralNJ/empirical/JarvD5a/exon_11802.fasta -st DNA -m GTR+G -T 8 -seed 2201 -pre /workspace/IQTree_8_cores_JarvD5a_Results/exon_11802 -quiet
Seed:    2201 (Using SPRNG - Scalable Parallel Random Number Generator)
Time:    Wed May 27 22:45:26 2026
Kernel:  AVX+FMA - 8 threads (384 CPU cores detected)

Reading alignment file /workspace/NeuralNJ/empirical/JarvD5a/exon_11802.fasta ... Fasta format detected
Reading fasta file: done in 0.000615835 secs using 26.63% CPU
Alignment most likely contains DNA/RNA sequences
Constructing alignment: done in 0.00192499 secs using 672% CPU
Alignment has 48 sequences with 1436 columns, 519 distinct patterns
310 parsimony-informative, 191 singleton sites, 935 constant sites
       Gap/Ambiguity  Composition  p-value
Analyzing sequences: done in 1.90735e-05 secs using 513.8% CPU
   1  ACACH    3.34%    passed     97.95%
   2  ANAPL    2.65%    passed     91.30%
   3  APAVI    2.65%    passed     99.61%
   4  APTFO    2.65%    passed     99.84%
   5  BALRE   11.42%    passed     90.19%
   6  BUCRH   11.42%    passed     86.02%
   7  CALAN    2.79%    passed     99.94%
   8  CAPCA    1.39%    passed     97.60%
   9  CARCR    2.65%    passed     99.14%
  10  CATAU    4.74%    passed     97.61%
  11  CHAPE    1.53%    passed     98.91%
  12  CHAVO    2.65%    passed     99.85%
  13  CHLUN    2.92%    passed     89.28%
  14  COLLI    2.65%    passed     93.67%
  15  COLST    2.65%    passed     99.34%
  16  CORBR    4.04%    passed     87.80%
  17  CUCCA    2.09%    passed     98.46%
  18  EGRGA    2.65%    passed     98.61%
  19  EURHE    2.65%    passed     93.91%
  20  FALPE    2.51%    passed     93.83%
  21  FULGL    2.65%    passed     98.00%
  22  GALGA    2.92%    passed     98.98%
  23  GAVST    3.62%    passed     96.61%
  24  GEOFO    3.69%    passed     78.34%
  25  HALAL    2.79%    passed     99.54%
  26  HALLE    2.79%    passed     99.21%
  27  LEPDI    2.65%    passed     98.17%
  28  MANVI    2.65%    passed     97.31%
  29  MELGA    3.06%    passed     92.37%
  30  MELUN    0.56%    passed     99.16%
  31  MERNU    0.56%    passed     97.22%
  32  MESUN    2.65%    passed     99.87%
  33  NESNO    2.65%    passed     98.01%
  34  NIPNI    2.65%    passed     88.99%
  35  OPHHO    2.65%    passed     98.43%
  36  PELCR    2.65%    passed     99.88%
  37  PHACA    2.65%    passed     91.08%
  38  PHALE    2.65%    passed     99.96%
  39  PHORU    3.06%    passed     98.88%
  40  PICPU    2.65%    passed     98.03%
  41  PODCR    2.65%    passed     90.64%
  42  PTEGU    2.65%    passed     99.15%
  43  PYGAD    2.65%    passed     99.95%
  44  STRCA    2.92%    passed     91.47%
  45  TAEGU    2.65%    passed     95.12%
  46  TAUER    2.65%    passed     99.02%
  47  TINMA    3.90%    passed     89.00%
  48  TYTAL    2.65%    passed     93.19%
****  TOTAL    3.06%  0 sequences failed composition chi2 test (p-value<5%; df=3)
Checking for duplicate sequences: done in 0.000154018 secs using 783% CPU

Create initial parsimony tree by phylogenetic likelihood library (PLL)... 0.003 seconds

NOTE: 3 MB RAM (0 GB) is required!
WARNING: Number of threads seems too high for short alignments. Use -T AUTO to determine best number of threads.
Estimate model parameters (epsilon = 0.100)
1. Initial log-likelihood: -10093.502
2. Current log-likelihood: -9565.333
3. Current log-likelihood: -9562.099
Optimal log-likelihood: -9562.075
Rate parameters:  A-C: 2.36363  A-G: 6.55707  A-T: 0.98731  C-G: 2.03283  C-T: 4.93783  G-T: 1.00000
Base frequencies:  A: 0.305  C: 0.217  G: 0.259  T: 0.219
Gamma shape alpha: 0.257
Parameters optimization took 3 rounds (0.069 sec)
Wrote distance file to... 
Computing ML distances based on estimated model parameters...
Calculating distance matrix: done in 0.000901937 secs using 776.6% CPU
Computing ML distances took 0.000982 sec (of wall-clock time) 0.007437 sec (of CPU time)
Setting up auxiliary I and S matrices: done in 0.000102997 secs
Constructing RapidNJ tree: done in 0.00258493 secs using 717.1% CPU
Computing RapidNJ tree took 0.002716 sec (of wall-clock time) 0.021839 sec (of CPU time)
Log-likelihood of RapidNJ tree: -9603.504
--------------------------------------------------------------------
|             INITIALIZING CANDIDATE TREE SET                      |
--------------------------------------------------------------------
Generating 98 parsimony trees... 0.232 second
Computing log-likelihood of 98 initial trees ... 0.474 seconds
Current best score: -9547.169

Do NNI search on 20 best initial trees
Estimate model parameters (epsilon = 0.100)
BETTER TREE FOUND at iteration 1: -9535.732
Iteration 10 / LogL: -9544.976 / Time: 0h:0m:1s
Estimate model parameters (epsilon = 0.100)
BETTER TREE FOUND at iteration 18: -9533.611
Iteration 20 / LogL: -9552.548 / Time: 0h:0m:2s
Finish initializing candidate tree set (20)
Current best tree score: -9533.611 / CPU time: 2.785
Number of iterations: 20
--------------------------------------------------------------------
|               OPTIMIZING CANDIDATE TREE SET                      |
--------------------------------------------------------------------
Estimate model parameters (epsilon = 0.100)
BETTER TREE FOUND at iteration 23: -9532.496
Estimate model parameters (epsilon = 0.100)
BETTER TREE FOUND at iteration 24: -9531.857
Estimate model parameters (epsilon = 0.100)
BETTER TREE FOUND at iteration 25: -9530.544
Iteration 30 / LogL: -9532.433 / Time: 0h:0m:4s (0h:0m:13s left)
Iteration 40 / LogL: -9539.104 / Time: 0h:0m:5s (0h:0m:11s left)
Iteration 50 / LogL: -9532.430 / Time: 0h:0m:6s (0h:0m:10s left)
Estimate model parameters (epsilon = 0.100)
BETTER TREE FOUND at iteration 56: -9530.431
Estimate model parameters (epsilon = 0.100)
BETTER TREE FOUND at iteration 57: -9529.452
Iteration 60 / LogL: -9535.664 / Time: 0h:0m:7s (0h:0m:13s left)
Estimate model parameters (epsilon = 0.100)
BETTER TREE FOUND at iteration 68: -9528.724
Iteration 70 / LogL: -9531.654 / Time: 0h:0m:9s (0h:0m:13s left)
Iteration 80 / LogL: -9568.548 / Time: 0h:0m:10s (0h:0m:11s left)
Estimate model parameters (epsilon = 0.100)
BETTER TREE FOUND at iteration 86: -9528.606
Iteration 90 / LogL: -9529.884 / Time: 0h:0m:11s (0h:0m:12s left)
BETTER TREE FOUND at iteration 100: -9528.601
Iteration 100 / LogL: -9528.601 / Time: 0h:0m:13s (0h:0m:13s left)
UPDATE BEST LOG-LIKELIHOOD: -9528.601
Iteration 110 / LogL: -9528.653 / Time: 0h:0m:14s (0h:0m:11s left)
Iteration 120 / LogL: -9543.510 / Time: 0h:0m:15s (0h:0m:10s left)
Estimate model parameters (epsilon = 0.100)
BETTER TREE FOUND at iteration 121: -9527.982
Iteration 130 / LogL: -9530.070 / Time: 0h:0m:16s (0h:0m:11s left)
Estimate model parameters (epsilon = 0.100)
UPDATE BEST LOG-LIKELIHOOD: -9527.968
Iteration 140 / LogL: -9528.610 / Time: 0h:0m:18s (0h:0m:10s left)
Estimate model parameters (epsilon = 0.100)
BETTER TREE FOUND at iteration 149: -9527.132
Iteration 150 / LogL: -9527.992 / Time: 0h:0m:19s (0h:0m:12s left)
Estimate model parameters (epsilon = 0.100)
UPDATE BEST LOG-LIKELIHOOD: -9527.119
Iteration 160 / LogL: -9527.119 / Time: 0h:0m:20s (0h:0m:11s left)
Iteration 170 / LogL: -9535.061 / Time: 0h:0m:21s (0h:0m:10s left)
Iteration 180 / LogL: -9527.132 / Time: 0h:0m:22s (0h:0m:8s left)
Iteration 190 / LogL: -9529.086 / Time: 0h:0m:24s (0h:0m:7s left)
Estimate model parameters (epsilon = 0.100)
BETTER TREE FOUND at iteration 192: -9526.698
Iteration 200 / LogL: -9526.699 / Time: 0h:0m:25s (0h:0m:11s left)
Iteration 210 / LogL: -9527.145 / Time: 0h:0m:26s (0h:0m:10s left)
Estimate model parameters (epsilon = 0.100)
UPDATE BEST LOG-LIKELIHOOD: -9526.686
Iteration 220 / LogL: -9531.218 / Time: 0h:0m:27s (0h:0m:9s left)
Iteration 230 / LogL: -9526.687 / Time: 0h:0m:28s (0h:0m:7s left)
Iteration 240 / LogL: -9528.250 / Time: 0h:0m:30s (0h:0m:6s left)
Iteration 250 / LogL: -9526.689 / Time: 0h:0m:31s (0h:0m:5s left)
Iteration 260 / LogL: -9527.135 / Time: 0h:0m:32s (0h:0m:4s left)
Iteration 270 / LogL: -9527.135 / Time: 0h:0m:33s (0h:0m:2s left)
Iteration 280 / LogL: -9531.842 / Time: 0h:0m:35s (0h:0m:1s left)
Iteration 290 / LogL: -9527.329 / Time: 0h:0m:36s (0h:0m:0s left)
TREE SEARCH COMPLETED AFTER 293 ITERATIONS / Time: 0h:0m:36s

--------------------------------------------------------------------
|                    FINALIZING TREE SEARCH                        |
--------------------------------------------------------------------
Performs final model parameters optimization
Estimate model parameters (epsilon = 0.010)
1. Initial log-likelihood: -9526.686
Optimal log-likelihood: -9526.686
Rate parameters:  A-C: 2.39040  A-G: 6.44674  A-T: 0.95525  C-G: 2.02264  C-T: 4.95636  G-T: 1.00000
Base frequencies:  A: 0.305  C: 0.217  G: 0.259  T: 0.219
Gamma shape alpha: 0.258
Parameters optimization took 1 rounds (0.011 sec)
BEST SCORE FOUND : -9526.686
Total tree length: 1.258

Total number of iterations: 293
CPU time used for tree search: 293.632 sec (0h:4m:53s)
Wall-clock time used for tree search: 36.824 sec (0h:0m:36s)
Total CPU time used: 294.553 sec (0h:4m:54s)
Total wall-clock time used: 36.939 sec (0h:0m:36s)

Analysis results written to: 
  IQ-TREE report:                /workspace/IQTree_8_cores_JarvD5a_Results/exon_11802.iqtree
  Maximum-likelihood tree:       /workspace/IQTree_8_cores_JarvD5a_Results/exon_11802.treefile
  Likelihood distances:          /workspace/IQTree_8_cores_JarvD5a_Results/exon_11802.mldist
  Screen log file:               /workspace/IQTree_8_cores_JarvD5a_Results/exon_11802.log

Date and Time: Wed May 27 22:46:03 2026
