IQ-TREE version 3.1.2 for Linux x86 64-bit built May  7 2026
Developed by Bui Quang Minh, Thomas Wong, Nhan Ly-Trong, Huaiyan Ren
Contributed by Lam-Tung Nguyen, Dominik Schrempf, Chris Bielow,
Olga Chernomor, Michael Woodhams, Diep Thi Hoang, Heiko Schmidt

Host:    8084c4e79f09 (AVX512, FMA3, 1133 GB RAM)
Command: /workspace/iqtree-3.1.2-Linux/bin/iqtree3_intel -s /workspace/NeuralNJ/empirical/JarvD5a/exon_12915.fasta -st DNA -m GTR+G -T 8 -seed 2201 -pre /workspace/IQTree_8_cores_JarvD5a_Results/exon_12915 -quiet
Seed:    2201 (Using SPRNG - Scalable Parallel Random Number Generator)
Time:    Thu May 28 05:07:27 2026
Kernel:  AVX+FMA - 8 threads (384 CPU cores detected)

Reading alignment file /workspace/NeuralNJ/empirical/JarvD5a/exon_12915.fasta ... Fasta format detected
Reading fasta file: done in 0.000242949 secs using 25.11% CPU
Alignment most likely contains DNA/RNA sequences
Constructing alignment: done in 0.00061202 secs using 251% CPU
Alignment has 48 sequences with 470 columns, 69 distinct patterns
12 parsimony-informative, 29 singleton sites, 429 constant sites
       Gap/Ambiguity  Composition  p-value
Analyzing sequences: done in 7.15256e-06 secs using 97.87% CPU
   1  ACACH    9.36%    passed     99.75%
   2  ANAPL    9.36%    passed     99.96%
   3  APAVI   40.00%    passed     84.97%
   4  APTFO    9.79%    passed     99.12%
   5  BALRE    9.36%    passed     91.30%
   6  BUCRH    9.36%    passed     97.72%
   7  CALAN    9.36%    passed     99.96%
   8  CAPCA    9.36%    passed     99.95%
   9  CARCR    9.36%    passed     99.60%
  10  CATAU   28.09%    passed     74.91%
  11  CHAPE    9.36%    passed     99.60%
  12  CHAVO    9.36%    passed     99.96%
  13  CHLUN    9.36%    passed     99.96%
  14  COLLI    9.36%    passed     99.89%
  15  COLST   28.09%    passed     74.64%
  16  CORBR    9.36%    passed     99.66%
  17  CUCCA    9.36%    passed     99.96%
  18  EGRGA    9.36%    passed     99.62%
  19  EURHE   40.43%    passed     89.69%
  20  FALPE    9.36%    passed     99.72%
  21  FULGL   28.09%    passed     74.91%
  22  GALGA    0.00%    passed     72.37%
  23  GAVST    9.36%    passed     99.96%
  24  GEOFO    9.36%    passed     99.96%
  25  HALAL    9.36%    passed     99.95%
  26  HALLE    9.36%    passed     99.95%
  27  LEPDI   28.09%    passed     74.64%
  28  MANVI    8.51%    passed     99.08%
  29  MELGA    9.36%    passed     99.96%
  30  MELUN    9.36%    passed    100.00%
  31  MERNU   40.00%    passed     81.43%
  32  MESUN    3.83%    passed     87.49%
  33  NESNO    9.36%    passed     99.96%
  34  NIPNI    9.36%    passed     99.96%
  35  OPHHO    8.51%    passed     98.81%
  36  PELCR   32.77%    passed     88.98%
  37  PHACA    9.36%    passed     99.96%
  38  PHALE   40.00%    passed     84.97%
  39  PHORU    9.36%    passed     99.96%
  40  PICPU    9.36%    passed     98.65%
  41  PODCR   40.00%    passed     84.97%
  42  PTEGU    9.36%    passed     99.96%
  43  PYGAD    9.36%    passed     99.76%
  44  STRCA   19.15%    passed     99.36%
  45  TAEGU    2.55%    passed     95.21%
  46  TAUER   28.09%    passed     74.91%
  47  TINMA    8.51%    passed     91.28%
  48  TYTAL    9.36%    passed     99.72%
****  TOTAL   14.71%  0 sequences failed composition chi2 test (p-value<5%; df=3)
NOTE: PHALE is identical to APAVI but kept for subsequent analysis
NOTE: CHAVO is identical to CALAN but kept for subsequent analysis
NOTE: FULGL is identical to CATAU but kept for subsequent analysis
NOTE: HALLE is identical to HALAL but kept for subsequent analysis
Checking for duplicate sequences: done in 0.000113964 secs using 804.6% CPU
Identifying sites to remove: done in 0.000125885 secs using 781.7% CPU
NOTE: 10 identical sequences (see below) will be ignored for subsequent analysis
NOTE: PODCR (identical to APAVI) is ignored but added at the end
NOTE: CHLUN (identical to CALAN) is ignored but added at the end
NOTE: CUCCA (identical to CALAN) is ignored but added at the end
NOTE: GEOFO (identical to CALAN) is ignored but added at the end
NOTE: MELGA (identical to CALAN) is ignored but added at the end
NOTE: NESNO (identical to CALAN) is ignored but added at the end
NOTE: NIPNI (identical to CALAN) is ignored but added at the end
NOTE: PHACA (identical to CALAN) is ignored but added at the end
NOTE: PHORU (identical to CALAN) is ignored but added at the end
NOTE: TAUER (identical to CATAU) is ignored but added at the end
Alignment was printed to /workspace/IQTree_8_cores_JarvD5a_Results/exon_12915.uniqueseq.phy

For your convenience alignment with unique sequences printed to /workspace/IQTree_8_cores_JarvD5a_Results/exon_12915.uniqueseq.phy

Create initial parsimony tree by phylogenetic likelihood library (PLL)... 0.000 seconds

NOTE: 0 MB RAM (0 GB) is required!
WARNING: Number of threads seems too high for short alignments. Use -T AUTO to determine best number of threads.
Estimate model parameters (epsilon = 0.100)
1. Initial log-likelihood: -1023.579
2. Current log-likelihood: -999.033
Optimal log-likelihood: -998.965
Rate parameters:  A-C: 0.27426  A-G: 3.95202  A-T: 3.37377  C-G: 2.95140  C-T: 12.68835  G-T: 1.00000
Base frequencies:  A: 0.335  C: 0.198  G: 0.237  T: 0.231
Gamma shape alpha: 0.020
Parameters optimization took 2 rounds (0.032 sec)
Wrote distance file to... 
Computing ML distances based on estimated model parameters...
Calculating distance matrix: done in 0.000588894 secs using 738.8% CPU
Computing ML distances took 0.000627 sec (of wall-clock time) 0.004526 sec (of CPU time)
Setting up auxiliary I and S matrices: done in 8.60691e-05 secs using 958.5% CPU
Constructing RapidNJ tree: done in 0.00204015 secs using 648.1% CPU
Computing RapidNJ tree took 0.002179 sec (of wall-clock time) 0.019797 sec (of CPU time)
Log-likelihood of RapidNJ tree: -1000.346
--------------------------------------------------------------------
|             INITIALIZING CANDIDATE TREE SET                      |
--------------------------------------------------------------------
Generating 98 parsimony trees... 0.044 second
Computing log-likelihood of 98 initial trees ... 0.175 seconds
Current best score: -997.643

Do NNI search on 20 best initial trees
Estimate model parameters (epsilon = 0.100)
BETTER TREE FOUND at iteration 1: -997.639
BETTER TREE FOUND at iteration 3: -997.638
BETTER TREE FOUND at iteration 4: -997.638
BETTER TREE FOUND at iteration 7: -997.638
BETTER TREE FOUND at iteration 8: -997.638
Iteration 10 / LogL: -997.694 / Time: 0h:0m:0s
BETTER TREE FOUND at iteration 11: -997.638
Estimate model parameters (epsilon = 0.100)
BETTER TREE FOUND at iteration 18: -997.407
Iteration 20 / LogL: -998.963 / Time: 0h:0m:0s
Finish initializing candidate tree set (20)
Current best tree score: -997.407 / CPU time: 0.922
Number of iterations: 20
--------------------------------------------------------------------
|               OPTIMIZING CANDIDATE TREE SET                      |
--------------------------------------------------------------------
Estimate model parameters (epsilon = 0.100)
BETTER TREE FOUND at iteration 23: -996.649
Iteration 30 / LogL: -998.962 / Time: 0h:0m:1s (0h:0m:4s left)
Iteration 40 / LogL: -996.653 / Time: 0h:0m:1s (0h:0m:3s left)
BETTER TREE FOUND at iteration 47: -996.647
Iteration 50 / LogL: -996.658 / Time: 0h:0m:2s (0h:0m:4s left)
Iteration 60 / LogL: -996.651 / Time: 0h:0m:2s (0h:0m:3s left)
Iteration 70 / LogL: -996.655 / Time: 0h:0m:3s (0h:0m:3s left)
Iteration 80 / LogL: -996.648 / Time: 0h:0m:3s (0h:0m:2s left)
BETTER TREE FOUND at iteration 81: -996.647
BETTER TREE FOUND at iteration 88: -996.646
Iteration 90 / LogL: -996.652 / Time: 0h:0m:3s (0h:0m:4s left)
Iteration 100 / LogL: -996.651 / Time: 0h:0m:4s (0h:0m:3s left)
Iteration 110 / LogL: -998.205 / Time: 0h:0m:4s (0h:0m:3s left)
Iteration 120 / LogL: -998.639 / Time: 0h:0m:5s (0h:0m:3s left)
BETTER TREE FOUND at iteration 125: -996.646
BETTER TREE FOUND at iteration 129: -996.645
Iteration 130 / LogL: -996.649 / Time: 0h:0m:5s (0h:0m:4s left)
Iteration 140 / LogL: -996.655 / Time: 0h:0m:6s (0h:0m:3s left)
Iteration 150 / LogL: -996.653 / Time: 0h:0m:6s (0h:0m:3s left)
BETTER TREE FOUND at iteration 159: -996.645
Iteration 160 / LogL: -996.660 / Time: 0h:0m:7s (0h:0m:4s left)
Iteration 170 / LogL: -996.651 / Time: 0h:0m:7s (0h:0m:4s left)
Iteration 180 / LogL: -996.648 / Time: 0h:0m:8s (0h:0m:3s left)
BETTER TREE FOUND at iteration 182: -996.645
Iteration 190 / LogL: -997.877 / Time: 0h:0m:8s (0h:0m:4s left)
Iteration 200 / LogL: -996.646 / Time: 0h:0m:9s (0h:0m:3s left)
Iteration 210 / LogL: -996.653 / Time: 0h:0m:9s (0h:0m:3s left)
Iteration 220 / LogL: -996.652 / Time: 0h:0m:9s (0h:0m:2s left)
Iteration 230 / LogL: -996.645 / Time: 0h:0m:10s (0h:0m:2s left)
BETTER TREE FOUND at iteration 234: -996.645
BETTER TREE FOUND at iteration 235: -996.644
Iteration 240 / LogL: -996.644 / Time: 0h:0m:10s (0h:0m:4s left)
Iteration 250 / LogL: -996.653 / Time: 0h:0m:11s (0h:0m:3s left)
Iteration 260 / LogL: -997.413 / Time: 0h:0m:11s (0h:0m:3s left)
BETTER TREE FOUND at iteration 266: -996.642
Iteration 270 / LogL: -996.653 / Time: 0h:0m:12s (0h:0m:4s left)
Iteration 280 / LogL: -996.653 / Time: 0h:0m:12s (0h:0m:3s left)
Iteration 290 / LogL: -996.649 / Time: 0h:0m:13s (0h:0m:3s left)
Iteration 300 / LogL: -996.653 / Time: 0h:0m:13s (0h:0m:2s left)
Iteration 310 / LogL: -996.658 / Time: 0h:0m:13s (0h:0m:2s left)
Iteration 320 / LogL: -996.652 / Time: 0h:0m:14s (0h:0m:2s left)
Iteration 330 / LogL: -996.652 / Time: 0h:0m:14s (0h:0m:1s left)
Iteration 340 / LogL: -996.653 / Time: 0h:0m:15s (0h:0m:1s left)
Iteration 350 / LogL: -996.651 / Time: 0h:0m:15s (0h:0m:0s left)
Iteration 360 / LogL: -996.644 / Time: 0h:0m:16s (0h:0m:0s left)
TREE SEARCH COMPLETED AFTER 367 ITERATIONS / Time: 0h:0m:16s

--------------------------------------------------------------------
|                    FINALIZING TREE SEARCH                        |
--------------------------------------------------------------------
Performs final model parameters optimization
Estimate model parameters (epsilon = 0.010)
1. Initial log-likelihood: -996.642
Optimal log-likelihood: -996.642
Rate parameters:  A-C: 0.27561  A-G: 3.91760  A-T: 3.38689  C-G: 2.92531  C-T: 12.70060  G-T: 1.00000
Base frequencies:  A: 0.335  C: 0.198  G: 0.237  T: 0.231
Gamma shape alpha: 0.020
Parameters optimization took 1 rounds (0.006 sec)
BEST SCORE FOUND : -996.642
Total tree length: 0.129

Total number of iterations: 367
CPU time used for tree search: 131.124 sec (0h:2m:11s)
Wall-clock time used for tree search: 16.398 sec (0h:0m:16s)
Total CPU time used: 131.561 sec (0h:2m:11s)
Total wall-clock time used: 16.454 sec (0h:0m:16s)

Analysis results written to: 
  IQ-TREE report:                /workspace/IQTree_8_cores_JarvD5a_Results/exon_12915.iqtree
  Maximum-likelihood tree:       /workspace/IQTree_8_cores_JarvD5a_Results/exon_12915.treefile
  Likelihood distances:          /workspace/IQTree_8_cores_JarvD5a_Results/exon_12915.mldist
  Screen log file:               /workspace/IQTree_8_cores_JarvD5a_Results/exon_12915.log

Date and Time: Thu May 28 05:07:44 2026
