IQ-TREE version 3.1.2 for Linux x86 64-bit built May  7 2026
Developed by Bui Quang Minh, Thomas Wong, Nhan Ly-Trong, Huaiyan Ren
Contributed by Lam-Tung Nguyen, Dominik Schrempf, Chris Bielow,
Olga Chernomor, Michael Woodhams, Diep Thi Hoang, Heiko Schmidt

Host:    8084c4e79f09 (AVX512, FMA3, 1133 GB RAM)
Command: /workspace/iqtree-3.1.2-Linux/bin/iqtree3_intel -s /workspace/NeuralNJ/empirical/JarvD5a/exon_14257.fasta -st DNA -m GTR+G -T 8 -seed 2201 -pre /workspace/IQTree_8_cores_JarvD5a_Results/exon_14257 -quiet
Seed:    2201 (Using SPRNG - Scalable Parallel Random Number Generator)
Time:    Thu May 28 12:06:54 2026
Kernel:  AVX+FMA - 8 threads (384 CPU cores detected)

Reading alignment file /workspace/NeuralNJ/empirical/JarvD5a/exon_14257.fasta ... Fasta format detected
Reading fasta file: done in 0.000459909 secs using 20% CPU
Alignment most likely contains DNA/RNA sequences
Constructing alignment: done in 0.00141811 secs using 650.6% CPU
Alignment has 48 sequences with 1022 columns, 513 distinct patterns
360 parsimony-informative, 164 singleton sites, 498 constant sites
       Gap/Ambiguity  Composition  p-value
Analyzing sequences: done in 2.28882e-05 secs using 419.4% CPU
   1  ACACH    0.98%    passed     11.23%
   2  ANAPL    0.98%    passed     83.05%
   3  APAVI    0.98%    passed     97.58%
   4  APTFO    0.98%    passed     92.45%
   5  BALRE    0.98%    passed     87.51%
   6  BUCRH    0.98%    passed     82.44%
   7  CALAN    0.98%    passed     16.18%
   8  CAPCA    0.98%    passed     87.23%
   9  CARCR    0.98%    passed     59.96%
  10  CATAU   25.05%    passed     98.29%
  11  CHAPE    0.98%    passed     64.34%
  12  CHAVO    0.98%    passed     67.12%
  13  CHLUN    0.98%    passed     97.47%
  14  COLLI    0.98%    passed     89.83%
  15  COLST    0.98%    passed     99.87%
  16  CORBR    0.98%    passed     19.42%
  17  CUCCA    1.76%    passed     85.21%
  18  EGRGA    0.98%    passed     98.50%
  19  EURHE    0.98%    passed     93.18%
  20  FALPE    0.98%    passed     88.79%
  21  FULGL    0.98%    passed     47.45%
  22  GALGA    2.74%    passed     45.55%
  23  GAVST    0.98%    passed     93.28%
  24  GEOFO    0.98%    passed      7.77%
  25  HALAL    0.98%    passed     53.17%
  26  HALLE    0.98%    passed     52.35%
  27  LEPDI    0.98%    passed     92.10%
  28  MANVI    0.98%    passed      7.25%
  29  MELGA    2.74%    passed     25.27%
  30  MELUN    1.37%    passed     89.29%
  31  MERNU    0.20%    passed     14.98%
  32  MESUN    0.78%    passed     75.46%
  33  NESNO    1.37%    passed     89.42%
  34  NIPNI    0.98%    passed     98.51%
  35  OPHHO    0.98%    passed     82.02%
  36  PELCR    0.98%    passed     73.97%
  37  PHACA    1.96%    passed     92.84%
  38  PHALE    0.98%    passed     51.96%
  39  PHORU    0.98%    passed     93.98%
  40  PICPU    0.98%    passed     96.32%
  41  PODCR    0.98%    passed     88.25%
  42  PTEGU    0.98%    passed     97.95%
  43  PYGAD    0.98%    passed     92.94%
  44  STRCA    0.98%    passed     10.45%
  45  TAEGU    0.98%    failed      1.34%
  46  TAUER    0.98%    passed     98.32%
  47  TINMA    0.98%    passed     41.31%
  48  TYTAL    0.98%    passed     83.77%
****  TOTAL    1.59%  1 sequences failed composition chi2 test (p-value<5%; df=3)
Checking for duplicate sequences: done in 0.000144958 secs using 774.7% CPU

Create initial parsimony tree by phylogenetic likelihood library (PLL)... 0.003 seconds

NOTE: 3 MB RAM (0 GB) is required!
WARNING: Number of threads seems too high for short alignments. Use -T AUTO to determine best number of threads.
Estimate model parameters (epsilon = 0.100)
1. Initial log-likelihood: -11787.371
2. Current log-likelihood: -10986.878
3. Current log-likelihood: -10967.713
4. Current log-likelihood: -10967.014
Optimal log-likelihood: -10967.002
Rate parameters:  A-C: 2.31248  A-G: 6.93086  A-T: 0.35436  C-G: 4.42633  C-T: 5.65419  G-T: 1.00000
Base frequencies:  A: 0.247  C: 0.216  G: 0.213  T: 0.324
Gamma shape alpha: 0.345
Parameters optimization took 4 rounds (0.107 sec)
Wrote distance file to... 
Computing ML distances based on estimated model parameters...
Calculating distance matrix: done in 0.000745058 secs using 828.4% CPU
Computing ML distances took 0.000800 sec (of wall-clock time) 0.006350 sec (of CPU time)
Setting up auxiliary I and S matrices: done in 0.000141144 secs using 1022% CPU
Constructing RapidNJ tree: done in 0.00272012 secs using 801.4% CPU
Computing RapidNJ tree took 0.002892 sec (of wall-clock time) 0.025649 sec (of CPU time)
Log-likelihood of RapidNJ tree: -10988.242
--------------------------------------------------------------------
|             INITIALIZING CANDIDATE TREE SET                      |
--------------------------------------------------------------------
Generating 98 parsimony trees... 0.294 second
Computing log-likelihood of 98 initial trees ... 0.736 seconds
Current best score: -10953.332

Do NNI search on 20 best initial trees
Estimate model parameters (epsilon = 0.100)
BETTER TREE FOUND at iteration 1: -10939.010
Estimate model parameters (epsilon = 0.100)
BETTER TREE FOUND at iteration 2: -10933.201
Estimate model parameters (epsilon = 0.100)
BETTER TREE FOUND at iteration 6: -10931.599
Iteration 10 / LogL: -10940.449 / Time: 0h:0m:2s
Estimate model parameters (epsilon = 0.100)
BETTER TREE FOUND at iteration 13: -10931.432
Estimate model parameters (epsilon = 0.100)
BETTER TREE FOUND at iteration 17: -10929.742
Iteration 20 / LogL: -10953.763 / Time: 0h:0m:4s
Finish initializing candidate tree set (20)
Current best tree score: -10929.742 / CPU time: 4.019
Number of iterations: 20
--------------------------------------------------------------------
|               OPTIMIZING CANDIDATE TREE SET                      |
--------------------------------------------------------------------
Estimate model parameters (epsilon = 0.100)
BETTER TREE FOUND at iteration 25: -10929.448
Estimate model parameters (epsilon = 0.100)
BETTER TREE FOUND at iteration 30: -10927.294
Iteration 30 / LogL: -10927.294 / Time: 0h:0m:5s (0h:0m:19s left)
Estimate model parameters (epsilon = 0.100)
BETTER TREE FOUND at iteration 34: -10926.444
Iteration 40 / LogL: -10927.377 / Time: 0h:0m:6s (0h:0m:16s left)
Estimate model parameters (epsilon = 0.100)
BETTER TREE FOUND at iteration 43: -10925.512
Iteration 50 / LogL: -10927.425 / Time: 0h:0m:8s (0h:0m:15s left)
Iteration 60 / LogL: -10927.592 / Time: 0h:0m:9s (0h:0m:13s left)
Iteration 70 / LogL: -10925.594 / Time: 0h:0m:10s (0h:0m:11s left)
Iteration 80 / LogL: -10931.514 / Time: 0h:0m:12s (0h:0m:9s left)
Iteration 90 / LogL: -10925.607 / Time: 0h:0m:13s (0h:0m:8s left)
Iteration 100 / LogL: -10927.440 / Time: 0h:0m:14s (0h:0m:6s left)
Iteration 110 / LogL: -10925.594 / Time: 0h:0m:16s (0h:0m:4s left)
Estimate model parameters (epsilon = 0.100)
BETTER TREE FOUND at iteration 114: -10924.668
Iteration 120 / LogL: -10938.468 / Time: 0h:0m:17s (0h:0m:13s left)
Iteration 130 / LogL: -10924.670 / Time: 0h:0m:18s (0h:0m:12s left)
Iteration 140 / LogL: -10925.605 / Time: 0h:0m:19s (0h:0m:10s left)
Iteration 150 / LogL: -10928.582 / Time: 0h:0m:21s (0h:0m:9s left)
Iteration 160 / LogL: -10930.505 / Time: 0h:0m:22s (0h:0m:7s left)
Iteration 170 / LogL: -10928.073 / Time: 0h:0m:23s (0h:0m:6s left)
Iteration 180 / LogL: -10924.675 / Time: 0h:0m:24s (0h:0m:4s left)
Iteration 190 / LogL: -10927.328 / Time: 0h:0m:25s (0h:0m:3s left)
Iteration 200 / LogL: -10924.671 / Time: 0h:0m:27s (0h:0m:1s left)
Iteration 210 / LogL: -10925.534 / Time: 0h:0m:28s (0h:0m:0s left)
TREE SEARCH COMPLETED AFTER 215 ITERATIONS / Time: 0h:0m:28s

--------------------------------------------------------------------
|                    FINALIZING TREE SEARCH                        |
--------------------------------------------------------------------
Performs final model parameters optimization
Estimate model parameters (epsilon = 0.010)
1. Initial log-likelihood: -10924.668
Optimal log-likelihood: -10924.668
Rate parameters:  A-C: 2.31888  A-G: 7.27295  A-T: 0.37494  C-G: 4.71756  C-T: 5.81387  G-T: 1.00000
Base frequencies:  A: 0.247  C: 0.216  G: 0.213  T: 0.324
Gamma shape alpha: 0.346
Parameters optimization took 1 rounds (0.013 sec)
BEST SCORE FOUND : -10924.668
Total tree length: 3.197

Total number of iterations: 215
CPU time used for tree search: 229.049 sec (0h:3m:49s)
Wall-clock time used for tree search: 28.784 sec (0h:0m:28s)
Total CPU time used: 230.314 sec (0h:3m:50s)
Total wall-clock time used: 28.943 sec (0h:0m:28s)

Analysis results written to: 
  IQ-TREE report:                /workspace/IQTree_8_cores_JarvD5a_Results/exon_14257.iqtree
  Maximum-likelihood tree:       /workspace/IQTree_8_cores_JarvD5a_Results/exon_14257.treefile
  Likelihood distances:          /workspace/IQTree_8_cores_JarvD5a_Results/exon_14257.mldist
  Screen log file:               /workspace/IQTree_8_cores_JarvD5a_Results/exon_14257.log

Date and Time: Thu May 28 12:07:23 2026
