IQ-TREE version 3.1.2 for Linux x86 64-bit built May  7 2026
Developed by Bui Quang Minh, Thomas Wong, Nhan Ly-Trong, Huaiyan Ren
Contributed by Lam-Tung Nguyen, Dominik Schrempf, Chris Bielow,
Olga Chernomor, Michael Woodhams, Diep Thi Hoang, Heiko Schmidt

Host:    8084c4e79f09 (AVX512, FMA3, 1133 GB RAM)
Command: /workspace/iqtree-3.1.2-Linux/bin/iqtree3_intel -s /workspace/NeuralNJ/empirical/JarvD5a/exon_5239.fasta -st DNA -m GTR+G -T 8 -seed 2201 -pre /workspace/IQTree_8_cores_JarvD5a_Results/exon_5239 -quiet
Seed:    2201 (Using SPRNG - Scalable Parallel Random Number Generator)
Time:    Fri May 29 06:16:46 2026
Kernel:  AVX+FMA - 8 threads (384 CPU cores detected)

Reading alignment file /workspace/NeuralNJ/empirical/JarvD5a/exon_5239.fasta ... Fasta format detected
Reading fasta file: done in 0.000366926 secs using 51.78% CPU
Alignment most likely contains DNA/RNA sequences
Constructing alignment: done in 0.00061512 secs using 555.2% CPU
Alignment has 42 sequences with 426 columns, 289 distinct patterns
177 parsimony-informative, 94 singleton sites, 155 constant sites
       Gap/Ambiguity  Composition  p-value
Analyzing sequences: done in 1.4782e-05 secs using 311.2% CPU
   1  ANAPL   24.88%    passed     92.99%
   2  APAVI   13.15%    passed     91.12%
   3  APTFO   13.62%    passed     99.09%
   4  BALRE   25.82%    passed     73.74%
   5  BUCRH   25.35%    passed     84.56%
   6  CALAN   24.88%    passed     83.67%
   7  CAPCA   13.15%    passed     97.60%
   8  CARCR   13.15%    passed     82.79%
   9  CATAU   13.15%    passed     86.39%
  10  CHAPE   14.55%    passed     83.17%
  11  CHAVO   13.15%    passed     96.23%
  12  CHLUN   13.15%    passed     91.72%
  13  COLLI   13.15%    passed     95.99%
  14  CUCCA   24.41%    passed     95.21%
  15  EGRGA   24.41%    passed     94.61%
  16  EURHE   24.41%    passed     88.46%
  17  FALPE   13.15%    passed     87.95%
  18  GALGA    5.63%    passed     41.80%
  19  GAVST   13.15%    passed     99.50%
  20  GEOFO   16.43%    passed     88.24%
  21  HALAL   13.15%    passed     87.10%
  22  HALLE   13.15%    passed     87.10%
  23  LEPDI   13.15%    passed     99.91%
  24  MANVI   25.82%    passed     93.62%
  25  MELGA   14.08%    passed     32.61%
  26  MELUN   10.33%    passed     89.92%
  27  MERNU   13.15%    passed     97.76%
  28  MESUN   13.15%    passed     79.16%
  29  NESNO   22.07%    passed     80.54%
  30  NIPNI   13.15%    passed     82.20%
  31  OPHHO   13.15%    passed     99.44%
  32  PELCR   13.62%    passed     95.30%
  33  PHACA   13.15%    passed     92.94%
  34  PHALE   13.62%    passed     99.10%
  35  PHORU   13.15%    passed     95.55%
  36  PICPU   25.35%    passed     77.69%
  37  PODCR   13.15%    passed     95.82%
  38  PTEGU   13.62%    passed     94.97%
  39  PYGAD   13.62%    passed     92.49%
  40  TAUER   23.47%    passed     97.25%
  41  TINMA   30.05%    passed     44.02%
  42  TYTAL   13.15%    passed     93.95%
****  TOTAL   16.50%  0 sequences failed composition chi2 test (p-value<5%; df=3)
NOTE: HALLE is identical to HALAL but kept for subsequent analysis
Checking for duplicate sequences: done in 0.000118017 secs using 795.6% CPU

Create initial parsimony tree by phylogenetic likelihood library (PLL)... 0.001 seconds

NOTE: 1 MB RAM (0 GB) is required!
WARNING: Number of threads seems too high for short alignments. Use -T AUTO to determine best number of threads.
Estimate model parameters (epsilon = 0.100)
1. Initial log-likelihood: -4878.501
2. Current log-likelihood: -4667.263
3. Current log-likelihood: -4664.273
Optimal log-likelihood: -4664.211
Rate parameters:  A-C: 1.07229  A-G: 4.98195  A-T: 0.86764  C-G: 1.13953  C-T: 2.57788  G-T: 1.00000
Base frequencies:  A: 0.274  C: 0.271  G: 0.199  T: 0.256
Gamma shape alpha: 0.691
Parameters optimization took 3 rounds (0.044 sec)
Wrote distance file to... 
Computing ML distances based on estimated model parameters...
Calculating distance matrix: done in 0.000534058 secs using 821.1% CPU
Computing ML distances took 0.000586 sec (of wall-clock time) 0.004600 sec (of CPU time)
Setting up auxiliary I and S matrices: done in 8.89301e-05 secs using 988.4% CPU
Constructing RapidNJ tree: done in 0.00233006 secs using 752% CPU
Computing RapidNJ tree took 0.002479 sec (of wall-clock time) 0.022329 sec (of CPU time)
Log-likelihood of RapidNJ tree: -4684.479
--------------------------------------------------------------------
|             INITIALIZING CANDIDATE TREE SET                      |
--------------------------------------------------------------------
Generating 98 parsimony trees... 0.145 second
Computing log-likelihood of 98 initial trees ... 0.332 seconds
Current best score: -4652.816

Do NNI search on 20 best initial trees
Estimate model parameters (epsilon = 0.100)
BETTER TREE FOUND at iteration 1: -4636.814
Estimate model parameters (epsilon = 0.100)
BETTER TREE FOUND at iteration 3: -4634.065
Iteration 10 / LogL: -4647.291 / Time: 0h:0m:1s
Iteration 20 / LogL: -4649.255 / Time: 0h:0m:2s
Finish initializing candidate tree set (20)
Current best tree score: -4634.065 / CPU time: 2.585
Number of iterations: 20
--------------------------------------------------------------------
|               OPTIMIZING CANDIDATE TREE SET                      |
--------------------------------------------------------------------
Estimate model parameters (epsilon = 0.100)
BETTER TREE FOUND at iteration 21: -4633.527
Estimate model parameters (epsilon = 0.100)
BETTER TREE FOUND at iteration 22: -4631.945
Estimate model parameters (epsilon = 0.100)
BETTER TREE FOUND at iteration 27: -4630.303
Iteration 30 / LogL: -4632.065 / Time: 0h:0m:3s (0h:0m:12s left)
Estimate model parameters (epsilon = 0.100)
BETTER TREE FOUND at iteration 35: -4629.352
Estimate model parameters (epsilon = 0.100)
BETTER TREE FOUND at iteration 40: -4626.269
Iteration 40 / LogL: -4626.269 / Time: 0h:0m:4s (0h:0m:12s left)
Estimate model parameters (epsilon = 0.100)
BETTER TREE FOUND at iteration 48: -4625.891
Iteration 50 / LogL: -4629.892 / Time: 0h:0m:5s (0h:0m:11s left)
Iteration 60 / LogL: -4637.427 / Time: 0h:0m:7s (0h:0m:10s left)
Iteration 70 / LogL: -4630.491 / Time: 0h:0m:8s (0h:0m:9s left)
Iteration 80 / LogL: -4631.318 / Time: 0h:0m:9s (0h:0m:7s left)
BETTER TREE FOUND at iteration 90: -4625.891
Iteration 90 / LogL: -4625.891 / Time: 0h:0m:9s (0h:0m:11s left)
Iteration 100 / LogL: -4625.891 / Time: 0h:0m:10s (0h:0m:9s left)
UPDATE BEST LOG-LIKELIHOOD: -4625.891
Iteration 110 / LogL: -4626.077 / Time: 0h:0m:11s (0h:0m:8s left)
Iteration 120 / LogL: -4626.076 / Time: 0h:0m:13s (0h:0m:7s left)
UPDATE BEST LOG-LIKELIHOOD: -4625.891
Iteration 130 / LogL: -4626.399 / Time: 0h:0m:14s (0h:0m:6s left)
Iteration 140 / LogL: -4631.457 / Time: 0h:0m:15s (0h:0m:5s left)
Iteration 150 / LogL: -4632.426 / Time: 0h:0m:16s (0h:0m:4s left)
Iteration 160 / LogL: -4628.237 / Time: 0h:0m:17s (0h:0m:3s left)
UPDATE BEST LOG-LIKELIHOOD: -4625.891
Iteration 170 / LogL: -4636.703 / Time: 0h:0m:18s (0h:0m:2s left)
Iteration 180 / LogL: -4635.455 / Time: 0h:0m:19s (0h:0m:1s left)
UPDATE BEST LOG-LIKELIHOOD: -4625.891
Iteration 190 / LogL: -4626.076 / Time: 0h:0m:20s (0h:0m:0s left)
TREE SEARCH COMPLETED AFTER 191 ITERATIONS / Time: 0h:0m:20s

--------------------------------------------------------------------
|                    FINALIZING TREE SEARCH                        |
--------------------------------------------------------------------
Performs final model parameters optimization
Estimate model parameters (epsilon = 0.010)
1. Initial log-likelihood: -4625.891
Optimal log-likelihood: -4625.890
Rate parameters:  A-C: 1.23151  A-G: 5.65344  A-T: 0.89414  C-G: 1.15001  C-T: 2.76881  G-T: 1.00000
Base frequencies:  A: 0.274  C: 0.271  G: 0.199  T: 0.256
Gamma shape alpha: 0.680
Parameters optimization took 1 rounds (0.008 sec)
BEST SCORE FOUND : -4625.890
Total tree length: 3.603

Total number of iterations: 191
CPU time used for tree search: 161.318 sec (0h:2m:41s)
Wall-clock time used for tree search: 20.185 sec (0h:0m:20s)
Total CPU time used: 161.983 sec (0h:2m:41s)
Total wall-clock time used: 20.267 sec (0h:0m:20s)

Analysis results written to: 
  IQ-TREE report:                /workspace/IQTree_8_cores_JarvD5a_Results/exon_5239.iqtree
  Maximum-likelihood tree:       /workspace/IQTree_8_cores_JarvD5a_Results/exon_5239.treefile
  Likelihood distances:          /workspace/IQTree_8_cores_JarvD5a_Results/exon_5239.mldist
  Screen log file:               /workspace/IQTree_8_cores_JarvD5a_Results/exon_5239.log

Date and Time: Fri May 29 06:17:06 2026
