IQ-TREE version 3.1.2 for Linux x86 64-bit built May  7 2026
Developed by Bui Quang Minh, Thomas Wong, Nhan Ly-Trong, Huaiyan Ren
Contributed by Lam-Tung Nguyen, Dominik Schrempf, Chris Bielow,
Olga Chernomor, Michael Woodhams, Diep Thi Hoang, Heiko Schmidt

Host:    8084c4e79f09 (AVX512, FMA3, 1133 GB RAM)
Command: /workspace/iqtree-3.1.2-Linux/bin/iqtree3_intel -s /workspace/NeuralNJ/empirical/JarvD5a/exon_10375.fasta -st DNA -m GTR+G -T 8 -seed 2201 -pre /workspace/IQTree_8_cores_JarvD5a_Results/exon_10375 -quiet
Seed:    2201 (Using SPRNG - Scalable Parallel Random Number Generator)
Time:    Wed May 27 11:53:15 2026
Kernel:  AVX+FMA - 8 threads (384 CPU cores detected)

Reading alignment file /workspace/NeuralNJ/empirical/JarvD5a/exon_10375.fasta ... Fasta format detected
Reading fasta file: done in 0.000708818 secs using 37.95% CPU
Alignment most likely contains DNA/RNA sequences
Constructing alignment: done in 0.00221896 secs using 742.9% CPU
Alignment has 44 sequences with 1734 columns, 155 distinct patterns
55 parsimony-informative, 99 singleton sites, 1580 constant sites
       Gap/Ambiguity  Composition  p-value
Analyzing sequences: done in 1.28746e-05 secs using 101% CPU
   1  ACACH    2.19%    passed     98.79%
   2  APAVI    2.31%    passed     99.98%
   3  APTFO    2.31%    passed    100.00%
   4  BALRE    2.31%    passed     99.99%
   5  BUCRH    2.31%    passed     99.68%
   6  CALAN    6.00%    passed     99.13%
   7  CAPCA    2.31%    passed     99.69%
   8  CARCR    2.31%    passed     99.99%
   9  CATAU    2.31%    passed     99.96%
  10  CHAPE    2.31%    passed     99.96%
  11  CHAVO    2.31%    passed     99.97%
  12  CHLUN    2.31%    passed     99.85%
  13  COLLI    2.31%    passed     98.72%
  14  CORBR    2.31%    passed     99.92%
  15  CUCCA    0.23%    passed     98.72%
  16  EGRGA    3.52%    passed     99.73%
  17  EURHE    2.31%    passed     99.25%
  18  FALPE    2.31%    passed     99.85%
  19  FULGL    2.31%    passed     99.96%
  20  GALGA    0.23%    passed     98.57%
  21  GAVST    2.31%    passed     99.96%
  22  GEOFO    2.31%    passed     99.94%
  23  HALAL    2.31%    passed     99.96%
  24  HALLE    2.31%    passed     99.96%
  25  LEPDI    2.31%    passed    100.00%
  26  MANVI   26.18%    passed     82.53%
  27  MELGA    2.31%    passed     99.64%
  28  MELUN    2.19%    passed     99.96%
  29  MESUN    2.31%    passed     99.83%
  30  NESNO    2.19%    passed     99.87%
  31  NIPNI    2.31%    passed     99.99%
  32  OPHHO    2.31%    passed     99.92%
  33  PELCR   15.57%    passed     96.95%
  34  PHACA    2.31%    passed     99.99%
  35  PHALE    2.31%    passed     99.89%
  36  PHORU    2.31%    passed     99.84%
  37  PICPU    2.31%    passed     99.91%
  38  PTEGU    2.31%    passed     99.98%
  39  PYGAD    2.31%    passed     99.95%
  40  STRCA    2.31%    passed     99.99%
  41  TAEGU    0.23%    passed     97.51%
  42  TAUER    2.31%    passed     99.99%
  43  TINMA    2.31%    passed    100.00%
  44  TYTAL    2.31%    passed     99.96%
****  TOTAL    3.11%  0 sequences failed composition chi2 test (p-value<5%; df=3)
NOTE: HALLE is identical to HALAL but kept for subsequent analysis
NOTE: TAUER is identical to NIPNI but kept for subsequent analysis
Checking for duplicate sequences: done in 0.000113964 secs using 769.5% CPU

Create initial parsimony tree by phylogenetic likelihood library (PLL)... 0.001 seconds

NOTE: 0 MB RAM (0 GB) is required!
WARNING: Number of threads seems too high for short alignments. Use -T AUTO to determine best number of threads.
Estimate model parameters (epsilon = 0.100)
1. Initial log-likelihood: -4041.621
2. Current log-likelihood: -3912.249
3. Current log-likelihood: -3911.727
Optimal log-likelihood: -3911.721
Rate parameters:  A-C: 2.69234  A-G: 3.30489  A-T: 1.44803  C-G: 0.95883  C-T: 14.06131  G-T: 1.00000
Base frequencies:  A: 0.367  C: 0.188  G: 0.221  T: 0.225
Gamma shape alpha: 0.020
Parameters optimization took 3 rounds (0.081 sec)
Wrote distance file to... 
Computing ML distances based on estimated model parameters...
Calculating distance matrix: done in 0.000877142 secs using 801.2% CPU
Computing ML distances took 0.000927 sec (of wall-clock time) 0.007255 sec (of CPU time)
Setting up auxiliary I and S matrices: done in 0.000149012 secs using 1046% CPU
Constructing RapidNJ tree: done in 0.00257492 secs using 816.6% CPU
Computing RapidNJ tree took 0.002777 sec (of wall-clock time) 0.024667 sec (of CPU time)
Log-likelihood of RapidNJ tree: -3894.604
--------------------------------------------------------------------
|             INITIALIZING CANDIDATE TREE SET                      |
--------------------------------------------------------------------
Generating 98 parsimony trees... 0.086 second
Computing log-likelihood of 98 initial trees ... 0.305 seconds
Current best score: -3894.058

Do NNI search on 20 best initial trees
Estimate model parameters (epsilon = 0.100)
BETTER TREE FOUND at iteration 1: -3893.795
Estimate model parameters (epsilon = 0.100)
BETTER TREE FOUND at iteration 2: -3892.041
Iteration 10 / LogL: -3898.585 / Time: 0h:0m:0s
Iteration 20 / LogL: -3902.562 / Time: 0h:0m:1s
Finish initializing candidate tree set (20)
Current best tree score: -3892.041 / CPU time: 1.233
Number of iterations: 20
--------------------------------------------------------------------
|               OPTIMIZING CANDIDATE TREE SET                      |
--------------------------------------------------------------------
Estimate model parameters (epsilon = 0.100)
BETTER TREE FOUND at iteration 26: -3890.454
Iteration 30 / LogL: -3893.878 / Time: 0h:0m:2s (0h:0m:6s left)
BETTER TREE FOUND at iteration 35: -3890.454
Iteration 40 / LogL: -3890.455 / Time: 0h:0m:2s (0h:0m:6s left)
BETTER TREE FOUND at iteration 41: -3890.453
BETTER TREE FOUND at iteration 42: -3890.453
BETTER TREE FOUND at iteration 44: -3890.451
Iteration 50 / LogL: -3890.452 / Time: 0h:0m:3s (0h:0m:6s left)
BETTER TREE FOUND at iteration 53: -3890.451
Iteration 60 / LogL: -3891.602 / Time: 0h:0m:3s (0h:0m:6s left)
BETTER TREE FOUND at iteration 62: -3890.451
BETTER TREE FOUND at iteration 66: -3890.450
Iteration 70 / LogL: -3890.926 / Time: 0h:0m:4s (0h:0m:6s left)
Estimate model parameters (epsilon = 0.100)
BETTER TREE FOUND at iteration 72: -3889.986
BETTER TREE FOUND at iteration 74: -3889.985
Iteration 80 / LogL: -3896.801 / Time: 0h:0m:5s (0h:0m:6s left)
BETTER TREE FOUND at iteration 84: -3889.985
Iteration 90 / LogL: -3889.987 / Time: 0h:0m:5s (0h:0m:6s left)
BETTER TREE FOUND at iteration 91: -3889.984
BETTER TREE FOUND at iteration 93: -3889.984
Iteration 100 / LogL: -3891.446 / Time: 0h:0m:6s (0h:0m:6s left)
Iteration 110 / LogL: -3894.512 / Time: 0h:0m:7s (0h:0m:5s left)
BETTER TREE FOUND at iteration 119: -3889.984
Iteration 120 / LogL: -3889.984 / Time: 0h:0m:7s (0h:0m:6s left)
Iteration 130 / LogL: -3889.984 / Time: 0h:0m:8s (0h:0m:5s left)
Estimate model parameters (epsilon = 0.100)
BETTER TREE FOUND at iteration 131: -3889.148
Iteration 140 / LogL: -3890.052 / Time: 0h:0m:9s (0h:0m:5s left)
Iteration 150 / LogL: -3903.664 / Time: 0h:0m:9s (0h:0m:5s left)
BETTER TREE FOUND at iteration 157: -3889.148
Iteration 160 / LogL: -3890.053 / Time: 0h:0m:10s (0h:0m:6s left)
Iteration 170 / LogL: -3889.150 / Time: 0h:0m:11s (0h:0m:5s left)
BETTER TREE FOUND at iteration 173: -3889.147
Iteration 180 / LogL: -3889.148 / Time: 0h:0m:11s (0h:0m:6s left)
Iteration 190 / LogL: -3889.147 / Time: 0h:0m:12s (0h:0m:5s left)
Iteration 200 / LogL: -3889.150 / Time: 0h:0m:12s (0h:0m:4s left)
BETTER TREE FOUND at iteration 202: -3889.147
Iteration 210 / LogL: -3889.148 / Time: 0h:0m:13s (0h:0m:5s left)
BETTER TREE FOUND at iteration 212: -3889.147
BETTER TREE FOUND at iteration 214: -3889.146
Iteration 220 / LogL: -3892.089 / Time: 0h:0m:14s (0h:0m:6s left)
BETTER TREE FOUND at iteration 226: -3889.146
Iteration 230 / LogL: -3889.146 / Time: 0h:0m:14s (0h:0m:6s left)
Iteration 240 / LogL: -3889.149 / Time: 0h:0m:15s (0h:0m:5s left)
Iteration 250 / LogL: -3889.147 / Time: 0h:0m:16s (0h:0m:4s left)
Iteration 260 / LogL: -3889.149 / Time: 0h:0m:16s (0h:0m:4s left)
Iteration 270 / LogL: -3889.146 / Time: 0h:0m:17s (0h:0m:3s left)
Iteration 280 / LogL: -3889.146 / Time: 0h:0m:18s (0h:0m:2s left)
Iteration 290 / LogL: -3889.147 / Time: 0h:0m:18s (0h:0m:2s left)
BETTER TREE FOUND at iteration 297: -3889.146
Iteration 300 / LogL: -3889.147 / Time: 0h:0m:19s (0h:0m:6s left)
Iteration 310 / LogL: -3889.146 / Time: 0h:0m:20s (0h:0m:5s left)
BETTER TREE FOUND at iteration 312: -3889.146
Iteration 320 / LogL: -3889.146 / Time: 0h:0m:20s (0h:0m:5s left)
Iteration 330 / LogL: -3889.148 / Time: 0h:0m:21s (0h:0m:5s left)
Iteration 340 / LogL: -3889.151 / Time: 0h:0m:22s (0h:0m:4s left)
Iteration 350 / LogL: -3889.147 / Time: 0h:0m:22s (0h:0m:4s left)
Iteration 360 / LogL: -3889.589 / Time: 0h:0m:23s (0h:0m:3s left)
Iteration 370 / LogL: -3889.150 / Time: 0h:0m:24s (0h:0m:2s left)
BETTER TREE FOUND at iteration 376: -3889.146
Iteration 380 / LogL: -3889.146 / Time: 0h:0m:24s (0h:0m:6s left)
Iteration 390 / LogL: -3892.111 / Time: 0h:0m:25s (0h:0m:5s left)
BETTER TREE FOUND at iteration 392: -3889.146
Iteration 400 / LogL: -3889.146 / Time: 0h:0m:26s (0h:0m:6s left)
Iteration 410 / LogL: -3889.149 / Time: 0h:0m:26s (0h:0m:5s left)
BETTER TREE FOUND at iteration 413: -3889.146
BETTER TREE FOUND at iteration 414: -3889.145
Iteration 420 / LogL: -3889.148 / Time: 0h:0m:27s (0h:0m:6s left)
Iteration 430 / LogL: -3889.146 / Time: 0h:0m:28s (0h:0m:5s left)
Iteration 440 / LogL: -3892.961 / Time: 0h:0m:28s (0h:0m:4s left)
Iteration 450 / LogL: -3889.146 / Time: 0h:0m:29s (0h:0m:4s left)
Iteration 460 / LogL: -3889.146 / Time: 0h:0m:29s (0h:0m:3s left)
Iteration 470 / LogL: -3889.147 / Time: 0h:0m:30s (0h:0m:2s left)
Iteration 480 / LogL: -3904.268 / Time: 0h:0m:31s (0h:0m:2s left)
Iteration 490 / LogL: -3897.421 / Time: 0h:0m:31s (0h:0m:1s left)
Iteration 500 / LogL: -3894.614 / Time: 0h:0m:32s (0h:0m:0s left)
BETTER TREE FOUND at iteration 508: -3889.145
Iteration 510 / LogL: -3889.146 / Time: 0h:0m:33s (0h:0m:6s left)
BETTER TREE FOUND at iteration 516: -3889.145
Iteration 520 / LogL: -3889.149 / Time: 0h:0m:33s (0h:0m:6s left)
BETTER TREE FOUND at iteration 526: -3889.145
Iteration 530 / LogL: -3889.146 / Time: 0h:0m:34s (0h:0m:6s left)
Iteration 540 / LogL: -3889.146 / Time: 0h:0m:35s (0h:0m:5s left)
Iteration 550 / LogL: -3889.145 / Time: 0h:0m:35s (0h:0m:4s left)
Iteration 560 / LogL: -3889.145 / Time: 0h:0m:36s (0h:0m:4s left)
BETTER TREE FOUND at iteration 568: -3889.145
Iteration 570 / LogL: -3889.146 / Time: 0h:0m:36s (0h:0m:6s left)
Iteration 580 / LogL: -3889.145 / Time: 0h:0m:37s (0h:0m:5s left)
Iteration 590 / LogL: -3889.146 / Time: 0h:0m:38s (0h:0m:5s left)
Iteration 600 / LogL: -3890.899 / Time: 0h:0m:38s (0h:0m:4s left)
Iteration 610 / LogL: -3892.110 / Time: 0h:0m:39s (0h:0m:3s left)
BETTER TREE FOUND at iteration 613: -3889.145
Iteration 620 / LogL: -3892.447 / Time: 0h:0m:40s (0h:0m:6s left)
Iteration 630 / LogL: -3889.145 / Time: 0h:0m:40s (0h:0m:5s left)
Iteration 640 / LogL: -3893.698 / Time: 0h:0m:41s (0h:0m:4s left)
BETTER TREE FOUND at iteration 641: -3889.145
Iteration 650 / LogL: -3893.699 / Time: 0h:0m:42s (0h:0m:5s left)
Iteration 660 / LogL: -3889.148 / Time: 0h:0m:42s (0h:0m:5s left)
BETTER TREE FOUND at iteration 661: -3889.145
Iteration 670 / LogL: -3889.588 / Time: 0h:0m:43s (0h:0m:5s left)
Iteration 680 / LogL: -3889.149 / Time: 0h:0m:44s (0h:0m:5s left)
Iteration 690 / LogL: -3889.145 / Time: 0h:0m:44s (0h:0m:4s left)
Iteration 700 / LogL: -3889.146 / Time: 0h:0m:45s (0h:0m:3s left)
Iteration 710 / LogL: -3889.145 / Time: 0h:0m:45s (0h:0m:3s left)
Iteration 720 / LogL: -3889.146 / Time: 0h:0m:46s (0h:0m:2s left)
Iteration 730 / LogL: -3889.147 / Time: 0h:0m:47s (0h:0m:2s left)
Iteration 740 / LogL: -3889.147 / Time: 0h:0m:47s (0h:0m:1s left)
Iteration 750 / LogL: -3892.109 / Time: 0h:0m:48s (0h:0m:0s left)
BETTER TREE FOUND at iteration 754: -3889.145
Iteration 760 / LogL: -3889.147 / Time: 0h:0m:49s (0h:0m:6s left)
Iteration 770 / LogL: -3904.744 / Time: 0h:0m:50s (0h:0m:5s left)
BETTER TREE FOUND at iteration 771: -3889.145
BETTER TREE FOUND at iteration 779: -3889.144
Iteration 780 / LogL: -3889.147 / Time: 0h:0m:50s (0h:0m:6s left)
Iteration 790 / LogL: -3889.145 / Time: 0h:0m:51s (0h:0m:5s left)
Iteration 800 / LogL: -3890.895 / Time: 0h:0m:52s (0h:0m:5s left)
Iteration 810 / LogL: -3889.147 / Time: 0h:0m:52s (0h:0m:4s left)
Iteration 820 / LogL: -3889.145 / Time: 0h:0m:53s (0h:0m:3s left)
Iteration 830 / LogL: -3892.962 / Time: 0h:0m:54s (0h:0m:3s left)
Iteration 840 / LogL: -3889.146 / Time: 0h:0m:54s (0h:0m:2s left)
Iteration 850 / LogL: -3889.146 / Time: 0h:0m:55s (0h:0m:1s left)
Iteration 860 / LogL: -3893.133 / Time: 0h:0m:56s (0h:0m:1s left)
Iteration 870 / LogL: -3889.144 / Time: 0h:0m:56s (0h:0m:0s left)
BETTER TREE FOUND at iteration 874: -3889.144
Iteration 880 / LogL: -3892.110 / Time: 0h:0m:57s (0h:0m:6s left)
Iteration 890 / LogL: -3889.145 / Time: 0h:0m:58s (0h:0m:5s left)
Iteration 900 / LogL: -3889.144 / Time: 0h:0m:58s (0h:0m:4s left)
Iteration 910 / LogL: -3889.148 / Time: 0h:0m:59s (0h:0m:4s left)
BETTER TREE FOUND at iteration 915: -3889.144
Iteration 920 / LogL: -3889.144 / Time: 0h:1m:0s (0h:0m:6s left)
Iteration 930 / LogL: -3891.015 / Time: 0h:1m:1s (0h:0m:5s left)
BETTER TREE FOUND at iteration 936: -3889.143
Iteration 940 / LogL: -3889.146 / Time: 0h:1m:1s (0h:0m:6s left)
Iteration 950 / LogL: -3889.151 / Time: 0h:1m:2s (0h:0m:5s left)
Iteration 960 / LogL: -3913.385 / Time: 0h:1m:2s (0h:0m:4s left)
Iteration 970 / LogL: -3898.969 / Time: 0h:1m:3s (0h:0m:4s left)
BETTER TREE FOUND at iteration 973: -3889.143
Iteration 980 / LogL: -3889.144 / Time: 0h:1m:4s (0h:0m:6s left)
Iteration 990 / LogL: -3894.482 / Time: 0h:1m:4s (0h:0m:5s left)
Iteration 1000 / LogL: -3889.144 / Time: 0h:1m:5s (0h:0m:4s left)
Iteration 1010 / LogL: -3889.144 / Time: 0h:1m:6s (0h:0m:4s left)
Iteration 1020 / LogL: -3894.509 / Time: 0h:1m:6s (0h:0m:3s left)
Iteration 1030 / LogL: -3889.146 / Time: 0h:1m:7s (0h:0m:2s left)
Iteration 1040 / LogL: -3889.149 / Time: 0h:1m:8s (0h:0m:2s left)
Iteration 1050 / LogL: -3889.144 / Time: 0h:1m:8s (0h:0m:1s left)
Iteration 1060 / LogL: -3889.144 / Time: 0h:1m:9s (0h:0m:0s left)
BETTER TREE FOUND at iteration 1064: -3889.143
Iteration 1070 / LogL: -3889.145 / Time: 0h:1m:10s (0h:0m:6s left)
Iteration 1080 / LogL: -3890.510 / Time: 0h:1m:10s (0h:0m:5s left)
Iteration 1090 / LogL: -3889.149 / Time: 0h:1m:11s (0h:0m:4s left)
Iteration 1100 / LogL: -3889.146 / Time: 0h:1m:12s (0h:0m:4s left)
Iteration 1110 / LogL: -3889.146 / Time: 0h:1m:13s (0h:0m:3s left)
Iteration 1120 / LogL: -3890.632 / Time: 0h:1m:13s (0h:0m:2s left)
BETTER TREE FOUND at iteration 1122: -3889.143
Iteration 1130 / LogL: -3889.152 / Time: 0h:1m:14s (0h:0m:6s left)
Iteration 1140 / LogL: -3889.146 / Time: 0h:1m:14s (0h:0m:5s left)
Iteration 1150 / LogL: -3889.147 / Time: 0h:1m:15s (0h:0m:4s left)
Iteration 1160 / LogL: -3889.144 / Time: 0h:1m:16s (0h:0m:4s left)
Iteration 1170 / LogL: -3893.720 / Time: 0h:1m:16s (0h:0m:3s left)
Iteration 1180 / LogL: -3889.144 / Time: 0h:1m:17s (0h:0m:2s left)
Iteration 1190 / LogL: -3893.696 / Time: 0h:1m:18s (0h:0m:2s left)
BETTER TREE FOUND at iteration 1195: -3889.143
Iteration 1200 / LogL: -3889.146 / Time: 0h:1m:18s (0h:0m:6s left)
BETTER TREE FOUND at iteration 1205: -3889.143
BETTER TREE FOUND at iteration 1206: -3889.143
Iteration 1210 / LogL: -3889.149 / Time: 0h:1m:19s (0h:0m:6s left)
Iteration 1220 / LogL: -3889.143 / Time: 0h:1m:19s (0h:0m:5s left)
Iteration 1230 / LogL: -3890.057 / Time: 0h:1m:20s (0h:0m:4s left)
Iteration 1240 / LogL: -3889.151 / Time: 0h:1m:21s (0h:0m:4s left)
Iteration 1250 / LogL: -3892.959 / Time: 0h:1m:21s (0h:0m:3s left)
BETTER TREE FOUND at iteration 1256: -3889.143
BETTER TREE FOUND at iteration 1257: -3889.143
Iteration 1260 / LogL: -3889.145 / Time: 0h:1m:22s (0h:0m:6s left)
Iteration 1270 / LogL: -3890.057 / Time: 0h:1m:23s (0h:0m:5s left)
Iteration 1280 / LogL: -3896.863 / Time: 0h:1m:23s (0h:0m:5s left)
Iteration 1290 / LogL: -3889.144 / Time: 0h:1m:24s (0h:0m:4s left)
Iteration 1300 / LogL: -3889.145 / Time: 0h:1m:24s (0h:0m:3s left)
Iteration 1310 / LogL: -3889.144 / Time: 0h:1m:25s (0h:0m:3s left)
Iteration 1320 / LogL: -3889.143 / Time: 0h:1m:26s (0h:0m:2s left)
Iteration 1330 / LogL: -3889.144 / Time: 0h:1m:26s (0h:0m:1s left)
BETTER TREE FOUND at iteration 1337: -3889.143
Iteration 1340 / LogL: -3889.146 / Time: 0h:1m:27s (0h:0m:6s left)
Iteration 1350 / LogL: -3891.201 / Time: 0h:1m:27s (0h:0m:5s left)
Iteration 1360 / LogL: -3889.144 / Time: 0h:1m:28s (0h:0m:5s left)
Iteration 1370 / LogL: -3889.144 / Time: 0h:1m:29s (0h:0m:4s left)
Iteration 1380 / LogL: -3889.145 / Time: 0h:1m:29s (0h:0m:3s left)
Iteration 1390 / LogL: -3889.144 / Time: 0h:1m:30s (0h:0m:3s left)
Iteration 1400 / LogL: -3889.143 / Time: 0h:1m:30s (0h:0m:2s left)
Iteration 1410 / LogL: -3889.144 / Time: 0h:1m:31s (0h:0m:1s left)
Iteration 1420 / LogL: -3889.143 / Time: 0h:1m:32s (0h:0m:1s left)
Iteration 1430 / LogL: -3889.145 / Time: 0h:1m:32s (0h:0m:0s left)
BETTER TREE FOUND at iteration 1437: -3889.143
Iteration 1440 / LogL: -3889.143 / Time: 0h:1m:33s (0h:0m:6s left)
Iteration 1450 / LogL: -3889.144 / Time: 0h:1m:34s (0h:0m:5s left)
Iteration 1460 / LogL: -3889.144 / Time: 0h:1m:34s (0h:0m:5s left)
BETTER TREE FOUND at iteration 1466: -3889.143
Iteration 1470 / LogL: -3889.147 / Time: 0h:1m:35s (0h:0m:6s left)
Iteration 1480 / LogL: -3892.960 / Time: 0h:1m:36s (0h:0m:5s left)
Iteration 1490 / LogL: -3890.630 / Time: 0h:1m:36s (0h:0m:4s left)
BETTER TREE FOUND at iteration 1497: -3889.143
Iteration 1500 / LogL: -3892.958 / Time: 0h:1m:37s (0h:0m:6s left)
Iteration 1510 / LogL: -3889.585 / Time: 0h:1m:38s (0h:0m:5s left)
Iteration 1520 / LogL: -3889.147 / Time: 0h:1m:38s (0h:0m:5s left)
Iteration 1530 / LogL: -3889.601 / Time: 0h:1m:39s (0h:0m:4s left)
BETTER TREE FOUND at iteration 1534: -3889.143
Iteration 1540 / LogL: -3889.143 / Time: 0h:1m:40s (0h:0m:6s left)
Iteration 1550 / LogL: -3893.709 / Time: 0h:1m:40s (0h:0m:5s left)
Iteration 1560 / LogL: -3889.143 / Time: 0h:1m:41s (0h:0m:4s left)
Iteration 1570 / LogL: -3889.143 / Time: 0h:1m:42s (0h:0m:4s left)
Iteration 1580 / LogL: -3892.087 / Time: 0h:1m:42s (0h:0m:3s left)
Iteration 1590 / LogL: -3889.145 / Time: 0h:1m:43s (0h:0m:2s left)
Iteration 1600 / LogL: -3909.808 / Time: 0h:1m:44s (0h:0m:2s left)
Iteration 1610 / LogL: -3889.144 / Time: 0h:1m:44s (0h:0m:1s left)
Iteration 1620 / LogL: -3889.584 / Time: 0h:1m:45s (0h:0m:0s left)
Iteration 1630 / LogL: -3889.145 / Time: 0h:1m:46s (0h:0m:0s left)
TREE SEARCH COMPLETED AFTER 1635 ITERATIONS / Time: 0h:1m:46s

--------------------------------------------------------------------
|                    FINALIZING TREE SEARCH                        |
--------------------------------------------------------------------
Performs final model parameters optimization
Estimate model parameters (epsilon = 0.010)
1. Initial log-likelihood: -3889.143
Optimal log-likelihood: -3889.142
Rate parameters:  A-C: 2.48466  A-G: 2.88857  A-T: 1.23661  C-G: 0.90615  C-T: 14.19693  G-T: 1.00000
Base frequencies:  A: 0.367  C: 0.188  G: 0.221  T: 0.225
Gamma shape alpha: 0.020
Parameters optimization took 1 rounds (0.009 sec)
BEST SCORE FOUND : -3889.142
Total tree length: 0.155

Total number of iterations: 1635
CPU time used for tree search: 773.270 sec (0h:12m:53s)
Wall-clock time used for tree search: 106.221 sec (0h:1m:46s)
Total CPU time used: 774.117 sec (0h:12m:54s)
Total wall-clock time used: 106.329 sec (0h:1m:46s)

Analysis results written to: 
  IQ-TREE report:                /workspace/IQTree_8_cores_JarvD5a_Results/exon_10375.iqtree
  Maximum-likelihood tree:       /workspace/IQTree_8_cores_JarvD5a_Results/exon_10375.treefile
  Likelihood distances:          /workspace/IQTree_8_cores_JarvD5a_Results/exon_10375.mldist
  Screen log file:               /workspace/IQTree_8_cores_JarvD5a_Results/exon_10375.log

Date and Time: Wed May 27 11:55:01 2026
