IQ-TREE version 3.1.2 for Linux x86 64-bit built May  7 2026
Developed by Bui Quang Minh, Thomas Wong, Nhan Ly-Trong, Huaiyan Ren
Contributed by Lam-Tung Nguyen, Dominik Schrempf, Chris Bielow,
Olga Chernomor, Michael Woodhams, Diep Thi Hoang, Heiko Schmidt

Host:    8084c4e79f09 (AVX512, FMA3, 1133 GB RAM)
Command: /workspace/iqtree-3.1.2-Linux/bin/iqtree3_intel -s /workspace/NeuralNJ/empirical/JarvD5a/exon_9543.fasta -st DNA -m GTR+G -T 8 -seed 2201 -pre /workspace/IQTree_8_cores_JarvD5a_Results/exon_9543 -quiet
Seed:    2201 (Using SPRNG - Scalable Parallel Random Number Generator)
Time:    Sat May 30 00:49:39 2026
Kernel:  AVX+FMA - 8 threads (384 CPU cores detected)

Reading alignment file /workspace/NeuralNJ/empirical/JarvD5a/exon_9543.fasta ... Fasta format detected
Reading fasta file: done in 0.000290871 secs using 19.94% CPU
Alignment most likely contains DNA/RNA sequences
Constructing alignment: done in 0.000311136 secs using 105.4% CPU
Alignment has 46 sequences with 218 columns, 152 distinct patterns
57 parsimony-informative, 45 singleton sites, 116 constant sites
       Gap/Ambiguity  Composition  p-value
Analyzing sequences: done in 1.09673e-05 secs using 100.3% CPU
   1  ACACH    7.34%    passed     98.69%
   2  ANAPL   53.21%    passed     40.73%
   3  APAVI    7.34%    passed     89.81%
   4  APTFO    8.26%    passed     99.99%
   5  BALRE    8.26%    passed     97.46%
   6  BUCRH    8.26%    passed     98.25%
   7  CALAN    7.34%    passed     85.12%
   8  CAPCA   22.02%    passed     82.67%
   9  CARCR    6.42%    passed     99.93%
  10  CATAU   11.01%    passed     90.70%
  11  CHAPE    7.34%    passed     93.94%
  12  CHAVO    6.42%    passed     97.96%
  13  CHLUN    7.34%    passed     90.65%
  14  COLLI   25.69%    passed     54.92%
  15  COLST   24.77%    passed     42.25%
  16  CORBR    7.34%    passed     79.43%
  17  CUCCA    6.42%    passed     92.32%
  18  EGRGA   23.85%    passed     99.31%
  19  EURHE    7.34%    passed     97.86%
  20  FALPE    6.42%    passed     98.79%
  21  FULGL   47.71%    passed     57.13%
  22  GALGA   10.09%    passed     76.86%
  23  GAVST    7.34%    passed     98.63%
  24  GEOFO    7.34%    passed     84.29%
  25  HALAL    6.42%    passed     97.09%
  26  HALLE    6.42%    passed     96.62%
  27  LEPDI    8.26%    passed     99.01%
  28  MANVI   15.14%    passed     82.77%
  29  MELGA   10.09%    passed     61.02%
  30  MELUN   10.09%    passed     89.61%
  31  MERNU    6.42%    passed     96.62%
  32  MESUN   25.69%    passed     71.87%
  33  NESNO    6.42%    passed     93.13%
  34  NIPNI   11.93%    passed     96.25%
  35  OPHHO    6.42%    passed     87.29%
  36  PELCR    8.26%    passed     99.86%
  37  PHACA   22.02%    passed     98.86%
  38  PHALE   31.19%    passed     95.71%
  39  PHORU   34.40%    passed     89.27%
  40  PICPU    8.26%    passed     97.95%
  41  PODCR   11.01%    passed     86.69%
  42  PYGAD    7.34%    passed     91.33%
  43  STRCA   25.69%    passed     78.24%
  44  TAEGU    6.42%    passed     89.14%
  45  TAUER   10.09%    passed     99.87%
  46  TINMA    7.34%    passed     98.11%
WARNING: 1 sequences contain more than 50% gaps/ambiguity
****  TOTAL   13.48%  0 sequences failed composition chi2 test (p-value<5%; df=3)
Checking for duplicate sequences: done in 0.00011301 secs using 847.7% CPU

Create initial parsimony tree by phylogenetic likelihood library (PLL)... 0.001 seconds

NOTE: 0 MB RAM (0 GB) is required!
WARNING: Number of threads seems too high for short alignments. Use -T AUTO to determine best number of threads.
Estimate model parameters (epsilon = 0.100)
1. Initial log-likelihood: -1687.721
2. Current log-likelihood: -1600.299
3. Current log-likelihood: -1596.423
Optimal log-likelihood: -1596.384
Rate parameters:  A-C: 1.80644  A-G: 3.41112  A-T: 0.52559  C-G: 0.45837  C-T: 5.15889  G-T: 1.00000
Base frequencies:  A: 0.290  C: 0.232  G: 0.309  T: 0.169
Gamma shape alpha: 0.441
Parameters optimization took 3 rounds (0.054 sec)
Wrote distance file to... 
Computing ML distances based on estimated model parameters...
Calculating distance matrix: done in 0.000537157 secs using 783.6% CPU
Computing ML distances took 0.000583 sec (of wall-clock time) 0.004413 sec (of CPU time)
Setting up auxiliary I and S matrices: done in 8.98838e-05 secs using 837.7% CPU
Constructing RapidNJ tree: done in 0.00227189 secs using 781.9% CPU
Computing RapidNJ tree took 0.002393 sec (of wall-clock time) 0.021681 sec (of CPU time)
Log-likelihood of RapidNJ tree: -1601.655
--------------------------------------------------------------------
|             INITIALIZING CANDIDATE TREE SET                      |
--------------------------------------------------------------------
Generating 98 parsimony trees... 0.100 second
Computing log-likelihood of 98 initial trees ... 0.328 seconds
Current best score: -1589.540

Do NNI search on 20 best initial trees
Estimate model parameters (epsilon = 0.100)
BETTER TREE FOUND at iteration 1: -1584.679
Iteration 10 / LogL: -1586.041 / Time: 0h:0m:1s
Estimate model parameters (epsilon = 0.100)
BETTER TREE FOUND at iteration 20: -1583.574
Iteration 20 / LogL: -1583.574 / Time: 0h:0m:2s
Finish initializing candidate tree set (20)
Current best tree score: -1583.574 / CPU time: 2.251
Number of iterations: 20
--------------------------------------------------------------------
|               OPTIMIZING CANDIDATE TREE SET                      |
--------------------------------------------------------------------
Estimate model parameters (epsilon = 0.100)
BETTER TREE FOUND at iteration 30: -1582.975
Iteration 30 / LogL: -1582.975 / Time: 0h:0m:3s (0h:0m:11s left)
Estimate model parameters (epsilon = 0.100)
BETTER TREE FOUND at iteration 37: -1582.577
Estimate model parameters (epsilon = 0.100)
BETTER TREE FOUND at iteration 40: -1582.270
Iteration 40 / LogL: -1582.270 / Time: 0h:0m:4s (0h:0m:10s left)
Estimate model parameters (epsilon = 0.100)
BETTER TREE FOUND at iteration 44: -1577.952
Iteration 50 / LogL: -1579.198 / Time: 0h:0m:5s (0h:0m:10s left)
BETTER TREE FOUND at iteration 58: -1577.951
Iteration 60 / LogL: -1589.885 / Time: 0h:0m:6s (0h:0m:10s left)
Iteration 70 / LogL: -1589.463 / Time: 0h:0m:7s (0h:0m:9s left)
Iteration 80 / LogL: -1579.602 / Time: 0h:0m:8s (0h:0m:8s left)
Iteration 90 / LogL: -1577.951 / Time: 0h:0m:9s (0h:0m:7s left)
Iteration 100 / LogL: -1581.725 / Time: 0h:0m:10s (0h:0m:6s left)
Iteration 110 / LogL: -1582.687 / Time: 0h:0m:11s (0h:0m:5s left)
Iteration 120 / LogL: -1577.951 / Time: 0h:0m:12s (0h:0m:4s left)
UPDATE BEST LOG-LIKELIHOOD: -1577.951
Iteration 130 / LogL: -1577.951 / Time: 0h:0m:13s (0h:0m:3s left)
Iteration 140 / LogL: -1578.054 / Time: 0h:0m:14s (0h:0m:1s left)
Iteration 150 / LogL: -1581.063 / Time: 0h:0m:15s (0h:0m:0s left)
Estimate model parameters (epsilon = 0.100)
BETTER TREE FOUND at iteration 154: -1577.166
Iteration 160 / LogL: -1580.559 / Time: 0h:0m:17s (0h:0m:10s left)
BETTER TREE FOUND at iteration 168: -1577.166
Iteration 170 / LogL: -1577.983 / Time: 0h:0m:18s (0h:0m:10s left)
Iteration 180 / LogL: -1577.166 / Time: 0h:0m:19s (0h:0m:9s left)
BETTER TREE FOUND at iteration 182: -1577.166
Iteration 190 / LogL: -1577.249 / Time: 0h:0m:20s (0h:0m:9s left)
Iteration 200 / LogL: -1578.443 / Time: 0h:0m:21s (0h:0m:8s left)
Iteration 210 / LogL: -1581.376 / Time: 0h:0m:22s (0h:0m:7s left)
Iteration 220 / LogL: -1583.873 / Time: 0h:0m:23s (0h:0m:6s left)
Iteration 230 / LogL: -1582.052 / Time: 0h:0m:24s (0h:0m:5s left)
Iteration 240 / LogL: -1577.166 / Time: 0h:0m:26s (0h:0m:4s left)
Iteration 250 / LogL: -1577.167 / Time: 0h:0m:27s (0h:0m:3s left)
Iteration 260 / LogL: -1577.166 / Time: 0h:0m:28s (0h:0m:2s left)
Iteration 270 / LogL: -1578.822 / Time: 0h:0m:29s (0h:0m:1s left)
Iteration 280 / LogL: -1581.332 / Time: 0h:0m:30s (0h:0m:0s left)
TREE SEARCH COMPLETED AFTER 283 ITERATIONS / Time: 0h:0m:31s

--------------------------------------------------------------------
|                    FINALIZING TREE SEARCH                        |
--------------------------------------------------------------------
Performs final model parameters optimization
Estimate model parameters (epsilon = 0.010)
1. Initial log-likelihood: -1577.166
Optimal log-likelihood: -1577.165
Rate parameters:  A-C: 1.83926  A-G: 3.41548  A-T: 0.39172  C-G: 0.43047  C-T: 4.79837  G-T: 1.00000
Base frequencies:  A: 0.290  C: 0.232  G: 0.309  T: 0.169
Gamma shape alpha: 0.437
Parameters optimization took 1 rounds (0.007 sec)
BEST SCORE FOUND : -1577.165
Total tree length: 1.781

Total number of iterations: 283
CPU time used for tree search: 248.256 sec (0h:4m:8s)
Wall-clock time used for tree search: 31.052 sec (0h:0m:31s)
Total CPU time used: 248.975 sec (0h:4m:8s)
Total wall-clock time used: 31.141 sec (0h:0m:31s)

Analysis results written to: 
  IQ-TREE report:                /workspace/IQTree_8_cores_JarvD5a_Results/exon_9543.iqtree
  Maximum-likelihood tree:       /workspace/IQTree_8_cores_JarvD5a_Results/exon_9543.treefile
  Likelihood distances:          /workspace/IQTree_8_cores_JarvD5a_Results/exon_9543.mldist
  Screen log file:               /workspace/IQTree_8_cores_JarvD5a_Results/exon_9543.log

Date and Time: Sat May 30 00:50:10 2026
