IQ-TREE version 3.1.2 for Linux x86 64-bit built May  7 2026
Developed by Bui Quang Minh, Thomas Wong, Nhan Ly-Trong, Huaiyan Ren
Contributed by Lam-Tung Nguyen, Dominik Schrempf, Chris Bielow,
Olga Chernomor, Michael Woodhams, Diep Thi Hoang, Heiko Schmidt

Host:    8084c4e79f09 (AVX512, FMA3, 1133 GB RAM)
Command: /workspace/iqtree-3.1.2-Linux/bin/iqtree3_intel -s /workspace/NeuralNJ/empirical/JarvD5a/exon_11543.fasta -st DNA -m GTR+G -T 8 -seed 2201 -pre /workspace/IQTree_8_cores_JarvD5a_Results/exon_11543 -quiet
Seed:    2201 (Using SPRNG - Scalable Parallel Random Number Generator)
Time:    Wed May 27 21:23:51 2026
Kernel:  AVX+FMA - 8 threads (384 CPU cores detected)

Reading alignment file /workspace/NeuralNJ/empirical/JarvD5a/exon_11543.fasta ... Fasta format detected
Reading fasta file: done in 0.000762939 secs using 0.9175% CPU
Alignment most likely contains DNA/RNA sequences
Constructing alignment: done in 0.00238204 secs using 670.2% CPU
Alignment has 45 sequences with 1810 columns, 218 distinct patterns
84 parsimony-informative, 74 singleton sites, 1652 constant sites
       Gap/Ambiguity  Composition  p-value
Analyzing sequences: done in 9.77516e-06 secs using 102.3% CPU
   1  ACACH    0.00%    passed     98.43%
   2  ANAPL    0.22%    passed     99.18%
   3  APAVI   38.23%    passed     49.27%
   4  APTFO    2.32%    passed     97.60%
   5  BALRE    0.11%    passed     99.90%
   6  BUCRH   30.72%    passed     61.02%
   7  CALAN    0.11%    passed     99.67%
   8  CAPCA    5.64%    passed     98.93%
   9  CARCR    5.64%    passed     99.17%
  10  CATAU    0.11%    passed     99.71%
  11  CHAPE    0.11%    passed     99.80%
  12  CHAVO    9.83%    passed     25.95%
  13  COLLI    0.11%    passed     99.81%
  14  COLST   38.23%    passed     41.08%
  15  CORBR    0.11%    passed     98.67%
  16  CUCCA    0.11%    passed     99.90%
  17  EGRGA    0.11%    passed     99.90%
  18  EURHE   20.55%    passed     99.98%
  19  FALPE    0.11%    passed     99.67%
  20  FULGL    0.11%    passed     99.98%
  21  GALGA    6.08%    passed     97.96%
  22  GAVST    0.11%    passed     99.81%
  23  GEOFO    0.11%    passed     99.48%
  24  HALAL    0.11%    passed     99.85%
  25  HALLE    4.64%    passed     93.12%
  26  LEPDI    0.11%    passed     99.93%
  27  MELGA    0.66%    passed     99.78%
  28  MELUN    0.11%    passed     99.11%
  29  MERNU    0.11%    passed     99.33%
  30  MESUN    0.11%    passed     97.25%
  31  NESNO   33.04%    passed     23.19%
  32  NIPNI    0.11%    passed     99.75%
  33  OPHHO    0.11%    passed     99.76%
  34  PELCR   12.82%    passed     95.14%
  35  PHACA   29.94%    passed     12.01%
  36  PHALE    0.11%    passed     99.80%
  37  PHORU   20.55%    passed     99.83%
  38  PICPU    0.11%    passed     99.82%
  39  PODCR   21.66%    passed     83.25%
  40  PTEGU   24.09%    passed     87.48%
  41  PYGAD    0.11%    passed     99.94%
  42  STRCA    0.11%    passed     99.60%
  43  TAEGU    0.11%    passed     97.88%
  44  TINMA    0.11%    passed     95.40%
  45  TYTAL   29.94%    passed     14.53%
****  TOTAL    7.50%  0 sequences failed composition chi2 test (p-value<5%; df=3)
Checking for duplicate sequences: done in 0.000120163 secs using 804.7% CPU

Create initial parsimony tree by phylogenetic likelihood library (PLL)... 0.001 seconds

NOTE: 1 MB RAM (0 GB) is required!
WARNING: Number of threads seems too high for short alignments. Use -T AUTO to determine best number of threads.
Estimate model parameters (epsilon = 0.100)
1. Initial log-likelihood: -4540.800
2. Current log-likelihood: -4335.756
3. Current log-likelihood: -4333.350
Optimal log-likelihood: -4333.321
Rate parameters:  A-C: 8.43502  A-G: 8.34360  A-T: 1.15973  C-G: 5.95786  C-T: 28.63801  G-T: 1.00000
Base frequencies:  A: 0.238  C: 0.222  G: 0.240  T: 0.299
Gamma shape alpha: 0.020
Parameters optimization took 3 rounds (0.121 sec)
Wrote distance file to... 
Computing ML distances based on estimated model parameters...
Calculating distance matrix: done in 0.00196505 secs using 795.1% CPU
Computing ML distances took 0.002014 sec (of wall-clock time) 0.015811 sec (of CPU time)
Setting up auxiliary I and S matrices: done in 9.91821e-05 secs using 872.1% CPU
Constructing RapidNJ tree: done in 0.00249195 secs using 722.7% CPU
Computing RapidNJ tree took 0.002647 sec (of wall-clock time) 0.023297 sec (of CPU time)
Log-likelihood of RapidNJ tree: -4340.017
--------------------------------------------------------------------
|             INITIALIZING CANDIDATE TREE SET                      |
--------------------------------------------------------------------
Generating 98 parsimony trees... 0.103 second
Computing log-likelihood of 98 initial trees ... 0.380 seconds
Current best score: -4307.635

Do NNI search on 20 best initial trees
Estimate model parameters (epsilon = 0.100)
BETTER TREE FOUND at iteration 1: -4306.845
Iteration 10 / LogL: -4307.127 / Time: 0h:0m:1s
Iteration 20 / LogL: -4313.506 / Time: 0h:0m:2s
Finish initializing candidate tree set (20)
Current best tree score: -4306.845 / CPU time: 1.900
Number of iterations: 20
--------------------------------------------------------------------
|               OPTIMIZING CANDIDATE TREE SET                      |
--------------------------------------------------------------------
Estimate model parameters (epsilon = 0.100)
BETTER TREE FOUND at iteration 24: -4306.643
Estimate model parameters (epsilon = 0.100)
BETTER TREE FOUND at iteration 30: -4306.500
Iteration 30 / LogL: -4306.500 / Time: 0h:0m:2s (0h:0m:9s left)
Iteration 40 / LogL: -4339.188 / Time: 0h:0m:3s (0h:0m:8s left)
BETTER TREE FOUND at iteration 45: -4306.499
Estimate model parameters (epsilon = 0.100)
BETTER TREE FOUND at iteration 47: -4306.381
BETTER TREE FOUND at iteration 50: -4306.380
Iteration 50 / LogL: -4306.380 / Time: 0h:0m:4s (0h:0m:9s left)
Iteration 60 / LogL: -4306.381 / Time: 0h:0m:5s (0h:0m:8s left)
BETTER TREE FOUND at iteration 62: -4306.380
Iteration 70 / LogL: -4307.714 / Time: 0h:0m:6s (0h:0m:8s left)
Iteration 80 / LogL: -4341.886 / Time: 0h:0m:6s (0h:0m:7s left)
Iteration 90 / LogL: -4316.633 / Time: 0h:0m:7s (0h:0m:6s left)
Iteration 100 / LogL: -4307.570 / Time: 0h:0m:8s (0h:0m:5s left)
Iteration 110 / LogL: -4306.380 / Time: 0h:0m:9s (0h:0m:4s left)
Iteration 120 / LogL: -4306.381 / Time: 0h:0m:10s (0h:0m:3s left)
Iteration 130 / LogL: -4311.672 / Time: 0h:0m:10s (0h:0m:2s left)
Iteration 140 / LogL: -4308.318 / Time: 0h:0m:11s (0h:0m:1s left)
Iteration 150 / LogL: -4306.400 / Time: 0h:0m:12s (0h:0m:1s left)
BETTER TREE FOUND at iteration 158: -4306.373
Iteration 160 / LogL: -4306.382 / Time: 0h:0m:13s (0h:0m:8s left)
Iteration 170 / LogL: -4312.703 / Time: 0h:0m:14s (0h:0m:7s left)
BETTER TREE FOUND at iteration 176: -4306.373
BETTER TREE FOUND at iteration 178: -4306.372
Iteration 180 / LogL: -4338.692 / Time: 0h:0m:14s (0h:0m:8s left)
BETTER TREE FOUND at iteration 184: -4306.371
BETTER TREE FOUND at iteration 188: -4306.371
Iteration 190 / LogL: -4313.237 / Time: 0h:0m:15s (0h:0m:8s left)
Iteration 200 / LogL: -4306.371 / Time: 0h:0m:16s (0h:0m:7s left)
Iteration 210 / LogL: -4306.480 / Time: 0h:0m:17s (0h:0m:6s left)
Iteration 220 / LogL: -4306.373 / Time: 0h:0m:18s (0h:0m:5s left)
Iteration 230 / LogL: -4312.797 / Time: 0h:0m:19s (0h:0m:4s left)
BETTER TREE FOUND at iteration 233: -4306.370
Iteration 240 / LogL: -4306.376 / Time: 0h:0m:20s (0h:0m:7s left)
Iteration 250 / LogL: -4306.371 / Time: 0h:0m:20s (0h:0m:6s left)
Iteration 260 / LogL: -4306.483 / Time: 0h:0m:21s (0h:0m:6s left)
Iteration 270 / LogL: -4306.371 / Time: 0h:0m:22s (0h:0m:5s left)
Iteration 280 / LogL: -4336.801 / Time: 0h:0m:23s (0h:0m:4s left)
Iteration 290 / LogL: -4308.194 / Time: 0h:0m:24s (0h:0m:3s left)
Iteration 300 / LogL: -4306.374 / Time: 0h:0m:25s (0h:0m:2s left)
UPDATE BEST LOG-LIKELIHOOD: -4306.370
Iteration 310 / LogL: -4336.802 / Time: 0h:0m:25s (0h:0m:1s left)
Iteration 320 / LogL: -4308.768 / Time: 0h:0m:26s (0h:0m:1s left)
Iteration 330 / LogL: -4306.484 / Time: 0h:0m:27s (0h:0m:0s left)
TREE SEARCH COMPLETED AFTER 334 ITERATIONS / Time: 0h:0m:27s

--------------------------------------------------------------------
|                    FINALIZING TREE SEARCH                        |
--------------------------------------------------------------------
Performs final model parameters optimization
Estimate model parameters (epsilon = 0.010)
1. Initial log-likelihood: -4306.370
Optimal log-likelihood: -4306.369
Rate parameters:  A-C: 8.61753  A-G: 8.22178  A-T: 1.19332  C-G: 5.82266  C-T: 28.81844  G-T: 1.00000
Base frequencies:  A: 0.238  C: 0.222  G: 0.240  T: 0.299
Gamma shape alpha: 0.020
Parameters optimization took 1 rounds (0.009 sec)
BEST SCORE FOUND : -4306.369
Total tree length: 0.186

Total number of iterations: 334
CPU time used for tree search: 205.789 sec (0h:3m:25s)
Wall-clock time used for tree search: 27.684 sec (0h:0m:27s)
Total CPU time used: 206.864 sec (0h:3m:26s)
Total wall-clock time used: 27.854 sec (0h:0m:27s)

Analysis results written to: 
  IQ-TREE report:                /workspace/IQTree_8_cores_JarvD5a_Results/exon_11543.iqtree
  Maximum-likelihood tree:       /workspace/IQTree_8_cores_JarvD5a_Results/exon_11543.treefile
  Likelihood distances:          /workspace/IQTree_8_cores_JarvD5a_Results/exon_11543.mldist
  Screen log file:               /workspace/IQTree_8_cores_JarvD5a_Results/exon_11543.log

Date and Time: Wed May 27 21:24:18 2026
