IQ-TREE version 3.1.2 for Linux x86 64-bit built May  7 2026
Developed by Bui Quang Minh, Thomas Wong, Nhan Ly-Trong, Huaiyan Ren
Contributed by Lam-Tung Nguyen, Dominik Schrempf, Chris Bielow,
Olga Chernomor, Michael Woodhams, Diep Thi Hoang, Heiko Schmidt

Host:    8084c4e79f09 (AVX512, FMA3, 1133 GB RAM)
Command: /workspace/iqtree-3.1.2-Linux/bin/iqtree3_intel -s /workspace/NeuralNJ/empirical/JarvD5a/exon_1411.fasta -st DNA -m GTR+G -T 8 -seed 2201 -pre /workspace/IQTree_8_cores_JarvD5a_Results/exon_1411 -quiet
Seed:    2201 (Using SPRNG - Scalable Parallel Random Number Generator)
Time:    Thu May 28 11:21:17 2026
Kernel:  AVX+FMA - 8 threads (384 CPU cores detected)

Reading alignment file /workspace/NeuralNJ/empirical/JarvD5a/exon_1411.fasta ... Fasta format detected
Reading fasta file: done in 0.000427008 secs using 19.91% CPU
Alignment most likely contains DNA/RNA sequences
Constructing alignment: done in 0.00108099 secs using 570.3% CPU
Alignment has 47 sequences with 546 columns, 106 distinct patterns
69 parsimony-informative, 29 singleton sites, 448 constant sites
       Gap/Ambiguity  Composition  p-value
Analyzing sequences: done in 1.28746e-05 secs using 101% CPU
   1  ACACH   25.64%    passed     99.33%
   2  ANAPL   24.18%    passed     97.07%
   3  APAVI   24.91%    passed     97.59%
   4  APTFO   24.91%    passed     98.69%
   5  BALRE   24.91%    passed     99.44%
   6  BUCRH   24.91%    passed     99.84%
   7  CALAN    0.00%    passed     16.04%
   8  CAPCA   24.91%    passed     99.65%
   9  CARCR   24.18%    passed     97.79%
  10  CATAU   24.91%    passed     98.69%
  11  CHAPE   24.18%    passed     99.66%
  12  CHAVO   24.91%    passed     99.72%
  13  CHLUN   25.64%    passed     92.43%
  14  COLLI   24.91%    passed     99.22%
  15  COLST   24.91%    passed     99.36%
  16  CORBR   25.27%    passed     98.87%
  17  CUCCA   24.18%    passed     98.16%
  18  EGRGA   24.91%    passed     98.60%
  19  EURHE   24.91%    passed     99.21%
  20  FALPE   24.18%    passed     96.89%
  21  FULGL   24.91%    passed     98.50%
  22  GALGA    0.37%    passed     44.71%
  23  GAVST   24.91%    passed     99.44%
  24  GEOFO   24.18%    passed     95.01%
  25  HALAL   24.91%    passed     99.07%
  26  HALLE   24.91%    passed     99.07%
  27  LEPDI   24.91%    passed     92.68%
  28  MANVI   25.64%    passed     99.56%
  29  MELGA   24.18%    passed     89.00%
  30  MELUN    0.00%    failed      4.15%
  31  MERNU   24.91%    passed     92.33%
  32  MESUN   24.91%    passed     94.38%
  33  NESNO   24.18%    passed     90.30%
  34  NIPNI   24.91%    passed     99.88%
  35  OPHHO   24.91%    passed     96.88%
  36  PHACA   24.91%    passed     95.41%
  37  PHALE   24.91%    passed     95.94%
  38  PHORU   25.64%    passed     97.63%
  39  PICPU   24.91%    passed     99.40%
  40  PODCR   25.64%    passed     97.43%
  41  PTEGU   25.64%    passed     97.28%
  42  PYGAD   24.91%    passed     99.07%
  43  STRCA   24.91%    passed     99.72%
  44  TAEGU   25.64%    passed     86.64%
  45  TAUER   24.91%    passed     99.44%
  46  TINMA   24.91%    passed     99.47%
  47  TYTAL   24.91%    passed     93.20%
****  TOTAL   23.32%  1 sequences failed composition chi2 test (p-value<5%; df=3)
NOTE: HALLE is identical to HALAL but kept for subsequent analysis
Checking for duplicate sequences: done in 0.000165939 secs using 799.7% CPU

Create initial parsimony tree by phylogenetic likelihood library (PLL)... 0.001 seconds

NOTE: 0 MB RAM (0 GB) is required!
WARNING: Number of threads seems too high for short alignments. Use -T AUTO to determine best number of threads.
Estimate model parameters (epsilon = 0.100)
1. Initial log-likelihood: -2733.334
2. Current log-likelihood: -2510.911
3. Current log-likelihood: -2505.092
Optimal log-likelihood: -2504.988
Rate parameters:  A-C: 1.37346  A-G: 2.81405  A-T: 0.61539  C-G: 1.28171  C-T: 2.29232  G-T: 1.00000
Base frequencies:  A: 0.263  C: 0.229  G: 0.281  T: 0.227
Gamma shape alpha: 0.108
Parameters optimization took 3 rounds (0.050 sec)
Wrote distance file to... 
Computing ML distances based on estimated model parameters...
Calculating distance matrix: done in 0.000843048 secs using 772.3% CPU
Computing ML distances took 0.000889 sec (of wall-clock time) 0.006740 sec (of CPU time)
Setting up auxiliary I and S matrices: done in 9.89437e-05 secs using 795.4% CPU
Constructing RapidNJ tree: done in 0.00242782 secs using 815.7% CPU
Computing RapidNJ tree took 0.003287 sec (of wall-clock time) 0.029645 sec (of CPU time)
Log-likelihood of RapidNJ tree: -2487.332
--------------------------------------------------------------------
|             INITIALIZING CANDIDATE TREE SET                      |
--------------------------------------------------------------------
Generating 98 parsimony trees... 0.114 second
Computing log-likelihood of 98 initial trees ... 0.438 seconds
Current best score: -2473.928

Do NNI search on 20 best initial trees
Estimate model parameters (epsilon = 0.100)
BETTER TREE FOUND at iteration 1: -2467.871
Iteration 10 / LogL: -2478.417 / Time: 0h:0m:1s
Iteration 20 / LogL: -2476.563 / Time: 0h:0m:2s
Finish initializing candidate tree set (20)
Current best tree score: -2467.871 / CPU time: 2.009
Number of iterations: 20
--------------------------------------------------------------------
|               OPTIMIZING CANDIDATE TREE SET                      |
--------------------------------------------------------------------
Estimate model parameters (epsilon = 0.100)
BETTER TREE FOUND at iteration 21: -2465.302
Estimate model parameters (epsilon = 0.100)
BETTER TREE FOUND at iteration 23: -2462.570
Iteration 30 / LogL: -2463.891 / Time: 0h:0m:2s (0h:0m:9s left)
Iteration 40 / LogL: -2472.086 / Time: 0h:0m:3s (0h:0m:8s left)
Estimate model parameters (epsilon = 0.100)
BETTER TREE FOUND at iteration 47: -2461.954
Iteration 50 / LogL: -2463.918 / Time: 0h:0m:4s (0h:0m:9s left)
Iteration 60 / LogL: -2463.918 / Time: 0h:0m:5s (0h:0m:8s left)
Iteration 70 / LogL: -2467.814 / Time: 0h:0m:6s (0h:0m:7s left)
Iteration 80 / LogL: -2461.954 / Time: 0h:0m:7s (0h:0m:6s left)
Iteration 90 / LogL: -2464.795 / Time: 0h:0m:8s (0h:0m:5s left)
Iteration 100 / LogL: -2462.160 / Time: 0h:0m:9s (0h:0m:4s left)
UPDATE BEST LOG-LIKELIHOOD: -2461.954
Iteration 110 / LogL: -2461.954 / Time: 0h:0m:10s (0h:0m:3s left)
Iteration 120 / LogL: -2471.670 / Time: 0h:0m:11s (0h:0m:2s left)
Iteration 130 / LogL: -2461.954 / Time: 0h:0m:12s (0h:0m:1s left)
Iteration 140 / LogL: -2462.574 / Time: 0h:0m:13s (0h:0m:0s left)
TREE SEARCH COMPLETED AFTER 148 ITERATIONS / Time: 0h:0m:13s

--------------------------------------------------------------------
|                    FINALIZING TREE SEARCH                        |
--------------------------------------------------------------------
Performs final model parameters optimization
Estimate model parameters (epsilon = 0.010)
1. Initial log-likelihood: -2461.954
Optimal log-likelihood: -2461.954
Rate parameters:  A-C: 1.67205  A-G: 3.29519  A-T: 0.73461  C-G: 1.34763  C-T: 2.74731  G-T: 1.00000
Base frequencies:  A: 0.263  C: 0.229  G: 0.281  T: 0.227
Gamma shape alpha: 0.108
Parameters optimization took 1 rounds (0.006 sec)
BEST SCORE FOUND : -2461.954
Total tree length: 1.282

Total number of iterations: 148
CPU time used for tree search: 109.680 sec (0h:1m:49s)
Wall-clock time used for tree search: 13.718 sec (0h:0m:13s)
Total CPU time used: 110.425 sec (0h:1m:50s)
Total wall-clock time used: 13.809 sec (0h:0m:13s)

Analysis results written to: 
  IQ-TREE report:                /workspace/IQTree_8_cores_JarvD5a_Results/exon_1411.iqtree
  Maximum-likelihood tree:       /workspace/IQTree_8_cores_JarvD5a_Results/exon_1411.treefile
  Likelihood distances:          /workspace/IQTree_8_cores_JarvD5a_Results/exon_1411.mldist
  Screen log file:               /workspace/IQTree_8_cores_JarvD5a_Results/exon_1411.log

Date and Time: Thu May 28 11:21:31 2026
