IQ-TREE version 3.1.2 for Linux x86 64-bit built May  7 2026
Developed by Bui Quang Minh, Thomas Wong, Nhan Ly-Trong, Huaiyan Ren
Contributed by Lam-Tung Nguyen, Dominik Schrempf, Chris Bielow,
Olga Chernomor, Michael Woodhams, Diep Thi Hoang, Heiko Schmidt

Host:    8084c4e79f09 (AVX512, FMA3, 1133 GB RAM)
Command: /workspace/iqtree-3.1.2-Linux/bin/iqtree3_intel -s /workspace/NeuralNJ/empirical/JarvD5a/exon_10647.fasta -st DNA -m GTR+G -T 8 -seed 2201 -pre /workspace/IQTree_8_cores_JarvD5a_Results/exon_10647 -quiet
Seed:    2201 (Using SPRNG - Scalable Parallel Random Number Generator)
Time:    Wed May 27 13:47:00 2026
Kernel:  AVX+FMA - 8 threads (384 CPU cores detected)

Reading alignment file /workspace/NeuralNJ/empirical/JarvD5a/exon_10647.fasta ... Fasta format detected
Reading fasta file: done in 7.10487e-05 secs using 8.445% CPU
Alignment most likely contains DNA/RNA sequences
Constructing alignment: done in 0.000151873 secs using 763.1% CPU
Alignment has 44 sequences with 104 columns, 29 distinct patterns
1 parsimony-informative, 6 singleton sites, 97 constant sites
       Gap/Ambiguity  Composition  p-value
Analyzing sequences: done in 5.96046e-06 secs using 100.7% CPU
   1  ACACH    1.92%    passed     99.99%
   2  ANAPL    1.92%    passed     99.99%
   3  APAVI   11.54%    passed     87.57%
   4  APTFO    1.92%    passed     99.99%
   5  BALRE    1.92%    passed     99.22%
   6  BUCRH    1.92%    passed     99.99%
   7  CALAN    1.92%    passed     99.75%
   8  CAPCA   29.81%    passed     92.45%
   9  CARCR    1.92%    passed     99.22%
  10  CATAU    9.62%    passed     94.87%
  11  CHAPE    1.92%    passed     99.75%
  12  CHAVO    1.92%    passed     99.99%
  13  COLLI    1.92%    passed     99.99%
  14  CORBR    1.92%    passed     99.99%
  15  CUCCA    1.92%    passed     99.99%
  16  EGRGA    1.92%    passed     99.99%
  17  EURHE    1.92%    passed     99.99%
  18  FALPE    1.92%    passed     99.99%
  19  FULGL    1.92%    passed     99.99%
  20  GALGA    1.92%    passed     99.99%
  21  GAVST   34.62%    passed     84.63%
  22  GEOFO    1.92%    passed     99.99%
  23  HALAL   26.92%    passed     95.66%
  24  HALLE    1.92%    passed     99.99%
  25  LEPDI    1.92%    passed     99.99%
  26  MANVI    1.92%    passed     99.99%
  27  MELGA    1.92%    passed     99.99%
  28  MELUN    1.92%    passed     99.99%
  29  MERNU    1.92%    passed     99.99%
  30  MESUN    1.92%    passed     99.99%
  31  NESNO    1.92%    passed     99.99%
  32  NIPNI    1.92%    passed     99.99%
  33  OPHHO    1.92%    passed     99.99%
  34  PELCR    1.92%    passed     99.99%
  35  PHALE    1.92%    passed     99.99%
  36  PHORU    1.92%    passed     99.99%
  37  PICPU    1.92%    passed     99.99%
  38  PODCR    1.92%    passed     99.99%
  39  PTEGU    0.00%    passed     99.77%
  40  PYGAD    1.92%    passed     99.75%
  41  STRCA    1.92%    passed     99.99%
  42  TAEGU    1.92%    passed     99.99%
  43  TAUER    1.92%    passed     99.99%
  44  TINMA    1.92%    passed     99.75%
****  TOTAL    4.22%  0 sequences failed composition chi2 test (p-value<5%; df=3)
NOTE: ANAPL is identical to ACACH but kept for subsequent analysis
NOTE: TINMA is identical to PYGAD but kept for subsequent analysis
Checking for duplicate sequences: done in 8.10623e-05 secs using 837.6% CPU
Identifying sites to remove: done in 2.59876e-05 secs using 781.1% CPU
NOTE: 30 identical sequences (see below) will be ignored for subsequent analysis
NOTE: APTFO (identical to ACACH) is ignored but added at the end
NOTE: BUCRH (identical to ACACH) is ignored but added at the end
NOTE: CHAVO (identical to ACACH) is ignored but added at the end
NOTE: COLLI (identical to ACACH) is ignored but added at the end
NOTE: CORBR (identical to ACACH) is ignored but added at the end
NOTE: CUCCA (identical to ACACH) is ignored but added at the end
NOTE: EGRGA (identical to ACACH) is ignored but added at the end
NOTE: EURHE (identical to ACACH) is ignored but added at the end
NOTE: FALPE (identical to ACACH) is ignored but added at the end
NOTE: FULGL (identical to ACACH) is ignored but added at the end
NOTE: GALGA (identical to ACACH) is ignored but added at the end
NOTE: GEOFO (identical to ACACH) is ignored but added at the end
NOTE: HALLE (identical to ACACH) is ignored but added at the end
NOTE: LEPDI (identical to ACACH) is ignored but added at the end
NOTE: MANVI (identical to ACACH) is ignored but added at the end
NOTE: MELGA (identical to ACACH) is ignored but added at the end
NOTE: MELUN (identical to ACACH) is ignored but added at the end
NOTE: MERNU (identical to ACACH) is ignored but added at the end
NOTE: MESUN (identical to ACACH) is ignored but added at the end
NOTE: NESNO (identical to ACACH) is ignored but added at the end
NOTE: NIPNI (identical to ACACH) is ignored but added at the end
NOTE: OPHHO (identical to ACACH) is ignored but added at the end
NOTE: PELCR (identical to ACACH) is ignored but added at the end
NOTE: PHALE (identical to ACACH) is ignored but added at the end
NOTE: PHORU (identical to ACACH) is ignored but added at the end
NOTE: PICPU (identical to ACACH) is ignored but added at the end
NOTE: PODCR (identical to ACACH) is ignored but added at the end
NOTE: STRCA (identical to ACACH) is ignored but added at the end
NOTE: TAEGU (identical to ACACH) is ignored but added at the end
NOTE: TAUER (identical to ACACH) is ignored but added at the end
Alignment was printed to /workspace/IQTree_8_cores_JarvD5a_Results/exon_10647.uniqueseq.phy

For your convenience alignment with unique sequences printed to /workspace/IQTree_8_cores_JarvD5a_Results/exon_10647.uniqueseq.phy

Create initial parsimony tree by phylogenetic likelihood library (PLL)... 0.000 seconds
WARNING: 8 threads for alignment length 29 will slow down analysis

NOTE: 0 MB RAM (0 GB) is required!
WARNING: Number of threads seems too high for short alignments. Use -T AUTO to determine best number of threads.
Estimate model parameters (epsilon = 0.100)
1. Initial log-likelihood: -188.062
2. Current log-likelihood: -182.486
Optimal log-likelihood: -182.473
Rate parameters:  A-C: 0.00010  A-G: 0.00010  A-T: 1.57917  C-G: 0.00010  C-T: 4.22659  G-T: 1.00000
Warning! Some parameters hit the boundaries
Base frequencies:  A: 0.203  C: 0.327  G: 0.204  T: 0.266
Gamma shape alpha: 998.448
Parameters optimization took 2 rounds (0.005 sec)
Wrote distance file to... 
Computing ML distances based on estimated model parameters...
Calculating distance matrix: done in 0.000125885 secs using 867.5% CPU
Computing ML distances took 0.000170 sec (of wall-clock time) 0.001317 sec (of CPU time)
Setting up auxiliary I and S matrices: done in 8.10623e-05 secs using 1321% CPU
Constructing RapidNJ tree: done in 0.000677109 secs using 435.7% CPU
Computing RapidNJ tree took 0.000789 sec (of wall-clock time) 0.006572 sec (of CPU time)
Log-likelihood of RapidNJ tree: -182.477
--------------------------------------------------------------------
|             INITIALIZING CANDIDATE TREE SET                      |
--------------------------------------------------------------------
Generating 98 parsimony trees... 0.012 second
Computing log-likelihood of 98 initial trees ... 0.030 seconds
Current best score: -182.473

Do NNI search on 20 best initial trees
Estimate model parameters (epsilon = 0.100)
BETTER TREE FOUND at iteration 1: -182.453
Iteration 10 / LogL: -182.453 / Time: 0h:0m:0s
Iteration 20 / LogL: -182.453 / Time: 0h:0m:0s
Finish initializing candidate tree set (20)
Current best tree score: -182.453 / CPU time: 0.075
Number of iterations: 20
--------------------------------------------------------------------
|               OPTIMIZING CANDIDATE TREE SET                      |
--------------------------------------------------------------------
BETTER TREE FOUND at iteration 22: -182.453
BETTER TREE FOUND at iteration 24: -182.453
BETTER TREE FOUND at iteration 28: -182.453
BETTER TREE FOUND at iteration 29: -182.453
Iteration 30 / LogL: -182.453 / Time: 0h:0m:0s (0h:0m:0s left)
BETTER TREE FOUND at iteration 36: -182.453
Iteration 40 / LogL: -182.453 / Time: 0h:0m:0s (0h:0m:0s left)
Iteration 50 / LogL: -182.453 / Time: 0h:0m:0s (0h:0m:0s left)
UPDATE BEST LOG-LIKELIHOOD: -182.453
Iteration 60 / LogL: -182.453 / Time: 0h:0m:0s (0h:0m:0s left)
Iteration 70 / LogL: -182.453 / Time: 0h:0m:0s (0h:0m:0s left)
Iteration 80 / LogL: -182.453 / Time: 0h:0m:0s (0h:0m:0s left)
Iteration 90 / LogL: -182.453 / Time: 0h:0m:0s (0h:0m:0s left)
Iteration 100 / LogL: -182.453 / Time: 0h:0m:0s (0h:0m:0s left)
BETTER TREE FOUND at iteration 102: -182.453
Iteration 110 / LogL: -182.453 / Time: 0h:0m:0s (0h:0m:0s left)
Iteration 120 / LogL: -182.453 / Time: 0h:0m:0s (0h:0m:0s left)
Iteration 130 / LogL: -182.453 / Time: 0h:0m:0s (0h:0m:0s left)
Iteration 140 / LogL: -182.453 / Time: 0h:0m:0s (0h:0m:0s left)
UPDATE BEST LOG-LIKELIHOOD: -182.453
Iteration 150 / LogL: -182.453 / Time: 0h:0m:0s (0h:0m:0s left)
Iteration 160 / LogL: -182.453 / Time: 0h:0m:0s (0h:0m:0s left)
Iteration 170 / LogL: -182.453 / Time: 0h:0m:0s (0h:0m:0s left)
Iteration 180 / LogL: -182.453 / Time: 0h:0m:0s (0h:0m:0s left)
Iteration 190 / LogL: -182.453 / Time: 0h:0m:0s (0h:0m:0s left)
Iteration 200 / LogL: -182.453 / Time: 0h:0m:0s (0h:0m:0s left)
TREE SEARCH COMPLETED AFTER 203 ITERATIONS / Time: 0h:0m:0s

--------------------------------------------------------------------
|                    FINALIZING TREE SEARCH                        |
--------------------------------------------------------------------
Performs final model parameters optimization
Estimate model parameters (epsilon = 0.010)
1. Initial log-likelihood: -182.453
Optimal log-likelihood: -182.443
Rate parameters:  A-C: 0.00010  A-G: 0.00010  A-T: 1.34464  C-G: 0.00010  C-T: 3.71517  G-T: 1.00000
Warning! Some parameters hit the boundaries
Base frequencies:  A: 0.203  C: 0.327  G: 0.204  T: 0.266
Gamma shape alpha: 998.448
Parameters optimization took 1 rounds (0.002 sec)
BEST SCORE FOUND : -182.443
Total tree length: 0.071

Total number of iterations: 203
CPU time used for tree search: 4.094 sec (0h:0m:4s)
Wall-clock time used for tree search: 0.571 sec (0h:0m:0s)
Total CPU time used: 4.220 sec (0h:0m:4s)
Total wall-clock time used: 0.587 sec (0h:0m:0s)

Analysis results written to: 
  IQ-TREE report:                /workspace/IQTree_8_cores_JarvD5a_Results/exon_10647.iqtree
  Maximum-likelihood tree:       /workspace/IQTree_8_cores_JarvD5a_Results/exon_10647.treefile
  Likelihood distances:          /workspace/IQTree_8_cores_JarvD5a_Results/exon_10647.mldist
  Screen log file:               /workspace/IQTree_8_cores_JarvD5a_Results/exon_10647.log

Date and Time: Wed May 27 13:47:01 2026
