IQ-TREE version 3.1.2 for Linux x86 64-bit built May  7 2026
Developed by Bui Quang Minh, Thomas Wong, Nhan Ly-Trong, Huaiyan Ren
Contributed by Lam-Tung Nguyen, Dominik Schrempf, Chris Bielow,
Olga Chernomor, Michael Woodhams, Diep Thi Hoang, Heiko Schmidt

Host:    8084c4e79f09 (AVX512, FMA3, 1133 GB RAM)
Command: /workspace/iqtree-3.1.2-Linux/bin/iqtree3_intel -s /workspace/NeuralNJ/empirical/JarvD5a/exon_8464.fasta -st DNA -m GTR+G -T 8 -seed 2201 -pre /workspace/IQTree_8_cores_JarvD5a_Results/exon_8464 -quiet
Seed:    2201 (Using SPRNG - Scalable Parallel Random Number Generator)
Time:    Fri May 29 18:12:56 2026
Kernel:  AVX+FMA - 8 threads (384 CPU cores detected)

Reading alignment file /workspace/NeuralNJ/empirical/JarvD5a/exon_8464.fasta ... Fasta format detected
Reading fasta file: done in 0.00130892 secs using 2.98% CPU
Alignment most likely contains DNA/RNA sequences
Constructing alignment: done in 0.00305891 secs using 769.7% CPU
Alignment has 48 sequences with 2218 columns, 583 distinct patterns
280 parsimony-informative, 261 singleton sites, 1677 constant sites
       Gap/Ambiguity  Composition  p-value
Analyzing sequences: done in 2.28882e-05 secs using 227.2% CPU
   1  ACACH   12.62%    passed     99.03%
   2  ANAPL    3.70%    passed     99.08%
   3  APAVI   12.08%    passed     97.31%
   4  APTFO    3.52%    passed     99.98%
   5  BALRE   21.37%    passed     93.99%
   6  BUCRH   11.09%    passed     80.10%
   7  CALAN    4.96%    passed     96.06%
   8  CAPCA    4.33%    passed     99.80%
   9  CARCR   11.36%    passed     90.59%
  10  CATAU   11.27%    passed     94.88%
  11  CHAPE    3.43%    passed     97.74%
  12  CHAVO    3.52%    passed     95.45%
  13  CHLUN   11.99%    passed     99.63%
  14  COLLI    5.68%    passed     99.17%
  15  COLST   11.36%    passed     99.55%
  16  CORBR    4.15%    passed     84.20%
  17  CUCCA    3.16%    passed     98.65%
  18  EGRGA    4.51%    passed     98.11%
  19  EURHE   37.87%    passed     86.76%
  20  FALPE    3.52%    passed    100.00%
  21  FULGL   38.77%    passed     47.65%
  22  GALGA    5.50%    passed     99.98%
  23  GAVST   12.80%    passed     98.34%
  24  GEOFO    4.15%    passed     66.79%
  25  HALAL   12.62%    passed     98.86%
  26  HALLE    4.15%    passed     99.93%
  27  LEPDI   13.07%    passed     98.73%
  28  MANVI    4.42%    passed     84.19%
  29  MELGA    3.25%    passed     99.08%
  30  MELUN    4.33%    passed     97.60%
  31  MERNU   11.81%    passed     98.65%
  32  MESUN   10.64%    passed     96.20%
  33  NESNO   12.62%    passed     87.34%
  34  NIPNI    3.52%    passed     99.98%
  35  OPHHO    5.05%    passed     99.76%
  36  PELCR   46.44%    passed     83.58%
  37  PHACA   12.62%    passed     98.63%
  38  PHALE   38.59%    passed     35.59%
  39  PHORU   10.82%    passed     96.32%
  40  PICPU    4.96%    passed     50.81%
  41  PODCR   11.99%    passed     96.44%
  42  PTEGU    3.07%    passed     99.33%
  43  PYGAD    3.88%    passed     99.06%
  44  STRCA    3.52%    passed     98.04%
  45  TAEGU    3.79%    passed     80.53%
  46  TAUER    3.88%    passed     98.71%
  47  TINMA    3.70%    passed     99.54%
  48  TYTAL   12.35%    passed     93.98%
****  TOTAL   10.25%  0 sequences failed composition chi2 test (p-value<5%; df=3)
Checking for duplicate sequences: done in 0.000150919 secs using 777.9% CPU

Create initial parsimony tree by phylogenetic likelihood library (PLL)... 0.002 seconds

NOTE: 3 MB RAM (0 GB) is required!
WARNING: Number of threads seems too high for short alignments. Use -T AUTO to determine best number of threads.
Estimate model parameters (epsilon = 0.100)
1. Initial log-likelihood: -10726.508
2. Current log-likelihood: -10130.615
3. Current log-likelihood: -10122.445
4. Current log-likelihood: -10122.299
Optimal log-likelihood: -10122.292
Rate parameters:  A-C: 0.86567  A-G: 2.97442  A-T: 0.50636  C-G: 1.17167  C-T: 4.53826  G-T: 1.00000
Base frequencies:  A: 0.354  C: 0.236  G: 0.239  T: 0.171
Gamma shape alpha: 0.190
Parameters optimization took 4 rounds (0.089 sec)
Wrote distance file to... 
Computing ML distances based on estimated model parameters...
Calculating distance matrix: done in 0.000838995 secs using 805% CPU
Computing ML distances took 0.000913 sec (of wall-clock time) 0.007122 sec (of CPU time)
Setting up auxiliary I and S matrices: done in 9.58443e-05 secs using 1213% CPU
Constructing RapidNJ tree: done in 0.00258493 secs using 849.9% CPU
Computing RapidNJ tree took 0.002734 sec (of wall-clock time) 0.024366 sec (of CPU time)
Log-likelihood of RapidNJ tree: -10139.126
--------------------------------------------------------------------
|             INITIALIZING CANDIDATE TREE SET                      |
--------------------------------------------------------------------
Generating 98 parsimony trees... 0.247 second
Computing log-likelihood of 98 initial trees ... 0.575 seconds
Current best score: -10116.929

Do NNI search on 20 best initial trees
Estimate model parameters (epsilon = 0.100)
BETTER TREE FOUND at iteration 1: -10097.722
Iteration 10 / LogL: -10104.174 / Time: 0h:0m:1s
Iteration 20 / LogL: -10104.167 / Time: 0h:0m:3s
Finish initializing candidate tree set (20)
Current best tree score: -10097.722 / CPU time: 2.905
Number of iterations: 20
--------------------------------------------------------------------
|               OPTIMIZING CANDIDATE TREE SET                      |
--------------------------------------------------------------------
Estimate model parameters (epsilon = 0.100)
BETTER TREE FOUND at iteration 26: -10093.725
Iteration 30 / LogL: -10102.288 / Time: 0h:0m:4s (0h:0m:13s left)
Iteration 40 / LogL: -10095.515 / Time: 0h:0m:5s (0h:0m:11s left)
Estimate model parameters (epsilon = 0.100)
BETTER TREE FOUND at iteration 43: -10091.772
Iteration 50 / LogL: -10093.728 / Time: 0h:0m:6s (0h:0m:11s left)
Estimate model parameters (epsilon = 0.100)
BETTER TREE FOUND at iteration 51: -10091.610
Estimate model parameters (epsilon = 0.100)
BETTER TREE FOUND at iteration 53: -10090.940
Iteration 60 / LogL: -10091.783 / Time: 0h:0m:7s (0h:0m:11s left)
Estimate model parameters (epsilon = 0.100)
BETTER TREE FOUND at iteration 62: -10090.305
Iteration 70 / LogL: -10090.947 / Time: 0h:0m:8s (0h:0m:11s left)
UPDATE BEST LOG-LIKELIHOOD: -10090.305
Estimate model parameters (epsilon = 0.100)
BETTER TREE FOUND at iteration 72: -10089.845
Estimate model parameters (epsilon = 0.100)
UPDATE BEST LOG-LIKELIHOOD: -10089.740
Iteration 80 / LogL: -10089.951 / Time: 0h:0m:9s (0h:0m:11s left)
Estimate model parameters (epsilon = 0.100)
BETTER TREE FOUND at iteration 85: -10089.713
Iteration 90 / LogL: -10091.733 / Time: 0h:0m:10s (0h:0m:11s left)
Iteration 100 / LogL: -10094.576 / Time: 0h:0m:11s (0h:0m:10s left)
UPDATE BEST LOG-LIKELIHOOD: -10089.713
Iteration 110 / LogL: -10091.845 / Time: 0h:0m:12s (0h:0m:8s left)
Estimate model parameters (epsilon = 0.100)
BETTER TREE FOUND at iteration 114: -10089.462
Iteration 120 / LogL: -10090.318 / Time: 0h:0m:13s (0h:0m:11s left)
Iteration 130 / LogL: -10089.925 / Time: 0h:0m:15s (0h:0m:9s left)
Iteration 140 / LogL: -10098.864 / Time: 0h:0m:16s (0h:0m:8s left)
Iteration 150 / LogL: -10093.033 / Time: 0h:0m:17s (0h:0m:7s left)
Iteration 160 / LogL: -10092.765 / Time: 0h:0m:18s (0h:0m:6s left)
Iteration 170 / LogL: -10091.647 / Time: 0h:0m:19s (0h:0m:5s left)
Iteration 180 / LogL: -10090.595 / Time: 0h:0m:20s (0h:0m:3s left)
Iteration 190 / LogL: -10089.928 / Time: 0h:0m:21s (0h:0m:2s left)
Iteration 200 / LogL: -10089.463 / Time: 0h:0m:22s (0h:0m:1s left)
Iteration 210 / LogL: -10091.468 / Time: 0h:0m:23s (0h:0m:0s left)
TREE SEARCH COMPLETED AFTER 215 ITERATIONS / Time: 0h:0m:24s

--------------------------------------------------------------------
|                    FINALIZING TREE SEARCH                        |
--------------------------------------------------------------------
Performs final model parameters optimization
Estimate model parameters (epsilon = 0.010)
1. Initial log-likelihood: -10089.462
Optimal log-likelihood: -10089.460
Rate parameters:  A-C: 0.88931  A-G: 3.13961  A-T: 0.58734  C-G: 1.22953  C-T: 4.92594  G-T: 1.00000
Base frequencies:  A: 0.354  C: 0.236  G: 0.239  T: 0.171
Gamma shape alpha: 0.189
Parameters optimization took 1 rounds (0.010 sec)
BEST SCORE FOUND : -10089.460
Total tree length: 0.824

Total number of iterations: 215
CPU time used for tree search: 193.935 sec (0h:3m:13s)
Wall-clock time used for tree search: 24.337 sec (0h:0m:24s)
Total CPU time used: 195.037 sec (0h:3m:15s)
Total wall-clock time used: 24.476 sec (0h:0m:24s)

Analysis results written to: 
  IQ-TREE report:                /workspace/IQTree_8_cores_JarvD5a_Results/exon_8464.iqtree
  Maximum-likelihood tree:       /workspace/IQTree_8_cores_JarvD5a_Results/exon_8464.treefile
  Likelihood distances:          /workspace/IQTree_8_cores_JarvD5a_Results/exon_8464.mldist
  Screen log file:               /workspace/IQTree_8_cores_JarvD5a_Results/exon_8464.log

Date and Time: Fri May 29 18:13:20 2026
