IQ-TREE version 3.1.2 for Linux x86 64-bit built May  7 2026
Developed by Bui Quang Minh, Thomas Wong, Nhan Ly-Trong, Huaiyan Ren
Contributed by Lam-Tung Nguyen, Dominik Schrempf, Chris Bielow,
Olga Chernomor, Michael Woodhams, Diep Thi Hoang, Heiko Schmidt

Host:    8084c4e79f09 (AVX512, FMA3, 1133 GB RAM)
Command: /workspace/iqtree-3.1.2-Linux/bin/iqtree3_intel -s /workspace/NeuralNJ/empirical/JarvD5a/exon_9745.fasta -st DNA -m GTR+G -T 8 -seed 2201 -pre /workspace/IQTree_8_cores_JarvD5a_Results/exon_9745 -quiet
Seed:    2201 (Using SPRNG - Scalable Parallel Random Number Generator)
Time:    Sat May 30 02:02:48 2026
Kernel:  AVX+FMA - 8 threads (384 CPU cores detected)

Reading alignment file /workspace/NeuralNJ/empirical/JarvD5a/exon_9745.fasta ... Fasta format detected
Reading fasta file: done in 0.000627995 secs using 27.71% CPU
Alignment most likely contains DNA/RNA sequences
Constructing alignment: done in 0.00126481 secs using 697.3% CPU
Alignment has 47 sequences with 1030 columns, 68 distinct patterns
23 parsimony-informative, 29 singleton sites, 978 constant sites
       Gap/Ambiguity  Composition  p-value
Analyzing sequences: done in 5.96046e-06 secs using 100.7% CPU
   1  ACACH   36.12%    passed     87.88%
   2  ANAPL    0.00%    passed     99.91%
   3  APAVI    0.00%    passed     99.96%
   4  APTFO    0.00%    passed     99.92%
   5  BALRE    0.00%    passed     99.97%
   6  BUCRH    0.00%    passed    100.00%
   7  CALAN    0.00%    passed     99.94%
   8  CAPCA    0.00%    passed     99.99%
   9  CARCR    0.00%    passed     99.92%
  10  CATAU   25.24%    passed     81.02%
  11  CHAPE    0.00%    passed     99.97%
  12  CHAVO    0.00%    passed     99.85%
  13  CHLUN    0.00%    passed     99.82%
  14  COLLI    0.00%    passed     99.97%
  15  COLST    0.00%    passed     99.79%
  16  CORBR    0.00%    passed     99.91%
  17  CUCCA    0.00%    passed     99.97%
  18  EGRGA    0.00%    passed     99.97%
  19  EURHE    0.00%    passed     99.67%
  20  FALPE    0.00%    passed    100.00%
  21  FULGL    0.00%    passed     99.97%
  22  GALGA    0.00%    passed     99.99%
  23  GAVST    0.00%    passed     99.98%
  24  GEOFO    2.14%    passed     99.35%
  25  HALAL    0.00%    passed     99.87%
  26  HALLE    0.00%    passed     99.87%
  27  LEPDI    0.00%    passed     99.99%
  28  MANVI    0.00%    passed     99.97%
  29  MELGA    0.00%    passed     99.99%
  30  MELUN    0.00%    passed     99.97%
  31  MESUN    0.00%    passed    100.00%
  32  NESNO    0.00%    passed     99.97%
  33  NIPNI    0.00%    passed     99.97%
  34  OPHHO    0.00%    passed     99.97%
  35  PELCR    0.00%    passed     99.99%
  36  PHACA    0.10%    passed     99.97%
  37  PHALE    0.00%    passed     99.82%
  38  PHORU    0.00%    passed     99.98%
  39  PICPU    0.00%    passed     99.97%
  40  PODCR   36.50%    passed     94.81%
  41  PTEGU    0.00%    passed     99.97%
  42  PYGAD    0.00%    passed     99.92%
  43  STRCA    0.00%    passed     99.97%
  44  TAEGU    0.00%    passed     99.40%
  45  TAUER   36.50%    passed     97.27%
  46  TINMA    0.00%    passed     99.97%
  47  TYTAL    0.00%    passed     99.96%
****  TOTAL    2.91%  0 sequences failed composition chi2 test (p-value<5%; df=3)
NOTE: PYGAD is identical to APTFO but kept for subsequent analysis
NOTE: CHAPE is identical to BALRE but kept for subsequent analysis
NOTE: MELGA is identical to GALGA but kept for subsequent analysis
NOTE: HALLE is identical to HALAL but kept for subsequent analysis
Checking for duplicate sequences: done in 0.00011301 secs using 800.8% CPU
Identifying sites to remove: done in 0.000228882 secs using 798.7% CPU
NOTE: 5 identical sequences (see below) will be ignored for subsequent analysis
NOTE: FULGL (identical to BALRE) is ignored but added at the end
NOTE: NIPNI (identical to BALRE) is ignored but added at the end
NOTE: OPHHO (identical to BALRE) is ignored but added at the end
NOTE: PICPU (identical to BALRE) is ignored but added at the end
NOTE: PTEGU (identical to BALRE) is ignored but added at the end
Alignment was printed to /workspace/IQTree_8_cores_JarvD5a_Results/exon_9745.uniqueseq.phy

For your convenience alignment with unique sequences printed to /workspace/IQTree_8_cores_JarvD5a_Results/exon_9745.uniqueseq.phy

Create initial parsimony tree by phylogenetic likelihood library (PLL)... 0.000 seconds

NOTE: 0 MB RAM (0 GB) is required!
WARNING: Number of threads seems too high for short alignments. Use -T AUTO to determine best number of threads.
Estimate model parameters (epsilon = 0.100)
1. Initial log-likelihood: -2053.900
2. Current log-likelihood: -2015.630
3. Current log-likelihood: -2015.416
Optimal log-likelihood: -2015.415
Rate parameters:  A-C: 1.86382  A-G: 2.44415  A-T: 0.65285  C-G: 1.34040  C-T: 6.48427  G-T: 1.00000
Base frequencies:  A: 0.299  C: 0.248  G: 0.242  T: 0.212
Gamma shape alpha: 0.020
Parameters optimization took 3 rounds (0.033 sec)
Wrote distance file to... 
Computing ML distances based on estimated model parameters...
Calculating distance matrix: done in 0.00104308 secs using 793.3% CPU
Computing ML distances took 0.001077 sec (of wall-clock time) 0.008415 sec (of CPU time)
Setting up auxiliary I and S matrices: done in 7.89165e-05 secs using 1124% CPU
Constructing RapidNJ tree: done in 0.00211883 secs using 722.7% CPU
Computing RapidNJ tree took 0.002226 sec (of wall-clock time) 0.016951 sec (of CPU time)
Log-likelihood of RapidNJ tree: -2011.385
--------------------------------------------------------------------
|             INITIALIZING CANDIDATE TREE SET                      |
--------------------------------------------------------------------
Generating 98 parsimony trees... 0.061 second
Computing log-likelihood of 98 initial trees ... 0.159 seconds
Current best score: -2005.050

Do NNI search on 20 best initial trees
Estimate model parameters (epsilon = 0.100)
BETTER TREE FOUND at iteration 1: -2004.952
Estimate model parameters (epsilon = 0.100)
BETTER TREE FOUND at iteration 3: -2003.839
Iteration 10 / LogL: -2008.192 / Time: 0h:0m:0s
Iteration 20 / LogL: -2008.352 / Time: 0h:0m:0s
Finish initializing candidate tree set (20)
Current best tree score: -2003.839 / CPU time: 0.863
Number of iterations: 20
--------------------------------------------------------------------
|               OPTIMIZING CANDIDATE TREE SET                      |
--------------------------------------------------------------------
Estimate model parameters (epsilon = 0.100)
BETTER TREE FOUND at iteration 28: -2002.659
Iteration 30 / LogL: -2006.327 / Time: 0h:0m:1s (0h:0m:4s left)
BETTER TREE FOUND at iteration 36: -2002.654
Iteration 40 / LogL: -2003.859 / Time: 0h:0m:2s (0h:0m:4s left)
Iteration 50 / LogL: -2008.409 / Time: 0h:0m:2s (0h:0m:4s left)
Iteration 60 / LogL: -2003.861 / Time: 0h:0m:3s (0h:0m:4s left)
Iteration 70 / LogL: -2002.659 / Time: 0h:0m:3s (0h:0m:3s left)
Iteration 80 / LogL: -2009.049 / Time: 0h:0m:4s (0h:0m:2s left)
Iteration 90 / LogL: -2002.659 / Time: 0h:0m:4s (0h:0m:2s left)
Iteration 100 / LogL: -2003.858 / Time: 0h:0m:5s (0h:0m:1s left)
Iteration 110 / LogL: -2014.420 / Time: 0h:0m:5s (0h:0m:1s left)
BETTER TREE FOUND at iteration 116: -2002.654
Iteration 120 / LogL: -2021.373 / Time: 0h:0m:6s (0h:0m:5s left)
Iteration 130 / LogL: -2003.858 / Time: 0h:0m:6s (0h:0m:4s left)
Iteration 140 / LogL: -2014.219 / Time: 0h:0m:7s (0h:0m:4s left)
Iteration 150 / LogL: -2003.858 / Time: 0h:0m:7s (0h:0m:3s left)
Iteration 160 / LogL: -2002.656 / Time: 0h:0m:8s (0h:0m:3s left)
Iteration 170 / LogL: -2002.660 / Time: 0h:0m:9s (0h:0m:2s left)
Iteration 180 / LogL: -2002.659 / Time: 0h:0m:9s (0h:0m:1s left)
Iteration 190 / LogL: -2008.868 / Time: 0h:0m:10s (0h:0m:1s left)
Iteration 200 / LogL: -2007.655 / Time: 0h:0m:10s (0h:0m:0s left)
BETTER TREE FOUND at iteration 209: -2002.653
Iteration 210 / LogL: -2003.863 / Time: 0h:0m:11s (0h:0m:5s left)
Iteration 220 / LogL: -2002.656 / Time: 0h:0m:11s (0h:0m:4s left)
Iteration 230 / LogL: -2003.857 / Time: 0h:0m:12s (0h:0m:4s left)
Iteration 240 / LogL: -2013.589 / Time: 0h:0m:12s (0h:0m:3s left)
Iteration 250 / LogL: -2002.658 / Time: 0h:0m:13s (0h:0m:3s left)
Estimate model parameters (epsilon = 0.100)
BETTER TREE FOUND at iteration 259: -2002.176
Iteration 260 / LogL: -2006.854 / Time: 0h:0m:13s (0h:0m:5s left)
Iteration 270 / LogL: -2002.738 / Time: 0h:0m:14s (0h:0m:4s left)
Iteration 280 / LogL: -2002.731 / Time: 0h:0m:14s (0h:0m:4s left)
Iteration 290 / LogL: -2003.936 / Time: 0h:0m:15s (0h:0m:3s left)
Iteration 300 / LogL: -2008.231 / Time: 0h:0m:16s (0h:0m:3s left)
Iteration 310 / LogL: -2003.385 / Time: 0h:0m:16s (0h:0m:2s left)
Iteration 320 / LogL: -2002.179 / Time: 0h:0m:17s (0h:0m:2s left)
Iteration 330 / LogL: -2002.190 / Time: 0h:0m:17s (0h:0m:1s left)
Iteration 340 / LogL: -2006.851 / Time: 0h:0m:18s (0h:0m:1s left)
Iteration 350 / LogL: -2002.178 / Time: 0h:0m:18s (0h:0m:0s left)
Iteration 360 / LogL: -2002.179 / Time: 0h:0m:19s (0h:0m:-1s left)
TREE SEARCH COMPLETED AFTER 360 ITERATIONS / Time: 0h:0m:19s

--------------------------------------------------------------------
|                    FINALIZING TREE SEARCH                        |
--------------------------------------------------------------------
Performs final model parameters optimization
Estimate model parameters (epsilon = 0.010)
1. Initial log-likelihood: -2002.176
Optimal log-likelihood: -2002.174
Rate parameters:  A-C: 1.47450  A-G: 1.99421  A-T: 0.62165  C-G: 1.10553  C-T: 6.97978  G-T: 1.00000
Base frequencies:  A: 0.299  C: 0.248  G: 0.242  T: 0.212
Gamma shape alpha: 0.020
Parameters optimization took 1 rounds (0.007 sec)
BEST SCORE FOUND : -2002.174
Total tree length: 0.087

Total number of iterations: 360
CPU time used for tree search: 155.249 sec (0h:2m:35s)
Wall-clock time used for tree search: 19.415 sec (0h:0m:19s)
Total CPU time used: 155.704 sec (0h:2m:35s)
Total wall-clock time used: 19.472 sec (0h:0m:19s)

Analysis results written to: 
  IQ-TREE report:                /workspace/IQTree_8_cores_JarvD5a_Results/exon_9745.iqtree
  Maximum-likelihood tree:       /workspace/IQTree_8_cores_JarvD5a_Results/exon_9745.treefile
  Likelihood distances:          /workspace/IQTree_8_cores_JarvD5a_Results/exon_9745.mldist
  Screen log file:               /workspace/IQTree_8_cores_JarvD5a_Results/exon_9745.log

Date and Time: Sat May 30 02:03:07 2026
