IQ-TREE version 3.1.2 for Linux x86 64-bit built May  7 2026
Developed by Bui Quang Minh, Thomas Wong, Nhan Ly-Trong, Huaiyan Ren
Contributed by Lam-Tung Nguyen, Dominik Schrempf, Chris Bielow,
Olga Chernomor, Michael Woodhams, Diep Thi Hoang, Heiko Schmidt

Host:    8084c4e79f09 (AVX512, FMA3, 1133 GB RAM)
Command: /workspace/iqtree-3.1.2-Linux/bin/iqtree3_intel -s /workspace/NeuralNJ/empirical/JarvD5a/exon_13417.fasta -st DNA -m GTR+G -T 8 -seed 2201 -pre /workspace/IQTree_8_cores_JarvD5a_Results/exon_13417 -quiet
Seed:    2201 (Using SPRNG - Scalable Parallel Random Number Generator)
Time:    Thu May 28 08:00:05 2026
Kernel:  AVX+FMA - 8 threads (384 CPU cores detected)

Reading alignment file /workspace/NeuralNJ/empirical/JarvD5a/exon_13417.fasta ... Fasta format detected
Reading fasta file: done in 0.000426054 secs using 21.36% CPU
Alignment most likely contains DNA/RNA sequences
Constructing alignment: done in 0.00080204 secs using 417.1% CPU
Alignment has 45 sequences with 582 columns, 265 distinct patterns
150 parsimony-informative, 87 singleton sites, 345 constant sites
       Gap/Ambiguity  Composition  p-value
Analyzing sequences: done in 1.40667e-05 secs using 554.5% CPU
   1  ACACH    9.62%    passed     99.94%
   2  ANAPL   26.12%    passed     91.54%
   3  APAVI    2.75%    passed     84.19%
   4  APTFO    1.37%    passed     91.64%
   5  BALRE    5.15%    passed     97.64%
   6  BUCRH    3.78%    passed     91.24%
   7  CALAN    9.62%    passed     96.65%
   8  CAPCA    1.72%    passed     91.31%
   9  CARCR   12.37%    passed     98.59%
  10  CATAU    5.15%    passed     97.13%
  11  CHAPE   13.75%    passed     89.17%
  12  CHAVO    8.25%    passed     97.50%
  13  CHLUN    6.53%    passed     96.43%
  14  COLLI    1.37%    passed     96.48%
  15  COLST   13.06%    passed     79.26%
  16  CORBR   10.65%    passed     91.21%
  17  CUCCA    6.87%    passed     86.73%
  18  EGRGA    4.47%    passed     96.61%
  19  EURHE   26.12%    passed     90.24%
  20  FALPE    6.87%    passed     91.30%
  21  FULGL   52.58%    passed     73.95%
  22  GALGA    7.90%    passed     88.69%
  23  GAVST    5.15%    passed    100.00%
  24  GEOFO    6.53%    passed     95.08%
  25  HALAL    1.37%    passed     99.21%
  26  HALLE    1.37%    passed     99.21%
  27  LEPDI    6.53%    passed     92.20%
  28  MANVI   13.06%    passed     95.02%
  29  MELGA   13.75%    passed     90.54%
  30  MERNU   14.09%    passed     88.64%
  31  MESUN   11.00%    passed     92.70%
  32  NIPNI    3.44%    passed     95.41%
  33  OPHHO   11.00%    passed     97.80%
  34  PELCR    5.15%    passed     97.55%
  35  PHACA    1.37%    passed     96.71%
  36  PHALE    5.15%    passed     96.04%
  37  PHORU    7.22%    passed     99.89%
  38  PICPU   13.40%    passed     86.20%
  39  PODCR    4.81%    passed     98.43%
  40  PTEGU    6.19%    passed     86.79%
  41  PYGAD    6.87%    passed     88.09%
  42  TAEGU    5.84%    passed     83.13%
  43  TAUER   11.00%    passed     97.60%
  44  TINMA   12.03%    passed     97.75%
  45  TYTAL    9.97%    passed     95.28%
WARNING: 1 sequences contain more than 50% gaps/ambiguity
****  TOTAL    9.16%  0 sequences failed composition chi2 test (p-value<5%; df=3)
NOTE: HALLE is identical to HALAL but kept for subsequent analysis
Checking for duplicate sequences: done in 0.000123024 secs using 782.8% CPU

Create initial parsimony tree by phylogenetic likelihood library (PLL)... 0.001 seconds

NOTE: 1 MB RAM (0 GB) is required!
WARNING: Number of threads seems too high for short alignments. Use -T AUTO to determine best number of threads.
Estimate model parameters (epsilon = 0.100)
1. Initial log-likelihood: -4791.087
2. Current log-likelihood: -4482.407
3. Current log-likelihood: -4479.552
Optimal log-likelihood: -4479.528
Rate parameters:  A-C: 1.78804  A-G: 4.56787  A-T: 0.52287  C-G: 1.95566  C-T: 3.76514  G-T: 1.00000
Base frequencies:  A: 0.289  C: 0.205  G: 0.219  T: 0.287
Gamma shape alpha: 0.264
Parameters optimization took 3 rounds (0.072 sec)
Wrote distance file to... 
Computing ML distances based on estimated model parameters...
Calculating distance matrix: done in 0.000671864 secs using 795.3% CPU
Computing ML distances took 0.000741 sec (of wall-clock time) 0.005612 sec (of CPU time)
Setting up auxiliary I and S matrices: done in 0.000104189 secs using 1011% CPU
Constructing RapidNJ tree: done in 0.00248003 secs using 842.4% CPU
Computing RapidNJ tree took 0.002645 sec (of wall-clock time) 0.024137 sec (of CPU time)
Log-likelihood of RapidNJ tree: -4508.968
--------------------------------------------------------------------
|             INITIALIZING CANDIDATE TREE SET                      |
--------------------------------------------------------------------
Generating 98 parsimony trees... 0.149 second
Computing log-likelihood of 98 initial trees ... 0.422 seconds
Current best score: -4436.185

Do NNI search on 20 best initial trees
Estimate model parameters (epsilon = 0.100)
BETTER TREE FOUND at iteration 1: -4427.825
Iteration 10 / LogL: -4439.314 / Time: 0h:0m:1s
Iteration 20 / LogL: -4444.790 / Time: 0h:0m:2s
Finish initializing candidate tree set (20)
Current best tree score: -4427.825 / CPU time: 2.290
Number of iterations: 20
--------------------------------------------------------------------
|               OPTIMIZING CANDIDATE TREE SET                      |
--------------------------------------------------------------------
Iteration 30 / LogL: -4430.439 / Time: 0h:0m:3s (0h:0m:8s left)
Iteration 40 / LogL: -4430.440 / Time: 0h:0m:4s (0h:0m:6s left)
Estimate model parameters (epsilon = 0.100)
BETTER TREE FOUND at iteration 49: -4426.210
Iteration 50 / LogL: -4428.167 / Time: 0h:0m:5s (0h:0m:10s left)
Iteration 60 / LogL: -4427.852 / Time: 0h:0m:6s (0h:0m:9s left)
Iteration 70 / LogL: -4433.696 / Time: 0h:0m:7s (0h:0m:8s left)
UPDATE BEST LOG-LIKELIHOOD: -4426.210
Iteration 80 / LogL: -4437.230 / Time: 0h:0m:8s (0h:0m:7s left)
Estimate model parameters (epsilon = 0.100)
BETTER TREE FOUND at iteration 88: -4426.107
Iteration 90 / LogL: -4426.253 / Time: 0h:0m:9s (0h:0m:10s left)
Iteration 100 / LogL: -4426.253 / Time: 0h:0m:10s (0h:0m:8s left)
Iteration 110 / LogL: -4426.253 / Time: 0h:0m:10s (0h:0m:7s left)
Iteration 120 / LogL: -4426.257 / Time: 0h:0m:11s (0h:0m:6s left)
Iteration 130 / LogL: -4429.904 / Time: 0h:0m:12s (0h:0m:5s left)
Iteration 140 / LogL: -4426.254 / Time: 0h:0m:13s (0h:0m:4s left)
Iteration 150 / LogL: -4428.936 / Time: 0h:0m:14s (0h:0m:3s left)
Iteration 160 / LogL: -4432.548 / Time: 0h:0m:15s (0h:0m:2s left)
Iteration 170 / LogL: -4429.013 / Time: 0h:0m:16s (0h:0m:1s left)
Iteration 180 / LogL: -4428.169 / Time: 0h:0m:17s (0h:0m:0s left)
TREE SEARCH COMPLETED AFTER 189 ITERATIONS / Time: 0h:0m:17s

--------------------------------------------------------------------
|                    FINALIZING TREE SEARCH                        |
--------------------------------------------------------------------
Performs final model parameters optimization
Estimate model parameters (epsilon = 0.010)
1. Initial log-likelihood: -4426.107
Optimal log-likelihood: -4426.107
Rate parameters:  A-C: 2.02159  A-G: 4.81172  A-T: 0.53256  C-G: 1.94854  C-T: 3.97997  G-T: 1.00000
Base frequencies:  A: 0.289  C: 0.205  G: 0.219  T: 0.287
Gamma shape alpha: 0.267
Parameters optimization took 1 rounds (0.007 sec)
BEST SCORE FOUND : -4426.107
Total tree length: 1.853

Total number of iterations: 189
CPU time used for tree search: 142.126 sec (0h:2m:22s)
Wall-clock time used for tree search: 17.785 sec (0h:0m:17s)
Total CPU time used: 143.107 sec (0h:2m:23s)
Total wall-clock time used: 17.905 sec (0h:0m:17s)

Analysis results written to: 
  IQ-TREE report:                /workspace/IQTree_8_cores_JarvD5a_Results/exon_13417.iqtree
  Maximum-likelihood tree:       /workspace/IQTree_8_cores_JarvD5a_Results/exon_13417.treefile
  Likelihood distances:          /workspace/IQTree_8_cores_JarvD5a_Results/exon_13417.mldist
  Screen log file:               /workspace/IQTree_8_cores_JarvD5a_Results/exon_13417.log

Date and Time: Thu May 28 08:00:23 2026
