IQ-TREE version 3.1.2 for Linux x86 64-bit built May  7 2026
Developed by Bui Quang Minh, Thomas Wong, Nhan Ly-Trong, Huaiyan Ren
Contributed by Lam-Tung Nguyen, Dominik Schrempf, Chris Bielow,
Olga Chernomor, Michael Woodhams, Diep Thi Hoang, Heiko Schmidt

Host:    8084c4e79f09 (AVX512, FMA3, 1133 GB RAM)
Command: /workspace/iqtree-3.1.2-Linux/bin/iqtree3_intel -s /workspace/NeuralNJ/empirical/JarvD5a/exon_11419.fasta -st DNA -m GTR+G -T 8 -seed 2201 -pre /workspace/IQTree_8_cores_JarvD5a_Results/exon_11419 -quiet
Seed:    2201 (Using SPRNG - Scalable Parallel Random Number Generator)
Time:    Wed May 27 19:02:36 2026
Kernel:  AVX+FMA - 8 threads (384 CPU cores detected)

Reading alignment file /workspace/NeuralNJ/empirical/JarvD5a/exon_11419.fasta ... Fasta format detected
Reading fasta file: done in 0.000409842 secs using 35.62% CPU
Alignment most likely contains DNA/RNA sequences
Constructing alignment: done in 0.00113893 secs using 584.5% CPU
Alignment has 46 sequences with 542 columns, 245 distinct patterns
129 parsimony-informative, 110 singleton sites, 303 constant sites
       Gap/Ambiguity  Composition  p-value
Analyzing sequences: done in 1.81198e-05 secs using 469.1% CPU
   1  ACACH   25.46%    passed     77.71%
   2  ANAPL    0.00%    passed     83.91%
   3  APAVI    0.00%    passed     73.28%
   4  APTFO    0.37%    passed     99.52%
   5  BALRE    0.00%    passed     96.19%
   6  BUCRH    0.00%    passed     50.17%
   7  CALAN    0.00%    passed     91.18%
   8  CAPCA    0.00%    passed     99.70%
   9  CARCR    0.00%    passed     99.40%
  10  CATAU    0.00%    passed     96.51%
  11  CHAVO    0.00%    passed     99.45%
  12  CHLUN    0.00%    passed     97.62%
  13  COLLI    0.00%    passed     99.85%
  14  CORBR    0.00%    passed     77.86%
  15  CUCCA    0.00%    passed     92.24%
  16  EGRGA    0.37%    passed     88.41%
  17  EURHE    0.00%    passed     97.79%
  18  FALPE    0.00%    passed     97.73%
  19  FULGL    0.37%    passed     99.48%
  20  GALGA    0.00%    passed     97.70%
  21  GAVST    0.00%    passed     99.80%
  22  GEOFO    0.00%    passed     95.92%
  23  HALAL    1.66%    passed     99.98%
  24  HALLE    0.00%    passed     99.80%
  25  LEPDI    0.37%    passed     93.86%
  26  MANVI    0.00%    passed     98.63%
  27  MELGA    0.00%    passed     88.84%
  28  MELUN    0.00%    passed     99.76%
  29  MERNU    0.37%    passed     98.39%
  30  MESUN    0.37%    passed     99.62%
  31  NESNO    0.00%    passed     99.70%
  32  NIPNI    0.00%    passed     99.55%
  33  OPHHO    0.00%    passed     96.83%
  34  PELCR    0.37%    passed     99.39%
  35  PHACA    0.37%    passed     94.03%
  36  PHALE    0.00%    passed     97.41%
  37  PHORU    0.00%    passed     98.71%
  38  PICPU    0.37%    passed     16.72%
  39  PODCR    7.38%    passed     96.14%
  40  PTEGU    9.23%    passed     97.24%
  41  PYGAD    0.37%    passed     99.20%
  42  STRCA    0.00%    passed     98.16%
  43  TAEGU    0.00%    passed     96.94%
  44  TAUER    0.37%    passed     84.50%
  45  TINMA    0.00%    passed     91.35%
  46  TYTAL    0.00%    passed     94.36%
****  TOTAL    1.04%  0 sequences failed composition chi2 test (p-value<5%; df=3)
Checking for duplicate sequences: done in 0.000182867 secs using 786.4% CPU

Create initial parsimony tree by phylogenetic likelihood library (PLL)... 0.002 seconds

NOTE: 1 MB RAM (0 GB) is required!
WARNING: Number of threads seems too high for short alignments. Use -T AUTO to determine best number of threads.
Estimate model parameters (epsilon = 0.100)
1. Initial log-likelihood: -3994.444
2. Current log-likelihood: -3826.560
3. Current log-likelihood: -3814.323
4. Current log-likelihood: -3807.953
Optimal log-likelihood: -3807.911
Rate parameters:  A-C: 2.59734  A-G: 7.00888  A-T: 0.63422  C-G: 4.08441  C-T: 7.77606  G-T: 1.00000
Base frequencies:  A: 0.314  C: 0.215  G: 0.239  T: 0.231
Gamma shape alpha: 0.425
Parameters optimization took 4 rounds (0.114 sec)
Wrote distance file to... 
Computing ML distances based on estimated model parameters...
Calculating distance matrix: done in 0.00128293 secs using 808.5% CPU
Computing ML distances took 0.001346 sec (of wall-clock time) 0.010602 sec (of CPU time)
Setting up auxiliary I and S matrices: done in 0.000111103 secs using 1112% CPU
Constructing RapidNJ tree: done in 0.00254011 secs using 822.3% CPU
Computing RapidNJ tree took 0.002712 sec (of wall-clock time) 0.024952 sec (of CPU time)
Log-likelihood of RapidNJ tree: -3824.655
--------------------------------------------------------------------
|             INITIALIZING CANDIDATE TREE SET                      |
--------------------------------------------------------------------
Generating 98 parsimony trees... 0.129 second
Computing log-likelihood of 98 initial trees ... 0.391 seconds
Current best score: -3785.049

Do NNI search on 20 best initial trees
Estimate model parameters (epsilon = 0.100)
BETTER TREE FOUND at iteration 1: -3777.446
Iteration 10 / LogL: -3792.280 / Time: 0h:0m:1s
Estimate model parameters (epsilon = 0.100)
BETTER TREE FOUND at iteration 15: -3777.402
Iteration 20 / LogL: -3786.539 / Time: 0h:0m:2s
Finish initializing candidate tree set (20)
Current best tree score: -3777.402 / CPU time: 2.341
Number of iterations: 20
--------------------------------------------------------------------
|               OPTIMIZING CANDIDATE TREE SET                      |
--------------------------------------------------------------------
Estimate model parameters (epsilon = 0.100)
BETTER TREE FOUND at iteration 24: -3777.224
Estimate model parameters (epsilon = 0.100)
BETTER TREE FOUND at iteration 25: -3773.147
Iteration 30 / LogL: -3773.147 / Time: 0h:0m:3s (0h:0m:11s left)
Estimate model parameters (epsilon = 0.100)
BETTER TREE FOUND at iteration 31: -3770.507
BETTER TREE FOUND at iteration 39: -3770.507
Iteration 40 / LogL: -3771.070 / Time: 0h:0m:4s (0h:0m:11s left)
Iteration 50 / LogL: -3770.508 / Time: 0h:0m:5s (0h:0m:9s left)
Iteration 60 / LogL: -3770.508 / Time: 0h:0m:6s (0h:0m:8s left)
Iteration 70 / LogL: -3770.508 / Time: 0h:0m:7s (0h:0m:7s left)
Iteration 80 / LogL: -3770.514 / Time: 0h:0m:8s (0h:0m:6s left)
UPDATE BEST LOG-LIKELIHOOD: -3770.507
Iteration 90 / LogL: -3770.507 / Time: 0h:0m:9s (0h:0m:5s left)
Iteration 100 / LogL: -3771.282 / Time: 0h:0m:10s (0h:0m:3s left)
Iteration 110 / LogL: -3770.508 / Time: 0h:0m:10s (0h:0m:2s left)
Iteration 120 / LogL: -3771.070 / Time: 0h:0m:12s (0h:0m:1s left)
Iteration 130 / LogL: -3770.508 / Time: 0h:0m:12s (0h:0m:0s left)
Iteration 140 / LogL: -3770.509 / Time: 0h:0m:13s (0h:0m:-1s left)
TREE SEARCH COMPLETED AFTER 140 ITERATIONS / Time: 0h:0m:13s

--------------------------------------------------------------------
|                    FINALIZING TREE SEARCH                        |
--------------------------------------------------------------------
Performs final model parameters optimization
Estimate model parameters (epsilon = 0.010)
1. Initial log-likelihood: -3770.507
Optimal log-likelihood: -3770.507
Rate parameters:  A-C: 2.73452  A-G: 7.31339  A-T: 0.68767  C-G: 4.25164  C-T: 8.21301  G-T: 1.00000
Base frequencies:  A: 0.314  C: 0.215  G: 0.239  T: 0.231
Gamma shape alpha: 0.431
Parameters optimization took 1 rounds (0.007 sec)
BEST SCORE FOUND : -3770.507
Total tree length: 1.325

Total number of iterations: 140
CPU time used for tree search: 109.879 sec (0h:1m:49s)
Wall-clock time used for tree search: 13.752 sec (0h:0m:13s)
Total CPU time used: 111.154 sec (0h:1m:51s)
Total wall-clock time used: 13.912 sec (0h:0m:13s)

Analysis results written to: 
  IQ-TREE report:                /workspace/IQTree_8_cores_JarvD5a_Results/exon_11419.iqtree
  Maximum-likelihood tree:       /workspace/IQTree_8_cores_JarvD5a_Results/exon_11419.treefile
  Likelihood distances:          /workspace/IQTree_8_cores_JarvD5a_Results/exon_11419.mldist
  Screen log file:               /workspace/IQTree_8_cores_JarvD5a_Results/exon_11419.log

Date and Time: Wed May 27 19:02:50 2026
