IQ-TREE version 3.1.2 for Linux x86 64-bit built May  7 2026
Developed by Bui Quang Minh, Thomas Wong, Nhan Ly-Trong, Huaiyan Ren
Contributed by Lam-Tung Nguyen, Dominik Schrempf, Chris Bielow,
Olga Chernomor, Michael Woodhams, Diep Thi Hoang, Heiko Schmidt

Host:    8084c4e79f09 (AVX512, FMA3, 1133 GB RAM)
Command: /workspace/iqtree-3.1.2-Linux/bin/iqtree3_intel -s /workspace/NeuralNJ/empirical/JarvD5a/exon_10427.fasta -st DNA -m GTR+G -T 8 -seed 2201 -pre /workspace/IQTree_8_cores_JarvD5a_Results/exon_10427 -quiet
Seed:    2201 (Using SPRNG - Scalable Parallel Random Number Generator)
Time:    Wed May 27 12:20:13 2026
Kernel:  AVX+FMA - 8 threads (384 CPU cores detected)

Reading alignment file /workspace/NeuralNJ/empirical/JarvD5a/exon_10427.fasta ... Fasta format detected
Reading fasta file: done in 0.00018096 secs using 25.42% CPU
Alignment most likely contains DNA/RNA sequences
Constructing alignment: done in 0.000465155 secs using 145.5% CPU
Alignment has 48 sequences with 330 columns, 209 distinct patterns
138 parsimony-informative, 65 singleton sites, 127 constant sites
       Gap/Ambiguity  Composition  p-value
Analyzing sequences: done in 1.62125e-05 secs using 74.02% CPU
   1  ACACH    0.00%    passed     90.13%
   2  ANAPL    0.61%    passed     94.77%
   3  APAVI    0.61%    passed     79.65%
   4  APTFO    0.00%    passed     94.86%
   5  BALRE    0.00%    passed     99.19%
   6  BUCRH    0.00%    passed     98.53%
   7  CALAN    0.00%    passed     88.69%
   8  CAPCA    0.00%    passed     99.17%
   9  CARCR    0.00%    passed     98.76%
  10  CATAU    0.00%    passed     99.98%
  11  CHAPE    0.00%    passed     90.85%
  12  CHAVO    0.00%    passed     99.71%
  13  CHLUN    0.00%    passed     99.76%
  14  COLLI    0.00%    passed     91.48%
  15  COLST    0.00%    passed     96.53%
  16  CORBR    0.00%    passed     99.98%
  17  CUCCA    0.00%    passed     93.03%
  18  EGRGA    5.45%    passed     98.85%
  19  EURHE    0.00%    passed     96.90%
  20  FALPE    0.61%    passed     99.69%
  21  FULGL    0.00%    passed     98.16%
  22  GALGA    0.61%    passed     81.57%
  23  GAVST    0.00%    passed     98.86%
  24  GEOFO    0.00%    passed     91.32%
  25  HALAL    0.00%    passed     99.98%
  26  HALLE    0.00%    passed     99.98%
  27  LEPDI    0.00%    passed     98.68%
  28  MANVI    0.00%    passed     98.93%
  29  MELGA    0.61%    passed     65.03%
  30  MELUN    0.00%    passed     97.37%
  31  MERNU    0.61%    passed     90.94%
  32  MESUN    1.82%    passed     97.98%
  33  NESNO    0.00%    passed     99.67%
  34  NIPNI    0.00%    passed     95.41%
  35  OPHHO    0.00%    passed     99.31%
  36  PELCR    0.00%    passed     98.72%
  37  PHACA    0.00%    passed     77.30%
  38  PHALE    0.61%    passed     93.62%
  39  PHORU    3.64%    passed     96.27%
  40  PICPU    0.00%    passed     90.96%
  41  PODCR    3.64%    passed     96.26%
  42  PTEGU    0.00%    passed     99.93%
  43  PYGAD    0.00%    passed     97.41%
  44  STRCA    0.00%    passed     99.59%
  45  TAEGU    0.00%    passed     78.80%
  46  TAUER    0.00%    passed     97.55%
  47  TINMA    0.00%    passed     95.07%
  48  TYTAL    0.00%    passed     97.83%
****  TOTAL    0.39%  0 sequences failed composition chi2 test (p-value<5%; df=3)
NOTE: HALLE is identical to HALAL but kept for subsequent analysis
Checking for duplicate sequences: done in 0.000128984 secs using 825.7% CPU

Create initial parsimony tree by phylogenetic likelihood library (PLL)... 0.001 seconds

NOTE: 1 MB RAM (0 GB) is required!
WARNING: Number of threads seems too high for short alignments. Use -T AUTO to determine best number of threads.
Estimate model parameters (epsilon = 0.100)
1. Initial log-likelihood: -4007.678
2. Current log-likelihood: -3885.962
3. Current log-likelihood: -3884.667
Optimal log-likelihood: -3884.634
Rate parameters:  A-C: 2.17550  A-G: 3.99078  A-T: 0.86983  C-G: 2.48027  C-T: 4.31208  G-T: 1.00000
Base frequencies:  A: 0.379  C: 0.180  G: 0.196  T: 0.245
Gamma shape alpha: 0.550
Parameters optimization took 3 rounds (0.048 sec)
Wrote distance file to... 
Computing ML distances based on estimated model parameters...
Calculating distance matrix: done in 0.000944853 secs using 806.7% CPU
Computing ML distances took 0.000993 sec (of wall-clock time) 0.007785 sec (of CPU time)
Setting up auxiliary I and S matrices: done in 9.39369e-05 secs using 952.8% CPU
Constructing RapidNJ tree: done in 0.00266409 secs using 799% CPU
Computing RapidNJ tree took 0.002787 sec (of wall-clock time) 0.024359 sec (of CPU time)
Log-likelihood of RapidNJ tree: -3883.127
--------------------------------------------------------------------
|             INITIALIZING CANDIDATE TREE SET                      |
--------------------------------------------------------------------
Generating 98 parsimony trees... 0.140 second
Computing log-likelihood of 98 initial trees ... 0.409 seconds
Current best score: -3855.362

Do NNI search on 20 best initial trees
Estimate model parameters (epsilon = 0.100)
BETTER TREE FOUND at iteration 1: -3847.874
Estimate model parameters (epsilon = 0.100)
BETTER TREE FOUND at iteration 8: -3847.229
Iteration 10 / LogL: -3856.943 / Time: 0h:0m:1s
Iteration 20 / LogL: -3858.365 / Time: 0h:0m:2s
Finish initializing candidate tree set (20)
Current best tree score: -3847.229 / CPU time: 2.437
Number of iterations: 20
--------------------------------------------------------------------
|               OPTIMIZING CANDIDATE TREE SET                      |
--------------------------------------------------------------------
Estimate model parameters (epsilon = 0.100)
BETTER TREE FOUND at iteration 21: -3844.389
Estimate model parameters (epsilon = 0.100)
BETTER TREE FOUND at iteration 24: -3841.141
Estimate model parameters (epsilon = 0.100)
BETTER TREE FOUND at iteration 30: -3840.485
Iteration 30 / LogL: -3840.485 / Time: 0h:0m:3s (0h:0m:13s left)
Estimate model parameters (epsilon = 0.100)
BETTER TREE FOUND at iteration 39: -3839.664
Iteration 40 / LogL: -3841.142 / Time: 0h:0m:4s (0h:0m:12s left)
Estimate model parameters (epsilon = 0.100)
BETTER TREE FOUND at iteration 46: -3838.806
Iteration 50 / LogL: -3839.577 / Time: 0h:0m:6s (0h:0m:12s left)
Estimate model parameters (epsilon = 0.100)
BETTER TREE FOUND at iteration 56: -3838.608
Iteration 60 / LogL: -3842.702 / Time: 0h:0m:7s (0h:0m:11s left)
Estimate model parameters (epsilon = 0.100)
BETTER TREE FOUND at iteration 64: -3838.336
Iteration 70 / LogL: -3838.647 / Time: 0h:0m:8s (0h:0m:11s left)
Iteration 80 / LogL: -3838.336 / Time: 0h:0m:9s (0h:0m:10s left)
Iteration 90 / LogL: -3846.207 / Time: 0h:0m:10s (0h:0m:8s left)
BETTER TREE FOUND at iteration 94: -3838.336
Iteration 100 / LogL: -3838.336 / Time: 0h:0m:11s (0h:0m:11s left)
Iteration 110 / LogL: -3842.758 / Time: 0h:0m:12s (0h:0m:10s left)
Iteration 120 / LogL: -3840.677 / Time: 0h:0m:14s (0h:0m:8s left)
UPDATE BEST LOG-LIKELIHOOD: -3838.336
Iteration 130 / LogL: -3838.336 / Time: 0h:0m:15s (0h:0m:7s left)
UPDATE BEST LOG-LIKELIHOOD: -3838.336
Iteration 140 / LogL: -3838.336 / Time: 0h:0m:16s (0h:0m:6s left)
Iteration 150 / LogL: -3838.336 / Time: 0h:0m:17s (0h:0m:5s left)
Iteration 160 / LogL: -3838.336 / Time: 0h:0m:18s (0h:0m:3s left)
Iteration 170 / LogL: -3842.450 / Time: 0h:0m:19s (0h:0m:2s left)
Iteration 180 / LogL: -3838.336 / Time: 0h:0m:20s (0h:0m:1s left)
Iteration 190 / LogL: -3838.501 / Time: 0h:0m:21s (0h:0m:0s left)
TREE SEARCH COMPLETED AFTER 195 ITERATIONS / Time: 0h:0m:22s

--------------------------------------------------------------------
|                    FINALIZING TREE SEARCH                        |
--------------------------------------------------------------------
Performs final model parameters optimization
Estimate model parameters (epsilon = 0.010)
1. Initial log-likelihood: -3838.336
Optimal log-likelihood: -3838.336
Rate parameters:  A-C: 2.45623  A-G: 4.61762  A-T: 0.93650  C-G: 2.55458  C-T: 4.44373  G-T: 1.00000
Base frequencies:  A: 0.379  C: 0.180  G: 0.196  T: 0.245
Gamma shape alpha: 0.569
Parameters optimization took 1 rounds (0.007 sec)
BEST SCORE FOUND : -3838.336
Total tree length: 2.558

Total number of iterations: 195
CPU time used for tree search: 162.083 sec (0h:2m:42s)
Wall-clock time used for tree search: 22.150 sec (0h:0m:22s)
Total CPU time used: 162.760 sec (0h:2m:42s)
Total wall-clock time used: 22.234 sec (0h:0m:22s)

Analysis results written to: 
  IQ-TREE report:                /workspace/IQTree_8_cores_JarvD5a_Results/exon_10427.iqtree
  Maximum-likelihood tree:       /workspace/IQTree_8_cores_JarvD5a_Results/exon_10427.treefile
  Likelihood distances:          /workspace/IQTree_8_cores_JarvD5a_Results/exon_10427.mldist
  Screen log file:               /workspace/IQTree_8_cores_JarvD5a_Results/exon_10427.log

Date and Time: Wed May 27 12:20:36 2026
