IQ-TREE version 3.1.2 for Linux x86 64-bit built May  7 2026
Developed by Bui Quang Minh, Thomas Wong, Nhan Ly-Trong, Huaiyan Ren
Contributed by Lam-Tung Nguyen, Dominik Schrempf, Chris Bielow,
Olga Chernomor, Michael Woodhams, Diep Thi Hoang, Heiko Schmidt

Host:    8084c4e79f09 (AVX512, FMA3, 1133 GB RAM)
Command: /workspace/iqtree-3.1.2-Linux/bin/iqtree3_intel -s /workspace/NeuralNJ/empirical/JarvD5a/exon_13637.fasta -st DNA -m GTR+G -T 8 -seed 2201 -pre /workspace/IQTree_8_cores_JarvD5a_Results/exon_13637 -quiet
Seed:    2201 (Using SPRNG - Scalable Parallel Random Number Generator)
Time:    Thu May 28 09:13:20 2026
Kernel:  AVX+FMA - 8 threads (384 CPU cores detected)

Reading alignment file /workspace/NeuralNJ/empirical/JarvD5a/exon_13637.fasta ... Fasta format detected
Reading fasta file: done in 0.000172138 secs using 50.54% CPU
Alignment most likely contains DNA/RNA sequences
Constructing alignment: done in 0.000381947 secs using 448.5% CPU
Alignment has 47 sequences with 180 columns, 118 distinct patterns
76 parsimony-informative, 33 singleton sites, 71 constant sites
       Gap/Ambiguity  Composition  p-value
Analyzing sequences: done in 7.9155e-05 secs using 722.6% CPU
   1  ACACH    1.11%    passed     90.18%
   2  ANAPL    1.11%    passed     85.76%
   3  APAVI    0.00%    passed     96.46%
   4  APTFO    1.11%    passed     96.65%
   5  BALRE    1.11%    passed     99.28%
   6  BUCRH    1.11%    passed     82.62%
   7  CALAN    1.11%    passed     92.63%
   8  CAPCA    1.11%    passed     90.15%
   9  CARCR    1.11%    passed     99.81%
  10  CATAU    1.11%    passed     99.25%
  11  CHAPE    1.11%    passed     96.42%
  12  CHAVO    1.11%    passed     98.63%
  13  CHLUN    1.11%    passed     97.52%
  14  COLLI    1.11%    passed     99.45%
  15  COLST   34.44%    passed     99.72%
  16  CORBR    1.11%    passed     98.79%
  17  CUCCA    1.11%    passed     78.82%
  18  EGRGA    1.11%    passed     99.91%
  19  EURHE    1.11%    passed     73.38%
  20  FALPE    1.11%    passed     93.61%
  21  FULGL    1.11%    passed     95.26%
  22  GALGA    1.11%    passed     96.93%
  23  GAVST    1.11%    passed     99.83%
  24  GEOFO    1.11%    passed     77.07%
  25  HALAL    1.11%    passed     99.48%
  26  HALLE    1.11%    passed     99.48%
  27  LEPDI    1.11%    passed     96.86%
  28  MANVI    1.11%    passed     35.85%
  29  MELGA    1.11%    passed     97.32%
  30  MELUN    1.11%    passed     47.39%
  31  MERNU    1.11%    passed     97.19%
  32  NESNO    1.11%    passed     85.65%
  33  NIPNI    1.11%    passed     98.79%
  34  OPHHO    1.11%    passed     97.34%
  35  PELCR    1.11%    passed     99.38%
  36  PHACA    1.11%    passed     99.25%
  37  PHALE    1.11%    passed     99.25%
  38  PHORU    1.11%    passed     99.30%
  39  PICPU    1.11%    passed     77.15%
  40  PODCR    1.11%    passed     99.28%
  41  PTEGU    1.11%    passed     95.65%
  42  PYGAD    1.11%    passed     96.65%
  43  STRCA    1.11%    passed     97.60%
  44  TAEGU    1.11%    passed     87.80%
  45  TAUER    1.11%    passed     98.70%
  46  TINMA    1.11%    passed     86.75%
  47  TYTAL    1.11%    passed     89.15%
****  TOTAL    1.80%  0 sequences failed composition chi2 test (p-value<5%; df=3)
NOTE: PYGAD is identical to APTFO but kept for subsequent analysis
NOTE: HALLE is identical to HALAL but kept for subsequent analysis
Checking for duplicate sequences: done in 0.000177145 secs using 772.2% CPU

Create initial parsimony tree by phylogenetic likelihood library (PLL)... 0.003 seconds

NOTE: 0 MB RAM (0 GB) is required!
WARNING: Number of threads seems too high for short alignments. Use -T AUTO to determine best number of threads.
Estimate model parameters (epsilon = 0.100)
1. Initial log-likelihood: -2043.472
2. Current log-likelihood: -1970.307
3. Current log-likelihood: -1969.864
Optimal log-likelihood: -1969.856
Rate parameters:  A-C: 0.80450  A-G: 2.88393  A-T: 0.29701  C-G: 1.65270  C-T: 1.77748  G-T: 1.00000
Base frequencies:  A: 0.348  C: 0.227  G: 0.205  T: 0.221
Gamma shape alpha: 0.650
Parameters optimization took 3 rounds (0.052 sec)
Wrote distance file to... 
Computing ML distances based on estimated model parameters...
Calculating distance matrix: done in 0.00136614 secs using 802.2% CPU
Computing ML distances took 0.001407 sec (of wall-clock time) 0.011122 sec (of CPU time)
Setting up auxiliary I and S matrices: done in 0.000111103 secs using 1164% CPU
Constructing RapidNJ tree: done in 0.00271106 secs using 701.7% CPU
Computing RapidNJ tree took 0.002888 sec (of wall-clock time) 0.026369 sec (of CPU time)
Log-likelihood of RapidNJ tree: -1978.802
--------------------------------------------------------------------
|             INITIALIZING CANDIDATE TREE SET                      |
--------------------------------------------------------------------
Generating 98 parsimony trees... 0.105 second
Computing log-likelihood of 98 initial trees ... 0.337 seconds
Current best score: -1966.809

Do NNI search on 20 best initial trees
Estimate model parameters (epsilon = 0.100)
BETTER TREE FOUND at iteration 1: -1965.901
Estimate model parameters (epsilon = 0.100)
BETTER TREE FOUND at iteration 2: -1964.134
Estimate model parameters (epsilon = 0.100)
BETTER TREE FOUND at iteration 10: -1963.785
Iteration 10 / LogL: -1963.785 / Time: 0h:0m:1s
Estimate model parameters (epsilon = 0.100)
BETTER TREE FOUND at iteration 11: -1963.328
Iteration 20 / LogL: -1967.819 / Time: 0h:0m:1s
Finish initializing candidate tree set (20)
Current best tree score: -1963.328 / CPU time: 1.809
Number of iterations: 20
--------------------------------------------------------------------
|               OPTIMIZING CANDIDATE TREE SET                      |
--------------------------------------------------------------------
Estimate model parameters (epsilon = 0.100)
BETTER TREE FOUND at iteration 25: -1961.457
Estimate model parameters (epsilon = 0.100)
BETTER TREE FOUND at iteration 27: -1959.149
Estimate model parameters (epsilon = 0.100)
BETTER TREE FOUND at iteration 30: -1957.184
Iteration 30 / LogL: -1957.184 / Time: 0h:0m:2s (0h:0m:9s left)
Estimate model parameters (epsilon = 0.100)
BETTER TREE FOUND at iteration 40: -1956.960
Iteration 40 / LogL: -1956.960 / Time: 0h:0m:3s (0h:0m:9s left)
BETTER TREE FOUND at iteration 41: -1956.960
Estimate model parameters (epsilon = 0.100)
BETTER TREE FOUND at iteration 48: -1956.622
Iteration 50 / LogL: -1957.007 / Time: 0h:0m:4s (0h:0m:9s left)
Iteration 60 / LogL: -1957.007 / Time: 0h:0m:5s (0h:0m:8s left)
Estimate model parameters (epsilon = 0.100)
BETTER TREE FOUND at iteration 61: -1955.840
Iteration 70 / LogL: -1956.620 / Time: 0h:0m:6s (0h:0m:8s left)
Iteration 80 / LogL: -1955.840 / Time: 0h:0m:7s (0h:0m:7s left)
Iteration 90 / LogL: -1955.841 / Time: 0h:0m:8s (0h:0m:6s left)
Iteration 100 / LogL: -1960.218 / Time: 0h:0m:9s (0h:0m:5s left)
Iteration 110 / LogL: -1955.840 / Time: 0h:0m:10s (0h:0m:4s left)
BETTER TREE FOUND at iteration 117: -1955.840
Iteration 120 / LogL: -1960.213 / Time: 0h:0m:11s (0h:0m:9s left)
Iteration 130 / LogL: -1961.036 / Time: 0h:0m:12s (0h:0m:8s left)
Iteration 140 / LogL: -1957.763 / Time: 0h:0m:13s (0h:0m:7s left)
Iteration 150 / LogL: -1956.485 / Time: 0h:0m:14s (0h:0m:6s left)
Estimate model parameters (epsilon = 0.100)
BETTER TREE FOUND at iteration 152: -1955.459
Iteration 160 / LogL: -1957.491 / Time: 0h:0m:15s (0h:0m:8s left)
Estimate model parameters (epsilon = 0.100)
BETTER TREE FOUND at iteration 170: -1954.669
Iteration 170 / LogL: -1954.669 / Time: 0h:0m:16s (0h:0m:9s left)
Iteration 180 / LogL: -1954.669 / Time: 0h:0m:17s (0h:0m:8s left)
Estimate model parameters (epsilon = 0.100)
BETTER TREE FOUND at iteration 184: -1954.439
Iteration 190 / LogL: -1954.727 / Time: 0h:0m:18s (0h:0m:8s left)
Iteration 200 / LogL: -1956.501 / Time: 0h:0m:19s (0h:0m:8s left)
Estimate model parameters (epsilon = 0.100)
BETTER TREE FOUND at iteration 208: -1954.219
Iteration 210 / LogL: -1954.749 / Time: 0h:0m:20s (0h:0m:9s left)
BETTER TREE FOUND at iteration 215: -1954.219
Iteration 220 / LogL: -1954.749 / Time: 0h:0m:21s (0h:0m:9s left)
BETTER TREE FOUND at iteration 228: -1954.219
Iteration 230 / LogL: -1955.490 / Time: 0h:0m:21s (0h:0m:9s left)
Iteration 240 / LogL: -1960.226 / Time: 0h:0m:22s (0h:0m:8s left)
Iteration 250 / LogL: -1954.219 / Time: 0h:0m:23s (0h:0m:7s left)
Iteration 260 / LogL: -1954.219 / Time: 0h:0m:24s (0h:0m:6s left)
Iteration 270 / LogL: -1960.014 / Time: 0h:0m:25s (0h:0m:5s left)
BETTER TREE FOUND at iteration 274: -1954.219
Iteration 280 / LogL: -1955.696 / Time: 0h:0m:26s (0h:0m:8s left)
Iteration 290 / LogL: -1958.096 / Time: 0h:0m:27s (0h:0m:8s left)
Iteration 300 / LogL: -1954.219 / Time: 0h:0m:28s (0h:0m:7s left)
Iteration 310 / LogL: -1954.219 / Time: 0h:0m:29s (0h:0m:6s left)
Iteration 320 / LogL: -1955.804 / Time: 0h:0m:30s (0h:0m:5s left)
Iteration 330 / LogL: -1956.894 / Time: 0h:0m:31s (0h:0m:4s left)
Iteration 340 / LogL: -1954.460 / Time: 0h:0m:32s (0h:0m:3s left)
Iteration 350 / LogL: -1954.219 / Time: 0h:0m:33s (0h:0m:2s left)
Iteration 360 / LogL: -1956.893 / Time: 0h:0m:34s (0h:0m:1s left)
Iteration 370 / LogL: -1954.219 / Time: 0h:0m:35s (0h:0m:0s left)
TREE SEARCH COMPLETED AFTER 375 ITERATIONS / Time: 0h:0m:35s

--------------------------------------------------------------------
|                    FINALIZING TREE SEARCH                        |
--------------------------------------------------------------------
Performs final model parameters optimization
Estimate model parameters (epsilon = 0.010)
1. Initial log-likelihood: -1954.219
Optimal log-likelihood: -1954.219
Rate parameters:  A-C: 0.81442  A-G: 2.79594  A-T: 0.25628  C-G: 1.51283  C-T: 1.81470  G-T: 1.00000
Base frequencies:  A: 0.348  C: 0.227  G: 0.205  T: 0.221
Gamma shape alpha: 0.630
Parameters optimization took 1 rounds (0.006 sec)
BEST SCORE FOUND : -1954.219
Total tree length: 2.358

Total number of iterations: 375
CPU time used for tree search: 285.027 sec (0h:4m:45s)
Wall-clock time used for tree search: 35.655 sec (0h:0m:35s)
Total CPU time used: 285.713 sec (0h:4m:45s)
Total wall-clock time used: 35.742 sec (0h:0m:35s)

Analysis results written to: 
  IQ-TREE report:                /workspace/IQTree_8_cores_JarvD5a_Results/exon_13637.iqtree
  Maximum-likelihood tree:       /workspace/IQTree_8_cores_JarvD5a_Results/exon_13637.treefile
  Likelihood distances:          /workspace/IQTree_8_cores_JarvD5a_Results/exon_13637.mldist
  Screen log file:               /workspace/IQTree_8_cores_JarvD5a_Results/exon_13637.log

Date and Time: Thu May 28 09:13:56 2026
