IQ-TREE version 3.1.2 for Linux x86 64-bit built May  7 2026
Developed by Bui Quang Minh, Thomas Wong, Nhan Ly-Trong, Huaiyan Ren
Contributed by Lam-Tung Nguyen, Dominik Schrempf, Chris Bielow,
Olga Chernomor, Michael Woodhams, Diep Thi Hoang, Heiko Schmidt

Host:    8084c4e79f09 (AVX512, FMA3, 1133 GB RAM)
Command: /workspace/iqtree-3.1.2-Linux/bin/iqtree3_intel -s /workspace/NeuralNJ/empirical/JarvD5a/exon_3025.fasta -st DNA -m GTR+G -T 8 -seed 2201 -pre /workspace/IQTree_8_cores_JarvD5a_Results/exon_3025 -quiet
Seed:    2201 (Using SPRNG - Scalable Parallel Random Number Generator)
Time:    Thu May 28 21:07:49 2026
Kernel:  AVX+FMA - 8 threads (384 CPU cores detected)

Reading alignment file /workspace/NeuralNJ/empirical/JarvD5a/exon_3025.fasta ... Fasta format detected
Reading fasta file: done in 0.000444889 secs using 7.193% CPU
Alignment most likely contains DNA/RNA sequences
Constructing alignment: done in 0.00139999 secs using 637% CPU
Alignment has 44 sequences with 1062 columns, 290 distinct patterns
87 parsimony-informative, 124 singleton sites, 851 constant sites
       Gap/Ambiguity  Composition  p-value
Analyzing sequences: done in 1.3113e-05 secs using 503.3% CPU
   1  ACACH   14.31%    passed     95.29%
   2  ANAPL    4.71%    passed     91.56%
   3  APAVI   14.69%    passed     99.01%
   4  APTFO   14.69%    passed     96.51%
   5  BALRE   14.69%    passed     98.90%
   6  BUCRH   19.21%    passed     88.49%
   7  CALAN   14.69%    passed     98.87%
   8  CAPCA   17.89%    passed     96.44%
   9  CARCR   14.69%    passed     99.96%
  10  CATAU   11.11%    passed     97.92%
  11  CHAPE   14.69%    passed     93.50%
  12  CHAVO   14.50%    passed     95.78%
  13  CHLUN   15.82%    passed     81.52%
  14  COLLI   14.88%    passed     97.85%
  15  COLST   17.51%    passed     76.26%
  16  CORBR   14.69%    passed     86.19%
  17  CUCCA   14.69%    passed     86.58%
  18  EURHE   15.82%    passed     86.71%
  19  FALPE   14.88%    passed     95.36%
  20  FULGL   14.69%    passed     99.53%
  21  GALGA    0.56%    passed     75.96%
  22  GEOFO   15.82%    passed     86.73%
  23  HALAL   14.69%    passed     97.88%
  24  HALLE   14.69%    passed     97.88%
  25  LEPDI   14.88%    passed     99.37%
  26  MANVI    4.71%    passed     88.39%
  27  MELGA   16.20%    passed     89.07%
  28  MELUN   15.07%    passed     98.17%
  29  MERNU   11.68%    passed     97.99%
  30  MESUN   14.69%    passed     99.60%
  31  NESNO   11.11%    passed     96.01%
  32  NIPNI   14.69%    passed     89.91%
  33  OPHHO   14.69%    passed     99.44%
  34  PELCR   14.88%    passed     99.50%
  35  PHACA   19.40%    passed     84.21%
  36  PHALE   14.69%    passed     97.01%
  37  PHORU   14.69%    passed     98.94%
  38  PICPU   12.05%    passed     30.70%
  39  PODCR   14.69%    passed     98.11%
  40  PTEGU   11.49%    passed     99.35%
  41  PYGAD   14.69%    passed     98.53%
  42  TAEGU    8.85%    passed     70.19%
  43  TINMA   11.11%    passed     96.23%
  44  TYTAL   14.88%    passed     94.58%
****  TOTAL   13.81%  0 sequences failed composition chi2 test (p-value<5%; df=3)
NOTE: HALLE is identical to HALAL but kept for subsequent analysis
Checking for duplicate sequences: done in 0.000120163 secs using 436.1% CPU

Create initial parsimony tree by phylogenetic likelihood library (PLL)... 0.001 seconds

NOTE: 1 MB RAM (0 GB) is required!
WARNING: Number of threads seems too high for short alignments. Use -T AUTO to determine best number of threads.
Estimate model parameters (epsilon = 0.100)
1. Initial log-likelihood: -3992.503
2. Current log-likelihood: -3824.574
3. Current log-likelihood: -3823.351
Optimal log-likelihood: -3823.326
Rate parameters:  A-C: 1.98112  A-G: 5.20029  A-T: 0.65379  C-G: 2.99783  C-T: 3.89148  G-T: 1.00000
Base frequencies:  A: 0.318  C: 0.202  G: 0.207  T: 0.273
Gamma shape alpha: 0.165
Parameters optimization took 3 rounds (0.069 sec)
Wrote distance file to... 
Computing ML distances based on estimated model parameters...
Calculating distance matrix: done in 0.00090003 secs using 809.6% CPU
Computing ML distances took 0.000952 sec (of wall-clock time) 0.007571 sec (of CPU time)
Setting up auxiliary I and S matrices: done in 0.000986099 secs using 834.6% CPU
Constructing RapidNJ tree: done in 0.00235796 secs using 646.7% CPU
Computing RapidNJ tree took 0.003377 sec (of wall-clock time) 0.026270 sec (of CPU time)
Log-likelihood of RapidNJ tree: -3867.320
--------------------------------------------------------------------
|             INITIALIZING CANDIDATE TREE SET                      |
--------------------------------------------------------------------
Generating 98 parsimony trees... 0.114 second
Computing log-likelihood of 98 initial trees ... 0.348 seconds
Current best score: -3815.791

Do NNI search on 20 best initial trees
Estimate model parameters (epsilon = 0.100)
BETTER TREE FOUND at iteration 1: -3812.356
Iteration 10 / LogL: -3820.918 / Time: 0h:0m:1s
Iteration 20 / LogL: -3821.790 / Time: 0h:0m:2s
Finish initializing candidate tree set (20)
Current best tree score: -3812.356 / CPU time: 1.943
Number of iterations: 20
--------------------------------------------------------------------
|               OPTIMIZING CANDIDATE TREE SET                      |
--------------------------------------------------------------------
Iteration 30 / LogL: -3827.822 / Time: 0h:0m:2s (0h:0m:7s left)
Iteration 40 / LogL: -3812.360 / Time: 0h:0m:3s (0h:0m:6s left)
Iteration 50 / LogL: -3815.577 / Time: 0h:0m:4s (0h:0m:4s left)
Iteration 60 / LogL: -3812.362 / Time: 0h:0m:5s (0h:0m:3s left)
Iteration 70 / LogL: -3812.360 / Time: 0h:0m:6s (0h:0m:2s left)
Iteration 80 / LogL: -3812.356 / Time: 0h:0m:7s (0h:0m:1s left)
Iteration 90 / LogL: -3813.723 / Time: 0h:0m:8s (0h:0m:1s left)
Iteration 100 / LogL: -3814.428 / Time: 0h:0m:9s (0h:0m:0s left)
TREE SEARCH COMPLETED AFTER 102 ITERATIONS / Time: 0h:0m:9s

--------------------------------------------------------------------
|                    FINALIZING TREE SEARCH                        |
--------------------------------------------------------------------
Performs final model parameters optimization
Estimate model parameters (epsilon = 0.010)
1. Initial log-likelihood: -3812.356
Optimal log-likelihood: -3812.355
Rate parameters:  A-C: 2.00191  A-G: 5.28430  A-T: 0.67877  C-G: 3.14306  C-T: 3.69361  G-T: 1.00000
Base frequencies:  A: 0.318  C: 0.202  G: 0.207  T: 0.273
Gamma shape alpha: 0.170
Parameters optimization took 1 rounds (0.007 sec)
BEST SCORE FOUND : -3812.355
Total tree length: 0.508

Total number of iterations: 102
CPU time used for tree search: 75.172 sec (0h:1m:15s)
Wall-clock time used for tree search: 9.402 sec (0h:0m:9s)
Total CPU time used: 76.035 sec (0h:1m:16s)
Total wall-clock time used: 9.510 sec (0h:0m:9s)

Analysis results written to: 
  IQ-TREE report:                /workspace/IQTree_8_cores_JarvD5a_Results/exon_3025.iqtree
  Maximum-likelihood tree:       /workspace/IQTree_8_cores_JarvD5a_Results/exon_3025.treefile
  Likelihood distances:          /workspace/IQTree_8_cores_JarvD5a_Results/exon_3025.mldist
  Screen log file:               /workspace/IQTree_8_cores_JarvD5a_Results/exon_3025.log

Date and Time: Thu May 28 21:07:58 2026
