IQ-TREE version 3.1.2 for Linux x86 64-bit built May  7 2026
Developed by Bui Quang Minh, Thomas Wong, Nhan Ly-Trong, Huaiyan Ren
Contributed by Lam-Tung Nguyen, Dominik Schrempf, Chris Bielow,
Olga Chernomor, Michael Woodhams, Diep Thi Hoang, Heiko Schmidt

Host:    8084c4e79f09 (AVX512, FMA3, 1133 GB RAM)
Command: /workspace/iqtree-3.1.2-Linux/bin/iqtree3_intel -s /workspace/NeuralNJ/empirical/JarvD5a/exon_8222.fasta -st DNA -m GTR+G -T 8 -seed 2201 -pre /workspace/IQTree_8_cores_JarvD5a_Results/exon_8222 -quiet
Seed:    2201 (Using SPRNG - Scalable Parallel Random Number Generator)
Time:    Fri May 29 16:42:32 2026
Kernel:  AVX+FMA - 8 threads (384 CPU cores detected)

Reading alignment file /workspace/NeuralNJ/empirical/JarvD5a/exon_8222.fasta ... Fasta format detected
Reading fasta file: done in 0.000849962 secs using 3.412% CPU
Alignment most likely contains DNA/RNA sequences
Constructing alignment: done in 0.001966 secs using 565.3% CPU
Alignment has 47 sequences with 1470 columns, 382 distinct patterns
202 parsimony-informative, 160 singleton sites, 1108 constant sites
       Gap/Ambiguity  Composition  p-value
Analyzing sequences: done in 1.81198e-05 secs using 182.1% CPU
   1  ACACH    0.95%    passed     91.14%
   2  ANAPL    1.36%    passed     99.60%
   3  APAVI    0.95%    passed     97.39%
   4  APTFO    0.95%    passed     94.28%
   5  BALRE    0.95%    passed     99.70%
   6  BUCRH    0.95%    passed     97.44%
   7  CALAN    0.95%    passed     98.59%
   8  CAPCA    0.95%    passed     98.97%
   9  CARCR    0.95%    passed     99.50%
  10  CHAPE    1.90%    passed     83.03%
  11  CHAVO    0.95%    passed     97.89%
  12  CHLUN    0.95%    passed     98.81%
  13  COLLI    0.95%    passed     98.97%
  14  COLST    0.54%    passed     94.54%
  15  CORBR    0.95%    passed     89.08%
  16  CUCCA    0.95%    passed     99.73%
  17  EGRGA    0.95%    passed     99.47%
  18  EURHE    0.95%    passed     96.74%
  19  FALPE    1.09%    passed     93.78%
  20  FULGL    0.41%    passed     95.37%
  21  GALGA    1.09%    passed     99.91%
  22  GAVST    0.95%    passed     98.39%
  23  GEOFO    3.95%    passed     58.06%
  24  HALAL    0.95%    passed     98.33%
  25  HALLE    0.95%    passed     97.97%
  26  LEPDI    0.95%    passed     99.47%
  27  MANVI    0.95%    passed     92.56%
  28  MELGA    1.09%    passed     99.97%
  29  MELUN    0.95%    passed     94.34%
  30  MERNU    0.95%    passed     88.32%
  31  MESUN    0.95%    passed     95.44%
  32  NESNO    0.95%    passed     89.97%
  33  NIPNI    0.95%    passed     98.82%
  34  OPHHO    0.82%    passed     99.40%
  35  PELCR    0.95%    passed     99.67%
  36  PHACA    3.81%    passed     97.23%
  37  PHALE   16.87%    passed     91.03%
  38  PHORU    0.95%    passed     93.31%
  39  PICPU    0.95%    passed     16.78%
  40  PODCR    0.95%    passed     99.03%
  41  PTEGU    0.95%    passed     99.87%
  42  PYGAD    0.95%    passed     96.38%
  43  STRCA    1.22%    passed     99.42%
  44  TAEGU    0.95%    passed     75.35%
  45  TAUER    0.95%    passed     99.84%
  46  TINMA    1.63%    passed     97.60%
  47  TYTAL    1.09%    passed     97.65%
****  TOTAL    1.45%  0 sequences failed composition chi2 test (p-value<5%; df=3)
Checking for duplicate sequences: done in 0.000135899 secs using 816% CPU

Create initial parsimony tree by phylogenetic likelihood library (PLL)... 0.001 seconds

NOTE: 2 MB RAM (0 GB) is required!
WARNING: Number of threads seems too high for short alignments. Use -T AUTO to determine best number of threads.
Estimate model parameters (epsilon = 0.100)
1. Initial log-likelihood: -7777.781
2. Current log-likelihood: -7295.226
3. Current log-likelihood: -7285.165
4. Current log-likelihood: -7284.919
Optimal log-likelihood: -7284.905
Rate parameters:  A-C: 2.43928  A-G: 5.76286  A-T: 0.35242  C-G: 3.01989  C-T: 5.13441  G-T: 1.00000
Base frequencies:  A: 0.258  C: 0.221  G: 0.228  T: 0.293
Gamma shape alpha: 0.179
Parameters optimization took 4 rounds (0.120 sec)
Wrote distance file to... 
Computing ML distances based on estimated model parameters...
Calculating distance matrix: done in 0.000742912 secs using 793% CPU
Computing ML distances took 0.000814 sec (of wall-clock time) 0.006250 sec (of CPU time)
Setting up auxiliary I and S matrices: done in 0.000157118 secs using 763.8% CPU
Constructing RapidNJ tree: done in 0.00257087 secs using 671.8% CPU
Computing RapidNJ tree took 0.002776 sec (of wall-clock time) 0.023709 sec (of CPU time)
Log-likelihood of RapidNJ tree: -7344.327
--------------------------------------------------------------------
|             INITIALIZING CANDIDATE TREE SET                      |
--------------------------------------------------------------------
Generating 98 parsimony trees... 0.186 second
Computing log-likelihood of 98 initial trees ... 0.432 seconds
Current best score: -7265.538

Do NNI search on 20 best initial trees
Estimate model parameters (epsilon = 0.100)
BETTER TREE FOUND at iteration 1: -7257.875
Estimate model parameters (epsilon = 0.100)
BETTER TREE FOUND at iteration 3: -7256.969
Iteration 10 / LogL: -7262.748 / Time: 0h:0m:1s
Iteration 20 / LogL: -7259.562 / Time: 0h:0m:2s
Finish initializing candidate tree set (20)
Current best tree score: -7256.969 / CPU time: 2.338
Number of iterations: 20
--------------------------------------------------------------------
|               OPTIMIZING CANDIDATE TREE SET                      |
--------------------------------------------------------------------
Estimate model parameters (epsilon = 0.100)
BETTER TREE FOUND at iteration 22: -7256.831
Estimate model parameters (epsilon = 0.100)
BETTER TREE FOUND at iteration 23: -7254.666
Iteration 30 / LogL: -7255.613 / Time: 0h:0m:3s (0h:0m:11s left)
Estimate model parameters (epsilon = 0.100)
BETTER TREE FOUND at iteration 32: -7249.965
Estimate model parameters (epsilon = 0.100)
BETTER TREE FOUND at iteration 38: -7249.385
Iteration 40 / LogL: -7256.248 / Time: 0h:0m:4s (0h:0m:11s left)
Estimate model parameters (epsilon = 0.100)
BETTER TREE FOUND at iteration 43: -7249.247
Iteration 50 / LogL: -7251.384 / Time: 0h:0m:5s (0h:0m:10s left)
UPDATE BEST LOG-LIKELIHOOD: -7249.247
Iteration 60 / LogL: -7250.065 / Time: 0h:0m:6s (0h:0m:8s left)
Iteration 70 / LogL: -7249.387 / Time: 0h:0m:7s (0h:0m:7s left)
Iteration 80 / LogL: -7250.658 / Time: 0h:0m:8s (0h:0m:6s left)
Iteration 90 / LogL: -7254.252 / Time: 0h:0m:9s (0h:0m:5s left)
BETTER TREE FOUND at iteration 97: -7249.246
Iteration 100 / LogL: -7250.961 / Time: 0h:0m:10s (0h:0m:9s left)
UPDATE BEST LOG-LIKELIHOOD: -7249.246
UPDATE BEST LOG-LIKELIHOOD: -7249.246
Iteration 110 / LogL: -7257.777 / Time: 0h:0m:11s (0h:0m:8s left)
Iteration 120 / LogL: -7249.385 / Time: 0h:0m:11s (0h:0m:7s left)
Estimate model parameters (epsilon = 0.100)
BETTER TREE FOUND at iteration 123: -7248.686
Iteration 130 / LogL: -7251.385 / Time: 0h:0m:12s (0h:0m:9s left)
Iteration 140 / LogL: -7249.254 / Time: 0h:0m:13s (0h:0m:8s left)
Iteration 150 / LogL: -7250.201 / Time: 0h:0m:14s (0h:0m:7s left)
UPDATE BEST LOG-LIKELIHOOD: -7248.685
Iteration 160 / LogL: -7296.320 / Time: 0h:0m:15s (0h:0m:6s left)
Iteration 170 / LogL: -7248.891 / Time: 0h:0m:16s (0h:0m:5s left)
Iteration 180 / LogL: -7248.830 / Time: 0h:0m:17s (0h:0m:4s left)
Iteration 190 / LogL: -7248.746 / Time: 0h:0m:18s (0h:0m:3s left)
UPDATE BEST LOG-LIKELIHOOD: -7248.685
Iteration 200 / LogL: -7248.831 / Time: 0h:0m:19s (0h:0m:2s left)
Iteration 210 / LogL: -7250.232 / Time: 0h:0m:20s (0h:0m:1s left)
Iteration 220 / LogL: -7248.745 / Time: 0h:0m:21s (0h:0m:0s left)
TREE SEARCH COMPLETED AFTER 224 ITERATIONS / Time: 0h:0m:21s

--------------------------------------------------------------------
|                    FINALIZING TREE SEARCH                        |
--------------------------------------------------------------------
Performs final model parameters optimization
Estimate model parameters (epsilon = 0.010)
1. Initial log-likelihood: -7248.685
Optimal log-likelihood: -7248.684
Rate parameters:  A-C: 2.43228  A-G: 5.79749  A-T: 0.33669  C-G: 3.10459  C-T: 4.99894  G-T: 1.00000
Base frequencies:  A: 0.258  C: 0.221  G: 0.228  T: 0.293
Gamma shape alpha: 0.179
Parameters optimization took 1 rounds (0.008 sec)
BEST SCORE FOUND : -7248.684
Total tree length: 0.939

Total number of iterations: 224
CPU time used for tree search: 172.402 sec (0h:2m:52s)
Wall-clock time used for tree search: 21.585 sec (0h:0m:21s)
Total CPU time used: 173.732 sec (0h:2m:53s)
Total wall-clock time used: 21.750 sec (0h:0m:21s)

Analysis results written to: 
  IQ-TREE report:                /workspace/IQTree_8_cores_JarvD5a_Results/exon_8222.iqtree
  Maximum-likelihood tree:       /workspace/IQTree_8_cores_JarvD5a_Results/exon_8222.treefile
  Likelihood distances:          /workspace/IQTree_8_cores_JarvD5a_Results/exon_8222.mldist
  Screen log file:               /workspace/IQTree_8_cores_JarvD5a_Results/exon_8222.log

Date and Time: Fri May 29 16:42:53 2026
