IQ-TREE version 3.1.2 for Linux x86 64-bit built May  7 2026
Developed by Bui Quang Minh, Thomas Wong, Nhan Ly-Trong, Huaiyan Ren
Contributed by Lam-Tung Nguyen, Dominik Schrempf, Chris Bielow,
Olga Chernomor, Michael Woodhams, Diep Thi Hoang, Heiko Schmidt

Host:    8084c4e79f09 (AVX512, FMA3, 1133 GB RAM)
Command: /workspace/iqtree-3.1.2-Linux/bin/iqtree3_intel -s /workspace/NeuralNJ/empirical/JarvD5a/exon_9751.fasta -st DNA -m GTR+G -T 8 -seed 2201 -pre /workspace/IQTree_8_cores_JarvD5a_Results/exon_9751 -quiet
Seed:    2201 (Using SPRNG - Scalable Parallel Random Number Generator)
Time:    Sat May 30 02:05:56 2026
Kernel:  AVX+FMA - 8 threads (384 CPU cores detected)

Reading alignment file /workspace/NeuralNJ/empirical/JarvD5a/exon_9751.fasta ... Fasta format detected
Reading fasta file: done in 0.0011971 secs using 57.39% CPU
Alignment most likely contains DNA/RNA sequences
Constructing alignment: done in 0.00264215 secs using 586.5% CPU
Alignment has 48 sequences with 2034 columns, 291 distinct patterns
131 parsimony-informative, 149 singleton sites, 1754 constant sites
       Gap/Ambiguity  Composition  p-value
Analyzing sequences: done in 1.69277e-05 secs using 295.4% CPU
   1  ACACH    9.44%    passed     94.29%
   2  ANAPL    0.00%    passed     99.72%
   3  APAVI   11.90%    passed     81.34%
   4  APTFO    0.00%    passed     99.76%
   5  BALRE    0.00%    passed     98.96%
   6  BUCRH    0.00%    passed     99.85%
   7  CALAN    0.00%    passed     88.73%
   8  CAPCA    5.90%    passed     96.41%
   9  CARCR   11.90%    passed     80.61%
  10  CATAU    0.00%    passed     99.84%
  11  CHAPE    0.00%    passed     98.87%
  12  CHAVO    0.00%    passed     99.49%
  13  CHLUN    0.00%    passed     99.71%
  14  COLLI    0.20%    passed     96.10%
  15  COLST    9.44%    passed     90.55%
  16  CORBR    0.00%    passed     99.49%
  17  CUCCA    0.00%    passed     98.22%
  18  EGRGA    0.00%    passed     99.97%
  19  EURHE    0.00%    passed     98.69%
  20  FALPE    0.00%    passed     99.27%
  21  FULGL    0.00%    passed     99.41%
  22  GALGA    0.20%    passed     99.24%
  23  GAVST    5.90%    passed     96.32%
  24  GEOFO    0.00%    passed     99.11%
  25  HALAL   11.90%    passed     80.94%
  26  HALLE    0.00%    passed     99.83%
  27  LEPDI    0.00%    passed     99.72%
  28  MANVI    0.00%    passed     99.79%
  29  MELGA    0.29%    passed     99.14%
  30  MELUN    0.00%    passed     98.88%
  31  MERNU    0.00%    passed     96.06%
  32  MESUN   11.90%    passed     86.26%
  33  NESNO    0.00%    passed     99.15%
  34  NIPNI    0.00%    passed     99.76%
  35  OPHHO    5.80%    passed     86.12%
  36  PELCR   11.90%    passed     82.33%
  37  PHACA    1.28%    passed     97.70%
  38  PHALE    0.00%    passed     99.48%
  39  PHORU    5.90%    passed     95.37%
  40  PICPU    0.20%    passed     96.28%
  41  PODCR   11.90%    passed     79.66%
  42  PTEGU    0.00%    passed     99.36%
  43  PYGAD    0.00%    passed     99.67%
  44  STRCA    0.00%    passed     98.63%
  45  TAEGU    0.00%    passed     99.47%
  46  TAUER    0.20%    passed     98.67%
  47  TINMA    3.05%    passed     37.90%
  48  TYTAL    0.00%    passed     99.36%
****  TOTAL    2.48%  0 sequences failed composition chi2 test (p-value<5%; df=3)
Checking for duplicate sequences: done in 0.000128984 secs using 546.6% CPU

Create initial parsimony tree by phylogenetic likelihood library (PLL)... 0.002 seconds

NOTE: 1 MB RAM (0 GB) is required!
WARNING: Number of threads seems too high for short alignments. Use -T AUTO to determine best number of threads.
Estimate model parameters (epsilon = 0.100)
1. Initial log-likelihood: -6704.913
2. Current log-likelihood: -6355.956
3. Current log-likelihood: -6348.637
Optimal log-likelihood: -6348.573
Rate parameters:  A-C: 0.78014  A-G: 3.50113  A-T: 0.32992  C-G: 0.91607  C-T: 3.96566  G-T: 1.00000
Base frequencies:  A: 0.335  C: 0.196  G: 0.234  T: 0.234
Gamma shape alpha: 0.020
Parameters optimization took 3 rounds (0.057 sec)
Wrote distance file to... 
Computing ML distances based on estimated model parameters...
Calculating distance matrix: done in 0.00125289 secs using 793.2% CPU
Computing ML distances took 0.001307 sec (of wall-clock time) 0.010161 sec (of CPU time)
Setting up auxiliary I and S matrices: done in 0.000101089 secs using 1125% CPU
Constructing RapidNJ tree: done in 0.00266814 secs using 779.8% CPU
Computing RapidNJ tree took 0.002801 sec (of wall-clock time) 0.024695 sec (of CPU time)
Log-likelihood of RapidNJ tree: -6385.305
--------------------------------------------------------------------
|             INITIALIZING CANDIDATE TREE SET                      |
--------------------------------------------------------------------
Generating 98 parsimony trees... 0.163 second
Computing log-likelihood of 98 initial trees ... 0.348 seconds
Current best score: -6335.111

Do NNI search on 20 best initial trees
Estimate model parameters (epsilon = 0.100)
BETTER TREE FOUND at iteration 1: -6332.489
Iteration 10 / LogL: -6341.045 / Time: 0h:0m:1s
Iteration 20 / LogL: -6344.066 / Time: 0h:0m:1s
Finish initializing candidate tree set (20)
Current best tree score: -6332.489 / CPU time: 1.560
Number of iterations: 20
--------------------------------------------------------------------
|               OPTIMIZING CANDIDATE TREE SET                      |
--------------------------------------------------------------------
Iteration 30 / LogL: -6338.697 / Time: 0h:0m:2s (0h:0m:5s left)
Estimate model parameters (epsilon = 0.100)
BETTER TREE FOUND at iteration 36: -6331.088
Iteration 40 / LogL: -6334.811 / Time: 0h:0m:3s (0h:0m:7s left)
Iteration 50 / LogL: -6331.099 / Time: 0h:0m:4s (0h:0m:7s left)
Iteration 60 / LogL: -6338.215 / Time: 0h:0m:4s (0h:0m:6s left)
Estimate model parameters (epsilon = 0.100)
BETTER TREE FOUND at iteration 64: -6330.722
Iteration 70 / LogL: -6331.404 / Time: 0h:0m:5s (0h:0m:8s left)
Iteration 80 / LogL: -6335.594 / Time: 0h:0m:6s (0h:0m:7s left)
Estimate model parameters (epsilon = 0.100)
BETTER TREE FOUND at iteration 82: -6329.875
Iteration 90 / LogL: -6330.730 / Time: 0h:0m:7s (0h:0m:7s left)
Iteration 100 / LogL: -6330.435 / Time: 0h:0m:8s (0h:0m:7s left)
Iteration 110 / LogL: -6329.877 / Time: 0h:0m:9s (0h:0m:6s left)
Iteration 120 / LogL: -6330.349 / Time: 0h:0m:10s (0h:0m:5s left)
Iteration 130 / LogL: -6329.892 / Time: 0h:0m:11s (0h:0m:4s left)
BETTER TREE FOUND at iteration 135: -6329.874
Iteration 140 / LogL: -6330.364 / Time: 0h:0m:11s (0h:0m:8s left)
Iteration 150 / LogL: -6329.875 / Time: 0h:0m:12s (0h:0m:7s left)
Iteration 160 / LogL: -6329.876 / Time: 0h:0m:13s (0h:0m:6s left)
Iteration 170 / LogL: -6336.166 / Time: 0h:0m:14s (0h:0m:5s left)
Iteration 180 / LogL: -6331.984 / Time: 0h:0m:15s (0h:0m:4s left)
UPDATE BEST LOG-LIKELIHOOD: -6329.874
Iteration 190 / LogL: -6329.878 / Time: 0h:0m:16s (0h:0m:3s left)
Iteration 200 / LogL: -6330.386 / Time: 0h:0m:16s (0h:0m:2s left)
Iteration 210 / LogL: -6332.480 / Time: 0h:0m:17s (0h:0m:2s left)
Iteration 220 / LogL: -6333.449 / Time: 0h:0m:18s (0h:0m:1s left)
Iteration 230 / LogL: -6329.874 / Time: 0h:0m:19s (0h:0m:0s left)
UPDATE BEST LOG-LIKELIHOOD: -6329.874
TREE SEARCH COMPLETED AFTER 236 ITERATIONS / Time: 0h:0m:19s

--------------------------------------------------------------------
|                    FINALIZING TREE SEARCH                        |
--------------------------------------------------------------------
Performs final model parameters optimization
Estimate model parameters (epsilon = 0.010)
1. Initial log-likelihood: -6329.874
Optimal log-likelihood: -6329.873
Rate parameters:  A-C: 0.79628  A-G: 3.69743  A-T: 0.35680  C-G: 1.06342  C-T: 4.00163  G-T: 1.00000
Base frequencies:  A: 0.335  C: 0.196  G: 0.234  T: 0.234
Gamma shape alpha: 0.020
Parameters optimization took 1 rounds (0.008 sec)
BEST SCORE FOUND : -6329.873
Total tree length: 0.370

Total number of iterations: 236
CPU time used for tree search: 158.356 sec (0h:2m:38s)
Wall-clock time used for tree search: 19.827 sec (0h:0m:19s)
Total CPU time used: 159.115 sec (0h:2m:39s)
Total wall-clock time used: 19.921 sec (0h:0m:19s)

Analysis results written to: 
  IQ-TREE report:                /workspace/IQTree_8_cores_JarvD5a_Results/exon_9751.iqtree
  Maximum-likelihood tree:       /workspace/IQTree_8_cores_JarvD5a_Results/exon_9751.treefile
  Likelihood distances:          /workspace/IQTree_8_cores_JarvD5a_Results/exon_9751.mldist
  Screen log file:               /workspace/IQTree_8_cores_JarvD5a_Results/exon_9751.log

Date and Time: Sat May 30 02:06:16 2026
