IQ-TREE version 3.1.2 for Linux x86 64-bit built May  7 2026
Developed by Bui Quang Minh, Thomas Wong, Nhan Ly-Trong, Huaiyan Ren
Contributed by Lam-Tung Nguyen, Dominik Schrempf, Chris Bielow,
Olga Chernomor, Michael Woodhams, Diep Thi Hoang, Heiko Schmidt

Host:    8084c4e79f09 (AVX512, FMA3, 1133 GB RAM)
Command: /workspace/iqtree-3.1.2-Linux/bin/iqtree3_intel -s /workspace/NeuralNJ/empirical/JarvD5a/exon_7793.fasta -st DNA -m GTR+G -T 8 -seed 2201 -pre /workspace/IQTree_8_cores_JarvD5a_Results/exon_7793 -quiet
Seed:    2201 (Using SPRNG - Scalable Parallel Random Number Generator)
Time:    Fri May 29 14:05:38 2026
Kernel:  AVX+FMA - 8 threads (384 CPU cores detected)

Reading alignment file /workspace/NeuralNJ/empirical/JarvD5a/exon_7793.fasta ... Fasta format detected
Reading fasta file: done in 0.00106788 secs using 5.619% CPU
Alignment most likely contains DNA/RNA sequences
Constructing alignment: done in 0.00148201 secs using 815.2% CPU
Alignment has 47 sequences with 1122 columns, 231 distinct patterns
47 parsimony-informative, 87 singleton sites, 988 constant sites
       Gap/Ambiguity  Composition  p-value
Analyzing sequences: done in 1.5974e-05 secs using 93.9% CPU
   1  ACACH   45.81%    passed     64.17%
   2  ANAPL    4.19%    passed     98.82%
   3  APAVI    2.05%    passed     99.98%
   4  APTFO    0.71%    passed     99.59%
   5  BALRE    6.06%    passed     98.82%
   6  BUCRH    1.43%    passed     98.73%
   7  CALAN    0.71%    passed     99.83%
   8  CAPCA    7.49%    passed     98.83%
   9  CARCR    6.77%    passed     99.34%
  10  CATAU    0.71%    passed     99.87%
  11  CHAPE    1.07%    passed     98.74%
  12  CHAVO    0.71%    passed     99.46%
  13  CHLUN    0.71%    passed     99.79%
  14  COLLI    1.78%    passed     99.92%
  15  CORBR    0.71%    passed     98.75%
  16  CUCCA    0.71%    passed     97.69%
  17  EGRGA    0.71%    passed     98.12%
  18  EURHE    8.20%    passed     94.36%
  19  FALPE    0.71%    passed     98.56%
  20  FULGL   21.12%    passed     85.14%
  21  GALGA    0.71%    passed     99.69%
  22  GAVST    2.05%    passed     99.94%
  23  GEOFO    0.71%    passed     96.75%
  24  HALAL   13.01%    passed     95.56%
  25  HALLE    1.07%    passed     98.69%
  26  LEPDI    1.07%    passed     96.08%
  27  MANVI    0.71%    passed     91.90%
  28  MELGA    0.71%    passed     98.14%
  29  MELUN    0.71%    passed     99.50%
  30  MERNU    1.07%    passed     99.99%
  31  MESUN    4.99%    passed     95.23%
  32  NESNO   14.26%    passed     90.28%
  33  NIPNI    0.71%    passed     99.99%
  34  OPHHO    0.71%    passed     99.97%
  35  PELCR    3.83%    passed     99.56%
  36  PHACA    0.71%    passed     99.22%
  37  PHALE    3.74%    passed     99.33%
  38  PHORU    0.36%    passed     99.95%
  39  PICPU    1.07%    passed     99.97%
  40  PODCR    1.07%    passed     99.88%
  41  PTEGU    1.96%    passed     99.79%
  42  PYGAD    0.71%    passed     99.84%
  43  STRCA    0.71%    passed     96.42%
  44  TAEGU    0.71%    passed     96.16%
  45  TAUER    3.57%    passed     96.97%
  46  TINMA   26.92%    passed     72.19%
  47  TYTAL   11.41%    passed     97.58%
****  TOTAL    4.50%  0 sequences failed composition chi2 test (p-value<5%; df=3)
Checking for duplicate sequences: done in 0.000123978 secs using 784% CPU

Create initial parsimony tree by phylogenetic likelihood library (PLL)... 0.001 seconds

NOTE: 1 MB RAM (0 GB) is required!
WARNING: Number of threads seems too high for short alignments. Use -T AUTO to determine best number of threads.
Estimate model parameters (epsilon = 0.100)
1. Initial log-likelihood: -3338.248
2. Current log-likelihood: -3209.402
3. Current log-likelihood: -3206.581
Optimal log-likelihood: -3206.575
Rate parameters:  A-C: 4.08650  A-G: 3.86252  A-T: 0.57357  C-G: 2.81724  C-T: 8.94852  G-T: 1.00000
Base frequencies:  A: 0.301  C: 0.244  G: 0.287  T: 0.168
Gamma shape alpha: 0.020
Parameters optimization took 3 rounds (0.078 sec)
Wrote distance file to... 
Computing ML distances based on estimated model parameters...
Calculating distance matrix: done in 0.000940084 secs using 811.6% CPU
Computing ML distances took 0.000998 sec (of wall-clock time) 0.007852 sec (of CPU time)
Setting up auxiliary I and S matrices: done in 0.000102043 secs using 1058% CPU
Constructing RapidNJ tree: done in 0.00268507 secs using 820.6% CPU
Computing RapidNJ tree took 0.002822 sec (of wall-clock time) 0.025807 sec (of CPU time)
Log-likelihood of RapidNJ tree: -3220.245
--------------------------------------------------------------------
|             INITIALIZING CANDIDATE TREE SET                      |
--------------------------------------------------------------------
Generating 98 parsimony trees... 0.103 second
Computing log-likelihood of 98 initial trees ... 0.319 seconds
Current best score: -3177.052

Do NNI search on 20 best initial trees
Estimate model parameters (epsilon = 0.100)
BETTER TREE FOUND at iteration 1: -3176.002
Estimate model parameters (epsilon = 0.100)
BETTER TREE FOUND at iteration 2: -3175.046
Iteration 10 / LogL: -3184.454 / Time: 0h:0m:1s
Iteration 20 / LogL: -3182.260 / Time: 0h:0m:1s
Finish initializing candidate tree set (20)
Current best tree score: -3175.046 / CPU time: 1.727
Number of iterations: 20
--------------------------------------------------------------------
|               OPTIMIZING CANDIDATE TREE SET                      |
--------------------------------------------------------------------
Estimate model parameters (epsilon = 0.100)
BETTER TREE FOUND at iteration 23: -3174.222
Estimate model parameters (epsilon = 0.100)
BETTER TREE FOUND at iteration 29: -3172.640
Iteration 30 / LogL: -3178.035 / Time: 0h:0m:2s (0h:0m:9s left)
Iteration 40 / LogL: -3178.413 / Time: 0h:0m:3s (0h:0m:8s left)
Estimate model parameters (epsilon = 0.100)
BETTER TREE FOUND at iteration 43: -3171.923
Iteration 50 / LogL: -3173.761 / Time: 0h:0m:4s (0h:0m:8s left)
Iteration 60 / LogL: -3172.678 / Time: 0h:0m:5s (0h:0m:7s left)
Estimate model parameters (epsilon = 0.100)
BETTER TREE FOUND at iteration 69: -3171.649
Iteration 70 / LogL: -3176.137 / Time: 0h:0m:6s (0h:0m:8s left)
Estimate model parameters (epsilon = 0.100)
BETTER TREE FOUND at iteration 73: -3171.481
Iteration 80 / LogL: -3171.793 / Time: 0h:0m:7s (0h:0m:8s left)
BETTER TREE FOUND at iteration 85: -3171.481
Iteration 90 / LogL: -3171.485 / Time: 0h:0m:8s (0h:0m:8s left)
BETTER TREE FOUND at iteration 100: -3171.481
Iteration 100 / LogL: -3171.481 / Time: 0h:0m:9s (0h:0m:9s left)
BETTER TREE FOUND at iteration 105: -3171.481
Iteration 110 / LogL: -3175.156 / Time: 0h:0m:9s (0h:0m:8s left)
BETTER TREE FOUND at iteration 112: -3171.480
Iteration 120 / LogL: -3171.481 / Time: 0h:0m:10s (0h:0m:8s left)
Iteration 130 / LogL: -3172.137 / Time: 0h:0m:11s (0h:0m:7s left)
Iteration 140 / LogL: -3171.482 / Time: 0h:0m:12s (0h:0m:6s left)
Estimate model parameters (epsilon = 0.100)
BETTER TREE FOUND at iteration 141: -3171.379
Iteration 150 / LogL: -3172.861 / Time: 0h:0m:13s (0h:0m:8s left)
Iteration 160 / LogL: -3171.380 / Time: 0h:0m:14s (0h:0m:7s left)
BETTER TREE FOUND at iteration 168: -3171.378
Iteration 170 / LogL: -3171.510 / Time: 0h:0m:15s (0h:0m:9s left)
Iteration 180 / LogL: -3171.399 / Time: 0h:0m:16s (0h:0m:8s left)
BETTER TREE FOUND at iteration 181: -3171.378
Iteration 190 / LogL: -3171.379 / Time: 0h:0m:17s (0h:0m:8s left)
Iteration 200 / LogL: -3171.798 / Time: 0h:0m:18s (0h:0m:7s left)
Iteration 210 / LogL: -3171.378 / Time: 0h:0m:19s (0h:0m:6s left)
BETTER TREE FOUND at iteration 214: -3171.378
Iteration 220 / LogL: -3171.379 / Time: 0h:0m:20s (0h:0m:8s left)
BETTER TREE FOUND at iteration 221: -3171.377
Iteration 230 / LogL: -3177.810 / Time: 0h:0m:21s (0h:0m:8s left)
BETTER TREE FOUND at iteration 231: -3171.377
Iteration 240 / LogL: -3176.852 / Time: 0h:0m:22s (0h:0m:8s left)
Iteration 250 / LogL: -3171.381 / Time: 0h:0m:23s (0h:0m:7s left)
Iteration 260 / LogL: -3177.931 / Time: 0h:0m:24s (0h:0m:6s left)
Iteration 270 / LogL: -3172.019 / Time: 0h:0m:25s (0h:0m:5s left)
Iteration 280 / LogL: -3171.379 / Time: 0h:0m:26s (0h:0m:4s left)
Iteration 290 / LogL: -3178.226 / Time: 0h:0m:27s (0h:0m:3s left)
Iteration 300 / LogL: -3176.987 / Time: 0h:0m:28s (0h:0m:2s left)
BETTER TREE FOUND at iteration 307: -3171.377
Iteration 310 / LogL: -3181.078 / Time: 0h:0m:29s (0h:0m:9s left)
Iteration 320 / LogL: -3171.379 / Time: 0h:0m:29s (0h:0m:8s left)
Iteration 330 / LogL: -3171.379 / Time: 0h:0m:30s (0h:0m:7s left)
Iteration 340 / LogL: -3175.832 / Time: 0h:0m:31s (0h:0m:6s left)
Iteration 350 / LogL: -3177.047 / Time: 0h:0m:32s (0h:0m:5s left)
Iteration 360 / LogL: -3182.328 / Time: 0h:0m:33s (0h:0m:4s left)
Iteration 370 / LogL: -3175.824 / Time: 0h:0m:34s (0h:0m:3s left)
Iteration 380 / LogL: -3177.504 / Time: 0h:0m:35s (0h:0m:2s left)
Iteration 390 / LogL: -3171.377 / Time: 0h:0m:36s (0h:0m:1s left)
Iteration 400 / LogL: -3184.626 / Time: 0h:0m:37s (0h:0m:0s left)
TREE SEARCH COMPLETED AFTER 408 ITERATIONS / Time: 0h:0m:37s

--------------------------------------------------------------------
|                    FINALIZING TREE SEARCH                        |
--------------------------------------------------------------------
Performs final model parameters optimization
Estimate model parameters (epsilon = 0.010)
1. Initial log-likelihood: -3171.377
Optimal log-likelihood: -3171.377
Rate parameters:  A-C: 3.70262  A-G: 3.82769  A-T: 0.53103  C-G: 2.80459  C-T: 8.12956  G-T: 1.00000
Base frequencies:  A: 0.301  C: 0.244  G: 0.287  T: 0.168
Gamma shape alpha: 0.020
Parameters optimization took 1 rounds (0.008 sec)
BEST SCORE FOUND : -3171.377
Total tree length: 0.290

Total number of iterations: 408
CPU time used for tree search: 302.251 sec (0h:5m:2s)
Wall-clock time used for tree search: 37.819 sec (0h:0m:37s)
Total CPU time used: 303.156 sec (0h:5m:3s)
Total wall-clock time used: 37.932 sec (0h:0m:37s)

Analysis results written to: 
  IQ-TREE report:                /workspace/IQTree_8_cores_JarvD5a_Results/exon_7793.iqtree
  Maximum-likelihood tree:       /workspace/IQTree_8_cores_JarvD5a_Results/exon_7793.treefile
  Likelihood distances:          /workspace/IQTree_8_cores_JarvD5a_Results/exon_7793.mldist
  Screen log file:               /workspace/IQTree_8_cores_JarvD5a_Results/exon_7793.log

Date and Time: Fri May 29 14:06:16 2026
