IQ-TREE version 3.1.2 for Linux x86 64-bit built May  7 2026
Developed by Bui Quang Minh, Thomas Wong, Nhan Ly-Trong, Huaiyan Ren
Contributed by Lam-Tung Nguyen, Dominik Schrempf, Chris Bielow,
Olga Chernomor, Michael Woodhams, Diep Thi Hoang, Heiko Schmidt

Host:    8084c4e79f09 (AVX512, FMA3, 1133 GB RAM)
Command: /workspace/iqtree-3.1.2-Linux/bin/iqtree3_intel -s /workspace/NeuralNJ/empirical/JarvD5a/exon_7704.fasta -st DNA -m GTR+G -T 8 -seed 2201 -pre /workspace/IQTree_8_cores_JarvD5a_Results/exon_7704 -quiet
Seed:    2201 (Using SPRNG - Scalable Parallel Random Number Generator)
Time:    Fri May 29 13:34:56 2026
Kernel:  AVX+FMA - 8 threads (384 CPU cores detected)

Reading alignment file /workspace/NeuralNJ/empirical/JarvD5a/exon_7704.fasta ... Fasta format detected
Reading fasta file: done in 0.000226021 secs using 21.24% CPU
Alignment most likely contains DNA/RNA sequences
Constructing alignment: done in 0.000509024 secs using 96.85% CPU
Alignment has 48 sequences with 394 columns, 54 distinct patterns
11 parsimony-informative, 18 singleton sites, 365 constant sites
       Gap/Ambiguity  Composition  p-value
Analyzing sequences: done in 9.05991e-06 secs using 22.08% CPU
   1  ACACH    7.61%    passed     90.55%
   2  ANAPL    0.00%    passed     99.94%
   3  APAVI    0.00%    passed     99.94%
   4  APTFO    0.00%    passed    100.00%
   5  BALRE   20.30%    passed     91.16%
   6  BUCRH    0.00%    passed     98.26%
   7  CALAN    0.00%    passed    100.00%
   8  CAPCA    0.00%    passed     99.93%
   9  CARCR    0.00%    passed    100.00%
  10  CATAU    0.00%    passed    100.00%
  11  CHAPE    0.00%    passed     99.82%
  12  CHAVO    0.00%    passed    100.00%
  13  CHLUN   33.50%    passed     86.83%
  14  COLLI    0.00%    passed     99.93%
  15  COLST   16.75%    passed     80.81%
  16  CORBR    0.00%    passed     99.94%
  17  CUCCA    0.00%    passed    100.00%
  18  EGRGA    0.00%    passed     99.85%
  19  EURHE   33.50%    passed     83.92%
  20  FALPE    0.00%    passed    100.00%
  21  FULGL    0.51%    passed     99.92%
  22  GALGA    0.51%    passed     99.92%
  23  GAVST    0.00%    passed    100.00%
  24  GEOFO    0.00%    passed     97.61%
  25  HALAL    0.00%    passed     99.81%
  26  HALLE    0.00%    passed     99.81%
  27  LEPDI    0.00%    passed    100.00%
  28  MANVI    0.00%    passed     99.94%
  29  MELGA    0.51%    passed     99.92%
  30  MELUN    0.00%    passed     99.13%
  31  MERNU    0.00%    passed     99.34%
  32  MESUN    0.00%    passed     99.81%
  33  NESNO    0.00%    passed     99.22%
  34  NIPNI    0.00%    passed     99.95%
  35  OPHHO    0.00%    passed     99.93%
  36  PELCR    0.00%    passed     99.85%
  37  PHACA    0.00%    passed    100.00%
  38  PHALE    0.00%    passed     99.94%
  39  PHORU    0.00%    passed    100.00%
  40  PICPU    0.00%    passed     99.94%
  41  PODCR   45.18%    passed     64.51%
  42  PTEGU    0.00%    passed     99.93%
  43  PYGAD    0.00%    passed    100.00%
  44  STRCA    0.51%    passed     99.92%
  45  TAEGU    0.00%    passed     99.13%
  46  TAUER    0.00%    passed    100.00%
  47  TINMA    0.00%    passed     99.43%
  48  TYTAL    0.00%    passed    100.00%
****  TOTAL    3.31%  0 sequences failed composition chi2 test (p-value<5%; df=3)
NOTE: CARCR is identical to APTFO but kept for subsequent analysis
NOTE: MANVI is identical to CORBR but kept for subsequent analysis
NOTE: PELCR is identical to EGRGA but kept for subsequent analysis
NOTE: MELGA is identical to FULGL but kept for subsequent analysis
NOTE: HALLE is identical to HALAL but kept for subsequent analysis
Checking for duplicate sequences: done in 0.000114918 secs using 804.1% CPU
Identifying sites to remove: done in 9.799e-05 secs using 837.8% CPU
NOTE: 13 identical sequences (see below) will be ignored for subsequent analysis
NOTE: CATAU (identical to APTFO) is ignored but added at the end
NOTE: CHAVO (identical to APTFO) is ignored but added at the end
NOTE: CUCCA (identical to APTFO) is ignored but added at the end
NOTE: FALPE (identical to APTFO) is ignored but added at the end
NOTE: GAVST (identical to APTFO) is ignored but added at the end
NOTE: LEPDI (identical to APTFO) is ignored but added at the end
NOTE: PHACA (identical to APTFO) is ignored but added at the end
NOTE: PHORU (identical to APTFO) is ignored but added at the end
NOTE: PYGAD (identical to APTFO) is ignored but added at the end
NOTE: TAUER (identical to APTFO) is ignored but added at the end
NOTE: TYTAL (identical to APTFO) is ignored but added at the end
NOTE: PHALE (identical to CORBR) is ignored but added at the end
NOTE: STRCA (identical to FULGL) is ignored but added at the end
Alignment was printed to /workspace/IQTree_8_cores_JarvD5a_Results/exon_7704.uniqueseq.phy

For your convenience alignment with unique sequences printed to /workspace/IQTree_8_cores_JarvD5a_Results/exon_7704.uniqueseq.phy

Create initial parsimony tree by phylogenetic likelihood library (PLL)... 0.000 seconds
WARNING: 8 threads for alignment length 54 will slow down analysis

NOTE: 0 MB RAM (0 GB) is required!
WARNING: Number of threads seems too high for short alignments. Use -T AUTO to determine best number of threads.
Estimate model parameters (epsilon = 0.100)
1. Initial log-likelihood: -831.274
2. Current log-likelihood: -801.214
3. Current log-likelihood: -800.525
Optimal log-likelihood: -800.519
Rate parameters:  A-C: 29.95264  A-G: 13.89115  A-T: 3.19812  C-G: 17.53467  C-T: 100.00000  G-T: 1.00000
Warning! Some parameters hit the boundaries
Base frequencies:  A: 0.368  C: 0.156  G: 0.226  T: 0.251
Gamma shape alpha: 0.020
Parameters optimization took 3 rounds (0.074 sec)

WARNING: Estimated model parameters are at boundary that can cause numerical instability!

Wrote distance file to... 
Computing ML distances based on estimated model parameters...
Calculating distance matrix: done in 0.001261 secs using 796.5% CPU
Computing ML distances took 0.001320 sec (of wall-clock time) 0.010345 sec (of CPU time)
Setting up auxiliary I and S matrices: done in 9.5129e-05 secs using 1163% CPU
Constructing RapidNJ tree: done in 0.00184417 secs using 833.7% CPU
Computing RapidNJ tree took 0.001973 sec (of wall-clock time) 0.018280 sec (of CPU time)
Log-likelihood of RapidNJ tree: -800.396
--------------------------------------------------------------------
|             INITIALIZING CANDIDATE TREE SET                      |
--------------------------------------------------------------------
Generating 98 parsimony trees... 0.044 second
Computing log-likelihood of 98 initial trees ... 0.148 seconds
Current best score: -791.014

Do NNI search on 20 best initial trees
Estimate model parameters (epsilon = 0.100)

WARNING: Estimated model parameters are at boundary that can cause numerical instability!

BETTER TREE FOUND at iteration 1: -790.806
Iteration 10 / LogL: -792.637 / Time: 0h:0m:0s
Iteration 20 / LogL: -792.638 / Time: 0h:0m:0s
Finish initializing candidate tree set (20)
Current best tree score: -790.806 / CPU time: 0.579
Number of iterations: 20
--------------------------------------------------------------------
|               OPTIMIZING CANDIDATE TREE SET                      |
--------------------------------------------------------------------
Iteration 30 / LogL: -790.811 / Time: 0h:0m:1s (0h:0m:2s left)
Iteration 40 / LogL: -795.182 / Time: 0h:0m:1s (0h:0m:2s left)
Iteration 50 / LogL: -790.811 / Time: 0h:0m:1s (0h:0m:1s left)
Iteration 60 / LogL: -791.157 / Time: 0h:0m:2s (0h:0m:1s left)
Iteration 70 / LogL: -791.156 / Time: 0h:0m:2s (0h:0m:1s left)
Iteration 80 / LogL: -790.808 / Time: 0h:0m:2s (0h:0m:0s left)
Iteration 90 / LogL: -791.156 / Time: 0h:0m:3s (0h:0m:0s left)
Iteration 100 / LogL: -790.809 / Time: 0h:0m:3s (0h:0m:0s left)
TREE SEARCH COMPLETED AFTER 102 ITERATIONS / Time: 0h:0m:3s

--------------------------------------------------------------------
|                    FINALIZING TREE SEARCH                        |
--------------------------------------------------------------------
Performs final model parameters optimization
Estimate model parameters (epsilon = 0.010)
1. Initial log-likelihood: -790.806
Optimal log-likelihood: -790.806
Rate parameters:  A-C: 23.15889  A-G: 14.19774  A-T: 3.45102  C-G: 17.71559  C-T: 100.00000  G-T: 1.00000
Warning! Some parameters hit the boundaries
Base frequencies:  A: 0.368  C: 0.156  G: 0.226  T: 0.251
Gamma shape alpha: 0.020
Parameters optimization took 1 rounds (0.010 sec)

WARNING: Estimated model parameters are at boundary that can cause numerical instability!

BEST SCORE FOUND : -790.806
Total tree length: 0.113

Total number of iterations: 102
CPU time used for tree search: 27.559 sec (0h:0m:27s)
Wall-clock time used for tree search: 3.510 sec (0h:0m:3s)
Total CPU time used: 28.340 sec (0h:0m:28s)
Total wall-clock time used: 3.611 sec (0h:0m:3s)

Analysis results written to: 
  IQ-TREE report:                /workspace/IQTree_8_cores_JarvD5a_Results/exon_7704.iqtree
  Maximum-likelihood tree:       /workspace/IQTree_8_cores_JarvD5a_Results/exon_7704.treefile
  Likelihood distances:          /workspace/IQTree_8_cores_JarvD5a_Results/exon_7704.mldist
  Screen log file:               /workspace/IQTree_8_cores_JarvD5a_Results/exon_7704.log

Date and Time: Fri May 29 13:35:00 2026
