IQ-TREE version 3.1.2 for Linux x86 64-bit built May  7 2026
Developed by Bui Quang Minh, Thomas Wong, Nhan Ly-Trong, Huaiyan Ren
Contributed by Lam-Tung Nguyen, Dominik Schrempf, Chris Bielow,
Olga Chernomor, Michael Woodhams, Diep Thi Hoang, Heiko Schmidt

Host:    8084c4e79f09 (AVX512, FMA3, 1133 GB RAM)
Command: /workspace/iqtree-3.1.2-Linux/bin/iqtree3_intel -s /workspace/NeuralNJ/empirical/JarvD5a/exon_12401.fasta -st DNA -m GTR+G -T 8 -seed 2201 -pre /workspace/IQTree_8_cores_JarvD5a_Results/exon_12401 -quiet
Seed:    2201 (Using SPRNG - Scalable Parallel Random Number Generator)
Time:    Thu May 28 01:51:54 2026
Kernel:  AVX+FMA - 8 threads (384 CPU cores detected)

Reading alignment file /workspace/NeuralNJ/empirical/JarvD5a/exon_12401.fasta ... Fasta format detected
Reading fasta file: done in 0.00298119 secs using 67.12% CPU
Alignment most likely contains DNA/RNA sequences
Constructing alignment: done in 0.00977707 secs using 718.4% CPU
WARNING: 4 sites contain only gaps or ambiguous characters.
Alignment has 47 sequences with 7164 columns, 851 distinct patterns
360 parsimony-informative, 383 singleton sites, 6421 constant sites
       Gap/Ambiguity  Composition  p-value
Analyzing sequences: done in 3.60012e-05 secs using 425% CPU
   1  ACACH   32.26%    passed     31.38%
   2  ANAPL    1.59%    passed     71.13%
   3  APAVI    1.58%    passed     75.79%
   4  APTFO    1.56%    passed     84.13%
   5  BALRE   36.10%    passed      5.92%
   6  CALAN    2.09%    passed     61.85%
   7  CAPCA   33.14%    passed      9.18%
   8  CARCR   31.94%    passed     28.05%
   9  CATAU   33.57%    passed     84.47%
  10  CHAPE    1.93%    passed     64.32%
  11  CHAVO    1.56%    passed     79.74%
  12  CHLUN    1.37%    passed     76.78%
  13  COLLI    1.98%    passed     85.89%
  14  COLST   33.11%    passed     16.51%
  15  CORBR    1.54%    passed     87.63%
  16  CUCCA    1.54%    passed     79.84%
  17  EGRGA    1.56%    passed     80.89%
  18  EURHE   31.91%    passed     29.89%
  19  FALPE    1.48%    passed     88.02%
  20  FULGL    1.40%    passed     75.83%
  21  GALGA    1.68%    passed     79.55%
  22  GAVST   35.94%    passed     16.36%
  23  GEOFO    1.42%    passed     81.55%
  24  HALAL   29.17%    passed     27.76%
  25  HALLE    1.37%    passed     85.96%
  26  LEPDI   29.45%    passed     40.13%
  27  MANVI    1.56%    passed     84.24%
  28  MELGA   32.44%    passed     58.53%
  29  MELUN    1.40%    passed     81.01%
  30  MERNU   31.97%    passed     25.20%
  31  MESUN   35.87%    passed     20.56%
  32  NESNO   31.85%    passed     33.32%
  33  NIPNI    1.54%    passed     81.44%
  34  OPHHO    3.60%    passed     39.47%
  35  PELCR   15.65%    passed     16.52%
  36  PHACA   32.41%    passed     28.24%
  37  PHALE    1.79%    passed     81.60%
  38  PHORU   31.71%    passed     35.22%
  39  PICPU    2.68%    passed     40.68%
  40  PODCR   36.18%    passed     13.82%
  41  PTEGU   29.20%    passed     25.42%
  42  PYGAD    1.68%    passed     83.65%
  43  STRCA    1.68%    passed     71.97%
  44  TAEGU    2.86%    passed     38.30%
  45  TAUER   45.95%    passed     62.42%
  46  TINMA    2.60%    passed     83.11%
  47  TYTAL    1.65%    passed     80.01%
****  TOTAL   14.86%  0 sequences failed composition chi2 test (p-value<5%; df=3)
Checking for duplicate sequences: done in 0.000174999 secs using 805.1% CPU

Create initial parsimony tree by phylogenetic likelihood library (PLL)... 0.002 seconds

NOTE: 5 MB RAM (0 GB) is required!
Estimate model parameters (epsilon = 0.100)
1. Initial log-likelihood: -20439.232
2. Current log-likelihood: -19660.796
3. Current log-likelihood: -19644.055
Optimal log-likelihood: -19644.047
Rate parameters:  A-C: 0.97057  A-G: 2.51271  A-T: 0.58483  C-G: 1.02988  C-T: 3.26472  G-T: 1.00000
Base frequencies:  A: 0.329  C: 0.272  G: 0.204  T: 0.195
Gamma shape alpha: 0.020
Parameters optimization took 3 rounds (0.097 sec)
Wrote distance file to... 
Computing ML distances based on estimated model parameters...
Calculating distance matrix: done in 0.00101018 secs using 792.8% CPU
Computing ML distances took 0.001102 sec (of wall-clock time) 0.008455 sec (of CPU time)
Setting up auxiliary I and S matrices: done in 0.000102997 secs using 930.1% CPU
Constructing RapidNJ tree: done in 0.0027051 secs using 828.7% CPU
Computing RapidNJ tree took 0.002838 sec (of wall-clock time) 0.024400 sec (of CPU time)
Log-likelihood of RapidNJ tree: -19788.204
--------------------------------------------------------------------
|             INITIALIZING CANDIDATE TREE SET                      |
--------------------------------------------------------------------
Generating 98 parsimony trees... 0.294 second
Computing log-likelihood of 98 initial trees ... 0.586 seconds
Current best score: -19632.643

Do NNI search on 20 best initial trees
Estimate model parameters (epsilon = 0.100)
BETTER TREE FOUND at iteration 1: -19627.640
Estimate model parameters (epsilon = 0.100)
BETTER TREE FOUND at iteration 2: -19624.585
Estimate model parameters (epsilon = 0.100)
BETTER TREE FOUND at iteration 4: -19621.865
Iteration 10 / LogL: -19629.307 / Time: 0h:0m:1s
Iteration 20 / LogL: -19636.331 / Time: 0h:0m:2s
Finish initializing candidate tree set (20)
Current best tree score: -19621.865 / CPU time: 2.547
Number of iterations: 20
--------------------------------------------------------------------
|               OPTIMIZING CANDIDATE TREE SET                      |
--------------------------------------------------------------------
Estimate model parameters (epsilon = 0.100)
BETTER TREE FOUND at iteration 22: -19618.849
Iteration 30 / LogL: -19621.923 / Time: 0h:0m:3s (0h:0m:12s left)
Iteration 40 / LogL: -19637.765 / Time: 0h:0m:4s (0h:0m:10s left)
Iteration 50 / LogL: -19621.905 / Time: 0h:0m:6s (0h:0m:8s left)
Iteration 60 / LogL: -19633.386 / Time: 0h:0m:7s (0h:0m:7s left)
Estimate model parameters (epsilon = 0.100)
BETTER TREE FOUND at iteration 69: -19617.912
Iteration 70 / LogL: -19620.233 / Time: 0h:0m:8s (0h:0m:11s left)
UPDATE BEST LOG-LIKELIHOOD: -19617.909
UPDATE BEST LOG-LIKELIHOOD: -19617.907
Iteration 80 / LogL: -19617.907 / Time: 0h:0m:9s (0h:0m:10s left)
UPDATE BEST LOG-LIKELIHOOD: -19617.905
Estimate model parameters (epsilon = 0.100)
BETTER TREE FOUND at iteration 89: -19616.506
Iteration 90 / LogL: -19620.218 / Time: 0h:0m:10s (0h:0m:11s left)
UPDATE BEST LOG-LIKELIHOOD: -19616.505
Iteration 100 / LogL: -19621.504 / Time: 0h:0m:11s (0h:0m:10s left)
Iteration 110 / LogL: -19617.910 / Time: 0h:0m:12s (0h:0m:8s left)
Iteration 120 / LogL: -19656.921 / Time: 0h:0m:13s (0h:0m:7s left)
Iteration 130 / LogL: -19617.913 / Time: 0h:0m:14s (0h:0m:6s left)
Iteration 140 / LogL: -19617.906 / Time: 0h:0m:15s (0h:0m:5s left)
UPDATE BEST LOG-LIKELIHOOD: -19616.504
Iteration 150 / LogL: -19621.992 / Time: 0h:0m:16s (0h:0m:4s left)
Iteration 160 / LogL: -19619.089 / Time: 0h:0m:17s (0h:0m:3s left)
Iteration 170 / LogL: -19624.900 / Time: 0h:0m:18s (0h:0m:2s left)
Iteration 180 / LogL: -19617.997 / Time: 0h:0m:20s (0h:0m:1s left)
Iteration 190 / LogL: -19617.706 / Time: 0h:0m:21s (0h:0m:-1s left)
TREE SEARCH COMPLETED AFTER 190 ITERATIONS / Time: 0h:0m:21s

--------------------------------------------------------------------
|                    FINALIZING TREE SEARCH                        |
--------------------------------------------------------------------
Performs final model parameters optimization
Estimate model parameters (epsilon = 0.010)
1. Initial log-likelihood: -19616.504
Optimal log-likelihood: -19616.502
Rate parameters:  A-C: 0.99068  A-G: 2.53734  A-T: 0.58300  C-G: 1.02426  C-T: 3.26079  G-T: 1.00000
Base frequencies:  A: 0.329  C: 0.272  G: 0.204  T: 0.195
Gamma shape alpha: 0.020
Parameters optimization took 1 rounds (0.016 sec)
BEST SCORE FOUND : -19616.502
Total tree length: 0.305

Total number of iterations: 190
CPU time used for tree search: 166.576 sec (0h:2m:46s)
Wall-clock time used for tree search: 21.042 sec (0h:0m:21s)
Total CPU time used: 167.749 sec (0h:2m:47s)
Total wall-clock time used: 21.191 sec (0h:0m:21s)

Analysis results written to: 
  IQ-TREE report:                /workspace/IQTree_8_cores_JarvD5a_Results/exon_12401.iqtree
  Maximum-likelihood tree:       /workspace/IQTree_8_cores_JarvD5a_Results/exon_12401.treefile
  Likelihood distances:          /workspace/IQTree_8_cores_JarvD5a_Results/exon_12401.mldist
  Screen log file:               /workspace/IQTree_8_cores_JarvD5a_Results/exon_12401.log

Date and Time: Thu May 28 01:52:15 2026
