IQ-TREE version 3.1.2 for Linux x86 64-bit built May  7 2026
Developed by Bui Quang Minh, Thomas Wong, Nhan Ly-Trong, Huaiyan Ren
Contributed by Lam-Tung Nguyen, Dominik Schrempf, Chris Bielow,
Olga Chernomor, Michael Woodhams, Diep Thi Hoang, Heiko Schmidt

Host:    8084c4e79f09 (AVX512, FMA3, 1133 GB RAM)
Command: /workspace/iqtree-3.1.2-Linux/bin/iqtree3_intel -s /workspace/NeuralNJ/empirical/JarvD5a/exon_11663.fasta -st DNA -m GTR+G -T 8 -seed 2201 -pre /workspace/IQTree_8_cores_JarvD5a_Results/exon_11663 -quiet
Seed:    2201 (Using SPRNG - Scalable Parallel Random Number Generator)
Time:    Wed May 27 21:53:47 2026
Kernel:  AVX+FMA - 8 threads (384 CPU cores detected)

Reading alignment file /workspace/NeuralNJ/empirical/JarvD5a/exon_11663.fasta ... Fasta format detected
Reading fasta file: done in 0.000553846 secs using 46.22% CPU
Alignment most likely contains DNA/RNA sequences
Constructing alignment: done in 0.00172901 secs using 756.8% CPU
Alignment has 48 sequences with 1210 columns, 821 distinct patterns
445 parsimony-informative, 309 singleton sites, 456 constant sites
       Gap/Ambiguity  Composition  p-value
Analyzing sequences: done in 4.69685e-05 secs using 361.9% CPU
   1  ACACH    5.79%    passed     93.70%
   2  ANAPL    6.28%    passed     84.67%
   3  APAVI    5.12%    passed     78.06%
   4  APTFO   13.39%    passed     98.46%
   5  BALRE    6.28%    passed     99.86%
   6  BUCRH   14.05%    passed     97.42%
   7  CALAN    5.29%    passed     99.50%
   8  CAPCA   14.88%    passed     95.15%
   9  CARCR    9.92%    passed     92.74%
  10  CATAU   23.14%    passed     97.24%
  11  CHAPE    5.12%    passed     90.04%
  12  CHAVO    5.95%    passed     98.38%
  13  CHLUN    5.79%    passed     99.15%
  14  COLLI    7.44%    passed     95.99%
  15  COLST   21.82%    passed     90.09%
  16  CORBR    6.12%    passed     91.02%
  17  CUCCA    6.12%    passed     99.26%
  18  EGRGA    5.29%    passed     95.88%
  19  EURHE    5.95%    passed     91.21%
  20  FALPE    6.12%    passed     96.88%
  21  FULGL    5.29%    passed     96.86%
  22  GALGA    6.78%    passed     95.02%
  23  GAVST    6.61%    passed     98.74%
  24  GEOFO    8.26%    passed     70.62%
  25  HALAL    5.79%    passed     99.32%
  26  HALLE    5.79%    passed     99.32%
  27  LEPDI   23.14%    passed     94.73%
  28  MANVI    5.95%    passed     82.16%
  29  MELGA   20.83%    passed     48.24%
  30  MELUN    6.78%    passed     94.16%
  31  MERNU    5.95%    passed     99.49%
  32  MESUN    6.61%    passed     93.11%
  33  NESNO    5.95%    passed     99.44%
  34  NIPNI    4.79%    passed     99.38%
  35  OPHHO    5.95%    passed     79.85%
  36  PELCR    5.79%    passed     97.81%
  37  PHACA    5.79%    passed     99.41%
  38  PHALE   47.44%    passed     18.41%
  39  PHORU    6.28%    passed     99.73%
  40  PICPU    5.45%    passed     98.43%
  41  PODCR    5.95%    passed     97.55%
  42  PTEGU    5.29%    passed     96.79%
  43  PYGAD    9.75%    passed     93.26%
  44  STRCA    6.45%    passed     94.63%
  45  TAEGU    8.60%    passed     48.33%
  46  TAUER    9.26%    passed     98.51%
  47  TINMA    6.78%    passed     98.73%
  48  TYTAL    6.61%    passed     96.86%
****  TOTAL    9.04%  0 sequences failed composition chi2 test (p-value<5%; df=3)
NOTE: HALLE is identical to HALAL but kept for subsequent analysis
Checking for duplicate sequences: done in 0.000177145 secs using 788.1% CPU

Create initial parsimony tree by phylogenetic likelihood library (PLL)... 0.002 seconds

NOTE: 5 MB RAM (0 GB) is required!
Estimate model parameters (epsilon = 0.100)
1. Initial log-likelihood: -12678.260
2. Current log-likelihood: -12172.814
3. Current log-likelihood: -12170.583
Optimal log-likelihood: -12170.568
Rate parameters:  A-C: 0.86192  A-G: 4.27462  A-T: 0.85087  C-G: 1.51407  C-T: 3.86904  G-T: 1.00000
Base frequencies:  A: 0.310  C: 0.239  G: 0.230  T: 0.220
Gamma shape alpha: 0.853
Parameters optimization took 3 rounds (0.076 sec)
Wrote distance file to... 
Computing ML distances based on estimated model parameters...
Calculating distance matrix: done in 0.00109291 secs using 794.1% CPU
Computing ML distances took 0.001217 sec (of wall-clock time) 0.009380 sec (of CPU time)
Setting up auxiliary I and S matrices: done in 0.000151157 secs using 973.8% CPU
Constructing RapidNJ tree: done in 0.00283909 secs using 766.8% CPU
Computing RapidNJ tree took 0.003046 sec (of wall-clock time) 0.025998 sec (of CPU time)
Log-likelihood of RapidNJ tree: -12199.755
--------------------------------------------------------------------
|             INITIALIZING CANDIDATE TREE SET                      |
--------------------------------------------------------------------
Generating 98 parsimony trees... 0.295 second
Computing log-likelihood of 98 initial trees ... 0.272 seconds
Current best score: -12140.337

Do NNI search on 20 best initial trees
Estimate model parameters (epsilon = 0.100)
BETTER TREE FOUND at iteration 1: -12126.482
Iteration 10 / LogL: -12143.369 / Time: 0h:0m:1s
Iteration 20 / LogL: -12154.774 / Time: 0h:0m:2s
Finish initializing candidate tree set (20)
Current best tree score: -12126.482 / CPU time: 1.950
Number of iterations: 20
--------------------------------------------------------------------
|               OPTIMIZING CANDIDATE TREE SET                      |
--------------------------------------------------------------------
Estimate model parameters (epsilon = 0.100)
BETTER TREE FOUND at iteration 22: -12122.421
Iteration 30 / LogL: -12126.541 / Time: 0h:0m:3s (0h:0m:12s left)
Iteration 40 / LogL: -12123.850 / Time: 0h:0m:5s (0h:0m:11s left)
Iteration 50 / LogL: -12125.998 / Time: 0h:0m:6s (0h:0m:10s left)
Iteration 60 / LogL: -12130.187 / Time: 0h:0m:8s (0h:0m:8s left)
Iteration 70 / LogL: -12156.418 / Time: 0h:0m:9s (0h:0m:7s left)
Estimate model parameters (epsilon = 0.100)
BETTER TREE FOUND at iteration 79: -12122.270
Iteration 80 / LogL: -12122.483 / Time: 0h:0m:11s (0h:0m:14s left)
Iteration 90 / LogL: -12122.524 / Time: 0h:0m:12s (0h:0m:12s left)
Iteration 100 / LogL: -12122.270 / Time: 0h:0m:13s (0h:0m:10s left)
Iteration 110 / LogL: -12122.523 / Time: 0h:0m:15s (0h:0m:9s left)
Iteration 120 / LogL: -12122.482 / Time: 0h:0m:16s (0h:0m:8s left)
Estimate model parameters (epsilon = 0.100)
BETTER TREE FOUND at iteration 129: -12121.697
Iteration 130 / LogL: -12124.360 / Time: 0h:0m:17s (0h:0m:13s left)
Estimate model parameters (epsilon = 0.100)
BETTER TREE FOUND at iteration 132: -12120.057
Iteration 140 / LogL: -12122.464 / Time: 0h:0m:19s (0h:0m:12s left)
Iteration 150 / LogL: -12121.764 / Time: 0h:0m:20s (0h:0m:11s left)
Iteration 160 / LogL: -12120.058 / Time: 0h:0m:21s (0h:0m:9s left)
Iteration 170 / LogL: -12124.353 / Time: 0h:0m:23s (0h:0m:8s left)
Iteration 180 / LogL: -12154.439 / Time: 0h:0m:24s (0h:0m:7s left)
Estimate model parameters (epsilon = 0.100)
BETTER TREE FOUND at iteration 186: -12118.556
Iteration 190 / LogL: -12126.006 / Time: 0h:0m:25s (0h:0m:13s left)
Estimate model parameters (epsilon = 0.100)
BETTER TREE FOUND at iteration 200: -12118.012
Iteration 200 / LogL: -12118.012 / Time: 0h:0m:27s (0h:0m:13s left)
Iteration 210 / LogL: -12123.238 / Time: 0h:0m:28s (0h:0m:12s left)
Iteration 220 / LogL: -12124.954 / Time: 0h:0m:30s (0h:0m:11s left)
Iteration 230 / LogL: -12118.017 / Time: 0h:0m:31s (0h:0m:9s left)
Iteration 240 / LogL: -12124.431 / Time: 0h:0m:32s (0h:0m:8s left)
Iteration 250 / LogL: -12118.017 / Time: 0h:0m:34s (0h:0m:6s left)
Iteration 260 / LogL: -12118.179 / Time: 0h:0m:35s (0h:0m:5s left)
Iteration 270 / LogL: -12118.272 / Time: 0h:0m:36s (0h:0m:4s left)
Iteration 280 / LogL: -12118.582 / Time: 0h:0m:38s (0h:0m:2s left)
Estimate model parameters (epsilon = 0.100)
BETTER TREE FOUND at iteration 284: -12117.304
Iteration 290 / LogL: -12121.241 / Time: 0h:0m:39s (0h:0m:12s left)
UPDATE BEST LOG-LIKELIHOOD: -12117.303
Iteration 300 / LogL: -12118.165 / Time: 0h:0m:41s (0h:0m:11s left)
Iteration 310 / LogL: -12121.598 / Time: 0h:0m:42s (0h:0m:10s left)
Iteration 320 / LogL: -12123.891 / Time: 0h:0m:43s (0h:0m:8s left)
Iteration 330 / LogL: -12117.447 / Time: 0h:0m:44s (0h:0m:7s left)
Iteration 340 / LogL: -12119.485 / Time: 0h:0m:46s (0h:0m:5s left)
Iteration 350 / LogL: -12119.696 / Time: 0h:0m:47s (0h:0m:4s left)
Iteration 360 / LogL: -12117.448 / Time: 0h:0m:49s (0h:0m:3s left)
UPDATE BEST LOG-LIKELIHOOD: -12117.300
Iteration 370 / LogL: -12126.037 / Time: 0h:0m:50s (0h:0m:1s left)
Iteration 380 / LogL: -12119.808 / Time: 0h:0m:51s (0h:0m:0s left)
TREE SEARCH COMPLETED AFTER 385 ITERATIONS / Time: 0h:0m:52s

--------------------------------------------------------------------
|                    FINALIZING TREE SEARCH                        |
--------------------------------------------------------------------
Performs final model parameters optimization
Estimate model parameters (epsilon = 0.010)
1. Initial log-likelihood: -12117.300
Optimal log-likelihood: -12117.300
Rate parameters:  A-C: 0.89076  A-G: 4.50589  A-T: 0.88251  C-G: 1.54801  C-T: 4.04106  G-T: 1.00000
Base frequencies:  A: 0.310  C: 0.239  G: 0.230  T: 0.220
Gamma shape alpha: 0.857
Parameters optimization took 1 rounds (0.013 sec)
BEST SCORE FOUND : -12117.300
Total tree length: 2.183

Total number of iterations: 385
CPU time used for tree search: 390.732 sec (0h:6m:30s)
Wall-clock time used for tree search: 52.287 sec (0h:0m:52s)
Total CPU time used: 391.743 sec (0h:6m:31s)
Total wall-clock time used: 52.415 sec (0h:0m:52s)

Analysis results written to: 
  IQ-TREE report:                /workspace/IQTree_8_cores_JarvD5a_Results/exon_11663.iqtree
  Maximum-likelihood tree:       /workspace/IQTree_8_cores_JarvD5a_Results/exon_11663.treefile
  Likelihood distances:          /workspace/IQTree_8_cores_JarvD5a_Results/exon_11663.mldist
  Screen log file:               /workspace/IQTree_8_cores_JarvD5a_Results/exon_11663.log

Date and Time: Wed May 27 21:54:40 2026
