IQ-TREE version 3.1.2 for Linux x86 64-bit built May  7 2026
Developed by Bui Quang Minh, Thomas Wong, Nhan Ly-Trong, Huaiyan Ren
Contributed by Lam-Tung Nguyen, Dominik Schrempf, Chris Bielow,
Olga Chernomor, Michael Woodhams, Diep Thi Hoang, Heiko Schmidt

Host:    8084c4e79f09 (AVX512, FMA3, 1133 GB RAM)
Command: /workspace/iqtree-3.1.2-Linux/bin/iqtree3_intel -s /workspace/NeuralNJ/empirical/JarvD5a/intron_6481.fasta -st DNA -m GTR+G -T 8 -seed 2201 -pre /workspace/IQTree_8_cores_JarvD5a_Results/intron_6481 -quiet
Seed:    2201 (Using SPRNG - Scalable Parallel Random Number Generator)
Time:    Sun May 31 16:24:12 2026
Kernel:  AVX+FMA - 8 threads (384 CPU cores detected)

Reading alignment file /workspace/NeuralNJ/empirical/JarvD5a/intron_6481.fasta ... Fasta format detected
Reading fasta file: done in 0.00280499 secs using 99.57% CPU
Alignment most likely contains DNA/RNA sequences
Constructing alignment: done in 0.0110109 secs using 673.9% CPU
Alignment has 46 sequences with 6044 columns, 5440 distinct patterns
3712 parsimony-informative, 1323 singleton sites, 1009 constant sites
       Gap/Ambiguity  Composition  p-value
Analyzing sequences: done in 0.000380039 secs using 763.9% CPU
   1  ANAPL   20.32%    passed     72.72%
   2  APAVI   22.53%    passed     97.42%
   3  APTFO   17.67%    passed     85.54%
   4  BALRE   37.86%    passed     98.68%
   5  BUCRH   21.08%    passed     57.99%
   6  CALAN   20.78%    passed     94.78%
   7  CAPCA   19.39%    passed     58.69%
   8  CARCR   22.01%    passed     94.56%
   9  CATAU   18.68%    passed     96.11%
  10  CHAPE   21.13%    passed     71.76%
  11  CHAVO   20.70%    passed     92.45%
  12  CHLUN   42.98%    passed     38.63%
  13  COLLI   21.26%    passed     98.20%
  14  COLST   24.29%    passed     70.65%
  15  CORBR   25.30%    passed     48.33%
  16  CUCCA   22.55%    passed     97.93%
  17  EGRGA   17.80%    passed     66.55%
  18  EURHE   20.48%    passed     13.08%
  19  FALPE   22.19%    passed     88.12%
  20  FULGL   17.16%    passed     99.20%
  21  GALGA   39.34%    passed     39.26%
  22  GEOFO   45.95%    passed     71.46%
  23  HALAL   20.10%    passed     93.13%
  24  HALLE   19.39%    passed     92.69%
  25  LEPDI   19.32%    passed     62.23%
  26  MANVI   22.90%    failed      4.84%
  27  MELGA   39.31%    passed     12.00%
  28  MELUN   38.85%    passed     50.15%
  29  MERNU   23.49%    passed     39.58%
  30  MESUN   26.22%    passed      5.00%
  31  NESNO   36.48%    passed     69.38%
  32  NIPNI   18.40%    passed     81.55%
  33  OPHHO   32.38%    passed     16.24%
  34  PELCR   17.50%    passed     97.84%
  35  PHACA   19.56%    passed     89.05%
  36  PHALE   31.44%    passed     35.44%
  37  PHORU   29.70%    passed     75.64%
  38  PICPU   30.16%    passed     79.98%
  39  PODCR   31.34%    passed     81.64%
  40  PTEGU   27.22%    passed     96.75%
  41  PYGAD   18.50%    passed     70.88%
  42  STRCA   19.06%    passed     19.31%
  43  TAEGU   46.33%    passed     76.11%
  44  TAUER   18.99%    passed     73.52%
  45  TINMA   46.66%    passed     16.06%
  46  TYTAL   20.62%    passed     93.29%
****  TOTAL   25.99%  1 sequences failed composition chi2 test (p-value<5%; df=3)
Checking for duplicate sequences: done in 0.000583887 secs using 660.1% CPU

Create initial parsimony tree by phylogenetic likelihood library (PLL)... 0.019 seconds

NOTE: 32 MB RAM (0 GB) is required!
Estimate model parameters (epsilon = 0.100)
1. Initial log-likelihood: -92658.911
2. Current log-likelihood: -88337.174
3. Current log-likelihood: -87203.414
4. Current log-likelihood: -87181.850
5. Current log-likelihood: -87181.726
Optimal log-likelihood: -87181.713
Rate parameters:  A-C: 0.97825  A-G: 3.19733  A-T: 0.58520  C-G: 1.43936  C-T: 3.10488  G-T: 1.00000
Base frequencies:  A: 0.307  C: 0.163  G: 0.190  T: 0.340
Gamma shape alpha: 4.374
Parameters optimization took 5 rounds (0.564 sec)
Wrote distance file to... 
Computing ML distances based on estimated model parameters...
Calculating distance matrix: done in 0.00222588 secs using 811% CPU
Computing ML distances took 0.002749 sec (of wall-clock time) 0.021763 sec (of CPU time)
Setting up auxiliary I and S matrices: done in 0.000105858 secs using 891.8% CPU
Constructing RapidNJ tree: done in 0.00257397 secs using 706.8% CPU
Computing RapidNJ tree took 0.002727 sec (of wall-clock time) 0.024715 sec (of CPU time)
Log-likelihood of RapidNJ tree: -87515.401
--------------------------------------------------------------------
|             INITIALIZING CANDIDATE TREE SET                      |
--------------------------------------------------------------------
Generating 98 parsimony trees... 1.574 second
Computing log-likelihood of 98 initial trees ... 1.750 seconds
Current best score: -87181.713

Do NNI search on 20 best initial trees
Estimate model parameters (epsilon = 0.100)
BETTER TREE FOUND at iteration 1: -87150.753
Estimate model parameters (epsilon = 0.100)
BETTER TREE FOUND at iteration 3: -87145.405
Estimate model parameters (epsilon = 0.100)
BETTER TREE FOUND at iteration 4: -87145.208
Estimate model parameters (epsilon = 0.100)
BETTER TREE FOUND at iteration 5: -87140.476
Iteration 10 / LogL: -87148.050 / Time: 0h:0m:6s
Iteration 20 / LogL: -87152.098 / Time: 0h:0m:9s
Finish initializing candidate tree set (19)
Current best tree score: -87140.476 / CPU time: 8.709
Number of iterations: 20
--------------------------------------------------------------------
|               OPTIMIZING CANDIDATE TREE SET                      |
--------------------------------------------------------------------
Estimate model parameters (epsilon = 0.100)
BETTER TREE FOUND at iteration 26: -87139.817
Iteration 30 / LogL: -87146.439 / Time: 0h:0m:12s (0h:0m:42s left)
Estimate model parameters (epsilon = 0.100)
BETTER TREE FOUND at iteration 33: -87139.227
Estimate model parameters (epsilon = 0.100)
BETTER TREE FOUND at iteration 35: -87137.785
Estimate model parameters (epsilon = 0.100)
BETTER TREE FOUND at iteration 39: -87136.502
Iteration 40 / LogL: -87143.310 / Time: 0h:0m:16s (0h:0m:40s left)
Estimate model parameters (epsilon = 0.100)
BETTER TREE FOUND at iteration 45: -87136.469
Iteration 50 / LogL: -87136.487 / Time: 0h:0m:19s (0h:0m:37s left)
Iteration 60 / LogL: -87137.282 / Time: 0h:0m:22s (0h:0m:31s left)
Estimate model parameters (epsilon = 0.100)
BETTER TREE FOUND at iteration 64: -87134.553
Iteration 70 / LogL: -87134.577 / Time: 0h:0m:25s (0h:0m:34s left)
Iteration 80 / LogL: -87137.346 / Time: 0h:0m:27s (0h:0m:29s left)
Iteration 90 / LogL: -87136.864 / Time: 0h:0m:31s (0h:0m:25s left)
Iteration 100 / LogL: -87136.087 / Time: 0h:0m:33s (0h:0m:21s left)
Estimate model parameters (epsilon = 0.100)
BETTER TREE FOUND at iteration 109: -87133.442
Iteration 110 / LogL: -87135.691 / Time: 0h:0m:36s (0h:0m:33s left)
Iteration 120 / LogL: -87155.247 / Time: 0h:0m:39s (0h:0m:29s left)
Iteration 130 / LogL: -87141.367 / Time: 0h:0m:42s (0h:0m:26s left)
Iteration 140 / LogL: -87139.023 / Time: 0h:0m:45s (0h:0m:22s left)
Iteration 150 / LogL: -87135.673 / Time: 0h:0m:48s (0h:0m:19s left)
Iteration 160 / LogL: -87134.370 / Time: 0h:0m:51s (0h:0m:15s left)
Iteration 170 / LogL: -87146.567 / Time: 0h:0m:54s (0h:0m:12s left)
Iteration 180 / LogL: -87136.135 / Time: 0h:0m:57s (0h:0m:9s left)
Iteration 190 / LogL: -87133.531 / Time: 0h:0m:59s (0h:0m:6s left)
Iteration 200 / LogL: -87133.672 / Time: 0h:1m:2s (0h:0m:2s left)
Iteration 210 / LogL: -87134.543 / Time: 0h:1m:5s (0h:0m:-1s left)
TREE SEARCH COMPLETED AFTER 210 ITERATIONS / Time: 0h:1m:5s

--------------------------------------------------------------------
|                    FINALIZING TREE SEARCH                        |
--------------------------------------------------------------------
Performs final model parameters optimization
Estimate model parameters (epsilon = 0.010)
1. Initial log-likelihood: -87133.442
Optimal log-likelihood: -87133.439
Rate parameters:  A-C: 0.97177  A-G: 3.18650  A-T: 0.58355  C-G: 1.42858  C-T: 3.08256  G-T: 1.00000
Base frequencies:  A: 0.307  C: 0.163  G: 0.190  T: 0.340
Gamma shape alpha: 4.386
Parameters optimization took 1 rounds (0.044 sec)
BEST SCORE FOUND : -87133.439
Total tree length: 4.847

Total number of iterations: 210
CPU time used for tree search: 501.938 sec (0h:8m:21s)
Wall-clock time used for tree search: 65.257 sec (0h:1m:5s)
Total CPU time used: 507.488 sec (0h:8m:27s)
Total wall-clock time used: 65.967 sec (0h:1m:5s)

Analysis results written to: 
  IQ-TREE report:                /workspace/IQTree_8_cores_JarvD5a_Results/intron_6481.iqtree
  Maximum-likelihood tree:       /workspace/IQTree_8_cores_JarvD5a_Results/intron_6481.treefile
  Likelihood distances:          /workspace/IQTree_8_cores_JarvD5a_Results/intron_6481.mldist
  Screen log file:               /workspace/IQTree_8_cores_JarvD5a_Results/intron_6481.log

Date and Time: Sun May 31 16:25:18 2026
