IQ-TREE version 3.1.2 for Linux x86 64-bit built May  7 2026
Developed by Bui Quang Minh, Thomas Wong, Nhan Ly-Trong, Huaiyan Ren
Contributed by Lam-Tung Nguyen, Dominik Schrempf, Chris Bielow,
Olga Chernomor, Michael Woodhams, Diep Thi Hoang, Heiko Schmidt

Host:    8084c4e79f09 (AVX512, FMA3, 1133 GB RAM)
Command: /workspace/iqtree-3.1.2-Linux/bin/iqtree3_intel -s /workspace/NeuralNJ/empirical/JarvD5a/intron_3383.fasta -st DNA -m GTR+G -T 8 -seed 2201 -pre /workspace/IQTree_8_cores_JarvD5a_Results/intron_3383 -quiet
Seed:    2201 (Using SPRNG - Scalable Parallel Random Number Generator)
Time:    Sun May 31 08:03:43 2026
Kernel:  AVX+FMA - 8 threads (384 CPU cores detected)

Reading alignment file /workspace/NeuralNJ/empirical/JarvD5a/intron_3383.fasta ... Fasta format detected
Reading fasta file: done in 0.00372601 secs using 72.2% CPU
Alignment most likely contains DNA/RNA sequences
Constructing alignment: done in 0.0153251 secs using 705.4% CPU
Alignment has 44 sequences with 8472 columns, 7233 distinct patterns
4797 parsimony-informative, 1980 singleton sites, 1695 constant sites
       Gap/Ambiguity  Composition  p-value
Analyzing sequences: done in 0.000270128 secs using 571.6% CPU
   1  ANAPL   16.91%    passed      9.58%
   2  APAVI   35.08%    passed     16.47%
   3  APTFO   14.21%    passed     88.77%
   4  BALRE   16.99%    passed     88.96%
   5  BUCRH   14.68%    passed     13.80%
   6  CALAN   17.26%    passed     24.55%
   7  CAPCA   16.21%    passed     88.30%
   8  CARCR   14.27%    passed     62.15%
   9  CATAU   14.18%    passed     95.75%
  10  CHAPE   16.94%    passed     99.80%
  11  CHAVO   14.13%    passed     97.17%
  12  CHLUN   15.26%    passed     54.49%
  13  COLLI   15.31%    passed     51.06%
  14  COLST   19.18%    passed     92.29%
  15  CORBR   24.83%    passed     61.75%
  16  CUCCA   32.86%    passed     29.33%
  17  EGRGA   14.08%    passed     96.91%
  18  EURHE   40.60%    failed      0.43%
  19  FALPE   15.08%    passed      9.20%
  20  GALGA   17.68%    passed     92.71%
  21  GAVST   15.52%    passed     91.97%
  22  GEOFO   17.03%    passed      5.09%
  23  HALAL   16.29%    passed     95.50%
  24  HALLE   16.28%    passed     96.02%
  25  LEPDI   15.24%    passed     50.83%
  26  MANVI   15.91%    passed     93.06%
  27  MELGA   21.33%    passed     14.65%
  28  MELUN   22.84%    passed     55.66%
  29  MERNU   19.51%    passed     90.03%
  30  NIPNI   14.98%    passed     94.14%
  31  OPHHO   15.86%    passed     85.39%
  32  PELCR   22.90%    passed     67.33%
  33  PHACA   15.78%    passed     65.96%
  34  PHALE   34.92%    passed     70.12%
  35  PHORU   10.99%    passed     73.07%
  36  PICPU   30.80%    passed     14.96%
  37  PODCR   21.85%    passed     17.34%
  38  PTEGU   15.06%    passed     95.20%
  39  PYGAD   14.33%    passed     75.96%
  40  STRCA   16.64%    passed     75.31%
  41  TAEGU   18.17%    passed     87.13%
  42  TAUER   15.52%    passed     98.78%
  43  TINMA   21.32%    passed     31.73%
  44  TYTAL   15.58%    passed     59.31%
****  TOTAL   18.87%  1 sequences failed composition chi2 test (p-value<5%; df=3)
Checking for duplicate sequences: done in 0.000844955 secs using 708.4% CPU

Create initial parsimony tree by phylogenetic likelihood library (PLL)... 0.030 seconds

NOTE: 41 MB RAM (0 GB) is required!
Estimate model parameters (epsilon = 0.100)
1. Initial log-likelihood: -119560.306
2. Current log-likelihood: -112726.842
3. Current log-likelihood: -112644.440
Optimal log-likelihood: -112644.377
Rate parameters:  A-C: 1.12710  A-G: 3.61196  A-T: 0.63565  C-G: 1.45161  C-T: 4.25127  G-T: 1.00000
Base frequencies:  A: 0.314  C: 0.193  G: 0.189  T: 0.304
Gamma shape alpha: 2.845
Parameters optimization took 3 rounds (0.510 sec)
Wrote distance file to... 
Computing ML distances based on estimated model parameters...
Calculating distance matrix: done in 0.00264192 secs using 750.2% CPU
Computing ML distances took 0.003064 sec (of wall-clock time) 0.022552 sec (of CPU time)
Setting up auxiliary I and S matrices: done in 9.29832e-05 secs using 800.1% CPU
Constructing RapidNJ tree: done in 0.00248098 secs using 727.1% CPU
Computing RapidNJ tree took 0.002613 sec (of wall-clock time) 0.022789 sec (of CPU time)
Log-likelihood of RapidNJ tree: -112872.576
--------------------------------------------------------------------
|             INITIALIZING CANDIDATE TREE SET                      |
--------------------------------------------------------------------
Generating 98 parsimony trees... 2.316 second
Computing log-likelihood of 98 initial trees ... 1.999 seconds
Current best score: -112632.901

Do NNI search on 20 best initial trees
Estimate model parameters (epsilon = 0.100)
BETTER TREE FOUND at iteration 1: -112529.276
Estimate model parameters (epsilon = 0.100)
BETTER TREE FOUND at iteration 2: -112505.257
Iteration 10 / LogL: -112561.360 / Time: 0h:0m:8s
Iteration 20 / LogL: -112564.017 / Time: 0h:0m:11s
Finish initializing candidate tree set (20)
Current best tree score: -112505.257 / CPU time: 10.800
Number of iterations: 20
--------------------------------------------------------------------
|               OPTIMIZING CANDIDATE TREE SET                      |
--------------------------------------------------------------------
Estimate model parameters (epsilon = 0.100)
BETTER TREE FOUND at iteration 22: -112504.004
Estimate model parameters (epsilon = 0.100)
BETTER TREE FOUND at iteration 26: -112498.181
Estimate model parameters (epsilon = 0.100)
BETTER TREE FOUND at iteration 30: -112497.645
Iteration 30 / LogL: -112497.645 / Time: 0h:0m:15s (0h:0m:52s left)
Estimate model parameters (epsilon = 0.100)
BETTER TREE FOUND at iteration 32: -112496.542
Estimate model parameters (epsilon = 0.100)
BETTER TREE FOUND at iteration 39: -112494.521
Estimate model parameters (epsilon = 0.100)
BETTER TREE FOUND at iteration 40: -112492.743
Iteration 40 / LogL: -112492.743 / Time: 0h:0m:18s (0h:0m:48s left)
Iteration 50 / LogL: -112496.631 / Time: 0h:0m:22s (0h:0m:40s left)
Estimate model parameters (epsilon = 0.100)
BETTER TREE FOUND at iteration 56: -112488.868
Iteration 60 / LogL: -112490.735 / Time: 0h:0m:25s (0h:0m:41s left)
Estimate model parameters (epsilon = 0.100)
BETTER TREE FOUND at iteration 62: -112488.579
Estimate model parameters (epsilon = 0.100)
BETTER TREE FOUND at iteration 68: -112484.897
Iteration 70 / LogL: -112488.687 / Time: 0h:0m:29s (0h:0m:42s left)
Estimate model parameters (epsilon = 0.100)
BETTER TREE FOUND at iteration 79: -112483.335
Iteration 80 / LogL: -112483.338 / Time: 0h:0m:33s (0h:0m:41s left)
Estimate model parameters (epsilon = 0.100)
BETTER TREE FOUND at iteration 87: -112482.919
Iteration 90 / LogL: -112483.368 / Time: 0h:0m:36s (0h:0m:40s left)
Iteration 100 / LogL: -112484.587 / Time: 0h:0m:40s (0h:0m:35s left)
Iteration 110 / LogL: -112482.920 / Time: 0h:0m:44s (0h:0m:31s left)
Estimate model parameters (epsilon = 0.100)
BETTER TREE FOUND at iteration 119: -112480.944
Iteration 120 / LogL: -112480.945 / Time: 0h:0m:47s (0h:0m:39s left)
Iteration 130 / LogL: -112484.051 / Time: 0h:0m:50s (0h:0m:35s left)
Iteration 140 / LogL: -112510.011 / Time: 0h:0m:54s (0h:0m:30s left)
Iteration 150 / LogL: -112489.404 / Time: 0h:0m:57s (0h:0m:26s left)
Iteration 160 / LogL: -112483.851 / Time: 0h:1m:1s (0h:0m:22s left)
Iteration 170 / LogL: -112480.963 / Time: 0h:1m:4s (0h:0m:18s left)
Iteration 180 / LogL: -112484.080 / Time: 0h:1m:7s (0h:0m:14s left)
Iteration 190 / LogL: -112480.966 / Time: 0h:1m:11s (0h:0m:10s left)
Iteration 200 / LogL: -112481.010 / Time: 0h:1m:14s (0h:0m:7s left)
Iteration 210 / LogL: -112488.315 / Time: 0h:1m:18s (0h:0m:3s left)
Iteration 220 / LogL: -112489.190 / Time: 0h:1m:21s (0h:0m:-1s left)
TREE SEARCH COMPLETED AFTER 220 ITERATIONS / Time: 0h:1m:21s

--------------------------------------------------------------------
|                    FINALIZING TREE SEARCH                        |
--------------------------------------------------------------------
Performs final model parameters optimization
Estimate model parameters (epsilon = 0.010)
1. Initial log-likelihood: -112480.944
Optimal log-likelihood: -112480.941
Rate parameters:  A-C: 1.12323  A-G: 3.62449  A-T: 0.63157  C-G: 1.45504  C-T: 4.25333  G-T: 1.00000
Base frequencies:  A: 0.314  C: 0.193  G: 0.189  T: 0.304
Gamma shape alpha: 2.911
Parameters optimization took 1 rounds (0.057 sec)
BEST SCORE FOUND : -112480.941
Total tree length: 3.809

Total number of iterations: 220
CPU time used for tree search: 630.082 sec (0h:10m:30s)
Wall-clock time used for tree search: 80.754 sec (0h:1m:20s)
Total CPU time used: 635.540 sec (0h:10m:35s)
Total wall-clock time used: 81.450 sec (0h:1m:21s)

Analysis results written to: 
  IQ-TREE report:                /workspace/IQTree_8_cores_JarvD5a_Results/intron_3383.iqtree
  Maximum-likelihood tree:       /workspace/IQTree_8_cores_JarvD5a_Results/intron_3383.treefile
  Likelihood distances:          /workspace/IQTree_8_cores_JarvD5a_Results/intron_3383.mldist
  Screen log file:               /workspace/IQTree_8_cores_JarvD5a_Results/intron_3383.log

Date and Time: Sun May 31 08:05:05 2026
