IQ-TREE version 3.1.2 for Linux x86 64-bit built May  7 2026
Developed by Bui Quang Minh, Thomas Wong, Nhan Ly-Trong, Huaiyan Ren
Contributed by Lam-Tung Nguyen, Dominik Schrempf, Chris Bielow,
Olga Chernomor, Michael Woodhams, Diep Thi Hoang, Heiko Schmidt

Host:    8084c4e79f09 (AVX512, FMA3, 1133 GB RAM)
Command: /workspace/iqtree-3.1.2-Linux/bin/iqtree3_intel -s /workspace/NeuralNJ/empirical/JarvD5a/intron_13631.fasta -st DNA -m GTR+G -T 8 -seed 2201 -pre /workspace/IQTree_8_cores_JarvD5a_Results/intron_13631 -quiet
Seed:    2201 (Using SPRNG - Scalable Parallel Random Number Generator)
Time:    Sat May 30 19:21:42 2026
Kernel:  AVX+FMA - 8 threads (384 CPU cores detected)

Reading alignment file /workspace/NeuralNJ/empirical/JarvD5a/intron_13631.fasta ... Fasta format detected
Reading fasta file: done in 0.000351906 secs using 18.76% CPU
Alignment most likely contains DNA/RNA sequences
Constructing alignment: done in 0.00107718 secs using 601.2% CPU
Alignment has 42 sequences with 737 columns, 682 distinct patterns
451 parsimony-informative, 159 singleton sites, 127 constant sites
       Gap/Ambiguity  Composition  p-value
Analyzing sequences: done in 2.47955e-05 secs using 96.79% CPU
   1  ACACH   16.15%    passed     95.04%
   2  ANAPL   13.57%    passed     47.52%
   3  APAVI   12.48%    passed     96.76%
   4  APTFO    9.77%    passed     97.96%
   5  BALRE   11.13%    passed     98.39%
   6  CALAN   15.47%    passed     66.60%
   7  CAPCA   14.79%    passed     65.61%
   8  CARCR    9.77%    passed     98.93%
   9  CATAU    9.23%    passed     99.46%
  10  CHAPE   14.93%    passed     82.05%
  11  CHAVO   10.45%    passed     97.21%
  12  CHLUN   10.31%    passed     92.73%
  13  COLLI   22.66%    passed     90.33%
  14  CORBR   11.26%    passed     95.13%
  15  CUCCA   10.58%    passed     97.98%
  16  EGRGA   10.31%    passed     96.30%
  17  EURHE   13.57%    failed      0.10%
  18  FALPE    9.36%    passed     95.90%
  19  FULGL    9.63%    passed     95.22%
  20  GALGA   26.19%    passed      5.87%
  21  GAVST    9.91%    passed     98.92%
  22  GEOFO   13.43%    passed     74.60%
  23  HALAL    9.77%    passed     98.76%
  24  HALLE    9.77%    passed     98.76%
  25  LEPDI   11.67%    passed     97.35%
  26  MANVI   10.31%    passed     92.10%
  27  MELUN   12.75%    passed     31.68%
  28  MERNU   10.18%    passed     45.72%
  29  NESNO   12.75%    passed     99.24%
  30  NIPNI    9.77%    passed     90.89%
  31  OPHHO    9.63%    passed     99.68%
  32  PELCR   12.08%    passed     91.33%
  33  PHACA   13.30%    passed     51.89%
  34  PHALE    9.91%    passed     73.90%
  35  PHORU   10.72%    passed     89.00%
  36  PICPU   14.65%    passed     78.78%
  37  PODCR    9.77%    passed     98.63%
  38  PTEGU    9.77%    passed     84.75%
  39  PYGAD    9.77%    passed     99.28%
  40  TAEGU   10.58%    passed     73.39%
  41  TINMA   10.72%    passed     48.87%
  42  TYTAL   10.04%    passed     55.30%
****  TOTAL   11.97%  1 sequences failed composition chi2 test (p-value<5%; df=3)
NOTE: HALLE is identical to HALAL but kept for subsequent analysis
Checking for duplicate sequences: done in 0.000144005 secs using 797.9% CPU

Create initial parsimony tree by phylogenetic likelihood library (PLL)... 0.002 seconds

NOTE: 3 MB RAM (0 GB) is required!
WARNING: Number of threads seems too high for short alignments. Use -T AUTO to determine best number of threads.
Estimate model parameters (epsilon = 0.100)
1. Initial log-likelihood: -10484.373
2. Current log-likelihood: -9855.403
3. Current log-likelihood: -9847.054
Optimal log-likelihood: -9847.048
Rate parameters:  A-C: 1.21224  A-G: 3.89374  A-T: 0.57946  C-G: 1.51854  C-T: 4.50637  G-T: 1.00000
Base frequencies:  A: 0.325  C: 0.155  G: 0.223  T: 0.297
Gamma shape alpha: 3.682
Parameters optimization took 3 rounds (0.081 sec)
Wrote distance file to... 
Computing ML distances based on estimated model parameters...
Calculating distance matrix: done in 0.000539064 secs using 791% CPU
Computing ML distances took 0.000611 sec (of wall-clock time) 0.004607 sec (of CPU time)
Setting up auxiliary I and S matrices: done in 9.98974e-05 secs using 1043% CPU
Constructing RapidNJ tree: done in 0.00240088 secs using 847.2% CPU
Computing RapidNJ tree took 0.002556 sec (of wall-clock time) 0.023374 sec (of CPU time)
Log-likelihood of RapidNJ tree: -9873.300
--------------------------------------------------------------------
|             INITIALIZING CANDIDATE TREE SET                      |
--------------------------------------------------------------------
Generating 98 parsimony trees... 0.230 second
Computing log-likelihood of 98 initial trees ... 0.510 seconds
Current best score: -9835.544

Do NNI search on 20 best initial trees
Estimate model parameters (epsilon = 0.100)
BETTER TREE FOUND at iteration 1: -9826.989
Estimate model parameters (epsilon = 0.100)
BETTER TREE FOUND at iteration 2: -9826.750
Estimate model parameters (epsilon = 0.100)
BETTER TREE FOUND at iteration 7: -9825.110
Iteration 10 / LogL: -9830.116 / Time: 0h:0m:1s
Iteration 20 / LogL: -9830.070 / Time: 0h:0m:2s
Finish initializing candidate tree set (20)
Current best tree score: -9825.110 / CPU time: 2.810
Number of iterations: 20
--------------------------------------------------------------------
|               OPTIMIZING CANDIDATE TREE SET                      |
--------------------------------------------------------------------
Estimate model parameters (epsilon = 0.100)
BETTER TREE FOUND at iteration 22: -9823.476
Estimate model parameters (epsilon = 0.100)
BETTER TREE FOUND at iteration 25: -9823.092
Estimate model parameters (epsilon = 0.100)
BETTER TREE FOUND at iteration 28: -9822.195
Estimate model parameters (epsilon = 0.100)
BETTER TREE FOUND at iteration 29: -9821.635
Iteration 30 / LogL: -9825.178 / Time: 0h:0m:4s (0h:0m:13s left)
Estimate model parameters (epsilon = 0.100)
BETTER TREE FOUND at iteration 34: -9821.284
Iteration 40 / LogL: -9838.596 / Time: 0h:0m:5s (0h:0m:12s left)
Estimate model parameters (epsilon = 0.100)
BETTER TREE FOUND at iteration 46: -9821.091
Estimate model parameters (epsilon = 0.100)
BETTER TREE FOUND at iteration 47: -9820.564
BETTER TREE FOUND at iteration 48: -9820.563
Iteration 50 / LogL: -9828.927 / Time: 0h:0m:6s (0h:0m:12s left)
UPDATE BEST LOG-LIKELIHOOD: -9820.563
Iteration 60 / LogL: -9820.563 / Time: 0h:0m:7s (0h:0m:11s left)
Iteration 70 / LogL: -9824.955 / Time: 0h:0m:8s (0h:0m:9s left)
Iteration 80 / LogL: -9820.563 / Time: 0h:0m:9s (0h:0m:8s left)
Estimate model parameters (epsilon = 0.100)
BETTER TREE FOUND at iteration 82: -9820.277
Estimate model parameters (epsilon = 0.100)
BETTER TREE FOUND at iteration 83: -9820.080
Iteration 90 / LogL: -9829.312 / Time: 0h:0m:10s (0h:0m:11s left)
Iteration 100 / LogL: -9824.224 / Time: 0h:0m:11s (0h:0m:9s left)
UPDATE BEST LOG-LIKELIHOOD: -9820.080
UPDATE BEST LOG-LIKELIHOOD: -9820.079
Iteration 110 / LogL: -9820.080 / Time: 0h:0m:12s (0h:0m:8s left)
Iteration 120 / LogL: -9820.080 / Time: 0h:0m:13s (0h:0m:7s left)
Iteration 130 / LogL: -9820.764 / Time: 0h:0m:14s (0h:0m:6s left)
Iteration 140 / LogL: -9820.079 / Time: 0h:0m:15s (0h:0m:4s left)
Iteration 150 / LogL: -9820.079 / Time: 0h:0m:17s (0h:0m:3s left)
UPDATE BEST LOG-LIKELIHOOD: -9820.079
Iteration 160 / LogL: -9822.496 / Time: 0h:0m:18s (0h:0m:2s left)
Iteration 170 / LogL: -9822.960 / Time: 0h:0m:19s (0h:0m:1s left)
Iteration 180 / LogL: -9820.567 / Time: 0h:0m:20s (0h:0m:0s left)
TREE SEARCH COMPLETED AFTER 184 ITERATIONS / Time: 0h:0m:20s

--------------------------------------------------------------------
|                    FINALIZING TREE SEARCH                        |
--------------------------------------------------------------------
Performs final model parameters optimization
Estimate model parameters (epsilon = 0.010)
1. Initial log-likelihood: -9820.079
Optimal log-likelihood: -9820.079
Rate parameters:  A-C: 1.17496  A-G: 3.75625  A-T: 0.56112  C-G: 1.44140  C-T: 4.38697  G-T: 1.00000
Base frequencies:  A: 0.325  C: 0.155  G: 0.223  T: 0.297
Gamma shape alpha: 3.828
Parameters optimization took 1 rounds (0.010 sec)
BEST SCORE FOUND : -9820.079
Total tree length: 3.592

Total number of iterations: 184
CPU time used for tree search: 165.667 sec (0h:2m:45s)
Wall-clock time used for tree search: 20.805 sec (0h:0m:20s)
Total CPU time used: 166.662 sec (0h:2m:46s)
Total wall-clock time used: 20.930 sec (0h:0m:20s)

Analysis results written to: 
  IQ-TREE report:                /workspace/IQTree_8_cores_JarvD5a_Results/intron_13631.iqtree
  Maximum-likelihood tree:       /workspace/IQTree_8_cores_JarvD5a_Results/intron_13631.treefile
  Likelihood distances:          /workspace/IQTree_8_cores_JarvD5a_Results/intron_13631.mldist
  Screen log file:               /workspace/IQTree_8_cores_JarvD5a_Results/intron_13631.log

Date and Time: Sat May 30 19:22:03 2026
