IQ-TREE version 3.1.2 for Linux x86 64-bit built May  7 2026
Developed by Bui Quang Minh, Thomas Wong, Nhan Ly-Trong, Huaiyan Ren
Contributed by Lam-Tung Nguyen, Dominik Schrempf, Chris Bielow,
Olga Chernomor, Michael Woodhams, Diep Thi Hoang, Heiko Schmidt

Host:    8084c4e79f09 (AVX512, FMA3, 1133 GB RAM)
Command: /workspace/iqtree-3.1.2-Linux/bin/iqtree3_intel -s /workspace/NeuralNJ/empirical/JarvD5a/intron_2537.fasta -st DNA -m GTR+G -T 8 -seed 2201 -pre /workspace/IQTree_8_cores_JarvD5a_Results/intron_2537 -quiet
Seed:    2201 (Using SPRNG - Scalable Parallel Random Number Generator)
Time:    Sun May 31 03:50:12 2026
Kernel:  AVX+FMA - 8 threads (384 CPU cores detected)

Reading alignment file /workspace/NeuralNJ/empirical/JarvD5a/intron_2537.fasta ... Fasta format detected
Reading fasta file: done in 0.00115204 secs using 65.1% CPU
Alignment most likely contains DNA/RNA sequences
Constructing alignment: done in 0.00438595 secs using 758.7% CPU
Alignment has 46 sequences with 2373 columns, 2118 distinct patterns
1551 parsimony-informative, 395 singleton sites, 427 constant sites
       Gap/Ambiguity  Composition  p-value
Analyzing sequences: done in 5.6982e-05 secs using 503.7% CPU
   1  ANAPL   23.18%    passed     52.31%
   2  APAVI   17.53%    passed     90.56%
   3  APTFO   15.25%    passed     91.70%
   4  BALRE   26.76%    passed     69.28%
   5  BUCRH   16.39%    passed     23.74%
   6  CALAN   17.40%    passed     97.98%
   7  CAPCA   17.78%    passed     91.28%
   8  CARCR   15.68%    passed     29.69%
   9  CATAU   15.59%    passed     93.38%
  10  CHAPE   17.74%    passed     63.65%
  11  CHAVO   29.41%    passed     56.99%
  12  CHLUN   17.57%    passed     75.10%
  13  COLLI   19.97%    passed     83.82%
  14  CORBR   19.13%    passed     78.12%
  15  CUCCA   16.94%    passed     86.92%
  16  EGRGA   17.61%    passed     98.74%
  17  EURHE   21.32%    passed     48.27%
  18  FALPE   18.20%    passed     92.61%
  19  FULGL   16.06%    passed     39.15%
  20  GALGA   18.04%    failed      0.18%
  21  GAVST   15.47%    passed     54.20%
  22  GEOFO   19.68%    passed     74.00%
  23  HALAL   15.76%    passed     97.78%
  24  HALLE   15.76%    passed     95.88%
  25  LEPDI   19.09%    passed     57.38%
  26  MANVI   19.13%    passed     66.18%
  27  MELGA   20.44%    failed      1.18%
  28  MELUN   17.36%    passed     27.50%
  29  MERNU   18.96%    passed      6.56%
  30  MESUN   17.15%    passed     31.03%
  31  NESNO   27.69%    passed     97.88%
  32  NIPNI   16.10%    passed     66.43%
  33  OPHHO   16.31%    passed     73.89%
  34  PELCR   16.65%    passed     94.58%
  35  PHACA   17.19%    passed     93.77%
  36  PHALE   19.89%    passed     96.78%
  37  PHORU   15.17%    passed     84.25%
  38  PICPU   24.06%    passed     53.01%
  39  PODCR   17.07%    passed     62.74%
  40  PTEGU   17.53%    passed     91.78%
  41  PYGAD   15.21%    passed     96.48%
  42  STRCA   15.38%    passed     37.48%
  43  TAEGU   20.52%    passed     22.67%
  44  TAUER   17.49%    passed     80.94%
  45  TINMA   20.23%    failed      0.86%
  46  TYTAL   19.93%    passed     73.12%
****  TOTAL   18.54%  3 sequences failed composition chi2 test (p-value<5%; df=3)
Checking for duplicate sequences: done in 0.000264883 secs using 648.2% CPU

Create initial parsimony tree by phylogenetic likelihood library (PLL)... 0.006 seconds

NOTE: 12 MB RAM (0 GB) is required!
Estimate model parameters (epsilon = 0.100)
1. Initial log-likelihood: -39573.591
2. Current log-likelihood: -37310.610
3. Current log-likelihood: -37273.518
Optimal log-likelihood: -37273.472
Rate parameters:  A-C: 1.13107  A-G: 4.01019  A-T: 0.51297  C-G: 1.47228  C-T: 3.27162  G-T: 1.00000
Base frequencies:  A: 0.291  C: 0.172  G: 0.196  T: 0.342
Gamma shape alpha: 2.800
Parameters optimization took 3 rounds (0.188 sec)
Wrote distance file to... 
Computing ML distances based on estimated model parameters...
Calculating distance matrix: done in 0.00110197 secs using 725.6% CPU
Computing ML distances took 0.001284 sec (of wall-clock time) 0.009154 sec (of CPU time)
Setting up auxiliary I and S matrices: done in 0.000115871 secs using 1094% CPU
Constructing RapidNJ tree: done in 0.00264478 secs using 851.1% CPU
Computing RapidNJ tree took 0.002811 sec (of wall-clock time) 0.025706 sec (of CPU time)
Log-likelihood of RapidNJ tree: -37344.048
--------------------------------------------------------------------
|             INITIALIZING CANDIDATE TREE SET                      |
--------------------------------------------------------------------
Generating 98 parsimony trees... 0.701 second
Computing log-likelihood of 98 initial trees ... 0.985 seconds
Current best score: -37235.783

Do NNI search on 20 best initial trees
Estimate model parameters (epsilon = 0.100)
BETTER TREE FOUND at iteration 1: -37183.962
Estimate model parameters (epsilon = 0.100)
BETTER TREE FOUND at iteration 2: -37179.106
Iteration 10 / LogL: -37203.617 / Time: 0h:0m:3s
Iteration 20 / LogL: -37212.349 / Time: 0h:0m:5s
Finish initializing candidate tree set (20)
Current best tree score: -37179.106 / CPU time: 5.621
Number of iterations: 20
--------------------------------------------------------------------
|               OPTIMIZING CANDIDATE TREE SET                      |
--------------------------------------------------------------------
Estimate model parameters (epsilon = 0.100)
BETTER TREE FOUND at iteration 25: -37177.561
Estimate model parameters (epsilon = 0.100)
BETTER TREE FOUND at iteration 29: -37175.257
Iteration 30 / LogL: -37175.803 / Time: 0h:0m:7s (0h:0m:26s left)
Estimate model parameters (epsilon = 0.100)
BETTER TREE FOUND at iteration 39: -37175.011
Iteration 40 / LogL: -37201.622 / Time: 0h:0m:9s (0h:0m:24s left)
Iteration 50 / LogL: -37176.475 / Time: 0h:0m:11s (0h:0m:20s left)
Iteration 60 / LogL: -37175.291 / Time: 0h:0m:13s (0h:0m:17s left)
Iteration 70 / LogL: -37176.660 / Time: 0h:0m:15s (0h:0m:15s left)
Iteration 80 / LogL: -37176.155 / Time: 0h:0m:17s (0h:0m:12s left)
Iteration 90 / LogL: -37175.369 / Time: 0h:0m:19s (0h:0m:10s left)
Iteration 100 / LogL: -37176.348 / Time: 0h:0m:20s (0h:0m:8s left)
Iteration 110 / LogL: -37177.175 / Time: 0h:0m:22s (0h:0m:6s left)
Iteration 120 / LogL: -37175.299 / Time: 0h:0m:24s (0h:0m:3s left)
Iteration 130 / LogL: -37177.755 / Time: 0h:0m:26s (0h:0m:1s left)
Iteration 140 / LogL: -37177.868 / Time: 0h:0m:28s (0h:0m:-1s left)
TREE SEARCH COMPLETED AFTER 140 ITERATIONS / Time: 0h:0m:28s

--------------------------------------------------------------------
|                    FINALIZING TREE SEARCH                        |
--------------------------------------------------------------------
Performs final model parameters optimization
Estimate model parameters (epsilon = 0.010)
1. Initial log-likelihood: -37175.011
Optimal log-likelihood: -37175.010
Rate parameters:  A-C: 1.13260  A-G: 4.03833  A-T: 0.51238  C-G: 1.45948  C-T: 3.27340  G-T: 1.00000
Base frequencies:  A: 0.291  C: 0.172  G: 0.196  T: 0.342
Gamma shape alpha: 2.873
Parameters optimization took 1 rounds (0.023 sec)
BEST SCORE FOUND : -37175.010
Total tree length: 4.939

Total number of iterations: 140
CPU time used for tree search: 219.181 sec (0h:3m:39s)
Wall-clock time used for tree search: 28.188 sec (0h:0m:28s)
Total CPU time used: 221.366 sec (0h:3m:41s)
Total wall-clock time used: 28.462 sec (0h:0m:28s)

Analysis results written to: 
  IQ-TREE report:                /workspace/IQTree_8_cores_JarvD5a_Results/intron_2537.iqtree
  Maximum-likelihood tree:       /workspace/IQTree_8_cores_JarvD5a_Results/intron_2537.treefile
  Likelihood distances:          /workspace/IQTree_8_cores_JarvD5a_Results/intron_2537.mldist
  Screen log file:               /workspace/IQTree_8_cores_JarvD5a_Results/intron_2537.log

Date and Time: Sun May 31 03:50:40 2026
