IQ-TREE version 3.1.2 for Linux x86 64-bit built May  7 2026
Developed by Bui Quang Minh, Thomas Wong, Nhan Ly-Trong, Huaiyan Ren
Contributed by Lam-Tung Nguyen, Dominik Schrempf, Chris Bielow,
Olga Chernomor, Michael Woodhams, Diep Thi Hoang, Heiko Schmidt

Host:    8084c4e79f09 (AVX512, FMA3, 1133 GB RAM)
Command: /workspace/iqtree-3.1.2-Linux/bin/iqtree3_intel -s /workspace/NeuralNJ/empirical/JarvD5a/intron_10245.fasta -st DNA -m GTR+G -T 8 -seed 2201 -pre /workspace/IQTree_8_cores_JarvD5a_Results/intron_10245 -quiet
Seed:    2201 (Using SPRNG - Scalable Parallel Random Number Generator)
Time:    Sat May 30 04:53:46 2026
Kernel:  AVX+FMA - 8 threads (384 CPU cores detected)

Reading alignment file /workspace/NeuralNJ/empirical/JarvD5a/intron_10245.fasta ... Fasta format detected
Reading fasta file: done in 0.00451112 secs using 87.14% CPU
Alignment most likely contains DNA/RNA sequences
Constructing alignment: done in 0.015872 secs using 693% CPU
Alignment has 46 sequences with 8939 columns, 7791 distinct patterns
5344 parsimony-informative, 1890 singleton sites, 1705 constant sites
       Gap/Ambiguity  Composition  p-value
Analyzing sequences: done in 0.000273943 secs using 492.8% CPU
   1  ACACH   39.21%    passed     76.24%
   2  ANAPL   47.53%    passed     70.00%
   3  APAVI   28.12%    passed     72.85%
   4  APTFO   14.51%    passed     90.54%
   5  BALRE   41.48%    passed     77.28%
   6  BUCRH   31.31%    passed     92.54%
   7  CALAN   29.81%    passed     90.07%
   8  CAPCA   18.12%    passed     81.15%
   9  CARCR   23.31%    passed     66.96%
  10  CATAU   19.99%    passed     81.17%
  11  CHAPE   19.20%    passed     28.41%
  12  CHAVO   18.27%    passed     99.59%
  13  CHLUN   30.00%    passed     85.10%
  14  COLLI   49.59%    passed      5.75%
  15  COLST   43.60%    passed     62.54%
  16  CORBR   19.28%    passed     94.61%
  17  CUCCA   34.23%    failed      1.33%
  18  EGRGA   18.20%    passed     99.48%
  19  EURHE   19.52%    failed      0.64%
  20  FALPE   38.48%    passed     89.07%
  21  GALGA   38.07%    passed      8.20%
  22  GAVST   17.40%    passed     56.96%
  23  GEOFO   20.89%    passed     62.88%
  24  HALAL   18.17%    passed     86.12%
  25  HALLE   18.73%    passed     73.20%
  26  LEPDI   24.39%    passed     13.39%
  27  MANVI   29.49%    passed     13.74%
  28  MELGA   41.17%    passed     87.56%
  29  MELUN   49.42%    passed     38.38%
  30  MESUN   23.75%    failed      4.19%
  31  NESNO   20.08%    passed     81.97%
  32  NIPNI   17.43%    passed     99.89%
  33  OPHHO   30.15%    failed      0.36%
  34  PELCR   21.10%    passed     78.28%
  35  PHACA   20.95%    passed     94.29%
  36  PHALE   22.42%    passed     66.66%
  37  PHORU   17.35%    passed     91.54%
  38  PICPU   26.52%    passed     73.18%
  39  PODCR   20.27%    passed      6.55%
  40  PTEGU   23.22%    passed     75.98%
  41  PYGAD   14.90%    passed     32.72%
  42  STRCA   18.87%    passed     37.46%
  43  TAEGU   28.65%    passed     74.01%
  44  TAUER   17.83%    passed     84.54%
  45  TINMA   43.80%    failed      1.66%
  46  TYTAL   22.17%    passed     94.10%
****  TOTAL   26.76%  5 sequences failed composition chi2 test (p-value<5%; df=3)
Checking for duplicate sequences: done in 0.000960112 secs using 775.4% CPU

Create initial parsimony tree by phylogenetic likelihood library (PLL)... 0.025 seconds

NOTE: 46 MB RAM (0 GB) is required!
Estimate model parameters (epsilon = 0.100)
1. Initial log-likelihood: -136930.227
2. Current log-likelihood: -127815.556
3. Current log-likelihood: -127664.489
4. Current log-likelihood: -127664.310
Optimal log-likelihood: -127664.303
Rate parameters:  A-C: 1.02232  A-G: 4.03832  A-T: 0.57574  C-G: 1.62626  C-T: 3.40558  G-T: 1.00000
Base frequencies:  A: 0.289  C: 0.166  G: 0.201  T: 0.344
Gamma shape alpha: 3.017
Parameters optimization took 4 rounds (0.630 sec)
Wrote distance file to... 
Computing ML distances based on estimated model parameters...
Calculating distance matrix: done in 0.00289607 secs using 789.5% CPU
Computing ML distances took 0.003512 sec (of wall-clock time) 0.026868 sec (of CPU time)
Setting up auxiliary I and S matrices: done in 8.79765e-05 secs using 1090% CPU
Constructing RapidNJ tree: done in 0.002496 secs using 778.1% CPU
Computing RapidNJ tree took 0.002638 sec (of wall-clock time) 0.024106 sec (of CPU time)
Log-likelihood of RapidNJ tree: -128117.362
--------------------------------------------------------------------
|             INITIALIZING CANDIDATE TREE SET                      |
--------------------------------------------------------------------
Generating 98 parsimony trees... 2.521 second
Computing log-likelihood of 98 initial trees ... 2.193 seconds
Current best score: -127664.303

Do NNI search on 20 best initial trees
Estimate model parameters (epsilon = 0.100)
BETTER TREE FOUND at iteration 1: -127601.330
Estimate model parameters (epsilon = 0.100)
BETTER TREE FOUND at iteration 2: -127598.114
Estimate model parameters (epsilon = 0.100)
BETTER TREE FOUND at iteration 4: -127596.690
Estimate model parameters (epsilon = 0.100)
BETTER TREE FOUND at iteration 5: -127593.229
Estimate model parameters (epsilon = 0.100)
BETTER TREE FOUND at iteration 6: -127592.597
Estimate model parameters (epsilon = 0.100)
BETTER TREE FOUND at iteration 10: -127589.973
Iteration 10 / LogL: -127589.973 / Time: 0h:0m:9s
Estimate model parameters (epsilon = 0.100)
BETTER TREE FOUND at iteration 11: -127589.137
Iteration 20 / LogL: -127593.303 / Time: 0h:0m:13s
Finish initializing candidate tree set (19)
Current best tree score: -127589.137 / CPU time: 12.876
Number of iterations: 20
--------------------------------------------------------------------
|               OPTIMIZING CANDIDATE TREE SET                      |
--------------------------------------------------------------------
Estimate model parameters (epsilon = 0.100)
UPDATE BEST LOG-LIKELIHOOD: -127588.632
Iteration 30 / LogL: -127590.280 / Time: 0h:0m:17s (0h:0m:48s left)
Estimate model parameters (epsilon = 0.100)
BETTER TREE FOUND at iteration 38: -127584.000
Iteration 40 / LogL: -127588.856 / Time: 0h:0m:21s (0h:0m:54s left)
Iteration 50 / LogL: -127590.158 / Time: 0h:0m:25s (0h:0m:45s left)
Iteration 60 / LogL: -127585.834 / Time: 0h:0m:29s (0h:0m:39s left)
Iteration 70 / LogL: -127589.099 / Time: 0h:0m:33s (0h:0m:32s left)
Iteration 80 / LogL: -127590.831 / Time: 0h:0m:37s (0h:0m:27s left)
Iteration 90 / LogL: -127585.836 / Time: 0h:0m:41s (0h:0m:22s left)
Iteration 100 / LogL: -127584.063 / Time: 0h:0m:45s (0h:0m:17s left)
Iteration 110 / LogL: -127585.917 / Time: 0h:0m:49s (0h:0m:12s left)
Iteration 120 / LogL: -127587.269 / Time: 0h:0m:53s (0h:0m:8s left)
Iteration 130 / LogL: -127590.750 / Time: 0h:0m:56s (0h:0m:3s left)
TREE SEARCH COMPLETED AFTER 139 ITERATIONS / Time: 0h:1m:0s

--------------------------------------------------------------------
|                    FINALIZING TREE SEARCH                        |
--------------------------------------------------------------------
Performs final model parameters optimization
Estimate model parameters (epsilon = 0.010)
1. Initial log-likelihood: -127584.000
Optimal log-likelihood: -127583.999
Rate parameters:  A-C: 1.02135  A-G: 4.03834  A-T: 0.57551  C-G: 1.62368  C-T: 3.40289  G-T: 1.00000
Base frequencies:  A: 0.289  C: 0.166  G: 0.201  T: 0.344
Gamma shape alpha: 3.005
Parameters optimization took 1 rounds (0.055 sec)
BEST SCORE FOUND : -127583.999
Total tree length: 5.029

Total number of iterations: 139
CPU time used for tree search: 463.944 sec (0h:7m:43s)
Wall-clock time used for tree search: 59.668 sec (0h:0m:59s)
Total CPU time used: 470.399 sec (0h:7m:50s)
Total wall-clock time used: 60.497 sec (0h:1m:0s)

Analysis results written to: 
  IQ-TREE report:                /workspace/IQTree_8_cores_JarvD5a_Results/intron_10245.iqtree
  Maximum-likelihood tree:       /workspace/IQTree_8_cores_JarvD5a_Results/intron_10245.treefile
  Likelihood distances:          /workspace/IQTree_8_cores_JarvD5a_Results/intron_10245.mldist
  Screen log file:               /workspace/IQTree_8_cores_JarvD5a_Results/intron_10245.log

Date and Time: Sat May 30 04:54:47 2026
