IQ-TREE version 3.1.2 for Linux x86 64-bit built May  7 2026
Developed by Bui Quang Minh, Thomas Wong, Nhan Ly-Trong, Huaiyan Ren
Contributed by Lam-Tung Nguyen, Dominik Schrempf, Chris Bielow,
Olga Chernomor, Michael Woodhams, Diep Thi Hoang, Heiko Schmidt

Host:    8084c4e79f09 (AVX512, FMA3, 1133 GB RAM)
Command: /workspace/iqtree-3.1.2-Linux/bin/iqtree3_intel -s /workspace/NeuralNJ/empirical/JarvD5a/intron_3208.fasta -st DNA -m GTR+G -T 8 -seed 2201 -pre /workspace/IQTree_8_cores_JarvD5a_Results/intron_3208 -quiet
Seed:    2201 (Using SPRNG - Scalable Parallel Random Number Generator)
Time:    Sun May 31 07:19:23 2026
Kernel:  AVX+FMA - 8 threads (384 CPU cores detected)

Reading alignment file /workspace/NeuralNJ/empirical/JarvD5a/intron_3208.fasta ... Fasta format detected
Reading fasta file: done in 0.00315285 secs using 84.65% CPU
Alignment most likely contains DNA/RNA sequences
Constructing alignment: done in 0.0132349 secs using 489% CPU
Alignment has 46 sequences with 6922 columns, 6153 distinct patterns
4640 parsimony-informative, 1177 singleton sites, 1105 constant sites
       Gap/Ambiguity  Composition  p-value
Analyzing sequences: done in 0.000438929 secs using 597.4% CPU
   1  ACACH   18.56%    failed      0.08%
   2  ANAPL   44.94%    failed      0.00%
   3  APAVI   32.35%    failed      0.27%
   4  APTFO   24.80%    failed      0.01%
   5  BALRE   21.05%    failed      0.86%
   6  BUCRH   27.32%    failed      0.00%
   7  CALAN   34.57%    failed      0.00%
   8  CAPCA   33.20%    passed     53.21%
   9  CARCR   20.05%    failed      0.02%
  10  CHAPE   29.44%    passed     45.10%
  11  CHAVO   26.29%    passed     69.24%
  12  CHLUN   24.76%    passed     38.29%
  13  COLLI   29.15%    passed     29.05%
  14  COLST   79.20%    passed     73.62%
  15  CORBR   20.01%    failed      0.00%
  16  CUCCA   37.01%    passed     59.87%
  17  EGRGA   24.96%    failed      0.00%
  18  EURHE   27.74%    passed      6.96%
  19  FALPE   20.79%    failed      0.01%
  20  FULGL   24.59%    failed      0.05%
  21  GALGA   27.98%    passed     87.74%
  22  GAVST   23.36%    failed      1.67%
  23  GEOFO   21.86%    failed      0.00%
  24  HALAL   18.75%    failed      0.02%
  25  HALLE   18.65%    failed      0.02%
  26  LEPDI   33.36%    failed      0.00%
  27  MANVI   17.00%    failed      0.00%
  28  MELGA   28.76%    passed     57.29%
  29  MELUN   22.98%    failed      0.00%
  30  MERNU   32.33%    passed     45.41%
  31  MESUN   25.28%    failed      0.00%
  32  NESNO   25.40%    failed      0.00%
  33  NIPNI   24.52%    failed      0.02%
  34  PELCR   78.08%    failed      1.66%
  35  PHACA   37.55%    failed      4.16%
  36  PHALE   25.34%    failed      0.37%
  37  PHORU   23.49%    passed     63.43%
  38  PICPU   37.03%    failed      0.00%
  39  PODCR   24.57%    passed     58.79%
  40  PTEGU   28.85%    passed     82.72%
  41  PYGAD   24.96%    failed      0.02%
  42  STRCA   34.30%    failed      0.00%
  43  TAEGU   24.99%    failed      0.00%
  44  TAUER   23.40%    passed     81.34%
  45  TINMA   35.58%    passed     22.33%
  46  TYTAL   78.62%    passed     25.88%
WARNING: 3 sequences contain more than 50% gaps/ambiguity
****  TOTAL   30.39%  29 sequences failed composition chi2 test (p-value<5%; df=3)
Checking for duplicate sequences: done in 0.000699043 secs using 563.9% CPU

Create initial parsimony tree by phylogenetic likelihood library (PLL)... 0.026 seconds

NOTE: 36 MB RAM (0 GB) is required!
Estimate model parameters (epsilon = 0.100)
1. Initial log-likelihood: -118241.215
2. Current log-likelihood: -110459.509
3. Current log-likelihood: -110255.402
4. Current log-likelihood: -110253.661
Optimal log-likelihood: -110253.635
Rate parameters:  A-C: 1.03231  A-G: 3.77163  A-T: 0.45673  C-G: 1.41658  C-T: 3.03324  G-T: 1.00000
Base frequencies:  A: 0.244  C: 0.198  G: 0.235  T: 0.323
Gamma shape alpha: 2.314
Parameters optimization took 4 rounds (0.634 sec)
Wrote distance file to... 
Computing ML distances based on estimated model parameters...
Calculating distance matrix: done in 0.0026629 secs using 781.2% CPU
Computing ML distances took 0.003197 sec (of wall-clock time) 0.024799 sec (of CPU time)
Setting up auxiliary I and S matrices: done in 0.00013113 secs using 918.2% CPU
Constructing RapidNJ tree: done in 0.00339198 secs using 760.3% CPU
Computing RapidNJ tree took 0.003587 sec (of wall-clock time) 0.031389 sec (of CPU time)
Log-likelihood of RapidNJ tree: -110884.701
--------------------------------------------------------------------
|             INITIALIZING CANDIDATE TREE SET                      |
--------------------------------------------------------------------
Generating 98 parsimony trees... 2.360 second
Computing log-likelihood of 98 initial trees ... 3.046 seconds
Current best score: -110253.635

Do NNI search on 20 best initial trees
Estimate model parameters (epsilon = 0.100)
BETTER TREE FOUND at iteration 1: -110186.746
Estimate model parameters (epsilon = 0.100)
BETTER TREE FOUND at iteration 10: -110185.365
Iteration 10 / LogL: -110185.365 / Time: 0h:0m:12s
Iteration 20 / LogL: -110240.118 / Time: 0h:0m:18s
Finish initializing candidate tree set (19)
Current best tree score: -110185.365 / CPU time: 17.604
Number of iterations: 20
--------------------------------------------------------------------
|               OPTIMIZING CANDIDATE TREE SET                      |
--------------------------------------------------------------------
Iteration 30 / LogL: -110185.738 / Time: 0h:0m:23s (0h:1m:3s left)
Iteration 40 / LogL: -110185.761 / Time: 0h:0m:27s (0h:0m:49s left)
Iteration 50 / LogL: -110185.413 / Time: 0h:0m:30s (0h:0m:37s left)
Iteration 60 / LogL: -110185.735 / Time: 0h:0m:34s (0h:0m:29s left)
Iteration 70 / LogL: -110185.747 / Time: 0h:0m:38s (0h:0m:22s left)
Iteration 80 / LogL: -110186.228 / Time: 0h:0m:41s (0h:0m:15s left)
Iteration 90 / LogL: -110185.379 / Time: 0h:0m:45s (0h:0m:10s left)
Iteration 100 / LogL: -110190.808 / Time: 0h:0m:49s (0h:0m:5s left)
Iteration 110 / LogL: -110185.729 / Time: 0h:0m:53s (0h:0m:0s left)
TREE SEARCH COMPLETED AFTER 111 ITERATIONS / Time: 0h:0m:53s

--------------------------------------------------------------------
|                    FINALIZING TREE SEARCH                        |
--------------------------------------------------------------------
Performs final model parameters optimization
Estimate model parameters (epsilon = 0.010)
1. Initial log-likelihood: -110185.365
Optimal log-likelihood: -110185.363
Rate parameters:  A-C: 1.03128  A-G: 3.77046  A-T: 0.45304  C-G: 1.42237  C-T: 3.03261  G-T: 1.00000
Base frequencies:  A: 0.244  C: 0.198  G: 0.235  T: 0.323
Gamma shape alpha: 2.304
Parameters optimization took 1 rounds (0.050 sec)
BEST SCORE FOUND : -110185.363
Total tree length: 6.828

Total number of iterations: 111
CPU time used for tree search: 390.932 sec (0h:6m:30s)
Wall-clock time used for tree search: 52.911 sec (0h:0m:52s)
Total CPU time used: 397.823 sec (0h:6m:37s)
Total wall-clock time used: 53.849 sec (0h:0m:53s)

Analysis results written to: 
  IQ-TREE report:                /workspace/IQTree_8_cores_JarvD5a_Results/intron_3208.iqtree
  Maximum-likelihood tree:       /workspace/IQTree_8_cores_JarvD5a_Results/intron_3208.treefile
  Likelihood distances:          /workspace/IQTree_8_cores_JarvD5a_Results/intron_3208.mldist
  Screen log file:               /workspace/IQTree_8_cores_JarvD5a_Results/intron_3208.log

Date and Time: Sun May 31 07:20:17 2026
