IQ-TREE version 3.1.2 for Linux x86 64-bit built May  7 2026
Developed by Bui Quang Minh, Thomas Wong, Nhan Ly-Trong, Huaiyan Ren
Contributed by Lam-Tung Nguyen, Dominik Schrempf, Chris Bielow,
Olga Chernomor, Michael Woodhams, Diep Thi Hoang, Heiko Schmidt

Host:    8084c4e79f09 (AVX512, FMA3, 1133 GB RAM)
Command: /workspace/iqtree-3.1.2-Linux/bin/iqtree3_intel -s /workspace/NeuralNJ/empirical/JarvD5a/intron_1255.fasta -st DNA -m GTR+G -T 8 -seed 2201 -pre /workspace/IQTree_8_cores_JarvD5a_Results/intron_1255 -quiet
Seed:    2201 (Using SPRNG - Scalable Parallel Random Number Generator)
Time:    Sat May 30 15:53:35 2026
Kernel:  AVX+FMA - 8 threads (384 CPU cores detected)

Reading alignment file /workspace/NeuralNJ/empirical/JarvD5a/intron_1255.fasta ... Fasta format detected
Reading fasta file: done in 0.00522208 secs using 69.78% CPU
Alignment most likely contains DNA/RNA sequences
Constructing alignment: done in 0.0192652 secs using 712.2% CPU
Alignment has 47 sequences with 10122 columns, 8966 distinct patterns
6380 parsimony-informative, 1937 singleton sites, 1805 constant sites
       Gap/Ambiguity  Composition  p-value
Analyzing sequences: done in 0.000445843 secs using 577.6% CPU
   1  ACACH   22.39%    passed      7.52%
   2  ANAPL   19.26%    failed      3.96%
   3  APAVI   17.89%    passed     80.56%
   4  APTFO   15.35%    passed     98.98%
   5  BALRE   16.47%    passed     82.24%
   6  BUCRH   20.53%    failed      0.01%
   7  CALAN   42.61%    passed     13.22%
   8  CAPCA   17.24%    passed     36.39%
   9  CARCR   17.00%    passed     59.96%
  10  CHAPE   21.45%    passed     94.90%
  11  CHAVO   20.32%    passed     41.43%
  12  CHLUN   19.59%    passed     81.25%
  13  COLLI   30.87%    passed     56.92%
  14  COLST   21.92%    passed     10.61%
  15  CORBR   26.85%    passed      5.51%
  16  CUCCA   27.35%    passed     37.39%
  17  EGRGA   31.80%    passed     69.95%
  18  EURHE   25.34%    failed      0.00%
  19  FALPE   18.76%    passed     78.22%
  20  FULGL   15.85%    passed     47.52%
  21  GALGA   21.54%    failed      0.00%
  22  GAVST   15.63%    passed     73.59%
  23  GEOFO   31.77%    passed     16.32%
  24  HALAL   16.51%    passed     51.98%
  25  HALLE   16.51%    passed     52.07%
  26  LEPDI   21.30%    failed      3.41%
  27  MANVI   21.69%    passed     28.88%
  28  MELGA   26.53%    failed      0.01%
  29  MELUN   34.16%    passed     47.56%
  30  MERNU   20.31%    passed     10.69%
  31  MESUN   40.61%    passed     42.63%
  32  NESNO   29.58%    passed     22.59%
  33  NIPNI   17.64%    passed     69.12%
  34  OPHHO   16.59%    passed     59.55%
  35  PELCR   20.42%    passed     36.26%
  36  PHACA   21.72%    passed     59.19%
  37  PHALE   27.55%    passed     10.64%
  38  PHORU   16.00%    passed     89.56%
  39  PICPU   24.22%    failed      1.16%
  40  PODCR   19.04%    passed      5.32%
  41  PTEGU   25.42%    passed     97.50%
  42  PYGAD   20.49%    passed     99.77%
  43  STRCA   14.52%    passed     94.82%
  44  TAEGU   27.37%    passed     51.44%
  45  TAUER   53.67%    passed     13.73%
  46  TINMA   26.32%    passed     25.56%
  47  TYTAL   17.61%    passed     56.74%
WARNING: 1 sequences contain more than 50% gaps/ambiguity
****  TOTAL   23.27%  7 sequences failed composition chi2 test (p-value<5%; df=3)
Checking for duplicate sequences: done in 0.0010941 secs using 784.8% CPU

Create initial parsimony tree by phylogenetic likelihood library (PLL)... 0.032 seconds

NOTE: 54 MB RAM (0 GB) is required!
Estimate model parameters (epsilon = 0.100)
1. Initial log-likelihood: -162526.409
2. Current log-likelihood: -152927.099
3. Current log-likelihood: -152766.494
4. Current log-likelihood: -152766.082
Optimal log-likelihood: -152766.073
Rate parameters:  A-C: 1.12163  A-G: 3.90372  A-T: 0.59757  C-G: 1.59875  C-T: 3.58495  G-T: 1.00000
Base frequencies:  A: 0.265  C: 0.184  G: 0.211  T: 0.340
Gamma shape alpha: 2.720
Parameters optimization took 4 rounds (0.699 sec)
Wrote distance file to... 
Computing ML distances based on estimated model parameters...
Calculating distance matrix: done in 0.00355291 secs using 819.1% CPU
Computing ML distances took 0.004198 sec (of wall-clock time) 0.033386 sec (of CPU time)
Setting up auxiliary I and S matrices: done in 8.41618e-05 secs using 1138% CPU
Constructing RapidNJ tree: done in 0.00263691 secs using 891.3% CPU
Computing RapidNJ tree took 0.002754 sec (of wall-clock time) 0.025096 sec (of CPU time)
Log-likelihood of RapidNJ tree: -153235.030
--------------------------------------------------------------------
|             INITIALIZING CANDIDATE TREE SET                      |
--------------------------------------------------------------------
Generating 98 parsimony trees... 3.134 second
Computing log-likelihood of 98 initial trees ... 2.684 seconds
Current best score: -152766.073

Do NNI search on 20 best initial trees
Estimate model parameters (epsilon = 0.100)
BETTER TREE FOUND at iteration 1: -152697.370
Estimate model parameters (epsilon = 0.100)
BETTER TREE FOUND at iteration 2: -152634.620
Estimate model parameters (epsilon = 0.100)
BETTER TREE FOUND at iteration 4: -152632.486
Estimate model parameters (epsilon = 0.100)
BETTER TREE FOUND at iteration 7: -152621.469
Iteration 10 / LogL: -152745.602 / Time: 0h:0m:12s
Estimate model parameters (epsilon = 0.100)
BETTER TREE FOUND at iteration 12: -152621.145
Iteration 20 / LogL: -152658.429 / Time: 0h:0m:18s
Finish initializing candidate tree set (20)
Current best tree score: -152621.145 / CPU time: 18.104
Number of iterations: 20
--------------------------------------------------------------------
|               OPTIMIZING CANDIDATE TREE SET                      |
--------------------------------------------------------------------
Estimate model parameters (epsilon = 0.100)
BETTER TREE FOUND at iteration 22: -152616.530
Estimate model parameters (epsilon = 0.100)
BETTER TREE FOUND at iteration 28: -152608.992
Iteration 30 / LogL: -152617.440 / Time: 0h:0m:24s (0h:1m:24s left)
Iteration 40 / LogL: -152615.369 / Time: 0h:0m:29s (0h:1m:6s left)
Iteration 50 / LogL: -152615.364 / Time: 0h:0m:34s (0h:0m:54s left)
Estimate model parameters (epsilon = 0.100)
BETTER TREE FOUND at iteration 57: -152606.452
Iteration 60 / LogL: -152610.918 / Time: 0h:0m:39s (0h:1m:5s left)
Estimate model parameters (epsilon = 0.100)
BETTER TREE FOUND at iteration 65: -152604.520
Estimate model parameters (epsilon = 0.100)
BETTER TREE FOUND at iteration 68: -152602.486
Iteration 70 / LogL: -152606.475 / Time: 0h:0m:44s (0h:1m:3s left)
Estimate model parameters (epsilon = 0.100)
BETTER TREE FOUND at iteration 74: -152601.741
Iteration 80 / LogL: -152624.370 / Time: 0h:0m:49s (0h:0m:59s left)
Iteration 90 / LogL: -152605.287 / Time: 0h:0m:54s (0h:0m:51s left)
Iteration 100 / LogL: -152623.897 / Time: 0h:0m:58s (0h:0m:44s left)
Iteration 110 / LogL: -152606.473 / Time: 0h:1m:3s (0h:0m:37s left)
Iteration 120 / LogL: -152602.133 / Time: 0h:1m:8s (0h:0m:30s left)
Iteration 130 / LogL: -152602.493 / Time: 0h:1m:12s (0h:0m:24s left)
Iteration 140 / LogL: -152602.811 / Time: 0h:1m:17s (0h:0m:18s left)
Iteration 150 / LogL: -152603.430 / Time: 0h:1m:21s (0h:0m:13s left)
Iteration 160 / LogL: -152609.900 / Time: 0h:1m:26s (0h:0m:7s left)
Iteration 170 / LogL: -152601.749 / Time: 0h:1m:31s (0h:0m:2s left)
TREE SEARCH COMPLETED AFTER 175 ITERATIONS / Time: 0h:1m:33s

--------------------------------------------------------------------
|                    FINALIZING TREE SEARCH                        |
--------------------------------------------------------------------
Performs final model parameters optimization
Estimate model parameters (epsilon = 0.010)
1. Initial log-likelihood: -152601.741
Optimal log-likelihood: -152601.740
Rate parameters:  A-C: 1.12663  A-G: 3.91951  A-T: 0.59907  C-G: 1.60277  C-T: 3.59135  G-T: 1.00000
Base frequencies:  A: 0.265  C: 0.184  G: 0.211  T: 0.340
Gamma shape alpha: 2.743
Parameters optimization took 1 rounds (0.075 sec)
BEST SCORE FOUND : -152601.740
Total tree length: 4.933

Total number of iterations: 175
CPU time used for tree search: 719.376 sec (0h:11m:59s)
Wall-clock time used for tree search: 92.400 sec (0h:1m:32s)
Total CPU time used: 726.841 sec (0h:12m:6s)
Total wall-clock time used: 93.354 sec (0h:1m:33s)

Analysis results written to: 
  IQ-TREE report:                /workspace/IQTree_8_cores_JarvD5a_Results/intron_1255.iqtree
  Maximum-likelihood tree:       /workspace/IQTree_8_cores_JarvD5a_Results/intron_1255.treefile
  Likelihood distances:          /workspace/IQTree_8_cores_JarvD5a_Results/intron_1255.mldist
  Screen log file:               /workspace/IQTree_8_cores_JarvD5a_Results/intron_1255.log

Date and Time: Sat May 30 15:55:09 2026
