IQ-TREE version 3.1.2 for Linux x86 64-bit built May  7 2026
Developed by Bui Quang Minh, Thomas Wong, Nhan Ly-Trong, Huaiyan Ren
Contributed by Lam-Tung Nguyen, Dominik Schrempf, Chris Bielow,
Olga Chernomor, Michael Woodhams, Diep Thi Hoang, Heiko Schmidt

Host:    8084c4e79f09 (AVX512, FMA3, 1133 GB RAM)
Command: /workspace/iqtree-3.1.2-Linux/bin/iqtree3_intel -s /workspace/NeuralNJ/empirical/JarvD5a/intron_11884.fasta -st DNA -m GTR+G -T 8 -seed 2201 -pre /workspace/IQTree_8_cores_JarvD5a_Results/intron_11884 -quiet
Seed:    2201 (Using SPRNG - Scalable Parallel Random Number Generator)
Time:    Sat May 30 13:05:20 2026
Kernel:  AVX+FMA - 8 threads (384 CPU cores detected)

Reading alignment file /workspace/NeuralNJ/empirical/JarvD5a/intron_11884.fasta ... Fasta format detected
Reading fasta file: done in 0.00133109 secs using 76.85% CPU
Alignment most likely contains DNA/RNA sequences
Constructing alignment: done in 0.00431299 secs using 737% CPU
Alignment has 40 sequences with 2510 columns, 2174 distinct patterns
1389 parsimony-informative, 593 singleton sites, 528 constant sites
       Gap/Ambiguity  Composition  p-value
Analyzing sequences: done in 6.58035e-05 secs using 372.3% CPU
   1  ACACH   13.31%    passed     46.27%
   2  ANAPL   13.47%    passed     98.99%
   3  APAVI   14.14%    passed     77.47%
   4  APTFO   12.67%    passed     79.19%
   5  BALRE   13.55%    passed     98.05%
   6  CALAN   12.95%    passed     66.47%
   7  CATAU   12.75%    passed     66.89%
   8  CHAPE   16.29%    passed     83.20%
   9  CHAVO   13.86%    passed     63.90%
  10  CHLUN   13.03%    passed     98.63%
  11  COLLI   14.18%    passed     52.66%
  12  COLST   19.36%    passed     96.88%
  13  CORBR   26.29%    passed     27.14%
  14  CUCCA   14.66%    passed     68.12%
  15  EGRGA   12.15%    passed     91.49%
  16  EURHE   15.26%    passed     96.31%
  17  FALPE   12.79%    passed     52.06%
  18  FULGL   12.31%    passed     83.47%
  19  GALGA   13.55%    failed      0.76%
  20  GEOFO   22.67%    passed     45.61%
  21  HALLE   13.51%    passed     46.24%
  22  LEPDI   15.18%    passed     89.28%
  23  MANVI   14.78%    passed     42.59%
  24  MELGA   13.59%    failed      0.03%
  25  MELUN   15.74%    passed     52.32%
  26  MESUN   12.83%    passed     68.34%
  27  NESNO   14.46%    passed     98.87%
  28  NIPNI   12.55%    passed     76.26%
  29  OPHHO   13.15%    failed      0.80%
  30  PELCR   12.83%    passed     84.89%
  31  PHACA   12.59%    passed     95.32%
  32  PHALE   14.26%    passed     75.06%
  33  PHORU   11.79%    passed     83.24%
  34  PICPU   17.49%    failed      1.51%
  35  PODCR   13.55%    passed     85.50%
  36  PTEGU   14.02%    passed     96.32%
  37  PYGAD   13.11%    passed     61.43%
  38  STRCA   10.04%    passed     89.99%
  39  TINMA   13.75%    passed     89.67%
  40  TYTAL   12.67%    passed     98.53%
****  TOTAL   14.28%  4 sequences failed composition chi2 test (p-value<5%; df=3)
Checking for duplicate sequences: done in 0.000219107 secs using 627.1% CPU

Create initial parsimony tree by phylogenetic likelihood library (PLL)... 0.008 seconds

NOTE: 11 MB RAM (0 GB) is required!
Estimate model parameters (epsilon = 0.100)
1. Initial log-likelihood: -33977.986
2. Current log-likelihood: -32085.765
3. Current log-likelihood: -32069.689
Optimal log-likelihood: -32069.672
Rate parameters:  A-C: 1.00457  A-G: 4.93221  A-T: 0.74507  C-G: 1.24506  C-T: 3.93830  G-T: 1.00000
Base frequencies:  A: 0.244  C: 0.218  G: 0.226  T: 0.312
Gamma shape alpha: 2.519
Parameters optimization took 3 rounds (0.120 sec)
Wrote distance file to... 
Computing ML distances based on estimated model parameters...
Calculating distance matrix: done in 0.000902176 secs using 801.5% CPU
Computing ML distances took 0.001064 sec (of wall-clock time) 0.008396 sec (of CPU time)
Setting up auxiliary I and S matrices: done in 0.000101089 secs using 1010% CPU
Constructing RapidNJ tree: done in 0.00212407 secs using 644% CPU
Computing RapidNJ tree took 0.002280 sec (of wall-clock time) 0.019148 sec (of CPU time)
Log-likelihood of RapidNJ tree: -32236.180
--------------------------------------------------------------------
|             INITIALIZING CANDIDATE TREE SET                      |
--------------------------------------------------------------------
Generating 98 parsimony trees... 0.561 second
Computing log-likelihood of 98 initial trees ... 0.825 seconds
Current best score: -32042.364

Do NNI search on 20 best initial trees
Estimate model parameters (epsilon = 0.100)
BETTER TREE FOUND at iteration 1: -32018.164
Iteration 10 / LogL: -32023.030 / Time: 0h:0m:2s
Estimate model parameters (epsilon = 0.100)
BETTER TREE FOUND at iteration 15: -32017.750
Iteration 20 / LogL: -32021.316 / Time: 0h:0m:4s
Finish initializing candidate tree set (19)
Current best tree score: -32017.750 / CPU time: 3.857
Number of iterations: 20
--------------------------------------------------------------------
|               OPTIMIZING CANDIDATE TREE SET                      |
--------------------------------------------------------------------
Estimate model parameters (epsilon = 0.100)
BETTER TREE FOUND at iteration 23: -32016.600
Estimate model parameters (epsilon = 0.100)
BETTER TREE FOUND at iteration 24: -32015.637
Estimate model parameters (epsilon = 0.100)
BETTER TREE FOUND at iteration 30: -32014.839
Iteration 30 / LogL: -32014.839 / Time: 0h:0m:5s (0h:0m:19s left)
Estimate model parameters (epsilon = 0.100)
BETTER TREE FOUND at iteration 31: -32013.651
Iteration 40 / LogL: -32016.598 / Time: 0h:0m:7s (0h:0m:16s left)
Iteration 50 / LogL: -32013.653 / Time: 0h:0m:8s (0h:0m:14s left)
Iteration 60 / LogL: -32024.093 / Time: 0h:0m:10s (0h:0m:12s left)
Iteration 70 / LogL: -32015.269 / Time: 0h:0m:11s (0h:0m:10s left)
Iteration 80 / LogL: -32018.378 / Time: 0h:0m:13s (0h:0m:8s left)
Iteration 90 / LogL: -32015.182 / Time: 0h:0m:14s (0h:0m:6s left)
Iteration 100 / LogL: -32015.901 / Time: 0h:0m:15s (0h:0m:5s left)
Iteration 110 / LogL: -32021.337 / Time: 0h:0m:17s (0h:0m:3s left)
Iteration 120 / LogL: -32014.352 / Time: 0h:0m:18s (0h:0m:1s left)
Iteration 130 / LogL: -32018.387 / Time: 0h:0m:20s (0h:0m:0s left)
TREE SEARCH COMPLETED AFTER 132 ITERATIONS / Time: 0h:0m:20s

--------------------------------------------------------------------
|                    FINALIZING TREE SEARCH                        |
--------------------------------------------------------------------
Performs final model parameters optimization
Estimate model parameters (epsilon = 0.010)
1. Initial log-likelihood: -32013.651
Optimal log-likelihood: -32013.650
Rate parameters:  A-C: 0.99651  A-G: 4.91016  A-T: 0.73510  C-G: 1.24682  C-T: 3.93853  G-T: 1.00000
Base frequencies:  A: 0.244  C: 0.218  G: 0.226  T: 0.312
Gamma shape alpha: 2.581
Parameters optimization took 1 rounds (0.020 sec)
BEST SCORE FOUND : -32013.650
Total tree length: 3.379

Total number of iterations: 132
CPU time used for tree search: 158.100 sec (0h:2m:38s)
Wall-clock time used for tree search: 20.311 sec (0h:0m:20s)
Total CPU time used: 159.545 sec (0h:2m:39s)
Total wall-clock time used: 20.494 sec (0h:0m:20s)

Analysis results written to: 
  IQ-TREE report:                /workspace/IQTree_8_cores_JarvD5a_Results/intron_11884.iqtree
  Maximum-likelihood tree:       /workspace/IQTree_8_cores_JarvD5a_Results/intron_11884.treefile
  Likelihood distances:          /workspace/IQTree_8_cores_JarvD5a_Results/intron_11884.mldist
  Screen log file:               /workspace/IQTree_8_cores_JarvD5a_Results/intron_11884.log

Date and Time: Sat May 30 13:05:40 2026
