IQ-TREE version 3.1.2 for Linux x86 64-bit built May  7 2026
Developed by Bui Quang Minh, Thomas Wong, Nhan Ly-Trong, Huaiyan Ren
Contributed by Lam-Tung Nguyen, Dominik Schrempf, Chris Bielow,
Olga Chernomor, Michael Woodhams, Diep Thi Hoang, Heiko Schmidt

Host:    8084c4e79f09 (AVX512, FMA3, 1133 GB RAM)
Command: /workspace/iqtree-3.1.2-Linux/bin/iqtree3_intel -s /workspace/NeuralNJ/empirical/JarvD5a/intron_622.fasta -st DNA -m GTR+G -T 8 -seed 2201 -pre /workspace/IQTree_8_cores_JarvD5a_Results/intron_622 -quiet
Seed:    2201 (Using SPRNG - Scalable Parallel Random Number Generator)
Time:    Sun May 31 16:00:27 2026
Kernel:  AVX+FMA - 8 threads (384 CPU cores detected)

Reading alignment file /workspace/NeuralNJ/empirical/JarvD5a/intron_622.fasta ... Fasta format detected
Reading fasta file: done in 0.00137901 secs using 61.71% CPU
Alignment most likely contains DNA/RNA sequences
Constructing alignment: done in 0.00419211 secs using 690.7% CPU
Alignment has 47 sequences with 1871 columns, 1759 distinct patterns
1254 parsimony-informative, 336 singleton sites, 281 constant sites
       Gap/Ambiguity  Composition  p-value
Analyzing sequences: done in 7.79629e-05 secs using 605.4% CPU
   1  ACACH   23.46%    failed      0.07%
   2  ANAPL   13.63%    passed      6.55%
   3  APAVI   16.62%    passed     98.39%
   4  APTFO   15.07%    passed     86.45%
   5  BALRE   15.23%    passed     57.17%
   6  BUCRH   22.29%    passed      5.76%
   7  CALAN   18.17%    passed     80.57%
   8  CAPCA   14.06%    passed     50.14%
   9  CARCR   13.20%    passed     33.96%
  10  CHAPE   15.18%    passed     76.87%
  11  CHAVO   13.47%    passed     64.95%
  12  CHLUN   17.37%    passed     75.88%
  13  COLLI   16.41%    passed     88.24%
  14  COLST   16.78%    passed     65.90%
  15  CORBR   24.00%    passed     68.38%
  16  CUCCA   18.81%    passed     86.23%
  17  EGRGA   20.15%    passed     71.17%
  18  EURHE   17.10%    failed      1.04%
  19  FALPE   19.35%    passed     34.27%
  20  FULGL   15.18%    passed     66.52%
  21  GALGA   24.80%    passed     90.48%
  22  GAVST   12.93%    passed     32.82%
  23  GEOFO   24.91%    passed     28.95%
  24  HALAL   13.84%    passed     60.24%
  25  HALLE   13.90%    passed     43.43%
  26  LEPDI   15.66%    passed     10.79%
  27  MANVI   24.53%    passed     75.55%
  28  MELGA   12.99%    passed     71.00%
  29  MELUN   51.10%    passed     26.58%
  30  MERNU   62.91%    passed     37.08%
  31  MESUN   14.75%    passed     85.56%
  32  NESNO   50.08%    passed     31.50%
  33  NIPNI   14.06%    passed     37.51%
  34  OPHHO   16.46%    passed     76.74%
  35  PELCR   13.42%    passed     51.90%
  36  PHACA   14.38%    passed     93.12%
  37  PHALE   77.12%    failed      4.96%
  38  PHORU   13.15%    passed     94.48%
  39  PICPU   21.59%    failed      0.34%
  40  PODCR   14.64%    passed     92.29%
  41  PTEGU   45.32%    passed      6.34%
  42  PYGAD   15.29%    passed     98.64%
  43  STRCA    9.78%    passed     94.86%
  44  TAEGU   25.28%    passed     31.94%
  45  TAUER   15.66%    passed     99.25%
  46  TINMA   19.08%    passed     67.16%
  47  TYTAL   15.93%    passed     33.54%
WARNING: 4 sequences contain more than 50% gaps/ambiguity
****  TOTAL   21.26%  4 sequences failed composition chi2 test (p-value<5%; df=3)
Checking for duplicate sequences: done in 0.000323057 secs using 635.2% CPU

Create initial parsimony tree by phylogenetic likelihood library (PLL)... 0.010 seconds

NOTE: 10 MB RAM (0 GB) is required!
Estimate model parameters (epsilon = 0.100)
1. Initial log-likelihood: -32447.654
2. Current log-likelihood: -30504.508
3. Current log-likelihood: -30463.700
Optimal log-likelihood: -30463.604
Rate parameters:  A-C: 1.11050  A-G: 3.76374  A-T: 0.48559  C-G: 1.55362  C-T: 3.32465  G-T: 1.00000
Base frequencies:  A: 0.259  C: 0.185  G: 0.206  T: 0.349
Gamma shape alpha: 2.725
Parameters optimization took 3 rounds (0.157 sec)
Wrote distance file to... 
Computing ML distances based on estimated model parameters...
Calculating distance matrix: done in 0.000962019 secs using 794.2% CPU
Computing ML distances took 0.001102 sec (of wall-clock time) 0.008656 sec (of CPU time)
Setting up auxiliary I and S matrices: done in 0.000108004 secs using 1189% CPU
Constructing RapidNJ tree: done in 0.00275302 secs using 787% CPU
Computing RapidNJ tree took 0.002923 sec (of wall-clock time) 0.026975 sec (of CPU time)
Log-likelihood of RapidNJ tree: -30666.398
--------------------------------------------------------------------
|             INITIALIZING CANDIDATE TREE SET                      |
--------------------------------------------------------------------
Generating 98 parsimony trees... 0.639 second
Computing log-likelihood of 98 initial trees ... 0.839 seconds
Current best score: -30463.604

Do NNI search on 20 best initial trees
Estimate model parameters (epsilon = 0.100)
BETTER TREE FOUND at iteration 1: -30454.853
Estimate model parameters (epsilon = 0.100)
BETTER TREE FOUND at iteration 2: -30425.901
Iteration 10 / LogL: -30445.496 / Time: 0h:0m:3s
Estimate model parameters (epsilon = 0.100)
BETTER TREE FOUND at iteration 11: -30425.202
Iteration 20 / LogL: -30465.664 / Time: 0h:0m:4s
Finish initializing candidate tree set (20)
Current best tree score: -30425.202 / CPU time: 4.631
Number of iterations: 20
--------------------------------------------------------------------
|               OPTIMIZING CANDIDATE TREE SET                      |
--------------------------------------------------------------------
Estimate model parameters (epsilon = 0.100)
BETTER TREE FOUND at iteration 24: -30419.646
Estimate model parameters (epsilon = 0.100)
BETTER TREE FOUND at iteration 28: -30415.540
Estimate model parameters (epsilon = 0.100)
BETTER TREE FOUND at iteration 30: -30414.660
Iteration 30 / LogL: -30414.660 / Time: 0h:0m:6s (0h:0m:23s left)
Estimate model parameters (epsilon = 0.100)
BETTER TREE FOUND at iteration 33: -30414.387
Iteration 40 / LogL: -30417.121 / Time: 0h:0m:8s (0h:0m:20s left)
Iteration 50 / LogL: -30417.121 / Time: 0h:0m:10s (0h:0m:17s left)
Iteration 60 / LogL: -30415.417 / Time: 0h:0m:12s (0h:0m:15s left)
Iteration 70 / LogL: -30418.940 / Time: 0h:0m:14s (0h:0m:12s left)
Iteration 80 / LogL: -30415.957 / Time: 0h:0m:15s (0h:0m:10s left)
Iteration 90 / LogL: -30418.254 / Time: 0h:0m:17s (0h:0m:8s left)
Iteration 100 / LogL: -30414.657 / Time: 0h:0m:19s (0h:0m:6s left)
UPDATE BEST LOG-LIKELIHOOD: -30414.387
Iteration 110 / LogL: -30418.859 / Time: 0h:0m:21s (0h:0m:4s left)
UPDATE BEST LOG-LIKELIHOOD: -30414.387
Iteration 120 / LogL: -30415.974 / Time: 0h:0m:22s (0h:0m:2s left)
Iteration 130 / LogL: -30414.389 / Time: 0h:0m:24s (0h:0m:0s left)
TREE SEARCH COMPLETED AFTER 134 ITERATIONS / Time: 0h:0m:25s

--------------------------------------------------------------------
|                    FINALIZING TREE SEARCH                        |
--------------------------------------------------------------------
Performs final model parameters optimization
Estimate model parameters (epsilon = 0.010)
1. Initial log-likelihood: -30414.387
Optimal log-likelihood: -30414.386
Rate parameters:  A-C: 1.07884  A-G: 3.76566  A-T: 0.48208  C-G: 1.55282  C-T: 3.29223  G-T: 1.00000
Base frequencies:  A: 0.259  C: 0.185  G: 0.206  T: 0.349
Gamma shape alpha: 2.700
Parameters optimization took 1 rounds (0.021 sec)
BEST SCORE FOUND : -30414.386
Total tree length: 5.337

Total number of iterations: 134
CPU time used for tree search: 198.816 sec (0h:3m:18s)
Wall-clock time used for tree search: 25.530 sec (0h:0m:25s)
Total CPU time used: 200.728 sec (0h:3m:20s)
Total wall-clock time used: 25.771 sec (0h:0m:25s)

Analysis results written to: 
  IQ-TREE report:                /workspace/IQTree_8_cores_JarvD5a_Results/intron_622.iqtree
  Maximum-likelihood tree:       /workspace/IQTree_8_cores_JarvD5a_Results/intron_622.treefile
  Likelihood distances:          /workspace/IQTree_8_cores_JarvD5a_Results/intron_622.mldist
  Screen log file:               /workspace/IQTree_8_cores_JarvD5a_Results/intron_622.log

Date and Time: Sun May 31 16:00:53 2026
