IQ-TREE version 3.1.2 for Linux x86 64-bit built May  7 2026
Developed by Bui Quang Minh, Thomas Wong, Nhan Ly-Trong, Huaiyan Ren
Contributed by Lam-Tung Nguyen, Dominik Schrempf, Chris Bielow,
Olga Chernomor, Michael Woodhams, Diep Thi Hoang, Heiko Schmidt

Host:    8084c4e79f09 (AVX512, FMA3, 1133 GB RAM)
Command: /workspace/iqtree-3.1.2-Linux/bin/iqtree3_intel -s /workspace/NeuralNJ/empirical/JarvD5a/intron_1473.fasta -st DNA -m GTR+G -T 8 -seed 2201 -pre /workspace/IQTree_8_cores_JarvD5a_Results/intron_1473 -quiet
Seed:    2201 (Using SPRNG - Scalable Parallel Random Number Generator)
Time:    Sat May 30 22:27:04 2026
Kernel:  AVX+FMA - 8 threads (384 CPU cores detected)

Reading alignment file /workspace/NeuralNJ/empirical/JarvD5a/intron_1473.fasta ... Fasta format detected
Reading fasta file: done in 0.00367904 secs using 66.7% CPU
Alignment most likely contains DNA/RNA sequences
Constructing alignment: done in 0.0153811 secs using 553.1% CPU
Alignment has 48 sequences with 7037 columns, 6351 distinct patterns
4373 parsimony-informative, 1523 singleton sites, 1141 constant sites
       Gap/Ambiguity  Composition  p-value
Analyzing sequences: done in 0.000401974 secs using 656.8% CPU
   1  ACACH   22.95%    failed      2.92%
   2  ANAPL   17.85%    failed      0.13%
   3  APAVI   21.71%    passed     66.14%
   4  APTFO   12.11%    passed     80.86%
   5  BALRE   13.64%    passed     93.35%
   6  BUCRH   14.64%    failed      0.01%
   7  CALAN   28.45%    passed     50.90%
   8  CAPCA   14.24%    passed     25.81%
   9  CARCR   11.82%    passed     47.50%
  10  CATAU   11.14%    passed     74.59%
  11  CHAPE   24.77%    passed     99.31%
  12  CHAVO   12.24%    passed     96.34%
  13  CHLUN   12.66%    passed     91.62%
  14  COLLI   20.02%    passed     15.04%
  15  COLST   24.93%    passed     71.72%
  16  CORBR   43.60%    passed      8.55%
  17  CUCCA   13.29%    passed     95.69%
  18  EGRGA   11.95%    passed     99.68%
  19  EURHE   12.95%    failed      4.03%
  20  FALPE   12.95%    passed     54.06%
  21  FULGL   12.06%    passed     75.28%
  22  GALGA   14.22%    failed      0.69%
  23  GAVST   11.74%    passed     89.87%
  24  GEOFO   34.19%    passed     44.53%
  25  HALAL   11.71%    passed     89.26%
  26  HALLE   11.71%    passed     89.02%
  27  LEPDI   12.82%    passed     93.36%
  28  MANVI   16.67%    failed      4.18%
  29  MELGA   21.47%    failed      0.86%
  30  MELUN   16.11%    passed     33.03%
  31  MERNU   13.68%    passed     64.07%
  32  MESUN   16.65%    passed     45.49%
  33  NESNO   24.31%    passed     19.68%
  34  NIPNI   11.38%    passed     96.02%
  35  OPHHO   12.15%    passed     46.56%
  36  PELCR   11.64%    passed     94.08%
  37  PHACA   12.05%    passed     48.97%
  38  PHALE   12.19%    passed     84.92%
  39  PHORU   12.16%    passed     96.96%
  40  PICPU   15.63%    failed      1.76%
  41  PODCR   14.65%    passed     63.62%
  42  PTEGU   12.41%    passed     93.44%
  43  PYGAD   11.97%    passed     97.99%
  44  STRCA   13.53%    passed     11.60%
  45  TAEGU   34.19%    passed     25.12%
  46  TAUER   13.03%    passed     91.93%
  47  TINMA   27.80%    passed     40.39%
  48  TYTAL   12.46%    passed     34.61%
****  TOTAL   16.72%  8 sequences failed composition chi2 test (p-value<5%; df=3)
Checking for duplicate sequences: done in 0.00101399 secs using 540.2% CPU

Create initial parsimony tree by phylogenetic likelihood library (PLL)... 0.039 seconds

NOTE: 39 MB RAM (0 GB) is required!
Estimate model parameters (epsilon = 0.100)
1. Initial log-likelihood: -107867.360
2. Current log-likelihood: -102024.243
3. Current log-likelihood: -101946.271
Optimal log-likelihood: -101946.254
Rate parameters:  A-C: 1.05631  A-G: 3.89290  A-T: 0.62263  C-G: 1.41280  C-T: 3.42632  G-T: 1.00000
Base frequencies:  A: 0.275  C: 0.191  G: 0.214  T: 0.319
Gamma shape alpha: 3.593
Parameters optimization took 3 rounds (0.663 sec)
Wrote distance file to... 
Computing ML distances based on estimated model parameters...
Calculating distance matrix: done in 0.00304389 secs using 800.7% CPU
Computing ML distances took 0.003647 sec (of wall-clock time) 0.029016 sec (of CPU time)
Setting up auxiliary I and S matrices: done in 0.000154018 secs using 877.2% CPU
Constructing RapidNJ tree: done in 0.016788 secs using 558.3% CPU
Computing RapidNJ tree took 0.017059 sec (of wall-clock time) 0.097128 sec (of CPU time)
Log-likelihood of RapidNJ tree: -102407.696
--------------------------------------------------------------------
|             INITIALIZING CANDIDATE TREE SET                      |
--------------------------------------------------------------------
Generating 98 parsimony trees... 2.577 second
Computing log-likelihood of 98 initial trees ... 3.033 seconds
Current best score: -101885.574

Do NNI search on 20 best initial trees
Estimate model parameters (epsilon = 0.100)
BETTER TREE FOUND at iteration 1: -101794.152
Iteration 10 / LogL: -101831.094 / Time: 0h:0m:11s
Iteration 20 / LogL: -101843.253 / Time: 0h:0m:15s
Finish initializing candidate tree set (20)
Current best tree score: -101794.152 / CPU time: 14.828
Number of iterations: 20
--------------------------------------------------------------------
|               OPTIMIZING CANDIDATE TREE SET                      |
--------------------------------------------------------------------
Estimate model parameters (epsilon = 0.100)
BETTER TREE FOUND at iteration 26: -101792.673
Iteration 30 / LogL: -101812.779 / Time: 0h:0m:20s (0h:1m:9s left)
Estimate model parameters (epsilon = 0.100)
BETTER TREE FOUND at iteration 35: -101792.078
Estimate model parameters (epsilon = 0.100)
BETTER TREE FOUND at iteration 37: -101791.692
Iteration 40 / LogL: -101848.704 / Time: 0h:0m:26s (0h:1m:4s left)
Iteration 50 / LogL: -101792.551 / Time: 0h:0m:30s (0h:0m:53s left)
Estimate model parameters (epsilon = 0.100)
BETTER TREE FOUND at iteration 52: -101791.018
Iteration 60 / LogL: -101798.301 / Time: 0h:0m:34s (0h:0m:53s left)
Estimate model parameters (epsilon = 0.100)
BETTER TREE FOUND at iteration 63: -101790.298
Iteration 70 / LogL: -101792.074 / Time: 0h:0m:37s (0h:0m:51s left)
Estimate model parameters (epsilon = 0.100)
BETTER TREE FOUND at iteration 75: -101789.212
Iteration 80 / LogL: -101791.050 / Time: 0h:0m:42s (0h:0m:50s left)
Iteration 90 / LogL: -101791.011 / Time: 0h:0m:46s (0h:0m:44s left)
Iteration 100 / LogL: -101789.227 / Time: 0h:0m:49s (0h:0m:37s left)
Iteration 110 / LogL: -101820.178 / Time: 0h:0m:54s (0h:0m:32s left)
Iteration 120 / LogL: -101834.509 / Time: 0h:0m:58s (0h:0m:27s left)
Estimate model parameters (epsilon = 0.100)
BETTER TREE FOUND at iteration 126: -101787.740
Iteration 130 / LogL: -101789.217 / Time: 0h:1m:3s (0h:0m:47s left)
Iteration 140 / LogL: -101796.892 / Time: 0h:1m:7s (0h:0m:41s left)
Iteration 150 / LogL: -101788.031 / Time: 0h:1m:12s (0h:0m:36s left)
Estimate model parameters (epsilon = 0.100)
BETTER TREE FOUND at iteration 157: -101787.155
Iteration 160 / LogL: -101794.253 / Time: 0h:1m:16s (0h:0m:46s left)
Estimate model parameters (epsilon = 0.100)
BETTER TREE FOUND at iteration 168: -101786.805
Iteration 170 / LogL: -101797.581 / Time: 0h:1m:21s (0h:0m:46s left)
Iteration 180 / LogL: -101787.245 / Time: 0h:1m:24s (0h:0m:41s left)
Iteration 190 / LogL: -101790.365 / Time: 0h:1m:28s (0h:0m:36s left)
Iteration 200 / LogL: -101787.204 / Time: 0h:1m:32s (0h:0m:31s left)
Iteration 210 / LogL: -101787.861 / Time: 0h:1m:36s (0h:0m:26s left)
Iteration 220 / LogL: -101788.967 / Time: 0h:1m:40s (0h:0m:22s left)
Iteration 230 / LogL: -101786.818 / Time: 0h:1m:44s (0h:0m:17s left)
Iteration 240 / LogL: -101790.381 / Time: 0h:1m:48s (0h:0m:12s left)
Iteration 250 / LogL: -101786.834 / Time: 0h:1m:52s (0h:0m:8s left)
Iteration 260 / LogL: -101792.200 / Time: 0h:1m:56s (0h:0m:3s left)
TREE SEARCH COMPLETED AFTER 269 ITERATIONS / Time: 0h:2m:0s

--------------------------------------------------------------------
|                    FINALIZING TREE SEARCH                        |
--------------------------------------------------------------------
Performs final model parameters optimization
Estimate model parameters (epsilon = 0.010)
1. Initial log-likelihood: -101786.805
2. Current log-likelihood: -101786.791
Optimal log-likelihood: -101786.788
Rate parameters:  A-C: 1.05759  A-G: 3.91950  A-T: 0.62401  C-G: 1.41502  C-T: 3.43588  G-T: 1.00000
Base frequencies:  A: 0.275  C: 0.191  G: 0.214  T: 0.319
Gamma shape alpha: 3.635
Parameters optimization took 2 rounds (0.124 sec)
BEST SCORE FOUND : -101786.788
Total tree length: 3.940

Total number of iterations: 269
CPU time used for tree search: 875.643 sec (0h:14m:35s)
Wall-clock time used for tree search: 119.334 sec (0h:1m:59s)
Total CPU time used: 883.017 sec (0h:14m:43s)
Total wall-clock time used: 120.344 sec (0h:2m:0s)

Analysis results written to: 
  IQ-TREE report:                /workspace/IQTree_8_cores_JarvD5a_Results/intron_1473.iqtree
  Maximum-likelihood tree:       /workspace/IQTree_8_cores_JarvD5a_Results/intron_1473.treefile
  Likelihood distances:          /workspace/IQTree_8_cores_JarvD5a_Results/intron_1473.mldist
  Screen log file:               /workspace/IQTree_8_cores_JarvD5a_Results/intron_1473.log

Date and Time: Sat May 30 22:29:04 2026
