IQ-TREE version 3.1.2 for Linux x86 64-bit built May  7 2026
Developed by Bui Quang Minh, Thomas Wong, Nhan Ly-Trong, Huaiyan Ren
Contributed by Lam-Tung Nguyen, Dominik Schrempf, Chris Bielow,
Olga Chernomor, Michael Woodhams, Diep Thi Hoang, Heiko Schmidt

Host:    8084c4e79f09 (AVX512, FMA3, 1133 GB RAM)
Command: /workspace/iqtree-3.1.2-Linux/bin/iqtree3_intel -s /workspace/NeuralNJ/empirical/JarvD5a/intron_3045.fasta -st DNA -m GTR+G -T 8 -seed 2201 -pre /workspace/IQTree_8_cores_JarvD5a_Results/intron_3045 -quiet
Seed:    2201 (Using SPRNG - Scalable Parallel Random Number Generator)
Time:    Sun May 31 06:39:26 2026
Kernel:  AVX+FMA - 8 threads (384 CPU cores detected)

Reading alignment file /workspace/NeuralNJ/empirical/JarvD5a/intron_3045.fasta ... Fasta format detected
Reading fasta file: done in 0.00596404 secs using 72.15% CPU
Alignment most likely contains DNA/RNA sequences
Constructing alignment: done in 0.0248709 secs using 740.7% CPU
Alignment has 47 sequences with 12735 columns, 11417 distinct patterns
8159 parsimony-informative, 2545 singleton sites, 2031 constant sites
       Gap/Ambiguity  Composition  p-value
Analyzing sequences: done in 0.000540018 secs using 620.9% CPU
   1  ANAPL   19.53%    failed      0.00%
   2  APAVI   17.09%    failed      1.08%
   3  APTFO   13.99%    failed      0.01%
   4  BALRE   17.40%    failed      0.29%
   5  BUCRH   66.20%    failed      0.00%
   6  CALAN   24.00%    failed      0.00%
   7  CAPCA   41.37%    failed      4.52%
   8  CARCR   14.42%    failed      1.12%
   9  CATAU   13.95%    failed      0.47%
  10  CHAPE   20.90%    passed     55.33%
  11  CHAVO   13.07%    passed     10.20%
  12  CHLUN   21.19%    passed     82.34%
  13  COLLI   23.03%    passed     21.32%
  14  COLST   25.83%    failed      0.00%
  15  CORBR   43.72%    failed      0.00%
  16  CUCCA   18.74%    passed     97.47%
  17  EGRGA   18.74%    passed     99.57%
  18  EURHE   16.76%    failed      0.01%
  19  FALPE   15.01%    failed      0.08%
  20  FULGL   14.61%    failed      0.01%
  21  GALGA   24.50%    passed     40.74%
  22  GAVST   15.65%    failed      4.84%
  23  GEOFO   59.79%    failed      0.00%
  24  HALAL   13.95%    failed      0.23%
  25  HALLE   13.95%    failed      0.17%
  26  LEPDI   16.28%    failed      0.00%
  27  MANVI   34.94%    passed     23.53%
  28  MELGA   26.37%    failed      2.97%
  29  MELUN   44.20%    failed      3.63%
  30  MERNU   21.19%    failed      0.00%
  31  MESUN   21.95%    passed     68.75%
  32  NESNO   21.26%    failed      1.52%
  33  NIPNI   15.26%    passed     57.94%
  34  OPHHO   30.99%    failed      0.93%
  35  PELCR   15.16%    passed     30.32%
  36  PHACA   15.66%    passed      6.82%
  37  PHALE   15.13%    failed      0.02%
  38  PHORU   13.48%    failed      0.69%
  39  PICPU   21.03%    passed     46.84%
  40  PODCR   15.11%    passed     78.46%
  41  PTEGU   50.88%    passed     12.94%
  42  PYGAD   14.20%    failed      0.10%
  43  STRCA   15.55%    failed      0.04%
  44  TAEGU   60.29%    failed      0.03%
  45  TAUER   15.16%    passed     99.07%
  46  TINMA   32.95%    passed     61.67%
  47  TYTAL   15.22%    failed      1.53%
WARNING: 4 sequences contain more than 50% gaps/ambiguity
****  TOTAL   23.82%  30 sequences failed composition chi2 test (p-value<5%; df=3)
Checking for duplicate sequences: done in 0.00159097 secs using 701.3% CPU

Create initial parsimony tree by phylogenetic likelihood library (PLL)... 0.040 seconds

NOTE: 69 MB RAM (0 GB) is required!
Estimate model parameters (epsilon = 0.100)
1. Initial log-likelihood: -207891.932
2. Current log-likelihood: -194092.675
3. Current log-likelihood: -193829.726
4. Current log-likelihood: -193829.019
Optimal log-likelihood: -193829.011
Rate parameters:  A-C: 1.19253  A-G: 4.07368  A-T: 0.47635  C-G: 1.64034  C-T: 3.43708  G-T: 1.00000
Base frequencies:  A: 0.282  C: 0.175  G: 0.211  T: 0.332
Gamma shape alpha: 2.314
Parameters optimization took 4 rounds (0.636 sec)
Wrote distance file to... 
Computing ML distances based on estimated model parameters...
Calculating distance matrix: done in 0.0042758 secs using 799.3% CPU
Computing ML distances took 0.005173 sec (of wall-clock time) 0.041221 sec (of CPU time)
Setting up auxiliary I and S matrices: done in 8.70228e-05 secs using 1158% CPU
Constructing RapidNJ tree: done in 0.00253105 secs using 846.2% CPU
Computing RapidNJ tree took 0.002678 sec (of wall-clock time) 0.023578 sec (of CPU time)
Log-likelihood of RapidNJ tree: -194800.406
--------------------------------------------------------------------
|             INITIALIZING CANDIDATE TREE SET                      |
--------------------------------------------------------------------
Generating 98 parsimony trees... 3.789 second
Computing log-likelihood of 98 initial trees ... 3.132 seconds
Current best score: -193829.011

Do NNI search on 20 best initial trees
Estimate model parameters (epsilon = 0.100)
BETTER TREE FOUND at iteration 1: -193721.505
Estimate model parameters (epsilon = 0.100)
BETTER TREE FOUND at iteration 2: -193703.786
Estimate model parameters (epsilon = 0.100)
BETTER TREE FOUND at iteration 7: -193698.703
Iteration 10 / LogL: -193711.637 / Time: 0h:0m:14s
Iteration 20 / LogL: -193698.904 / Time: 0h:0m:20s
Finish initializing candidate tree set (18)
Current best tree score: -193698.703 / CPU time: 19.149
Number of iterations: 20
--------------------------------------------------------------------
|               OPTIMIZING CANDIDATE TREE SET                      |
--------------------------------------------------------------------
Estimate model parameters (epsilon = 0.100)
BETTER TREE FOUND at iteration 21: -193695.406
Estimate model parameters (epsilon = 0.100)
BETTER TREE FOUND at iteration 24: -193694.916
Iteration 30 / LogL: -193696.416 / Time: 0h:0m:25s (0h:1m:23s left)
Estimate model parameters (epsilon = 0.100)
BETTER TREE FOUND at iteration 37: -193694.451
Iteration 40 / LogL: -193697.460 / Time: 0h:0m:31s (0h:1m:18s left)
Iteration 50 / LogL: -193697.741 / Time: 0h:0m:37s (0h:1m:6s left)
Estimate model parameters (epsilon = 0.100)
BETTER TREE FOUND at iteration 51: -193692.173
Iteration 60 / LogL: -193703.638 / Time: 0h:0m:43s (0h:1m:6s left)
Estimate model parameters (epsilon = 0.100)
BETTER TREE FOUND at iteration 65: -193691.682
Iteration 70 / LogL: -193714.290 / Time: 0h:0m:48s (0h:1m:7s left)
Iteration 80 / LogL: -193698.014 / Time: 0h:0m:54s (0h:0m:58s left)
Iteration 90 / LogL: -193691.697 / Time: 0h:0m:59s (0h:0m:50s left)
Estimate model parameters (epsilon = 0.100)
BETTER TREE FOUND at iteration 100: -193691.482
Iteration 100 / LogL: -193691.482 / Time: 0h:1m:5s (0h:1m:6s left)
Estimate model parameters (epsilon = 0.100)
BETTER TREE FOUND at iteration 109: -193691.099
Iteration 110 / LogL: -193692.862 / Time: 0h:1m:11s (0h:1m:4s left)
Iteration 120 / LogL: -193691.808 / Time: 0h:1m:17s (0h:0m:57s left)
Iteration 130 / LogL: -193695.908 / Time: 0h:1m:23s (0h:0m:51s left)
Iteration 140 / LogL: -193692.136 / Time: 0h:1m:29s (0h:0m:44s left)
Iteration 150 / LogL: -193691.146 / Time: 0h:1m:34s (0h:0m:37s left)
Iteration 160 / LogL: -193691.685 / Time: 0h:1m:40s (0h:0m:30s left)
Iteration 170 / LogL: -193691.786 / Time: 0h:1m:45s (0h:0m:24s left)
Iteration 180 / LogL: -193691.114 / Time: 0h:1m:51s (0h:0m:18s left)
Iteration 190 / LogL: -193707.695 / Time: 0h:1m:57s (0h:0m:11s left)
Iteration 200 / LogL: -193692.772 / Time: 0h:2m:3s (0h:0m:5s left)
Iteration 210 / LogL: -193692.863 / Time: 0h:2m:8s (0h:0m:-1s left)
TREE SEARCH COMPLETED AFTER 210 ITERATIONS / Time: 0h:2m:8s

--------------------------------------------------------------------
|                    FINALIZING TREE SEARCH                        |
--------------------------------------------------------------------
Performs final model parameters optimization
Estimate model parameters (epsilon = 0.010)
1. Initial log-likelihood: -193691.099
Optimal log-likelihood: -193691.098
Rate parameters:  A-C: 1.19315  A-G: 4.07195  A-T: 0.47865  C-G: 1.64285  C-T: 3.44054  G-T: 1.00000
Base frequencies:  A: 0.282  C: 0.175  G: 0.211  T: 0.332
Gamma shape alpha: 2.340
Parameters optimization took 1 rounds (0.085 sec)
BEST SCORE FOUND : -193691.098
Total tree length: 5.345

Total number of iterations: 210
CPU time used for tree search: 995.453 sec (0h:16m:35s)
Wall-clock time used for tree search: 127.881 sec (0h:2m:7s)
Total CPU time used: 1002.942 sec (0h:16m:42s)
Total wall-clock time used: 128.834 sec (0h:2m:8s)

Analysis results written to: 
  IQ-TREE report:                /workspace/IQTree_8_cores_JarvD5a_Results/intron_3045.iqtree
  Maximum-likelihood tree:       /workspace/IQTree_8_cores_JarvD5a_Results/intron_3045.treefile
  Likelihood distances:          /workspace/IQTree_8_cores_JarvD5a_Results/intron_3045.mldist
  Screen log file:               /workspace/IQTree_8_cores_JarvD5a_Results/intron_3045.log

Date and Time: Sun May 31 06:41:35 2026
