IQ-TREE version 3.1.2 for Linux x86 64-bit built May  7 2026
Developed by Bui Quang Minh, Thomas Wong, Nhan Ly-Trong, Huaiyan Ren
Contributed by Lam-Tung Nguyen, Dominik Schrempf, Chris Bielow,
Olga Chernomor, Michael Woodhams, Diep Thi Hoang, Heiko Schmidt

Host:    8084c4e79f09 (AVX512, FMA3, 1133 GB RAM)
Command: /workspace/iqtree-3.1.2-Linux/bin/iqtree3_intel -s /workspace/NeuralNJ/empirical/JarvD5a/intron_6065.fasta -st DNA -m GTR+G -T 8 -seed 2201 -pre /workspace/IQTree_8_cores_JarvD5a_Results/intron_6065 -quiet
Seed:    2201 (Using SPRNG - Scalable Parallel Random Number Generator)
Time:    Sun May 31 15:43:09 2026
Kernel:  AVX+FMA - 8 threads (384 CPU cores detected)

Reading alignment file /workspace/NeuralNJ/empirical/JarvD5a/intron_6065.fasta ... Fasta format detected
Reading fasta file: done in 0.00577497 secs using 99.86% CPU
Alignment most likely contains DNA/RNA sequences
Constructing alignment: done in 0.022193 secs using 664.4% CPU
Alignment has 48 sequences with 12154 columns, 10574 distinct patterns
7229 parsimony-informative, 2758 singleton sites, 2167 constant sites
       Gap/Ambiguity  Composition  p-value
Analyzing sequences: done in 0.000324011 secs using 555.2% CPU
   1  ACACH   16.30%    passed     73.40%
   2  ANAPL   18.22%    failed      3.21%
   3  APAVI   15.81%    passed     38.11%
   4  APTFO   13.75%    passed     81.92%
   5  BALRE   14.60%    passed     93.37%
   6  BUCRH   15.98%    passed     69.62%
   7  CALAN   17.53%    failed      1.13%
   8  CAPCA   37.86%    passed     14.16%
   9  CARCR   14.53%    passed     49.30%
  10  CATAU   39.68%    passed     59.14%
  11  CHAPE   32.59%    passed     24.78%
  12  CHAVO   24.54%    passed     39.20%
  13  CHLUN   39.15%    failed      4.87%
  14  COLLI   15.53%    passed     14.97%
  15  COLST   16.83%    passed     58.83%
  16  CORBR   22.93%    passed     59.51%
  17  CUCCA   15.81%    passed     24.26%
  18  EGRGA   16.11%    passed     93.32%
  19  EURHE   27.79%    failed      0.00%
  20  FALPE   15.49%    passed     39.67%
  21  FULGL   18.36%    passed     97.55%
  22  GALGA   16.64%    failed      0.07%
  23  GAVST   14.00%    passed     52.08%
  24  GEOFO   17.01%    passed     40.45%
  25  HALAL   14.25%    passed     95.00%
  26  HALLE   14.23%    passed     95.26%
  27  LEPDI   14.64%    passed     96.80%
  28  MANVI   16.47%    passed     82.81%
  29  MELGA   16.65%    failed      0.00%
  30  MELUN   47.17%    passed     65.18%
  31  MERNU   55.87%    failed      0.00%
  32  MESUN   59.37%    passed      6.47%
  33  NESNO   24.81%    passed     48.83%
  34  NIPNI   16.11%    failed      0.01%
  35  OPHHO   27.16%    passed     36.04%
  36  PELCR   14.76%    passed     88.22%
  37  PHACA   14.93%    passed     94.36%
  38  PHALE   14.36%    passed     97.04%
  39  PHORU   14.74%    passed     83.07%
  40  PICPU   23.09%    passed     83.96%
  41  PODCR   14.98%    passed     30.94%
  42  PTEGU   16.88%    passed     91.79%
  43  PYGAD   13.78%    passed     92.12%
  44  STRCA   12.72%    passed     68.83%
  45  TAEGU   17.70%    passed      6.22%
  46  TAUER   16.46%    failed      0.01%
  47  TINMA   32.06%    passed     16.08%
  48  TYTAL   15.00%    passed     83.64%
WARNING: 2 sequences contain more than 50% gaps/ambiguity
****  TOTAL   21.36%  9 sequences failed composition chi2 test (p-value<5%; df=3)
Checking for duplicate sequences: done in 0.0012629 secs using 693.9% CPU

Create initial parsimony tree by phylogenetic likelihood library (PLL)... 0.037 seconds

NOTE: 65 MB RAM (0 GB) is required!
Estimate model parameters (epsilon = 0.100)
1. Initial log-likelihood: -180240.126
2. Current log-likelihood: -168816.984
3. Current log-likelihood: -168713.540
Optimal log-likelihood: -168713.436
Rate parameters:  A-C: 0.99287  A-G: 4.31686  A-T: 0.67360  C-G: 1.32075  C-T: 3.94747  G-T: 1.00000
Base frequencies:  A: 0.281  C: 0.214  G: 0.215  T: 0.290
Gamma shape alpha: 2.910
Parameters optimization took 3 rounds (0.719 sec)
Wrote distance file to... 
Computing ML distances based on estimated model parameters...
Calculating distance matrix: done in 0.00412703 secs using 805.9% CPU
Computing ML distances took 0.004797 sec (of wall-clock time) 0.038292 sec (of CPU time)
Setting up auxiliary I and S matrices: done in 9.01222e-05 secs using 1145% CPU
Constructing RapidNJ tree: done in 0.00290298 secs using 802.5% CPU
Computing RapidNJ tree took 0.003053 sec (of wall-clock time) 0.026655 sec (of CPU time)
Log-likelihood of RapidNJ tree: -169082.990
--------------------------------------------------------------------
|             INITIALIZING CANDIDATE TREE SET                      |
--------------------------------------------------------------------
Generating 98 parsimony trees... 3.795 second
Computing log-likelihood of 98 initial trees ... 3.025 seconds
Current best score: -168713.436

Do NNI search on 20 best initial trees
Estimate model parameters (epsilon = 0.100)
BETTER TREE FOUND at iteration 1: -168612.228
Estimate model parameters (epsilon = 0.100)
BETTER TREE FOUND at iteration 2: -168604.570
Estimate model parameters (epsilon = 0.100)
BETTER TREE FOUND at iteration 3: -168601.312
Estimate model parameters (epsilon = 0.100)
BETTER TREE FOUND at iteration 5: -168590.320
Estimate model parameters (epsilon = 0.100)
BETTER TREE FOUND at iteration 8: -168583.676
Iteration 10 / LogL: -168623.342 / Time: 0h:0m:13s
Estimate model parameters (epsilon = 0.100)
BETTER TREE FOUND at iteration 15: -168566.739
Iteration 20 / LogL: -168593.151 / Time: 0h:0m:20s
Finish initializing candidate tree set (20)
Current best tree score: -168566.739 / CPU time: 19.126
Number of iterations: 20
--------------------------------------------------------------------
|               OPTIMIZING CANDIDATE TREE SET                      |
--------------------------------------------------------------------
Estimate model parameters (epsilon = 0.100)
BETTER TREE FOUND at iteration 22: -168562.325
Estimate model parameters (epsilon = 0.100)
BETTER TREE FOUND at iteration 27: -168561.465
Iteration 30 / LogL: -168564.399 / Time: 0h:0m:25s (0h:1m:26s left)
Estimate model parameters (epsilon = 0.100)
BETTER TREE FOUND at iteration 35: -168561.287
Iteration 40 / LogL: -168561.432 / Time: 0h:0m:31s (0h:1m:16s left)
Estimate model parameters (epsilon = 0.100)
BETTER TREE FOUND at iteration 44: -168559.288
Iteration 50 / LogL: -168561.563 / Time: 0h:0m:36s (0h:1m:9s left)
Iteration 60 / LogL: -168567.301 / Time: 0h:0m:42s (0h:1m:0s left)
Iteration 70 / LogL: -168559.481 / Time: 0h:0m:47s (0h:0m:51s left)
Iteration 80 / LogL: -168559.905 / Time: 0h:0m:53s (0h:0m:43s left)
Iteration 90 / LogL: -168560.364 / Time: 0h:0m:59s (0h:0m:35s left)
Iteration 100 / LogL: -168562.198 / Time: 0h:1m:3s (0h:0m:28s left)
UPDATE BEST LOG-LIKELIHOOD: -168559.286
Iteration 110 / LogL: -168561.562 / Time: 0h:1m:9s (0h:0m:21s left)
Iteration 120 / LogL: -168570.480 / Time: 0h:1m:14s (0h:0m:14s left)
Iteration 130 / LogL: -168562.246 / Time: 0h:1m:19s (0h:0m:8s left)
Iteration 140 / LogL: -168559.457 / Time: 0h:1m:24s (0h:0m:2s left)
TREE SEARCH COMPLETED AFTER 145 ITERATIONS / Time: 0h:1m:26s

--------------------------------------------------------------------
|                    FINALIZING TREE SEARCH                        |
--------------------------------------------------------------------
Performs final model parameters optimization
Estimate model parameters (epsilon = 0.010)
1. Initial log-likelihood: -168559.286
Optimal log-likelihood: -168559.282
Rate parameters:  A-C: 0.99036  A-G: 4.31485  A-T: 0.66840  C-G: 1.31684  C-T: 3.95363  G-T: 1.00000
Base frequencies:  A: 0.281  C: 0.214  G: 0.215  T: 0.290
Gamma shape alpha: 2.902
Parameters optimization took 1 rounds (0.098 sec)
BEST SCORE FOUND : -168559.282
Total tree length: 4.125

Total number of iterations: 145
CPU time used for tree search: 666.463 sec (0h:11m:6s)
Wall-clock time used for tree search: 85.802 sec (0h:1m:25s)
Total CPU time used: 674.235 sec (0h:11m:14s)
Total wall-clock time used: 86.799 sec (0h:1m:26s)

Analysis results written to: 
  IQ-TREE report:                /workspace/IQTree_8_cores_JarvD5a_Results/intron_6065.iqtree
  Maximum-likelihood tree:       /workspace/IQTree_8_cores_JarvD5a_Results/intron_6065.treefile
  Likelihood distances:          /workspace/IQTree_8_cores_JarvD5a_Results/intron_6065.mldist
  Screen log file:               /workspace/IQTree_8_cores_JarvD5a_Results/intron_6065.log

Date and Time: Sun May 31 15:44:36 2026
