IQ-TREE version 3.1.2 for Linux x86 64-bit built May  7 2026
Developed by Bui Quang Minh, Thomas Wong, Nhan Ly-Trong, Huaiyan Ren
Contributed by Lam-Tung Nguyen, Dominik Schrempf, Chris Bielow,
Olga Chernomor, Michael Woodhams, Diep Thi Hoang, Heiko Schmidt

Host:    8084c4e79f09 (AVX512, FMA3, 1133 GB RAM)
Command: /workspace/iqtree-3.1.2-Linux/bin/iqtree3_intel -s /workspace/NeuralNJ/empirical/JarvD5a/intron_10266.fasta -st DNA -m GTR+G -T 8 -seed 2201 -pre /workspace/IQTree_8_cores_JarvD5a_Results/intron_10266 -quiet
Seed:    2201 (Using SPRNG - Scalable Parallel Random Number Generator)
Time:    Sat May 30 04:56:28 2026
Kernel:  AVX+FMA - 8 threads (384 CPU cores detected)

Reading alignment file /workspace/NeuralNJ/empirical/JarvD5a/intron_10266.fasta ... Fasta format detected
Reading fasta file: done in 0.00660396 secs using 92.46% CPU
Alignment most likely contains DNA/RNA sequences
Constructing alignment: done in 0.0241539 secs using 663.3% CPU
Alignment has 44 sequences with 14159 columns, 11071 distinct patterns
7663 parsimony-informative, 3167 singleton sites, 3329 constant sites
       Gap/Ambiguity  Composition  p-value
Analyzing sequences: done in 0.000297785 secs using 582.3% CPU
   1  ACACH   27.01%    passed     47.50%
   2  ANAPL   22.15%    passed     46.67%
   3  APAVI   20.19%    passed     54.46%
   4  APTFO   31.01%    passed     64.91%
   5  BALRE   19.21%    passed     49.36%
   6  BUCRH   20.45%    passed     86.74%
   7  CALAN   23.41%    passed     31.11%
   8  CAPCA   18.86%    passed     87.00%
   9  CARCR   19.72%    passed     71.89%
  10  CATAU   17.37%    passed     17.47%
  11  CHAVO   18.72%    passed     41.06%
  12  CHLUN   18.41%    passed     38.04%
  13  COLLI   25.71%    passed     12.61%
  14  COLST   27.06%    failed      0.00%
  15  CORBR   19.22%    passed     10.31%
  16  CUCCA   19.65%    passed     67.03%
  17  EGRGA   18.34%    passed     91.27%
  18  EURHE   20.52%    failed      0.00%
  19  FALPE   19.71%    passed     84.69%
  20  FULGL   87.29%    failed      0.00%
  21  GALGA   22.43%    passed     17.96%
  22  GAVST   20.37%    passed     20.07%
  23  GEOFO   25.55%    passed     61.11%
  24  HALAL   15.56%    passed     49.88%
  25  HALLE   15.91%    passed     45.97%
  26  LEPDI   18.71%    passed     20.13%
  27  MANVI   20.55%    failed      3.98%
  28  MELGA   23.20%    passed     78.74%
  29  MELUN   20.03%    passed     87.34%
  30  MERNU   21.13%    failed      1.50%
  31  MESUN   20.83%    failed      0.01%
  32  NESNO   20.41%    passed     78.63%
  33  NIPNI   18.88%    passed     81.25%
  34  OPHHO   18.51%    passed     74.10%
  35  PELCR   17.73%    passed     95.34%
  36  PHALE   18.37%    passed     47.44%
  37  PHORU   17.46%    passed     53.64%
  38  PICPU   21.68%    passed     93.43%
  39  PTEGU   20.57%    passed     33.88%
  40  PYGAD   17.71%    passed     93.74%
  41  STRCA   18.72%    passed     18.36%
  42  TAUER   19.10%    passed     62.57%
  43  TINMA   31.27%    passed      9.60%
  44  TYTAL   19.04%    passed     99.01%
WARNING: 1 sequences contain more than 50% gaps/ambiguity
****  TOTAL   22.22%  6 sequences failed composition chi2 test (p-value<5%; df=3)
Checking for duplicate sequences: done in 0.00120902 secs using 795.9% CPU

Create initial parsimony tree by phylogenetic likelihood library (PLL)... 0.056 seconds

NOTE: 63 MB RAM (0 GB) is required!
Estimate model parameters (epsilon = 0.100)
1. Initial log-likelihood: -193660.189
2. Current log-likelihood: -182953.525
3. Current log-likelihood: -182782.213
4. Current log-likelihood: -182781.444
Optimal log-likelihood: -182781.424
Rate parameters:  A-C: 1.13880  A-G: 4.40039  A-T: 0.59617  C-G: 1.56628  C-T: 3.35188  G-T: 1.00000
Base frequencies:  A: 0.280  C: 0.183  G: 0.197  T: 0.340
Gamma shape alpha: 2.097
Parameters optimization took 4 rounds (0.744 sec)
Wrote distance file to... 
Computing ML distances based on estimated model parameters...
Calculating distance matrix: done in 0.0040009 secs using 736% CPU
Computing ML distances took 0.004755 sec (of wall-clock time) 0.035105 sec (of CPU time)
Setting up auxiliary I and S matrices: done in 9.20296e-05 secs using 1174% CPU
Constructing RapidNJ tree: done in 0.00277805 secs using 866.5% CPU
Computing RapidNJ tree took 0.002932 sec (of wall-clock time) 0.026606 sec (of CPU time)
Log-likelihood of RapidNJ tree: -183223.689
--------------------------------------------------------------------
|             INITIALIZING CANDIDATE TREE SET                      |
--------------------------------------------------------------------
Generating 98 parsimony trees... 3.769 second
Computing log-likelihood of 98 initial trees ... 2.811 seconds
Current best score: -182781.424

Do NNI search on 20 best initial trees
Estimate model parameters (epsilon = 0.100)
BETTER TREE FOUND at iteration 1: -182730.970
Estimate model parameters (epsilon = 0.100)
BETTER TREE FOUND at iteration 2: -182684.197
Estimate model parameters (epsilon = 0.100)
BETTER TREE FOUND at iteration 3: -182681.298
Estimate model parameters (epsilon = 0.100)
BETTER TREE FOUND at iteration 5: -182670.295
Iteration 10 / LogL: -182684.907 / Time: 0h:0m:12s
Iteration 20 / LogL: -182740.833 / Time: 0h:0m:16s
Finish initializing candidate tree set (20)
Current best tree score: -182670.295 / CPU time: 15.708
Number of iterations: 20
--------------------------------------------------------------------
|               OPTIMIZING CANDIDATE TREE SET                      |
--------------------------------------------------------------------
Estimate model parameters (epsilon = 0.100)
BETTER TREE FOUND at iteration 22: -182669.579
Estimate model parameters (epsilon = 0.100)
BETTER TREE FOUND at iteration 30: -182666.003
Iteration 30 / LogL: -182666.003 / Time: 0h:0m:21s (0h:1m:15s left)
Iteration 40 / LogL: -182939.201 / Time: 0h:0m:26s (0h:1m:1s left)
Iteration 50 / LogL: -182666.075 / Time: 0h:0m:31s (0h:0m:50s left)
Estimate model parameters (epsilon = 0.100)
BETTER TREE FOUND at iteration 52: -182661.855
Estimate model parameters (epsilon = 0.100)
BETTER TREE FOUND at iteration 55: -182661.837
Iteration 60 / LogL: -182662.641 / Time: 0h:0m:36s (0h:0m:58s left)
Iteration 70 / LogL: -182671.654 / Time: 0h:0m:40s (0h:0m:50s left)
Iteration 80 / LogL: -182661.977 / Time: 0h:0m:45s (0h:0m:43s left)
Iteration 90 / LogL: -182668.139 / Time: 0h:0m:50s (0h:0m:37s left)
Iteration 100 / LogL: -182662.665 / Time: 0h:0m:55s (0h:0m:30s left)
Iteration 110 / LogL: -182661.863 / Time: 0h:1m:0s (0h:0m:24s left)
Iteration 120 / LogL: -182668.008 / Time: 0h:1m:5s (0h:0m:19s left)
Iteration 130 / LogL: -182673.285 / Time: 0h:1m:10s (0h:0m:13s left)
Iteration 140 / LogL: -182662.643 / Time: 0h:1m:15s (0h:0m:8s left)
Iteration 150 / LogL: -182667.919 / Time: 0h:1m:20s (0h:0m:2s left)
TREE SEARCH COMPLETED AFTER 156 ITERATIONS / Time: 0h:1m:23s

--------------------------------------------------------------------
|                    FINALIZING TREE SEARCH                        |
--------------------------------------------------------------------
Performs final model parameters optimization
Estimate model parameters (epsilon = 0.010)
1. Initial log-likelihood: -182661.837
Optimal log-likelihood: -182661.837
Rate parameters:  A-C: 1.13664  A-G: 4.40321  A-T: 0.59534  C-G: 1.56162  C-T: 3.34965  G-T: 1.00000
Base frequencies:  A: 0.280  C: 0.183  G: 0.197  T: 0.340
Gamma shape alpha: 2.112
Parameters optimization took 1 rounds (0.072 sec)
BEST SCORE FOUND : -182661.837
Total tree length: 4.031

Total number of iterations: 156
CPU time used for tree search: 640.572 sec (0h:10m:40s)
Wall-clock time used for tree search: 82.689 sec (0h:1m:22s)
Total CPU time used: 649.497 sec (0h:10m:49s)
Total wall-clock time used: 83.826 sec (0h:1m:23s)

Analysis results written to: 
  IQ-TREE report:                /workspace/IQTree_8_cores_JarvD5a_Results/intron_10266.iqtree
  Maximum-likelihood tree:       /workspace/IQTree_8_cores_JarvD5a_Results/intron_10266.treefile
  Likelihood distances:          /workspace/IQTree_8_cores_JarvD5a_Results/intron_10266.mldist
  Screen log file:               /workspace/IQTree_8_cores_JarvD5a_Results/intron_10266.log

Date and Time: Sat May 30 04:57:51 2026
