IQ-TREE version 3.1.2 for Linux x86 64-bit built May  7 2026
Developed by Bui Quang Minh, Thomas Wong, Nhan Ly-Trong, Huaiyan Ren
Contributed by Lam-Tung Nguyen, Dominik Schrempf, Chris Bielow,
Olga Chernomor, Michael Woodhams, Diep Thi Hoang, Heiko Schmidt

Host:    8084c4e79f09 (AVX512, FMA3, 1133 GB RAM)
Command: /workspace/iqtree-3.1.2-Linux/bin/iqtree3_intel -s /workspace/NeuralNJ/empirical/JarvD5a/intron_4910.fasta -st DNA -m GTR+G -T 8 -seed 2201 -pre /workspace/IQTree_8_cores_JarvD5a_Results/intron_4910 -quiet
Seed:    2201 (Using SPRNG - Scalable Parallel Random Number Generator)
Time:    Sun May 31 13:29:34 2026
Kernel:  AVX+FMA - 8 threads (384 CPU cores detected)

Reading alignment file /workspace/NeuralNJ/empirical/JarvD5a/intron_4910.fasta ... Fasta format detected
Reading fasta file: done in 0.000907183 secs using 91.05% CPU
Alignment most likely contains DNA/RNA sequences
Constructing alignment: done in 0.00353718 secs using 621.2% CPU
Alignment has 39 sequences with 2202 columns, 1981 distinct patterns
1280 parsimony-informative, 512 singleton sites, 410 constant sites
       Gap/Ambiguity  Composition  p-value
Analyzing sequences: done in 9.17912e-05 secs using 446.7% CPU
   1  ACACH   21.75%    passed     23.73%
   2  ANAPL   27.07%    passed     12.38%
   3  APAVI   16.76%    passed     31.94%
   4  APTFO   13.71%    passed     71.18%
   5  BUCRH   17.67%    passed     43.08%
   6  CALAN   17.26%    passed     15.23%
   7  CAPCA   14.76%    passed     62.56%
   8  CARCR   14.12%    passed     78.20%
   9  CATAU   14.62%    passed     77.59%
  10  CHAPE   17.35%    passed     90.75%
  11  CHAVO   14.53%    passed     86.08%
  12  CHLUN   18.30%    passed     76.67%
  13  COLLI   16.58%    passed     14.57%
  14  COLST   20.44%    passed     99.70%
  15  CORBR   17.67%    passed     59.39%
  16  CUCCA   18.80%    passed     42.91%
  17  EGRGA   14.85%    passed     99.51%
  18  EURHE   16.08%    failed      0.00%
  19  FALPE   16.71%    passed     79.32%
  20  FULGL   14.21%    passed     95.68%
  21  GALGA   19.75%    passed     60.18%
  22  GAVST   14.49%    passed     79.91%
  23  GEOFO   16.62%    passed     52.17%
  24  HALAL   14.31%    passed     37.31%
  25  HALLE   14.31%    passed     40.23%
  26  LEPDI   15.71%    passed      5.78%
  27  MANVI   16.12%    passed     16.95%
  28  MELUN   15.76%    passed     22.45%
  29  MESUN   16.26%    passed     52.82%
  30  NIPNI   16.89%    passed     96.35%
  31  OPHHO   24.89%    passed     30.65%
  32  PHACA   15.03%    passed     86.74%
  33  PHALE   13.49%    passed     86.60%
  34  PHORU   14.94%    passed     96.57%
  35  PICPU   18.07%    passed     92.54%
  36  PTEGU   16.62%    passed     34.34%
  37  PYGAD   13.94%    passed     90.38%
  38  STRCA   17.76%    passed     90.60%
  39  TAUER   15.94%    passed     94.18%
****  TOTAL   16.77%  1 sequences failed composition chi2 test (p-value<5%; df=3)
Checking for duplicate sequences: done in 0.000222921 secs using 706.1% CPU

Create initial parsimony tree by phylogenetic likelihood library (PLL)... 0.004 seconds

NOTE: 10 MB RAM (0 GB) is required!
Estimate model parameters (epsilon = 0.100)
1. Initial log-likelihood: -32447.457
2. Current log-likelihood: -30679.869
3. Current log-likelihood: -30649.719
Optimal log-likelihood: -30649.692
Rate parameters:  A-C: 1.02969  A-G: 3.64241  A-T: 0.52211  C-G: 1.30121  C-T: 2.95091  G-T: 1.00000
Base frequencies:  A: 0.285  C: 0.167  G: 0.191  T: 0.357
Gamma shape alpha: 2.672
Parameters optimization took 3 rounds (0.141 sec)
Wrote distance file to... 
Computing ML distances based on estimated model parameters...
Calculating distance matrix: done in 0.000809908 secs using 820.6% CPU
Computing ML distances took 0.000974 sec (of wall-clock time) 0.007754 sec (of CPU time)
Setting up auxiliary I and S matrices: done in 9.799e-05 secs using 1115% CPU
Constructing RapidNJ tree: done in 0.00206494 secs using 578.9% CPU
Computing RapidNJ tree took 0.002195 sec (of wall-clock time) 0.019172 sec (of CPU time)
Log-likelihood of RapidNJ tree: -30795.381
--------------------------------------------------------------------
|             INITIALIZING CANDIDATE TREE SET                      |
--------------------------------------------------------------------
Generating 98 parsimony trees... 0.471 second
Computing log-likelihood of 98 initial trees ... 0.767 seconds
Current best score: -30649.692

Do NNI search on 20 best initial trees
Estimate model parameters (epsilon = 0.100)
BETTER TREE FOUND at iteration 1: -30631.469
Estimate model parameters (epsilon = 0.100)
BETTER TREE FOUND at iteration 2: -30622.617
Estimate model parameters (epsilon = 0.100)
BETTER TREE FOUND at iteration 8: -30620.881
Iteration 10 / LogL: -30629.112 / Time: 0h:0m:2s
Estimate model parameters (epsilon = 0.100)
BETTER TREE FOUND at iteration 18: -30619.767
Iteration 20 / LogL: -30621.721 / Time: 0h:0m:3s
Finish initializing candidate tree set (17)
Current best tree score: -30619.767 / CPU time: 3.544
Number of iterations: 20
--------------------------------------------------------------------
|               OPTIMIZING CANDIDATE TREE SET                      |
--------------------------------------------------------------------
Iteration 30 / LogL: -30623.371 / Time: 0h:0m:5s (0h:0m:15s left)
Estimate model parameters (epsilon = 0.100)
UPDATE BEST LOG-LIKELIHOOD: -30619.043
Iteration 40 / LogL: -30624.311 / Time: 0h:0m:6s (0h:0m:12s left)
Iteration 50 / LogL: -30624.038 / Time: 0h:0m:7s (0h:0m:10s left)
Iteration 60 / LogL: -30621.123 / Time: 0h:0m:8s (0h:0m:8s left)
Iteration 70 / LogL: -30620.713 / Time: 0h:0m:9s (0h:0m:6s left)
Iteration 80 / LogL: -30650.956 / Time: 0h:0m:11s (0h:0m:5s left)
Iteration 90 / LogL: -30619.092 / Time: 0h:0m:12s (0h:0m:3s left)
Iteration 100 / LogL: -30619.774 / Time: 0h:0m:13s (0h:0m:2s left)
Iteration 110 / LogL: -30620.123 / Time: 0h:0m:14s (0h:0m:1s left)
TREE SEARCH COMPLETED AFTER 119 ITERATIONS / Time: 0h:0m:15s

--------------------------------------------------------------------
|                    FINALIZING TREE SEARCH                        |
--------------------------------------------------------------------
Performs final model parameters optimization
Estimate model parameters (epsilon = 0.010)
1. Initial log-likelihood: -30619.043
Optimal log-likelihood: -30619.043
Rate parameters:  A-C: 1.02629  A-G: 3.64962  A-T: 0.51598  C-G: 1.30247  C-T: 2.93725  G-T: 1.00000
Base frequencies:  A: 0.285  C: 0.167  G: 0.191  T: 0.357
Gamma shape alpha: 2.701
Parameters optimization took 1 rounds (0.018 sec)
BEST SCORE FOUND : -30619.043
Total tree length: 4.268

Total number of iterations: 119
CPU time used for tree search: 123.018 sec (0h:2m:3s)
Wall-clock time used for tree search: 15.802 sec (0h:0m:15s)
Total CPU time used: 124.602 sec (0h:2m:4s)
Total wall-clock time used: 16.004 sec (0h:0m:16s)

Analysis results written to: 
  IQ-TREE report:                /workspace/IQTree_8_cores_JarvD5a_Results/intron_4910.iqtree
  Maximum-likelihood tree:       /workspace/IQTree_8_cores_JarvD5a_Results/intron_4910.treefile
  Likelihood distances:          /workspace/IQTree_8_cores_JarvD5a_Results/intron_4910.mldist
  Screen log file:               /workspace/IQTree_8_cores_JarvD5a_Results/intron_4910.log

Date and Time: Sun May 31 13:29:50 2026
