IQ-TREE version 3.1.2 for Linux x86 64-bit built May  7 2026
Developed by Bui Quang Minh, Thomas Wong, Nhan Ly-Trong, Huaiyan Ren
Contributed by Lam-Tung Nguyen, Dominik Schrempf, Chris Bielow,
Olga Chernomor, Michael Woodhams, Diep Thi Hoang, Heiko Schmidt

Host:    8084c4e79f09 (AVX512, FMA3, 1133 GB RAM)
Command: /workspace/iqtree-3.1.2-Linux/bin/iqtree3_intel -s /workspace/NeuralNJ/empirical/JarvD5a/intron_12047.fasta -st DNA -m GTR+G -T 8 -seed 2201 -pre /workspace/IQTree_8_cores_JarvD5a_Results/intron_12047 -quiet
Seed:    2201 (Using SPRNG - Scalable Parallel Random Number Generator)
Time:    Sat May 30 13:32:57 2026
Kernel:  AVX+FMA - 8 threads (384 CPU cores detected)

Reading alignment file /workspace/NeuralNJ/empirical/JarvD5a/intron_12047.fasta ... Fasta format detected
Reading fasta file: done in 0.00591111 secs using 91.35% CPU
Alignment most likely contains DNA/RNA sequences
Constructing alignment: done in 0.0214651 secs using 652.4% CPU
Alignment has 47 sequences with 11841 columns, 8942 distinct patterns
6283 parsimony-informative, 2468 singleton sites, 3090 constant sites
       Gap/Ambiguity  Composition  p-value
Analyzing sequences: done in 0.000251055 secs using 576.8% CPU
   1  ACACH   83.51%    failed      1.08%
   2  ANAPL   36.61%    passed     26.00%
   3  APAVI   73.09%    passed     19.79%
   4  APTFO   31.76%    passed     80.25%
   5  BALRE   31.01%    passed     83.97%
   6  CALAN   34.12%    failed      1.47%
   7  CAPCA   31.42%    passed     30.21%
   8  CARCR   58.98%    passed     54.73%
   9  CATAU   41.04%    passed     32.49%
  10  CHAPE   44.40%    passed     19.20%
  11  CHAVO   31.44%    passed     16.72%
  12  CHLUN   31.45%    passed     26.75%
  13  COLLI   35.59%    passed     97.27%
  14  COLST   34.79%    passed     35.25%
  15  CORBR   33.24%    passed     18.41%
  16  CUCCA   35.14%    passed     18.51%
  17  EGRGA   31.95%    passed     96.23%
  18  EURHE   37.91%    failed      0.00%
  19  FALPE   28.15%    failed      2.74%
  20  FULGL   40.77%    passed     76.73%
  21  GALGA   31.92%    passed     22.62%
  22  GAVST   34.61%    passed     17.57%
  23  GEOFO   33.49%    passed      9.73%
  24  HALAL   58.84%    failed      4.65%
  25  HALLE   27.18%    passed     14.37%
  26  LEPDI   31.65%    failed      0.85%
  27  MANVI   37.34%    failed      2.57%
  28  MELGA   31.98%    failed      2.75%
  29  MELUN   23.20%    passed      7.33%
  30  MERNU   35.34%    passed     16.99%
  31  MESUN   32.28%    passed     77.30%
  32  NESNO   23.08%    failed      0.24%
  33  NIPNI   30.81%    passed     96.47%
  34  OPHHO   38.62%    failed      0.00%
  35  PELCR   72.24%    passed     70.03%
  36  PHACA   32.78%    passed     67.93%
  37  PHALE   35.29%    passed     21.84%
  38  PHORU   31.04%    passed     95.98%
  39  PICPU   71.97%    failed      0.00%
  40  PODCR   31.55%    passed     88.72%
  41  PTEGU   32.26%    failed      3.65%
  42  PYGAD   32.13%    passed     93.97%
  43  STRCA   35.94%    failed      0.05%
  44  TAEGU   33.59%    failed      4.03%
  45  TAUER   31.71%    passed     89.15%
  46  TINMA   76.56%    passed     33.95%
  47  TYTAL   32.25%    passed     54.60%
WARNING: 7 sequences contain more than 50% gaps/ambiguity
****  TOTAL   38.85%  14 sequences failed composition chi2 test (p-value<5%; df=3)
Checking for duplicate sequences: done in 0.00104594 secs using 799.4% CPU

Create initial parsimony tree by phylogenetic likelihood library (PLL)... 0.033 seconds

NOTE: 54 MB RAM (0 GB) is required!
Estimate model parameters (epsilon = 0.100)
1. Initial log-likelihood: -161033.771
2. Current log-likelihood: -150276.928
3. Current log-likelihood: -150030.593
4. Current log-likelihood: -150030.197
Optimal log-likelihood: -150030.179
Rate parameters:  A-C: 0.98455  A-G: 3.37708  A-T: 0.51244  C-G: 1.33542  C-T: 3.16898  G-T: 1.00000
Base frequencies:  A: 0.285  C: 0.180  G: 0.219  T: 0.317
Gamma shape alpha: 3.173
Parameters optimization took 4 rounds (0.699 sec)
Wrote distance file to... 
Computing ML distances based on estimated model parameters...
Calculating distance matrix: done in 0.00315404 secs using 776% CPU
Computing ML distances took 0.003701 sec (of wall-clock time) 0.028685 sec (of CPU time)
Setting up auxiliary I and S matrices: done in 8.60691e-05 secs using 1220% CPU
Constructing RapidNJ tree: done in 0.00273299 secs using 891.6% CPU
Computing RapidNJ tree took 0.002883 sec (of wall-clock time) 0.026348 sec (of CPU time)
Log-likelihood of RapidNJ tree: -152103.495
--------------------------------------------------------------------
|             INITIALIZING CANDIDATE TREE SET                      |
--------------------------------------------------------------------
Generating 98 parsimony trees... 3.259 second
Computing log-likelihood of 98 initial trees ... 2.606 seconds
Current best score: -150030.179

Do NNI search on 20 best initial trees
Estimate model parameters (epsilon = 0.100)
BETTER TREE FOUND at iteration 1: -149993.832
Estimate model parameters (epsilon = 0.100)
BETTER TREE FOUND at iteration 2: -149873.662
Estimate model parameters (epsilon = 0.100)
BETTER TREE FOUND at iteration 6: -149866.433
Estimate model parameters (epsilon = 0.100)
BETTER TREE FOUND at iteration 8: -149847.248
Iteration 10 / LogL: -149876.645 / Time: 0h:0m:11s
Iteration 20 / LogL: -149893.475 / Time: 0h:0m:16s
Finish initializing candidate tree set (20)
Current best tree score: -149847.248 / CPU time: 15.603
Number of iterations: 20
--------------------------------------------------------------------
|               OPTIMIZING CANDIDATE TREE SET                      |
--------------------------------------------------------------------
Iteration 30 / LogL: -149851.232 / Time: 0h:0m:21s (0h:0m:57s left)
Estimate model parameters (epsilon = 0.100)
UPDATE BEST LOG-LIKELIHOOD: -149846.993
Estimate model parameters (epsilon = 0.100)
BETTER TREE FOUND at iteration 33: -149845.411
Iteration 40 / LogL: -149849.968 / Time: 0h:0m:25s (0h:1m:1s left)
Iteration 50 / LogL: -149847.474 / Time: 0h:0m:30s (0h:0m:52s left)
Iteration 60 / LogL: -149850.771 / Time: 0h:0m:35s (0h:0m:44s left)
Iteration 70 / LogL: -149847.893 / Time: 0h:0m:40s (0h:0m:37s left)
Estimate model parameters (epsilon = 0.100)
BETTER TREE FOUND at iteration 80: -149843.860
Iteration 80 / LogL: -149843.860 / Time: 0h:0m:45s (0h:0m:56s left)
Iteration 90 / LogL: -149845.459 / Time: 0h:0m:49s (0h:0m:50s left)
Iteration 100 / LogL: -149866.216 / Time: 0h:0m:54s (0h:0m:43s left)
Iteration 110 / LogL: -149875.488 / Time: 0h:0m:58s (0h:0m:37s left)
Iteration 120 / LogL: -149844.298 / Time: 0h:1m:2s (0h:0m:31s left)
Iteration 130 / LogL: -149890.210 / Time: 0h:1m:7s (0h:0m:26s left)
Iteration 140 / LogL: -149845.521 / Time: 0h:1m:12s (0h:0m:20s left)
Iteration 150 / LogL: -149844.952 / Time: 0h:1m:17s (0h:0m:15s left)
Iteration 160 / LogL: -149844.623 / Time: 0h:1m:21s (0h:0m:10s left)
Iteration 170 / LogL: -149845.544 / Time: 0h:1m:26s (0h:0m:5s left)
Iteration 180 / LogL: -149843.864 / Time: 0h:1m:31s (0h:0m:0s left)
TREE SEARCH COMPLETED AFTER 181 ITERATIONS / Time: 0h:1m:31s

--------------------------------------------------------------------
|                    FINALIZING TREE SEARCH                        |
--------------------------------------------------------------------
Performs final model parameters optimization
Estimate model parameters (epsilon = 0.010)
1. Initial log-likelihood: -149843.860
2. Current log-likelihood: -149843.850
Optimal log-likelihood: -149843.845
Rate parameters:  A-C: 0.98509  A-G: 3.38825  A-T: 0.51205  C-G: 1.33314  C-T: 3.17772  G-T: 1.00000
Base frequencies:  A: 0.285  C: 0.180  G: 0.219  T: 0.317
Gamma shape alpha: 3.212
Parameters optimization took 2 rounds (0.139 sec)
BEST SCORE FOUND : -149843.845
Total tree length: 5.377

Total number of iterations: 181
CPU time used for tree search: 706.813 sec (0h:11m:46s)
Wall-clock time used for tree search: 90.790 sec (0h:1m:30s)
Total CPU time used: 715.081 sec (0h:11m:55s)
Total wall-clock time used: 91.842 sec (0h:1m:31s)

Analysis results written to: 
  IQ-TREE report:                /workspace/IQTree_8_cores_JarvD5a_Results/intron_12047.iqtree
  Maximum-likelihood tree:       /workspace/IQTree_8_cores_JarvD5a_Results/intron_12047.treefile
  Likelihood distances:          /workspace/IQTree_8_cores_JarvD5a_Results/intron_12047.mldist
  Screen log file:               /workspace/IQTree_8_cores_JarvD5a_Results/intron_12047.log

Date and Time: Sat May 30 13:34:29 2026
