IQ-TREE version 3.1.2 for Linux x86 64-bit built May  7 2026
Developed by Bui Quang Minh, Thomas Wong, Nhan Ly-Trong, Huaiyan Ren
Contributed by Lam-Tung Nguyen, Dominik Schrempf, Chris Bielow,
Olga Chernomor, Michael Woodhams, Diep Thi Hoang, Heiko Schmidt

Host:    8084c4e79f09 (AVX512, FMA3, 1133 GB RAM)
Command: /workspace/iqtree-3.1.2-Linux/bin/iqtree3_intel -s /workspace/NeuralNJ/empirical/JarvD5a/intron_333.fasta -st DNA -m GTR+G -T 8 -seed 2201 -pre /workspace/IQTree_8_cores_JarvD5a_Results/intron_333 -quiet
Seed:    2201 (Using SPRNG - Scalable Parallel Random Number Generator)
Time:    Sun May 31 07:53:22 2026
Kernel:  AVX+FMA - 8 threads (384 CPU cores detected)

Reading alignment file /workspace/NeuralNJ/empirical/JarvD5a/intron_333.fasta ... Fasta format detected
Reading fasta file: done in 0.00342393 secs using 82.89% CPU
Alignment most likely contains DNA/RNA sequences
Constructing alignment: done in 0.0181708 secs using 458.2% CPU
Alignment has 44 sequences with 7850 columns, 6197 distinct patterns
4086 parsimony-informative, 1688 singleton sites, 2076 constant sites
       Gap/Ambiguity  Composition  p-value
Analyzing sequences: done in 0.000409842 secs using 430.9% CPU
   1  ACACH   24.37%    failed      0.22%
   2  ANAPL   25.04%    failed      2.65%
   3  APAVI   54.38%    failed      4.93%
   4  APTFO   20.55%    passed      5.55%
   5  BALRE   20.93%    passed      6.89%
   6  BUCRH   26.52%    failed      0.00%
   7  CALAN   44.04%    passed     24.70%
   8  CARCR   22.57%    failed      0.09%
   9  CATAU   21.24%    passed      5.81%
  10  CHAPE   22.98%    passed     81.99%
  11  CHAVO   21.25%    passed     33.33%
  12  COLLI   31.01%    failed      0.00%
  13  COLST   24.75%    failed      0.53%
  14  CORBR   17.39%    failed      0.58%
  15  CUCCA   30.10%    passed     77.07%
  16  EGRGA   20.94%    passed     18.15%
  17  EURHE   23.41%    passed     44.28%
  18  FALPE   23.82%    failed      1.38%
  19  FULGL   20.87%    failed      0.72%
  20  GALGA   32.54%    passed     58.84%
  21  GAVST   91.36%    passed      8.34%
  22  GEOFO   19.24%    failed      1.73%
  23  HALAL   20.96%    failed      0.04%
  24  HALLE   20.96%    failed      0.04%
  25  LEPDI   26.22%    passed     90.76%
  26  MANVI   20.17%    failed      0.00%
  27  MELGA   32.39%    passed     18.77%
  28  MERNU   28.11%    failed      0.00%
  29  MESUN   23.27%    failed      0.04%
  30  NESNO   24.45%    failed      1.57%
  31  NIPNI   25.07%    passed     33.16%
  32  OPHHO   20.94%    passed     93.69%
  33  PELCR   20.87%    passed      8.76%
  34  PHALE   21.45%    failed      4.00%
  35  PHORU   21.66%    passed     55.84%
  36  PICPU   89.63%    failed      0.00%
  37  PODCR   22.09%    passed     96.38%
  38  PTEGU   23.21%    passed     11.60%
  39  PYGAD   20.88%    passed      5.67%
  40  STRCA   27.86%    failed      1.97%
  41  TAEGU   20.41%    failed      2.72%
  42  TAUER   22.82%    passed     92.47%
  43  TINMA   35.15%    failed      0.08%
  44  TYTAL   21.45%    failed      4.40%
WARNING: 3 sequences contain more than 50% gaps/ambiguity
****  TOTAL   27.94%  23 sequences failed composition chi2 test (p-value<5%; df=3)
Checking for duplicate sequences: done in 0.000849009 secs using 434.4% CPU

Create initial parsimony tree by phylogenetic likelihood library (PLL)... 0.030 seconds

NOTE: 35 MB RAM (0 GB) is required!
Estimate model parameters (epsilon = 0.100)
1. Initial log-likelihood: -104100.516
2. Current log-likelihood: -97971.619
3. Current log-likelihood: -97876.612
4. Current log-likelihood: -97872.833
5. Current log-likelihood: -97871.996
6. Current log-likelihood: -97871.823
Optimal log-likelihood: -97871.755
Rate parameters:  A-C: 1.01968  A-G: 3.81418  A-T: 0.44562  C-G: 1.46803  C-T: 3.37567  G-T: 1.00000
Base frequencies:  A: 0.238  C: 0.212  G: 0.250  T: 0.300
Gamma shape alpha: 1.413
Parameters optimization took 6 rounds (0.860 sec)
Wrote distance file to... 
Computing ML distances based on estimated model parameters...
Calculating distance matrix: done in 0.00231218 secs using 821.9% CPU
Computing ML distances took 0.002872 sec (of wall-clock time) 0.022913 sec (of CPU time)
Setting up auxiliary I and S matrices: done in 0.000126839 secs using 990.2% CPU
Constructing RapidNJ tree: done in 0.0036931 secs using 748.8% CPU
Computing RapidNJ tree took 0.003895 sec (of wall-clock time) 0.033638 sec (of CPU time)
Log-likelihood of RapidNJ tree: -98191.599
--------------------------------------------------------------------
|             INITIALIZING CANDIDATE TREE SET                      |
--------------------------------------------------------------------
Generating 98 parsimony trees... 1.990 second
Computing log-likelihood of 98 initial trees ... 2.900 seconds
Current best score: -97871.755

Do NNI search on 20 best initial trees
Estimate model parameters (epsilon = 0.100)
BETTER TREE FOUND at iteration 1: -97814.657
Estimate model parameters (epsilon = 0.100)
BETTER TREE FOUND at iteration 2: -97794.174
Iteration 10 / LogL: -97809.968 / Time: 0h:0m:11s
Iteration 20 / LogL: -97841.185 / Time: 0h:0m:16s
Finish initializing candidate tree set (20)
Current best tree score: -97794.174 / CPU time: 15.679
Number of iterations: 20
--------------------------------------------------------------------
|               OPTIMIZING CANDIDATE TREE SET                      |
--------------------------------------------------------------------
Estimate model parameters (epsilon = 0.100)
BETTER TREE FOUND at iteration 28: -97791.999
Iteration 30 / LogL: -97794.806 / Time: 0h:0m:21s (0h:1m:11s left)
Estimate model parameters (epsilon = 0.100)
BETTER TREE FOUND at iteration 35: -97787.797
Estimate model parameters (epsilon = 0.100)
BETTER TREE FOUND at iteration 39: -97786.113
Iteration 40 / LogL: -97789.316 / Time: 0h:0m:26s (0h:1m:6s left)
Estimate model parameters (epsilon = 0.100)
BETTER TREE FOUND at iteration 41: -97785.888
Iteration 50 / LogL: -97786.235 / Time: 0h:0m:30s (0h:0m:56s left)
Estimate model parameters (epsilon = 0.100)
BETTER TREE FOUND at iteration 53: -97785.042
UPDATE BEST LOG-LIKELIHOOD: -97785.040
Iteration 60 / LogL: -97785.040 / Time: 0h:0m:35s (0h:0m:55s left)
UPDATE BEST LOG-LIKELIHOOD: -97785.038
Iteration 70 / LogL: -97785.345 / Time: 0h:0m:40s (0h:0m:48s left)
Iteration 80 / LogL: -97788.978 / Time: 0h:0m:44s (0h:0m:41s left)
Iteration 90 / LogL: -97786.626 / Time: 0h:0m:48s (0h:0m:34s left)
Iteration 100 / LogL: -97785.346 / Time: 0h:0m:52s (0h:0m:28s left)
Iteration 110 / LogL: -97785.573 / Time: 0h:0m:56s (0h:0m:22s left)
Iteration 120 / LogL: -97812.761 / Time: 0h:0m:59s (0h:0m:16s left)
Iteration 130 / LogL: -97786.432 / Time: 0h:1m:3s (0h:0m:11s left)
Iteration 140 / LogL: -97791.130 / Time: 0h:1m:7s (0h:0m:6s left)
Iteration 150 / LogL: -97786.101 / Time: 0h:1m:11s (0h:0m:1s left)
TREE SEARCH COMPLETED AFTER 154 ITERATIONS / Time: 0h:1m:13s

--------------------------------------------------------------------
|                    FINALIZING TREE SEARCH                        |
--------------------------------------------------------------------
Performs final model parameters optimization
Estimate model parameters (epsilon = 0.010)
1. Initial log-likelihood: -97785.038
Optimal log-likelihood: -97785.031
Rate parameters:  A-C: 1.01926  A-G: 3.84250  A-T: 0.44193  C-G: 1.45512  C-T: 3.38653  G-T: 1.00000
Base frequencies:  A: 0.238  C: 0.212  G: 0.250  T: 0.300
Gamma shape alpha: 1.406
Parameters optimization took 1 rounds (0.073 sec)
BEST SCORE FOUND : -97785.031
Total tree length: 4.936

Total number of iterations: 154
CPU time used for tree search: 524.891 sec (0h:8m:44s)
Wall-clock time used for tree search: 71.891 sec (0h:1m:11s)
Total CPU time used: 534.084 sec (0h:8m:54s)
Total wall-clock time used: 73.167 sec (0h:1m:13s)

Analysis results written to: 
  IQ-TREE report:                /workspace/IQTree_8_cores_JarvD5a_Results/intron_333.iqtree
  Maximum-likelihood tree:       /workspace/IQTree_8_cores_JarvD5a_Results/intron_333.treefile
  Likelihood distances:          /workspace/IQTree_8_cores_JarvD5a_Results/intron_333.mldist
  Screen log file:               /workspace/IQTree_8_cores_JarvD5a_Results/intron_333.log

Date and Time: Sun May 31 07:54:36 2026
