IQ-TREE version 3.1.2 for Linux x86 64-bit built May  7 2026
Developed by Bui Quang Minh, Thomas Wong, Nhan Ly-Trong, Huaiyan Ren
Contributed by Lam-Tung Nguyen, Dominik Schrempf, Chris Bielow,
Olga Chernomor, Michael Woodhams, Diep Thi Hoang, Heiko Schmidt

Host:    8084c4e79f09 (AVX512, FMA3, 1133 GB RAM)
Command: /workspace/iqtree-3.1.2-Linux/bin/iqtree3_intel -s /workspace/NeuralNJ/empirical/JarvD5a/intron_3823.fasta -st DNA -m GTR+G -T 8 -seed 2201 -pre /workspace/IQTree_8_cores_JarvD5a_Results/intron_3823 -quiet
Seed:    2201 (Using SPRNG - Scalable Parallel Random Number Generator)
Time:    Sun May 31 09:39:46 2026
Kernel:  AVX+FMA - 8 threads (384 CPU cores detected)

Reading alignment file /workspace/NeuralNJ/empirical/JarvD5a/intron_3823.fasta ... Fasta format detected
Reading fasta file: done in 0.00336695 secs using 67.93% CPU
Alignment most likely contains DNA/RNA sequences
Constructing alignment: done in 0.0132658 secs using 703% CPU
Alignment has 46 sequences with 7567 columns, 5061 distinct patterns
3564 parsimony-informative, 1489 singleton sites, 2514 constant sites
       Gap/Ambiguity  Composition  p-value
Analyzing sequences: done in 0.000169039 secs using 394% CPU
   1  ACACH   57.37%    failed      0.00%
   2  ANAPL   37.73%    passed     96.41%
   3  APAVI   49.74%    passed     70.49%
   4  APTFO   40.15%    passed     33.00%
   5  BALRE   40.11%    failed      2.17%
   6  BUCRH   50.07%    failed      0.00%
   7  CALAN   44.61%    failed      0.01%
   8  CARCR   40.99%    failed      3.32%
   9  CATAU   38.85%    failed      1.78%
  10  CHAPE   67.00%    failed      0.01%
  11  CHAVO   40.73%    passed     24.09%
  12  CHLUN   40.89%    passed     92.35%
  13  COLLI   83.36%    passed     41.68%
  14  COLST   46.61%    failed      1.46%
  15  CORBR   38.31%    failed      0.00%
  16  CUCCA   45.82%    failed      4.87%
  17  EGRGA   40.66%    passed     26.50%
  18  EURHE   43.73%    passed     73.80%
  19  FALPE   40.44%    failed      0.16%
  20  FULGL   39.13%    failed      0.03%
  21  GALGA   32.27%    passed     13.29%
  22  GAVST   39.67%    failed      0.09%
  23  GEOFO   53.32%    failed      0.00%
  24  HALAL   38.97%    failed      0.01%
  25  HALLE   38.97%    failed      0.01%
  26  LEPDI   40.52%    passed     72.98%
  27  MANVI   39.94%    failed      0.01%
  28  MELGA   31.97%    passed     53.87%
  29  MELUN   44.42%    failed      0.00%
  30  MERNU   61.11%    failed      0.00%
  31  MESUN   86.45%    failed      0.01%
  32  NESNO   40.44%    failed      0.08%
  33  NIPNI   40.28%    passed     57.89%
  34  OPHHO   39.92%    passed     70.36%
  35  PELCR   39.08%    passed     62.06%
  36  PHACA   39.88%    passed     72.95%
  37  PHALE   40.00%    failed      4.50%
  38  PHORU   39.82%    passed     68.07%
  39  PICPU   74.14%    failed      0.00%
  40  PTEGU   68.48%    failed      0.00%
  41  PYGAD   40.50%    passed     90.57%
  42  STRCA   34.36%    failed      0.00%
  43  TAEGU   83.44%    failed      0.07%
  44  TAUER   43.86%    passed      9.26%
  45  TINMA   40.87%    failed      0.32%
  46  TYTAL   40.70%    passed     87.22%
WARNING: 10 sequences contain more than 50% gaps/ambiguity
****  TOTAL   46.52%  27 sequences failed composition chi2 test (p-value<5%; df=3)
Checking for duplicate sequences: done in 0.000504017 secs using 712.5% CPU

Create initial parsimony tree by phylogenetic likelihood library (PLL)... 0.017 seconds

NOTE: 30 MB RAM (0 GB) is required!
Estimate model parameters (epsilon = 0.100)
1. Initial log-likelihood: -93624.654
2. Current log-likelihood: -87029.396
3. Current log-likelihood: -86837.388
4. Current log-likelihood: -86834.356
Optimal log-likelihood: -86834.296
Rate parameters:  A-C: 1.02486  A-G: 3.51236  A-T: 0.45544  C-G: 1.44475  C-T: 3.06044  G-T: 1.00000
Base frequencies:  A: 0.269  C: 0.225  G: 0.210  T: 0.297
Gamma shape alpha: 1.960
Parameters optimization took 4 rounds (0.395 sec)
Wrote distance file to... 
Computing ML distances based on estimated model parameters...
Calculating distance matrix: done in 0.00198197 secs using 809.8% CPU
Computing ML distances took 0.002317 sec (of wall-clock time) 0.018345 sec (of CPU time)
Setting up auxiliary I and S matrices: done in 0.00010705 secs using 1079% CPU
Constructing RapidNJ tree: done in 0.00267386 secs using 839.2% CPU
Computing RapidNJ tree took 0.002809 sec (of wall-clock time) 0.025710 sec (of CPU time)
Log-likelihood of RapidNJ tree: -87971.977
--------------------------------------------------------------------
|             INITIALIZING CANDIDATE TREE SET                      |
--------------------------------------------------------------------
Generating 98 parsimony trees... 1.644 second
Computing log-likelihood of 98 initial trees ... 1.688 seconds
Current best score: -86834.296

Do NNI search on 20 best initial trees
Estimate model parameters (epsilon = 0.100)
BETTER TREE FOUND at iteration 1: -86792.403
Estimate model parameters (epsilon = 0.100)
BETTER TREE FOUND at iteration 2: -86771.379
Estimate model parameters (epsilon = 0.100)
BETTER TREE FOUND at iteration 6: -86746.496
Iteration 10 / LogL: -86771.355 / Time: 0h:0m:7s
Iteration 20 / LogL: -86776.559 / Time: 0h:0m:11s
Finish initializing candidate tree set (20)
Current best tree score: -86746.496 / CPU time: 10.888
Number of iterations: 20
--------------------------------------------------------------------
|               OPTIMIZING CANDIDATE TREE SET                      |
--------------------------------------------------------------------
Estimate model parameters (epsilon = 0.100)
BETTER TREE FOUND at iteration 24: -86744.037
Estimate model parameters (epsilon = 0.100)
BETTER TREE FOUND at iteration 28: -86742.646
Iteration 30 / LogL: -86742.962 / Time: 0h:0m:14s (0h:0m:49s left)
Iteration 40 / LogL: -86745.025 / Time: 0h:0m:17s (0h:0m:40s left)
Estimate model parameters (epsilon = 0.100)
BETTER TREE FOUND at iteration 42: -86742.009
Estimate model parameters (epsilon = 0.100)
BETTER TREE FOUND at iteration 43: -86741.483
Estimate model parameters (epsilon = 0.100)
BETTER TREE FOUND at iteration 47: -86740.283
Estimate model parameters (epsilon = 0.100)
BETTER TREE FOUND at iteration 50: -86736.854
Iteration 50 / LogL: -86736.854 / Time: 0h:0m:21s (0h:0m:42s left)
Estimate model parameters (epsilon = 0.100)
BETTER TREE FOUND at iteration 54: -86735.090
Iteration 60 / LogL: -86787.195 / Time: 0h:0m:24s (0h:0m:39s left)
Iteration 70 / LogL: -86735.730 / Time: 0h:0m:27s (0h:0m:33s left)
Iteration 80 / LogL: -86736.567 / Time: 0h:0m:31s (0h:0m:29s left)
Iteration 90 / LogL: -86736.504 / Time: 0h:0m:34s (0h:0m:24s left)
Iteration 100 / LogL: -86736.253 / Time: 0h:0m:37s (0h:0m:20s left)
Iteration 110 / LogL: -86736.032 / Time: 0h:0m:40s (0h:0m:16s left)
Iteration 120 / LogL: -86735.091 / Time: 0h:0m:44s (0h:0m:12s left)
Iteration 130 / LogL: -86735.113 / Time: 0h:0m:47s (0h:0m:8s left)
Iteration 140 / LogL: -86789.309 / Time: 0h:0m:50s (0h:0m:5s left)
Iteration 150 / LogL: -86747.008 / Time: 0h:0m:53s (0h:0m:1s left)
TREE SEARCH COMPLETED AFTER 155 ITERATIONS / Time: 0h:0m:55s

--------------------------------------------------------------------
|                    FINALIZING TREE SEARCH                        |
--------------------------------------------------------------------
Performs final model parameters optimization
Estimate model parameters (epsilon = 0.010)
1. Initial log-likelihood: -86735.090
Optimal log-likelihood: -86735.090
Rate parameters:  A-C: 1.02734  A-G: 3.50992  A-T: 0.45272  C-G: 1.44068  C-T: 3.05907  G-T: 1.00000
Base frequencies:  A: 0.269  C: 0.225  G: 0.210  T: 0.297
Gamma shape alpha: 1.989
Parameters optimization took 1 rounds (0.047 sec)
BEST SCORE FOUND : -86735.090
Total tree length: 6.018

Total number of iterations: 155
CPU time used for tree search: 419.026 sec (0h:6m:59s)
Wall-clock time used for tree search: 54.656 sec (0h:0m:54s)
Total CPU time used: 423.609 sec (0h:7m:3s)
Total wall-clock time used: 55.235 sec (0h:0m:55s)

Analysis results written to: 
  IQ-TREE report:                /workspace/IQTree_8_cores_JarvD5a_Results/intron_3823.iqtree
  Maximum-likelihood tree:       /workspace/IQTree_8_cores_JarvD5a_Results/intron_3823.treefile
  Likelihood distances:          /workspace/IQTree_8_cores_JarvD5a_Results/intron_3823.mldist
  Screen log file:               /workspace/IQTree_8_cores_JarvD5a_Results/intron_3823.log

Date and Time: Sun May 31 09:40:41 2026
