IQ-TREE version 3.1.2 for Linux x86 64-bit built May  7 2026
Developed by Bui Quang Minh, Thomas Wong, Nhan Ly-Trong, Huaiyan Ren
Contributed by Lam-Tung Nguyen, Dominik Schrempf, Chris Bielow,
Olga Chernomor, Michael Woodhams, Diep Thi Hoang, Heiko Schmidt

Host:    8084c4e79f09 (AVX512, FMA3, 1133 GB RAM)
Command: /workspace/iqtree-3.1.2-Linux/bin/iqtree3_intel -s /workspace/NeuralNJ/empirical/TarvD7/ENSG00000160703.nuc.ord.aln -st DNA -m GTR+G -T 8 -seed 2201 -pre /workspace/IQTree_8_cores_TarvD7_Results/ENSG00000160703.nuc.ord -quiet
Seed:    2201 (Using SPRNG - Scalable Parallel Random Number Generator)
Time:    Tue May 26 23:42:46 2026
Kernel:  AVX+FMA - 8 threads (384 CPU cores detected)

Reading alignment file /workspace/NeuralNJ/empirical/TarvD7/ENSG00000160703.nuc.ord.aln ... Fasta format detected
Reading fasta file: done in 0.000923157 secs using 96.62% CPU
Alignment most likely contains DNA/RNA sequences
Constructing alignment: done in 0.00443602 secs using 762.1% CPU
Alignment has 33 sequences with 3090 columns, 1891 distinct patterns
1273 parsimony-informative, 500 singleton sites, 1317 constant sites
                   Gap/Ambiguity  Composition  p-value
Analyzing sequences: done in 6.10352e-05 secs using 231% CPU
   1  P001_Platypus       12.52%    failed      0.00%
   2  P002_Opossum         5.24%    failed      0.00%
   3  P003_Wallaby        11.84%    failed      0.00%
   4  P004_Tenrec         25.83%    passed      6.06%
   5  P005_Rock_hyrax     11.75%    failed      0.11%
   6  P006_Elephant       42.62%    passed     50.05%
   7  P007_Armadillo      30.49%    failed      0.00%
   8  P008_Sloth          53.98%    passed      6.49%
   9  P009_Hedgehog       13.98%    passed     11.88%
  10  P010_Common_shrew   36.80%    failed      0.00%
  11  P011_Dolphin        10.29%    passed     54.80%
  12  P012_Cow             5.44%    passed     58.39%
  13  P013_Pig             5.34%    passed     62.82%
  14  P015_Horse           5.34%    passed     96.98%
  15  P016_Dog             5.34%    passed     26.55%
  16  P017_Cat            19.42%    passed     80.22%
  17  P018_Megabat         5.34%    passed      5.29%
  18  P019_Microbat       15.73%    failed      0.00%
  19  P021_Pika            5.24%    passed     91.49%
  20  P022_Squirrel       13.59%    failed      1.52%
  21  P023_Guinea_pig      5.24%    passed     98.36%
  22  P024_Kangaroo_rat   13.88%    passed     88.05%
  23  P025_Mouse           5.34%    failed      4.32%
  24  P026_Rat             5.34%    failed      0.05%
  25  P027_Tree_shrew     36.60%    passed      5.36%
  26  P028_Bushbaby       15.44%    passed     18.76%
  27  P029_Mouse_lemur    14.47%    passed     66.90%
  28  P031_Marmoset       41.26%    passed     14.88%
  29  P032_Rhesus          5.63%    passed     97.49%
  30  P033_Orangutan       5.44%    passed     97.83%
  31  P034_Gorilla         5.73%    passed     91.96%
  32  P035_Chimp           5.34%    passed     94.36%
  33  P036_Human           5.34%    passed     93.92%
WARNING: 1 sequences contain more than 50% gaps/ambiguity
****  TOTAL               15.19%  10 sequences failed composition chi2 test (p-value<5%; df=3)
Checking for duplicate sequences: done in 0.000174046 secs using 536.1% CPU

Create initial parsimony tree by phylogenetic likelihood library (PLL)... 0.004 seconds

NOTE: 8 MB RAM (0 GB) is required!
Estimate model parameters (epsilon = 0.100)
1. Initial log-likelihood: -32058.170
2. Current log-likelihood: -29894.760
3. Current log-likelihood: -29832.003
4. Current log-likelihood: -29830.153
Optimal log-likelihood: -29830.100
Rate parameters:  A-C: 1.74502  A-G: 6.28360  A-T: 1.38677  C-G: 0.84025  C-T: 6.22297  G-T: 1.00000
Base frequencies:  A: 0.179  C: 0.314  G: 0.302  T: 0.205
Gamma shape alpha: 0.445
Parameters optimization took 4 rounds (0.144 sec)
Wrote distance file to... 
Computing ML distances based on estimated model parameters...
Calculating distance matrix: done in 0.000650167 secs using 792.7% CPU
Computing ML distances took 0.000778 sec (of wall-clock time) 0.005977 sec (of CPU time)
Setting up auxiliary I and S matrices: done in 9.39369e-05 secs using 1069% CPU
Constructing RapidNJ tree: done in 0.00166607 secs using 801.9% CPU
Computing RapidNJ tree took 0.001790 sec (of wall-clock time) 0.015906 sec (of CPU time)
Log-likelihood of RapidNJ tree: -29840.015
--------------------------------------------------------------------
|             INITIALIZING CANDIDATE TREE SET                      |
--------------------------------------------------------------------
Generating 98 parsimony trees... 0.410 second
Computing log-likelihood of 98 initial trees ... 0.582 seconds
Current best score: -29799.917

Do NNI search on 20 best initial trees
Estimate model parameters (epsilon = 0.100)
BETTER TREE FOUND at iteration 1: -29738.363
Estimate model parameters (epsilon = 0.100)
BETTER TREE FOUND at iteration 3: -29735.893
Iteration 10 / LogL: -29750.317 / Time: 0h:0m:2s
UPDATE BEST LOG-LIKELIHOOD: -29735.893
Iteration 20 / LogL: -29781.144 / Time: 0h:0m:3s
Finish initializing candidate tree set (12)
Current best tree score: -29735.893 / CPU time: 2.913
Number of iterations: 20
--------------------------------------------------------------------
|               OPTIMIZING CANDIDATE TREE SET                      |
--------------------------------------------------------------------
Iteration 30 / LogL: -29737.526 / Time: 0h:0m:4s (0h:0m:10s left)
Iteration 40 / LogL: -29735.898 / Time: 0h:0m:5s (0h:0m:8s left)
Iteration 50 / LogL: -29735.905 / Time: 0h:0m:6s (0h:0m:6s left)
Iteration 60 / LogL: -29736.235 / Time: 0h:0m:7s (0h:0m:5s left)
Iteration 70 / LogL: -29736.210 / Time: 0h:0m:8s (0h:0m:4s left)
Iteration 80 / LogL: -29738.903 / Time: 0h:0m:10s (0h:0m:2s left)
Iteration 90 / LogL: -29736.058 / Time: 0h:0m:11s (0h:0m:1s left)
Iteration 100 / LogL: -29736.502 / Time: 0h:0m:12s (0h:0m:0s left)
TREE SEARCH COMPLETED AFTER 104 ITERATIONS / Time: 0h:0m:13s

--------------------------------------------------------------------
|                    FINALIZING TREE SEARCH                        |
--------------------------------------------------------------------
Performs final model parameters optimization
Estimate model parameters (epsilon = 0.010)
1. Initial log-likelihood: -29735.893
Optimal log-likelihood: -29735.889
Rate parameters:  A-C: 1.75756  A-G: 6.37763  A-T: 1.38219  C-G: 0.83095  C-T: 6.56030  G-T: 1.00000
Base frequencies:  A: 0.179  C: 0.314  G: 0.302  T: 0.205
Gamma shape alpha: 0.449
Parameters optimization took 1 rounds (0.015 sec)
BEST SCORE FOUND : -29735.889
Total tree length: 3.553

Total number of iterations: 104
CPU time used for tree search: 101.055 sec (0h:1m:41s)
Wall-clock time used for tree search: 12.974 sec (0h:0m:12s)
Total CPU time used: 102.625 sec (0h:1m:42s)
Total wall-clock time used: 13.176 sec (0h:0m:13s)

Analysis results written to: 
  IQ-TREE report:                /workspace/IQTree_8_cores_TarvD7_Results/ENSG00000160703.nuc.ord.iqtree
  Maximum-likelihood tree:       /workspace/IQTree_8_cores_TarvD7_Results/ENSG00000160703.nuc.ord.treefile
  Likelihood distances:          /workspace/IQTree_8_cores_TarvD7_Results/ENSG00000160703.nuc.ord.mldist
  Screen log file:               /workspace/IQTree_8_cores_TarvD7_Results/ENSG00000160703.nuc.ord.log

Date and Time: Tue May 26 23:42:59 2026
