IQ-TREE version 3.1.2 for Linux x86 64-bit built May  7 2026
Developed by Bui Quang Minh, Thomas Wong, Nhan Ly-Trong, Huaiyan Ren
Contributed by Lam-Tung Nguyen, Dominik Schrempf, Chris Bielow,
Olga Chernomor, Michael Woodhams, Diep Thi Hoang, Heiko Schmidt

Host:    8084c4e79f09 (AVX512, FMA3, 1133 GB RAM)
Command: /workspace/iqtree-3.1.2-Linux/bin/iqtree3_intel -s /workspace/NeuralNJ/empirical/TarvD7/ENSG00000153446.nuc.ord.aln -st DNA -m GTR+G -T 8 -seed 2201 -pre /workspace/IQTree_8_cores_TarvD7_Results/ENSG00000153446.nuc.ord -quiet
Seed:    2201 (Using SPRNG - Scalable Parallel Random Number Generator)
Time:    Tue May 26 21:39:30 2026
Kernel:  AVX+FMA - 8 threads (384 CPU cores detected)

Reading alignment file /workspace/NeuralNJ/empirical/TarvD7/ENSG00000153446.nuc.ord.aln ... Fasta format detected
Reading fasta file: done in 0.000473022 secs using 18.6% CPU
Alignment most likely contains DNA/RNA sequences
Constructing alignment: done in 0.00240493 secs using 827.8% CPU
Alignment has 26 sequences with 1875 columns, 985 distinct patterns
584 parsimony-informative, 350 singleton sites, 941 constant sites
                   Gap/Ambiguity  Composition  p-value
Analyzing sequences: done in 2.00272e-05 secs using 179.8% CPU
   1  P001_Platypus       67.36%    failed      0.01%
   2  P005_Rock_hyrax     60.16%    passed     49.41%
   3  P006_Elephant       44.00%    passed     46.39%
   4  P007_Armadillo      49.76%    failed      0.00%
   5  P009_Hedgehog       48.64%    passed     71.33%
   6  P012_Cow            41.12%    passed     55.10%
   7  P015_Horse          41.28%    passed     42.24%
   8  P016_Dog            40.96%    passed     39.96%
   9  P018_Megabat        44.64%    passed     33.86%
  10  P019_Microbat       54.40%    passed     31.77%
  11  P020_Rabbit         60.48%    failed      0.80%
  12  P021_Pika           49.60%    passed     27.99%
  13  P022_Squirrel       53.28%    failed      4.33%
  14  P023_Guinea_pig     43.20%    passed      9.88%
  15  P024_Kangaroo_rat   68.48%    failed      0.16%
  16  P025_Mouse          38.40%    failed      2.34%
  17  P026_Rat            40.00%    passed     13.03%
  18  P027_Tree_shrew     66.08%    passed     52.03%
  19  P028_Bushbaby       71.20%    passed      7.47%
  20  P029_Mouse_lemur    50.24%    passed      5.82%
  21  P030_Tarsier        63.84%    passed     27.41%
  22  P031_Marmoset       32.16%    passed     49.33%
  23  P032_Rhesus         30.08%    passed     42.93%
  24  P033_Orangutan      30.56%    passed     40.18%
  25  P035_Chimp          29.60%    passed     26.82%
  26  P036_Human          29.60%    passed     38.97%
WARNING: 10 sequences contain more than 50% gaps/ambiguity
****  TOTAL               48.04%  6 sequences failed composition chi2 test (p-value<5%; df=3)
Checking for duplicate sequences: done in 0.000100136 secs using 462.4% CPU

Create initial parsimony tree by phylogenetic likelihood library (PLL)... 0.002 seconds

NOTE: 3 MB RAM (0 GB) is required!
Estimate model parameters (epsilon = 0.100)
1. Initial log-likelihood: -14175.704
2. Current log-likelihood: -13154.634
3. Current log-likelihood: -13142.654
4. Current log-likelihood: -13141.987
Optimal log-likelihood: -13141.907
Rate parameters:  A-C: 1.72538  A-G: 5.48227  A-T: 1.31184  C-G: 1.42431  C-T: 4.98996  G-T: 1.00000
Base frequencies:  A: 0.216  C: 0.300  G: 0.286  T: 0.198
Gamma shape alpha: 0.769
Parameters optimization took 4 rounds (0.063 sec)
Wrote distance file to... 
Computing ML distances based on estimated model parameters...
Calculating distance matrix: done in 0.000442028 secs using 808.1% CPU
Computing ML distances took 0.000515 sec (of wall-clock time) 0.003983 sec (of CPU time)
Setting up auxiliary I and S matrices: done in 6.50883e-05 secs using 1254% CPU
Constructing RapidNJ tree: done in 0.00133586 secs using 835.6% CPU
Computing RapidNJ tree took 0.001434 sec (of wall-clock time) 0.013370 sec (of CPU time)
Log-likelihood of RapidNJ tree: -13333.752
--------------------------------------------------------------------
|             INITIALIZING CANDIDATE TREE SET                      |
--------------------------------------------------------------------
Generating 98 parsimony trees... 0.197 second
Computing log-likelihood of 98 initial trees ... 0.370 seconds
Current best score: -13141.907

Do NNI search on 20 best initial trees
Estimate model parameters (epsilon = 0.100)
BETTER TREE FOUND at iteration 1: -13129.897
Estimate model parameters (epsilon = 0.100)
BETTER TREE FOUND at iteration 5: -13128.880
Iteration 10 / LogL: -13130.976 / Time: 0h:0m:1s
Iteration 20 / LogL: -13141.929 / Time: 0h:0m:1s
Finish initializing candidate tree set (10)
Current best tree score: -13128.880 / CPU time: 1.739
Number of iterations: 20
--------------------------------------------------------------------
|               OPTIMIZING CANDIDATE TREE SET                      |
--------------------------------------------------------------------
Estimate model parameters (epsilon = 0.100)
BETTER TREE FOUND at iteration 21: -13128.519
Iteration 30 / LogL: -13128.929 / Time: 0h:0m:2s (0h:0m:7s left)
Iteration 40 / LogL: -13130.360 / Time: 0h:0m:3s (0h:0m:6s left)
Estimate model parameters (epsilon = 0.100)
UPDATE BEST LOG-LIKELIHOOD: -13128.506
Iteration 50 / LogL: -13129.035 / Time: 0h:0m:3s (0h:0m:5s left)
Iteration 60 / LogL: -13128.622 / Time: 0h:0m:4s (0h:0m:4s left)
Iteration 70 / LogL: -13130.307 / Time: 0h:0m:5s (0h:0m:3s left)
Iteration 80 / LogL: -13128.795 / Time: 0h:0m:5s (0h:0m:2s left)
Iteration 90 / LogL: -13129.192 / Time: 0h:0m:6s (0h:0m:2s left)
Iteration 100 / LogL: -13129.947 / Time: 0h:0m:7s (0h:0m:1s left)
Iteration 110 / LogL: -13128.961 / Time: 0h:0m:7s (0h:0m:0s left)
Iteration 120 / LogL: -13130.316 / Time: 0h:0m:8s (0h:0m:0s left)
TREE SEARCH COMPLETED AFTER 122 ITERATIONS / Time: 0h:0m:8s

--------------------------------------------------------------------
|                    FINALIZING TREE SEARCH                        |
--------------------------------------------------------------------
Performs final model parameters optimization
Estimate model parameters (epsilon = 0.010)
1. Initial log-likelihood: -13128.506
Optimal log-likelihood: -13128.506
Rate parameters:  A-C: 1.70155  A-G: 5.47880  A-T: 1.31665  C-G: 1.44336  C-T: 5.00824  G-T: 1.00000
Base frequencies:  A: 0.216  C: 0.300  G: 0.286  T: 0.198
Gamma shape alpha: 0.760
Parameters optimization took 1 rounds (0.008 sec)
BEST SCORE FOUND : -13128.506
Total tree length: 4.560

Total number of iterations: 122
CPU time used for tree search: 66.857 sec (0h:1m:6s)
Wall-clock time used for tree search: 8.409 sec (0h:0m:8s)
Total CPU time used: 67.829 sec (0h:1m:7s)
Total wall-clock time used: 8.529 sec (0h:0m:8s)

Analysis results written to: 
  IQ-TREE report:                /workspace/IQTree_8_cores_TarvD7_Results/ENSG00000153446.nuc.ord.iqtree
  Maximum-likelihood tree:       /workspace/IQTree_8_cores_TarvD7_Results/ENSG00000153446.nuc.ord.treefile
  Likelihood distances:          /workspace/IQTree_8_cores_TarvD7_Results/ENSG00000153446.nuc.ord.mldist
  Screen log file:               /workspace/IQTree_8_cores_TarvD7_Results/ENSG00000153446.nuc.ord.log

Date and Time: Tue May 26 21:39:39 2026
