IQ-TREE version 3.1.2 for Linux x86 64-bit built May  7 2026
Developed by Bui Quang Minh, Thomas Wong, Nhan Ly-Trong, Huaiyan Ren
Contributed by Lam-Tung Nguyen, Dominik Schrempf, Chris Bielow,
Olga Chernomor, Michael Woodhams, Diep Thi Hoang, Heiko Schmidt

Host:    8084c4e79f09 (AVX512, FMA3, 1133 GB RAM)
Command: /workspace/iqtree-3.1.2-Linux/bin/iqtree3_intel -s /workspace/NeuralNJ/empirical/TarvD7/ENSG00000183431.nuc.ord.aln -st DNA -m GTR+G -T 8 -seed 2201 -pre /workspace/IQTree_8_cores_TarvD7_Results/ENSG00000183431.nuc.ord -quiet
Seed:    2201 (Using SPRNG - Scalable Parallel Random Number Generator)
Time:    Wed May 27 08:55:36 2026
Kernel:  AVX+FMA - 8 threads (384 CPU cores detected)

Reading alignment file /workspace/NeuralNJ/empirical/TarvD7/ENSG00000183431.nuc.ord.aln ... Fasta format detected
Reading fasta file: done in 0.000605106 secs using 40.98% CPU
Alignment most likely contains DNA/RNA sequences
Constructing alignment: done in 0.00234699 secs using 605.1% CPU
Alignment has 35 sequences with 1809 columns, 717 distinct patterns
425 parsimony-informative, 201 singleton sites, 1183 constant sites
                   Gap/Ambiguity  Composition  p-value
Analyzing sequences: done in 3.09944e-05 secs using 467.8% CPU
   1  P001_Platypus       22.22%    failed      0.01%
   2  P002_Opossum        15.92%    failed      0.07%
   3  P003_Wallaby        50.41%    passed     57.48%
   4  P005_Rock_hyrax     21.39%    passed     71.89%
   5  P006_Elephant       48.42%    passed     88.13%
   6  P007_Armadillo      40.96%    passed     51.72%
   7  P008_Sloth          46.77%    passed     45.72%
   8  P009_Hedgehog       50.25%    passed     58.73%
   9  P010_Common_shrew   21.23%    passed     51.03%
  10  P011_Dolphin        17.08%    passed     98.72%
  11  P012_Cow            16.92%    passed     99.29%
  12  P013_Pig            16.92%    passed     89.38%
  13  P014_Alpaca         45.27%    passed     64.81%
  14  P015_Horse          16.92%    passed     86.56%
  15  P016_Dog            16.92%    passed     98.94%
  16  P017_Cat            39.97%    passed     70.88%
  17  P018_Megabat        27.53%    passed     86.97%
  18  P019_Microbat       16.92%    passed     61.82%
  19  P020_Rabbit         32.17%    passed     52.57%
  20  P021_Pika           16.92%    passed     65.90%
  21  P022_Squirrel       22.06%    passed     67.21%
  22  P023_Guinea_pig     16.92%    passed     93.14%
  23  P024_Kangaroo_rat   25.70%    passed     90.39%
  24  P025_Mouse          16.92%    passed     32.36%
  25  P026_Rat            16.92%    passed     81.53%
  26  P027_Tree_shrew     27.20%    failed      0.45%
  27  P028_Bushbaby       42.79%    passed     62.27%
  28  P029_Mouse_lemur    41.79%    passed     85.20%
  29  P030_Tarsier        34.00%    passed     97.30%
  30  P031_Marmoset       16.92%    passed     63.07%
  31  P032_Rhesus         16.09%    passed     42.53%
  32  P033_Orangutan      19.07%    passed     62.28%
  33  P034_Gorilla        56.55%    passed     21.18%
  34  P035_Chimp          16.92%    passed     73.22%
  35  P036_Human          16.92%    passed     69.38%
WARNING: 3 sequences contain more than 50% gaps/ambiguity
****  TOTAL               27.65%  3 sequences failed composition chi2 test (p-value<5%; df=3)
Checking for duplicate sequences: done in 0.000120163 secs using 793.9% CPU

Create initial parsimony tree by phylogenetic likelihood library (PLL)... 0.002 seconds

NOTE: 3 MB RAM (0 GB) is required!
WARNING: Number of threads seems too high for short alignments. Use -T AUTO to determine best number of threads.
Estimate model parameters (epsilon = 0.100)
1. Initial log-likelihood: -12148.697
2. Current log-likelihood: -11051.506
3. Current log-likelihood: -11041.166
Optimal log-likelihood: -11041.101
Rate parameters:  A-C: 1.94625  A-G: 6.61265  A-T: 1.05741  C-G: 1.00199  C-T: 11.67414  G-T: 1.00000
Base frequencies:  A: 0.307  C: 0.217  G: 0.263  T: 0.213
Gamma shape alpha: 0.297
Parameters optimization took 3 rounds (0.067 sec)
Wrote distance file to... 
Computing ML distances based on estimated model parameters...
Calculating distance matrix: done in 0.000478983 secs using 733.2% CPU
Computing ML distances took 0.000563 sec (of wall-clock time) 0.003913 sec (of CPU time)
Setting up auxiliary I and S matrices: done in 0.000257015 secs using 917.1% CPU
Constructing RapidNJ tree: done in 0.00180602 secs using 852.6% CPU
Computing RapidNJ tree took 0.002094 sec (of wall-clock time) 0.018779 sec (of CPU time)
Log-likelihood of RapidNJ tree: -11081.266
--------------------------------------------------------------------
|             INITIALIZING CANDIDATE TREE SET                      |
--------------------------------------------------------------------
Generating 98 parsimony trees... 0.194 second
Computing log-likelihood of 98 initial trees ... 0.366 seconds
Current best score: -11041.101

Do NNI search on 20 best initial trees
Estimate model parameters (epsilon = 0.100)
BETTER TREE FOUND at iteration 1: -11019.680
Estimate model parameters (epsilon = 0.100)
BETTER TREE FOUND at iteration 4: -11013.671
Iteration 10 / LogL: -11023.579 / Time: 0h:0m:1s
Iteration 20 / LogL: -11024.439 / Time: 0h:0m:1s
Finish initializing candidate tree set (18)
Current best tree score: -11013.671 / CPU time: 1.776
Number of iterations: 20
--------------------------------------------------------------------
|               OPTIMIZING CANDIDATE TREE SET                      |
--------------------------------------------------------------------
Iteration 30 / LogL: -11015.004 / Time: 0h:0m:2s (0h:0m:6s left)
Estimate model parameters (epsilon = 0.100)
BETTER TREE FOUND at iteration 32: -11012.525
Iteration 40 / LogL: -11015.533 / Time: 0h:0m:3s (0h:0m:8s left)
Iteration 50 / LogL: -11013.672 / Time: 0h:0m:4s (0h:0m:6s left)
Iteration 60 / LogL: -11013.682 / Time: 0h:0m:5s (0h:0m:6s left)
UPDATE BEST LOG-LIKELIHOOD: -11012.524
UPDATE BEST LOG-LIKELIHOOD: -11012.523
Iteration 70 / LogL: -11014.087 / Time: 0h:0m:5s (0h:0m:5s left)
Iteration 80 / LogL: -11016.122 / Time: 0h:0m:6s (0h:0m:4s left)
Iteration 90 / LogL: -11018.978 / Time: 0h:0m:7s (0h:0m:3s left)
Iteration 100 / LogL: -11013.672 / Time: 0h:0m:8s (0h:0m:2s left)
Iteration 110 / LogL: -11013.683 / Time: 0h:0m:9s (0h:0m:1s left)
UPDATE BEST LOG-LIKELIHOOD: -11012.523
Iteration 120 / LogL: -11019.233 / Time: 0h:0m:10s (0h:0m:1s left)
Iteration 130 / LogL: -11019.087 / Time: 0h:0m:10s (0h:0m:0s left)
TREE SEARCH COMPLETED AFTER 133 ITERATIONS / Time: 0h:0m:11s

--------------------------------------------------------------------
|                    FINALIZING TREE SEARCH                        |
--------------------------------------------------------------------
Performs final model parameters optimization
Estimate model parameters (epsilon = 0.010)
1. Initial log-likelihood: -11012.523
Optimal log-likelihood: -11012.522
Rate parameters:  A-C: 1.98296  A-G: 7.00079  A-T: 1.00914  C-G: 1.06112  C-T: 12.26533  G-T: 1.00000
Base frequencies:  A: 0.307  C: 0.217  G: 0.263  T: 0.213
Gamma shape alpha: 0.294
Parameters optimization took 1 rounds (0.009 sec)
BEST SCORE FOUND : -11012.522
Total tree length: 1.853

Total number of iterations: 133
CPU time used for tree search: 88.663 sec (0h:1m:28s)
Wall-clock time used for tree search: 11.127 sec (0h:0m:11s)
Total CPU time used: 89.486 sec (0h:1m:29s)
Total wall-clock time used: 11.231 sec (0h:0m:11s)

Analysis results written to: 
  IQ-TREE report:                /workspace/IQTree_8_cores_TarvD7_Results/ENSG00000183431.nuc.ord.iqtree
  Maximum-likelihood tree:       /workspace/IQTree_8_cores_TarvD7_Results/ENSG00000183431.nuc.ord.treefile
  Likelihood distances:          /workspace/IQTree_8_cores_TarvD7_Results/ENSG00000183431.nuc.ord.mldist
  Screen log file:               /workspace/IQTree_8_cores_TarvD7_Results/ENSG00000183431.nuc.ord.log

Date and Time: Wed May 27 08:55:47 2026
