IQ-TREE version 3.1.2 for Linux x86 64-bit built May  7 2026
Developed by Bui Quang Minh, Thomas Wong, Nhan Ly-Trong, Huaiyan Ren
Contributed by Lam-Tung Nguyen, Dominik Schrempf, Chris Bielow,
Olga Chernomor, Michael Woodhams, Diep Thi Hoang, Heiko Schmidt

Host:    8084c4e79f09 (AVX512, FMA3, 1133 GB RAM)
Command: /workspace/iqtree-3.1.2-Linux/bin/iqtree3_intel -s /workspace/NeuralNJ/empirical/TarvD7/ENSG00000105520.nuc.ord.aln -st DNA -m GTR+G -T 8 -seed 2201 -pre /workspace/IQTree_8_cores_TarvD7_Results/ENSG00000105520.nuc.ord -quiet
Seed:    2201 (Using SPRNG - Scalable Parallel Random Number Generator)
Time:    Tue May 26 04:58:29 2026
Kernel:  AVX+FMA - 8 threads (384 CPU cores detected)

Reading alignment file /workspace/NeuralNJ/empirical/TarvD7/ENSG00000105520.nuc.ord.aln ... Fasta format detected
Reading fasta file: done in 0.000800133 secs using 82.11% CPU
Alignment most likely contains DNA/RNA sequences
Constructing alignment: done in 0.00199413 secs using 618% CPU
Alignment has 28 sequences with 1575 columns, 755 distinct patterns
404 parsimony-informative, 327 singleton sites, 843 constant sites
                   Gap/Ambiguity  Composition  p-value
Analyzing sequences: done in 2.09808e-05 secs using 624.4% CPU
   1  P001_Platypus       16.19%    passed     15.62%
   2  P002_Opossum        14.29%    failed      2.66%
   3  P003_Wallaby        34.48%    failed      0.02%
   4  P004_Tenrec         65.71%    passed     63.24%
   5  P005_Rock_hyrax     63.24%    passed     94.01%
   6  P008_Sloth          50.86%    failed      1.24%
   7  P009_Hedgehog       44.76%    passed     24.70%
   8  P011_Dolphin        34.67%    passed     88.19%
   9  P012_Cow            13.90%    passed     84.88%
  10  P013_Pig            34.67%    passed     99.19%
  11  P015_Horse          34.67%    passed     24.01%
  12  P016_Dog            18.10%    passed     93.50%
  13  P017_Cat            34.67%    passed     96.03%
  14  P018_Megabat        34.67%    passed     94.40%
  15  P019_Microbat       52.19%    passed     99.97%
  16  P021_Pika           38.86%    passed     29.27%
  17  P022_Squirrel       54.29%    passed     40.84%
  18  P023_Guinea_pig     35.05%    passed     37.92%
  19  P024_Kangaroo_rat   47.43%    passed     26.91%
  20  P025_Mouse          13.90%    passed     68.94%
  21  P026_Rat            13.90%    passed     88.57%
  22  P027_Tree_shrew     57.33%    passed     44.45%
  23  P029_Mouse_lemur    40.00%    passed     29.01%
  24  P031_Marmoset       34.67%    passed     99.67%
  25  P032_Rhesus         18.67%    passed     49.10%
  26  P033_Orangutan      55.43%    passed     75.98%
  27  P034_Gorilla        52.00%    passed     79.07%
  28  P036_Human          18.67%    passed     61.56%
WARNING: 8 sequences contain more than 50% gaps/ambiguity
****  TOTAL               36.69%  3 sequences failed composition chi2 test (p-value<5%; df=3)
Checking for duplicate sequences: done in 9.70364e-05 secs using 819.3% CPU

Create initial parsimony tree by phylogenetic likelihood library (PLL)... 0.002 seconds

NOTE: 2 MB RAM (0 GB) is required!
WARNING: Number of threads seems too high for short alignments. Use -T AUTO to determine best number of threads.
Estimate model parameters (epsilon = 0.100)
1. Initial log-likelihood: -10368.693
2. Current log-likelihood: -9707.266
3. Current log-likelihood: -9678.253
4. Current log-likelihood: -9676.962
Optimal log-likelihood: -9676.867
Rate parameters:  A-C: 1.13641  A-G: 4.95773  A-T: 1.42266  C-G: 0.64982  C-T: 3.92440  G-T: 1.00000
Base frequencies:  A: 0.147  C: 0.374  G: 0.276  T: 0.203
Gamma shape alpha: 0.365
Parameters optimization took 4 rounds (0.069 sec)
Wrote distance file to... 
Computing ML distances based on estimated model parameters...
Calculating distance matrix: done in 0.000349045 secs using 808.2% CPU
Computing ML distances took 0.000416 sec (of wall-clock time) 0.003138 sec (of CPU time)
Setting up auxiliary I and S matrices: done in 7.98702e-05 secs using 1079% CPU
Constructing RapidNJ tree: done in 0.00149298 secs using 893.6% CPU
Computing RapidNJ tree took 0.001603 sec (of wall-clock time) 0.014763 sec (of CPU time)
Log-likelihood of RapidNJ tree: -9698.458
--------------------------------------------------------------------
|             INITIALIZING CANDIDATE TREE SET                      |
--------------------------------------------------------------------
Generating 98 parsimony trees... 0.146 second
Computing log-likelihood of 98 initial trees ... 0.306 seconds
Current best score: -9676.867

Do NNI search on 20 best initial trees
Estimate model parameters (epsilon = 0.100)
BETTER TREE FOUND at iteration 1: -9649.681
Estimate model parameters (epsilon = 0.100)
BETTER TREE FOUND at iteration 2: -9647.814
Estimate model parameters (epsilon = 0.100)
BETTER TREE FOUND at iteration 3: -9646.726
Iteration 10 / LogL: -9649.785 / Time: 0h:0m:1s
Iteration 20 / LogL: -9650.773 / Time: 0h:0m:2s
Finish initializing candidate tree set (9)
Current best tree score: -9646.726 / CPU time: 2.028
Number of iterations: 20
--------------------------------------------------------------------
|               OPTIMIZING CANDIDATE TREE SET                      |
--------------------------------------------------------------------
Iteration 30 / LogL: -9647.601 / Time: 0h:0m:3s (0h:0m:7s left)
Iteration 40 / LogL: -9646.737 / Time: 0h:0m:3s (0h:0m:6s left)
Iteration 50 / LogL: -9647.707 / Time: 0h:0m:4s (0h:0m:5s left)
Iteration 60 / LogL: -9646.729 / Time: 0h:0m:5s (0h:0m:3s left)
UPDATE BEST LOG-LIKELIHOOD: -9646.724
Iteration 70 / LogL: -9646.724 / Time: 0h:0m:6s (0h:0m:2s left)
Iteration 80 / LogL: -9646.898 / Time: 0h:0m:6s (0h:0m:2s left)
Iteration 90 / LogL: -9646.760 / Time: 0h:0m:7s (0h:0m:1s left)
Iteration 100 / LogL: -9646.736 / Time: 0h:0m:8s (0h:0m:0s left)
UPDATE BEST LOG-LIKELIHOOD: -9646.715
TREE SEARCH COMPLETED AFTER 104 ITERATIONS / Time: 0h:0m:8s

--------------------------------------------------------------------
|                    FINALIZING TREE SEARCH                        |
--------------------------------------------------------------------
Performs final model parameters optimization
Estimate model parameters (epsilon = 0.010)
1. Initial log-likelihood: -9646.715
2. Current log-likelihood: -9646.492
Optimal log-likelihood: -9646.486
Rate parameters:  A-C: 1.15647  A-G: 5.30010  A-T: 1.44833  C-G: 0.68513  C-T: 4.20426  G-T: 1.00000
Base frequencies:  A: 0.147  C: 0.374  G: 0.276  T: 0.203
Gamma shape alpha: 0.366
Parameters optimization took 2 rounds (0.019 sec)
BEST SCORE FOUND : -9646.486
Total tree length: 3.167

Total number of iterations: 104
CPU time used for tree search: 70.811 sec (0h:1m:10s)
Wall-clock time used for tree search: 8.900 sec (0h:0m:8s)
Total CPU time used: 71.754 sec (0h:1m:11s)
Total wall-clock time used: 9.018 sec (0h:0m:9s)

Analysis results written to: 
  IQ-TREE report:                /workspace/IQTree_8_cores_TarvD7_Results/ENSG00000105520.nuc.ord.iqtree
  Maximum-likelihood tree:       /workspace/IQTree_8_cores_TarvD7_Results/ENSG00000105520.nuc.ord.treefile
  Likelihood distances:          /workspace/IQTree_8_cores_TarvD7_Results/ENSG00000105520.nuc.ord.mldist
  Screen log file:               /workspace/IQTree_8_cores_TarvD7_Results/ENSG00000105520.nuc.ord.log

Date and Time: Tue May 26 04:58:38 2026
