IQ-TREE version 3.1.2 for Linux x86 64-bit built May  7 2026
Developed by Bui Quang Minh, Thomas Wong, Nhan Ly-Trong, Huaiyan Ren
Contributed by Lam-Tung Nguyen, Dominik Schrempf, Chris Bielow,
Olga Chernomor, Michael Woodhams, Diep Thi Hoang, Heiko Schmidt

Host:    8084c4e79f09 (AVX512, FMA3, 1133 GB RAM)
Command: /workspace/iqtree-3.1.2-Linux/bin/iqtree3_intel -s /workspace/NeuralNJ/empirical/TarvD7/ENSG00000179388.nuc.ord.aln -st DNA -m GTR+G -T 8 -seed 2201 -pre /workspace/IQTree_8_cores_TarvD7_Results/ENSG00000179388.nuc.ord -quiet
Seed:    2201 (Using SPRNG - Scalable Parallel Random Number Generator)
Time:    Wed May 27 07:57:59 2026
Kernel:  AVX+FMA - 8 threads (384 CPU cores detected)

Reading alignment file /workspace/NeuralNJ/empirical/TarvD7/ENSG00000179388.nuc.ord.aln ... Fasta format detected
Reading fasta file: done in 0.000391006 secs using 79.03% CPU
Alignment most likely contains DNA/RNA sequences
Constructing alignment: done in 0.00156713 secs using 757.2% CPU
Alignment has 31 sequences with 1257 columns, 434 distinct patterns
212 parsimony-informative, 182 singleton sites, 863 constant sites
                   Gap/Ambiguity  Composition  p-value
Analyzing sequences: done in 1.09673e-05 secs using 1067% CPU
   1  P001_Platypus       36.04%    failed      0.01%
   2  P002_Opossum        20.05%    passed      8.55%
   3  P003_Wallaby         7.88%    passed     78.14%
   4  P004_Tenrec          9.31%    passed     84.92%
   5  P005_Rock_hyrax      7.64%    passed     44.85%
   6  P007_Armadillo      39.14%    passed     43.10%
   7  P008_Sloth          20.05%    passed     98.22%
   8  P009_Hedgehog       21.24%    passed     18.65%
   9  P011_Dolphin         7.64%    passed     91.74%
  10  P012_Cow             7.64%    passed     85.68%
  11  P013_Pig             7.64%    passed     67.97%
  12  P015_Horse           7.64%    passed     82.90%
  13  P016_Dog             7.64%    passed     98.20%
  14  P017_Cat            20.05%    passed     98.51%
  15  P018_Megabat         7.64%    passed     67.13%
  16  P019_Microbat        7.64%    passed     98.13%
  17  P020_Rabbit         20.05%    passed     14.23%
  18  P021_Pika            9.31%    passed     98.19%
  19  P023_Guinea_pig     13.37%    passed     60.95%
  20  P024_Kangaroo_rat    7.88%    passed     96.57%
  21  P025_Mouse           7.64%    passed     48.32%
  22  P026_Rat             7.64%    passed     46.82%
  23  P028_Bushbaby       36.28%    passed     78.19%
  24  P029_Mouse_lemur    17.42%    passed     83.37%
  25  P030_Tarsier        52.27%    passed     29.32%
  26  P031_Marmoset        7.64%    passed     99.74%
  27  P032_Rhesus          7.64%    passed     99.75%
  28  P033_Orangutan       7.64%    passed     99.55%
  29  P034_Gorilla        20.05%    passed     87.35%
  30  P035_Chimp           7.64%    passed     98.99%
  31  P036_Human           7.64%    passed     98.99%
WARNING: 1 sequences contain more than 50% gaps/ambiguity
****  TOTAL               15.00%  1 sequences failed composition chi2 test (p-value<5%; df=3)
NOTE: P036_Human is identical to P035_Chimp but kept for subsequent analysis
Checking for duplicate sequences: done in 9.5129e-05 secs using 828.3% CPU

Create initial parsimony tree by phylogenetic likelihood library (PLL)... 0.001 seconds

NOTE: 1 MB RAM (0 GB) is required!
WARNING: Number of threads seems too high for short alignments. Use -T AUTO to determine best number of threads.
Estimate model parameters (epsilon = 0.100)
1. Initial log-likelihood: -6632.234
2. Current log-likelihood: -6217.628
3. Current log-likelihood: -6208.476
4. Current log-likelihood: -6208.089
Optimal log-likelihood: -6208.072
Rate parameters:  A-C: 0.58827  A-G: 2.61179  A-T: 0.58172  C-G: 0.65365  C-T: 4.69145  G-T: 1.00000
Base frequencies:  A: 0.209  C: 0.380  G: 0.251  T: 0.160
Gamma shape alpha: 0.250
Parameters optimization took 4 rounds (0.043 sec)
Wrote distance file to... 
Computing ML distances based on estimated model parameters...
Calculating distance matrix: done in 0.000453949 secs using 800.8% CPU
Computing ML distances took 0.000504 sec (of wall-clock time) 0.003785 sec (of CPU time)
Setting up auxiliary I and S matrices: done in 7.10487e-05 secs using 1199% CPU
Constructing RapidNJ tree: done in 0.00160098 secs using 900.8% CPU
Computing RapidNJ tree took 0.001723 sec (of wall-clock time) 0.015765 sec (of CPU time)
Log-likelihood of RapidNJ tree: -6223.793
--------------------------------------------------------------------
|             INITIALIZING CANDIDATE TREE SET                      |
--------------------------------------------------------------------
Generating 98 parsimony trees... 0.110 second
Computing log-likelihood of 98 initial trees ... 0.234 seconds
Current best score: -6207.836

Do NNI search on 20 best initial trees
Estimate model parameters (epsilon = 0.100)
BETTER TREE FOUND at iteration 1: -6202.862
Iteration 10 / LogL: -6202.862 / Time: 0h:0m:0s
Iteration 20 / LogL: -6202.866 / Time: 0h:0m:1s
Finish initializing candidate tree set (3)
Current best tree score: -6202.862 / CPU time: 1.075
Number of iterations: 20
--------------------------------------------------------------------
|               OPTIMIZING CANDIDATE TREE SET                      |
--------------------------------------------------------------------
UPDATE BEST LOG-LIKELIHOOD: -6202.862
Iteration 30 / LogL: -6202.864 / Time: 0h:0m:1s (0h:0m:4s left)
Iteration 40 / LogL: -6204.376 / Time: 0h:0m:2s (0h:0m:3s left)
Iteration 50 / LogL: -6202.864 / Time: 0h:0m:3s (0h:0m:3s left)
Iteration 60 / LogL: -6206.442 / Time: 0h:0m:3s (0h:0m:2s left)
Iteration 70 / LogL: -6202.863 / Time: 0h:0m:4s (0h:0m:1s left)
Iteration 80 / LogL: -6208.026 / Time: 0h:0m:5s (0h:0m:1s left)
Iteration 90 / LogL: -6204.461 / Time: 0h:0m:5s (0h:0m:0s left)
UPDATE BEST LOG-LIKELIHOOD: -6202.862
Iteration 100 / LogL: -6204.583 / Time: 0h:0m:6s (0h:0m:0s left)
TREE SEARCH COMPLETED AFTER 102 ITERATIONS / Time: 0h:0m:6s

--------------------------------------------------------------------
|                    FINALIZING TREE SEARCH                        |
--------------------------------------------------------------------
Performs final model parameters optimization
Estimate model parameters (epsilon = 0.010)
1. Initial log-likelihood: -6202.862
Optimal log-likelihood: -6202.861
Rate parameters:  A-C: 0.59830  A-G: 2.65148  A-T: 0.58814  C-G: 0.65776  C-T: 4.68190  G-T: 1.00000
Base frequencies:  A: 0.209  C: 0.380  G: 0.251  T: 0.160
Gamma shape alpha: 0.251
Parameters optimization took 1 rounds (0.006 sec)
BEST SCORE FOUND : -6202.861
Total tree length: 1.206

Total number of iterations: 102
CPU time used for tree search: 50.714 sec (0h:0m:50s)
Wall-clock time used for tree search: 6.340 sec (0h:0m:6s)
Total CPU time used: 51.275 sec (0h:0m:51s)
Total wall-clock time used: 6.410 sec (0h:0m:6s)

Analysis results written to: 
  IQ-TREE report:                /workspace/IQTree_8_cores_TarvD7_Results/ENSG00000179388.nuc.ord.iqtree
  Maximum-likelihood tree:       /workspace/IQTree_8_cores_TarvD7_Results/ENSG00000179388.nuc.ord.treefile
  Likelihood distances:          /workspace/IQTree_8_cores_TarvD7_Results/ENSG00000179388.nuc.ord.mldist
  Screen log file:               /workspace/IQTree_8_cores_TarvD7_Results/ENSG00000179388.nuc.ord.log

Date and Time: Wed May 27 07:58:06 2026
