IQ-TREE version 3.1.2 for Linux x86 64-bit built May  7 2026
Developed by Bui Quang Minh, Thomas Wong, Nhan Ly-Trong, Huaiyan Ren
Contributed by Lam-Tung Nguyen, Dominik Schrempf, Chris Bielow,
Olga Chernomor, Michael Woodhams, Diep Thi Hoang, Heiko Schmidt

Host:    8084c4e79f09 (AVX512, FMA3, 1133 GB RAM)
Command: /workspace/iqtree-3.1.2-Linux/bin/iqtree3_intel -s /workspace/NeuralNJ/empirical/TarvD7/ENSG00000172464.nuc.ord.aln -st DNA -m GTR+G -T 8 -seed 2201 -pre /workspace/IQTree_8_cores_TarvD7_Results/ENSG00000172464.nuc.ord -quiet
Seed:    2201 (Using SPRNG - Scalable Parallel Random Number Generator)
Time:    Wed May 27 05:52:54 2026
Kernel:  AVX+FMA - 8 threads (384 CPU cores detected)

Reading alignment file /workspace/NeuralNJ/empirical/TarvD7/ENSG00000172464.nuc.ord.aln ... Fasta format detected
Reading fasta file: done in 0.000178099 secs using 91.52% CPU
Alignment most likely contains DNA/RNA sequences
Constructing alignment: done in 0.00154018 secs using 733.9% CPU
Alignment has 16 sequences with 963 columns, 491 distinct patterns
312 parsimony-informative, 246 singleton sites, 405 constant sites
                   Gap/Ambiguity  Composition  p-value
Analyzing sequences: done in 1.90735e-05 secs using 183.5% CPU
   1  P001_Platypus        2.18%    passed     82.49%
   2  P006_Elephant        1.56%    passed     98.45%
   3  P007_Armadillo      20.25%    passed     63.94%
   4  P009_Hedgehog        2.80%    passed     45.27%
   5  P016_Dog             1.25%    passed     77.21%
   6  P018_Megabat         1.56%    passed     92.25%
   7  P019_Microbat        1.56%    passed     99.62%
   8  P021_Pika           18.07%    passed     96.42%
   9  P024_Kangaroo_rat    1.56%    passed     29.29%
  10  P025_Mouse           1.25%    passed     96.91%
  11  P027_Tree_shrew      1.56%    passed     89.35%
  12  P029_Mouse_lemur     1.56%    passed     68.19%
  13  P030_Tarsier         5.92%    passed     97.71%
  14  P032_Rhesus          1.56%    passed     99.45%
  15  P035_Chimp           1.56%    passed     99.78%
  16  P036_Human           1.56%    passed     99.64%
****  TOTAL                4.11%  0 sequences failed composition chi2 test (p-value<5%; df=3)
Checking for duplicate sequences: done in 5.31673e-05 secs using 726% CPU

Create initial parsimony tree by phylogenetic likelihood library (PLL)... 0.001 seconds

NOTE: 1 MB RAM (0 GB) is required!
WARNING: Number of threads seems too high for short alignments. Use -T AUTO to determine best number of threads.
Estimate model parameters (epsilon = 0.100)
1. Initial log-likelihood: -6827.840
2. Current log-likelihood: -6555.785
3. Current log-likelihood: -6485.990
4. Current log-likelihood: -6485.573
Optimal log-likelihood: -6485.563
Rate parameters:  A-C: 1.95776  A-G: 8.29596  A-T: 1.38927  C-G: 1.30273  C-T: 6.37025  G-T: 1.00000
Base frequencies:  A: 0.235  C: 0.245  G: 0.191  T: 0.329
Gamma shape alpha: 0.575
Parameters optimization took 4 rounds (0.044 sec)
Wrote distance file to... 
Computing ML distances based on estimated model parameters...
Calculating distance matrix: done in 0.000197887 secs using 816.1% CPU
Computing ML distances took 0.000281 sec (of wall-clock time) 0.002235 sec (of CPU time)
Setting up auxiliary I and S matrices: done in 6.19888e-05 secs using 1139% CPU
Constructing RapidNJ tree: done in 0.000678062 secs using 846.1% CPU
Computing RapidNJ tree took 0.000779 sec (of wall-clock time) 0.007180 sec (of CPU time)
Log-likelihood of RapidNJ tree: -6503.674
--------------------------------------------------------------------
|             INITIALIZING CANDIDATE TREE SET                      |
--------------------------------------------------------------------
Generating 98 parsimony trees... 0.064 second
Computing log-likelihood of 98 initial trees ... 0.175 seconds
Current best score: -6485.563

Do NNI search on 20 best initial trees
Estimate model parameters (epsilon = 0.100)
BETTER TREE FOUND at iteration 1: -6477.988
Iteration 10 / LogL: -6478.013 / Time: 0h:0m:0s
Iteration 20 / LogL: -6477.991 / Time: 0h:0m:0s
Finish initializing candidate tree set (8)
Current best tree score: -6477.988 / CPU time: 0.874
Number of iterations: 20
--------------------------------------------------------------------
|               OPTIMIZING CANDIDATE TREE SET                      |
--------------------------------------------------------------------
Estimate model parameters (epsilon = 0.100)
BETTER TREE FOUND at iteration 21: -6477.499
Iteration 30 / LogL: -6481.761 / Time: 0h:0m:1s (0h:0m:3s left)
Iteration 40 / LogL: -6477.574 / Time: 0h:0m:1s (0h:0m:2s left)
Estimate model parameters (epsilon = 0.100)
BETTER TREE FOUND at iteration 44: -6474.676
UPDATE BEST LOG-LIKELIHOOD: -6474.675
UPDATE BEST LOG-LIKELIHOOD: -6474.672
Iteration 50 / LogL: -6474.672 / Time: 0h:0m:1s (0h:0m:3s left)
Iteration 60 / LogL: -6477.706 / Time: 0h:0m:1s (0h:0m:2s left)
Iteration 70 / LogL: -6478.491 / Time: 0h:0m:2s (0h:0m:2s left)
UPDATE BEST LOG-LIKELIHOOD: -6474.668
Iteration 80 / LogL: -6478.495 / Time: 0h:0m:2s (0h:0m:1s left)
Iteration 90 / LogL: -6477.536 / Time: 0h:0m:2s (0h:0m:1s left)
UPDATE BEST LOG-LIKELIHOOD: -6474.663
Iteration 100 / LogL: -6475.342 / Time: 0h:0m:2s (0h:0m:1s left)
UPDATE BEST LOG-LIKELIHOOD: -6474.655
Iteration 110 / LogL: -6477.515 / Time: 0h:0m:3s (0h:0m:0s left)
Iteration 120 / LogL: -6477.991 / Time: 0h:0m:3s (0h:0m:0s left)
Iteration 130 / LogL: -6474.689 / Time: 0h:0m:3s (0h:0m:0s left)
Iteration 140 / LogL: -6474.709 / Time: 0h:0m:3s (0h:0m:0s left)
TREE SEARCH COMPLETED AFTER 145 ITERATIONS / Time: 0h:0m:3s

--------------------------------------------------------------------
|                    FINALIZING TREE SEARCH                        |
--------------------------------------------------------------------
Performs final model parameters optimization
Estimate model parameters (epsilon = 0.010)
1. Initial log-likelihood: -6474.655
Optimal log-likelihood: -6474.654
Rate parameters:  A-C: 2.01875  A-G: 8.70687  A-T: 1.49770  C-G: 1.37135  C-T: 6.61824  G-T: 1.00000
Base frequencies:  A: 0.235  C: 0.245  G: 0.191  T: 0.329
Gamma shape alpha: 0.570
Parameters optimization took 1 rounds (0.004 sec)
BEST SCORE FOUND : -6474.654
Total tree length: 2.279

Total number of iterations: 145
CPU time used for tree search: 31.035 sec (0h:0m:31s)
Wall-clock time used for tree search: 3.870 sec (0h:0m:3s)
Total CPU time used: 31.533 sec (0h:0m:31s)
Total wall-clock time used: 3.932 sec (0h:0m:3s)

Analysis results written to: 
  IQ-TREE report:                /workspace/IQTree_8_cores_TarvD7_Results/ENSG00000172464.nuc.ord.iqtree
  Maximum-likelihood tree:       /workspace/IQTree_8_cores_TarvD7_Results/ENSG00000172464.nuc.ord.treefile
  Likelihood distances:          /workspace/IQTree_8_cores_TarvD7_Results/ENSG00000172464.nuc.ord.mldist
  Screen log file:               /workspace/IQTree_8_cores_TarvD7_Results/ENSG00000172464.nuc.ord.log

Date and Time: Wed May 27 05:52:58 2026
