IQ-TREE version 3.1.2 for Linux x86 64-bit built May  7 2026
Developed by Bui Quang Minh, Thomas Wong, Nhan Ly-Trong, Huaiyan Ren
Contributed by Lam-Tung Nguyen, Dominik Schrempf, Chris Bielow,
Olga Chernomor, Michael Woodhams, Diep Thi Hoang, Heiko Schmidt

Host:    8084c4e79f09 (AVX512, FMA3, 1133 GB RAM)
Command: /workspace/iqtree-3.1.2-Linux/bin/iqtree3_intel -s /workspace/NeuralNJ/empirical/TarvD7/ENSG00000117360.nuc.ord.aln -st DNA -m GTR+G -T 8 -seed 2201 -pre /workspace/IQTree_8_cores_TarvD7_Results/ENSG00000117360.nuc.ord -quiet
Seed:    2201 (Using SPRNG - Scalable Parallel Random Number Generator)
Time:    Tue May 26 09:16:51 2026
Kernel:  AVX+FMA - 8 threads (384 CPU cores detected)

Reading alignment file /workspace/NeuralNJ/empirical/TarvD7/ENSG00000117360.nuc.ord.aln ... Fasta format detected
Reading fasta file: done in 0.00100899 secs using 48.17% CPU
Alignment most likely contains DNA/RNA sequences
Constructing alignment: done in 0.00401402 secs using 737% CPU
Alignment has 34 sequences with 2076 columns, 983 distinct patterns
525 parsimony-informative, 440 singleton sites, 1111 constant sites
                   Gap/Ambiguity  Composition  p-value
Analyzing sequences: done in 3.60012e-05 secs using 200% CPU
   1  P001_Platypus        1.45%    failed      0.00%
   2  P002_Opossum         1.30%    passed     67.48%
   3  P003_Wallaby        25.87%    passed     72.37%
   4  P004_Tenrec          1.30%    passed     99.88%
   5  P005_Rock_hyrax     14.16%    passed     94.72%
   6  P006_Elephant       27.75%    passed     83.95%
   7  P007_Armadillo      19.65%    passed     70.60%
   8  P008_Sloth          24.42%    passed     56.02%
   9  P009_Hedgehog       18.79%    passed     13.08%
  10  P011_Dolphin         7.37%    passed     85.19%
  11  P012_Cow             1.30%    passed     99.25%
  12  P014_Alpaca         12.14%    passed     52.44%
  13  P015_Horse           1.30%    passed     99.90%
  14  P016_Dog             1.30%    passed     97.52%
  15  P017_Cat            15.75%    passed     70.25%
  16  P018_Megabat         1.45%    passed     86.18%
  17  P019_Microbat       12.86%    passed     86.88%
  18  P020_Rabbit         38.58%    failed      4.55%
  19  P021_Pika            1.30%    passed     96.07%
  20  P022_Squirrel       39.60%    passed     43.57%
  21  P023_Guinea_pig      1.30%    passed     55.46%
  22  P024_Kangaroo_rat   33.53%    passed     48.29%
  23  P025_Mouse           1.30%    passed     90.84%
  24  P026_Rat             1.30%    passed     69.63%
  25  P027_Tree_shrew     21.97%    passed     45.19%
  26  P028_Bushbaby       33.96%    passed     68.66%
  27  P029_Mouse_lemur    32.37%    passed      9.01%
  28  P030_Tarsier        10.26%    passed     96.19%
  29  P031_Marmoset        1.30%    passed     91.85%
  30  P032_Rhesus          1.30%    passed     95.99%
  31  P033_Orangutan       8.24%    passed     95.07%
  32  P034_Gorilla        41.76%    passed     67.14%
  33  P035_Chimp           1.30%    passed     99.36%
  34  P036_Human           1.30%    passed     98.29%
****  TOTAL               13.49%  2 sequences failed composition chi2 test (p-value<5%; df=3)
Checking for duplicate sequences: done in 0.000204086 secs using 804.6% CPU

Create initial parsimony tree by phylogenetic likelihood library (PLL)... 0.004 seconds

NOTE: 4 MB RAM (0 GB) is required!
Estimate model parameters (epsilon = 0.100)
1. Initial log-likelihood: -14133.496
2. Current log-likelihood: -13104.482
3. Current log-likelihood: -13039.777
4. Current log-likelihood: -13035.411
5. Current log-likelihood: -13034.941
Optimal log-likelihood: -13034.865
Rate parameters:  A-C: 1.48908  A-G: 6.85468  A-T: 1.16088  C-G: 0.46899  C-T: 9.78690  G-T: 1.00000
Base frequencies:  A: 0.322  C: 0.224  G: 0.260  T: 0.193
Gamma shape alpha: 0.286
Parameters optimization took 5 rounds (0.118 sec)
Wrote distance file to... 
Computing ML distances based on estimated model parameters...
Calculating distance matrix: done in 0.000486851 secs using 843.2% CPU
Computing ML distances took 0.000571 sec (of wall-clock time) 0.004538 sec (of CPU time)
Setting up auxiliary I and S matrices: done in 9.60827e-05 secs using 996% CPU
Constructing RapidNJ tree: done in 0.00176096 secs using 900.9% CPU
Computing RapidNJ tree took 0.001914 sec (of wall-clock time) 0.017364 sec (of CPU time)
Log-likelihood of RapidNJ tree: -13176.951
--------------------------------------------------------------------
|             INITIALIZING CANDIDATE TREE SET                      |
--------------------------------------------------------------------
Generating 98 parsimony trees... 0.251 second
Computing log-likelihood of 98 initial trees ... 0.485 seconds
Current best score: -13023.125

Do NNI search on 20 best initial trees
Estimate model parameters (epsilon = 0.100)
BETTER TREE FOUND at iteration 1: -13006.801
Iteration 10 / LogL: -13008.783 / Time: 0h:0m:1s
Iteration 20 / LogL: -13014.371 / Time: 0h:0m:2s
Finish initializing candidate tree set (7)
Current best tree score: -13006.801 / CPU time: 2.018
Number of iterations: 20
--------------------------------------------------------------------
|               OPTIMIZING CANDIDATE TREE SET                      |
--------------------------------------------------------------------
UPDATE BEST LOG-LIKELIHOOD: -13006.795
Iteration 30 / LogL: -13008.743 / Time: 0h:0m:3s (0h:0m:7s left)
UPDATE BEST LOG-LIKELIHOOD: -13006.795
Iteration 40 / LogL: -13007.763 / Time: 0h:0m:3s (0h:0m:6s left)
Estimate model parameters (epsilon = 0.100)
BETTER TREE FOUND at iteration 46: -13006.742
Iteration 50 / LogL: -13007.101 / Time: 0h:0m:4s (0h:0m:9s left)
Iteration 60 / LogL: -13010.130 / Time: 0h:0m:5s (0h:0m:8s left)
Iteration 70 / LogL: -13009.433 / Time: 0h:0m:6s (0h:0m:7s left)
Iteration 80 / LogL: -13007.126 / Time: 0h:0m:7s (0h:0m:6s left)
Iteration 90 / LogL: -13006.868 / Time: 0h:0m:8s (0h:0m:5s left)
Iteration 100 / LogL: -13006.887 / Time: 0h:0m:9s (0h:0m:4s left)
Iteration 110 / LogL: -13006.851 / Time: 0h:0m:10s (0h:0m:3s left)
Iteration 120 / LogL: -13007.029 / Time: 0h:0m:11s (0h:0m:2s left)
Iteration 130 / LogL: -13006.831 / Time: 0h:0m:12s (0h:0m:1s left)
Iteration 140 / LogL: -13007.096 / Time: 0h:0m:12s (0h:0m:0s left)
TREE SEARCH COMPLETED AFTER 147 ITERATIONS / Time: 0h:0m:13s

--------------------------------------------------------------------
|                    FINALIZING TREE SEARCH                        |
--------------------------------------------------------------------
Performs final model parameters optimization
Estimate model parameters (epsilon = 0.010)
1. Initial log-likelihood: -13006.742
Optimal log-likelihood: -13006.740
Rate parameters:  A-C: 1.61171  A-G: 7.48136  A-T: 1.22609  C-G: 0.50452  C-T: 10.62094  G-T: 1.00000
Base frequencies:  A: 0.322  C: 0.224  G: 0.260  T: 0.193
Gamma shape alpha: 0.284
Parameters optimization took 1 rounds (0.010 sec)
BEST SCORE FOUND : -13006.740
Total tree length: 2.970

Total number of iterations: 147
CPU time used for tree search: 105.711 sec (0h:1m:45s)
Wall-clock time used for tree search: 13.343 sec (0h:0m:13s)
Total CPU time used: 107.286 sec (0h:1m:47s)
Total wall-clock time used: 13.539 sec (0h:0m:13s)

Analysis results written to: 
  IQ-TREE report:                /workspace/IQTree_8_cores_TarvD7_Results/ENSG00000117360.nuc.ord.iqtree
  Maximum-likelihood tree:       /workspace/IQTree_8_cores_TarvD7_Results/ENSG00000117360.nuc.ord.treefile
  Likelihood distances:          /workspace/IQTree_8_cores_TarvD7_Results/ENSG00000117360.nuc.ord.mldist
  Screen log file:               /workspace/IQTree_8_cores_TarvD7_Results/ENSG00000117360.nuc.ord.log

Date and Time: Tue May 26 09:17:04 2026
