IQ-TREE version 3.1.2 for Linux x86 64-bit built May  7 2026
Developed by Bui Quang Minh, Thomas Wong, Nhan Ly-Trong, Huaiyan Ren
Contributed by Lam-Tung Nguyen, Dominik Schrempf, Chris Bielow,
Olga Chernomor, Michael Woodhams, Diep Thi Hoang, Heiko Schmidt

Host:    8084c4e79f09 (AVX512, FMA3, 1133 GB RAM)
Command: /workspace/iqtree-3.1.2-Linux/bin/iqtree3_intel -s /workspace/NeuralNJ/empirical/TarvD7/ENSG00000151914.nuc.ord.aln -st DNA -m GTR+G -T 8 -seed 2201 -pre /workspace/IQTree_8_cores_TarvD7_Results/ENSG00000151914.nuc.ord -quiet
Seed:    2201 (Using SPRNG - Scalable Parallel Random Number Generator)
Time:    Tue May 26 21:08:34 2026
Kernel:  AVX+FMA - 8 threads (384 CPU cores detected)

Reading alignment file /workspace/NeuralNJ/empirical/TarvD7/ENSG00000151914.nuc.ord.aln ... Fasta format detected
Reading fasta file: done in 0.0118921 secs using 95.9% CPU
Alignment most likely contains DNA/RNA sequences
Constructing alignment: done in 0.048758 secs using 696.5% CPU
Alignment has 34 sequences with 23820 columns, 14842 distinct patterns
10269 parsimony-informative, 3565 singleton sites, 9986 constant sites
                   Gap/Ambiguity  Composition  p-value
Analyzing sequences: done in 0.000353098 secs using 602.9% CPU
   1  P001_Platypus       94.48%    passed     87.81%
   2  P002_Opossum         5.92%    failed      0.00%
   3  P003_Wallaby        42.38%    failed      0.00%
   4  P004_Tenrec         18.74%    failed      0.01%
   5  P005_Rock_hyrax     15.05%    failed      0.00%
   6  P006_Elephant       33.73%    failed      0.15%
   7  P007_Armadillo      25.16%    failed      0.00%
   8  P008_Sloth          19.21%    failed      0.00%
   9  P009_Hedgehog       23.01%    failed      0.00%
  10  P010_Common_shrew   15.72%    passed      5.60%
  11  P011_Dolphin        12.57%    failed      0.00%
  12  P012_Cow            43.73%    failed      0.00%
  13  P013_Pig             5.86%    failed      0.00%
  14  P014_Alpaca         18.00%    failed      0.00%
  15  P015_Horse           5.59%    passed     51.27%
  16  P016_Dog            58.10%    passed     19.15%
  17  P018_Megabat         6.65%    failed      0.00%
  18  P019_Microbat       52.27%    failed      0.12%
  19  P020_Rabbit         36.89%    passed     20.53%
  20  P021_Pika           16.60%    passed     13.86%
  21  P022_Squirrel       40.84%    failed      0.46%
  22  P023_Guinea_pig      7.71%    passed     58.37%
  23  P024_Kangaroo_rat   12.59%    failed      0.00%
  24  P025_Mouse           6.89%    failed      0.00%
  25  P026_Rat             7.72%    failed      0.00%
  26  P027_Tree_shrew     19.21%    failed      0.00%
  27  P028_Bushbaby       28.09%    failed      2.89%
  28  P029_Mouse_lemur    24.36%    failed      0.04%
  29  P030_Tarsier        21.81%    failed      0.71%
  30  P031_Marmoset        5.34%    failed      0.00%
  31  P032_Rhesus          4.99%    failed      0.00%
  32  P033_Orangutan      31.22%    failed      0.00%
  33  P035_Chimp           4.97%    failed      0.00%
  34  P036_Human           4.97%    failed      0.00%
WARNING: 3 sequences contain more than 50% gaps/ambiguity
****  TOTAL               22.66%  27 sequences failed composition chi2 test (p-value<5%; df=3)
Checking for duplicate sequences: done in 0.00127196 secs using 459.8% CPU

Create initial parsimony tree by phylogenetic likelihood library (PLL)... 0.034 seconds

NOTE: 65 MB RAM (0 GB) is required!
Estimate model parameters (epsilon = 0.100)
1. Initial log-likelihood: -243677.892
2. Current log-likelihood: -227241.806
3. Current log-likelihood: -227099.439
4. Current log-likelihood: -227097.394
Optimal log-likelihood: -227097.316
Rate parameters:  A-C: 1.32792  A-G: 4.14424  A-T: 0.54192  C-G: 1.21082  C-T: 5.72142  G-T: 1.00000
Base frequencies:  A: 0.330  C: 0.203  G: 0.242  T: 0.225
Gamma shape alpha: 0.520
Parameters optimization took 4 rounds (0.664 sec)
Wrote distance file to... 
Computing ML distances based on estimated model parameters...
Calculating distance matrix: done in 0.00237799 secs using 794.2% CPU
Computing ML distances took 0.003123 sec (of wall-clock time) 0.024828 sec (of CPU time)
Setting up auxiliary I and S matrices: done in 0.000110149 secs using 1127% CPU
Constructing RapidNJ tree: done in 0.00198293 secs using 786.5% CPU
Computing RapidNJ tree took 0.002148 sec (of wall-clock time) 0.018283 sec (of CPU time)
Log-likelihood of RapidNJ tree: -227979.309
--------------------------------------------------------------------
|             INITIALIZING CANDIDATE TREE SET                      |
--------------------------------------------------------------------
Generating 98 parsimony trees... 3.519 second
Computing log-likelihood of 98 initial trees ... 2.765 seconds
Current best score: -227097.316

Do NNI search on 20 best initial trees
Estimate model parameters (epsilon = 0.100)
BETTER TREE FOUND at iteration 1: -226776.908
Estimate model parameters (epsilon = 0.100)
UPDATE BEST LOG-LIKELIHOOD: -226756.136
Iteration 10 / LogL: -226777.196 / Time: 0h:0m:12s
Iteration 20 / LogL: -226758.117 / Time: 0h:0m:17s
Finish initializing candidate tree set (4)
Current best tree score: -226756.136 / CPU time: 16.652
Number of iterations: 20
--------------------------------------------------------------------
|               OPTIMIZING CANDIDATE TREE SET                      |
--------------------------------------------------------------------
Iteration 30 / LogL: -226786.152 / Time: 0h:0m:22s (0h:0m:54s left)
Iteration 40 / LogL: -227206.914 / Time: 0h:0m:26s (0h:0m:41s left)
Iteration 50 / LogL: -227205.197 / Time: 0h:0m:30s (0h:0m:32s left)
Estimate model parameters (epsilon = 0.100)
UPDATE BEST LOG-LIKELIHOOD: -226756.062
Iteration 60 / LogL: -226777.427 / Time: 0h:0m:35s (0h:0m:24s left)
Iteration 70 / LogL: -226756.189 / Time: 0h:0m:40s (0h:0m:18s left)
Iteration 80 / LogL: -227214.284 / Time: 0h:0m:45s (0h:0m:11s left)
Iteration 90 / LogL: -226777.120 / Time: 0h:0m:50s (0h:0m:6s left)
Iteration 100 / LogL: -226805.623 / Time: 0h:0m:55s (0h:0m:0s left)
TREE SEARCH COMPLETED AFTER 102 ITERATIONS / Time: 0h:0m:56s

--------------------------------------------------------------------
|                    FINALIZING TREE SEARCH                        |
--------------------------------------------------------------------
Performs final model parameters optimization
Estimate model parameters (epsilon = 0.010)
1. Initial log-likelihood: -226756.062
Optimal log-likelihood: -226756.051
Rate parameters:  A-C: 1.32008  A-G: 4.15196  A-T: 0.53613  C-G: 1.18739  C-T: 5.73100  G-T: 1.00000
Base frequencies:  A: 0.330  C: 0.203  G: 0.242  T: 0.225
Gamma shape alpha: 0.520
Parameters optimization took 1 rounds (0.102 sec)
BEST SCORE FOUND : -226756.051
Total tree length: 3.194

Total number of iterations: 102
CPU time used for tree search: 425.572 sec (0h:7m:5s)
Wall-clock time used for tree search: 55.000 sec (0h:0m:55s)
Total CPU time used: 434.871 sec (0h:7m:14s)
Total wall-clock time used: 56.186 sec (0h:0m:56s)

Analysis results written to: 
  IQ-TREE report:                /workspace/IQTree_8_cores_TarvD7_Results/ENSG00000151914.nuc.ord.iqtree
  Maximum-likelihood tree:       /workspace/IQTree_8_cores_TarvD7_Results/ENSG00000151914.nuc.ord.treefile
  Likelihood distances:          /workspace/IQTree_8_cores_TarvD7_Results/ENSG00000151914.nuc.ord.mldist
  Screen log file:               /workspace/IQTree_8_cores_TarvD7_Results/ENSG00000151914.nuc.ord.log

Date and Time: Tue May 26 21:09:30 2026
