IQ-TREE version 3.1.2 for Linux x86 64-bit built May  7 2026
Developed by Bui Quang Minh, Thomas Wong, Nhan Ly-Trong, Huaiyan Ren
Contributed by Lam-Tung Nguyen, Dominik Schrempf, Chris Bielow,
Olga Chernomor, Michael Woodhams, Diep Thi Hoang, Heiko Schmidt

Host:    8084c4e79f09 (AVX512, FMA3, 1133 GB RAM)
Command: /workspace/iqtree-3.1.2-Linux/bin/iqtree3_intel -s /workspace/NeuralNJ/empirical/TarvD7/ENSG00000141150.nuc.ord.aln -st DNA -m GTR+G -T 8 -seed 2201 -pre /workspace/IQTree_8_cores_TarvD7_Results/ENSG00000141150.nuc.ord -quiet
Seed:    2201 (Using SPRNG - Scalable Parallel Random Number Generator)
Time:    Tue May 26 17:37:03 2026
Kernel:  AVX+FMA - 8 threads (384 CPU cores detected)

Reading alignment file /workspace/NeuralNJ/empirical/TarvD7/ENSG00000141150.nuc.ord.aln ... Fasta format detected
Reading fasta file: done in 0.000211954 secs using 14.15% CPU
Alignment most likely contains DNA/RNA sequences
Constructing alignment: done in 0.000859976 secs using 290.7% CPU
Alignment has 30 sequences with 651 columns, 184 distinct patterns
94 parsimony-informative, 59 singleton sites, 498 constant sites
                   Gap/Ambiguity  Composition  p-value
Analyzing sequences: done in 1.3113e-05 secs using 526.2% CPU
   1  P002_Opossum         6.45%    passed     64.78%
   2  P003_Wallaby         6.45%    passed     17.16%
   3  P004_Tenrec         39.63%    passed     75.40%
   4  P006_Elephant        6.91%    passed     97.83%
   5  P008_Sloth          25.81%    passed     50.99%
   6  P009_Hedgehog       39.63%    passed     77.17%
   7  P010_Common_shrew   39.63%    passed     83.64%
   8  P011_Dolphin        39.63%    passed     77.84%
   9  P012_Cow             6.45%    passed     89.51%
  10  P013_Pig             6.45%    passed     95.44%
  11  P015_Horse           6.45%    passed     92.75%
  12  P016_Dog             6.45%    passed     86.28%
  13  P017_Cat            47.93%    passed     76.37%
  14  P018_Megabat        11.06%    passed     97.66%
  15  P019_Microbat        6.45%    passed     91.62%
  16  P020_Rabbit         39.63%    passed     83.64%
  17  P021_Pika            6.91%    passed     90.09%
  18  P023_Guinea_pig      6.45%    passed     97.08%
  19  P024_Kangaroo_rat    6.45%    passed     97.83%
  20  P025_Mouse           6.45%    passed     85.70%
  21  P026_Rat             6.45%    passed     89.18%
  22  P027_Tree_shrew     59.45%    passed     43.66%
  23  P028_Bushbaby       40.09%    passed     67.09%
  24  P029_Mouse_lemur     6.45%    passed     89.85%
  25  P031_Marmoset        5.07%    passed     74.12%
  26  P032_Rhesus          6.45%    passed     98.57%
  27  P033_Orangutan       6.45%    passed     99.15%
  28  P034_Gorilla         6.91%    passed     98.98%
  29  P035_Chimp           6.45%    passed     98.42%
  30  P036_Human           6.45%    passed     99.15%
WARNING: 1 sequences contain more than 50% gaps/ambiguity
****  TOTAL               17.05%  0 sequences failed composition chi2 test (p-value<5%; df=3)
Checking for duplicate sequences: done in 8.2016e-05 secs using 795% CPU

Create initial parsimony tree by phylogenetic likelihood library (PLL)... 0.001 seconds

NOTE: 0 MB RAM (0 GB) is required!
WARNING: Number of threads seems too high for short alignments. Use -T AUTO to determine best number of threads.
Estimate model parameters (epsilon = 0.100)
1. Initial log-likelihood: -2836.214
2. Current log-likelihood: -2641.833
3. Current log-likelihood: -2633.062
4. Current log-likelihood: -2632.582
Optimal log-likelihood: -2632.549
Rate parameters:  A-C: 1.04556  A-G: 6.01031  A-T: 0.64980  C-G: 0.70219  C-T: 5.21812  G-T: 1.00000
Base frequencies:  A: 0.183  C: 0.333  G: 0.297  T: 0.187
Gamma shape alpha: 0.166
Parameters optimization took 4 rounds (0.090 sec)
Wrote distance file to... 
Computing ML distances based on estimated model parameters...
Calculating distance matrix: done in 0.000405073 secs using 829.2% CPU
Computing ML distances took 0.000502 sec (of wall-clock time) 0.003867 sec (of CPU time)
Setting up auxiliary I and S matrices: done in 0.000123024 secs using 1175% CPU
Constructing RapidNJ tree: done in 0.00290394 secs using 874% CPU
Computing RapidNJ tree took 0.003084 sec (of wall-clock time) 0.028335 sec (of CPU time)
Log-likelihood of RapidNJ tree: -2652.909
--------------------------------------------------------------------
|             INITIALIZING CANDIDATE TREE SET                      |
--------------------------------------------------------------------
Generating 98 parsimony trees... 0.067 second
Computing log-likelihood of 98 initial trees ... 0.427 seconds
Current best score: -2628.641

Do NNI search on 20 best initial trees
Estimate model parameters (epsilon = 0.100)
BETTER TREE FOUND at iteration 1: -2624.788
Estimate model parameters (epsilon = 0.100)
BETTER TREE FOUND at iteration 3: -2623.946
Estimate model parameters (epsilon = 0.100)
BETTER TREE FOUND at iteration 10: -2623.557
Iteration 10 / LogL: -2623.557 / Time: 0h:0m:1s
Iteration 20 / LogL: -2630.886 / Time: 0h:0m:2s
Finish initializing candidate tree set (20)
Current best tree score: -2623.557 / CPU time: 2.118
Number of iterations: 20
--------------------------------------------------------------------
|               OPTIMIZING CANDIDATE TREE SET                      |
--------------------------------------------------------------------
Estimate model parameters (epsilon = 0.100)
BETTER TREE FOUND at iteration 23: -2623.184
Estimate model parameters (epsilon = 0.100)
BETTER TREE FOUND at iteration 24: -2622.811
Iteration 30 / LogL: -2623.308 / Time: 0h:0m:3s (0h:0m:10s left)
BETTER TREE FOUND at iteration 38: -2622.811
Iteration 40 / LogL: -2626.156 / Time: 0h:0m:4s (0h:0m:10s left)
Estimate model parameters (epsilon = 0.100)
BETTER TREE FOUND at iteration 42: -2621.439
UPDATE BEST LOG-LIKELIHOOD: -2621.439
Iteration 50 / LogL: -2621.606 / Time: 0h:0m:5s (0h:0m:9s left)
Iteration 60 / LogL: -2621.439 / Time: 0h:0m:6s (0h:0m:8s left)
UPDATE BEST LOG-LIKELIHOOD: -2621.439
UPDATE BEST LOG-LIKELIHOOD: -2621.439
Iteration 70 / LogL: -2621.606 / Time: 0h:0m:6s (0h:0m:7s left)
Iteration 80 / LogL: -2621.650 / Time: 0h:0m:7s (0h:0m:5s left)
BETTER TREE FOUND at iteration 84: -2621.438
Iteration 90 / LogL: -2621.439 / Time: 0h:0m:8s (0h:0m:8s left)
BETTER TREE FOUND at iteration 93: -2621.438
UPDATE BEST LOG-LIKELIHOOD: -2621.438
Iteration 100 / LogL: -2625.089 / Time: 0h:0m:8s (0h:0m:8s left)
UPDATE BEST LOG-LIKELIHOOD: -2621.438
Iteration 110 / LogL: -2621.438 / Time: 0h:0m:9s (0h:0m:7s left)
Iteration 120 / LogL: -2621.439 / Time: 0h:0m:10s (0h:0m:6s left)
Iteration 130 / LogL: -2621.492 / Time: 0h:0m:10s (0h:0m:5s left)
Iteration 140 / LogL: -2621.960 / Time: 0h:0m:11s (0h:0m:4s left)
Iteration 150 / LogL: -2621.438 / Time: 0h:0m:12s (0h:0m:3s left)
Iteration 160 / LogL: -2621.438 / Time: 0h:0m:13s (0h:0m:2s left)
Iteration 170 / LogL: -2622.015 / Time: 0h:0m:13s (0h:0m:1s left)
UPDATE BEST LOG-LIKELIHOOD: -2621.438
UPDATE BEST LOG-LIKELIHOOD: -2621.438
Iteration 180 / LogL: -2621.438 / Time: 0h:0m:14s (0h:0m:1s left)
Iteration 190 / LogL: -2621.438 / Time: 0h:0m:15s (0h:0m:0s left)
TREE SEARCH COMPLETED AFTER 194 ITERATIONS / Time: 0h:0m:15s

--------------------------------------------------------------------
|                    FINALIZING TREE SEARCH                        |
--------------------------------------------------------------------
Performs final model parameters optimization
Estimate model parameters (epsilon = 0.010)
1. Initial log-likelihood: -2621.438
Optimal log-likelihood: -2621.438
Rate parameters:  A-C: 1.09422  A-G: 6.73710  A-T: 0.77745  C-G: 0.76725  C-T: 6.16035  G-T: 1.00000
Base frequencies:  A: 0.183  C: 0.333  G: 0.297  T: 0.187
Gamma shape alpha: 0.164
Parameters optimization took 1 rounds (0.006 sec)
BEST SCORE FOUND : -2621.438
Total tree length: 0.968

Total number of iterations: 194
CPU time used for tree search: 124.735 sec (0h:2m:4s)
Wall-clock time used for tree search: 15.605 sec (0h:0m:15s)
Total CPU time used: 125.769 sec (0h:2m:5s)
Total wall-clock time used: 15.733 sec (0h:0m:15s)

Analysis results written to: 
  IQ-TREE report:                /workspace/IQTree_8_cores_TarvD7_Results/ENSG00000141150.nuc.ord.iqtree
  Maximum-likelihood tree:       /workspace/IQTree_8_cores_TarvD7_Results/ENSG00000141150.nuc.ord.treefile
  Likelihood distances:          /workspace/IQTree_8_cores_TarvD7_Results/ENSG00000141150.nuc.ord.mldist
  Screen log file:               /workspace/IQTree_8_cores_TarvD7_Results/ENSG00000141150.nuc.ord.log

Date and Time: Tue May 26 17:37:19 2026
