IQ-TREE version 3.1.2 for Linux x86 64-bit built May  7 2026
Developed by Bui Quang Minh, Thomas Wong, Nhan Ly-Trong, Huaiyan Ren
Contributed by Lam-Tung Nguyen, Dominik Schrempf, Chris Bielow,
Olga Chernomor, Michael Woodhams, Diep Thi Hoang, Heiko Schmidt

Host:    8084c4e79f09 (AVX512, FMA3, 1133 GB RAM)
Command: /workspace/iqtree-3.1.2-Linux/bin/iqtree3_intel -s /workspace/NeuralNJ/empirical/TarvD7/ENSG00000162643.nuc.ord.aln -st DNA -m GTR+G -T 8 -seed 2201 -pre /workspace/IQTree_8_cores_TarvD7_Results/ENSG00000162643.nuc.ord -quiet
Seed:    2201 (Using SPRNG - Scalable Parallel Random Number Generator)
Time:    Wed May 27 00:15:50 2026
Kernel:  AVX+FMA - 8 threads (384 CPU cores detected)

Reading alignment file /workspace/NeuralNJ/empirical/TarvD7/ENSG00000162643.nuc.ord.aln ... Fasta format detected
Reading fasta file: done in 0.000897884 secs using 31.63% CPU
Alignment most likely contains DNA/RNA sequences
Constructing alignment: done in 0.00419116 secs using 760.9% CPU
Alignment has 34 sequences with 2901 columns, 1994 distinct patterns
1293 parsimony-informative, 494 singleton sites, 1114 constant sites
                   Gap/Ambiguity  Composition  p-value
Analyzing sequences: done in 8.79765e-05 secs using 599% CPU
   1  P002_Opossum        12.10%    passed     47.25%
   2  P003_Wallaby        35.57%    passed     22.84%
   3  P004_Tenrec         26.27%    passed      7.69%
   4  P005_Rock_hyrax     23.37%    passed     87.88%
   5  P006_Elephant        8.48%    passed     68.19%
   6  P007_Armadillo      16.34%    passed     70.54%
   7  P008_Sloth          27.51%    passed     36.17%
   8  P009_Hedgehog       16.86%    passed     66.78%
   9  P010_Common_shrew   25.03%    passed     13.86%
  10  P011_Dolphin        17.37%    passed     69.80%
  11  P012_Cow            63.29%    passed     47.54%
  12  P013_Pig             7.76%    failed      0.84%
  13  P014_Alpaca         20.79%    passed     38.40%
  14  P015_Horse          11.38%    passed     97.74%
  15  P016_Dog             7.34%    passed     76.06%
  16  P017_Cat            38.78%    passed     59.41%
  17  P018_Megabat        16.13%    passed     56.78%
  18  P019_Microbat       33.30%    failed      1.48%
  19  P020_Rabbit         19.75%    passed     94.36%
  20  P021_Pika           27.30%    passed     74.46%
  21  P022_Squirrel       50.47%    failed      4.31%
  22  P023_Guinea_pig      7.76%    passed     68.09%
  23  P024_Kangaroo_rat   34.75%    passed     33.15%
  24  P025_Mouse          23.78%    failed      0.00%
  25  P026_Rat             4.96%    failed      0.00%
  26  P027_Tree_shrew     39.81%    passed     82.95%
  27  P028_Bushbaby       33.30%    passed     13.57%
  28  P029_Mouse_lemur    42.30%    passed     86.10%
  29  P030_Tarsier        12.00%    passed     94.48%
  30  P031_Marmoset        7.65%    passed     36.68%
  31  P032_Rhesus          7.86%    passed     26.41%
  32  P033_Orangutan       7.86%    passed     32.60%
  33  P035_Chimp           7.86%    passed     19.60%
  34  P036_Human           7.86%    passed     25.21%
WARNING: 2 sequences contain more than 50% gaps/ambiguity
****  TOTAL               21.85%  5 sequences failed composition chi2 test (p-value<5%; df=3)
Checking for duplicate sequences: done in 0.000187159 secs using 610.7% CPU

Create initial parsimony tree by phylogenetic likelihood library (PLL)... 0.004 seconds

NOTE: 8 MB RAM (0 GB) is required!
Estimate model parameters (epsilon = 0.100)
1. Initial log-likelihood: -31972.018
2. Current log-likelihood: -30023.298
3. Current log-likelihood: -29999.173
4. Current log-likelihood: -29998.775
Optimal log-likelihood: -29998.744
Rate parameters:  A-C: 1.73050  A-G: 5.44076  A-T: 1.12920  C-G: 2.04188  C-T: 6.87191  G-T: 1.00000
Base frequencies:  A: 0.338  C: 0.209  G: 0.212  T: 0.242
Gamma shape alpha: 0.546
Parameters optimization took 4 rounds (0.146 sec)
Wrote distance file to... 
Computing ML distances based on estimated model parameters...
Calculating distance matrix: done in 0.000639915 secs using 814.6% CPU
Computing ML distances took 0.000796 sec (of wall-clock time) 0.006205 sec (of CPU time)
Setting up auxiliary I and S matrices: done in 9.29832e-05 secs using 1078% CPU
Constructing RapidNJ tree: done in 0.00182605 secs using 843.2% CPU
Computing RapidNJ tree took 0.001954 sec (of wall-clock time) 0.016976 sec (of CPU time)
Log-likelihood of RapidNJ tree: -30155.636
--------------------------------------------------------------------
|             INITIALIZING CANDIDATE TREE SET                      |
--------------------------------------------------------------------
Generating 98 parsimony trees... 0.474 second
Computing log-likelihood of 98 initial trees ... 0.683 seconds
Current best score: -29998.744

Do NNI search on 20 best initial trees
Estimate model parameters (epsilon = 0.100)
BETTER TREE FOUND at iteration 1: -29979.031
Estimate model parameters (epsilon = 0.100)
BETTER TREE FOUND at iteration 7: -29965.071
Iteration 10 / LogL: -29980.031 / Time: 0h:0m:2s
Iteration 20 / LogL: -29990.353 / Time: 0h:0m:3s
Finish initializing candidate tree set (10)
Current best tree score: -29965.071 / CPU time: 3.466
Number of iterations: 20
--------------------------------------------------------------------
|               OPTIMIZING CANDIDATE TREE SET                      |
--------------------------------------------------------------------
Iteration 30 / LogL: -29965.305 / Time: 0h:0m:4s (0h:0m:12s left)
Estimate model parameters (epsilon = 0.100)
BETTER TREE FOUND at iteration 34: -29964.694
Iteration 40 / LogL: -29965.116 / Time: 0h:0m:6s (0h:0m:14s left)
Iteration 50 / LogL: -29965.103 / Time: 0h:0m:7s (0h:0m:12s left)
Iteration 60 / LogL: -29979.215 / Time: 0h:0m:8s (0h:0m:10s left)
Estimate model parameters (epsilon = 0.100)
BETTER TREE FOUND at iteration 63: -29962.629
Iteration 70 / LogL: -29965.012 / Time: 0h:0m:9s (0h:0m:13s left)
Iteration 80 / LogL: -29967.449 / Time: 0h:0m:10s (0h:0m:11s left)
Iteration 90 / LogL: -29962.632 / Time: 0h:0m:12s (0h:0m:9s left)
Iteration 100 / LogL: -29965.121 / Time: 0h:0m:13s (0h:0m:8s left)
Iteration 110 / LogL: -29965.102 / Time: 0h:0m:14s (0h:0m:7s left)
Iteration 120 / LogL: -29964.877 / Time: 0h:0m:15s (0h:0m:5s left)
Iteration 130 / LogL: -29963.323 / Time: 0h:0m:16s (0h:0m:4s left)
Iteration 140 / LogL: -29962.918 / Time: 0h:0m:18s (0h:0m:2s left)
Iteration 150 / LogL: -29962.916 / Time: 0h:0m:19s (0h:0m:1s left)
Iteration 160 / LogL: -29962.854 / Time: 0h:0m:20s (0h:0m:0s left)
TREE SEARCH COMPLETED AFTER 164 ITERATIONS / Time: 0h:0m:20s

--------------------------------------------------------------------
|                    FINALIZING TREE SEARCH                        |
--------------------------------------------------------------------
Performs final model parameters optimization
Estimate model parameters (epsilon = 0.010)
1. Initial log-likelihood: -29962.629
Optimal log-likelihood: -29962.625
Rate parameters:  A-C: 1.74978  A-G: 5.49328  A-T: 1.12323  C-G: 2.05052  C-T: 6.84135  G-T: 1.00000
Base frequencies:  A: 0.338  C: 0.209  G: 0.212  T: 0.242
Gamma shape alpha: 0.542
Parameters optimization took 1 rounds (0.018 sec)
BEST SCORE FOUND : -29962.625
Total tree length: 3.931

Total number of iterations: 164
CPU time used for tree search: 162.188 sec (0h:2m:42s)
Wall-clock time used for tree search: 20.770 sec (0h:0m:20s)
Total CPU time used: 163.873 sec (0h:2m:43s)
Total wall-clock time used: 20.983 sec (0h:0m:20s)

Analysis results written to: 
  IQ-TREE report:                /workspace/IQTree_8_cores_TarvD7_Results/ENSG00000162643.nuc.ord.iqtree
  Maximum-likelihood tree:       /workspace/IQTree_8_cores_TarvD7_Results/ENSG00000162643.nuc.ord.treefile
  Likelihood distances:          /workspace/IQTree_8_cores_TarvD7_Results/ENSG00000162643.nuc.ord.mldist
  Screen log file:               /workspace/IQTree_8_cores_TarvD7_Results/ENSG00000162643.nuc.ord.log

Date and Time: Wed May 27 00:16:11 2026
