IQ-TREE version 3.1.2 for Linux x86 64-bit built May  7 2026
Developed by Bui Quang Minh, Thomas Wong, Nhan Ly-Trong, Huaiyan Ren
Contributed by Lam-Tung Nguyen, Dominik Schrempf, Chris Bielow,
Olga Chernomor, Michael Woodhams, Diep Thi Hoang, Heiko Schmidt

Host:    8084c4e79f09 (AVX512, FMA3, 1133 GB RAM)
Command: /workspace/iqtree-3.1.2-Linux/bin/iqtree3_intel -s /workspace/NeuralNJ/empirical/TarvD7/ENSG00000005073.nuc.ord.aln -st DNA -m GTR+G -T 8 -seed 2201 -pre /workspace/IQTree_8_cores_TarvD7_Results/ENSG00000005073.nuc.ord -quiet
Seed:    2201 (Using SPRNG - Scalable Parallel Random Number Generator)
Time:    Mon May 25 20:55:45 2026
Kernel:  AVX+FMA - 8 threads (384 CPU cores detected)

Reading alignment file /workspace/NeuralNJ/empirical/TarvD7/ENSG00000005073.nuc.ord.aln ... Fasta format detected
Reading fasta file: done in 0.00056386 secs using 5.853% CPU
Alignment most likely contains DNA/RNA sequences
Constructing alignment: done in 0.00230193 secs using 754.1% CPU
Alignment has 29 sequences with 1251 columns, 517 distinct patterns
181 parsimony-informative, 232 singleton sites, 838 constant sites
                   Gap/Ambiguity  Composition  p-value
Analyzing sequences: done in 1.78814e-05 secs using 100.7% CPU
   1  P001_Platypus       43.88%    passed     62.21%
   2  P002_Opossum        25.42%    passed     22.19%
   3  P004_Tenrec         43.88%    failed      2.53%
   4  P005_Rock_hyrax     43.17%    failed      4.60%
   5  P008_Sloth          25.66%    passed     93.54%
   6  P009_Hedgehog       32.85%    passed     40.35%
   7  P011_Dolphin        25.42%    passed     91.81%
   8  P012_Cow            24.22%    passed     88.16%
   9  P013_Pig            37.17%    failed      1.04%
  10  P015_Horse          31.18%    passed     35.86%
  11  P016_Dog            29.02%    passed      9.25%
  12  P017_Cat            28.78%    passed     94.83%
  13  P018_Megabat        24.70%    passed     66.45%
  14  P019_Microbat       55.64%    passed     51.91%
  15  P020_Rabbit         25.42%    passed     62.19%
  16  P022_Squirrel       51.80%    failed      0.27%
  17  P023_Guinea_pig     35.73%    passed     29.76%
  18  P024_Kangaroo_rat   23.98%    passed     80.39%
  19  P025_Mouse          24.94%    passed     89.74%
  20  P026_Rat            24.94%    passed     87.01%
  21  P028_Bushbaby       25.18%    passed     68.72%
  22  P029_Mouse_lemur    29.74%    passed     92.87%
  23  P030_Tarsier        43.65%    failed      3.59%
  24  P031_Marmoset       24.70%    passed     80.44%
  25  P032_Rhesus         25.42%    passed     93.92%
  26  P033_Orangutan      24.46%    passed     97.58%
  27  P034_Gorilla        44.84%    passed     66.43%
  28  P035_Chimp          24.94%    passed     92.10%
  29  P036_Human          24.94%    passed     94.17%
WARNING: 2 sequences contain more than 50% gaps/ambiguity
****  TOTAL               31.92%  5 sequences failed composition chi2 test (p-value<5%; df=3)
Checking for duplicate sequences: done in 0.000127077 secs using 800.3% CPU

Create initial parsimony tree by phylogenetic likelihood library (PLL)... 0.002 seconds

NOTE: 1 MB RAM (0 GB) is required!
WARNING: Number of threads seems too high for short alignments. Use -T AUTO to determine best number of threads.
Estimate model parameters (epsilon = 0.100)
1. Initial log-likelihood: -5916.410
2. Current log-likelihood: -5701.511
3. Current log-likelihood: -5697.994
Optimal log-likelihood: -5697.933
Rate parameters:  A-C: 0.87613  A-G: 2.86453  A-T: 0.88890  C-G: 0.99680  C-T: 2.31136  G-T: 1.00000
Base frequencies:  A: 0.214  C: 0.344  G: 0.270  T: 0.172
Gamma shape alpha: 0.425
Parameters optimization took 3 rounds (0.043 sec)
Wrote distance file to... 
Computing ML distances based on estimated model parameters...
Calculating distance matrix: done in 0.000380993 secs using 800.5% CPU
Computing ML distances took 0.000429 sec (of wall-clock time) 0.003212 sec (of CPU time)
Setting up auxiliary I and S matrices: done in 8.98838e-05 secs using 1729% CPU
Constructing RapidNJ tree: done in 0.00206399 secs using 766.2% CPU
Computing RapidNJ tree took 0.002192 sec (of wall-clock time) 0.020504 sec (of CPU time)
Log-likelihood of RapidNJ tree: -5803.744
--------------------------------------------------------------------
|             INITIALIZING CANDIDATE TREE SET                      |
--------------------------------------------------------------------
Generating 98 parsimony trees... 0.098 second
Computing log-likelihood of 98 initial trees ... 0.276 seconds
Current best score: -5697.933

Do NNI search on 20 best initial trees
Estimate model parameters (epsilon = 0.100)
BETTER TREE FOUND at iteration 1: -5694.827
Estimate model parameters (epsilon = 0.100)
BETTER TREE FOUND at iteration 2: -5693.686
Iteration 10 / LogL: -5695.863 / Time: 0h:0m:0s
Iteration 20 / LogL: -5695.711 / Time: 0h:0m:1s
Finish initializing candidate tree set (12)
Current best tree score: -5693.686 / CPU time: 1.191
Number of iterations: 20
--------------------------------------------------------------------
|               OPTIMIZING CANDIDATE TREE SET                      |
--------------------------------------------------------------------
UPDATE BEST LOG-LIKELIHOOD: -5693.686
Estimate model parameters (epsilon = 0.100)
UPDATE BEST LOG-LIKELIHOOD: -5693.636
Iteration 30 / LogL: -5696.466 / Time: 0h:0m:1s (0h:0m:4s left)
Iteration 40 / LogL: -5701.938 / Time: 0h:0m:2s (0h:0m:3s left)
Estimate model parameters (epsilon = 0.100)
BETTER TREE FOUND at iteration 46: -5693.471
Estimate model parameters (epsilon = 0.100)
BETTER TREE FOUND at iteration 49: -5693.338
Iteration 50 / LogL: -5693.739 / Time: 0h:0m:2s (0h:0m:5s left)
Iteration 60 / LogL: -5693.397 / Time: 0h:0m:3s (0h:0m:4s left)
Iteration 70 / LogL: -5693.346 / Time: 0h:0m:3s (0h:0m:4s left)
Iteration 80 / LogL: -5698.364 / Time: 0h:0m:4s (0h:0m:3s left)
Iteration 90 / LogL: -5693.360 / Time: 0h:0m:4s (0h:0m:3s left)
Iteration 100 / LogL: -5693.453 / Time: 0h:0m:5s (0h:0m:2s left)
Iteration 110 / LogL: -5697.846 / Time: 0h:0m:5s (0h:0m:2s left)
Iteration 120 / LogL: -5698.463 / Time: 0h:0m:6s (0h:0m:1s left)
UPDATE BEST LOG-LIKELIHOOD: -5693.338
Iteration 130 / LogL: -5695.616 / Time: 0h:0m:6s (0h:0m:1s left)
Iteration 140 / LogL: -5697.803 / Time: 0h:0m:7s (0h:0m:0s left)
Iteration 150 / LogL: -5693.342 / Time: 0h:0m:8s (0h:0m:-1s left)
TREE SEARCH COMPLETED AFTER 150 ITERATIONS / Time: 0h:0m:8s

--------------------------------------------------------------------
|                    FINALIZING TREE SEARCH                        |
--------------------------------------------------------------------
Performs final model parameters optimization
Estimate model parameters (epsilon = 0.010)
1. Initial log-likelihood: -5693.338
Optimal log-likelihood: -5693.336
Rate parameters:  A-C: 0.89205  A-G: 2.82250  A-T: 0.89607  C-G: 0.96748  C-T: 2.41219  G-T: 1.00000
Base frequencies:  A: 0.214  C: 0.344  G: 0.270  T: 0.172
Gamma shape alpha: 0.418
Parameters optimization took 1 rounds (0.006 sec)
BEST SCORE FOUND : -5693.336
Total tree length: 1.360

Total number of iterations: 150
CPU time used for tree search: 64.313 sec (0h:1m:4s)
Wall-clock time used for tree search: 8.044 sec (0h:0m:8s)
Total CPU time used: 64.946 sec (0h:1m:4s)
Total wall-clock time used: 8.123 sec (0h:0m:8s)

Analysis results written to: 
  IQ-TREE report:                /workspace/IQTree_8_cores_TarvD7_Results/ENSG00000005073.nuc.ord.iqtree
  Maximum-likelihood tree:       /workspace/IQTree_8_cores_TarvD7_Results/ENSG00000005073.nuc.ord.treefile
  Likelihood distances:          /workspace/IQTree_8_cores_TarvD7_Results/ENSG00000005073.nuc.ord.mldist
  Screen log file:               /workspace/IQTree_8_cores_TarvD7_Results/ENSG00000005073.nuc.ord.log

Date and Time: Mon May 25 20:55:54 2026
