IQ-TREE version 3.1.2 for Linux x86 64-bit built May  7 2026
Developed by Bui Quang Minh, Thomas Wong, Nhan Ly-Trong, Huaiyan Ren
Contributed by Lam-Tung Nguyen, Dominik Schrempf, Chris Bielow,
Olga Chernomor, Michael Woodhams, Diep Thi Hoang, Heiko Schmidt

Host:    8084c4e79f09 (AVX512, FMA3, 1133 GB RAM)
Command: /workspace/iqtree-3.1.2-Linux/bin/iqtree3_intel -s /workspace/NeuralNJ/empirical/TarvD7/ENSG00000161328.nuc.ord.aln -st DNA -m GTR+G -T 8 -seed 2201 -pre /workspace/IQTree_8_cores_TarvD7_Results/ENSG00000161328.nuc.ord -quiet
Seed:    2201 (Using SPRNG - Scalable Parallel Random Number Generator)
Time:    Tue May 26 23:52:48 2026
Kernel:  AVX+FMA - 8 threads (384 CPU cores detected)

Reading alignment file /workspace/NeuralNJ/empirical/TarvD7/ENSG00000161328.nuc.ord.aln ... Fasta format detected
Reading fasta file: done in 0.000794888 secs using 35.6% CPU
Alignment most likely contains DNA/RNA sequences
Constructing alignment: done in 0.00392485 secs using 767.9% CPU
Alignment has 27 sequences with 1932 columns, 1488 distinct patterns
971 parsimony-informative, 400 singleton sites, 561 constant sites
                   Gap/Ambiguity  Composition  p-value
Analyzing sequences: done in 3.69549e-05 secs using 262.5% CPU
   1  P002_Opossum        46.74%    passed     71.58%
   2  P003_Wallaby        56.21%    failed      0.00%
   3  P004_Tenrec         65.84%    passed     84.48%
   4  P005_Rock_hyrax     19.10%    passed     80.21%
   5  P007_Armadillo      57.14%    failed      0.55%
   6  P010_Common_shrew   44.41%    failed      1.46%
   7  P011_Dolphin        15.06%    failed      0.04%
   8  P015_Horse          13.98%    passed     71.24%
   9  P016_Dog            13.82%    passed     59.38%
  10  P017_Cat            15.53%    passed     67.36%
  11  P018_Megabat        15.37%    failed      0.88%
  12  P019_Microbat       20.65%    passed     65.88%
  13  P021_Pika           37.27%    passed     76.93%
  14  P022_Squirrel       25.16%    passed     16.50%
  15  P023_Guinea_pig     15.84%    failed      0.91%
  16  P024_Kangaroo_rat   20.50%    passed      6.05%
  17  P025_Mouse          14.29%    failed      0.00%
  18  P026_Rat            14.91%    failed      0.00%
  19  P027_Tree_shrew     38.66%    passed      5.35%
  20  P028_Bushbaby       18.48%    passed     40.43%
  21  P029_Mouse_lemur    39.44%    passed      7.95%
  22  P031_Marmoset       15.99%    passed     68.06%
  23  P032_Rhesus         15.84%    passed     75.68%
  24  P033_Orangutan      15.84%    passed     40.17%
  25  P034_Gorilla        18.01%    passed     67.12%
  26  P035_Chimp          25.16%    passed     67.92%
  27  P036_Human          15.84%    passed     56.94%
WARNING: 3 sequences contain more than 50% gaps/ambiguity
****  TOTAL               26.48%  8 sequences failed composition chi2 test (p-value<5%; df=3)
Checking for duplicate sequences: done in 0.000189066 secs using 807.7% CPU

Create initial parsimony tree by phylogenetic likelihood library (PLL)... 0.005 seconds

NOTE: 5 MB RAM (0 GB) is required!
Estimate model parameters (epsilon = 0.100)
1. Initial log-likelihood: -20831.555
2. Current log-likelihood: -19578.930
3. Current log-likelihood: -19563.604
Optimal log-likelihood: -19563.565
Rate parameters:  A-C: 1.14529  A-G: 3.85010  A-T: 1.20323  C-G: 0.77590  C-T: 4.08028  G-T: 1.00000
Base frequencies:  A: 0.186  C: 0.349  G: 0.307  T: 0.158
Gamma shape alpha: 1.134
Parameters optimization took 3 rounds (0.074 sec)
Wrote distance file to... 
Computing ML distances based on estimated model parameters...
Calculating distance matrix: done in 0.000342846 secs using 856.1% CPU
Computing ML distances took 0.000447 sec (of wall-clock time) 0.003523 sec (of CPU time)
Setting up auxiliary I and S matrices: done in 7.20024e-05 secs using 1192% CPU
Constructing RapidNJ tree: done in 0.00133991 secs using 724% CPU
Computing RapidNJ tree took 0.001461 sec (of wall-clock time) 0.012677 sec (of CPU time)
Log-likelihood of RapidNJ tree: -19599.179
--------------------------------------------------------------------
|             INITIALIZING CANDIDATE TREE SET                      |
--------------------------------------------------------------------
Generating 98 parsimony trees... 0.254 second
Computing log-likelihood of 98 initial trees ... 0.469 seconds
Current best score: -19563.565

Do NNI search on 20 best initial trees
Estimate model parameters (epsilon = 0.100)
BETTER TREE FOUND at iteration 1: -19546.682
Estimate model parameters (epsilon = 0.100)
BETTER TREE FOUND at iteration 2: -19538.819
Iteration 10 / LogL: -19539.116 / Time: 0h:0m:1s
Iteration 20 / LogL: -19539.948 / Time: 0h:0m:2s
Finish initializing candidate tree set (12)
Current best tree score: -19538.819 / CPU time: 2.358
Number of iterations: 20
--------------------------------------------------------------------
|               OPTIMIZING CANDIDATE TREE SET                      |
--------------------------------------------------------------------
Estimate model parameters (epsilon = 0.100)
BETTER TREE FOUND at iteration 21: -19536.684
Iteration 30 / LogL: -19536.706 / Time: 0h:0m:3s (0h:0m:10s left)
Iteration 40 / LogL: -19536.915 / Time: 0h:0m:4s (0h:0m:8s left)
Iteration 50 / LogL: -19536.696 / Time: 0h:0m:4s (0h:0m:7s left)
Iteration 60 / LogL: -19551.528 / Time: 0h:0m:5s (0h:0m:5s left)
Iteration 70 / LogL: -19550.950 / Time: 0h:0m:6s (0h:0m:4s left)
Iteration 80 / LogL: -19538.294 / Time: 0h:0m:7s (0h:0m:3s left)
Iteration 90 / LogL: -19537.838 / Time: 0h:0m:8s (0h:0m:2s left)
Iteration 100 / LogL: -19537.288 / Time: 0h:0m:9s (0h:0m:1s left)
Iteration 110 / LogL: -19551.480 / Time: 0h:0m:10s (0h:0m:1s left)
Iteration 120 / LogL: -19539.749 / Time: 0h:0m:10s (0h:0m:0s left)
TREE SEARCH COMPLETED AFTER 122 ITERATIONS / Time: 0h:0m:11s

--------------------------------------------------------------------
|                    FINALIZING TREE SEARCH                        |
--------------------------------------------------------------------
Performs final model parameters optimization
Estimate model parameters (epsilon = 0.010)
1. Initial log-likelihood: -19536.684
Optimal log-likelihood: -19536.683
Rate parameters:  A-C: 1.14015  A-G: 3.85962  A-T: 1.19664  C-G: 0.77878  C-T: 4.07492  G-T: 1.00000
Base frequencies:  A: 0.186  C: 0.349  G: 0.307  T: 0.158
Gamma shape alpha: 1.120
Parameters optimization took 1 rounds (0.010 sec)
BEST SCORE FOUND : -19536.683
Total tree length: 4.354

Total number of iterations: 122
CPU time used for tree search: 86.452 sec (0h:1m:26s)
Wall-clock time used for tree search: 10.965 sec (0h:0m:10s)
Total CPU time used: 87.441 sec (0h:1m:27s)
Total wall-clock time used: 11.090 sec (0h:0m:11s)

Analysis results written to: 
  IQ-TREE report:                /workspace/IQTree_8_cores_TarvD7_Results/ENSG00000161328.nuc.ord.iqtree
  Maximum-likelihood tree:       /workspace/IQTree_8_cores_TarvD7_Results/ENSG00000161328.nuc.ord.treefile
  Likelihood distances:          /workspace/IQTree_8_cores_TarvD7_Results/ENSG00000161328.nuc.ord.mldist
  Screen log file:               /workspace/IQTree_8_cores_TarvD7_Results/ENSG00000161328.nuc.ord.log

Date and Time: Tue May 26 23:52:59 2026
