IQ-TREE version 3.1.2 for Linux x86 64-bit built May  7 2026
Developed by Bui Quang Minh, Thomas Wong, Nhan Ly-Trong, Huaiyan Ren
Contributed by Lam-Tung Nguyen, Dominik Schrempf, Chris Bielow,
Olga Chernomor, Michael Woodhams, Diep Thi Hoang, Heiko Schmidt

Host:    8084c4e79f09 (AVX512, FMA3, 1133 GB RAM)
Command: /workspace/iqtree-3.1.2-Linux/bin/iqtree3_intel -s /workspace/NeuralNJ/empirical/TarvD7/ENSG00000197776.nuc.ord.aln -st DNA -m GTR+G -T 8 -seed 2201 -pre /workspace/IQTree_8_cores_TarvD7_Results/ENSG00000197776.nuc.ord -quiet
Seed:    2201 (Using SPRNG - Scalable Parallel Random Number Generator)
Time:    Wed May 27 11:42:07 2026
Kernel:  AVX+FMA - 8 threads (384 CPU cores detected)

Reading alignment file /workspace/NeuralNJ/empirical/TarvD7/ENSG00000197776.nuc.ord.aln ... Fasta format detected
Reading fasta file: done in 0.00050211 secs using 68.91% CPU
Alignment most likely contains DNA/RNA sequences
Constructing alignment: done in 0.00164104 secs using 769% CPU
Alignment has 34 sequences with 1230 columns, 696 distinct patterns
345 parsimony-informative, 212 singleton sites, 673 constant sites
                   Gap/Ambiguity  Composition  p-value
Analyzing sequences: done in 2.59876e-05 secs using 261.7% CPU
   1  P001_Platypus        6.83%    passed     97.24%
   2  P002_Opossum         3.17%    passed     32.57%
   3  P003_Wallaby        35.61%    passed     74.71%
   4  P004_Tenrec          5.61%    passed     94.21%
   5  P005_Rock_hyrax     19.02%    passed     85.85%
   6  P006_Elephant       14.63%    passed     95.38%
   7  P007_Armadillo      32.93%    passed     98.61%
   8  P008_Sloth          41.22%    passed     38.02%
   9  P009_Hedgehog       36.83%    passed     38.84%
  10  P010_Common_shrew    3.17%    passed     57.55%
  11  P011_Dolphin         1.22%    passed     99.54%
  12  P012_Cow             0.98%    passed     98.74%
  13  P013_Pig             0.98%    passed     95.32%
  14  P014_Alpaca          8.78%    passed     91.28%
  15  P015_Horse          10.24%    passed     93.85%
  16  P016_Dog             0.98%    passed     99.15%
  17  P017_Cat            38.54%    passed     31.01%
  18  P018_Megabat         0.98%    passed     95.80%
  19  P019_Microbat       34.39%    passed     50.78%
  20  P020_Rabbit          9.27%    passed     89.96%
  21  P021_Pika           18.54%    passed     82.25%
  22  P022_Squirrel       28.05%    passed     95.83%
  23  P024_Kangaroo_rat    1.22%    passed     91.01%
  24  P025_Mouse           0.98%    failed      2.15%
  25  P026_Rat             0.98%    failed      0.58%
  26  P028_Bushbaby       36.10%    passed     80.37%
  27  P029_Mouse_lemur    49.02%    failed      3.22%
  28  P030_Tarsier        23.66%    passed     74.60%
  29  P031_Marmoset        3.17%    passed     98.05%
  30  P032_Rhesus          0.24%    passed     96.51%
  31  P033_Orangutan      22.68%    passed     12.77%
  32  P034_Gorilla         9.76%    passed     98.55%
  33  P035_Chimp           8.78%    passed     36.24%
  34  P036_Human           0.98%    passed     98.07%
****  TOTAL               14.99%  3 sequences failed composition chi2 test (p-value<5%; df=3)
Checking for duplicate sequences: done in 0.000119925 secs using 784.7% CPU

Create initial parsimony tree by phylogenetic likelihood library (PLL)... 0.002 seconds

NOTE: 3 MB RAM (0 GB) is required!
WARNING: Number of threads seems too high for short alignments. Use -T AUTO to determine best number of threads.
Estimate model parameters (epsilon = 0.100)
1. Initial log-likelihood: -8788.196
2. Current log-likelihood: -8306.208
3. Current log-likelihood: -8302.958
Optimal log-likelihood: -8302.931
Rate parameters:  A-C: 1.82776  A-G: 4.53979  A-T: 0.64922  C-G: 1.03775  C-T: 5.44784  G-T: 1.00000
Base frequencies:  A: 0.314  C: 0.181  G: 0.230  T: 0.276
Gamma shape alpha: 0.415
Parameters optimization took 3 rounds (0.084 sec)
Wrote distance file to... 
Computing ML distances based on estimated model parameters...
Calculating distance matrix: done in 0.000511885 secs using 750.8% CPU
Computing ML distances took 0.000605 sec (of wall-clock time) 0.003940 sec (of CPU time)
Setting up auxiliary I and S matrices: done in 0.000111818 secs using 1153% CPU
Constructing RapidNJ tree: done in 0.00266194 secs using 900.7% CPU
Computing RapidNJ tree took 0.002808 sec (of wall-clock time) 0.025690 sec (of CPU time)
Log-likelihood of RapidNJ tree: -8371.335
--------------------------------------------------------------------
|             INITIALIZING CANDIDATE TREE SET                      |
--------------------------------------------------------------------
Generating 98 parsimony trees... 0.183 second
Computing log-likelihood of 98 initial trees ... 0.578 seconds
Current best score: -8292.812

Do NNI search on 20 best initial trees
Estimate model parameters (epsilon = 0.100)
BETTER TREE FOUND at iteration 1: -8281.632
Iteration 10 / LogL: -8281.635 / Time: 0h:0m:1s
Iteration 20 / LogL: -8281.635 / Time: 0h:0m:2s
Finish initializing candidate tree set (3)
Current best tree score: -8281.632 / CPU time: 2.154
Number of iterations: 20
--------------------------------------------------------------------
|               OPTIMIZING CANDIDATE TREE SET                      |
--------------------------------------------------------------------
Iteration 30 / LogL: -8284.727 / Time: 0h:0m:3s (0h:0m:8s left)
Iteration 40 / LogL: -8281.649 / Time: 0h:0m:4s (0h:0m:6s left)
UPDATE BEST LOG-LIKELIHOOD: -8281.632
Iteration 50 / LogL: -8286.291 / Time: 0h:0m:5s (0h:0m:5s left)
Iteration 60 / LogL: -8283.412 / Time: 0h:0m:6s (0h:0m:4s left)
Iteration 70 / LogL: -8281.685 / Time: 0h:0m:7s (0h:0m:3s left)
Iteration 80 / LogL: -8283.411 / Time: 0h:0m:8s (0h:0m:2s left)
Iteration 90 / LogL: -8281.634 / Time: 0h:0m:8s (0h:0m:1s left)
Iteration 100 / LogL: -8283.645 / Time: 0h:0m:9s (0h:0m:0s left)
TREE SEARCH COMPLETED AFTER 102 ITERATIONS / Time: 0h:0m:10s

--------------------------------------------------------------------
|                    FINALIZING TREE SEARCH                        |
--------------------------------------------------------------------
Performs final model parameters optimization
Estimate model parameters (epsilon = 0.010)
1. Initial log-likelihood: -8281.632
Optimal log-likelihood: -8281.632
Rate parameters:  A-C: 1.80982  A-G: 4.59923  A-T: 0.64457  C-G: 1.01456  C-T: 5.41639  G-T: 1.00000
Base frequencies:  A: 0.314  C: 0.181  G: 0.230  T: 0.276
Gamma shape alpha: 0.415
Parameters optimization took 1 rounds (0.008 sec)
BEST SCORE FOUND : -8281.632
Total tree length: 1.481

Total number of iterations: 102
CPU time used for tree search: 71.817 sec (0h:1m:11s)
Wall-clock time used for tree search: 9.929 sec (0h:0m:9s)
Total CPU time used: 72.825 sec (0h:1m:12s)
Total wall-clock time used: 10.101 sec (0h:0m:10s)

Analysis results written to: 
  IQ-TREE report:                /workspace/IQTree_8_cores_TarvD7_Results/ENSG00000197776.nuc.ord.iqtree
  Maximum-likelihood tree:       /workspace/IQTree_8_cores_TarvD7_Results/ENSG00000197776.nuc.ord.treefile
  Likelihood distances:          /workspace/IQTree_8_cores_TarvD7_Results/ENSG00000197776.nuc.ord.mldist
  Screen log file:               /workspace/IQTree_8_cores_TarvD7_Results/ENSG00000197776.nuc.ord.log

Date and Time: Wed May 27 11:42:17 2026
