IQ-TREE version 3.1.2 for Linux x86 64-bit built May  7 2026
Developed by Bui Quang Minh, Thomas Wong, Nhan Ly-Trong, Huaiyan Ren
Contributed by Lam-Tung Nguyen, Dominik Schrempf, Chris Bielow,
Olga Chernomor, Michael Woodhams, Diep Thi Hoang, Heiko Schmidt

Host:    8084c4e79f09 (AVX512, FMA3, 1133 GB RAM)
Command: /workspace/iqtree-3.1.2-Linux/bin/iqtree3_intel -s /workspace/NeuralNJ/empirical/TarvD7/ENSG00000174989.nuc.ord.aln -st DNA -m GTR+G -T 8 -seed 2201 -pre /workspace/IQTree_8_cores_TarvD7_Results/ENSG00000174989.nuc.ord -quiet
Seed:    2201 (Using SPRNG - Scalable Parallel Random Number Generator)
Time:    Wed May 27 06:50:39 2026
Kernel:  AVX+FMA - 8 threads (384 CPU cores detected)

Reading alignment file /workspace/NeuralNJ/empirical/TarvD7/ENSG00000174989.nuc.ord.aln ... Fasta format detected
Reading fasta file: done in 0.000666857 secs using 99.87% CPU
Alignment most likely contains DNA/RNA sequences
Constructing alignment: done in 0.0028801 secs using 718.9% CPU
Alignment has 35 sequences with 2004 columns, 1234 distinct patterns
793 parsimony-informative, 321 singleton sites, 890 constant sites
                   Gap/Ambiguity  Composition  p-value
Analyzing sequences: done in 5.60284e-05 secs using 294.5% CPU
   1  P001_Platypus       78.74%    failed      0.00%
   2  P002_Opossum         8.53%    passed      7.54%
   3  P003_Wallaby        42.96%    failed      0.00%
   4  P004_Tenrec         23.50%    passed     49.94%
   5  P005_Rock_hyrax     22.60%    passed     69.15%
   6  P006_Elephant       29.94%    passed     73.58%
   7  P007_Armadillo      38.77%    passed     24.98%
   8  P008_Sloth          21.41%    passed     42.20%
   9  P009_Hedgehog       33.38%    passed      8.45%
  10  P011_Dolphin        18.26%    passed     77.84%
  11  P012_Cow            10.33%    passed     12.84%
  12  P013_Pig            11.08%    passed     68.07%
  13  P014_Alpaca         21.41%    passed     71.79%
  14  P015_Horse          26.35%    failed      0.21%
  15  P016_Dog            79.64%    passed      5.09%
  16  P017_Cat            32.93%    passed     81.21%
  17  P018_Megabat        10.33%    passed     89.01%
  18  P019_Microbat       26.35%    passed     75.74%
  19  P020_Rabbit         19.76%    passed     24.95%
  20  P021_Pika           10.78%    passed     25.35%
  21  P022_Squirrel       10.63%    passed     55.51%
  22  P023_Guinea_pig     10.78%    passed     24.09%
  23  P024_Kangaroo_rat   23.95%    passed     63.03%
  24  P025_Mouse          10.48%    passed     47.41%
  25  P026_Rat            10.78%    passed     28.20%
  26  P027_Tree_shrew     48.65%    passed     88.56%
  27  P028_Bushbaby       37.87%    passed     25.06%
  28  P029_Mouse_lemur    23.05%    passed     13.79%
  29  P030_Tarsier        55.09%    passed     69.35%
  30  P031_Marmoset       10.48%    passed     96.11%
  31  P032_Rhesus         10.48%    passed     82.58%
  32  P033_Orangutan      10.78%    passed     98.79%
  33  P034_Gorilla        44.01%    passed     68.12%
  34  P035_Chimp          10.63%    passed     78.45%
  35  P036_Human          10.48%    passed     86.58%
WARNING: 3 sequences contain more than 50% gaps/ambiguity
****  TOTAL               25.58%  3 sequences failed composition chi2 test (p-value<5%; df=3)
Checking for duplicate sequences: done in 0.00014019 secs using 772.5% CPU

Create initial parsimony tree by phylogenetic likelihood library (PLL)... 0.003 seconds

NOTE: 5 MB RAM (0 GB) is required!
Estimate model parameters (epsilon = 0.100)
1. Initial log-likelihood: -18975.129
2. Current log-likelihood: -17730.572
3. Current log-likelihood: -17704.759
4. Current log-likelihood: -17704.506
Optimal log-likelihood: -17704.493
Rate parameters:  A-C: 1.70821  A-G: 4.49476  A-T: 0.71903  C-G: 1.42013  C-T: 7.09666  G-T: 1.00000
Base frequencies:  A: 0.222  C: 0.265  G: 0.305  T: 0.208
Gamma shape alpha: 0.480
Parameters optimization took 4 rounds (0.095 sec)
Wrote distance file to... 
Computing ML distances based on estimated model parameters...
Calculating distance matrix: done in 0.000645876 secs using 773.1% CPU
Computing ML distances took 0.000747 sec (of wall-clock time) 0.005667 sec (of CPU time)
Setting up auxiliary I and S matrices: done in 0.000164032 secs using 1289% CPU
Constructing RapidNJ tree: done in 0.00200009 secs using 777.1% CPU
Computing RapidNJ tree took 0.002202 sec (of wall-clock time) 0.017939 sec (of CPU time)
Log-likelihood of RapidNJ tree: -17831.414
--------------------------------------------------------------------
|             INITIALIZING CANDIDATE TREE SET                      |
--------------------------------------------------------------------
Generating 98 parsimony trees... 0.317 second
Computing log-likelihood of 98 initial trees ... 0.526 seconds
Current best score: -17704.493

Do NNI search on 20 best initial trees
Estimate model parameters (epsilon = 0.100)
BETTER TREE FOUND at iteration 1: -17686.378
Estimate model parameters (epsilon = 0.100)
BETTER TREE FOUND at iteration 3: -17681.117
Iteration 10 / LogL: -17681.160 / Time: 0h:0m:1s
Iteration 20 / LogL: -17692.617 / Time: 0h:0m:2s
Finish initializing candidate tree set (13)
Current best tree score: -17681.117 / CPU time: 2.426
Number of iterations: 20
--------------------------------------------------------------------
|               OPTIMIZING CANDIDATE TREE SET                      |
--------------------------------------------------------------------
Iteration 30 / LogL: -17682.898 / Time: 0h:0m:3s (0h:0m:8s left)
Iteration 40 / LogL: -17750.626 / Time: 0h:0m:4s (0h:0m:7s left)
Iteration 50 / LogL: -17682.857 / Time: 0h:0m:5s (0h:0m:6s left)
Estimate model parameters (epsilon = 0.100)
BETTER TREE FOUND at iteration 54: -17680.326
Iteration 60 / LogL: -17680.482 / Time: 0h:0m:6s (0h:0m:10s left)
Iteration 70 / LogL: -17686.649 / Time: 0h:0m:7s (0h:0m:9s left)
Iteration 80 / LogL: -17682.545 / Time: 0h:0m:8s (0h:0m:7s left)
Iteration 90 / LogL: -17681.244 / Time: 0h:0m:9s (0h:0m:6s left)
Iteration 100 / LogL: -17681.541 / Time: 0h:0m:10s (0h:0m:5s left)
Iteration 110 / LogL: -17682.071 / Time: 0h:0m:11s (0h:0m:4s left)
Iteration 120 / LogL: -17681.219 / Time: 0h:0m:12s (0h:0m:3s left)
Iteration 130 / LogL: -17684.861 / Time: 0h:0m:13s (0h:0m:2s left)
Iteration 140 / LogL: -17682.373 / Time: 0h:0m:14s (0h:0m:1s left)
Estimate model parameters (epsilon = 0.100)
BETTER TREE FOUND at iteration 147: -17679.313
Iteration 150 / LogL: -17681.242 / Time: 0h:0m:15s (0h:0m:9s left)
Iteration 160 / LogL: -17685.135 / Time: 0h:0m:16s (0h:0m:8s left)
Iteration 170 / LogL: -17685.048 / Time: 0h:0m:16s (0h:0m:7s left)
Iteration 180 / LogL: -17683.827 / Time: 0h:0m:17s (0h:0m:6s left)
Iteration 190 / LogL: -17680.471 / Time: 0h:0m:18s (0h:0m:5s left)
Iteration 200 / LogL: -17693.741 / Time: 0h:0m:19s (0h:0m:4s left)
Iteration 210 / LogL: -17683.277 / Time: 0h:0m:20s (0h:0m:3s left)
Iteration 220 / LogL: -17679.338 / Time: 0h:0m:21s (0h:0m:2s left)
Iteration 230 / LogL: -17679.644 / Time: 0h:0m:22s (0h:0m:1s left)
Iteration 240 / LogL: -17680.538 / Time: 0h:0m:23s (0h:0m:0s left)
TREE SEARCH COMPLETED AFTER 248 ITERATIONS / Time: 0h:0m:24s

--------------------------------------------------------------------
|                    FINALIZING TREE SEARCH                        |
--------------------------------------------------------------------
Performs final model parameters optimization
Estimate model parameters (epsilon = 0.010)
1. Initial log-likelihood: -17679.313
2. Current log-likelihood: -17679.286
Optimal log-likelihood: -17679.284
Rate parameters:  A-C: 1.66110  A-G: 4.38574  A-T: 0.70892  C-G: 1.36944  C-T: 6.94286  G-T: 1.00000
Base frequencies:  A: 0.222  C: 0.265  G: 0.305  T: 0.208
Gamma shape alpha: 0.480
Parameters optimization took 2 rounds (0.030 sec)
BEST SCORE FOUND : -17679.284
Total tree length: 3.525

Total number of iterations: 248
CPU time used for tree search: 194.252 sec (0h:3m:14s)
Wall-clock time used for tree search: 24.576 sec (0h:0m:24s)
Total CPU time used: 195.578 sec (0h:3m:15s)
Total wall-clock time used: 24.743 sec (0h:0m:24s)

Analysis results written to: 
  IQ-TREE report:                /workspace/IQTree_8_cores_TarvD7_Results/ENSG00000174989.nuc.ord.iqtree
  Maximum-likelihood tree:       /workspace/IQTree_8_cores_TarvD7_Results/ENSG00000174989.nuc.ord.treefile
  Likelihood distances:          /workspace/IQTree_8_cores_TarvD7_Results/ENSG00000174989.nuc.ord.mldist
  Screen log file:               /workspace/IQTree_8_cores_TarvD7_Results/ENSG00000174989.nuc.ord.log

Date and Time: Wed May 27 06:51:04 2026
