IQ-TREE version 3.1.2 for Linux x86 64-bit built May  7 2026
Developed by Bui Quang Minh, Thomas Wong, Nhan Ly-Trong, Huaiyan Ren
Contributed by Lam-Tung Nguyen, Dominik Schrempf, Chris Bielow,
Olga Chernomor, Michael Woodhams, Diep Thi Hoang, Heiko Schmidt

Host:    8084c4e79f09 (AVX512, FMA3, 1133 GB RAM)
Command: /workspace/iqtree-3.1.2-Linux/bin/iqtree3_intel -s /workspace/NeuralNJ/empirical/TarvD7/ENSG00000170653.nuc.ord.aln -st DNA -m GTR+G -T 8 -seed 2201 -pre /workspace/IQTree_8_cores_TarvD7_Results/ENSG00000170653.nuc.ord -quiet
Seed:    2201 (Using SPRNG - Scalable Parallel Random Number Generator)
Time:    Wed May 27 05:07:51 2026
Kernel:  AVX+FMA - 8 threads (384 CPU cores detected)

Reading alignment file /workspace/NeuralNJ/empirical/TarvD7/ENSG00000170653.nuc.ord.aln ... Fasta format detected
Reading fasta file: done in 0.00083518 secs using 72.44% CPU
Alignment most likely contains DNA/RNA sequences
Constructing alignment: done in 0.00306201 secs using 827.6% CPU
Alignment has 34 sequences with 1575 columns, 639 distinct patterns
341 parsimony-informative, 211 singleton sites, 1023 constant sites
                   Gap/Ambiguity  Composition  p-value
Analyzing sequences: done in 2.28882e-05 secs using 227.2% CPU
   1  P003_Wallaby         8.19%    passed     28.80%
   2  P004_Tenrec         16.00%    passed     91.75%
   3  P005_Rock_hyrax     15.81%    passed     78.89%
   4  P006_Elephant        9.33%    passed     47.48%
   5  P007_Armadillo      19.81%    passed     95.51%
   6  P008_Sloth          31.05%    passed     31.41%
   7  P009_Hedgehog       44.95%    passed     72.49%
   8  P010_Common_shrew    5.90%    failed      3.62%
   9  P011_Dolphin         5.90%    passed     97.63%
  10  P012_Cow             8.00%    passed     47.98%
  11  P013_Pig            10.86%    passed     79.48%
  12  P014_Alpaca         25.14%    passed     39.19%
  13  P015_Horse           8.76%    passed     86.67%
  14  P016_Dog             8.00%    passed     98.65%
  15  P017_Cat             5.90%    passed     98.93%
  16  P018_Megabat        12.38%    passed     94.23%
  17  P019_Microbat       16.38%    passed     45.48%
  18  P020_Rabbit         25.71%    passed     24.54%
  19  P021_Pika            4.95%    passed     94.29%
  20  P022_Squirrel       29.71%    passed     43.82%
  21  P023_Guinea_pig      8.00%    passed     66.43%
  22  P024_Kangaroo_rat   31.81%    passed     43.40%
  23  P025_Mouse           8.00%    passed     46.22%
  24  P026_Rat             7.62%    passed     66.29%
  25  P027_Tree_shrew     16.38%    passed     82.09%
  26  P028_Bushbaby       39.24%    passed     70.77%
  27  P029_Mouse_lemur    14.67%    passed     90.09%
  28  P030_Tarsier        52.57%    passed     14.15%
  29  P031_Marmoset        5.90%    passed     98.60%
  30  P032_Rhesus         22.48%    passed     67.52%
  31  P033_Orangutan       6.48%    passed     94.08%
  32  P034_Gorilla        29.14%    passed     66.11%
  33  P035_Chimp           5.90%    passed     97.67%
  34  P036_Human           5.90%    passed     98.35%
WARNING: 1 sequences contain more than 50% gaps/ambiguity
****  TOTAL               16.67%  1 sequences failed composition chi2 test (p-value<5%; df=3)
Checking for duplicate sequences: done in 0.000169039 secs using 793.9% CPU

Create initial parsimony tree by phylogenetic likelihood library (PLL)... 0.003 seconds

NOTE: 2 MB RAM (0 GB) is required!
WARNING: Number of threads seems too high for short alignments. Use -T AUTO to determine best number of threads.
Estimate model parameters (epsilon = 0.100)
1. Initial log-likelihood: -10296.356
2. Current log-likelihood: -9487.012
3. Current log-likelihood: -9475.871
4. Current log-likelihood: -9475.729
Optimal log-likelihood: -9475.716
Rate parameters:  A-C: 0.99899  A-G: 6.49999  A-T: 1.34115  C-G: 0.72157  C-T: 4.97997  G-T: 1.00000
Base frequencies:  A: 0.256  C: 0.308  G: 0.236  T: 0.200
Gamma shape alpha: 0.243
Parameters optimization took 4 rounds (0.070 sec)
Wrote distance file to... 
Computing ML distances based on estimated model parameters...
Calculating distance matrix: done in 0.000544071 secs using 755.2% CPU
Computing ML distances took 0.000644 sec (of wall-clock time) 0.004306 sec (of CPU time)
Setting up auxiliary I and S matrices: done in 9.799e-05 secs using 1091% CPU
Constructing RapidNJ tree: done in 0.00171185 secs using 900.9% CPU
Computing RapidNJ tree took 0.001862 sec (of wall-clock time) 0.017004 sec (of CPU time)
Log-likelihood of RapidNJ tree: -9501.010
--------------------------------------------------------------------
|             INITIALIZING CANDIDATE TREE SET                      |
--------------------------------------------------------------------
Generating 98 parsimony trees... 0.177 second
Computing log-likelihood of 98 initial trees ... 0.377 seconds
Current best score: -9464.911

Do NNI search on 20 best initial trees
Estimate model parameters (epsilon = 0.100)
BETTER TREE FOUND at iteration 1: -9450.543
Estimate model parameters (epsilon = 0.100)
BETTER TREE FOUND at iteration 2: -9449.443
Estimate model parameters (epsilon = 0.100)
BETTER TREE FOUND at iteration 3: -9449.177
Iteration 10 / LogL: -9454.737 / Time: 0h:0m:1s
Iteration 20 / LogL: -9454.737 / Time: 0h:0m:1s
Finish initializing candidate tree set (9)
Current best tree score: -9449.177 / CPU time: 1.890
Number of iterations: 20
--------------------------------------------------------------------
|               OPTIMIZING CANDIDATE TREE SET                      |
--------------------------------------------------------------------
Estimate model parameters (epsilon = 0.100)
BETTER TREE FOUND at iteration 23: -9448.008
UPDATE BEST LOG-LIKELIHOOD: -9448.008
BETTER TREE FOUND at iteration 27: -9447.998
Estimate model parameters (epsilon = 0.100)
UPDATE BEST LOG-LIKELIHOOD: -9447.969
Iteration 30 / LogL: -9447.969 / Time: 0h:0m:2s (0h:0m:9s left)
Iteration 40 / LogL: -9449.453 / Time: 0h:0m:3s (0h:0m:7s left)
Iteration 50 / LogL: -9448.657 / Time: 0h:0m:4s (0h:0m:6s left)
Iteration 60 / LogL: -9449.198 / Time: 0h:0m:4s (0h:0m:5s left)
UPDATE BEST LOG-LIKELIHOOD: -9447.969
UPDATE BEST LOG-LIKELIHOOD: -9447.969
Iteration 70 / LogL: -9448.012 / Time: 0h:0m:5s (0h:0m:4s left)
Iteration 80 / LogL: -9457.558 / Time: 0h:0m:6s (0h:0m:3s left)
Iteration 90 / LogL: -9449.115 / Time: 0h:0m:7s (0h:0m:3s left)
Iteration 100 / LogL: -9448.011 / Time: 0h:0m:8s (0h:0m:2s left)
Iteration 110 / LogL: -9448.011 / Time: 0h:0m:8s (0h:0m:1s left)
Iteration 120 / LogL: -9448.027 / Time: 0h:0m:9s (0h:0m:0s left)
TREE SEARCH COMPLETED AFTER 128 ITERATIONS / Time: 0h:0m:10s

--------------------------------------------------------------------
|                    FINALIZING TREE SEARCH                        |
--------------------------------------------------------------------
Performs final model parameters optimization
Estimate model parameters (epsilon = 0.010)
1. Initial log-likelihood: -9447.969
Optimal log-likelihood: -9447.968
Rate parameters:  A-C: 0.99886  A-G: 6.52749  A-T: 1.36063  C-G: 0.71772  C-T: 4.96233  G-T: 1.00000
Base frequencies:  A: 0.256  C: 0.308  G: 0.236  T: 0.200
Gamma shape alpha: 0.246
Parameters optimization took 1 rounds (0.008 sec)
BEST SCORE FOUND : -9447.968
Total tree length: 1.585

Total number of iterations: 128
CPU time used for tree search: 80.875 sec (0h:1m:20s)
Wall-clock time used for tree search: 10.132 sec (0h:0m:10s)
Total CPU time used: 81.726 sec (0h:1m:21s)
Total wall-clock time used: 10.241 sec (0h:0m:10s)

Analysis results written to: 
  IQ-TREE report:                /workspace/IQTree_8_cores_TarvD7_Results/ENSG00000170653.nuc.ord.iqtree
  Maximum-likelihood tree:       /workspace/IQTree_8_cores_TarvD7_Results/ENSG00000170653.nuc.ord.treefile
  Likelihood distances:          /workspace/IQTree_8_cores_TarvD7_Results/ENSG00000170653.nuc.ord.mldist
  Screen log file:               /workspace/IQTree_8_cores_TarvD7_Results/ENSG00000170653.nuc.ord.log

Date and Time: Wed May 27 05:08:01 2026
