IQ-TREE version 3.1.2 for Linux x86 64-bit built May  7 2026
Developed by Bui Quang Minh, Thomas Wong, Nhan Ly-Trong, Huaiyan Ren
Contributed by Lam-Tung Nguyen, Dominik Schrempf, Chris Bielow,
Olga Chernomor, Michael Woodhams, Diep Thi Hoang, Heiko Schmidt

Host:    8084c4e79f09 (AVX512, FMA3, 1133 GB RAM)
Command: /workspace/iqtree-3.1.2-Linux/bin/iqtree3_intel -s /workspace/NeuralNJ/empirical/TarvD7/ENSG00000129696.nuc.ord.aln -st DNA -m GTR+G -T 8 -seed 2201 -pre /workspace/IQTree_8_cores_TarvD7_Results/ENSG00000129696.nuc.ord -quiet
Seed:    2201 (Using SPRNG - Scalable Parallel Random Number Generator)
Time:    Tue May 26 12:46:06 2026
Kernel:  AVX+FMA - 8 threads (384 CPU cores detected)

Reading alignment file /workspace/NeuralNJ/empirical/TarvD7/ENSG00000129696.nuc.ord.aln ... Fasta format detected
Reading fasta file: done in 0.000853062 secs using 83.58% CPU
Alignment most likely contains DNA/RNA sequences
Constructing alignment: done in 0.00365114 secs using 687.7% CPU
Alignment has 32 sequences with 1713 columns, 1232 distinct patterns
823 parsimony-informative, 298 singleton sites, 592 constant sites
                   Gap/Ambiguity  Composition  p-value
Analyzing sequences: done in 5.88894e-05 secs using 721.7% CPU
   1  P002_Opossum        10.68%    passed     97.79%
   2  P003_Wallaby        17.34%    failed      0.01%
   3  P004_Tenrec         56.04%    passed     60.38%
   4  P005_Rock_hyrax     26.27%    passed     28.74%
   5  P007_Armadillo      59.19%    passed     63.21%
   6  P008_Sloth          16.64%    passed     37.38%
   7  P010_Common_shrew   49.04%    passed     80.42%
   8  P011_Dolphin        11.03%    passed     89.67%
   9  P012_Cow            11.03%    passed     56.10%
  10  P013_Pig            11.21%    passed     36.62%
  11  P014_Alpaca         27.85%    passed     29.05%
  12  P015_Horse          11.21%    passed     85.96%
  13  P016_Dog             5.95%    passed     24.07%
  14  P017_Cat            41.16%    passed     94.82%
  15  P018_Megabat        40.63%    failed      4.97%
  16  P019_Microbat       43.61%    passed      6.69%
  17  P020_Rabbit         25.39%    failed      0.00%
  18  P021_Pika           54.99%    passed     70.17%
  19  P022_Squirrel       15.41%    failed      0.11%
  20  P023_Guinea_pig     15.59%    passed      5.51%
  21  P024_Kangaroo_rat   20.32%    passed     10.72%
  22  P025_Mouse           5.95%    passed     96.41%
  23  P026_Rat            10.51%    passed     96.91%
  24  P028_Bushbaby       27.85%    passed     65.87%
  25  P029_Mouse_lemur    11.03%    passed     52.85%
  26  P030_Tarsier        30.12%    passed     37.52%
  27  P031_Marmoset       11.03%    passed     22.67%
  28  P032_Rhesus         11.03%    passed     58.85%
  29  P033_Orangutan      11.03%    passed     50.97%
  30  P034_Gorilla        31.87%    passed     34.72%
  31  P035_Chimp          11.03%    passed     73.39%
  32  P036_Human          11.03%    passed     51.92%
WARNING: 3 sequences contain more than 50% gaps/ambiguity
****  TOTAL               23.22%  4 sequences failed composition chi2 test (p-value<5%; df=3)
Checking for duplicate sequences: done in 0.000205994 secs using 807.8% CPU

Create initial parsimony tree by phylogenetic likelihood library (PLL)... 0.007 seconds

NOTE: 5 MB RAM (0 GB) is required!
Estimate model parameters (epsilon = 0.100)
1. Initial log-likelihood: -18824.718
2. Current log-likelihood: -17822.919
3. Current log-likelihood: -17813.064
Optimal log-likelihood: -17812.995
Rate parameters:  A-C: 1.48902  A-G: 4.85766  A-T: 0.72002  C-G: 1.69381  C-T: 4.71005  G-T: 1.00000
Base frequencies:  A: 0.244  C: 0.260  G: 0.270  T: 0.226
Gamma shape alpha: 0.771
Parameters optimization took 3 rounds (0.067 sec)
Wrote distance file to... 
Computing ML distances based on estimated model parameters...
Calculating distance matrix: done in 0.000466824 secs using 790.4% CPU
Computing ML distances took 0.000566 sec (of wall-clock time) 0.004247 sec (of CPU time)
Setting up auxiliary I and S matrices: done in 7.29561e-05 secs using 1220% CPU
Constructing RapidNJ tree: done in 0.00168204 secs using 711.8% CPU
Computing RapidNJ tree took 0.001793 sec (of wall-clock time) 0.016140 sec (of CPU time)
Log-likelihood of RapidNJ tree: -17874.107
--------------------------------------------------------------------
|             INITIALIZING CANDIDATE TREE SET                      |
--------------------------------------------------------------------
Generating 98 parsimony trees... 0.259 second
Computing log-likelihood of 98 initial trees ... 0.425 seconds
Current best score: -17812.995

Do NNI search on 20 best initial trees
Estimate model parameters (epsilon = 0.100)
BETTER TREE FOUND at iteration 1: -17804.557
Estimate model parameters (epsilon = 0.100)
BETTER TREE FOUND at iteration 2: -17793.956
Iteration 10 / LogL: -17804.944 / Time: 0h:0m:1s
Estimate model parameters (epsilon = 0.100)
BETTER TREE FOUND at iteration 14: -17789.422
Iteration 20 / LogL: -17805.041 / Time: 0h:0m:2s
Finish initializing candidate tree set (7)
Current best tree score: -17789.422 / CPU time: 2.387
Number of iterations: 20
--------------------------------------------------------------------
|               OPTIMIZING CANDIDATE TREE SET                      |
--------------------------------------------------------------------
Estimate model parameters (epsilon = 0.100)
BETTER TREE FOUND at iteration 25: -17788.528
Estimate model parameters (epsilon = 0.100)
BETTER TREE FOUND at iteration 29: -17787.867
Iteration 30 / LogL: -17792.533 / Time: 0h:0m:3s (0h:0m:12s left)
Iteration 40 / LogL: -17788.690 / Time: 0h:0m:4s (0h:0m:10s left)
Iteration 50 / LogL: -17791.737 / Time: 0h:0m:5s (0h:0m:8s left)
Iteration 60 / LogL: -17789.380 / Time: 0h:0m:6s (0h:0m:7s left)
Iteration 70 / LogL: -17788.561 / Time: 0h:0m:7s (0h:0m:6s left)
Iteration 80 / LogL: -17788.563 / Time: 0h:0m:8s (0h:0m:5s left)
Iteration 90 / LogL: -17787.906 / Time: 0h:0m:9s (0h:0m:3s left)
Iteration 100 / LogL: -17788.566 / Time: 0h:0m:10s (0h:0m:2s left)
Iteration 110 / LogL: -17792.161 / Time: 0h:0m:11s (0h:0m:1s left)
Iteration 120 / LogL: -17792.038 / Time: 0h:0m:12s (0h:0m:0s left)
Iteration 130 / LogL: -17790.684 / Time: 0h:0m:13s (0h:0m:-1s left)
TREE SEARCH COMPLETED AFTER 130 ITERATIONS / Time: 0h:0m:13s

--------------------------------------------------------------------
|                    FINALIZING TREE SEARCH                        |
--------------------------------------------------------------------
Performs final model parameters optimization
Estimate model parameters (epsilon = 0.010)
1. Initial log-likelihood: -17787.867
Optimal log-likelihood: -17787.866
Rate parameters:  A-C: 1.47366  A-G: 4.88648  A-T: 0.68953  C-G: 1.65429  C-T: 4.69786  G-T: 1.00000
Base frequencies:  A: 0.244  C: 0.260  G: 0.270  T: 0.226
Gamma shape alpha: 0.747
Parameters optimization took 1 rounds (0.011 sec)
BEST SCORE FOUND : -17787.866
Total tree length: 3.728

Total number of iterations: 130
CPU time used for tree search: 102.660 sec (0h:1m:42s)
Wall-clock time used for tree search: 12.985 sec (0h:0m:12s)
Total CPU time used: 103.583 sec (0h:1m:43s)
Total wall-clock time used: 13.102 sec (0h:0m:13s)

Analysis results written to: 
  IQ-TREE report:                /workspace/IQTree_8_cores_TarvD7_Results/ENSG00000129696.nuc.ord.iqtree
  Maximum-likelihood tree:       /workspace/IQTree_8_cores_TarvD7_Results/ENSG00000129696.nuc.ord.treefile
  Likelihood distances:          /workspace/IQTree_8_cores_TarvD7_Results/ENSG00000129696.nuc.ord.mldist
  Screen log file:               /workspace/IQTree_8_cores_TarvD7_Results/ENSG00000129696.nuc.ord.log

Date and Time: Tue May 26 12:46:19 2026
