IQ-TREE version 3.1.2 for Linux x86 64-bit built May  7 2026
Developed by Bui Quang Minh, Thomas Wong, Nhan Ly-Trong, Huaiyan Ren
Contributed by Lam-Tung Nguyen, Dominik Schrempf, Chris Bielow,
Olga Chernomor, Michael Woodhams, Diep Thi Hoang, Heiko Schmidt

Host:    8084c4e79f09 (AVX512, FMA3, 1133 GB RAM)
Command: /workspace/iqtree-3.1.2-Linux/bin/iqtree3_intel -s /workspace/NeuralNJ/empirical/TarvD7/ENSG00000105793.nuc.ord.aln -st DNA -m GTR+G -T 8 -seed 2201 -pre /workspace/IQTree_8_cores_TarvD7_Results/ENSG00000105793.nuc.ord -quiet
Seed:    2201 (Using SPRNG - Scalable Parallel Random Number Generator)
Time:    Tue May 26 05:03:54 2026
Kernel:  AVX+FMA - 8 threads (384 CPU cores detected)

Reading alignment file /workspace/NeuralNJ/empirical/TarvD7/ENSG00000105793.nuc.ord.aln ... Fasta format detected
Reading fasta file: done in 0.000397205 secs using 23.16% CPU
Alignment most likely contains DNA/RNA sequences
Constructing alignment: done in 0.00165415 secs using 685.9% CPU
Alignment has 34 sequences with 1215 columns, 802 distinct patterns
472 parsimony-informative, 277 singleton sites, 466 constant sites
                   Gap/Ambiguity  Composition  p-value
Analyzing sequences: done in 3.19481e-05 secs using 325.5% CPU
   1  P002_Opossum         6.17%    passed     30.15%
   2  P003_Wallaby         9.14%    passed     47.69%
   3  P004_Tenrec         12.59%    passed     52.37%
   4  P005_Rock_hyrax     24.20%    passed     48.11%
   5  P006_Elephant       42.72%    passed     96.43%
   6  P007_Armadillo      22.96%    passed     46.89%
   7  P008_Sloth          13.33%    passed     82.89%
   8  P009_Hedgehog        8.89%    passed     90.75%
   9  P011_Dolphin        53.58%    passed     44.40%
  10  P012_Cow             4.44%    passed     96.47%
  11  P013_Pig             3.21%    passed     31.26%
  12  P014_Alpaca          4.44%    passed     99.48%
  13  P015_Horse           7.16%    passed     73.51%
  14  P016_Dog             4.20%    passed     92.18%
  15  P017_Cat            59.75%    passed      6.92%
  16  P018_Megabat        10.12%    passed     98.16%
  17  P019_Microbat       30.62%    passed     92.74%
  18  P020_Rabbit         28.40%    failed      2.59%
  19  P021_Pika           13.09%    passed     11.23%
  20  P022_Squirrel       27.90%    passed     74.55%
  21  P023_Guinea_pig      6.42%    passed     68.71%
  22  P024_Kangaroo_rat    4.94%    passed     97.58%
  23  P025_Mouse           9.63%    failed      0.58%
  24  P026_Rat             8.89%    failed      2.15%
  25  P027_Tree_shrew     19.26%    passed     54.52%
  26  P028_Bushbaby       46.67%    passed     97.73%
  27  P029_Mouse_lemur    30.86%    passed     43.26%
  28  P030_Tarsier        47.16%    passed     26.96%
  29  P031_Marmoset       22.47%    passed     54.07%
  30  P032_Rhesus          4.44%    passed     94.06%
  31  P033_Orangutan       4.44%    passed     99.18%
  32  P034_Gorilla        43.70%    passed     65.13%
  33  P035_Chimp           4.44%    passed     97.31%
  34  P036_Human           4.44%    passed     97.91%
WARNING: 2 sequences contain more than 50% gaps/ambiguity
****  TOTAL               18.96%  3 sequences failed composition chi2 test (p-value<5%; df=3)
Checking for duplicate sequences: done in 0.00011611 secs using 808.7% CPU

Create initial parsimony tree by phylogenetic likelihood library (PLL)... 0.002 seconds

NOTE: 3 MB RAM (0 GB) is required!
Estimate model parameters (epsilon = 0.100)
1. Initial log-likelihood: -11582.266
2. Current log-likelihood: -10991.454
3. Current log-likelihood: -10987.485
Optimal log-likelihood: -10987.469
Rate parameters:  A-C: 1.51877  A-G: 4.93285  A-T: 0.96320  C-G: 1.43763  C-T: 5.17051  G-T: 1.00000
Base frequencies:  A: 0.343  C: 0.175  G: 0.215  T: 0.267
Gamma shape alpha: 0.790
Parameters optimization took 3 rounds (0.063 sec)
Wrote distance file to... 
Computing ML distances based on estimated model parameters...
Calculating distance matrix: done in 0.000748873 secs using 793.7% CPU
Computing ML distances took 0.000838 sec (of wall-clock time) 0.006456 sec (of CPU time)
Setting up auxiliary I and S matrices: done in 0.000344038 secs using 865% CPU
Constructing RapidNJ tree: done in 0.00189114 secs using 893.1% CPU
Computing RapidNJ tree took 0.002267 sec (of wall-clock time) 0.020284 sec (of CPU time)
Log-likelihood of RapidNJ tree: -11141.466
--------------------------------------------------------------------
|             INITIALIZING CANDIDATE TREE SET                      |
--------------------------------------------------------------------
Generating 98 parsimony trees... 0.219 second
Computing log-likelihood of 98 initial trees ... 0.457 seconds
Current best score: -10987.469

Do NNI search on 20 best initial trees
Estimate model parameters (epsilon = 0.100)
BETTER TREE FOUND at iteration 1: -10975.131
Estimate model parameters (epsilon = 0.100)
BETTER TREE FOUND at iteration 2: -10969.708
Estimate model parameters (epsilon = 0.100)
BETTER TREE FOUND at iteration 5: -10969.527
Iteration 10 / LogL: -10970.829 / Time: 0h:0m:1s
Iteration 20 / LogL: -10975.974 / Time: 0h:0m:2s
Finish initializing candidate tree set (7)
Current best tree score: -10969.527 / CPU time: 2.341
Number of iterations: 20
--------------------------------------------------------------------
|               OPTIMIZING CANDIDATE TREE SET                      |
--------------------------------------------------------------------
Estimate model parameters (epsilon = 0.100)
BETTER TREE FOUND at iteration 21: -10968.463
Estimate model parameters (epsilon = 0.100)
UPDATE BEST LOG-LIKELIHOOD: -10968.439
Estimate model parameters (epsilon = 0.100)
BETTER TREE FOUND at iteration 25: -10968.313
Estimate model parameters (epsilon = 0.100)
BETTER TREE FOUND at iteration 29: -10967.224
Iteration 30 / LogL: -10976.378 / Time: 0h:0m:3s (0h:0m:11s left)
Iteration 40 / LogL: -10967.227 / Time: 0h:0m:4s (0h:0m:9s left)
UPDATE BEST LOG-LIKELIHOOD: -10967.223
Iteration 50 / LogL: -10968.478 / Time: 0h:0m:5s (0h:0m:8s left)
UPDATE BEST LOG-LIKELIHOOD: -10967.218
Iteration 60 / LogL: -10968.337 / Time: 0h:0m:6s (0h:0m:7s left)
Iteration 70 / LogL: -10967.230 / Time: 0h:0m:7s (0h:0m:6s left)
UPDATE BEST LOG-LIKELIHOOD: -10967.213
UPDATE BEST LOG-LIKELIHOOD: -10967.209
Estimate model parameters (epsilon = 0.100)
UPDATE BEST LOG-LIKELIHOOD: -10967.193
Iteration 80 / LogL: -10967.228 / Time: 0h:0m:8s (0h:0m:5s left)
Iteration 90 / LogL: -10969.522 / Time: 0h:0m:8s (0h:0m:3s left)
Iteration 100 / LogL: -10967.231 / Time: 0h:0m:9s (0h:0m:2s left)
Iteration 110 / LogL: -10967.229 / Time: 0h:0m:10s (0h:0m:1s left)
Iteration 120 / LogL: -10968.312 / Time: 0h:0m:11s (0h:0m:0s left)
Iteration 130 / LogL: -10976.016 / Time: 0h:0m:12s (0h:0m:-1s left)
TREE SEARCH COMPLETED AFTER 130 ITERATIONS / Time: 0h:0m:12s

--------------------------------------------------------------------
|                    FINALIZING TREE SEARCH                        |
--------------------------------------------------------------------
Performs final model parameters optimization
Estimate model parameters (epsilon = 0.010)
1. Initial log-likelihood: -10967.193
Optimal log-likelihood: -10967.193
Rate parameters:  A-C: 1.49892  A-G: 4.92309  A-T: 0.93979  C-G: 1.41102  C-T: 5.16483  G-T: 1.00000
Base frequencies:  A: 0.343  C: 0.175  G: 0.215  T: 0.267
Gamma shape alpha: 0.784
Parameters optimization took 1 rounds (0.010 sec)
BEST SCORE FOUND : -10967.193
Total tree length: 2.379

Total number of iterations: 130
CPU time used for tree search: 101.022 sec (0h:1m:41s)
Wall-clock time used for tree search: 12.717 sec (0h:0m:12s)
Total CPU time used: 101.863 sec (0h:1m:41s)
Total wall-clock time used: 12.822 sec (0h:0m:12s)

Analysis results written to: 
  IQ-TREE report:                /workspace/IQTree_8_cores_TarvD7_Results/ENSG00000105793.nuc.ord.iqtree
  Maximum-likelihood tree:       /workspace/IQTree_8_cores_TarvD7_Results/ENSG00000105793.nuc.ord.treefile
  Likelihood distances:          /workspace/IQTree_8_cores_TarvD7_Results/ENSG00000105793.nuc.ord.mldist
  Screen log file:               /workspace/IQTree_8_cores_TarvD7_Results/ENSG00000105793.nuc.ord.log

Date and Time: Tue May 26 05:04:07 2026
