IQ-TREE version 3.1.2 for Linux x86 64-bit built May  7 2026
Developed by Bui Quang Minh, Thomas Wong, Nhan Ly-Trong, Huaiyan Ren
Contributed by Lam-Tung Nguyen, Dominik Schrempf, Chris Bielow,
Olga Chernomor, Michael Woodhams, Diep Thi Hoang, Heiko Schmidt

Host:    8084c4e79f09 (AVX512, FMA3, 1133 GB RAM)
Command: /workspace/iqtree-3.1.2-Linux/bin/iqtree3_intel -s /workspace/NeuralNJ/empirical/TarvD7/ENSG00000116251.nuc.ord.aln -st DNA -m GTR+G -T 8 -seed 2201 -pre /workspace/IQTree_8_cores_TarvD7_Results/ENSG00000116251.nuc.ord -quiet
Seed:    2201 (Using SPRNG - Scalable Parallel Random Number Generator)
Time:    Tue May 26 08:54:13 2026
Kernel:  AVX+FMA - 8 threads (384 CPU cores detected)

Reading alignment file /workspace/NeuralNJ/empirical/TarvD7/ENSG00000116251.nuc.ord.aln ... Fasta format detected
Reading fasta file: done in 9.20296e-05 secs using 18.47% CPU
Alignment most likely contains DNA/RNA sequences
Constructing alignment: done in 0.000540018 secs using 861.3% CPU
Alignment has 19 sequences with 411 columns, 137 distinct patterns
91 parsimony-informative, 23 singleton sites, 297 constant sites
                   Gap/Ambiguity  Composition  p-value
Analyzing sequences: done in 1.19209e-05 secs using 562% CPU
   1  P001_Platypus        5.84%    passed     81.13%
   2  P006_Elephant        6.57%    passed     81.27%
   3  P007_Armadillo       6.57%    passed     95.98%
   4  P008_Sloth           9.49%    passed     96.74%
   5  P011_Dolphin         6.57%    passed     56.70%
   6  P013_Pig             6.57%    passed     98.93%
   7  P014_Alpaca          9.49%    passed     88.75%
   8  P016_Dog             0.73%    passed     71.86%
   9  P017_Cat            25.55%    passed     57.02%
  10  P018_Megabat        13.87%    passed     84.92%
  11  P023_Guinea_pig      6.57%    passed     36.94%
  12  P024_Kangaroo_rat   32.12%    passed     97.95%
  13  P025_Mouse           6.57%    passed     26.71%
  14  P026_Rat             6.57%    passed      5.09%
  15  P027_Tree_shrew      6.57%    passed     72.79%
  16  P028_Bushbaby       35.04%    passed     83.97%
  17  P031_Marmoset        6.57%    passed     99.58%
  18  P035_Chimp           6.57%    passed     99.92%
  19  P036_Human           6.57%    passed     99.92%
****  TOTAL               10.76%  0 sequences failed composition chi2 test (p-value<5%; df=3)
NOTE: P036_Human is identical to P035_Chimp but kept for subsequent analysis
Checking for duplicate sequences: done in 6.10352e-05 secs using 783.2% CPU

Create initial parsimony tree by phylogenetic likelihood library (PLL)... 0.000 seconds

NOTE: 0 MB RAM (0 GB) is required!
WARNING: Number of threads seems too high for short alignments. Use -T AUTO to determine best number of threads.
Estimate model parameters (epsilon = 0.100)
1. Initial log-likelihood: -2175.743
2. Current log-likelihood: -1970.538
3. Current log-likelihood: -1937.701
4. Current log-likelihood: -1929.758
5. Current log-likelihood: -1929.506
Optimal log-likelihood: -1929.492
Rate parameters:  A-C: 1.12779  A-G: 4.29953  A-T: 0.20204  C-G: 0.56839  C-T: 10.44102  G-T: 1.00000
Base frequencies:  A: 0.339  C: 0.170  G: 0.270  T: 0.220
Gamma shape alpha: 0.141
Parameters optimization took 5 rounds (0.079 sec)
Wrote distance file to... 
Computing ML distances based on estimated model parameters...
Calculating distance matrix: done in 0.000261068 secs using 858.4% CPU
Computing ML distances took 0.000313 sec (of wall-clock time) 0.002393 sec (of CPU time)
Setting up auxiliary I and S matrices: done in 0.000108957 secs using 1247% CPU
Constructing RapidNJ tree: done in 0.00138688 secs using 800.3% CPU
Computing RapidNJ tree took 0.001561 sec (of wall-clock time) 0.014324 sec (of CPU time)
Log-likelihood of RapidNJ tree: -1933.947
--------------------------------------------------------------------
|             INITIALIZING CANDIDATE TREE SET                      |
--------------------------------------------------------------------
Generating 98 parsimony trees... 0.041 second
Computing log-likelihood of 98 initial trees ... 0.300 seconds
Current best score: -1929.492

Do NNI search on 20 best initial trees
Estimate model parameters (epsilon = 0.100)
BETTER TREE FOUND at iteration 1: -1926.661
Estimate model parameters (epsilon = 0.100)
BETTER TREE FOUND at iteration 8: -1926.330
Iteration 10 / LogL: -1926.349 / Time: 0h:0m:0s
Iteration 20 / LogL: -1926.778 / Time: 0h:0m:1s
Finish initializing candidate tree set (11)
Current best tree score: -1926.330 / CPU time: 1.040
Number of iterations: 20
--------------------------------------------------------------------
|               OPTIMIZING CANDIDATE TREE SET                      |
--------------------------------------------------------------------
Iteration 30 / LogL: -1926.992 / Time: 0h:0m:1s (0h:0m:4s left)
Iteration 40 / LogL: -1926.960 / Time: 0h:0m:2s (0h:0m:3s left)
Iteration 50 / LogL: -1926.955 / Time: 0h:0m:2s (0h:0m:3s left)
Iteration 60 / LogL: -1926.995 / Time: 0h:0m:3s (0h:0m:2s left)
Estimate model parameters (epsilon = 0.100)
BETTER TREE FOUND at iteration 66: -1925.691
Iteration 70 / LogL: -1925.743 / Time: 0h:0m:3s (0h:0m:4s left)
Iteration 80 / LogL: -1925.708 / Time: 0h:0m:3s (0h:0m:4s left)
Iteration 90 / LogL: -1925.706 / Time: 0h:0m:4s (0h:0m:3s left)
Iteration 100 / LogL: -1926.958 / Time: 0h:0m:4s (0h:0m:3s left)
Iteration 110 / LogL: -1926.639 / Time: 0h:0m:5s (0h:0m:2s left)
Iteration 120 / LogL: -1926.429 / Time: 0h:0m:5s (0h:0m:2s left)
Iteration 130 / LogL: -1926.473 / Time: 0h:0m:6s (0h:0m:1s left)
Iteration 140 / LogL: -1925.694 / Time: 0h:0m:6s (0h:0m:1s left)
Iteration 150 / LogL: -1925.698 / Time: 0h:0m:7s (0h:0m:0s left)
Iteration 160 / LogL: -1925.697 / Time: 0h:0m:7s (0h:0m:0s left)
TREE SEARCH COMPLETED AFTER 167 ITERATIONS / Time: 0h:0m:8s

--------------------------------------------------------------------
|                    FINALIZING TREE SEARCH                        |
--------------------------------------------------------------------
Performs final model parameters optimization
Estimate model parameters (epsilon = 0.010)
1. Initial log-likelihood: -1925.691
Optimal log-likelihood: -1925.690
Rate parameters:  A-C: 1.29396  A-G: 4.86301  A-T: 0.17186  C-G: 0.46758  C-T: 11.75329  G-T: 1.00000
Base frequencies:  A: 0.339  C: 0.170  G: 0.270  T: 0.220
Gamma shape alpha: 0.148
Parameters optimization took 1 rounds (0.005 sec)
BEST SCORE FOUND : -1925.690
Total tree length: 1.307

Total number of iterations: 167
CPU time used for tree search: 64.233 sec (0h:1m:4s)
Wall-clock time used for tree search: 8.027 sec (0h:0m:8s)
Total CPU time used: 65.057 sec (0h:1m:5s)
Total wall-clock time used: 8.130 sec (0h:0m:8s)

Analysis results written to: 
  IQ-TREE report:                /workspace/IQTree_8_cores_TarvD7_Results/ENSG00000116251.nuc.ord.iqtree
  Maximum-likelihood tree:       /workspace/IQTree_8_cores_TarvD7_Results/ENSG00000116251.nuc.ord.treefile
  Likelihood distances:          /workspace/IQTree_8_cores_TarvD7_Results/ENSG00000116251.nuc.ord.mldist
  Screen log file:               /workspace/IQTree_8_cores_TarvD7_Results/ENSG00000116251.nuc.ord.log

Date and Time: Tue May 26 08:54:21 2026
