IQ-TREE version 3.1.2 for Linux x86 64-bit built May  7 2026
Developed by Bui Quang Minh, Thomas Wong, Nhan Ly-Trong, Huaiyan Ren
Contributed by Lam-Tung Nguyen, Dominik Schrempf, Chris Bielow,
Olga Chernomor, Michael Woodhams, Diep Thi Hoang, Heiko Schmidt

Host:    8084c4e79f09 (AVX512, FMA3, 1133 GB RAM)
Command: /workspace/iqtree-3.1.2-Linux/bin/iqtree3_intel -s /workspace/NeuralNJ/empirical/TarvD7/ENSG00000070729.nuc.ord.aln -st DNA -m GTR+G -T 8 -seed 2201 -pre /workspace/IQTree_8_cores_TarvD7_Results/ENSG00000070729.nuc.ord -quiet
Seed:    2201 (Using SPRNG - Scalable Parallel Random Number Generator)
Time:    Mon May 25 23:56:03 2026
Kernel:  AVX+FMA - 8 threads (384 CPU cores detected)

Reading alignment file /workspace/NeuralNJ/empirical/TarvD7/ENSG00000070729.nuc.ord.aln ... Fasta format detected
Reading fasta file: done in 0.00195503 secs using 65.47% CPU
Alignment most likely contains DNA/RNA sequences
Constructing alignment: done in 0.00922585 secs using 722% CPU
Alignment has 34 sequences with 6444 columns, 3176 distinct patterns
1718 parsimony-informative, 1144 singleton sites, 3582 constant sites
                   Gap/Ambiguity  Composition  p-value
Analyzing sequences: done in 8.2016e-05 secs using 235.3% CPU
   1  P001_Platypus       75.28%    failed      0.00%
   2  P002_Opossum        59.68%    failed      0.00%
   3  P003_Wallaby        72.72%    failed      0.00%
   4  P004_Tenrec         59.78%    failed      4.31%
   5  P005_Rock_hyrax     51.44%    passed     67.16%
   6  P006_Elephant       55.73%    passed     70.27%
   7  P007_Armadillo      69.23%    failed      1.61%
   8  P009_Hedgehog       60.15%    passed     78.28%
   9  P011_Dolphin        50.42%    passed     65.41%
  10  P012_Cow            35.43%    failed      0.00%
  11  P013_Pig            48.84%    passed     44.36%
  12  P014_Alpaca         69.74%    passed     22.16%
  13  P015_Horse          63.22%    failed      0.60%
  14  P016_Dog            36.59%    passed     51.44%
  15  P017_Cat            48.09%    passed     52.70%
  16  P018_Megabat        43.95%    passed     32.80%
  17  P019_Microbat       56.70%    failed      1.66%
  18  P020_Rabbit         55.87%    failed      0.05%
  19  P021_Pika           66.95%    passed     87.57%
  20  P022_Squirrel       72.30%    failed      1.12%
  21  P023_Guinea_pig     42.23%    passed     55.66%
  22  P024_Kangaroo_rat   58.10%    passed     94.37%
  23  P025_Mouse          59.68%    passed     45.81%
  24  P026_Rat            43.25%    failed      0.00%
  25  P027_Tree_shrew     62.20%    passed     65.15%
  26  P028_Bushbaby       68.34%    failed      0.04%
  27  P029_Mouse_lemur    49.35%    failed      0.00%
  28  P030_Tarsier        61.08%    passed     49.46%
  29  P031_Marmoset       42.60%    passed     37.40%
  30  P032_Rhesus         41.99%    passed     73.67%
  31  P033_Orangutan      45.30%    passed     89.05%
  32  P034_Gorilla        47.21%    passed     55.84%
  33  P035_Chimp          44.97%    passed     63.14%
  34  P036_Human          41.76%    passed     59.21%
WARNING: 20 sequences contain more than 50% gaps/ambiguity
****  TOTAL               54.71%  13 sequences failed composition chi2 test (p-value<5%; df=3)
Checking for duplicate sequences: done in 0.00026083 secs using 761% CPU

Create initial parsimony tree by phylogenetic likelihood library (PLL)... 0.006 seconds

NOTE: 14 MB RAM (0 GB) is required!
Estimate model parameters (epsilon = 0.100)
1. Initial log-likelihood: -49000.017
2. Current log-likelihood: -44599.561
3. Current log-likelihood: -44558.304
4. Current log-likelihood: -44557.682
Optimal log-likelihood: -44557.670
Rate parameters:  A-C: 1.32001  A-G: 4.03530  A-T: 1.00565  C-G: 1.12150  C-T: 4.88091  G-T: 1.00000
Base frequencies:  A: 0.234  C: 0.286  G: 0.303  T: 0.177
Gamma shape alpha: 0.546
Parameters optimization took 4 rounds (0.202 sec)
Wrote distance file to... 
Computing ML distances based on estimated model parameters...
Calculating distance matrix: done in 0.00105119 secs using 716% CPU
Computing ML distances took 0.001265 sec (of wall-clock time) 0.008989 sec (of CPU time)
Setting up auxiliary I and S matrices: done in 0.000102997 secs using 1085% CPU
Constructing RapidNJ tree: done in 0.00201797 secs using 753.5% CPU
Computing RapidNJ tree took 0.002174 sec (of wall-clock time) 0.018022 sec (of CPU time)
Log-likelihood of RapidNJ tree: -44713.732
--------------------------------------------------------------------
|             INITIALIZING CANDIDATE TREE SET                      |
--------------------------------------------------------------------
Generating 98 parsimony trees... 0.631 second
Computing log-likelihood of 98 initial trees ... 0.875 seconds
Current best score: -44557.670

Do NNI search on 20 best initial trees
Estimate model parameters (epsilon = 0.100)
BETTER TREE FOUND at iteration 1: -44533.177
Iteration 10 / LogL: -44533.387 / Time: 0h:0m:3s
Iteration 20 / LogL: -44533.360 / Time: 0h:0m:5s
Finish initializing candidate tree set (5)
Current best tree score: -44533.177 / CPU time: 5.204
Number of iterations: 20
--------------------------------------------------------------------
|               OPTIMIZING CANDIDATE TREE SET                      |
--------------------------------------------------------------------
Iteration 30 / LogL: -44534.255 / Time: 0h:0m:7s (0h:0m:17s left)
Iteration 40 / LogL: -44533.291 / Time: 0h:0m:8s (0h:0m:13s left)
Iteration 50 / LogL: -44533.233 / Time: 0h:0m:10s (0h:0m:10s left)
Iteration 60 / LogL: -44535.254 / Time: 0h:0m:11s (0h:0m:8s left)
Iteration 70 / LogL: -44634.422 / Time: 0h:0m:13s (0h:0m:6s left)
Iteration 80 / LogL: -44533.226 / Time: 0h:0m:15s (0h:0m:4s left)
Iteration 90 / LogL: -44533.256 / Time: 0h:0m:16s (0h:0m:2s left)
Iteration 100 / LogL: -44533.237 / Time: 0h:0m:18s (0h:0m:0s left)
TREE SEARCH COMPLETED AFTER 102 ITERATIONS / Time: 0h:0m:18s

--------------------------------------------------------------------
|                    FINALIZING TREE SEARCH                        |
--------------------------------------------------------------------
Performs final model parameters optimization
Estimate model parameters (epsilon = 0.010)
1. Initial log-likelihood: -44533.177
Optimal log-likelihood: -44533.171
Rate parameters:  A-C: 1.32900  A-G: 4.05330  A-T: 1.01978  C-G: 1.11518  C-T: 4.92348  G-T: 1.00000
Base frequencies:  A: 0.234  C: 0.286  G: 0.303  T: 0.177
Gamma shape alpha: 0.546
Parameters optimization took 1 rounds (0.023 sec)
BEST SCORE FOUND : -44533.171
Total tree length: 4.998

Total number of iterations: 102
CPU time used for tree search: 142.061 sec (0h:2m:22s)
Wall-clock time used for tree search: 18.474 sec (0h:0m:18s)
Total CPU time used: 144.445 sec (0h:2m:24s)
Total wall-clock time used: 18.775 sec (0h:0m:18s)

Analysis results written to: 
  IQ-TREE report:                /workspace/IQTree_8_cores_TarvD7_Results/ENSG00000070729.nuc.ord.iqtree
  Maximum-likelihood tree:       /workspace/IQTree_8_cores_TarvD7_Results/ENSG00000070729.nuc.ord.treefile
  Likelihood distances:          /workspace/IQTree_8_cores_TarvD7_Results/ENSG00000070729.nuc.ord.mldist
  Screen log file:               /workspace/IQTree_8_cores_TarvD7_Results/ENSG00000070729.nuc.ord.log

Date and Time: Mon May 25 23:56:22 2026
