IQ-TREE version 3.1.2 for Linux x86 64-bit built May  7 2026
Developed by Bui Quang Minh, Thomas Wong, Nhan Ly-Trong, Huaiyan Ren
Contributed by Lam-Tung Nguyen, Dominik Schrempf, Chris Bielow,
Olga Chernomor, Michael Woodhams, Diep Thi Hoang, Heiko Schmidt

Host:    8084c4e79f09 (AVX512, FMA3, 1133 GB RAM)
Command: /workspace/iqtree-3.1.2-Linux/bin/iqtree3_intel -s /workspace/NeuralNJ/empirical/TarvD7/ENSG00000213139.nuc.ord.aln -st DNA -m GTR+G -T 8 -seed 2201 -pre /workspace/IQTree_8_cores_TarvD7_Results/ENSG00000213139.nuc.ord -quiet
Seed:    2201 (Using SPRNG - Scalable Parallel Random Number Generator)
Time:    Wed May 27 13:08:15 2026
Kernel:  AVX+FMA - 8 threads (384 CPU cores detected)

Reading alignment file /workspace/NeuralNJ/empirical/TarvD7/ENSG00000213139.nuc.ord.aln ... Fasta format detected
Reading fasta file: done in 0.000147104 secs using 32.63% CPU
Alignment most likely contains DNA/RNA sequences
Constructing alignment: done in 0.000682831 secs using 295.8% CPU
Alignment has 22 sequences with 552 columns, 249 distinct patterns
169 parsimony-informative, 96 singleton sites, 287 constant sites
                   Gap/Ambiguity  Composition  p-value
Analyzing sequences: done in 1.28746e-05 secs using 101% CPU
   1  P001_Platypus        3.26%    failed      0.00%
   2  P002_Opossum         2.72%    passed     91.71%
   3  P005_Rock_hyrax      3.26%    passed      9.72%
   4  P006_Elephant        4.35%    passed     96.21%
   5  P008_Sloth           3.26%    passed     97.01%
   6  P012_Cow             3.26%    passed     88.81%
   7  P013_Pig             3.26%    passed     97.19%
   8  P015_Horse           3.26%    passed     86.20%
   9  P016_Dog             3.26%    passed     99.70%
  10  P017_Cat             7.07%    passed     96.06%
  11  P018_Megabat         3.26%    passed     51.58%
  12  P021_Pika            2.72%    passed     96.40%
  13  P023_Guinea_pig      3.26%    passed     78.73%
  14  P024_Kangaroo_rat    3.26%    passed     80.40%
  15  P025_Mouse           3.26%    passed     97.69%
  16  P026_Rat             3.26%    passed     83.10%
  17  P030_Tarsier         3.26%    passed     36.15%
  18  P031_Marmoset        3.26%    passed     32.11%
  19  P033_Orangutan       3.26%    passed     81.22%
  20  P034_Gorilla         3.26%    passed     67.17%
  21  P035_Chimp           3.26%    passed     77.06%
  22  P036_Human           3.26%    passed     67.17%
****  TOTAL                3.43%  1 sequences failed composition chi2 test (p-value<5%; df=3)
NOTE: P036_Human is identical to P034_Gorilla but kept for subsequent analysis
Checking for duplicate sequences: done in 6.38962e-05 secs using 770% CPU

Create initial parsimony tree by phylogenetic likelihood library (PLL)... 0.001 seconds

NOTE: 0 MB RAM (0 GB) is required!
WARNING: Number of threads seems too high for short alignments. Use -T AUTO to determine best number of threads.
Estimate model parameters (epsilon = 0.100)
1. Initial log-likelihood: -3951.121
2. Current log-likelihood: -3697.276
3. Current log-likelihood: -3689.605
4. Current log-likelihood: -3689.234
Optimal log-likelihood: -3689.189
Rate parameters:  A-C: 1.94741  A-G: 6.63582  A-T: 1.21004  C-G: 2.27149  C-T: 14.44319  G-T: 1.00000
Base frequencies:  A: 0.242  C: 0.259  G: 0.266  T: 0.233
Gamma shape alpha: 0.406
Parameters optimization took 4 rounds (0.039 sec)
Wrote distance file to... 
Computing ML distances based on estimated model parameters...
Calculating distance matrix: done in 0.00018096 secs using 832.8% CPU
Computing ML distances took 0.000222 sec (of wall-clock time) 0.001671 sec (of CPU time)
Setting up auxiliary I and S matrices: done in 8.2016e-05 secs using 1270% CPU
Constructing RapidNJ tree: done in 0.00136495 secs using 676.5% CPU
Computing RapidNJ tree took 0.001488 sec (of wall-clock time) 0.013966 sec (of CPU time)
Log-likelihood of RapidNJ tree: -3680.177
--------------------------------------------------------------------
|             INITIALIZING CANDIDATE TREE SET                      |
--------------------------------------------------------------------
Generating 98 parsimony trees... 0.063 second
Computing log-likelihood of 98 initial trees ... 0.198 seconds
Current best score: -3674.677

Do NNI search on 20 best initial trees
Estimate model parameters (epsilon = 0.100)
BETTER TREE FOUND at iteration 1: -3671.677
UPDATE BEST LOG-LIKELIHOOD: -3671.675
UPDATE BEST LOG-LIKELIHOOD: -3671.674
Iteration 10 / LogL: -3671.748 / Time: 0h:0m:0s
UPDATE BEST LOG-LIKELIHOOD: -3671.674
Iteration 20 / LogL: -3671.678 / Time: 0h:0m:1s
Finish initializing candidate tree set (6)
Current best tree score: -3671.674 / CPU time: 1.024
Number of iterations: 20
--------------------------------------------------------------------
|               OPTIMIZING CANDIDATE TREE SET                      |
--------------------------------------------------------------------
BETTER TREE FOUND at iteration 27: -3671.674
Iteration 30 / LogL: -3684.816 / Time: 0h:0m:1s (0h:0m:4s left)
Iteration 40 / LogL: -3671.674 / Time: 0h:0m:1s (0h:0m:4s left)
UPDATE BEST LOG-LIKELIHOOD: -3671.674
UPDATE BEST LOG-LIKELIHOOD: -3671.674
Iteration 50 / LogL: -3671.674 / Time: 0h:0m:2s (0h:0m:3s left)
Iteration 60 / LogL: -3671.688 / Time: 0h:0m:2s (0h:0m:3s left)
Iteration 70 / LogL: -3671.676 / Time: 0h:0m:3s (0h:0m:2s left)
UPDATE BEST LOG-LIKELIHOOD: -3671.674
Iteration 80 / LogL: -3671.676 / Time: 0h:0m:3s (0h:0m:2s left)
Iteration 90 / LogL: -3671.674 / Time: 0h:0m:3s (0h:0m:1s left)
Iteration 100 / LogL: -3671.683 / Time: 0h:0m:4s (0h:0m:1s left)
Iteration 110 / LogL: -3671.674 / Time: 0h:0m:4s (0h:0m:0s left)
UPDATE BEST LOG-LIKELIHOOD: -3671.674
Iteration 120 / LogL: -3671.675 / Time: 0h:0m:5s (0h:0m:0s left)
TREE SEARCH COMPLETED AFTER 128 ITERATIONS / Time: 0h:0m:5s

--------------------------------------------------------------------
|                    FINALIZING TREE SEARCH                        |
--------------------------------------------------------------------
Performs final model parameters optimization
Estimate model parameters (epsilon = 0.010)
1. Initial log-likelihood: -3671.674
Optimal log-likelihood: -3671.671
Rate parameters:  A-C: 1.91905  A-G: 6.73330  A-T: 1.17234  C-G: 2.27754  C-T: 15.37445  G-T: 1.00000
Base frequencies:  A: 0.242  C: 0.259  G: 0.266  T: 0.233
Gamma shape alpha: 0.394
Parameters optimization took 1 rounds (0.005 sec)
BEST SCORE FOUND : -3671.671
Total tree length: 1.971

Total number of iterations: 128
CPU time used for tree search: 42.738 sec (0h:0m:42s)
Wall-clock time used for tree search: 5.334 sec (0h:0m:5s)
Total CPU time used: 43.223 sec (0h:0m:43s)
Total wall-clock time used: 5.394 sec (0h:0m:5s)

Analysis results written to: 
  IQ-TREE report:                /workspace/IQTree_8_cores_TarvD7_Results/ENSG00000213139.nuc.ord.iqtree
  Maximum-likelihood tree:       /workspace/IQTree_8_cores_TarvD7_Results/ENSG00000213139.nuc.ord.treefile
  Likelihood distances:          /workspace/IQTree_8_cores_TarvD7_Results/ENSG00000213139.nuc.ord.mldist
  Screen log file:               /workspace/IQTree_8_cores_TarvD7_Results/ENSG00000213139.nuc.ord.log

Date and Time: Wed May 27 13:08:20 2026
