IQ-TREE version 3.1.2 for Linux x86 64-bit built May  7 2026
Developed by Bui Quang Minh, Thomas Wong, Nhan Ly-Trong, Huaiyan Ren
Contributed by Lam-Tung Nguyen, Dominik Schrempf, Chris Bielow,
Olga Chernomor, Michael Woodhams, Diep Thi Hoang, Heiko Schmidt

Host:    8084c4e79f09 (AVX512, FMA3, 1133 GB RAM)
Command: /workspace/iqtree-3.1.2-Linux/bin/iqtree3_intel -s /workspace/NeuralNJ/empirical/TarvD7/ENSG00000121022.nuc.ord.aln -st DNA -m GTR+G -T 8 -seed 2201 -pre /workspace/IQTree_8_cores_TarvD7_Results/ENSG00000121022.nuc.ord -quiet
Seed:    2201 (Using SPRNG - Scalable Parallel Random Number Generator)
Time:    Tue May 26 10:28:48 2026
Kernel:  AVX+FMA - 8 threads (384 CPU cores detected)

Reading alignment file /workspace/NeuralNJ/empirical/TarvD7/ENSG00000121022.nuc.ord.aln ... Fasta format detected
Reading fasta file: done in 0.000325918 secs using 57.07% CPU
Alignment most likely contains DNA/RNA sequences
Constructing alignment: done in 0.00131893 secs using 619.7% CPU
Alignment has 33 sequences with 1011 columns, 391 distinct patterns
230 parsimony-informative, 87 singleton sites, 694 constant sites
                   Gap/Ambiguity  Composition  p-value
Analyzing sequences: done in 1.50204e-05 secs
   1  P001_Platypus        0.89%    passed     94.55%
   2  P002_Opossum         0.89%    passed     63.36%
   3  P003_Wallaby        47.48%    passed     33.07%
   4  P004_Tenrec         41.84%    failed      0.08%
   5  P005_Rock_hyrax     51.93%    passed     79.96%
   6  P006_Elephant       30.56%    passed     97.76%
   7  P007_Armadillo      35.01%    passed     63.16%
   8  P008_Sloth          35.61%    passed     60.71%
   9  P009_Hedgehog       15.73%    passed     91.04%
  10  P010_Common_shrew    0.89%    passed     91.77%
  11  P011_Dolphin         0.89%    passed     99.38%
  12  P013_Pig             0.89%    passed     94.76%
  13  P014_Alpaca          0.89%    passed     98.62%
  14  P015_Horse           0.00%    passed     99.30%
  15  P016_Dog             0.89%    passed     86.80%
  16  P017_Cat            51.93%    passed     90.76%
  17  P018_Megabat         0.89%    passed     99.99%
  18  P019_Microbat       42.14%    passed     92.56%
  19  P020_Rabbit          9.50%    passed     82.91%
  20  P021_Pika            9.79%    passed     67.78%
  21  P022_Squirrel       18.69%    passed     84.73%
  22  P023_Guinea_pig      0.89%    passed     70.30%
  23  P024_Kangaroo_rat    0.89%    passed     96.14%
  24  P025_Mouse           0.89%    passed     97.81%
  25  P026_Rat             0.89%    passed     81.36%
  26  P027_Tree_shrew      1.48%    passed     96.65%
  27  P028_Bushbaby       25.52%    passed     99.31%
  28  P030_Tarsier         7.42%    passed     96.01%
  29  P032_Rhesus          0.89%    passed     80.71%
  30  P033_Orangutan       0.89%    passed     98.78%
  31  P034_Gorilla        51.63%    passed     74.07%
  32  P035_Chimp           0.89%    passed     92.48%
  33  P036_Human           0.89%    passed     94.70%
WARNING: 3 sequences contain more than 50% gaps/ambiguity
****  TOTAL               14.86%  1 sequences failed composition chi2 test (p-value<5%; df=3)
Checking for duplicate sequences: done in 9.60827e-05 secs using 424.6% CPU

Create initial parsimony tree by phylogenetic likelihood library (PLL)... 0.001 seconds

NOTE: 1 MB RAM (0 GB) is required!
WARNING: Number of threads seems too high for short alignments. Use -T AUTO to determine best number of threads.
Estimate model parameters (epsilon = 0.100)
1. Initial log-likelihood: -6162.294
2. Current log-likelihood: -5521.883
3. Current log-likelihood: -5514.451
Optimal log-likelihood: -5514.359
Rate parameters:  A-C: 1.91935  A-G: 10.55205  A-T: 1.50971  C-G: 1.42913  C-T: 17.25914  G-T: 1.00000
Base frequencies:  A: 0.307  C: 0.206  G: 0.241  T: 0.245
Gamma shape alpha: 0.186
Parameters optimization took 3 rounds (0.060 sec)
Wrote distance file to... 
Computing ML distances based on estimated model parameters...
Calculating distance matrix: done in 0.000619888 secs using 774.2% CPU
Computing ML distances took 0.000678 sec (of wall-clock time) 0.005021 sec (of CPU time)
Setting up auxiliary I and S matrices: done in 0.000138998 secs using 1049% CPU
Constructing RapidNJ tree: done in 0.00166106 secs using 701.7% CPU
Computing RapidNJ tree took 0.001854 sec (of wall-clock time) 0.016106 sec (of CPU time)
Log-likelihood of RapidNJ tree: -5537.542
--------------------------------------------------------------------
|             INITIALIZING CANDIDATE TREE SET                      |
--------------------------------------------------------------------
Generating 98 parsimony trees... 0.116 second
Computing log-likelihood of 98 initial trees ... 0.323 seconds
Current best score: -5496.365

Do NNI search on 20 best initial trees
Estimate model parameters (epsilon = 0.100)
BETTER TREE FOUND at iteration 1: -5491.954
Estimate model parameters (epsilon = 0.100)
BETTER TREE FOUND at iteration 2: -5490.689
UPDATE BEST LOG-LIKELIHOOD: -5490.689
Estimate model parameters (epsilon = 0.100)
BETTER TREE FOUND at iteration 7: -5489.057
Estimate model parameters (epsilon = 0.100)
BETTER TREE FOUND at iteration 9: -5488.004
Estimate model parameters (epsilon = 0.100)
BETTER TREE FOUND at iteration 10: -5487.084
Iteration 10 / LogL: -5487.084 / Time: 0h:0m:1s
Iteration 20 / LogL: -5494.996 / Time: 0h:0m:1s
Finish initializing candidate tree set (17)
Current best tree score: -5487.084 / CPU time: 1.573
Number of iterations: 20
--------------------------------------------------------------------
|               OPTIMIZING CANDIDATE TREE SET                      |
--------------------------------------------------------------------
Iteration 30 / LogL: -5487.362 / Time: 0h:0m:2s (0h:0m:6s left)
UPDATE BEST LOG-LIKELIHOOD: -5487.084
Iteration 40 / LogL: -5487.084 / Time: 0h:0m:3s (0h:0m:5s left)
Iteration 50 / LogL: -5487.084 / Time: 0h:0m:3s (0h:0m:4s left)
Iteration 60 / LogL: -5487.085 / Time: 0h:0m:4s (0h:0m:4s left)
Iteration 70 / LogL: -5487.084 / Time: 0h:0m:5s (0h:0m:3s left)
Iteration 80 / LogL: -5487.085 / Time: 0h:0m:6s (0h:0m:2s left)
Iteration 90 / LogL: -5487.085 / Time: 0h:0m:7s (0h:0m:1s left)
Iteration 100 / LogL: -5487.084 / Time: 0h:0m:7s (0h:0m:0s left)
Iteration 110 / LogL: -5487.085 / Time: 0h:0m:8s (0h:0m:0s left)
TREE SEARCH COMPLETED AFTER 111 ITERATIONS / Time: 0h:0m:8s

--------------------------------------------------------------------
|                    FINALIZING TREE SEARCH                        |
--------------------------------------------------------------------
Performs final model parameters optimization
Estimate model parameters (epsilon = 0.010)
1. Initial log-likelihood: -5487.084
Optimal log-likelihood: -5487.084
Rate parameters:  A-C: 1.90720  A-G: 10.69980  A-T: 1.47220  C-G: 1.54114  C-T: 17.63595  G-T: 1.00000
Base frequencies:  A: 0.307  C: 0.206  G: 0.241  T: 0.245
Gamma shape alpha: 0.186
Parameters optimization took 1 rounds (0.006 sec)
BEST SCORE FOUND : -5487.084
Total tree length: 1.232

Total number of iterations: 111
CPU time used for tree search: 69.504 sec (0h:1m:9s)
Wall-clock time used for tree search: 8.693 sec (0h:0m:8s)
Total CPU time used: 70.248 sec (0h:1m:10s)
Total wall-clock time used: 8.787 sec (0h:0m:8s)

Analysis results written to: 
  IQ-TREE report:                /workspace/IQTree_8_cores_TarvD7_Results/ENSG00000121022.nuc.ord.iqtree
  Maximum-likelihood tree:       /workspace/IQTree_8_cores_TarvD7_Results/ENSG00000121022.nuc.ord.treefile
  Likelihood distances:          /workspace/IQTree_8_cores_TarvD7_Results/ENSG00000121022.nuc.ord.mldist
  Screen log file:               /workspace/IQTree_8_cores_TarvD7_Results/ENSG00000121022.nuc.ord.log

Date and Time: Tue May 26 10:28:57 2026
