IQ-TREE version 3.1.2 for Linux x86 64-bit built May  7 2026
Developed by Bui Quang Minh, Thomas Wong, Nhan Ly-Trong, Huaiyan Ren
Contributed by Lam-Tung Nguyen, Dominik Schrempf, Chris Bielow,
Olga Chernomor, Michael Woodhams, Diep Thi Hoang, Heiko Schmidt

Host:    8084c4e79f09 (AVX512, FMA3, 1133 GB RAM)
Command: /workspace/iqtree-3.1.2-Linux/bin/iqtree3_intel -s /workspace/NeuralNJ/empirical/TarvD7/ENSG00000174640.nuc.ord.aln -st DNA -m GTR+G -T 8 -seed 2201 -pre /workspace/IQTree_8_cores_TarvD7_Results/ENSG00000174640.nuc.ord -quiet
Seed:    2201 (Using SPRNG - Scalable Parallel Random Number Generator)
Time:    Wed May 27 06:43:26 2026
Kernel:  AVX+FMA - 8 threads (384 CPU cores detected)

Reading alignment file /workspace/NeuralNJ/empirical/TarvD7/ENSG00000174640.nuc.ord.aln ... Fasta format detected
Reading fasta file: done in 0.000651121 secs using 65.89% CPU
Alignment most likely contains DNA/RNA sequences
Constructing alignment: done in 0.00306392 secs using 715.3% CPU
Alignment has 32 sequences with 2175 columns, 1206 distinct patterns
767 parsimony-informative, 332 singleton sites, 1076 constant sites
                   Gap/Ambiguity  Composition  p-value
Analyzing sequences: done in 3.50475e-05 secs using 402.3% CPU
   1  P002_Opossum        15.86%    failed      0.00%
   2  P003_Wallaby        29.79%    failed      0.00%
   3  P004_Tenrec         22.90%    passed     88.32%
   4  P005_Rock_hyrax     20.83%    passed     86.93%
   5  P006_Elephant       27.03%    passed     56.31%
   6  P007_Armadillo      55.45%    failed      0.00%
   7  P009_Hedgehog       27.31%    passed     42.08%
   8  P010_Common_shrew   53.66%    failed      0.64%
   9  P011_Dolphin        11.17%    passed     24.03%
  10  P012_Cow            11.17%    passed     99.67%
  11  P013_Pig            50.90%    passed     74.33%
  12  P014_Alpaca         64.00%    failed      0.61%
  13  P015_Horse          15.17%    passed     53.59%
  14  P016_Dog            11.17%    passed     77.54%
  15  P017_Cat            15.59%    passed     76.30%
  16  P018_Megabat        24.83%    passed     90.55%
  17  P019_Microbat       42.07%    passed     97.20%
  18  P020_Rabbit         25.52%    failed      3.48%
  19  P021_Pika           26.48%    passed     12.73%
  20  P022_Squirrel       57.79%    passed     57.56%
  21  P023_Guinea_pig     10.90%    passed     13.18%
  22  P024_Kangaroo_rat   46.90%    passed      6.79%
  23  P025_Mouse          11.31%    passed     88.65%
  24  P026_Rat            11.17%    passed     80.63%
  25  P027_Tree_shrew     38.34%    passed      8.86%
  26  P028_Bushbaby       32.69%    passed     43.81%
  27  P029_Mouse_lemur    23.86%    passed     46.39%
  28  P031_Marmoset       15.17%    passed     79.76%
  29  P032_Rhesus         11.31%    passed     92.56%
  30  P034_Gorilla        24.41%    passed     90.56%
  31  P035_Chimp          18.90%    passed     88.66%
  32  P036_Human          11.31%    passed     88.07%
WARNING: 5 sequences contain more than 50% gaps/ambiguity
****  TOTAL               27.03%  6 sequences failed composition chi2 test (p-value<5%; df=3)
Checking for duplicate sequences: done in 0.000129938 secs using 758.8% CPU

Create initial parsimony tree by phylogenetic likelihood library (PLL)... 0.003 seconds

NOTE: 5 MB RAM (0 GB) is required!
Estimate model parameters (epsilon = 0.100)
1. Initial log-likelihood: -20052.155
2. Current log-likelihood: -18624.403
3. Current log-likelihood: -18601.449
4. Current log-likelihood: -18600.989
Optimal log-likelihood: -18600.977
Rate parameters:  A-C: 1.49609  A-G: 6.39698  A-T: 0.88261  C-G: 1.03883  C-T: 4.54808  G-T: 1.00000
Base frequencies:  A: 0.188  C: 0.320  G: 0.250  T: 0.242
Gamma shape alpha: 0.420
Parameters optimization took 4 rounds (0.094 sec)
Wrote distance file to... 
Computing ML distances based on estimated model parameters...
Calculating distance matrix: done in 0.000530958 secs using 796.7% CPU
Computing ML distances took 0.000622 sec (of wall-clock time) 0.004696 sec (of CPU time)
Setting up auxiliary I and S matrices: done in 7.29561e-05 secs using 1132% CPU
Constructing RapidNJ tree: done in 0.00162101 secs using 840.3% CPU
Computing RapidNJ tree took 0.001769 sec (of wall-clock time) 0.016170 sec (of CPU time)
Log-likelihood of RapidNJ tree: -18633.360
--------------------------------------------------------------------
|             INITIALIZING CANDIDATE TREE SET                      |
--------------------------------------------------------------------
Generating 98 parsimony trees... 0.269 second
Computing log-likelihood of 98 initial trees ... 0.502 seconds
Current best score: -18600.977

Do NNI search on 20 best initial trees
Estimate model parameters (epsilon = 0.100)
BETTER TREE FOUND at iteration 1: -18583.011
Estimate model parameters (epsilon = 0.100)
BETTER TREE FOUND at iteration 2: -18581.154
Estimate model parameters (epsilon = 0.100)
BETTER TREE FOUND at iteration 3: -18578.286
Estimate model parameters (epsilon = 0.100)
BETTER TREE FOUND at iteration 4: -18574.690
Iteration 10 / LogL: -18581.264 / Time: 0h:0m:2s
Estimate model parameters (epsilon = 0.100)
BETTER TREE FOUND at iteration 15: -18571.770
Iteration 20 / LogL: -18581.360 / Time: 0h:0m:3s
Finish initializing candidate tree set (14)
Current best tree score: -18571.770 / CPU time: 3.423
Number of iterations: 20
--------------------------------------------------------------------
|               OPTIMIZING CANDIDATE TREE SET                      |
--------------------------------------------------------------------
Estimate model parameters (epsilon = 0.100)
BETTER TREE FOUND at iteration 23: -18569.873
Estimate model parameters (epsilon = 0.100)
BETTER TREE FOUND at iteration 26: -18567.175
Iteration 30 / LogL: -18568.888 / Time: 0h:0m:5s (0h:0m:16s left)
Iteration 40 / LogL: -18567.176 / Time: 0h:0m:6s (0h:0m:14s left)
Iteration 50 / LogL: -18567.176 / Time: 0h:0m:7s (0h:0m:12s left)
UPDATE BEST LOG-LIKELIHOOD: -18567.175
Iteration 60 / LogL: -18567.652 / Time: 0h:0m:9s (0h:0m:10s left)
UPDATE BEST LOG-LIKELIHOOD: -18567.175
Iteration 70 / LogL: -18567.756 / Time: 0h:0m:10s (0h:0m:8s left)
Iteration 80 / LogL: -18567.756 / Time: 0h:0m:12s (0h:0m:7s left)
Estimate model parameters (epsilon = 0.100)
BETTER TREE FOUND at iteration 84: -18566.282
Iteration 90 / LogL: -18567.284 / Time: 0h:0m:13s (0h:0m:14s left)
Iteration 100 / LogL: -18797.058 / Time: 0h:0m:15s (0h:0m:13s left)
Iteration 110 / LogL: -18567.282 / Time: 0h:0m:17s (0h:0m:11s left)
Iteration 120 / LogL: -18567.281 / Time: 0h:0m:18s (0h:0m:9s left)
Estimate model parameters (epsilon = 0.100)
BETTER TREE FOUND at iteration 124: -18565.470
Iteration 130 / LogL: -18565.471 / Time: 0h:0m:19s (0h:0m:14s left)
Iteration 140 / LogL: -18580.336 / Time: 0h:0m:20s (0h:0m:12s left)
Iteration 150 / LogL: -18567.861 / Time: 0h:0m:21s (0h:0m:10s left)
Iteration 160 / LogL: -18565.755 / Time: 0h:0m:23s (0h:0m:9s left)
Iteration 170 / LogL: -18565.471 / Time: 0h:0m:24s (0h:0m:7s left)
Iteration 180 / LogL: -18565.470 / Time: 0h:0m:25s (0h:0m:6s left)
Iteration 190 / LogL: -18565.470 / Time: 0h:0m:26s (0h:0m:4s left)
Iteration 200 / LogL: -18565.755 / Time: 0h:0m:27s (0h:0m:3s left)
Iteration 210 / LogL: -18565.486 / Time: 0h:0m:28s (0h:0m:1s left)
Iteration 220 / LogL: -18565.470 / Time: 0h:0m:30s (0h:0m:0s left)
TREE SEARCH COMPLETED AFTER 225 ITERATIONS / Time: 0h:0m:30s

--------------------------------------------------------------------
|                    FINALIZING TREE SEARCH                        |
--------------------------------------------------------------------
Performs final model parameters optimization
Estimate model parameters (epsilon = 0.010)
1. Initial log-likelihood: -18565.470
Optimal log-likelihood: -18565.469
Rate parameters:  A-C: 1.44461  A-G: 6.15563  A-T: 0.82704  C-G: 0.95226  C-T: 4.35088  G-T: 1.00000
Base frequencies:  A: 0.188  C: 0.320  G: 0.250  T: 0.242
Gamma shape alpha: 0.420
Parameters optimization took 1 rounds (0.010 sec)
BEST SCORE FOUND : -18565.469
Total tree length: 3.499

Total number of iterations: 225
CPU time used for tree search: 241.331 sec (0h:4m:1s)
Wall-clock time used for tree search: 30.496 sec (0h:0m:30s)
Total CPU time used: 242.487 sec (0h:4m:2s)
Total wall-clock time used: 30.641 sec (0h:0m:30s)

Analysis results written to: 
  IQ-TREE report:                /workspace/IQTree_8_cores_TarvD7_Results/ENSG00000174640.nuc.ord.iqtree
  Maximum-likelihood tree:       /workspace/IQTree_8_cores_TarvD7_Results/ENSG00000174640.nuc.ord.treefile
  Likelihood distances:          /workspace/IQTree_8_cores_TarvD7_Results/ENSG00000174640.nuc.ord.mldist
  Screen log file:               /workspace/IQTree_8_cores_TarvD7_Results/ENSG00000174640.nuc.ord.log

Date and Time: Wed May 27 06:43:56 2026
