IQ-TREE version 3.1.2 for Linux x86 64-bit built May  7 2026
Developed by Bui Quang Minh, Thomas Wong, Nhan Ly-Trong, Huaiyan Ren
Contributed by Lam-Tung Nguyen, Dominik Schrempf, Chris Bielow,
Olga Chernomor, Michael Woodhams, Diep Thi Hoang, Heiko Schmidt

Host:    8084c4e79f09 (AVX512, FMA3, 1133 GB RAM)
Command: /workspace/iqtree-3.1.2-Linux/bin/iqtree3_intel -s /workspace/NeuralNJ/empirical/TarvD7/ENSG00000135373.nuc.ord.aln -st DNA -m GTR+G -T 8 -seed 2201 -pre /workspace/IQTree_8_cores_TarvD7_Results/ENSG00000135373.nuc.ord -quiet
Seed:    2201 (Using SPRNG - Scalable Parallel Random Number Generator)
Time:    Tue May 26 14:49:15 2026
Kernel:  AVX+FMA - 8 threads (384 CPU cores detected)

Reading alignment file /workspace/NeuralNJ/empirical/TarvD7/ENSG00000135373.nuc.ord.aln ... Fasta format detected
Reading fasta file: done in 0.00061202 secs using 99.83% CPU
Alignment most likely contains DNA/RNA sequences
Constructing alignment: done in 0.00223708 secs using 739.1% CPU
Alignment has 33 sequences with 1149 columns, 457 distinct patterns
299 parsimony-informative, 132 singleton sites, 718 constant sites
                   Gap/Ambiguity  Composition  p-value
Analyzing sequences: done in 1.90735e-05 secs using 220.2% CPU
   1  P001_Platypus       21.67%    failed      1.31%
   2  P002_Opossum        21.15%    passed     33.74%
   3  P003_Wallaby        30.29%    passed     44.72%
   4  P004_Tenrec         43.34%    passed     75.89%
   5  P006_Elephant       64.49%    passed     59.18%
   6  P007_Armadillo      30.55%    passed     69.74%
   7  P008_Sloth          43.60%    passed     14.68%
   8  P009_Hedgehog       21.67%    passed     47.77%
   9  P010_Common_shrew   57.18%    failed      3.82%
  10  P011_Dolphin        21.67%    passed     92.88%
  11  P012_Cow            21.67%    passed     86.97%
  12  P013_Pig            21.67%    passed     94.64%
  13  P014_Alpaca         27.68%    passed     72.64%
  14  P015_Horse          21.67%    passed     54.47%
  15  P016_Dog            18.02%    failed      0.16%
  16  P017_Cat            21.67%    passed     66.05%
  17  P018_Megabat        21.67%    passed     88.67%
  18  P019_Microbat       21.67%    passed     64.70%
  19  P020_Rabbit         27.42%    passed     64.61%
  20  P021_Pika           21.67%    passed     88.71%
  21  P022_Squirrel       21.67%    passed     57.37%
  22  P023_Guinea_pig     21.67%    passed     97.59%
  23  P024_Kangaroo_rat   21.67%    passed     99.67%
  24  P025_Mouse          21.67%    passed     99.09%
  25  P026_Rat            21.67%    passed     98.43%
  26  P028_Bushbaby       27.68%    passed     97.78%
  27  P029_Mouse_lemur    21.67%    passed     99.43%
  28  P031_Marmoset       21.15%    passed     95.25%
  29  P032_Rhesus         21.67%    passed     99.92%
  30  P033_Orangutan      21.67%    passed     98.72%
  31  P034_Gorilla        43.34%    passed     33.41%
  32  P035_Chimp          21.67%    passed     98.71%
  33  P036_Human          21.67%    passed     99.57%
WARNING: 2 sequences contain more than 50% gaps/ambiguity
****  TOTAL               26.95%  3 sequences failed composition chi2 test (p-value<5%; df=3)
Checking for duplicate sequences: done in 0.000143051 secs using 502.6% CPU

Create initial parsimony tree by phylogenetic likelihood library (PLL)... 0.002 seconds

NOTE: 1 MB RAM (0 GB) is required!
WARNING: Number of threads seems too high for short alignments. Use -T AUTO to determine best number of threads.
Estimate model parameters (epsilon = 0.100)
1. Initial log-likelihood: -8245.176
2. Current log-likelihood: -7613.739
3. Current log-likelihood: -7600.518
4. Current log-likelihood: -7600.223
Optimal log-likelihood: -7600.205
Rate parameters:  A-C: 1.14128  A-G: 4.32282  A-T: 0.52766  C-G: 0.80699  C-T: 6.96315  G-T: 1.00000
Base frequencies:  A: 0.301  C: 0.252  G: 0.248  T: 0.198
Gamma shape alpha: 0.342
Parameters optimization took 4 rounds (0.068 sec)
Wrote distance file to... 
Computing ML distances based on estimated model parameters...
Calculating distance matrix: done in 0.000377893 secs using 729% CPU
Computing ML distances took 0.000444 sec (of wall-clock time) 0.002893 sec (of CPU time)
Setting up auxiliary I and S matrices: done in 0.000101089 secs using 1005% CPU
Constructing RapidNJ tree: done in 0.00169683 secs using 756.9% CPU
Computing RapidNJ tree took 0.001828 sec (of wall-clock time) 0.016888 sec (of CPU time)
Log-likelihood of RapidNJ tree: -7668.407
--------------------------------------------------------------------
|             INITIALIZING CANDIDATE TREE SET                      |
--------------------------------------------------------------------
Generating 98 parsimony trees... 0.141 second
Computing log-likelihood of 98 initial trees ... 0.354 seconds
Current best score: -7593.377

Do NNI search on 20 best initial trees
Estimate model parameters (epsilon = 0.100)
BETTER TREE FOUND at iteration 1: -7577.322
Estimate model parameters (epsilon = 0.100)
BETTER TREE FOUND at iteration 4: -7575.824
Estimate model parameters (epsilon = 0.100)
BETTER TREE FOUND at iteration 8: -7575.511
Iteration 10 / LogL: -7575.904 / Time: 0h:0m:1s
Iteration 20 / LogL: -7582.360 / Time: 0h:0m:1s
Finish initializing candidate tree set (15)
Current best tree score: -7575.511 / CPU time: 1.869
Number of iterations: 20
--------------------------------------------------------------------
|               OPTIMIZING CANDIDATE TREE SET                      |
--------------------------------------------------------------------
Iteration 30 / LogL: -7576.546 / Time: 0h:0m:2s (0h:0m:7s left)
UPDATE BEST LOG-LIKELIHOOD: -7575.510
Iteration 40 / LogL: -7575.913 / Time: 0h:0m:3s (0h:0m:6s left)
Iteration 50 / LogL: -7575.659 / Time: 0h:0m:4s (0h:0m:4s left)
UPDATE BEST LOG-LIKELIHOOD: -7575.509
Iteration 60 / LogL: -7575.660 / Time: 0h:0m:4s (0h:0m:3s left)
Estimate model parameters (epsilon = 0.100)
BETTER TREE FOUND at iteration 61: -7575.367
Iteration 70 / LogL: -7575.933 / Time: 0h:0m:5s (0h:0m:7s left)
Iteration 80 / LogL: -7575.517 / Time: 0h:0m:6s (0h:0m:6s left)
Iteration 90 / LogL: -7575.661 / Time: 0h:0m:6s (0h:0m:5s left)
Iteration 100 / LogL: -7575.409 / Time: 0h:0m:7s (0h:0m:4s left)
UPDATE BEST LOG-LIKELIHOOD: -7575.366
Iteration 110 / LogL: -7577.573 / Time: 0h:0m:8s (0h:0m:3s left)
Iteration 120 / LogL: -7575.654 / Time: 0h:0m:9s (0h:0m:3s left)
Iteration 130 / LogL: -7593.569 / Time: 0h:0m:9s (0h:0m:2s left)
Iteration 140 / LogL: -7577.133 / Time: 0h:0m:10s (0h:0m:1s left)
Estimate model parameters (epsilon = 0.100)
BETTER TREE FOUND at iteration 148: -7572.536
Iteration 150 / LogL: -7572.538 / Time: 0h:0m:11s (0h:0m:7s left)
UPDATE BEST LOG-LIKELIHOOD: -7572.535
UPDATE BEST LOG-LIKELIHOOD: -7572.534
Iteration 160 / LogL: -7576.545 / Time: 0h:0m:12s (0h:0m:6s left)
UPDATE BEST LOG-LIKELIHOOD: -7572.534
UPDATE BEST LOG-LIKELIHOOD: -7572.534
Iteration 170 / LogL: -7572.534 / Time: 0h:0m:12s (0h:0m:5s left)
Iteration 180 / LogL: -7572.568 / Time: 0h:0m:13s (0h:0m:5s left)
UPDATE BEST LOG-LIKELIHOOD: -7572.533
Iteration 190 / LogL: -7575.554 / Time: 0h:0m:14s (0h:0m:4s left)
Iteration 200 / LogL: -7577.369 / Time: 0h:0m:14s (0h:0m:3s left)
Iteration 210 / LogL: -7572.542 / Time: 0h:0m:15s (0h:0m:2s left)
UPDATE BEST LOG-LIKELIHOOD: -7572.533
Iteration 220 / LogL: -7572.538 / Time: 0h:0m:16s (0h:0m:2s left)
UPDATE BEST LOG-LIKELIHOOD: -7572.533
Iteration 230 / LogL: -7574.176 / Time: 0h:0m:17s (0h:0m:1s left)
Iteration 240 / LogL: -7576.326 / Time: 0h:0m:17s (0h:0m:0s left)
TREE SEARCH COMPLETED AFTER 249 ITERATIONS / Time: 0h:0m:18s

--------------------------------------------------------------------
|                    FINALIZING TREE SEARCH                        |
--------------------------------------------------------------------
Performs final model parameters optimization
Estimate model parameters (epsilon = 0.010)
1. Initial log-likelihood: -7572.533
Optimal log-likelihood: -7572.533
Rate parameters:  A-C: 1.09745  A-G: 4.38069  A-T: 0.52330  C-G: 0.73572  C-T: 7.18570  G-T: 1.00000
Base frequencies:  A: 0.301  C: 0.252  G: 0.248  T: 0.198
Gamma shape alpha: 0.343
Parameters optimization took 1 rounds (0.007 sec)
BEST SCORE FOUND : -7572.533
Total tree length: 2.460

Total number of iterations: 249
CPU time used for tree search: 147.251 sec (0h:2m:27s)
Wall-clock time used for tree search: 18.438 sec (0h:0m:18s)
Total CPU time used: 148.069 sec (0h:2m:28s)
Total wall-clock time used: 18.542 sec (0h:0m:18s)

Analysis results written to: 
  IQ-TREE report:                /workspace/IQTree_8_cores_TarvD7_Results/ENSG00000135373.nuc.ord.iqtree
  Maximum-likelihood tree:       /workspace/IQTree_8_cores_TarvD7_Results/ENSG00000135373.nuc.ord.treefile
  Likelihood distances:          /workspace/IQTree_8_cores_TarvD7_Results/ENSG00000135373.nuc.ord.mldist
  Screen log file:               /workspace/IQTree_8_cores_TarvD7_Results/ENSG00000135373.nuc.ord.log

Date and Time: Tue May 26 14:49:34 2026
