IQ-TREE version 3.1.2 for Linux x86 64-bit built May  7 2026
Developed by Bui Quang Minh, Thomas Wong, Nhan Ly-Trong, Huaiyan Ren
Contributed by Lam-Tung Nguyen, Dominik Schrempf, Chris Bielow,
Olga Chernomor, Michael Woodhams, Diep Thi Hoang, Heiko Schmidt

Host:    8084c4e79f09 (AVX512, FMA3, 1133 GB RAM)
Command: /workspace/iqtree-3.1.2-Linux/bin/iqtree3_intel -s /workspace/NeuralNJ/empirical/TarvD7/ENSG00000019102.nuc.ord.aln -st DNA -m GTR+G -T 8 -seed 2201 -pre /workspace/IQTree_8_cores_TarvD7_Results/ENSG00000019102.nuc.ord -quiet
Seed:    2201 (Using SPRNG - Scalable Parallel Random Number Generator)
Time:    Mon May 25 21:48:28 2026
Kernel:  AVX+FMA - 8 threads (384 CPU cores detected)

Reading alignment file /workspace/NeuralNJ/empirical/TarvD7/ENSG00000019102.nuc.ord.aln ... Fasta format detected
Reading fasta file: done in 0.000329971 secs using 26.67% CPU
Alignment most likely contains DNA/RNA sequences
Constructing alignment: done in 0.00135684 secs using 597.7% CPU
Alignment has 35 sequences with 996 columns, 733 distinct patterns
494 parsimony-informative, 183 singleton sites, 319 constant sites
                   Gap/Ambiguity  Composition  p-value
Analyzing sequences: done in 2.28882e-05 secs using 196.6% CPU
   1  P002_Opossum         1.51%    failed      0.21%
   2  P003_Wallaby         2.71%    failed      0.11%
   3  P004_Tenrec          2.41%    passed      6.44%
   4  P005_Rock_hyrax      1.51%    passed     52.98%
   5  P006_Elephant        1.51%    passed     68.62%
   6  P007_Armadillo      11.75%    passed      6.30%
   7  P008_Sloth          38.86%    passed     77.62%
   8  P009_Hedgehog       23.49%    passed     73.61%
   9  P010_Common_shrew   39.16%    passed      7.52%
  10  P011_Dolphin         1.51%    passed     33.77%
  11  P012_Cow             1.20%    passed     69.34%
  12  P013_Pig             0.90%    passed     86.54%
  13  P014_Alpaca         44.28%    passed     78.54%
  14  P015_Horse           1.51%    passed     76.64%
  15  P016_Dog             0.90%    passed     65.90%
  16  P017_Cat            17.17%    passed     54.94%
  17  P018_Megabat         4.82%    passed     86.24%
  18  P019_Microbat       18.67%    failed      0.27%
  19  P020_Rabbit         11.75%    passed     40.13%
  20  P021_Pika           10.24%    passed      8.22%
  21  P022_Squirrel        3.31%    passed     11.13%
  22  P023_Guinea_pig      0.90%    passed     94.77%
  23  P024_Kangaroo_rat    1.20%    passed     40.43%
  24  P025_Mouse           1.20%    passed     85.00%
  25  P026_Rat             1.20%    passed     81.00%
  26  P027_Tree_shrew     37.05%    failed      1.75%
  27  P028_Bushbaby        1.51%    passed     99.45%
  28  P029_Mouse_lemur    11.45%    passed     99.65%
  29  P030_Tarsier         1.51%    passed     81.59%
  30  P031_Marmoset        1.81%    passed     76.07%
  31  P032_Rhesus          1.51%    passed     87.59%
  32  P033_Orangutan       1.51%    passed     92.82%
  33  P034_Gorilla        15.66%    passed     97.03%
  34  P035_Chimp           1.51%    passed     99.31%
  35  P036_Human           1.51%    passed     94.64%
****  TOTAL                9.10%  4 sequences failed composition chi2 test (p-value<5%; df=3)
Checking for duplicate sequences: done in 0.00011611 secs using 792.4% CPU

Create initial parsimony tree by phylogenetic likelihood library (PLL)... 0.002 seconds

NOTE: 3 MB RAM (0 GB) is required!
WARNING: Number of threads seems too high for short alignments. Use -T AUTO to determine best number of threads.
Estimate model parameters (epsilon = 0.100)
1. Initial log-likelihood: -12261.036
2. Current log-likelihood: -11745.144
3. Current log-likelihood: -11739.916
Optimal log-likelihood: -11739.847
Rate parameters:  A-C: 1.26862  A-G: 3.81906  A-T: 0.76760  C-G: 0.98769  C-T: 3.57701  G-T: 1.00000
Base frequencies:  A: 0.194  C: 0.300  G: 0.282  T: 0.224
Gamma shape alpha: 0.680
Parameters optimization took 3 rounds (0.057 sec)
Wrote distance file to... 
Computing ML distances based on estimated model parameters...
Calculating distance matrix: done in 0.000498056 secs using 777.8% CPU
Computing ML distances took 0.000564 sec (of wall-clock time) 0.004181 sec (of CPU time)
Setting up auxiliary I and S matrices: done in 8.2016e-05 secs using 1112% CPU
Constructing RapidNJ tree: done in 0.00193906 secs using 658.1% CPU
Computing RapidNJ tree took 0.002077 sec (of wall-clock time) 0.018308 sec (of CPU time)
Log-likelihood of RapidNJ tree: -11799.052
--------------------------------------------------------------------
|             INITIALIZING CANDIDATE TREE SET                      |
--------------------------------------------------------------------
Generating 98 parsimony trees... 0.219 second
Computing log-likelihood of 98 initial trees ... 0.407 seconds
Current best score: -11732.704

Do NNI search on 20 best initial trees
Estimate model parameters (epsilon = 0.100)
BETTER TREE FOUND at iteration 1: -11710.784
Iteration 10 / LogL: -11712.348 / Time: 0h:0m:1s
Iteration 20 / LogL: -11710.785 / Time: 0h:0m:2s
Finish initializing candidate tree set (6)
Current best tree score: -11710.784 / CPU time: 2.112
Number of iterations: 20
--------------------------------------------------------------------
|               OPTIMIZING CANDIDATE TREE SET                      |
--------------------------------------------------------------------
Iteration 30 / LogL: -11712.349 / Time: 0h:0m:3s (0h:0m:7s left)
Iteration 40 / LogL: -11710.786 / Time: 0h:0m:4s (0h:0m:6s left)
UPDATE BEST LOG-LIKELIHOOD: -11710.784
UPDATE BEST LOG-LIKELIHOOD: -11710.784
Iteration 50 / LogL: -11712.354 / Time: 0h:0m:5s (0h:0m:5s left)
Iteration 60 / LogL: -11717.038 / Time: 0h:0m:6s (0h:0m:4s left)
Iteration 70 / LogL: -11766.808 / Time: 0h:0m:7s (0h:0m:3s left)
Estimate model parameters (epsilon = 0.100)
BETTER TREE FOUND at iteration 72: -11705.155
Estimate model parameters (epsilon = 0.100)
BETTER TREE FOUND at iteration 76: -11703.717
Iteration 80 / LogL: -11710.818 / Time: 0h:0m:8s (0h:0m:9s left)
Iteration 90 / LogL: -11711.824 / Time: 0h:0m:9s (0h:0m:8s left)
Iteration 100 / LogL: -11705.249 / Time: 0h:0m:10s (0h:0m:7s left)
Iteration 110 / LogL: -11703.743 / Time: 0h:0m:11s (0h:0m:6s left)
Iteration 120 / LogL: -11706.674 / Time: 0h:0m:12s (0h:0m:5s left)
Iteration 130 / LogL: -11706.964 / Time: 0h:0m:13s (0h:0m:4s left)
Iteration 140 / LogL: -11705.170 / Time: 0h:0m:14s (0h:0m:3s left)
Iteration 150 / LogL: -11715.505 / Time: 0h:0m:15s (0h:0m:2s left)
UPDATE BEST LOG-LIKELIHOOD: -11703.716
Iteration 160 / LogL: -11703.738 / Time: 0h:0m:16s (0h:0m:1s left)
Iteration 170 / LogL: -11707.585 / Time: 0h:0m:17s (0h:0m:0s left)
TREE SEARCH COMPLETED AFTER 177 ITERATIONS / Time: 0h:0m:17s

--------------------------------------------------------------------
|                    FINALIZING TREE SEARCH                        |
--------------------------------------------------------------------
Performs final model parameters optimization
Estimate model parameters (epsilon = 0.010)
1. Initial log-likelihood: -11703.716
Optimal log-likelihood: -11703.714
Rate parameters:  A-C: 1.20114  A-G: 3.67844  A-T: 0.72885  C-G: 0.90575  C-T: 3.42225  G-T: 1.00000
Base frequencies:  A: 0.194  C: 0.300  G: 0.282  T: 0.224
Gamma shape alpha: 0.678
Parameters optimization took 1 rounds (0.010 sec)
BEST SCORE FOUND : -11703.714
Total tree length: 3.495

Total number of iterations: 177
CPU time used for tree search: 140.346 sec (0h:2m:20s)
Wall-clock time used for tree search: 17.643 sec (0h:0m:17s)
Total CPU time used: 141.099 sec (0h:2m:21s)
Total wall-clock time used: 17.738 sec (0h:0m:17s)

Analysis results written to: 
  IQ-TREE report:                /workspace/IQTree_8_cores_TarvD7_Results/ENSG00000019102.nuc.ord.iqtree
  Maximum-likelihood tree:       /workspace/IQTree_8_cores_TarvD7_Results/ENSG00000019102.nuc.ord.treefile
  Likelihood distances:          /workspace/IQTree_8_cores_TarvD7_Results/ENSG00000019102.nuc.ord.mldist
  Screen log file:               /workspace/IQTree_8_cores_TarvD7_Results/ENSG00000019102.nuc.ord.log

Date and Time: Mon May 25 21:48:46 2026
