IQ-TREE version 3.1.2 for Linux x86 64-bit built May  7 2026
Developed by Bui Quang Minh, Thomas Wong, Nhan Ly-Trong, Huaiyan Ren
Contributed by Lam-Tung Nguyen, Dominik Schrempf, Chris Bielow,
Olga Chernomor, Michael Woodhams, Diep Thi Hoang, Heiko Schmidt

Host:    8084c4e79f09 (AVX512, FMA3, 1133 GB RAM)
Command: /workspace/iqtree-3.1.2-Linux/bin/iqtree3_intel -s /workspace/NeuralNJ/empirical/TarvD7/ENSG00000180901.nuc.ord.aln -st DNA -m GTR+G -T 8 -seed 2201 -pre /workspace/IQTree_8_cores_TarvD7_Results/ENSG00000180901.nuc.ord -quiet
Seed:    2201 (Using SPRNG - Scalable Parallel Random Number Generator)
Time:    Wed May 27 08:15:13 2026
Kernel:  AVX+FMA - 8 threads (384 CPU cores detected)

Reading alignment file /workspace/NeuralNJ/empirical/TarvD7/ENSG00000180901.nuc.ord.aln ... Fasta format detected
Reading fasta file: done in 0.000517845 secs using 29.35% CPU
Alignment most likely contains DNA/RNA sequences
Constructing alignment: done in 0.00173903 secs using 726.5% CPU
Alignment has 28 sequences with 1371 columns, 441 distinct patterns
175 parsimony-informative, 164 singleton sites, 1032 constant sites
                  Gap/Ambiguity  Composition  p-value
Analyzing sequences: done in 2.09808e-05 secs using 52.43% CPU
   1  P001_Platypus      75.05%    passed     69.59%
   2  P002_Opossum       41.79%    passed     47.46%
   3  P003_Wallaby       69.15%    failed      0.00%
   4  P004_Tenrec        43.54%    failed      0.31%
   5  P005_Rock_hyrax    55.80%    passed      7.16%
   6  P006_Elephant      57.11%    passed     11.66%
   7  P007_Armadillo     80.96%    failed      0.01%
   8  P012_Cow           53.17%    passed     97.51%
   9  P013_Pig           66.96%    passed      9.99%
  10  P014_Alpaca        67.40%    failed      0.09%
  11  P015_Horse         63.02%    failed      3.00%
  12  P016_Dog           42.45%    passed     10.76%
  13  P018_Megabat       42.67%    passed     38.09%
  14  P019_Microbat      43.11%    failed      3.00%
  15  P021_Pika          52.95%    passed     83.09%
  16  P022_Squirrel      64.11%    failed      0.81%
  17  P023_Guinea_pig    45.51%    passed     96.91%
  18  P025_Mouse         26.04%    passed     25.12%
  19  P026_Rat           48.80%    failed      0.05%
  20  P027_Tree_shrew    45.51%    passed     29.18%
  21  P029_Mouse_lemur   42.67%    passed     57.57%
  22  P030_Tarsier       67.40%    failed      0.00%
  23  P031_Marmoset      44.20%    passed     90.09%
  24  P032_Rhesus        42.45%    passed     37.27%
  25  P033_Orangutan     67.40%    failed      2.77%
  26  P034_Gorilla       54.70%    passed     62.99%
  27  P035_Chimp         42.45%    passed     17.87%
  28  P036_Human         42.45%    passed     11.88%
WARNING: 14 sequences contain more than 50% gaps/ambiguity
****  TOTAL              53.17%  10 sequences failed composition chi2 test (p-value<5%; df=3)
Checking for duplicate sequences: done in 8.70228e-05 secs using 764.2% CPU

Create initial parsimony tree by phylogenetic likelihood library (PLL)... 0.001 seconds

NOTE: 1 MB RAM (0 GB) is required!
WARNING: Number of threads seems too high for short alignments. Use -T AUTO to determine best number of threads.
Estimate model parameters (epsilon = 0.100)
1. Initial log-likelihood: -6211.653
2. Current log-likelihood: -5650.490
3. Current log-likelihood: -5644.011
Optimal log-likelihood: -5643.959
Rate parameters:  A-C: 1.39941  A-G: 3.55410  A-T: 0.30979  C-G: 1.07071  C-T: 6.00207  G-T: 1.00000
Base frequencies:  A: 0.239  C: 0.271  G: 0.305  T: 0.185
Gamma shape alpha: 0.280
Parameters optimization took 3 rounds (0.050 sec)
Wrote distance file to... 
Computing ML distances based on estimated model parameters...
Calculating distance matrix: done in 0.000417948 secs using 810.9% CPU
Computing ML distances took 0.000499 sec (of wall-clock time) 0.003864 sec (of CPU time)
Setting up auxiliary I and S matrices: done in 8.10623e-05 secs using 1405% CPU
Constructing RapidNJ tree: done in 0.00160289 secs using 520.8% CPU
Computing RapidNJ tree took 0.001746 sec (of wall-clock time) 0.014311 sec (of CPU time)
Log-likelihood of RapidNJ tree: -5659.300
--------------------------------------------------------------------
|             INITIALIZING CANDIDATE TREE SET                      |
--------------------------------------------------------------------
Generating 98 parsimony trees... 0.092 second
Computing log-likelihood of 98 initial trees ... 0.360 seconds
Current best score: -5643.959

Do NNI search on 20 best initial trees
Estimate model parameters (epsilon = 0.100)
BETTER TREE FOUND at iteration 1: -5631.950
Estimate model parameters (epsilon = 0.100)
BETTER TREE FOUND at iteration 2: -5630.934
Iteration 10 / LogL: -5630.934 / Time: 0h:0m:1s
Iteration 20 / LogL: -5630.940 / Time: 0h:0m:1s
Finish initializing candidate tree set (11)
Current best tree score: -5630.934 / CPU time: 1.829
Number of iterations: 20
--------------------------------------------------------------------
|               OPTIMIZING CANDIDATE TREE SET                      |
--------------------------------------------------------------------
Estimate model parameters (epsilon = 0.100)
UPDATE BEST LOG-LIKELIHOOD: -5630.919
Iteration 30 / LogL: -5633.621 / Time: 0h:0m:2s (0h:0m:6s left)
Iteration 40 / LogL: -5630.919 / Time: 0h:0m:3s (0h:0m:4s left)
Iteration 50 / LogL: -5630.921 / Time: 0h:0m:3s (0h:0m:4s left)
Iteration 60 / LogL: -5630.949 / Time: 0h:0m:4s (0h:0m:3s left)
Iteration 70 / LogL: -5630.933 / Time: 0h:0m:5s (0h:0m:2s left)
Iteration 80 / LogL: -5630.960 / Time: 0h:0m:5s (0h:0m:1s left)
Iteration 90 / LogL: -5631.354 / Time: 0h:0m:6s (0h:0m:0s left)
Iteration 100 / LogL: -5632.415 / Time: 0h:0m:6s (0h:0m:0s left)
Estimate model parameters (epsilon = 0.100)
BETTER TREE FOUND at iteration 103: -5628.199
Estimate model parameters (epsilon = 0.100)
BETTER TREE FOUND at iteration 105: -5627.647
Iteration 110 / LogL: -5631.435 / Time: 0h:0m:7s (0h:0m:6s left)
UPDATE BEST LOG-LIKELIHOOD: -5627.647
Iteration 120 / LogL: -5631.049 / Time: 0h:0m:8s (0h:0m:5s left)
Iteration 130 / LogL: -5627.651 / Time: 0h:0m:8s (0h:0m:5s left)
Iteration 140 / LogL: -5631.573 / Time: 0h:0m:9s (0h:0m:4s left)
UPDATE BEST LOG-LIKELIHOOD: -5627.647
UPDATE BEST LOG-LIKELIHOOD: -5627.647
Iteration 150 / LogL: -5628.205 / Time: 0h:0m:10s (0h:0m:3s left)
UPDATE BEST LOG-LIKELIHOOD: -5627.647
Iteration 160 / LogL: -5627.648 / Time: 0h:0m:10s (0h:0m:3s left)
UPDATE BEST LOG-LIKELIHOOD: -5627.647
Iteration 170 / LogL: -5627.649 / Time: 0h:0m:11s (0h:0m:2s left)
Iteration 180 / LogL: -5629.523 / Time: 0h:0m:12s (0h:0m:1s left)
UPDATE BEST LOG-LIKELIHOOD: -5627.647
Iteration 190 / LogL: -5627.647 / Time: 0h:0m:12s (0h:0m:1s left)
Iteration 200 / LogL: -5635.123 / Time: 0h:0m:13s (0h:0m:0s left)
TREE SEARCH COMPLETED AFTER 206 ITERATIONS / Time: 0h:0m:13s

--------------------------------------------------------------------
|                    FINALIZING TREE SEARCH                        |
--------------------------------------------------------------------
Performs final model parameters optimization
Estimate model parameters (epsilon = 0.010)
1. Initial log-likelihood: -5627.647
Optimal log-likelihood: -5627.646
Rate parameters:  A-C: 1.50455  A-G: 3.85792  A-T: 0.31589  C-G: 1.11609  C-T: 6.53466  G-T: 1.00000
Base frequencies:  A: 0.239  C: 0.271  G: 0.305  T: 0.185
Gamma shape alpha: 0.276
Parameters optimization took 1 rounds (0.006 sec)
BEST SCORE FOUND : -5627.646
Total tree length: 1.932

Total number of iterations: 206
CPU time used for tree search: 110.923 sec (0h:1m:50s)
Wall-clock time used for tree search: 13.881 sec (0h:0m:13s)
Total CPU time used: 111.591 sec (0h:1m:51s)
Total wall-clock time used: 13.964 sec (0h:0m:13s)

Analysis results written to: 
  IQ-TREE report:                /workspace/IQTree_8_cores_TarvD7_Results/ENSG00000180901.nuc.ord.iqtree
  Maximum-likelihood tree:       /workspace/IQTree_8_cores_TarvD7_Results/ENSG00000180901.nuc.ord.treefile
  Likelihood distances:          /workspace/IQTree_8_cores_TarvD7_Results/ENSG00000180901.nuc.ord.mldist
  Screen log file:               /workspace/IQTree_8_cores_TarvD7_Results/ENSG00000180901.nuc.ord.log

Date and Time: Wed May 27 08:15:27 2026
