IQ-TREE version 3.1.2 for Linux x86 64-bit built May  7 2026
Developed by Bui Quang Minh, Thomas Wong, Nhan Ly-Trong, Huaiyan Ren
Contributed by Lam-Tung Nguyen, Dominik Schrempf, Chris Bielow,
Olga Chernomor, Michael Woodhams, Diep Thi Hoang, Heiko Schmidt

Host:    8084c4e79f09 (AVX512, FMA3, 1133 GB RAM)
Command: /workspace/iqtree-3.1.2-Linux/bin/iqtree3_intel -s /workspace/NeuralNJ/empirical/TarvD7/ENSG00000136048.nuc.ord.aln -st DNA -m GTR+G -T 8 -seed 2201 -pre /workspace/IQTree_8_cores_TarvD7_Results/ENSG00000136048.nuc.ord -quiet
Seed:    2201 (Using SPRNG - Scalable Parallel Random Number Generator)
Time:    Tue May 26 15:12:03 2026
Kernel:  AVX+FMA - 8 threads (384 CPU cores detected)

Reading alignment file /workspace/NeuralNJ/empirical/TarvD7/ENSG00000136048.nuc.ord.aln ... Fasta format detected
Reading fasta file: done in 0.000270844 secs using 17.72% CPU
Alignment most likely contains DNA/RNA sequences
Constructing alignment: done in 0.001019 secs using 338.9% CPU
Alignment has 33 sequences with 768 columns, 468 distinct patterns
238 parsimony-informative, 237 singleton sites, 293 constant sites
                   Gap/Ambiguity  Composition  p-value
Analyzing sequences: done in 2.81334e-05 secs using 550.9% CPU
   1  P001_Platypus       70.31%    passed      7.26%
   2  P003_Wallaby        33.98%    passed     27.28%
   3  P004_Tenrec         32.42%    passed     35.21%
   4  P005_Rock_hyrax     41.80%    passed     43.60%
   5  P006_Elephant       33.59%    passed     21.53%
   6  P008_Sloth          30.47%    passed     23.31%
   7  P009_Hedgehog       61.72%    failed      2.09%
   8  P010_Common_shrew   60.55%    passed     62.97%
   9  P011_Dolphin         7.42%    passed     92.62%
  10  P012_Cow             7.03%    passed     93.97%
  11  P013_Pig            22.27%    passed     78.19%
  12  P014_Alpaca         26.17%    passed     49.34%
  13  P015_Horse           7.03%    passed     76.40%
  14  P016_Dog             5.08%    passed     53.76%
  15  P018_Megabat         7.03%    passed     99.00%
  16  P019_Microbat       25.78%    passed     14.20%
  17  P020_Rabbit         55.08%    failed      2.11%
  18  P021_Pika           48.05%    passed     80.08%
  19  P022_Squirrel       43.36%    passed     57.25%
  20  P023_Guinea_pig      8.20%    failed      0.00%
  21  P024_Kangaroo_rat   42.97%    passed     39.27%
  22  P025_Mouse           7.03%    passed     84.09%
  23  P026_Rat             6.64%    passed     77.54%
  24  P027_Tree_shrew     29.69%    passed     33.68%
  25  P028_Bushbaby       24.22%    passed     28.85%
  26  P029_Mouse_lemur     8.20%    passed     78.16%
  27  P030_Tarsier        51.56%    passed     68.62%
  28  P031_Marmoset       51.56%    passed     80.42%
  29  P032_Rhesus          7.03%    passed     95.02%
  30  P033_Orangutan      50.78%    passed     88.97%
  31  P034_Gorilla        55.08%    passed     76.73%
  32  P035_Chimp           7.03%    passed     75.85%
  33  P036_Human           7.03%    passed     80.11%
WARNING: 8 sequences contain more than 50% gaps/ambiguity
****  TOTAL               29.58%  3 sequences failed composition chi2 test (p-value<5%; df=3)
Checking for duplicate sequences: done in 9.89437e-05 secs using 799.4% CPU

Create initial parsimony tree by phylogenetic likelihood library (PLL)... 0.001 seconds

NOTE: 2 MB RAM (0 GB) is required!
WARNING: Number of threads seems too high for short alignments. Use -T AUTO to determine best number of threads.
Estimate model parameters (epsilon = 0.100)
1. Initial log-likelihood: -6761.126
2. Current log-likelihood: -6266.111
3. Current log-likelihood: -6252.045
4. Current log-likelihood: -6250.791
5. Current log-likelihood: -6250.562
Optimal log-likelihood: -6250.561
Rate parameters:  A-C: 1.96297  A-G: 6.54863  A-T: 1.20549  C-G: 2.56776  C-T: 6.49225  G-T: 1.00000
Base frequencies:  A: 0.220  C: 0.252  G: 0.230  T: 0.298
Gamma shape alpha: 0.519
Parameters optimization took 5 rounds (0.060 sec)
Wrote distance file to... 
Computing ML distances based on estimated model parameters...
Calculating distance matrix: done in 0.000699997 secs using 830.9% CPU
Computing ML distances took 0.000770 sec (of wall-clock time) 0.006116 sec (of CPU time)
WARNING: Some pairwise ML distances are too long (saturated)
Setting up auxiliary I and S matrices: done in 9.91821e-05 secs using 919.5% CPU
Constructing RapidNJ tree: done in 0.00170207 secs using 888.3% CPU
Computing RapidNJ tree took 0.001835 sec (of wall-clock time) 0.016646 sec (of CPU time)
Log-likelihood of RapidNJ tree: -6351.740
--------------------------------------------------------------------
|             INITIALIZING CANDIDATE TREE SET                      |
--------------------------------------------------------------------
Generating 98 parsimony trees... 0.133 second
Computing log-likelihood of 98 initial trees ... 0.369 seconds
Current best score: -6250.561

Do NNI search on 20 best initial trees
Estimate model parameters (epsilon = 0.100)
BETTER TREE FOUND at iteration 1: -6228.136
Estimate model parameters (epsilon = 0.100)
BETTER TREE FOUND at iteration 4: -6220.326
Iteration 10 / LogL: -6225.287 / Time: 0h:0m:1s
Iteration 20 / LogL: -6227.427 / Time: 0h:0m:2s
Finish initializing candidate tree set (19)
Current best tree score: -6220.326 / CPU time: 2.764
Number of iterations: 20
--------------------------------------------------------------------
|               OPTIMIZING CANDIDATE TREE SET                      |
--------------------------------------------------------------------
Iteration 30 / LogL: -6220.463 / Time: 0h:0m:3s (0h:0m:9s left)
Iteration 40 / LogL: -6220.524 / Time: 0h:0m:4s (0h:0m:7s left)
Estimate model parameters (epsilon = 0.100)
BETTER TREE FOUND at iteration 45: -6219.648
Iteration 50 / LogL: -6221.011 / Time: 0h:0m:5s (0h:0m:10s left)
Estimate model parameters (epsilon = 0.100)
BETTER TREE FOUND at iteration 57: -6219.571
Iteration 60 / LogL: -6220.343 / Time: 0h:0m:6s (0h:0m:10s left)
Estimate model parameters (epsilon = 0.100)
UPDATE BEST LOG-LIKELIHOOD: -6219.550
UPDATE BEST LOG-LIKELIHOOD: -6219.544
Iteration 70 / LogL: -6219.714 / Time: 0h:0m:7s (0h:0m:9s left)
Iteration 80 / LogL: -6221.428 / Time: 0h:0m:8s (0h:0m:8s left)
Estimate model parameters (epsilon = 0.100)
UPDATE BEST LOG-LIKELIHOOD: -6219.508
Iteration 90 / LogL: -6223.453 / Time: 0h:0m:9s (0h:0m:6s left)
Estimate model parameters (epsilon = 0.100)
UPDATE BEST LOG-LIKELIHOOD: -6219.483
Iteration 100 / LogL: -6221.198 / Time: 0h:0m:10s (0h:0m:5s left)
Estimate model parameters (epsilon = 0.100)
UPDATE BEST LOG-LIKELIHOOD: -6219.470
Iteration 110 / LogL: -6223.474 / Time: 0h:0m:11s (0h:0m:4s left)
Iteration 120 / LogL: -6219.567 / Time: 0h:0m:11s (0h:0m:3s left)
Iteration 130 / LogL: -6220.899 / Time: 0h:0m:12s (0h:0m:2s left)
Iteration 140 / LogL: -6220.754 / Time: 0h:0m:13s (0h:0m:1s left)
Iteration 150 / LogL: -6224.190 / Time: 0h:0m:14s (0h:0m:0s left)
TREE SEARCH COMPLETED AFTER 158 ITERATIONS / Time: 0h:0m:15s

--------------------------------------------------------------------
|                    FINALIZING TREE SEARCH                        |
--------------------------------------------------------------------
Performs final model parameters optimization
Estimate model parameters (epsilon = 0.010)
1. Initial log-likelihood: -6219.470
Optimal log-likelihood: -6219.470
Rate parameters:  A-C: 1.84530  A-G: 6.25291  A-T: 1.18771  C-G: 2.53077  C-T: 6.46362  G-T: 1.00000
Base frequencies:  A: 0.220  C: 0.252  G: 0.230  T: 0.298
Gamma shape alpha: 0.523
Parameters optimization took 1 rounds (0.007 sec)
BEST SCORE FOUND : -6219.470
Total tree length: 13.040

Total number of iterations: 158
CPU time used for tree search: 122.700 sec (0h:2m:2s)
Wall-clock time used for tree search: 15.371 sec (0h:0m:15s)
Total CPU time used: 123.619 sec (0h:2m:3s)
Total wall-clock time used: 15.484 sec (0h:0m:15s)

Analysis results written to: 
  IQ-TREE report:                /workspace/IQTree_8_cores_TarvD7_Results/ENSG00000136048.nuc.ord.iqtree
  Maximum-likelihood tree:       /workspace/IQTree_8_cores_TarvD7_Results/ENSG00000136048.nuc.ord.treefile
  Likelihood distances:          /workspace/IQTree_8_cores_TarvD7_Results/ENSG00000136048.nuc.ord.mldist
  Screen log file:               /workspace/IQTree_8_cores_TarvD7_Results/ENSG00000136048.nuc.ord.log

Date and Time: Tue May 26 15:12:18 2026
