IQ-TREE version 3.1.2 for Linux x86 64-bit built May  7 2026
Developed by Bui Quang Minh, Thomas Wong, Nhan Ly-Trong, Huaiyan Ren
Contributed by Lam-Tung Nguyen, Dominik Schrempf, Chris Bielow,
Olga Chernomor, Michael Woodhams, Diep Thi Hoang, Heiko Schmidt

Host:    8084c4e79f09 (AVX512, FMA3, 1133 GB RAM)
Command: /workspace/iqtree-3.1.2-Linux/bin/iqtree3_intel -s /workspace/NeuralNJ/empirical/TarvD7/ENSG00000164645.nuc.ord.aln -st DNA -m GTR+G -T 8 -seed 2201 -pre /workspace/IQTree_8_cores_TarvD7_Results/ENSG00000164645.nuc.ord -quiet
Seed:    2201 (Using SPRNG - Scalable Parallel Random Number Generator)
Time:    Wed May 27 01:56:50 2026
Kernel:  AVX+FMA - 8 threads (384 CPU cores detected)

Reading alignment file /workspace/NeuralNJ/empirical/TarvD7/ENSG00000164645.nuc.ord.aln ... Fasta format detected
Reading fasta file: done in 0.000223875 secs using 23.23% CPU
Alignment most likely contains DNA/RNA sequences
Constructing alignment: done in 0.00106502 secs using 724.9% CPU
Alignment has 27 sequences with 771 columns, 581 distinct patterns
442 parsimony-informative, 137 singleton sites, 192 constant sites
                   Gap/Ambiguity  Composition  p-value
Analyzing sequences: done in 2.00272e-05 secs using 169.8% CPU
   1  P001_Platypus        1.56%    failed      0.00%
   2  P002_Opossum         8.17%    passed     78.38%
   3  P003_Wallaby        10.51%    passed     56.45%
   4  P004_Tenrec          1.17%    passed     72.31%
   5  P005_Rock_hyrax      0.78%    passed     61.66%
   6  P007_Armadillo       1.17%    passed     82.72%
   7  P008_Sloth           1.56%    passed     91.08%
   8  P011_Dolphin         1.56%    passed     15.82%
   9  P012_Cow            14.01%    passed     63.06%
  10  P014_Alpaca          1.56%    passed     24.24%
  11  P015_Horse           1.56%    passed     63.32%
  12  P016_Dog             1.56%    passed     50.10%
  13  P018_Megabat         8.17%    passed     73.12%
  14  P019_Microbat        1.56%    passed     59.13%
  15  P021_Pika            1.56%    passed      5.85%
  16  P022_Squirrel        1.56%    passed     93.29%
  17  P024_Kangaroo_rat    1.95%    passed     85.68%
  18  P025_Mouse           1.56%    passed     55.85%
  19  P026_Rat             1.56%    passed     58.49%
  20  P027_Tree_shrew      1.56%    passed     79.15%
  21  P028_Bushbaby        3.11%    passed     84.17%
  22  P030_Tarsier         1.56%    passed     44.56%
  23  P031_Marmoset        1.56%    passed     91.30%
  24  P032_Rhesus          1.56%    passed     90.57%
  25  P033_Orangutan       1.56%    passed     58.60%
  26  P035_Chimp           1.56%    passed     73.91%
  27  P036_Human           1.56%    passed     81.48%
****  TOTAL                2.85%  1 sequences failed composition chi2 test (p-value<5%; df=3)
Checking for duplicate sequences: done in 8.60691e-05 secs using 729.6% CPU

Create initial parsimony tree by phylogenetic likelihood library (PLL)... 0.001 seconds

NOTE: 2 MB RAM (0 GB) is required!
WARNING: Number of threads seems too high for short alignments. Use -T AUTO to determine best number of threads.
Estimate model parameters (epsilon = 0.100)
1. Initial log-likelihood: -10202.081
2. Current log-likelihood: -9836.747
3. Current log-likelihood: -9831.469
Optimal log-likelihood: -9831.398
Rate parameters:  A-C: 1.37559  A-G: 4.47837  A-T: 0.82041  C-G: 1.63292  C-T: 3.83685  G-T: 1.00000
Base frequencies:  A: 0.314  C: 0.237  G: 0.181  T: 0.268
Gamma shape alpha: 0.786
Parameters optimization took 3 rounds (0.038 sec)
Wrote distance file to... 
Computing ML distances based on estimated model parameters...
Calculating distance matrix: done in 0.000279903 secs using 818.5% CPU
Computing ML distances took 0.000333 sec (of wall-clock time) 0.002475 sec (of CPU time)
Setting up auxiliary I and S matrices: done in 6.8903e-05 secs using 930.3% CPU
Constructing RapidNJ tree: done in 0.00135779 secs using 557% CPU
Computing RapidNJ tree took 0.001458 sec (of wall-clock time) 0.013139 sec (of CPU time)
Log-likelihood of RapidNJ tree: -9855.039
--------------------------------------------------------------------
|             INITIALIZING CANDIDATE TREE SET                      |
--------------------------------------------------------------------
Generating 98 parsimony trees... 0.143 second
Computing log-likelihood of 98 initial trees ... 0.307 seconds
Current best score: -9831.398

Do NNI search on 20 best initial trees
Estimate model parameters (epsilon = 0.100)
BETTER TREE FOUND at iteration 1: -9831.394
Iteration 10 / LogL: -9831.529 / Time: 0h:0m:0s
Estimate model parameters (epsilon = 0.100)
BETTER TREE FOUND at iteration 16: -9827.799
Iteration 20 / LogL: -9831.725 / Time: 0h:0m:1s
Finish initializing candidate tree set (9)
Current best tree score: -9827.799 / CPU time: 1.352
Number of iterations: 20
--------------------------------------------------------------------
|               OPTIMIZING CANDIDATE TREE SET                      |
--------------------------------------------------------------------
Iteration 30 / LogL: -9829.057 / Time: 0h:0m:2s (0h:0m:6s left)
Iteration 40 / LogL: -9828.958 / Time: 0h:0m:2s (0h:0m:5s left)
Iteration 50 / LogL: -9827.865 / Time: 0h:0m:3s (0h:0m:4s left)
Iteration 60 / LogL: -9828.889 / Time: 0h:0m:4s (0h:0m:3s left)
Iteration 70 / LogL: -9832.679 / Time: 0h:0m:4s (0h:0m:3s left)
Iteration 80 / LogL: -9829.005 / Time: 0h:0m:5s (0h:0m:2s left)
Iteration 90 / LogL: -9827.806 / Time: 0h:0m:6s (0h:0m:1s left)
Iteration 100 / LogL: -9828.971 / Time: 0h:0m:6s (0h:0m:1s left)
Iteration 110 / LogL: -9827.864 / Time: 0h:0m:7s (0h:0m:0s left)
TREE SEARCH COMPLETED AFTER 117 ITERATIONS / Time: 0h:0m:7s

--------------------------------------------------------------------
|                    FINALIZING TREE SEARCH                        |
--------------------------------------------------------------------
Performs final model parameters optimization
Estimate model parameters (epsilon = 0.010)
1. Initial log-likelihood: -9827.799
Optimal log-likelihood: -9827.798
Rate parameters:  A-C: 1.37156  A-G: 4.52974  A-T: 0.82999  C-G: 1.59900  C-T: 3.79801  G-T: 1.00000
Base frequencies:  A: 0.314  C: 0.237  G: 0.181  T: 0.268
Gamma shape alpha: 0.780
Parameters optimization took 1 rounds (0.007 sec)
BEST SCORE FOUND : -9827.798
Total tree length: 4.182

Total number of iterations: 117
CPU time used for tree search: 56.107 sec (0h:0m:56s)
Wall-clock time used for tree search: 7.666 sec (0h:0m:7s)
Total CPU time used: 56.635 sec (0h:0m:56s)
Total wall-clock time used: 7.732 sec (0h:0m:7s)

Analysis results written to: 
  IQ-TREE report:                /workspace/IQTree_8_cores_TarvD7_Results/ENSG00000164645.nuc.ord.iqtree
  Maximum-likelihood tree:       /workspace/IQTree_8_cores_TarvD7_Results/ENSG00000164645.nuc.ord.treefile
  Likelihood distances:          /workspace/IQTree_8_cores_TarvD7_Results/ENSG00000164645.nuc.ord.mldist
  Screen log file:               /workspace/IQTree_8_cores_TarvD7_Results/ENSG00000164645.nuc.ord.log

Date and Time: Wed May 27 01:56:58 2026
