IQ-TREE version 3.1.2 for Linux x86 64-bit built May  7 2026
Developed by Bui Quang Minh, Thomas Wong, Nhan Ly-Trong, Huaiyan Ren
Contributed by Lam-Tung Nguyen, Dominik Schrempf, Chris Bielow,
Olga Chernomor, Michael Woodhams, Diep Thi Hoang, Heiko Schmidt

Host:    8084c4e79f09 (AVX512, FMA3, 1133 GB RAM)
Command: /workspace/iqtree-3.1.2-Linux/bin/iqtree3_intel -s /workspace/NeuralNJ/empirical/TarvD7/ENSG00000100731.nuc.ord.aln -st DNA -m GTR+G -T 8 -seed 2201 -pre /workspace/IQTree_8_cores_TarvD7_Results/ENSG00000100731.nuc.ord -quiet
Seed:    2201 (Using SPRNG - Scalable Parallel Random Number Generator)
Time:    Tue May 26 03:14:52 2026
Kernel:  AVX+FMA - 8 threads (384 CPU cores detected)

Reading alignment file /workspace/NeuralNJ/empirical/TarvD7/ENSG00000100731.nuc.ord.aln ... Fasta format detected
Reading fasta file: done in 0.002249 secs using 42.82% CPU
Alignment most likely contains DNA/RNA sequences
Constructing alignment: done in 0.0108292 secs using 674.2% CPU
Alignment has 36 sequences with 7230 columns, 3732 distinct patterns
2301 parsimony-informative, 1018 singleton sites, 3910 constant sites
                   Gap/Ambiguity  Composition  p-value
Analyzing sequences: done in 0.000115871 secs using 533.3% CPU
   1  P001_Platypus       82.53%    failed      0.01%
   2  P002_Opossum         3.03%    failed      0.00%
   3  P003_Wallaby        37.80%    failed      0.00%
   4  P004_Tenrec         26.02%    failed      0.00%
   5  P005_Rock_hyrax     19.59%    passed      8.63%
   6  P006_Elephant       11.29%    passed     11.94%
   7  P007_Armadillo      27.30%    failed      0.03%
   8  P008_Sloth          23.78%    failed      0.01%
   9  P009_Hedgehog       10.12%    failed      0.00%
  10  P010_Common_shrew   23.53%    failed      0.01%
  11  P011_Dolphin        11.29%    passed     90.80%
  12  P012_Cow            39.42%    passed      8.17%
  13  P013_Pig             7.68%    passed     98.01%
  14  P014_Alpaca         10.41%    passed     87.43%
  15  P015_Horse           4.73%    passed     40.55%
  16  P016_Dog             4.77%    failed      2.83%
  17  P017_Cat            31.33%    passed     59.16%
  18  P018_Megabat         5.02%    passed      8.74%
  19  P019_Microbat       13.73%    passed     49.40%
  20  P020_Rabbit          9.92%    passed     14.17%
  21  P021_Pika           26.89%    passed     14.70%
  22  P022_Squirrel       22.32%    failed      0.87%
  23  P023_Guinea_pig      4.85%    failed      4.26%
  24  P024_Kangaroo_rat   21.78%    passed     88.04%
  25  P025_Mouse           2.74%    failed      0.00%
  26  P026_Rat             2.78%    failed      0.00%
  27  P027_Tree_shrew     35.19%    passed     13.19%
  28  P028_Bushbaby       23.78%    passed     63.42%
  29  P029_Mouse_lemur    17.39%    passed     10.07%
  30  P030_Tarsier         8.96%    failed      0.00%
  31  P031_Marmoset        5.85%    passed     18.91%
  32  P032_Rhesus          2.82%    passed     17.31%
  33  P033_Orangutan       4.98%    failed      2.04%
  34  P034_Gorilla        43.36%    failed      3.41%
  35  P035_Chimp           4.98%    failed      4.73%
  36  P036_Human           2.86%    passed     16.79%
WARNING: 1 sequences contain more than 50% gaps/ambiguity
****  TOTAL               17.63%  17 sequences failed composition chi2 test (p-value<5%; df=3)
Checking for duplicate sequences: done in 0.000334978 secs using 698.3% CPU

Create initial parsimony tree by phylogenetic likelihood library (PLL)... 0.008 seconds

NOTE: 17 MB RAM (0 GB) is required!
Estimate model parameters (epsilon = 0.100)
1. Initial log-likelihood: -61939.779
2. Current log-likelihood: -57319.507
3. Current log-likelihood: -57275.229
4. Current log-likelihood: -57274.790
Optimal log-likelihood: -57274.758
Rate parameters:  A-C: 1.68857  A-G: 5.53219  A-T: 0.69405  C-G: 1.26370  C-T: 6.69785  G-T: 1.00000
Base frequencies:  A: 0.262  C: 0.240  G: 0.239  T: 0.260
Gamma shape alpha: 0.344
Parameters optimization took 4 rounds (0.244 sec)
Wrote distance file to... 
Computing ML distances based on estimated model parameters...
Calculating distance matrix: done in 0.000967026 secs using 809% CPU
Computing ML distances took 0.001223 sec (of wall-clock time) 0.009673 sec (of CPU time)
Setting up auxiliary I and S matrices: done in 0.000135183 secs using 1070% CPU
Constructing RapidNJ tree: done in 0.00195408 secs using 776.7% CPU
Computing RapidNJ tree took 0.002133 sec (of wall-clock time) 0.018898 sec (of CPU time)
Log-likelihood of RapidNJ tree: -57454.065
--------------------------------------------------------------------
|             INITIALIZING CANDIDATE TREE SET                      |
--------------------------------------------------------------------
Generating 98 parsimony trees... 0.823 second
Computing log-likelihood of 98 initial trees ... 1.019 seconds
Current best score: -57228.180

Do NNI search on 20 best initial trees
Estimate model parameters (epsilon = 0.100)
BETTER TREE FOUND at iteration 1: -57091.800
Iteration 10 / LogL: -57098.373 / Time: 0h:0m:3s
Iteration 20 / LogL: -57142.621 / Time: 0h:0m:5s
Finish initializing candidate tree set (5)
Current best tree score: -57091.800 / CPU time: 4.818
Number of iterations: 20
--------------------------------------------------------------------
|               OPTIMIZING CANDIDATE TREE SET                      |
--------------------------------------------------------------------
Estimate model parameters (epsilon = 0.100)
BETTER TREE FOUND at iteration 21: -57088.852
Estimate model parameters (epsilon = 0.100)
BETTER TREE FOUND at iteration 27: -57076.826
Iteration 30 / LogL: -57092.089 / Time: 0h:0m:7s (0h:0m:24s left)
Iteration 40 / LogL: -57090.527 / Time: 0h:0m:9s (0h:0m:20s left)
UPDATE BEST LOG-LIKELIHOOD: -57076.824
Iteration 50 / LogL: -57076.824 / Time: 0h:0m:11s (0h:0m:17s left)
Iteration 60 / LogL: -57092.470 / Time: 0h:0m:13s (0h:0m:14s left)
UPDATE BEST LOG-LIKELIHOOD: -57076.821
Iteration 70 / LogL: -57076.824 / Time: 0h:0m:15s (0h:0m:12s left)
Iteration 80 / LogL: -57088.858 / Time: 0h:0m:16s (0h:0m:10s left)
Iteration 90 / LogL: -57076.879 / Time: 0h:0m:18s (0h:0m:7s left)
Iteration 100 / LogL: -57077.031 / Time: 0h:0m:20s (0h:0m:5s left)
Iteration 110 / LogL: -57083.410 / Time: 0h:0m:22s (0h:0m:3s left)
Iteration 120 / LogL: -57077.418 / Time: 0h:0m:24s (0h:0m:1s left)
TREE SEARCH COMPLETED AFTER 128 ITERATIONS / Time: 0h:0m:25s

--------------------------------------------------------------------
|                    FINALIZING TREE SEARCH                        |
--------------------------------------------------------------------
Performs final model parameters optimization
Estimate model parameters (epsilon = 0.010)
1. Initial log-likelihood: -57076.821
Optimal log-likelihood: -57076.815
Rate parameters:  A-C: 1.68723  A-G: 5.55899  A-T: 0.69726  C-G: 1.22198  C-T: 6.69934  G-T: 1.00000
Base frequencies:  A: 0.262  C: 0.240  G: 0.239  T: 0.260
Gamma shape alpha: 0.345
Parameters optimization took 1 rounds (0.028 sec)
BEST SCORE FOUND : -57076.815
Total tree length: 2.438

Total number of iterations: 128
CPU time used for tree search: 193.979 sec (0h:3m:13s)
Wall-clock time used for tree search: 25.252 sec (0h:0m:25s)
Total CPU time used: 196.710 sec (0h:3m:16s)
Total wall-clock time used: 25.599 sec (0h:0m:25s)

Analysis results written to: 
  IQ-TREE report:                /workspace/IQTree_8_cores_TarvD7_Results/ENSG00000100731.nuc.ord.iqtree
  Maximum-likelihood tree:       /workspace/IQTree_8_cores_TarvD7_Results/ENSG00000100731.nuc.ord.treefile
  Likelihood distances:          /workspace/IQTree_8_cores_TarvD7_Results/ENSG00000100731.nuc.ord.mldist
  Screen log file:               /workspace/IQTree_8_cores_TarvD7_Results/ENSG00000100731.nuc.ord.log

Date and Time: Tue May 26 03:15:18 2026
