IQ-TREE version 3.1.2 for Linux x86 64-bit built May  7 2026
Developed by Bui Quang Minh, Thomas Wong, Nhan Ly-Trong, Huaiyan Ren
Contributed by Lam-Tung Nguyen, Dominik Schrempf, Chris Bielow,
Olga Chernomor, Michael Woodhams, Diep Thi Hoang, Heiko Schmidt

Host:    8084c4e79f09 (AVX512, FMA3, 1133 GB RAM)
Command: /workspace/iqtree-3.1.2-Linux/bin/iqtree3_intel -s /workspace/NeuralNJ/empirical/TarvD7/ENSG00000168738.nuc.ord.aln -st DNA -m GTR+G -T 8 -seed 2201 -pre /workspace/IQTree_8_cores_TarvD7_Results/ENSG00000168738.nuc.ord -quiet
Seed:    2201 (Using SPRNG - Scalable Parallel Random Number Generator)
Time:    Wed May 27 04:17:38 2026
Kernel:  AVX+FMA - 8 threads (384 CPU cores detected)

Reading alignment file /workspace/NeuralNJ/empirical/TarvD7/ENSG00000168738.nuc.ord.aln ... Fasta format detected
Reading fasta file: done in 0.000494957 secs using 95.97% CPU
Alignment most likely contains DNA/RNA sequences
Constructing alignment: done in 0.00214601 secs using 827.6% CPU
Alignment has 30 sequences with 1698 columns, 794 distinct patterns
439 parsimony-informative, 332 singleton sites, 927 constant sites
                   Gap/Ambiguity  Composition  p-value
Analyzing sequences: done in 2.7895e-05 secs using 394.3% CPU
   1  P001_Platypus       62.54%    passed     25.45%
   2  P004_Tenrec         39.40%    passed     66.35%
   3  P005_Rock_hyrax     62.19%    passed      6.61%
   4  P006_Elephant       30.92%    passed     99.61%
   5  P007_Armadillo      64.84%    failed      4.12%
   6  P008_Sloth          31.63%    passed     57.93%
   7  P009_Hedgehog       56.01%    failed      4.05%
   8  P010_Common_shrew   39.58%    passed      9.82%
   9  P011_Dolphin        44.35%    failed      1.48%
  10  P013_Pig             8.83%    passed     11.21%
  11  P015_Horse          30.57%    passed     98.91%
  12  P016_Dog             7.95%    failed      0.62%
  13  P017_Cat            58.83%    passed     40.70%
  14  P018_Megabat        30.92%    passed     57.07%
  15  P019_Microbat       43.29%    passed      8.24%
  16  P020_Rabbit         41.52%    passed     14.78%
  17  P021_Pika           52.65%    passed      9.01%
  18  P024_Kangaroo_rat   39.40%    passed     58.27%
  19  P025_Mouse           8.83%    passed     28.02%
  20  P026_Rat             8.83%    passed     68.91%
  21  P027_Tree_shrew     64.84%    passed     60.13%
  22  P028_Bushbaby       53.00%    passed     18.05%
  23  P029_Mouse_lemur    42.23%    passed     41.18%
  24  P030_Tarsier        31.10%    passed     62.55%
  25  P031_Marmoset       30.74%    passed     92.17%
  26  P032_Rhesus         30.57%    passed     98.57%
  27  P033_Orangutan      30.92%    passed     98.74%
  28  P034_Gorilla        64.84%    passed      5.67%
  29  P035_Chimp          30.92%    passed     97.22%
  30  P036_Human          30.92%    passed     99.13%
WARNING: 9 sequences contain more than 50% gaps/ambiguity
****  TOTAL               39.10%  4 sequences failed composition chi2 test (p-value<5%; df=3)
Checking for duplicate sequences: done in 0.000103951 secs using 791.7% CPU

Create initial parsimony tree by phylogenetic likelihood library (PLL)... 0.002 seconds

NOTE: 3 MB RAM (0 GB) is required!
WARNING: Number of threads seems too high for short alignments. Use -T AUTO to determine best number of threads.
Estimate model parameters (epsilon = 0.100)
1. Initial log-likelihood: -12092.215
2. Current log-likelihood: -11234.715
3. Current log-likelihood: -11227.938
Optimal log-likelihood: -11227.886
Rate parameters:  A-C: 1.17288  A-G: 3.36519  A-T: 0.52620  C-G: 0.88869  C-T: 4.44136  G-T: 1.00000
Base frequencies:  A: 0.272  C: 0.237  G: 0.248  T: 0.243
Gamma shape alpha: 0.439
Parameters optimization took 3 rounds (0.048 sec)
Wrote distance file to... 
Computing ML distances based on estimated model parameters...
Calculating distance matrix: done in 0.000453949 secs using 826.1% CPU
Computing ML distances took 0.000516 sec (of wall-clock time) 0.004073 sec (of CPU time)
Setting up auxiliary I and S matrices: done in 7.70092e-05 secs using 1136% CPU
Constructing RapidNJ tree: done in 0.00167489 secs using 502.9% CPU
Computing RapidNJ tree took 0.001792 sec (of wall-clock time) 0.012113 sec (of CPU time)
Log-likelihood of RapidNJ tree: -11297.415
--------------------------------------------------------------------
|             INITIALIZING CANDIDATE TREE SET                      |
--------------------------------------------------------------------
Generating 98 parsimony trees... 0.199 second
Computing log-likelihood of 98 initial trees ... 0.350 seconds
Current best score: -11227.886

Do NNI search on 20 best initial trees
Estimate model parameters (epsilon = 0.100)
BETTER TREE FOUND at iteration 1: -11215.635
Estimate model parameters (epsilon = 0.100)
BETTER TREE FOUND at iteration 2: -11215.587
Iteration 10 / LogL: -11218.269 / Time: 0h:0m:1s
Iteration 20 / LogL: -11215.599 / Time: 0h:0m:1s
Finish initializing candidate tree set (9)
Current best tree score: -11215.587 / CPU time: 1.918
Number of iterations: 20
--------------------------------------------------------------------
|               OPTIMIZING CANDIDATE TREE SET                      |
--------------------------------------------------------------------
Iteration 30 / LogL: -11215.664 / Time: 0h:0m:2s (0h:0m:6s left)
Iteration 40 / LogL: -11215.647 / Time: 0h:0m:3s (0h:0m:5s left)
Iteration 50 / LogL: -11215.698 / Time: 0h:0m:4s (0h:0m:4s left)
Iteration 60 / LogL: -11215.721 / Time: 0h:0m:4s (0h:0m:3s left)
Iteration 70 / LogL: -11215.766 / Time: 0h:0m:5s (0h:0m:2s left)
Iteration 80 / LogL: -11215.848 / Time: 0h:0m:6s (0h:0m:1s left)
Iteration 90 / LogL: -11215.618 / Time: 0h:0m:6s (0h:0m:0s left)
Iteration 100 / LogL: -11226.139 / Time: 0h:0m:7s (0h:0m:0s left)
TREE SEARCH COMPLETED AFTER 103 ITERATIONS / Time: 0h:0m:7s

--------------------------------------------------------------------
|                    FINALIZING TREE SEARCH                        |
--------------------------------------------------------------------
Performs final model parameters optimization
Estimate model parameters (epsilon = 0.010)
1. Initial log-likelihood: -11215.587
Optimal log-likelihood: -11215.587
Rate parameters:  A-C: 1.16247  A-G: 3.40315  A-T: 0.53864  C-G: 0.87909  C-T: 4.42517  G-T: 1.00000
Base frequencies:  A: 0.272  C: 0.237  G: 0.248  T: 0.243
Gamma shape alpha: 0.439
Parameters optimization took 1 rounds (0.008 sec)
BEST SCORE FOUND : -11215.587
Total tree length: 2.607

Total number of iterations: 103
CPU time used for tree search: 62.986 sec (0h:1m:2s)
Wall-clock time used for tree search: 7.911 sec (0h:0m:7s)
Total CPU time used: 63.681 sec (0h:1m:3s)
Total wall-clock time used: 7.998 sec (0h:0m:7s)

Analysis results written to: 
  IQ-TREE report:                /workspace/IQTree_8_cores_TarvD7_Results/ENSG00000168738.nuc.ord.iqtree
  Maximum-likelihood tree:       /workspace/IQTree_8_cores_TarvD7_Results/ENSG00000168738.nuc.ord.treefile
  Likelihood distances:          /workspace/IQTree_8_cores_TarvD7_Results/ENSG00000168738.nuc.ord.mldist
  Screen log file:               /workspace/IQTree_8_cores_TarvD7_Results/ENSG00000168738.nuc.ord.log

Date and Time: Wed May 27 04:17:46 2026
