IQ-TREE version 3.1.2 for Linux x86 64-bit built May  7 2026
Developed by Bui Quang Minh, Thomas Wong, Nhan Ly-Trong, Huaiyan Ren
Contributed by Lam-Tung Nguyen, Dominik Schrempf, Chris Bielow,
Olga Chernomor, Michael Woodhams, Diep Thi Hoang, Heiko Schmidt

Host:    8084c4e79f09 (AVX512, FMA3, 1133 GB RAM)
Command: /workspace/iqtree-3.1.2-Linux/bin/iqtree3_intel -s /workspace/NeuralNJ/empirical/TarvD7/ENSG00000172331.nuc.ord.aln -st DNA -m GTR+G -T 8 -seed 2201 -pre /workspace/IQTree_8_cores_TarvD7_Results/ENSG00000172331.nuc.ord -quiet
Seed:    2201 (Using SPRNG - Scalable Parallel Random Number Generator)
Time:    Wed May 27 05:48:41 2026
Kernel:  AVX+FMA - 8 threads (384 CPU cores detected)

Reading alignment file /workspace/NeuralNJ/empirical/TarvD7/ENSG00000172331.nuc.ord.aln ... Fasta format detected
Reading fasta file: done in 0.000555992 secs using 28.6% CPU
Alignment most likely contains DNA/RNA sequences
Constructing alignment: done in 0.00225806 secs using 669.1% CPU
Alignment has 32 sequences with 1194 columns, 417 distinct patterns
285 parsimony-informative, 97 singleton sites, 812 constant sites
                   Gap/Ambiguity  Composition  p-value
Analyzing sequences: done in 1.69277e-05 secs using 100.4% CPU
   1  P001_Platypus       34.92%    failed      0.00%
   2  P002_Opossum        34.92%    passed     64.22%
   3  P003_Wallaby        35.18%    passed     90.67%
   4  P004_Tenrec         34.92%    failed      0.00%
   5  P005_Rock_hyrax     34.67%    passed     93.96%
   6  P006_Elephant       36.43%    passed     96.75%
   7  P007_Armadillo      45.73%    passed     21.69%
   8  P008_Sloth          34.92%    passed     29.18%
   9  P009_Hedgehog       34.92%    passed     95.89%
  10  P011_Dolphin        34.92%    passed     98.02%
  11  P013_Pig            49.50%    passed     62.58%
  12  P014_Alpaca         34.92%    passed     96.90%
  13  P015_Horse          34.92%    passed     94.09%
  14  P016_Dog            34.67%    passed     81.82%
  15  P017_Cat            34.67%    passed     98.76%
  16  P018_Megabat        34.92%    passed     95.20%
  17  P019_Microbat       34.92%    passed     95.33%
  18  P020_Rabbit         49.75%    passed     82.74%
  19  P021_Pika           34.92%    passed     51.02%
  20  P023_Guinea_pig     34.92%    passed     91.91%
  21  P024_Kangaroo_rat   34.92%    passed     86.29%
  22  P025_Mouse          34.92%    passed     69.32%
  23  P026_Rat             0.75%    failed      1.37%
  24  P027_Tree_shrew     34.92%    passed     64.83%
  25  P028_Bushbaby       34.92%    passed     50.14%
  26  P029_Mouse_lemur    34.92%    passed     63.15%
  27  P030_Tarsier        43.97%    passed     11.29%
  28  P032_Rhesus         34.92%    passed     72.56%
  29  P033_Orangutan      34.92%    passed     80.86%
  30  P034_Gorilla        66.33%    passed     54.63%
  31  P035_Chimp          34.92%    passed     73.60%
  32  P036_Human          34.92%    passed     83.85%
WARNING: 1 sequences contain more than 50% gaps/ambiguity
****  TOTAL               36.41%  3 sequences failed composition chi2 test (p-value<5%; df=3)
Checking for duplicate sequences: done in 0.000142097 secs using 790.3% CPU

Create initial parsimony tree by phylogenetic likelihood library (PLL)... 0.002 seconds

NOTE: 1 MB RAM (0 GB) is required!
WARNING: Number of threads seems too high for short alignments. Use -T AUTO to determine best number of threads.
Estimate model parameters (epsilon = 0.100)
1. Initial log-likelihood: -8192.707
2. Current log-likelihood: -7552.939
3. Current log-likelihood: -7544.377
4. Current log-likelihood: -7544.274
Optimal log-likelihood: -7544.236
Rate parameters:  A-C: 1.52694  A-G: 4.75113  A-T: 0.70745  C-G: 0.90969  C-T: 6.60012  G-T: 1.00000
Base frequencies:  A: 0.289  C: 0.218  G: 0.263  T: 0.230
Gamma shape alpha: 0.341
Parameters optimization took 4 rounds (0.054 sec)
Wrote distance file to... 
Computing ML distances based on estimated model parameters...
Calculating distance matrix: done in 0.000438929 secs using 788.1% CPU
Computing ML distances took 0.000515 sec (of wall-clock time) 0.003834 sec (of CPU time)
Setting up auxiliary I and S matrices: done in 7.39098e-05 secs using 1120% CPU
Constructing RapidNJ tree: done in 0.00168085 secs using 697.1% CPU
Computing RapidNJ tree took 0.001785 sec (of wall-clock time) 0.014442 sec (of CPU time)
Log-likelihood of RapidNJ tree: -7552.923
--------------------------------------------------------------------
|             INITIALIZING CANDIDATE TREE SET                      |
--------------------------------------------------------------------
Generating 98 parsimony trees... 0.118 second
Computing log-likelihood of 98 initial trees ... 0.298 seconds
Current best score: -7544.236

Do NNI search on 20 best initial trees
Estimate model parameters (epsilon = 0.100)
BETTER TREE FOUND at iteration 1: -7531.866
Estimate model parameters (epsilon = 0.100)
BETTER TREE FOUND at iteration 2: -7519.671
Estimate model parameters (epsilon = 0.100)
BETTER TREE FOUND at iteration 3: -7517.484
Iteration 10 / LogL: -7523.640 / Time: 0h:0m:1s
Iteration 20 / LogL: -7519.461 / Time: 0h:0m:1s
Finish initializing candidate tree set (17)
Current best tree score: -7517.484 / CPU time: 1.791
Number of iterations: 20
--------------------------------------------------------------------
|               OPTIMIZING CANDIDATE TREE SET                      |
--------------------------------------------------------------------
Iteration 30 / LogL: -7517.531 / Time: 0h:0m:2s (0h:0m:6s left)
UPDATE BEST LOG-LIKELIHOOD: -7517.484
Iteration 40 / LogL: -7517.484 / Time: 0h:0m:3s (0h:0m:5s left)
Iteration 50 / LogL: -7518.306 / Time: 0h:0m:3s (0h:0m:4s left)
Iteration 60 / LogL: -7636.401 / Time: 0h:0m:4s (0h:0m:3s left)
Iteration 70 / LogL: -7517.531 / Time: 0h:0m:5s (0h:0m:2s left)
Iteration 80 / LogL: -7535.362 / Time: 0h:0m:6s (0h:0m:1s left)
UPDATE BEST LOG-LIKELIHOOD: -7517.484
Iteration 90 / LogL: -7517.484 / Time: 0h:0m:6s (0h:0m:1s left)
Iteration 100 / LogL: -7517.484 / Time: 0h:0m:7s (0h:0m:0s left)
TREE SEARCH COMPLETED AFTER 104 ITERATIONS / Time: 0h:0m:8s

--------------------------------------------------------------------
|                    FINALIZING TREE SEARCH                        |
--------------------------------------------------------------------
Performs final model parameters optimization
Estimate model parameters (epsilon = 0.010)
1. Initial log-likelihood: -7517.484
Optimal log-likelihood: -7517.482
Rate parameters:  A-C: 1.39481  A-G: 4.76332  A-T: 0.64939  C-G: 0.77874  C-T: 6.71450  G-T: 1.00000
Base frequencies:  A: 0.289  C: 0.218  G: 0.263  T: 0.230
Gamma shape alpha: 0.339
Parameters optimization took 1 rounds (0.007 sec)
BEST SCORE FOUND : -7517.482
Total tree length: 2.419

Total number of iterations: 104
CPU time used for tree search: 63.505 sec (0h:1m:3s)
Wall-clock time used for tree search: 7.945 sec (0h:0m:7s)
Total CPU time used: 64.167 sec (0h:1m:4s)
Total wall-clock time used: 8.029 sec (0h:0m:8s)

Analysis results written to: 
  IQ-TREE report:                /workspace/IQTree_8_cores_TarvD7_Results/ENSG00000172331.nuc.ord.iqtree
  Maximum-likelihood tree:       /workspace/IQTree_8_cores_TarvD7_Results/ENSG00000172331.nuc.ord.treefile
  Likelihood distances:          /workspace/IQTree_8_cores_TarvD7_Results/ENSG00000172331.nuc.ord.mldist
  Screen log file:               /workspace/IQTree_8_cores_TarvD7_Results/ENSG00000172331.nuc.ord.log

Date and Time: Wed May 27 05:48:49 2026
