IQ-TREE version 3.1.2 for Linux x86 64-bit built May  7 2026
Developed by Bui Quang Minh, Thomas Wong, Nhan Ly-Trong, Huaiyan Ren
Contributed by Lam-Tung Nguyen, Dominik Schrempf, Chris Bielow,
Olga Chernomor, Michael Woodhams, Diep Thi Hoang, Heiko Schmidt

Host:    8084c4e79f09 (AVX512, FMA3, 1133 GB RAM)
Command: /workspace/iqtree-3.1.2-Linux/bin/iqtree3_intel -s /workspace/NeuralNJ/empirical/TarvD7/ENSG00000140481.nuc.ord.aln -st DNA -m GTR+G -T 8 -seed 2201 -pre /workspace/IQTree_8_cores_TarvD7_Results/ENSG00000140481.nuc.ord -quiet
Seed:    2201 (Using SPRNG - Scalable Parallel Random Number Generator)
Time:    Tue May 26 17:20:54 2026
Kernel:  AVX+FMA - 8 threads (384 CPU cores detected)

Reading alignment file /workspace/NeuralNJ/empirical/TarvD7/ENSG00000140481.nuc.ord.aln ... Fasta format detected
Reading fasta file: done in 0.000895977 secs using 26.23% CPU
Alignment most likely contains DNA/RNA sequences
Constructing alignment: done in 0.00571704 secs using 669.7% CPU
Alignment has 23 sequences with 4284 columns, 1867 distinct patterns
1161 parsimony-informative, 780 singleton sites, 2343 constant sites
                   Gap/Ambiguity  Composition  p-value
Analyzing sequences: done in 6.60419e-05 secs using 711.7% CPU
   1  P001_Platypus       79.34%    failed      0.08%
   2  P002_Opossum        55.04%    failed      0.00%
   3  P003_Wallaby        62.39%    failed      0.00%
   4  P004_Tenrec         61.27%    failed      2.05%
   5  P005_Rock_hyrax     55.74%    passed     73.76%
   6  P006_Elephant       59.31%    passed     91.95%
   7  P007_Armadillo      63.66%    passed     53.14%
   8  P021_Pika           59.45%    passed     10.77%
   9  P022_Squirrel       62.89%    passed     14.68%
  10  P023_Guinea_pig     72.97%    failed      4.39%
  11  P024_Kangaroo_rat   71.99%    failed      0.10%
  12  P025_Mouse          31.02%    passed     37.56%
  13  P026_Rat            31.16%    passed     57.08%
  14  P027_Tree_shrew     74.65%    failed      0.08%
  15  P028_Bushbaby       65.48%    passed     67.18%
  16  P029_Mouse_lemur    71.50%    failed      3.76%
  17  P030_Tarsier        74.30%    failed      3.05%
  18  P031_Marmoset       31.09%    passed     68.08%
  19  P032_Rhesus         52.10%    passed     97.78%
  20  P033_Orangutan      78.15%    failed      1.37%
  21  P034_Gorilla        51.05%    passed     51.21%
  22  P035_Chimp          50.14%    passed     41.85%
  23  P036_Human          28.36%    passed     61.28%
WARNING: 19 sequences contain more than 50% gaps/ambiguity
****  TOTAL               58.39%  10 sequences failed composition chi2 test (p-value<5%; df=3)
Checking for duplicate sequences: done in 0.000124931 secs using 585.9% CPU

Create initial parsimony tree by phylogenetic likelihood library (PLL)... 0.002 seconds

NOTE: 5 MB RAM (0 GB) is required!
Estimate model parameters (epsilon = 0.100)
1. Initial log-likelihood: -25156.074
2. Current log-likelihood: -23078.132
3. Current log-likelihood: -23060.039
4. Current log-likelihood: -23059.085
5. Current log-likelihood: -23058.883
Optimal log-likelihood: -23058.793
Rate parameters:  A-C: 1.86390  A-G: 4.99193  A-T: 1.57648  C-G: 1.17374  C-T: 5.75594  G-T: 1.00000
Base frequencies:  A: 0.254  C: 0.288  G: 0.281  T: 0.177
Gamma shape alpha: 0.900
Parameters optimization took 5 rounds (0.103 sec)
Wrote distance file to... 
Computing ML distances based on estimated model parameters...
Calculating distance matrix: done in 0.00030899 secs using 802.9% CPU
Computing ML distances took 0.000428 sec (of wall-clock time) 0.003175 sec (of CPU time)
Setting up auxiliary I and S matrices: done in 7.29561e-05 secs using 1094% CPU
Constructing RapidNJ tree: done in 0.00117803 secs using 602.6% CPU
Computing RapidNJ tree took 0.001284 sec (of wall-clock time) 0.011960 sec (of CPU time)
Log-likelihood of RapidNJ tree: -23129.498
--------------------------------------------------------------------
|             INITIALIZING CANDIDATE TREE SET                      |
--------------------------------------------------------------------
Generating 98 parsimony trees... 0.245 second
Computing log-likelihood of 98 initial trees ... 0.452 seconds
Current best score: -23058.793

Do NNI search on 20 best initial trees
Estimate model parameters (epsilon = 0.100)
BETTER TREE FOUND at iteration 1: -23029.556
Iteration 10 / LogL: -23030.002 / Time: 0h:0m:1s
Iteration 20 / LogL: -23033.294 / Time: 0h:0m:3s
Finish initializing candidate tree set (4)
Current best tree score: -23029.556 / CPU time: 3.056
Number of iterations: 20
--------------------------------------------------------------------
|               OPTIMIZING CANDIDATE TREE SET                      |
--------------------------------------------------------------------
Estimate model parameters (epsilon = 0.100)
BETTER TREE FOUND at iteration 25: -23028.590
Iteration 30 / LogL: -23033.304 / Time: 0h:0m:4s (0h:0m:13s left)
Iteration 40 / LogL: -23028.590 / Time: 0h:0m:4s (0h:0m:10s left)
Iteration 50 / LogL: -23030.368 / Time: 0h:0m:5s (0h:0m:8s left)
UPDATE BEST LOG-LIKELIHOOD: -23028.590
Iteration 60 / LogL: -23031.554 / Time: 0h:0m:6s (0h:0m:7s left)
Iteration 70 / LogL: -23028.833 / Time: 0h:0m:7s (0h:0m:6s left)
Iteration 80 / LogL: -23030.307 / Time: 0h:0m:8s (0h:0m:4s left)
Iteration 90 / LogL: -23028.777 / Time: 0h:0m:9s (0h:0m:3s left)
Iteration 100 / LogL: -23030.416 / Time: 0h:0m:10s (0h:0m:2s left)
Iteration 110 / LogL: -23028.596 / Time: 0h:0m:11s (0h:0m:1s left)
UPDATE BEST LOG-LIKELIHOOD: -23028.589
Iteration 120 / LogL: -23028.597 / Time: 0h:0m:12s (0h:0m:0s left)
TREE SEARCH COMPLETED AFTER 126 ITERATIONS / Time: 0h:0m:12s

--------------------------------------------------------------------
|                    FINALIZING TREE SEARCH                        |
--------------------------------------------------------------------
Performs final model parameters optimization
Estimate model parameters (epsilon = 0.010)
1. Initial log-likelihood: -23028.589
Optimal log-likelihood: -23028.587
Rate parameters:  A-C: 1.85209  A-G: 4.98319  A-T: 1.57253  C-G: 1.17105  C-T: 5.74924  G-T: 1.00000
Base frequencies:  A: 0.254  C: 0.288  G: 0.281  T: 0.177
Gamma shape alpha: 0.910
Parameters optimization took 1 rounds (0.011 sec)
BEST SCORE FOUND : -23028.587
Total tree length: 4.145

Total number of iterations: 126
CPU time used for tree search: 99.955 sec (0h:1m:39s)
Wall-clock time used for tree search: 12.691 sec (0h:0m:12s)
Total CPU time used: 101.268 sec (0h:1m:41s)
Total wall-clock time used: 12.858 sec (0h:0m:12s)

Analysis results written to: 
  IQ-TREE report:                /workspace/IQTree_8_cores_TarvD7_Results/ENSG00000140481.nuc.ord.iqtree
  Maximum-likelihood tree:       /workspace/IQTree_8_cores_TarvD7_Results/ENSG00000140481.nuc.ord.treefile
  Likelihood distances:          /workspace/IQTree_8_cores_TarvD7_Results/ENSG00000140481.nuc.ord.mldist
  Screen log file:               /workspace/IQTree_8_cores_TarvD7_Results/ENSG00000140481.nuc.ord.log

Date and Time: Tue May 26 17:21:07 2026
