IQ-TREE version 3.1.2 for Linux x86 64-bit built May  7 2026
Developed by Bui Quang Minh, Thomas Wong, Nhan Ly-Trong, Huaiyan Ren
Contributed by Lam-Tung Nguyen, Dominik Schrempf, Chris Bielow,
Olga Chernomor, Michael Woodhams, Diep Thi Hoang, Heiko Schmidt

Host:    8084c4e79f09 (AVX512, FMA3, 1133 GB RAM)
Command: /workspace/iqtree-3.1.2-Linux/bin/iqtree3_intel -s /workspace/NeuralNJ/empirical/TarvD7/ENSG00000166860.nuc.ord.aln -st DNA -m GTR+G -T 8 -seed 2201 -pre /workspace/IQTree_8_cores_TarvD7_Results/ENSG00000166860.nuc.ord -quiet
Seed:    2201 (Using SPRNG - Scalable Parallel Random Number Generator)
Time:    Wed May 27 03:23:02 2026
Kernel:  AVX+FMA - 8 threads (384 CPU cores detected)

Reading alignment file /workspace/NeuralNJ/empirical/TarvD7/ENSG00000166860.nuc.ord.aln ... Fasta format detected
Reading fasta file: done in 0.000703812 secs using 44.61% CPU
Alignment most likely contains DNA/RNA sequences
Constructing alignment: done in 0.00409889 secs using 778.5% CPU
Alignment has 23 sequences with 2199 columns, 1050 distinct patterns
726 parsimony-informative, 301 singleton sites, 1172 constant sites
                   Gap/Ambiguity  Composition  p-value
Analyzing sequences: done in 4.79221e-05 secs using 240% CPU
   1  P001_Platypus       88.81%    failed      0.01%
   2  P002_Opossum         2.59%    failed      0.02%
   3  P003_Wallaby         3.00%    failed      0.00%
   4  P004_Tenrec          2.59%    failed      0.00%
   5  P008_Sloth          29.60%    passed     87.14%
   6  P010_Common_shrew   27.15%    failed      0.12%
   7  P011_Dolphin         3.68%    passed     53.62%
   8  P012_Cow            12.28%    passed     97.70%
   9  P013_Pig             5.59%    passed     83.97%
  10  P015_Horse           3.00%    passed     99.20%
  11  P021_Pika            3.27%    failed      0.00%
  12  P022_Squirrel       13.92%    failed      2.76%
  13  P023_Guinea_pig      3.00%    failed      2.50%
  14  P024_Kangaroo_rat   43.79%    passed     90.99%
  15  P025_Mouse           2.86%    passed     64.12%
  16  P026_Rat             3.00%    passed     90.58%
  17  P027_Tree_shrew      3.14%    passed     30.89%
  18  P028_Bushbaby        3.00%    passed     17.06%
  19  P029_Mouse_lemur     9.55%    passed     91.66%
  20  P031_Marmoset        2.86%    passed     83.59%
  21  P032_Rhesus          2.86%    passed     95.54%
  22  P035_Chimp           2.86%    passed     97.73%
  23  P036_Human           2.86%    passed     99.55%
WARNING: 1 sequences contain more than 50% gaps/ambiguity
****  TOTAL               11.97%  8 sequences failed composition chi2 test (p-value<5%; df=3)
Checking for duplicate sequences: done in 0.000123978 secs using 792.9% CPU

Create initial parsimony tree by phylogenetic likelihood library (PLL)... 0.002 seconds

NOTE: 3 MB RAM (0 GB) is required!
Estimate model parameters (epsilon = 0.100)
1. Initial log-likelihood: -15958.059
2. Current log-likelihood: -14839.367
3. Current log-likelihood: -14818.617
4. Current log-likelihood: -14818.163
Optimal log-likelihood: -14817.992
Rate parameters:  A-C: 0.89996  A-G: 4.75332  A-T: 0.83035  C-G: 0.90079  C-T: 6.35507  G-T: 1.00000
Base frequencies:  A: 0.241  C: 0.289  G: 0.258  T: 0.212
Gamma shape alpha: 0.399
Parameters optimization took 4 rounds (0.079 sec)
Wrote distance file to... 
Computing ML distances based on estimated model parameters...
Calculating distance matrix: done in 0.000243902 secs using 809.3% CPU
Computing ML distances took 0.000320 sec (of wall-clock time) 0.002406 sec (of CPU time)
Setting up auxiliary I and S matrices: done in 7.98702e-05 secs using 757.5% CPU
Constructing RapidNJ tree: done in 0.00116897 secs using 638.9% CPU
Computing RapidNJ tree took 0.001329 sec (of wall-clock time) 0.009647 sec (of CPU time)
Log-likelihood of RapidNJ tree: -14882.327
--------------------------------------------------------------------
|             INITIALIZING CANDIDATE TREE SET                      |
--------------------------------------------------------------------
Generating 98 parsimony trees... 0.167 second
Computing log-likelihood of 98 initial trees ... 0.335 seconds
Current best score: -14817.992

Do NNI search on 20 best initial trees
Estimate model parameters (epsilon = 0.100)
BETTER TREE FOUND at iteration 1: -14814.196
Estimate model parameters (epsilon = 0.100)
BETTER TREE FOUND at iteration 2: -14809.809
Iteration 10 / LogL: -14809.841 / Time: 0h:0m:1s
Estimate model parameters (epsilon = 0.100)
UPDATE BEST LOG-LIKELIHOOD: -14809.729
Iteration 20 / LogL: -14809.832 / Time: 0h:0m:1s
Finish initializing candidate tree set (5)
Current best tree score: -14809.729 / CPU time: 1.742
Number of iterations: 20
--------------------------------------------------------------------
|               OPTIMIZING CANDIDATE TREE SET                      |
--------------------------------------------------------------------
Iteration 30 / LogL: -14817.296 / Time: 0h:0m:2s (0h:0m:6s left)
Iteration 40 / LogL: -14810.389 / Time: 0h:0m:3s (0h:0m:5s left)
Iteration 50 / LogL: -14810.368 / Time: 0h:0m:3s (0h:0m:4s left)
Iteration 60 / LogL: -14810.371 / Time: 0h:0m:4s (0h:0m:3s left)
Iteration 70 / LogL: -14809.833 / Time: 0h:0m:5s (0h:0m:2s left)
Iteration 80 / LogL: -14811.876 / Time: 0h:0m:5s (0h:0m:1s left)
Iteration 90 / LogL: -14810.364 / Time: 0h:0m:6s (0h:0m:0s left)
Iteration 100 / LogL: -14810.392 / Time: 0h:0m:7s (0h:0m:0s left)
TREE SEARCH COMPLETED AFTER 103 ITERATIONS / Time: 0h:0m:7s

--------------------------------------------------------------------
|                    FINALIZING TREE SEARCH                        |
--------------------------------------------------------------------
Performs final model parameters optimization
Estimate model parameters (epsilon = 0.010)
1. Initial log-likelihood: -14809.729
Optimal log-likelihood: -14809.717
Rate parameters:  A-C: 0.88794  A-G: 4.75148  A-T: 0.81342  C-G: 0.90287  C-T: 6.35382  G-T: 1.00000
Base frequencies:  A: 0.241  C: 0.289  G: 0.258  T: 0.212
Gamma shape alpha: 0.398
Parameters optimization took 1 rounds (0.007 sec)
BEST SCORE FOUND : -14809.717
Total tree length: 2.279

Total number of iterations: 103
CPU time used for tree search: 56.984 sec (0h:0m:56s)
Wall-clock time used for tree search: 7.160 sec (0h:0m:7s)
Total CPU time used: 57.870 sec (0h:0m:57s)
Total wall-clock time used: 7.273 sec (0h:0m:7s)

Analysis results written to: 
  IQ-TREE report:                /workspace/IQTree_8_cores_TarvD7_Results/ENSG00000166860.nuc.ord.iqtree
  Maximum-likelihood tree:       /workspace/IQTree_8_cores_TarvD7_Results/ENSG00000166860.nuc.ord.treefile
  Likelihood distances:          /workspace/IQTree_8_cores_TarvD7_Results/ENSG00000166860.nuc.ord.mldist
  Screen log file:               /workspace/IQTree_8_cores_TarvD7_Results/ENSG00000166860.nuc.ord.log

Date and Time: Wed May 27 03:23:10 2026
