IQ-TREE version 3.1.2 for Linux x86 64-bit built May  7 2026
Developed by Bui Quang Minh, Thomas Wong, Nhan Ly-Trong, Huaiyan Ren
Contributed by Lam-Tung Nguyen, Dominik Schrempf, Chris Bielow,
Olga Chernomor, Michael Woodhams, Diep Thi Hoang, Heiko Schmidt

Host:    8084c4e79f09 (AVX512, FMA3, 1133 GB RAM)
Command: /workspace/iqtree-3.1.2-Linux/bin/iqtree3_intel -s /workspace/NeuralNJ/empirical/TarvD7/ENSG00000185246.nuc.ord.aln -st DNA -m GTR+G -T 8 -seed 2201 -pre /workspace/IQTree_8_cores_TarvD7_Results/ENSG00000185246.nuc.ord -quiet
Seed:    2201 (Using SPRNG - Scalable Parallel Random Number Generator)
Time:    Wed May 27 09:31:37 2026
Kernel:  AVX+FMA - 8 threads (384 CPU cores detected)

Reading alignment file /workspace/NeuralNJ/empirical/TarvD7/ENSG00000185246.nuc.ord.aln ... Fasta format detected
Reading fasta file: done in 0.000591993 secs using 40.03% CPU
Alignment most likely contains DNA/RNA sequences
Constructing alignment: done in 0.00279212 secs using 702.4% CPU
Alignment has 30 sequences with 2163 columns, 815 distinct patterns
412 parsimony-informative, 256 singleton sites, 1495 constant sites
                   Gap/Ambiguity  Composition  p-value
Analyzing sequences: done in 2.19345e-05 secs using 95.74% CPU
   1  P002_Opossum        23.99%    passed     95.70%
   2  P003_Wallaby         7.35%    passed     99.39%
   3  P004_Tenrec         41.19%    passed     89.57%
   4  P005_Rock_hyrax     26.21%    passed     66.55%
   5  P006_Elephant        7.49%    passed     94.07%
   6  P008_Sloth          48.96%    passed     54.39%
   7  P009_Hedgehog       32.32%    failed      2.37%
   8  P010_Common_shrew   25.66%    passed     98.36%
   9  P011_Dolphin        19.69%    passed     86.76%
  10  P012_Cow            23.99%    passed     98.42%
  11  P013_Pig             7.63%    passed     93.26%
  12  P014_Alpaca          7.49%    passed     85.25%
  13  P015_Horse           7.49%    passed     74.83%
  14  P016_Dog            33.56%    passed     79.30%
  15  P018_Megabat         7.63%    passed     73.83%
  16  P019_Microbat       32.59%    passed     79.53%
  17  P020_Rabbit         47.85%    passed     62.68%
  18  P021_Pika           29.54%    passed     57.26%
  19  P023_Guinea_pig     12.76%    passed     99.84%
  20  P024_Kangaroo_rat   13.04%    passed     76.03%
  21  P025_Mouse           7.77%    passed     92.29%
  22  P026_Rat             7.91%    passed     85.20%
  23  P029_Mouse_lemur    48.82%    passed     99.11%
  24  P030_Tarsier        13.04%    passed     89.64%
  25  P031_Marmoset        7.21%    passed     98.20%
  26  P032_Rhesus         23.99%    passed     89.51%
  27  P033_Orangutan      24.13%    passed     89.00%
  28  P034_Gorilla        24.27%    passed     98.75%
  29  P035_Chimp           7.21%    passed     96.97%
  30  P036_Human           7.21%    passed     97.38%
****  TOTAL               20.93%  1 sequences failed composition chi2 test (p-value<5%; df=3)
Checking for duplicate sequences: done in 0.000106096 secs using 780.4% CPU

Create initial parsimony tree by phylogenetic likelihood library (PLL)... 0.001 seconds

NOTE: 3 MB RAM (0 GB) is required!
Estimate model parameters (epsilon = 0.100)
1. Initial log-likelihood: -10801.189
2. Current log-likelihood: -10033.755
3. Current log-likelihood: -10027.698
Optimal log-likelihood: -10027.653
Rate parameters:  A-C: 1.97699  A-G: 6.68043  A-T: 1.04730  C-G: 0.97618  C-T: 9.63624  G-T: 1.00000
Base frequencies:  A: 0.355  C: 0.168  G: 0.210  T: 0.267
Gamma shape alpha: 0.245
Parameters optimization took 3 rounds (0.069 sec)
Wrote distance file to... 
Computing ML distances based on estimated model parameters...
Calculating distance matrix: done in 0.000497103 secs using 789.6% CPU
Computing ML distances took 0.000564 sec (of wall-clock time) 0.004260 sec (of CPU time)
Setting up auxiliary I and S matrices: done in 7.39098e-05 secs using 1223% CPU
Constructing RapidNJ tree: done in 0.00150895 secs using 473.6% CPU
Computing RapidNJ tree took 0.001643 sec (of wall-clock time) 0.015170 sec (of CPU time)
Log-likelihood of RapidNJ tree: -10092.252
--------------------------------------------------------------------
|             INITIALIZING CANDIDATE TREE SET                      |
--------------------------------------------------------------------
Generating 98 parsimony trees... 0.152 second
Computing log-likelihood of 98 initial trees ... 0.358 seconds
Current best score: -10017.326

Do NNI search on 20 best initial trees
Estimate model parameters (epsilon = 0.100)
BETTER TREE FOUND at iteration 1: -10006.434
Estimate model parameters (epsilon = 0.100)
BETTER TREE FOUND at iteration 2: -10004.679
Iteration 10 / LogL: -10004.706 / Time: 0h:0m:1s
Estimate model parameters (epsilon = 0.100)
BETTER TREE FOUND at iteration 12: -10004.462
UPDATE BEST LOG-LIKELIHOOD: -10004.462
Iteration 20 / LogL: -10004.720 / Time: 0h:0m:1s
Finish initializing candidate tree set (6)
Current best tree score: -10004.462 / CPU time: 1.752
Number of iterations: 20
--------------------------------------------------------------------
|               OPTIMIZING CANDIDATE TREE SET                      |
--------------------------------------------------------------------
Iteration 30 / LogL: -10006.846 / Time: 0h:0m:2s (0h:0m:7s left)
Iteration 40 / LogL: -10006.212 / Time: 0h:0m:3s (0h:0m:5s left)
Iteration 50 / LogL: -10006.246 / Time: 0h:0m:3s (0h:0m:4s left)
Iteration 60 / LogL: -10006.216 / Time: 0h:0m:4s (0h:0m:4s left)
Iteration 70 / LogL: -10006.417 / Time: 0h:0m:5s (0h:0m:3s left)
Iteration 80 / LogL: -10010.167 / Time: 0h:0m:6s (0h:0m:2s left)
Iteration 90 / LogL: -10004.690 / Time: 0h:0m:6s (0h:0m:1s left)
Iteration 100 / LogL: -10004.686 / Time: 0h:0m:7s (0h:0m:0s left)
UPDATE BEST LOG-LIKELIHOOD: -10004.459
Iteration 110 / LogL: -10006.230 / Time: 0h:0m:8s (0h:0m:0s left)
TREE SEARCH COMPLETED AFTER 113 ITERATIONS / Time: 0h:0m:8s

--------------------------------------------------------------------
|                    FINALIZING TREE SEARCH                        |
--------------------------------------------------------------------
Performs final model parameters optimization
Estimate model parameters (epsilon = 0.010)
1. Initial log-likelihood: -10004.459
Optimal log-likelihood: -10004.457
Rate parameters:  A-C: 1.95841  A-G: 6.69097  A-T: 1.05837  C-G: 0.98672  C-T: 9.71576  G-T: 1.00000
Base frequencies:  A: 0.355  C: 0.168  G: 0.210  T: 0.267
Gamma shape alpha: 0.248
Parameters optimization took 1 rounds (0.008 sec)
BEST SCORE FOUND : -10004.457
Total tree length: 0.980

Total number of iterations: 113
CPU time used for tree search: 64.795 sec (0h:1m:4s)
Wall-clock time used for tree search: 8.140 sec (0h:0m:8s)
Total CPU time used: 65.604 sec (0h:1m:5s)
Total wall-clock time used: 8.243 sec (0h:0m:8s)

Analysis results written to: 
  IQ-TREE report:                /workspace/IQTree_8_cores_TarvD7_Results/ENSG00000185246.nuc.ord.iqtree
  Maximum-likelihood tree:       /workspace/IQTree_8_cores_TarvD7_Results/ENSG00000185246.nuc.ord.treefile
  Likelihood distances:          /workspace/IQTree_8_cores_TarvD7_Results/ENSG00000185246.nuc.ord.mldist
  Screen log file:               /workspace/IQTree_8_cores_TarvD7_Results/ENSG00000185246.nuc.ord.log

Date and Time: Wed May 27 09:31:45 2026
