IQ-TREE version 3.1.2 for Linux x86 64-bit built May  7 2026
Developed by Bui Quang Minh, Thomas Wong, Nhan Ly-Trong, Huaiyan Ren
Contributed by Lam-Tung Nguyen, Dominik Schrempf, Chris Bielow,
Olga Chernomor, Michael Woodhams, Diep Thi Hoang, Heiko Schmidt

Host:    8084c4e79f09 (AVX512, FMA3, 1133 GB RAM)
Command: /workspace/iqtree-3.1.2-Linux/bin/iqtree3_intel -s /workspace/NeuralNJ/empirical/TarvD7/ENSG00000113916.nuc.ord.aln -st DNA -m GTR+G -T 8 -seed 2201 -pre /workspace/IQTree_8_cores_TarvD7_Results/ENSG00000113916.nuc.ord -quiet
Seed:    2201 (Using SPRNG - Scalable Parallel Random Number Generator)
Time:    Tue May 26 07:56:57 2026
Kernel:  AVX+FMA - 8 threads (384 CPU cores detected)

Reading alignment file /workspace/NeuralNJ/empirical/TarvD7/ENSG00000113916.nuc.ord.aln ... Fasta format detected
Reading fasta file: done in 0.000642061 secs using 8.255% CPU
Alignment most likely contains DNA/RNA sequences
Constructing alignment: done in 0.003057 secs using 684.2% CPU
Alignment has 32 sequences with 2232 columns, 1097 distinct patterns
679 parsimony-informative, 298 singleton sites, 1255 constant sites
                   Gap/Ambiguity  Composition  p-value
Analyzing sequences: done in 3.21865e-05 secs using 211.3% CPU
   1  P001_Platypus        4.17%    passed     74.62%
   2  P003_Wallaby        11.69%    passed      6.35%
   3  P004_Tenrec          5.78%    passed     77.15%
   4  P005_Rock_hyrax     11.83%    passed     90.47%
   5  P006_Elephant       12.37%    passed     97.67%
   6  P007_Armadillo      20.16%    passed     73.85%
   7  P008_Sloth          24.33%    passed     98.18%
   8  P009_Hedgehog       13.31%    passed     93.60%
   9  P010_Common_shrew   17.34%    passed     58.20%
  10  P011_Dolphin         6.05%    passed     16.60%
  11  P012_Cow             5.11%    passed     80.64%
  12  P013_Pig             5.11%    passed     46.42%
  13  P015_Horse           4.97%    passed     97.89%
  14  P016_Dog             5.91%    passed     46.76%
  15  P017_Cat            27.82%    failed      0.39%
  16  P018_Megabat         6.05%    passed     95.61%
  17  P019_Microbat       18.01%    passed     72.72%
  18  P020_Rabbit         24.06%    passed      5.14%
  19  P021_Pika            7.12%    passed     88.56%
  20  P022_Squirrel       12.23%    passed     34.09%
  21  P023_Guinea_pig      5.24%    passed     92.45%
  22  P024_Kangaroo_rat    5.11%    passed     21.05%
  23  P025_Mouse           4.97%    passed     22.56%
  24  P026_Rat             4.97%    passed     17.40%
  25  P027_Tree_shrew     11.42%    passed     63.73%
  26  P028_Bushbaby       11.02%    passed     99.09%
  27  P029_Mouse_lemur    15.19%    passed     49.85%
  28  P031_Marmoset        8.87%    passed     88.78%
  29  P032_Rhesus          5.11%    passed     77.77%
  30  P033_Orangutan       5.11%    passed     35.67%
  31  P035_Chimp           5.11%    passed     62.37%
  32  P036_Human           5.11%    passed     49.14%
****  TOTAL               10.33%  1 sequences failed composition chi2 test (p-value<5%; df=3)
Checking for duplicate sequences: done in 0.000133038 secs using 778% CPU

Create initial parsimony tree by phylogenetic likelihood library (PLL)... 0.002 seconds

NOTE: 4 MB RAM (0 GB) is required!
Estimate model parameters (epsilon = 0.100)
1. Initial log-likelihood: -18864.029
2. Current log-likelihood: -17359.852
3. Current log-likelihood: -17332.080
4. Current log-likelihood: -17331.529
Optimal log-likelihood: -17331.516
Rate parameters:  A-C: 0.82392  A-G: 4.35022  A-T: 0.57624  C-G: 0.79127  C-T: 5.79392  G-T: 1.00000
Base frequencies:  A: 0.229  C: 0.336  G: 0.250  T: 0.185
Gamma shape alpha: 0.315
Parameters optimization took 4 rounds (0.121 sec)
Wrote distance file to... 
Computing ML distances based on estimated model parameters...
Calculating distance matrix: done in 0.000426054 secs using 804.4% CPU
Computing ML distances took 0.000531 sec (of wall-clock time) 0.004028 sec (of CPU time)
Setting up auxiliary I and S matrices: done in 7.60555e-05 secs using 1191% CPU
Constructing RapidNJ tree: done in 0.00174689 secs using 827.8% CPU
Computing RapidNJ tree took 0.001868 sec (of wall-clock time) 0.017194 sec (of CPU time)
Log-likelihood of RapidNJ tree: -17346.598
--------------------------------------------------------------------
|             INITIALIZING CANDIDATE TREE SET                      |
--------------------------------------------------------------------
Generating 98 parsimony trees... 0.273 second
Computing log-likelihood of 98 initial trees ... 0.588 seconds
Current best score: -17331.516

Do NNI search on 20 best initial trees
Estimate model parameters (epsilon = 0.100)
BETTER TREE FOUND at iteration 1: -17327.619
Estimate model parameters (epsilon = 0.100)
BETTER TREE FOUND at iteration 2: -17321.915
Estimate model parameters (epsilon = 0.100)
BETTER TREE FOUND at iteration 3: -17319.873
Iteration 10 / LogL: -17327.957 / Time: 0h:0m:1s
Iteration 20 / LogL: -17327.836 / Time: 0h:0m:2s
Finish initializing candidate tree set (14)
Current best tree score: -17319.873 / CPU time: 2.395
Number of iterations: 20
--------------------------------------------------------------------
|               OPTIMIZING CANDIDATE TREE SET                      |
--------------------------------------------------------------------
Iteration 30 / LogL: -17321.598 / Time: 0h:0m:3s (0h:0m:9s left)
Iteration 40 / LogL: -17321.599 / Time: 0h:0m:5s (0h:0m:8s left)
Iteration 50 / LogL: -17321.598 / Time: 0h:0m:6s (0h:0m:6s left)
Iteration 60 / LogL: -17321.761 / Time: 0h:0m:7s (0h:0m:5s left)
Iteration 70 / LogL: -17323.829 / Time: 0h:0m:8s (0h:0m:3s left)
Iteration 80 / LogL: -17321.598 / Time: 0h:0m:9s (0h:0m:2s left)
Iteration 90 / LogL: -17321.950 / Time: 0h:0m:10s (0h:0m:1s left)
Iteration 100 / LogL: -17321.598 / Time: 0h:0m:11s (0h:0m:0s left)
TREE SEARCH COMPLETED AFTER 104 ITERATIONS / Time: 0h:0m:11s

--------------------------------------------------------------------
|                    FINALIZING TREE SEARCH                        |
--------------------------------------------------------------------
Performs final model parameters optimization
Estimate model parameters (epsilon = 0.010)
1. Initial log-likelihood: -17319.873
Optimal log-likelihood: -17319.870
Rate parameters:  A-C: 0.84146  A-G: 4.39686  A-T: 0.58630  C-G: 0.78780  C-T: 5.94803  G-T: 1.00000
Base frequencies:  A: 0.229  C: 0.336  G: 0.250  T: 0.185
Gamma shape alpha: 0.315
Parameters optimization took 1 rounds (0.012 sec)
BEST SCORE FOUND : -17319.870
Total tree length: 2.612

Total number of iterations: 104
CPU time used for tree search: 90.925 sec (0h:1m:30s)
Wall-clock time used for tree search: 11.518 sec (0h:0m:11s)
Total CPU time used: 92.281 sec (0h:1m:32s)
Total wall-clock time used: 11.688 sec (0h:0m:11s)

Analysis results written to: 
  IQ-TREE report:                /workspace/IQTree_8_cores_TarvD7_Results/ENSG00000113916.nuc.ord.iqtree
  Maximum-likelihood tree:       /workspace/IQTree_8_cores_TarvD7_Results/ENSG00000113916.nuc.ord.treefile
  Likelihood distances:          /workspace/IQTree_8_cores_TarvD7_Results/ENSG00000113916.nuc.ord.mldist
  Screen log file:               /workspace/IQTree_8_cores_TarvD7_Results/ENSG00000113916.nuc.ord.log

Date and Time: Tue May 26 07:57:09 2026
