IQ-TREE version 3.1.2 for Linux x86 64-bit built May  7 2026
Developed by Bui Quang Minh, Thomas Wong, Nhan Ly-Trong, Huaiyan Ren
Contributed by Lam-Tung Nguyen, Dominik Schrempf, Chris Bielow,
Olga Chernomor, Michael Woodhams, Diep Thi Hoang, Heiko Schmidt

Host:    8084c4e79f09 (AVX512, FMA3, 1133 GB RAM)
Command: /workspace/iqtree-3.1.2-Linux/bin/iqtree3_intel -s /workspace/NeuralNJ/empirical/TarvD7/ENSG00000143341.nuc.ord.aln -st DNA -m GTR+G -T 8 -seed 2201 -pre /workspace/IQTree_8_cores_TarvD7_Results/ENSG00000143341.nuc.ord -quiet
Seed:    2201 (Using SPRNG - Scalable Parallel Random Number Generator)
Time:    Tue May 26 18:18:56 2026
Kernel:  AVX+FMA - 8 threads (384 CPU cores detected)

Reading alignment file /workspace/NeuralNJ/empirical/TarvD7/ENSG00000143341.nuc.ord.aln ... Fasta format detected
Reading fasta file: done in 0.00491905 secs using 78.76% CPU
Alignment most likely contains DNA/RNA sequences
Constructing alignment: done in 0.0273569 secs using 682.9% CPU
Alignment has 32 sequences with 17550 columns, 10254 distinct patterns
6568 parsimony-informative, 2780 singleton sites, 8202 constant sites
                   Gap/Ambiguity  Composition  p-value
Analyzing sequences: done in 0.000403166 secs using 752% CPU
   1  P001_Platypus        5.16%    failed      0.00%
   2  P002_Opossum         5.37%    failed      0.00%
   3  P003_Wallaby        30.02%    failed      0.00%
   4  P004_Tenrec         17.03%    failed      1.81%
   5  P005_Rock_hyrax     25.69%    passed     41.00%
   6  P006_Elephant       28.75%    passed     25.94%
   7  P007_Armadillo      26.72%    failed      0.01%
   8  P008_Sloth          14.03%    passed     24.43%
   9  P009_Hedgehog       21.06%    failed      4.85%
  10  P011_Dolphin        10.51%    passed     35.16%
  11  P012_Cow             3.68%    passed     83.57%
  12  P013_Pig            94.79%    passed     24.10%
  13  P014_Alpaca         17.90%    failed      1.29%
  14  P015_Horse           3.69%    passed     99.57%
  15  P016_Dog            18.39%    failed      0.63%
  16  P018_Megabat         9.33%    passed      6.48%
  17  P019_Microbat       19.49%    failed      0.00%
  18  P022_Squirrel       24.60%    passed      5.82%
  19  P023_Guinea_pig     30.14%    passed     19.18%
  20  P024_Kangaroo_rat   13.44%    passed     30.10%
  21  P025_Mouse           3.68%    failed      0.00%
  22  P026_Rat             5.32%    failed      0.00%
  23  P027_Tree_shrew     27.28%    failed      0.00%
  24  P028_Bushbaby       14.34%    failed      0.78%
  25  P029_Mouse_lemur    21.93%    passed     98.66%
  26  P030_Tarsier        10.89%    failed      0.54%
  27  P031_Marmoset        4.77%    passed     70.51%
  28  P032_Rhesus          3.91%    failed      0.01%
  29  P033_Orangutan       3.66%    failed      0.20%
  30  P034_Gorilla        39.81%    failed      4.72%
  31  P035_Chimp           3.68%    failed      0.16%
  32  P036_Human           3.68%    failed      0.26%
WARNING: 1 sequences contain more than 50% gaps/ambiguity
****  TOTAL               17.58%  19 sequences failed composition chi2 test (p-value<5%; df=3)
Checking for duplicate sequences: done in 0.000977993 secs using 702.7% CPU

Create initial parsimony tree by phylogenetic likelihood library (PLL)... 0.015 seconds

NOTE: 42 MB RAM (0 GB) is required!
Estimate model parameters (epsilon = 0.100)
1. Initial log-likelihood: -158115.713
2. Current log-likelihood: -147810.754
3. Current log-likelihood: -147728.304
4. Current log-likelihood: -147722.796
5. Current log-likelihood: -147719.456
6. Current log-likelihood: -147717.310
7. Current log-likelihood: -147716.057
8. Current log-likelihood: -147715.469
Optimal log-likelihood: -147715.315
Rate parameters:  A-C: 1.68015  A-G: 5.82938  A-T: 0.96984  C-G: 1.17556  C-T: 6.95069  G-T: 1.00000
Base frequencies:  A: 0.284  C: 0.227  G: 0.239  T: 0.250
Gamma shape alpha: 0.489
Parameters optimization took 8 rounds (0.700 sec)
Wrote distance file to... 
Computing ML distances based on estimated model parameters...
Calculating distance matrix: done in 0.00183702 secs using 816.4% CPU
Computing ML distances took 0.002455 sec (of wall-clock time) 0.019421 sec (of CPU time)
Setting up auxiliary I and S matrices: done in 9.48906e-05 secs using 1181% CPU
Constructing RapidNJ tree: done in 0.00217986 secs using 767.7% CPU
Computing RapidNJ tree took 0.002304 sec (of wall-clock time) 0.019521 sec (of CPU time)
Log-likelihood of RapidNJ tree: -148650.240
--------------------------------------------------------------------
|             INITIALIZING CANDIDATE TREE SET                      |
--------------------------------------------------------------------
Generating 98 parsimony trees... 2.151 second
Computing log-likelihood of 98 initial trees ... 1.950 seconds
Current best score: -147715.315

Do NNI search on 20 best initial trees
Estimate model parameters (epsilon = 0.100)
BETTER TREE FOUND at iteration 1: -147476.277
Estimate model parameters (epsilon = 0.100)
BETTER TREE FOUND at iteration 6: -147475.482
Iteration 10 / LogL: -147475.515 / Time: 0h:0m:8s
Iteration 20 / LogL: -147476.337 / Time: 0h:0m:12s
Finish initializing candidate tree set (7)
Current best tree score: -147475.482 / CPU time: 11.322
Number of iterations: 20
--------------------------------------------------------------------
|               OPTIMIZING CANDIDATE TREE SET                      |
--------------------------------------------------------------------
Iteration 30 / LogL: -147476.258 / Time: 0h:0m:16s (0h:0m:42s left)
Iteration 40 / LogL: -147476.444 / Time: 0h:0m:19s (0h:0m:32s left)
Iteration 50 / LogL: -147477.413 / Time: 0h:0m:22s (0h:0m:25s left)
Iteration 60 / LogL: -147476.271 / Time: 0h:0m:25s (0h:0m:20s left)
Iteration 70 / LogL: -147476.435 / Time: 0h:0m:29s (0h:0m:15s left)
Iteration 80 / LogL: -147475.500 / Time: 0h:0m:33s (0h:0m:10s left)
Iteration 90 / LogL: -147475.494 / Time: 0h:0m:36s (0h:0m:6s left)
Iteration 100 / LogL: -147475.554 / Time: 0h:0m:39s (0h:0m:2s left)
TREE SEARCH COMPLETED AFTER 107 ITERATIONS / Time: 0h:0m:41s

--------------------------------------------------------------------
|                    FINALIZING TREE SEARCH                        |
--------------------------------------------------------------------
Performs final model parameters optimization
Estimate model parameters (epsilon = 0.010)
1. Initial log-likelihood: -147475.482
Optimal log-likelihood: -147475.480
Rate parameters:  A-C: 1.67299  A-G: 5.83245  A-T: 0.96620  C-G: 1.17143  C-T: 6.95104  G-T: 1.00000
Base frequencies:  A: 0.284  C: 0.227  G: 0.239  T: 0.250
Gamma shape alpha: 0.490
Parameters optimization took 1 rounds (0.057 sec)
BEST SCORE FOUND : -147475.480
Total tree length: 2.429

Total number of iterations: 107
CPU time used for tree search: 313.658 sec (0h:5m:13s)
Wall-clock time used for tree search: 40.443 sec (0h:0m:40s)
Total CPU time used: 322.557 sec (0h:5m:22s)
Total wall-clock time used: 41.573 sec (0h:0m:41s)

Analysis results written to: 
  IQ-TREE report:                /workspace/IQTree_8_cores_TarvD7_Results/ENSG00000143341.nuc.ord.iqtree
  Maximum-likelihood tree:       /workspace/IQTree_8_cores_TarvD7_Results/ENSG00000143341.nuc.ord.treefile
  Likelihood distances:          /workspace/IQTree_8_cores_TarvD7_Results/ENSG00000143341.nuc.ord.mldist
  Screen log file:               /workspace/IQTree_8_cores_TarvD7_Results/ENSG00000143341.nuc.ord.log

Date and Time: Tue May 26 18:19:38 2026
