IQ-TREE version 3.1.2 for Linux x86 64-bit built May  7 2026
Developed by Bui Quang Minh, Thomas Wong, Nhan Ly-Trong, Huaiyan Ren
Contributed by Lam-Tung Nguyen, Dominik Schrempf, Chris Bielow,
Olga Chernomor, Michael Woodhams, Diep Thi Hoang, Heiko Schmidt

Host:    8084c4e79f09 (AVX512, FMA3, 1133 GB RAM)
Command: /workspace/iqtree-3.1.2-Linux/bin/iqtree3_intel -s /workspace/NeuralNJ/empirical/TarvD7/ENSG00000171094.nuc.ord.aln -st DNA -m GTR+G -T 8 -seed 2201 -pre /workspace/IQTree_8_cores_TarvD7_Results/ENSG00000171094.nuc.ord -quiet
Seed:    2201 (Using SPRNG - Scalable Parallel Random Number Generator)
Time:    Wed May 27 05:17:57 2026
Kernel:  AVX+FMA - 8 threads (384 CPU cores detected)

Reading alignment file /workspace/NeuralNJ/empirical/TarvD7/ENSG00000171094.nuc.ord.aln ... Fasta format detected
Reading fasta file: done in 0.00165296 secs using 15.37% CPU
Alignment most likely contains DNA/RNA sequences
Constructing alignment: done in 0.00811481 secs using 671.7% CPU
Alignment has 35 sequences with 5292 columns, 3014 distinct patterns
1745 parsimony-informative, 954 singleton sites, 2593 constant sites
                   Gap/Ambiguity  Composition  p-value
Analyzing sequences: done in 0.000132084 secs using 595.1% CPU
   1  P001_Platypus       31.80%    failed      4.41%
   2  P002_Opossum        46.77%    failed      0.00%
   3  P003_Wallaby        34.92%    failed      0.00%
   4  P004_Tenrec         33.62%    failed      0.33%
   5  P005_Rock_hyrax      9.98%    passed     43.40%
   6  P006_Elephant       26.59%    passed     48.32%
   7  P007_Armadillo      31.46%    failed      0.10%
   8  P008_Sloth          50.74%    failed      0.75%
   9  P009_Hedgehog       40.87%    failed      1.55%
  10  P011_Dolphin        10.32%    failed      3.69%
  11  P012_Cow            21.15%    passed     22.94%
  12  P013_Pig            55.39%    passed     32.32%
  13  P014_Alpaca         37.07%    failed      0.05%
  14  P015_Horse          56.41%    passed     14.44%
  15  P016_Dog            30.27%    passed     11.40%
  16  P017_Cat            16.95%    passed     70.48%
  17  P018_Megabat        14.34%    passed     60.36%
  18  P019_Microbat       34.35%    failed      0.86%
  19  P020_Rabbit         35.83%    failed      2.90%
  20  P021_Pika           28.91%    passed     13.75%
  21  P022_Squirrel       44.33%    passed     77.11%
  22  P023_Guinea_pig     32.54%    passed     19.56%
  23  P024_Kangaroo_rat   10.88%    failed      2.25%
  24  P025_Mouse           8.11%    passed     55.55%
  25  P026_Rat            32.82%    passed     18.32%
  26  P027_Tree_shrew     23.53%    passed     18.81%
  27  P028_Bushbaby       33.28%    passed     71.03%
  28  P029_Mouse_lemur    10.94%    passed     61.78%
  29  P030_Tarsier        60.49%    failed      0.04%
  30  P031_Marmoset        8.11%    passed     88.73%
  31  P032_Rhesus          8.22%    passed     64.06%
  32  P033_Orangutan       8.16%    passed     74.53%
  33  P034_Gorilla        28.97%    passed     55.65%
  34  P035_Chimp          19.05%    passed     43.30%
  35  P036_Human           8.16%    passed     56.92%
WARNING: 4 sequences contain more than 50% gaps/ambiguity
****  TOTAL               28.15%  13 sequences failed composition chi2 test (p-value<5%; df=3)
Checking for duplicate sequences: done in 0.000264883 secs using 606.3% CPU

Create initial parsimony tree by phylogenetic likelihood library (PLL)... 0.006 seconds

NOTE: 13 MB RAM (0 GB) is required!
Estimate model parameters (epsilon = 0.100)
1. Initial log-likelihood: -48250.396
2. Current log-likelihood: -44808.241
3. Current log-likelihood: -44757.347
4. Current log-likelihood: -44756.453
Optimal log-likelihood: -44756.434
Rate parameters:  A-C: 1.53619  A-G: 4.26996  A-T: 0.82196  C-G: 1.10164  C-T: 5.95380  G-T: 1.00000
Base frequencies:  A: 0.221  C: 0.292  G: 0.298  T: 0.190
Gamma shape alpha: 0.402
Parameters optimization took 4 rounds (0.186 sec)
Wrote distance file to... 
Computing ML distances based on estimated model parameters...
Calculating distance matrix: done in 0.000925064 secs using 801.9% CPU
Computing ML distances took 0.001150 sec (of wall-clock time) 0.009004 sec (of CPU time)
Setting up auxiliary I and S matrices: done in 0.000191927 secs using 1333% CPU
Constructing RapidNJ tree: done in 0.00209904 secs using 739.2% CPU
Computing RapidNJ tree took 0.002321 sec (of wall-clock time) 0.019823 sec (of CPU time)
Log-likelihood of RapidNJ tree: -44939.252
--------------------------------------------------------------------
|             INITIALIZING CANDIDATE TREE SET                      |
--------------------------------------------------------------------
Generating 98 parsimony trees... 0.722 second
Computing log-likelihood of 98 initial trees ... 0.766 seconds
Current best score: -44756.434

Do NNI search on 20 best initial trees
Estimate model parameters (epsilon = 0.100)
BETTER TREE FOUND at iteration 1: -44711.436
Iteration 10 / LogL: -44711.644 / Time: 0h:0m:3s
Estimate model parameters (epsilon = 0.100)
BETTER TREE FOUND at iteration 15: -44704.901
Iteration 20 / LogL: -44711.657 / Time: 0h:0m:4s
Finish initializing candidate tree set (3)
Current best tree score: -44704.901 / CPU time: 4.608
Number of iterations: 20
--------------------------------------------------------------------
|               OPTIMIZING CANDIDATE TREE SET                      |
--------------------------------------------------------------------
Iteration 30 / LogL: -44704.916 / Time: 0h:0m:6s (0h:0m:18s left)
Iteration 40 / LogL: -44707.059 / Time: 0h:0m:7s (0h:0m:15s left)
Iteration 50 / LogL: -44705.616 / Time: 0h:0m:9s (0h:0m:12s left)
Iteration 60 / LogL: -44704.955 / Time: 0h:0m:11s (0h:0m:10s left)
Iteration 70 / LogL: -44711.444 / Time: 0h:0m:13s (0h:0m:8s left)
Iteration 80 / LogL: -44742.867 / Time: 0h:0m:14s (0h:0m:6s left)
Iteration 90 / LogL: -44704.931 / Time: 0h:0m:16s (0h:0m:4s left)
Iteration 100 / LogL: -44711.441 / Time: 0h:0m:18s (0h:0m:2s left)
Iteration 110 / LogL: -44711.671 / Time: 0h:0m:19s (0h:0m:0s left)
TREE SEARCH COMPLETED AFTER 116 ITERATIONS / Time: 0h:0m:20s

--------------------------------------------------------------------
|                    FINALIZING TREE SEARCH                        |
--------------------------------------------------------------------
Performs final model parameters optimization
Estimate model parameters (epsilon = 0.010)
1. Initial log-likelihood: -44704.901
Optimal log-likelihood: -44704.899
Rate parameters:  A-C: 1.55095  A-G: 4.31666  A-T: 0.82945  C-G: 1.11319  C-T: 6.10371  G-T: 1.00000
Base frequencies:  A: 0.221  C: 0.292  G: 0.298  T: 0.190
Gamma shape alpha: 0.401
Parameters optimization took 1 rounds (0.022 sec)
BEST SCORE FOUND : -44704.899
Total tree length: 3.501

Total number of iterations: 116
CPU time used for tree search: 156.356 sec (0h:2m:36s)
Wall-clock time used for tree search: 20.361 sec (0h:0m:20s)
Total CPU time used: 158.602 sec (0h:2m:38s)
Total wall-clock time used: 20.647 sec (0h:0m:20s)

Analysis results written to: 
  IQ-TREE report:                /workspace/IQTree_8_cores_TarvD7_Results/ENSG00000171094.nuc.ord.iqtree
  Maximum-likelihood tree:       /workspace/IQTree_8_cores_TarvD7_Results/ENSG00000171094.nuc.ord.treefile
  Likelihood distances:          /workspace/IQTree_8_cores_TarvD7_Results/ENSG00000171094.nuc.ord.mldist
  Screen log file:               /workspace/IQTree_8_cores_TarvD7_Results/ENSG00000171094.nuc.ord.log

Date and Time: Wed May 27 05:18:18 2026
