IQ-TREE version 3.1.2 for Linux x86 64-bit built May  7 2026
Developed by Bui Quang Minh, Thomas Wong, Nhan Ly-Trong, Huaiyan Ren
Contributed by Lam-Tung Nguyen, Dominik Schrempf, Chris Bielow,
Olga Chernomor, Michael Woodhams, Diep Thi Hoang, Heiko Schmidt

Host:    8084c4e79f09 (AVX512, FMA3, 1133 GB RAM)
Command: /workspace/iqtree-3.1.2-Linux/bin/iqtree3_intel -s /workspace/NeuralNJ/empirical/TarvD7/ENSG00000103148.nuc.ord.aln -st DNA -m GTR+G -T 8 -seed 2201 -pre /workspace/IQTree_8_cores_TarvD7_Results/ENSG00000103148.nuc.ord -quiet
Seed:    2201 (Using SPRNG - Scalable Parallel Random Number Generator)
Time:    Tue May 26 04:10:38 2026
Kernel:  AVX+FMA - 8 threads (384 CPU cores detected)

Reading alignment file /workspace/NeuralNJ/empirical/TarvD7/ENSG00000103148.nuc.ord.aln ... Fasta format detected
Reading fasta file: done in 0.000400066 secs using 16.75% CPU
Alignment most likely contains DNA/RNA sequences
Constructing alignment: done in 0.00230789 secs using 572.5% CPU
Alignment has 22 sequences with 1812 columns, 768 distinct patterns
410 parsimony-informative, 296 singleton sites, 1106 constant sites
                   Gap/Ambiguity  Composition  p-value
Analyzing sequences: done in 1.71661e-05 secs using 139.8% CPU
   1  P001_Platypus       61.59%    failed      0.12%
   2  P004_Tenrec         14.74%    failed      3.59%
   3  P005_Rock_hyrax     24.83%    passed      9.60%
   4  P006_Elephant       36.42%    passed     68.43%
   5  P007_Armadillo      47.85%    failed      0.15%
   6  P014_Alpaca         44.04%    passed     16.63%
   7  P016_Dog            40.40%    passed      6.99%
   8  P017_Cat            36.26%    passed     30.49%
   9  P020_Rabbit         21.19%    passed     59.70%
  10  P021_Pika            7.78%    passed     52.15%
  11  P023_Guinea_pig      5.79%    failed      0.16%
  12  P024_Kangaroo_rat   29.64%    passed     44.61%
  13  P025_Mouse           3.64%    failed      0.68%
  14  P026_Rat             3.64%    failed      3.97%
  15  P028_Bushbaby       30.46%    passed      8.89%
  16  P029_Mouse_lemur     5.96%    passed     64.80%
  17  P031_Marmoset        5.79%    passed     75.88%
  18  P032_Rhesus         12.25%    passed     76.53%
  19  P033_Orangutan      10.60%    passed     93.94%
  20  P034_Gorilla        38.08%    passed     63.61%
  21  P035_Chimp           5.79%    passed     99.93%
  22  P036_Human           5.96%    passed     99.33%
WARNING: 1 sequences contain more than 50% gaps/ambiguity
****  TOTAL               22.40%  6 sequences failed composition chi2 test (p-value<5%; df=3)
Checking for duplicate sequences: done in 7.98702e-05 secs using 762.5% CPU

Create initial parsimony tree by phylogenetic likelihood library (PLL)... 0.001 seconds

NOTE: 2 MB RAM (0 GB) is required!
WARNING: Number of threads seems too high for short alignments. Use -T AUTO to determine best number of threads.
Estimate model parameters (epsilon = 0.100)
1. Initial log-likelihood: -10545.827
2. Current log-likelihood: -9849.729
3. Current log-likelihood: -9817.312
4. Current log-likelihood: -9816.334
Optimal log-likelihood: -9816.312
Rate parameters:  A-C: 0.78064  A-G: 3.90188  A-T: 0.70527  C-G: 0.92891  C-T: 4.94881  G-T: 1.00000
Base frequencies:  A: 0.206  C: 0.326  G: 0.264  T: 0.204
Gamma shape alpha: 0.287
Parameters optimization took 4 rounds (0.053 sec)
Wrote distance file to... 
Computing ML distances based on estimated model parameters...
Calculating distance matrix: done in 0.000244856 secs using 829.5% CPU
Computing ML distances took 0.000304 sec (of wall-clock time) 0.002330 sec (of CPU time)
Setting up auxiliary I and S matrices: done in 6.8903e-05 secs using 1123% CPU
Constructing RapidNJ tree: done in 0.00110006 secs using 891% CPU
Computing RapidNJ tree took 0.001197 sec (of wall-clock time) 0.011142 sec (of CPU time)
Log-likelihood of RapidNJ tree: -9939.909
--------------------------------------------------------------------
|             INITIALIZING CANDIDATE TREE SET                      |
--------------------------------------------------------------------
Generating 98 parsimony trees... 0.111 second
Computing log-likelihood of 98 initial trees ... 0.280 seconds
Current best score: -9816.312

Do NNI search on 20 best initial trees
Estimate model parameters (epsilon = 0.100)
BETTER TREE FOUND at iteration 1: -9801.216
Iteration 10 / LogL: -9801.505 / Time: 0h:0m:0s
Iteration 20 / LogL: -9801.216 / Time: 0h:0m:1s
Finish initializing candidate tree set (5)
Current best tree score: -9801.216 / CPU time: 1.311
Number of iterations: 20
--------------------------------------------------------------------
|               OPTIMIZING CANDIDATE TREE SET                      |
--------------------------------------------------------------------
Iteration 30 / LogL: -9801.217 / Time: 0h:0m:1s (0h:0m:4s left)
Estimate model parameters (epsilon = 0.100)
UPDATE BEST LOG-LIKELIHOOD: -9801.036
Iteration 40 / LogL: -9801.236 / Time: 0h:0m:2s (0h:0m:3s left)
Iteration 50 / LogL: -9801.517 / Time: 0h:0m:2s (0h:0m:3s left)
Iteration 60 / LogL: -9801.253 / Time: 0h:0m:3s (0h:0m:2s left)
Estimate model parameters (epsilon = 0.100)
UPDATE BEST LOG-LIKELIHOOD: -9801.000
Iteration 70 / LogL: -9801.843 / Time: 0h:0m:4s (0h:0m:1s left)
Iteration 80 / LogL: -9801.219 / Time: 0h:0m:4s (0h:0m:1s left)
Iteration 90 / LogL: -9801.171 / Time: 0h:0m:5s (0h:0m:0s left)
Iteration 100 / LogL: -9801.222 / Time: 0h:0m:5s (0h:0m:0s left)
TREE SEARCH COMPLETED AFTER 102 ITERATIONS / Time: 0h:0m:5s

--------------------------------------------------------------------
|                    FINALIZING TREE SEARCH                        |
--------------------------------------------------------------------
Performs final model parameters optimization
Estimate model parameters (epsilon = 0.010)
1. Initial log-likelihood: -9801.000
Optimal log-likelihood: -9800.994
Rate parameters:  A-C: 0.83789  A-G: 4.14573  A-T: 0.73068  C-G: 0.93990  C-T: 5.22030  G-T: 1.00000
Base frequencies:  A: 0.206  C: 0.326  G: 0.264  T: 0.204
Gamma shape alpha: 0.286
Parameters optimization took 1 rounds (0.006 sec)
BEST SCORE FOUND : -9800.994
Total tree length: 2.680

Total number of iterations: 102
CPU time used for tree search: 44.558 sec (0h:0m:44s)
Wall-clock time used for tree search: 5.591 sec (0h:0m:5s)
Total CPU time used: 45.232 sec (0h:0m:45s)
Total wall-clock time used: 5.673 sec (0h:0m:5s)

Analysis results written to: 
  IQ-TREE report:                /workspace/IQTree_8_cores_TarvD7_Results/ENSG00000103148.nuc.ord.iqtree
  Maximum-likelihood tree:       /workspace/IQTree_8_cores_TarvD7_Results/ENSG00000103148.nuc.ord.treefile
  Likelihood distances:          /workspace/IQTree_8_cores_TarvD7_Results/ENSG00000103148.nuc.ord.mldist
  Screen log file:               /workspace/IQTree_8_cores_TarvD7_Results/ENSG00000103148.nuc.ord.log

Date and Time: Tue May 26 04:10:44 2026
