IQ-TREE version 3.1.2 for Linux x86 64-bit built May  7 2026
Developed by Bui Quang Minh, Thomas Wong, Nhan Ly-Trong, Huaiyan Ren
Contributed by Lam-Tung Nguyen, Dominik Schrempf, Chris Bielow,
Olga Chernomor, Michael Woodhams, Diep Thi Hoang, Heiko Schmidt

Host:    8084c4e79f09 (AVX512, FMA3, 1133 GB RAM)
Command: /workspace/iqtree-3.1.2-Linux/bin/iqtree3_intel -s /workspace/NeuralNJ/empirical/TarvD7/ENSG00000203784.nuc.ord.aln -st DNA -m GTR+G -T 8 -seed 2201 -pre /workspace/IQTree_8_cores_TarvD7_Results/ENSG00000203784.nuc.ord -quiet
Seed:    2201 (Using SPRNG - Scalable Parallel Random Number Generator)
Time:    Wed May 27 12:30:05 2026
Kernel:  AVX+FMA - 8 threads (384 CPU cores detected)

Reading alignment file /workspace/NeuralNJ/empirical/TarvD7/ENSG00000203784.nuc.ord.aln ... Fasta format detected
Reading fasta file: done in 0.000179052 secs using 22.34% CPU
Alignment most likely contains DNA/RNA sequences
Constructing alignment: done in 0.000903845 secs using 499.3% CPU
Alignment has 22 sequences with 462 columns, 350 distinct patterns
158 parsimony-informative, 116 singleton sites, 188 constant sites
                 Gap/Ambiguity  Composition  p-value
Analyzing sequences: done in 1.69277e-05 secs using 100.4% CPU
   1  P002_Opossum      50.00%    passed     24.34%
   2  P003_Wallaby      38.96%    passed     37.62%
   3  P004_Tenrec       28.57%    passed     25.39%
   4  P007_Armadillo    29.87%    passed     74.61%
   5  P012_Cow          28.57%    passed     71.45%
   6  P014_Alpaca       36.36%    passed     79.60%
   7  P015_Horse        43.51%    passed     25.40%
   8  P016_Dog          38.96%    passed     61.36%
   9  P018_Megabat      37.66%    failed      2.06%
  10  P019_Microbat     37.01%    passed     56.96%
  11  P020_Rabbit       38.96%    passed     48.26%
  12  P021_Pika         38.96%    passed     69.28%
  13  P022_Squirrel     37.01%    passed     65.86%
  14  P023_Guinea_pig   37.01%    passed     60.77%
  15  P025_Mouse        22.08%    passed      7.18%
  16  P026_Rat          41.56%    passed     21.66%
  17  P031_Marmoset     36.36%    passed     92.91%
  18  P032_Rhesus       38.96%    passed     98.72%
  19  P033_Orangutan    36.36%    passed     96.09%
  20  P034_Gorilla      36.36%    passed     99.21%
  21  P035_Chimp        36.36%    passed     96.09%
  22  P036_Human        36.36%    passed     88.76%
****  TOTAL             36.63%  1 sequences failed composition chi2 test (p-value<5%; df=3)
Checking for duplicate sequences: done in 9.20296e-05 secs using 816% CPU

Create initial parsimony tree by phylogenetic likelihood library (PLL)... 0.001 seconds

NOTE: 1 MB RAM (0 GB) is required!
WARNING: Number of threads seems too high for short alignments. Use -T AUTO to determine best number of threads.
Estimate model parameters (epsilon = 0.100)
1. Initial log-likelihood: -3689.933
2. Current log-likelihood: -3514.510
3. Current log-likelihood: -3512.131
Optimal log-likelihood: -3512.086
Rate parameters:  A-C: 1.21481  A-G: 4.07348  A-T: 1.78330  C-G: 0.93221  C-T: 3.29547  G-T: 1.00000
Base frequencies:  A: 0.250  C: 0.370  G: 0.200  T: 0.180
Gamma shape alpha: 0.800
Parameters optimization took 3 rounds (0.043 sec)
Wrote distance file to... 
Computing ML distances based on estimated model parameters...
Calculating distance matrix: done in 0.00028801 secs using 807.3% CPU
Computing ML distances took 0.000342 sec (of wall-clock time) 0.002549 sec (of CPU time)
Setting up auxiliary I and S matrices: done in 7.29561e-05 secs using 1118% CPU
Constructing RapidNJ tree: done in 0.001055 secs using 678.8% CPU
Computing RapidNJ tree took 0.001154 sec (of wall-clock time) 0.008283 sec (of CPU time)
Log-likelihood of RapidNJ tree: -3557.554
--------------------------------------------------------------------
|             INITIALIZING CANDIDATE TREE SET                      |
--------------------------------------------------------------------
Generating 98 parsimony trees... 0.059 second
Computing log-likelihood of 98 initial trees ... 0.210 seconds
Current best score: -3512.086

Do NNI search on 20 best initial trees
Estimate model parameters (epsilon = 0.100)
BETTER TREE FOUND at iteration 1: -3506.945
Estimate model parameters (epsilon = 0.100)
BETTER TREE FOUND at iteration 2: -3500.698
Estimate model parameters (epsilon = 0.100)
BETTER TREE FOUND at iteration 5: -3499.512
Iteration 10 / LogL: -3506.206 / Time: 0h:0m:0s
Iteration 20 / LogL: -3505.385 / Time: 0h:0m:1s
Finish initializing candidate tree set (14)
Current best tree score: -3499.512 / CPU time: 1.358
Number of iterations: 20
--------------------------------------------------------------------
|               OPTIMIZING CANDIDATE TREE SET                      |
--------------------------------------------------------------------
Iteration 30 / LogL: -3499.827 / Time: 0h:0m:1s (0h:0m:5s left)
Iteration 40 / LogL: -3499.618 / Time: 0h:0m:2s (0h:0m:4s left)
Iteration 50 / LogL: -3499.898 / Time: 0h:0m:3s (0h:0m:3s left)
Iteration 60 / LogL: -3499.778 / Time: 0h:0m:3s (0h:0m:2s left)
Estimate model parameters (epsilon = 0.100)
BETTER TREE FOUND at iteration 62: -3498.662
Iteration 70 / LogL: -3499.465 / Time: 0h:0m:4s (0h:0m:5s left)
UPDATE BEST LOG-LIKELIHOOD: -3498.662
Iteration 80 / LogL: -3499.352 / Time: 0h:0m:4s (0h:0m:4s left)
Iteration 90 / LogL: -3498.688 / Time: 0h:0m:5s (0h:0m:4s left)
Iteration 100 / LogL: -3498.680 / Time: 0h:0m:5s (0h:0m:3s left)
Iteration 110 / LogL: -3499.465 / Time: 0h:0m:6s (0h:0m:2s left)
Iteration 120 / LogL: -3499.664 / Time: 0h:0m:6s (0h:0m:2s left)
Iteration 130 / LogL: -3498.663 / Time: 0h:0m:7s (0h:0m:1s left)
Iteration 140 / LogL: -3499.342 / Time: 0h:0m:7s (0h:0m:1s left)
Iteration 150 / LogL: -3499.468 / Time: 0h:0m:8s (0h:0m:0s left)
Iteration 160 / LogL: -3499.339 / Time: 0h:0m:8s (0h:0m:0s left)
TREE SEARCH COMPLETED AFTER 163 ITERATIONS / Time: 0h:0m:9s

--------------------------------------------------------------------
|                    FINALIZING TREE SEARCH                        |
--------------------------------------------------------------------
Performs final model parameters optimization
Estimate model parameters (epsilon = 0.010)
1. Initial log-likelihood: -3498.662
Optimal log-likelihood: -3498.662
Rate parameters:  A-C: 1.13397  A-G: 4.14314  A-T: 1.74073  C-G: 0.98733  C-T: 3.37935  G-T: 1.00000
Base frequencies:  A: 0.250  C: 0.370  G: 0.200  T: 0.180
Gamma shape alpha: 0.776
Parameters optimization took 1 rounds (0.004 sec)
BEST SCORE FOUND : -3498.662
Total tree length: 4.010

Total number of iterations: 163
CPU time used for tree search: 66.628 sec (0h:1m:6s)
Wall-clock time used for tree search: 9.128 sec (0h:0m:9s)
Total CPU time used: 67.140 sec (0h:1m:7s)
Total wall-clock time used: 9.200 sec (0h:0m:9s)

Analysis results written to: 
  IQ-TREE report:                /workspace/IQTree_8_cores_TarvD7_Results/ENSG00000203784.nuc.ord.iqtree
  Maximum-likelihood tree:       /workspace/IQTree_8_cores_TarvD7_Results/ENSG00000203784.nuc.ord.treefile
  Likelihood distances:          /workspace/IQTree_8_cores_TarvD7_Results/ENSG00000203784.nuc.ord.mldist
  Screen log file:               /workspace/IQTree_8_cores_TarvD7_Results/ENSG00000203784.nuc.ord.log

Date and Time: Wed May 27 12:30:14 2026
