IQ-TREE version 3.1.2 for Linux x86 64-bit built May  7 2026
Developed by Bui Quang Minh, Thomas Wong, Nhan Ly-Trong, Huaiyan Ren
Contributed by Lam-Tung Nguyen, Dominik Schrempf, Chris Bielow,
Olga Chernomor, Michael Woodhams, Diep Thi Hoang, Heiko Schmidt

Host:    8084c4e79f09 (AVX512, FMA3, 1133 GB RAM)
Command: /workspace/iqtree-3.1.2-Linux/bin/iqtree3_intel -s /workspace/NeuralNJ/empirical/TarvD7/ENSG00000175213.nuc.ord.aln -st DNA -m GTR+G -T 8 -seed 2201 -pre /workspace/IQTree_8_cores_TarvD7_Results/ENSG00000175213.nuc.ord -quiet
Seed:    2201 (Using SPRNG - Scalable Parallel Random Number Generator)
Time:    Wed May 27 06:56:10 2026
Kernel:  AVX+FMA - 8 threads (384 CPU cores detected)

Reading alignment file /workspace/NeuralNJ/empirical/TarvD7/ENSG00000175213.nuc.ord.aln ... Fasta format detected
Reading fasta file: done in 0.000767946 secs using 80.21% CPU
Alignment most likely contains DNA/RNA sequences
Constructing alignment: done in 0.00360394 secs using 704.5% CPU
Alignment has 28 sequences with 2592 columns, 1670 distinct patterns
1018 parsimony-informative, 518 singleton sites, 1056 constant sites
                   Gap/Ambiguity  Composition  p-value
Analyzing sequences: done in 5.60284e-05 secs using 540.8% CPU
   1  P002_Opossum        23.61%    passed     82.70%
   2  P004_Tenrec         37.15%    passed      5.75%
   3  P005_Rock_hyrax     17.13%    passed     57.10%
   4  P007_Armadillo      39.24%    passed     27.68%
   5  P008_Sloth          54.17%    passed     68.47%
   6  P009_Hedgehog       25.46%    passed      5.24%
   7  P011_Dolphin        55.32%    passed     39.61%
   8  P012_Cow            16.78%    failed      0.00%
   9  P014_Alpaca         29.63%    passed     84.27%
  10  P015_Horse          12.38%    passed     56.49%
  11  P016_Dog            15.62%    passed     22.05%
  12  P017_Cat            16.78%    passed     84.42%
  13  P018_Megabat        17.59%    passed     80.02%
  14  P019_Microbat       63.19%    passed     12.82%
  15  P020_Rabbit         44.44%    failed      0.09%
  16  P021_Pika           27.20%    failed      0.02%
  17  P022_Squirrel       37.27%    failed      2.50%
  18  P024_Kangaroo_rat   20.49%    passed     85.07%
  19  P025_Mouse          17.82%    failed      0.08%
  20  P027_Tree_shrew     46.41%    passed     13.75%
  21  P029_Mouse_lemur    37.27%    passed     70.68%
  22  P030_Tarsier        29.63%    passed     62.38%
  23  P031_Marmoset       16.67%    passed     73.38%
  24  P032_Rhesus         16.78%    passed     89.69%
  25  P033_Orangutan      17.59%    passed     80.07%
  26  P034_Gorilla        26.04%    passed     70.34%
  27  P035_Chimp          16.67%    passed     75.44%
  28  P036_Human          16.67%    passed     74.63%
WARNING: 3 sequences contain more than 50% gaps/ambiguity
****  TOTAL               28.39%  5 sequences failed composition chi2 test (p-value<5%; df=3)
Checking for duplicate sequences: done in 0.000134945 secs using 810% CPU

Create initial parsimony tree by phylogenetic likelihood library (PLL)... 0.003 seconds

NOTE: 6 MB RAM (0 GB) is required!
Estimate model parameters (epsilon = 0.100)
1. Initial log-likelihood: -24236.925
2. Current log-likelihood: -22856.491
3. Current log-likelihood: -22833.708
4. Current log-likelihood: -22833.396
Optimal log-likelihood: -22833.377
Rate parameters:  A-C: 1.39616  A-G: 4.65313  A-T: 1.33387  C-G: 0.83821  C-T: 4.80681  G-T: 1.00000
Base frequencies:  A: 0.195  C: 0.331  G: 0.306  T: 0.169
Gamma shape alpha: 0.759
Parameters optimization took 4 rounds (0.109 sec)
Wrote distance file to... 
Computing ML distances based on estimated model parameters...
Calculating distance matrix: done in 0.000424147 secs using 817.6% CPU
Computing ML distances took 0.000561 sec (of wall-clock time) 0.004248 sec (of CPU time)
Setting up auxiliary I and S matrices: done in 0.000116825 secs using 1235% CPU
Constructing RapidNJ tree: done in 0.00195694 secs using 714.4% CPU
Computing RapidNJ tree took 0.002139 sec (of wall-clock time) 0.018419 sec (of CPU time)
Log-likelihood of RapidNJ tree: -23019.428
--------------------------------------------------------------------
|             INITIALIZING CANDIDATE TREE SET                      |
--------------------------------------------------------------------
Generating 98 parsimony trees... 0.288 second
Computing log-likelihood of 98 initial trees ... 0.490 seconds
Current best score: -22833.377

Do NNI search on 20 best initial trees
Estimate model parameters (epsilon = 0.100)
BETTER TREE FOUND at iteration 1: -22780.651
Iteration 10 / LogL: -22780.671 / Time: 0h:0m:1s
Estimate model parameters (epsilon = 0.100)
BETTER TREE FOUND at iteration 16: -22779.344
Iteration 20 / LogL: -22780.850 / Time: 0h:0m:2s
Finish initializing candidate tree set (7)
Current best tree score: -22779.344 / CPU time: 2.563
Number of iterations: 20
--------------------------------------------------------------------
|               OPTIMIZING CANDIDATE TREE SET                      |
--------------------------------------------------------------------
Iteration 30 / LogL: -22781.774 / Time: 0h:0m:3s (0h:0m:11s left)
Iteration 40 / LogL: -22779.408 / Time: 0h:0m:4s (0h:0m:9s left)
Iteration 50 / LogL: -22780.719 / Time: 0h:0m:5s (0h:0m:7s left)
Iteration 60 / LogL: -22779.396 / Time: 0h:0m:6s (0h:0m:6s left)
Iteration 70 / LogL: -22784.589 / Time: 0h:0m:7s (0h:0m:4s left)
Iteration 80 / LogL: -22781.742 / Time: 0h:0m:8s (0h:0m:3s left)
Iteration 90 / LogL: -22780.784 / Time: 0h:0m:9s (0h:0m:2s left)
Iteration 100 / LogL: -22780.687 / Time: 0h:0m:9s (0h:0m:1s left)
Iteration 110 / LogL: -22780.699 / Time: 0h:0m:10s (0h:0m:0s left)
TREE SEARCH COMPLETED AFTER 117 ITERATIONS / Time: 0h:0m:11s

--------------------------------------------------------------------
|                    FINALIZING TREE SEARCH                        |
--------------------------------------------------------------------
Performs final model parameters optimization
Estimate model parameters (epsilon = 0.010)
1. Initial log-likelihood: -22779.344
Optimal log-likelihood: -22779.336
Rate parameters:  A-C: 1.38539  A-G: 4.69703  A-T: 1.33624  C-G: 0.83366  C-T: 4.86803  G-T: 1.00000
Base frequencies:  A: 0.195  C: 0.331  G: 0.306  T: 0.169
Gamma shape alpha: 0.764
Parameters optimization took 1 rounds (0.013 sec)
BEST SCORE FOUND : -22779.336
Total tree length: 3.616

Total number of iterations: 117
CPU time used for tree search: 88.561 sec (0h:1m:28s)
Wall-clock time used for tree search: 11.275 sec (0h:0m:11s)
Total CPU time used: 90.541 sec (0h:1m:30s)
Total wall-clock time used: 11.516 sec (0h:0m:11s)

Analysis results written to: 
  IQ-TREE report:                /workspace/IQTree_8_cores_TarvD7_Results/ENSG00000175213.nuc.ord.iqtree
  Maximum-likelihood tree:       /workspace/IQTree_8_cores_TarvD7_Results/ENSG00000175213.nuc.ord.treefile
  Likelihood distances:          /workspace/IQTree_8_cores_TarvD7_Results/ENSG00000175213.nuc.ord.mldist
  Screen log file:               /workspace/IQTree_8_cores_TarvD7_Results/ENSG00000175213.nuc.ord.log

Date and Time: Wed May 27 06:56:22 2026
