IQ-TREE version 3.1.2 for Linux x86 64-bit built May  7 2026
Developed by Bui Quang Minh, Thomas Wong, Nhan Ly-Trong, Huaiyan Ren
Contributed by Lam-Tung Nguyen, Dominik Schrempf, Chris Bielow,
Olga Chernomor, Michael Woodhams, Diep Thi Hoang, Heiko Schmidt

Host:    8084c4e79f09 (AVX512, FMA3, 1133 GB RAM)
Command: /workspace/iqtree-3.1.2-Linux/bin/iqtree3_intel -s /workspace/NeuralNJ/empirical/TarvD7/ENSG00000140284.nuc.ord.aln -st DNA -m GTR+G -T 8 -seed 2201 -pre /workspace/IQTree_8_cores_TarvD7_Results/ENSG00000140284.nuc.ord -quiet
Seed:    2201 (Using SPRNG - Scalable Parallel Random Number Generator)
Time:    Tue May 26 17:13:45 2026
Kernel:  AVX+FMA - 8 threads (384 CPU cores detected)

Reading alignment file /workspace/NeuralNJ/empirical/TarvD7/ENSG00000140284.nuc.ord.aln ... Fasta format detected
Reading fasta file: done in 0.000721931 secs using 94.61% CPU
Alignment most likely contains DNA/RNA sequences
Constructing alignment: done in 0.00266981 secs using 680.1% CPU
Alignment has 33 sequences with 1920 columns, 1247 distinct patterns
827 parsimony-informative, 365 singleton sites, 728 constant sites
                   Gap/Ambiguity  Composition  p-value
Analyzing sequences: done in 2.98023e-05 secs using 560.4% CPU
   1  P001_Platypus       26.25%    failed      0.00%
   2  P002_Opossum         3.12%    passed     51.52%
   3  P003_Wallaby        39.84%    failed      0.05%
   4  P005_Rock_hyrax     16.56%    failed      0.00%
   5  P006_Elephant       13.44%    passed     42.64%
   6  P007_Armadillo      15.16%    passed     92.55%
   7  P008_Sloth           3.12%    passed     70.01%
   8  P009_Hedgehog        3.12%    passed     31.91%
   9  P011_Dolphin         7.81%    passed     96.53%
  10  P012_Cow             2.50%    passed     87.29%
  11  P013_Pig             3.12%    passed     97.84%
  12  P014_Alpaca         33.59%    failed      0.00%
  13  P015_Horse           2.66%    passed     90.57%
  14  P016_Dog             3.12%    passed     96.90%
  15  P017_Cat            41.41%    failed      0.00%
  16  P018_Megabat        14.22%    passed     74.94%
  17  P019_Microbat       30.94%    passed      7.10%
  18  P020_Rabbit         18.12%    passed      9.23%
  19  P021_Pika           36.88%    passed     52.96%
  20  P023_Guinea_pig      2.97%    failed      0.00%
  21  P024_Kangaroo_rat   49.22%    passed     27.01%
  22  P025_Mouse           3.12%    failed      0.80%
  23  P026_Rat             3.12%    passed      9.52%
  24  P027_Tree_shrew     28.28%    passed      5.80%
  25  P028_Bushbaby       21.25%    passed     54.66%
  26  P029_Mouse_lemur     5.62%    passed     94.95%
  27  P030_Tarsier        29.06%    failed      0.01%
  28  P031_Marmoset        3.28%    passed     93.54%
  29  P032_Rhesus          3.12%    passed     94.47%
  30  P033_Orangutan       3.12%    passed     91.71%
  31  P034_Gorilla         9.53%    passed     93.58%
  32  P035_Chimp           3.12%    passed     94.16%
  33  P036_Human           3.12%    passed     93.67%
****  TOTAL               14.64%  8 sequences failed composition chi2 test (p-value<5%; df=3)
Checking for duplicate sequences: done in 0.000133991 secs using 785.1% CPU

Create initial parsimony tree by phylogenetic likelihood library (PLL)... 0.002 seconds

NOTE: 5 MB RAM (0 GB) is required!
Estimate model parameters (epsilon = 0.100)
1. Initial log-likelihood: -20940.300
2. Current log-likelihood: -19942.970
3. Current log-likelihood: -19934.556
Optimal log-likelihood: -19934.498
Rate parameters:  A-C: 1.90317  A-G: 4.85793  A-T: 1.09570  C-G: 1.90181  C-T: 5.94877  G-T: 1.00000
Base frequencies:  A: 0.267  C: 0.232  G: 0.257  T: 0.244
Gamma shape alpha: 0.600
Parameters optimization took 3 rounds (0.059 sec)
Wrote distance file to... 
Computing ML distances based on estimated model parameters...
Calculating distance matrix: done in 0.000584841 secs using 830.8% CPU
Computing ML distances took 0.000685 sec (of wall-clock time) 0.005409 sec (of CPU time)
Setting up auxiliary I and S matrices: done in 8.79765e-05 secs using 1176% CPU
Constructing RapidNJ tree: done in 0.00176406 secs using 898.7% CPU
Computing RapidNJ tree took 0.001895 sec (of wall-clock time) 0.017585 sec (of CPU time)
Log-likelihood of RapidNJ tree: -20132.203
--------------------------------------------------------------------
|             INITIALIZING CANDIDATE TREE SET                      |
--------------------------------------------------------------------
Generating 98 parsimony trees... 0.291 second
Computing log-likelihood of 98 initial trees ... 0.435 seconds
Current best score: -19934.498

Do NNI search on 20 best initial trees
Estimate model parameters (epsilon = 0.100)
BETTER TREE FOUND at iteration 1: -19922.724
Estimate model parameters (epsilon = 0.100)
BETTER TREE FOUND at iteration 2: -19916.681
Iteration 10 / LogL: -19923.381 / Time: 0h:0m:1s
Iteration 20 / LogL: -19919.527 / Time: 0h:0m:2s
Finish initializing candidate tree set (10)
Current best tree score: -19916.681 / CPU time: 1.925
Number of iterations: 20
--------------------------------------------------------------------
|               OPTIMIZING CANDIDATE TREE SET                      |
--------------------------------------------------------------------
Estimate model parameters (epsilon = 0.100)
BETTER TREE FOUND at iteration 27: -19907.869
Iteration 30 / LogL: -19916.702 / Time: 0h:0m:2s (0h:0m:9s left)
Iteration 40 / LogL: -19908.333 / Time: 0h:0m:3s (0h:0m:8s left)
Iteration 50 / LogL: -19907.916 / Time: 0h:0m:4s (0h:0m:7s left)
Iteration 60 / LogL: -19908.024 / Time: 0h:0m:5s (0h:0m:6s left)
Iteration 70 / LogL: -19910.028 / Time: 0h:0m:6s (0h:0m:5s left)
Iteration 80 / LogL: -19908.210 / Time: 0h:0m:7s (0h:0m:4s left)
Iteration 90 / LogL: -19908.345 / Time: 0h:0m:8s (0h:0m:3s left)
Iteration 100 / LogL: -19909.515 / Time: 0h:0m:9s (0h:0m:2s left)
Iteration 110 / LogL: -19908.006 / Time: 0h:0m:9s (0h:0m:1s left)
Iteration 120 / LogL: -19914.140 / Time: 0h:0m:10s (0h:0m:0s left)
TREE SEARCH COMPLETED AFTER 128 ITERATIONS / Time: 0h:0m:11s

--------------------------------------------------------------------
|                    FINALIZING TREE SEARCH                        |
--------------------------------------------------------------------
Performs final model parameters optimization
Estimate model parameters (epsilon = 0.010)
1. Initial log-likelihood: -19907.869
Optimal log-likelihood: -19907.867
Rate parameters:  A-C: 1.90431  A-G: 4.83672  A-T: 1.09589  C-G: 1.90076  C-T: 5.95096  G-T: 1.00000
Base frequencies:  A: 0.267  C: 0.232  G: 0.257  T: 0.244
Gamma shape alpha: 0.600
Parameters optimization took 1 rounds (0.011 sec)
BEST SCORE FOUND : -19907.867
Total tree length: 3.228

Total number of iterations: 128
CPU time used for tree search: 89.971 sec (0h:1m:29s)
Wall-clock time used for tree search: 11.432 sec (0h:0m:11s)
Total CPU time used: 90.764 sec (0h:1m:30s)
Total wall-clock time used: 11.531 sec (0h:0m:11s)

Analysis results written to: 
  IQ-TREE report:                /workspace/IQTree_8_cores_TarvD7_Results/ENSG00000140284.nuc.ord.iqtree
  Maximum-likelihood tree:       /workspace/IQTree_8_cores_TarvD7_Results/ENSG00000140284.nuc.ord.treefile
  Likelihood distances:          /workspace/IQTree_8_cores_TarvD7_Results/ENSG00000140284.nuc.ord.mldist
  Screen log file:               /workspace/IQTree_8_cores_TarvD7_Results/ENSG00000140284.nuc.ord.log

Date and Time: Tue May 26 17:13:56 2026
