IQ-TREE version 3.1.2 for Linux x86 64-bit built May  7 2026
Developed by Bui Quang Minh, Thomas Wong, Nhan Ly-Trong, Huaiyan Ren
Contributed by Lam-Tung Nguyen, Dominik Schrempf, Chris Bielow,
Olga Chernomor, Michael Woodhams, Diep Thi Hoang, Heiko Schmidt

Host:    8084c4e79f09 (AVX512, FMA3, 1133 GB RAM)
Command: /workspace/iqtree-3.1.2-Linux/bin/iqtree3_intel -s /workspace/NeuralNJ/empirical/TarvD7/ENSG00000130150.nuc.ord.aln -st DNA -m GTR+G -T 8 -seed 2201 -pre /workspace/IQTree_8_cores_TarvD7_Results/ENSG00000130150.nuc.ord -quiet
Seed:    2201 (Using SPRNG - Scalable Parallel Random Number Generator)
Time:    Tue May 26 12:48:57 2026
Kernel:  AVX+FMA - 8 threads (384 CPU cores detected)

Reading alignment file /workspace/NeuralNJ/empirical/TarvD7/ENSG00000130150.nuc.ord.aln ... Fasta format detected
Reading fasta file: done in 0.000482082 secs using 27.59% CPU
Alignment most likely contains DNA/RNA sequences
Constructing alignment: done in 0.0020709 secs using 802.6% CPU
Alignment has 33 sequences with 1569 columns, 958 distinct patterns
602 parsimony-informative, 234 singleton sites, 733 constant sites
                   Gap/Ambiguity  Composition  p-value
Analyzing sequences: done in 3.29018e-05 secs using 231% CPU
   1  P001_Platypus        0.76%    passed     24.21%
   2  P002_Opossum        11.47%    failed      1.73%
   3  P003_Wallaby        56.02%    passed     29.73%
   4  P004_Tenrec          4.78%    failed      3.94%
   5  P005_Rock_hyrax      9.18%    passed     80.60%
   6  P006_Elephant       21.61%    passed     97.08%
   7  P008_Sloth          63.48%    passed     83.20%
   8  P009_Hedgehog       18.16%    passed     64.24%
   9  P010_Common_shrew   35.76%    passed      5.93%
  10  P011_Dolphin         0.96%    passed     96.18%
  11  P013_Pig             0.96%    passed     95.50%
  12  P014_Alpaca          8.80%    passed     82.30%
  13  P015_Horse           1.15%    passed     90.97%
  14  P016_Dog             4.59%    passed     70.04%
  15  P017_Cat            34.23%    passed     95.40%
  16  P018_Megabat         1.72%    passed     98.16%
  17  P019_Microbat       30.78%    passed     82.92%
  18  P020_Rabbit         16.63%    passed     53.77%
  19  P022_Squirrel       48.37%    passed     36.11%
  20  P023_Guinea_pig      1.34%    passed     94.30%
  21  P024_Kangaroo_rat   15.30%    passed     67.90%
  22  P025_Mouse           0.96%    passed     76.35%
  23  P026_Rat             0.96%    passed     68.95%
  24  P027_Tree_shrew     38.24%    passed     93.28%
  25  P028_Bushbaby        9.75%    passed     99.05%
  26  P029_Mouse_lemur    10.90%    passed     33.96%
  27  P030_Tarsier        20.08%    passed     57.82%
  28  P031_Marmoset        0.96%    passed     92.90%
  29  P032_Rhesus         13.00%    passed     91.69%
  30  P033_Orangutan       0.96%    passed     95.12%
  31  P034_Gorilla        37.86%    passed     48.70%
  32  P035_Chimp           0.96%    passed     85.61%
  33  P036_Human           0.96%    passed     87.24%
WARNING: 2 sequences contain more than 50% gaps/ambiguity
****  TOTAL               15.81%  2 sequences failed composition chi2 test (p-value<5%; df=3)
Checking for duplicate sequences: done in 0.000121117 secs using 779.4% CPU

Create initial parsimony tree by phylogenetic likelihood library (PLL)... 0.002 seconds

NOTE: 4 MB RAM (0 GB) is required!
Estimate model parameters (epsilon = 0.100)
1. Initial log-likelihood: -13757.521
2. Current log-likelihood: -12948.817
3. Current log-likelihood: -12941.665
Optimal log-likelihood: -12941.592
Rate parameters:  A-C: 1.54173  A-G: 4.05771  A-T: 0.65091  C-G: 1.39762  C-T: 5.79751  G-T: 1.00000
Base frequencies:  A: 0.334  C: 0.187  G: 0.219  T: 0.260
Gamma shape alpha: 0.485
Parameters optimization took 3 rounds (0.071 sec)
Wrote distance file to... 
Computing ML distances based on estimated model parameters...
Calculating distance matrix: done in 0.000492096 secs using 775.3% CPU
Computing ML distances took 0.000577 sec (of wall-clock time) 0.004402 sec (of CPU time)
Setting up auxiliary I and S matrices: done in 0.000139236 secs using 1296% CPU
Constructing RapidNJ tree: done in 0.00166297 secs using 679% CPU
Computing RapidNJ tree took 0.001878 sec (of wall-clock time) 0.013763 sec (of CPU time)
Log-likelihood of RapidNJ tree: -13073.035
--------------------------------------------------------------------
|             INITIALIZING CANDIDATE TREE SET                      |
--------------------------------------------------------------------
Generating 98 parsimony trees... 0.229 second
Computing log-likelihood of 98 initial trees ... 0.463 seconds
Current best score: -12941.592

Do NNI search on 20 best initial trees
Estimate model parameters (epsilon = 0.100)
BETTER TREE FOUND at iteration 1: -12934.417
Estimate model parameters (epsilon = 0.100)
BETTER TREE FOUND at iteration 2: -12932.827
Iteration 10 / LogL: -12932.847 / Time: 0h:0m:1s
Iteration 20 / LogL: -12932.847 / Time: 0h:0m:1s
Finish initializing candidate tree set (2)
Current best tree score: -12932.827 / CPU time: 1.814
Number of iterations: 20
--------------------------------------------------------------------
|               OPTIMIZING CANDIDATE TREE SET                      |
--------------------------------------------------------------------
Iteration 30 / LogL: -12936.156 / Time: 0h:0m:2s (0h:0m:6s left)
Iteration 40 / LogL: -12934.573 / Time: 0h:0m:3s (0h:0m:5s left)
UPDATE BEST LOG-LIKELIHOOD: -12932.825
Iteration 50 / LogL: -12932.900 / Time: 0h:0m:4s (0h:0m:4s left)
Iteration 60 / LogL: -12934.156 / Time: 0h:0m:5s (0h:0m:3s left)
Iteration 70 / LogL: -12937.716 / Time: 0h:0m:6s (0h:0m:2s left)
Iteration 80 / LogL: -12933.209 / Time: 0h:0m:6s (0h:0m:1s left)
Iteration 90 / LogL: -12932.828 / Time: 0h:0m:7s (0h:0m:1s left)
Iteration 100 / LogL: -12932.838 / Time: 0h:0m:8s (0h:0m:0s left)
TREE SEARCH COMPLETED AFTER 103 ITERATIONS / Time: 0h:0m:8s

--------------------------------------------------------------------
|                    FINALIZING TREE SEARCH                        |
--------------------------------------------------------------------
Performs final model parameters optimization
Estimate model parameters (epsilon = 0.010)
1. Initial log-likelihood: -12932.825
2. Current log-likelihood: -12932.808
Optimal log-likelihood: -12932.808
Rate parameters:  A-C: 1.54682  A-G: 4.08753  A-T: 0.65790  C-G: 1.35186  C-T: 5.82961  G-T: 1.00000
Base frequencies:  A: 0.334  C: 0.187  G: 0.219  T: 0.260
Gamma shape alpha: 0.487
Parameters optimization took 2 rounds (0.019 sec)
BEST SCORE FOUND : -12932.808
Total tree length: 2.264

Total number of iterations: 103
CPU time used for tree search: 68.588 sec (0h:1m:8s)
Wall-clock time used for tree search: 8.650 sec (0h:0m:8s)
Total CPU time used: 69.558 sec (0h:1m:9s)
Total wall-clock time used: 8.771 sec (0h:0m:8s)

Analysis results written to: 
  IQ-TREE report:                /workspace/IQTree_8_cores_TarvD7_Results/ENSG00000130150.nuc.ord.iqtree
  Maximum-likelihood tree:       /workspace/IQTree_8_cores_TarvD7_Results/ENSG00000130150.nuc.ord.treefile
  Likelihood distances:          /workspace/IQTree_8_cores_TarvD7_Results/ENSG00000130150.nuc.ord.mldist
  Screen log file:               /workspace/IQTree_8_cores_TarvD7_Results/ENSG00000130150.nuc.ord.log

Date and Time: Tue May 26 12:49:06 2026
