IQ-TREE version 3.1.2 for Linux x86 64-bit built May  7 2026
Developed by Bui Quang Minh, Thomas Wong, Nhan Ly-Trong, Huaiyan Ren
Contributed by Lam-Tung Nguyen, Dominik Schrempf, Chris Bielow,
Olga Chernomor, Michael Woodhams, Diep Thi Hoang, Heiko Schmidt

Host:    8084c4e79f09 (AVX512, FMA3, 1133 GB RAM)
Command: /workspace/iqtree-3.1.2-Linux/bin/iqtree3_intel -s /workspace/NeuralNJ/empirical/TarvD7/ENSG00000162607.nuc.ord.aln -st DNA -m GTR+G -T 8 -seed 2201 -pre /workspace/IQTree_8_cores_TarvD7_Results/ENSG00000162607.nuc.ord -quiet
Seed:    2201 (Using SPRNG - Scalable Parallel Random Number Generator)
Time:    Wed May 27 00:13:10 2026
Kernel:  AVX+FMA - 8 threads (384 CPU cores detected)

Reading alignment file /workspace/NeuralNJ/empirical/TarvD7/ENSG00000162607.nuc.ord.aln ... Fasta format detected
Reading fasta file: done in 0.000792027 secs using 77.02% CPU
Alignment most likely contains DNA/RNA sequences
Constructing alignment: done in 0.00352597 secs using 690.4% CPU
Alignment has 34 sequences with 2544 columns, 1496 distinct patterns
950 parsimony-informative, 432 singleton sites, 1162 constant sites
                   Gap/Ambiguity  Composition  p-value
Analyzing sequences: done in 3.88622e-05 secs using 288.2% CPU
   1  P002_Opossum         6.01%    failed      0.00%
   2  P003_Wallaby        15.09%    failed      0.00%
   3  P004_Tenrec         25.83%    passed     16.06%
   4  P005_Rock_hyrax     14.27%    passed     90.71%
   5  P006_Elephant       31.25%    passed     31.14%
   6  P007_Armadillo      30.90%    failed      3.46%
   7  P008_Sloth          31.60%    passed     13.07%
   8  P009_Hedgehog       29.13%    passed     53.29%
   9  P010_Common_shrew   15.21%    passed     81.66%
  10  P011_Dolphin         8.02%    passed     31.42%
  11  P012_Cow             7.67%    passed     25.22%
  12  P013_Pig             7.55%    passed     47.61%
  13  P014_Alpaca          7.90%    passed     91.79%
  14  P015_Horse          14.27%    passed     91.89%
  15  P016_Dog             7.43%    passed     57.47%
  16  P017_Cat            63.92%    passed      7.24%
  17  P018_Megabat         8.25%    passed     39.39%
  18  P019_Microbat       35.02%    failed      2.65%
  19  P020_Rabbit         16.39%    passed     41.29%
  20  P021_Pika           14.03%    passed     92.73%
  21  P022_Squirrel       27.12%    passed     12.72%
  22  P023_Guinea_pig     10.61%    failed      0.00%
  23  P024_Kangaroo_rat    9.79%    passed     14.04%
  24  P025_Mouse           7.55%    failed      0.46%
  25  P026_Rat             7.55%    failed      1.83%
  26  P027_Tree_shrew     17.33%    passed     76.82%
  27  P028_Bushbaby       22.05%    passed     99.81%
  28  P029_Mouse_lemur    11.91%    passed     20.79%
  29  P030_Tarsier        15.68%    passed     59.86%
  30  P031_Marmoset        7.67%    passed     15.91%
  31  P032_Rhesus          7.31%    passed     39.85%
  32  P033_Orangutan       7.43%    passed     32.38%
  33  P035_Chimp           7.43%    passed     20.34%
  34  P036_Human           7.43%    passed     17.16%
WARNING: 1 sequences contain more than 50% gaps/ambiguity
****  TOTAL               16.37%  7 sequences failed composition chi2 test (p-value<5%; df=3)
Checking for duplicate sequences: done in 0.000150919 secs using 550.6% CPU

Create initial parsimony tree by phylogenetic likelihood library (PLL)... 0.004 seconds

NOTE: 6 MB RAM (0 GB) is required!
Estimate model parameters (epsilon = 0.100)
1. Initial log-likelihood: -21774.004
2. Current log-likelihood: -20322.889
3. Current log-likelihood: -20310.059
Optimal log-likelihood: -20309.936
Rate parameters:  A-C: 1.24231  A-G: 4.15714  A-T: 0.45911  C-G: 1.40511  C-T: 6.93036  G-T: 1.00000
Base frequencies:  A: 0.357  C: 0.165  G: 0.221  T: 0.256
Gamma shape alpha: 0.572
Parameters optimization took 3 rounds (0.099 sec)
Wrote distance file to... 
Computing ML distances based on estimated model parameters...
Calculating distance matrix: done in 0.00099206 secs using 812.4% CPU
Computing ML distances took 0.001116 sec (of wall-clock time) 0.008886 sec (of CPU time)
Setting up auxiliary I and S matrices: done in 8.89301e-05 secs using 1118% CPU
Constructing RapidNJ tree: done in 0.0019002 secs using 902.6% CPU
Computing RapidNJ tree took 0.002020 sec (of wall-clock time) 0.018568 sec (of CPU time)
Log-likelihood of RapidNJ tree: -20442.185
--------------------------------------------------------------------
|             INITIALIZING CANDIDATE TREE SET                      |
--------------------------------------------------------------------
Generating 98 parsimony trees... 0.344 second
Computing log-likelihood of 98 initial trees ... 0.565 seconds
Current best score: -20309.936

Do NNI search on 20 best initial trees
Estimate model parameters (epsilon = 0.100)
BETTER TREE FOUND at iteration 1: -20309.931
Estimate model parameters (epsilon = 0.100)
BETTER TREE FOUND at iteration 2: -20308.851
Iteration 10 / LogL: -20308.852 / Time: 0h:0m:1s
Iteration 20 / LogL: -20319.687 / Time: 0h:0m:3s
Finish initializing candidate tree set (9)
Current best tree score: -20308.851 / CPU time: 2.954
Number of iterations: 20
--------------------------------------------------------------------
|               OPTIMIZING CANDIDATE TREE SET                      |
--------------------------------------------------------------------
Iteration 30 / LogL: -20308.855 / Time: 0h:0m:4s (0h:0m:10s left)
Iteration 40 / LogL: -20309.354 / Time: 0h:0m:5s (0h:0m:8s left)
Iteration 50 / LogL: -20308.856 / Time: 0h:0m:6s (0h:0m:6s left)
Iteration 60 / LogL: -20309.198 / Time: 0h:0m:7s (0h:0m:5s left)
Iteration 70 / LogL: -20308.862 / Time: 0h:0m:8s (0h:0m:3s left)
Iteration 80 / LogL: -20308.971 / Time: 0h:0m:9s (0h:0m:2s left)
Iteration 90 / LogL: -20309.664 / Time: 0h:0m:9s (0h:0m:1s left)
Iteration 100 / LogL: -20309.668 / Time: 0h:0m:10s (0h:0m:0s left)
TREE SEARCH COMPLETED AFTER 103 ITERATIONS / Time: 0h:0m:11s

--------------------------------------------------------------------
|                    FINALIZING TREE SEARCH                        |
--------------------------------------------------------------------
Performs final model parameters optimization
Estimate model parameters (epsilon = 0.010)
1. Initial log-likelihood: -20308.851
Optimal log-likelihood: -20308.850
Rate parameters:  A-C: 1.23229  A-G: 4.16255  A-T: 0.45382  C-G: 1.39847  C-T: 6.93245  G-T: 1.00000
Base frequencies:  A: 0.357  C: 0.165  G: 0.221  T: 0.256
Gamma shape alpha: 0.570
Parameters optimization took 1 rounds (0.013 sec)
BEST SCORE FOUND : -20308.850
Total tree length: 2.258

Total number of iterations: 103
CPU time used for tree search: 86.596 sec (0h:1m:26s)
Wall-clock time used for tree search: 11.077 sec (0h:0m:11s)
Total CPU time used: 87.781 sec (0h:1m:27s)
Total wall-clock time used: 11.227 sec (0h:0m:11s)

Analysis results written to: 
  IQ-TREE report:                /workspace/IQTree_8_cores_TarvD7_Results/ENSG00000162607.nuc.ord.iqtree
  Maximum-likelihood tree:       /workspace/IQTree_8_cores_TarvD7_Results/ENSG00000162607.nuc.ord.treefile
  Likelihood distances:          /workspace/IQTree_8_cores_TarvD7_Results/ENSG00000162607.nuc.ord.mldist
  Screen log file:               /workspace/IQTree_8_cores_TarvD7_Results/ENSG00000162607.nuc.ord.log

Date and Time: Wed May 27 00:13:21 2026
