IQ-TREE version 3.1.2 for Linux x86 64-bit built May  7 2026
Developed by Bui Quang Minh, Thomas Wong, Nhan Ly-Trong, Huaiyan Ren
Contributed by Lam-Tung Nguyen, Dominik Schrempf, Chris Bielow,
Olga Chernomor, Michael Woodhams, Diep Thi Hoang, Heiko Schmidt

Host:    8084c4e79f09 (AVX512, FMA3, 1133 GB RAM)
Command: /workspace/iqtree-3.1.2-Linux/bin/iqtree3_intel -s /workspace/NeuralNJ/empirical/TarvD7/ENSG00000153820.nuc.ord.aln -st DNA -m GTR+G -T 8 -seed 2201 -pre /workspace/IQTree_8_cores_TarvD7_Results/ENSG00000153820.nuc.ord -quiet
Seed:    2201 (Using SPRNG - Scalable Parallel Random Number Generator)
Time:    Tue May 26 21:43:34 2026
Kernel:  AVX+FMA - 8 threads (384 CPU cores detected)

Reading alignment file /workspace/NeuralNJ/empirical/TarvD7/ENSG00000153820.nuc.ord.aln ... Fasta format detected
Reading fasta file: done in 0.00176001 secs using 58.52% CPU
Alignment most likely contains DNA/RNA sequences
Constructing alignment: done in 0.00932693 secs using 690.8% CPU
Alignment has 36 sequences with 5586 columns, 4119 distinct patterns
3100 parsimony-informative, 809 singleton sites, 1677 constant sites
                   Gap/Ambiguity  Composition  p-value
Analyzing sequences: done in 0.000113964 secs using 502.8% CPU
   1  P001_Platypus       27.60%    failed      0.00%
   2  P002_Opossum        14.07%    failed      0.00%
   3  P003_Wallaby        38.83%    failed      0.00%
   4  P004_Tenrec         27.98%    failed      0.00%
   5  P005_Rock_hyrax      8.81%    failed      2.61%
   6  P006_Elephant       22.66%    failed      0.81%
   7  P007_Armadillo      16.43%    passed     50.33%
   8  P008_Sloth          32.71%    passed      7.96%
   9  P009_Hedgehog       10.37%    passed     14.20%
  10  P010_Common_shrew   16.27%    failed      0.00%
  11  P011_Dolphin        26.58%    passed     82.27%
  12  P012_Cow            12.62%    passed     93.76%
  13  P013_Pig            12.62%    passed     72.45%
  14  P014_Alpaca          9.51%    passed     37.29%
  15  P015_Horse          12.62%    passed     18.55%
  16  P016_Dog            24.76%    passed     85.06%
  17  P017_Cat             9.18%    passed     22.73%
  18  P018_Megabat        11.33%    passed     31.23%
  19  P019_Microbat       10.58%    passed     32.56%
  20  P020_Rabbit         23.63%    passed     38.68%
  21  P021_Pika           17.99%    passed     87.46%
  22  P022_Squirrel       38.67%    passed      7.32%
  23  P023_Guinea_pig     14.23%    passed     66.89%
  24  P024_Kangaroo_rat   18.21%    failed      0.00%
  25  P025_Mouse          11.01%    passed     31.90%
  26  P026_Rat             8.27%    passed     77.38%
  27  P027_Tree_shrew     31.36%    passed     14.21%
  28  P028_Bushbaby       13.10%    failed      4.06%
  29  P029_Mouse_lemur    10.53%    passed     19.45%
  30  P030_Tarsier         9.51%    failed      1.60%
  31  P031_Marmoset        9.02%    passed     65.33%
  32  P032_Rhesus          8.70%    passed     51.36%
  33  P033_Orangutan       8.75%    passed     53.06%
  34  P034_Gorilla        14.45%    passed     61.26%
  35  P035_Chimp           8.70%    passed     52.71%
  36  P036_Human           8.70%    passed     59.72%
****  TOTAL               16.68%  10 sequences failed composition chi2 test (p-value<5%; df=3)
Checking for duplicate sequences: done in 0.000369072 secs using 749.2% CPU

Create initial parsimony tree by phylogenetic likelihood library (PLL)... 0.008 seconds

NOTE: 19 MB RAM (0 GB) is required!
Estimate model parameters (epsilon = 0.100)
1. Initial log-likelihood: -78346.455
2. Current log-likelihood: -74323.178
3. Current log-likelihood: -74281.046
4. Current log-likelihood: -74280.444
Optimal log-likelihood: -74280.432
Rate parameters:  A-C: 1.28389  A-G: 3.57531  A-T: 0.53406  C-G: 1.05636  C-T: 4.57574  G-T: 1.00000
Base frequencies:  A: 0.286  C: 0.247  G: 0.255  T: 0.212
Gamma shape alpha: 0.796
Parameters optimization took 4 rounds (0.231 sec)
Wrote distance file to... 
Computing ML distances based on estimated model parameters...
Calculating distance matrix: done in 0.00101686 secs using 807.9% CPU
Computing ML distances took 0.001205 sec (of wall-clock time) 0.009298 sec (of CPU time)
Setting up auxiliary I and S matrices: done in 9.10759e-05 secs using 724.7% CPU
Constructing RapidNJ tree: done in 0.00187993 secs using 892.4% CPU
Computing RapidNJ tree took 0.002036 sec (of wall-clock time) 0.018041 sec (of CPU time)
Log-likelihood of RapidNJ tree: -74657.363
--------------------------------------------------------------------
|             INITIALIZING CANDIDATE TREE SET                      |
--------------------------------------------------------------------
Generating 98 parsimony trees... 1.004 second
Computing log-likelihood of 98 initial trees ... 1.070 seconds
Current best score: -74280.432

Do NNI search on 20 best initial trees
Estimate model parameters (epsilon = 0.100)
BETTER TREE FOUND at iteration 1: -74201.151
Iteration 10 / LogL: -74201.443 / Time: 0h:0m:4s
Iteration 20 / LogL: -74201.356 / Time: 0h:0m:5s
Finish initializing candidate tree set (2)
Current best tree score: -74201.151 / CPU time: 5.609
Number of iterations: 20
--------------------------------------------------------------------
|               OPTIMIZING CANDIDATE TREE SET                      |
--------------------------------------------------------------------
Iteration 30 / LogL: -74249.731 / Time: 0h:0m:7s (0h:0m:18s left)
Iteration 40 / LogL: -74204.141 / Time: 0h:0m:9s (0h:0m:15s left)
Iteration 50 / LogL: -74250.094 / Time: 0h:0m:11s (0h:0m:12s left)
Iteration 60 / LogL: -74249.765 / Time: 0h:0m:13s (0h:0m:9s left)
Iteration 70 / LogL: -74249.757 / Time: 0h:0m:15s (0h:0m:7s left)
Iteration 80 / LogL: -74201.188 / Time: 0h:0m:17s (0h:0m:4s left)
Iteration 90 / LogL: -74207.401 / Time: 0h:0m:19s (0h:0m:2s left)
Iteration 100 / LogL: -74201.486 / Time: 0h:0m:20s (0h:0m:0s left)
TREE SEARCH COMPLETED AFTER 102 ITERATIONS / Time: 0h:0m:21s

--------------------------------------------------------------------
|                    FINALIZING TREE SEARCH                        |
--------------------------------------------------------------------
Performs final model parameters optimization
Estimate model parameters (epsilon = 0.010)
1. Initial log-likelihood: -74201.151
Optimal log-likelihood: -74201.149
Rate parameters:  A-C: 1.27749  A-G: 3.57777  A-T: 0.53008  C-G: 1.05408  C-T: 4.57998  G-T: 1.00000
Base frequencies:  A: 0.286  C: 0.247  G: 0.255  T: 0.212
Gamma shape alpha: 0.799
Parameters optimization took 1 rounds (0.029 sec)
BEST SCORE FOUND : -74201.149
Total tree length: 4.788

Total number of iterations: 102
CPU time used for tree search: 159.521 sec (0h:2m:39s)
Wall-clock time used for tree search: 21.069 sec (0h:0m:21s)
Total CPU time used: 162.111 sec (0h:2m:42s)
Total wall-clock time used: 21.401 sec (0h:0m:21s)

Analysis results written to: 
  IQ-TREE report:                /workspace/IQTree_8_cores_TarvD7_Results/ENSG00000153820.nuc.ord.iqtree
  Maximum-likelihood tree:       /workspace/IQTree_8_cores_TarvD7_Results/ENSG00000153820.nuc.ord.treefile
  Likelihood distances:          /workspace/IQTree_8_cores_TarvD7_Results/ENSG00000153820.nuc.ord.mldist
  Screen log file:               /workspace/IQTree_8_cores_TarvD7_Results/ENSG00000153820.nuc.ord.log

Date and Time: Tue May 26 21:43:56 2026
