IQ-TREE version 3.1.2 for Linux x86 64-bit built May  7 2026
Developed by Bui Quang Minh, Thomas Wong, Nhan Ly-Trong, Huaiyan Ren
Contributed by Lam-Tung Nguyen, Dominik Schrempf, Chris Bielow,
Olga Chernomor, Michael Woodhams, Diep Thi Hoang, Heiko Schmidt

Host:    8084c4e79f09 (AVX512, FMA3, 1133 GB RAM)
Command: /workspace/iqtree-3.1.2-Linux/bin/iqtree3_intel -s /workspace/NeuralNJ/empirical/TarvD7/ENSG00000135040.nuc.ord.aln -st DNA -m GTR+G -T 8 -seed 2201 -pre /workspace/IQTree_8_cores_TarvD7_Results/ENSG00000135040.nuc.ord -quiet
Seed:    2201 (Using SPRNG - Scalable Parallel Random Number Generator)
Time:    Tue May 26 14:39:02 2026
Kernel:  AVX+FMA - 8 threads (384 CPU cores detected)

Reading alignment file /workspace/NeuralNJ/empirical/TarvD7/ENSG00000135040.nuc.ord.aln ... Fasta format detected
Reading fasta file: done in 0.000664949 secs using 96.55% CPU
Alignment most likely contains DNA/RNA sequences
Constructing alignment: done in 0.00292087 secs using 675.1% CPU
Alignment has 33 sequences with 2232 columns, 961 distinct patterns
448 parsimony-informative, 337 singleton sites, 1447 constant sites
                   Gap/Ambiguity  Composition  p-value
Analyzing sequences: done in 3.69549e-05 secs using 552% CPU
   1  P001_Platypus       79.84%    failed      0.08%
   2  P002_Opossum         2.42%    passed     37.24%
   3  P004_Tenrec         42.61%    passed     57.97%
   4  P005_Rock_hyrax     28.36%    passed     82.81%
   5  P006_Elephant       22.98%    passed     81.52%
   6  P007_Armadillo      35.48%    passed     94.61%
   7  P008_Sloth          56.45%    passed     81.64%
   8  P009_Hedgehog       18.41%    passed     97.37%
   9  P010_Common_shrew   31.85%    passed     38.90%
  10  P011_Dolphin         5.65%    passed     88.96%
  11  P013_Pig             9.68%    passed     95.42%
  12  P014_Alpaca         36.16%    passed     48.74%
  13  P015_Horse           2.55%    passed     97.22%
  14  P016_Dog            60.48%    passed     15.37%
  15  P017_Cat            36.83%    passed     96.21%
  16  P018_Megabat         2.55%    passed     90.07%
  17  P019_Microbat       20.30%    passed     99.73%
  18  P020_Rabbit         17.47%    passed     50.11%
  19  P021_Pika           25.27%    passed     21.81%
  20  P022_Squirrel       18.41%    passed     49.07%
  21  P024_Kangaroo_rat    9.81%    passed     67.17%
  22  P025_Mouse           2.55%    failed      0.00%
  23  P026_Rat             2.55%    failed      0.00%
  24  P027_Tree_shrew     39.65%    passed     38.95%
  25  P028_Bushbaby       32.12%    passed     95.55%
  26  P029_Mouse_lemur    50.27%    passed     87.59%
  27  P030_Tarsier        29.57%    passed     44.42%
  28  P031_Marmoset        2.55%    passed     72.07%
  29  P032_Rhesus          2.55%    passed     59.76%
  30  P033_Orangutan       2.55%    passed     49.18%
  31  P034_Gorilla        35.75%    passed     97.90%
  32  P035_Chimp           2.55%    passed     82.45%
  33  P036_Human           2.55%    passed     84.38%
WARNING: 4 sequences contain more than 50% gaps/ambiguity
****  TOTAL               23.30%  3 sequences failed composition chi2 test (p-value<5%; df=3)
Checking for duplicate sequences: done in 0.000120878 secs using 789.2% CPU

Create initial parsimony tree by phylogenetic likelihood library (PLL)... 0.003 seconds

NOTE: 4 MB RAM (0 GB) is required!
Estimate model parameters (epsilon = 0.100)
1. Initial log-likelihood: -12631.595
2. Current log-likelihood: -11658.208
3. Current log-likelihood: -11649.922
Optimal log-likelihood: -11649.838
Rate parameters:  A-C: 1.70818  A-G: 6.64828  A-T: 1.08046  C-G: 1.04186  C-T: 8.54089  G-T: 1.00000
Base frequencies:  A: 0.314  C: 0.190  G: 0.220  T: 0.275
Gamma shape alpha: 0.295
Parameters optimization took 3 rounds (0.111 sec)
Wrote distance file to... 
Computing ML distances based on estimated model parameters...
Calculating distance matrix: done in 0.00062108 secs using 797.8% CPU
Computing ML distances took 0.000730 sec (of wall-clock time) 0.005539 sec (of CPU time)
Setting up auxiliary I and S matrices: done in 0.000119925 secs using 943.9% CPU
Constructing RapidNJ tree: done in 0.00268388 secs using 861.5% CPU
Computing RapidNJ tree took 0.002838 sec (of wall-clock time) 0.025907 sec (of CPU time)
Log-likelihood of RapidNJ tree: -11819.057
--------------------------------------------------------------------
|             INITIALIZING CANDIDATE TREE SET                      |
--------------------------------------------------------------------
Generating 98 parsimony trees... 0.230 second
Computing log-likelihood of 98 initial trees ... 0.661 seconds
Current best score: -11640.810

Do NNI search on 20 best initial trees
Estimate model parameters (epsilon = 0.100)
BETTER TREE FOUND at iteration 1: -11627.596
Estimate model parameters (epsilon = 0.100)
BETTER TREE FOUND at iteration 2: -11626.342
UPDATE BEST LOG-LIKELIHOOD: -11626.340
Iteration 10 / LogL: -11626.343 / Time: 0h:0m:2s
Iteration 20 / LogL: -11631.032 / Time: 0h:0m:3s
Finish initializing candidate tree set (8)
Current best tree score: -11626.340 / CPU time: 3.357
Number of iterations: 20
--------------------------------------------------------------------
|               OPTIMIZING CANDIDATE TREE SET                      |
--------------------------------------------------------------------
UPDATE BEST LOG-LIKELIHOOD: -11626.339
Iteration 30 / LogL: -11626.340 / Time: 0h:0m:4s (0h:0m:11s left)
Iteration 40 / LogL: -11628.272 / Time: 0h:0m:6s (0h:0m:9s left)
Iteration 50 / LogL: -11633.448 / Time: 0h:0m:7s (0h:0m:8s left)
Iteration 60 / LogL: -11635.143 / Time: 0h:0m:9s (0h:0m:6s left)
Iteration 70 / LogL: -11628.686 / Time: 0h:0m:10s (0h:0m:4s left)
Iteration 80 / LogL: -11626.666 / Time: 0h:0m:12s (0h:0m:3s left)
Iteration 90 / LogL: -11633.109 / Time: 0h:0m:13s (0h:0m:1s left)
Iteration 100 / LogL: -11637.190 / Time: 0h:0m:14s (0h:0m:0s left)
TREE SEARCH COMPLETED AFTER 103 ITERATIONS / Time: 0h:0m:15s

--------------------------------------------------------------------
|                    FINALIZING TREE SEARCH                        |
--------------------------------------------------------------------
Performs final model parameters optimization
Estimate model parameters (epsilon = 0.010)
1. Initial log-likelihood: -11626.339
Optimal log-likelihood: -11626.339
Rate parameters:  A-C: 1.73940  A-G: 6.94244  A-T: 1.06107  C-G: 1.09139  C-T: 8.83429  G-T: 1.00000
Base frequencies:  A: 0.314  C: 0.190  G: 0.220  T: 0.275
Gamma shape alpha: 0.296
Parameters optimization took 1 rounds (0.013 sec)
BEST SCORE FOUND : -11626.339
Total tree length: 1.461

Total number of iterations: 103
CPU time used for tree search: 119.608 sec (0h:1m:59s)
Wall-clock time used for tree search: 15.124 sec (0h:0m:15s)
Total CPU time used: 120.970 sec (0h:2m:0s)
Total wall-clock time used: 15.295 sec (0h:0m:15s)

Analysis results written to: 
  IQ-TREE report:                /workspace/IQTree_8_cores_TarvD7_Results/ENSG00000135040.nuc.ord.iqtree
  Maximum-likelihood tree:       /workspace/IQTree_8_cores_TarvD7_Results/ENSG00000135040.nuc.ord.treefile
  Likelihood distances:          /workspace/IQTree_8_cores_TarvD7_Results/ENSG00000135040.nuc.ord.mldist
  Screen log file:               /workspace/IQTree_8_cores_TarvD7_Results/ENSG00000135040.nuc.ord.log

Date and Time: Tue May 26 14:39:18 2026
