IQ-TREE version 3.1.2 for Linux x86 64-bit built May  7 2026
Developed by Bui Quang Minh, Thomas Wong, Nhan Ly-Trong, Huaiyan Ren
Contributed by Lam-Tung Nguyen, Dominik Schrempf, Chris Bielow,
Olga Chernomor, Michael Woodhams, Diep Thi Hoang, Heiko Schmidt

Host:    8084c4e79f09 (AVX512, FMA3, 1133 GB RAM)
Command: /workspace/iqtree-3.1.2-Linux/bin/iqtree3_intel -s /workspace/NeuralNJ/empirical/TarvD7/ENSG00000077097.nuc.ord.aln -st DNA -m GTR+G -T 8 -seed 2201 -pre /workspace/IQTree_8_cores_TarvD7_Results/ENSG00000077097.nuc.ord -quiet
Seed:    2201 (Using SPRNG - Scalable Parallel Random Number Generator)
Time:    Tue May 26 00:38:18 2026
Kernel:  AVX+FMA - 8 threads (384 CPU cores detected)

Reading alignment file /workspace/NeuralNJ/empirical/TarvD7/ENSG00000077097.nuc.ord.aln ... Fasta format detected
Reading fasta file: done in 0.00147796 secs using 65.5% CPU
Alignment most likely contains DNA/RNA sequences
Constructing alignment: done in 0.00708699 secs using 685.7% CPU
Alignment has 34 sequences with 4956 columns, 2276 distinct patterns
1262 parsimony-informative, 622 singleton sites, 3072 constant sites
                   Gap/Ambiguity  Composition  p-value
Analyzing sequences: done in 6.00815e-05 secs using 389.5% CPU
   1  P001_Platypus        3.33%    passed     23.36%
   2  P002_Opossum         2.24%    passed     70.84%
   3  P003_Wallaby        39.53%    passed     46.44%
   4  P004_Tenrec         28.93%    passed     87.36%
   5  P005_Rock_hyrax     13.98%    failed      0.48%
   6  P006_Elephant        5.57%    passed     94.78%
   7  P007_Armadillo      17.07%    passed     69.68%
   8  P008_Sloth          32.99%    passed     11.28%
   9  P009_Hedgehog       12.11%    passed     94.03%
  10  P010_Common_shrew    5.27%    passed     79.40%
  11  P011_Dolphin         1.82%    passed      7.57%
  12  P012_Cow             3.63%    passed      6.19%
  13  P013_Pig             3.15%    passed     95.42%
  14  P014_Alpaca          6.42%    passed     67.54%
  15  P015_Horse           3.15%    passed     85.25%
  16  P016_Dog             3.15%    passed     39.96%
  17  P017_Cat            51.27%    passed     28.02%
  18  P018_Megabat         9.56%    passed     88.20%
  19  P019_Microbat       14.41%    passed     82.09%
  20  P020_Rabbit         26.15%    passed     84.55%
  21  P021_Pika           19.85%    passed     21.92%
  22  P022_Squirrel       47.94%    passed     41.59%
  23  P023_Guinea_pig      3.39%    passed      9.29%
  24  P024_Kangaroo_rat   22.64%    passed     64.91%
  25  P025_Mouse           2.42%    passed     81.06%
  26  P027_Tree_shrew     13.14%    passed     35.15%
  27  P028_Bushbaby       27.72%    passed     67.35%
  28  P029_Mouse_lemur    24.46%    passed      6.41%
  29  P030_Tarsier         7.87%    passed     83.77%
  30  P031_Marmoset        1.63%    passed     78.08%
  31  P032_Rhesus          1.57%    passed     97.64%
  32  P033_Orangutan       1.88%    passed     94.20%
  33  P035_Chimp           2.97%    passed     59.56%
  34  P036_Human           1.57%    passed     76.90%
WARNING: 1 sequences contain more than 50% gaps/ambiguity
****  TOTAL               13.61%  1 sequences failed composition chi2 test (p-value<5%; df=3)
Checking for duplicate sequences: done in 0.000187874 secs using 811.2% CPU

Create initial parsimony tree by phylogenetic likelihood library (PLL)... 0.004 seconds

NOTE: 10 MB RAM (0 GB) is required!
Estimate model parameters (epsilon = 0.100)
1. Initial log-likelihood: -34161.402
2. Current log-likelihood: -31491.463
3. Current log-likelihood: -31471.160
Optimal log-likelihood: -31471.111
Rate parameters:  A-C: 1.41792  A-G: 5.22784  A-T: 0.84218  C-G: 1.08324  C-T: 8.21149  G-T: 1.00000
Base frequencies:  A: 0.349  C: 0.166  G: 0.223  T: 0.263
Gamma shape alpha: 0.272
Parameters optimization took 3 rounds (0.153 sec)
Wrote distance file to... 
Computing ML distances based on estimated model parameters...
Calculating distance matrix: done in 0.000687122 secs using 803.2% CPU
Computing ML distances took 0.000857 sec (of wall-clock time) 0.006749 sec (of CPU time)
Setting up auxiliary I and S matrices: done in 9.29832e-05 secs using 1150% CPU
Constructing RapidNJ tree: done in 0.00184989 secs using 887.4% CPU
Computing RapidNJ tree took 0.001973 sec (of wall-clock time) 0.017799 sec (of CPU time)
Log-likelihood of RapidNJ tree: -31709.355
--------------------------------------------------------------------
|             INITIALIZING CANDIDATE TREE SET                      |
--------------------------------------------------------------------
Generating 98 parsimony trees... 0.455 second
Computing log-likelihood of 98 initial trees ... 0.627 seconds
Current best score: -31471.111

Do NNI search on 20 best initial trees
Estimate model parameters (epsilon = 0.100)
BETTER TREE FOUND at iteration 1: -31450.299
Estimate model parameters (epsilon = 0.100)
BETTER TREE FOUND at iteration 2: -31447.016
Iteration 10 / LogL: -31447.030 / Time: 0h:0m:2s
Iteration 20 / LogL: -31447.061 / Time: 0h:0m:3s
Finish initializing candidate tree set (5)
Current best tree score: -31447.016 / CPU time: 3.212
Number of iterations: 20
--------------------------------------------------------------------
|               OPTIMIZING CANDIDATE TREE SET                      |
--------------------------------------------------------------------
Iteration 30 / LogL: -31447.018 / Time: 0h:0m:4s (0h:0m:11s left)
Iteration 40 / LogL: -31451.001 / Time: 0h:0m:5s (0h:0m:9s left)
Iteration 50 / LogL: -31462.963 / Time: 0h:0m:6s (0h:0m:7s left)
Iteration 60 / LogL: -31475.818 / Time: 0h:0m:7s (0h:0m:5s left)
Iteration 70 / LogL: -31447.021 / Time: 0h:0m:8s (0h:0m:4s left)
Iteration 80 / LogL: -31463.035 / Time: 0h:0m:9s (0h:0m:2s left)
Iteration 90 / LogL: -31447.020 / Time: 0h:0m:10s (0h:0m:1s left)
Iteration 100 / LogL: -31447.046 / Time: 0h:0m:12s (0h:0m:0s left)
TREE SEARCH COMPLETED AFTER 103 ITERATIONS / Time: 0h:0m:12s

--------------------------------------------------------------------
|                    FINALIZING TREE SEARCH                        |
--------------------------------------------------------------------
Performs final model parameters optimization
Estimate model parameters (epsilon = 0.010)
1. Initial log-likelihood: -31447.016
Optimal log-likelihood: -31447.014
Rate parameters:  A-C: 1.40706  A-G: 5.19917  A-T: 0.83440  C-G: 1.08212  C-T: 8.23231  G-T: 1.00000
Base frequencies:  A: 0.349  C: 0.166  G: 0.223  T: 0.263
Gamma shape alpha: 0.273
Parameters optimization took 1 rounds (0.016 sec)
BEST SCORE FOUND : -31447.014
Total tree length: 1.461

Total number of iterations: 103
CPU time used for tree search: 94.473 sec (0h:1m:34s)
Wall-clock time used for tree search: 12.210 sec (0h:0m:12s)
Total CPU time used: 96.142 sec (0h:1m:36s)
Total wall-clock time used: 12.422 sec (0h:0m:12s)

Analysis results written to: 
  IQ-TREE report:                /workspace/IQTree_8_cores_TarvD7_Results/ENSG00000077097.nuc.ord.iqtree
  Maximum-likelihood tree:       /workspace/IQTree_8_cores_TarvD7_Results/ENSG00000077097.nuc.ord.treefile
  Likelihood distances:          /workspace/IQTree_8_cores_TarvD7_Results/ENSG00000077097.nuc.ord.mldist
  Screen log file:               /workspace/IQTree_8_cores_TarvD7_Results/ENSG00000077097.nuc.ord.log

Date and Time: Tue May 26 00:38:30 2026
