IQ-TREE version 3.1.2 for Linux x86 64-bit built May  7 2026
Developed by Bui Quang Minh, Thomas Wong, Nhan Ly-Trong, Huaiyan Ren
Contributed by Lam-Tung Nguyen, Dominik Schrempf, Chris Bielow,
Olga Chernomor, Michael Woodhams, Diep Thi Hoang, Heiko Schmidt

Host:    8084c4e79f09 (AVX512, FMA3, 1133 GB RAM)
Command: /workspace/iqtree-3.1.2-Linux/bin/iqtree3_intel -s /workspace/NeuralNJ/empirical/TarvD7/ENSG00000102981.nuc.ord.aln -st DNA -m GTR+G -T 8 -seed 2201 -pre /workspace/IQTree_8_cores_TarvD7_Results/ENSG00000102981.nuc.ord -quiet
Seed:    2201 (Using SPRNG - Scalable Parallel Random Number Generator)
Time:    Tue May 26 04:06:18 2026
Kernel:  AVX+FMA - 8 threads (384 CPU cores detected)

Reading alignment file /workspace/NeuralNJ/empirical/TarvD7/ENSG00000102981.nuc.ord.aln ... Fasta format detected
Reading fasta file: done in 0.000503063 secs using 70.77% CPU
Alignment most likely contains DNA/RNA sequences
Constructing alignment: done in 0.00204802 secs using 649% CPU
Alignment has 29 sequences with 1137 columns, 666 distinct patterns
389 parsimony-informative, 223 singleton sites, 525 constant sites
                   Gap/Ambiguity  Composition  p-value
Analyzing sequences: done in 2.00272e-05 secs using 204.7% CPU
   1  P001_Platypus       22.69%    failed      2.95%
   2  P002_Opossum         6.60%    passed     17.10%
   3  P003_Wallaby        12.14%    passed     69.24%
   4  P004_Tenrec         25.59%    failed      4.87%
   5  P005_Rock_hyrax      9.23%    passed     46.76%
   6  P006_Elephant       43.01%    passed     69.87%
   7  P007_Armadillo      39.31%    passed     60.20%
   8  P010_Common_shrew   16.62%    passed     94.62%
   9  P011_Dolphin        10.55%    passed     94.88%
  10  P012_Cow             9.23%    passed     80.33%
  11  P015_Horse           8.97%    passed     96.67%
  12  P016_Dog             8.44%    passed     55.62%
  13  P018_Megabat        10.03%    passed     69.99%
  14  P019_Microbat       52.77%    passed     73.94%
  15  P020_Rabbit         19.79%    passed     24.31%
  16  P021_Pika            9.23%    passed     18.44%
  17  P022_Squirrel       36.68%    passed     63.17%
  18  P023_Guinea_pig      8.71%    passed     26.99%
  19  P024_Kangaroo_rat    8.71%    passed     35.10%
  20  P025_Mouse           8.71%    passed     24.17%
  21  P026_Rat             8.97%    failed      4.01%
  22  P029_Mouse_lemur    14.25%    passed     88.83%
  23  P030_Tarsier        38.52%    passed     61.66%
  24  P031_Marmoset        8.71%    passed     97.70%
  25  P032_Rhesus          9.23%    passed     93.54%
  26  P033_Orangutan       8.71%    passed     82.73%
  27  P034_Gorilla         9.76%    passed     74.92%
  28  P035_Chimp           8.71%    passed     78.36%
  29  P036_Human           8.71%    passed     79.57%
WARNING: 1 sequences contain more than 50% gaps/ambiguity
****  TOTAL               16.64%  3 sequences failed composition chi2 test (p-value<5%; df=3)
Checking for duplicate sequences: done in 0.000129938 secs using 827.3% CPU

Create initial parsimony tree by phylogenetic likelihood library (PLL)... 0.002 seconds

NOTE: 2 MB RAM (0 GB) is required!
WARNING: Number of threads seems too high for short alignments. Use -T AUTO to determine best number of threads.
Estimate model parameters (epsilon = 0.100)
1. Initial log-likelihood: -9098.684
2. Current log-likelihood: -8576.749
3. Current log-likelihood: -8564.357
4. Current log-likelihood: -8564.109
Optimal log-likelihood: -8564.093
Rate parameters:  A-C: 1.24672  A-G: 4.41888  A-T: 1.11837  C-G: 0.63328  C-T: 5.08316  G-T: 1.00000
Base frequencies:  A: 0.180  C: 0.318  G: 0.302  T: 0.199
Gamma shape alpha: 0.526
Parameters optimization took 4 rounds (0.061 sec)
Wrote distance file to... 
Computing ML distances based on estimated model parameters...
Calculating distance matrix: done in 0.0004251 secs using 843.1% CPU
Computing ML distances took 0.000479 sec (of wall-clock time) 0.003814 sec (of CPU time)
Setting up auxiliary I and S matrices: done in 6.79493e-05 secs using 1071% CPU
Constructing RapidNJ tree: done in 0.00134087 secs using 555.5% CPU
Computing RapidNJ tree took 0.001472 sec (of wall-clock time) 0.011732 sec (of CPU time)
Log-likelihood of RapidNJ tree: -8628.844
--------------------------------------------------------------------
|             INITIALIZING CANDIDATE TREE SET                      |
--------------------------------------------------------------------
Generating 98 parsimony trees... 0.143 second
Computing log-likelihood of 98 initial trees ... 0.252 seconds
Current best score: -8564.093

Do NNI search on 20 best initial trees
Estimate model parameters (epsilon = 0.100)
BETTER TREE FOUND at iteration 1: -8556.464
Estimate model parameters (epsilon = 0.100)
BETTER TREE FOUND at iteration 2: -8545.631
Iteration 10 / LogL: -8545.646 / Time: 0h:0m:1s
Iteration 20 / LogL: -8553.163 / Time: 0h:0m:1s
Finish initializing candidate tree set (4)
Current best tree score: -8545.631 / CPU time: 1.672
Number of iterations: 20
--------------------------------------------------------------------
|               OPTIMIZING CANDIDATE TREE SET                      |
--------------------------------------------------------------------
Estimate model parameters (epsilon = 0.100)
BETTER TREE FOUND at iteration 27: -8543.787
Iteration 30 / LogL: -8545.689 / Time: 0h:0m:2s (0h:0m:8s left)
Iteration 40 / LogL: -8544.033 / Time: 0h:0m:3s (0h:0m:6s left)
Iteration 50 / LogL: -8544.138 / Time: 0h:0m:3s (0h:0m:5s left)
Iteration 60 / LogL: -8543.871 / Time: 0h:0m:4s (0h:0m:4s left)
Iteration 70 / LogL: -8544.296 / Time: 0h:0m:5s (0h:0m:4s left)
Iteration 80 / LogL: -8543.798 / Time: 0h:0m:5s (0h:0m:3s left)
Iteration 90 / LogL: -8544.493 / Time: 0h:0m:6s (0h:0m:2s left)
Iteration 100 / LogL: -8543.998 / Time: 0h:0m:7s (0h:0m:1s left)
Iteration 110 / LogL: -8543.799 / Time: 0h:0m:7s (0h:0m:1s left)
Iteration 120 / LogL: -8545.035 / Time: 0h:0m:8s (0h:0m:0s left)
TREE SEARCH COMPLETED AFTER 128 ITERATIONS / Time: 0h:0m:8s

--------------------------------------------------------------------
|                    FINALIZING TREE SEARCH                        |
--------------------------------------------------------------------
Performs final model parameters optimization
Estimate model parameters (epsilon = 0.010)
1. Initial log-likelihood: -8543.787
Optimal log-likelihood: -8543.787
Rate parameters:  A-C: 1.27905  A-G: 4.44925  A-T: 1.08661  C-G: 0.62995  C-T: 5.15049  G-T: 1.00000
Base frequencies:  A: 0.180  C: 0.318  G: 0.302  T: 0.199
Gamma shape alpha: 0.529
Parameters optimization took 1 rounds (0.007 sec)
BEST SCORE FOUND : -8543.787
Total tree length: 2.422

Total number of iterations: 128
CPU time used for tree search: 69.286 sec (0h:1m:9s)
Wall-clock time used for tree search: 8.688 sec (0h:0m:8s)
Total CPU time used: 70.013 sec (0h:1m:10s)
Total wall-clock time used: 8.780 sec (0h:0m:8s)

Analysis results written to: 
  IQ-TREE report:                /workspace/IQTree_8_cores_TarvD7_Results/ENSG00000102981.nuc.ord.iqtree
  Maximum-likelihood tree:       /workspace/IQTree_8_cores_TarvD7_Results/ENSG00000102981.nuc.ord.treefile
  Likelihood distances:          /workspace/IQTree_8_cores_TarvD7_Results/ENSG00000102981.nuc.ord.mldist
  Screen log file:               /workspace/IQTree_8_cores_TarvD7_Results/ENSG00000102981.nuc.ord.log

Date and Time: Tue May 26 04:06:27 2026
