IQ-TREE version 3.1.2 for Linux x86 64-bit built May  7 2026
Developed by Bui Quang Minh, Thomas Wong, Nhan Ly-Trong, Huaiyan Ren
Contributed by Lam-Tung Nguyen, Dominik Schrempf, Chris Bielow,
Olga Chernomor, Michael Woodhams, Diep Thi Hoang, Heiko Schmidt

Host:    8084c4e79f09 (AVX512, FMA3, 1133 GB RAM)
Command: /workspace/iqtree-3.1.2-Linux/bin/iqtree3_intel -s /workspace/NeuralNJ/empirical/TarvD7/ENSG00000138640.nuc.ord.aln -st DNA -m GTR+G -T 8 -seed 2201 -pre /workspace/IQTree_8_cores_TarvD7_Results/ENSG00000138640.nuc.ord -quiet
Seed:    2201 (Using SPRNG - Scalable Parallel Random Number Generator)
Time:    Tue May 26 16:32:39 2026
Kernel:  AVX+FMA - 8 threads (384 CPU cores detected)

Reading alignment file /workspace/NeuralNJ/empirical/TarvD7/ENSG00000138640.nuc.ord.aln ... Fasta format detected
Reading fasta file: done in 0.00110292 secs using 52.13% CPU
Alignment most likely contains DNA/RNA sequences
Constructing alignment: done in 0.00545788 secs using 704.2% CPU
Alignment has 34 sequences with 3603 columns, 2199 distinct patterns
1315 parsimony-informative, 648 singleton sites, 1640 constant sites
                   Gap/Ambiguity  Composition  p-value
Analyzing sequences: done in 5.19753e-05 secs using 469.5% CPU
   1  P002_Opossum        43.38%    failed      0.14%
   2  P003_Wallaby        52.79%    failed      0.01%
   3  P004_Tenrec         25.23%    passed     13.95%
   4  P005_Rock_hyrax     43.30%    passed     43.55%
   5  P006_Elephant       41.30%    passed     34.11%
   6  P007_Armadillo      41.22%    passed     73.32%
   7  P008_Sloth          29.64%    failed      2.12%
   8  P009_Hedgehog       34.22%    failed      0.00%
   9  P010_Common_shrew   42.30%    failed      0.00%
  10  P011_Dolphin        18.48%    passed     70.07%
  11  P012_Cow            41.97%    passed     94.08%
  12  P013_Pig            72.52%    passed     21.40%
  13  P014_Alpaca         18.73%    passed     96.89%
  14  P015_Horse          15.65%    passed     82.76%
  15  P016_Dog            42.05%    passed     55.71%
  16  P017_Cat            39.80%    passed     21.85%
  17  P018_Megabat        24.56%    failed      0.37%
  18  P019_Microbat       20.23%    passed     30.98%
  19  P020_Rabbit         36.22%    failed      0.00%
  20  P021_Pika           17.90%    failed      0.00%
  21  P022_Squirrel       32.06%    passed     49.21%
  22  P023_Guinea_pig     43.21%    passed     84.46%
  23  P024_Kangaroo_rat   29.98%    failed      2.27%
  24  P025_Mouse          42.30%    passed     72.58%
  25  P026_Rat            42.80%    passed     53.47%
  26  P027_Tree_shrew     33.22%    passed      8.34%
  27  P028_Bushbaby       26.14%    passed     96.86%
  28  P029_Mouse_lemur    19.15%    passed     31.05%
  29  P030_Tarsier        22.56%    passed     63.83%
  30  P031_Marmoset       14.82%    passed     17.64%
  31  P032_Rhesus         15.57%    passed     23.39%
  32  P033_Orangutan      14.99%    passed      7.60%
  33  P035_Chimp          14.82%    passed      8.34%
  34  P036_Human          14.82%    passed      7.50%
WARNING: 2 sequences contain more than 50% gaps/ambiguity
****  TOTAL               31.41%  9 sequences failed composition chi2 test (p-value<5%; df=3)
Checking for duplicate sequences: done in 0.000185013 secs using 551.9% CPU

Create initial parsimony tree by phylogenetic likelihood library (PLL)... 0.006 seconds

NOTE: 9 MB RAM (0 GB) is required!
Estimate model parameters (epsilon = 0.100)
1. Initial log-likelihood: -34088.515
2. Current log-likelihood: -31796.063
3. Current log-likelihood: -31769.850
4. Current log-likelihood: -31769.354
Optimal log-likelihood: -31769.342
Rate parameters:  A-C: 1.43367  A-G: 3.83098  A-T: 0.55050  C-G: 1.35844  C-T: 5.26397  G-T: 1.00000
Base frequencies:  A: 0.304  C: 0.241  G: 0.251  T: 0.204
Gamma shape alpha: 0.548
Parameters optimization took 4 rounds (0.138 sec)
Wrote distance file to... 
Computing ML distances based on estimated model parameters...
Calculating distance matrix: done in 0.000692844 secs using 831.4% CPU
Computing ML distances took 0.000821 sec (of wall-clock time) 0.006413 sec (of CPU time)
Setting up auxiliary I and S matrices: done in 8.79765e-05 secs using 1051% CPU
Constructing RapidNJ tree: done in 0.00184917 secs using 901.1% CPU
Computing RapidNJ tree took 0.001993 sec (of wall-clock time) 0.018269 sec (of CPU time)
Log-likelihood of RapidNJ tree: -31909.225
--------------------------------------------------------------------
|             INITIALIZING CANDIDATE TREE SET                      |
--------------------------------------------------------------------
Generating 98 parsimony trees... 0.517 second
Computing log-likelihood of 98 initial trees ... 0.689 seconds
Current best score: -31769.342

Do NNI search on 20 best initial trees
Estimate model parameters (epsilon = 0.100)
BETTER TREE FOUND at iteration 1: -31756.677
Estimate model parameters (epsilon = 0.100)
BETTER TREE FOUND at iteration 2: -31725.384
Iteration 10 / LogL: -31756.915 / Time: 0h:0m:2s
Iteration 20 / LogL: -31757.351 / Time: 0h:0m:3s
Finish initializing candidate tree set (6)
Current best tree score: -31725.384 / CPU time: 3.642
Number of iterations: 20
--------------------------------------------------------------------
|               OPTIMIZING CANDIDATE TREE SET                      |
--------------------------------------------------------------------
Estimate model parameters (epsilon = 0.100)
BETTER TREE FOUND at iteration 21: -31725.179
Estimate model parameters (epsilon = 0.100)
BETTER TREE FOUND at iteration 22: -31716.250
Estimate model parameters (epsilon = 0.100)
BETTER TREE FOUND at iteration 25: -31703.706
Iteration 30 / LogL: -31716.579 / Time: 0h:0m:5s (0h:0m:17s left)
Iteration 40 / LogL: -31718.608 / Time: 0h:0m:6s (0h:0m:14s left)
Iteration 50 / LogL: -31705.601 / Time: 0h:0m:8s (0h:0m:12s left)
Estimate model parameters (epsilon = 0.100)
UPDATE BEST LOG-LIKELIHOOD: -31703.687
Iteration 60 / LogL: -31703.746 / Time: 0h:0m:9s (0h:0m:10s left)
Iteration 70 / LogL: -31705.541 / Time: 0h:0m:11s (0h:0m:8s left)
UPDATE BEST LOG-LIKELIHOOD: -31703.686
Iteration 80 / LogL: -31713.632 / Time: 0h:0m:12s (0h:0m:7s left)
Iteration 90 / LogL: -31703.713 / Time: 0h:0m:13s (0h:0m:5s left)
Iteration 100 / LogL: -31703.709 / Time: 0h:0m:15s (0h:0m:3s left)
Iteration 110 / LogL: -31703.829 / Time: 0h:0m:16s (0h:0m:2s left)
Iteration 120 / LogL: -31703.696 / Time: 0h:0m:18s (0h:0m:0s left)
TREE SEARCH COMPLETED AFTER 126 ITERATIONS / Time: 0h:0m:19s

--------------------------------------------------------------------
|                    FINALIZING TREE SEARCH                        |
--------------------------------------------------------------------
Performs final model parameters optimization
Estimate model parameters (epsilon = 0.010)
1. Initial log-likelihood: -31703.686
Optimal log-likelihood: -31703.685
Rate parameters:  A-C: 1.43808  A-G: 3.84206  A-T: 0.54365  C-G: 1.34225  C-T: 5.28517  G-T: 1.00000
Base frequencies:  A: 0.304  C: 0.241  G: 0.251  T: 0.204
Gamma shape alpha: 0.549
Parameters optimization took 1 rounds (0.018 sec)
BEST SCORE FOUND : -31703.685
Total tree length: 3.719

Total number of iterations: 126
CPU time used for tree search: 149.988 sec (0h:2m:29s)
Wall-clock time used for tree search: 19.292 sec (0h:0m:19s)
Total CPU time used: 151.688 sec (0h:2m:31s)
Total wall-clock time used: 19.505 sec (0h:0m:19s)

Analysis results written to: 
  IQ-TREE report:                /workspace/IQTree_8_cores_TarvD7_Results/ENSG00000138640.nuc.ord.iqtree
  Maximum-likelihood tree:       /workspace/IQTree_8_cores_TarvD7_Results/ENSG00000138640.nuc.ord.treefile
  Likelihood distances:          /workspace/IQTree_8_cores_TarvD7_Results/ENSG00000138640.nuc.ord.mldist
  Screen log file:               /workspace/IQTree_8_cores_TarvD7_Results/ENSG00000138640.nuc.ord.log

Date and Time: Tue May 26 16:32:58 2026
