IQ-TREE version 3.1.2 for Linux x86 64-bit built May  7 2026
Developed by Bui Quang Minh, Thomas Wong, Nhan Ly-Trong, Huaiyan Ren
Contributed by Lam-Tung Nguyen, Dominik Schrempf, Chris Bielow,
Olga Chernomor, Michael Woodhams, Diep Thi Hoang, Heiko Schmidt

Host:    8084c4e79f09 (AVX512, FMA3, 1133 GB RAM)
Command: /workspace/iqtree-3.1.2-Linux/bin/iqtree3_intel -s /workspace/NeuralNJ/empirical/TarvD7/ENSG00000107020.nuc.ord.aln -st DNA -m GTR+G -T 8 -seed 2201 -pre /workspace/IQTree_8_cores_TarvD7_Results/ENSG00000107020.nuc.ord -quiet
Seed:    2201 (Using SPRNG - Scalable Parallel Random Number Generator)
Time:    Tue May 26 05:33:42 2026
Kernel:  AVX+FMA - 8 threads (384 CPU cores detected)

Reading alignment file /workspace/NeuralNJ/empirical/TarvD7/ENSG00000107020.nuc.ord.aln ... Fasta format detected
Reading fasta file: done in 0.000170231 secs using 28.2% CPU
Alignment most likely contains DNA/RNA sequences
Constructing alignment: done in 0.00103593 secs using 609.1% CPU
Alignment has 30 sequences with 525 columns, 266 distinct patterns
179 parsimony-informative, 57 singleton sites, 289 constant sites
                   Gap/Ambiguity  Composition  p-value
Analyzing sequences: done in 1.28746e-05 secs using 93.21% CPU
   1  P001_Platypus       15.43%    passed     15.22%
   2  P002_Opossum        16.00%    passed     87.39%
   3  P003_Wallaby        16.00%    passed     95.61%
   4  P004_Tenrec         31.43%    failed      1.42%
   5  P005_Rock_hyrax     17.14%    passed     92.95%
   6  P007_Armadillo      31.43%    passed     91.40%
   7  P011_Dolphin        16.00%    passed     99.16%
   8  P012_Cow            16.00%    passed     99.76%
   9  P013_Pig            16.00%    passed     94.18%
  10  P014_Alpaca         16.00%    passed     96.27%
  11  P015_Horse          16.00%    passed     95.49%
  12  P016_Dog            16.00%    passed     92.87%
  13  P018_Megabat        31.43%    passed     83.82%
  14  P019_Microbat       33.14%    passed     88.38%
  15  P020_Rabbit         16.00%    passed     97.81%
  16  P021_Pika           38.86%    passed     50.36%
  17  P022_Squirrel       41.14%    passed     58.37%
  18  P023_Guinea_pig     16.00%    passed     59.21%
  19  P024_Kangaroo_rat   32.57%    passed     50.35%
  20  P025_Mouse          16.00%    passed     25.72%
  21  P026_Rat            16.00%    passed     96.69%
  22  P027_Tree_shrew     16.00%    passed     54.96%
  23  P028_Bushbaby       39.43%    passed     71.59%
  24  P029_Mouse_lemur    16.00%    passed     89.82%
  25  P030_Tarsier        16.57%    passed     99.96%
  26  P031_Marmoset       16.00%    passed     88.20%
  27  P032_Rhesus         16.00%    passed     94.99%
  28  P034_Gorilla        70.86%    passed     66.54%
  29  P035_Chimp          16.00%    passed     95.07%
  30  P036_Human          16.00%    passed     94.99%
WARNING: 1 sequences contain more than 50% gaps/ambiguity
****  TOTAL               22.91%  1 sequences failed composition chi2 test (p-value<5%; df=3)
Checking for duplicate sequences: done in 0.000118971 secs using 787.6% CPU

Create initial parsimony tree by phylogenetic likelihood library (PLL)... 0.002 seconds

NOTE: 1 MB RAM (0 GB) is required!
WARNING: Number of threads seems too high for short alignments. Use -T AUTO to determine best number of threads.
Estimate model parameters (epsilon = 0.100)
1. Initial log-likelihood: -4126.776
2. Current log-likelihood: -3860.361
3. Current log-likelihood: -3857.753
Optimal log-likelihood: -3857.740
Rate parameters:  A-C: 1.70626  A-G: 5.60016  A-T: 0.66928  C-G: 1.48841  C-T: 7.72871  G-T: 1.00000
Base frequencies:  A: 0.341  C: 0.187  G: 0.219  T: 0.254
Gamma shape alpha: 0.494
Parameters optimization took 3 rounds (0.048 sec)
Wrote distance file to... 
Computing ML distances based on estimated model parameters...
Calculating distance matrix: done in 0.000357151 secs using 794.6% CPU
Computing ML distances took 0.000400 sec (of wall-clock time) 0.002977 sec (of CPU time)
Setting up auxiliary I and S matrices: done in 7.20024e-05 secs using 990.2% CPU
Constructing RapidNJ tree: done in 0.00145483 secs using 591.5% CPU
Computing RapidNJ tree took 0.001597 sec (of wall-clock time) 0.014295 sec (of CPU time)
Log-likelihood of RapidNJ tree: -3899.906
--------------------------------------------------------------------
|             INITIALIZING CANDIDATE TREE SET                      |
--------------------------------------------------------------------
Generating 98 parsimony trees... 0.078 second
Computing log-likelihood of 98 initial trees ... 0.301 seconds
Current best score: -3846.257

Do NNI search on 20 best initial trees
Estimate model parameters (epsilon = 0.100)
BETTER TREE FOUND at iteration 1: -3840.626
Estimate model parameters (epsilon = 0.100)
BETTER TREE FOUND at iteration 4: -3836.131
Iteration 10 / LogL: -3844.345 / Time: 0h:0m:0s
Iteration 20 / LogL: -3845.148 / Time: 0h:0m:1s
Finish initializing candidate tree set (18)
Current best tree score: -3836.131 / CPU time: 1.513
Number of iterations: 20
--------------------------------------------------------------------
|               OPTIMIZING CANDIDATE TREE SET                      |
--------------------------------------------------------------------
Estimate model parameters (epsilon = 0.100)
BETTER TREE FOUND at iteration 25: -3832.927
Iteration 30 / LogL: -3834.910 / Time: 0h:0m:2s (0h:0m:7s left)
UPDATE BEST LOG-LIKELIHOOD: -3832.926
Iteration 40 / LogL: -3832.927 / Time: 0h:0m:2s (0h:0m:6s left)
UPDATE BEST LOG-LIKELIHOOD: -3832.926
Iteration 50 / LogL: -3834.877 / Time: 0h:0m:3s (0h:0m:5s left)
UPDATE BEST LOG-LIKELIHOOD: -3832.926
Iteration 60 / LogL: -3832.927 / Time: 0h:0m:4s (0h:0m:4s left)
Iteration 70 / LogL: -3834.877 / Time: 0h:0m:4s (0h:0m:3s left)
UPDATE BEST LOG-LIKELIHOOD: -3832.926
Iteration 80 / LogL: -3840.476 / Time: 0h:0m:5s (0h:0m:3s left)
Iteration 90 / LogL: -3832.927 / Time: 0h:0m:6s (0h:0m:2s left)
Iteration 100 / LogL: -3851.582 / Time: 0h:0m:6s (0h:0m:1s left)
Iteration 110 / LogL: -3832.927 / Time: 0h:0m:7s (0h:0m:1s left)
Iteration 120 / LogL: -3832.936 / Time: 0h:0m:8s (0h:0m:0s left)
TREE SEARCH COMPLETED AFTER 126 ITERATIONS / Time: 0h:0m:8s

--------------------------------------------------------------------
|                    FINALIZING TREE SEARCH                        |
--------------------------------------------------------------------
Performs final model parameters optimization
Estimate model parameters (epsilon = 0.010)
1. Initial log-likelihood: -3832.926
Optimal log-likelihood: -3832.926
Rate parameters:  A-C: 1.47760  A-G: 5.33769  A-T: 0.62835  C-G: 1.35185  C-T: 7.29135  G-T: 1.00000
Base frequencies:  A: 0.341  C: 0.187  G: 0.219  T: 0.254
Gamma shape alpha: 0.496
Parameters optimization took 1 rounds (0.005 sec)
BEST SCORE FOUND : -3832.926
Total tree length: 1.974

Total number of iterations: 126
CPU time used for tree search: 68.525 sec (0h:1m:8s)
Wall-clock time used for tree search: 8.562 sec (0h:0m:8s)
Total CPU time used: 69.117 sec (0h:1m:9s)
Total wall-clock time used: 8.637 sec (0h:0m:8s)

Analysis results written to: 
  IQ-TREE report:                /workspace/IQTree_8_cores_TarvD7_Results/ENSG00000107020.nuc.ord.iqtree
  Maximum-likelihood tree:       /workspace/IQTree_8_cores_TarvD7_Results/ENSG00000107020.nuc.ord.treefile
  Likelihood distances:          /workspace/IQTree_8_cores_TarvD7_Results/ENSG00000107020.nuc.ord.mldist
  Screen log file:               /workspace/IQTree_8_cores_TarvD7_Results/ENSG00000107020.nuc.ord.log

Date and Time: Tue May 26 05:33:51 2026
