IQ-TREE version 3.1.2 for Linux x86 64-bit built May  7 2026
Developed by Bui Quang Minh, Thomas Wong, Nhan Ly-Trong, Huaiyan Ren
Contributed by Lam-Tung Nguyen, Dominik Schrempf, Chris Bielow,
Olga Chernomor, Michael Woodhams, Diep Thi Hoang, Heiko Schmidt

Host:    8084c4e79f09 (AVX512, FMA3, 1133 GB RAM)
Command: /workspace/iqtree-3.1.2-Linux/bin/iqtree3_intel -s /workspace/NeuralNJ/empirical/TarvD7/ENSG00000054116.nuc.ord.aln -st DNA -m GTR+G -T 8 -seed 2201 -pre /workspace/IQTree_8_cores_TarvD7_Results/ENSG00000054116.nuc.ord -quiet
Seed:    2201 (Using SPRNG - Scalable Parallel Random Number Generator)
Time:    Mon May 25 22:51:22 2026
Kernel:  AVX+FMA - 8 threads (384 CPU cores detected)

Reading alignment file /workspace/NeuralNJ/empirical/TarvD7/ENSG00000054116.nuc.ord.aln ... Fasta format detected
Reading fasta file: done in 0.000226021 secs using 35.39% CPU
Alignment most likely contains DNA/RNA sequences
Constructing alignment: done in 0.000795841 secs using 735.6% CPU
Alignment has 34 sequences with 621 columns, 244 distinct patterns
140 parsimony-informative, 63 singleton sites, 418 constant sites
                   Gap/Ambiguity  Composition  p-value
Analyzing sequences: done in 1.19209e-05 secs using 50.33% CPU
   1  P001_Platypus       13.04%    passed     17.16%
   2  P002_Opossum        13.04%    passed     40.21%
   3  P003_Wallaby        13.04%    passed     96.35%
   4  P004_Tenrec         13.04%    passed     85.94%
   5  P005_Rock_hyrax     42.51%    passed     37.85%
   6  P006_Elephant       13.04%    passed     99.87%
   7  P007_Armadillo      28.99%    passed     97.56%
   8  P008_Sloth          19.81%    passed     90.29%
   9  P009_Hedgehog       35.27%    passed     87.64%
  10  P010_Common_shrew   19.81%    passed     74.88%
  11  P011_Dolphin        13.04%    passed     99.11%
  12  P012_Cow            27.05%    passed     72.06%
  13  P013_Pig            13.04%    passed     99.69%
  14  P014_Alpaca         19.81%    passed     90.78%
  15  P015_Horse          13.04%    passed     86.28%
  16  P016_Dog            13.04%    passed     89.64%
  17  P017_Cat            13.04%    passed     99.56%
  18  P018_Megabat        13.04%    passed     95.87%
  19  P019_Microbat       13.04%    passed     94.00%
  20  P020_Rabbit         13.04%    passed     99.68%
  21  P021_Pika           13.53%    passed     99.91%
  22  P022_Squirrel       51.69%    passed     50.62%
  23  P023_Guinea_pig     13.04%    passed     67.79%
  24  P025_Mouse          13.04%    passed     50.17%
  25  P026_Rat            13.04%    passed     82.96%
  26  P027_Tree_shrew     19.81%    passed     86.68%
  27  P029_Mouse_lemur    13.04%    passed     94.32%
  28  P030_Tarsier        19.81%    passed     95.78%
  29  P031_Marmoset       13.04%    passed     92.02%
  30  P032_Rhesus         13.04%    passed     91.52%
  31  P033_Orangutan      13.04%    passed     88.89%
  32  P034_Gorilla        13.04%    passed     85.57%
  33  P035_Chimp          13.04%    passed     85.57%
  34  P036_Human          13.04%    passed     85.57%
WARNING: 1 sequences contain more than 50% gaps/ambiguity
****  TOTAL               17.59%  0 sequences failed composition chi2 test (p-value<5%; df=3)
NOTE: P035_Chimp is identical to P034_Gorilla but kept for subsequent analysis
Checking for duplicate sequences: done in 9.29832e-05 secs using 785.1% CPU
Identifying sites to remove: done in 0.000163794 secs using 787.6% CPU
NOTE: 1 identical sequences (see below) will be ignored for subsequent analysis
NOTE: P036_Human (identical to P034_Gorilla) is ignored but added at the end
Alignment was printed to /workspace/IQTree_8_cores_TarvD7_Results/ENSG00000054116.nuc.ord.uniqueseq.phy

For your convenience alignment with unique sequences printed to /workspace/IQTree_8_cores_TarvD7_Results/ENSG00000054116.nuc.ord.uniqueseq.phy

Create initial parsimony tree by phylogenetic likelihood library (PLL)... 0.001 seconds

NOTE: 1 MB RAM (0 GB) is required!
WARNING: Number of threads seems too high for short alignments. Use -T AUTO to determine best number of threads.
Estimate model parameters (epsilon = 0.100)
1. Initial log-likelihood: -3699.994
2. Current log-likelihood: -3403.712
3. Current log-likelihood: -3401.015
Optimal log-likelihood: -3401.008
Rate parameters:  A-C: 1.64523  A-G: 6.52408  A-T: 1.15670  C-G: 1.12109  C-T: 12.20849  G-T: 1.00000
Base frequencies:  A: 0.262  C: 0.218  G: 0.279  T: 0.241
Gamma shape alpha: 0.290
Parameters optimization took 3 rounds (0.043 sec)
Wrote distance file to... 
Computing ML distances based on estimated model parameters...
Calculating distance matrix: done in 0.000407934 secs using 795.5% CPU
Computing ML distances took 0.000450 sec (of wall-clock time) 0.003395 sec (of CPU time)
Setting up auxiliary I and S matrices: done in 7.51019e-05 secs using 1150% CPU
Constructing RapidNJ tree: done in 0.00167203 secs using 517.2% CPU
Computing RapidNJ tree took 0.001777 sec (of wall-clock time) 0.015126 sec (of CPU time)
Log-likelihood of RapidNJ tree: -3421.118
--------------------------------------------------------------------
|             INITIALIZING CANDIDATE TREE SET                      |
--------------------------------------------------------------------
Generating 98 parsimony trees... 0.086 second
Computing log-likelihood of 98 initial trees ... 0.243 seconds
Current best score: -3396.444

Do NNI search on 20 best initial trees
Estimate model parameters (epsilon = 0.100)
BETTER TREE FOUND at iteration 1: -3393.643
Iteration 10 / LogL: -3398.790 / Time: 0h:0m:0s
Iteration 20 / LogL: -3401.856 / Time: 0h:0m:1s
Finish initializing candidate tree set (16)
Current best tree score: -3393.643 / CPU time: 1.246
Number of iterations: 20
--------------------------------------------------------------------
|               OPTIMIZING CANDIDATE TREE SET                      |
--------------------------------------------------------------------
Iteration 30 / LogL: -3394.983 / Time: 0h:0m:2s (0h:0m:4s left)
Iteration 40 / LogL: -3397.312 / Time: 0h:0m:2s (0h:0m:4s left)
BETTER TREE FOUND at iteration 45: -3393.642
Iteration 50 / LogL: -3394.193 / Time: 0h:0m:3s (0h:0m:6s left)
UPDATE BEST LOG-LIKELIHOOD: -3393.642
Iteration 60 / LogL: -3394.176 / Time: 0h:0m:4s (0h:0m:5s left)
Iteration 70 / LogL: -3394.176 / Time: 0h:0m:4s (0h:0m:5s left)
Iteration 80 / LogL: -3394.177 / Time: 0h:0m:5s (0h:0m:4s left)
Iteration 90 / LogL: -3393.643 / Time: 0h:0m:6s (0h:0m:3s left)
Iteration 100 / LogL: -3393.643 / Time: 0h:0m:7s (0h:0m:3s left)
Iteration 110 / LogL: -3395.535 / Time: 0h:0m:7s (0h:0m:2s left)
Iteration 120 / LogL: -3402.496 / Time: 0h:0m:8s (0h:0m:1s left)
Iteration 130 / LogL: -3394.178 / Time: 0h:0m:9s (0h:0m:1s left)
Iteration 140 / LogL: -3394.315 / Time: 0h:0m:10s (0h:0m:0s left)
TREE SEARCH COMPLETED AFTER 146 ITERATIONS / Time: 0h:0m:10s

--------------------------------------------------------------------
|                    FINALIZING TREE SEARCH                        |
--------------------------------------------------------------------
Performs final model parameters optimization
Estimate model parameters (epsilon = 0.010)
1. Initial log-likelihood: -3393.642
Optimal log-likelihood: -3393.642
Rate parameters:  A-C: 1.72039  A-G: 6.65309  A-T: 1.22078  C-G: 1.22111  C-T: 12.91234  G-T: 1.00000
Base frequencies:  A: 0.262  C: 0.218  G: 0.279  T: 0.241
Gamma shape alpha: 0.294
Parameters optimization took 1 rounds (0.005 sec)
BEST SCORE FOUND : -3393.642
Total tree length: 1.258

Total number of iterations: 146
CPU time used for tree search: 84.656 sec (0h:1m:24s)
Wall-clock time used for tree search: 10.584 sec (0h:0m:10s)
Total CPU time used: 85.198 sec (0h:1m:25s)
Total wall-clock time used: 10.652 sec (0h:0m:10s)

Analysis results written to: 
  IQ-TREE report:                /workspace/IQTree_8_cores_TarvD7_Results/ENSG00000054116.nuc.ord.iqtree
  Maximum-likelihood tree:       /workspace/IQTree_8_cores_TarvD7_Results/ENSG00000054116.nuc.ord.treefile
  Likelihood distances:          /workspace/IQTree_8_cores_TarvD7_Results/ENSG00000054116.nuc.ord.mldist
  Screen log file:               /workspace/IQTree_8_cores_TarvD7_Results/ENSG00000054116.nuc.ord.log

Date and Time: Mon May 25 22:51:32 2026
