IQ-TREE version 3.1.2 for Linux x86 64-bit built May  7 2026
Developed by Bui Quang Minh, Thomas Wong, Nhan Ly-Trong, Huaiyan Ren
Contributed by Lam-Tung Nguyen, Dominik Schrempf, Chris Bielow,
Olga Chernomor, Michael Woodhams, Diep Thi Hoang, Heiko Schmidt

Host:    8084c4e79f09 (AVX512, FMA3, 1133 GB RAM)
Command: /workspace/iqtree-3.1.2-Linux/bin/iqtree3_intel -s /workspace/NeuralNJ/empirical/TarvD7/ENSG00000136480.nuc.ord.aln -st DNA -m GTR+G -T 8 -seed 2201 -pre /workspace/IQTree_8_cores_TarvD7_Results/ENSG00000136480.nuc.ord -quiet
Seed:    2201 (Using SPRNG - Scalable Parallel Random Number Generator)
Time:    Tue May 26 15:23:35 2026
Kernel:  AVX+FMA - 8 threads (384 CPU cores detected)

Reading alignment file /workspace/NeuralNJ/empirical/TarvD7/ENSG00000136480.nuc.ord.aln ... Fasta format detected
Reading fasta file: done in 0.000485897 secs using 51.04% CPU
Alignment most likely contains DNA/RNA sequences
Constructing alignment: done in 0.0021379 secs using 803.8% CPU
Alignment has 34 sequences with 1503 columns, 1072 distinct patterns
696 parsimony-informative, 285 singleton sites, 522 constant sites
                   Gap/Ambiguity  Composition  p-value
Analyzing sequences: done in 3.91006e-05 secs using 570.3% CPU
   1  P001_Platypus       24.55%    passed     76.75%
   2  P002_Opossum         8.78%    passed     20.39%
   3  P003_Wallaby        28.14%    failed      1.36%
   4  P004_Tenrec         47.50%    passed     97.06%
   5  P005_Rock_hyrax     49.90%    passed     69.44%
   6  P006_Elephant        3.19%    passed     98.30%
   7  P007_Armadillo      55.89%    failed      0.30%
   8  P008_Sloth          62.67%    failed      0.00%
   9  P010_Common_shrew    5.59%    failed      0.01%
  10  P011_Dolphin         3.79%    passed     34.04%
  11  P012_Cow             3.19%    passed     70.70%
  12  P014_Alpaca          3.39%    passed     61.93%
  13  P015_Horse           8.38%    passed     18.30%
  14  P016_Dog             3.19%    passed     80.81%
  15  P017_Cat            21.56%    passed     73.23%
  16  P018_Megabat        15.17%    passed     60.96%
  17  P019_Microbat       14.77%    passed     96.97%
  18  P020_Rabbit         29.54%    failed      0.05%
  19  P021_Pika            4.59%    failed      0.00%
  20  P022_Squirrel       28.34%    passed     97.25%
  21  P023_Guinea_pig      8.38%    passed     90.60%
  22  P024_Kangaroo_rat   38.92%    failed      0.02%
  23  P025_Mouse           8.38%    failed      2.34%
  24  P026_Rat             8.38%    failed      2.45%
  25  P027_Tree_shrew     47.31%    passed     82.80%
  26  P028_Bushbaby       16.17%    passed     93.30%
  27  P029_Mouse_lemur    14.17%    passed     99.33%
  28  P030_Tarsier        40.72%    passed     84.80%
  29  P031_Marmoset        3.19%    passed     30.93%
  30  P032_Rhesus         35.53%    passed     62.77%
  31  P033_Orangutan       3.19%    passed     24.50%
  32  P034_Gorilla        47.50%    passed     83.21%
  33  P035_Chimp           3.19%    passed     32.26%
  34  P036_Human           3.19%    passed     27.53%
WARNING: 2 sequences contain more than 50% gaps/ambiguity
****  TOTAL               20.60%  9 sequences failed composition chi2 test (p-value<5%; df=3)
Checking for duplicate sequences: done in 0.000142097 secs using 780.5% CPU

Create initial parsimony tree by phylogenetic likelihood library (PLL)... 0.002 seconds

NOTE: 4 MB RAM (0 GB) is required!
Estimate model parameters (epsilon = 0.100)
1. Initial log-likelihood: -16050.667
2. Current log-likelihood: -15561.886
3. Current log-likelihood: -15230.143
4. Current log-likelihood: -15219.905
5. Current log-likelihood: -15219.693
Optimal log-likelihood: -15219.681
Rate parameters:  A-C: 1.74960  A-G: 4.34799  A-T: 0.52133  C-G: 2.22535  C-T: 4.93138  G-T: 1.00000
Base frequencies:  A: 0.258  C: 0.219  G: 0.276  T: 0.248
Gamma shape alpha: 0.682
Parameters optimization took 5 rounds (0.133 sec)
Wrote distance file to... 
Computing ML distances based on estimated model parameters...
Calculating distance matrix: done in 0.000546932 secs using 821.7% CPU
Computing ML distances took 0.000709 sec (of wall-clock time) 0.005506 sec (of CPU time)
Setting up auxiliary I and S matrices: done in 8.2016e-05 secs using 1049% CPU
Constructing RapidNJ tree: done in 0.00188994 secs using 824.7% CPU
Computing RapidNJ tree took 0.002000 sec (of wall-clock time) 0.016786 sec (of CPU time)
Log-likelihood of RapidNJ tree: -15311.640
--------------------------------------------------------------------
|             INITIALIZING CANDIDATE TREE SET                      |
--------------------------------------------------------------------
Generating 98 parsimony trees... 0.260 second
Computing log-likelihood of 98 initial trees ... 0.408 seconds
Current best score: -15219.681

Do NNI search on 20 best initial trees
Estimate model parameters (epsilon = 0.100)
BETTER TREE FOUND at iteration 1: -15218.067
Estimate model parameters (epsilon = 0.100)
BETTER TREE FOUND at iteration 2: -15215.233
Estimate model parameters (epsilon = 0.100)
BETTER TREE FOUND at iteration 4: -15214.450
Estimate model parameters (epsilon = 0.100)
BETTER TREE FOUND at iteration 6: -15213.652
Iteration 10 / LogL: -15215.246 / Time: 0h:0m:1s
UPDATE BEST LOG-LIKELIHOOD: -15213.652
Iteration 20 / LogL: -15227.101 / Time: 0h:0m:2s
Finish initializing candidate tree set (9)
Current best tree score: -15213.652 / CPU time: 2.368
Number of iterations: 20
--------------------------------------------------------------------
|               OPTIMIZING CANDIDATE TREE SET                      |
--------------------------------------------------------------------
Iteration 30 / LogL: -15215.228 / Time: 0h:0m:3s (0h:0m:9s left)
Iteration 40 / LogL: -15215.245 / Time: 0h:0m:4s (0h:0m:7s left)
UPDATE BEST LOG-LIKELIHOOD: -15213.652
Iteration 50 / LogL: -15213.652 / Time: 0h:0m:5s (0h:0m:6s left)
Iteration 60 / LogL: -15213.652 / Time: 0h:0m:6s (0h:0m:5s left)
BETTER TREE FOUND at iteration 66: -15213.652
Iteration 70 / LogL: -15214.464 / Time: 0h:0m:7s (0h:0m:10s left)
UPDATE BEST LOG-LIKELIHOOD: -15213.652
UPDATE BEST LOG-LIKELIHOOD: -15213.652
Iteration 80 / LogL: -15219.795 / Time: 0h:0m:9s (0h:0m:9s left)
Estimate model parameters (epsilon = 0.100)
BETTER TREE FOUND at iteration 90: -15209.738
Iteration 90 / LogL: -15209.738 / Time: 0h:0m:10s (0h:0m:11s left)
Iteration 100 / LogL: -15214.061 / Time: 0h:0m:11s (0h:0m:10s left)
Estimate model parameters (epsilon = 0.100)
BETTER TREE FOUND at iteration 102: -15208.286
Iteration 110 / LogL: -15251.674 / Time: 0h:0m:12s (0h:0m:10s left)
Estimate model parameters (epsilon = 0.100)
BETTER TREE FOUND at iteration 111: -15207.982
Estimate model parameters (epsilon = 0.100)
BETTER TREE FOUND at iteration 114: -15207.851
Iteration 120 / LogL: -15210.891 / Time: 0h:0m:13s (0h:0m:10s left)
Iteration 130 / LogL: -15208.413 / Time: 0h:0m:14s (0h:0m:9s left)
Iteration 140 / LogL: -15209.700 / Time: 0h:0m:15s (0h:0m:8s left)
Iteration 150 / LogL: -15207.860 / Time: 0h:0m:17s (0h:0m:7s left)
Iteration 160 / LogL: -15207.854 / Time: 0h:0m:18s (0h:0m:6s left)
Iteration 170 / LogL: -15207.961 / Time: 0h:0m:19s (0h:0m:4s left)
Iteration 180 / LogL: -15207.863 / Time: 0h:0m:20s (0h:0m:3s left)
Iteration 190 / LogL: -15207.878 / Time: 0h:0m:21s (0h:0m:2s left)
Estimate model parameters (epsilon = 0.100)
BETTER TREE FOUND at iteration 194: -15207.543
Iteration 200 / LogL: -15207.881 / Time: 0h:0m:22s (0h:0m:10s left)
Estimate model parameters (epsilon = 0.100)
BETTER TREE FOUND at iteration 203: -15207.120
Iteration 210 / LogL: -15210.602 / Time: 0h:0m:23s (0h:0m:10s left)
Iteration 220 / LogL: -15207.888 / Time: 0h:0m:24s (0h:0m:9s left)
Iteration 230 / LogL: -15207.543 / Time: 0h:0m:25s (0h:0m:8s left)
Iteration 240 / LogL: -15211.296 / Time: 0h:0m:27s (0h:0m:7s left)
UPDATE BEST LOG-LIKELIHOOD: -15207.120
Iteration 250 / LogL: -15207.544 / Time: 0h:0m:28s (0h:0m:6s left)
Iteration 260 / LogL: -15207.123 / Time: 0h:0m:29s (0h:0m:4s left)
Iteration 270 / LogL: -15207.125 / Time: 0h:0m:30s (0h:0m:3s left)
Iteration 280 / LogL: -15207.135 / Time: 0h:0m:31s (0h:0m:2s left)
Iteration 290 / LogL: -15207.544 / Time: 0h:0m:33s (0h:0m:1s left)
Iteration 300 / LogL: -15207.544 / Time: 0h:0m:34s (0h:0m:0s left)
TREE SEARCH COMPLETED AFTER 304 ITERATIONS / Time: 0h:0m:34s

--------------------------------------------------------------------
|                    FINALIZING TREE SEARCH                        |
--------------------------------------------------------------------
Performs final model parameters optimization
Estimate model parameters (epsilon = 0.010)
1. Initial log-likelihood: -15207.120
Optimal log-likelihood: -15207.119
Rate parameters:  A-C: 1.73221  A-G: 4.35300  A-T: 0.49873  C-G: 2.15928  C-T: 4.99225  G-T: 1.00000
Base frequencies:  A: 0.258  C: 0.219  G: 0.276  T: 0.248
Gamma shape alpha: 0.646
Parameters optimization took 1 rounds (0.011 sec)
BEST SCORE FOUND : -15207.119
Total tree length: 3.639

Total number of iterations: 304
CPU time used for tree search: 275.288 sec (0h:4m:35s)
Wall-clock time used for tree search: 34.722 sec (0h:0m:34s)
Total CPU time used: 276.713 sec (0h:4m:36s)
Total wall-clock time used: 34.901 sec (0h:0m:34s)

Analysis results written to: 
  IQ-TREE report:                /workspace/IQTree_8_cores_TarvD7_Results/ENSG00000136480.nuc.ord.iqtree
  Maximum-likelihood tree:       /workspace/IQTree_8_cores_TarvD7_Results/ENSG00000136480.nuc.ord.treefile
  Likelihood distances:          /workspace/IQTree_8_cores_TarvD7_Results/ENSG00000136480.nuc.ord.mldist
  Screen log file:               /workspace/IQTree_8_cores_TarvD7_Results/ENSG00000136480.nuc.ord.log

Date and Time: Tue May 26 15:24:10 2026
