IQ-TREE version 3.1.2 for Linux x86 64-bit built May  7 2026
Developed by Bui Quang Minh, Thomas Wong, Nhan Ly-Trong, Huaiyan Ren
Contributed by Lam-Tung Nguyen, Dominik Schrempf, Chris Bielow,
Olga Chernomor, Michael Woodhams, Diep Thi Hoang, Heiko Schmidt

Host:    8084c4e79f09 (AVX512, FMA3, 1133 GB RAM)
Command: /workspace/iqtree-3.1.2-Linux/bin/iqtree3_intel -s /workspace/NeuralNJ/empirical/TarvD7/ENSG00000241106.nuc.ord.aln -st DNA -m GTR+G -T 8 -seed 2201 -pre /workspace/IQTree_8_cores_TarvD7_Results/ENSG00000241106.nuc.ord -quiet
Seed:    2201 (Using SPRNG - Scalable Parallel Random Number Generator)
Time:    Wed May 27 13:34:55 2026
Kernel:  AVX+FMA - 8 threads (384 CPU cores detected)

Reading alignment file /workspace/NeuralNJ/empirical/TarvD7/ENSG00000241106.nuc.ord.aln ... Fasta format detected
Reading fasta file: done in 0.000422001 secs using 64.45% CPU
Alignment most likely contains DNA/RNA sequences
Constructing alignment: done in 0.00195289 secs using 751.2% CPU
Alignment has 26 sequences with 993 columns, 638 distinct patterns
362 parsimony-informative, 218 singleton sites, 413 constant sites
                   Gap/Ambiguity  Composition  p-value
Analyzing sequences: done in 1.69277e-05 secs using 271.7% CPU
   1  P002_Opossum        27.49%    failed      0.28%
   2  P004_Tenrec         18.43%    passed     96.84%
   3  P005_Rock_hyrax     55.29%    failed      0.94%
   4  P006_Elephant       28.70%    passed     39.18%
   5  P007_Armadillo      44.71%    passed     50.52%
   6  P008_Sloth          21.15%    passed     80.60%
   7  P011_Dolphin        19.94%    passed     99.67%
   8  P014_Alpaca         46.83%    passed     76.22%
   9  P015_Horse          23.26%    passed     88.88%
  10  P016_Dog            16.01%    passed      9.09%
  11  P017_Cat            45.32%    passed     83.49%
  12  P018_Megabat        17.52%    passed     38.62%
  13  P020_Rabbit         33.84%    passed     56.49%
  14  P021_Pika           17.52%    passed      8.49%
  15  P022_Squirrel       18.13%    passed     67.22%
  16  P024_Kangaroo_rat   37.46%    passed     67.61%
  17  P025_Mouse          15.11%    passed     72.09%
  18  P026_Rat            17.82%    passed     25.73%
  19  P027_Tree_shrew     66.16%    passed     45.07%
  20  P028_Bushbaby       17.52%    passed     57.20%
  21  P029_Mouse_lemur    43.20%    failed      0.05%
  22  P030_Tarsier        17.52%    passed     96.07%
  23  P033_Orangutan      18.13%    passed     92.24%
  24  P034_Gorilla        18.13%    passed     99.35%
  25  P035_Chimp          17.52%    passed     99.79%
  26  P036_Human          17.52%    passed     99.84%
WARNING: 2 sequences contain more than 50% gaps/ambiguity
****  TOTAL               27.70%  3 sequences failed composition chi2 test (p-value<5%; df=3)
Checking for duplicate sequences: done in 0.000141144 secs using 792.8% CPU

Create initial parsimony tree by phylogenetic likelihood library (PLL)... 0.002 seconds

NOTE: 2 MB RAM (0 GB) is required!
WARNING: Number of threads seems too high for short alignments. Use -T AUTO to determine best number of threads.
Estimate model parameters (epsilon = 0.100)
1. Initial log-likelihood: -8510.933
2. Current log-likelihood: -8086.289
3. Current log-likelihood: -8080.065
Optimal log-likelihood: -8080.052
Rate parameters:  A-C: 1.85729  A-G: 4.06586  A-T: 1.01345  C-G: 1.51202  C-T: 5.71923  G-T: 1.00000
Base frequencies:  A: 0.228  C: 0.228  G: 0.298  T: 0.247
Gamma shape alpha: 0.952
Parameters optimization took 3 rounds (0.046 sec)
Wrote distance file to... 
Computing ML distances based on estimated model parameters...
Calculating distance matrix: done in 0.000452042 secs using 776% CPU
Computing ML distances took 0.000513 sec (of wall-clock time) 0.003824 sec (of CPU time)
Setting up auxiliary I and S matrices: done in 7.60555e-05 secs using 1098% CPU
Constructing RapidNJ tree: done in 0.00137496 secs using 453.2% CPU
Computing RapidNJ tree took 0.001475 sec (of wall-clock time) 0.007287 sec (of CPU time)
Log-likelihood of RapidNJ tree: -8137.523
--------------------------------------------------------------------
|             INITIALIZING CANDIDATE TREE SET                      |
--------------------------------------------------------------------
Generating 98 parsimony trees... 0.135 second
Computing log-likelihood of 98 initial trees ... 0.395 seconds
Current best score: -8080.052

Do NNI search on 20 best initial trees
Estimate model parameters (epsilon = 0.100)
BETTER TREE FOUND at iteration 1: -8076.637
Estimate model parameters (epsilon = 0.100)
BETTER TREE FOUND at iteration 2: -8076.406
Estimate model parameters (epsilon = 0.100)
BETTER TREE FOUND at iteration 3: -8073.739
Iteration 10 / LogL: -8076.501 / Time: 0h:0m:1s
Iteration 20 / LogL: -8073.771 / Time: 0h:0m:1s
Finish initializing candidate tree set (4)
Current best tree score: -8073.739 / CPU time: 1.602
Number of iterations: 20
--------------------------------------------------------------------
|               OPTIMIZING CANDIDATE TREE SET                      |
--------------------------------------------------------------------
Iteration 30 / LogL: -8077.861 / Time: 0h:0m:2s (0h:0m:5s left)
Iteration 40 / LogL: -8076.558 / Time: 0h:0m:3s (0h:0m:5s left)
Iteration 50 / LogL: -8077.794 / Time: 0h:0m:3s (0h:0m:4s left)
Iteration 60 / LogL: -8073.801 / Time: 0h:0m:4s (0h:0m:3s left)
Iteration 70 / LogL: -8077.798 / Time: 0h:0m:5s (0h:0m:2s left)
Iteration 80 / LogL: -8076.492 / Time: 0h:0m:5s (0h:0m:1s left)
Iteration 90 / LogL: -8073.769 / Time: 0h:0m:6s (0h:0m:0s left)
Iteration 100 / LogL: -8073.743 / Time: 0h:0m:6s (0h:0m:0s left)
TREE SEARCH COMPLETED AFTER 104 ITERATIONS / Time: 0h:0m:7s

--------------------------------------------------------------------
|                    FINALIZING TREE SEARCH                        |
--------------------------------------------------------------------
Performs final model parameters optimization
Estimate model parameters (epsilon = 0.010)
1. Initial log-likelihood: -8073.739
Optimal log-likelihood: -8073.734
Rate parameters:  A-C: 1.91120  A-G: 4.12436  A-T: 1.01911  C-G: 1.46617  C-T: 5.75017  G-T: 1.00000
Base frequencies:  A: 0.228  C: 0.228  G: 0.298  T: 0.247
Gamma shape alpha: 0.951
Parameters optimization took 1 rounds (0.008 sec)
BEST SCORE FOUND : -8073.734
Total tree length: 2.981

Total number of iterations: 104
CPU time used for tree search: 56.001 sec (0h:0m:56s)
Wall-clock time used for tree search: 7.029 sec (0h:0m:7s)
Total CPU time used: 56.691 sec (0h:0m:56s)
Total wall-clock time used: 7.115 sec (0h:0m:7s)

Analysis results written to: 
  IQ-TREE report:                /workspace/IQTree_8_cores_TarvD7_Results/ENSG00000241106.nuc.ord.iqtree
  Maximum-likelihood tree:       /workspace/IQTree_8_cores_TarvD7_Results/ENSG00000241106.nuc.ord.treefile
  Likelihood distances:          /workspace/IQTree_8_cores_TarvD7_Results/ENSG00000241106.nuc.ord.mldist
  Screen log file:               /workspace/IQTree_8_cores_TarvD7_Results/ENSG00000241106.nuc.ord.log

Date and Time: Wed May 27 13:35:02 2026
