IQ-TREE version 3.1.2 for Linux x86 64-bit built May  7 2026
Developed by Bui Quang Minh, Thomas Wong, Nhan Ly-Trong, Huaiyan Ren
Contributed by Lam-Tung Nguyen, Dominik Schrempf, Chris Bielow,
Olga Chernomor, Michael Woodhams, Diep Thi Hoang, Heiko Schmidt

Host:    8084c4e79f09 (AVX512, FMA3, 1133 GB RAM)
Command: /workspace/iqtree-3.1.2-Linux/bin/iqtree3_intel -s /workspace/NeuralNJ/empirical/TarvD7/ENSG00000086544.nuc.ord.aln -st DNA -m GTR+G -T 8 -seed 2201 -pre /workspace/IQTree_8_cores_TarvD7_Results/ENSG00000086544.nuc.ord -quiet
Seed:    2201 (Using SPRNG - Scalable Parallel Random Number Generator)
Time:    Tue May 26 01:36:32 2026
Kernel:  AVX+FMA - 8 threads (384 CPU cores detected)

Reading alignment file /workspace/NeuralNJ/empirical/TarvD7/ENSG00000086544.nuc.ord.aln ... Fasta format detected
Reading fasta file: done in 0.000779867 secs using 33.34% CPU
Alignment most likely contains DNA/RNA sequences
Constructing alignment: done in 0.00404906 secs using 698.1% CPU
Alignment has 31 sequences with 2727 columns, 1658 distinct patterns
979 parsimony-informative, 502 singleton sites, 1246 constant sites
                   Gap/Ambiguity  Composition  p-value
Analyzing sequences: done in 5.79357e-05 secs using 433.2% CPU
   1  P001_Platypus       72.72%    passed     49.96%
   2  P002_Opossum        41.47%    failed      0.61%
   3  P004_Tenrec         51.05%    failed      0.03%
   4  P005_Rock_hyrax     24.86%    passed     58.27%
   5  P006_Elephant       37.51%    passed     34.77%
   6  P007_Armadillo      33.44%    failed      3.89%
   7  P009_Hedgehog       31.24%    failed      0.12%
   8  P010_Common_shrew   26.40%    failed      0.01%
   9  P011_Dolphin        35.09%    passed     14.22%
  10  P012_Cow            25.74%    passed     62.12%
  11  P013_Pig            67.22%    passed     48.03%
  12  P014_Alpaca         50.72%    passed      7.86%
  13  P015_Horse          67.22%    passed     94.58%
  14  P016_Dog            27.61%    passed     77.15%
  15  P017_Cat            39.38%    passed     59.42%
  16  P018_Megabat        28.05%    passed     77.44%
  17  P019_Microbat       37.95%    passed     63.82%
  18  P020_Rabbit         37.62%    failed      0.04%
  19  P021_Pika           44.44%    failed      0.43%
  20  P023_Guinea_pig     25.30%    passed     18.95%
  21  P024_Kangaroo_rat   24.97%    passed     15.54%
  22  P025_Mouse          25.41%    failed      4.76%
  23  P026_Rat            25.41%    passed     14.44%
  24  P027_Tree_shrew     46.97%    failed      4.54%
  25  P028_Bushbaby       33.22%    failed      0.01%
  26  P031_Marmoset       25.74%    passed     68.21%
  27  P032_Rhesus         31.13%    passed     74.63%
  28  P033_Orangutan      24.86%    passed     95.90%
  29  P034_Gorilla        49.83%    passed      5.08%
  30  P035_Chimp          24.86%    passed     94.69%
  31  P036_Human          24.86%    passed     97.10%
WARNING: 5 sequences contain more than 50% gaps/ambiguity
****  TOTAL               36.85%  10 sequences failed composition chi2 test (p-value<5%; df=3)
Checking for duplicate sequences: done in 0.00014782 secs using 516.8% CPU

Create initial parsimony tree by phylogenetic likelihood library (PLL)... 0.003 seconds

NOTE: 6 MB RAM (0 GB) is required!
Estimate model parameters (epsilon = 0.100)
1. Initial log-likelihood: -23744.404
2. Current log-likelihood: -22424.297
3. Current log-likelihood: -22412.944
Optimal log-likelihood: -22412.831
Rate parameters:  A-C: 1.30124  A-G: 3.24974  A-T: 1.23570  C-G: 0.86976  C-T: 5.05731  G-T: 1.00000
Base frequencies:  A: 0.221  C: 0.290  G: 0.321  T: 0.167
Gamma shape alpha: 0.813
Parameters optimization took 3 rounds (0.085 sec)
Wrote distance file to... 
Computing ML distances based on estimated model parameters...
Calculating distance matrix: done in 0.000731945 secs using 795.1% CPU
Computing ML distances took 0.000862 sec (of wall-clock time) 0.006568 sec (of CPU time)
Setting up auxiliary I and S matrices: done in 7.29561e-05 secs using 1245% CPU
Constructing RapidNJ tree: done in 0.00156903 secs using 690.2% CPU
Computing RapidNJ tree took 0.001691 sec (of wall-clock time) 0.014958 sec (of CPU time)
Log-likelihood of RapidNJ tree: -22522.137
--------------------------------------------------------------------
|             INITIALIZING CANDIDATE TREE SET                      |
--------------------------------------------------------------------
Generating 98 parsimony trees... 0.332 second
Computing log-likelihood of 98 initial trees ... 0.561 seconds
Current best score: -22412.831

Do NNI search on 20 best initial trees
Estimate model parameters (epsilon = 0.100)
BETTER TREE FOUND at iteration 1: -22409.197
Estimate model parameters (epsilon = 0.100)
BETTER TREE FOUND at iteration 2: -22406.730
Iteration 10 / LogL: -22410.515 / Time: 0h:0m:1s
Iteration 20 / LogL: -22409.881 / Time: 0h:0m:2s
Finish initializing candidate tree set (11)
Current best tree score: -22406.730 / CPU time: 2.678
Number of iterations: 20
--------------------------------------------------------------------
|               OPTIMIZING CANDIDATE TREE SET                      |
--------------------------------------------------------------------
Iteration 30 / LogL: -22409.147 / Time: 0h:0m:3s (0h:0m:9s left)
Iteration 40 / LogL: -22409.275 / Time: 0h:0m:4s (0h:0m:7s left)
Iteration 50 / LogL: -22409.449 / Time: 0h:0m:5s (0h:0m:6s left)
Iteration 60 / LogL: -22406.751 / Time: 0h:0m:6s (0h:0m:4s left)
Iteration 70 / LogL: -22411.401 / Time: 0h:0m:7s (0h:0m:3s left)
Iteration 80 / LogL: -22421.220 / Time: 0h:0m:8s (0h:0m:2s left)
Iteration 90 / LogL: -22406.874 / Time: 0h:0m:9s (0h:0m:1s left)
Iteration 100 / LogL: -22409.284 / Time: 0h:0m:10s (0h:0m:0s left)
TREE SEARCH COMPLETED AFTER 103 ITERATIONS / Time: 0h:0m:10s

--------------------------------------------------------------------
|                    FINALIZING TREE SEARCH                        |
--------------------------------------------------------------------
Performs final model parameters optimization
Estimate model parameters (epsilon = 0.010)
1. Initial log-likelihood: -22406.730
Optimal log-likelihood: -22406.724
Rate parameters:  A-C: 1.30605  A-G: 3.22484  A-T: 1.22047  C-G: 0.87372  C-T: 5.04441  G-T: 1.00000
Base frequencies:  A: 0.221  C: 0.290  G: 0.321  T: 0.167
Gamma shape alpha: 0.817
Parameters optimization took 1 rounds (0.013 sec)
BEST SCORE FOUND : -22406.724
Total tree length: 3.817

Total number of iterations: 103
CPU time used for tree search: 83.032 sec (0h:1m:23s)
Wall-clock time used for tree search: 10.623 sec (0h:0m:10s)
Total CPU time used: 84.108 sec (0h:1m:24s)
Total wall-clock time used: 10.760 sec (0h:0m:10s)

Analysis results written to: 
  IQ-TREE report:                /workspace/IQTree_8_cores_TarvD7_Results/ENSG00000086544.nuc.ord.iqtree
  Maximum-likelihood tree:       /workspace/IQTree_8_cores_TarvD7_Results/ENSG00000086544.nuc.ord.treefile
  Likelihood distances:          /workspace/IQTree_8_cores_TarvD7_Results/ENSG00000086544.nuc.ord.mldist
  Screen log file:               /workspace/IQTree_8_cores_TarvD7_Results/ENSG00000086544.nuc.ord.log

Date and Time: Tue May 26 01:36:43 2026
