IQ-TREE version 3.1.2 for Linux x86 64-bit built May  7 2026
Developed by Bui Quang Minh, Thomas Wong, Nhan Ly-Trong, Huaiyan Ren
Contributed by Lam-Tung Nguyen, Dominik Schrempf, Chris Bielow,
Olga Chernomor, Michael Woodhams, Diep Thi Hoang, Heiko Schmidt

Host:    8084c4e79f09 (AVX512, FMA3, 1133 GB RAM)
Command: /workspace/iqtree-3.1.2-Linux/bin/iqtree3_intel -s /workspace/NeuralNJ/empirical/TarvD7/ENSG00000102302.nuc.ord.aln -st DNA -m GTR+G -T 8 -seed 2201 -pre /workspace/IQTree_8_cores_TarvD7_Results/ENSG00000102302.nuc.ord -quiet
Seed:    2201 (Using SPRNG - Scalable Parallel Random Number Generator)
Time:    Tue May 26 03:53:57 2026
Kernel:  AVX+FMA - 8 threads (384 CPU cores detected)

Reading alignment file /workspace/NeuralNJ/empirical/TarvD7/ENSG00000102302.nuc.ord.aln ... Fasta format detected
Reading fasta file: done in 0.00109506 secs using 61.09% CPU
Alignment most likely contains DNA/RNA sequences
Constructing alignment: done in 0.00485396 secs using 759.1% CPU
Alignment has 34 sequences with 3558 columns, 1631 distinct patterns
900 parsimony-informative, 525 singleton sites, 2133 constant sites
                   Gap/Ambiguity  Composition  p-value
Analyzing sequences: done in 4.60148e-05 secs using 369.4% CPU
   1  P001_Platypus       44.35%    passed     19.12%
   2  P002_Opossum        30.61%    failed      3.24%
   3  P003_Wallaby        46.12%    passed     31.44%
   4  P004_Tenrec         19.56%    failed      3.20%
   5  P005_Rock_hyrax     47.55%    passed      8.30%
   6  P006_Elephant       53.54%    passed     52.47%
   7  P007_Armadillo      33.81%    passed     29.37%
   8  P008_Sloth          61.89%    passed     53.40%
   9  P009_Hedgehog       23.61%    failed      0.45%
  10  P010_Common_shrew   27.66%    failed      4.52%
  11  P011_Dolphin        49.16%    passed     35.77%
  12  P012_Cow            27.66%    passed     76.06%
  13  P013_Pig            19.06%    passed     33.32%
  14  P014_Alpaca         51.01%    passed     15.80%
  15  P015_Horse          19.22%    passed     27.53%
  16  P016_Dog            19.06%    passed     66.98%
  17  P017_Cat            34.40%    passed     96.56%
  18  P018_Megabat        31.37%    passed     72.71%
  19  P019_Microbat       53.71%    failed      0.34%
  20  P020_Rabbit         28.50%    passed      7.04%
  21  P021_Pika           29.51%    passed     13.16%
  22  P022_Squirrel       48.06%    passed     70.90%
  23  P024_Kangaroo_rat   46.80%    passed     67.83%
  24  P025_Mouse          19.06%    passed     48.26%
  25  P026_Rat            22.60%    passed     15.25%
  26  P027_Tree_shrew     31.87%    passed     14.00%
  27  P029_Mouse_lemur    37.10%    passed     63.31%
  28  P030_Tarsier        60.29%    passed     18.86%
  29  P031_Marmoset       19.14%    passed     30.78%
  30  P032_Rhesus         18.97%    passed     30.25%
  31  P033_Orangutan      18.97%    passed     29.64%
  32  P034_Gorilla        32.88%    passed     31.48%
  33  P035_Chimp          18.97%    passed     40.69%
  34  P036_Human          18.97%    passed     28.25%
WARNING: 5 sequences contain more than 50% gaps/ambiguity
****  TOTAL               33.68%  5 sequences failed composition chi2 test (p-value<5%; df=3)
Checking for duplicate sequences: done in 0.000161886 secs using 828.4% CPU

Create initial parsimony tree by phylogenetic likelihood library (PLL)... 0.004 seconds

NOTE: 7 MB RAM (0 GB) is required!
Estimate model parameters (epsilon = 0.100)
1. Initial log-likelihood: -22793.947
2. Current log-likelihood: -20972.754
3. Current log-likelihood: -20921.238
4. Current log-likelihood: -20919.842
Optimal log-likelihood: -20919.790
Rate parameters:  A-C: 1.23343  A-G: 4.35383  A-T: 1.08060  C-G: 0.55190  C-T: 6.83216  G-T: 1.00000
Base frequencies:  A: 0.225  C: 0.313  G: 0.280  T: 0.182
Gamma shape alpha: 0.363
Parameters optimization took 4 rounds (0.145 sec)
Wrote distance file to... 
Computing ML distances based on estimated model parameters...
Calculating distance matrix: done in 0.00061512 secs using 835% CPU
Computing ML distances took 0.000735 sec (of wall-clock time) 0.005788 sec (of CPU time)
Setting up auxiliary I and S matrices: done in 9.08375e-05 secs using 1052% CPU
Constructing RapidNJ tree: done in 0.00178003 secs using 790.3% CPU
Computing RapidNJ tree took 0.001929 sec (of wall-clock time) 0.016749 sec (of CPU time)
Log-likelihood of RapidNJ tree: -21088.680
--------------------------------------------------------------------
|             INITIALIZING CANDIDATE TREE SET                      |
--------------------------------------------------------------------
Generating 98 parsimony trees... 0.355 second
Computing log-likelihood of 98 initial trees ... 0.589 seconds
Current best score: -20919.790

Do NNI search on 20 best initial trees
Estimate model parameters (epsilon = 0.100)
BETTER TREE FOUND at iteration 1: -20876.493
Estimate model parameters (epsilon = 0.100)
BETTER TREE FOUND at iteration 2: -20873.455
Estimate model parameters (epsilon = 0.100)
BETTER TREE FOUND at iteration 4: -20872.598
UPDATE BEST LOG-LIKELIHOOD: -20872.598
Iteration 10 / LogL: -20872.598 / Time: 0h:0m:2s
Iteration 20 / LogL: -20879.899 / Time: 0h:0m:3s
Finish initializing candidate tree set (11)
Current best tree score: -20872.598 / CPU time: 3.331
Number of iterations: 20
--------------------------------------------------------------------
|               OPTIMIZING CANDIDATE TREE SET                      |
--------------------------------------------------------------------
Iteration 30 / LogL: -20878.919 / Time: 0h:0m:4s (0h:0m:11s left)
Estimate model parameters (epsilon = 0.100)
BETTER TREE FOUND at iteration 38: -20870.312
Iteration 40 / LogL: -20873.588 / Time: 0h:0m:5s (0h:0m:14s left)
Iteration 50 / LogL: -20873.252 / Time: 0h:0m:7s (0h:0m:12s left)
Iteration 60 / LogL: -20873.614 / Time: 0h:0m:8s (0h:0m:11s left)
Iteration 70 / LogL: -20872.621 / Time: 0h:0m:9s (0h:0m:9s left)
Iteration 80 / LogL: -20870.313 / Time: 0h:0m:11s (0h:0m:8s left)
Iteration 90 / LogL: -20914.454 / Time: 0h:0m:12s (0h:0m:6s left)
Iteration 100 / LogL: -20872.750 / Time: 0h:0m:13s (0h:0m:5s left)
Iteration 110 / LogL: -20873.330 / Time: 0h:0m:14s (0h:0m:3s left)
Iteration 120 / LogL: -20870.313 / Time: 0h:0m:16s (0h:0m:2s left)
Iteration 130 / LogL: -20872.631 / Time: 0h:0m:17s (0h:0m:1s left)
TREE SEARCH COMPLETED AFTER 139 ITERATIONS / Time: 0h:0m:18s

--------------------------------------------------------------------
|                    FINALIZING TREE SEARCH                        |
--------------------------------------------------------------------
Performs final model parameters optimization
Estimate model parameters (epsilon = 0.010)
1. Initial log-likelihood: -20870.312
Optimal log-likelihood: -20870.307
Rate parameters:  A-C: 1.21680  A-G: 4.38133  A-T: 1.05108  C-G: 0.53457  C-T: 6.83921  G-T: 1.00000
Base frequencies:  A: 0.225  C: 0.313  G: 0.280  T: 0.182
Gamma shape alpha: 0.362
Parameters optimization took 1 rounds (0.014 sec)
BEST SCORE FOUND : -20870.307
Total tree length: 2.672

Total number of iterations: 139
CPU time used for tree search: 145.153 sec (0h:2m:25s)
Wall-clock time used for tree search: 18.489 sec (0h:0m:18s)
Total CPU time used: 146.781 sec (0h:2m:26s)
Total wall-clock time used: 18.692 sec (0h:0m:18s)

Analysis results written to: 
  IQ-TREE report:                /workspace/IQTree_8_cores_TarvD7_Results/ENSG00000102302.nuc.ord.iqtree
  Maximum-likelihood tree:       /workspace/IQTree_8_cores_TarvD7_Results/ENSG00000102302.nuc.ord.treefile
  Likelihood distances:          /workspace/IQTree_8_cores_TarvD7_Results/ENSG00000102302.nuc.ord.mldist
  Screen log file:               /workspace/IQTree_8_cores_TarvD7_Results/ENSG00000102302.nuc.ord.log

Date and Time: Tue May 26 03:54:16 2026
