IQ-TREE version 3.1.2 for Linux x86 64-bit built May  7 2026
Developed by Bui Quang Minh, Thomas Wong, Nhan Ly-Trong, Huaiyan Ren
Contributed by Lam-Tung Nguyen, Dominik Schrempf, Chris Bielow,
Olga Chernomor, Michael Woodhams, Diep Thi Hoang, Heiko Schmidt

Host:    8084c4e79f09 (AVX512, FMA3, 1133 GB RAM)
Command: /workspace/iqtree-3.1.2-Linux/bin/iqtree3_intel -s /workspace/NeuralNJ/empirical/TarvD7/ENSG00000167004.nuc.ord.aln -st DNA -m GTR+G -T 8 -seed 2201 -pre /workspace/IQTree_8_cores_TarvD7_Results/ENSG00000167004.nuc.ord -quiet
Seed:    2201 (Using SPRNG - Scalable Parallel Random Number Generator)
Time:    Wed May 27 03:29:20 2026
Kernel:  AVX+FMA - 8 threads (384 CPU cores detected)

Reading alignment file /workspace/NeuralNJ/empirical/TarvD7/ENSG00000167004.nuc.ord.aln ... Fasta format detected
Reading fasta file: done in 0.000519991 secs using 15.77% CPU
Alignment most likely contains DNA/RNA sequences
Constructing alignment: done in 0.0020752 secs using 550.7% CPU
Alignment has 36 sequences with 1545 columns, 870 distinct patterns
510 parsimony-informative, 243 singleton sites, 792 constant sites
                   Gap/Ambiguity  Composition  p-value
Analyzing sequences: done in 2.81334e-05 secs using 206.2% CPU
   1  P001_Platypus        7.96%    failed      0.00%
   2  P002_Opossum         2.14%    passed     80.65%
   3  P003_Wallaby         1.75%    passed     63.11%
   4  P004_Tenrec          2.33%    passed     93.01%
   5  P005_Rock_hyrax      6.41%    passed     87.84%
   6  P006_Elephant       13.01%    passed     73.44%
   7  P007_Armadillo      39.03%    passed     31.27%
   8  P008_Sloth          23.50%    passed     80.78%
   9  P009_Hedgehog       22.14%    passed     31.49%
  10  P010_Common_shrew    1.94%    passed     96.71%
  11  P011_Dolphin         1.94%    passed     94.26%
  12  P012_Cow             1.94%    passed     99.72%
  13  P013_Pig             1.94%    passed     69.20%
  14  P014_Alpaca          1.75%    passed     83.42%
  15  P015_Horse           2.14%    passed     99.95%
  16  P016_Dog             1.94%    passed     98.20%
  17  P017_Cat            22.14%    passed     20.44%
  18  P018_Megabat        13.98%    passed     95.41%
  19  P019_Microbat       22.14%    passed     89.71%
  20  P020_Rabbit         15.53%    passed     98.99%
  21  P021_Pika            1.94%    passed     65.91%
  22  P022_Squirrel       19.22%    passed     96.53%
  23  P023_Guinea_pig      1.94%    passed     94.76%
  24  P024_Kangaroo_rat   10.49%    passed     94.01%
  25  P025_Mouse           1.94%    passed     98.67%
  26  P026_Rat             1.94%    passed     82.37%
  27  P027_Tree_shrew     25.44%    passed     47.26%
  28  P028_Bushbaby       37.86%    passed     73.41%
  29  P029_Mouse_lemur    12.62%    passed     12.05%
  30  P030_Tarsier        20.39%    passed      8.89%
  31  P031_Marmoset        1.94%    passed     95.69%
  32  P032_Rhesus          1.94%    passed     96.51%
  33  P033_Orangutan       9.51%    passed     93.94%
  34  P034_Gorilla         4.47%    passed     83.70%
  35  P035_Chimp           1.94%    passed     99.57%
  36  P036_Human           1.94%    passed     99.59%
****  TOTAL               10.03%  1 sequences failed composition chi2 test (p-value<5%; df=3)
Checking for duplicate sequences: done in 0.00013113 secs using 788.5% CPU

Create initial parsimony tree by phylogenetic likelihood library (PLL)... 0.003 seconds

NOTE: 4 MB RAM (0 GB) is required!
Estimate model parameters (epsilon = 0.100)
1. Initial log-likelihood: -12904.812
2. Current log-likelihood: -12161.511
3. Current log-likelihood: -12156.780
Optimal log-likelihood: -12156.772
Rate parameters:  A-C: 0.97431  A-G: 3.65683  A-T: 0.71210  C-G: 1.03949  C-T: 5.56141  G-T: 1.00000
Base frequencies:  A: 0.304  C: 0.207  G: 0.247  T: 0.243
Gamma shape alpha: 0.445
Parameters optimization took 3 rounds (0.068 sec)
Wrote distance file to... 
Computing ML distances based on estimated model parameters...
Calculating distance matrix: done in 0.000507832 secs using 771.7% CPU
Computing ML distances took 0.000577 sec (of wall-clock time) 0.004209 sec (of CPU time)
Setting up auxiliary I and S matrices: done in 0.000154972 secs using 978.9% CPU
Constructing RapidNJ tree: done in 0.00196195 secs using 744.8% CPU
Computing RapidNJ tree took 0.002175 sec (of wall-clock time) 0.018320 sec (of CPU time)
Log-likelihood of RapidNJ tree: -12188.742
--------------------------------------------------------------------
|             INITIALIZING CANDIDATE TREE SET                      |
--------------------------------------------------------------------
Generating 98 parsimony trees... 0.223 second
Computing log-likelihood of 98 initial trees ... 0.451 seconds
Current best score: -12137.755

Do NNI search on 20 best initial trees
Estimate model parameters (epsilon = 0.100)
BETTER TREE FOUND at iteration 1: -12118.082
Iteration 10 / LogL: -12122.831 / Time: 0h:0m:1s
Iteration 20 / LogL: -12135.889 / Time: 0h:0m:2s
Finish initializing candidate tree set (12)
Current best tree score: -12118.082 / CPU time: 2.000
Number of iterations: 20
--------------------------------------------------------------------
|               OPTIMIZING CANDIDATE TREE SET                      |
--------------------------------------------------------------------
Iteration 30 / LogL: -12130.532 / Time: 0h:0m:2s (0h:0m:7s left)
Iteration 40 / LogL: -12118.105 / Time: 0h:0m:3s (0h:0m:5s left)
Iteration 50 / LogL: -12118.300 / Time: 0h:0m:4s (0h:0m:4s left)
Iteration 60 / LogL: -12118.247 / Time: 0h:0m:5s (0h:0m:3s left)
Iteration 70 / LogL: -12118.105 / Time: 0h:0m:6s (0h:0m:2s left)
Iteration 80 / LogL: -12118.175 / Time: 0h:0m:7s (0h:0m:1s left)
Iteration 90 / LogL: -12126.471 / Time: 0h:0m:7s (0h:0m:0s left)
Iteration 100 / LogL: -12118.085 / Time: 0h:0m:8s (0h:0m:0s left)
TREE SEARCH COMPLETED AFTER 102 ITERATIONS / Time: 0h:0m:8s

--------------------------------------------------------------------
|                    FINALIZING TREE SEARCH                        |
--------------------------------------------------------------------
Performs final model parameters optimization
Estimate model parameters (epsilon = 0.010)
1. Initial log-likelihood: -12118.082
Optimal log-likelihood: -12118.081
Rate parameters:  A-C: 0.96745  A-G: 3.65638  A-T: 0.71555  C-G: 1.04051  C-T: 5.56848  G-T: 1.00000
Base frequencies:  A: 0.304  C: 0.207  G: 0.247  T: 0.243
Gamma shape alpha: 0.446
Parameters optimization took 1 rounds (0.010 sec)
BEST SCORE FOUND : -12118.081
Total tree length: 1.810

Total number of iterations: 102
CPU time used for tree search: 69.219 sec (0h:1m:9s)
Wall-clock time used for tree search: 8.717 sec (0h:0m:8s)
Total CPU time used: 70.062 sec (0h:1m:10s)
Total wall-clock time used: 8.825 sec (0h:0m:8s)

Analysis results written to: 
  IQ-TREE report:                /workspace/IQTree_8_cores_TarvD7_Results/ENSG00000167004.nuc.ord.iqtree
  Maximum-likelihood tree:       /workspace/IQTree_8_cores_TarvD7_Results/ENSG00000167004.nuc.ord.treefile
  Likelihood distances:          /workspace/IQTree_8_cores_TarvD7_Results/ENSG00000167004.nuc.ord.mldist
  Screen log file:               /workspace/IQTree_8_cores_TarvD7_Results/ENSG00000167004.nuc.ord.log

Date and Time: Wed May 27 03:29:29 2026
