IQ-TREE version 3.1.2 for Linux x86 64-bit built May  7 2026
Developed by Bui Quang Minh, Thomas Wong, Nhan Ly-Trong, Huaiyan Ren
Contributed by Lam-Tung Nguyen, Dominik Schrempf, Chris Bielow,
Olga Chernomor, Michael Woodhams, Diep Thi Hoang, Heiko Schmidt

Host:    8084c4e79f09 (AVX512, FMA3, 1133 GB RAM)
Command: /workspace/iqtree-3.1.2-Linux/bin/iqtree3_intel -s /workspace/NeuralNJ/empirical/TarvD7/ENSG00000166925.nuc.ord.aln -st DNA -m GTR+G -T 8 -seed 2201 -pre /workspace/IQTree_8_cores_TarvD7_Results/ENSG00000166925.nuc.ord -quiet
Seed:    2201 (Using SPRNG - Scalable Parallel Random Number Generator)
Time:    Wed May 27 03:26:29 2026
Kernel:  AVX+FMA - 8 threads (384 CPU cores detected)

Reading alignment file /workspace/NeuralNJ/empirical/TarvD7/ENSG00000166925.nuc.ord.aln ... Fasta format detected
Reading fasta file: done in 0.000586033 secs using 67.74% CPU
Alignment most likely contains DNA/RNA sequences
Constructing alignment: done in 0.00311804 secs using 812.8% CPU
Alignment has 25 sequences with 2439 columns, 834 distinct patterns
479 parsimony-informative, 283 singleton sites, 1677 constant sites
                   Gap/Ambiguity  Composition  p-value
Analyzing sequences: done in 3.50475e-05 secs using 584.9% CPU
   1  P002_Opossum        52.52%    failed      0.02%
   2  P003_Wallaby        53.01%    failed      0.78%
   3  P004_Tenrec         76.26%    passed     55.41%
   4  P005_Rock_hyrax     58.18%    passed     56.40%
   5  P006_Elephant       70.48%    passed     67.18%
   6  P007_Armadillo      51.54%    failed      0.03%
   7  P010_Common_shrew   75.40%    passed      9.20%
   8  P011_Dolphin        67.77%    passed     45.44%
   9  P012_Cow            59.41%    failed      3.92%
  10  P014_Alpaca         71.96%    passed     35.06%
  11  P015_Horse          51.41%    passed     13.10%
  12  P016_Dog            37.15%    passed     34.70%
  13  P017_Cat            51.41%    passed     37.74%
  14  P018_Megabat        61.99%    passed     66.48%
  15  P019_Microbat       53.51%    passed     54.06%
  16  P021_Pika           51.41%    passed     78.65%
  17  P023_Guinea_pig     51.78%    passed     98.37%
  18  P025_Mouse          37.39%    failed      0.37%
  19  P026_Rat            38.38%    failed      0.09%
  20  P028_Bushbaby       75.65%    passed      9.38%
  21  P029_Mouse_lemur    69.25%    passed     75.40%
  22  P031_Marmoset       51.54%    passed     72.52%
  23  P033_Orangutan      51.41%    passed     61.94%
  24  P035_Chimp          51.41%    passed     54.12%
  25  P036_Human          51.41%    passed     56.94%
WARNING: 22 sequences contain more than 50% gaps/ambiguity
****  TOTAL               56.87%  6 sequences failed composition chi2 test (p-value<5%; df=3)
Checking for duplicate sequences: done in 9.39369e-05 secs using 561% CPU

Create initial parsimony tree by phylogenetic likelihood library (PLL)... 0.001 seconds

NOTE: 2 MB RAM (0 GB) is required!
Estimate model parameters (epsilon = 0.100)
1. Initial log-likelihood: -12236.997
2. Current log-likelihood: -11287.712
3. Current log-likelihood: -11277.866
4. Current log-likelihood: -11277.735
Optimal log-likelihood: -11277.727
Rate parameters:  A-C: 1.22750  A-G: 3.41632  A-T: 1.34676  C-G: 0.48207  C-T: 3.98885  G-T: 1.00000
Base frequencies:  A: 0.181  C: 0.338  G: 0.312  T: 0.169
Gamma shape alpha: 0.617
Parameters optimization took 4 rounds (0.075 sec)
Wrote distance file to... 
Computing ML distances based on estimated model parameters...
Calculating distance matrix: done in 0.00032711 secs using 847.7% CPU
Computing ML distances took 0.000409 sec (of wall-clock time) 0.003251 sec (of CPU time)
Setting up auxiliary I and S matrices: done in 8.89301e-05 secs using 965.9% CPU
Constructing RapidNJ tree: done in 0.00124979 secs using 713.4% CPU
Computing RapidNJ tree took 0.001394 sec (of wall-clock time) 0.010149 sec (of CPU time)
Log-likelihood of RapidNJ tree: -11307.344
--------------------------------------------------------------------
|             INITIALIZING CANDIDATE TREE SET                      |
--------------------------------------------------------------------
Generating 98 parsimony trees... 0.150 second
Computing log-likelihood of 98 initial trees ... 0.351 seconds
Current best score: -11277.727

Do NNI search on 20 best initial trees
Estimate model parameters (epsilon = 0.100)
BETTER TREE FOUND at iteration 1: -11271.187
Iteration 10 / LogL: -11271.196 / Time: 0h:0m:0s
Iteration 20 / LogL: -11280.178 / Time: 0h:0m:1s
Finish initializing candidate tree set (8)
Current best tree score: -11271.187 / CPU time: 1.381
Number of iterations: 20
--------------------------------------------------------------------
|               OPTIMIZING CANDIDATE TREE SET                      |
--------------------------------------------------------------------
Iteration 30 / LogL: -11274.311 / Time: 0h:0m:2s (0h:0m:5s left)
Iteration 40 / LogL: -11274.788 / Time: 0h:0m:2s (0h:0m:4s left)
Iteration 50 / LogL: -11271.191 / Time: 0h:0m:3s (0h:0m:3s left)
Iteration 60 / LogL: -11280.102 / Time: 0h:0m:4s (0h:0m:2s left)
Iteration 70 / LogL: -11271.296 / Time: 0h:0m:4s (0h:0m:2s left)
Iteration 80 / LogL: -11276.075 / Time: 0h:0m:5s (0h:0m:1s left)
Iteration 90 / LogL: -11275.388 / Time: 0h:0m:6s (0h:0m:0s left)
Iteration 100 / LogL: -11271.210 / Time: 0h:0m:6s (0h:0m:0s left)
TREE SEARCH COMPLETED AFTER 102 ITERATIONS / Time: 0h:0m:6s

--------------------------------------------------------------------
|                    FINALIZING TREE SEARCH                        |
--------------------------------------------------------------------
Performs final model parameters optimization
Estimate model parameters (epsilon = 0.010)
1. Initial log-likelihood: -11271.187
Optimal log-likelihood: -11271.186
Rate parameters:  A-C: 1.22149  A-G: 3.41671  A-T: 1.34698  C-G: 0.48234  C-T: 3.99334  G-T: 1.00000
Base frequencies:  A: 0.181  C: 0.338  G: 0.312  T: 0.169
Gamma shape alpha: 0.620
Parameters optimization took 1 rounds (0.008 sec)
BEST SCORE FOUND : -11271.186
Total tree length: 2.582

Total number of iterations: 102
CPU time used for tree search: 52.943 sec (0h:0m:52s)
Wall-clock time used for tree search: 6.645 sec (0h:0m:6s)
Total CPU time used: 53.781 sec (0h:0m:53s)
Total wall-clock time used: 6.752 sec (0h:0m:6s)

Analysis results written to: 
  IQ-TREE report:                /workspace/IQTree_8_cores_TarvD7_Results/ENSG00000166925.nuc.ord.iqtree
  Maximum-likelihood tree:       /workspace/IQTree_8_cores_TarvD7_Results/ENSG00000166925.nuc.ord.treefile
  Likelihood distances:          /workspace/IQTree_8_cores_TarvD7_Results/ENSG00000166925.nuc.ord.mldist
  Screen log file:               /workspace/IQTree_8_cores_TarvD7_Results/ENSG00000166925.nuc.ord.log

Date and Time: Wed May 27 03:26:36 2026
