IQ-TREE version 3.1.2 for Linux x86 64-bit built May  7 2026
Developed by Bui Quang Minh, Thomas Wong, Nhan Ly-Trong, Huaiyan Ren
Contributed by Lam-Tung Nguyen, Dominik Schrempf, Chris Bielow,
Olga Chernomor, Michael Woodhams, Diep Thi Hoang, Heiko Schmidt

Host:    8084c4e79f09 (AVX512, FMA3, 1133 GB RAM)
Command: /workspace/iqtree-3.1.2-Linux/bin/iqtree3_intel -s /workspace/NeuralNJ/empirical/TarvD7/ENSG00000108061.nuc.ord.aln -st DNA -m GTR+G -T 8 -seed 2201 -pre /workspace/IQTree_8_cores_TarvD7_Results/ENSG00000108061.nuc.ord -quiet
Seed:    2201 (Using SPRNG - Scalable Parallel Random Number Generator)
Time:    Tue May 26 05:53:35 2026
Kernel:  AVX+FMA - 8 threads (384 CPU cores detected)

Reading alignment file /workspace/NeuralNJ/empirical/TarvD7/ENSG00000108061.nuc.ord.aln ... Fasta format detected
Reading fasta file: done in 0.000632048 secs using 35.76% CPU
Alignment most likely contains DNA/RNA sequences
Constructing alignment: done in 0.00246906 secs using 722.2% CPU
Alignment has 36 sequences with 1896 columns, 808 distinct patterns
409 parsimony-informative, 303 singleton sites, 1184 constant sites
                   Gap/Ambiguity  Composition  p-value
Analyzing sequences: done in 2.28882e-05 secs using 349.5% CPU
   1  P001_Platypus        7.75%    passed     14.73%
   2  P002_Opossum         7.91%    passed     99.57%
   3  P003_Wallaby        19.46%    passed     21.10%
   4  P004_Tenrec         12.03%    passed     54.26%
   5  P005_Rock_hyrax     16.77%    passed     90.82%
   6  P006_Elephant       14.56%    passed     95.98%
   7  P007_Armadillo      31.33%    passed     99.95%
   8  P008_Sloth          49.05%    passed     11.44%
   9  P009_Hedgehog       20.25%    passed     96.13%
  10  P010_Common_shrew   14.87%    passed     89.84%
  11  P011_Dolphin         7.91%    passed     96.66%
  12  P012_Cow             7.91%    passed     87.26%
  13  P013_Pig             7.91%    passed     95.29%
  14  P014_Alpaca         14.40%    passed     94.62%
  15  P015_Horse           7.91%    passed     97.46%
  16  P016_Dog             7.91%    passed     99.83%
  17  P017_Cat            42.56%    passed     58.43%
  18  P018_Megabat        14.24%    passed     89.72%
  19  P019_Microbat       25.95%    passed     89.81%
  20  P020_Rabbit         16.93%    passed     76.98%
  21  P021_Pika           30.38%    passed     68.41%
  22  P022_Squirrel       14.87%    passed     93.24%
  23  P023_Guinea_pig     11.08%    passed     41.93%
  24  P024_Kangaroo_rat   18.35%    passed     95.42%
  25  P025_Mouse           7.91%    failed      1.66%
  26  P026_Rat            55.54%    failed      0.03%
  27  P027_Tree_shrew     52.53%    passed     12.35%
  28  P028_Bushbaby       24.37%    passed     69.38%
  29  P029_Mouse_lemur    28.64%    passed     82.68%
  30  P030_Tarsier        47.47%    passed     56.88%
  31  P031_Marmoset        7.91%    passed     96.12%
  32  P032_Rhesus          7.91%    passed     90.09%
  33  P033_Orangutan       7.91%    passed     96.64%
  34  P034_Gorilla        68.67%    passed     27.87%
  35  P035_Chimp           7.91%    passed     98.45%
  36  P036_Human           7.91%    passed     98.81%
WARNING: 3 sequences contain more than 50% gaps/ambiguity
****  TOTAL               20.75%  2 sequences failed composition chi2 test (p-value<5%; df=3)
Checking for duplicate sequences: done in 0.000124216 secs using 816.3% CPU

Create initial parsimony tree by phylogenetic likelihood library (PLL)... 0.002 seconds

NOTE: 3 MB RAM (0 GB) is required!
Estimate model parameters (epsilon = 0.100)
1. Initial log-likelihood: -11519.423
2. Current log-likelihood: -10753.576
3. Current log-likelihood: -10748.816
Optimal log-likelihood: -10748.804
Rate parameters:  A-C: 0.94341  A-G: 5.13935  A-T: 0.73093  C-G: 0.79001  C-T: 5.27127  G-T: 1.00000
Base frequencies:  A: 0.329  C: 0.215  G: 0.197  T: 0.260
Gamma shape alpha: 0.363
Parameters optimization took 3 rounds (0.098 sec)
Wrote distance file to... 
Computing ML distances based on estimated model parameters...
Calculating distance matrix: done in 0.000542879 secs using 817.5% CPU
Computing ML distances took 0.000632 sec (of wall-clock time) 0.004905 sec (of CPU time)
Setting up auxiliary I and S matrices: done in 9.98974e-05 secs using 1130% CPU
Constructing RapidNJ tree: done in 0.00198221 secs using 744.9% CPU
Computing RapidNJ tree took 0.002139 sec (of wall-clock time) 0.017877 sec (of CPU time)
Log-likelihood of RapidNJ tree: -10843.369
--------------------------------------------------------------------
|             INITIALIZING CANDIDATE TREE SET                      |
--------------------------------------------------------------------
Generating 98 parsimony trees... 0.210 second
Computing log-likelihood of 98 initial trees ... 0.451 seconds
Current best score: -10745.294

Do NNI search on 20 best initial trees
Estimate model parameters (epsilon = 0.100)
BETTER TREE FOUND at iteration 1: -10737.014
Estimate model parameters (epsilon = 0.100)
BETTER TREE FOUND at iteration 2: -10734.574
Iteration 10 / LogL: -10734.584 / Time: 0h:0m:1s
Iteration 20 / LogL: -10744.007 / Time: 0h:0m:2s
Finish initializing candidate tree set (11)
Current best tree score: -10734.574 / CPU time: 2.262
Number of iterations: 20
--------------------------------------------------------------------
|               OPTIMIZING CANDIDATE TREE SET                      |
--------------------------------------------------------------------
Estimate model parameters (epsilon = 0.100)
BETTER TREE FOUND at iteration 21: -10730.754
Iteration 30 / LogL: -10734.588 / Time: 0h:0m:3s (0h:0m:10s left)
Iteration 40 / LogL: -10734.589 / Time: 0h:0m:4s (0h:0m:8s left)
Iteration 50 / LogL: -10733.925 / Time: 0h:0m:5s (0h:0m:7s left)
Iteration 60 / LogL: -10730.756 / Time: 0h:0m:5s (0h:0m:6s left)
Iteration 70 / LogL: -10731.172 / Time: 0h:0m:6s (0h:0m:5s left)
Iteration 80 / LogL: -10731.170 / Time: 0h:0m:7s (0h:0m:4s left)
Iteration 90 / LogL: -10730.757 / Time: 0h:0m:8s (0h:0m:3s left)
Iteration 100 / LogL: -10730.754 / Time: 0h:0m:9s (0h:0m:2s left)
Iteration 110 / LogL: -10731.169 / Time: 0h:0m:10s (0h:0m:1s left)
Iteration 120 / LogL: -10732.977 / Time: 0h:0m:11s (0h:0m:0s left)
TREE SEARCH COMPLETED AFTER 122 ITERATIONS / Time: 0h:0m:11s

--------------------------------------------------------------------
|                    FINALIZING TREE SEARCH                        |
--------------------------------------------------------------------
Performs final model parameters optimization
Estimate model parameters (epsilon = 0.010)
1. Initial log-likelihood: -10730.754
Optimal log-likelihood: -10730.753
Rate parameters:  A-C: 0.94522  A-G: 5.19596  A-T: 0.73336  C-G: 0.79236  C-T: 5.36510  G-T: 1.00000
Base frequencies:  A: 0.329  C: 0.215  G: 0.197  T: 0.260
Gamma shape alpha: 0.365
Parameters optimization took 1 rounds (0.009 sec)
BEST SCORE FOUND : -10730.753
Total tree length: 1.272

Total number of iterations: 122
CPU time used for tree search: 92.569 sec (0h:1m:32s)
Wall-clock time used for tree search: 11.645 sec (0h:0m:11s)
Total CPU time used: 93.857 sec (0h:1m:33s)
Total wall-clock time used: 11.804 sec (0h:0m:11s)

Analysis results written to: 
  IQ-TREE report:                /workspace/IQTree_8_cores_TarvD7_Results/ENSG00000108061.nuc.ord.iqtree
  Maximum-likelihood tree:       /workspace/IQTree_8_cores_TarvD7_Results/ENSG00000108061.nuc.ord.treefile
  Likelihood distances:          /workspace/IQTree_8_cores_TarvD7_Results/ENSG00000108061.nuc.ord.mldist
  Screen log file:               /workspace/IQTree_8_cores_TarvD7_Results/ENSG00000108061.nuc.ord.log

Date and Time: Tue May 26 05:53:46 2026
