IQ-TREE version 3.1.2 for Linux x86 64-bit built May  7 2026
Developed by Bui Quang Minh, Thomas Wong, Nhan Ly-Trong, Huaiyan Ren
Contributed by Lam-Tung Nguyen, Dominik Schrempf, Chris Bielow,
Olga Chernomor, Michael Woodhams, Diep Thi Hoang, Heiko Schmidt

Host:    8084c4e79f09 (AVX512, FMA3, 1133 GB RAM)
Command: /workspace/iqtree-3.1.2-Linux/bin/iqtree3_intel -s /workspace/NeuralNJ/empirical/TarvD7/ENSG00000006747.nuc.ord.aln -st DNA -m GTR+G -T 8 -seed 2201 -pre /workspace/IQTree_8_cores_TarvD7_Results/ENSG00000006747.nuc.ord -quiet
Seed:    2201 (Using SPRNG - Scalable Parallel Random Number Generator)
Time:    Mon May 25 21:11:28 2026
Kernel:  AVX+FMA - 8 threads (384 CPU cores detected)

Reading alignment file /workspace/NeuralNJ/empirical/TarvD7/ENSG00000006747.nuc.ord.aln ... Fasta format detected
Reading fasta file: done in 0.00138402 secs using 61.7% CPU
Alignment most likely contains DNA/RNA sequences
Constructing alignment: done in 0.00538802 secs using 758.6% CPU
Alignment has 36 sequences with 2604 columns, 1463 distinct patterns
860 parsimony-informative, 437 singleton sites, 1307 constant sites
                   Gap/Ambiguity  Composition  p-value
Analyzing sequences: done in 7.00951e-05 secs using 346.7% CPU
   1  P001_Platypus       29.95%    failed      0.00%
   2  P002_Opossum        16.13%    failed      0.00%
   3  P003_Wallaby        28.23%    failed      0.11%
   4  P004_Tenrec         44.47%    passed     45.19%
   5  P005_Rock_hyrax     24.19%    passed     93.69%
   6  P006_Elephant       29.72%    passed     67.48%
   7  P007_Armadillo      41.13%    passed     47.66%
   8  P008_Sloth          40.09%    failed      1.65%
   9  P009_Hedgehog       45.62%    failed      0.06%
  10  P010_Common_shrew   35.25%    passed     91.56%
  11  P011_Dolphin        20.28%    passed     97.41%
  12  P012_Cow            17.17%    passed     99.00%
  13  P013_Pig            45.16%    failed      3.18%
  14  P014_Alpaca         33.99%    passed     20.38%
  15  P015_Horse          17.51%    passed     95.43%
  16  P016_Dog            24.08%    failed      2.62%
  17  P017_Cat            58.64%    failed      4.50%
  18  P018_Megabat        17.74%    passed     25.89%
  19  P019_Microbat       22.58%    passed     76.91%
  20  P020_Rabbit         43.66%    failed      0.21%
  21  P021_Pika           47.81%    passed     54.67%
  22  P022_Squirrel       54.72%    passed     76.29%
  23  P023_Guinea_pig     36.98%    passed     73.47%
  24  P024_Kangaroo_rat   33.99%    passed     82.82%
  25  P025_Mouse          17.63%    passed     59.46%
  26  P026_Rat            17.63%    passed     57.33%
  27  P027_Tree_shrew     33.99%    failed      0.68%
  28  P028_Bushbaby       50.46%    passed     61.31%
  29  P029_Mouse_lemur    44.93%    passed     76.50%
  30  P030_Tarsier        42.63%    passed     11.06%
  31  P031_Marmoset       17.51%    passed     46.24%
  32  P032_Rhesus         17.63%    passed     42.56%
  33  P033_Orangutan      17.63%    passed     51.77%
  34  P034_Gorilla        46.08%    passed     11.40%
  35  P035_Chimp          17.63%    passed     62.56%
  36  P036_Human          17.63%    passed     45.90%
WARNING: 3 sequences contain more than 50% gaps/ambiguity
****  TOTAL               31.96%  10 sequences failed composition chi2 test (p-value<5%; df=3)
Checking for duplicate sequences: done in 0.000242949 secs using 802.2% CPU

Create initial parsimony tree by phylogenetic likelihood library (PLL)... 0.006 seconds

NOTE: 6 MB RAM (0 GB) is required!
Estimate model parameters (epsilon = 0.100)
1. Initial log-likelihood: -22670.942
2. Current log-likelihood: -21300.901
3. Current log-likelihood: -21285.810
4. Current log-likelihood: -21285.648
Optimal log-likelihood: -21285.636
Rate parameters:  A-C: 2.00442  A-G: 4.67296  A-T: 0.79295  C-G: 1.78034  C-T: 6.94746  G-T: 1.00000
Base frequencies:  A: 0.290  C: 0.218  G: 0.271  T: 0.222
Gamma shape alpha: 0.510
Parameters optimization took 4 rounds (0.112 sec)
Wrote distance file to... 
Computing ML distances based on estimated model parameters...
Calculating distance matrix: done in 0.000747919 secs using 793.3% CPU
Computing ML distances took 0.000865 sec (of wall-clock time) 0.006604 sec (of CPU time)
Setting up auxiliary I and S matrices: done in 9.10759e-05 secs using 1166% CPU
Constructing RapidNJ tree: done in 0.00196099 secs using 830.2% CPU
Computing RapidNJ tree took 0.002079 sec (of wall-clock time) 0.019174 sec (of CPU time)
Log-likelihood of RapidNJ tree: -21492.451
--------------------------------------------------------------------
|             INITIALIZING CANDIDATE TREE SET                      |
--------------------------------------------------------------------
Generating 98 parsimony trees... 0.360 second
Computing log-likelihood of 98 initial trees ... 0.577 seconds
Current best score: -21285.636

Do NNI search on 20 best initial trees
Estimate model parameters (epsilon = 0.100)
BETTER TREE FOUND at iteration 1: -21280.382
Estimate model parameters (epsilon = 0.100)
BETTER TREE FOUND at iteration 3: -21277.507
Iteration 10 / LogL: -21277.951 / Time: 0h:0m:1s
Iteration 20 / LogL: -21280.532 / Time: 0h:0m:2s
Finish initializing candidate tree set (7)
Current best tree score: -21277.507 / CPU time: 2.743
Number of iterations: 20
--------------------------------------------------------------------
|               OPTIMIZING CANDIDATE TREE SET                      |
--------------------------------------------------------------------
Iteration 30 / LogL: -21279.118 / Time: 0h:0m:3s (0h:0m:9s left)
Iteration 40 / LogL: -21277.963 / Time: 0h:0m:4s (0h:0m:7s left)
Iteration 50 / LogL: -21278.873 / Time: 0h:0m:5s (0h:0m:6s left)
Iteration 60 / LogL: -21278.865 / Time: 0h:0m:6s (0h:0m:4s left)
Iteration 70 / LogL: -21277.531 / Time: 0h:0m:7s (0h:0m:3s left)
Iteration 80 / LogL: -21284.982 / Time: 0h:0m:8s (0h:0m:2s left)
Iteration 90 / LogL: -21277.680 / Time: 0h:0m:10s (0h:0m:1s left)
Iteration 100 / LogL: -21278.845 / Time: 0h:0m:11s (0h:0m:0s left)
TREE SEARCH COMPLETED AFTER 104 ITERATIONS / Time: 0h:0m:11s

--------------------------------------------------------------------
|                    FINALIZING TREE SEARCH                        |
--------------------------------------------------------------------
Performs final model parameters optimization
Estimate model parameters (epsilon = 0.010)
1. Initial log-likelihood: -21277.507
Optimal log-likelihood: -21277.507
Rate parameters:  A-C: 2.00691  A-G: 4.68522  A-T: 0.78685  C-G: 1.76893  C-T: 6.95368  G-T: 1.00000
Base frequencies:  A: 0.290  C: 0.218  G: 0.271  T: 0.222
Gamma shape alpha: 0.509
Parameters optimization took 1 rounds (0.013 sec)
BEST SCORE FOUND : -21277.507
Total tree length: 3.158

Total number of iterations: 104
CPU time used for tree search: 88.047 sec (0h:1m:28s)
Wall-clock time used for tree search: 11.246 sec (0h:0m:11s)
Total CPU time used: 89.394 sec (0h:1m:29s)
Total wall-clock time used: 11.417 sec (0h:0m:11s)

Analysis results written to: 
  IQ-TREE report:                /workspace/IQTree_8_cores_TarvD7_Results/ENSG00000006747.nuc.ord.iqtree
  Maximum-likelihood tree:       /workspace/IQTree_8_cores_TarvD7_Results/ENSG00000006747.nuc.ord.treefile
  Likelihood distances:          /workspace/IQTree_8_cores_TarvD7_Results/ENSG00000006747.nuc.ord.mldist
  Screen log file:               /workspace/IQTree_8_cores_TarvD7_Results/ENSG00000006747.nuc.ord.log

Date and Time: Mon May 25 21:11:39 2026
