IQ-TREE version 3.1.2 for Linux x86 64-bit built May  7 2026
Developed by Bui Quang Minh, Thomas Wong, Nhan Ly-Trong, Huaiyan Ren
Contributed by Lam-Tung Nguyen, Dominik Schrempf, Chris Bielow,
Olga Chernomor, Michael Woodhams, Diep Thi Hoang, Heiko Schmidt

Host:    8084c4e79f09 (AVX512, FMA3, 1133 GB RAM)
Command: /workspace/iqtree-3.1.2-Linux/bin/iqtree3_intel -s /workspace/NeuralNJ/empirical/TarvD7/ENSG00000136940.nuc.ord.aln -st DNA -m GTR+G -T 8 -seed 2201 -pre /workspace/IQTree_8_cores_TarvD7_Results/ENSG00000136940.nuc.ord -quiet
Seed:    2201 (Using SPRNG - Scalable Parallel Random Number Generator)
Time:    Tue May 26 15:38:25 2026
Kernel:  AVX+FMA - 8 threads (384 CPU cores detected)

Reading alignment file /workspace/NeuralNJ/empirical/TarvD7/ENSG00000136940.nuc.ord.aln ... Fasta format detected
Reading fasta file: done in 0.000302076 secs
Alignment most likely contains DNA/RNA sequences
Constructing alignment: done in 0.00119901 secs using 345.1% CPU
Alignment has 32 sequences with 921 columns, 609 distinct patterns
361 parsimony-informative, 177 singleton sites, 383 constant sites
                   Gap/Ambiguity  Composition  p-value
Analyzing sequences: done in 1.50204e-05 secs using 146.5% CPU
   1  P001_Platypus        2.61%    passed     40.59%
   2  P002_Opossum         2.28%    failed      0.00%
   3  P003_Wallaby        12.05%    failed      0.00%
   4  P004_Tenrec         39.09%    passed     74.55%
   5  P005_Rock_hyrax     22.15%    passed     31.51%
   6  P006_Elephant       12.70%    passed     61.51%
   7  P007_Armadillo      16.29%    passed     91.56%
   8  P008_Sloth          10.42%    passed     90.71%
   9  P009_Hedgehog        1.95%    passed     29.08%
  10  P010_Common_shrew    1.95%    failed      0.29%
  11  P011_Dolphin        24.43%    passed      9.79%
  12  P013_Pig             1.95%    failed      0.06%
  13  P014_Alpaca         13.36%    passed      5.63%
  14  P015_Horse          14.66%    passed     98.79%
  15  P016_Dog             1.95%    passed     93.31%
  16  P017_Cat             1.95%    passed     70.89%
  17  P018_Megabat        20.85%    passed     82.53%
  18  P020_Rabbit          1.95%    failed      0.00%
  19  P021_Pika            1.95%    failed      0.00%
  20  P022_Squirrel       15.31%    passed     98.54%
  21  P023_Guinea_pig      1.95%    passed     63.79%
  22  P025_Mouse           1.95%    passed     68.96%
  23  P027_Tree_shrew      1.95%    passed     73.67%
  24  P028_Bushbaby       32.57%    passed     30.94%
  25  P029_Mouse_lemur     1.95%    passed     98.90%
  26  P030_Tarsier         2.28%    passed     43.05%
  27  P031_Marmoset        1.95%    passed     97.78%
  28  P032_Rhesus          1.95%    passed     93.78%
  29  P033_Orangutan       1.95%    passed     94.43%
  30  P034_Gorilla         2.28%    passed     96.43%
  31  P035_Chimp           1.95%    passed     97.65%
  32  P036_Human           1.95%    passed     96.37%
****  TOTAL                8.58%  6 sequences failed composition chi2 test (p-value<5%; df=3)
Checking for duplicate sequences: done in 0.000101089 secs using 790.4% CPU

Create initial parsimony tree by phylogenetic likelihood library (PLL)... 0.002 seconds

NOTE: 2 MB RAM (0 GB) is required!
WARNING: Number of threads seems too high for short alignments. Use -T AUTO to determine best number of threads.
Estimate model parameters (epsilon = 0.100)
1. Initial log-likelihood: -8867.630
2. Current log-likelihood: -8308.334
3. Current log-likelihood: -8300.942
Optimal log-likelihood: -8300.827
Rate parameters:  A-C: 1.66080  A-G: 5.00628  A-T: 0.87258  C-G: 1.80654  C-T: 10.80984  G-T: 1.00000
Base frequencies:  A: 0.280  C: 0.208  G: 0.301  T: 0.211
Gamma shape alpha: 0.554
Parameters optimization took 3 rounds (0.043 sec)
Wrote distance file to... 
Computing ML distances based on estimated model parameters...
Calculating distance matrix: done in 0.000442028 secs using 763.5% CPU
Computing ML distances took 0.000495 sec (of wall-clock time) 0.003627 sec (of CPU time)
Setting up auxiliary I and S matrices: done in 7.20024e-05 secs using 1178% CPU
Constructing RapidNJ tree: done in 0.00165701 secs using 899.8% CPU
Computing RapidNJ tree took 0.001764 sec (of wall-clock time) 0.016176 sec (of CPU time)
Log-likelihood of RapidNJ tree: -8314.780
--------------------------------------------------------------------
|             INITIALIZING CANDIDATE TREE SET                      |
--------------------------------------------------------------------
Generating 98 parsimony trees... 0.170 second
Computing log-likelihood of 98 initial trees ... 0.311 seconds
Current best score: -8300.827

Do NNI search on 20 best initial trees
Estimate model parameters (epsilon = 0.100)
BETTER TREE FOUND at iteration 1: -8297.835
UPDATE BEST LOG-LIKELIHOOD: -8297.834
UPDATE BEST LOG-LIKELIHOOD: -8297.834
Estimate model parameters (epsilon = 0.100)
BETTER TREE FOUND at iteration 5: -8293.768
Estimate model parameters (epsilon = 0.100)
BETTER TREE FOUND at iteration 10: -8293.606
Iteration 10 / LogL: -8293.606 / Time: 0h:0m:1s
Estimate model parameters (epsilon = 0.100)
BETTER TREE FOUND at iteration 16: -8292.322
Iteration 20 / LogL: -8297.819 / Time: 0h:0m:1s
Finish initializing candidate tree set (8)
Current best tree score: -8292.322 / CPU time: 1.767
Number of iterations: 20
--------------------------------------------------------------------
|               OPTIMIZING CANDIDATE TREE SET                      |
--------------------------------------------------------------------
UPDATE BEST LOG-LIKELIHOOD: -8292.322
BETTER TREE FOUND at iteration 24: -8292.322
Iteration 30 / LogL: -8293.802 / Time: 0h:0m:2s (0h:0m:8s left)
Estimate model parameters (epsilon = 0.100)
BETTER TREE FOUND at iteration 31: -8291.880
Estimate model parameters (epsilon = 0.100)
BETTER TREE FOUND at iteration 37: -8291.680
UPDATE BEST LOG-LIKELIHOOD: -8291.680
Iteration 40 / LogL: -8291.940 / Time: 0h:0m:3s (0h:0m:8s left)
BETTER TREE FOUND at iteration 46: -8291.680
Iteration 50 / LogL: -8291.940 / Time: 0h:0m:4s (0h:0m:8s left)
UPDATE BEST LOG-LIKELIHOOD: -8291.679
Iteration 60 / LogL: -8291.680 / Time: 0h:0m:4s (0h:0m:7s left)
Iteration 70 / LogL: -8292.346 / Time: 0h:0m:5s (0h:0m:6s left)
Iteration 80 / LogL: -8291.825 / Time: 0h:0m:6s (0h:0m:5s left)
Iteration 90 / LogL: -8291.685 / Time: 0h:0m:6s (0h:0m:4s left)
UPDATE BEST LOG-LIKELIHOOD: -8291.679
Iteration 100 / LogL: -8291.680 / Time: 0h:0m:7s (0h:0m:3s left)
UPDATE BEST LOG-LIKELIHOOD: -8291.679
Iteration 110 / LogL: -8291.706 / Time: 0h:0m:8s (0h:0m:2s left)
Iteration 120 / LogL: -8291.679 / Time: 0h:0m:9s (0h:0m:2s left)
Iteration 130 / LogL: -8291.881 / Time: 0h:0m:10s (0h:0m:1s left)
UPDATE BEST LOG-LIKELIHOOD: -8291.679
Iteration 140 / LogL: -8295.651 / Time: 0h:0m:10s (0h:0m:0s left)
TREE SEARCH COMPLETED AFTER 147 ITERATIONS / Time: 0h:0m:11s

--------------------------------------------------------------------
|                    FINALIZING TREE SEARCH                        |
--------------------------------------------------------------------
Performs final model parameters optimization
Estimate model parameters (epsilon = 0.010)
1. Initial log-likelihood: -8291.679
Optimal log-likelihood: -8291.679
Rate parameters:  A-C: 1.74116  A-G: 5.12003  A-T: 0.87980  C-G: 1.82616  C-T: 11.16925  G-T: 1.00000
Base frequencies:  A: 0.280  C: 0.208  G: 0.301  T: 0.211
Gamma shape alpha: 0.552
Parameters optimization took 1 rounds (0.007 sec)
BEST SCORE FOUND : -8291.679
Total tree length: 2.488

Total number of iterations: 147
CPU time used for tree search: 90.642 sec (0h:1m:30s)
Wall-clock time used for tree search: 11.355 sec (0h:0m:11s)
Total CPU time used: 91.210 sec (0h:1m:31s)
Total wall-clock time used: 11.426 sec (0h:0m:11s)

Analysis results written to: 
  IQ-TREE report:                /workspace/IQTree_8_cores_TarvD7_Results/ENSG00000136940.nuc.ord.iqtree
  Maximum-likelihood tree:       /workspace/IQTree_8_cores_TarvD7_Results/ENSG00000136940.nuc.ord.treefile
  Likelihood distances:          /workspace/IQTree_8_cores_TarvD7_Results/ENSG00000136940.nuc.ord.mldist
  Screen log file:               /workspace/IQTree_8_cores_TarvD7_Results/ENSG00000136940.nuc.ord.log

Date and Time: Tue May 26 15:38:36 2026
