IQ-TREE version 3.1.2 for Linux x86 64-bit built May  7 2026
Developed by Bui Quang Minh, Thomas Wong, Nhan Ly-Trong, Huaiyan Ren
Contributed by Lam-Tung Nguyen, Dominik Schrempf, Chris Bielow,
Olga Chernomor, Michael Woodhams, Diep Thi Hoang, Heiko Schmidt

Host:    8084c4e79f09 (AVX512, FMA3, 1133 GB RAM)
Command: /workspace/iqtree-3.1.2-Linux/bin/iqtree3_intel -s /workspace/NeuralNJ/empirical/TarvD7/ENSG00000167674.nuc.ord.aln -st DNA -m GTR+G -T 8 -seed 2201 -pre /workspace/IQTree_8_cores_TarvD7_Results/ENSG00000167674.nuc.ord -quiet
Seed:    2201 (Using SPRNG - Scalable Parallel Random Number Generator)
Time:    Wed May 27 03:47:55 2026
Kernel:  AVX+FMA - 8 threads (384 CPU cores detected)

Reading alignment file /workspace/NeuralNJ/empirical/TarvD7/ENSG00000167674.nuc.ord.aln ... Fasta format detected
Reading fasta file: done in 0.000677109 secs using 16.69% CPU
Alignment most likely contains DNA/RNA sequences
Constructing alignment: done in 0.00378609 secs using 652.6% CPU
Alignment has 25 sequences with 2835 columns, 1484 distinct patterns
811 parsimony-informative, 537 singleton sites, 1487 constant sites
                   Gap/Ambiguity  Composition  p-value
Analyzing sequences: done in 4.69685e-05 secs using 344.9% CPU
   1  P001_Platypus       58.94%    failed      0.02%
   2  P002_Opossum        29.74%    failed      0.00%
   3  P003_Wallaby        47.83%    failed      0.00%
   4  P004_Tenrec         44.34%    failed      2.43%
   5  P005_Rock_hyrax     44.34%    passed      8.81%
   6  P008_Sloth          69.31%    failed      0.06%
   7  P010_Common_shrew   54.92%    passed      8.90%
   8  P011_Dolphin        38.10%    passed     17.13%
   9  P012_Cow            28.78%    passed     82.08%
  10  P013_Pig            29.42%    passed     94.77%
  11  P017_Cat            60.74%    passed     99.64%
  12  P018_Megabat        28.15%    failed      3.13%
  13  P019_Microbat       60.95%    passed      6.98%
  14  P021_Pika           32.91%    failed      0.37%
  15  P022_Squirrel       47.09%    failed      0.78%
  16  P023_Guinea_pig     31.64%    failed      0.09%
  17  P024_Kangaroo_rat   30.26%    passed     44.02%
  18  P025_Mouse          29.21%    failed      0.82%
  19  P028_Bushbaby       63.60%    failed      0.01%
  20  P029_Mouse_lemur    28.78%    passed     27.49%
  21  P031_Marmoset       52.17%    failed      0.24%
  22  P032_Rhesus         32.38%    passed     55.89%
  23  P033_Orangutan      53.44%    passed     58.62%
  24  P035_Chimp          48.25%    passed     50.53%
  25  P036_Human          28.47%    passed      7.75%
WARNING: 8 sequences contain more than 50% gaps/ambiguity
****  TOTAL               42.95%  12 sequences failed composition chi2 test (p-value<5%; df=3)
Checking for duplicate sequences: done in 0.000119925 secs using 522% CPU

Create initial parsimony tree by phylogenetic likelihood library (PLL)... 0.002 seconds

NOTE: 4 MB RAM (0 GB) is required!
Estimate model parameters (epsilon = 0.100)
1. Initial log-likelihood: -21093.196
2. Current log-likelihood: -19719.425
3. Current log-likelihood: -19692.307
4. Current log-likelihood: -19691.466
Optimal log-likelihood: -19691.418
Rate parameters:  A-C: 0.94783  A-G: 1.89813  A-T: 0.66061  C-G: 0.84708  C-T: 5.65423  G-T: 1.00000
Base frequencies:  A: 0.258  C: 0.274  G: 0.342  T: 0.125
Gamma shape alpha: 0.560
Parameters optimization took 4 rounds (0.092 sec)
Wrote distance file to... 
Computing ML distances based on estimated model parameters...
Calculating distance matrix: done in 0.000420094 secs using 807.2% CPU
Computing ML distances took 0.000524 sec (of wall-clock time) 0.003974 sec (of CPU time)
Setting up auxiliary I and S matrices: done in 7.89165e-05 secs using 1223% CPU
Constructing RapidNJ tree: done in 0.00128603 secs using 610.6% CPU
Computing RapidNJ tree took 0.001414 sec (of wall-clock time) 0.012508 sec (of CPU time)
Log-likelihood of RapidNJ tree: -19824.136
--------------------------------------------------------------------
|             INITIALIZING CANDIDATE TREE SET                      |
--------------------------------------------------------------------
Generating 98 parsimony trees... 0.234 second
Computing log-likelihood of 98 initial trees ... 0.434 seconds
Current best score: -19691.418

Do NNI search on 20 best initial trees
Estimate model parameters (epsilon = 0.100)
BETTER TREE FOUND at iteration 1: -19680.257
Estimate model parameters (epsilon = 0.100)
BETTER TREE FOUND at iteration 5: -19674.770
Iteration 10 / LogL: -19683.006 / Time: 0h:0m:1s
Estimate model parameters (epsilon = 0.100)
BETTER TREE FOUND at iteration 20: -19663.973
Iteration 20 / LogL: -19663.973 / Time: 0h:0m:2s
Finish initializing candidate tree set (8)
Current best tree score: -19663.973 / CPU time: 2.121
Number of iterations: 20
--------------------------------------------------------------------
|               OPTIMIZING CANDIDATE TREE SET                      |
--------------------------------------------------------------------
Iteration 30 / LogL: -19675.307 / Time: 0h:0m:2s (0h:0m:9s left)
Iteration 40 / LogL: -19680.626 / Time: 0h:0m:3s (0h:0m:7s left)
Iteration 50 / LogL: -19665.448 / Time: 0h:0m:4s (0h:0m:6s left)
Iteration 60 / LogL: -19664.536 / Time: 0h:0m:5s (0h:0m:5s left)
Iteration 70 / LogL: -19666.117 / Time: 0h:0m:5s (0h:0m:4s left)
Iteration 80 / LogL: -19672.528 / Time: 0h:0m:6s (0h:0m:3s left)
Iteration 90 / LogL: -19664.533 / Time: 0h:0m:7s (0h:0m:2s left)
Iteration 100 / LogL: -19666.575 / Time: 0h:0m:8s (0h:0m:1s left)
Iteration 110 / LogL: -19669.541 / Time: 0h:0m:8s (0h:0m:0s left)
Iteration 120 / LogL: -19664.302 / Time: 0h:0m:9s (0h:0m:0s left)
TREE SEARCH COMPLETED AFTER 121 ITERATIONS / Time: 0h:0m:9s

--------------------------------------------------------------------
|                    FINALIZING TREE SEARCH                        |
--------------------------------------------------------------------
Performs final model parameters optimization
Estimate model parameters (epsilon = 0.010)
1. Initial log-likelihood: -19663.973
Optimal log-likelihood: -19663.971
Rate parameters:  A-C: 0.97474  A-G: 1.95890  A-T: 0.66338  C-G: 0.86840  C-T: 5.95154  G-T: 1.00000
Base frequencies:  A: 0.258  C: 0.274  G: 0.342  T: 0.125
Gamma shape alpha: 0.554
Parameters optimization took 1 rounds (0.010 sec)
BEST SCORE FOUND : -19663.971
Total tree length: 4.297

Total number of iterations: 121
CPU time used for tree search: 75.208 sec (0h:1m:15s)
Wall-clock time used for tree search: 9.522 sec (0h:0m:9s)
Total CPU time used: 76.609 sec (0h:1m:16s)
Total wall-clock time used: 9.694 sec (0h:0m:9s)

Analysis results written to: 
  IQ-TREE report:                /workspace/IQTree_8_cores_TarvD7_Results/ENSG00000167674.nuc.ord.iqtree
  Maximum-likelihood tree:       /workspace/IQTree_8_cores_TarvD7_Results/ENSG00000167674.nuc.ord.treefile
  Likelihood distances:          /workspace/IQTree_8_cores_TarvD7_Results/ENSG00000167674.nuc.ord.mldist
  Screen log file:               /workspace/IQTree_8_cores_TarvD7_Results/ENSG00000167674.nuc.ord.log

Date and Time: Wed May 27 03:48:05 2026
