IQ-TREE version 3.1.2 for Linux x86 64-bit built May  7 2026
Developed by Bui Quang Minh, Thomas Wong, Nhan Ly-Trong, Huaiyan Ren
Contributed by Lam-Tung Nguyen, Dominik Schrempf, Chris Bielow,
Olga Chernomor, Michael Woodhams, Diep Thi Hoang, Heiko Schmidt

Host:    8084c4e79f09 (AVX512, FMA3, 1133 GB RAM)
Command: /workspace/iqtree-3.1.2-Linux/bin/iqtree3_intel -s /workspace/NeuralNJ/empirical/TarvD7/ENSG00000163964.nuc.ord.aln -st DNA -m GTR+G -T 8 -seed 2201 -pre /workspace/IQTree_8_cores_TarvD7_Results/ENSG00000163964.nuc.ord -quiet
Seed:    2201 (Using SPRNG - Scalable Parallel Random Number Generator)
Time:    Wed May 27 01:21:15 2026
Kernel:  AVX+FMA - 8 threads (384 CPU cores detected)

Reading alignment file /workspace/NeuralNJ/empirical/TarvD7/ENSG00000163964.nuc.ord.aln ... Fasta format detected
Reading fasta file: done in 0.000326872 secs using 36.41% CPU
Alignment most likely contains DNA/RNA sequences
Constructing alignment: done in 0.00143909 secs using 591% CPU
Alignment has 32 sequences with 1038 columns, 661 distinct patterns
385 parsimony-informative, 209 singleton sites, 444 constant sites
                   Gap/Ambiguity  Composition  p-value
Analyzing sequences: done in 2.88486e-05 secs using 249.6% CPU
   1  P001_Platypus       56.36%    failed      0.24%
   2  P002_Opossum        61.56%    passed     10.08%
   3  P003_Wallaby        52.31%    passed     48.38%
   4  P004_Tenrec         32.08%    passed     17.61%
   5  P005_Rock_hyrax     20.23%    passed     52.60%
   6  P006_Elephant       44.51%    passed     15.06%
   7  P007_Armadillo      36.99%    failed      0.68%
   8  P008_Sloth          49.71%    passed     85.28%
   9  P009_Hedgehog       52.31%    passed     10.86%
  10  P010_Common_shrew   42.20%    passed     79.86%
  11  P011_Dolphin        28.32%    passed     88.70%
  12  P014_Alpaca         21.68%    passed     76.83%
  13  P015_Horse          32.08%    passed     21.12%
  14  P016_Dog            26.88%    passed     99.26%
  15  P017_Cat            59.83%    passed     60.87%
  16  P018_Megabat        20.52%    passed     87.85%
  17  P020_Rabbit         47.11%    passed     94.46%
  18  P021_Pika           31.50%    failed      4.10%
  19  P022_Squirrel       71.68%    failed      4.48%
  20  P023_Guinea_pig     25.72%    failed      1.97%
  21  P025_Mouse          26.59%    passed     37.51%
  22  P026_Rat            27.17%    failed      2.30%
  23  P027_Tree_shrew     42.49%    passed     14.65%
  24  P028_Bushbaby       71.68%    failed      1.65%
  25  P029_Mouse_lemur    34.39%    passed      6.61%
  26  P030_Tarsier        20.23%    passed     97.77%
  27  P031_Marmoset       37.28%    passed     14.69%
  28  P032_Rhesus         34.10%    passed     25.51%
  29  P033_Orangutan      25.43%    passed     20.27%
  30  P034_Gorilla        50.58%    failed      0.81%
  31  P035_Chimp          20.52%    passed     22.55%
  32  P036_Human          20.23%    passed     18.07%
WARNING: 8 sequences contain more than 50% gaps/ambiguity
****  TOTAL               38.26%  8 sequences failed composition chi2 test (p-value<5%; df=3)
Checking for duplicate sequences: done in 0.000108004 secs using 791.6% CPU

Create initial parsimony tree by phylogenetic likelihood library (PLL)... 0.002 seconds

NOTE: 2 MB RAM (0 GB) is required!
WARNING: Number of threads seems too high for short alignments. Use -T AUTO to determine best number of threads.
Estimate model parameters (epsilon = 0.100)
1. Initial log-likelihood: -8824.735
2. Current log-likelihood: -8230.062
3. Current log-likelihood: -8222.813
Optimal log-likelihood: -8222.754
Rate parameters:  A-C: 1.39519  A-G: 4.90822  A-T: 0.64189  C-G: 1.79680  C-T: 4.55760  G-T: 1.00000
Base frequencies:  A: 0.266  C: 0.212  G: 0.231  T: 0.292
Gamma shape alpha: 0.857
Parameters optimization took 3 rounds (0.167 sec)
Wrote distance file to... 
Computing ML distances based on estimated model parameters...
Calculating distance matrix: done in 0.000406027 secs using 509.6% CPU
Computing ML distances took 0.000498 sec (of wall-clock time) 0.002142 sec (of CPU time)
Setting up auxiliary I and S matrices: done in 0.000105143 secs using 1021% CPU
Constructing RapidNJ tree: done in 0.00249004 secs using 787.3% CPU
Computing RapidNJ tree took 0.002629 sec (of wall-clock time) 0.022677 sec (of CPU time)
Log-likelihood of RapidNJ tree: -8334.850
--------------------------------------------------------------------
|             INITIALIZING CANDIDATE TREE SET                      |
--------------------------------------------------------------------
Generating 98 parsimony trees... 0.168 second
Computing log-likelihood of 98 initial trees ... 0.642 seconds
Current best score: -8222.754

Do NNI search on 20 best initial trees
Estimate model parameters (epsilon = 0.100)
BETTER TREE FOUND at iteration 1: -8217.720
Estimate model parameters (epsilon = 0.100)
BETTER TREE FOUND at iteration 2: -8217.685
Iteration 10 / LogL: -8217.686 / Time: 0h:0m:2s
Iteration 20 / LogL: -8219.015 / Time: 0h:0m:4s
Finish initializing candidate tree set (5)
Current best tree score: -8217.685 / CPU time: 3.969
Number of iterations: 20
--------------------------------------------------------------------
|               OPTIMIZING CANDIDATE TREE SET                      |
--------------------------------------------------------------------
Iteration 30 / LogL: -8217.686 / Time: 0h:0m:6s (0h:0m:15s left)
Iteration 40 / LogL: -8218.547 / Time: 0h:0m:7s (0h:0m:12s left)
Iteration 50 / LogL: -8217.732 / Time: 0h:0m:9s (0h:0m:9s left)
Iteration 60 / LogL: -8217.687 / Time: 0h:0m:10s (0h:0m:7s left)
Iteration 70 / LogL: -8217.732 / Time: 0h:0m:11s (0h:0m:5s left)
Iteration 80 / LogL: -8217.732 / Time: 0h:0m:13s (0h:0m:3s left)
Iteration 90 / LogL: -8217.687 / Time: 0h:0m:14s (0h:0m:1s left)
Iteration 100 / LogL: -8217.718 / Time: 0h:0m:16s (0h:0m:0s left)
TREE SEARCH COMPLETED AFTER 103 ITERATIONS / Time: 0h:0m:17s

--------------------------------------------------------------------
|                    FINALIZING TREE SEARCH                        |
--------------------------------------------------------------------
Performs final model parameters optimization
Estimate model parameters (epsilon = 0.010)
1. Initial log-likelihood: -8217.685
Optimal log-likelihood: -8217.684
Rate parameters:  A-C: 1.37221  A-G: 4.89717  A-T: 0.63209  C-G: 1.79374  C-T: 4.57461  G-T: 1.00000
Base frequencies:  A: 0.266  C: 0.212  G: 0.231  T: 0.292
Gamma shape alpha: 0.856
Parameters optimization took 1 rounds (0.010 sec)
BEST SCORE FOUND : -8217.684
Total tree length: 3.832

Total number of iterations: 103
CPU time used for tree search: 122.916 sec (0h:2m:2s)
Wall-clock time used for tree search: 16.813 sec (0h:0m:16s)
Total CPU time used: 124.395 sec (0h:2m:4s)
Total wall-clock time used: 17.041 sec (0h:0m:17s)

Analysis results written to: 
  IQ-TREE report:                /workspace/IQTree_8_cores_TarvD7_Results/ENSG00000163964.nuc.ord.iqtree
  Maximum-likelihood tree:       /workspace/IQTree_8_cores_TarvD7_Results/ENSG00000163964.nuc.ord.treefile
  Likelihood distances:          /workspace/IQTree_8_cores_TarvD7_Results/ENSG00000163964.nuc.ord.mldist
  Screen log file:               /workspace/IQTree_8_cores_TarvD7_Results/ENSG00000163964.nuc.ord.log

Date and Time: Wed May 27 01:21:32 2026
