IQ-TREE version 3.1.2 for Linux x86 64-bit built May  7 2026
Developed by Bui Quang Minh, Thomas Wong, Nhan Ly-Trong, Huaiyan Ren
Contributed by Lam-Tung Nguyen, Dominik Schrempf, Chris Bielow,
Olga Chernomor, Michael Woodhams, Diep Thi Hoang, Heiko Schmidt

Host:    8084c4e79f09 (AVX512, FMA3, 1133 GB RAM)
Command: /workspace/iqtree-3.1.2-Linux/bin/iqtree3_intel -s /workspace/NeuralNJ/empirical/TarvD7/ENSG00000128604.nuc.ord.aln -st DNA -m GTR+G -T 8 -seed 2201 -pre /workspace/IQTree_8_cores_TarvD7_Results/ENSG00000128604.nuc.ord -quiet
Seed:    2201 (Using SPRNG - Scalable Parallel Random Number Generator)
Time:    Tue May 26 12:25:22 2026
Kernel:  AVX+FMA - 8 threads (384 CPU cores detected)

Reading alignment file /workspace/NeuralNJ/empirical/TarvD7/ENSG00000128604.nuc.ord.aln ... Fasta format detected
Reading fasta file: done in 0.000830173 secs using 17.35% CPU
Alignment most likely contains DNA/RNA sequences
Constructing alignment: done in 0.00364709 secs using 748.2% CPU
Alignment has 30 sequences with 1788 columns, 1077 distinct patterns
610 parsimony-informative, 348 singleton sites, 830 constant sites
                   Gap/Ambiguity  Composition  p-value
Analyzing sequences: done in 4.00543e-05 secs using 531.8% CPU
   1  P001_Platypus       14.93%    failed      0.04%
   2  P002_Opossum        18.79%    failed      0.00%
   3  P003_Wallaby        18.96%    failed      0.02%
   4  P004_Tenrec         33.05%    passed      6.06%
   5  P005_Rock_hyrax     49.16%    passed     65.55%
   6  P006_Elephant       41.61%    passed     11.14%
   7  P007_Armadillo      18.12%    passed     33.63%
   8  P008_Sloth          55.87%    passed     28.48%
   9  P009_Hedgehog       34.06%    passed     16.24%
  10  P010_Common_shrew   48.66%    failed      0.00%
  11  P012_Cow            16.28%    passed     96.76%
  12  P015_Horse          15.27%    passed     97.11%
  13  P016_Dog            15.60%    passed     91.34%
  14  P017_Cat            15.44%    passed     95.04%
  15  P018_Megabat        19.63%    passed     94.81%
  16  P019_Microbat       28.86%    passed     26.49%
  17  P021_Pika           17.28%    passed     39.48%
  18  P022_Squirrel       25.50%    passed     45.28%
  19  P023_Guinea_pig     16.44%    passed     26.37%
  20  P024_Kangaroo_rat   17.45%    passed     26.81%
  21  P025_Mouse          16.61%    passed     11.43%
  22  P026_Rat            16.61%    failed      3.18%
  23  P028_Bushbaby       48.99%    passed     86.96%
  24  P029_Mouse_lemur    25.00%    passed     88.83%
  25  P031_Marmoset       15.27%    passed     84.91%
  26  P032_Rhesus         16.11%    passed     97.72%
  27  P033_Orangutan      17.28%    passed     98.48%
  28  P034_Gorilla        38.93%    passed     77.98%
  29  P035_Chimp          13.59%    passed     94.74%
  30  P036_Human          13.76%    passed     92.95%
WARNING: 1 sequences contain more than 50% gaps/ambiguity
****  TOTAL               24.77%  5 sequences failed composition chi2 test (p-value<5%; df=3)
Checking for duplicate sequences: done in 0.000170946 secs using 527.7% CPU

Create initial parsimony tree by phylogenetic likelihood library (PLL)... 0.004 seconds

NOTE: 4 MB RAM (0 GB) is required!
Estimate model parameters (epsilon = 0.100)
1. Initial log-likelihood: -15670.288
2. Current log-likelihood: -14899.351
3. Current log-likelihood: -14875.610
4. Current log-likelihood: -14874.901
Optimal log-likelihood: -14874.849
Rate parameters:  A-C: 0.98439  A-G: 3.61845  A-T: 1.25569  C-G: 0.94037  C-T: 4.10786  G-T: 1.00000
Base frequencies:  A: 0.206  C: 0.336  G: 0.276  T: 0.181
Gamma shape alpha: 0.483
Parameters optimization took 4 rounds (0.082 sec)
Wrote distance file to... 
Computing ML distances based on estimated model parameters...
Calculating distance matrix: done in 0.000458956 secs using 789% CPU
Computing ML distances took 0.000528 sec (of wall-clock time) 0.004019 sec (of CPU time)
Setting up auxiliary I and S matrices: done in 7.89165e-05 secs using 1115% CPU
Constructing RapidNJ tree: done in 0.00160789 secs using 830.8% CPU
Computing RapidNJ tree took 0.001713 sec (of wall-clock time) 0.015540 sec (of CPU time)
Log-likelihood of RapidNJ tree: -14997.671
--------------------------------------------------------------------
|             INITIALIZING CANDIDATE TREE SET                      |
--------------------------------------------------------------------
Generating 98 parsimony trees... 0.238 second
Computing log-likelihood of 98 initial trees ... 0.448 seconds
Current best score: -14874.849

Do NNI search on 20 best initial trees
Estimate model parameters (epsilon = 0.100)
BETTER TREE FOUND at iteration 1: -14867.129
Iteration 10 / LogL: -14867.140 / Time: 0h:0m:1s
Iteration 20 / LogL: -14867.388 / Time: 0h:0m:2s
Finish initializing candidate tree set (7)
Current best tree score: -14867.129 / CPU time: 1.926
Number of iterations: 20
--------------------------------------------------------------------
|               OPTIMIZING CANDIDATE TREE SET                      |
--------------------------------------------------------------------
Iteration 30 / LogL: -14869.198 / Time: 0h:0m:2s (0h:0m:6s left)
Iteration 40 / LogL: -14899.547 / Time: 0h:0m:3s (0h:0m:5s left)
Iteration 50 / LogL: -14867.522 / Time: 0h:0m:4s (0h:0m:4s left)
Iteration 60 / LogL: -14867.192 / Time: 0h:0m:4s (0h:0m:3s left)
Iteration 70 / LogL: -14867.849 / Time: 0h:0m:5s (0h:0m:2s left)
Iteration 80 / LogL: -14867.132 / Time: 0h:0m:6s (0h:0m:1s left)
Iteration 90 / LogL: -14869.051 / Time: 0h:0m:7s (0h:0m:0s left)
Iteration 100 / LogL: -14867.182 / Time: 0h:0m:7s (0h:0m:0s left)
TREE SEARCH COMPLETED AFTER 102 ITERATIONS / Time: 0h:0m:7s

--------------------------------------------------------------------
|                    FINALIZING TREE SEARCH                        |
--------------------------------------------------------------------
Performs final model parameters optimization
Estimate model parameters (epsilon = 0.010)
1. Initial log-likelihood: -14867.129
Optimal log-likelihood: -14867.127
Rate parameters:  A-C: 0.97737  A-G: 3.62652  A-T: 1.25690  C-G: 0.92986  C-T: 4.11220  G-T: 1.00000
Base frequencies:  A: 0.206  C: 0.336  G: 0.276  T: 0.181
Gamma shape alpha: 0.482
Parameters optimization took 1 rounds (0.010 sec)
BEST SCORE FOUND : -14867.127
Total tree length: 3.674

Total number of iterations: 102
CPU time used for tree search: 61.915 sec (0h:1m:1s)
Wall-clock time used for tree search: 7.825 sec (0h:0m:7s)
Total CPU time used: 62.919 sec (0h:1m:2s)
Total wall-clock time used: 7.951 sec (0h:0m:7s)

Analysis results written to: 
  IQ-TREE report:                /workspace/IQTree_8_cores_TarvD7_Results/ENSG00000128604.nuc.ord.iqtree
  Maximum-likelihood tree:       /workspace/IQTree_8_cores_TarvD7_Results/ENSG00000128604.nuc.ord.treefile
  Likelihood distances:          /workspace/IQTree_8_cores_TarvD7_Results/ENSG00000128604.nuc.ord.mldist
  Screen log file:               /workspace/IQTree_8_cores_TarvD7_Results/ENSG00000128604.nuc.ord.log

Date and Time: Tue May 26 12:25:30 2026
