IQ-TREE version 3.1.2 for Linux x86 64-bit built May  7 2026
Developed by Bui Quang Minh, Thomas Wong, Nhan Ly-Trong, Huaiyan Ren
Contributed by Lam-Tung Nguyen, Dominik Schrempf, Chris Bielow,
Olga Chernomor, Michael Woodhams, Diep Thi Hoang, Heiko Schmidt

Host:    8084c4e79f09 (AVX512, FMA3, 1133 GB RAM)
Command: /workspace/iqtree-3.1.2-Linux/bin/iqtree3_intel -s /workspace/NeuralNJ/empirical/TarvD7/ENSG00000125843.nuc.ord.aln -st DNA -m GTR+G -T 8 -seed 2201 -pre /workspace/IQTree_8_cores_TarvD7_Results/ENSG00000125843.nuc.ord -quiet
Seed:    2201 (Using SPRNG - Scalable Parallel Random Number Generator)
Time:    Tue May 26 11:48:16 2026
Kernel:  AVX+FMA - 8 threads (384 CPU cores detected)

Reading alignment file /workspace/NeuralNJ/empirical/TarvD7/ENSG00000125843.nuc.ord.aln ... Fasta format detected
Reading fasta file: done in 0.000283003 secs using 28.62% CPU
Alignment most likely contains DNA/RNA sequences
Constructing alignment: done in 0.00107694 secs using 789.4% CPU
Alignment has 32 sequences with 843 columns, 466 distinct patterns
314 parsimony-informative, 105 singleton sites, 424 constant sites
                   Gap/Ambiguity  Composition  p-value
Analyzing sequences: done in 1.50204e-05 secs using 133.2% CPU
   1  P002_Opossum        28.11%    passed     79.19%
   2  P003_Wallaby        28.47%    passed     24.07%
   3  P004_Tenrec         28.47%    passed     62.43%
   4  P005_Rock_hyrax     28.83%    passed     68.27%
   5  P007_Armadillo      28.83%    failed      0.00%
   6  P008_Sloth          28.83%    passed     44.21%
   7  P009_Hedgehog       49.82%    passed     18.02%
   8  P010_Common_shrew   28.83%    failed      4.20%
   9  P012_Cow            28.83%    passed     60.68%
  10  P013_Pig            29.18%    passed     88.64%
  11  P014_Alpaca         55.52%    passed     80.61%
  12  P015_Horse          29.18%    passed     52.94%
  13  P016_Dog            28.83%    passed     89.75%
  14  P017_Cat            44.48%    passed     91.36%
  15  P018_Megabat        29.54%    passed     59.36%
  16  P019_Microbat       29.18%    passed     50.97%
  17  P020_Rabbit         47.69%    passed     18.83%
  18  P021_Pika           30.25%    passed     37.94%
  19  P022_Squirrel       47.33%    passed     16.46%
  20  P023_Guinea_pig     28.83%    passed     88.12%
  21  P024_Kangaroo_rat   28.83%    passed     90.69%
  22  P025_Mouse          11.74%    failed      3.50%
  23  P026_Rat            16.73%    failed      1.55%
  24  P027_Tree_shrew     42.70%    passed     96.49%
  25  P028_Bushbaby       29.18%    passed     89.61%
  26  P029_Mouse_lemur    28.83%    passed     80.69%
  27  P031_Marmoset       28.83%    passed     99.62%
  28  P032_Rhesus         28.83%    passed     91.38%
  29  P033_Orangutan      28.83%    passed     95.19%
  30  P034_Gorilla        28.83%    passed     98.36%
  31  P035_Chimp          28.83%    passed     97.46%
  32  P036_Human          28.83%    passed     97.83%
WARNING: 1 sequences contain more than 50% gaps/ambiguity
****  TOTAL               31.56%  4 sequences failed composition chi2 test (p-value<5%; df=3)
Checking for duplicate sequences: done in 9.60827e-05 secs using 418.4% CPU

Create initial parsimony tree by phylogenetic likelihood library (PLL)... 0.002 seconds

NOTE: 1 MB RAM (0 GB) is required!
WARNING: Number of threads seems too high for short alignments. Use -T AUTO to determine best number of threads.
Estimate model parameters (epsilon = 0.100)
1. Initial log-likelihood: -7747.231
2. Current log-likelihood: -7240.450
3. Current log-likelihood: -7231.191
4. Current log-likelihood: -7231.018
Optimal log-likelihood: -7230.998
Rate parameters:  A-C: 1.51185  A-G: 5.69557  A-T: 1.70832  C-G: 0.72766  C-T: 4.78491  G-T: 1.00000
Base frequencies:  A: 0.165  C: 0.330  G: 0.295  T: 0.210
Gamma shape alpha: 0.560
Parameters optimization took 4 rounds (0.077 sec)
Wrote distance file to... 
Computing ML distances based on estimated model parameters...
Calculating distance matrix: done in 0.000353813 secs using 842.5% CPU
Computing ML distances took 0.000417 sec (of wall-clock time) 0.003237 sec (of CPU time)
Setting up auxiliary I and S matrices: done in 8.01086e-05 secs using 1115% CPU
Constructing RapidNJ tree: done in 0.0016818 secs using 683.8% CPU
Computing RapidNJ tree took 0.001790 sec (of wall-clock time) 0.016557 sec (of CPU time)
Log-likelihood of RapidNJ tree: -7240.752
--------------------------------------------------------------------
|             INITIALIZING CANDIDATE TREE SET                      |
--------------------------------------------------------------------
Generating 98 parsimony trees... 0.141 second
Computing log-likelihood of 98 initial trees ... 0.342 seconds
Current best score: -7230.998

Do NNI search on 20 best initial trees
Estimate model parameters (epsilon = 0.100)
BETTER TREE FOUND at iteration 1: -7214.814
Estimate model parameters (epsilon = 0.100)
BETTER TREE FOUND at iteration 3: -7214.408
Estimate model parameters (epsilon = 0.100)
BETTER TREE FOUND at iteration 4: -7213.493
Iteration 10 / LogL: -7213.563 / Time: 0h:0m:1s
Estimate model parameters (epsilon = 0.100)
BETTER TREE FOUND at iteration 17: -7211.385
Iteration 20 / LogL: -7216.270 / Time: 0h:0m:1s
Finish initializing candidate tree set (13)
Current best tree score: -7211.385 / CPU time: 1.512
Number of iterations: 20
--------------------------------------------------------------------
|               OPTIMIZING CANDIDATE TREE SET                      |
--------------------------------------------------------------------
Iteration 30 / LogL: -7212.478 / Time: 0h:0m:2s (0h:0m:6s left)
Iteration 40 / LogL: -7213.969 / Time: 0h:0m:3s (0h:0m:5s left)
Iteration 50 / LogL: -7211.398 / Time: 0h:0m:3s (0h:0m:5s left)
Iteration 60 / LogL: -7211.998 / Time: 0h:0m:4s (0h:0m:4s left)
Iteration 70 / LogL: -7212.062 / Time: 0h:0m:5s (0h:0m:3s left)
Iteration 80 / LogL: -7211.984 / Time: 0h:0m:5s (0h:0m:2s left)
Estimate model parameters (epsilon = 0.100)
BETTER TREE FOUND at iteration 81: -7211.210
Iteration 90 / LogL: -7212.380 / Time: 0h:0m:6s (0h:0m:6s left)
UPDATE BEST LOG-LIKELIHOOD: -7211.210
Iteration 100 / LogL: -7220.181 / Time: 0h:0m:7s (0h:0m:6s left)
Iteration 110 / LogL: -7211.924 / Time: 0h:0m:8s (0h:0m:5s left)
Iteration 120 / LogL: -7211.508 / Time: 0h:0m:8s (0h:0m:4s left)
Iteration 130 / LogL: -7211.211 / Time: 0h:0m:9s (0h:0m:3s left)
Iteration 140 / LogL: -7211.519 / Time: 0h:0m:10s (0h:0m:3s left)
Iteration 150 / LogL: -7211.928 / Time: 0h:0m:11s (0h:0m:2s left)
Iteration 160 / LogL: -7214.330 / Time: 0h:0m:11s (0h:0m:1s left)
Iteration 170 / LogL: -7212.058 / Time: 0h:0m:12s (0h:0m:0s left)
Iteration 180 / LogL: -7212.755 / Time: 0h:0m:13s (0h:0m:0s left)
TREE SEARCH COMPLETED AFTER 182 ITERATIONS / Time: 0h:0m:13s

--------------------------------------------------------------------
|                    FINALIZING TREE SEARCH                        |
--------------------------------------------------------------------
Performs final model parameters optimization
Estimate model parameters (epsilon = 0.010)
1. Initial log-likelihood: -7211.210
Optimal log-likelihood: -7211.207
Rate parameters:  A-C: 1.52187  A-G: 5.90626  A-T: 1.80167  C-G: 0.72196  C-T: 5.11374  G-T: 1.00000
Base frequencies:  A: 0.165  C: 0.330  G: 0.295  T: 0.210
Gamma shape alpha: 0.567
Parameters optimization took 1 rounds (0.007 sec)
BEST SCORE FOUND : -7211.207
Total tree length: 3.641

Total number of iterations: 182
CPU time used for tree search: 106.798 sec (0h:1m:46s)
Wall-clock time used for tree search: 13.379 sec (0h:0m:13s)
Total CPU time used: 107.656 sec (0h:1m:47s)
Total wall-clock time used: 13.488 sec (0h:0m:13s)

Analysis results written to: 
  IQ-TREE report:                /workspace/IQTree_8_cores_TarvD7_Results/ENSG00000125843.nuc.ord.iqtree
  Maximum-likelihood tree:       /workspace/IQTree_8_cores_TarvD7_Results/ENSG00000125843.nuc.ord.treefile
  Likelihood distances:          /workspace/IQTree_8_cores_TarvD7_Results/ENSG00000125843.nuc.ord.mldist
  Screen log file:               /workspace/IQTree_8_cores_TarvD7_Results/ENSG00000125843.nuc.ord.log

Date and Time: Tue May 26 11:48:29 2026
