IQ-TREE version 3.1.2 for Linux x86 64-bit built May  7 2026
Developed by Bui Quang Minh, Thomas Wong, Nhan Ly-Trong, Huaiyan Ren
Contributed by Lam-Tung Nguyen, Dominik Schrempf, Chris Bielow,
Olga Chernomor, Michael Woodhams, Diep Thi Hoang, Heiko Schmidt

Host:    8084c4e79f09 (AVX512, FMA3, 1133 GB RAM)
Command: /workspace/iqtree-3.1.2-Linux/bin/iqtree3_intel -s /workspace/NeuralNJ/empirical/TarvD7/ENSG00000150990.nuc.ord.aln -st DNA -m GTR+G -T 8 -seed 2201 -pre /workspace/IQTree_8_cores_TarvD7_Results/ENSG00000150990.nuc.ord -quiet
Seed:    2201 (Using SPRNG - Scalable Parallel Random Number Generator)
Time:    Tue May 26 20:44:30 2026
Kernel:  AVX+FMA - 8 threads (384 CPU cores detected)

Reading alignment file /workspace/NeuralNJ/empirical/TarvD7/ENSG00000150990.nuc.ord.aln ... Fasta format detected
Reading fasta file: done in 0.00165606 secs using 74.09% CPU
Alignment most likely contains DNA/RNA sequences
Constructing alignment: done in 0.00587416 secs using 735.8% CPU
Alignment has 33 sequences with 3951 columns, 2406 distinct patterns
1509 parsimony-informative, 611 singleton sites, 1831 constant sites
                   Gap/Ambiguity  Composition  p-value
Analyzing sequences: done in 7.70092e-05 secs using 301.3% CPU
   1  P001_Platypus       14.96%    failed      0.00%
   2  P002_Opossum        12.30%    failed      0.00%
   3  P003_Wallaby        25.13%    failed      0.00%
   4  P004_Tenrec         45.86%    failed      0.14%
   5  P005_Rock_hyrax     20.35%    passed     36.07%
   6  P006_Elephant       37.74%    passed     73.40%
   7  P007_Armadillo      48.82%    failed      0.00%
   8  P009_Hedgehog       48.90%    passed     47.32%
   9  P011_Dolphin        27.49%    passed     29.08%
  10  P012_Cow            12.30%    passed     36.48%
  11  P013_Pig            80.79%    passed      7.57%
  12  P015_Horse          13.14%    passed     13.79%
  13  P016_Dog            12.76%    failed      3.63%
  14  P017_Cat            29.38%    passed     66.00%
  15  P018_Megabat        13.06%    passed     35.70%
  16  P019_Microbat       43.43%    failed      0.00%
  17  P020_Rabbit         39.33%    failed      3.25%
  18  P021_Pika           21.11%    passed      8.38%
  19  P022_Squirrel       55.58%    passed      8.80%
  20  P023_Guinea_pig     11.62%    failed      0.00%
  21  P024_Kangaroo_rat   16.70%    failed      0.44%
  22  P025_Mouse          12.68%    failed      1.20%
  23  P026_Rat            12.68%    failed      1.24%
  24  P027_Tree_shrew     53.23%    failed      0.68%
  25  P028_Bushbaby       52.54%    failed      0.00%
  26  P029_Mouse_lemur    24.15%    failed      0.00%
  27  P030_Tarsier        73.88%    failed      0.01%
  28  P031_Marmoset       12.98%    passed     74.38%
  29  P032_Rhesus         12.38%    passed     91.76%
  30  P033_Orangutan      15.11%    passed     92.68%
  31  P034_Gorilla        33.49%    passed     16.71%
  32  P035_Chimp          17.54%    passed     95.44%
  33  P036_Human          12.15%    passed     81.08%
WARNING: 5 sequences contain more than 50% gaps/ambiguity
****  TOTAL               29.20%  16 sequences failed composition chi2 test (p-value<5%; df=3)
Checking for duplicate sequences: done in 0.000198841 secs using 793.1% CPU

Create initial parsimony tree by phylogenetic likelihood library (PLL)... 0.005 seconds

NOTE: 10 MB RAM (0 GB) is required!
Estimate model parameters (epsilon = 0.100)
1. Initial log-likelihood: -39914.118
2. Current log-likelihood: -37250.149
3. Current log-likelihood: -37209.126
4. Current log-likelihood: -37208.020
Optimal log-likelihood: -37207.984
Rate parameters:  A-C: 1.50511  A-G: 4.40312  A-T: 0.87391  C-G: 1.15796  C-T: 5.50826  G-T: 1.00000
Base frequencies:  A: 0.216  C: 0.304  G: 0.309  T: 0.172
Gamma shape alpha: 0.417
Parameters optimization took 4 rounds (0.149 sec)
Wrote distance file to... 
Computing ML distances based on estimated model parameters...
Calculating distance matrix: done in 0.0010159 secs using 815.2% CPU
Computing ML distances took 0.001186 sec (of wall-clock time) 0.009382 sec (of CPU time)
Setting up auxiliary I and S matrices: done in 8.01086e-05 secs using 1151% CPU
Constructing RapidNJ tree: done in 0.00162601 secs using 825.7% CPU
Computing RapidNJ tree took 0.001736 sec (of wall-clock time) 0.015369 sec (of CPU time)
Log-likelihood of RapidNJ tree: -37478.910
--------------------------------------------------------------------
|             INITIALIZING CANDIDATE TREE SET                      |
--------------------------------------------------------------------
Generating 98 parsimony trees... 0.498 second
Computing log-likelihood of 98 initial trees ... 0.711 seconds
Current best score: -37207.984

Do NNI search on 20 best initial trees
Estimate model parameters (epsilon = 0.100)
BETTER TREE FOUND at iteration 1: -37199.424
Estimate model parameters (epsilon = 0.100)
BETTER TREE FOUND at iteration 2: -37198.124
Estimate model parameters (epsilon = 0.100)
BETTER TREE FOUND at iteration 3: -37195.932
Iteration 10 / LogL: -37196.028 / Time: 0h:0m:2s
Estimate model parameters (epsilon = 0.100)
UPDATE BEST LOG-LIKELIHOOD: -37195.713
Iteration 20 / LogL: -37220.998 / Time: 0h:0m:3s
Finish initializing candidate tree set (12)
Current best tree score: -37195.713 / CPU time: 3.480
Number of iterations: 20
--------------------------------------------------------------------
|               OPTIMIZING CANDIDATE TREE SET                      |
--------------------------------------------------------------------
Iteration 30 / LogL: -37196.559 / Time: 0h:0m:4s (0h:0m:12s left)
Iteration 40 / LogL: -37195.770 / Time: 0h:0m:6s (0h:0m:9s left)
Iteration 50 / LogL: -37196.178 / Time: 0h:0m:7s (0h:0m:8s left)
Iteration 60 / LogL: -37201.683 / Time: 0h:0m:8s (0h:0m:6s left)
Iteration 70 / LogL: -37196.390 / Time: 0h:0m:9s (0h:0m:4s left)
Iteration 80 / LogL: -37196.070 / Time: 0h:0m:11s (0h:0m:3s left)
Iteration 90 / LogL: -37198.888 / Time: 0h:0m:12s (0h:0m:1s left)
Iteration 100 / LogL: -37195.810 / Time: 0h:0m:13s (0h:0m:0s left)
TREE SEARCH COMPLETED AFTER 104 ITERATIONS / Time: 0h:0m:14s

--------------------------------------------------------------------
|                    FINALIZING TREE SEARCH                        |
--------------------------------------------------------------------
Performs final model parameters optimization
Estimate model parameters (epsilon = 0.010)
1. Initial log-likelihood: -37195.713
Optimal log-likelihood: -37195.711
Rate parameters:  A-C: 1.54662  A-G: 4.51004  A-T: 0.89203  C-G: 1.18651  C-T: 5.60496  G-T: 1.00000
Base frequencies:  A: 0.216  C: 0.304  G: 0.309  T: 0.172
Gamma shape alpha: 0.416
Parameters optimization took 1 rounds (0.019 sec)
BEST SCORE FOUND : -37195.711
Total tree length: 4.340

Total number of iterations: 104
CPU time used for tree search: 106.413 sec (0h:1m:46s)
Wall-clock time used for tree search: 13.780 sec (0h:0m:13s)
Total CPU time used: 108.376 sec (0h:1m:48s)
Total wall-clock time used: 14.023 sec (0h:0m:14s)

Analysis results written to: 
  IQ-TREE report:                /workspace/IQTree_8_cores_TarvD7_Results/ENSG00000150990.nuc.ord.iqtree
  Maximum-likelihood tree:       /workspace/IQTree_8_cores_TarvD7_Results/ENSG00000150990.nuc.ord.treefile
  Likelihood distances:          /workspace/IQTree_8_cores_TarvD7_Results/ENSG00000150990.nuc.ord.mldist
  Screen log file:               /workspace/IQTree_8_cores_TarvD7_Results/ENSG00000150990.nuc.ord.log

Date and Time: Tue May 26 20:44:44 2026
