IQ-TREE version 3.1.2 for Linux x86 64-bit built May  7 2026
Developed by Bui Quang Minh, Thomas Wong, Nhan Ly-Trong, Huaiyan Ren
Contributed by Lam-Tung Nguyen, Dominik Schrempf, Chris Bielow,
Olga Chernomor, Michael Woodhams, Diep Thi Hoang, Heiko Schmidt

Host:    8084c4e79f09 (AVX512, FMA3, 1133 GB RAM)
Command: /workspace/iqtree-3.1.2-Linux/bin/iqtree3_intel -s /workspace/NeuralNJ/empirical/TarvD7/ENSG00000215203.nuc.ord.aln -st DNA -m GTR+G -T 8 -seed 2201 -pre /workspace/IQTree_8_cores_TarvD7_Results/ENSG00000215203.nuc.ord -quiet
Seed:    2201 (Using SPRNG - Scalable Parallel Random Number Generator)
Time:    Wed May 27 13:23:27 2026
Kernel:  AVX+FMA - 8 threads (384 CPU cores detected)

Reading alignment file /workspace/NeuralNJ/empirical/TarvD7/ENSG00000215203.nuc.ord.aln ... Fasta format detected
Reading fasta file: done in 0.000251055 secs using 18.72% CPU
Alignment most likely contains DNA/RNA sequences
Constructing alignment: done in 0.00113606 secs using 756.5% CPU
Alignment has 26 sequences with 900 columns, 433 distinct patterns
270 parsimony-informative, 148 singleton sites, 482 constant sites
                   Gap/Ambiguity  Composition  p-value
Analyzing sequences: done in 2.28882e-05 secs using 318.9% CPU
   1  P001_Platypus        4.67%    failed      0.00%
   2  P002_Opossum         2.33%    passed     15.63%
   3  P003_Wallaby         2.33%    passed     14.90%
   4  P005_Rock_hyrax      3.33%    passed     57.76%
   5  P006_Elephant       35.67%    passed     41.38%
   6  P007_Armadillo      41.67%    passed     13.39%
   7  P008_Sloth          35.67%    passed     81.84%
   8  P011_Dolphin         3.33%    passed     92.50%
   9  P012_Cow             3.33%    passed     73.49%
  10  P013_Pig             3.33%    passed     69.59%
  11  P014_Alpaca          3.33%    passed     84.79%
  12  P015_Horse           3.33%    passed     95.54%
  13  P016_Dog             3.33%    passed      9.58%
  14  P017_Cat            30.33%    passed     83.97%
  15  P018_Megabat        13.33%    passed     56.87%
  16  P023_Guinea_pig      4.00%    passed     63.99%
  17  P024_Kangaroo_rat    3.33%    passed     88.08%
  18  P025_Mouse           3.33%    passed     99.69%
  19  P026_Rat             3.33%    passed     98.10%
  20  P030_Tarsier         7.33%    passed     91.25%
  21  P031_Marmoset        3.33%    passed     55.30%
  22  P032_Rhesus          3.33%    passed     55.73%
  23  P033_Orangutan      23.00%    passed     26.08%
  24  P034_Gorilla        53.33%    passed     10.73%
  25  P035_Chimp           3.33%    passed     79.51%
  26  P036_Human           3.33%    passed     82.85%
WARNING: 1 sequences contain more than 50% gaps/ambiguity
****  TOTAL               11.55%  1 sequences failed composition chi2 test (p-value<5%; df=3)
Checking for duplicate sequences: done in 7.89165e-05 secs using 775.5% CPU

Create initial parsimony tree by phylogenetic likelihood library (PLL)... 0.001 seconds

NOTE: 1 MB RAM (0 GB) is required!
WARNING: Number of threads seems too high for short alignments. Use -T AUTO to determine best number of threads.
Estimate model parameters (epsilon = 0.100)
1. Initial log-likelihood: -6468.085
2. Current log-likelihood: -6042.679
3. Current log-likelihood: -6028.242
4. Current log-likelihood: -6027.961
Optimal log-likelihood: -6027.944
Rate parameters:  A-C: 1.93080  A-G: 4.84541  A-T: 0.47768  C-G: 1.68880  C-T: 8.85410  G-T: 1.00000
Base frequencies:  A: 0.286  C: 0.202  G: 0.270  T: 0.242
Gamma shape alpha: 0.334
Parameters optimization took 4 rounds (0.053 sec)
Wrote distance file to... 
Computing ML distances based on estimated model parameters...
Calculating distance matrix: done in 0.000296116 secs using 815.9% CPU
Computing ML distances took 0.000374 sec (of wall-clock time) 0.002830 sec (of CPU time)
Setting up auxiliary I and S matrices: done in 7.20024e-05 secs using 1229% CPU
Constructing RapidNJ tree: done in 0.00130606 secs using 900.1% CPU
Computing RapidNJ tree took 0.001432 sec (of wall-clock time) 0.013295 sec (of CPU time)
Log-likelihood of RapidNJ tree: -6130.418
--------------------------------------------------------------------
|             INITIALIZING CANDIDATE TREE SET                      |
--------------------------------------------------------------------
Generating 98 parsimony trees... 0.089 second
Computing log-likelihood of 98 initial trees ... 0.281 seconds
Current best score: -6012.000

Do NNI search on 20 best initial trees
Estimate model parameters (epsilon = 0.100)
BETTER TREE FOUND at iteration 1: -6001.686
Estimate model parameters (epsilon = 0.100)
BETTER TREE FOUND at iteration 2: -6000.806
Iteration 10 / LogL: -6001.713 / Time: 0h:0m:0s
Iteration 20 / LogL: -6002.892 / Time: 0h:0m:1s
Finish initializing candidate tree set (4)
Current best tree score: -6000.806 / CPU time: 1.397
Number of iterations: 20
--------------------------------------------------------------------
|               OPTIMIZING CANDIDATE TREE SET                      |
--------------------------------------------------------------------
Iteration 30 / LogL: -6002.893 / Time: 0h:0m:2s (0h:0m:5s left)
Estimate model parameters (epsilon = 0.100)
BETTER TREE FOUND at iteration 37: -6000.439
Iteration 40 / LogL: -6001.699 / Time: 0h:0m:2s (0h:0m:6s left)
UPDATE BEST LOG-LIKELIHOOD: -6000.439
Iteration 50 / LogL: -6001.388 / Time: 0h:0m:3s (0h:0m:5s left)
Iteration 60 / LogL: -6000.439 / Time: 0h:0m:3s (0h:0m:5s left)
Iteration 70 / LogL: -6001.698 / Time: 0h:0m:4s (0h:0m:4s left)
Iteration 80 / LogL: -6001.424 / Time: 0h:0m:5s (0h:0m:3s left)
Iteration 90 / LogL: -6001.389 / Time: 0h:0m:5s (0h:0m:3s left)
Iteration 100 / LogL: -6001.388 / Time: 0h:0m:6s (0h:0m:2s left)
Iteration 110 / LogL: -6001.549 / Time: 0h:0m:7s (0h:0m:1s left)
Iteration 120 / LogL: -6001.389 / Time: 0h:0m:7s (0h:0m:1s left)
UPDATE BEST LOG-LIKELIHOOD: -6000.439
Iteration 130 / LogL: -6002.796 / Time: 0h:0m:8s (0h:0m:0s left)
UPDATE BEST LOG-LIKELIHOOD: -6000.439
TREE SEARCH COMPLETED AFTER 138 ITERATIONS / Time: 0h:0m:8s

--------------------------------------------------------------------
|                    FINALIZING TREE SEARCH                        |
--------------------------------------------------------------------
Performs final model parameters optimization
Estimate model parameters (epsilon = 0.010)
1. Initial log-likelihood: -6000.439
Optimal log-likelihood: -6000.439
Rate parameters:  A-C: 2.01762  A-G: 5.02909  A-T: 0.53908  C-G: 1.72014  C-T: 9.54897  G-T: 1.00000
Base frequencies:  A: 0.286  C: 0.202  G: 0.270  T: 0.242
Gamma shape alpha: 0.336
Parameters optimization took 1 rounds (0.006 sec)
BEST SCORE FOUND : -6000.439
Total tree length: 2.283

Total number of iterations: 138
CPU time used for tree search: 70.589 sec (0h:1m:10s)
Wall-clock time used for tree search: 8.833 sec (0h:0m:8s)
Total CPU time used: 71.253 sec (0h:1m:11s)
Total wall-clock time used: 8.916 sec (0h:0m:8s)

Analysis results written to: 
  IQ-TREE report:                /workspace/IQTree_8_cores_TarvD7_Results/ENSG00000215203.nuc.ord.iqtree
  Maximum-likelihood tree:       /workspace/IQTree_8_cores_TarvD7_Results/ENSG00000215203.nuc.ord.treefile
  Likelihood distances:          /workspace/IQTree_8_cores_TarvD7_Results/ENSG00000215203.nuc.ord.mldist
  Screen log file:               /workspace/IQTree_8_cores_TarvD7_Results/ENSG00000215203.nuc.ord.log

Date and Time: Wed May 27 13:23:36 2026
