IQ-TREE version 3.1.2 for Linux x86 64-bit built May  7 2026
Developed by Bui Quang Minh, Thomas Wong, Nhan Ly-Trong, Huaiyan Ren
Contributed by Lam-Tung Nguyen, Dominik Schrempf, Chris Bielow,
Olga Chernomor, Michael Woodhams, Diep Thi Hoang, Heiko Schmidt

Host:    8084c4e79f09 (AVX512, FMA3, 1133 GB RAM)
Command: /workspace/iqtree-3.1.2-Linux/bin/iqtree3_intel -s /workspace/NeuralNJ/empirical/TarvD7/ENSG00000178343.nuc.ord.aln -st DNA -m GTR+G -T 8 -seed 2201 -pre /workspace/IQTree_8_cores_TarvD7_Results/ENSG00000178343.nuc.ord -quiet
Seed:    2201 (Using SPRNG - Scalable Parallel Random Number Generator)
Time:    Wed May 27 07:43:57 2026
Kernel:  AVX+FMA - 8 threads (384 CPU cores detected)

Reading alignment file /workspace/NeuralNJ/empirical/TarvD7/ENSG00000178343.nuc.ord.aln ... Fasta format detected
Reading fasta file: done in 0.000524044 secs using 23.47% CPU
Alignment most likely contains DNA/RNA sequences
Constructing alignment: done in 0.000948906 secs using 614.2% CPU
Alignment has 28 sequences with 738 columns, 385 distinct patterns
226 parsimony-informative, 147 singleton sites, 365 constant sites
                   Gap/Ambiguity  Composition  p-value
Analyzing sequences: done in 1.5974e-05 secs using 100.2% CPU
   1  P002_Opossum         1.22%    failed      1.13%
   2  P003_Wallaby         1.22%    passed      6.55%
   3  P006_Elephant        3.66%    passed     65.92%
   4  P007_Armadillo       3.25%    passed     84.39%
   5  P008_Sloth          41.06%    passed      7.04%
   6  P009_Hedgehog        3.25%    passed     19.99%
   7  P010_Common_shrew   41.06%    passed     22.41%
   8  P011_Dolphin         3.25%    passed     74.77%
   9  P012_Cow             3.25%    passed     68.34%
  10  P015_Horse          40.65%    passed     32.62%
  11  P016_Dog            35.37%    failed      0.93%
  12  P017_Cat            17.07%    passed     50.29%
  13  P018_Megabat        27.24%    passed     93.70%
  14  P021_Pika           41.06%    failed      0.66%
  15  P022_Squirrel        3.66%    passed     85.58%
  16  P023_Guinea_pig      3.25%    passed     98.21%
  17  P024_Kangaroo_rat   21.95%    passed     32.49%
  18  P025_Mouse           3.25%    passed     65.75%
  19  P026_Rat             3.25%    passed     78.36%
  20  P027_Tree_shrew      3.66%    passed     30.48%
  21  P028_Bushbaby       41.06%    passed      6.74%
  22  P029_Mouse_lemur    39.84%    failed      0.26%
  23  P030_Tarsier         4.47%    passed     43.61%
  24  P031_Marmoset        3.66%    passed     92.38%
  25  P032_Rhesus          3.25%    passed     88.06%
  26  P033_Orangutan       3.25%    passed     88.62%
  27  P035_Chimp           3.25%    passed     91.11%
  28  P036_Human           3.25%    passed     85.64%
****  TOTAL               14.42%  4 sequences failed composition chi2 test (p-value<5%; df=3)
Checking for duplicate sequences: done in 8.70228e-05 secs using 781.4% CPU

Create initial parsimony tree by phylogenetic likelihood library (PLL)... 0.001 seconds

NOTE: 1 MB RAM (0 GB) is required!
WARNING: Number of threads seems too high for short alignments. Use -T AUTO to determine best number of threads.
Estimate model parameters (epsilon = 0.100)
1. Initial log-likelihood: -6020.426
2. Current log-likelihood: -5629.830
3. Current log-likelihood: -5618.757
4. Current log-likelihood: -5618.499
Optimal log-likelihood: -5618.485
Rate parameters:  A-C: 1.00218  A-G: 5.13323  A-T: 1.08658  C-G: 0.63747  C-T: 3.62082  G-T: 1.00000
Base frequencies:  A: 0.168  C: 0.367  G: 0.260  T: 0.205
Gamma shape alpha: 0.384
Parameters optimization took 4 rounds (0.062 sec)
Wrote distance file to... 
Computing ML distances based on estimated model parameters...
Calculating distance matrix: done in 0.000298977 secs using 832.2% CPU
Computing ML distances took 0.000351 sec (of wall-clock time) 0.002637 sec (of CPU time)
Setting up auxiliary I and S matrices: done in 7.60555e-05 secs using 696.9% CPU
Constructing RapidNJ tree: done in 0.00154996 secs using 625% CPU
Computing RapidNJ tree took 0.001692 sec (of wall-clock time) 0.014178 sec (of CPU time)
Log-likelihood of RapidNJ tree: -5646.012
--------------------------------------------------------------------
|             INITIALIZING CANDIDATE TREE SET                      |
--------------------------------------------------------------------
Generating 98 parsimony trees... 0.099 second
Computing log-likelihood of 98 initial trees ... 0.282 seconds
Current best score: -5614.146

Do NNI search on 20 best initial trees
Estimate model parameters (epsilon = 0.100)
BETTER TREE FOUND at iteration 1: -5604.111
Estimate model parameters (epsilon = 0.100)
BETTER TREE FOUND at iteration 2: -5599.342
Estimate model parameters (epsilon = 0.100)
BETTER TREE FOUND at iteration 5: -5593.485
Iteration 10 / LogL: -5603.373 / Time: 0h:0m:0s
Iteration 20 / LogL: -5605.399 / Time: 0h:0m:1s
Finish initializing candidate tree set (15)
Current best tree score: -5593.485 / CPU time: 1.319
Number of iterations: 20
--------------------------------------------------------------------
|               OPTIMIZING CANDIDATE TREE SET                      |
--------------------------------------------------------------------
Iteration 30 / LogL: -5593.517 / Time: 0h:0m:1s (0h:0m:4s left)
Iteration 40 / LogL: -5594.953 / Time: 0h:0m:2s (0h:0m:4s left)
Iteration 50 / LogL: -5595.106 / Time: 0h:0m:2s (0h:0m:3s left)
Iteration 60 / LogL: -5595.004 / Time: 0h:0m:3s (0h:0m:2s left)
Iteration 70 / LogL: -5594.745 / Time: 0h:0m:4s (0h:0m:2s left)
Iteration 80 / LogL: -5593.811 / Time: 0h:0m:4s (0h:0m:1s left)
Iteration 90 / LogL: -5593.528 / Time: 0h:0m:5s (0h:0m:0s left)
Iteration 100 / LogL: -5593.842 / Time: 0h:0m:5s (0h:0m:0s left)
TREE SEARCH COMPLETED AFTER 106 ITERATIONS / Time: 0h:0m:5s

--------------------------------------------------------------------
|                    FINALIZING TREE SEARCH                        |
--------------------------------------------------------------------
Performs final model parameters optimization
Estimate model parameters (epsilon = 0.010)
1. Initial log-likelihood: -5593.485
Optimal log-likelihood: -5593.484
Rate parameters:  A-C: 1.03079  A-G: 5.29170  A-T: 1.15572  C-G: 0.62327  C-T: 3.68497  G-T: 1.00000
Base frequencies:  A: 0.168  C: 0.367  G: 0.260  T: 0.205
Gamma shape alpha: 0.384
Parameters optimization took 1 rounds (0.006 sec)
BEST SCORE FOUND : -5593.484
Total tree length: 2.672

Total number of iterations: 106
CPU time used for tree search: 45.826 sec (0h:0m:45s)
Wall-clock time used for tree search: 5.731 sec (0h:0m:5s)
Total CPU time used: 46.538 sec (0h:0m:46s)
Total wall-clock time used: 5.821 sec (0h:0m:5s)

Analysis results written to: 
  IQ-TREE report:                /workspace/IQTree_8_cores_TarvD7_Results/ENSG00000178343.nuc.ord.iqtree
  Maximum-likelihood tree:       /workspace/IQTree_8_cores_TarvD7_Results/ENSG00000178343.nuc.ord.treefile
  Likelihood distances:          /workspace/IQTree_8_cores_TarvD7_Results/ENSG00000178343.nuc.ord.mldist
  Screen log file:               /workspace/IQTree_8_cores_TarvD7_Results/ENSG00000178343.nuc.ord.log

Date and Time: Wed May 27 07:44:03 2026
