IQ-TREE version 3.1.2 for Linux x86 64-bit built May  7 2026
Developed by Bui Quang Minh, Thomas Wong, Nhan Ly-Trong, Huaiyan Ren
Contributed by Lam-Tung Nguyen, Dominik Schrempf, Chris Bielow,
Olga Chernomor, Michael Woodhams, Diep Thi Hoang, Heiko Schmidt

Host:    8084c4e79f09 (AVX512, FMA3, 1133 GB RAM)
Command: /workspace/iqtree-3.1.2-Linux/bin/iqtree3_intel -s /workspace/NeuralNJ/empirical/TarvD7/ENSG00000111275.nuc.ord.aln -st DNA -m GTR+G -T 8 -seed 2201 -pre /workspace/IQTree_8_cores_TarvD7_Results/ENSG00000111275.nuc.ord -quiet
Seed:    2201 (Using SPRNG - Scalable Parallel Random Number Generator)
Time:    Tue May 26 06:55:49 2026
Kernel:  AVX+FMA - 8 threads (384 CPU cores detected)

Reading alignment file /workspace/NeuralNJ/empirical/TarvD7/ENSG00000111275.nuc.ord.aln ... Fasta format detected
Reading fasta file: done in 0.000566959 secs using 27.87% CPU
Alignment most likely contains DNA/RNA sequences
Constructing alignment: done in 0.00233912 secs using 687.7% CPU
Alignment has 33 sequences with 1791 columns, 934 distinct patterns
517 parsimony-informative, 300 singleton sites, 974 constant sites
                   Gap/Ambiguity  Composition  p-value
Analyzing sequences: done in 2.88486e-05 secs using 381.3% CPU
   1  P001_Platypus       13.23%    passed     27.29%
   2  P002_Opossum        19.60%    failed      1.64%
   3  P003_Wallaby        25.29%    passed     85.40%
   4  P004_Tenrec         28.64%    failed      4.91%
   5  P005_Rock_hyrax     37.69%    passed     66.47%
   6  P006_Elephant       43.05%    passed     54.34%
   7  P007_Armadillo      42.71%    passed     48.25%
   8  P008_Sloth          49.75%    passed     60.11%
   9  P009_Hedgehog       30.15%    failed      3.95%
  10  P010_Common_shrew   35.01%    failed      0.19%
  11  P011_Dolphin        25.29%    passed     32.28%
  12  P012_Cow            12.90%    passed     67.97%
  13  P015_Horse          16.42%    passed     74.81%
  14  P016_Dog            13.40%    passed     19.23%
  15  P017_Cat            41.04%    passed     89.90%
  16  P018_Megabat        20.10%    passed     74.78%
  17  P019_Microbat       28.64%    passed     68.80%
  18  P020_Rabbit         35.18%    passed      6.50%
  19  P021_Pika           18.43%    passed     28.26%
  20  P022_Squirrel       20.94%    passed     95.24%
  21  P023_Guinea_pig     12.73%    passed     68.36%
  22  P024_Kangaroo_rat   27.47%    passed     82.29%
  23  P025_Mouse          13.07%    passed     54.81%
  24  P026_Rat            13.23%    passed     72.45%
  25  P027_Tree_shrew     29.98%    passed     94.01%
  26  P029_Mouse_lemur    13.57%    passed     97.53%
  27  P030_Tarsier        46.90%    passed     57.83%
  28  P031_Marmoset       13.07%    passed     44.88%
  29  P032_Rhesus         19.77%    passed     99.71%
  30  P033_Orangutan      13.40%    passed     89.27%
  31  P034_Gorilla        42.71%    passed     13.50%
  32  P035_Chimp          27.64%    passed     58.33%
  33  P036_Human          13.40%    passed     82.27%
****  TOTAL               25.59%  4 sequences failed composition chi2 test (p-value<5%; df=3)
Checking for duplicate sequences: done in 0.000118971 secs using 780.9% CPU

Create initial parsimony tree by phylogenetic likelihood library (PLL)... 0.002 seconds

NOTE: 4 MB RAM (0 GB) is required!
Estimate model parameters (epsilon = 0.100)
1. Initial log-likelihood: -15656.179
2. Current log-likelihood: -14418.938
3. Current log-likelihood: -14402.557
4. Current log-likelihood: -14402.380
Optimal log-likelihood: -14402.369
Rate parameters:  A-C: 2.45035  A-G: 6.05583  A-T: 1.62397  C-G: 1.35326  C-T: 9.65145  G-T: 1.00000
Base frequencies:  A: 0.219  C: 0.271  G: 0.306  T: 0.204
Gamma shape alpha: 0.352
Parameters optimization took 4 rounds (0.081 sec)
Wrote distance file to... 
Computing ML distances based on estimated model parameters...
Calculating distance matrix: done in 0.000550985 secs using 839.9% CPU
Computing ML distances took 0.000637 sec (of wall-clock time) 0.005066 sec (of CPU time)
Setting up auxiliary I and S matrices: done in 8.4877e-05 secs using 955.5% CPU
Constructing RapidNJ tree: done in 0.00177789 secs using 784% CPU
Computing RapidNJ tree took 0.001901 sec (of wall-clock time) 0.015313 sec (of CPU time)
Log-likelihood of RapidNJ tree: -14506.134
--------------------------------------------------------------------
|             INITIALIZING CANDIDATE TREE SET                      |
--------------------------------------------------------------------
Generating 98 parsimony trees... 0.223 second
Computing log-likelihood of 98 initial trees ... 0.452 seconds
Current best score: -14402.369

Do NNI search on 20 best initial trees
Estimate model parameters (epsilon = 0.100)
BETTER TREE FOUND at iteration 1: -14365.187
Iteration 10 / LogL: -14379.264 / Time: 0h:0m:1s
Iteration 20 / LogL: -14371.604 / Time: 0h:0m:2s
Finish initializing candidate tree set (19)
Current best tree score: -14365.187 / CPU time: 2.237
Number of iterations: 20
--------------------------------------------------------------------
|               OPTIMIZING CANDIDATE TREE SET                      |
--------------------------------------------------------------------
Estimate model parameters (epsilon = 0.100)
BETTER TREE FOUND at iteration 24: -14364.259
Iteration 30 / LogL: -14365.212 / Time: 0h:0m:3s (0h:0m:10s left)
BETTER TREE FOUND at iteration 35: -14364.252
Iteration 40 / LogL: -14366.000 / Time: 0h:0m:3s (0h:0m:9s left)
UPDATE BEST LOG-LIKELIHOOD: -14364.249
Iteration 50 / LogL: -14364.682 / Time: 0h:0m:4s (0h:0m:8s left)
Iteration 60 / LogL: -14365.643 / Time: 0h:0m:5s (0h:0m:7s left)
UPDATE BEST LOG-LIKELIHOOD: -14364.246
Iteration 70 / LogL: -14364.661 / Time: 0h:0m:6s (0h:0m:6s left)
Iteration 80 / LogL: -14365.208 / Time: 0h:0m:7s (0h:0m:5s left)
Iteration 90 / LogL: -14364.260 / Time: 0h:0m:8s (0h:0m:4s left)
Iteration 100 / LogL: -14365.506 / Time: 0h:0m:8s (0h:0m:3s left)
Iteration 110 / LogL: -14364.259 / Time: 0h:0m:9s (0h:0m:2s left)
Iteration 120 / LogL: -14364.999 / Time: 0h:0m:10s (0h:0m:1s left)
Iteration 130 / LogL: -14364.654 / Time: 0h:0m:11s (0h:0m:0s left)
TREE SEARCH COMPLETED AFTER 136 ITERATIONS / Time: 0h:0m:11s

--------------------------------------------------------------------
|                    FINALIZING TREE SEARCH                        |
--------------------------------------------------------------------
Performs final model parameters optimization
Estimate model parameters (epsilon = 0.010)
1. Initial log-likelihood: -14364.246
2. Current log-likelihood: -14364.219
Optimal log-likelihood: -14364.217
Rate parameters:  A-C: 2.52126  A-G: 6.00442  A-T: 1.58686  C-G: 1.32342  C-T: 9.64944  G-T: 1.00000
Base frequencies:  A: 0.219  C: 0.271  G: 0.306  T: 0.204
Gamma shape alpha: 0.353
Parameters optimization took 2 rounds (0.017 sec)
BEST SCORE FOUND : -14364.217
Total tree length: 2.991

Total number of iterations: 136
CPU time used for tree search: 90.760 sec (0h:1m:30s)
Wall-clock time used for tree search: 11.435 sec (0h:0m:11s)
Total CPU time used: 91.889 sec (0h:1m:31s)
Total wall-clock time used: 11.574 sec (0h:0m:11s)

Analysis results written to: 
  IQ-TREE report:                /workspace/IQTree_8_cores_TarvD7_Results/ENSG00000111275.nuc.ord.iqtree
  Maximum-likelihood tree:       /workspace/IQTree_8_cores_TarvD7_Results/ENSG00000111275.nuc.ord.treefile
  Likelihood distances:          /workspace/IQTree_8_cores_TarvD7_Results/ENSG00000111275.nuc.ord.mldist
  Screen log file:               /workspace/IQTree_8_cores_TarvD7_Results/ENSG00000111275.nuc.ord.log

Date and Time: Tue May 26 06:56:01 2026
