IQ-TREE version 3.1.2 for Linux x86 64-bit built May  7 2026
Developed by Bui Quang Minh, Thomas Wong, Nhan Ly-Trong, Huaiyan Ren
Contributed by Lam-Tung Nguyen, Dominik Schrempf, Chris Bielow,
Olga Chernomor, Michael Woodhams, Diep Thi Hoang, Heiko Schmidt

Host:    8084c4e79f09 (AVX512, FMA3, 1133 GB RAM)
Command: /workspace/iqtree-3.1.2-Linux/bin/iqtree3_intel -s /workspace/NeuralNJ/empirical/TarvD7/ENSG00000122783.nuc.ord.aln -st DNA -m GTR+G -T 8 -seed 2201 -pre /workspace/IQTree_8_cores_TarvD7_Results/ENSG00000122783.nuc.ord -quiet
Seed:    2201 (Using SPRNG - Scalable Parallel Random Number Generator)
Time:    Tue May 26 10:55:58 2026
Kernel:  AVX+FMA - 8 threads (384 CPU cores detected)

Reading alignment file /workspace/NeuralNJ/empirical/TarvD7/ENSG00000122783.nuc.ord.aln ... Fasta format detected
Reading fasta file: done in 0.000200033 secs using 44.49% CPU
Alignment most likely contains DNA/RNA sequences
Constructing alignment: done in 0.000896931 secs using 769.5% CPU
Alignment has 26 sequences with 678 columns, 432 distinct patterns
287 parsimony-informative, 89 singleton sites, 302 constant sites
                   Gap/Ambiguity  Composition  p-value
Analyzing sequences: done in 3.29018e-05 secs using 750.7% CPU
   1  P002_Opossum        31.86%    failed      0.56%
   2  P003_Wallaby        46.90%    failed      0.00%
   3  P004_Tenrec         51.77%    failed      0.75%
   4  P007_Armadillo      46.90%    passed     41.06%
   5  P008_Sloth          63.27%    passed     79.87%
   6  P009_Hedgehog       51.33%    passed     19.78%
   7  P011_Dolphin        45.58%    passed     67.84%
   8  P012_Cow            32.30%    passed     48.08%
   9  P013_Pig            34.07%    failed      0.85%
  10  P015_Horse          44.25%    passed     88.47%
  11  P016_Dog            28.76%    passed     45.47%
  12  P018_Megabat        43.36%    passed     84.87%
  13  P019_Microbat       47.79%    passed      5.91%
  14  P021_Pika           47.79%    passed     77.53%
  15  P023_Guinea_pig     50.44%    passed     61.00%
  16  P024_Kangaroo_rat   43.36%    passed     46.17%
  17  P025_Mouse          18.58%    passed     85.07%
  18  P026_Rat            29.20%    passed     40.62%
  19  P027_Tree_shrew     44.25%    passed     83.59%
  20  P029_Mouse_lemur    45.58%    passed     42.96%
  21  P030_Tarsier        52.65%    passed     39.15%
  22  P031_Marmoset       29.20%    passed     87.96%
  23  P033_Orangutan      42.92%    passed     84.78%
  24  P034_Gorilla        42.92%    passed     87.01%
  25  P035_Chimp          42.92%    passed     90.21%
  26  P036_Human          30.53%    passed     99.65%
WARNING: 5 sequences contain more than 50% gaps/ambiguity
****  TOTAL               41.87%  4 sequences failed composition chi2 test (p-value<5%; df=3)
Checking for duplicate sequences: done in 7.89165e-05 secs using 788.2% CPU

Create initial parsimony tree by phylogenetic likelihood library (PLL)... 0.001 seconds

NOTE: 1 MB RAM (0 GB) is required!
WARNING: Number of threads seems too high for short alignments. Use -T AUTO to determine best number of threads.
Estimate model parameters (epsilon = 0.100)
1. Initial log-likelihood: -6370.585
2. Current log-likelihood: -6033.415
3. Current log-likelihood: -6028.193
Optimal log-likelihood: -6028.177
Rate parameters:  A-C: 1.61323  A-G: 2.97886  A-T: 0.43672  C-G: 1.15779  C-T: 4.47274  G-T: 1.00000
Base frequencies:  A: 0.250  C: 0.265  G: 0.314  T: 0.171
Gamma shape alpha: 1.056
Parameters optimization took 3 rounds (0.039 sec)
Wrote distance file to... 
Computing ML distances based on estimated model parameters...
Calculating distance matrix: done in 0.000231981 secs using 857.8% CPU
Computing ML distances took 0.000300 sec (of wall-clock time) 0.002407 sec (of CPU time)
Setting up auxiliary I and S matrices: done in 7.60555e-05 secs using 1189% CPU
Constructing RapidNJ tree: done in 0.00147009 secs using 734.4% CPU
Computing RapidNJ tree took 0.001573 sec (of wall-clock time) 0.014683 sec (of CPU time)
Log-likelihood of RapidNJ tree: -6036.206
--------------------------------------------------------------------
|             INITIALIZING CANDIDATE TREE SET                      |
--------------------------------------------------------------------
Generating 98 parsimony trees... 0.097 second
Computing log-likelihood of 98 initial trees ... 0.304 seconds
Current best score: -6028.177

Do NNI search on 20 best initial trees
Estimate model parameters (epsilon = 0.100)
BETTER TREE FOUND at iteration 1: -6020.373
Estimate model parameters (epsilon = 0.100)
BETTER TREE FOUND at iteration 2: -6011.712
Iteration 10 / LogL: -6011.839 / Time: 0h:0m:0s
Iteration 20 / LogL: -6020.425 / Time: 0h:0m:1s
Finish initializing candidate tree set (2)
Current best tree score: -6011.712 / CPU time: 1.385
Number of iterations: 20
--------------------------------------------------------------------
|               OPTIMIZING CANDIDATE TREE SET                      |
--------------------------------------------------------------------
Iteration 30 / LogL: -6020.447 / Time: 0h:0m:2s (0h:0m:4s left)
Iteration 40 / LogL: -6020.919 / Time: 0h:0m:2s (0h:0m:3s left)
Iteration 50 / LogL: -6017.035 / Time: 0h:0m:3s (0h:0m:3s left)
Iteration 60 / LogL: -6017.121 / Time: 0h:0m:3s (0h:0m:2s left)
Iteration 70 / LogL: -6017.219 / Time: 0h:0m:4s (0h:0m:1s left)
Iteration 80 / LogL: -6011.712 / Time: 0h:0m:4s (0h:0m:1s left)
Iteration 90 / LogL: -6011.713 / Time: 0h:0m:5s (0h:0m:0s left)
Iteration 100 / LogL: -6015.164 / Time: 0h:0m:5s (0h:0m:0s left)
TREE SEARCH COMPLETED AFTER 103 ITERATIONS / Time: 0h:0m:5s

--------------------------------------------------------------------
|                    FINALIZING TREE SEARCH                        |
--------------------------------------------------------------------
Performs final model parameters optimization
Estimate model parameters (epsilon = 0.010)
1. Initial log-likelihood: -6011.712
Optimal log-likelihood: -6011.712
Rate parameters:  A-C: 1.57916  A-G: 2.96416  A-T: 0.41191  C-G: 1.16553  C-T: 4.47218  G-T: 1.00000
Base frequencies:  A: 0.250  C: 0.265  G: 0.314  T: 0.171
Gamma shape alpha: 1.084
Parameters optimization took 1 rounds (0.005 sec)
BEST SCORE FOUND : -6011.712
Total tree length: 4.389

Total number of iterations: 103
CPU time used for tree search: 45.872 sec (0h:0m:45s)
Wall-clock time used for tree search: 5.732 sec (0h:0m:5s)
Total CPU time used: 46.383 sec (0h:0m:46s)
Total wall-clock time used: 5.795 sec (0h:0m:5s)

Analysis results written to: 
  IQ-TREE report:                /workspace/IQTree_8_cores_TarvD7_Results/ENSG00000122783.nuc.ord.iqtree
  Maximum-likelihood tree:       /workspace/IQTree_8_cores_TarvD7_Results/ENSG00000122783.nuc.ord.treefile
  Likelihood distances:          /workspace/IQTree_8_cores_TarvD7_Results/ENSG00000122783.nuc.ord.mldist
  Screen log file:               /workspace/IQTree_8_cores_TarvD7_Results/ENSG00000122783.nuc.ord.log

Date and Time: Tue May 26 10:56:04 2026
