IQ-TREE version 3.1.2 for Linux x86 64-bit built May  7 2026
Developed by Bui Quang Minh, Thomas Wong, Nhan Ly-Trong, Huaiyan Ren
Contributed by Lam-Tung Nguyen, Dominik Schrempf, Chris Bielow,
Olga Chernomor, Michael Woodhams, Diep Thi Hoang, Heiko Schmidt

Host:    8084c4e79f09 (AVX512, FMA3, 1133 GB RAM)
Command: /workspace/iqtree-3.1.2-Linux/bin/iqtree3_intel -s /workspace/NeuralNJ/empirical/TarvD7/ENSG00000145860.nuc.ord.aln -st DNA -m GTR+G -T 8 -seed 2201 -pre /workspace/IQTree_8_cores_TarvD7_Results/ENSG00000145860.nuc.ord -quiet
Seed:    2201 (Using SPRNG - Scalable Parallel Random Number Generator)
Time:    Tue May 26 19:23:38 2026
Kernel:  AVX+FMA - 8 threads (384 CPU cores detected)

Reading alignment file /workspace/NeuralNJ/empirical/TarvD7/ENSG00000145860.nuc.ord.aln ... Fasta format detected
Reading fasta file: done in 0.000780821 secs using 57.12% CPU
Alignment most likely contains DNA/RNA sequences
Constructing alignment: done in 0.00351691 secs using 698.6% CPU
Alignment has 35 sequences with 2478 columns, 1183 distinct patterns
697 parsimony-informative, 258 singleton sites, 1523 constant sites
                   Gap/Ambiguity  Composition  p-value
Analyzing sequences: done in 4.00543e-05 secs using 367% CPU
   1  P001_Platypus       19.13%    passed     52.77%
   2  P002_Opossum        19.73%    failed      2.13%
   3  P003_Wallaby        57.75%    passed     32.83%
   4  P004_Tenrec         34.75%    failed      3.06%
   5  P005_Rock_hyrax     18.40%    passed     54.26%
   6  P006_Elephant       49.88%    passed     11.43%
   7  P007_Armadillo      33.78%    passed     11.14%
   8  P008_Sloth          54.48%    passed      6.36%
   9  P009_Hedgehog       35.71%    passed     37.13%
  10  P010_Common_shrew   35.84%    failed      0.00%
  11  P011_Dolphin        33.17%    passed     77.96%
  12  P012_Cow            14.41%    passed     27.29%
  13  P013_Pig            19.01%    passed     92.86%
  14  P014_Alpaca         40.68%    passed     43.37%
  15  P015_Horse          24.58%    passed     71.63%
  16  P016_Dog            16.22%    passed     18.06%
  17  P017_Cat            51.45%    passed     92.34%
  18  P018_Megabat        18.64%    passed     92.33%
  19  P019_Microbat       23.00%    passed     65.09%
  20  P020_Rabbit         20.70%    passed     90.43%
  21  P021_Pika           57.38%    failed      0.01%
  22  P022_Squirrel       39.59%    passed     20.38%
  23  P023_Guinea_pig     19.98%    passed     84.35%
  24  P024_Kangaroo_rat   43.10%    failed      4.16%
  25  P025_Mouse          19.73%    failed      0.00%
  26  P026_Rat            19.61%    failed      0.00%
  27  P027_Tree_shrew     24.09%    passed     63.03%
  28  P028_Bushbaby       34.99%    passed     25.62%
  29  P029_Mouse_lemur    54.12%    passed     27.48%
  30  P030_Tarsier        19.13%    passed     98.20%
  31  P031_Marmoset       16.34%    passed     40.65%
  32  P032_Rhesus         16.10%    failed      3.11%
  33  P033_Orangutan      16.34%    passed     23.50%
  34  P035_Chimp          16.34%    passed     22.65%
  35  P036_Human          16.34%    passed     17.61%
WARNING: 5 sequences contain more than 50% gaps/ambiguity
****  TOTAL               29.56%  8 sequences failed composition chi2 test (p-value<5%; df=3)
Checking for duplicate sequences: done in 0.000142097 secs using 784% CPU

Create initial parsimony tree by phylogenetic likelihood library (PLL)... 0.003 seconds

NOTE: 5 MB RAM (0 GB) is required!
Estimate model parameters (epsilon = 0.100)
1. Initial log-likelihood: -18696.786
2. Current log-likelihood: -17220.615
3. Current log-likelihood: -17206.118
Optimal log-likelihood: -17206.069
Rate parameters:  A-C: 1.80621  A-G: 5.97667  A-T: 0.69654  C-G: 1.33175  C-T: 5.80189  G-T: 1.00000
Base frequencies:  A: 0.231  C: 0.229  G: 0.232  T: 0.308
Gamma shape alpha: 0.295
Parameters optimization took 3 rounds (0.095 sec)
Wrote distance file to... 
Computing ML distances based on estimated model parameters...
Calculating distance matrix: done in 0.000521898 secs using 836% CPU
Computing ML distances took 0.000631 sec (of wall-clock time) 0.005029 sec (of CPU time)
Setting up auxiliary I and S matrices: done in 0.000141859 secs using 975.6% CPU
Constructing RapidNJ tree: done in 0.00187206 secs using 838.8% CPU
Computing RapidNJ tree took 0.002067 sec (of wall-clock time) 0.018069 sec (of CPU time)
Log-likelihood of RapidNJ tree: -17318.214
--------------------------------------------------------------------
|             INITIALIZING CANDIDATE TREE SET                      |
--------------------------------------------------------------------
Generating 98 parsimony trees... 0.291 second
Computing log-likelihood of 98 initial trees ... 0.550 seconds
Current best score: -17206.069

Do NNI search on 20 best initial trees
Estimate model parameters (epsilon = 0.100)
BETTER TREE FOUND at iteration 1: -17197.782
Estimate model parameters (epsilon = 0.100)
BETTER TREE FOUND at iteration 2: -17184.618
Iteration 10 / LogL: -17184.803 / Time: 0h:0m:1s
Iteration 20 / LogL: -17202.118 / Time: 0h:0m:2s
Finish initializing candidate tree set (4)
Current best tree score: -17184.618 / CPU time: 2.203
Number of iterations: 20
--------------------------------------------------------------------
|               OPTIMIZING CANDIDATE TREE SET                      |
--------------------------------------------------------------------
Iteration 30 / LogL: -17184.715 / Time: 0h:0m:3s (0h:0m:8s left)
Iteration 40 / LogL: -17202.320 / Time: 0h:0m:4s (0h:0m:7s left)
Iteration 50 / LogL: -17201.803 / Time: 0h:0m:5s (0h:0m:5s left)
Iteration 60 / LogL: -17184.642 / Time: 0h:0m:6s (0h:0m:4s left)
Iteration 70 / LogL: -17202.024 / Time: 0h:0m:7s (0h:0m:3s left)
Iteration 80 / LogL: -17184.638 / Time: 0h:0m:8s (0h:0m:2s left)
Iteration 90 / LogL: -17185.922 / Time: 0h:0m:9s (0h:0m:1s left)
Iteration 100 / LogL: -17197.531 / Time: 0h:0m:10s (0h:0m:0s left)
TREE SEARCH COMPLETED AFTER 103 ITERATIONS / Time: 0h:0m:10s

--------------------------------------------------------------------
|                    FINALIZING TREE SEARCH                        |
--------------------------------------------------------------------
Performs final model parameters optimization
Estimate model parameters (epsilon = 0.010)
1. Initial log-likelihood: -17184.618
Optimal log-likelihood: -17184.611
Rate parameters:  A-C: 1.81839  A-G: 6.10059  A-T: 0.72955  C-G: 1.33838  C-T: 5.89038  G-T: 1.00000
Base frequencies:  A: 0.231  C: 0.229  G: 0.232  T: 0.308
Gamma shape alpha: 0.296
Parameters optimization took 1 rounds (0.016 sec)
BEST SCORE FOUND : -17184.611
Total tree length: 2.195

Total number of iterations: 103
CPU time used for tree search: 85.362 sec (0h:1m:25s)
Wall-clock time used for tree search: 10.844 sec (0h:0m:10s)
Total CPU time used: 86.547 sec (0h:1m:26s)
Total wall-clock time used: 10.993 sec (0h:0m:10s)

Analysis results written to: 
  IQ-TREE report:                /workspace/IQTree_8_cores_TarvD7_Results/ENSG00000145860.nuc.ord.iqtree
  Maximum-likelihood tree:       /workspace/IQTree_8_cores_TarvD7_Results/ENSG00000145860.nuc.ord.treefile
  Likelihood distances:          /workspace/IQTree_8_cores_TarvD7_Results/ENSG00000145860.nuc.ord.mldist
  Screen log file:               /workspace/IQTree_8_cores_TarvD7_Results/ENSG00000145860.nuc.ord.log

Date and Time: Tue May 26 19:23:49 2026
