IQ-TREE version 3.1.2 for Linux x86 64-bit built May  7 2026
Developed by Bui Quang Minh, Thomas Wong, Nhan Ly-Trong, Huaiyan Ren
Contributed by Lam-Tung Nguyen, Dominik Schrempf, Chris Bielow,
Olga Chernomor, Michael Woodhams, Diep Thi Hoang, Heiko Schmidt

Host:    8084c4e79f09 (AVX512, FMA3, 1133 GB RAM)
Command: /workspace/iqtree-3.1.2-Linux/bin/iqtree3_intel -s /workspace/NeuralNJ/empirical/TarvD7/ENSG00000163507.nuc.ord.aln -st DNA -m GTR+G -T 8 -seed 2201 -pre /workspace/IQTree_8_cores_TarvD7_Results/ENSG00000163507.nuc.ord -quiet
Seed:    2201 (Using SPRNG - Scalable Parallel Random Number Generator)
Time:    Wed May 27 00:50:08 2026
Kernel:  AVX+FMA - 8 threads (384 CPU cores detected)

Reading alignment file /workspace/NeuralNJ/empirical/TarvD7/ENSG00000163507.nuc.ord.aln ... Fasta format detected
Reading fasta file: done in 0.000899076 secs using 92.21% CPU
Alignment most likely contains DNA/RNA sequences
Constructing alignment: done in 0.00432587 secs using 777.3% CPU
Alignment has 33 sequences with 3012 columns, 1846 distinct patterns
1111 parsimony-informative, 534 singleton sites, 1367 constant sites
                   Gap/Ambiguity  Composition  p-value
Analyzing sequences: done in 7.79629e-05 secs using 504.1% CPU
   1  P001_Platypus       11.75%    failed      0.00%
   2  P002_Opossum         9.36%    passed     80.64%
   3  P003_Wallaby        43.43%    passed     27.55%
   4  P004_Tenrec         34.26%    passed     10.33%
   5  P005_Rock_hyrax     12.15%    passed     79.17%
   6  P006_Elephant       42.23%    passed     45.67%
   7  P007_Armadillo      44.82%    passed     37.16%
   8  P009_Hedgehog       26.29%    passed     79.85%
   9  P010_Common_shrew   17.33%    passed     13.77%
  10  P011_Dolphin        10.86%    passed     68.78%
  11  P012_Cow             9.36%    passed     50.29%
  12  P014_Alpaca          9.56%    passed     73.98%
  13  P015_Horse           9.56%    passed     97.66%
  14  P016_Dog             9.36%    passed     78.00%
  15  P017_Cat            35.36%    passed     61.51%
  16  P018_Megabat        15.34%    passed     45.78%
  17  P019_Microbat       17.73%    passed     48.84%
  18  P020_Rabbit         55.68%    passed     94.83%
  19  P021_Pika           25.80%    passed     90.84%
  20  P022_Squirrel       47.41%    passed     75.34%
  21  P023_Guinea_pig      9.36%    passed     61.06%
  22  P024_Kangaroo_rat   49.20%    passed     19.26%
  23  P025_Mouse           7.47%    passed     27.92%
  24  P026_Rat             9.46%    passed     59.84%
  25  P027_Tree_shrew     29.68%    failed      1.27%
  26  P028_Bushbaby       41.93%    passed     27.72%
  27  P029_Mouse_lemur    23.31%    passed      7.59%
  28  P030_Tarsier         9.66%    passed     65.13%
  29  P031_Marmoset        9.36%    passed     53.10%
  30  P032_Rhesus          9.76%    passed     44.67%
  31  P033_Orangutan       9.76%    passed     39.23%
  32  P035_Chimp           9.76%    passed     33.42%
  33  P036_Human           9.86%    passed     41.04%
WARNING: 1 sequences contain more than 50% gaps/ambiguity
****  TOTAL               21.70%  2 sequences failed composition chi2 test (p-value<5%; df=3)
Checking for duplicate sequences: done in 0.000171185 secs using 796.8% CPU

Create initial parsimony tree by phylogenetic likelihood library (PLL)... 0.004 seconds

NOTE: 7 MB RAM (0 GB) is required!
Estimate model parameters (epsilon = 0.100)
1. Initial log-likelihood: -25948.600
2. Current log-likelihood: -24346.447
3. Current log-likelihood: -24332.169
Optimal log-likelihood: -24332.075
Rate parameters:  A-C: 1.57825  A-G: 6.02077  A-T: 0.89675  C-G: 1.63429  C-T: 6.54688  G-T: 1.00000
Base frequencies:  A: 0.327  C: 0.190  G: 0.207  T: 0.276
Gamma shape alpha: 0.607
Parameters optimization took 3 rounds (0.113 sec)
Wrote distance file to... 
Computing ML distances based on estimated model parameters...
Calculating distance matrix: done in 0.000669956 secs using 707.2% CPU
Computing ML distances took 0.000836 sec (of wall-clock time) 0.005763 sec (of CPU time)
Setting up auxiliary I and S matrices: done in 8.70228e-05 secs using 1143% CPU
Constructing RapidNJ tree: done in 0.00183702 secs using 848.8% CPU
Computing RapidNJ tree took 0.001996 sec (of wall-clock time) 0.018370 sec (of CPU time)
Log-likelihood of RapidNJ tree: -24431.833
--------------------------------------------------------------------
|             INITIALIZING CANDIDATE TREE SET                      |
--------------------------------------------------------------------
Generating 98 parsimony trees... 0.405 second
Computing log-likelihood of 98 initial trees ... 0.621 seconds
Current best score: -24332.075

Do NNI search on 20 best initial trees
Estimate model parameters (epsilon = 0.100)
BETTER TREE FOUND at iteration 1: -24316.904
UPDATE BEST LOG-LIKELIHOOD: -24316.903
UPDATE BEST LOG-LIKELIHOOD: -24316.903
UPDATE BEST LOG-LIKELIHOOD: -24316.903
Iteration 10 / LogL: -24316.906 / Time: 0h:0m:2s
Iteration 20 / LogL: -24316.904 / Time: 0h:0m:3s
Finish initializing candidate tree set (3)
Current best tree score: -24316.903 / CPU time: 3.739
Number of iterations: 20
--------------------------------------------------------------------
|               OPTIMIZING CANDIDATE TREE SET                      |
--------------------------------------------------------------------
Iteration 30 / LogL: -24316.904 / Time: 0h:0m:5s (0h:0m:13s left)
Iteration 40 / LogL: -24317.036 / Time: 0h:0m:6s (0h:0m:10s left)
UPDATE BEST LOG-LIKELIHOOD: -24316.903
Iteration 50 / LogL: -24318.863 / Time: 0h:0m:7s (0h:0m:8s left)
Iteration 60 / LogL: -24316.903 / Time: 0h:0m:9s (0h:0m:6s left)
Iteration 70 / LogL: -24364.387 / Time: 0h:0m:10s (0h:0m:4s left)
Iteration 80 / LogL: -24316.903 / Time: 0h:0m:11s (0h:0m:3s left)
Iteration 90 / LogL: -24318.869 / Time: 0h:0m:13s (0h:0m:1s left)
Iteration 100 / LogL: -24356.233 / Time: 0h:0m:14s (0h:0m:0s left)
TREE SEARCH COMPLETED AFTER 102 ITERATIONS / Time: 0h:0m:14s

--------------------------------------------------------------------
|                    FINALIZING TREE SEARCH                        |
--------------------------------------------------------------------
Performs final model parameters optimization
Estimate model parameters (epsilon = 0.010)
1. Initial log-likelihood: -24316.903
Optimal log-likelihood: -24316.903
Rate parameters:  A-C: 1.57471  A-G: 6.02015  A-T: 0.89471  C-G: 1.63456  C-T: 6.54747  G-T: 1.00000
Base frequencies:  A: 0.327  C: 0.190  G: 0.207  T: 0.276
Gamma shape alpha: 0.612
Parameters optimization took 1 rounds (0.014 sec)
BEST SCORE FOUND : -24316.903
Total tree length: 2.401

Total number of iterations: 102
CPU time used for tree search: 113.416 sec (0h:1m:53s)
Wall-clock time used for tree search: 14.540 sec (0h:0m:14s)
Total CPU time used: 114.752 sec (0h:1m:54s)
Total wall-clock time used: 14.708 sec (0h:0m:14s)

Analysis results written to: 
  IQ-TREE report:                /workspace/IQTree_8_cores_TarvD7_Results/ENSG00000163507.nuc.ord.iqtree
  Maximum-likelihood tree:       /workspace/IQTree_8_cores_TarvD7_Results/ENSG00000163507.nuc.ord.treefile
  Likelihood distances:          /workspace/IQTree_8_cores_TarvD7_Results/ENSG00000163507.nuc.ord.mldist
  Screen log file:               /workspace/IQTree_8_cores_TarvD7_Results/ENSG00000163507.nuc.ord.log

Date and Time: Wed May 27 00:50:23 2026
