IQ-TREE version 3.1.2 for Linux x86 64-bit built May  7 2026
Developed by Bui Quang Minh, Thomas Wong, Nhan Ly-Trong, Huaiyan Ren
Contributed by Lam-Tung Nguyen, Dominik Schrempf, Chris Bielow,
Olga Chernomor, Michael Woodhams, Diep Thi Hoang, Heiko Schmidt

Host:    8084c4e79f09 (AVX512, FMA3, 1133 GB RAM)
Command: /workspace/iqtree-3.1.2-Linux/bin/iqtree3_intel -s /workspace/NeuralNJ/empirical/TarvD7/ENSG00000165409.nuc.ord.aln -st DNA -m GTR+G -T 8 -seed 2201 -pre /workspace/IQTree_8_cores_TarvD7_Results/ENSG00000165409.nuc.ord -quiet
Seed:    2201 (Using SPRNG - Scalable Parallel Random Number Generator)
Time:    Wed May 27 02:28:16 2026
Kernel:  AVX+FMA - 8 threads (384 CPU cores detected)

Reading alignment file /workspace/NeuralNJ/empirical/TarvD7/ENSG00000165409.nuc.ord.aln ... Fasta format detected
Reading fasta file: done in 0.000742912 secs using 79.28% CPU
Alignment most likely contains DNA/RNA sequences
Constructing alignment: done in 0.00338793 secs using 784.6% CPU
Alignment has 34 sequences with 2358 columns, 1440 distinct patterns
922 parsimony-informative, 365 singleton sites, 1071 constant sites
                   Gap/Ambiguity  Composition  p-value
Analyzing sequences: done in 5.31673e-05 secs using 528.5% CPU
   1  P001_Platypus       10.05%    failed      0.00%
   2  P002_Opossum        13.10%    failed      0.00%
   3  P003_Wallaby        28.75%    failed      0.06%
   4  P004_Tenrec         15.14%    passed     18.49%
   5  P005_Rock_hyrax     21.76%    passed     90.64%
   6  P006_Elephant       18.32%    passed     63.02%
   7  P007_Armadillo      24.17%    passed     33.76%
   8  P009_Hedgehog       38.68%    passed     58.95%
   9  P010_Common_shrew   34.48%    passed     87.07%
  10  P011_Dolphin         2.80%    passed     77.31%
  11  P012_Cow             2.93%    passed      5.37%
  12  P014_Alpaca         10.05%    passed     98.15%
  13  P015_Horse          10.05%    passed     41.52%
  14  P016_Dog             2.80%    passed     99.04%
  15  P017_Cat            28.37%    passed      6.13%
  16  P018_Megabat         2.80%    passed     99.10%
  17  P019_Microbat        3.18%    passed     91.80%
  18  P020_Rabbit         16.28%    passed     49.21%
  19  P021_Pika           42.24%    failed      4.27%
  20  P022_Squirrel        9.54%    passed     97.39%
  21  P023_Guinea_pig     10.18%    passed     59.18%
  22  P024_Kangaroo_rat   22.52%    failed      1.17%
  23  P025_Mouse           2.80%    passed     17.47%
  24  P026_Rat             2.80%    failed      4.11%
  25  P027_Tree_shrew     63.36%    passed     13.35%
  26  P028_Bushbaby        7.38%    passed     82.55%
  27  P029_Mouse_lemur    10.43%    passed     39.56%
  28  P030_Tarsier        47.07%    passed     45.23%
  29  P031_Marmoset        2.80%    passed     94.02%
  30  P032_Rhesus          2.80%    passed     98.58%
  31  P033_Orangutan      10.81%    passed     92.18%
  32  P034_Gorilla         6.23%    passed     83.70%
  33  P035_Chimp           2.80%    passed     98.51%
  34  P036_Human           2.80%    passed     96.83%
WARNING: 1 sequences contain more than 50% gaps/ambiguity
****  TOTAL               15.60%  6 sequences failed composition chi2 test (p-value<5%; df=3)
Checking for duplicate sequences: done in 0.000151873 secs using 798% CPU

Create initial parsimony tree by phylogenetic likelihood library (PLL)... 0.003 seconds

NOTE: 6 MB RAM (0 GB) is required!
Estimate model parameters (epsilon = 0.100)
1. Initial log-likelihood: -22391.468
2. Current log-likelihood: -20927.009
3. Current log-likelihood: -20911.967
Optimal log-likelihood: -20911.858
Rate parameters:  A-C: 1.28705  A-G: 5.78843  A-T: 0.64348  C-G: 1.41154  C-T: 5.63612  G-T: 1.00000
Base frequencies:  A: 0.260  C: 0.264  G: 0.214  T: 0.262
Gamma shape alpha: 0.479
Parameters optimization took 3 rounds (0.090 sec)
Wrote distance file to... 
Computing ML distances based on estimated model parameters...
Calculating distance matrix: done in 0.00116396 secs using 751.7% CPU
Computing ML distances took 0.001266 sec (of wall-clock time) 0.009210 sec (of CPU time)
Setting up auxiliary I and S matrices: done in 9.29832e-05 secs using 1042% CPU
Constructing RapidNJ tree: done in 0.00169706 secs using 794.5% CPU
Computing RapidNJ tree took 0.001833 sec (of wall-clock time) 0.016030 sec (of CPU time)
Log-likelihood of RapidNJ tree: -20959.857
--------------------------------------------------------------------
|             INITIALIZING CANDIDATE TREE SET                      |
--------------------------------------------------------------------
Generating 98 parsimony trees... 0.353 second
Computing log-likelihood of 98 initial trees ... 0.547 seconds
Current best score: -20911.858

Do NNI search on 20 best initial trees
Estimate model parameters (epsilon = 0.100)
BETTER TREE FOUND at iteration 1: -20888.773
Iteration 10 / LogL: -20888.787 / Time: 0h:0m:1s
Iteration 20 / LogL: -20889.037 / Time: 0h:0m:2s
Finish initializing candidate tree set (6)
Current best tree score: -20888.773 / CPU time: 2.649
Number of iterations: 20
--------------------------------------------------------------------
|               OPTIMIZING CANDIDATE TREE SET                      |
--------------------------------------------------------------------
Estimate model parameters (epsilon = 0.100)
UPDATE BEST LOG-LIKELIHOOD: -20888.704
Iteration 30 / LogL: -20889.085 / Time: 0h:0m:3s (0h:0m:9s left)
Iteration 40 / LogL: -20888.791 / Time: 0h:0m:4s (0h:0m:7s left)
Iteration 50 / LogL: -20888.789 / Time: 0h:0m:5s (0h:0m:5s left)
Iteration 60 / LogL: -20888.865 / Time: 0h:0m:6s (0h:0m:4s left)
Iteration 70 / LogL: -20888.877 / Time: 0h:0m:7s (0h:0m:3s left)
Iteration 80 / LogL: -20888.817 / Time: 0h:0m:8s (0h:0m:2s left)
Iteration 90 / LogL: -20888.859 / Time: 0h:0m:9s (0h:0m:1s left)
Iteration 100 / LogL: -20889.049 / Time: 0h:0m:10s (0h:0m:0s left)
TREE SEARCH COMPLETED AFTER 102 ITERATIONS / Time: 0h:0m:11s

--------------------------------------------------------------------
|                    FINALIZING TREE SEARCH                        |
--------------------------------------------------------------------
Performs final model parameters optimization
Estimate model parameters (epsilon = 0.010)
1. Initial log-likelihood: -20888.704
Optimal log-likelihood: -20888.703
Rate parameters:  A-C: 1.28025  A-G: 5.76221  A-T: 0.64500  C-G: 1.41693  C-T: 5.66504  G-T: 1.00000
Base frequencies:  A: 0.260  C: 0.264  G: 0.214  T: 0.262
Gamma shape alpha: 0.482
Parameters optimization took 1 rounds (0.013 sec)
BEST SCORE FOUND : -20888.703
Total tree length: 2.581

Total number of iterations: 102
CPU time used for tree search: 85.083 sec (0h:1m:25s)
Wall-clock time used for tree search: 10.878 sec (0h:0m:10s)
Total CPU time used: 86.188 sec (0h:1m:26s)
Total wall-clock time used: 11.017 sec (0h:0m:11s)

Analysis results written to: 
  IQ-TREE report:                /workspace/IQTree_8_cores_TarvD7_Results/ENSG00000165409.nuc.ord.iqtree
  Maximum-likelihood tree:       /workspace/IQTree_8_cores_TarvD7_Results/ENSG00000165409.nuc.ord.treefile
  Likelihood distances:          /workspace/IQTree_8_cores_TarvD7_Results/ENSG00000165409.nuc.ord.mldist
  Screen log file:               /workspace/IQTree_8_cores_TarvD7_Results/ENSG00000165409.nuc.ord.log

Date and Time: Wed May 27 02:28:27 2026
