IQ-TREE version 3.1.2 for Linux x86 64-bit built May  7 2026
Developed by Bui Quang Minh, Thomas Wong, Nhan Ly-Trong, Huaiyan Ren
Contributed by Lam-Tung Nguyen, Dominik Schrempf, Chris Bielow,
Olga Chernomor, Michael Woodhams, Diep Thi Hoang, Heiko Schmidt

Host:    8084c4e79f09 (AVX512, FMA3, 1133 GB RAM)
Command: /workspace/iqtree-3.1.2-Linux/bin/iqtree3_intel -s /workspace/NeuralNJ/empirical/TarvD7/ENSG00000128829.nuc.ord.aln -st DNA -m GTR+G -T 8 -seed 2201 -pre /workspace/IQTree_8_cores_TarvD7_Results/ENSG00000128829.nuc.ord -quiet
Seed:    2201 (Using SPRNG - Scalable Parallel Random Number Generator)
Time:    Tue May 26 12:29:40 2026
Kernel:  AVX+FMA - 8 threads (384 CPU cores detected)

Reading alignment file /workspace/NeuralNJ/empirical/TarvD7/ENSG00000128829.nuc.ord.aln ... Fasta format detected
Reading fasta file: done in 0.00156212 secs using 71.76% CPU
Alignment most likely contains DNA/RNA sequences
Constructing alignment: done in 0.00788093 secs using 676.5% CPU
Alignment has 33 sequences with 5388 columns, 3162 distinct patterns
1902 parsimony-informative, 884 singleton sites, 2602 constant sites
                   Gap/Ambiguity  Composition  p-value
Analyzing sequences: done in 0.000102043 secs using 535.1% CPU
   1  P001_Platypus       10.36%    failed      0.00%
   2  P002_Opossum         8.02%    failed      0.00%
   3  P003_Wallaby        43.93%    failed      0.03%
   4  P004_Tenrec         14.14%    failed      0.00%
   5  P005_Rock_hyrax     20.32%    passed     92.98%
   6  P006_Elephant       17.26%    passed     38.62%
   7  P007_Armadillo      24.72%    passed     47.01%
   8  P008_Sloth          29.45%    passed     45.86%
   9  P009_Hedgehog       24.00%    passed     92.88%
  10  P010_Common_shrew   27.45%    failed      0.00%
  11  P011_Dolphin         8.18%    passed     98.56%
  12  P012_Cow             8.63%    passed     45.89%
  13  P014_Alpaca         16.09%    passed     88.25%
  14  P015_Horse           8.07%    passed     99.01%
  15  P016_Dog             8.07%    passed     76.00%
  16  P017_Cat            35.63%    failed      4.48%
  17  P018_Megabat        15.59%    failed      3.10%
  18  P019_Microbat       35.75%    passed      8.88%
  19  P020_Rabbit         29.90%    passed     95.18%
  20  P021_Pika           19.15%    passed     33.58%
  21  P022_Squirrel       42.76%    failed      0.00%
  22  P023_Guinea_pig      8.41%    passed     63.13%
  23  P024_Kangaroo_rat   17.54%    failed      0.00%
  24  P025_Mouse           8.24%    passed      6.44%
  25  P026_Rat             8.18%    passed      5.57%
  26  P027_Tree_shrew     43.76%    passed     22.16%
  27  P028_Bushbaby       22.83%    failed      1.29%
  28  P029_Mouse_lemur    40.81%    passed     72.82%
  29  P030_Tarsier        22.66%    failed      0.55%
  30  P031_Marmoset        7.96%    failed      1.72%
  31  P033_Orangutan      12.42%    passed     43.49%
  32  P035_Chimp           8.18%    passed     22.65%
  33  P036_Human           8.18%    passed     20.77%
****  TOTAL               19.90%  12 sequences failed composition chi2 test (p-value<5%; df=3)
Checking for duplicate sequences: done in 0.000252008 secs using 608.7% CPU

Create initial parsimony tree by phylogenetic likelihood library (PLL)... 0.009 seconds

NOTE: 13 MB RAM (0 GB) is required!
Estimate model parameters (epsilon = 0.100)
1. Initial log-likelihood: -49619.602
2. Current log-likelihood: -45925.986
3. Current log-likelihood: -45876.273
4. Current log-likelihood: -45875.479
Optimal log-likelihood: -45875.465
Rate parameters:  A-C: 1.50357  A-G: 5.83088  A-T: 0.53361  C-G: 1.61960  C-T: 7.00500  G-T: 1.00000
Base frequencies:  A: 0.281  C: 0.239  G: 0.252  T: 0.227
Gamma shape alpha: 0.420
Parameters optimization took 4 rounds (0.179 sec)
Wrote distance file to... 
Computing ML distances based on estimated model parameters...
Calculating distance matrix: done in 0.000954151 secs using 801.4% CPU
Computing ML distances took 0.001161 sec (of wall-clock time) 0.009085 sec (of CPU time)
Setting up auxiliary I and S matrices: done in 0.000165939 secs using 840.1% CPU
Constructing RapidNJ tree: done in 0.00165296 secs using 905% CPU
Computing RapidNJ tree took 0.001857 sec (of wall-clock time) 0.016847 sec (of CPU time)
Log-likelihood of RapidNJ tree: -45984.507
--------------------------------------------------------------------
|             INITIALIZING CANDIDATE TREE SET                      |
--------------------------------------------------------------------
Generating 98 parsimony trees... 0.655 second
Computing log-likelihood of 98 initial trees ... 0.736 seconds
Current best score: -45875.465

Do NNI search on 20 best initial trees
Estimate model parameters (epsilon = 0.100)
BETTER TREE FOUND at iteration 1: -45806.973
Iteration 10 / LogL: -45873.675 / Time: 0h:0m:3s
Iteration 20 / LogL: -45808.697 / Time: 0h:0m:4s
Finish initializing candidate tree set (8)
Current best tree score: -45806.973 / CPU time: 4.663
Number of iterations: 20
--------------------------------------------------------------------
|               OPTIMIZING CANDIDATE TREE SET                      |
--------------------------------------------------------------------
Estimate model parameters (epsilon = 0.100)
BETTER TREE FOUND at iteration 29: -45806.923
Iteration 30 / LogL: -45808.571 / Time: 0h:0m:6s (0h:0m:22s left)
Estimate model parameters (epsilon = 0.100)
BETTER TREE FOUND at iteration 31: -45793.705
Iteration 40 / LogL: -45795.196 / Time: 0h:0m:8s (0h:0m:19s left)
Iteration 50 / LogL: -45808.752 / Time: 0h:0m:9s (0h:0m:16s left)
Iteration 60 / LogL: -45806.966 / Time: 0h:0m:11s (0h:0m:13s left)
Iteration 70 / LogL: -45823.895 / Time: 0h:0m:12s (0h:0m:11s left)
Iteration 80 / LogL: -45807.224 / Time: 0h:0m:14s (0h:0m:9s left)
Iteration 90 / LogL: -45806.923 / Time: 0h:0m:15s (0h:0m:7s left)
Iteration 100 / LogL: -45806.959 / Time: 0h:0m:17s (0h:0m:5s left)
Iteration 110 / LogL: -45808.950 / Time: 0h:0m:18s (0h:0m:3s left)
Iteration 120 / LogL: -45806.981 / Time: 0h:0m:20s (0h:0m:1s left)
Iteration 130 / LogL: -45793.706 / Time: 0h:0m:21s (0h:0m:0s left)
TREE SEARCH COMPLETED AFTER 132 ITERATIONS / Time: 0h:0m:22s

--------------------------------------------------------------------
|                    FINALIZING TREE SEARCH                        |
--------------------------------------------------------------------
Performs final model parameters optimization
Estimate model parameters (epsilon = 0.010)
1. Initial log-likelihood: -45793.705
Optimal log-likelihood: -45793.702
Rate parameters:  A-C: 1.51499  A-G: 5.86784  A-T: 0.53534  C-G: 1.60231  C-T: 7.01366  G-T: 1.00000
Base frequencies:  A: 0.281  C: 0.239  G: 0.252  T: 0.227
Gamma shape alpha: 0.419
Parameters optimization took 1 rounds (0.023 sec)
BEST SCORE FOUND : -45793.702
Total tree length: 2.986

Total number of iterations: 132
CPU time used for tree search: 168.136 sec (0h:2m:48s)
Wall-clock time used for tree search: 21.793 sec (0h:0m:21s)
Total CPU time used: 170.202 sec (0h:2m:50s)
Total wall-clock time used: 22.055 sec (0h:0m:22s)

Analysis results written to: 
  IQ-TREE report:                /workspace/IQTree_8_cores_TarvD7_Results/ENSG00000128829.nuc.ord.iqtree
  Maximum-likelihood tree:       /workspace/IQTree_8_cores_TarvD7_Results/ENSG00000128829.nuc.ord.treefile
  Likelihood distances:          /workspace/IQTree_8_cores_TarvD7_Results/ENSG00000128829.nuc.ord.mldist
  Screen log file:               /workspace/IQTree_8_cores_TarvD7_Results/ENSG00000128829.nuc.ord.log

Date and Time: Tue May 26 12:30:02 2026
