IQ-TREE version 3.1.2 for Linux x86 64-bit built May  7 2026
Developed by Bui Quang Minh, Thomas Wong, Nhan Ly-Trong, Huaiyan Ren
Contributed by Lam-Tung Nguyen, Dominik Schrempf, Chris Bielow,
Olga Chernomor, Michael Woodhams, Diep Thi Hoang, Heiko Schmidt

Host:    8084c4e79f09 (AVX512, FMA3, 1133 GB RAM)
Command: /workspace/iqtree-3.1.2-Linux/bin/iqtree3_intel -s /workspace/NeuralNJ/empirical/TarvD7/ENSG00000123219.nuc.ord.aln -st DNA -m GTR+G -T 8 -seed 2201 -pre /workspace/IQTree_8_cores_TarvD7_Results/ENSG00000123219.nuc.ord -quiet
Seed:    2201 (Using SPRNG - Scalable Parallel Random Number Generator)
Time:    Tue May 26 11:03:17 2026
Kernel:  AVX+FMA - 8 threads (384 CPU cores detected)

Reading alignment file /workspace/NeuralNJ/empirical/TarvD7/ENSG00000123219.nuc.ord.aln ... Fasta format detected
Reading fasta file: done in 0.000433922 secs using 23.28% CPU
Alignment most likely contains DNA/RNA sequences
Constructing alignment: done in 0.00176096 secs using 614.6% CPU
Alignment has 36 sequences with 1257 columns, 728 distinct patterns
420 parsimony-informative, 218 singleton sites, 619 constant sites
                   Gap/Ambiguity  Composition  p-value
Analyzing sequences: done in 3.09944e-05 secs using 316.2% CPU
   1  P001_Platypus       26.25%    failed      0.00%
   2  P002_Opossum        34.61%    passed     97.79%
   3  P003_Wallaby        59.19%    passed     82.99%
   4  P004_Tenrec         49.64%    passed     67.12%
   5  P005_Rock_hyrax     39.86%    passed     98.48%
   6  P006_Elephant       54.42%    passed     94.64%
   7  P007_Armadillo      53.22%    passed     86.93%
   8  P008_Sloth          48.21%    passed     73.95%
   9  P009_Hedgehog       38.66%    passed     83.44%
  10  P010_Common_shrew   57.52%    passed     83.43%
  11  P011_Dolphin        35.80%    passed     94.79%
  12  P012_Cow            35.80%    passed     85.71%
  13  P013_Pig            35.32%    passed     88.85%
  14  P014_Alpaca         50.36%    passed     94.94%
  15  P015_Horse          35.32%    passed     94.80%
  16  P016_Dog            34.61%    passed     78.42%
  17  P017_Cat            63.01%    passed     33.33%
  18  P018_Megabat        35.80%    passed     90.05%
  19  P019_Microbat       64.92%    passed     67.72%
  20  P020_Rabbit         35.80%    passed     94.96%
  21  P021_Pika           36.99%    passed     83.83%
  22  P022_Squirrel       52.51%    passed     78.37%
  23  P023_Guinea_pig     36.04%    passed     84.65%
  24  P024_Kangaroo_rat   46.30%    passed     98.73%
  25  P025_Mouse          26.97%    passed     93.88%
  26  P026_Rat            27.92%    passed     72.38%
  27  P027_Tree_shrew     60.38%    passed     82.52%
  28  P028_Bushbaby       52.03%    passed     67.77%
  29  P029_Mouse_lemur    50.60%    passed     98.23%
  30  P030_Tarsier        47.26%    passed     76.86%
  31  P031_Marmoset       35.80%    passed     73.23%
  32  P032_Rhesus         35.80%    passed     78.19%
  33  P033_Orangutan      35.80%    passed     95.35%
  34  P034_Gorilla        58.95%    passed      9.59%
  35  P035_Chimp          35.80%    passed     92.52%
  36  P036_Human          35.80%    passed     90.89%
WARNING: 12 sequences contain more than 50% gaps/ambiguity
****  TOTAL               43.42%  1 sequences failed composition chi2 test (p-value<5%; df=3)
Checking for duplicate sequences: done in 0.000126123 secs using 796% CPU

Create initial parsimony tree by phylogenetic likelihood library (PLL)... 0.002 seconds

NOTE: 3 MB RAM (0 GB) is required!
WARNING: Number of threads seems too high for short alignments. Use -T AUTO to determine best number of threads.
Estimate model parameters (epsilon = 0.100)
1. Initial log-likelihood: -10189.427
2. Current log-likelihood: -9753.573
3. Current log-likelihood: -9631.052
4. Current log-likelihood: -9625.517
Optimal log-likelihood: -9625.484
Rate parameters:  A-C: 1.79595  A-G: 4.43693  A-T: 0.74956  C-G: 1.60174  C-T: 4.12179  G-T: 1.00000
Base frequencies:  A: 0.375  C: 0.160  G: 0.200  T: 0.265
Gamma shape alpha: 1.325
Parameters optimization took 4 rounds (0.121 sec)
Wrote distance file to... 
Computing ML distances based on estimated model parameters...
Calculating distance matrix: done in 0.000921011 secs using 823.7% CPU
Computing ML distances took 0.001022 sec (of wall-clock time) 0.008129 sec (of CPU time)
Setting up auxiliary I and S matrices: done in 0.000139952 secs using 1099% CPU
Constructing RapidNJ tree: done in 0.00336909 secs using 840.7% CPU
Computing RapidNJ tree took 0.003544 sec (of wall-clock time) 0.030620 sec (of CPU time)
Log-likelihood of RapidNJ tree: -9811.178
--------------------------------------------------------------------
|             INITIALIZING CANDIDATE TREE SET                      |
--------------------------------------------------------------------
Generating 98 parsimony trees... 0.181 second
Computing log-likelihood of 98 initial trees ... 0.671 seconds
Current best score: -9625.484

Do NNI search on 20 best initial trees
Estimate model parameters (epsilon = 0.100)
BETTER TREE FOUND at iteration 1: -9623.022
Estimate model parameters (epsilon = 0.100)
BETTER TREE FOUND at iteration 2: -9621.580
Estimate model parameters (epsilon = 0.100)
BETTER TREE FOUND at iteration 3: -9621.181
Iteration 10 / LogL: -9623.064 / Time: 0h:0m:2s
Iteration 20 / LogL: -9626.851 / Time: 0h:0m:3s
Finish initializing candidate tree set (13)
Current best tree score: -9621.181 / CPU time: 3.005
Number of iterations: 20
--------------------------------------------------------------------
|               OPTIMIZING CANDIDATE TREE SET                      |
--------------------------------------------------------------------
Iteration 30 / LogL: -9621.583 / Time: 0h:0m:4s (0h:0m:11s left)
Iteration 40 / LogL: -9621.181 / Time: 0h:0m:6s (0h:0m:9s left)
Iteration 50 / LogL: -9621.607 / Time: 0h:0m:6s (0h:0m:7s left)
Iteration 60 / LogL: -9621.206 / Time: 0h:0m:7s (0h:0m:5s left)
Iteration 70 / LogL: -9621.190 / Time: 0h:0m:8s (0h:0m:4s left)
Iteration 80 / LogL: -9621.191 / Time: 0h:0m:9s (0h:0m:2s left)
Iteration 90 / LogL: -9621.190 / Time: 0h:0m:10s (0h:0m:1s left)
UPDATE BEST LOG-LIKELIHOOD: -9621.181
Iteration 100 / LogL: -9621.190 / Time: 0h:0m:11s (0h:0m:0s left)
TREE SEARCH COMPLETED AFTER 104 ITERATIONS / Time: 0h:0m:12s

--------------------------------------------------------------------
|                    FINALIZING TREE SEARCH                        |
--------------------------------------------------------------------
Performs final model parameters optimization
Estimate model parameters (epsilon = 0.010)
1. Initial log-likelihood: -9621.181
Optimal log-likelihood: -9621.181
Rate parameters:  A-C: 1.80061  A-G: 4.43432  A-T: 0.74493  C-G: 1.60249  C-T: 4.11798  G-T: 1.00000
Base frequencies:  A: 0.375  C: 0.160  G: 0.200  T: 0.265
Gamma shape alpha: 1.320
Parameters optimization took 1 rounds (0.009 sec)
BEST SCORE FOUND : -9621.181
Total tree length: 3.157

Total number of iterations: 104
CPU time used for tree search: 96.584 sec (0h:1m:36s)
Wall-clock time used for tree search: 12.146 sec (0h:0m:12s)
Total CPU time used: 98.019 sec (0h:1m:38s)
Total wall-clock time used: 12.325 sec (0h:0m:12s)

Analysis results written to: 
  IQ-TREE report:                /workspace/IQTree_8_cores_TarvD7_Results/ENSG00000123219.nuc.ord.iqtree
  Maximum-likelihood tree:       /workspace/IQTree_8_cores_TarvD7_Results/ENSG00000123219.nuc.ord.treefile
  Likelihood distances:          /workspace/IQTree_8_cores_TarvD7_Results/ENSG00000123219.nuc.ord.mldist
  Screen log file:               /workspace/IQTree_8_cores_TarvD7_Results/ENSG00000123219.nuc.ord.log

Date and Time: Tue May 26 11:03:29 2026
