IQ-TREE version 3.1.2 for Linux x86 64-bit built May  7 2026
Developed by Bui Quang Minh, Thomas Wong, Nhan Ly-Trong, Huaiyan Ren
Contributed by Lam-Tung Nguyen, Dominik Schrempf, Chris Bielow,
Olga Chernomor, Michael Woodhams, Diep Thi Hoang, Heiko Schmidt

Host:    8084c4e79f09 (AVX512, FMA3, 1133 GB RAM)
Command: /workspace/iqtree-3.1.2-Linux/bin/iqtree3_intel -s /workspace/NeuralNJ/empirical/TarvD7/ENSG00000131023.nuc.ord.aln -st DNA -m GTR+G -T 8 -seed 2201 -pre /workspace/IQTree_8_cores_TarvD7_Results/ENSG00000131023.nuc.ord -quiet
Seed:    2201 (Using SPRNG - Scalable Parallel Random Number Generator)
Time:    Tue May 26 13:06:30 2026
Kernel:  AVX+FMA - 8 threads (384 CPU cores detected)

Reading alignment file /workspace/NeuralNJ/empirical/TarvD7/ENSG00000131023.nuc.ord.aln ... Fasta format detected
Reading fasta file: done in 0.00106406 secs using 90.22% CPU
Alignment most likely contains DNA/RNA sequences
Constructing alignment: done in 0.00492811 secs using 724.6% CPU
Alignment has 34 sequences with 3504 columns, 1693 distinct patterns
1037 parsimony-informative, 485 singleton sites, 1981 constant sites
                   Gap/Ambiguity  Composition  p-value
Analyzing sequences: done in 4.98295e-05 secs using 704.4% CPU
   1  P001_Platypus       12.16%    failed      0.00%
   2  P002_Opossum         2.74%    passed     12.74%
   3  P003_Wallaby        39.30%    passed     76.93%
   4  P004_Tenrec         28.51%    failed      0.53%
   5  P006_Elephant       19.78%    passed     21.73%
   6  P007_Armadillo      19.35%    passed     98.21%
   7  P008_Sloth          27.05%    passed      8.12%
   8  P009_Hedgehog        3.85%    failed      0.18%
   9  P010_Common_shrew   13.27%    passed     30.33%
  10  P011_Dolphin        17.98%    passed     99.41%
  11  P012_Cow             3.85%    passed     98.92%
  12  P013_Pig            17.89%    passed     93.02%
  13  P014_Alpaca          3.77%    passed     98.25%
  14  P015_Horse           3.42%    passed     99.09%
  15  P016_Dog             3.34%    passed     53.30%
  16  P018_Megabat         4.28%    passed     59.70%
  17  P019_Microbat       11.30%    passed     20.60%
  18  P020_Rabbit         47.86%    failed      1.75%
  19  P021_Pika           30.82%    passed     31.13%
  20  P022_Squirrel       10.36%    passed     61.25%
  21  P023_Guinea_pig     19.01%    passed     69.66%
  22  P024_Kangaroo_rat   12.07%    passed     17.45%
  23  P025_Mouse           3.34%    failed      0.01%
  24  P026_Rat            60.62%    passed      9.02%
  25  P027_Tree_shrew     13.27%    passed     42.68%
  26  P028_Bushbaby       29.28%    passed      5.83%
  27  P029_Mouse_lemur    35.96%    passed     24.03%
  28  P030_Tarsier        13.10%    passed     51.16%
  29  P031_Marmoset        3.42%    passed     70.01%
  30  P032_Rhesus          3.34%    passed     44.99%
  31  P033_Orangutan       3.25%    passed     59.49%
  32  P034_Gorilla        22.86%    passed     54.20%
  33  P035_Chimp           3.25%    passed     56.51%
  34  P036_Human           3.25%    passed     64.33%
WARNING: 1 sequences contain more than 50% gaps/ambiguity
****  TOTAL               16.09%  5 sequences failed composition chi2 test (p-value<5%; df=3)
Checking for duplicate sequences: done in 0.000159979 secs using 809.5% CPU

Create initial parsimony tree by phylogenetic likelihood library (PLL)... 0.003 seconds

NOTE: 7 MB RAM (0 GB) is required!
Estimate model parameters (epsilon = 0.100)
1. Initial log-likelihood: -26838.486
2. Current log-likelihood: -24748.878
3. Current log-likelihood: -24726.896
Optimal log-likelihood: -24726.788
Rate parameters:  A-C: 1.25982  A-G: 5.80924  A-T: 0.76739  C-G: 0.74972  C-T: 5.92288  G-T: 1.00000
Base frequencies:  A: 0.317  C: 0.229  G: 0.206  T: 0.248
Gamma shape alpha: 0.315
Parameters optimization took 3 rounds (0.121 sec)
Wrote distance file to... 
Computing ML distances based on estimated model parameters...
Calculating distance matrix: done in 0.000574112 secs using 820% CPU
Computing ML distances took 0.000697 sec (of wall-clock time) 0.005413 sec (of CPU time)
Setting up auxiliary I and S matrices: done in 0.000172853 secs
Constructing RapidNJ tree: done in 0.00182986 secs using 363.4% CPU
Computing RapidNJ tree took 0.002031 sec (of wall-clock time) 0.006695 sec (of CPU time)
Log-likelihood of RapidNJ tree: -24820.292
--------------------------------------------------------------------
|             INITIALIZING CANDIDATE TREE SET                      |
--------------------------------------------------------------------
Generating 98 parsimony trees... 0.345 second
Computing log-likelihood of 98 initial trees ... 0.605 seconds
Current best score: -24690.444

Do NNI search on 20 best initial trees
Estimate model parameters (epsilon = 0.100)
BETTER TREE FOUND at iteration 1: -24670.880
Iteration 10 / LogL: -24679.872 / Time: 0h:0m:1s
Iteration 20 / LogL: -24679.872 / Time: 0h:0m:2s
Finish initializing candidate tree set (4)
Current best tree score: -24670.880 / CPU time: 2.309
Number of iterations: 20
--------------------------------------------------------------------
|               OPTIMIZING CANDIDATE TREE SET                      |
--------------------------------------------------------------------
Iteration 30 / LogL: -24693.239 / Time: 0h:0m:3s (0h:0m:8s left)
Iteration 40 / LogL: -24674.868 / Time: 0h:0m:4s (0h:0m:7s left)
Iteration 50 / LogL: -24679.861 / Time: 0h:0m:5s (0h:0m:5s left)
Iteration 60 / LogL: -24674.836 / Time: 0h:0m:6s (0h:0m:4s left)
Iteration 70 / LogL: -24670.884 / Time: 0h:0m:7s (0h:0m:3s left)
Iteration 80 / LogL: -24674.831 / Time: 0h:0m:8s (0h:0m:2s left)
Iteration 90 / LogL: -24671.564 / Time: 0h:0m:10s (0h:0m:1s left)
Iteration 100 / LogL: -24670.893 / Time: 0h:0m:11s (0h:0m:0s left)
TREE SEARCH COMPLETED AFTER 102 ITERATIONS / Time: 0h:0m:11s

--------------------------------------------------------------------
|                    FINALIZING TREE SEARCH                        |
--------------------------------------------------------------------
Performs final model parameters optimization
Estimate model parameters (epsilon = 0.010)
1. Initial log-likelihood: -24670.880
Optimal log-likelihood: -24670.870
Rate parameters:  A-C: 1.27682  A-G: 5.80812  A-T: 0.76280  C-G: 0.72191  C-T: 5.89395  G-T: 1.00000
Base frequencies:  A: 0.317  C: 0.229  G: 0.206  T: 0.248
Gamma shape alpha: 0.319
Parameters optimization took 1 rounds (0.014 sec)
BEST SCORE FOUND : -24670.870
Total tree length: 1.843

Total number of iterations: 102
CPU time used for tree search: 87.055 sec (0h:1m:27s)
Wall-clock time used for tree search: 11.125 sec (0h:0m:11s)
Total CPU time used: 88.434 sec (0h:1m:28s)
Total wall-clock time used: 11.300 sec (0h:0m:11s)

Analysis results written to: 
  IQ-TREE report:                /workspace/IQTree_8_cores_TarvD7_Results/ENSG00000131023.nuc.ord.iqtree
  Maximum-likelihood tree:       /workspace/IQTree_8_cores_TarvD7_Results/ENSG00000131023.nuc.ord.treefile
  Likelihood distances:          /workspace/IQTree_8_cores_TarvD7_Results/ENSG00000131023.nuc.ord.mldist
  Screen log file:               /workspace/IQTree_8_cores_TarvD7_Results/ENSG00000131023.nuc.ord.log

Date and Time: Tue May 26 13:06:41 2026
