IQ-TREE version 3.1.2 for Linux x86 64-bit built May  7 2026
Developed by Bui Quang Minh, Thomas Wong, Nhan Ly-Trong, Huaiyan Ren
Contributed by Lam-Tung Nguyen, Dominik Schrempf, Chris Bielow,
Olga Chernomor, Michael Woodhams, Diep Thi Hoang, Heiko Schmidt

Host:    8084c4e79f09 (AVX512, FMA3, 1133 GB RAM)
Command: /workspace/iqtree-3.1.2-Linux/bin/iqtree3_intel -s /workspace/NeuralNJ/empirical/TarvD7/ENSG00000092140.nuc.ord.aln -st DNA -m GTR+G -T 8 -seed 2201 -pre /workspace/IQTree_8_cores_TarvD7_Results/ENSG00000092140.nuc.ord -quiet
Seed:    2201 (Using SPRNG - Scalable Parallel Random Number Generator)
Time:    Tue May 26 02:17:18 2026
Kernel:  AVX+FMA - 8 threads (384 CPU cores detected)

Reading alignment file /workspace/NeuralNJ/empirical/TarvD7/ENSG00000092140.nuc.ord.aln ... Fasta format detected
Reading fasta file: done in 0.000744104 secs using 89.1% CPU
Alignment most likely contains DNA/RNA sequences
Constructing alignment: done in 0.00328088 secs using 730.9% CPU
Alignment has 35 sequences with 2334 columns, 1469 distinct patterns
871 parsimony-informative, 427 singleton sites, 1036 constant sites
                   Gap/Ambiguity  Composition  p-value
Analyzing sequences: done in 3.91006e-05 secs using 381.1% CPU
   1  P001_Platypus       12.85%    passed      6.14%
   2  P002_Opossum        10.93%    passed     90.56%
   3  P003_Wallaby        45.50%    passed     43.12%
   4  P004_Tenrec         16.84%    passed     97.13%
   5  P005_Rock_hyrax     15.04%    passed     87.40%
   6  P006_Elephant       26.99%    passed     26.68%
   7  P007_Armadillo      24.16%    passed     39.81%
   8  P008_Sloth          16.58%    passed     76.70%
   9  P009_Hedgehog        9.25%    passed     76.05%
  10  P010_Common_shrew   27.12%    passed     54.03%
  11  P011_Dolphin        17.74%    passed     84.69%
  12  P012_Cow             9.64%    passed     72.18%
  13  P013_Pig             9.38%    passed     70.79%
  14  P014_Alpaca         11.18%    passed     79.87%
  15  P015_Horse           9.25%    passed     87.85%
  16  P016_Dog             7.07%    passed     91.02%
  17  P017_Cat            43.96%    passed     75.20%
  18  P018_Megabat        25.06%    passed     74.07%
  19  P019_Microbat       24.68%    passed     56.11%
  20  P020_Rabbit         38.69%    passed     94.69%
  21  P021_Pika           38.30%    passed     30.36%
  22  P022_Squirrel       22.37%    passed     96.84%
  23  P023_Guinea_pig      9.38%    passed     67.91%
  24  P024_Kangaroo_rat    9.64%    passed     42.81%
  25  P025_Mouse           5.01%    passed     14.75%
  26  P026_Rat             7.84%    passed      8.44%
  27  P027_Tree_shrew     15.81%    passed     94.56%
  28  P028_Bushbaby       11.31%    passed     89.84%
  29  P029_Mouse_lemur    41.65%    passed     36.49%
  30  P030_Tarsier        27.89%    passed     92.72%
  31  P031_Marmoset        9.51%    passed     94.97%
  32  P032_Rhesus          9.25%    passed     98.53%
  33  P034_Gorilla        50.51%    passed     33.19%
  34  P035_Chimp           9.25%    passed     98.32%
  35  P036_Human           9.25%    passed     96.55%
WARNING: 1 sequences contain more than 50% gaps/ambiguity
****  TOTAL               19.40%  0 sequences failed composition chi2 test (p-value<5%; df=3)
Checking for duplicate sequences: done in 0.000152111 secs using 803.4% CPU

Create initial parsimony tree by phylogenetic likelihood library (PLL)... 0.003 seconds

NOTE: 6 MB RAM (0 GB) is required!
Estimate model parameters (epsilon = 0.100)
1. Initial log-likelihood: -20925.821
2. Current log-likelihood: -20260.816
3. Current log-likelihood: -19868.203
4. Current log-likelihood: -19862.426
Optimal log-likelihood: -19862.378
Rate parameters:  A-C: 1.96549  A-G: 5.95569  A-T: 0.96681  C-G: 1.64404  C-T: 5.38056  G-T: 1.00000
Base frequencies:  A: 0.332  C: 0.169  G: 0.199  T: 0.300
Gamma shape alpha: 0.628
Parameters optimization took 4 rounds (0.153 sec)
Wrote distance file to... 
Computing ML distances based on estimated model parameters...
Calculating distance matrix: done in 0.000879049 secs using 813.5% CPU
Computing ML distances took 0.000995 sec (of wall-clock time) 0.007922 sec (of CPU time)
Setting up auxiliary I and S matrices: done in 9.29832e-05 secs using 1109% CPU
Constructing RapidNJ tree: done in 0.00190187 secs using 795.9% CPU
Computing RapidNJ tree took 0.002049 sec (of wall-clock time) 0.017403 sec (of CPU time)
Log-likelihood of RapidNJ tree: -19891.407
--------------------------------------------------------------------
|             INITIALIZING CANDIDATE TREE SET                      |
--------------------------------------------------------------------
Generating 98 parsimony trees... 0.346 second
Computing log-likelihood of 98 initial trees ... 0.520 seconds
Current best score: -19834.163

Do NNI search on 20 best initial trees
Estimate model parameters (epsilon = 0.100)
BETTER TREE FOUND at iteration 1: -19818.574
Iteration 10 / LogL: -19838.694 / Time: 0h:0m:1s
Iteration 20 / LogL: -19825.841 / Time: 0h:0m:2s
Finish initializing candidate tree set (7)
Current best tree score: -19818.574 / CPU time: 2.478
Number of iterations: 20
--------------------------------------------------------------------
|               OPTIMIZING CANDIDATE TREE SET                      |
--------------------------------------------------------------------
Iteration 30 / LogL: -19819.337 / Time: 0h:0m:3s (0h:0m:9s left)
Iteration 40 / LogL: -19818.638 / Time: 0h:0m:4s (0h:0m:7s left)
Iteration 50 / LogL: -19818.807 / Time: 0h:0m:5s (0h:0m:6s left)
Iteration 60 / LogL: -19818.574 / Time: 0h:0m:6s (0h:0m:4s left)
Iteration 70 / LogL: -19819.075 / Time: 0h:0m:7s (0h:0m:3s left)
Iteration 80 / LogL: -19819.345 / Time: 0h:0m:8s (0h:0m:2s left)
Iteration 90 / LogL: -19818.579 / Time: 0h:0m:9s (0h:0m:1s left)
Iteration 100 / LogL: -19818.580 / Time: 0h:0m:11s (0h:0m:0s left)
TREE SEARCH COMPLETED AFTER 102 ITERATIONS / Time: 0h:0m:11s

--------------------------------------------------------------------
|                    FINALIZING TREE SEARCH                        |
--------------------------------------------------------------------
Performs final model parameters optimization
Estimate model parameters (epsilon = 0.010)
1. Initial log-likelihood: -19818.574
Optimal log-likelihood: -19818.572
Rate parameters:  A-C: 1.95662  A-G: 5.97081  A-T: 0.98304  C-G: 1.62108  C-T: 5.38753  G-T: 1.00000
Base frequencies:  A: 0.332  C: 0.169  G: 0.199  T: 0.300
Gamma shape alpha: 0.632
Parameters optimization took 1 rounds (0.013 sec)
BEST SCORE FOUND : -19818.572
Total tree length: 2.281

Total number of iterations: 102
CPU time used for tree search: 86.963 sec (0h:1m:26s)
Wall-clock time used for tree search: 11.112 sec (0h:0m:11s)
Total CPU time used: 88.520 sec (0h:1m:28s)
Total wall-clock time used: 11.310 sec (0h:0m:11s)

Analysis results written to: 
  IQ-TREE report:                /workspace/IQTree_8_cores_TarvD7_Results/ENSG00000092140.nuc.ord.iqtree
  Maximum-likelihood tree:       /workspace/IQTree_8_cores_TarvD7_Results/ENSG00000092140.nuc.ord.treefile
  Likelihood distances:          /workspace/IQTree_8_cores_TarvD7_Results/ENSG00000092140.nuc.ord.mldist
  Screen log file:               /workspace/IQTree_8_cores_TarvD7_Results/ENSG00000092140.nuc.ord.log

Date and Time: Tue May 26 02:17:30 2026
