IQ-TREE version 3.1.2 for Linux x86 64-bit built May  7 2026
Developed by Bui Quang Minh, Thomas Wong, Nhan Ly-Trong, Huaiyan Ren
Contributed by Lam-Tung Nguyen, Dominik Schrempf, Chris Bielow,
Olga Chernomor, Michael Woodhams, Diep Thi Hoang, Heiko Schmidt

Host:    8084c4e79f09 (AVX512, FMA3, 1133 GB RAM)
Command: /workspace/iqtree-3.1.2-Linux/bin/iqtree3_intel -s /workspace/NeuralNJ/empirical/TarvD7/ENSG00000197594.nuc.ord.aln -st DNA -m GTR+G -T 8 -seed 2201 -pre /workspace/IQTree_8_cores_TarvD7_Results/ENSG00000197594.nuc.ord -quiet
Seed:    2201 (Using SPRNG - Scalable Parallel Random Number Generator)
Time:    Wed May 27 11:36:57 2026
Kernel:  AVX+FMA - 8 threads (384 CPU cores detected)

Reading alignment file /workspace/NeuralNJ/empirical/TarvD7/ENSG00000197594.nuc.ord.aln ... Fasta format detected
Reading fasta file: done in 0.00132489 secs using 59.85% CPU
Alignment most likely contains DNA/RNA sequences
Constructing alignment: done in 0.00560713 secs using 735.5% CPU
Alignment has 36 sequences with 2973 columns, 1933 distinct patterns
1201 parsimony-informative, 477 singleton sites, 1295 constant sites
                   Gap/Ambiguity  Composition  p-value
Analyzing sequences: done in 6.8903e-05 secs using 297.5% CPU
   1  P001_Platypus       80.32%    passed     38.09%
   2  P002_Opossum         6.66%    failed      0.36%
   3  P003_Wallaby        34.41%    passed     43.22%
   4  P004_Tenrec         24.02%    failed      0.56%
   5  P005_Rock_hyrax     22.00%    passed     38.90%
   6  P006_Elephant       25.83%    passed     30.50%
   7  P007_Armadillo      30.98%    passed     34.61%
   8  P008_Sloth          39.76%    passed     21.10%
   9  P009_Hedgehog       27.25%    passed     17.84%
  10  P010_Common_shrew   13.12%    passed     96.29%
  11  P011_Dolphin         6.66%    passed     69.58%
  12  P012_Cow             6.76%    passed     80.78%
  13  P013_Pig            27.25%    failed      2.46%
  14  P014_Alpaca         19.98%    passed     39.40%
  15  P015_Horse          14.53%    passed     34.58%
  16  P016_Dog            10.90%    passed     31.82%
  17  P017_Cat            49.04%    passed     12.69%
  18  P018_Megabat        13.02%    passed     82.39%
  19  P019_Microbat       26.44%    passed     73.36%
  20  P020_Rabbit         34.61%    passed      9.02%
  21  P021_Pika           19.37%    passed      5.19%
  22  P022_Squirrel       40.97%    failed      1.45%
  23  P023_Guinea_pig     14.53%    failed      0.00%
  24  P024_Kangaroo_rat   13.62%    passed     91.83%
  25  P025_Mouse           8.58%    failed      0.05%
  26  P026_Rat             8.58%    failed      0.02%
  27  P027_Tree_shrew     53.08%    failed      3.83%
  28  P028_Bushbaby       29.97%    passed     65.06%
  29  P029_Mouse_lemur    32.49%    failed      1.87%
  30  P030_Tarsier        18.16%    passed      7.18%
  31  P031_Marmoset        6.66%    passed     91.11%
  32  P032_Rhesus          6.46%    passed     95.08%
  33  P033_Orangutan       6.66%    passed     91.61%
  34  P034_Gorilla        57.52%    passed      7.74%
  35  P035_Chimp           8.48%    passed     95.62%
  36  P036_Human           6.66%    passed     92.03%
WARNING: 3 sequences contain more than 50% gaps/ambiguity
****  TOTAL               23.48%  9 sequences failed composition chi2 test (p-value<5%; df=3)
Checking for duplicate sequences: done in 0.000242949 secs using 792.3% CPU

Create initial parsimony tree by phylogenetic likelihood library (PLL)... 0.005 seconds

NOTE: 9 MB RAM (0 GB) is required!
Estimate model parameters (epsilon = 0.100)
1. Initial log-likelihood: -29351.254
2. Current log-likelihood: -27424.008
3. Current log-likelihood: -27406.148
Optimal log-likelihood: -27406.027
Rate parameters:  A-C: 2.01301  A-G: 6.53847  A-T: 0.84114  C-G: 2.31997  C-T: 7.37489  G-T: 1.00000
Base frequencies:  A: 0.292  C: 0.220  G: 0.221  T: 0.267
Gamma shape alpha: 0.556
Parameters optimization took 3 rounds (0.128 sec)
Wrote distance file to... 
Computing ML distances based on estimated model parameters...
Calculating distance matrix: done in 0.000838995 secs using 793.4% CPU
Computing ML distances took 0.001069 sec (of wall-clock time) 0.008209 sec (of CPU time)
Setting up auxiliary I and S matrices: done in 0.00011301 secs using 744.2% CPU
Constructing RapidNJ tree: done in 0.00221181 secs using 881.7% CPU
Computing RapidNJ tree took 0.002375 sec (of wall-clock time) 0.021847 sec (of CPU time)
Log-likelihood of RapidNJ tree: -27598.139
--------------------------------------------------------------------
|             INITIALIZING CANDIDATE TREE SET                      |
--------------------------------------------------------------------
Generating 98 parsimony trees... 0.572 second
Computing log-likelihood of 98 initial trees ... 0.785 seconds
Current best score: -27406.027

Do NNI search on 20 best initial trees
Estimate model parameters (epsilon = 0.100)
BETTER TREE FOUND at iteration 1: -27387.020
Estimate model parameters (epsilon = 0.100)
BETTER TREE FOUND at iteration 2: -27386.177
Estimate model parameters (epsilon = 0.100)
BETTER TREE FOUND at iteration 6: -27380.126
Iteration 10 / LogL: -27384.126 / Time: 0h:0m:2s
Iteration 20 / LogL: -27393.878 / Time: 0h:0m:3s
Finish initializing candidate tree set (10)
Current best tree score: -27380.126 / CPU time: 3.636
Number of iterations: 20
--------------------------------------------------------------------
|               OPTIMIZING CANDIDATE TREE SET                      |
--------------------------------------------------------------------
Iteration 30 / LogL: -27407.328 / Time: 0h:0m:5s (0h:0m:13s left)
Iteration 40 / LogL: -27384.827 / Time: 0h:0m:6s (0h:0m:11s left)
Iteration 50 / LogL: -27382.592 / Time: 0h:0m:7s (0h:0m:9s left)
Iteration 60 / LogL: -27380.199 / Time: 0h:0m:9s (0h:0m:7s left)
Iteration 70 / LogL: -27382.861 / Time: 0h:0m:10s (0h:0m:5s left)
Iteration 80 / LogL: -27384.370 / Time: 0h:0m:11s (0h:0m:3s left)
Iteration 90 / LogL: -27384.191 / Time: 0h:0m:13s (0h:0m:2s left)
Iteration 100 / LogL: -27382.608 / Time: 0h:0m:14s (0h:0m:0s left)
TREE SEARCH COMPLETED AFTER 107 ITERATIONS / Time: 0h:0m:15s

--------------------------------------------------------------------
|                    FINALIZING TREE SEARCH                        |
--------------------------------------------------------------------
Performs final model parameters optimization
Estimate model parameters (epsilon = 0.010)
1. Initial log-likelihood: -27380.126
Optimal log-likelihood: -27380.125
Rate parameters:  A-C: 2.00027  A-G: 6.53624  A-T: 0.83662  C-G: 2.30475  C-T: 7.39591  G-T: 1.00000
Base frequencies:  A: 0.292  C: 0.220  G: 0.221  T: 0.267
Gamma shape alpha: 0.556
Parameters optimization took 1 rounds (0.017 sec)
BEST SCORE FOUND : -27380.125
Total tree length: 2.906

Total number of iterations: 107
CPU time used for tree search: 107.568 sec (0h:1m:47s)
Wall-clock time used for tree search: 15.268 sec (0h:0m:15s)
Total CPU time used: 109.133 sec (0h:1m:49s)
Total wall-clock time used: 15.465 sec (0h:0m:15s)

Analysis results written to: 
  IQ-TREE report:                /workspace/IQTree_8_cores_TarvD7_Results/ENSG00000197594.nuc.ord.iqtree
  Maximum-likelihood tree:       /workspace/IQTree_8_cores_TarvD7_Results/ENSG00000197594.nuc.ord.treefile
  Likelihood distances:          /workspace/IQTree_8_cores_TarvD7_Results/ENSG00000197594.nuc.ord.mldist
  Screen log file:               /workspace/IQTree_8_cores_TarvD7_Results/ENSG00000197594.nuc.ord.log

Date and Time: Wed May 27 11:37:12 2026
