IQ-TREE version 3.1.2 for Linux x86 64-bit built May  7 2026
Developed by Bui Quang Minh, Thomas Wong, Nhan Ly-Trong, Huaiyan Ren
Contributed by Lam-Tung Nguyen, Dominik Schrempf, Chris Bielow,
Olga Chernomor, Michael Woodhams, Diep Thi Hoang, Heiko Schmidt

Host:    8084c4e79f09 (AVX512, FMA3, 1133 GB RAM)
Command: /workspace/iqtree-3.1.2-Linux/bin/iqtree3_intel -s /workspace/NeuralNJ/empirical/TarvD7/ENSG00000080371.nuc.ord.aln -st DNA -m GTR+G -T 8 -seed 2201 -pre /workspace/IQTree_8_cores_TarvD7_Results/ENSG00000080371.nuc.ord -quiet
Seed:    2201 (Using SPRNG - Scalable Parallel Random Number Generator)
Time:    Tue May 26 01:01:25 2026
Kernel:  AVX+FMA - 8 threads (384 CPU cores detected)

Reading alignment file /workspace/NeuralNJ/empirical/TarvD7/ENSG00000080371.nuc.ord.aln ... Fasta format detected
Reading fasta file: done in 0.000461102 secs using 19.95% CPU
Alignment most likely contains DNA/RNA sequences
Constructing alignment: done in 0.00153089 secs using 570.3% CPU
Alignment has 35 sequences with 786 columns, 358 distinct patterns
148 parsimony-informative, 117 singleton sites, 521 constant sites
                   Gap/Ambiguity  Composition  p-value
Analyzing sequences: done in 1.71661e-05 secs using 268% CPU
   1  P001_Platypus       34.73%    passed     78.91%
   2  P002_Opossum        20.23%    passed     93.24%
   3  P003_Wallaby        41.22%    passed     52.91%
   4  P004_Tenrec         40.46%    failed      1.46%
   5  P005_Rock_hyrax     15.65%    passed     89.46%
   6  P006_Elephant       34.35%    passed     33.28%
   7  P007_Armadillo      41.98%    passed     93.12%
   8  P008_Sloth          41.22%    passed      7.82%
   9  P009_Hedgehog       42.75%    passed      9.10%
  10  P010_Common_shrew   34.35%    passed     66.05%
  11  P011_Dolphin        52.29%    failed      0.35%
  12  P012_Cow            34.35%    passed     33.70%
  13  P013_Pig            15.27%    passed     86.91%
  14  P014_Alpaca         34.35%    passed     56.77%
  15  P015_Horse          31.68%    passed     26.20%
  16  P016_Dog            27.10%    failed      2.21%
  17  P017_Cat            51.53%    passed     78.51%
  18  P018_Megabat        32.44%    passed     95.99%
  19  P019_Microbat       34.35%    passed     29.57%
  20  P020_Rabbit         33.59%    passed     91.22%
  21  P021_Pika           16.03%    passed     23.65%
  22  P022_Squirrel       48.09%    passed     36.37%
  23  P023_Guinea_pig     34.35%    passed     26.38%
  24  P024_Kangaroo_rat   15.65%    passed     96.41%
  25  P025_Mouse          15.27%    failed      0.54%
  26  P026_Rat            14.89%    passed      5.52%
  27  P027_Tree_shrew     23.66%    passed     48.74%
  28  P028_Bushbaby       69.47%    failed      0.71%
  29  P029_Mouse_lemur    53.44%    passed     42.43%
  30  P030_Tarsier        15.65%    passed     86.76%
  31  P031_Marmoset       14.12%    passed     97.08%
  32  P032_Rhesus         14.89%    passed     90.25%
  33  P034_Gorilla        72.14%    passed     12.13%
  34  P035_Chimp          14.50%    passed     75.73%
  35  P036_Human          14.12%    passed     64.10%
WARNING: 5 sequences contain more than 50% gaps/ambiguity
****  TOTAL               32.29%  5 sequences failed composition chi2 test (p-value<5%; df=3)
Checking for duplicate sequences: done in 0.000146866 secs using 803.5% CPU

Create initial parsimony tree by phylogenetic likelihood library (PLL)... 0.002 seconds

NOTE: 1 MB RAM (0 GB) is required!
WARNING: Number of threads seems too high for short alignments. Use -T AUTO to determine best number of threads.
Estimate model parameters (epsilon = 0.100)
1. Initial log-likelihood: -4433.537
2. Current log-likelihood: -4136.434
3. Current log-likelihood: -4134.216
Optimal log-likelihood: -4134.203
Rate parameters:  A-C: 2.14844  A-G: 5.89965  A-T: 1.09355  C-G: 2.91298  C-T: 11.00707  G-T: 1.00000
Base frequencies:  A: 0.323  C: 0.170  G: 0.272  T: 0.235
Gamma shape alpha: 0.331
Parameters optimization took 3 rounds (0.076 sec)
Wrote distance file to... 
Computing ML distances based on estimated model parameters...
Calculating distance matrix: done in 0.000473022 secs using 834.6% CPU
Computing ML distances took 0.000554 sec (of wall-clock time) 0.004421 sec (of CPU time)
Setting up auxiliary I and S matrices: done in 0.000165939 secs using 1041% CPU
Constructing RapidNJ tree: done in 0.00200582 secs using 754.5% CPU
Computing RapidNJ tree took 0.002204 sec (of wall-clock time) 0.019148 sec (of CPU time)
Log-likelihood of RapidNJ tree: -4189.311
--------------------------------------------------------------------
|             INITIALIZING CANDIDATE TREE SET                      |
--------------------------------------------------------------------
Generating 98 parsimony trees... 0.111 second
Computing log-likelihood of 98 initial trees ... 0.337 seconds
Current best score: -4120.792

Do NNI search on 20 best initial trees
Estimate model parameters (epsilon = 0.100)
BETTER TREE FOUND at iteration 1: -4109.860
Estimate model parameters (epsilon = 0.100)
BETTER TREE FOUND at iteration 10: -4107.137
Iteration 10 / LogL: -4107.137 / Time: 0h:0m:1s
Iteration 20 / LogL: -4121.383 / Time: 0h:0m:2s
Finish initializing candidate tree set (20)
Current best tree score: -4107.137 / CPU time: 1.906
Number of iterations: 20
--------------------------------------------------------------------
|               OPTIMIZING CANDIDATE TREE SET                      |
--------------------------------------------------------------------
Iteration 30 / LogL: -4107.891 / Time: 0h:0m:3s (0h:0m:8s left)
Iteration 40 / LogL: -4111.894 / Time: 0h:0m:3s (0h:0m:6s left)
Iteration 50 / LogL: -4107.165 / Time: 0h:0m:4s (0h:0m:5s left)
Iteration 60 / LogL: -4107.212 / Time: 0h:0m:5s (0h:0m:4s left)
Iteration 70 / LogL: -4109.039 / Time: 0h:0m:6s (0h:0m:3s left)
Iteration 80 / LogL: -4107.152 / Time: 0h:0m:7s (0h:0m:2s left)
Iteration 90 / LogL: -4107.213 / Time: 0h:0m:8s (0h:0m:1s left)
Iteration 100 / LogL: -4110.525 / Time: 0h:0m:9s (0h:0m:0s left)
Iteration 110 / LogL: -4110.178 / Time: 0h:0m:9s (0h:0m:0s left)
TREE SEARCH COMPLETED AFTER 111 ITERATIONS / Time: 0h:0m:9s

--------------------------------------------------------------------
|                    FINALIZING TREE SEARCH                        |
--------------------------------------------------------------------
Performs final model parameters optimization
Estimate model parameters (epsilon = 0.010)
1. Initial log-likelihood: -4107.137
Optimal log-likelihood: -4107.136
Rate parameters:  A-C: 2.07784  A-G: 5.78669  A-T: 0.98115  C-G: 2.68858  C-T: 11.05988  G-T: 1.00000
Base frequencies:  A: 0.323  C: 0.170  G: 0.272  T: 0.235
Gamma shape alpha: 0.342
Parameters optimization took 1 rounds (0.006 sec)
BEST SCORE FOUND : -4107.136
Total tree length: 1.403

Total number of iterations: 111
CPU time used for tree search: 78.036 sec (0h:1m:18s)
Wall-clock time used for tree search: 9.764 sec (0h:0m:9s)
Total CPU time used: 79.040 sec (0h:1m:19s)
Total wall-clock time used: 9.889 sec (0h:0m:9s)

Analysis results written to: 
  IQ-TREE report:                /workspace/IQTree_8_cores_TarvD7_Results/ENSG00000080371.nuc.ord.iqtree
  Maximum-likelihood tree:       /workspace/IQTree_8_cores_TarvD7_Results/ENSG00000080371.nuc.ord.treefile
  Likelihood distances:          /workspace/IQTree_8_cores_TarvD7_Results/ENSG00000080371.nuc.ord.mldist
  Screen log file:               /workspace/IQTree_8_cores_TarvD7_Results/ENSG00000080371.nuc.ord.log

Date and Time: Tue May 26 01:01:35 2026
