IQ-TREE version 3.1.2 for Linux x86 64-bit built May  7 2026
Developed by Bui Quang Minh, Thomas Wong, Nhan Ly-Trong, Huaiyan Ren
Contributed by Lam-Tung Nguyen, Dominik Schrempf, Chris Bielow,
Olga Chernomor, Michael Woodhams, Diep Thi Hoang, Heiko Schmidt

Host:    8084c4e79f09 (AVX512, FMA3, 1133 GB RAM)
Command: /workspace/iqtree-3.1.2-Linux/bin/iqtree3_intel -s /workspace/NeuralNJ/empirical/TarvD7/ENSG00000155329.nuc.ord.aln -st DNA -m GTR+G -T 8 -seed 2201 -pre /workspace/IQTree_8_cores_TarvD7_Results/ENSG00000155329.nuc.ord -quiet
Seed:    2201 (Using SPRNG - Scalable Parallel Random Number Generator)
Time:    Tue May 26 22:09:58 2026
Kernel:  AVX+FMA - 8 threads (384 CPU cores detected)

Reading alignment file /workspace/NeuralNJ/empirical/TarvD7/ENSG00000155329.nuc.ord.aln ... Fasta format detected
Reading fasta file: done in 0.000327826 secs using 22.27% CPU
Alignment most likely contains DNA/RNA sequences
Constructing alignment: done in 0.00129414 secs using 677.1% CPU
Alignment has 27 sequences with 687 columns, 389 distinct patterns
171 parsimony-informative, 138 singleton sites, 377 constant sites
                   Gap/Ambiguity  Composition  p-value
Analyzing sequences: done in 1.71661e-05 secs using 99.03% CPU
   1  P002_Opossum        25.76%    passed     73.04%
   2  P004_Tenrec         65.07%    failed      0.35%
   3  P005_Rock_hyrax     26.20%    passed     74.51%
   4  P006_Elephant       17.47%    passed     98.90%
   5  P007_Armadillo      50.66%    passed      6.15%
   6  P008_Sloth          31.88%    passed     39.46%
   7  P010_Common_shrew   26.64%    passed     60.89%
   8  P011_Dolphin        25.76%    passed     90.17%
   9  P014_Alpaca         27.51%    passed     54.13%
  10  P015_Horse          16.16%    passed     19.37%
  11  P016_Dog            29.26%    passed     80.25%
  12  P018_Megabat        26.20%    passed     79.86%
  13  P019_Microbat       26.20%    passed     70.50%
  14  P021_Pika           53.71%    failed      0.70%
  15  P022_Squirrel       67.25%    passed     62.65%
  16  P023_Guinea_pig     22.71%    failed      4.74%
  17  P024_Kangaroo_rat   31.44%    passed     74.22%
  18  P025_Mouse          22.27%    passed     24.84%
  19  P027_Tree_shrew     47.16%    passed      7.86%
  20  P029_Mouse_lemur    30.57%    passed     56.87%
  21  P030_Tarsier        23.14%    passed     56.13%
  22  P031_Marmoset       16.16%    passed     20.29%
  23  P032_Rhesus         16.16%    passed     99.44%
  24  P033_Orangutan      25.76%    passed     93.89%
  25  P034_Gorilla        17.03%    passed     96.56%
  26  P035_Chimp          16.16%    passed     99.37%
  27  P036_Human          16.16%    passed     99.09%
WARNING: 4 sequences contain more than 50% gaps/ambiguity
****  TOTAL               29.65%  3 sequences failed composition chi2 test (p-value<5%; df=3)
Checking for duplicate sequences: done in 0.000114918 secs using 821.5% CPU

Create initial parsimony tree by phylogenetic likelihood library (PLL)... 0.001 seconds

NOTE: 1 MB RAM (0 GB) is required!
WARNING: Number of threads seems too high for short alignments. Use -T AUTO to determine best number of threads.
Estimate model parameters (epsilon = 0.100)
1. Initial log-likelihood: -4493.095
2. Current log-likelihood: -4257.071
3. Current log-likelihood: -4254.687
Optimal log-likelihood: -4254.665
Rate parameters:  A-C: 0.81173  A-G: 3.25274  A-T: 1.25647  C-G: 2.19815  C-T: 5.45052  G-T: 1.00000
Base frequencies:  A: 0.358  C: 0.235  G: 0.201  T: 0.206
Gamma shape alpha: 0.522
Parameters optimization took 3 rounds (0.040 sec)
Wrote distance file to... 
Computing ML distances based on estimated model parameters...
Calculating distance matrix: done in 0.000313044 secs using 817.1% CPU
Computing ML distances took 0.000374 sec (of wall-clock time) 0.002883 sec (of CPU time)
Setting up auxiliary I and S matrices: done in 6.98566e-05 secs using 1316% CPU
Constructing RapidNJ tree: done in 0.00137687 secs using 736.7% CPU
Computing RapidNJ tree took 0.001474 sec (of wall-clock time) 0.013811 sec (of CPU time)
Log-likelihood of RapidNJ tree: -4284.170
--------------------------------------------------------------------
|             INITIALIZING CANDIDATE TREE SET                      |
--------------------------------------------------------------------
Generating 98 parsimony trees... 0.080 second
Computing log-likelihood of 98 initial trees ... 0.248 seconds
Current best score: -4251.762

Do NNI search on 20 best initial trees
Estimate model parameters (epsilon = 0.100)
BETTER TREE FOUND at iteration 1: -4238.884
Estimate model parameters (epsilon = 0.100)
BETTER TREE FOUND at iteration 2: -4238.303
Iteration 10 / LogL: -4242.069 / Time: 0h:0m:0s
Iteration 20 / LogL: -4249.810 / Time: 0h:0m:1s
Finish initializing candidate tree set (14)
Current best tree score: -4238.303 / CPU time: 1.236
Number of iterations: 20
--------------------------------------------------------------------
|               OPTIMIZING CANDIDATE TREE SET                      |
--------------------------------------------------------------------
Estimate model parameters (epsilon = 0.100)
BETTER TREE FOUND at iteration 29: -4237.438
Iteration 30 / LogL: -4273.961 / Time: 0h:0m:1s (0h:0m:6s left)
Iteration 40 / LogL: -4238.327 / Time: 0h:0m:2s (0h:0m:5s left)
UPDATE BEST LOG-LIKELIHOOD: -4237.438
Iteration 50 / LogL: -4238.330 / Time: 0h:0m:3s (0h:0m:5s left)
UPDATE BEST LOG-LIKELIHOOD: -4237.438
Iteration 60 / LogL: -4246.317 / Time: 0h:0m:3s (0h:0m:4s left)
UPDATE BEST LOG-LIKELIHOOD: -4237.438
Iteration 70 / LogL: -4237.438 / Time: 0h:0m:4s (0h:0m:3s left)
UPDATE BEST LOG-LIKELIHOOD: -4237.438
Iteration 80 / LogL: -4237.446 / Time: 0h:0m:4s (0h:0m:3s left)
UPDATE BEST LOG-LIKELIHOOD: -4237.438
Iteration 90 / LogL: -4237.446 / Time: 0h:0m:5s (0h:0m:2s left)
Iteration 100 / LogL: -4237.446 / Time: 0h:0m:6s (0h:0m:1s left)
Iteration 110 / LogL: -4237.438 / Time: 0h:0m:6s (0h:0m:1s left)
UPDATE BEST LOG-LIKELIHOOD: -4237.437
Iteration 120 / LogL: -4237.437 / Time: 0h:0m:7s (0h:0m:0s left)
Iteration 130 / LogL: -4237.447 / Time: 0h:0m:8s (0h:0m:-1s left)
TREE SEARCH COMPLETED AFTER 130 ITERATIONS / Time: 0h:0m:8s

--------------------------------------------------------------------
|                    FINALIZING TREE SEARCH                        |
--------------------------------------------------------------------
Performs final model parameters optimization
Estimate model parameters (epsilon = 0.010)
1. Initial log-likelihood: -4237.437
Optimal log-likelihood: -4237.433
Rate parameters:  A-C: 0.85669  A-G: 3.42925  A-T: 1.20273  C-G: 2.29853  C-T: 5.95880  G-T: 1.00000
Base frequencies:  A: 0.358  C: 0.235  G: 0.201  T: 0.206
Gamma shape alpha: 0.502
Parameters optimization took 1 rounds (0.006 sec)
BEST SCORE FOUND : -4237.433
Total tree length: 2.125

Total number of iterations: 130
CPU time used for tree search: 64.207 sec (0h:1m:4s)
Wall-clock time used for tree search: 8.026 sec (0h:0m:8s)
Total CPU time used: 64.872 sec (0h:1m:4s)
Total wall-clock time used: 8.108 sec (0h:0m:8s)

Analysis results written to: 
  IQ-TREE report:                /workspace/IQTree_8_cores_TarvD7_Results/ENSG00000155329.nuc.ord.iqtree
  Maximum-likelihood tree:       /workspace/IQTree_8_cores_TarvD7_Results/ENSG00000155329.nuc.ord.treefile
  Likelihood distances:          /workspace/IQTree_8_cores_TarvD7_Results/ENSG00000155329.nuc.ord.mldist
  Screen log file:               /workspace/IQTree_8_cores_TarvD7_Results/ENSG00000155329.nuc.ord.log

Date and Time: Tue May 26 22:10:06 2026
