IQ-TREE version 3.1.2 for Linux x86 64-bit built May  7 2026
Developed by Bui Quang Minh, Thomas Wong, Nhan Ly-Trong, Huaiyan Ren
Contributed by Lam-Tung Nguyen, Dominik Schrempf, Chris Bielow,
Olga Chernomor, Michael Woodhams, Diep Thi Hoang, Heiko Schmidt

Host:    8084c4e79f09 (AVX512, FMA3, 1133 GB RAM)
Command: /workspace/iqtree-3.1.2-Linux/bin/iqtree3_intel -s /workspace/NeuralNJ/empirical/TarvD7/ENSG00000198929.nuc.ord.aln -st DNA -m GTR+G -T 8 -seed 2201 -pre /workspace/IQTree_8_cores_TarvD7_Results/ENSG00000198929.nuc.ord -quiet
Seed:    2201 (Using SPRNG - Scalable Parallel Random Number Generator)
Time:    Wed May 27 12:25:11 2026
Kernel:  AVX+FMA - 8 threads (384 CPU cores detected)

Reading alignment file /workspace/NeuralNJ/empirical/TarvD7/ENSG00000198929.nuc.ord.aln ... Fasta format detected
Reading fasta file: done in 0.000847101 secs using 87.47% CPU
Alignment most likely contains DNA/RNA sequences
Constructing alignment: done in 0.00347304 secs using 704.1% CPU
Alignment has 35 sequences with 2604 columns, 922 distinct patterns
464 parsimony-informative, 270 singleton sites, 1870 constant sites
                   Gap/Ambiguity  Composition  p-value
Analyzing sequences: done in 3.50475e-05 secs using 373.8% CPU
   1  P001_Platypus       51.50%    failed      0.50%
   2  P002_Opossum        42.17%    failed      0.14%
   3  P003_Wallaby        61.87%    failed      0.02%
   4  P004_Tenrec         54.49%    passed     46.28%
   5  P005_Rock_hyrax     47.24%    passed     19.31%
   6  P006_Elephant       50.23%    passed     86.59%
   7  P007_Armadillo      61.98%    passed     18.89%
   8  P008_Sloth          56.22%    failed      2.68%
   9  P009_Hedgehog       55.65%    passed     26.41%
  10  P011_Dolphin        45.97%    passed     82.65%
  11  P012_Cow            33.87%    failed      0.13%
  12  P013_Pig            54.72%    failed      2.46%
  13  P014_Alpaca         80.88%    passed     32.94%
  14  P015_Horse          48.39%    passed     53.83%
  15  P016_Dog            68.78%    passed     75.65%
  16  P017_Cat            57.49%    passed     48.15%
  17  P018_Megabat        65.32%    failed      0.00%
  18  P019_Microbat       74.65%    failed      0.00%
  19  P020_Rabbit         55.41%    passed     31.84%
  20  P021_Pika           44.93%    passed     84.39%
  21  P022_Squirrel       51.04%    passed     95.22%
  22  P023_Guinea_pig     41.71%    passed     88.71%
  23  P024_Kangaroo_rat   55.88%    failed      0.42%
  24  P025_Mouse          48.27%    passed     19.43%
  25  P026_Rat            42.05%    passed     14.48%
  26  P027_Tree_shrew     73.96%    passed     27.71%
  27  P028_Bushbaby       50.81%    passed     88.79%
  28  P029_Mouse_lemur    41.71%    passed     40.54%
  29  P030_Tarsier        48.39%    passed     93.23%
  30  P031_Marmoset       41.71%    passed     82.88%
  31  P032_Rhesus         41.71%    passed     93.87%
  32  P033_Orangutan      41.71%    passed     84.47%
  33  P034_Gorilla        44.59%    passed     97.63%
  34  P035_Chimp          41.71%    passed     81.17%
  35  P036_Human          41.71%    passed     90.29%
WARNING: 18 sequences contain more than 50% gaps/ambiguity
****  TOTAL               51.96%  9 sequences failed composition chi2 test (p-value<5%; df=3)
Checking for duplicate sequences: done in 0.000129938 secs using 801.2% CPU

Create initial parsimony tree by phylogenetic likelihood library (PLL)... 0.003 seconds

NOTE: 4 MB RAM (0 GB) is required!
Estimate model parameters (epsilon = 0.100)
1. Initial log-likelihood: -14929.800
2. Current log-likelihood: -13519.672
3. Current log-likelihood: -13497.467
4. Current log-likelihood: -13496.986
Optimal log-likelihood: -13496.975
Rate parameters:  A-C: 1.25689  A-G: 4.41555  A-T: 1.17011  C-G: 0.98959  C-T: 7.64853  G-T: 1.00000
Base frequencies:  A: 0.233  C: 0.290  G: 0.301  T: 0.175
Gamma shape alpha: 0.342
Parameters optimization took 4 rounds (0.100 sec)
Wrote distance file to... 
Computing ML distances based on estimated model parameters...
Calculating distance matrix: done in 0.000577927 secs using 802.2% CPU
Computing ML distances took 0.000663 sec (of wall-clock time) 0.005036 sec (of CPU time)
Setting up auxiliary I and S matrices: done in 9.39369e-05 secs using 1124% CPU
Constructing RapidNJ tree: done in 0.00200915 secs using 764.1% CPU
Computing RapidNJ tree took 0.002156 sec (of wall-clock time) 0.019739 sec (of CPU time)
Log-likelihood of RapidNJ tree: -13565.953
--------------------------------------------------------------------
|             INITIALIZING CANDIDATE TREE SET                      |
--------------------------------------------------------------------
Generating 98 parsimony trees... 0.251 second
Computing log-likelihood of 98 initial trees ... 0.559 seconds
Current best score: -13496.975

Do NNI search on 20 best initial trees
Estimate model parameters (epsilon = 0.100)
BETTER TREE FOUND at iteration 1: -13461.026
Estimate model parameters (epsilon = 0.100)
BETTER TREE FOUND at iteration 4: -13460.596
Estimate model parameters (epsilon = 0.100)
BETTER TREE FOUND at iteration 5: -13456.947
Estimate model parameters (epsilon = 0.100)
BETTER TREE FOUND at iteration 9: -13455.896
Iteration 10 / LogL: -13469.185 / Time: 0h:0m:2s
Estimate model parameters (epsilon = 0.100)
BETTER TREE FOUND at iteration 11: -13448.587
Iteration 20 / LogL: -13448.587 / Time: 0h:0m:3s
Finish initializing candidate tree set (18)
Current best tree score: -13448.587 / CPU time: 3.512
Number of iterations: 20
--------------------------------------------------------------------
|               OPTIMIZING CANDIDATE TREE SET                      |
--------------------------------------------------------------------
Iteration 30 / LogL: -13448.749 / Time: 0h:0m:4s (0h:0m:13s left)
Iteration 40 / LogL: -13451.201 / Time: 0h:0m:6s (0h:0m:11s left)
Iteration 50 / LogL: -13454.772 / Time: 0h:0m:7s (0h:0m:9s left)
Iteration 60 / LogL: -13449.508 / Time: 0h:0m:8s (0h:0m:7s left)
Iteration 70 / LogL: -13448.587 / Time: 0h:0m:9s (0h:0m:5s left)
UPDATE BEST LOG-LIKELIHOOD: -13448.587
UPDATE BEST LOG-LIKELIHOOD: -13448.587
Iteration 80 / LogL: -13454.772 / Time: 0h:0m:10s (0h:0m:4s left)
Iteration 90 / LogL: -13448.587 / Time: 0h:0m:12s (0h:0m:2s left)
Iteration 100 / LogL: -13453.463 / Time: 0h:0m:13s (0h:0m:1s left)
Iteration 110 / LogL: -13448.587 / Time: 0h:0m:14s (0h:0m:0s left)
TREE SEARCH COMPLETED AFTER 112 ITERATIONS / Time: 0h:0m:14s

--------------------------------------------------------------------
|                    FINALIZING TREE SEARCH                        |
--------------------------------------------------------------------
Performs final model parameters optimization
Estimate model parameters (epsilon = 0.010)
1. Initial log-likelihood: -13448.587
Optimal log-likelihood: -13448.583
Rate parameters:  A-C: 1.32527  A-G: 4.61818  A-T: 1.18685  C-G: 1.00487  C-T: 7.94690  G-T: 1.00000
Base frequencies:  A: 0.233  C: 0.290  G: 0.301  T: 0.175
Gamma shape alpha: 0.338
Parameters optimization took 1 rounds (0.010 sec)
BEST SCORE FOUND : -13448.583
Total tree length: 3.035

Total number of iterations: 112
CPU time used for tree search: 104.338 sec (0h:1m:44s)
Wall-clock time used for tree search: 14.458 sec (0h:0m:14s)
Total CPU time used: 105.592 sec (0h:1m:45s)
Total wall-clock time used: 14.614 sec (0h:0m:14s)

Analysis results written to: 
  IQ-TREE report:                /workspace/IQTree_8_cores_TarvD7_Results/ENSG00000198929.nuc.ord.iqtree
  Maximum-likelihood tree:       /workspace/IQTree_8_cores_TarvD7_Results/ENSG00000198929.nuc.ord.treefile
  Likelihood distances:          /workspace/IQTree_8_cores_TarvD7_Results/ENSG00000198929.nuc.ord.mldist
  Screen log file:               /workspace/IQTree_8_cores_TarvD7_Results/ENSG00000198929.nuc.ord.log

Date and Time: Wed May 27 12:25:26 2026
