IQ-TREE version 3.1.2 for Linux x86 64-bit built May  7 2026
Developed by Bui Quang Minh, Thomas Wong, Nhan Ly-Trong, Huaiyan Ren
Contributed by Lam-Tung Nguyen, Dominik Schrempf, Chris Bielow,
Olga Chernomor, Michael Woodhams, Diep Thi Hoang, Heiko Schmidt

Host:    8084c4e79f09 (AVX512, FMA3, 1133 GB RAM)
Command: /workspace/iqtree-3.1.2-Linux/bin/iqtree3_intel -s /workspace/NeuralNJ/empirical/TarvD7/ENSG00000083307.nuc.ord.aln -st DNA -m GTR+G -T 8 -seed 2201 -pre /workspace/IQTree_8_cores_TarvD7_Results/ENSG00000083307.nuc.ord -quiet
Seed:    2201 (Using SPRNG - Scalable Parallel Random Number Generator)
Time:    Tue May 26 01:20:06 2026
Kernel:  AVX+FMA - 8 threads (384 CPU cores detected)

Reading alignment file /workspace/NeuralNJ/empirical/TarvD7/ENSG00000083307.nuc.ord.aln ... Fasta format detected
Reading fasta file: done in 0.000652075 secs using 15.49% CPU
Alignment most likely contains DNA/RNA sequences
Constructing alignment: done in 0.00275111 secs using 711.9% CPU
Alignment has 36 sequences with 2013 columns, 980 distinct patterns
601 parsimony-informative, 205 singleton sites, 1207 constant sites
                   Gap/Ambiguity  Composition  p-value
Analyzing sequences: done in 3.79086e-05 secs using 379.9% CPU
   1  P001_Platypus       19.52%    passed     90.51%
   2  P002_Opossum         7.00%    failed      0.00%
   3  P003_Wallaby        24.29%    failed      0.32%
   4  P004_Tenrec         13.11%    passed     31.16%
   5  P005_Rock_hyrax     33.83%    failed      3.41%
   6  P006_Elephant       17.44%    passed     51.19%
   7  P007_Armadillo      53.06%    passed     78.00%
   8  P008_Sloth          30.55%    passed     91.55%
   9  P009_Hedgehog       23.99%    passed     61.86%
  10  P010_Common_shrew   22.65%    failed      0.08%
  11  P011_Dolphin        16.24%    passed     93.90%
  12  P012_Cow            14.61%    passed     77.12%
  13  P013_Pig             7.75%    passed     31.19%
  14  P014_Alpaca         18.63%    passed     24.81%
  15  P015_Horse           6.86%    passed     75.11%
  16  P016_Dog             6.86%    passed     35.00%
  17  P017_Cat            52.01%    passed     82.05%
  18  P018_Megabat        50.52%    passed     23.91%
  19  P019_Microbat        6.86%    passed     54.06%
  20  P020_Rabbit         18.78%    passed      5.62%
  21  P021_Pika           39.79%    passed     86.58%
  22  P022_Squirrel       50.52%    passed     56.69%
  23  P023_Guinea_pig      7.60%    failed      0.00%
  24  P024_Kangaroo_rat   38.75%    passed     52.43%
  25  P025_Mouse           6.86%    passed     66.57%
  26  P026_Rat             6.71%    passed     45.51%
  27  P027_Tree_shrew     16.10%    passed     85.38%
  28  P028_Bushbaby        7.15%    passed     87.93%
  29  P029_Mouse_lemur     8.20%    passed     55.34%
  30  P030_Tarsier        14.75%    passed     89.62%
  31  P031_Marmoset        6.86%    passed     81.30%
  32  P032_Rhesus          8.05%    passed     80.83%
  33  P033_Orangutan      26.53%    passed     29.49%
  34  P034_Gorilla        42.92%    passed     25.25%
  35  P035_Chimp           7.15%    passed     87.24%
  36  P036_Human           6.86%    passed     82.89%
WARNING: 4 sequences contain more than 50% gaps/ambiguity
****  TOTAL               20.54%  5 sequences failed composition chi2 test (p-value<5%; df=3)
Checking for duplicate sequences: done in 0.000144958 secs using 799.5% CPU

Create initial parsimony tree by phylogenetic likelihood library (PLL)... 0.002 seconds

NOTE: 4 MB RAM (0 GB) is required!
Estimate model parameters (epsilon = 0.100)
1. Initial log-likelihood: -16714.091
2. Current log-likelihood: -15251.563
3. Current log-likelihood: -15230.811
4. Current log-likelihood: -15230.431
Optimal log-likelihood: -15230.390
Rate parameters:  A-C: 0.88726  A-G: 3.89873  A-T: 0.32507  C-G: 1.37311  C-T: 6.33501  G-T: 1.00000
Base frequencies:  A: 0.302  C: 0.240  G: 0.262  T: 0.196
Gamma shape alpha: 0.286
Parameters optimization took 4 rounds (0.092 sec)
Wrote distance file to... 
Computing ML distances based on estimated model parameters...
Calculating distance matrix: done in 0.000910997 secs using 786.7% CPU
Computing ML distances took 0.001001 sec (of wall-clock time) 0.007619 sec (of CPU time)
Setting up auxiliary I and S matrices: done in 0.000108004 secs using 1080% CPU
Constructing RapidNJ tree: done in 0.00198603 secs using 633.7% CPU
Computing RapidNJ tree took 0.002124 sec (of wall-clock time) 0.019575 sec (of CPU time)
Log-likelihood of RapidNJ tree: -15343.259
--------------------------------------------------------------------
|             INITIALIZING CANDIDATE TREE SET                      |
--------------------------------------------------------------------
Generating 98 parsimony trees... 0.287 second
Computing log-likelihood of 98 initial trees ... 0.496 seconds
Current best score: -15230.390

Do NNI search on 20 best initial trees
Estimate model parameters (epsilon = 0.100)
BETTER TREE FOUND at iteration 1: -15225.164
Iteration 10 / LogL: -15225.248 / Time: 0h:0m:1s
Estimate model parameters (epsilon = 0.100)
BETTER TREE FOUND at iteration 15: -15219.949
Estimate model parameters (epsilon = 0.100)
BETTER TREE FOUND at iteration 20: -15219.726
Iteration 20 / LogL: -15219.726 / Time: 0h:0m:2s
Finish initializing candidate tree set (6)
Current best tree score: -15219.726 / CPU time: 2.124
Number of iterations: 20
--------------------------------------------------------------------
|               OPTIMIZING CANDIDATE TREE SET                      |
--------------------------------------------------------------------
Iteration 30 / LogL: -15225.284 / Time: 0h:0m:3s (0h:0m:9s left)
Iteration 40 / LogL: -15226.724 / Time: 0h:0m:4s (0h:0m:8s left)
Iteration 50 / LogL: -15225.219 / Time: 0h:0m:4s (0h:0m:7s left)
UPDATE BEST LOG-LIKELIHOOD: -15219.721
Iteration 60 / LogL: -15219.721 / Time: 0h:0m:6s (0h:0m:6s left)
Iteration 70 / LogL: -15219.796 / Time: 0h:0m:6s (0h:0m:5s left)
Iteration 80 / LogL: -15219.998 / Time: 0h:0m:7s (0h:0m:3s left)
UPDATE BEST LOG-LIKELIHOOD: -15219.720
Iteration 90 / LogL: -15221.237 / Time: 0h:0m:8s (0h:0m:2s left)
Iteration 100 / LogL: -15221.120 / Time: 0h:0m:9s (0h:0m:1s left)
Iteration 110 / LogL: -15225.281 / Time: 0h:0m:10s (0h:0m:0s left)
Iteration 120 / LogL: -15221.249 / Time: 0h:0m:11s (0h:0m:0s left)
TREE SEARCH COMPLETED AFTER 121 ITERATIONS / Time: 0h:0m:11s

--------------------------------------------------------------------
|                    FINALIZING TREE SEARCH                        |
--------------------------------------------------------------------
Performs final model parameters optimization
Estimate model parameters (epsilon = 0.010)
1. Initial log-likelihood: -15219.720
Optimal log-likelihood: -15219.715
Rate parameters:  A-C: 0.91250  A-G: 3.94007  A-T: 0.32104  C-G: 1.38947  C-T: 6.59210  G-T: 1.00000
Base frequencies:  A: 0.302  C: 0.240  G: 0.262  T: 0.196
Gamma shape alpha: 0.287
Parameters optimization took 1 rounds (0.011 sec)
BEST SCORE FOUND : -15219.715
Total tree length: 2.725

Total number of iterations: 121
CPU time used for tree search: 89.459 sec (0h:1m:29s)
Wall-clock time used for tree search: 11.338 sec (0h:0m:11s)
Total CPU time used: 90.624 sec (0h:1m:30s)
Total wall-clock time used: 11.483 sec (0h:0m:11s)

Analysis results written to: 
  IQ-TREE report:                /workspace/IQTree_8_cores_TarvD7_Results/ENSG00000083307.nuc.ord.iqtree
  Maximum-likelihood tree:       /workspace/IQTree_8_cores_TarvD7_Results/ENSG00000083307.nuc.ord.treefile
  Likelihood distances:          /workspace/IQTree_8_cores_TarvD7_Results/ENSG00000083307.nuc.ord.mldist
  Screen log file:               /workspace/IQTree_8_cores_TarvD7_Results/ENSG00000083307.nuc.ord.log

Date and Time: Tue May 26 01:20:18 2026
