IQ-TREE version 3.1.2 for Linux x86 64-bit built May  7 2026
Developed by Bui Quang Minh, Thomas Wong, Nhan Ly-Trong, Huaiyan Ren
Contributed by Lam-Tung Nguyen, Dominik Schrempf, Chris Bielow,
Olga Chernomor, Michael Woodhams, Diep Thi Hoang, Heiko Schmidt

Host:    8084c4e79f09 (AVX512, FMA3, 1133 GB RAM)
Command: /workspace/iqtree-3.1.2-Linux/bin/iqtree3_intel -s /workspace/NeuralNJ/empirical/TarvD7/ENSG00000067596.nuc.ord.aln -st DNA -m GTR+G -T 8 -seed 2201 -pre /workspace/IQTree_8_cores_TarvD7_Results/ENSG00000067596.nuc.ord -quiet
Seed:    2201 (Using SPRNG - Scalable Parallel Random Number Generator)
Time:    Mon May 25 23:38:49 2026
Kernel:  AVX+FMA - 8 threads (384 CPU cores detected)

Reading alignment file /workspace/NeuralNJ/empirical/TarvD7/ENSG00000067596.nuc.ord.aln ... Fasta format detected
Reading fasta file: done in 0.0011549 secs using 38.36% CPU
Alignment most likely contains DNA/RNA sequences
Constructing alignment: done in 0.00626612 secs using 708.5% CPU
Alignment has 30 sequences with 4365 columns, 1763 distinct patterns
984 parsimony-informative, 551 singleton sites, 2830 constant sites
                   Gap/Ambiguity  Composition  p-value
Analyzing sequences: done in 5.29289e-05 secs using 368.4% CPU
   1  P001_Platypus       43.16%    failed      0.00%
   2  P004_Tenrec         34.91%    failed      0.00%
   3  P005_Rock_hyrax     25.98%    passed     95.85%
   4  P006_Elephant       50.10%    passed     88.91%
   5  P007_Armadillo      30.38%    passed     49.53%
   6  P008_Sloth          22.34%    passed     32.86%
   7  P009_Hedgehog       36.77%    failed      0.01%
   8  P010_Common_shrew   35.26%    failed      0.19%
   9  P011_Dolphin        18.42%    passed     98.50%
  10  P012_Cow            15.46%    passed     92.80%
  11  P015_Horse          16.15%    passed     73.92%
  12  P016_Dog            16.22%    passed     87.12%
  13  P017_Cat            21.10%    passed     92.64%
  14  P018_Megabat        16.98%    passed     86.51%
  15  P019_Microbat       33.61%    passed     30.16%
  16  P020_Rabbit         31.27%    passed     15.30%
  17  P021_Pika           32.37%    passed     74.36%
  18  P023_Guinea_pig     14.50%    failed      0.00%
  19  P024_Kangaroo_rat   24.88%    passed      8.97%
  20  P025_Mouse          14.50%    passed     66.83%
  21  P026_Rat            14.64%    passed     68.20%
  22  P028_Bushbaby       50.38%    failed      0.30%
  23  P029_Mouse_lemur    25.29%    passed     61.66%
  24  P030_Tarsier        49.83%    passed     34.47%
  25  P031_Marmoset       16.08%    passed     20.10%
  26  P032_Rhesus         16.22%    passed      7.81%
  27  P033_Orangutan      16.15%    passed      8.22%
  28  P034_Gorilla        22.13%    passed      8.05%
  29  P035_Chimp          16.15%    passed      9.89%
  30  P036_Human          16.15%    passed      7.32%
WARNING: 2 sequences contain more than 50% gaps/ambiguity
****  TOTAL               25.91%  6 sequences failed composition chi2 test (p-value<5%; df=3)
Checking for duplicate sequences: done in 0.000148058 secs using 502.5% CPU

Create initial parsimony tree by phylogenetic likelihood library (PLL)... 0.002 seconds

NOTE: 6 MB RAM (0 GB) is required!
Estimate model parameters (epsilon = 0.100)
1. Initial log-likelihood: -27827.166
2. Current log-likelihood: -25561.952
3. Current log-likelihood: -25504.983
4. Current log-likelihood: -25503.985
Optimal log-likelihood: -25503.964
Rate parameters:  A-C: 1.39766  A-G: 5.32261  A-T: 1.02609  C-G: 1.05019  C-T: 8.97686  G-T: 1.00000
Base frequencies:  A: 0.270  C: 0.254  G: 0.275  T: 0.202
Gamma shape alpha: 0.274
Parameters optimization took 4 rounds (0.132 sec)
Wrote distance file to... 
Computing ML distances based on estimated model parameters...
Calculating distance matrix: done in 0.000459909 secs using 689.3% CPU
Computing ML distances took 0.000591 sec (of wall-clock time) 0.003881 sec (of CPU time)
Setting up auxiliary I and S matrices: done in 9.20296e-05 secs
Constructing RapidNJ tree: done in 0.00164104 secs using 539.8% CPU
Computing RapidNJ tree took 0.001788 sec (of wall-clock time) 0.012376 sec (of CPU time)
Log-likelihood of RapidNJ tree: -25544.984
--------------------------------------------------------------------
|             INITIALIZING CANDIDATE TREE SET                      |
--------------------------------------------------------------------
Generating 98 parsimony trees... 0.309 second
Computing log-likelihood of 98 initial trees ... 0.551 seconds
Current best score: -25503.964

Do NNI search on 20 best initial trees
Estimate model parameters (epsilon = 0.100)
BETTER TREE FOUND at iteration 1: -25499.158
Estimate model parameters (epsilon = 0.100)
BETTER TREE FOUND at iteration 3: -25498.201
Estimate model parameters (epsilon = 0.100)
BETTER TREE FOUND at iteration 6: -25497.776
Estimate model parameters (epsilon = 0.100)
BETTER TREE FOUND at iteration 9: -25495.462
Iteration 10 / LogL: -25495.610 / Time: 0h:0m:1s
Iteration 20 / LogL: -25501.573 / Time: 0h:0m:2s
Finish initializing candidate tree set (5)
Current best tree score: -25495.462 / CPU time: 2.425
Number of iterations: 20
--------------------------------------------------------------------
|               OPTIMIZING CANDIDATE TREE SET                      |
--------------------------------------------------------------------
UPDATE BEST LOG-LIKELIHOOD: -25495.461
Iteration 30 / LogL: -25495.466 / Time: 0h:0m:3s (0h:0m:9s left)
Iteration 40 / LogL: -25495.504 / Time: 0h:0m:4s (0h:0m:7s left)
Iteration 50 / LogL: -25499.597 / Time: 0h:0m:5s (0h:0m:6s left)
Iteration 60 / LogL: -25495.466 / Time: 0h:0m:6s (0h:0m:5s left)
Iteration 70 / LogL: -25497.873 / Time: 0h:0m:7s (0h:0m:4s left)
Iteration 80 / LogL: -25497.862 / Time: 0h:0m:8s (0h:0m:3s left)
Iteration 90 / LogL: -25498.236 / Time: 0h:0m:9s (0h:0m:1s left)
Iteration 100 / LogL: -25502.042 / Time: 0h:0m:10s (0h:0m:0s left)
Iteration 110 / LogL: -25498.195 / Time: 0h:0m:11s (0h:0m:-1s left)
TREE SEARCH COMPLETED AFTER 110 ITERATIONS / Time: 0h:0m:11s

--------------------------------------------------------------------
|                    FINALIZING TREE SEARCH                        |
--------------------------------------------------------------------
Performs final model parameters optimization
Estimate model parameters (epsilon = 0.010)
1. Initial log-likelihood: -25495.461
Optimal log-likelihood: -25495.453
Rate parameters:  A-C: 1.39997  A-G: 5.32596  A-T: 1.01138  C-G: 1.05199  C-T: 8.97771  G-T: 1.00000
Base frequencies:  A: 0.270  C: 0.254  G: 0.275  T: 0.202
Gamma shape alpha: 0.274
Parameters optimization took 1 rounds (0.013 sec)
BEST SCORE FOUND : -25495.453
Total tree length: 2.298

Total number of iterations: 110
CPU time used for tree search: 85.964 sec (0h:1m:25s)
Wall-clock time used for tree search: 10.981 sec (0h:0m:10s)
Total CPU time used: 87.482 sec (0h:1m:27s)
Total wall-clock time used: 11.171 sec (0h:0m:11s)

Analysis results written to: 
  IQ-TREE report:                /workspace/IQTree_8_cores_TarvD7_Results/ENSG00000067596.nuc.ord.iqtree
  Maximum-likelihood tree:       /workspace/IQTree_8_cores_TarvD7_Results/ENSG00000067596.nuc.ord.treefile
  Likelihood distances:          /workspace/IQTree_8_cores_TarvD7_Results/ENSG00000067596.nuc.ord.mldist
  Screen log file:               /workspace/IQTree_8_cores_TarvD7_Results/ENSG00000067596.nuc.ord.log

Date and Time: Mon May 25 23:39:00 2026
