IQ-TREE version 3.1.2 for Linux x86 64-bit built May  7 2026
Developed by Bui Quang Minh, Thomas Wong, Nhan Ly-Trong, Huaiyan Ren
Contributed by Lam-Tung Nguyen, Dominik Schrempf, Chris Bielow,
Olga Chernomor, Michael Woodhams, Diep Thi Hoang, Heiko Schmidt

Host:    8084c4e79f09 (AVX512, FMA3, 1133 GB RAM)
Command: /workspace/iqtree-3.1.2-Linux/bin/iqtree3_intel -s /workspace/NeuralNJ/empirical/TarvD7/ENSG00000138792.nuc.ord.aln -st DNA -m GTR+G -T 8 -seed 2201 -pre /workspace/IQTree_8_cores_TarvD7_Results/ENSG00000138792.nuc.ord -quiet
Seed:    2201 (Using SPRNG - Scalable Parallel Random Number Generator)
Time:    Tue May 26 16:41:58 2026
Kernel:  AVX+FMA - 8 threads (384 CPU cores detected)

Reading alignment file /workspace/NeuralNJ/empirical/TarvD7/ENSG00000138792.nuc.ord.aln ... Fasta format detected
Reading fasta file: done in 0.00125813 secs using 87.27% CPU
Alignment most likely contains DNA/RNA sequences
Constructing alignment: done in 0.00469708 secs using 715.5% CPU
Alignment has 35 sequences with 3051 columns, 2078 distinct patterns
1450 parsimony-informative, 395 singleton sites, 1206 constant sites
                   Gap/Ambiguity  Composition  p-value
Analyzing sequences: done in 4.81606e-05 secs using 649.9% CPU
   1  P001_Platypus        8.06%    passed     40.83%
   2  P002_Opossum         5.21%    failed      0.01%
   3  P003_Wallaby        26.55%    passed      7.03%
   4  P004_Tenrec         25.37%    failed      1.43%
   5  P005_Rock_hyrax     23.80%    passed     75.98%
   6  P006_Elephant        7.77%    passed     13.73%
   7  P007_Armadillo      27.83%    passed     66.16%
   8  P008_Sloth          31.86%    passed     50.76%
   9  P009_Hedgehog       40.02%    failed      0.01%
  10  P010_Common_shrew   20.75%    failed      0.00%
  11  P011_Dolphin        36.77%    failed      0.00%
  12  P012_Cow             6.00%    passed     17.04%
  13  P013_Pig            41.69%    passed     83.87%
  14  P014_Alpaca         18.78%    passed      9.05%
  15  P015_Horse           6.78%    passed     54.51%
  16  P016_Dog             8.06%    passed     44.81%
  17  P017_Cat            31.37%    passed     80.38%
  18  P018_Megabat        19.17%    passed     20.53%
  19  P019_Microbat       18.29%    passed      7.09%
  20  P020_Rabbit         28.02%    failed      4.30%
  21  P021_Pika           17.21%    passed     21.09%
  22  P022_Squirrel       42.48%    failed      0.11%
  23  P023_Guinea_pig      6.88%    failed      0.00%
  24  P024_Kangaroo_rat   48.97%    failed      2.07%
  25  P025_Mouse           7.08%    passed     24.04%
  26  P027_Tree_shrew     21.63%    failed      0.00%
  27  P028_Bushbaby       19.37%    passed     96.97%
  28  P029_Mouse_lemur    17.21%    passed     37.08%
  29  P030_Tarsier        26.55%    failed      0.00%
  30  P031_Marmoset        5.90%    passed     33.49%
  31  P032_Rhesus          5.90%    passed     41.38%
  32  P033_Orangutan       5.90%    passed     55.45%
  33  P034_Gorilla        33.73%    passed     95.43%
  34  P035_Chimp           5.90%    passed     45.47%
  35  P036_Human           5.90%    passed     37.95%
****  TOTAL               20.08%  11 sequences failed composition chi2 test (p-value<5%; df=3)
Checking for duplicate sequences: done in 0.000185966 secs using 813% CPU

Create initial parsimony tree by phylogenetic likelihood library (PLL)... 0.007 seconds

NOTE: 9 MB RAM (0 GB) is required!
Estimate model parameters (epsilon = 0.100)
1. Initial log-likelihood: -37391.420
2. Current log-likelihood: -35549.620
3. Current log-likelihood: -35525.099
4. Current log-likelihood: -35524.350
Optimal log-likelihood: -35524.316
Rate parameters:  A-C: 2.58636  A-G: 4.75221  A-T: 0.85335  C-G: 2.87449  C-T: 5.71961  G-T: 1.00000
Base frequencies:  A: 0.291  C: 0.223  G: 0.240  T: 0.245
Gamma shape alpha: 0.504
Parameters optimization took 4 rounds (0.238 sec)
Wrote distance file to... 
Computing ML distances based on estimated model parameters...
Calculating distance matrix: done in 0.000745058 secs using 802.2% CPU
Computing ML distances took 0.000876 sec (of wall-clock time) 0.006835 sec (of CPU time)
Setting up auxiliary I and S matrices: done in 0.00026989 secs using 987.1% CPU
Constructing RapidNJ tree: done in 0.00271201 secs using 792.3% CPU
Computing RapidNJ tree took 0.003014 sec (of wall-clock time) 0.025133 sec (of CPU time)
Log-likelihood of RapidNJ tree: -35538.993
--------------------------------------------------------------------
|             INITIALIZING CANDIDATE TREE SET                      |
--------------------------------------------------------------------
Generating 98 parsimony trees... 0.481 second
Computing log-likelihood of 98 initial trees ... 0.656 seconds
Current best score: -35524.316

Do NNI search on 20 best initial trees
Estimate model parameters (epsilon = 0.100)
BETTER TREE FOUND at iteration 1: -35480.574
Estimate model parameters (epsilon = 0.100)
BETTER TREE FOUND at iteration 2: -35475.678
Estimate model parameters (epsilon = 0.100)
BETTER TREE FOUND at iteration 3: -35465.032
Iteration 10 / LogL: -35481.287 / Time: 0h:0m:2s
Iteration 20 / LogL: -35466.965 / Time: 0h:0m:3s
Finish initializing candidate tree set (6)
Current best tree score: -35465.032 / CPU time: 3.354
Number of iterations: 20
--------------------------------------------------------------------
|               OPTIMIZING CANDIDATE TREE SET                      |
--------------------------------------------------------------------
Iteration 30 / LogL: -35465.061 / Time: 0h:0m:5s (0h:0m:12s left)
Iteration 40 / LogL: -35465.257 / Time: 0h:0m:6s (0h:0m:10s left)
Iteration 50 / LogL: -35465.650 / Time: 0h:0m:7s (0h:0m:8s left)
Iteration 60 / LogL: -35465.150 / Time: 0h:0m:8s (0h:0m:6s left)
Iteration 70 / LogL: -35472.154 / Time: 0h:0m:9s (0h:0m:4s left)
Iteration 80 / LogL: -35467.145 / Time: 0h:0m:10s (0h:0m:3s left)
Iteration 90 / LogL: -35466.000 / Time: 0h:0m:12s (0h:0m:1s left)
Iteration 100 / LogL: -35465.131 / Time: 0h:0m:13s (0h:0m:0s left)
TREE SEARCH COMPLETED AFTER 104 ITERATIONS / Time: 0h:0m:13s

--------------------------------------------------------------------
|                    FINALIZING TREE SEARCH                        |
--------------------------------------------------------------------
Performs final model parameters optimization
Estimate model parameters (epsilon = 0.010)
1. Initial log-likelihood: -35465.032
Optimal log-likelihood: -35465.029
Rate parameters:  A-C: 2.59351  A-G: 4.77952  A-T: 0.86000  C-G: 2.89193  C-T: 5.72500  G-T: 1.00000
Base frequencies:  A: 0.291  C: 0.223  G: 0.240  T: 0.245
Gamma shape alpha: 0.504
Parameters optimization took 1 rounds (0.017 sec)
BEST SCORE FOUND : -35465.029
Total tree length: 4.356

Total number of iterations: 104
CPU time used for tree search: 105.147 sec (0h:1m:45s)
Wall-clock time used for tree search: 13.606 sec (0h:0m:13s)
Total CPU time used: 107.585 sec (0h:1m:47s)
Total wall-clock time used: 13.915 sec (0h:0m:13s)

Analysis results written to: 
  IQ-TREE report:                /workspace/IQTree_8_cores_TarvD7_Results/ENSG00000138792.nuc.ord.iqtree
  Maximum-likelihood tree:       /workspace/IQTree_8_cores_TarvD7_Results/ENSG00000138792.nuc.ord.treefile
  Likelihood distances:          /workspace/IQTree_8_cores_TarvD7_Results/ENSG00000138792.nuc.ord.mldist
  Screen log file:               /workspace/IQTree_8_cores_TarvD7_Results/ENSG00000138792.nuc.ord.log

Date and Time: Tue May 26 16:42:12 2026
