IQ-TREE version 3.1.2 for Linux x86 64-bit built May  7 2026
Developed by Bui Quang Minh, Thomas Wong, Nhan Ly-Trong, Huaiyan Ren
Contributed by Lam-Tung Nguyen, Dominik Schrempf, Chris Bielow,
Olga Chernomor, Michael Woodhams, Diep Thi Hoang, Heiko Schmidt

Host:    8084c4e79f09 (AVX512, FMA3, 1133 GB RAM)
Command: /workspace/iqtree-3.1.2-Linux/bin/iqtree3_intel -s /workspace/NeuralNJ/empirical/TarvD7/ENSG00000150625.nuc.ord.aln -st DNA -m GTR+G -T 8 -seed 2201 -pre /workspace/IQTree_8_cores_TarvD7_Results/ENSG00000150625.nuc.ord -quiet
Seed:    2201 (Using SPRNG - Scalable Parallel Random Number Generator)
Time:    Tue May 26 20:38:39 2026
Kernel:  AVX+FMA - 8 threads (384 CPU cores detected)

Reading alignment file /workspace/NeuralNJ/empirical/TarvD7/ENSG00000150625.nuc.ord.aln ... Fasta format detected
Reading fasta file: done in 0.000384092 secs using 14.32% CPU
Alignment most likely contains DNA/RNA sequences
Constructing alignment: done in 0.00155497 secs using 592% CPU
Alignment has 36 sequences with 1116 columns, 394 distinct patterns
228 parsimony-informative, 82 singleton sites, 806 constant sites
                   Gap/Ambiguity  Composition  p-value
Analyzing sequences: done in 1.19209e-05 secs using 771.8% CPU
   1  P001_Platypus       25.54%    failed      0.34%
   2  P002_Opossum        25.00%    passed     65.91%
   3  P003_Wallaby        53.49%    failed      1.26%
   4  P004_Tenrec         39.52%    passed     84.03%
   5  P005_Rock_hyrax     42.74%    passed     72.05%
   6  P006_Elephant       25.27%    passed     87.41%
   7  P007_Armadillo      39.52%    passed     77.21%
   8  P008_Sloth          29.03%    passed     84.23%
   9  P009_Hedgehog       25.27%    passed     68.75%
  10  P010_Common_shrew   25.27%    passed     88.12%
  11  P011_Dolphin        31.18%    passed     94.36%
  12  P012_Cow            25.27%    passed     64.91%
  13  P013_Pig            26.88%    passed     53.02%
  14  P014_Alpaca         28.23%    failed      3.19%
  15  P015_Horse          25.27%    passed     97.95%
  16  P016_Dog            25.27%    passed     75.84%
  17  P017_Cat            60.75%    passed     64.93%
  18  P018_Megabat        25.27%    passed     98.27%
  19  P019_Microbat       25.27%    failed      0.00%
  20  P020_Rabbit         38.17%    passed     70.35%
  21  P021_Pika           27.96%    passed     92.23%
  22  P022_Squirrel       41.67%    passed     64.26%
  23  P023_Guinea_pig     25.27%    passed     58.29%
  24  P024_Kangaroo_rat   25.27%    passed     94.73%
  25  P025_Mouse          25.27%    passed     97.30%
  26  P026_Rat            25.27%    passed     81.83%
  27  P027_Tree_shrew     38.17%    passed     98.90%
  28  P028_Bushbaby       25.27%    passed     80.88%
  29  P029_Mouse_lemur    39.52%    passed     81.65%
  30  P030_Tarsier        25.27%    passed     90.18%
  31  P031_Marmoset       25.27%    passed     85.54%
  32  P032_Rhesus         28.49%    passed     81.20%
  33  P033_Orangutan      30.91%    passed     97.98%
  34  P034_Gorilla        59.68%    passed     66.93%
  35  P035_Chimp          25.27%    passed     87.95%
  36  P036_Human          25.27%    passed     87.95%
WARNING: 3 sequences contain more than 50% gaps/ambiguity
****  TOTAL               31.56%  4 sequences failed composition chi2 test (p-value<5%; df=3)
NOTE: P036_Human is identical to P035_Chimp but kept for subsequent analysis
Checking for duplicate sequences: done in 0.000102997 secs using 760.2% CPU

Create initial parsimony tree by phylogenetic likelihood library (PLL)... 0.001 seconds

NOTE: 1 MB RAM (0 GB) is required!
WARNING: Number of threads seems too high for short alignments. Use -T AUTO to determine best number of threads.
Estimate model parameters (epsilon = 0.100)
1. Initial log-likelihood: -7213.971
2. Current log-likelihood: -6516.894
3. Current log-likelihood: -6509.258
Optimal log-likelihood: -6509.199
Rate parameters:  A-C: 1.64834  A-G: 6.22313  A-T: 0.88122  C-G: 1.59730  C-T: 8.94401  G-T: 1.00000
Base frequencies:  A: 0.238  C: 0.227  G: 0.255  T: 0.280
Gamma shape alpha: 0.226
Parameters optimization took 3 rounds (0.036 sec)
Wrote distance file to... 
Computing ML distances based on estimated model parameters...
Calculating distance matrix: done in 0.000517845 secs using 763.5% CPU
Computing ML distances took 0.000567 sec (of wall-clock time) 0.004129 sec (of CPU time)
Setting up auxiliary I and S matrices: done in 0.000150919 secs using 899.8% CPU
Constructing RapidNJ tree: done in 0.00264907 secs using 827.2% CPU
Computing RapidNJ tree took 0.002833 sec (of wall-clock time) 0.025731 sec (of CPU time)
Log-likelihood of RapidNJ tree: -6579.712
--------------------------------------------------------------------
|             INITIALIZING CANDIDATE TREE SET                      |
--------------------------------------------------------------------
Generating 98 parsimony trees... 0.140 second
Computing log-likelihood of 98 initial trees ... 0.267 seconds
Current best score: -6509.199

Do NNI search on 20 best initial trees
Estimate model parameters (epsilon = 0.100)
BETTER TREE FOUND at iteration 1: -6502.002
Estimate model parameters (epsilon = 0.100)
BETTER TREE FOUND at iteration 2: -6495.627
Estimate model parameters (epsilon = 0.100)
BETTER TREE FOUND at iteration 7: -6494.618
Estimate model parameters (epsilon = 0.100)
BETTER TREE FOUND at iteration 10: -6493.961
Iteration 10 / LogL: -6493.961 / Time: 0h:0m:1s
UPDATE BEST LOG-LIKELIHOOD: -6493.960
Iteration 20 / LogL: -6500.820 / Time: 0h:0m:1s
Finish initializing candidate tree set (11)
Current best tree score: -6493.960 / CPU time: 1.815
Number of iterations: 20
--------------------------------------------------------------------
|               OPTIMIZING CANDIDATE TREE SET                      |
--------------------------------------------------------------------
Estimate model parameters (epsilon = 0.100)
BETTER TREE FOUND at iteration 22: -6493.044
Estimate model parameters (epsilon = 0.100)
BETTER TREE FOUND at iteration 24: -6491.891
UPDATE BEST LOG-LIKELIHOOD: -6491.891
Estimate model parameters (epsilon = 0.100)
BETTER TREE FOUND at iteration 29: -6491.744
Iteration 30 / LogL: -6499.236 / Time: 0h:0m:2s (0h:0m:9s left)
BETTER TREE FOUND at iteration 40: -6491.744
Iteration 40 / LogL: -6491.744 / Time: 0h:0m:3s (0h:0m:9s left)
Estimate model parameters (epsilon = 0.100)
BETTER TREE FOUND at iteration 48: -6491.554
Iteration 50 / LogL: -6491.826 / Time: 0h:0m:4s (0h:0m:9s left)
Estimate model parameters (epsilon = 0.100)
BETTER TREE FOUND at iteration 57: -6491.226
Iteration 60 / LogL: -6492.167 / Time: 0h:0m:5s (0h:0m:9s left)
UPDATE BEST LOG-LIKELIHOOD: -6491.226
Iteration 70 / LogL: -6502.406 / Time: 0h:0m:6s (0h:0m:8s left)
UPDATE BEST LOG-LIKELIHOOD: -6491.226
UPDATE BEST LOG-LIKELIHOOD: -6491.226
BETTER TREE FOUND at iteration 77: -6491.226
Estimate model parameters (epsilon = 0.100)
BETTER TREE FOUND at iteration 80: -6489.825
Iteration 80 / LogL: -6489.825 / Time: 0h:0m:7s (0h:0m:9s left)
Estimate model parameters (epsilon = 0.100)
BETTER TREE FOUND at iteration 83: -6489.325
Iteration 90 / LogL: -6579.479 / Time: 0h:0m:8s (0h:0m:8s left)
Iteration 100 / LogL: -6499.370 / Time: 0h:0m:8s (0h:0m:7s left)
Iteration 110 / LogL: -6489.330 / Time: 0h:0m:9s (0h:0m:6s left)
Iteration 120 / LogL: -6489.326 / Time: 0h:0m:10s (0h:0m:5s left)
Iteration 130 / LogL: -6489.335 / Time: 0h:0m:11s (0h:0m:4s left)
Iteration 140 / LogL: -6489.327 / Time: 0h:0m:12s (0h:0m:3s left)
Iteration 150 / LogL: -6489.328 / Time: 0h:0m:12s (0h:0m:2s left)
Iteration 160 / LogL: -6500.834 / Time: 0h:0m:13s (0h:0m:1s left)
Iteration 170 / LogL: -6489.328 / Time: 0h:0m:14s (0h:0m:1s left)
Iteration 180 / LogL: -6491.484 / Time: 0h:0m:14s (0h:0m:0s left)
TREE SEARCH COMPLETED AFTER 184 ITERATIONS / Time: 0h:0m:15s

--------------------------------------------------------------------
|                    FINALIZING TREE SEARCH                        |
--------------------------------------------------------------------
Performs final model parameters optimization
Estimate model parameters (epsilon = 0.010)
1. Initial log-likelihood: -6489.325
Optimal log-likelihood: -6489.324
Rate parameters:  A-C: 1.88205  A-G: 6.76601  A-T: 0.85292  C-G: 1.66684  C-T: 10.36339  G-T: 1.00000
Base frequencies:  A: 0.238  C: 0.227  G: 0.255  T: 0.280
Gamma shape alpha: 0.227
Parameters optimization took 1 rounds (0.007 sec)
BEST SCORE FOUND : -6489.324
Total tree length: 2.116

Total number of iterations: 184
CPU time used for tree search: 121.756 sec (0h:2m:1s)
Wall-clock time used for tree search: 15.242 sec (0h:0m:15s)
Total CPU time used: 122.307 sec (0h:2m:2s)
Total wall-clock time used: 15.311 sec (0h:0m:15s)

Analysis results written to: 
  IQ-TREE report:                /workspace/IQTree_8_cores_TarvD7_Results/ENSG00000150625.nuc.ord.iqtree
  Maximum-likelihood tree:       /workspace/IQTree_8_cores_TarvD7_Results/ENSG00000150625.nuc.ord.treefile
  Likelihood distances:          /workspace/IQTree_8_cores_TarvD7_Results/ENSG00000150625.nuc.ord.mldist
  Screen log file:               /workspace/IQTree_8_cores_TarvD7_Results/ENSG00000150625.nuc.ord.log

Date and Time: Tue May 26 20:38:55 2026
