IQ-TREE version 3.1.2 for Linux x86 64-bit built May  7 2026
Developed by Bui Quang Minh, Thomas Wong, Nhan Ly-Trong, Huaiyan Ren
Contributed by Lam-Tung Nguyen, Dominik Schrempf, Chris Bielow,
Olga Chernomor, Michael Woodhams, Diep Thi Hoang, Heiko Schmidt

Host:    8084c4e79f09 (AVX512, FMA3, 1133 GB RAM)
Command: /workspace/iqtree-3.1.2-Linux/bin/iqtree3_intel -s /workspace/NeuralNJ/empirical/TarvD7/ENSG00000058668.nuc.ord.aln -st DNA -m GTR+G -T 8 -seed 2201 -pre /workspace/IQTree_8_cores_TarvD7_Results/ENSG00000058668.nuc.ord -quiet
Seed:    2201 (Using SPRNG - Scalable Parallel Random Number Generator)
Time:    Mon May 25 23:04:21 2026
Kernel:  AVX+FMA - 8 threads (384 CPU cores detected)

Reading alignment file /workspace/NeuralNJ/empirical/TarvD7/ENSG00000058668.nuc.ord.aln ... Fasta format detected
Reading fasta file: done in 0.00182199 secs using 84.58% CPU
Alignment most likely contains DNA/RNA sequences
Constructing alignment: done in 0.00916004 secs using 709.4% CPU
Alignment has 29 sequences with 4332 columns, 2200 distinct patterns
1357 parsimony-informative, 662 singleton sites, 2313 constant sites
                   Gap/Ambiguity  Composition  p-value
Analyzing sequences: done in 5.00679e-05 secs using 397.5% CPU
   1  P001_Platypus       12.88%    failed      0.00%
   2  P002_Opossum        13.64%    failed      0.00%
   3  P003_Wallaby        33.52%    passed     43.24%
   4  P004_Tenrec         44.32%    failed      0.00%
   5  P005_Rock_hyrax     46.88%    passed     51.12%
   6  P007_Armadillo      51.66%    passed     38.10%
   7  P008_Sloth          54.36%    passed     29.05%
   8  P009_Hedgehog       24.45%    passed     78.77%
   9  P011_Dolphin        19.32%    passed     95.14%
  10  P013_Pig            16.27%    passed     91.96%
  11  P015_Horse          18.98%    passed     12.58%
  12  P016_Dog            13.99%    passed     98.80%
  13  P017_Cat            22.16%    failed      4.47%
  14  P018_Megabat        22.09%    passed     91.42%
  15  P022_Squirrel       46.26%    passed     23.13%
  16  P023_Guinea_pig     20.84%    passed     95.54%
  17  P024_Kangaroo_rat   34.90%    passed     96.14%
  18  P025_Mouse          16.55%    passed     51.15%
  19  P026_Rat            16.55%    passed     74.66%
  20  P027_Tree_shrew     33.38%    passed     24.14%
  21  P028_Bushbaby       35.60%    passed      6.32%
  22  P029_Mouse_lemur    19.39%    failed      3.35%
  23  P030_Tarsier        28.95%    passed     42.95%
  24  P031_Marmoset       13.92%    passed     53.54%
  25  P032_Rhesus         14.06%    passed     26.88%
  26  P033_Orangutan      23.13%    passed      5.05%
  27  P034_Gorilla        33.52%    passed     16.95%
  28  P035_Chimp          14.89%    passed     21.84%
  29  P036_Human          16.55%    passed     29.35%
WARNING: 2 sequences contain more than 50% gaps/ambiguity
****  TOTAL               26.31%  5 sequences failed composition chi2 test (p-value<5%; df=3)
Checking for duplicate sequences: done in 0.000293016 secs using 662.8% CPU

Create initial parsimony tree by phylogenetic likelihood library (PLL)... 0.005 seconds

NOTE: 8 MB RAM (0 GB) is required!
Estimate model parameters (epsilon = 0.100)
1. Initial log-likelihood: -35044.500
2. Current log-likelihood: -32828.094
3. Current log-likelihood: -32783.459
4. Current log-likelihood: -32782.392
Optimal log-likelihood: -32782.292
Rate parameters:  A-C: 1.90298  A-G: 5.69223  A-T: 1.18859  C-G: 1.56585  C-T: 7.31963  G-T: 1.00000
Base frequencies:  A: 0.259  C: 0.255  G: 0.268  T: 0.218
Gamma shape alpha: 0.380
Parameters optimization took 4 rounds (0.130 sec)
Wrote distance file to... 
Computing ML distances based on estimated model parameters...
Calculating distance matrix: done in 0.00056982 secs using 848% CPU
Computing ML distances took 0.000714 sec (of wall-clock time) 0.005682 sec (of CPU time)
Setting up auxiliary I and S matrices: done in 8.2016e-05 secs using 1184% CPU
Constructing RapidNJ tree: done in 0.00149798 secs using 481.5% CPU
Computing RapidNJ tree took 0.001638 sec (of wall-clock time) 0.011295 sec (of CPU time)
Log-likelihood of RapidNJ tree: -33003.453
--------------------------------------------------------------------
|             INITIALIZING CANDIDATE TREE SET                      |
--------------------------------------------------------------------
Generating 98 parsimony trees... 0.401 second
Computing log-likelihood of 98 initial trees ... 0.599 seconds
Current best score: -32782.292

Do NNI search on 20 best initial trees
Estimate model parameters (epsilon = 0.100)
BETTER TREE FOUND at iteration 1: -32714.904
Estimate model parameters (epsilon = 0.100)
BETTER TREE FOUND at iteration 10: -32714.609
Iteration 10 / LogL: -32714.609 / Time: 0h:0m:2s
Iteration 20 / LogL: -32721.881 / Time: 0h:0m:3s
Finish initializing candidate tree set (7)
Current best tree score: -32714.609 / CPU time: 3.369
Number of iterations: 20
--------------------------------------------------------------------
|               OPTIMIZING CANDIDATE TREE SET                      |
--------------------------------------------------------------------
Iteration 30 / LogL: -32715.510 / Time: 0h:0m:4s (0h:0m:12s left)
Iteration 40 / LogL: -32747.978 / Time: 0h:0m:5s (0h:0m:9s left)
Iteration 50 / LogL: -32714.610 / Time: 0h:0m:6s (0h:0m:7s left)
Iteration 60 / LogL: -32715.023 / Time: 0h:0m:7s (0h:0m:6s left)
Iteration 70 / LogL: -32714.764 / Time: 0h:0m:8s (0h:0m:4s left)
Iteration 80 / LogL: -32716.049 / Time: 0h:0m:9s (0h:0m:3s left)
Iteration 90 / LogL: -32715.135 / Time: 0h:0m:10s (0h:0m:2s left)
Iteration 100 / LogL: -32715.015 / Time: 0h:0m:11s (0h:0m:1s left)
Iteration 110 / LogL: -32714.709 / Time: 0h:0m:12s (0h:0m:0s left)
TREE SEARCH COMPLETED AFTER 111 ITERATIONS / Time: 0h:0m:12s

--------------------------------------------------------------------
|                    FINALIZING TREE SEARCH                        |
--------------------------------------------------------------------
Performs final model parameters optimization
Estimate model parameters (epsilon = 0.010)
1. Initial log-likelihood: -32714.609
Optimal log-likelihood: -32714.603
Rate parameters:  A-C: 1.84897  A-G: 5.53665  A-T: 1.12409  C-G: 1.46728  C-T: 7.10695  G-T: 1.00000
Base frequencies:  A: 0.259  C: 0.255  G: 0.268  T: 0.218
Gamma shape alpha: 0.376
Parameters optimization took 1 rounds (0.015 sec)
BEST SCORE FOUND : -32714.603
Total tree length: 3.095

Total number of iterations: 111
CPU time used for tree search: 95.068 sec (0h:1m:35s)
Wall-clock time used for tree search: 12.228 sec (0h:0m:12s)
Total CPU time used: 96.569 sec (0h:1m:36s)
Total wall-clock time used: 12.417 sec (0h:0m:12s)

Analysis results written to: 
  IQ-TREE report:                /workspace/IQTree_8_cores_TarvD7_Results/ENSG00000058668.nuc.ord.iqtree
  Maximum-likelihood tree:       /workspace/IQTree_8_cores_TarvD7_Results/ENSG00000058668.nuc.ord.treefile
  Likelihood distances:          /workspace/IQTree_8_cores_TarvD7_Results/ENSG00000058668.nuc.ord.mldist
  Screen log file:               /workspace/IQTree_8_cores_TarvD7_Results/ENSG00000058668.nuc.ord.log

Date and Time: Mon May 25 23:04:34 2026
