IQ-TREE version 3.1.2 for Linux x86 64-bit built May  7 2026
Developed by Bui Quang Minh, Thomas Wong, Nhan Ly-Trong, Huaiyan Ren
Contributed by Lam-Tung Nguyen, Dominik Schrempf, Chris Bielow,
Olga Chernomor, Michael Woodhams, Diep Thi Hoang, Heiko Schmidt

Host:    8084c4e79f09 (AVX512, FMA3, 1133 GB RAM)
Command: /workspace/iqtree-3.1.2-Linux/bin/iqtree3_intel -s /workspace/NeuralNJ/empirical/TarvD7/ENSG00000138606.nuc.ord.aln -st DNA -m GTR+G -T 8 -seed 2201 -pre /workspace/IQTree_8_cores_TarvD7_Results/ENSG00000138606.nuc.ord -quiet
Seed:    2201 (Using SPRNG - Scalable Parallel Random Number Generator)
Time:    Tue May 26 16:30:36 2026
Kernel:  AVX+FMA - 8 threads (384 CPU cores detected)

Reading alignment file /workspace/NeuralNJ/empirical/TarvD7/ENSG00000138606.nuc.ord.aln ... Fasta format detected
Reading fasta file: done in 0.00133896 secs using 87.23% CPU
Alignment most likely contains DNA/RNA sequences
Constructing alignment: done in 0.00507903 secs using 681.8% CPU
Alignment has 33 sequences with 2658 columns, 977 distinct patterns
463 parsimony-informative, 414 singleton sites, 1781 constant sites
                   Gap/Ambiguity  Composition  p-value
Analyzing sequences: done in 2.69413e-05 secs using 464% CPU
   1  P001_Platypus       73.25%    passed     43.63%
   2  P002_Opossum        64.90%    passed      7.63%
   3  P003_Wallaby        69.41%    passed     30.95%
   4  P004_Tenrec         57.79%    passed     54.76%
   5  P005_Rock_hyrax     74.04%    passed     80.29%
   6  P006_Elephant       63.88%    passed     77.49%
   7  P007_Armadillo      60.27%    passed     97.49%
   8  P010_Common_shrew   67.04%    passed     65.08%
   9  P011_Dolphin        62.53%    passed     95.75%
  10  P012_Cow            71.22%    passed     59.79%
  11  P013_Pig            73.02%    passed     90.57%
  12  P014_Alpaca         82.73%    passed     14.67%
  13  P015_Horse          50.11%    failed      0.00%
  14  P016_Dog            63.88%    passed     31.26%
  15  P017_Cat            56.66%    passed     92.35%
  16  P018_Megabat        52.82%    passed     92.36%
  17  P019_Microbat       61.40%    passed     78.35%
  18  P020_Rabbit         65.35%    passed     62.00%
  19  P021_Pika           65.80%    passed     55.45%
  20  P022_Squirrel       70.77%    passed     15.31%
  21  P023_Guinea_pig     63.21%    passed     37.81%
  22  P024_Kangaroo_rat   61.85%    passed     91.64%
  23  P025_Mouse          63.88%    passed     85.30%
  24  P026_Rat            58.47%    passed     13.76%
  25  P028_Bushbaby       53.84%    passed     58.10%
  26  P029_Mouse_lemur    64.90%    passed     82.95%
  27  P030_Tarsier        68.74%    passed     94.51%
  28  P031_Marmoset       45.60%    passed     76.18%
  29  P032_Rhesus         51.35%    passed     98.25%
  30  P033_Orangutan      52.26%    passed     88.45%
  31  P034_Gorilla        54.06%    passed     91.80%
  32  P035_Chimp          52.26%    passed     96.00%
  33  P036_Human          45.82%    passed     94.83%
WARNING: 31 sequences contain more than 50% gaps/ambiguity
****  TOTAL               61.91%  1 sequences failed composition chi2 test (p-value<5%; df=3)
Checking for duplicate sequences: done in 0.000195026 secs using 613.8% CPU

Create initial parsimony tree by phylogenetic likelihood library (PLL)... 0.005 seconds

NOTE: 4 MB RAM (0 GB) is required!
Estimate model parameters (epsilon = 0.100)
1. Initial log-likelihood: -14479.455
2. Current log-likelihood: -13050.649
3. Current log-likelihood: -13023.269
4. Current log-likelihood: -13022.759
Optimal log-likelihood: -13022.731
Rate parameters:  A-C: 1.11327  A-G: 3.42283  A-T: 1.23771  C-G: 1.01875  C-T: 5.12332  G-T: 1.00000
Base frequencies:  A: 0.235  C: 0.313  G: 0.291  T: 0.161
Gamma shape alpha: 0.429
Parameters optimization took 4 rounds (0.080 sec)
Wrote distance file to... 
Computing ML distances based on estimated model parameters...
Calculating distance matrix: done in 0.000468969 secs using 826.9% CPU
Computing ML distances took 0.000554 sec (of wall-clock time) 0.004339 sec (of CPU time)
Setting up auxiliary I and S matrices: done in 0.000167847 secs
Constructing RapidNJ tree: done in 0.00174522 secs using 453.3% CPU
Computing RapidNJ tree took 0.001974 sec (of wall-clock time) 0.013349 sec (of CPU time)
Log-likelihood of RapidNJ tree: -13085.047
--------------------------------------------------------------------
|             INITIALIZING CANDIDATE TREE SET                      |
--------------------------------------------------------------------
Generating 98 parsimony trees... 0.215 second
Computing log-likelihood of 98 initial trees ... 0.478 seconds
Current best score: -13022.731

Do NNI search on 20 best initial trees
Estimate model parameters (epsilon = 0.100)
BETTER TREE FOUND at iteration 1: -13009.353
Estimate model parameters (epsilon = 0.100)
BETTER TREE FOUND at iteration 3: -13003.945
Estimate model parameters (epsilon = 0.100)
BETTER TREE FOUND at iteration 5: -13000.202
UPDATE BEST LOG-LIKELIHOOD: -13000.202
Estimate model parameters (epsilon = 0.100)
BETTER TREE FOUND at iteration 10: -12999.604
Iteration 10 / LogL: -12999.604 / Time: 0h:0m:2s
Estimate model parameters (epsilon = 0.100)
BETTER TREE FOUND at iteration 14: -12998.322
Estimate model parameters (epsilon = 0.100)
BETTER TREE FOUND at iteration 15: -12997.056
Estimate model parameters (epsilon = 0.100)
BETTER TREE FOUND at iteration 20: -12994.976
Iteration 20 / LogL: -12994.976 / Time: 0h:0m:3s
Finish initializing candidate tree set (18)
Current best tree score: -12994.976 / CPU time: 3.248
Number of iterations: 20
--------------------------------------------------------------------
|               OPTIMIZING CANDIDATE TREE SET                      |
--------------------------------------------------------------------
Estimate model parameters (epsilon = 0.100)
BETTER TREE FOUND at iteration 24: -12993.738
Iteration 30 / LogL: -12995.647 / Time: 0h:0m:4s (0h:0m:14s left)
UPDATE BEST LOG-LIKELIHOOD: -12993.738
Iteration 40 / LogL: -12994.280 / Time: 0h:0m:5s (0h:0m:11s left)
Iteration 50 / LogL: -12994.056 / Time: 0h:0m:6s (0h:0m:9s left)
Iteration 60 / LogL: -12994.072 / Time: 0h:0m:7s (0h:0m:7s left)
Estimate model parameters (epsilon = 0.100)
UPDATE BEST LOG-LIKELIHOOD: -12993.561
Iteration 70 / LogL: -12994.173 / Time: 0h:0m:8s (0h:0m:6s left)
Iteration 80 / LogL: -12994.125 / Time: 0h:0m:9s (0h:0m:5s left)
Iteration 90 / LogL: -12994.615 / Time: 0h:0m:9s (0h:0m:3s left)
Iteration 100 / LogL: -12997.204 / Time: 0h:0m:11s (0h:0m:2s left)
Iteration 110 / LogL: -12994.162 / Time: 0h:0m:11s (0h:0m:1s left)
Iteration 120 / LogL: -12994.193 / Time: 0h:0m:12s (0h:0m:0s left)
TREE SEARCH COMPLETED AFTER 125 ITERATIONS / Time: 0h:0m:13s

--------------------------------------------------------------------
|                    FINALIZING TREE SEARCH                        |
--------------------------------------------------------------------
Performs final model parameters optimization
Estimate model parameters (epsilon = 0.010)
1. Initial log-likelihood: -12993.561
Optimal log-likelihood: -12993.557
Rate parameters:  A-C: 1.11229  A-G: 3.35529  A-T: 1.23398  C-G: 0.99174  C-T: 4.93951  G-T: 1.00000
Base frequencies:  A: 0.235  C: 0.313  G: 0.291  T: 0.161
Gamma shape alpha: 0.426
Parameters optimization took 1 rounds (0.010 sec)
BEST SCORE FOUND : -12993.557
Total tree length: 4.031

Total number of iterations: 125
CPU time used for tree search: 104.589 sec (0h:1m:44s)
Wall-clock time used for tree search: 13.178 sec (0h:0m:13s)
Total CPU time used: 105.842 sec (0h:1m:45s)
Total wall-clock time used: 13.333 sec (0h:0m:13s)

Analysis results written to: 
  IQ-TREE report:                /workspace/IQTree_8_cores_TarvD7_Results/ENSG00000138606.nuc.ord.iqtree
  Maximum-likelihood tree:       /workspace/IQTree_8_cores_TarvD7_Results/ENSG00000138606.nuc.ord.treefile
  Likelihood distances:          /workspace/IQTree_8_cores_TarvD7_Results/ENSG00000138606.nuc.ord.mldist
  Screen log file:               /workspace/IQTree_8_cores_TarvD7_Results/ENSG00000138606.nuc.ord.log

Date and Time: Tue May 26 16:30:49 2026
