IQ-TREE version 3.1.2 for Linux x86 64-bit built May  7 2026
Developed by Bui Quang Minh, Thomas Wong, Nhan Ly-Trong, Huaiyan Ren
Contributed by Lam-Tung Nguyen, Dominik Schrempf, Chris Bielow,
Olga Chernomor, Michael Woodhams, Diep Thi Hoang, Heiko Schmidt

Host:    8084c4e79f09 (AVX512, FMA3, 1133 GB RAM)
Command: /workspace/iqtree-3.1.2-Linux/bin/iqtree3_intel -s /workspace/NeuralNJ/empirical/TarvD7/ENSG00000122741.nuc.ord.aln -st DNA -m GTR+G -T 8 -seed 2201 -pre /workspace/IQTree_8_cores_TarvD7_Results/ENSG00000122741.nuc.ord -quiet
Seed:    2201 (Using SPRNG - Scalable Parallel Random Number Generator)
Time:    Tue May 26 10:54:52 2026
Kernel:  AVX+FMA - 8 threads (384 CPU cores detected)

Reading alignment file /workspace/NeuralNJ/empirical/TarvD7/ENSG00000122741.nuc.ord.aln ... Fasta format detected
Reading fasta file: done in 0.00100207 secs using 88.42% CPU
Alignment most likely contains DNA/RNA sequences
Constructing alignment: done in 0.00353408 secs using 691.1% CPU
Alignment has 35 sequences with 1872 columns, 1007 distinct patterns
518 parsimony-informative, 363 singleton sites, 991 constant sites
                   Gap/Ambiguity  Composition  p-value
Analyzing sequences: done in 4.81606e-05 secs using 843% CPU
   1  P001_Platypus       39.10%    passed      5.55%
   2  P002_Opossum        13.78%    passed     48.83%
   3  P003_Wallaby        37.34%    failed      4.06%
   4  P004_Tenrec         47.44%    failed      0.05%
   5  P005_Rock_hyrax     38.62%    failed      2.60%
   6  P006_Elephant       20.19%    passed     96.15%
   7  P007_Armadillo      69.55%    failed      0.00%
   8  P008_Sloth          26.60%    failed      2.71%
   9  P009_Hedgehog       51.92%    failed      0.14%
  10  P010_Common_shrew   50.16%    passed     14.33%
  11  P011_Dolphin        23.56%    passed     37.31%
  12  P012_Cow             9.62%    passed     55.79%
  13  P013_Pig             9.94%    passed      9.45%
  14  P014_Alpaca         44.23%    failed      0.15%
  15  P015_Horse          39.42%    failed      0.08%
  16  P016_Dog             9.62%    failed      4.73%
  17  P017_Cat            57.05%    passed      9.17%
  18  P018_Megabat         9.62%    passed     66.46%
  19  P019_Microbat       35.58%    failed      0.01%
  20  P020_Rabbit         28.21%    failed      0.00%
  21  P021_Pika           35.74%    passed     60.56%
  22  P022_Squirrel       10.58%    passed     45.88%
  23  P023_Guinea_pig     24.36%    passed     11.28%
  24  P024_Kangaroo_rat   33.01%    failed      0.00%
  25  P025_Mouse           9.29%    passed     11.04%
  26  P026_Rat             9.78%    passed     38.19%
  27  P028_Bushbaby       23.56%    passed     80.43%
  28  P029_Mouse_lemur    58.17%    failed      1.54%
  29  P030_Tarsier        39.10%    failed      0.00%
  30  P031_Marmoset       10.42%    passed     90.39%
  31  P032_Rhesus         10.42%    passed     62.47%
  32  P033_Orangutan      10.42%    passed     61.26%
  33  P034_Gorilla        27.56%    passed     17.12%
  34  P035_Chimp          10.42%    passed     61.23%
  35  P036_Human          10.42%    passed     56.53%
WARNING: 5 sequences contain more than 50% gaps/ambiguity
****  TOTAL               28.14%  14 sequences failed composition chi2 test (p-value<5%; df=3)
Checking for duplicate sequences: done in 0.000198126 secs using 797.5% CPU

Create initial parsimony tree by phylogenetic likelihood library (PLL)... 0.005 seconds

NOTE: 4 MB RAM (0 GB) is required!
Estimate model parameters (epsilon = 0.100)
1. Initial log-likelihood: -13761.076
2. Current log-likelihood: -13011.847
3. Current log-likelihood: -12998.575
4. Current log-likelihood: -12998.416
Optimal log-likelihood: -12998.407
Rate parameters:  A-C: 1.07677  A-G: 3.26082  A-T: 0.88647  C-G: 1.52334  C-T: 3.85886  G-T: 1.00000
Base frequencies:  A: 0.240  C: 0.269  G: 0.240  T: 0.250
Gamma shape alpha: 0.445
Parameters optimization took 4 rounds (0.082 sec)
Wrote distance file to... 
Computing ML distances based on estimated model parameters...
Calculating distance matrix: done in 0.00049901 secs using 810.8% CPU
Computing ML distances took 0.000586 sec (of wall-clock time) 0.004518 sec (of CPU time)
Setting up auxiliary I and S matrices: done in 8.2016e-05 secs using 1189% CPU
Constructing RapidNJ tree: done in 0.00180101 secs using 589.1% CPU
Computing RapidNJ tree took 0.001911 sec (of wall-clock time) 0.016081 sec (of CPU time)
Log-likelihood of RapidNJ tree: -13100.677
--------------------------------------------------------------------
|             INITIALIZING CANDIDATE TREE SET                      |
--------------------------------------------------------------------
Generating 98 parsimony trees... 0.239 second
Computing log-likelihood of 98 initial trees ... 0.453 seconds
Current best score: -12998.407

Do NNI search on 20 best initial trees
Estimate model parameters (epsilon = 0.100)
BETTER TREE FOUND at iteration 1: -12966.312
Estimate model parameters (epsilon = 0.100)
BETTER TREE FOUND at iteration 6: -12964.584
Estimate model parameters (epsilon = 0.100)
BETTER TREE FOUND at iteration 7: -12964.029
Iteration 10 / LogL: -12964.282 / Time: 0h:0m:2s
Iteration 20 / LogL: -12964.589 / Time: 0h:0m:3s
Finish initializing candidate tree set (10)
Current best tree score: -12964.029 / CPU time: 3.073
Number of iterations: 20
--------------------------------------------------------------------
|               OPTIMIZING CANDIDATE TREE SET                      |
--------------------------------------------------------------------
Iteration 30 / LogL: -13008.538 / Time: 0h:0m:4s (0h:0m:11s left)
Iteration 40 / LogL: -13003.649 / Time: 0h:0m:5s (0h:0m:9s left)
Estimate model parameters (epsilon = 0.100)
BETTER TREE FOUND at iteration 46: -12963.353
Iteration 50 / LogL: -12964.019 / Time: 0h:0m:6s (0h:0m:13s left)
Estimate model parameters (epsilon = 0.100)
BETTER TREE FOUND at iteration 54: -12963.258
Estimate model parameters (epsilon = 0.100)
BETTER TREE FOUND at iteration 60: -12962.684
Iteration 60 / LogL: -12962.684 / Time: 0h:0m:7s (0h:0m:13s left)
Iteration 70 / LogL: -12966.615 / Time: 0h:0m:8s (0h:0m:11s left)
Iteration 80 / LogL: -12965.539 / Time: 0h:0m:10s (0h:0m:10s left)
Iteration 90 / LogL: -12963.284 / Time: 0h:0m:11s (0h:0m:8s left)
Iteration 100 / LogL: -12963.508 / Time: 0h:0m:12s (0h:0m:7s left)
Iteration 110 / LogL: -12964.820 / Time: 0h:0m:13s (0h:0m:6s left)
Iteration 120 / LogL: -12962.690 / Time: 0h:0m:14s (0h:0m:4s left)
Iteration 130 / LogL: -12963.285 / Time: 0h:0m:15s (0h:0m:3s left)
Iteration 140 / LogL: -12962.874 / Time: 0h:0m:16s (0h:0m:2s left)
Iteration 150 / LogL: -12963.036 / Time: 0h:0m:17s (0h:0m:1s left)
Iteration 160 / LogL: -12964.062 / Time: 0h:0m:18s (0h:0m:0s left)
TREE SEARCH COMPLETED AFTER 161 ITERATIONS / Time: 0h:0m:18s

--------------------------------------------------------------------
|                    FINALIZING TREE SEARCH                        |
--------------------------------------------------------------------
Performs final model parameters optimization
Estimate model parameters (epsilon = 0.010)
1. Initial log-likelihood: -12962.684
Optimal log-likelihood: -12962.683
Rate parameters:  A-C: 1.05998  A-G: 3.25340  A-T: 0.85744  C-G: 1.50013  C-T: 3.84096  G-T: 1.00000
Base frequencies:  A: 0.240  C: 0.269  G: 0.240  T: 0.250
Gamma shape alpha: 0.445
Parameters optimization took 1 rounds (0.010 sec)
BEST SCORE FOUND : -12962.683
Total tree length: 2.187

Total number of iterations: 161
CPU time used for tree search: 149.538 sec (0h:2m:29s)
Wall-clock time used for tree search: 18.849 sec (0h:0m:18s)
Total CPU time used: 150.678 sec (0h:2m:30s)
Total wall-clock time used: 18.992 sec (0h:0m:18s)

Analysis results written to: 
  IQ-TREE report:                /workspace/IQTree_8_cores_TarvD7_Results/ENSG00000122741.nuc.ord.iqtree
  Maximum-likelihood tree:       /workspace/IQTree_8_cores_TarvD7_Results/ENSG00000122741.nuc.ord.treefile
  Likelihood distances:          /workspace/IQTree_8_cores_TarvD7_Results/ENSG00000122741.nuc.ord.mldist
  Screen log file:               /workspace/IQTree_8_cores_TarvD7_Results/ENSG00000122741.nuc.ord.log

Date and Time: Tue May 26 10:55:11 2026
