IQ-TREE version 3.1.2 for Linux x86 64-bit built May  7 2026
Developed by Bui Quang Minh, Thomas Wong, Nhan Ly-Trong, Huaiyan Ren
Contributed by Lam-Tung Nguyen, Dominik Schrempf, Chris Bielow,
Olga Chernomor, Michael Woodhams, Diep Thi Hoang, Heiko Schmidt

Host:    8084c4e79f09 (AVX512, FMA3, 1133 GB RAM)
Command: /workspace/iqtree-3.1.2-Linux/bin/iqtree3_intel -s /workspace/NeuralNJ/empirical/TarvD7/ENSG00000171303.nuc.ord.aln -st DNA -m GTR+G -T 8 -seed 2201 -pre /workspace/IQTree_8_cores_TarvD7_Results/ENSG00000171303.nuc.ord -quiet
Seed:    2201 (Using SPRNG - Scalable Parallel Random Number Generator)
Time:    Wed May 27 05:22:55 2026
Kernel:  AVX+FMA - 8 threads (384 CPU cores detected)

Reading alignment file /workspace/NeuralNJ/empirical/TarvD7/ENSG00000171303.nuc.ord.aln ... Fasta format detected
Reading fasta file: done in 0.000391006 secs using 79.79% CPU
Alignment most likely contains DNA/RNA sequences
Constructing alignment: done in 0.00183105 secs using 540.3% CPU
Alignment has 27 sequences with 1392 columns, 602 distinct patterns
234 parsimony-informative, 250 singleton sites, 907 constant sites
                   Gap/Ambiguity  Composition  p-value
Analyzing sequences: done in 3.00407e-05 secs using 526% CPU
   1  P001_Platypus       37.28%    passed      6.04%
   2  P002_Opossum        16.81%    failed      2.19%
   3  P004_Tenrec         35.56%    passed     85.46%
   4  P006_Elephant       15.30%    passed     42.85%
   5  P007_Armadillo      51.94%    passed     41.36%
   6  P009_Hedgehog       42.46%    passed     94.52%
   7  P011_Dolphin        14.66%    passed     73.87%
   8  P012_Cow            13.36%    passed     85.60%
   9  P013_Pig            33.84%    passed     85.23%
  10  P015_Horse          38.15%    passed     98.15%
  11  P016_Dog            41.59%    passed     63.59%
  12  P018_Megabat        44.61%    passed     81.65%
  13  P019_Microbat       14.22%    passed     53.60%
  14  P021_Pika           18.97%    passed     99.16%
  15  P023_Guinea_pig     34.70%    passed     82.30%
  16  P024_Kangaroo_rat   42.89%    passed     88.56%
  17  P025_Mouse          11.85%    passed     69.55%
  18  P026_Rat            11.42%    passed     42.37%
  19  P027_Tree_shrew     32.54%    passed     35.01%
  20  P028_Bushbaby       30.17%    passed     94.09%
  21  P029_Mouse_lemur    35.56%    passed     63.86%
  22  P031_Marmoset       37.72%    passed     95.63%
  23  P032_Rhesus         26.51%    passed     95.30%
  24  P033_Orangutan      15.09%    passed     69.39%
  25  P034_Gorilla        35.56%    passed     92.60%
  26  P035_Chimp          30.60%    passed     25.13%
  27  P036_Human          15.09%    passed     71.55%
WARNING: 1 sequences contain more than 50% gaps/ambiguity
****  TOTAL               28.83%  1 sequences failed composition chi2 test (p-value<5%; df=3)
Checking for duplicate sequences: done in 8.79765e-05 secs using 782% CPU

Create initial parsimony tree by phylogenetic likelihood library (PLL)... 0.001 seconds

NOTE: 2 MB RAM (0 GB) is required!
WARNING: Number of threads seems too high for short alignments. Use -T AUTO to determine best number of threads.
Estimate model parameters (epsilon = 0.100)
1. Initial log-likelihood: -6960.225
2. Current log-likelihood: -6724.500
3. Current log-likelihood: -6720.253
Optimal log-likelihood: -6720.155
Rate parameters:  A-C: 0.94039  A-G: 2.38205  A-T: 0.94906  C-G: 1.45686  C-T: 2.72376  G-T: 1.00000
Base frequencies:  A: 0.163  C: 0.350  G: 0.309  T: 0.178
Gamma shape alpha: 0.373
Parameters optimization took 3 rounds (0.042 sec)
Wrote distance file to... 
Computing ML distances based on estimated model parameters...
Calculating distance matrix: done in 0.000301123 secs using 762.8% CPU
Computing ML distances took 0.000362 sec (of wall-clock time) 0.002627 sec (of CPU time)
Setting up auxiliary I and S matrices: done in 7.10487e-05 secs using 1129% CPU
Constructing RapidNJ tree: done in 0.00138998 secs using 711.7% CPU
Computing RapidNJ tree took 0.001489 sec (of wall-clock time) 0.012667 sec (of CPU time)
Log-likelihood of RapidNJ tree: -6758.160
--------------------------------------------------------------------
|             INITIALIZING CANDIDATE TREE SET                      |
--------------------------------------------------------------------
Generating 98 parsimony trees... 0.097 second
Computing log-likelihood of 98 initial trees ... 0.309 seconds
Current best score: -6702.506

Do NNI search on 20 best initial trees
Estimate model parameters (epsilon = 0.100)
BETTER TREE FOUND at iteration 1: -6689.894
Iteration 10 / LogL: -6696.173 / Time: 0h:0m:0s
Iteration 20 / LogL: -6698.133 / Time: 0h:0m:1s
Finish initializing candidate tree set (12)
Current best tree score: -6689.894 / CPU time: 1.333
Number of iterations: 20
--------------------------------------------------------------------
|               OPTIMIZING CANDIDATE TREE SET                      |
--------------------------------------------------------------------
UPDATE BEST LOG-LIKELIHOOD: -6689.894
Iteration 30 / LogL: -6690.316 / Time: 0h:0m:1s (0h:0m:4s left)
Iteration 40 / LogL: -6693.223 / Time: 0h:0m:2s (0h:0m:3s left)
Iteration 50 / LogL: -6691.465 / Time: 0h:0m:3s (0h:0m:3s left)
Iteration 60 / LogL: -6690.323 / Time: 0h:0m:3s (0h:0m:2s left)
Iteration 70 / LogL: -6689.894 / Time: 0h:0m:4s (0h:0m:1s left)
Iteration 80 / LogL: -6690.221 / Time: 0h:0m:4s (0h:0m:1s left)
Iteration 90 / LogL: -6692.766 / Time: 0h:0m:5s (0h:0m:0s left)
Iteration 100 / LogL: -6698.373 / Time: 0h:0m:6s (0h:0m:0s left)
TREE SEARCH COMPLETED AFTER 102 ITERATIONS / Time: 0h:0m:6s

--------------------------------------------------------------------
|                    FINALIZING TREE SEARCH                        |
--------------------------------------------------------------------
Performs final model parameters optimization
Estimate model parameters (epsilon = 0.010)
1. Initial log-likelihood: -6689.894
Optimal log-likelihood: -6689.894
Rate parameters:  A-C: 0.92047  A-G: 2.42274  A-T: 0.99880  C-G: 1.49182  C-T: 2.89901  G-T: 1.00000
Base frequencies:  A: 0.163  C: 0.350  G: 0.309  T: 0.178
Gamma shape alpha: 0.378
Parameters optimization took 1 rounds (0.006 sec)
BEST SCORE FOUND : -6689.894
Total tree length: 1.295

Total number of iterations: 102
CPU time used for tree search: 49.005 sec (0h:0m:49s)
Wall-clock time used for tree search: 6.138 sec (0h:0m:6s)
Total CPU time used: 49.593 sec (0h:0m:49s)
Total wall-clock time used: 6.212 sec (0h:0m:6s)

Analysis results written to: 
  IQ-TREE report:                /workspace/IQTree_8_cores_TarvD7_Results/ENSG00000171303.nuc.ord.iqtree
  Maximum-likelihood tree:       /workspace/IQTree_8_cores_TarvD7_Results/ENSG00000171303.nuc.ord.treefile
  Likelihood distances:          /workspace/IQTree_8_cores_TarvD7_Results/ENSG00000171303.nuc.ord.mldist
  Screen log file:               /workspace/IQTree_8_cores_TarvD7_Results/ENSG00000171303.nuc.ord.log

Date and Time: Wed May 27 05:23:02 2026
