IQ-TREE version 3.1.2 for Linux x86 64-bit built May  7 2026
Developed by Bui Quang Minh, Thomas Wong, Nhan Ly-Trong, Huaiyan Ren
Contributed by Lam-Tung Nguyen, Dominik Schrempf, Chris Bielow,
Olga Chernomor, Michael Woodhams, Diep Thi Hoang, Heiko Schmidt

Host:    8084c4e79f09 (AVX512, FMA3, 1133 GB RAM)
Command: /workspace/iqtree-3.1.2-Linux/bin/iqtree3_intel -s /workspace/NeuralNJ/empirical/TarvD7/ENSG00000106006.nuc.ord.aln -st DNA -m GTR+G -T 8 -seed 2201 -pre /workspace/IQTree_8_cores_TarvD7_Results/ENSG00000106006.nuc.ord -quiet
Seed:    2201 (Using SPRNG - Scalable Parallel Random Number Generator)
Time:    Tue May 26 05:11:31 2026
Kernel:  AVX+FMA - 8 threads (384 CPU cores detected)

Reading alignment file /workspace/NeuralNJ/empirical/TarvD7/ENSG00000106006.nuc.ord.aln ... Fasta format detected
Reading fasta file: done in 0.000327826 secs using 42.71% CPU
Alignment most likely contains DNA/RNA sequences
Constructing alignment: done in 0.0012939 secs using 785.5% CPU
Alignment has 28 sequences with 699 columns, 246 distinct patterns
160 parsimony-informative, 84 singleton sites, 455 constant sites
                   Gap/Ambiguity  Composition  p-value
Analyzing sequences: done in 1.21593e-05 secs using 246.7% CPU
   1  P001_Platypus        0.43%    failed      0.00%
   2  P002_Opossum         0.43%    failed      0.00%
   3  P003_Wallaby         0.43%    failed      0.00%
   4  P004_Tenrec         21.89%    passed     29.05%
   5  P005_Rock_hyrax      0.00%    passed     98.60%
   6  P006_Elephant       36.91%    passed     26.34%
   7  P007_Armadillo       0.00%    passed     66.03%
   8  P008_Sloth           0.86%    passed     83.80%
   9  P011_Dolphin         0.00%    passed     90.69%
  10  P012_Cow             0.00%    passed     95.44%
  11  P013_Pig             0.00%    passed     52.68%
  12  P015_Horse           0.00%    passed     81.79%
  13  P016_Dog             0.00%    passed     66.33%
  14  P018_Megabat         7.30%    passed     62.36%
  15  P019_Microbat       11.59%    passed     82.20%
  16  P023_Guinea_pig      0.00%    passed     89.90%
  17  P024_Kangaroo_rat    0.00%    passed     97.49%
  18  P025_Mouse           0.43%    passed     84.72%
  19  P026_Rat             0.00%    passed     95.31%
  20  P027_Tree_shrew     41.20%    passed      6.11%
  21  P028_Bushbaby        0.00%    passed     93.34%
  22  P029_Mouse_lemur     0.00%    passed     85.20%
  23  P030_Tarsier        36.91%    passed     28.45%
  24  P031_Marmoset        0.00%    passed     85.24%
  25  P032_Rhesus          0.00%    passed     88.23%
  26  P033_Orangutan       0.00%    passed     95.22%
  27  P034_Gorilla         0.00%    passed     89.99%
  28  P036_Human           0.00%    passed     84.05%
****  TOTAL                5.66%  3 sequences failed composition chi2 test (p-value<5%; df=3)
Checking for duplicate sequences: done in 0.000112057 secs using 797.8% CPU

Create initial parsimony tree by phylogenetic likelihood library (PLL)... 0.001 seconds

NOTE: 0 MB RAM (0 GB) is required!
WARNING: Number of threads seems too high for short alignments. Use -T AUTO to determine best number of threads.
Estimate model parameters (epsilon = 0.100)
1. Initial log-likelihood: -3409.694
2. Current log-likelihood: -3280.291
3. Current log-likelihood: -3277.214
Optimal log-likelihood: -3277.163
Rate parameters:  A-C: 1.12886  A-G: 3.42719  A-T: 0.68390  C-G: 0.62345  C-T: 3.73509  G-T: 1.00000
Base frequencies:  A: 0.222  C: 0.325  G: 0.279  T: 0.175
Gamma shape alpha: 0.329
Parameters optimization took 3 rounds (0.039 sec)
Wrote distance file to... 
Computing ML distances based on estimated model parameters...
Calculating distance matrix: done in 0.000387907 secs using 833.4% CPU
Computing ML distances took 0.000438 sec (of wall-clock time) 0.003480 sec (of CPU time)
Setting up auxiliary I and S matrices: done in 8.08239e-05 secs using 1310% CPU
Constructing RapidNJ tree: done in 0.00150394 secs using 555.5% CPU
Computing RapidNJ tree took 0.001617 sec (of wall-clock time) 0.014629 sec (of CPU time)
Log-likelihood of RapidNJ tree: -3303.155
--------------------------------------------------------------------
|             INITIALIZING CANDIDATE TREE SET                      |
--------------------------------------------------------------------
Generating 98 parsimony trees... 0.063 second
Computing log-likelihood of 98 initial trees ... 0.238 seconds
Current best score: -3271.080

Do NNI search on 20 best initial trees
Estimate model parameters (epsilon = 0.100)
BETTER TREE FOUND at iteration 1: -3269.907
BETTER TREE FOUND at iteration 2: -3269.905
Iteration 10 / LogL: -3271.878 / Time: 0h:0m:0s
Iteration 20 / LogL: -3271.878 / Time: 0h:0m:1s
Finish initializing candidate tree set (8)
Current best tree score: -3269.905 / CPU time: 1.161
Number of iterations: 20
--------------------------------------------------------------------
|               OPTIMIZING CANDIDATE TREE SET                      |
--------------------------------------------------------------------
Iteration 30 / LogL: -3269.907 / Time: 0h:0m:1s (0h:0m:4s left)
Iteration 40 / LogL: -3269.906 / Time: 0h:0m:2s (0h:0m:3s left)
Iteration 50 / LogL: -3279.927 / Time: 0h:0m:2s (0h:0m:3s left)
Iteration 60 / LogL: -3270.007 / Time: 0h:0m:3s (0h:0m:2s left)
Iteration 70 / LogL: -3270.008 / Time: 0h:0m:4s (0h:0m:1s left)
Iteration 80 / LogL: -3270.007 / Time: 0h:0m:4s (0h:0m:1s left)
Iteration 90 / LogL: -3270.006 / Time: 0h:0m:5s (0h:0m:0s left)
Iteration 100 / LogL: -3269.906 / Time: 0h:0m:6s (0h:0m:0s left)
TREE SEARCH COMPLETED AFTER 103 ITERATIONS / Time: 0h:0m:6s

--------------------------------------------------------------------
|                    FINALIZING TREE SEARCH                        |
--------------------------------------------------------------------
Performs final model parameters optimization
Estimate model parameters (epsilon = 0.010)
1. Initial log-likelihood: -3269.905
Optimal log-likelihood: -3269.905
Rate parameters:  A-C: 1.15976  A-G: 3.51413  A-T: 0.71304  C-G: 0.61447  C-T: 3.93195  G-T: 1.00000
Base frequencies:  A: 0.222  C: 0.325  G: 0.279  T: 0.175
Gamma shape alpha: 0.329
Parameters optimization took 1 rounds (0.004 sec)
BEST SCORE FOUND : -3269.905
Total tree length: 0.825

Total number of iterations: 103
CPU time used for tree search: 51.307 sec (0h:0m:51s)
Wall-clock time used for tree search: 6.404 sec (0h:0m:6s)
Total CPU time used: 51.815 sec (0h:0m:51s)
Total wall-clock time used: 6.469 sec (0h:0m:6s)

Analysis results written to: 
  IQ-TREE report:                /workspace/IQTree_8_cores_TarvD7_Results/ENSG00000106006.nuc.ord.iqtree
  Maximum-likelihood tree:       /workspace/IQTree_8_cores_TarvD7_Results/ENSG00000106006.nuc.ord.treefile
  Likelihood distances:          /workspace/IQTree_8_cores_TarvD7_Results/ENSG00000106006.nuc.ord.mldist
  Screen log file:               /workspace/IQTree_8_cores_TarvD7_Results/ENSG00000106006.nuc.ord.log

Date and Time: Tue May 26 05:11:38 2026
