IQ-TREE version 3.1.2 for Linux x86 64-bit built May  7 2026
Developed by Bui Quang Minh, Thomas Wong, Nhan Ly-Trong, Huaiyan Ren
Contributed by Lam-Tung Nguyen, Dominik Schrempf, Chris Bielow,
Olga Chernomor, Michael Woodhams, Diep Thi Hoang, Heiko Schmidt

Host:    8084c4e79f09 (AVX512, FMA3, 1133 GB RAM)
Command: /workspace/iqtree-3.1.2-Linux/bin/iqtree3_intel -s /workspace/NeuralNJ/empirical/TarvD7/ENSG00000152818.nuc.ord.aln -st DNA -m GTR+G -T 8 -seed 2201 -pre /workspace/IQTree_8_cores_TarvD7_Results/ENSG00000152818.nuc.ord -quiet
Seed:    2201 (Using SPRNG - Scalable Parallel Random Number Generator)
Time:    Tue May 26 21:27:09 2026
Kernel:  AVX+FMA - 8 threads (384 CPU cores detected)

Reading alignment file /workspace/NeuralNJ/empirical/TarvD7/ENSG00000152818.nuc.ord.aln ... Fasta format detected
Reading fasta file: done in 0.00349402 secs using 58.56% CPU
Alignment most likely contains DNA/RNA sequences
Constructing alignment: done in 0.017123 secs using 696.9% CPU
Alignment has 36 sequences with 11355 columns, 6686 distinct patterns
4200 parsimony-informative, 1891 singleton sites, 5264 constant sites
                   Gap/Ambiguity  Composition  p-value
Analyzing sequences: done in 0.000172138 secs using 727.3% CPU
   1  P001_Platypus       75.03%    failed      0.23%
   2  P002_Opossum         4.31%    failed      0.00%
   3  P003_Wallaby        50.54%    failed      0.00%
   4  P004_Tenrec         25.89%    failed      0.00%
   5  P005_Rock_hyrax     21.43%    passed     59.03%
   6  P006_Elephant       26.92%    passed      9.26%
   7  P007_Armadillo      34.48%    failed      0.00%
   8  P008_Sloth          31.04%    failed      0.00%
   9  P009_Hedgehog       33.13%    passed     48.75%
  10  P010_Common_shrew   42.38%    passed     10.74%
  11  P011_Dolphin        13.74%    failed      1.15%
  12  P012_Cow            10.25%    failed      2.32%
  13  P013_Pig            84.46%    failed      0.08%
  14  P014_Alpaca         15.80%    passed     34.31%
  15  P015_Horse           9.99%    passed     79.46%
  16  P016_Dog             9.33%    failed      0.00%
  17  P017_Cat            44.41%    passed     22.00%
  18  P018_Megabat        11.49%    failed      4.63%
  19  P019_Microbat       24.57%    passed     86.90%
  20  P020_Rabbit         27.93%    passed     34.01%
  21  P021_Pika           29.59%    failed      2.62%
  22  P022_Squirrel       31.07%    passed     90.76%
  23  P023_Guinea_pig      9.38%    failed      0.00%
  24  P024_Kangaroo_rat   17.25%    failed      0.01%
  25  P025_Mouse           9.38%    failed      0.00%
  26  P026_Rat             9.41%    failed      0.00%
  27  P027_Tree_shrew     38.31%    passed     18.44%
  28  P028_Bushbaby       30.62%    passed     46.43%
  29  P029_Mouse_lemur    23.30%    failed      2.90%
  30  P030_Tarsier        18.28%    failed      0.00%
  31  P031_Marmoset        9.27%    failed      0.04%
  32  P032_Rhesus          9.30%    failed      0.01%
  33  P033_Orangutan       9.30%    failed      0.01%
  34  P034_Gorilla        33.13%    failed      0.01%
  35  P035_Chimp           9.30%    failed      0.01%
  36  P036_Human           9.30%    failed      0.00%
WARNING: 3 sequences contain more than 50% gaps/ambiguity
****  TOTAL               24.81%  24 sequences failed composition chi2 test (p-value<5%; df=3)
Checking for duplicate sequences: done in 0.000628948 secs using 801.3% CPU

Create initial parsimony tree by phylogenetic likelihood library (PLL)... 0.010 seconds

NOTE: 31 MB RAM (0 GB) is required!
Estimate model parameters (epsilon = 0.100)
1. Initial log-likelihood: -111904.840
2. Current log-likelihood: -103927.352
3. Current log-likelihood: -103834.237
4. Current log-likelihood: -103832.114
Optimal log-likelihood: -103832.057
Rate parameters:  A-C: 1.34917  A-G: 3.93097  A-T: 0.47521  C-G: 1.11497  C-T: 5.96427  G-T: 1.00000
Base frequencies:  A: 0.310  C: 0.216  G: 0.256  T: 0.218
Gamma shape alpha: 0.466
Parameters optimization took 4 rounds (0.338 sec)
Wrote distance file to... 
Computing ML distances based on estimated model parameters...
Calculating distance matrix: done in 0.00155616 secs using 807.2% CPU
Computing ML distances took 0.002002 sec (of wall-clock time) 0.015968 sec (of CPU time)
Setting up auxiliary I and S matrices: done in 7.10487e-05 secs using 2159% CPU
Constructing RapidNJ tree: done in 0.00178003 secs using 606.6% CPU
Computing RapidNJ tree took 0.001881 sec (of wall-clock time) 0.014871 sec (of CPU time)
Log-likelihood of RapidNJ tree: -104099.975
--------------------------------------------------------------------
|             INITIALIZING CANDIDATE TREE SET                      |
--------------------------------------------------------------------
Generating 98 parsimony trees... 1.372 second
Computing log-likelihood of 98 initial trees ... 1.427 seconds
Current best score: -103832.057

Do NNI search on 20 best initial trees
Estimate model parameters (epsilon = 0.100)
BETTER TREE FOUND at iteration 1: -103716.534
Estimate model parameters (epsilon = 0.100)
BETTER TREE FOUND at iteration 2: -103616.822
Iteration 10 / LogL: -103671.085 / Time: 0h:0m:5s
Iteration 20 / LogL: -103667.965 / Time: 0h:0m:8s
Finish initializing candidate tree set (9)
Current best tree score: -103616.822 / CPU time: 7.784
Number of iterations: 20
--------------------------------------------------------------------
|               OPTIMIZING CANDIDATE TREE SET                      |
--------------------------------------------------------------------
Iteration 30 / LogL: -103617.238 / Time: 0h:0m:10s (0h:0m:27s left)
Iteration 40 / LogL: -103641.697 / Time: 0h:0m:13s (0h:0m:21s left)
Iteration 50 / LogL: -103617.225 / Time: 0h:0m:16s (0h:0m:17s left)
Iteration 60 / LogL: -103618.081 / Time: 0h:0m:19s (0h:0m:13s left)
Iteration 70 / LogL: -103619.474 / Time: 0h:0m:21s (0h:0m:10s left)
Iteration 80 / LogL: -103618.204 / Time: 0h:0m:24s (0h:0m:6s left)
Iteration 90 / LogL: -103625.766 / Time: 0h:0m:27s (0h:0m:3s left)
Iteration 100 / LogL: -103617.142 / Time: 0h:0m:29s (0h:0m:0s left)
TREE SEARCH COMPLETED AFTER 103 ITERATIONS / Time: 0h:0m:30s

--------------------------------------------------------------------
|                    FINALIZING TREE SEARCH                        |
--------------------------------------------------------------------
Performs final model parameters optimization
Estimate model parameters (epsilon = 0.010)
1. Initial log-likelihood: -103616.822
2. Current log-likelihood: -103616.806
3. Current log-likelihood: -103616.795
Optimal log-likelihood: -103616.794
Rate parameters:  A-C: 1.33935  A-G: 3.95977  A-T: 0.47409  C-G: 1.08597  C-T: 5.97269  G-T: 1.00000
Base frequencies:  A: 0.310  C: 0.216  G: 0.256  T: 0.218
Gamma shape alpha: 0.464
Parameters optimization took 3 rounds (0.107 sec)
BEST SCORE FOUND : -103616.794
Total tree length: 3.576

Total number of iterations: 103
CPU time used for tree search: 225.944 sec (0h:3m:45s)
Wall-clock time used for tree search: 29.999 sec (0h:0m:29s)
Total CPU time used: 230.464 sec (0h:3m:50s)
Total wall-clock time used: 30.575 sec (0h:0m:30s)

Analysis results written to: 
  IQ-TREE report:                /workspace/IQTree_8_cores_TarvD7_Results/ENSG00000152818.nuc.ord.iqtree
  Maximum-likelihood tree:       /workspace/IQTree_8_cores_TarvD7_Results/ENSG00000152818.nuc.ord.treefile
  Likelihood distances:          /workspace/IQTree_8_cores_TarvD7_Results/ENSG00000152818.nuc.ord.mldist
  Screen log file:               /workspace/IQTree_8_cores_TarvD7_Results/ENSG00000152818.nuc.ord.log

Date and Time: Tue May 26 21:27:40 2026
