IQ-TREE version 3.1.2 for Linux x86 64-bit built May  7 2026
Developed by Bui Quang Minh, Thomas Wong, Nhan Ly-Trong, Huaiyan Ren
Contributed by Lam-Tung Nguyen, Dominik Schrempf, Chris Bielow,
Olga Chernomor, Michael Woodhams, Diep Thi Hoang, Heiko Schmidt

Host:    8084c4e79f09 (AVX512, FMA3, 1133 GB RAM)
Command: /workspace/iqtree-3.1.2-Linux/bin/iqtree3_intel -s /workspace/NeuralNJ/empirical/TarvD7/ENSG00000196396.nuc.ord.aln -st DNA -m GTR+G -T 8 -seed 2201 -pre /workspace/IQTree_8_cores_TarvD7_Results/ENSG00000196396.nuc.ord -quiet
Seed:    2201 (Using SPRNG - Scalable Parallel Random Number Generator)
Time:    Wed May 27 11:01:59 2026
Kernel:  AVX+FMA - 8 threads (384 CPU cores detected)

Reading alignment file /workspace/NeuralNJ/empirical/TarvD7/ENSG00000196396.nuc.ord.aln ... Fasta format detected
Reading fasta file: done in 0.0004251 secs using 9.174% CPU
Alignment most likely contains DNA/RNA sequences
Constructing alignment: done in 0.00191307 secs using 667.8% CPU
Alignment has 31 sequences with 1425 columns, 822 distinct patterns
497 parsimony-informative, 217 singleton sites, 711 constant sites
                   Gap/Ambiguity  Composition  p-value
Analyzing sequences: done in 2.40803e-05 secs using 232.6% CPU
   1  P001_Platypus       19.79%    failed      2.35%
   2  P002_Opossum        10.53%    failed      0.00%
   3  P004_Tenrec         38.11%    passed     56.82%
   4  P005_Rock_hyrax     27.58%    passed     25.51%
   5  P006_Elephant       15.16%    passed     76.79%
   6  P008_Sloth           8.63%    passed     17.73%
   7  P009_Hedgehog       46.32%    passed     66.85%
   8  P010_Common_shrew   14.95%    failed      0.48%
   9  P011_Dolphin         9.89%    passed     99.78%
  10  P012_Cow            10.53%    passed     52.53%
  11  P013_Pig            10.11%    passed     83.15%
  12  P014_Alpaca         15.79%    passed     95.79%
  13  P015_Horse          14.53%    passed     91.19%
  14  P016_Dog            10.74%    passed     85.03%
  15  P017_Cat            23.58%    passed     82.77%
  16  P018_Megabat        10.32%    passed     59.02%
  17  P019_Microbat       26.95%    passed     70.32%
  18  P020_Rabbit         36.00%    failed      0.00%
  19  P021_Pika           11.58%    failed      3.92%
  20  P023_Guinea_pig     12.84%    passed     12.19%
  21  P024_Kangaroo_rat   11.79%    failed      0.09%
  22  P025_Mouse           9.05%    passed     26.66%
  23  P026_Rat             9.47%    passed     53.84%
  24  P027_Tree_shrew     39.37%    failed      1.36%
  25  P028_Bushbaby       39.79%    passed     28.11%
  26  P029_Mouse_lemur    12.84%    passed     69.06%
  27  P032_Rhesus          8.42%    passed     80.64%
  28  P033_Orangutan       8.42%    passed     73.77%
  29  P034_Gorilla        20.00%    passed     84.70%
  30  P035_Chimp           8.42%    passed     81.02%
  31  P036_Human           8.42%    passed     73.12%
****  TOTAL               17.74%  7 sequences failed composition chi2 test (p-value<5%; df=3)
Checking for duplicate sequences: done in 0.000108957 secs using 810.4% CPU

Create initial parsimony tree by phylogenetic likelihood library (PLL)... 0.002 seconds

NOTE: 3 MB RAM (0 GB) is required!
Estimate model parameters (epsilon = 0.100)
1. Initial log-likelihood: -12759.025
2. Current log-likelihood: -11849.163
3. Current log-likelihood: -11837.999
4. Current log-likelihood: -11837.765
Optimal log-likelihood: -11837.746
Rate parameters:  A-C: 1.54202  A-G: 4.48175  A-T: 0.53479  C-G: 1.11486  C-T: 7.18983  G-T: 1.00000
Base frequencies:  A: 0.278  C: 0.258  G: 0.264  T: 0.199
Gamma shape alpha: 0.383
Parameters optimization took 4 rounds (0.069 sec)
Wrote distance file to... 
Computing ML distances based on estimated model parameters...
Calculating distance matrix: done in 0.000468969 secs using 811.8% CPU
Computing ML distances took 0.000549 sec (of wall-clock time) 0.004233 sec (of CPU time)
Setting up auxiliary I and S matrices: done in 7.58171e-05 secs using 1204% CPU
Constructing RapidNJ tree: done in 0.00158405 secs using 676.6% CPU
Computing RapidNJ tree took 0.001716 sec (of wall-clock time) 0.015143 sec (of CPU time)
Log-likelihood of RapidNJ tree: -11925.982
--------------------------------------------------------------------
|             INITIALIZING CANDIDATE TREE SET                      |
--------------------------------------------------------------------
Generating 98 parsimony trees... 0.198 second
Computing log-likelihood of 98 initial trees ... 0.514 seconds
Current best score: -11836.689

Do NNI search on 20 best initial trees
Estimate model parameters (epsilon = 0.100)
BETTER TREE FOUND at iteration 1: -11823.149
UPDATE BEST LOG-LIKELIHOOD: -11823.147
Iteration 10 / LogL: -11823.147 / Time: 0h:0m:1s
UPDATE BEST LOG-LIKELIHOOD: -11823.147
Iteration 20 / LogL: -11832.480 / Time: 0h:0m:2s
Finish initializing candidate tree set (9)
Current best tree score: -11823.147 / CPU time: 2.034
Number of iterations: 20
--------------------------------------------------------------------
|               OPTIMIZING CANDIDATE TREE SET                      |
--------------------------------------------------------------------
UPDATE BEST LOG-LIKELIHOOD: -11823.143
UPDATE BEST LOG-LIKELIHOOD: -11823.140
Iteration 30 / LogL: -11823.148 / Time: 0h:0m:3s (0h:0m:7s left)
UPDATE BEST LOG-LIKELIHOOD: -11823.140
Iteration 40 / LogL: -11823.198 / Time: 0h:0m:4s (0h:0m:6s left)
Iteration 50 / LogL: -11825.258 / Time: 0h:0m:5s (0h:0m:5s left)
Iteration 60 / LogL: -11825.010 / Time: 0h:0m:6s (0h:0m:4s left)
Iteration 70 / LogL: -11823.151 / Time: 0h:0m:7s (0h:0m:3s left)
Iteration 80 / LogL: -11824.996 / Time: 0h:0m:8s (0h:0m:2s left)
UPDATE BEST LOG-LIKELIHOOD: -11823.140
Iteration 90 / LogL: -11823.148 / Time: 0h:0m:9s (0h:0m:1s left)
Iteration 100 / LogL: -11831.732 / Time: 0h:0m:10s (0h:0m:0s left)
TREE SEARCH COMPLETED AFTER 102 ITERATIONS / Time: 0h:0m:10s

--------------------------------------------------------------------
|                    FINALIZING TREE SEARCH                        |
--------------------------------------------------------------------
Performs final model parameters optimization
Estimate model parameters (epsilon = 0.010)
1. Initial log-likelihood: -11823.140
2. Current log-likelihood: -11823.123
Optimal log-likelihood: -11823.121
Rate parameters:  A-C: 1.52168  A-G: 4.48920  A-T: 0.53046  C-G: 1.09195  C-T: 7.19714  G-T: 1.00000
Base frequencies:  A: 0.278  C: 0.258  G: 0.264  T: 0.199
Gamma shape alpha: 0.385
Parameters optimization took 2 rounds (0.015 sec)
BEST SCORE FOUND : -11823.121
Total tree length: 2.822

Total number of iterations: 102
CPU time used for tree search: 75.903 sec (0h:1m:15s)
Wall-clock time used for tree search: 10.476 sec (0h:0m:10s)
Total CPU time used: 76.790 sec (0h:1m:16s)
Total wall-clock time used: 10.587 sec (0h:0m:10s)

Analysis results written to: 
  IQ-TREE report:                /workspace/IQTree_8_cores_TarvD7_Results/ENSG00000196396.nuc.ord.iqtree
  Maximum-likelihood tree:       /workspace/IQTree_8_cores_TarvD7_Results/ENSG00000196396.nuc.ord.treefile
  Likelihood distances:          /workspace/IQTree_8_cores_TarvD7_Results/ENSG00000196396.nuc.ord.mldist
  Screen log file:               /workspace/IQTree_8_cores_TarvD7_Results/ENSG00000196396.nuc.ord.log

Date and Time: Wed May 27 11:02:09 2026
