IQ-TREE version 3.1.2 for Linux x86 64-bit built May  7 2026
Developed by Bui Quang Minh, Thomas Wong, Nhan Ly-Trong, Huaiyan Ren
Contributed by Lam-Tung Nguyen, Dominik Schrempf, Chris Bielow,
Olga Chernomor, Michael Woodhams, Diep Thi Hoang, Heiko Schmidt

Host:    8084c4e79f09 (AVX512, FMA3, 1133 GB RAM)
Command: /workspace/iqtree-3.1.2-Linux/bin/iqtree3_intel -s /workspace/NeuralNJ/empirical/TarvD7/ENSG00000165997.nuc.ord.aln -st DNA -m GTR+G -T 8 -seed 2201 -pre /workspace/IQTree_8_cores_TarvD7_Results/ENSG00000165997.nuc.ord -quiet
Seed:    2201 (Using SPRNG - Scalable Parallel Random Number Generator)
Time:    Wed May 27 02:50:13 2026
Kernel:  AVX+FMA - 8 threads (384 CPU cores detected)

Reading alignment file /workspace/NeuralNJ/empirical/TarvD7/ENSG00000165997.nuc.ord.aln ... Fasta format detected
Reading fasta file: done in 0.000411987 secs using 70.15% CPU
Alignment most likely contains DNA/RNA sequences
Constructing alignment: done in 0.000836849 secs using 772.3% CPU
Alignment has 34 sequences with 621 columns, 289 distinct patterns
127 parsimony-informative, 103 singleton sites, 391 constant sites
                   Gap/Ambiguity  Composition  p-value
Analyzing sequences: done in 1.09673e-05 secs using 91.18% CPU
   1  P001_Platypus       13.04%    failed      0.06%
   2  P002_Opossum        13.04%    passed     90.67%
   3  P003_Wallaby        13.53%    passed     77.81%
   4  P004_Tenrec         27.05%    passed     68.97%
   5  P005_Rock_hyrax     28.02%    passed     96.27%
   6  P006_Elephant       38.65%    passed     86.89%
   7  P008_Sloth          40.58%    passed     49.34%
   8  P009_Hedgehog       38.16%    passed     90.38%
   9  P010_Common_shrew   21.26%    passed     93.81%
  10  P011_Dolphin        13.53%    passed     97.41%
  11  P012_Cow            13.53%    passed     98.86%
  12  P014_Alpaca         23.67%    passed     34.30%
  13  P015_Horse          13.53%    passed     96.54%
  14  P016_Dog            12.56%    passed     91.03%
  15  P017_Cat            48.31%    passed     91.56%
  16  P018_Megabat        13.53%    passed     99.61%
  17  P019_Microbat       21.26%    passed     87.78%
  18  P020_Rabbit         21.26%    passed     55.16%
  19  P021_Pika           38.16%    passed     69.94%
  20  P022_Squirrel       54.59%    passed     77.94%
  21  P023_Guinea_pig     13.53%    passed     93.06%
  22  P024_Kangaroo_rat   21.74%    passed     52.70%
  23  P025_Mouse          13.04%    passed     88.53%
  24  P026_Rat            13.04%    passed     33.50%
  25  P027_Tree_shrew     21.26%    passed     90.84%
  26  P028_Bushbaby       38.16%    passed     92.06%
  27  P029_Mouse_lemur    42.03%    passed     93.01%
  28  P030_Tarsier        47.34%    passed     84.99%
  29  P031_Marmoset       12.08%    passed     90.82%
  30  P032_Rhesus         13.53%    passed     95.43%
  31  P033_Orangutan      27.05%    passed     98.11%
  32  P034_Gorilla        25.12%    passed     49.50%
  33  P035_Chimp          13.53%    passed     95.43%
  34  P036_Human          13.53%    passed     95.43%
WARNING: 1 sequences contain more than 50% gaps/ambiguity
****  TOTAL               24.18%  1 sequences failed composition chi2 test (p-value<5%; df=3)
NOTE: P036_Human is identical to P035_Chimp but kept for subsequent analysis
Checking for duplicate sequences: done in 9.41753e-05 secs using 819.7% CPU

Create initial parsimony tree by phylogenetic likelihood library (PLL)... 0.001 seconds

NOTE: 1 MB RAM (0 GB) is required!
WARNING: Number of threads seems too high for short alignments. Use -T AUTO to determine best number of threads.
Estimate model parameters (epsilon = 0.100)
1. Initial log-likelihood: -3891.144
2. Current log-likelihood: -3615.844
3. Current log-likelihood: -3609.722
4. Current log-likelihood: -3609.582
Optimal log-likelihood: -3609.566
Rate parameters:  A-C: 1.88720  A-G: 4.02916  A-T: 0.54632  C-G: 1.05635  C-T: 6.18471  G-T: 1.00000
Base frequencies:  A: 0.303  C: 0.191  G: 0.236  T: 0.270
Gamma shape alpha: 0.310
Parameters optimization took 4 rounds (0.050 sec)
Wrote distance file to... 
Computing ML distances based on estimated model parameters...
Calculating distance matrix: done in 0.000370979 secs using 799.2% CPU
Computing ML distances took 0.000415 sec (of wall-clock time) 0.003145 sec (of CPU time)
Setting up auxiliary I and S matrices: done in 0.000236988 secs using 963.3% CPU
Constructing RapidNJ tree: done in 0.00171995 secs using 868.9% CPU
Computing RapidNJ tree took 0.001980 sec (of wall-clock time) 0.017484 sec (of CPU time)
Log-likelihood of RapidNJ tree: -3658.092
--------------------------------------------------------------------
|             INITIALIZING CANDIDATE TREE SET                      |
--------------------------------------------------------------------
Generating 98 parsimony trees... 0.096 second
Computing log-likelihood of 98 initial trees ... 0.282 seconds
Current best score: -3602.552

Do NNI search on 20 best initial trees
Estimate model parameters (epsilon = 0.100)
BETTER TREE FOUND at iteration 1: -3589.606
Iteration 10 / LogL: -3597.856 / Time: 0h:0m:1s
Estimate model parameters (epsilon = 0.100)
BETTER TREE FOUND at iteration 18: -3589.175
Iteration 20 / LogL: -3602.645 / Time: 0h:0m:2s
Finish initializing candidate tree set (20)
Current best tree score: -3589.175 / CPU time: 1.947
Number of iterations: 20
--------------------------------------------------------------------
|               OPTIMIZING CANDIDATE TREE SET                      |
--------------------------------------------------------------------
Estimate model parameters (epsilon = 0.100)
BETTER TREE FOUND at iteration 24: -3587.251
Estimate model parameters (epsilon = 0.100)
BETTER TREE FOUND at iteration 27: -3584.601
UPDATE BEST LOG-LIKELIHOOD: -3584.601
Iteration 30 / LogL: -3591.977 / Time: 0h:0m:2s (0h:0m:9s left)
Estimate model parameters (epsilon = 0.100)
BETTER TREE FOUND at iteration 38: -3584.422
Iteration 40 / LogL: -3585.490 / Time: 0h:0m:3s (0h:0m:9s left)
Iteration 50 / LogL: -3585.286 / Time: 0h:0m:4s (0h:0m:8s left)
UPDATE BEST LOG-LIKELIHOOD: -3584.422
Iteration 60 / LogL: -3587.843 / Time: 0h:0m:5s (0h:0m:7s left)
Iteration 70 / LogL: -3585.287 / Time: 0h:0m:6s (0h:0m:6s left)
Iteration 80 / LogL: -3584.666 / Time: 0h:0m:6s (0h:0m:5s left)
Iteration 90 / LogL: -3584.666 / Time: 0h:0m:7s (0h:0m:4s left)
UPDATE BEST LOG-LIKELIHOOD: -3584.421
Iteration 100 / LogL: -3584.422 / Time: 0h:0m:8s (0h:0m:3s left)
UPDATE BEST LOG-LIKELIHOOD: -3584.421
Iteration 110 / LogL: -3584.423 / Time: 0h:0m:9s (0h:0m:2s left)
Iteration 120 / LogL: -3584.422 / Time: 0h:0m:9s (0h:0m:1s left)
Iteration 130 / LogL: -3584.635 / Time: 0h:0m:10s (0h:0m:0s left)
TREE SEARCH COMPLETED AFTER 139 ITERATIONS / Time: 0h:0m:11s

--------------------------------------------------------------------
|                    FINALIZING TREE SEARCH                        |
--------------------------------------------------------------------
Performs final model parameters optimization
Estimate model parameters (epsilon = 0.010)
1. Initial log-likelihood: -3584.421
Optimal log-likelihood: -3584.420
Rate parameters:  A-C: 1.98576  A-G: 4.20080  A-T: 0.50528  C-G: 1.16752  C-T: 7.12801  G-T: 1.00000
Base frequencies:  A: 0.303  C: 0.191  G: 0.236  T: 0.270
Gamma shape alpha: 0.315
Parameters optimization took 1 rounds (0.006 sec)
BEST SCORE FOUND : -3584.420
Total tree length: 1.872

Total number of iterations: 139
CPU time used for tree search: 89.042 sec (0h:1m:29s)
Wall-clock time used for tree search: 11.139 sec (0h:0m:11s)
Total CPU time used: 89.732 sec (0h:1m:29s)
Total wall-clock time used: 11.224 sec (0h:0m:11s)

Analysis results written to: 
  IQ-TREE report:                /workspace/IQTree_8_cores_TarvD7_Results/ENSG00000165997.nuc.ord.iqtree
  Maximum-likelihood tree:       /workspace/IQTree_8_cores_TarvD7_Results/ENSG00000165997.nuc.ord.treefile
  Likelihood distances:          /workspace/IQTree_8_cores_TarvD7_Results/ENSG00000165997.nuc.ord.mldist
  Screen log file:               /workspace/IQTree_8_cores_TarvD7_Results/ENSG00000165997.nuc.ord.log

Date and Time: Wed May 27 02:50:24 2026
