IQ-TREE version 3.1.2 for Linux x86 64-bit built May  7 2026
Developed by Bui Quang Minh, Thomas Wong, Nhan Ly-Trong, Huaiyan Ren
Contributed by Lam-Tung Nguyen, Dominik Schrempf, Chris Bielow,
Olga Chernomor, Michael Woodhams, Diep Thi Hoang, Heiko Schmidt

Host:    8084c4e79f09 (AVX512, FMA3, 1133 GB RAM)
Command: /workspace/iqtree-3.1.2-Linux/bin/iqtree3_intel -s /workspace/NeuralNJ/empirical/TarvD7/ENSG00000164893.nuc.ord.aln -st DNA -m GTR+G -T 8 -seed 2201 -pre /workspace/IQTree_8_cores_TarvD7_Results/ENSG00000164893.nuc.ord -quiet
Seed:    2201 (Using SPRNG - Scalable Parallel Random Number Generator)
Time:    Wed May 27 02:06:03 2026
Kernel:  AVX+FMA - 8 threads (384 CPU cores detected)

Reading alignment file /workspace/NeuralNJ/empirical/TarvD7/ENSG00000164893.nuc.ord.aln ... Fasta format detected
Reading fasta file: done in 0.000427961 secs using 85.52% CPU
Alignment most likely contains DNA/RNA sequences
Constructing alignment: done in 0.00222611 secs using 743.7% CPU
Alignment has 28 sequences with 1602 columns, 1309 distinct patterns
852 parsimony-informative, 349 singleton sites, 401 constant sites
                  Gap/Ambiguity  Composition  p-value
Analyzing sequences: done in 3.29018e-05 secs using 389% CPU
   1  P001_Platypus      44.57%    failed      0.00%
   2  P002_Opossum       10.49%    passed     22.66%
   3  P005_Rock_hyrax    24.91%    failed      4.22%
   4  P006_Elephant      26.40%    passed     66.77%
   5  P007_Armadillo     29.40%    passed     12.70%
   6  P008_Sloth         41.39%    passed     30.05%
   7  P009_Hedgehog      12.17%    failed      3.78%
   8  P011_Dolphin       13.11%    passed     84.97%
   9  P013_Pig           46.44%    failed      3.63%
  10  P014_Alpaca        22.10%    failed      0.06%
  11  P015_Horse         13.48%    passed     22.11%
  12  P017_Cat           58.43%    passed     13.19%
  13  P018_Megabat       16.29%    failed      0.00%
  14  P020_Rabbit        20.04%    passed     55.09%
  15  P021_Pika          57.49%    passed      7.90%
  16  P022_Squirrel      34.46%    passed     14.57%
  17  P025_Mouse         10.49%    passed     67.18%
  18  P026_Rat           10.30%    passed     61.38%
  19  P027_Tree_shrew    67.04%    passed     33.29%
  20  P028_Bushbaby      59.36%    passed     66.43%
  21  P029_Mouse_lemur   28.84%    passed     21.71%
  22  P030_Tarsier       12.17%    passed     20.10%
  23  P031_Marmoset      54.31%    failed      3.29%
  24  P032_Rhesus        10.11%    passed     54.76%
  25  P033_Orangutan     11.80%    passed     52.11%
  26  P034_Gorilla       32.02%    passed     78.21%
  27  P035_Chimp         11.99%    passed     63.20%
  28  P036_Human         11.99%    passed     59.01%
WARNING: 5 sequences contain more than 50% gaps/ambiguity
****  TOTAL              28.27%  7 sequences failed composition chi2 test (p-value<5%; df=3)
Checking for duplicate sequences: done in 0.000118017 secs using 803.3% CPU

Create initial parsimony tree by phylogenetic likelihood library (PLL)... 0.002 seconds

NOTE: 4 MB RAM (0 GB) is required!
Estimate model parameters (epsilon = 0.100)
1. Initial log-likelihood: -18717.539
2. Current log-likelihood: -17670.648
3. Current log-likelihood: -17657.306
4. Current log-likelihood: -17657.156
Optimal log-likelihood: -17657.150
Rate parameters:  A-C: 1.78913  A-G: 5.27116  A-T: 1.07535  C-G: 1.65548  C-T: 4.20087  G-T: 1.00000
Base frequencies:  A: 0.243  C: 0.211  G: 0.217  T: 0.329
Gamma shape alpha: 1.584
Parameters optimization took 4 rounds (0.084 sec)
Wrote distance file to... 
Computing ML distances based on estimated model parameters...
Calculating distance matrix: done in 0.000344038 secs using 796.7% CPU
Computing ML distances took 0.000446 sec (of wall-clock time) 0.003373 sec (of CPU time)
Setting up auxiliary I and S matrices: done in 7.48634e-05 secs using 842.9% CPU
Constructing RapidNJ tree: done in 0.00145698 secs using 608% CPU
Computing RapidNJ tree took 0.001565 sec (of wall-clock time) 0.013399 sec (of CPU time)
Log-likelihood of RapidNJ tree: -17864.680
--------------------------------------------------------------------
|             INITIALIZING CANDIDATE TREE SET                      |
--------------------------------------------------------------------
Generating 98 parsimony trees... 0.289 second
Computing log-likelihood of 98 initial trees ... 0.518 seconds
Current best score: -17657.150

Do NNI search on 20 best initial trees
Estimate model parameters (epsilon = 0.100)
BETTER TREE FOUND at iteration 1: -17656.348
Estimate model parameters (epsilon = 0.100)
BETTER TREE FOUND at iteration 2: -17656.053
Iteration 10 / LogL: -17656.644 / Time: 0h:0m:1s
Iteration 20 / LogL: -17656.107 / Time: 0h:0m:2s
Finish initializing candidate tree set (4)
Current best tree score: -17656.053 / CPU time: 2.113
Number of iterations: 20
--------------------------------------------------------------------
|               OPTIMIZING CANDIDATE TREE SET                      |
--------------------------------------------------------------------
Iteration 30 / LogL: -17656.120 / Time: 0h:0m:3s (0h:0m:7s left)
Iteration 40 / LogL: -17656.512 / Time: 0h:0m:3s (0h:0m:6s left)
Iteration 50 / LogL: -17656.098 / Time: 0h:0m:4s (0h:0m:5s left)
Iteration 60 / LogL: -17666.860 / Time: 0h:0m:5s (0h:0m:4s left)
Iteration 70 / LogL: -17656.215 / Time: 0h:0m:6s (0h:0m:3s left)
Iteration 80 / LogL: -17656.414 / Time: 0h:0m:7s (0h:0m:2s left)
Iteration 90 / LogL: -17656.104 / Time: 0h:0m:8s (0h:0m:1s left)
Iteration 100 / LogL: -17656.382 / Time: 0h:0m:9s (0h:0m:0s left)
TREE SEARCH COMPLETED AFTER 103 ITERATIONS / Time: 0h:0m:9s

--------------------------------------------------------------------
|                    FINALIZING TREE SEARCH                        |
--------------------------------------------------------------------
Performs final model parameters optimization
Estimate model parameters (epsilon = 0.010)
1. Initial log-likelihood: -17656.053
2. Current log-likelihood: -17656.020
Optimal log-likelihood: -17656.020
Rate parameters:  A-C: 1.75591  A-G: 5.14861  A-T: 1.04650  C-G: 1.61944  C-T: 4.11476  G-T: 1.00000
Base frequencies:  A: 0.243  C: 0.211  G: 0.217  T: 0.329
Gamma shape alpha: 1.595
Parameters optimization took 2 rounds (0.022 sec)
BEST SCORE FOUND : -17656.020
Total tree length: 4.390

Total number of iterations: 103
CPU time used for tree search: 69.053 sec (0h:1m:9s)
Wall-clock time used for tree search: 9.567 sec (0h:0m:9s)
Total CPU time used: 70.186 sec (0h:1m:10s)
Total wall-clock time used: 9.710 sec (0h:0m:9s)

Analysis results written to: 
  IQ-TREE report:                /workspace/IQTree_8_cores_TarvD7_Results/ENSG00000164893.nuc.ord.iqtree
  Maximum-likelihood tree:       /workspace/IQTree_8_cores_TarvD7_Results/ENSG00000164893.nuc.ord.treefile
  Likelihood distances:          /workspace/IQTree_8_cores_TarvD7_Results/ENSG00000164893.nuc.ord.mldist
  Screen log file:               /workspace/IQTree_8_cores_TarvD7_Results/ENSG00000164893.nuc.ord.log

Date and Time: Wed May 27 02:06:13 2026
