IQ-TREE version 3.1.2 for Linux x86 64-bit built May  7 2026
Developed by Bui Quang Minh, Thomas Wong, Nhan Ly-Trong, Huaiyan Ren
Contributed by Lam-Tung Nguyen, Dominik Schrempf, Chris Bielow,
Olga Chernomor, Michael Woodhams, Diep Thi Hoang, Heiko Schmidt

Host:    8084c4e79f09 (AVX512, FMA3, 1133 GB RAM)
Command: /workspace/iqtree-3.1.2-Linux/bin/iqtree3_intel -s /workspace/NeuralNJ/empirical/TarvD7/ENSG00000176597.nuc.ord.aln -st DNA -m GTR+G -T 8 -seed 2201 -pre /workspace/IQTree_8_cores_TarvD7_Results/ENSG00000176597.nuc.ord -quiet
Seed:    2201 (Using SPRNG - Scalable Parallel Random Number Generator)
Time:    Wed May 27 07:19:53 2026
Kernel:  AVX+FMA - 8 threads (384 CPU cores detected)

Reading alignment file /workspace/NeuralNJ/empirical/TarvD7/ENSG00000176597.nuc.ord.aln ... Fasta format detected
Reading fasta file: done in 0.000653028 secs using 95.55% CPU
Alignment most likely contains DNA/RNA sequences
Constructing alignment: done in 0.00157285 secs using 538.7% CPU
Alignment has 22 sequences with 1218 columns, 625 distinct patterns
465 parsimony-informative, 160 singleton sites, 593 constant sites
                   Gap/Ambiguity  Composition  p-value
Analyzing sequences: done in 2.69413e-05 secs using 460.3% CPU
   1  P001_Platypus        9.85%    passed     15.42%
   2  P002_Opossum         6.16%    passed     22.72%
   3  P003_Wallaby        12.81%    passed     81.44%
   4  P006_Elephant       15.02%    passed     95.33%
   5  P008_Sloth           6.65%    passed     58.10%
   6  P012_Cow            14.53%    passed     86.70%
   7  P014_Alpaca          6.65%    passed     98.85%
   8  P015_Horse           7.64%    passed     88.44%
   9  P016_Dog             9.11%    passed     80.33%
  10  P019_Microbat       12.56%    passed     95.98%
  11  P020_Rabbit          7.14%    passed     60.03%
  12  P023_Guinea_pig      7.14%    failed      0.76%
  13  P024_Kangaroo_rat    7.14%    passed     60.92%
  14  P025_Mouse           7.39%    passed     95.84%
  15  P026_Rat             7.14%    passed     16.18%
  16  P027_Tree_shrew      7.14%    failed      0.02%
  17  P030_Tarsier         7.14%    passed     89.89%
  18  P031_Marmoset        7.39%    passed     43.15%
  19  P032_Rhesus          7.14%    passed     50.92%
  20  P033_Orangutan       6.90%    passed     27.62%
  21  P035_Chimp          13.30%    passed     75.52%
  22  P036_Human           6.90%    passed     49.16%
****  TOTAL                8.77%  2 sequences failed composition chi2 test (p-value<5%; df=3)
Checking for duplicate sequences: done in 7.41482e-05 secs using 830.8% CPU

Create initial parsimony tree by phylogenetic likelihood library (PLL)... 0.001 seconds

NOTE: 1 MB RAM (0 GB) is required!
WARNING: Number of threads seems too high for short alignments. Use -T AUTO to determine best number of threads.
Estimate model parameters (epsilon = 0.100)
1. Initial log-likelihood: -10072.527
2. Current log-likelihood: -9503.933
3. Current log-likelihood: -9495.191
4. Current log-likelihood: -9495.000
Optimal log-likelihood: -9494.986
Rate parameters:  A-C: 1.25818  A-G: 4.43397  A-T: 0.55069  C-G: 1.29988  C-T: 5.35443  G-T: 1.00000
Base frequencies:  A: 0.292  C: 0.217  G: 0.203  T: 0.289
Gamma shape alpha: 0.453
Parameters optimization took 4 rounds (0.044 sec)
Wrote distance file to... 
Computing ML distances based on estimated model parameters...
Calculating distance matrix: done in 0.000400066 secs using 827.1% CPU
Computing ML distances took 0.000479 sec (of wall-clock time) 0.003818 sec (of CPU time)
Setting up auxiliary I and S matrices: done in 7.58171e-05 secs using 1409% CPU
Constructing RapidNJ tree: done in 0.00109792 secs using 815.9% CPU
Computing RapidNJ tree took 0.001202 sec (of wall-clock time) 0.011186 sec (of CPU time)
Log-likelihood of RapidNJ tree: -9512.255
--------------------------------------------------------------------
|             INITIALIZING CANDIDATE TREE SET                      |
--------------------------------------------------------------------
Generating 98 parsimony trees... 0.102 second
Computing log-likelihood of 98 initial trees ... 0.230 seconds
Current best score: -9486.993

Do NNI search on 20 best initial trees
Estimate model parameters (epsilon = 0.100)
BETTER TREE FOUND at iteration 1: -9477.561
Iteration 10 / LogL: -9481.321 / Time: 0h:0m:0s
Iteration 20 / LogL: -9481.517 / Time: 0h:0m:1s
Finish initializing candidate tree set (10)
Current best tree score: -9477.561 / CPU time: 0.974
Number of iterations: 20
--------------------------------------------------------------------
|               OPTIMIZING CANDIDATE TREE SET                      |
--------------------------------------------------------------------
Iteration 30 / LogL: -9481.476 / Time: 0h:0m:1s (0h:0m:3s left)
Iteration 40 / LogL: -9486.426 / Time: 0h:0m:1s (0h:0m:2s left)
Iteration 50 / LogL: -9477.845 / Time: 0h:0m:2s (0h:0m:2s left)
Iteration 60 / LogL: -9477.568 / Time: 0h:0m:2s (0h:0m:1s left)
Iteration 70 / LogL: -9477.835 / Time: 0h:0m:3s (0h:0m:1s left)
Iteration 80 / LogL: -9477.742 / Time: 0h:0m:3s (0h:0m:0s left)
Iteration 90 / LogL: -9477.737 / Time: 0h:0m:3s (0h:0m:0s left)
Iteration 100 / LogL: -9481.323 / Time: 0h:0m:4s (0h:0m:0s left)
TREE SEARCH COMPLETED AFTER 102 ITERATIONS / Time: 0h:0m:4s

--------------------------------------------------------------------
|                    FINALIZING TREE SEARCH                        |
--------------------------------------------------------------------
Performs final model parameters optimization
Estimate model parameters (epsilon = 0.010)
1. Initial log-likelihood: -9477.561
Optimal log-likelihood: -9477.560
Rate parameters:  A-C: 1.30933  A-G: 4.64914  A-T: 0.55804  C-G: 1.28718  C-T: 5.60740  G-T: 1.00000
Base frequencies:  A: 0.292  C: 0.217  G: 0.203  T: 0.289
Gamma shape alpha: 0.452
Parameters optimization took 1 rounds (0.005 sec)
BEST SCORE FOUND : -9477.560
Total tree length: 2.194

Total number of iterations: 102
CPU time used for tree search: 33.614 sec (0h:0m:33s)
Wall-clock time used for tree search: 4.205 sec (0h:0m:4s)
Total CPU time used: 34.145 sec (0h:0m:34s)
Total wall-clock time used: 4.272 sec (0h:0m:4s)

Analysis results written to: 
  IQ-TREE report:                /workspace/IQTree_8_cores_TarvD7_Results/ENSG00000176597.nuc.ord.iqtree
  Maximum-likelihood tree:       /workspace/IQTree_8_cores_TarvD7_Results/ENSG00000176597.nuc.ord.treefile
  Likelihood distances:          /workspace/IQTree_8_cores_TarvD7_Results/ENSG00000176597.nuc.ord.mldist
  Screen log file:               /workspace/IQTree_8_cores_TarvD7_Results/ENSG00000176597.nuc.ord.log

Date and Time: Wed May 27 07:19:58 2026
