IQ-TREE version 3.1.2 for Linux x86 64-bit built May  7 2026
Developed by Bui Quang Minh, Thomas Wong, Nhan Ly-Trong, Huaiyan Ren
Contributed by Lam-Tung Nguyen, Dominik Schrempf, Chris Bielow,
Olga Chernomor, Michael Woodhams, Diep Thi Hoang, Heiko Schmidt

Host:    8084c4e79f09 (AVX512, FMA3, 1133 GB RAM)
Command: /workspace/iqtree-3.1.2-Linux/bin/iqtree3_intel -s /workspace/NeuralNJ/empirical/TarvD7/ENSG00000155368.nuc.ord.aln -st DNA -m GTR+G -T 8 -seed 2201 -pre /workspace/IQTree_8_cores_TarvD7_Results/ENSG00000155368.nuc.ord -quiet
Seed:    2201 (Using SPRNG - Scalable Parallel Random Number Generator)
Time:    Tue May 26 22:10:41 2026
Kernel:  AVX+FMA - 8 threads (384 CPU cores detected)

Reading alignment file /workspace/NeuralNJ/empirical/TarvD7/ENSG00000155368.nuc.ord.aln ... Fasta format detected
Reading fasta file: done in 0.000263214 secs using 26.59% CPU
Alignment most likely contains DNA/RNA sequences
Constructing alignment: done in 0.000934124 secs using 482.4% CPU
Alignment has 32 sequences with 738 columns, 259 distinct patterns
137 parsimony-informative, 76 singleton sites, 525 constant sites
                   Gap/Ambiguity  Composition  p-value
Analyzing sequences: done in 1.19209e-05 secs using 92.27% CPU
   1  P002_Opossum        65.85%    failed      0.26%
   2  P003_Wallaby        74.80%    failed      0.53%
   3  P004_Tenrec         57.72%    passed     91.52%
   4  P006_Elephant       67.48%    passed     43.42%
   5  P007_Armadillo      78.05%    passed     48.78%
   6  P008_Sloth          58.13%    passed     73.97%
   7  P009_Hedgehog       59.35%    passed     82.06%
   8  P011_Dolphin        58.54%    passed     93.29%
   9  P012_Cow            64.63%    passed     12.51%
  10  P013_Pig            64.63%    passed     28.87%
  11  P014_Alpaca         76.42%    passed     28.86%
  12  P015_Horse          64.63%    passed     66.84%
  13  P016_Dog            55.69%    passed     25.52%
  14  P017_Cat            58.94%    passed     83.54%
  15  P018_Megabat        58.94%    passed     97.22%
  16  P019_Microbat       63.82%    passed     62.39%
  17  P020_Rabbit         65.85%    passed     51.75%
  18  P021_Pika           57.72%    failed      3.43%
  19  P022_Squirrel       66.67%    passed     59.86%
  20  P023_Guinea_pig     65.85%    passed     68.75%
  21  P024_Kangaroo_rat   73.98%    passed     88.61%
  22  P025_Mouse          45.12%    passed     28.98%
  23  P027_Tree_shrew     58.13%    passed     93.15%
  24  P028_Bushbaby       57.72%    passed     92.07%
  25  P029_Mouse_lemur    58.94%    passed     84.33%
  26  P030_Tarsier        57.72%    passed     95.59%
  27  P031_Marmoset       42.28%    failed      0.38%
  28  P032_Rhesus         57.72%    passed     67.42%
  29  P033_Orangutan      57.72%    passed     97.38%
  30  P034_Gorilla        59.35%    passed     86.02%
  31  P035_Chimp          57.72%    passed     91.20%
  32  P036_Human          41.46%    failed      0.14%
WARNING: 29 sequences contain more than 50% gaps/ambiguity
****  TOTAL               60.99%  5 sequences failed composition chi2 test (p-value<5%; df=3)
Checking for duplicate sequences: done in 8.4877e-05 secs using 771.7% CPU

Create initial parsimony tree by phylogenetic likelihood library (PLL)... 0.001 seconds

NOTE: 1 MB RAM (0 GB) is required!
WARNING: Number of threads seems too high for short alignments. Use -T AUTO to determine best number of threads.
Estimate model parameters (epsilon = 0.100)
1. Initial log-likelihood: -4227.627
2. Current log-likelihood: -3869.403
3. Current log-likelihood: -3865.798
Optimal log-likelihood: -3865.771
Rate parameters:  A-C: 0.95318  A-G: 2.40031  A-T: 0.68403  C-G: 0.91086  C-T: 4.69420  G-T: 1.00000
Base frequencies:  A: 0.322  C: 0.215  G: 0.283  T: 0.180
Gamma shape alpha: 0.488
Parameters optimization took 3 rounds (0.037 sec)
Wrote distance file to... 
Computing ML distances based on estimated model parameters...
Calculating distance matrix: done in 0.000346184 secs using 772.7% CPU
Computing ML distances took 0.000388 sec (of wall-clock time) 0.002833 sec (of CPU time)
Setting up auxiliary I and S matrices: done in 8.79765e-05 secs using 1103% CPU
Constructing RapidNJ tree: done in 0.00165582 secs using 640.2% CPU
Computing RapidNJ tree took 0.001774 sec (of wall-clock time) 0.015064 sec (of CPU time)
Log-likelihood of RapidNJ tree: -3896.011
--------------------------------------------------------------------
|             INITIALIZING CANDIDATE TREE SET                      |
--------------------------------------------------------------------
Generating 98 parsimony trees... 0.097 second
Computing log-likelihood of 98 initial trees ... 0.265 seconds
Current best score: -3859.464

Do NNI search on 20 best initial trees
Estimate model parameters (epsilon = 0.100)
BETTER TREE FOUND at iteration 1: -3842.454
Estimate model parameters (epsilon = 0.100)
BETTER TREE FOUND at iteration 2: -3841.220
Estimate model parameters (epsilon = 0.100)
BETTER TREE FOUND at iteration 3: -3839.658
Estimate model parameters (epsilon = 0.100)
BETTER TREE FOUND at iteration 5: -3837.080
Iteration 10 / LogL: -3847.319 / Time: 0h:0m:1s
Iteration 20 / LogL: -3846.587 / Time: 0h:0m:1s
Finish initializing candidate tree set (17)
Current best tree score: -3837.080 / CPU time: 1.698
Number of iterations: 20
--------------------------------------------------------------------
|               OPTIMIZING CANDIDATE TREE SET                      |
--------------------------------------------------------------------
Estimate model parameters (epsilon = 0.100)
BETTER TREE FOUND at iteration 21: -3835.452
Iteration 30 / LogL: -3837.619 / Time: 0h:0m:2s (0h:0m:7s left)
Iteration 40 / LogL: -3835.452 / Time: 0h:0m:3s (0h:0m:6s left)
Iteration 50 / LogL: -3837.307 / Time: 0h:0m:3s (0h:0m:5s left)
Iteration 60 / LogL: -3839.773 / Time: 0h:0m:4s (0h:0m:4s left)
Iteration 70 / LogL: -3837.143 / Time: 0h:0m:5s (0h:0m:3s left)
Iteration 80 / LogL: -3837.154 / Time: 0h:0m:5s (0h:0m:3s left)
Iteration 90 / LogL: -3837.150 / Time: 0h:0m:6s (0h:0m:2s left)
Estimate model parameters (epsilon = 0.100)
BETTER TREE FOUND at iteration 96: -3834.784
Iteration 100 / LogL: -3834.802 / Time: 0h:0m:7s (0h:0m:6s left)
Iteration 110 / LogL: -3834.792 / Time: 0h:0m:7s (0h:0m:6s left)
Iteration 120 / LogL: -3834.875 / Time: 0h:0m:8s (0h:0m:5s left)
Iteration 130 / LogL: -3835.477 / Time: 0h:0m:9s (0h:0m:4s left)
Iteration 140 / LogL: -3835.298 / Time: 0h:0m:9s (0h:0m:3s left)
Iteration 150 / LogL: -3838.393 / Time: 0h:0m:10s (0h:0m:3s left)
Iteration 160 / LogL: -3836.507 / Time: 0h:0m:10s (0h:0m:2s left)
Iteration 170 / LogL: -3834.786 / Time: 0h:0m:11s (0h:0m:1s left)
Iteration 180 / LogL: -3835.301 / Time: 0h:0m:12s (0h:0m:1s left)
Iteration 190 / LogL: -3834.877 / Time: 0h:0m:12s (0h:0m:0s left)
TREE SEARCH COMPLETED AFTER 197 ITERATIONS / Time: 0h:0m:13s

--------------------------------------------------------------------
|                    FINALIZING TREE SEARCH                        |
--------------------------------------------------------------------
Performs final model parameters optimization
Estimate model parameters (epsilon = 0.010)
1. Initial log-likelihood: -3834.784
Optimal log-likelihood: -3834.782
Rate parameters:  A-C: 0.97117  A-G: 2.43822  A-T: 0.64240  C-G: 0.90065  C-T: 4.98650  G-T: 1.00000
Base frequencies:  A: 0.322  C: 0.215  G: 0.283  T: 0.180
Gamma shape alpha: 0.482
Parameters optimization took 1 rounds (0.005 sec)
BEST SCORE FOUND : -3834.782
Total tree length: 3.243

Total number of iterations: 197
CPU time used for tree search: 104.477 sec (0h:1m:44s)
Wall-clock time used for tree search: 13.062 sec (0h:0m:13s)
Total CPU time used: 105.010 sec (0h:1m:45s)
Total wall-clock time used: 13.128 sec (0h:0m:13s)

Analysis results written to: 
  IQ-TREE report:                /workspace/IQTree_8_cores_TarvD7_Results/ENSG00000155368.nuc.ord.iqtree
  Maximum-likelihood tree:       /workspace/IQTree_8_cores_TarvD7_Results/ENSG00000155368.nuc.ord.treefile
  Likelihood distances:          /workspace/IQTree_8_cores_TarvD7_Results/ENSG00000155368.nuc.ord.mldist
  Screen log file:               /workspace/IQTree_8_cores_TarvD7_Results/ENSG00000155368.nuc.ord.log

Date and Time: Tue May 26 22:10:54 2026
