IQ-TREE version 3.1.2 for Linux x86 64-bit built May  7 2026
Developed by Bui Quang Minh, Thomas Wong, Nhan Ly-Trong, Huaiyan Ren
Contributed by Lam-Tung Nguyen, Dominik Schrempf, Chris Bielow,
Olga Chernomor, Michael Woodhams, Diep Thi Hoang, Heiko Schmidt

Host:    8084c4e79f09 (AVX512, FMA3, 1133 GB RAM)
Command: /workspace/iqtree-3.1.2-Linux/bin/iqtree3_intel -s /workspace/NeuralNJ/empirical/TarvD7/ENSG00000136141.nuc.ord.aln -st DNA -m GTR+G -T 8 -seed 2201 -pre /workspace/IQTree_8_cores_TarvD7_Results/ENSG00000136141.nuc.ord -quiet
Seed:    2201 (Using SPRNG - Scalable Parallel Random Number Generator)
Time:    Tue May 26 15:15:08 2026
Kernel:  AVX+FMA - 8 threads (384 CPU cores detected)

Reading alignment file /workspace/NeuralNJ/empirical/TarvD7/ENSG00000136141.nuc.ord.aln ... Fasta format detected
Reading fasta file: done in 0.00122809 secs using 32.65% CPU
Alignment most likely contains DNA/RNA sequences
Constructing alignment: done in 0.00555897 secs using 757.2% CPU
Alignment has 36 sequences with 2733 columns, 1559 distinct patterns
795 parsimony-informative, 483 singleton sites, 1454 constant sites
                   Gap/Ambiguity  Composition  p-value
Analyzing sequences: done in 6.29425e-05 secs using 796% CPU
   1  P001_Platypus       30.74%    failed      3.13%
   2  P002_Opossum        39.52%    failed      0.00%
   3  P003_Wallaby        46.21%    passed     54.74%
   4  P004_Tenrec         56.20%    failed      1.55%
   5  P005_Rock_hyrax     27.55%    passed     31.47%
   6  P006_Elephant       37.65%    passed     52.22%
   7  P007_Armadillo      41.71%    passed     40.25%
   8  P008_Sloth          54.45%    passed     89.36%
   9  P009_Hedgehog       38.64%    failed      3.07%
  10  P010_Common_shrew   35.46%    passed     16.34%
  11  P011_Dolphin        21.62%    passed     35.88%
  12  P012_Cow            34.80%    passed     20.88%
  13  P013_Pig            61.58%    passed     91.10%
  14  P014_Alpaca         21.08%    passed     93.73%
  15  P015_Horse          16.47%    passed     52.03%
  16  P016_Dog            30.63%    passed     61.09%
  17  P017_Cat            59.28%    passed     93.33%
  18  P018_Megabat        16.25%    passed     65.80%
  19  P019_Microbat       50.38%    failed      0.89%
  20  P020_Rabbit         39.85%    failed      0.10%
  21  P021_Pika           16.14%    passed     78.33%
  22  P022_Squirrel       31.83%    passed     40.00%
  23  P023_Guinea_pig     34.69%    passed     27.33%
  24  P024_Kangaroo_rat   30.19%    passed     95.00%
  25  P025_Mouse          22.17%    failed      0.02%
  26  P026_Rat            22.72%    failed      0.08%
  27  P027_Tree_shrew     35.78%    passed     18.46%
  28  P028_Bushbaby       27.88%    failed      2.37%
  29  P029_Mouse_lemur    40.83%    passed     33.54%
  30  P030_Tarsier        31.39%    passed     53.93%
  31  P031_Marmoset       16.25%    passed     53.69%
  32  P032_Rhesus         19.10%    passed     99.53%
  33  P033_Orangutan      24.15%    passed     85.44%
  34  P034_Gorilla        58.29%    passed     82.27%
  35  P035_Chimp          20.42%    passed     80.60%
  36  P036_Human          16.25%    passed     90.73%
WARNING: 6 sequences contain more than 50% gaps/ambiguity
****  TOTAL               33.56%  9 sequences failed composition chi2 test (p-value<5%; df=3)
Checking for duplicate sequences: done in 0.000235081 secs using 794.6% CPU

Create initial parsimony tree by phylogenetic likelihood library (PLL)... 0.006 seconds

NOTE: 7 MB RAM (0 GB) is required!
Estimate model parameters (epsilon = 0.100)
1. Initial log-likelihood: -21920.060
2. Current log-likelihood: -20525.797
3. Current log-likelihood: -20515.663
Optimal log-likelihood: -20515.574
Rate parameters:  A-C: 1.30894  A-G: 4.65676  A-T: 0.74496  C-G: 1.37545  C-T: 5.14523  G-T: 1.00000
Base frequencies:  A: 0.285  C: 0.245  G: 0.238  T: 0.232
Gamma shape alpha: 0.470
Parameters optimization took 3 rounds (0.099 sec)
Wrote distance file to... 
Computing ML distances based on estimated model parameters...
Calculating distance matrix: done in 0.00086689 secs using 829.2% CPU
Computing ML distances took 0.001012 sec (of wall-clock time) 0.008094 sec (of CPU time)
Setting up auxiliary I and S matrices: done in 0.000110149 secs using 1079% CPU
Constructing RapidNJ tree: done in 0.00207806 secs using 683.1% CPU
Computing RapidNJ tree took 0.002249 sec (of wall-clock time) 0.019765 sec (of CPU time)
Log-likelihood of RapidNJ tree: -20587.413
--------------------------------------------------------------------
|             INITIALIZING CANDIDATE TREE SET                      |
--------------------------------------------------------------------
Generating 98 parsimony trees... 0.379 second
Computing log-likelihood of 98 initial trees ... 0.688 seconds
Current best score: -20515.574

Do NNI search on 20 best initial trees
Estimate model parameters (epsilon = 0.100)
BETTER TREE FOUND at iteration 1: -20514.338
Estimate model parameters (epsilon = 0.100)
BETTER TREE FOUND at iteration 2: -20505.375
Iteration 10 / LogL: -20505.447 / Time: 0h:0m:2s
Iteration 20 / LogL: -20505.429 / Time: 0h:0m:2s
Finish initializing candidate tree set (4)
Current best tree score: -20505.375 / CPU time: 2.845
Number of iterations: 20
--------------------------------------------------------------------
|               OPTIMIZING CANDIDATE TREE SET                      |
--------------------------------------------------------------------
Iteration 30 / LogL: -20505.492 / Time: 0h:0m:4s (0h:0m:10s left)
Iteration 40 / LogL: -20505.521 / Time: 0h:0m:5s (0h:0m:8s left)
Iteration 50 / LogL: -20565.132 / Time: 0h:0m:6s (0h:0m:6s left)
Iteration 60 / LogL: -20513.450 / Time: 0h:0m:7s (0h:0m:5s left)
Iteration 70 / LogL: -20505.515 / Time: 0h:0m:8s (0h:0m:3s left)
Iteration 80 / LogL: -20505.388 / Time: 0h:0m:9s (0h:0m:2s left)
Iteration 90 / LogL: -20506.528 / Time: 0h:0m:11s (0h:0m:1s left)
Iteration 100 / LogL: -20505.534 / Time: 0h:0m:12s (0h:0m:0s left)
TREE SEARCH COMPLETED AFTER 103 ITERATIONS / Time: 0h:0m:12s

--------------------------------------------------------------------
|                    FINALIZING TREE SEARCH                        |
--------------------------------------------------------------------
Performs final model parameters optimization
Estimate model parameters (epsilon = 0.010)
1. Initial log-likelihood: -20505.375
Optimal log-likelihood: -20505.374
Rate parameters:  A-C: 1.31946  A-G: 4.73390  A-T: 0.74193  C-G: 1.37699  C-T: 5.23321  G-T: 1.00000
Base frequencies:  A: 0.285  C: 0.245  G: 0.238  T: 0.232
Gamma shape alpha: 0.470
Parameters optimization took 1 rounds (0.016 sec)
BEST SCORE FOUND : -20505.374
Total tree length: 2.634

Total number of iterations: 103
CPU time used for tree search: 96.846 sec (0h:1m:36s)
Wall-clock time used for tree search: 12.403 sec (0h:0m:12s)
Total CPU time used: 98.120 sec (0h:1m:38s)
Total wall-clock time used: 12.564 sec (0h:0m:12s)

Analysis results written to: 
  IQ-TREE report:                /workspace/IQTree_8_cores_TarvD7_Results/ENSG00000136141.nuc.ord.iqtree
  Maximum-likelihood tree:       /workspace/IQTree_8_cores_TarvD7_Results/ENSG00000136141.nuc.ord.treefile
  Likelihood distances:          /workspace/IQTree_8_cores_TarvD7_Results/ENSG00000136141.nuc.ord.mldist
  Screen log file:               /workspace/IQTree_8_cores_TarvD7_Results/ENSG00000136141.nuc.ord.log

Date and Time: Tue May 26 15:15:20 2026
