IQ-TREE version 3.1.2 for Linux x86 64-bit built May  7 2026
Developed by Bui Quang Minh, Thomas Wong, Nhan Ly-Trong, Huaiyan Ren
Contributed by Lam-Tung Nguyen, Dominik Schrempf, Chris Bielow,
Olga Chernomor, Michael Woodhams, Diep Thi Hoang, Heiko Schmidt

Host:    8084c4e79f09 (AVX512, FMA3, 1133 GB RAM)
Command: /workspace/iqtree-3.1.2-Linux/bin/iqtree3_intel -s /workspace/NeuralNJ/empirical/TarvD7/ENSG00000168411.nuc.ord.aln -st DNA -m GTR+G -T 8 -seed 2201 -pre /workspace/IQTree_8_cores_TarvD7_Results/ENSG00000168411.nuc.ord -quiet
Seed:    2201 (Using SPRNG - Scalable Parallel Random Number Generator)
Time:    Wed May 27 04:08:33 2026
Kernel:  AVX+FMA - 8 threads (384 CPU cores detected)

Reading alignment file /workspace/NeuralNJ/empirical/TarvD7/ENSG00000168411.nuc.ord.aln ... Fasta format detected
Reading fasta file: done in 0.000878096 secs using 14.24% CPU
Alignment most likely contains DNA/RNA sequences
Constructing alignment: done in 0.00408292 secs using 733.9% CPU
Alignment has 35 sequences with 2748 columns, 1965 distinct patterns
1373 parsimony-informative, 405 singleton sites, 970 constant sites
                   Gap/Ambiguity  Composition  p-value
Analyzing sequences: done in 7.10487e-05 secs using 398.3% CPU
   1  P001_Platypus       20.85%    failed      0.00%
   2  P002_Opossum        19.76%    passed     31.92%
   3  P003_Wallaby        49.13%    passed      9.29%
   4  P004_Tenrec         36.68%    failed      1.82%
   5  P005_Rock_hyrax     25.22%    passed     92.74%
   6  P006_Elephant       37.23%    passed     48.63%
   7  P007_Armadillo      35.37%    passed     28.21%
   8  P008_Sloth          24.78%    passed     88.14%
   9  P010_Common_shrew   28.06%    failed      2.80%
  10  P011_Dolphin        25.98%    passed     48.07%
  11  P012_Cow            14.63%    passed     81.45%
  12  P013_Pig            14.96%    passed     62.89%
  13  P014_Alpaca         15.94%    passed     93.57%
  14  P015_Horse          15.72%    passed     94.18%
  15  P016_Dog            41.59%    passed     85.23%
  16  P017_Cat            41.92%    failed      1.08%
  17  P018_Megabat        35.04%    passed     93.87%
  18  P019_Microbat       20.52%    passed     72.52%
  19  P020_Rabbit         38.76%    passed     17.89%
  20  P021_Pika           19.87%    passed     75.36%
  21  P022_Squirrel       22.27%    passed     20.01%
  22  P023_Guinea_pig     22.05%    failed      1.08%
  23  P024_Kangaroo_rat   38.97%    failed      0.16%
  24  P025_Mouse          15.50%    passed     78.39%
  25  P026_Rat            15.07%    passed      9.20%
  26  P027_Tree_shrew     47.16%    passed     94.48%
  27  P028_Bushbaby       28.17%    passed     80.41%
  28  P029_Mouse_lemur    22.38%    passed     99.58%
  29  P030_Tarsier        39.41%    passed     51.20%
  30  P031_Marmoset       15.72%    passed     53.54%
  31  P032_Rhesus         16.05%    passed     37.10%
  32  P033_Orangutan      15.50%    passed     93.90%
  33  P034_Gorilla        15.72%    passed     97.98%
  34  P035_Chimp          15.50%    passed     97.36%
  35  P036_Human          15.50%    passed     98.94%
****  TOTAL               25.91%  6 sequences failed composition chi2 test (p-value<5%; df=3)
Checking for duplicate sequences: done in 0.000190973 secs using 819.5% CPU

Create initial parsimony tree by phylogenetic likelihood library (PLL)... 0.003 seconds

NOTE: 8 MB RAM (0 GB) is required!
Estimate model parameters (epsilon = 0.100)
1. Initial log-likelihood: -32479.789
2. Current log-likelihood: -30780.849
3. Current log-likelihood: -30764.414
4. Current log-likelihood: -30764.247
Optimal log-likelihood: -30764.237
Rate parameters:  A-C: 1.40898  A-G: 5.45348  A-T: 1.26759  C-G: 1.33471  C-T: 4.51005  G-T: 1.00000
Base frequencies:  A: 0.259  C: 0.255  G: 0.257  T: 0.229
Gamma shape alpha: 0.819
Parameters optimization took 4 rounds (0.136 sec)
Wrote distance file to... 
Computing ML distances based on estimated model parameters...
Calculating distance matrix: done in 0.000729084 secs using 812.8% CPU
Computing ML distances took 0.000893 sec (of wall-clock time) 0.006936 sec (of CPU time)
Setting up auxiliary I and S matrices: done in 9.799e-05 secs using 1394% CPU
Constructing RapidNJ tree: done in 0.00188398 secs using 681% CPU
Computing RapidNJ tree took 0.002037 sec (of wall-clock time) 0.017897 sec (of CPU time)
Log-likelihood of RapidNJ tree: -30863.266
--------------------------------------------------------------------
|             INITIALIZING CANDIDATE TREE SET                      |
--------------------------------------------------------------------
Generating 98 parsimony trees... 0.469 second
Computing log-likelihood of 98 initial trees ... 0.735 seconds
Current best score: -30764.237

Do NNI search on 20 best initial trees
Estimate model parameters (epsilon = 0.100)
BETTER TREE FOUND at iteration 1: -30743.889
Estimate model parameters (epsilon = 0.100)
BETTER TREE FOUND at iteration 5: -30731.944
Iteration 10 / LogL: -30743.953 / Time: 0h:0m:2s
Iteration 20 / LogL: -30747.417 / Time: 0h:0m:3s
Finish initializing candidate tree set (10)
Current best tree score: -30731.944 / CPU time: 3.368
Number of iterations: 20
--------------------------------------------------------------------
|               OPTIMIZING CANDIDATE TREE SET                      |
--------------------------------------------------------------------
Iteration 30 / LogL: -30733.877 / Time: 0h:0m:4s (0h:0m:12s left)
Iteration 40 / LogL: -30733.391 / Time: 0h:0m:6s (0h:0m:10s left)
Iteration 50 / LogL: -30733.800 / Time: 0h:0m:7s (0h:0m:8s left)
Iteration 60 / LogL: -30733.186 / Time: 0h:0m:8s (0h:0m:6s left)
Iteration 70 / LogL: -30732.701 / Time: 0h:0m:9s (0h:0m:4s left)
Iteration 80 / LogL: -30735.061 / Time: 0h:0m:11s (0h:0m:3s left)
Iteration 90 / LogL: -30733.021 / Time: 0h:0m:12s (0h:0m:2s left)
Iteration 100 / LogL: -30733.311 / Time: 0h:0m:13s (0h:0m:0s left)
TREE SEARCH COMPLETED AFTER 106 ITERATIONS / Time: 0h:0m:14s

--------------------------------------------------------------------
|                    FINALIZING TREE SEARCH                        |
--------------------------------------------------------------------
Performs final model parameters optimization
Estimate model parameters (epsilon = 0.010)
1. Initial log-likelihood: -30731.944
Optimal log-likelihood: -30731.939
Rate parameters:  A-C: 1.40648  A-G: 5.45000  A-T: 1.26388  C-G: 1.32746  C-T: 4.51507  G-T: 1.00000
Base frequencies:  A: 0.259  C: 0.255  G: 0.257  T: 0.229
Gamma shape alpha: 0.823
Parameters optimization took 1 rounds (0.016 sec)
BEST SCORE FOUND : -30731.939
Total tree length: 4.090

Total number of iterations: 106
CPU time used for tree search: 110.898 sec (0h:1m:50s)
Wall-clock time used for tree search: 14.282 sec (0h:0m:14s)
Total CPU time used: 112.508 sec (0h:1m:52s)
Total wall-clock time used: 14.484 sec (0h:0m:14s)

Analysis results written to: 
  IQ-TREE report:                /workspace/IQTree_8_cores_TarvD7_Results/ENSG00000168411.nuc.ord.iqtree
  Maximum-likelihood tree:       /workspace/IQTree_8_cores_TarvD7_Results/ENSG00000168411.nuc.ord.treefile
  Likelihood distances:          /workspace/IQTree_8_cores_TarvD7_Results/ENSG00000168411.nuc.ord.mldist
  Screen log file:               /workspace/IQTree_8_cores_TarvD7_Results/ENSG00000168411.nuc.ord.log

Date and Time: Wed May 27 04:08:47 2026
