IQ-TREE version 3.1.2 for Linux x86 64-bit built May  7 2026
Developed by Bui Quang Minh, Thomas Wong, Nhan Ly-Trong, Huaiyan Ren
Contributed by Lam-Tung Nguyen, Dominik Schrempf, Chris Bielow,
Olga Chernomor, Michael Woodhams, Diep Thi Hoang, Heiko Schmidt

Host:    8084c4e79f09 (AVX512, FMA3, 1133 GB RAM)
Command: /workspace/iqtree-3.1.2-Linux/bin/iqtree3_intel -s /workspace/NeuralNJ/empirical/TarvD7/ENSG00000100416.nuc.ord.aln -st DNA -m GTR+G -T 8 -seed 2201 -pre /workspace/IQTree_8_cores_TarvD7_Results/ENSG00000100416.nuc.ord -quiet
Seed:    2201 (Using SPRNG - Scalable Parallel Random Number Generator)
Time:    Tue May 26 03:04:28 2026
Kernel:  AVX+FMA - 8 threads (384 CPU cores detected)

Reading alignment file /workspace/NeuralNJ/empirical/TarvD7/ENSG00000100416.nuc.ord.aln ... Fasta format detected
Reading fasta file: done in 0.000452995 secs
Alignment most likely contains DNA/RNA sequences
Constructing alignment: done in 0.00182891 secs using 546.4% CPU
Alignment has 33 sequences with 1398 columns, 779 distinct patterns
499 parsimony-informative, 181 singleton sites, 718 constant sites
                   Gap/Ambiguity  Composition  p-value
Analyzing sequences: done in 2.81334e-05 secs using 191.9% CPU
   1  P001_Platypus       15.45%    failed      1.51%
   2  P002_Opossum        10.94%    failed      0.58%
   3  P003_Wallaby        36.91%    failed      0.16%
   4  P004_Tenrec         59.23%    passed      6.65%
   5  P005_Rock_hyrax     24.03%    passed     60.68%
   6  P006_Elephant       49.14%    passed     81.00%
   7  P007_Armadillo      31.12%    passed     90.23%
   8  P009_Hedgehog       42.27%    passed     38.36%
   9  P011_Dolphin         9.66%    passed     60.33%
  10  P012_Cow            10.52%    passed     79.03%
  11  P013_Pig            15.67%    passed     18.32%
  12  P014_Alpaca         59.01%    failed      0.00%
  13  P015_Horse          15.45%    passed      8.54%
  14  P016_Dog             9.66%    passed     84.33%
  15  P017_Cat            45.49%    passed     17.25%
  16  P018_Megabat        18.03%    passed     99.16%
  17  P019_Microbat       35.41%    failed      0.01%
  18  P020_Rabbit         45.06%    passed      5.09%
  19  P022_Squirrel       58.15%    passed     47.27%
  20  P023_Guinea_pig      8.58%    passed      6.82%
  21  P024_Kangaroo_rat   27.25%    passed     94.18%
  22  P025_Mouse          10.52%    passed     69.14%
  23  P026_Rat             5.36%    passed     56.57%
  24  P027_Tree_shrew     46.35%    failed      2.65%
  25  P028_Bushbaby       46.57%    passed     60.56%
  26  P029_Mouse_lemur    39.70%    failed      2.32%
  27  P030_Tarsier        21.24%    failed      0.03%
  28  P031_Marmoset        9.01%    passed     98.26%
  29  P032_Rhesus          9.44%    passed     64.89%
  30  P033_Orangutan       9.66%    passed     56.82%
  31  P034_Gorilla        24.68%    passed     94.14%
  32  P035_Chimp          16.74%    passed     75.47%
  33  P036_Human           9.66%    passed     59.16%
WARNING: 3 sequences contain more than 50% gaps/ambiguity
****  TOTAL               26.54%  8 sequences failed composition chi2 test (p-value<5%; df=3)
Checking for duplicate sequences: done in 0.000113964 secs using 803.8% CPU

Create initial parsimony tree by phylogenetic likelihood library (PLL)... 0.002 seconds

NOTE: 3 MB RAM (0 GB) is required!
WARNING: Number of threads seems too high for short alignments. Use -T AUTO to determine best number of threads.
Estimate model parameters (epsilon = 0.100)
1. Initial log-likelihood: -13239.910
2. Current log-likelihood: -12152.996
3. Current log-likelihood: -12124.791
4. Current log-likelihood: -12124.224
Optimal log-likelihood: -12124.209
Rate parameters:  A-C: 2.09316  A-G: 5.22918  A-T: 0.38467  C-G: 1.60758  C-T: 8.46515  G-T: 1.00000
Base frequencies:  A: 0.237  C: 0.251  G: 0.297  T: 0.215
Gamma shape alpha: 0.336
Parameters optimization took 4 rounds (0.078 sec)
Wrote distance file to... 
Computing ML distances based on estimated model parameters...
Calculating distance matrix: done in 0.000511169 secs using 826.1% CPU
Computing ML distances took 0.000592 sec (of wall-clock time) 0.004643 sec (of CPU time)
Setting up auxiliary I and S matrices: done in 7.79629e-05 secs using 974.8% CPU
Constructing RapidNJ tree: done in 0.00169683 secs using 759.7% CPU
Computing RapidNJ tree took 0.001807 sec (of wall-clock time) 0.016392 sec (of CPU time)
Log-likelihood of RapidNJ tree: -12169.058
--------------------------------------------------------------------
|             INITIALIZING CANDIDATE TREE SET                      |
--------------------------------------------------------------------
Generating 98 parsimony trees... 0.198 second
Computing log-likelihood of 98 initial trees ... 0.435 seconds
Current best score: -12124.209

Do NNI search on 20 best initial trees
Estimate model parameters (epsilon = 0.100)
BETTER TREE FOUND at iteration 1: -12121.645
Estimate model parameters (epsilon = 0.100)
BETTER TREE FOUND at iteration 2: -12095.372
Estimate model parameters (epsilon = 0.100)
BETTER TREE FOUND at iteration 3: -12091.107
Iteration 10 / LogL: -12091.226 / Time: 0h:0m:1s
Iteration 20 / LogL: -12102.178 / Time: 0h:0m:2s
Finish initializing candidate tree set (14)
Current best tree score: -12091.107 / CPU time: 2.276
Number of iterations: 20
--------------------------------------------------------------------
|               OPTIMIZING CANDIDATE TREE SET                      |
--------------------------------------------------------------------
Estimate model parameters (epsilon = 0.100)
UPDATE BEST LOG-LIKELIHOOD: -12090.907
Iteration 30 / LogL: -12092.729 / Time: 0h:0m:3s (0h:0m:8s left)
Iteration 40 / LogL: -12091.917 / Time: 0h:0m:4s (0h:0m:6s left)
Iteration 50 / LogL: -12090.954 / Time: 0h:0m:5s (0h:0m:5s left)
Estimate model parameters (epsilon = 0.100)
BETTER TREE FOUND at iteration 59: -12090.228
Iteration 60 / LogL: -12092.534 / Time: 0h:0m:6s (0h:0m:10s left)
Estimate model parameters (epsilon = 0.100)
BETTER TREE FOUND at iteration 64: -12089.902
Iteration 70 / LogL: -12091.148 / Time: 0h:0m:7s (0h:0m:9s left)
Iteration 80 / LogL: -12102.139 / Time: 0h:0m:8s (0h:0m:8s left)
UPDATE BEST LOG-LIKELIHOOD: -12089.901
UPDATE BEST LOG-LIKELIHOOD: -12089.901
Iteration 90 / LogL: -12089.901 / Time: 0h:0m:9s (0h:0m:7s left)
Iteration 100 / LogL: -12089.903 / Time: 0h:0m:10s (0h:0m:6s left)
Iteration 110 / LogL: -12089.902 / Time: 0h:0m:10s (0h:0m:5s left)
Iteration 120 / LogL: -12089.902 / Time: 0h:0m:11s (0h:0m:4s left)
Iteration 130 / LogL: -12090.217 / Time: 0h:0m:12s (0h:0m:3s left)
Iteration 140 / LogL: -12089.945 / Time: 0h:0m:13s (0h:0m:2s left)
Iteration 150 / LogL: -12100.020 / Time: 0h:0m:14s (0h:0m:1s left)
Iteration 160 / LogL: -12089.902 / Time: 0h:0m:15s (0h:0m:0s left)
TREE SEARCH COMPLETED AFTER 165 ITERATIONS / Time: 0h:0m:16s

--------------------------------------------------------------------
|                    FINALIZING TREE SEARCH                        |
--------------------------------------------------------------------
Performs final model parameters optimization
Estimate model parameters (epsilon = 0.010)
1. Initial log-likelihood: -12089.901
Optimal log-likelihood: -12089.900
Rate parameters:  A-C: 2.23361  A-G: 5.57924  A-T: 0.39011  C-G: 1.61853  C-T: 9.06318  G-T: 1.00000
Base frequencies:  A: 0.237  C: 0.251  G: 0.297  T: 0.215
Gamma shape alpha: 0.329
Parameters optimization took 1 rounds (0.009 sec)
BEST SCORE FOUND : -12089.900
Total tree length: 3.717

Total number of iterations: 165
CPU time used for tree search: 126.629 sec (0h:2m:6s)
Wall-clock time used for tree search: 15.904 sec (0h:0m:15s)
Total CPU time used: 127.640 sec (0h:2m:7s)
Total wall-clock time used: 16.030 sec (0h:0m:16s)

Analysis results written to: 
  IQ-TREE report:                /workspace/IQTree_8_cores_TarvD7_Results/ENSG00000100416.nuc.ord.iqtree
  Maximum-likelihood tree:       /workspace/IQTree_8_cores_TarvD7_Results/ENSG00000100416.nuc.ord.treefile
  Likelihood distances:          /workspace/IQTree_8_cores_TarvD7_Results/ENSG00000100416.nuc.ord.mldist
  Screen log file:               /workspace/IQTree_8_cores_TarvD7_Results/ENSG00000100416.nuc.ord.log

Date and Time: Tue May 26 03:04:44 2026
