IQ-TREE version 3.1.2 for Linux x86 64-bit built May  7 2026
Developed by Bui Quang Minh, Thomas Wong, Nhan Ly-Trong, Huaiyan Ren
Contributed by Lam-Tung Nguyen, Dominik Schrempf, Chris Bielow,
Olga Chernomor, Michael Woodhams, Diep Thi Hoang, Heiko Schmidt

Host:    8084c4e79f09 (AVX512, FMA3, 1133 GB RAM)
Command: /workspace/iqtree-3.1.2-Linux/bin/iqtree3_intel -s /workspace/NeuralNJ/empirical/TarvD7/ENSG00000183011.nuc.ord.aln -st DNA -m GTR+G -T 8 -seed 2201 -pre /workspace/IQTree_8_cores_TarvD7_Results/ENSG00000183011.nuc.ord -quiet
Seed:    2201 (Using SPRNG - Scalable Parallel Random Number Generator)
Time:    Wed May 27 08:46:39 2026
Kernel:  AVX+FMA - 8 threads (384 CPU cores detected)

Reading alignment file /workspace/NeuralNJ/empirical/TarvD7/ENSG00000183011.nuc.ord.aln ... Fasta format detected
Reading fasta file: done in 0.000241041 secs using 16.59% CPU
Alignment most likely contains DNA/RNA sequences
Constructing alignment: done in 0.00100994 secs using 866.1% CPU
Alignment has 27 sequences with 795 columns, 379 distinct patterns
174 parsimony-informative, 138 singleton sites, 483 constant sites
                   Gap/Ambiguity  Composition  p-value
Analyzing sequences: done in 1.3113e-05 secs using 251.7% CPU
   1  P002_Opossum        52.45%    passed     48.81%
   2  P003_Wallaby        35.09%    passed     60.85%
   3  P005_Rock_hyrax     35.47%    passed     80.85%
   4  P006_Elephant       36.60%    passed     66.88%
   5  P008_Sloth          53.21%    passed     89.77%
   6  P010_Common_shrew   35.47%    passed     94.23%
   7  P012_Cow            52.45%    passed     49.16%
   8  P014_Alpaca         37.74%    passed     98.69%
   9  P015_Horse          33.96%    passed     87.41%
  10  P016_Dog            34.34%    passed      6.35%
  11  P017_Cat            35.85%    passed     87.06%
  12  P018_Megabat        34.34%    passed     74.33%
  13  P019_Microbat       47.55%    passed     79.76%
  14  P020_Rabbit         34.72%    failed      4.31%
  15  P021_Pika           37.74%    failed      1.51%
  16  P023_Guinea_pig     52.83%    passed     35.34%
  17  P024_Kangaroo_rat   32.83%    passed     47.48%
  18  P025_Mouse          52.83%    failed      2.48%
  19  P026_Rat            52.83%    failed      2.90%
  20  P027_Tree_shrew     32.45%    passed     70.89%
  21  P029_Mouse_lemur    34.34%    passed     98.55%
  22  P031_Marmoset       34.72%    passed     89.68%
  23  P032_Rhesus         35.09%    passed     96.40%
  24  P033_Orangutan      74.72%    passed     85.33%
  25  P034_Gorilla        35.09%    passed     91.66%
  26  P035_Chimp          34.72%    passed     94.92%
  27  P036_Human          34.72%    passed     94.57%
WARNING: 7 sequences contain more than 50% gaps/ambiguity
****  TOTAL               40.89%  4 sequences failed composition chi2 test (p-value<5%; df=3)
Checking for duplicate sequences: done in 7.79629e-05 secs using 809.4% CPU

Create initial parsimony tree by phylogenetic likelihood library (PLL)... 0.001 seconds

NOTE: 1 MB RAM (0 GB) is required!
WARNING: Number of threads seems too high for short alignments. Use -T AUTO to determine best number of threads.
Estimate model parameters (epsilon = 0.100)
1. Initial log-likelihood: -4596.470
2. Current log-likelihood: -4305.811
3. Current log-likelihood: -4301.787
Optimal log-likelihood: -4301.691
Rate parameters:  A-C: 1.29193  A-G: 4.16372  A-T: 0.85477  C-G: 1.01208  C-T: 5.25062  G-T: 1.00000
Base frequencies:  A: 0.160  C: 0.299  G: 0.356  T: 0.186
Gamma shape alpha: 0.497
Parameters optimization took 3 rounds (0.040 sec)
Wrote distance file to... 
Computing ML distances based on estimated model parameters...
Calculating distance matrix: done in 0.000271082 secs using 754% CPU
Computing ML distances took 0.000318 sec (of wall-clock time) 0.002146 sec (of CPU time)
Setting up auxiliary I and S matrices: done in 7.70092e-05 secs using 1127% CPU
Constructing RapidNJ tree: done in 0.00127697 secs using 398.6% CPU
Computing RapidNJ tree took 0.001381 sec (of wall-clock time) 0.012802 sec (of CPU time)
Log-likelihood of RapidNJ tree: -4287.184
--------------------------------------------------------------------
|             INITIALIZING CANDIDATE TREE SET                      |
--------------------------------------------------------------------
Generating 98 parsimony trees... 0.086 second
Computing log-likelihood of 98 initial trees ... 0.357 seconds
Current best score: -4282.781

Do NNI search on 20 best initial trees
Estimate model parameters (epsilon = 0.100)
BETTER TREE FOUND at iteration 1: -4264.055
UPDATE BEST LOG-LIKELIHOOD: -4264.053
Iteration 10 / LogL: -4264.796 / Time: 0h:0m:1s
Iteration 20 / LogL: -4270.980 / Time: 0h:0m:2s
Finish initializing candidate tree set (10)
Current best tree score: -4264.053 / CPU time: 2.001
Number of iterations: 20
--------------------------------------------------------------------
|               OPTIMIZING CANDIDATE TREE SET                      |
--------------------------------------------------------------------
Iteration 30 / LogL: -4264.114 / Time: 0h:0m:3s (0h:0m:7s left)
Estimate model parameters (epsilon = 0.100)
BETTER TREE FOUND at iteration 37: -4263.543
Estimate model parameters (epsilon = 0.100)
BETTER TREE FOUND at iteration 40: -4261.834
Iteration 40 / LogL: -4261.834 / Time: 0h:0m:3s (0h:0m:10s left)
Iteration 50 / LogL: -4264.217 / Time: 0h:0m:4s (0h:0m:8s left)
Iteration 60 / LogL: -4264.218 / Time: 0h:0m:5s (0h:0m:7s left)
Iteration 70 / LogL: -4263.485 / Time: 0h:0m:6s (0h:0m:6s left)
Iteration 80 / LogL: -4263.408 / Time: 0h:0m:7s (0h:0m:5s left)
Iteration 90 / LogL: -4264.334 / Time: 0h:0m:8s (0h:0m:4s left)
Iteration 100 / LogL: -4264.853 / Time: 0h:0m:9s (0h:0m:3s left)
Iteration 110 / LogL: -4265.141 / Time: 0h:0m:9s (0h:0m:2s left)
Iteration 120 / LogL: -4262.299 / Time: 0h:0m:10s (0h:0m:1s left)
UPDATE BEST LOG-LIKELIHOOD: -4261.834
Iteration 130 / LogL: -4266.152 / Time: 0h:0m:11s (0h:0m:0s left)
Iteration 140 / LogL: -4261.868 / Time: 0h:0m:12s (0h:0m:0s left)
TREE SEARCH COMPLETED AFTER 141 ITERATIONS / Time: 0h:0m:12s

--------------------------------------------------------------------
|                    FINALIZING TREE SEARCH                        |
--------------------------------------------------------------------
Performs final model parameters optimization
Estimate model parameters (epsilon = 0.010)
1. Initial log-likelihood: -4261.834
Optimal log-likelihood: -4261.833
Rate parameters:  A-C: 1.51040  A-G: 4.73453  A-T: 0.93900  C-G: 1.00444  C-T: 6.27583  G-T: 1.00000
Base frequencies:  A: 0.160  C: 0.299  G: 0.356  T: 0.186
Gamma shape alpha: 0.479
Parameters optimization took 1 rounds (0.008 sec)
BEST SCORE FOUND : -4261.833
Total tree length: 2.177

Total number of iterations: 141
CPU time used for tree search: 99.403 sec (0h:1m:39s)
Wall-clock time used for tree search: 12.446 sec (0h:0m:12s)
Total CPU time used: 99.928 sec (0h:1m:39s)
Total wall-clock time used: 12.512 sec (0h:0m:12s)

Analysis results written to: 
  IQ-TREE report:                /workspace/IQTree_8_cores_TarvD7_Results/ENSG00000183011.nuc.ord.iqtree
  Maximum-likelihood tree:       /workspace/IQTree_8_cores_TarvD7_Results/ENSG00000183011.nuc.ord.treefile
  Likelihood distances:          /workspace/IQTree_8_cores_TarvD7_Results/ENSG00000183011.nuc.ord.mldist
  Screen log file:               /workspace/IQTree_8_cores_TarvD7_Results/ENSG00000183011.nuc.ord.log

Date and Time: Wed May 27 08:46:52 2026
