IQ-TREE version 3.1.2 for Linux x86 64-bit built May  7 2026
Developed by Bui Quang Minh, Thomas Wong, Nhan Ly-Trong, Huaiyan Ren
Contributed by Lam-Tung Nguyen, Dominik Schrempf, Chris Bielow,
Olga Chernomor, Michael Woodhams, Diep Thi Hoang, Heiko Schmidt

Host:    8084c4e79f09 (AVX512, FMA3, 1133 GB RAM)
Command: /workspace/iqtree-3.1.2-Linux/bin/iqtree3_intel -s /workspace/NeuralNJ/empirical/TarvD7/ENSG00000134042.nuc.ord.aln -st DNA -m GTR+G -T 8 -seed 2201 -pre /workspace/IQTree_8_cores_TarvD7_Results/ENSG00000134042.nuc.ord -quiet
Seed:    2201 (Using SPRNG - Scalable Parallel Random Number Generator)
Time:    Tue May 26 14:10:43 2026
Kernel:  AVX+FMA - 8 threads (384 CPU cores detected)

Reading alignment file /workspace/NeuralNJ/empirical/TarvD7/ENSG00000134042.nuc.ord.aln ... Fasta format detected
Reading fasta file: done in 0.000351906 secs using 12.5% CPU
Alignment most likely contains DNA/RNA sequences
Constructing alignment: done in 0.00147009 secs using 713.6% CPU
Alignment has 33 sequences with 1095 columns, 637 distinct patterns
393 parsimony-informative, 194 singleton sites, 508 constant sites
                   Gap/Ambiguity  Composition  p-value
Analyzing sequences: done in 2.40803e-05 secs using 203.5% CPU
   1  P001_Platypus       31.51%    passed     88.26%
   2  P002_Opossum        29.59%    passed      9.83%
   3  P003_Wallaby        44.93%    passed     42.71%
   4  P004_Tenrec         35.89%    passed      9.52%
   5  P005_Rock_hyrax     46.58%    passed     85.96%
   6  P006_Elephant       60.27%    passed     38.77%
   7  P008_Sloth          51.78%    passed     99.31%
   8  P009_Hedgehog       46.30%    passed     67.43%
   9  P010_Common_shrew   46.85%    passed     20.99%
  10  P011_Dolphin        65.48%    passed     91.70%
  11  P013_Pig            32.88%    passed     67.05%
  12  P014_Alpaca         32.05%    passed     84.06%
  13  P015_Horse          32.05%    passed     79.27%
  14  P016_Dog            30.41%    passed     97.04%
  15  P017_Cat            38.90%    passed     83.65%
  16  P018_Megabat        32.05%    passed     90.67%
  17  P019_Microbat       32.05%    passed     97.11%
  18  P020_Rabbit         46.58%    passed      5.83%
  19  P021_Pika           32.05%    passed      8.90%
  20  P022_Squirrel       32.88%    passed     83.37%
  21  P023_Guinea_pig     32.33%    passed     93.40%
  22  P024_Kangaroo_rat   41.10%    passed     99.68%
  23  P025_Mouse          32.60%    passed     49.95%
  24  P026_Rat            32.88%    passed     34.49%
  25  P027_Tree_shrew     46.58%    passed     77.32%
  26  P028_Bushbaby       49.59%    passed     79.41%
  27  P029_Mouse_lemur    33.70%    passed     94.05%
  28  P030_Tarsier        45.75%    passed     78.02%
  29  P031_Marmoset       29.04%    passed     63.43%
  30  P032_Rhesus         28.77%    passed     47.94%
  31  P033_Orangutan      32.05%    passed     29.04%
  32  P035_Chimp          32.05%    passed     54.37%
  33  P036_Human          28.22%    passed     68.52%
WARNING: 3 sequences contain more than 50% gaps/ambiguity
****  TOTAL               38.36%  0 sequences failed composition chi2 test (p-value<5%; df=3)
Checking for duplicate sequences: done in 0.000106812 secs using 784.6% CPU

Create initial parsimony tree by phylogenetic likelihood library (PLL)... 0.002 seconds

NOTE: 2 MB RAM (0 GB) is required!
WARNING: Number of threads seems too high for short alignments. Use -T AUTO to determine best number of threads.
Estimate model parameters (epsilon = 0.100)
1. Initial log-likelihood: -10309.182
2. Current log-likelihood: -9635.745
3. Current log-likelihood: -9626.643
Optimal log-likelihood: -9626.583
Rate parameters:  A-C: 1.53993  A-G: 4.77085  A-T: 0.72126  C-G: 1.13896  C-T: 5.45227  G-T: 1.00000
Base frequencies:  A: 0.278  C: 0.247  G: 0.245  T: 0.230
Gamma shape alpha: 0.922
Parameters optimization took 3 rounds (0.059 sec)
Wrote distance file to... 
Computing ML distances based on estimated model parameters...
Calculating distance matrix: done in 0.000609875 secs using 794.3% CPU
Computing ML distances took 0.000676 sec (of wall-clock time) 0.005136 sec (of CPU time)
Setting up auxiliary I and S matrices: done in 0.000155926 secs using 985.1% CPU
Constructing RapidNJ tree: done in 0.00177383 secs using 722.1% CPU
Computing RapidNJ tree took 0.001959 sec (of wall-clock time) 0.015043 sec (of CPU time)
Log-likelihood of RapidNJ tree: -9641.820
--------------------------------------------------------------------
|             INITIALIZING CANDIDATE TREE SET                      |
--------------------------------------------------------------------
Generating 98 parsimony trees... 0.188 second
Computing log-likelihood of 98 initial trees ... 0.404 seconds
Current best score: -9612.571

Do NNI search on 20 best initial trees
Estimate model parameters (epsilon = 0.100)
BETTER TREE FOUND at iteration 1: -9582.561
Estimate model parameters (epsilon = 0.100)
BETTER TREE FOUND at iteration 2: -9582.293
Iteration 10 / LogL: -9582.579 / Time: 0h:0m:1s
Iteration 20 / LogL: -9582.293 / Time: 0h:0m:2s
Finish initializing candidate tree set (5)
Current best tree score: -9582.293 / CPU time: 2.229
Number of iterations: 20
--------------------------------------------------------------------
|               OPTIMIZING CANDIDATE TREE SET                      |
--------------------------------------------------------------------
Estimate model parameters (epsilon = 0.100)
BETTER TREE FOUND at iteration 21: -9582.149
Iteration 30 / LogL: -9582.574 / Time: 0h:0m:3s (0h:0m:10s left)
Estimate model parameters (epsilon = 0.100)
BETTER TREE FOUND at iteration 37: -9581.213
Iteration 40 / LogL: -9582.318 / Time: 0h:0m:4s (0h:0m:10s left)
Iteration 50 / LogL: -9581.537 / Time: 0h:0m:5s (0h:0m:9s left)
Iteration 60 / LogL: -9582.318 / Time: 0h:0m:6s (0h:0m:7s left)
Iteration 70 / LogL: -9581.213 / Time: 0h:0m:6s (0h:0m:6s left)
Iteration 80 / LogL: -9581.538 / Time: 0h:0m:7s (0h:0m:5s left)
Iteration 90 / LogL: -9581.537 / Time: 0h:0m:8s (0h:0m:4s left)
Iteration 100 / LogL: -9581.215 / Time: 0h:0m:9s (0h:0m:3s left)
Iteration 110 / LogL: -9585.826 / Time: 0h:0m:10s (0h:0m:2s left)
Iteration 120 / LogL: -9582.323 / Time: 0h:0m:11s (0h:0m:1s left)
Iteration 130 / LogL: -9581.213 / Time: 0h:0m:12s (0h:0m:0s left)
TREE SEARCH COMPLETED AFTER 138 ITERATIONS / Time: 0h:0m:13s

--------------------------------------------------------------------
|                    FINALIZING TREE SEARCH                        |
--------------------------------------------------------------------
Performs final model parameters optimization
Estimate model parameters (epsilon = 0.010)
1. Initial log-likelihood: -9581.213
Optimal log-likelihood: -9581.212
Rate parameters:  A-C: 1.54865  A-G: 4.85085  A-T: 0.71113  C-G: 1.11031  C-T: 5.41488  G-T: 1.00000
Base frequencies:  A: 0.278  C: 0.247  G: 0.245  T: 0.230
Gamma shape alpha: 0.933
Parameters optimization took 1 rounds (0.009 sec)
BEST SCORE FOUND : -9581.212
Total tree length: 3.621

Total number of iterations: 138
CPU time used for tree search: 103.231 sec (0h:1m:43s)
Wall-clock time used for tree search: 12.946 sec (0h:0m:12s)
Total CPU time used: 104.056 sec (0h:1m:44s)
Total wall-clock time used: 13.047 sec (0h:0m:13s)

Analysis results written to: 
  IQ-TREE report:                /workspace/IQTree_8_cores_TarvD7_Results/ENSG00000134042.nuc.ord.iqtree
  Maximum-likelihood tree:       /workspace/IQTree_8_cores_TarvD7_Results/ENSG00000134042.nuc.ord.treefile
  Likelihood distances:          /workspace/IQTree_8_cores_TarvD7_Results/ENSG00000134042.nuc.ord.mldist
  Screen log file:               /workspace/IQTree_8_cores_TarvD7_Results/ENSG00000134042.nuc.ord.log

Date and Time: Tue May 26 14:10:56 2026
