IQ-TREE version 3.1.2 for Linux x86 64-bit built May  7 2026
Developed by Bui Quang Minh, Thomas Wong, Nhan Ly-Trong, Huaiyan Ren
Contributed by Lam-Tung Nguyen, Dominik Schrempf, Chris Bielow,
Olga Chernomor, Michael Woodhams, Diep Thi Hoang, Heiko Schmidt

Host:    8084c4e79f09 (AVX512, FMA3, 1133 GB RAM)
Command: /workspace/iqtree-3.1.2-Linux/bin/iqtree3_intel -s /workspace/NeuralNJ/empirical/TarvD7/ENSG00000162999.nuc.ord.aln -st DNA -m GTR+G -T 8 -seed 2201 -pre /workspace/IQTree_8_cores_TarvD7_Results/ENSG00000162999.nuc.ord -quiet
Seed:    2201 (Using SPRNG - Scalable Parallel Random Number Generator)
Time:    Wed May 27 00:29:45 2026
Kernel:  AVX+FMA - 8 threads (384 CPU cores detected)

Reading alignment file /workspace/NeuralNJ/empirical/TarvD7/ENSG00000162999.nuc.ord.aln ... Fasta format detected
Reading fasta file: done in 0.000432968 secs using 24.94% CPU
Alignment most likely contains DNA/RNA sequences
Constructing alignment: done in 0.00149703 secs using 804.5% CPU
Alignment has 35 sequences with 738 columns, 478 distinct patterns
273 parsimony-informative, 139 singleton sites, 326 constant sites
                   Gap/Ambiguity  Composition  p-value
Analyzing sequences: done in 2.21729e-05 secs using 99.22% CPU
   1  P001_Platypus       42.28%    failed      0.00%
   2  P002_Opossum        17.89%    passed     70.42%
   3  P003_Wallaby        34.15%    passed     52.08%
   4  P004_Tenrec         13.41%    passed     99.11%
   5  P005_Rock_hyrax     10.16%    passed     92.15%
   6  P006_Elephant       10.98%    passed     79.82%
   7  P007_Armadillo      16.67%    passed     51.96%
   8  P008_Sloth          42.28%    passed     42.20%
   9  P009_Hedgehog       17.48%    passed     68.96%
  10  P010_Common_shrew   13.01%    passed     62.37%
  11  P011_Dolphin        21.54%    passed     53.48%
  12  P012_Cow             7.72%    passed     65.30%
  13  P013_Pig            38.21%    passed     37.56%
  14  P014_Alpaca         11.79%    passed     72.13%
  15  P015_Horse          11.79%    passed     75.56%
  16  P016_Dog            14.23%    failed      1.43%
  17  P017_Cat            32.52%    passed     58.52%
  18  P018_Megabat        22.36%    passed     75.75%
  19  P019_Microbat       10.16%    passed     81.30%
  20  P020_Rabbit         10.16%    passed     62.93%
  21  P021_Pika           30.89%    passed     82.51%
  22  P022_Squirrel       10.16%    passed     74.29%
  23  P023_Guinea_pig      7.72%    passed     33.63%
  24  P024_Kangaroo_rat   11.79%    passed     88.13%
  25  P025_Mouse          10.57%    failed      2.57%
  26  P026_Rat            10.57%    failed      0.73%
  27  P028_Bushbaby       10.57%    passed     54.52%
  28  P029_Mouse_lemur    48.78%    passed     74.86%
  29  P030_Tarsier        10.16%    passed     99.59%
  30  P031_Marmoset       11.79%    passed     63.14%
  31  P032_Rhesus         11.79%    passed     75.91%
  32  P033_Orangutan      32.52%    passed     83.13%
  33  P034_Gorilla        16.26%    passed     81.72%
  34  P035_Chimp          32.52%    passed     79.72%
  35  P036_Human          11.79%    passed     59.88%
****  TOTAL               19.05%  4 sequences failed composition chi2 test (p-value<5%; df=3)
Checking for duplicate sequences: done in 0.000164986 secs using 797% CPU

Create initial parsimony tree by phylogenetic likelihood library (PLL)... 0.003 seconds

NOTE: 2 MB RAM (0 GB) is required!
WARNING: Number of threads seems too high for short alignments. Use -T AUTO to determine best number of threads.
Estimate model parameters (epsilon = 0.100)
1. Initial log-likelihood: -6662.252
2. Current log-likelihood: -6323.066
3. Current log-likelihood: -6318.483
Optimal log-likelihood: -6318.413
Rate parameters:  A-C: 2.21475  A-G: 4.84262  A-T: 0.79398  C-G: 2.00383  C-T: 5.60422  G-T: 1.00000
Base frequencies:  A: 0.295  C: 0.189  G: 0.243  T: 0.273
Gamma shape alpha: 0.587
Parameters optimization took 3 rounds (0.096 sec)
Wrote distance file to... 
Computing ML distances based on estimated model parameters...
Calculating distance matrix: done in 0.000920057 secs using 713.5% CPU
Computing ML distances took 0.000994 sec (of wall-clock time) 0.006931 sec (of CPU time)
Setting up auxiliary I and S matrices: done in 0.00019002 secs using 1104% CPU
Constructing RapidNJ tree: done in 0.00242281 secs using 792.3% CPU
Computing RapidNJ tree took 0.002674 sec (of wall-clock time) 0.023660 sec (of CPU time)
Log-likelihood of RapidNJ tree: -6359.435
--------------------------------------------------------------------
|             INITIALIZING CANDIDATE TREE SET                      |
--------------------------------------------------------------------
Generating 98 parsimony trees... 0.155 second
Computing log-likelihood of 98 initial trees ... 0.512 seconds
Current best score: -6307.815

Do NNI search on 20 best initial trees
Estimate model parameters (epsilon = 0.100)
BETTER TREE FOUND at iteration 1: -6295.464
Estimate model parameters (epsilon = 0.100)
BETTER TREE FOUND at iteration 2: -6294.328
Estimate model parameters (epsilon = 0.100)
BETTER TREE FOUND at iteration 5: -6293.103
Estimate model parameters (epsilon = 0.100)
BETTER TREE FOUND at iteration 7: -6293.018
Iteration 10 / LogL: -6296.749 / Time: 0h:0m:1s
Estimate model parameters (epsilon = 0.100)
BETTER TREE FOUND at iteration 18: -6292.583
UPDATE BEST LOG-LIKELIHOOD: -6292.583
Iteration 20 / LogL: -6298.341 / Time: 0h:0m:2s
Finish initializing candidate tree set (18)
Current best tree score: -6292.583 / CPU time: 2.757
Number of iterations: 20
--------------------------------------------------------------------
|               OPTIMIZING CANDIDATE TREE SET                      |
--------------------------------------------------------------------
Estimate model parameters (epsilon = 0.100)
BETTER TREE FOUND at iteration 26: -6291.230
UPDATE BEST LOG-LIKELIHOOD: -6291.230
Iteration 30 / LogL: -6291.230 / Time: 0h:0m:4s (0h:0m:13s left)
Iteration 40 / LogL: -6315.483 / Time: 0h:0m:5s (0h:0m:12s left)
BETTER TREE FOUND at iteration 47: -6291.230
Iteration 50 / LogL: -6292.585 / Time: 0h:0m:6s (0h:0m:13s left)
UPDATE BEST LOG-LIKELIHOOD: -6291.230
Iteration 60 / LogL: -6291.231 / Time: 0h:0m:7s (0h:0m:11s left)
Iteration 70 / LogL: -6294.334 / Time: 0h:0m:9s (0h:0m:10s left)
Iteration 80 / LogL: -6291.231 / Time: 0h:0m:10s (0h:0m:8s left)
Iteration 90 / LogL: -6292.413 / Time: 0h:0m:11s (0h:0m:7s left)
Iteration 100 / LogL: -6292.415 / Time: 0h:0m:12s (0h:0m:5s left)
Iteration 110 / LogL: -6291.231 / Time: 0h:0m:13s (0h:0m:4s left)
Iteration 120 / LogL: -6291.232 / Time: 0h:0m:14s (0h:0m:3s left)
Iteration 130 / LogL: -6294.296 / Time: 0h:0m:15s (0h:0m:2s left)
Iteration 140 / LogL: -6292.418 / Time: 0h:0m:17s (0h:0m:0s left)
TREE SEARCH COMPLETED AFTER 148 ITERATIONS / Time: 0h:0m:17s

--------------------------------------------------------------------
|                    FINALIZING TREE SEARCH                        |
--------------------------------------------------------------------
Performs final model parameters optimization
Estimate model parameters (epsilon = 0.010)
1. Initial log-likelihood: -6291.230
Optimal log-likelihood: -6291.230
Rate parameters:  A-C: 2.24826  A-G: 5.14552  A-T: 0.81909  C-G: 2.09596  C-T: 5.68148  G-T: 1.00000
Base frequencies:  A: 0.295  C: 0.189  G: 0.243  T: 0.273
Gamma shape alpha: 0.589
Parameters optimization took 1 rounds (0.007 sec)
BEST SCORE FOUND : -6291.230
Total tree length: 2.703

Total number of iterations: 148
CPU time used for tree search: 141.510 sec (0h:2m:21s)
Wall-clock time used for tree search: 17.737 sec (0h:0m:17s)
Total CPU time used: 142.614 sec (0h:2m:22s)
Total wall-clock time used: 17.876 sec (0h:0m:17s)

Analysis results written to: 
  IQ-TREE report:                /workspace/IQTree_8_cores_TarvD7_Results/ENSG00000162999.nuc.ord.iqtree
  Maximum-likelihood tree:       /workspace/IQTree_8_cores_TarvD7_Results/ENSG00000162999.nuc.ord.treefile
  Likelihood distances:          /workspace/IQTree_8_cores_TarvD7_Results/ENSG00000162999.nuc.ord.mldist
  Screen log file:               /workspace/IQTree_8_cores_TarvD7_Results/ENSG00000162999.nuc.ord.log

Date and Time: Wed May 27 00:30:03 2026
