IQ-TREE version 3.1.2 for Linux x86 64-bit built May  7 2026
Developed by Bui Quang Minh, Thomas Wong, Nhan Ly-Trong, Huaiyan Ren
Contributed by Lam-Tung Nguyen, Dominik Schrempf, Chris Bielow,
Olga Chernomor, Michael Woodhams, Diep Thi Hoang, Heiko Schmidt

Host:    8084c4e79f09 (AVX512, FMA3, 1133 GB RAM)
Command: /workspace/iqtree-3.1.2-Linux/bin/iqtree3_intel -s /workspace/NeuralNJ/empirical/TarvD7/ENSG00000138785.nuc.ord.aln -st DNA -m GTR+G -T 8 -seed 2201 -pre /workspace/IQTree_8_cores_TarvD7_Results/ENSG00000138785.nuc.ord -quiet
Seed:    2201 (Using SPRNG - Scalable Parallel Random Number Generator)
Time:    Tue May 26 16:41:45 2026
Kernel:  AVX+FMA - 8 threads (384 CPU cores detected)

Reading alignment file /workspace/NeuralNJ/empirical/TarvD7/ENSG00000138785.nuc.ord.aln ... Fasta format detected
Reading fasta file: done in 0.000468016 secs using 79.91% CPU
Alignment most likely contains DNA/RNA sequences
Constructing alignment: done in 0.00190115 secs using 551.7% CPU
Alignment has 34 sequences with 1395 columns, 810 distinct patterns
554 parsimony-informative, 196 singleton sites, 645 constant sites
                   Gap/Ambiguity  Composition  p-value
Analyzing sequences: done in 3.31402e-05 secs using 84.49% CPU
   1  P001_Platypus       42.15%    failed      0.01%
   2  P002_Opossum         0.65%    passed     32.03%
   3  P003_Wallaby        21.51%    passed     79.31%
   4  P004_Tenrec         12.47%    passed     84.35%
   5  P005_Rock_hyrax      0.65%    passed     76.23%
   6  P006_Elephant       19.14%    passed     80.49%
   7  P007_Armadillo      65.38%    passed     32.09%
   8  P008_Sloth           0.65%    passed     55.08%
   9  P009_Hedgehog       47.10%    failed      0.00%
  10  P010_Common_shrew   43.66%    failed      0.00%
  11  P011_Dolphin         1.51%    passed     40.73%
  12  P012_Cow            42.15%    passed     45.13%
  13  P014_Alpaca          0.65%    passed     43.86%
  14  P015_Horse           0.65%    failed      2.54%
  15  P016_Dog             0.65%    passed     33.88%
  16  P018_Megabat         0.65%    passed     42.04%
  17  P019_Microbat       25.59%    passed     32.70%
  18  P020_Rabbit          0.65%    passed     34.50%
  19  P021_Pika            0.65%    passed     47.98%
  20  P022_Squirrel       60.00%    passed      8.73%
  21  P023_Guinea_pig      0.65%    failed      0.00%
  22  P024_Kangaroo_rat   12.26%    passed     38.32%
  23  P025_Mouse           0.86%    passed     97.88%
  24  P026_Rat             0.86%    passed     62.87%
  25  P027_Tree_shrew      3.44%    failed      3.14%
  26  P028_Bushbaby       36.56%    passed     21.92%
  27  P029_Mouse_lemur    27.53%    passed     91.57%
  28  P030_Tarsier         1.08%    failed      0.72%
  29  P031_Marmoset        0.65%    passed     14.97%
  30  P032_Rhesus          0.65%    passed     15.90%
  31  P033_Orangutan       0.65%    passed     27.34%
  32  P034_Gorilla        15.70%    passed     31.49%
  33  P035_Chimp           0.65%    passed     16.82%
  34  P036_Human           0.65%    passed     18.50%
WARNING: 2 sequences contain more than 50% gaps/ambiguity
****  TOTAL               14.37%  7 sequences failed composition chi2 test (p-value<5%; df=3)
Checking for duplicate sequences: done in 0.000117064 secs using 339.1% CPU

Create initial parsimony tree by phylogenetic likelihood library (PLL)... 0.002 seconds

NOTE: 3 MB RAM (0 GB) is required!
Estimate model parameters (epsilon = 0.100)
1. Initial log-likelihood: -13275.938
2. Current log-likelihood: -12350.720
3. Current log-likelihood: -12335.720
4. Current log-likelihood: -12335.416
Optimal log-likelihood: -12335.382
Rate parameters:  A-C: 1.01777  A-G: 5.94155  A-T: 0.77145  C-G: 1.37628  C-T: 5.54472  G-T: 1.00000
Base frequencies:  A: 0.313  C: 0.242  G: 0.222  T: 0.223
Gamma shape alpha: 0.399
Parameters optimization took 4 rounds (0.100 sec)
Wrote distance file to... 
Computing ML distances based on estimated model parameters...
Calculating distance matrix: done in 0.000570059 secs using 801% CPU
Computing ML distances took 0.000648 sec (of wall-clock time) 0.004941 sec (of CPU time)
Setting up auxiliary I and S matrices: done in 0.000138044 secs using 993.9% CPU
Constructing RapidNJ tree: done in 0.00187612 secs using 877.3% CPU
Computing RapidNJ tree took 0.002061 sec (of wall-clock time) 0.018264 sec (of CPU time)
Log-likelihood of RapidNJ tree: -12359.347
--------------------------------------------------------------------
|             INITIALIZING CANDIDATE TREE SET                      |
--------------------------------------------------------------------
Generating 98 parsimony trees... 0.226 second
Computing log-likelihood of 98 initial trees ... 0.496 seconds
Current best score: -12335.382

Do NNI search on 20 best initial trees
Estimate model parameters (epsilon = 0.100)
BETTER TREE FOUND at iteration 1: -12300.465
Iteration 10 / LogL: -12320.105 / Time: 0h:0m:1s
Estimate model parameters (epsilon = 0.100)
BETTER TREE FOUND at iteration 17: -12293.955
Iteration 20 / LogL: -12299.517 / Time: 0h:0m:2s
Finish initializing candidate tree set (9)
Current best tree score: -12293.955 / CPU time: 2.124
Number of iterations: 20
--------------------------------------------------------------------
|               OPTIMIZING CANDIDATE TREE SET                      |
--------------------------------------------------------------------
Estimate model parameters (epsilon = 0.100)
BETTER TREE FOUND at iteration 28: -12293.095
Iteration 30 / LogL: -12294.215 / Time: 0h:0m:3s (0h:0m:10s left)
Iteration 40 / LogL: -12293.138 / Time: 0h:0m:3s (0h:0m:8s left)
Estimate model parameters (epsilon = 0.100)
UPDATE BEST LOG-LIKELIHOOD: -12292.998
Estimate model parameters (epsilon = 0.100)
BETTER TREE FOUND at iteration 47: -12289.950
Iteration 50 / LogL: -12293.166 / Time: 0h:0m:4s (0h:0m:9s left)
Estimate model parameters (epsilon = 0.100)
BETTER TREE FOUND at iteration 52: -12282.817
Iteration 60 / LogL: -12283.509 / Time: 0h:0m:5s (0h:0m:8s left)
Iteration 70 / LogL: -12283.326 / Time: 0h:0m:6s (0h:0m:7s left)
Iteration 80 / LogL: -12287.969 / Time: 0h:0m:7s (0h:0m:6s left)
Iteration 90 / LogL: -12286.700 / Time: 0h:0m:7s (0h:0m:5s left)
Iteration 100 / LogL: -12286.485 / Time: 0h:0m:8s (0h:0m:4s left)
Iteration 110 / LogL: -12288.077 / Time: 0h:0m:9s (0h:0m:3s left)
Iteration 120 / LogL: -12283.680 / Time: 0h:0m:10s (0h:0m:2s left)
Iteration 130 / LogL: -12283.358 / Time: 0h:0m:11s (0h:0m:1s left)
Iteration 140 / LogL: -12286.483 / Time: 0h:0m:12s (0h:0m:1s left)
UPDATE BEST LOG-LIKELIHOOD: -12282.816
Iteration 150 / LogL: -12282.946 / Time: 0h:0m:12s (0h:0m:0s left)
TREE SEARCH COMPLETED AFTER 153 ITERATIONS / Time: 0h:0m:13s

--------------------------------------------------------------------
|                    FINALIZING TREE SEARCH                        |
--------------------------------------------------------------------
Performs final model parameters optimization
Estimate model parameters (epsilon = 0.010)
1. Initial log-likelihood: -12282.816
Optimal log-likelihood: -12282.815
Rate parameters:  A-C: 1.00854  A-G: 5.92312  A-T: 0.72454  C-G: 1.27648  C-T: 5.57911  G-T: 1.00000
Base frequencies:  A: 0.313  C: 0.242  G: 0.222  T: 0.223
Gamma shape alpha: 0.401
Parameters optimization took 1 rounds (0.010 sec)
BEST SCORE FOUND : -12282.815
Total tree length: 2.875

Total number of iterations: 153
CPU time used for tree search: 102.972 sec (0h:1m:42s)
Wall-clock time used for tree search: 12.964 sec (0h:0m:12s)
Total CPU time used: 104.112 sec (0h:1m:44s)
Total wall-clock time used: 13.107 sec (0h:0m:13s)

Analysis results written to: 
  IQ-TREE report:                /workspace/IQTree_8_cores_TarvD7_Results/ENSG00000138785.nuc.ord.iqtree
  Maximum-likelihood tree:       /workspace/IQTree_8_cores_TarvD7_Results/ENSG00000138785.nuc.ord.treefile
  Likelihood distances:          /workspace/IQTree_8_cores_TarvD7_Results/ENSG00000138785.nuc.ord.mldist
  Screen log file:               /workspace/IQTree_8_cores_TarvD7_Results/ENSG00000138785.nuc.ord.log

Date and Time: Tue May 26 16:41:58 2026
