IQ-TREE version 3.1.2 for Linux x86 64-bit built May  7 2026
Developed by Bui Quang Minh, Thomas Wong, Nhan Ly-Trong, Huaiyan Ren
Contributed by Lam-Tung Nguyen, Dominik Schrempf, Chris Bielow,
Olga Chernomor, Michael Woodhams, Diep Thi Hoang, Heiko Schmidt

Host:    8084c4e79f09 (AVX512, FMA3, 1133 GB RAM)
Command: /workspace/iqtree-3.1.2-Linux/bin/iqtree3_intel -s /workspace/NeuralNJ/empirical/TarvD7/ENSG00000164690.nuc.ord.aln -st DNA -m GTR+G -T 8 -seed 2201 -pre /workspace/IQTree_8_cores_TarvD7_Results/ENSG00000164690.nuc.ord -quiet
Seed:    2201 (Using SPRNG - Scalable Parallel Random Number Generator)
Time:    Wed May 27 01:58:42 2026
Kernel:  AVX+FMA - 8 threads (384 CPU cores detected)

Reading alignment file /workspace/NeuralNJ/empirical/TarvD7/ENSG00000164690.nuc.ord.aln ... Fasta format detected
Reading fasta file: done in 0.000538826 secs using 28.58% CPU
Alignment most likely contains DNA/RNA sequences
Constructing alignment: done in 0.00271702 secs using 723.8% CPU
Alignment has 27 sequences with 2136 columns, 838 distinct patterns
364 parsimony-informative, 325 singleton sites, 1447 constant sites
                   Gap/Ambiguity  Composition  p-value
Analyzing sequences: done in 1.69277e-05 secs using 354.4% CPU
   1  P002_Opossum        42.56%    failed      0.18%
   2  P003_Wallaby        52.39%    passed     28.70%
   3  P004_Tenrec         41.15%    passed     48.82%
   4  P005_Rock_hyrax     53.79%    passed     14.53%
   5  P006_Elephant       49.58%    passed     40.34%
   6  P007_Armadillo      69.10%    passed      6.71%
   7  P008_Sloth          65.87%    passed     64.07%
   8  P011_Dolphin        36.94%    passed     79.19%
   9  P012_Cow            79.49%    passed     50.58%
  10  P013_Pig            41.43%    passed     99.91%
  11  P015_Horse          53.93%    passed     61.56%
  12  P016_Dog            35.25%    passed     27.75%
  13  P018_Megabat        51.97%    failed      1.08%
  14  P019_Microbat       60.11%    passed     76.39%
  15  P020_Rabbit         37.08%    passed     90.73%
  16  P023_Guinea_pig     34.83%    passed     86.78%
  17  P024_Kangaroo_rat   69.24%    passed     23.12%
  18  P025_Mouse          38.62%    passed     22.17%
  19  P026_Rat            38.62%    passed     11.22%
  20  P028_Bushbaby       51.69%    passed     43.30%
  21  P029_Mouse_lemur    59.83%    failed      1.84%
  22  P031_Marmoset       35.11%    passed     81.08%
  23  P032_Rhesus         34.69%    passed     94.66%
  24  P033_Orangutan      35.39%    passed     66.88%
  25  P034_Gorilla        42.98%    passed     12.22%
  26  P035_Chimp          49.72%    passed     55.10%
  27  P036_Human          35.11%    passed     92.03%
WARNING: 11 sequences contain more than 50% gaps/ambiguity
****  TOTAL               48.02%  3 sequences failed composition chi2 test (p-value<5%; df=3)
Checking for duplicate sequences: done in 9.60827e-05 secs using 813.9% CPU

Create initial parsimony tree by phylogenetic likelihood library (PLL)... 0.001 seconds

NOTE: 2 MB RAM (0 GB) is required!
Estimate model parameters (epsilon = 0.100)
1. Initial log-likelihood: -10657.910
2. Current log-likelihood: -10080.035
3. Current log-likelihood: -10069.577
4. Current log-likelihood: -10069.103
Optimal log-likelihood: -10069.092
Rate parameters:  A-C: 1.31825  A-G: 3.10620  A-T: 0.92615  C-G: 1.38747  C-T: 4.11271  G-T: 1.00000
Base frequencies:  A: 0.180  C: 0.325  G: 0.341  T: 0.154
Gamma shape alpha: 0.419
Parameters optimization took 4 rounds (0.076 sec)
Wrote distance file to... 
Computing ML distances based on estimated model parameters...
Calculating distance matrix: done in 0.000576973 secs using 806.1% CPU
Computing ML distances took 0.000684 sec (of wall-clock time) 0.005318 sec (of CPU time)
Setting up auxiliary I and S matrices: done in 0.000108004 secs using 1092% CPU
Constructing RapidNJ tree: done in 0.00228286 secs using 879.6% CPU
Computing RapidNJ tree took 0.002419 sec (of wall-clock time) 0.022222 sec (of CPU time)
Log-likelihood of RapidNJ tree: -10106.947
--------------------------------------------------------------------
|             INITIALIZING CANDIDATE TREE SET                      |
--------------------------------------------------------------------
Generating 98 parsimony trees... 0.198 second
Computing log-likelihood of 98 initial trees ... 0.549 seconds
Current best score: -10069.092

Do NNI search on 20 best initial trees
Estimate model parameters (epsilon = 0.100)
BETTER TREE FOUND at iteration 1: -10055.347
Estimate model parameters (epsilon = 0.100)
BETTER TREE FOUND at iteration 2: -10052.261
Estimate model parameters (epsilon = 0.100)
BETTER TREE FOUND at iteration 8: -10048.683
Iteration 10 / LogL: -10054.246 / Time: 0h:0m:1s
Iteration 20 / LogL: -10055.379 / Time: 0h:0m:2s
Finish initializing candidate tree set (7)
Current best tree score: -10048.683 / CPU time: 2.704
Number of iterations: 20
--------------------------------------------------------------------
|               OPTIMIZING CANDIDATE TREE SET                      |
--------------------------------------------------------------------
Iteration 30 / LogL: -10054.245 / Time: 0h:0m:3s (0h:0m:10s left)
Iteration 40 / LogL: -10049.977 / Time: 0h:0m:4s (0h:0m:8s left)
Iteration 50 / LogL: -10051.452 / Time: 0h:0m:5s (0h:0m:6s left)
Iteration 60 / LogL: -10048.684 / Time: 0h:0m:6s (0h:0m:5s left)
Iteration 70 / LogL: -10048.684 / Time: 0h:0m:7s (0h:0m:4s left)
Iteration 80 / LogL: -10048.686 / Time: 0h:0m:8s (0h:0m:2s left)
Iteration 90 / LogL: -10049.970 / Time: 0h:0m:9s (0h:0m:1s left)
Iteration 100 / LogL: -10055.338 / Time: 0h:0m:10s (0h:0m:0s left)
TREE SEARCH COMPLETED AFTER 109 ITERATIONS / Time: 0h:0m:11s

--------------------------------------------------------------------
|                    FINALIZING TREE SEARCH                        |
--------------------------------------------------------------------
Performs final model parameters optimization
Estimate model parameters (epsilon = 0.010)
1. Initial log-likelihood: -10048.683
Optimal log-likelihood: -10048.680
Rate parameters:  A-C: 1.33835  A-G: 3.17323  A-T: 0.94797  C-G: 1.40654  C-T: 4.26009  G-T: 1.00000
Base frequencies:  A: 0.180  C: 0.325  G: 0.341  T: 0.154
Gamma shape alpha: 0.424
Parameters optimization took 1 rounds (0.008 sec)
BEST SCORE FOUND : -10048.680
Total tree length: 1.900

Total number of iterations: 109
CPU time used for tree search: 79.101 sec (0h:1m:19s)
Wall-clock time used for tree search: 10.908 sec (0h:0m:10s)
Total CPU time used: 80.019 sec (0h:1m:20s)
Total wall-clock time used: 11.025 sec (0h:0m:11s)

Analysis results written to: 
  IQ-TREE report:                /workspace/IQTree_8_cores_TarvD7_Results/ENSG00000164690.nuc.ord.iqtree
  Maximum-likelihood tree:       /workspace/IQTree_8_cores_TarvD7_Results/ENSG00000164690.nuc.ord.treefile
  Likelihood distances:          /workspace/IQTree_8_cores_TarvD7_Results/ENSG00000164690.nuc.ord.mldist
  Screen log file:               /workspace/IQTree_8_cores_TarvD7_Results/ENSG00000164690.nuc.ord.log

Date and Time: Wed May 27 01:58:53 2026
