IQ-TREE version 3.1.2 for Linux x86 64-bit built May  7 2026
Developed by Bui Quang Minh, Thomas Wong, Nhan Ly-Trong, Huaiyan Ren
Contributed by Lam-Tung Nguyen, Dominik Schrempf, Chris Bielow,
Olga Chernomor, Michael Woodhams, Diep Thi Hoang, Heiko Schmidt

Host:    8084c4e79f09 (AVX512, FMA3, 1133 GB RAM)
Command: /workspace/iqtree-3.1.2-Linux/bin/iqtree3_intel -s /workspace/NeuralNJ/empirical/TarvD7/ENSG00000176974.nuc.ord.aln -st DNA -m GTR+G -T 8 -seed 2201 -pre /workspace/IQTree_8_cores_TarvD7_Results/ENSG00000176974.nuc.ord -quiet
Seed:    2201 (Using SPRNG - Scalable Parallel Random Number Generator)
Time:    Wed May 27 07:25:05 2026
Kernel:  AVX+FMA - 8 threads (384 CPU cores detected)

Reading alignment file /workspace/NeuralNJ/empirical/TarvD7/ENSG00000176974.nuc.ord.aln ... Fasta format detected
Reading fasta file: done in 0.000627041 secs using 25.04% CPU
Alignment most likely contains DNA/RNA sequences
Constructing alignment: done in 0.00289583 secs using 605.7% CPU
Alignment has 33 sequences with 2091 columns, 851 distinct patterns
594 parsimony-informative, 175 singleton sites, 1322 constant sites
                   Gap/Ambiguity  Composition  p-value
Analyzing sequences: done in 3.19481e-05 secs using 425.7% CPU
   1  P001_Platypus       30.56%    passed      7.48%
   2  P002_Opossum        30.56%    failed      0.46%
   3  P003_Wallaby        49.50%    failed      0.01%
   4  P004_Tenrec         31.28%    passed     13.26%
   5  P005_Rock_hyrax     50.65%    passed     65.84%
   6  P006_Elephant       38.74%    passed     69.78%
   7  P007_Armadillo      45.91%    passed     16.82%
   8  P008_Sloth          61.12%    failed      2.37%
   9  P009_Hedgehog       55.52%    passed     35.44%
  10  P010_Common_shrew   35.44%    passed     87.62%
  11  P011_Dolphin        30.56%    failed      0.00%
  12  P012_Cow            30.56%    failed      0.50%
  13  P015_Horse          30.42%    passed     91.97%
  14  P016_Dog            30.27%    passed     99.23%
  15  P017_Cat            35.15%    passed     52.71%
  16  P018_Megabat        44.19%    passed     95.28%
  17  P019_Microbat       30.70%    failed      3.21%
  18  P021_Pika           55.38%    passed      5.97%
  19  P022_Squirrel       39.02%    passed     22.58%
  20  P023_Guinea_pig     30.56%    passed     33.98%
  21  P024_Kangaroo_rat   30.42%    failed      1.24%
  22  P025_Mouse          31.42%    passed     11.64%
  23  P026_Rat             2.30%    failed      2.37%
  24  P027_Tree_shrew     37.73%    failed      0.71%
  25  P028_Bushbaby       46.34%    passed     89.37%
  26  P029_Mouse_lemur    30.70%    passed     91.90%
  27  P030_Tarsier        47.35%    passed     79.22%
  28  P031_Marmoset       30.70%    passed     97.68%
  29  P032_Rhesus         30.70%    passed     93.55%
  30  P033_Orangutan      30.70%    passed     99.22%
  31  P034_Gorilla        35.44%    passed     97.42%
  32  P035_Chimp          30.70%    passed     91.24%
  33  P036_Human          30.70%    passed     96.42%
WARNING: 4 sequences contain more than 50% gaps/ambiguity
****  TOTAL               36.40%  9 sequences failed composition chi2 test (p-value<5%; df=3)
Checking for duplicate sequences: done in 0.000117064 secs using 804.7% CPU

Create initial parsimony tree by phylogenetic likelihood library (PLL)... 0.002 seconds

NOTE: 3 MB RAM (0 GB) is required!
Estimate model parameters (epsilon = 0.100)
1. Initial log-likelihood: -16581.056
2. Current log-likelihood: -15297.132
3. Current log-likelihood: -15285.981
Optimal log-likelihood: -15285.918
Rate parameters:  A-C: 1.61674  A-G: 4.55609  A-T: 0.85589  C-G: 1.05803  C-T: 6.82608  G-T: 1.00000
Base frequencies:  A: 0.241  C: 0.273  G: 0.283  T: 0.203
Gamma shape alpha: 0.379
Parameters optimization took 3 rounds (0.055 sec)
Wrote distance file to... 
Computing ML distances based on estimated model parameters...
Calculating distance matrix: done in 0.000595093 secs using 832.5% CPU
Computing ML distances took 0.000678 sec (of wall-clock time) 0.005359 sec (of CPU time)
Setting up auxiliary I and S matrices: done in 0.000143051 secs using 869.6% CPU
Constructing RapidNJ tree: done in 0.00177813 secs using 644.8% CPU
Computing RapidNJ tree took 0.001957 sec (of wall-clock time) 0.015554 sec (of CPU time)
Log-likelihood of RapidNJ tree: -15286.460
--------------------------------------------------------------------
|             INITIALIZING CANDIDATE TREE SET                      |
--------------------------------------------------------------------
Generating 98 parsimony trees... 0.217 second
Computing log-likelihood of 98 initial trees ... 0.361 seconds
Current best score: -15285.918

Do NNI search on 20 best initial trees
Estimate model parameters (epsilon = 0.100)
BETTER TREE FOUND at iteration 1: -15270.048
Estimate model parameters (epsilon = 0.100)
BETTER TREE FOUND at iteration 2: -15252.319
Estimate model parameters (epsilon = 0.100)
BETTER TREE FOUND at iteration 3: -15245.144
Iteration 10 / LogL: -15253.908 / Time: 0h:0m:1s
Iteration 20 / LogL: -15261.050 / Time: 0h:0m:2s
Finish initializing candidate tree set (13)
Current best tree score: -15245.144 / CPU time: 2.128
Number of iterations: 20
--------------------------------------------------------------------
|               OPTIMIZING CANDIDATE TREE SET                      |
--------------------------------------------------------------------
Iteration 30 / LogL: -15248.890 / Time: 0h:0m:3s (0h:0m:7s left)
Iteration 40 / LogL: -15245.935 / Time: 0h:0m:3s (0h:0m:6s left)
Iteration 50 / LogL: -15245.887 / Time: 0h:0m:4s (0h:0m:4s left)
Iteration 60 / LogL: -15245.537 / Time: 0h:0m:5s (0h:0m:3s left)
Iteration 70 / LogL: -15245.176 / Time: 0h:0m:5s (0h:0m:2s left)
Iteration 80 / LogL: -15245.216 / Time: 0h:0m:6s (0h:0m:1s left)
Iteration 90 / LogL: -15249.500 / Time: 0h:0m:7s (0h:0m:1s left)
Iteration 100 / LogL: -15245.923 / Time: 0h:0m:8s (0h:0m:0s left)
TREE SEARCH COMPLETED AFTER 104 ITERATIONS / Time: 0h:0m:8s

--------------------------------------------------------------------
|                    FINALIZING TREE SEARCH                        |
--------------------------------------------------------------------
Performs final model parameters optimization
Estimate model parameters (epsilon = 0.010)
1. Initial log-likelihood: -15245.144
Optimal log-likelihood: -15245.143
Rate parameters:  A-C: 1.65546  A-G: 4.65102  A-T: 0.87214  C-G: 1.02277  C-T: 6.94779  G-T: 1.00000
Base frequencies:  A: 0.241  C: 0.273  G: 0.283  T: 0.203
Gamma shape alpha: 0.379
Parameters optimization took 1 rounds (0.010 sec)
BEST SCORE FOUND : -15245.143
Total tree length: 2.937

Total number of iterations: 104
CPU time used for tree search: 66.149 sec (0h:1m:6s)
Wall-clock time used for tree search: 8.334 sec (0h:0m:8s)
Total CPU time used: 66.871 sec (0h:1m:6s)
Total wall-clock time used: 8.424 sec (0h:0m:8s)

Analysis results written to: 
  IQ-TREE report:                /workspace/IQTree_8_cores_TarvD7_Results/ENSG00000176974.nuc.ord.iqtree
  Maximum-likelihood tree:       /workspace/IQTree_8_cores_TarvD7_Results/ENSG00000176974.nuc.ord.treefile
  Likelihood distances:          /workspace/IQTree_8_cores_TarvD7_Results/ENSG00000176974.nuc.ord.mldist
  Screen log file:               /workspace/IQTree_8_cores_TarvD7_Results/ENSG00000176974.nuc.ord.log

Date and Time: Wed May 27 07:25:13 2026
