IQ-TREE version 3.1.2 for Linux x86 64-bit built May  7 2026
Developed by Bui Quang Minh, Thomas Wong, Nhan Ly-Trong, Huaiyan Ren
Contributed by Lam-Tung Nguyen, Dominik Schrempf, Chris Bielow,
Olga Chernomor, Michael Woodhams, Diep Thi Hoang, Heiko Schmidt

Host:    8084c4e79f09 (AVX512, FMA3, 1133 GB RAM)
Command: /workspace/iqtree-3.1.2-Linux/bin/iqtree3_intel -s /workspace/NeuralNJ/empirical/TarvD7/ENSG00000158516.nuc.ord.aln -st DNA -m GTR+G -T 8 -seed 2201 -pre /workspace/IQTree_8_cores_TarvD7_Results/ENSG00000158516.nuc.ord -quiet
Seed:    2201 (Using SPRNG - Scalable Parallel Random Number Generator)
Time:    Tue May 26 23:07:21 2026
Kernel:  AVX+FMA - 8 threads (384 CPU cores detected)

Reading alignment file /workspace/NeuralNJ/empirical/TarvD7/ENSG00000158516.nuc.ord.aln ... Fasta format detected
Reading fasta file: done in 0.000591993 secs using 8.277% CPU
Alignment most likely contains DNA/RNA sequences
Constructing alignment: done in 0.00257802 secs using 705.7% CPU
Alignment has 32 sequences with 1311 columns, 936 distinct patterns
503 parsimony-informative, 340 singleton sites, 468 constant sites
                   Gap/Ambiguity  Composition  p-value
Analyzing sequences: done in 3.00407e-05 secs using 216.4% CPU
   1  P003_Wallaby        21.28%    passed     46.06%
   2  P004_Tenrec         28.38%    passed     12.06%
   3  P005_Rock_hyrax     28.38%    passed     97.10%
   4  P006_Elephant       12.13%    passed     76.55%
   5  P007_Armadillo      18.54%    passed     49.81%
   6  P008_Sloth           6.41%    passed     47.29%
   7  P009_Hedgehog       58.12%    passed     57.92%
   8  P010_Common_shrew   25.40%    passed     27.25%
   9  P011_Dolphin        10.53%    passed     25.56%
  10  P013_Pig             6.41%    failed      4.98%
  11  P014_Alpaca          4.58%    passed      9.15%
  12  P016_Dog             4.58%    passed     98.76%
  13  P017_Cat             4.81%    passed     91.63%
  14  P018_Megabat         5.03%    passed     46.82%
  15  P019_Microbat       12.13%    passed     91.62%
  16  P020_Rabbit         24.94%    failed      0.32%
  17  P021_Pika           18.31%    failed      2.36%
  18  P022_Squirrel       20.37%    passed     52.95%
  19  P023_Guinea_pig      4.58%    passed     86.38%
  20  P024_Kangaroo_rat   26.54%    passed     52.61%
  21  P025_Mouse           4.58%    passed     85.98%
  22  P026_Rat             4.58%    passed     99.92%
  23  P027_Tree_shrew     22.65%    passed     82.80%
  24  P028_Bushbaby        9.61%    passed     95.69%
  25  P029_Mouse_lemur     4.58%    passed     96.35%
  26  P030_Tarsier        35.01%    failed      0.18%
  27  P031_Marmoset        4.12%    passed     87.46%
  28  P032_Rhesus          9.61%    passed     94.01%
  29  P033_Orangutan       4.58%    passed     99.80%
  30  P034_Gorilla         5.03%    passed     99.88%
  31  P035_Chimp           4.58%    passed     99.99%
  32  P036_Human           4.12%    passed     99.90%
WARNING: 1 sequences contain more than 50% gaps/ambiguity
****  TOTAL               14.20%  4 sequences failed composition chi2 test (p-value<5%; df=3)
Checking for duplicate sequences: done in 0.000185966 secs using 795.3% CPU

Create initial parsimony tree by phylogenetic likelihood library (PLL)... 0.005 seconds

NOTE: 3 MB RAM (0 GB) is required!
Estimate model parameters (epsilon = 0.100)
1. Initial log-likelihood: -13488.242
2. Current log-likelihood: -12887.593
3. Current log-likelihood: -12883.699
Optimal log-likelihood: -12883.688
Rate parameters:  A-C: 1.40549  A-G: 2.78011  A-T: 0.55660  C-G: 0.96174  C-T: 4.28550  G-T: 1.00000
Base frequencies:  A: 0.267  C: 0.241  G: 0.246  T: 0.246
Gamma shape alpha: 0.810
Parameters optimization took 3 rounds (0.063 sec)
Wrote distance file to... 
Computing ML distances based on estimated model parameters...
Calculating distance matrix: done in 0.000746965 secs using 814.2% CPU
Computing ML distances took 0.000820 sec (of wall-clock time) 0.006503 sec (of CPU time)
Setting up auxiliary I and S matrices: done in 7.31945e-05 secs using 1331% CPU
Constructing RapidNJ tree: done in 0.0015471 secs using 916.7% CPU
Computing RapidNJ tree took 0.001683 sec (of wall-clock time) 0.015749 sec (of CPU time)
Log-likelihood of RapidNJ tree: -12927.514
--------------------------------------------------------------------
|             INITIALIZING CANDIDATE TREE SET                      |
--------------------------------------------------------------------
Generating 98 parsimony trees... 0.222 second
Computing log-likelihood of 98 initial trees ... 0.435 seconds
Current best score: -12882.528

Do NNI search on 20 best initial trees
Estimate model parameters (epsilon = 0.100)
BETTER TREE FOUND at iteration 1: -12856.617
Estimate model parameters (epsilon = 0.100)
BETTER TREE FOUND at iteration 2: -12856.604
Iteration 10 / LogL: -12860.556 / Time: 0h:0m:1s
Iteration 20 / LogL: -12856.638 / Time: 0h:0m:2s
Finish initializing candidate tree set (3)
Current best tree score: -12856.604 / CPU time: 2.343
Number of iterations: 20
--------------------------------------------------------------------
|               OPTIMIZING CANDIDATE TREE SET                      |
--------------------------------------------------------------------
Iteration 30 / LogL: -12856.687 / Time: 0h:0m:3s (0h:0m:8s left)
Iteration 40 / LogL: -12856.678 / Time: 0h:0m:4s (0h:0m:6s left)
Iteration 50 / LogL: -12856.633 / Time: 0h:0m:4s (0h:0m:5s left)
Iteration 60 / LogL: -12856.632 / Time: 0h:0m:5s (0h:0m:4s left)
Iteration 70 / LogL: -12856.618 / Time: 0h:0m:6s (0h:0m:3s left)
Iteration 80 / LogL: -12856.611 / Time: 0h:0m:7s (0h:0m:2s left)
Iteration 90 / LogL: -12856.793 / Time: 0h:0m:7s (0h:0m:1s left)
Iteration 100 / LogL: -12856.621 / Time: 0h:0m:8s (0h:0m:0s left)
TREE SEARCH COMPLETED AFTER 103 ITERATIONS / Time: 0h:0m:8s

--------------------------------------------------------------------
|                    FINALIZING TREE SEARCH                        |
--------------------------------------------------------------------
Performs final model parameters optimization
Estimate model parameters (epsilon = 0.010)
1. Initial log-likelihood: -12856.604
Optimal log-likelihood: -12856.604
Rate parameters:  A-C: 1.44446  A-G: 2.88617  A-T: 0.57044  C-G: 0.96499  C-T: 4.48296  G-T: 1.00000
Base frequencies:  A: 0.267  C: 0.241  G: 0.246  T: 0.246
Gamma shape alpha: 0.808
Parameters optimization took 1 rounds (0.009 sec)
BEST SCORE FOUND : -12856.604
Total tree length: 2.731

Total number of iterations: 103
CPU time used for tree search: 69.990 sec (0h:1m:9s)
Wall-clock time used for tree search: 8.827 sec (0h:0m:8s)
Total CPU time used: 70.847 sec (0h:1m:10s)
Total wall-clock time used: 8.933 sec (0h:0m:8s)

Analysis results written to: 
  IQ-TREE report:                /workspace/IQTree_8_cores_TarvD7_Results/ENSG00000158516.nuc.ord.iqtree
  Maximum-likelihood tree:       /workspace/IQTree_8_cores_TarvD7_Results/ENSG00000158516.nuc.ord.treefile
  Likelihood distances:          /workspace/IQTree_8_cores_TarvD7_Results/ENSG00000158516.nuc.ord.mldist
  Screen log file:               /workspace/IQTree_8_cores_TarvD7_Results/ENSG00000158516.nuc.ord.log

Date and Time: Tue May 26 23:07:30 2026
