IQ-TREE version 3.1.2 for Linux x86 64-bit built May  7 2026
Developed by Bui Quang Minh, Thomas Wong, Nhan Ly-Trong, Huaiyan Ren
Contributed by Lam-Tung Nguyen, Dominik Schrempf, Chris Bielow,
Olga Chernomor, Michael Woodhams, Diep Thi Hoang, Heiko Schmidt

Host:    8084c4e79f09 (AVX512, FMA3, 1133 GB RAM)
Command: /workspace/iqtree-3.1.2-Linux/bin/iqtree3_intel -s /workspace/NeuralNJ/empirical/TarvD7/ENSG00000159374.nuc.ord.aln -st DNA -m GTR+G -T 8 -seed 2201 -pre /workspace/IQTree_8_cores_TarvD7_Results/ENSG00000159374.nuc.ord -quiet
Seed:    2201 (Using SPRNG - Scalable Parallel Random Number Generator)
Time:    Tue May 26 23:23:57 2026
Kernel:  AVX+FMA - 8 threads (384 CPU cores detected)

Reading alignment file /workspace/NeuralNJ/empirical/TarvD7/ENSG00000159374.nuc.ord.aln ... Fasta format detected
Reading fasta file: done in 0.000598907 secs using 29.22% CPU
Alignment most likely contains DNA/RNA sequences
Constructing alignment: done in 0.00259995 secs using 617.4% CPU
Alignment has 34 sequences with 1800 columns, 1307 distinct patterns
895 parsimony-informative, 322 singleton sites, 583 constant sites
                   Gap/Ambiguity  Composition  p-value
Analyzing sequences: done in 5.50747e-05 secs using 666.4% CPU
   1  P001_Platypus       46.83%    failed      0.00%
   2  P002_Opossum        13.83%    passed     31.03%
   3  P003_Wallaby        13.50%    passed     85.57%
   4  P004_Tenrec         11.67%    passed     88.13%
   5  P005_Rock_hyrax     25.83%    failed      0.00%
   6  P006_Elephant       30.33%    passed     98.93%
   7  P007_Armadillo      36.00%    passed     84.40%
   8  P009_Hedgehog       25.50%    passed     16.78%
   9  P010_Common_shrew   21.67%    passed     36.25%
  10  P011_Dolphin        15.33%    passed     78.61%
  11  P012_Cow            11.83%    passed     50.88%
  12  P013_Pig             8.67%    passed      6.53%
  13  P014_Alpaca         12.00%    passed     39.16%
  14  P015_Horse          13.67%    passed     97.12%
  15  P016_Dog            11.67%    passed     97.77%
  16  P017_Cat            36.67%    passed     59.79%
  17  P018_Megabat        20.00%    passed     72.39%
  18  P020_Rabbit         20.33%    passed     14.77%
  19  P021_Pika           10.83%    passed     78.17%
  20  P022_Squirrel       37.17%    passed     27.73%
  21  P023_Guinea_pig     12.17%    passed     10.71%
  22  P024_Kangaroo_rat   32.17%    passed     23.38%
  23  P025_Mouse          11.83%    passed     97.03%
  24  P026_Rat            13.50%    passed     95.01%
  25  P027_Tree_shrew     31.00%    passed     93.07%
  26  P028_Bushbaby       21.67%    passed     80.85%
  27  P029_Mouse_lemur    30.33%    passed     36.05%
  28  P030_Tarsier        21.50%    passed     25.20%
  29  P031_Marmoset       11.67%    passed     69.19%
  30  P032_Rhesus         11.67%    passed     82.02%
  31  P033_Orangutan      12.17%    passed     96.00%
  32  P034_Gorilla        22.83%    passed     76.56%
  33  P035_Chimp          11.67%    passed     94.86%
  34  P036_Human          11.67%    passed     92.57%
****  TOTAL               19.98%  2 sequences failed composition chi2 test (p-value<5%; df=3)
Checking for duplicate sequences: done in 0.000143051 secs using 801.1% CPU

Create initial parsimony tree by phylogenetic likelihood library (PLL)... 0.003 seconds

NOTE: 5 MB RAM (0 GB) is required!
Estimate model parameters (epsilon = 0.100)
1. Initial log-likelihood: -21104.888
2. Current log-likelihood: -20059.895
3. Current log-likelihood: -20049.562
Optimal log-likelihood: -20049.486
Rate parameters:  A-C: 1.37369  A-G: 4.81282  A-T: 0.96387  C-G: 1.07942  C-T: 4.13348  G-T: 1.00000
Base frequencies:  A: 0.248  C: 0.288  G: 0.245  T: 0.219
Gamma shape alpha: 0.922
Parameters optimization took 3 rounds (0.078 sec)
Wrote distance file to... 
Computing ML distances based on estimated model parameters...
Calculating distance matrix: done in 0.000578165 secs using 802.9% CPU
Computing ML distances took 0.000662 sec (of wall-clock time) 0.005113 sec (of CPU time)
Setting up auxiliary I and S matrices: done in 8.39233e-05 secs using 1161% CPU
Constructing RapidNJ tree: done in 0.00175405 secs using 675.4% CPU
Computing RapidNJ tree took 0.001871 sec (of wall-clock time) 0.015753 sec (of CPU time)
Log-likelihood of RapidNJ tree: -20124.213
--------------------------------------------------------------------
|             INITIALIZING CANDIDATE TREE SET                      |
--------------------------------------------------------------------
Generating 98 parsimony trees... 0.328 second
Computing log-likelihood of 98 initial trees ... 0.517 seconds
Current best score: -20049.486

Do NNI search on 20 best initial trees
Estimate model parameters (epsilon = 0.100)
BETTER TREE FOUND at iteration 1: -20007.968
Estimate model parameters (epsilon = 0.100)
BETTER TREE FOUND at iteration 2: -20007.793
Iteration 10 / LogL: -20008.003 / Time: 0h:0m:1s
Iteration 20 / LogL: -20007.973 / Time: 0h:0m:2s
Finish initializing candidate tree set (7)
Current best tree score: -20007.793 / CPU time: 2.572
Number of iterations: 20
--------------------------------------------------------------------
|               OPTIMIZING CANDIDATE TREE SET                      |
--------------------------------------------------------------------
Estimate model parameters (epsilon = 0.100)
BETTER TREE FOUND at iteration 22: -20007.317
Iteration 30 / LogL: -20032.698 / Time: 0h:0m:3s (0h:0m:11s left)
Iteration 40 / LogL: -20007.881 / Time: 0h:0m:4s (0h:0m:9s left)
Iteration 50 / LogL: -20007.330 / Time: 0h:0m:5s (0h:0m:8s left)
Iteration 60 / LogL: -20007.328 / Time: 0h:0m:6s (0h:0m:6s left)
Iteration 70 / LogL: -20007.369 / Time: 0h:0m:7s (0h:0m:5s left)
Iteration 80 / LogL: -20014.825 / Time: 0h:0m:8s (0h:0m:4s left)
Iteration 90 / LogL: -20014.471 / Time: 0h:0m:9s (0h:0m:3s left)
Iteration 100 / LogL: -20020.115 / Time: 0h:0m:10s (0h:0m:2s left)
Iteration 110 / LogL: -20007.883 / Time: 0h:0m:11s (0h:0m:1s left)
Iteration 120 / LogL: -20021.091 / Time: 0h:0m:12s (0h:0m:0s left)
TREE SEARCH COMPLETED AFTER 123 ITERATIONS / Time: 0h:0m:12s

--------------------------------------------------------------------
|                    FINALIZING TREE SEARCH                        |
--------------------------------------------------------------------
Performs final model parameters optimization
Estimate model parameters (epsilon = 0.010)
1. Initial log-likelihood: -20007.317
Optimal log-likelihood: -20007.314
Rate parameters:  A-C: 1.41111  A-G: 4.94656  A-T: 1.00218  C-G: 1.08491  C-T: 4.20135  G-T: 1.00000
Base frequencies:  A: 0.248  C: 0.288  G: 0.245  T: 0.219
Gamma shape alpha: 0.931
Parameters optimization took 1 rounds (0.012 sec)
BEST SCORE FOUND : -20007.314
Total tree length: 4.043

Total number of iterations: 123
CPU time used for tree search: 96.067 sec (0h:1m:36s)
Wall-clock time used for tree search: 12.213 sec (0h:0m:12s)
Total CPU time used: 97.086 sec (0h:1m:37s)
Total wall-clock time used: 12.341 sec (0h:0m:12s)

Analysis results written to: 
  IQ-TREE report:                /workspace/IQTree_8_cores_TarvD7_Results/ENSG00000159374.nuc.ord.iqtree
  Maximum-likelihood tree:       /workspace/IQTree_8_cores_TarvD7_Results/ENSG00000159374.nuc.ord.treefile
  Likelihood distances:          /workspace/IQTree_8_cores_TarvD7_Results/ENSG00000159374.nuc.ord.mldist
  Screen log file:               /workspace/IQTree_8_cores_TarvD7_Results/ENSG00000159374.nuc.ord.log

Date and Time: Tue May 26 23:24:10 2026
