IQ-TREE version 3.1.2 for Linux x86 64-bit built May  7 2026
Developed by Bui Quang Minh, Thomas Wong, Nhan Ly-Trong, Huaiyan Ren
Contributed by Lam-Tung Nguyen, Dominik Schrempf, Chris Bielow,
Olga Chernomor, Michael Woodhams, Diep Thi Hoang, Heiko Schmidt

Host:    8084c4e79f09 (AVX512, FMA3, 1133 GB RAM)
Command: /workspace/iqtree-3.1.2-Linux/bin/iqtree3_intel -s /workspace/NeuralNJ/empirical/TarvD7/ENSG00000032444.nuc.ord.aln -st DNA -m GTR+G -T 8 -seed 2201 -pre /workspace/IQTree_8_cores_TarvD7_Results/ENSG00000032444.nuc.ord -quiet
Seed:    2201 (Using SPRNG - Scalable Parallel Random Number Generator)
Time:    Mon May 25 22:07:36 2026
Kernel:  AVX+FMA - 8 threads (384 CPU cores detected)

Reading alignment file /workspace/NeuralNJ/empirical/TarvD7/ENSG00000032444.nuc.ord.aln ... Fasta format detected
Reading fasta file: done in 0.00155497 secs using 96.47% CPU
Alignment most likely contains DNA/RNA sequences
Constructing alignment: done in 0.00808096 secs using 725.7% CPU
Alignment has 31 sequences with 5616 columns, 2235 distinct patterns
1277 parsimony-informative, 636 singleton sites, 3702 constant sites
                   Gap/Ambiguity  Composition  p-value
Analyzing sequences: done in 5.60284e-05 secs using 485.5% CPU
   1  P001_Platypus       40.38%    passed     62.89%
   2  P002_Opossum        35.79%    failed      0.01%
   3  P003_Wallaby        34.24%    failed      0.00%
   4  P004_Tenrec         61.65%    failed      0.50%
   5  P005_Rock_hyrax     36.43%    passed     53.07%
   6  P006_Elephant       63.94%    passed     75.35%
   7  P007_Armadillo      40.60%    passed     62.07%
   8  P010_Common_shrew   72.92%    passed     36.52%
   9  P011_Dolphin        31.57%    passed     21.99%
  10  P012_Cow            29.81%    passed     76.76%
  11  P013_Pig            27.14%    passed     86.53%
  12  P015_Horse          27.14%    failed      0.03%
  13  P016_Dog            30.18%    passed     47.61%
  14  P017_Cat            51.12%    passed     96.17%
  15  P018_Megabat        31.89%    passed     98.31%
  16  P019_Microbat       32.26%    passed     20.32%
  17  P020_Rabbit         50.27%    failed      0.03%
  18  P021_Pika           48.61%    failed      0.00%
  19  P022_Squirrel       54.86%    passed     50.96%
  20  P023_Guinea_pig     31.14%    passed     53.53%
  21  P024_Kangaroo_rat   37.66%    passed     97.87%
  22  P025_Mouse          29.11%    failed      0.00%
  23  P026_Rat            29.17%    failed      0.00%
  24  P028_Bushbaby       49.73%    failed      0.43%
  25  P029_Mouse_lemur    48.29%    passed     14.03%
  26  P031_Marmoset       27.08%    passed     63.73%
  27  P032_Rhesus         27.56%    failed      0.08%
  28  P033_Orangutan      26.98%    passed     21.24%
  29  P034_Gorilla        58.97%    passed     19.59%
  30  P035_Chimp          31.68%    passed     46.40%
  31  P036_Human          26.55%    passed     30.88%
WARNING: 7 sequences contain more than 50% gaps/ambiguity
****  TOTAL               39.51%  10 sequences failed composition chi2 test (p-value<5%; df=3)
Checking for duplicate sequences: done in 0.000182152 secs using 762% CPU

Create initial parsimony tree by phylogenetic likelihood library (PLL)... 0.003 seconds

NOTE: 9 MB RAM (0 GB) is required!
Estimate model parameters (epsilon = 0.100)
1. Initial log-likelihood: -38310.205
2. Current log-likelihood: -34914.486
3. Current log-likelihood: -34848.216
4. Current log-likelihood: -34846.431
Optimal log-likelihood: -34846.382
Rate parameters:  A-C: 1.24450  A-G: 4.16136  A-T: 1.32649  C-G: 0.73263  C-T: 5.49002  G-T: 1.00000
Base frequencies:  A: 0.190  C: 0.314  G: 0.311  T: 0.185
Gamma shape alpha: 0.287
Parameters optimization took 4 rounds (0.166 sec)
Wrote distance file to... 
Computing ML distances based on estimated model parameters...
Calculating distance matrix: done in 0.000540972 secs using 859% CPU
Computing ML distances took 0.000683 sec (of wall-clock time) 0.005442 sec (of CPU time)
Setting up auxiliary I and S matrices: done in 9.799e-05 secs using 909.3% CPU
Constructing RapidNJ tree: done in 0.002141 secs using 805.4% CPU
Computing RapidNJ tree took 0.002301 sec (of wall-clock time) 0.020838 sec (of CPU time)
Log-likelihood of RapidNJ tree: -34914.252
--------------------------------------------------------------------
|             INITIALIZING CANDIDATE TREE SET                      |
--------------------------------------------------------------------
Generating 98 parsimony trees... 0.456 second
Computing log-likelihood of 98 initial trees ... 0.693 seconds
Current best score: -34846.382

Do NNI search on 20 best initial trees
Estimate model parameters (epsilon = 0.100)
BETTER TREE FOUND at iteration 1: -34824.918
Iteration 10 / LogL: -34829.307 / Time: 0h:0m:2s
Estimate model parameters (epsilon = 0.100)
BETTER TREE FOUND at iteration 11: -34821.745
Iteration 20 / LogL: -34854.245 / Time: 0h:0m:3s
Finish initializing candidate tree set (11)
Current best tree score: -34821.745 / CPU time: 3.493
Number of iterations: 20
--------------------------------------------------------------------
|               OPTIMIZING CANDIDATE TREE SET                      |
--------------------------------------------------------------------
Iteration 30 / LogL: -34822.055 / Time: 0h:0m:4s (0h:0m:13s left)
Iteration 40 / LogL: -34828.066 / Time: 0h:0m:6s (0h:0m:11s left)
Iteration 50 / LogL: -34828.096 / Time: 0h:0m:7s (0h:0m:9s left)
Iteration 60 / LogL: -34825.739 / Time: 0h:0m:8s (0h:0m:7s left)
Iteration 70 / LogL: -34827.754 / Time: 0h:0m:9s (0h:0m:5s left)
Iteration 80 / LogL: -34827.979 / Time: 0h:0m:10s (0h:0m:4s left)
Iteration 90 / LogL: -34825.891 / Time: 0h:0m:11s (0h:0m:2s left)
Iteration 100 / LogL: -34824.066 / Time: 0h:0m:13s (0h:0m:1s left)
Iteration 110 / LogL: -34821.896 / Time: 0h:0m:14s (0h:0m:0s left)
TREE SEARCH COMPLETED AFTER 112 ITERATIONS / Time: 0h:0m:14s

--------------------------------------------------------------------
|                    FINALIZING TREE SEARCH                        |
--------------------------------------------------------------------
Performs final model parameters optimization
Estimate model parameters (epsilon = 0.010)
1. Initial log-likelihood: -34821.745
Optimal log-likelihood: -34821.744
Rate parameters:  A-C: 1.26761  A-G: 4.30811  A-T: 1.37212  C-G: 0.74546  C-T: 5.63409  G-T: 1.00000
Base frequencies:  A: 0.190  C: 0.314  G: 0.311  T: 0.185
Gamma shape alpha: 0.287
Parameters optimization took 1 rounds (0.016 sec)
BEST SCORE FOUND : -34821.744
Total tree length: 3.202

Total number of iterations: 112
CPU time used for tree search: 109.241 sec (0h:1m:49s)
Wall-clock time used for tree search: 14.076 sec (0h:0m:14s)
Total CPU time used: 111.124 sec (0h:1m:51s)
Total wall-clock time used: 14.313 sec (0h:0m:14s)

Analysis results written to: 
  IQ-TREE report:                /workspace/IQTree_8_cores_TarvD7_Results/ENSG00000032444.nuc.ord.iqtree
  Maximum-likelihood tree:       /workspace/IQTree_8_cores_TarvD7_Results/ENSG00000032444.nuc.ord.treefile
  Likelihood distances:          /workspace/IQTree_8_cores_TarvD7_Results/ENSG00000032444.nuc.ord.mldist
  Screen log file:               /workspace/IQTree_8_cores_TarvD7_Results/ENSG00000032444.nuc.ord.log

Date and Time: Mon May 25 22:07:51 2026
