IQ-TREE version 3.1.2 for Linux x86 64-bit built May  7 2026
Developed by Bui Quang Minh, Thomas Wong, Nhan Ly-Trong, Huaiyan Ren
Contributed by Lam-Tung Nguyen, Dominik Schrempf, Chris Bielow,
Olga Chernomor, Michael Woodhams, Diep Thi Hoang, Heiko Schmidt

Host:    8084c4e79f09 (AVX512, FMA3, 1133 GB RAM)
Command: /workspace/iqtree-3.1.2-Linux/bin/iqtree3_intel -s /workspace/NeuralNJ/empirical/TarvD7/ENSG00000157766.nuc.ord.aln -st DNA -m GTR+G -T 8 -seed 2201 -pre /workspace/IQTree_8_cores_TarvD7_Results/ENSG00000157766.nuc.ord -quiet
Seed:    2201 (Using SPRNG - Scalable Parallel Random Number Generator)
Time:    Tue May 26 22:54:56 2026
Kernel:  AVX+FMA - 8 threads (384 CPU cores detected)

Reading alignment file /workspace/NeuralNJ/empirical/TarvD7/ENSG00000157766.nuc.ord.aln ... Fasta format detected
Reading fasta file: done in 0.003824 secs using 42.31% CPU
Alignment most likely contains DNA/RNA sequences
Constructing alignment: done in 0.0189981 secs using 719.9% CPU
Alignment has 33 sequences with 13161 columns, 5887 distinct patterns
3547 parsimony-informative, 1810 singleton sites, 7804 constant sites
                   Gap/Ambiguity  Composition  p-value
Analyzing sequences: done in 0.000166178 secs using 577.1% CPU
   1  P001_Platypus       47.53%    failed      0.00%
   2  P002_Opossum        48.07%    failed      0.00%
   3  P003_Wallaby        56.17%    failed      0.00%
   4  P004_Tenrec         61.20%    failed      1.50%
   5  P005_Rock_hyrax     69.75%    passed     58.65%
   6  P006_Elephant       57.65%    passed     94.15%
   7  P007_Armadillo      66.70%    failed      0.00%
   8  P008_Sloth          65.40%    passed      9.57%
   9  P009_Hedgehog       67.59%    passed     34.25%
  10  P010_Common_shrew   69.75%    failed      0.00%
  11  P011_Dolphin        54.57%    passed      6.29%
  12  P012_Cow            46.11%    passed     56.67%
  13  P013_Pig            46.75%    passed     36.38%
  14  P015_Horse          51.27%    failed      0.01%
  15  P016_Dog            46.20%    passed     47.85%
  16  P018_Megabat        62.16%    failed      1.59%
  17  P019_Microbat       58.90%    failed      0.00%
  18  P021_Pika           55.53%    passed     17.74%
  19  P022_Squirrel       64.99%    passed      6.97%
  20  P023_Guinea_pig     50.58%    failed      2.39%
  21  P024_Kangaroo_rat   69.34%    failed      0.00%
  22  P025_Mouse          51.40%    failed      0.06%
  23  P026_Rat            50.95%    failed      0.05%
  24  P027_Tree_shrew     58.74%    passed     73.81%
  25  P028_Bushbaby       55.87%    failed      3.69%
  26  P029_Mouse_lemur    58.72%    failed      0.01%
  27  P030_Tarsier        59.04%    passed     20.69%
  28  P031_Marmoset       48.73%    passed     16.13%
  29  P032_Rhesus         49.05%    passed     38.46%
  30  P033_Orangutan      47.96%    passed     92.91%
  31  P034_Gorilla        53.59%    passed     69.11%
  32  P035_Chimp          48.94%    passed     98.65%
  33  P036_Human          44.93%    passed     98.19%
WARNING: 23 sequences contain more than 50% gaps/ambiguity
****  TOTAL               55.88%  15 sequences failed composition chi2 test (p-value<5%; df=3)
Checking for duplicate sequences: done in 0.000509024 secs using 699.4% CPU

Create initial parsimony tree by phylogenetic likelihood library (PLL)... 0.012 seconds

NOTE: 25 MB RAM (0 GB) is required!
Estimate model parameters (epsilon = 0.100)
1. Initial log-likelihood: -96078.595
2. Current log-likelihood: -88024.831
3. Current log-likelihood: -87940.676
4. Current log-likelihood: -87940.041
Optimal log-likelihood: -87940.030
Rate parameters:  A-C: 1.41554  A-G: 4.97922  A-T: 1.49489  C-G: 1.04774  C-T: 5.28975  G-T: 1.00000
Base frequencies:  A: 0.218  C: 0.285  G: 0.293  T: 0.204
Gamma shape alpha: 0.747
Parameters optimization took 4 rounds (0.325 sec)
Wrote distance file to... 
Computing ML distances based on estimated model parameters...
Calculating distance matrix: done in 0.00114107 secs using 708.9% CPU
Computing ML distances took 0.001621 sec (of wall-clock time) 0.011105 sec (of CPU time)
Setting up auxiliary I and S matrices: done in 0.000113964 secs using 1166% CPU
Constructing RapidNJ tree: done in 0.00265408 secs using 683.7% CPU
Computing RapidNJ tree took 0.002848 sec (of wall-clock time) 0.024398 sec (of CPU time)
Log-likelihood of RapidNJ tree: -88349.296
--------------------------------------------------------------------
|             INITIALIZING CANDIDATE TREE SET                      |
--------------------------------------------------------------------
Generating 98 parsimony trees... 1.248 second
Computing log-likelihood of 98 initial trees ... 1.469 seconds
Current best score: -87940.030

Do NNI search on 20 best initial trees
Estimate model parameters (epsilon = 0.100)
BETTER TREE FOUND at iteration 1: -87909.906
Estimate model parameters (epsilon = 0.100)
BETTER TREE FOUND at iteration 2: -87852.424
Iteration 10 / LogL: -87860.644 / Time: 0h:0m:5s
Iteration 20 / LogL: -87860.645 / Time: 0h:0m:8s
Finish initializing candidate tree set (7)
Current best tree score: -87852.424 / CPU time: 8.052
Number of iterations: 20
--------------------------------------------------------------------
|               OPTIMIZING CANDIDATE TREE SET                      |
--------------------------------------------------------------------
Iteration 30 / LogL: -87891.539 / Time: 0h:0m:10s (0h:0m:26s left)
Iteration 40 / LogL: -87855.272 / Time: 0h:0m:13s (0h:0m:21s left)
Iteration 50 / LogL: -87852.582 / Time: 0h:0m:15s (0h:0m:16s left)
Iteration 60 / LogL: -87852.543 / Time: 0h:0m:17s (0h:0m:12s left)
Iteration 70 / LogL: -87904.539 / Time: 0h:0m:19s (0h:0m:9s left)
Iteration 80 / LogL: -87852.455 / Time: 0h:0m:21s (0h:0m:6s left)
Iteration 90 / LogL: -87852.518 / Time: 0h:0m:24s (0h:0m:3s left)
Iteration 100 / LogL: -87885.972 / Time: 0h:0m:26s (0h:0m:0s left)
TREE SEARCH COMPLETED AFTER 103 ITERATIONS / Time: 0h:0m:26s

--------------------------------------------------------------------
|                    FINALIZING TREE SEARCH                        |
--------------------------------------------------------------------
Performs final model parameters optimization
Estimate model parameters (epsilon = 0.010)
1. Initial log-likelihood: -87852.424
2. Current log-likelihood: -87852.409
Optimal log-likelihood: -87852.409
Rate parameters:  A-C: 1.41713  A-G: 4.98643  A-T: 1.47746  C-G: 1.04313  C-T: 5.33432  G-T: 1.00000
Base frequencies:  A: 0.218  C: 0.285  G: 0.293  T: 0.204
Gamma shape alpha: 0.752
Parameters optimization took 2 rounds (0.061 sec)
BEST SCORE FOUND : -87852.409
Total tree length: 4.424

Total number of iterations: 103
CPU time used for tree search: 199.446 sec (0h:3m:19s)
Wall-clock time used for tree search: 26.467 sec (0h:0m:26s)
Total CPU time used: 203.550 sec (0h:3m:23s)
Total wall-clock time used: 26.987 sec (0h:0m:26s)

Analysis results written to: 
  IQ-TREE report:                /workspace/IQTree_8_cores_TarvD7_Results/ENSG00000157766.nuc.ord.iqtree
  Maximum-likelihood tree:       /workspace/IQTree_8_cores_TarvD7_Results/ENSG00000157766.nuc.ord.treefile
  Likelihood distances:          /workspace/IQTree_8_cores_TarvD7_Results/ENSG00000157766.nuc.ord.mldist
  Screen log file:               /workspace/IQTree_8_cores_TarvD7_Results/ENSG00000157766.nuc.ord.log

Date and Time: Tue May 26 22:55:23 2026
