IQ-TREE version 3.1.2 for Linux x86 64-bit built May  7 2026
Developed by Bui Quang Minh, Thomas Wong, Nhan Ly-Trong, Huaiyan Ren
Contributed by Lam-Tung Nguyen, Dominik Schrempf, Chris Bielow,
Olga Chernomor, Michael Woodhams, Diep Thi Hoang, Heiko Schmidt

Host:    8084c4e79f09 (AVX512, FMA3, 1133 GB RAM)
Command: /workspace/iqtree-3.1.2-Linux/bin/iqtree3_intel -s /workspace/NeuralNJ/empirical/TarvD7/ENSG00000227057.nuc.ord.aln -st DNA -m GTR+G -T 8 -seed 2201 -pre /workspace/IQTree_8_cores_TarvD7_Results/ENSG00000227057.nuc.ord -quiet
Seed:    2201 (Using SPRNG - Scalable Parallel Random Number Generator)
Time:    Wed May 27 13:30:12 2026
Kernel:  AVX+FMA - 8 threads (384 CPU cores detected)

Reading alignment file /workspace/NeuralNJ/empirical/TarvD7/ENSG00000227057.nuc.ord.aln ... Fasta format detected
Reading fasta file: done in 0.000756025 secs
Alignment most likely contains DNA/RNA sequences
Constructing alignment: done in 0.00373697 secs using 611.2% CPU
Alignment has 32 sequences with 2070 columns, 1231 distinct patterns
795 parsimony-informative, 312 singleton sites, 963 constant sites
                   Gap/Ambiguity  Composition  p-value
Analyzing sequences: done in 3.69549e-05 secs using 500.6% CPU
   1  P002_Opossum        12.03%    failed      0.00%
   2  P003_Wallaby        31.74%    failed      0.14%
   3  P004_Tenrec         31.74%    failed      0.24%
   4  P005_Rock_hyrax     11.16%    passed     23.54%
   5  P006_Elephant       28.84%    passed     65.36%
   6  P007_Armadillo      15.65%    failed      3.87%
   7  P008_Sloth          26.52%    passed     62.42%
   8  P009_Hedgehog       47.97%    passed      7.28%
   9  P010_Common_shrew   48.84%    failed      0.23%
  10  P011_Dolphin        11.45%    passed     85.46%
  11  P012_Cow            12.32%    passed     68.42%
  12  P013_Pig             6.96%    passed     11.75%
  13  P015_Horse          10.87%    passed     90.20%
  14  P016_Dog            11.16%    passed     33.29%
  15  P017_Cat            13.19%    passed     96.66%
  16  P018_Megabat        11.45%    passed     79.07%
  17  P019_Microbat       15.80%    passed     41.42%
  18  P021_Pika           12.90%    passed     13.29%
  19  P022_Squirrel       45.80%    passed     18.89%
  20  P023_Guinea_pig     13.62%    passed     35.86%
  21  P024_Kangaroo_rat   26.38%    passed     81.62%
  22  P025_Mouse           9.86%    passed     49.00%
  23  P026_Rat            11.74%    passed     37.83%
  24  P027_Tree_shrew     35.07%    passed      8.80%
  25  P028_Bushbaby       35.51%    passed     11.80%
  26  P029_Mouse_lemur    11.45%    passed     87.58%
  27  P031_Marmoset       10.58%    passed     85.34%
  28  P032_Rhesus         10.72%    passed     90.94%
  29  P033_Orangutan      11.16%    passed     88.36%
  30  P034_Gorilla        14.49%    passed     99.07%
  31  P035_Chimp          11.59%    passed     92.36%
  32  P036_Human          11.59%    passed     93.34%
****  TOTAL               19.38%  5 sequences failed composition chi2 test (p-value<5%; df=3)
Checking for duplicate sequences: done in 0.000164986 secs using 793.4% CPU

Create initial parsimony tree by phylogenetic likelihood library (PLL)... 0.003 seconds

NOTE: 5 MB RAM (0 GB) is required!
Estimate model parameters (epsilon = 0.100)
1. Initial log-likelihood: -19289.414
2. Current log-likelihood: -18120.794
3. Current log-likelihood: -18109.347
Optimal log-likelihood: -18109.242
Rate parameters:  A-C: 1.61742  A-G: 4.45184  A-T: 1.04447  C-G: 0.86587  C-T: 5.84553  G-T: 1.00000
Base frequencies:  A: 0.237  C: 0.274  G: 0.303  T: 0.186
Gamma shape alpha: 0.532
Parameters optimization took 3 rounds (0.079 sec)
Wrote distance file to... 
Computing ML distances based on estimated model parameters...
Calculating distance matrix: done in 0.00104094 secs using 802.3% CPU
Computing ML distances took 0.001166 sec (of wall-clock time) 0.009091 sec (of CPU time)
Setting up auxiliary I and S matrices: done in 7.39098e-05 secs using 1135% CPU
Constructing RapidNJ tree: done in 0.0016911 secs using 839.2% CPU
Computing RapidNJ tree took 0.001792 sec (of wall-clock time) 0.015745 sec (of CPU time)
Log-likelihood of RapidNJ tree: -18146.004
--------------------------------------------------------------------
|             INITIALIZING CANDIDATE TREE SET                      |
--------------------------------------------------------------------
Generating 98 parsimony trees... 0.259 second
Computing log-likelihood of 98 initial trees ... 0.461 seconds
Current best score: -18092.269

Do NNI search on 20 best initial trees
Estimate model parameters (epsilon = 0.100)
BETTER TREE FOUND at iteration 1: -18057.705
Estimate model parameters (epsilon = 0.100)
UPDATE BEST LOG-LIKELIHOOD: -18057.570
Iteration 10 / LogL: -18058.970 / Time: 0h:0m:1s
Estimate model parameters (epsilon = 0.100)
BETTER TREE FOUND at iteration 16: -18054.570
Estimate model parameters (epsilon = 0.100)
BETTER TREE FOUND at iteration 20: -18052.700
Iteration 20 / LogL: -18052.700 / Time: 0h:0m:2s
Finish initializing candidate tree set (6)
Current best tree score: -18052.700 / CPU time: 2.549
Number of iterations: 20
--------------------------------------------------------------------
|               OPTIMIZING CANDIDATE TREE SET                      |
--------------------------------------------------------------------
Iteration 30 / LogL: -18054.706 / Time: 0h:0m:3s (0h:0m:10s left)
Iteration 40 / LogL: -18053.892 / Time: 0h:0m:4s (0h:0m:8s left)
Iteration 50 / LogL: -18054.321 / Time: 0h:0m:5s (0h:0m:7s left)
Iteration 60 / LogL: -18052.833 / Time: 0h:0m:6s (0h:0m:6s left)
Iteration 70 / LogL: -18054.167 / Time: 0h:0m:6s (0h:0m:4s left)
Iteration 80 / LogL: -18052.719 / Time: 0h:0m:7s (0h:0m:3s left)
Iteration 90 / LogL: -18053.630 / Time: 0h:0m:8s (0h:0m:2s left)
Iteration 100 / LogL: -18052.775 / Time: 0h:0m:9s (0h:0m:1s left)
Iteration 110 / LogL: -18055.166 / Time: 0h:0m:10s (0h:0m:0s left)
Iteration 120 / LogL: -18052.970 / Time: 0h:0m:11s (0h:0m:0s left)
TREE SEARCH COMPLETED AFTER 121 ITERATIONS / Time: 0h:0m:11s

--------------------------------------------------------------------
|                    FINALIZING TREE SEARCH                        |
--------------------------------------------------------------------
Performs final model parameters optimization
Estimate model parameters (epsilon = 0.010)
1. Initial log-likelihood: -18052.700
Optimal log-likelihood: -18052.699
Rate parameters:  A-C: 1.61685  A-G: 4.43024  A-T: 1.04940  C-G: 0.84945  C-T: 5.86308  G-T: 1.00000
Base frequencies:  A: 0.237  C: 0.274  G: 0.303  T: 0.186
Gamma shape alpha: 0.536
Parameters optimization took 1 rounds (0.011 sec)
BEST SCORE FOUND : -18052.699
Total tree length: 2.753

Total number of iterations: 121
CPU time used for tree search: 90.274 sec (0h:1m:30s)
Wall-clock time used for tree search: 11.444 sec (0h:0m:11s)
Total CPU time used: 91.343 sec (0h:1m:31s)
Total wall-clock time used: 11.577 sec (0h:0m:11s)

Analysis results written to: 
  IQ-TREE report:                /workspace/IQTree_8_cores_TarvD7_Results/ENSG00000227057.nuc.ord.iqtree
  Maximum-likelihood tree:       /workspace/IQTree_8_cores_TarvD7_Results/ENSG00000227057.nuc.ord.treefile
  Likelihood distances:          /workspace/IQTree_8_cores_TarvD7_Results/ENSG00000227057.nuc.ord.mldist
  Screen log file:               /workspace/IQTree_8_cores_TarvD7_Results/ENSG00000227057.nuc.ord.log

Date and Time: Wed May 27 13:30:23 2026
