IQ-TREE version 3.1.2 for Linux x86 64-bit built May  7 2026
Developed by Bui Quang Minh, Thomas Wong, Nhan Ly-Trong, Huaiyan Ren
Contributed by Lam-Tung Nguyen, Dominik Schrempf, Chris Bielow,
Olga Chernomor, Michael Woodhams, Diep Thi Hoang, Heiko Schmidt

Host:    8084c4e79f09 (AVX512, FMA3, 1133 GB RAM)
Command: /workspace/iqtree-3.1.2-Linux/bin/iqtree3_intel -s /workspace/NeuralNJ/empirical/TarvD7/ENSG00000131475.nuc.ord.aln -st DNA -m GTR+G -T 8 -seed 2201 -pre /workspace/IQTree_8_cores_TarvD7_Results/ENSG00000131475.nuc.ord -quiet
Seed:    2201 (Using SPRNG - Scalable Parallel Random Number Generator)
Time:    Tue May 26 13:14:43 2026
Kernel:  AVX+FMA - 8 threads (384 CPU cores detected)

Reading alignment file /workspace/NeuralNJ/empirical/TarvD7/ENSG00000131475.nuc.ord.aln ... Fasta format detected
Reading fasta file: done in 0.000193119 secs using 33.66% CPU
Alignment most likely contains DNA/RNA sequences
Constructing alignment: done in 0.00077486 secs using 865.2% CPU
Alignment has 30 sequences with 588 columns, 275 distinct patterns
119 parsimony-informative, 91 singleton sites, 378 constant sites
                   Gap/Ambiguity  Composition  p-value
Analyzing sequences: done in 1.40667e-05 secs using 455% CPU
   1  P002_Opossum        10.20%    passed     60.73%
   2  P003_Wallaby        10.20%    passed     98.08%
   3  P004_Tenrec         35.20%    passed      7.78%
   4  P005_Rock_hyrax     29.08%    passed     71.19%
   5  P006_Elephant       34.18%    passed     94.40%
   6  P007_Armadillo      31.63%    passed     93.87%
   7  P010_Common_shrew   41.84%    passed     45.49%
   8  P011_Dolphin        20.92%    passed     71.90%
   9  P012_Cow             6.63%    passed     92.21%
  10  P015_Horse          51.53%    passed     33.18%
  11  P016_Dog             9.69%    passed     98.36%
  12  P017_Cat            10.20%    passed     99.67%
  13  P018_Megabat        34.69%    passed     56.38%
  14  P019_Microbat       24.49%    passed     92.76%
  15  P020_Rabbit         10.71%    passed     97.36%
  16  P021_Pika           19.39%    passed     90.68%
  17  P022_Squirrel       27.55%    passed     36.10%
  18  P023_Guinea_pig     10.20%    passed     58.34%
  19  P024_Kangaroo_rat   10.20%    passed     71.07%
  20  P025_Mouse           6.12%    passed     96.61%
  21  P027_Tree_shrew     10.71%    passed     98.97%
  22  P028_Bushbaby       10.20%    passed     86.56%
  23  P029_Mouse_lemur    11.73%    passed     93.85%
  24  P030_Tarsier        23.98%    passed     55.49%
  25  P031_Marmoset        9.69%    passed     99.81%
  26  P032_Rhesus         10.20%    passed     99.80%
  27  P033_Orangutan      11.22%    passed     99.08%
  28  P034_Gorilla        23.47%    passed     94.44%
  29  P035_Chimp          10.20%    passed     99.70%
  30  P036_Human          10.20%    passed     99.25%
WARNING: 1 sequences contain more than 50% gaps/ambiguity
****  TOTAL               18.88%  0 sequences failed composition chi2 test (p-value<5%; df=3)
Checking for duplicate sequences: done in 8.39233e-05 secs using 788.8% CPU

Create initial parsimony tree by phylogenetic likelihood library (PLL)... 0.001 seconds

NOTE: 1 MB RAM (0 GB) is required!
WARNING: Number of threads seems too high for short alignments. Use -T AUTO to determine best number of threads.
Estimate model parameters (epsilon = 0.100)
1. Initial log-likelihood: -3347.845
2. Current log-likelihood: -3173.129
3. Current log-likelihood: -3153.406
4. Current log-likelihood: -3153.142
Optimal log-likelihood: -3153.135
Rate parameters:  A-C: 0.95155  A-G: 3.80276  A-T: 1.39493  C-G: 0.58687  C-T: 5.62798  G-T: 1.00000
Base frequencies:  A: 0.248  C: 0.250  G: 0.292  T: 0.210
Gamma shape alpha: 0.334
Parameters optimization took 4 rounds (0.089 sec)
Wrote distance file to... 
Computing ML distances based on estimated model parameters...
Calculating distance matrix: done in 0.000365973 secs using 832% CPU
Computing ML distances took 0.000430 sec (of wall-clock time) 0.003315 sec (of CPU time)
Setting up auxiliary I and S matrices: done in 8.4877e-05 secs using 1272% CPU
Constructing RapidNJ tree: done in 0.00206208 secs using 746.8% CPU
Computing RapidNJ tree took 0.002200 sec (of wall-clock time) 0.019344 sec (of CPU time)
Log-likelihood of RapidNJ tree: -3180.270
--------------------------------------------------------------------
|             INITIALIZING CANDIDATE TREE SET                      |
--------------------------------------------------------------------
Generating 98 parsimony trees... 0.080 second
Computing log-likelihood of 98 initial trees ... 0.369 seconds
Current best score: -3147.494

Do NNI search on 20 best initial trees
Estimate model parameters (epsilon = 0.100)
BETTER TREE FOUND at iteration 1: -3142.671
Estimate model parameters (epsilon = 0.100)
BETTER TREE FOUND at iteration 5: -3140.282
Iteration 10 / LogL: -3144.408 / Time: 0h:0m:1s
Estimate model parameters (epsilon = 0.100)
BETTER TREE FOUND at iteration 14: -3138.984
Iteration 20 / LogL: -3148.770 / Time: 0h:0m:2s
Finish initializing candidate tree set (19)
Current best tree score: -3138.984 / CPU time: 2.026
Number of iterations: 20
--------------------------------------------------------------------
|               OPTIMIZING CANDIDATE TREE SET                      |
--------------------------------------------------------------------
Iteration 30 / LogL: -3140.888 / Time: 0h:0m:3s (0h:0m:9s left)
Iteration 40 / LogL: -3138.985 / Time: 0h:0m:4s (0h:0m:7s left)
UPDATE BEST LOG-LIKELIHOOD: -3138.984
Iteration 50 / LogL: -3139.975 / Time: 0h:0m:4s (0h:0m:6s left)
Iteration 60 / LogL: -3139.325 / Time: 0h:0m:6s (0h:0m:5s left)
Iteration 70 / LogL: -3139.974 / Time: 0h:0m:7s (0h:0m:4s left)
Iteration 80 / LogL: -3142.414 / Time: 0h:0m:7s (0h:0m:3s left)
Iteration 90 / LogL: -3142.414 / Time: 0h:0m:8s (0h:0m:2s left)
Iteration 100 / LogL: -3140.319 / Time: 0h:0m:9s (0h:0m:1s left)
Iteration 110 / LogL: -3138.986 / Time: 0h:0m:10s (0h:0m:0s left)
TREE SEARCH COMPLETED AFTER 115 ITERATIONS / Time: 0h:0m:10s

--------------------------------------------------------------------
|                    FINALIZING TREE SEARCH                        |
--------------------------------------------------------------------
Performs final model parameters optimization
Estimate model parameters (epsilon = 0.010)
1. Initial log-likelihood: -3138.984
Optimal log-likelihood: -3138.983
Rate parameters:  A-C: 1.04305  A-G: 4.16871  A-T: 1.47021  C-G: 0.65642  C-T: 6.30978  G-T: 1.00000
Base frequencies:  A: 0.248  C: 0.250  G: 0.292  T: 0.210
Gamma shape alpha: 0.336
Parameters optimization took 1 rounds (0.008 sec)
BEST SCORE FOUND : -3138.983
Total tree length: 1.308

Total number of iterations: 115
CPU time used for tree search: 86.941 sec (0h:1m:26s)
Wall-clock time used for tree search: 10.880 sec (0h:0m:10s)
Total CPU time used: 87.955 sec (0h:1m:27s)
Total wall-clock time used: 11.006 sec (0h:0m:11s)

Analysis results written to: 
  IQ-TREE report:                /workspace/IQTree_8_cores_TarvD7_Results/ENSG00000131475.nuc.ord.iqtree
  Maximum-likelihood tree:       /workspace/IQTree_8_cores_TarvD7_Results/ENSG00000131475.nuc.ord.treefile
  Likelihood distances:          /workspace/IQTree_8_cores_TarvD7_Results/ENSG00000131475.nuc.ord.mldist
  Screen log file:               /workspace/IQTree_8_cores_TarvD7_Results/ENSG00000131475.nuc.ord.log

Date and Time: Tue May 26 13:14:54 2026
