IQ-TREE version 3.1.2 for Linux x86 64-bit built May  7 2026
Developed by Bui Quang Minh, Thomas Wong, Nhan Ly-Trong, Huaiyan Ren
Contributed by Lam-Tung Nguyen, Dominik Schrempf, Chris Bielow,
Olga Chernomor, Michael Woodhams, Diep Thi Hoang, Heiko Schmidt

Host:    8084c4e79f09 (AVX512, FMA3, 1133 GB RAM)
Command: /workspace/iqtree-3.1.2-Linux/bin/iqtree3_intel -s /workspace/NeuralNJ/empirical/TarvD7/ENSG00000018408.nuc.ord.aln -st DNA -m GTR+G -T 8 -seed 2201 -pre /workspace/IQTree_8_cores_TarvD7_Results/ENSG00000018408.nuc.ord -quiet
Seed:    2201 (Using SPRNG - Scalable Parallel Random Number Generator)
Time:    Mon May 25 21:47:13 2026
Kernel:  AVX+FMA - 8 threads (384 CPU cores detected)

Reading alignment file /workspace/NeuralNJ/empirical/TarvD7/ENSG00000018408.nuc.ord.aln ... Fasta format detected
Reading fasta file: done in 0.000466108 secs using 39.9% CPU
Alignment most likely contains DNA/RNA sequences
Constructing alignment: done in 0.00198197 secs using 654% CPU
Alignment has 31 sequences with 1530 columns, 652 distinct patterns
377 parsimony-informative, 191 singleton sites, 962 constant sites
                   Gap/Ambiguity  Composition  p-value
Analyzing sequences: done in 2.5034e-05 secs using 151.8% CPU
   1  P002_Opossum        23.33%    passed      5.05%
   2  P003_Wallaby        30.39%    passed     87.00%
   3  P004_Tenrec         33.14%    failed      3.87%
   4  P005_Rock_hyrax     27.65%    passed     55.75%
   5  P006_Elephant       36.67%    passed     68.64%
   6  P007_Armadillo      65.88%    failed      0.65%
   7  P009_Hedgehog       21.57%    passed     33.44%
   8  P011_Dolphin        21.57%    passed     99.49%
   9  P012_Cow            21.57%    passed     99.82%
  10  P014_Alpaca         30.78%    passed     71.99%
  11  P015_Horse          21.96%    passed     19.71%
  12  P016_Dog            21.57%    passed     85.84%
  13  P018_Megabat        21.57%    passed     75.90%
  14  P019_Microbat       29.22%    passed     73.86%
  15  P020_Rabbit         42.94%    passed     54.02%
  16  P021_Pika           20.98%    passed     74.08%
  17  P022_Squirrel       58.04%    passed     79.88%
  18  P023_Guinea_pig     21.57%    passed     77.61%
  19  P024_Kangaroo_rat   50.98%    failed      0.09%
  20  P025_Mouse          11.37%    passed     47.12%
  21  P026_Rat            22.55%    passed     82.67%
  22  P027_Tree_shrew     27.65%    passed     78.61%
  23  P028_Bushbaby       58.63%    failed      0.81%
  24  P029_Mouse_lemur    21.76%    passed     82.04%
  25  P030_Tarsier        50.20%    failed      3.80%
  26  P031_Marmoset       21.57%    passed     84.27%
  27  P032_Rhesus         21.57%    passed     55.73%
  28  P033_Orangutan      21.57%    passed     77.90%
  29  P034_Gorilla        30.59%    passed     93.58%
  30  P035_Chimp          21.57%    passed     81.73%
  31  P036_Human          21.57%    passed     75.68%
WARNING: 5 sequences contain more than 50% gaps/ambiguity
****  TOTAL               30.06%  5 sequences failed composition chi2 test (p-value<5%; df=3)
Checking for duplicate sequences: done in 0.000100136 secs using 757% CPU

Create initial parsimony tree by phylogenetic likelihood library (PLL)... 0.002 seconds

NOTE: 2 MB RAM (0 GB) is required!
WARNING: Number of threads seems too high for short alignments. Use -T AUTO to determine best number of threads.
Estimate model parameters (epsilon = 0.100)
1. Initial log-likelihood: -10236.511
2. Current log-likelihood: -9570.057
3. Current log-likelihood: -9557.253
4. Current log-likelihood: -9557.073
Optimal log-likelihood: -9557.057
Rate parameters:  A-C: 1.03948  A-G: 3.41665  A-T: 0.48406  C-G: 1.11923  C-T: 4.43367  G-T: 1.00000
Base frequencies:  A: 0.235  C: 0.337  G: 0.259  T: 0.169
Gamma shape alpha: 0.342
Parameters optimization took 4 rounds (0.067 sec)
Wrote distance file to... 
Computing ML distances based on estimated model parameters...
Calculating distance matrix: done in 0.000342846 secs using 815.8% CPU
Computing ML distances took 0.000405 sec (of wall-clock time) 0.003089 sec (of CPU time)
Setting up auxiliary I and S matrices: done in 8.91685e-05 secs using 397% CPU
Constructing RapidNJ tree: done in 0.00172305 secs using 605.8% CPU
Computing RapidNJ tree took 0.001885 sec (of wall-clock time) 0.014654 sec (of CPU time)
Log-likelihood of RapidNJ tree: -9563.751
--------------------------------------------------------------------
|             INITIALIZING CANDIDATE TREE SET                      |
--------------------------------------------------------------------
Generating 98 parsimony trees... 0.143 second
Computing log-likelihood of 98 initial trees ... 0.376 seconds
Current best score: -9552.713

Do NNI search on 20 best initial trees
Estimate model parameters (epsilon = 0.100)
BETTER TREE FOUND at iteration 1: -9522.025
Iteration 10 / LogL: -9523.280 / Time: 0h:0m:1s
Estimate model parameters (epsilon = 0.100)
BETTER TREE FOUND at iteration 11: -9521.508
Iteration 20 / LogL: -9523.959 / Time: 0h:0m:2s
Finish initializing candidate tree set (16)
Current best tree score: -9521.508 / CPU time: 1.929
Number of iterations: 20
--------------------------------------------------------------------
|               OPTIMIZING CANDIDATE TREE SET                      |
--------------------------------------------------------------------
Estimate model parameters (epsilon = 0.100)
BETTER TREE FOUND at iteration 22: -9517.688
Iteration 30 / LogL: -9518.464 / Time: 0h:0m:2s (0h:0m:8s left)
Iteration 40 / LogL: -9518.061 / Time: 0h:0m:3s (0h:0m:7s left)
Iteration 50 / LogL: -9517.696 / Time: 0h:0m:4s (0h:0m:6s left)
Estimate model parameters (epsilon = 0.100)
BETTER TREE FOUND at iteration 53: -9517.561
Iteration 60 / LogL: -9517.690 / Time: 0h:0m:4s (0h:0m:7s left)
Iteration 70 / LogL: -9520.389 / Time: 0h:0m:5s (0h:0m:6s left)
Iteration 80 / LogL: -9517.756 / Time: 0h:0m:6s (0h:0m:5s left)
Iteration 90 / LogL: -9517.839 / Time: 0h:0m:7s (0h:0m:5s left)
Iteration 100 / LogL: -9517.749 / Time: 0h:0m:7s (0h:0m:4s left)
Iteration 110 / LogL: -9517.848 / Time: 0h:0m:8s (0h:0m:3s left)
Iteration 120 / LogL: -9517.625 / Time: 0h:0m:9s (0h:0m:2s left)
Iteration 130 / LogL: -9519.289 / Time: 0h:0m:9s (0h:0m:1s left)
Iteration 140 / LogL: -9517.602 / Time: 0h:0m:10s (0h:0m:0s left)
Iteration 150 / LogL: -9517.940 / Time: 0h:0m:11s (0h:0m:0s left)
TREE SEARCH COMPLETED AFTER 154 ITERATIONS / Time: 0h:0m:11s

--------------------------------------------------------------------
|                    FINALIZING TREE SEARCH                        |
--------------------------------------------------------------------
Performs final model parameters optimization
Estimate model parameters (epsilon = 0.010)
1. Initial log-likelihood: -9517.561
Optimal log-likelihood: -9517.561
Rate parameters:  A-C: 1.02521  A-G: 3.51349  A-T: 0.47721  C-G: 1.13791  C-T: 4.63218  G-T: 1.00000
Base frequencies:  A: 0.235  C: 0.337  G: 0.259  T: 0.169
Gamma shape alpha: 0.345
Parameters optimization took 1 rounds (0.008 sec)
BEST SCORE FOUND : -9517.561
Total tree length: 2.364

Total number of iterations: 154
CPU time used for tree search: 92.793 sec (0h:1m:32s)
Wall-clock time used for tree search: 11.646 sec (0h:0m:11s)
Total CPU time used: 93.827 sec (0h:1m:33s)
Total wall-clock time used: 11.772 sec (0h:0m:11s)

Analysis results written to: 
  IQ-TREE report:                /workspace/IQTree_8_cores_TarvD7_Results/ENSG00000018408.nuc.ord.iqtree
  Maximum-likelihood tree:       /workspace/IQTree_8_cores_TarvD7_Results/ENSG00000018408.nuc.ord.treefile
  Likelihood distances:          /workspace/IQTree_8_cores_TarvD7_Results/ENSG00000018408.nuc.ord.mldist
  Screen log file:               /workspace/IQTree_8_cores_TarvD7_Results/ENSG00000018408.nuc.ord.log

Date and Time: Mon May 25 21:47:25 2026
