IQ-TREE version 3.1.2 for Linux x86 64-bit built May  7 2026
Developed by Bui Quang Minh, Thomas Wong, Nhan Ly-Trong, Huaiyan Ren
Contributed by Lam-Tung Nguyen, Dominik Schrempf, Chris Bielow,
Olga Chernomor, Michael Woodhams, Diep Thi Hoang, Heiko Schmidt

Host:    8084c4e79f09 (AVX512, FMA3, 1133 GB RAM)
Command: /workspace/iqtree-3.1.2-Linux/bin/iqtree3_intel -s /workspace/NeuralNJ/empirical/TarvD7/ENSG00000136122.nuc.ord.aln -st DNA -m GTR+G -T 8 -seed 2201 -pre /workspace/IQTree_8_cores_TarvD7_Results/ENSG00000136122.nuc.ord -quiet
Seed:    2201 (Using SPRNG - Scalable Parallel Random Number Generator)
Time:    Tue May 26 15:14:54 2026
Kernel:  AVX+FMA - 8 threads (384 CPU cores detected)

Reading alignment file /workspace/NeuralNJ/empirical/TarvD7/ENSG00000136122.nuc.ord.aln ... Fasta format detected
Reading fasta file: done in 0.000709057 secs using 96.61% CPU
Alignment most likely contains DNA/RNA sequences
Constructing alignment: done in 0.00315595 secs using 681.2% CPU
Alignment has 34 sequences with 2223 columns, 1488 distinct patterns
900 parsimony-informative, 392 singleton sites, 931 constant sites
                   Gap/Ambiguity  Composition  p-value
Analyzing sequences: done in 3.71933e-05 secs using 309.2% CPU
   1  P001_Platypus       14.98%    failed      0.01%
   2  P002_Opossum        15.79%    passed      8.59%
   3  P003_Wallaby        27.94%    passed     88.44%
   4  P004_Tenrec         26.32%    failed      0.04%
   5  P005_Rock_hyrax     26.72%    passed     22.94%
   6  P007_Armadillo      20.78%    passed     18.40%
   7  P008_Sloth          31.71%    passed     26.53%
   8  P009_Hedgehog       46.56%    passed     20.12%
   9  P010_Common_shrew   42.51%    failed      0.03%
  10  P011_Dolphin        19.30%    passed     89.87%
  11  P012_Cow            16.19%    passed     57.43%
  12  P014_Alpaca         31.17%    passed     14.47%
  13  P015_Horse          24.56%    passed     78.37%
  14  P016_Dog            17.81%    passed     87.91%
  15  P017_Cat            39.41%    passed     13.37%
  16  P018_Megabat        24.16%    passed     86.10%
  17  P019_Microbat       17.81%    passed     92.98%
  18  P020_Rabbit         44.80%    passed     83.99%
  19  P021_Pika           23.89%    failed      0.00%
  20  P022_Squirrel       43.32%    passed     14.22%
  21  P023_Guinea_pig     24.83%    passed     44.58%
  22  P024_Kangaroo_rat   24.02%    passed      5.20%
  23  P025_Mouse          29.15%    failed      0.58%
  24  P026_Rat            27.94%    passed     26.63%
  25  P027_Tree_shrew     23.35%    passed     59.25%
  26  P028_Bushbaby       24.02%    passed     19.30%
  27  P029_Mouse_lemur    30.90%    passed     32.14%
  28  P030_Tarsier        17.00%    passed     47.88%
  29  P031_Marmoset       20.38%    passed      7.36%
  30  P032_Rhesus         16.60%    passed     38.03%
  31  P033_Orangutan      16.46%    passed     39.60%
  32  P034_Gorilla        31.04%    failed      4.65%
  33  P035_Chimp          16.46%    passed     47.23%
  34  P036_Human          16.46%    passed     49.35%
****  TOTAL               25.72%  6 sequences failed composition chi2 test (p-value<5%; df=3)
Checking for duplicate sequences: done in 0.000151157 secs using 801.2% CPU

Create initial parsimony tree by phylogenetic likelihood library (PLL)... 0.003 seconds

NOTE: 6 MB RAM (0 GB) is required!
Estimate model parameters (epsilon = 0.100)
1. Initial log-likelihood: -22506.075
2. Current log-likelihood: -21213.475
3. Current log-likelihood: -21201.696
4. Current log-likelihood: -21201.525
Optimal log-likelihood: -21201.513
Rate parameters:  A-C: 1.17807  A-G: 4.03232  A-T: 0.53383  C-G: 1.58965  C-T: 3.99052  G-T: 1.00000
Base frequencies:  A: 0.290  C: 0.219  G: 0.223  T: 0.268
Gamma shape alpha: 0.672
Parameters optimization took 4 rounds (0.107 sec)
Wrote distance file to... 
Computing ML distances based on estimated model parameters...
Calculating distance matrix: done in 0.000735998 secs using 813% CPU
Computing ML distances took 0.000887 sec (of wall-clock time) 0.006853 sec (of CPU time)
Setting up auxiliary I and S matrices: done in 0.000101089 secs using 709.3% CPU
Constructing RapidNJ tree: done in 0.00190496 secs using 792.6% CPU
Computing RapidNJ tree took 0.002044 sec (of wall-clock time) 0.016408 sec (of CPU time)
Log-likelihood of RapidNJ tree: -21338.016
--------------------------------------------------------------------
|             INITIALIZING CANDIDATE TREE SET                      |
--------------------------------------------------------------------
Generating 98 parsimony trees... 0.379 second
Computing log-likelihood of 98 initial trees ... 0.632 seconds
Current best score: -21201.513

Do NNI search on 20 best initial trees
Estimate model parameters (epsilon = 0.100)
BETTER TREE FOUND at iteration 1: -21199.696
Estimate model parameters (epsilon = 0.100)
BETTER TREE FOUND at iteration 2: -21195.330
Estimate model parameters (epsilon = 0.100)
BETTER TREE FOUND at iteration 9: -21182.316
Iteration 10 / LogL: -21199.794 / Time: 0h:0m:2s
Iteration 20 / LogL: -21199.711 / Time: 0h:0m:2s
Finish initializing candidate tree set (14)
Current best tree score: -21182.316 / CPU time: 2.793
Number of iterations: 20
--------------------------------------------------------------------
|               OPTIMIZING CANDIDATE TREE SET                      |
--------------------------------------------------------------------
Estimate model parameters (epsilon = 0.100)
BETTER TREE FOUND at iteration 22: -21182.181
Iteration 30 / LogL: -21182.321 / Time: 0h:0m:3s (0h:0m:12s left)
Iteration 40 / LogL: -21185.515 / Time: 0h:0m:4s (0h:0m:10s left)
Iteration 50 / LogL: -21185.324 / Time: 0h:0m:5s (0h:0m:8s left)
Iteration 60 / LogL: -21185.352 / Time: 0h:0m:6s (0h:0m:7s left)
Iteration 70 / LogL: -21182.221 / Time: 0h:0m:8s (0h:0m:6s left)
Iteration 80 / LogL: -21185.433 / Time: 0h:0m:9s (0h:0m:4s left)
Iteration 90 / LogL: -21185.311 / Time: 0h:0m:10s (0h:0m:3s left)
Iteration 100 / LogL: -21182.345 / Time: 0h:0m:11s (0h:0m:2s left)
Iteration 110 / LogL: -21182.263 / Time: 0h:0m:12s (0h:0m:1s left)
Iteration 120 / LogL: -21185.490 / Time: 0h:0m:13s (0h:0m:0s left)
TREE SEARCH COMPLETED AFTER 123 ITERATIONS / Time: 0h:0m:13s

--------------------------------------------------------------------
|                    FINALIZING TREE SEARCH                        |
--------------------------------------------------------------------
Performs final model parameters optimization
Estimate model parameters (epsilon = 0.010)
1. Initial log-likelihood: -21182.181
Optimal log-likelihood: -21182.181
Rate parameters:  A-C: 1.19188  A-G: 4.09524  A-T: 0.53869  C-G: 1.60370  C-T: 3.98477  G-T: 1.00000
Base frequencies:  A: 0.290  C: 0.219  G: 0.223  T: 0.268
Gamma shape alpha: 0.673
Parameters optimization took 1 rounds (0.013 sec)
BEST SCORE FOUND : -21182.181
Total tree length: 3.439

Total number of iterations: 123
CPU time used for tree search: 104.225 sec (0h:1m:44s)
Wall-clock time used for tree search: 13.329 sec (0h:0m:13s)
Total CPU time used: 105.499 sec (0h:1m:45s)
Total wall-clock time used: 13.490 sec (0h:0m:13s)

Analysis results written to: 
  IQ-TREE report:                /workspace/IQTree_8_cores_TarvD7_Results/ENSG00000136122.nuc.ord.iqtree
  Maximum-likelihood tree:       /workspace/IQTree_8_cores_TarvD7_Results/ENSG00000136122.nuc.ord.treefile
  Likelihood distances:          /workspace/IQTree_8_cores_TarvD7_Results/ENSG00000136122.nuc.ord.mldist
  Screen log file:               /workspace/IQTree_8_cores_TarvD7_Results/ENSG00000136122.nuc.ord.log

Date and Time: Tue May 26 15:15:08 2026
