IQ-TREE version 3.1.2 for Linux x86 64-bit built May  7 2026
Developed by Bui Quang Minh, Thomas Wong, Nhan Ly-Trong, Huaiyan Ren
Contributed by Lam-Tung Nguyen, Dominik Schrempf, Chris Bielow,
Olga Chernomor, Michael Woodhams, Diep Thi Hoang, Heiko Schmidt

Host:    8084c4e79f09 (AVX512, FMA3, 1133 GB RAM)
Command: /workspace/iqtree-3.1.2-Linux/bin/iqtree3_intel -s /workspace/NeuralNJ/empirical/TarvD7/ENSG00000108592.nuc.ord.aln -st DNA -m GTR+G -T 8 -seed 2201 -pre /workspace/IQTree_8_cores_TarvD7_Results/ENSG00000108592.nuc.ord -quiet
Seed:    2201 (Using SPRNG - Scalable Parallel Random Number Generator)
Time:    Tue May 26 06:05:49 2026
Kernel:  AVX+FMA - 8 threads (384 CPU cores detected)

Reading alignment file /workspace/NeuralNJ/empirical/TarvD7/ENSG00000108592.nuc.ord.aln ... Fasta format detected
Reading fasta file: done in 0.00112605 secs using 54.88% CPU
Alignment most likely contains DNA/RNA sequences
Constructing alignment: done in 0.00545096 secs using 708.9% CPU
Alignment has 28 sequences with 2760 columns, 1601 distinct patterns
1006 parsimony-informative, 417 singleton sites, 1337 constant sites
                   Gap/Ambiguity  Composition  p-value
Analyzing sequences: done in 6.00815e-05 secs using 852.2% CPU
   1  P002_Opossum         9.67%    passed      9.31%
   2  P003_Wallaby        14.57%    passed     31.70%
   3  P004_Tenrec          9.67%    failed      0.14%
   4  P005_Rock_hyrax     10.11%    passed     74.49%
   5  P006_Elephant       32.61%    passed     69.86%
   6  P008_Sloth          71.63%    failed      0.72%
   7  P011_Dolphin         9.46%    passed     72.79%
   8  P012_Cow             9.13%    failed      2.22%
   9  P013_Pig             9.13%    passed     11.32%
  10  P014_Alpaca         76.74%    passed     20.20%
  11  P015_Horse           9.02%    passed     89.85%
  12  P016_Dog            39.24%    failed      3.73%
  13  P018_Megabat         8.80%    passed     66.22%
  14  P019_Microbat       28.37%    passed     72.80%
  15  P020_Rabbit         25.43%    passed     23.60%
  16  P021_Pika            9.13%    failed      4.82%
  17  P023_Guinea_pig     10.11%    failed      0.23%
  18  P024_Kangaroo_rat   11.30%    passed      5.76%
  19  P025_Mouse           8.91%    passed     14.40%
  20  P027_Tree_shrew     15.43%    passed     69.99%
  21  P029_Mouse_lemur    13.91%    passed     85.57%
  22  P030_Tarsier        27.39%    failed      0.67%
  23  P031_Marmoset        8.91%    passed     82.18%
  24  P032_Rhesus          8.37%    passed     83.19%
  25  P033_Orangutan       9.13%    passed     87.30%
  26  P034_Gorilla        22.83%    passed     99.99%
  27  P035_Chimp           7.93%    passed     96.26%
  28  P036_Human           7.93%    passed     97.63%
WARNING: 2 sequences contain more than 50% gaps/ambiguity
****  TOTAL               18.75%  7 sequences failed composition chi2 test (p-value<5%; df=3)
Checking for duplicate sequences: done in 0.000206947 secs using 777.5% CPU

Create initial parsimony tree by phylogenetic likelihood library (PLL)... 0.005 seconds

NOTE: 5 MB RAM (0 GB) is required!
Estimate model parameters (epsilon = 0.100)
1. Initial log-likelihood: -22998.975
2. Current log-likelihood: -21482.463
3. Current log-likelihood: -21464.837
4. Current log-likelihood: -21464.698
Optimal log-likelihood: -21464.686
Rate parameters:  A-C: 1.82126  A-G: 5.68593  A-T: 1.52623  C-G: 0.83517  C-T: 8.21060  G-T: 1.00000
Base frequencies:  A: 0.278  C: 0.227  G: 0.303  T: 0.193
Gamma shape alpha: 0.467
Parameters optimization took 4 rounds (0.086 sec)
Wrote distance file to... 
Computing ML distances based on estimated model parameters...
Calculating distance matrix: done in 0.000405073 secs using 760.1% CPU
Computing ML distances took 0.000515 sec (of wall-clock time) 0.003830 sec (of CPU time)
Setting up auxiliary I and S matrices: done in 7.20024e-05 secs using 1229% CPU
Constructing RapidNJ tree: done in 0.00134492 secs using 452.2% CPU
Computing RapidNJ tree took 0.001448 sec (of wall-clock time) 0.010806 sec (of CPU time)
Log-likelihood of RapidNJ tree: -21548.674
--------------------------------------------------------------------
|             INITIALIZING CANDIDATE TREE SET                      |
--------------------------------------------------------------------
Generating 98 parsimony trees... 0.271 second
Computing log-likelihood of 98 initial trees ... 0.458 seconds
Current best score: -21464.686

Do NNI search on 20 best initial trees
Estimate model parameters (epsilon = 0.100)
BETTER TREE FOUND at iteration 1: -21455.966
Iteration 10 / LogL: -21465.912 / Time: 0h:0m:1s
Estimate model parameters (epsilon = 0.100)
BETTER TREE FOUND at iteration 12: -21455.185
Iteration 20 / LogL: -21455.260 / Time: 0h:0m:2s
Finish initializing candidate tree set (6)
Current best tree score: -21455.185 / CPU time: 2.366
Number of iterations: 20
--------------------------------------------------------------------
|               OPTIMIZING CANDIDATE TREE SET                      |
--------------------------------------------------------------------
Estimate model parameters (epsilon = 0.100)
BETTER TREE FOUND at iteration 25: -21450.228
Iteration 30 / LogL: -21455.201 / Time: 0h:0m:3s (0h:0m:10s left)
UPDATE BEST LOG-LIKELIHOOD: -21450.228
Iteration 40 / LogL: -21450.245 / Time: 0h:0m:4s (0h:0m:9s left)
Iteration 50 / LogL: -21456.006 / Time: 0h:0m:5s (0h:0m:7s left)
Iteration 60 / LogL: -21450.892 / Time: 0h:0m:5s (0h:0m:6s left)
Iteration 70 / LogL: -21450.305 / Time: 0h:0m:6s (0h:0m:5s left)
Iteration 80 / LogL: -21455.987 / Time: 0h:0m:7s (0h:0m:4s left)
Iteration 90 / LogL: -21450.242 / Time: 0h:0m:8s (0h:0m:3s left)
Iteration 100 / LogL: -21455.430 / Time: 0h:0m:9s (0h:0m:2s left)
Iteration 110 / LogL: -21455.582 / Time: 0h:0m:10s (0h:0m:1s left)
Iteration 120 / LogL: -21455.659 / Time: 0h:0m:11s (0h:0m:0s left)
TREE SEARCH COMPLETED AFTER 126 ITERATIONS / Time: 0h:0m:11s

--------------------------------------------------------------------
|                    FINALIZING TREE SEARCH                        |
--------------------------------------------------------------------
Performs final model parameters optimization
Estimate model parameters (epsilon = 0.010)
1. Initial log-likelihood: -21450.228
Optimal log-likelihood: -21450.227
Rate parameters:  A-C: 1.83589  A-G: 5.74206  A-T: 1.52460  C-G: 0.82323  C-T: 8.20208  G-T: 1.00000
Base frequencies:  A: 0.278  C: 0.227  G: 0.303  T: 0.193
Gamma shape alpha: 0.464
Parameters optimization took 1 rounds (0.011 sec)
BEST SCORE FOUND : -21450.227
Total tree length: 2.328

Total number of iterations: 126
CPU time used for tree search: 92.141 sec (0h:1m:32s)
Wall-clock time used for tree search: 11.700 sec (0h:0m:11s)
Total CPU time used: 93.192 sec (0h:1m:33s)
Total wall-clock time used: 11.834 sec (0h:0m:11s)

Analysis results written to: 
  IQ-TREE report:                /workspace/IQTree_8_cores_TarvD7_Results/ENSG00000108592.nuc.ord.iqtree
  Maximum-likelihood tree:       /workspace/IQTree_8_cores_TarvD7_Results/ENSG00000108592.nuc.ord.treefile
  Likelihood distances:          /workspace/IQTree_8_cores_TarvD7_Results/ENSG00000108592.nuc.ord.mldist
  Screen log file:               /workspace/IQTree_8_cores_TarvD7_Results/ENSG00000108592.nuc.ord.log

Date and Time: Tue May 26 06:06:01 2026
