IQ-TREE version 3.1.2 for Linux x86 64-bit built May  7 2026
Developed by Bui Quang Minh, Thomas Wong, Nhan Ly-Trong, Huaiyan Ren
Contributed by Lam-Tung Nguyen, Dominik Schrempf, Chris Bielow,
Olga Chernomor, Michael Woodhams, Diep Thi Hoang, Heiko Schmidt

Host:    8084c4e79f09 (AVX512, FMA3, 1133 GB RAM)
Command: /workspace/iqtree-3.1.2-Linux/bin/iqtree3_intel -s /workspace/NeuralNJ/empirical/TarvD7/ENSG00000172794.nuc.ord.aln -st DNA -m GTR+G -T 8 -seed 2201 -pre /workspace/IQTree_8_cores_TarvD7_Results/ENSG00000172794.nuc.ord -quiet
Seed:    2201 (Using SPRNG - Scalable Parallel Random Number Generator)
Time:    Wed May 27 05:59:45 2026
Kernel:  AVX+FMA - 8 threads (384 CPU cores detected)

Reading alignment file /workspace/NeuralNJ/empirical/TarvD7/ENSG00000172794.nuc.ord.aln ... Fasta format detected
Reading fasta file: done in 0.000559092 secs using 42.75% CPU
Alignment most likely contains DNA/RNA sequences
Constructing alignment: done in 0.0014472 secs using 673.2% CPU
Alignment has 27 sequences with 1164 columns, 469 distinct patterns
211 parsimony-informative, 179 singleton sites, 774 constant sites
                   Gap/Ambiguity  Composition  p-value
Analyzing sequences: done in 1.38283e-05 secs using 600.2% CPU
   1  P001_Platypus       43.56%    passed     97.80%
   2  P002_Opossum        42.27%    failed      2.56%
   3  P005_Rock_hyrax     44.07%    passed     77.52%
   4  P006_Elephant       57.47%    passed     97.77%
   5  P008_Sloth          68.81%    passed     91.41%
   6  P011_Dolphin        52.06%    passed     89.48%
   7  P012_Cow            42.53%    passed     83.46%
   8  P013_Pig            42.53%    passed     83.08%
   9  P015_Horse          42.53%    passed     98.99%
  10  P016_Dog            34.28%    passed     82.14%
  11  P018_Megabat        43.04%    passed     57.04%
  12  P019_Microbat       46.13%    passed     51.63%
  13  P020_Rabbit         55.67%    passed     31.86%
  14  P021_Pika           50.52%    passed     90.15%
  15  P022_Squirrel       56.19%    passed     58.41%
  16  P023_Guinea_pig     42.27%    passed     63.90%
  17  P024_Kangaroo_rat   42.78%    passed     85.28%
  18  P025_Mouse          42.53%    passed     39.55%
  19  P026_Rat            42.53%    passed      9.94%
  20  P027_Tree_shrew     68.56%    passed     51.47%
  21  P029_Mouse_lemur    42.53%    passed     79.91%
  22  P031_Marmoset       42.27%    passed     99.40%
  23  P032_Rhesus         42.53%    passed     88.87%
  24  P033_Orangutan      49.23%    passed     86.53%
  25  P034_Gorilla        59.79%    passed     97.09%
  26  P035_Chimp          44.85%    passed     92.61%
  27  P036_Human          41.24%    passed     93.61%
WARNING: 8 sequences contain more than 50% gaps/ambiguity
****  TOTAL               47.51%  1 sequences failed composition chi2 test (p-value<5%; df=3)
Checking for duplicate sequences: done in 8.08239e-05 secs using 817.8% CPU

Create initial parsimony tree by phylogenetic likelihood library (PLL)... 0.001 seconds

NOTE: 1 MB RAM (0 GB) is required!
WARNING: Number of threads seems too high for short alignments. Use -T AUTO to determine best number of threads.
Estimate model parameters (epsilon = 0.100)
1. Initial log-likelihood: -6522.679
2. Current log-likelihood: -6057.436
3. Current log-likelihood: -6049.718
4. Current log-likelihood: -6049.559
Optimal log-likelihood: -6049.529
Rate parameters:  A-C: 1.67926  A-G: 4.41573  A-T: 1.15370  C-G: 1.31337  C-T: 6.14097  G-T: 1.00000
Base frequencies:  A: 0.224  C: 0.278  G: 0.303  T: 0.195
Gamma shape alpha: 0.388
Parameters optimization took 4 rounds (0.040 sec)
Wrote distance file to... 
Computing ML distances based on estimated model parameters...
Calculating distance matrix: done in 0.000272036 secs using 838.1% CPU
Computing ML distances took 0.000318 sec (of wall-clock time) 0.002490 sec (of CPU time)
Setting up auxiliary I and S matrices: done in 6.98566e-05 secs using 1686% CPU
Constructing RapidNJ tree: done in 0.00129104 secs using 781.5% CPU
Computing RapidNJ tree took 0.001388 sec (of wall-clock time) 0.013106 sec (of CPU time)
Log-likelihood of RapidNJ tree: -6035.162
--------------------------------------------------------------------
|             INITIALIZING CANDIDATE TREE SET                      |
--------------------------------------------------------------------
Generating 98 parsimony trees... 0.095 second
Computing log-likelihood of 98 initial trees ... 0.246 seconds
Current best score: -6035.162

Do NNI search on 20 best initial trees
Estimate model parameters (epsilon = 0.100)
BETTER TREE FOUND at iteration 1: -6028.988
Estimate model parameters (epsilon = 0.100)
BETTER TREE FOUND at iteration 2: -6028.236
Estimate model parameters (epsilon = 0.100)
BETTER TREE FOUND at iteration 3: -6022.871
Estimate model parameters (epsilon = 0.100)
BETTER TREE FOUND at iteration 6: -6022.470
Iteration 10 / LogL: -6026.174 / Time: 0h:0m:0s
Iteration 20 / LogL: -6023.324 / Time: 0h:0m:1s
Finish initializing candidate tree set (17)
Current best tree score: -6022.470 / CPU time: 1.460
Number of iterations: 20
--------------------------------------------------------------------
|               OPTIMIZING CANDIDATE TREE SET                      |
--------------------------------------------------------------------
Estimate model parameters (epsilon = 0.100)
BETTER TREE FOUND at iteration 22: -6018.994
Iteration 30 / LogL: -6021.438 / Time: 0h:0m:2s (0h:0m:6s left)
Iteration 40 / LogL: -6024.610 / Time: 0h:0m:2s (0h:0m:5s left)
Iteration 50 / LogL: -6023.309 / Time: 0h:0m:3s (0h:0m:4s left)
UPDATE BEST LOG-LIKELIHOOD: -6018.994
UPDATE BEST LOG-LIKELIHOOD: -6018.993
Iteration 60 / LogL: -6021.431 / Time: 0h:0m:3s (0h:0m:4s left)
Iteration 70 / LogL: -6022.845 / Time: 0h:0m:4s (0h:0m:3s left)
Iteration 80 / LogL: -6022.997 / Time: 0h:0m:5s (0h:0m:2s left)
Iteration 90 / LogL: -6021.150 / Time: 0h:0m:5s (0h:0m:2s left)
Iteration 100 / LogL: -6020.566 / Time: 0h:0m:6s (0h:0m:1s left)
Iteration 110 / LogL: -6020.565 / Time: 0h:0m:7s (0h:0m:0s left)
Iteration 120 / LogL: -6019.014 / Time: 0h:0m:7s (0h:0m:0s left)
TREE SEARCH COMPLETED AFTER 123 ITERATIONS / Time: 0h:0m:8s

--------------------------------------------------------------------
|                    FINALIZING TREE SEARCH                        |
--------------------------------------------------------------------
Performs final model parameters optimization
Estimate model parameters (epsilon = 0.010)
1. Initial log-likelihood: -6018.993
Optimal log-likelihood: -6018.993
Rate parameters:  A-C: 1.58201  A-G: 4.45186  A-T: 1.08371  C-G: 1.28728  C-T: 5.99821  G-T: 1.00000
Base frequencies:  A: 0.224  C: 0.278  G: 0.303  T: 0.195
Gamma shape alpha: 0.394
Parameters optimization took 1 rounds (0.006 sec)
BEST SCORE FOUND : -6018.993
Total tree length: 2.492

Total number of iterations: 123
CPU time used for tree search: 62.979 sec (0h:1m:2s)
Wall-clock time used for tree search: 8.110 sec (0h:0m:8s)
Total CPU time used: 63.506 sec (0h:1m:3s)
Total wall-clock time used: 8.175 sec (0h:0m:8s)

Analysis results written to: 
  IQ-TREE report:                /workspace/IQTree_8_cores_TarvD7_Results/ENSG00000172794.nuc.ord.iqtree
  Maximum-likelihood tree:       /workspace/IQTree_8_cores_TarvD7_Results/ENSG00000172794.nuc.ord.treefile
  Likelihood distances:          /workspace/IQTree_8_cores_TarvD7_Results/ENSG00000172794.nuc.ord.mldist
  Screen log file:               /workspace/IQTree_8_cores_TarvD7_Results/ENSG00000172794.nuc.ord.log

Date and Time: Wed May 27 05:59:53 2026
