IQ-TREE version 3.1.2 for Linux x86 64-bit built May  7 2026
Developed by Bui Quang Minh, Thomas Wong, Nhan Ly-Trong, Huaiyan Ren
Contributed by Lam-Tung Nguyen, Dominik Schrempf, Chris Bielow,
Olga Chernomor, Michael Woodhams, Diep Thi Hoang, Heiko Schmidt

Host:    8084c4e79f09 (AVX512, FMA3, 1133 GB RAM)
Command: /workspace/iqtree-3.1.2-Linux/bin/iqtree3_intel -s /workspace/NeuralNJ/empirical/TarvD7/ENSG00000187778.nuc.ord.aln -st DNA -m GTR+G -T 8 -seed 2201 -pre /workspace/IQTree_8_cores_TarvD7_Results/ENSG00000187778.nuc.ord -quiet
Seed:    2201 (Using SPRNG - Scalable Parallel Random Number Generator)
Time:    Wed May 27 10:20:15 2026
Kernel:  AVX+FMA - 8 threads (384 CPU cores detected)

Reading alignment file /workspace/NeuralNJ/empirical/TarvD7/ENSG00000187778.nuc.ord.aln ... Fasta format detected
Reading fasta file: done in 0.000715017 secs using 56.78% CPU
Alignment most likely contains DNA/RNA sequences
Constructing alignment: done in 0.00291491 secs using 527.8% CPU
Alignment has 31 sequences with 1539 columns, 700 distinct patterns
346 parsimony-informative, 268 singleton sites, 925 constant sites
                   Gap/Ambiguity  Composition  p-value
Analyzing sequences: done in 2.5034e-05 secs using 527.3% CPU
   1  P001_Platypus       60.04%    passed     19.92%
   2  P002_Opossum        10.53%    passed     97.49%
   3  P003_Wallaby        35.87%    passed     13.14%
   4  P004_Tenrec         59.26%    passed     71.56%
   5  P005_Rock_hyrax      7.80%    passed     70.66%
   6  P006_Elephant       31.38%    passed     83.87%
   7  P007_Armadillo      32.55%    passed     23.33%
   8  P009_Hedgehog       40.16%    passed     99.50%
   9  P011_Dolphin         7.99%    passed     91.48%
  10  P012_Cow             9.94%    passed     94.54%
  11  P013_Pig            26.71%    passed      5.00%
  12  P015_Horse           9.94%    passed     99.83%
  13  P016_Dog            47.17%    passed     97.95%
  14  P017_Cat            45.22%    passed     70.14%
  15  P018_Megabat        19.69%    passed     84.17%
  16  P019_Microbat       19.88%    passed     95.20%
  17  P022_Squirrel       31.58%    passed     14.18%
  18  P023_Guinea_pig      7.41%    passed     97.52%
  19  P024_Kangaroo_rat   10.53%    passed     41.28%
  20  P025_Mouse           9.94%    passed     85.68%
  21  P026_Rat             9.94%    passed     79.95%
  22  P027_Tree_shrew     26.51%    passed     61.74%
  23  P028_Bushbaby       19.69%    passed     85.73%
  24  P029_Mouse_lemur     7.41%    passed     87.29%
  25  P030_Tarsier        18.13%    passed     67.08%
  26  P031_Marmoset        7.41%    passed     97.78%
  27  P032_Rhesus         15.59%    passed     80.59%
  28  P033_Orangutan       9.75%    passed     99.23%
  29  P034_Gorilla        43.66%    passed     96.07%
  30  P035_Chimp           7.41%    passed     92.73%
  31  P036_Human           7.41%    passed     93.18%
WARNING: 2 sequences contain more than 50% gaps/ambiguity
****  TOTAL               22.47%  0 sequences failed composition chi2 test (p-value<5%; df=3)
Checking for duplicate sequences: done in 0.000154018 secs using 809.6% CPU

Create initial parsimony tree by phylogenetic likelihood library (PLL)... 0.002 seconds

NOTE: 2 MB RAM (0 GB) is required!
WARNING: Number of threads seems too high for short alignments. Use -T AUTO to determine best number of threads.
Estimate model parameters (epsilon = 0.100)
1. Initial log-likelihood: -9952.591
2. Current log-likelihood: -9180.942
3. Current log-likelihood: -9153.908
4. Current log-likelihood: -9152.942
Optimal log-likelihood: -9152.886
Rate parameters:  A-C: 1.77616  A-G: 6.53066  A-T: 2.32383  C-G: 0.76927  C-T: 11.24966  G-T: 1.00000
Base frequencies:  A: 0.236  C: 0.289  G: 0.290  T: 0.185
Gamma shape alpha: 0.306
Parameters optimization took 4 rounds (0.146 sec)
Wrote distance file to... 
Computing ML distances based on estimated model parameters...
Calculating distance matrix: done in 0.000519037 secs using 817.3% CPU
Computing ML distances took 0.000606 sec (of wall-clock time) 0.004652 sec (of CPU time)
Setting up auxiliary I and S matrices: done in 0.000128984 secs using 1462% CPU
Constructing RapidNJ tree: done in 0.00241899 secs using 783.7% CPU
Computing RapidNJ tree took 0.002621 sec (of wall-clock time) 0.024328 sec (of CPU time)
Log-likelihood of RapidNJ tree: -9240.539
--------------------------------------------------------------------
|             INITIALIZING CANDIDATE TREE SET                      |
--------------------------------------------------------------------
Generating 98 parsimony trees... 0.162 second
Computing log-likelihood of 98 initial trees ... 0.536 seconds
Current best score: -9152.886

Do NNI search on 20 best initial trees
Estimate model parameters (epsilon = 0.100)
BETTER TREE FOUND at iteration 1: -9145.948
Estimate model parameters (epsilon = 0.100)
BETTER TREE FOUND at iteration 2: -9145.297
Estimate model parameters (epsilon = 0.100)
BETTER TREE FOUND at iteration 3: -9136.816
Estimate model parameters (epsilon = 0.100)
BETTER TREE FOUND at iteration 4: -9134.788
Estimate model parameters (epsilon = 0.100)
BETTER TREE FOUND at iteration 5: -9133.760
Iteration 10 / LogL: -9139.800 / Time: 0h:0m:2s
Iteration 20 / LogL: -9143.193 / Time: 0h:0m:2s
Finish initializing candidate tree set (17)
Current best tree score: -9133.760 / CPU time: 2.655
Number of iterations: 20
--------------------------------------------------------------------
|               OPTIMIZING CANDIDATE TREE SET                      |
--------------------------------------------------------------------
Estimate model parameters (epsilon = 0.100)
BETTER TREE FOUND at iteration 22: -9133.659
Estimate model parameters (epsilon = 0.100)
BETTER TREE FOUND at iteration 26: -9133.365
Iteration 30 / LogL: -9134.459 / Time: 0h:0m:4s (0h:0m:13s left)
Estimate model parameters (epsilon = 0.100)
BETTER TREE FOUND at iteration 31: -9132.257
Iteration 40 / LogL: -9135.082 / Time: 0h:0m:5s (0h:0m:12s left)
UPDATE BEST LOG-LIKELIHOOD: -9132.250
Iteration 50 / LogL: -9132.972 / Time: 0h:0m:6s (0h:0m:10s left)
Estimate model parameters (epsilon = 0.100)
BETTER TREE FOUND at iteration 57: -9132.064
Iteration 60 / LogL: -9134.230 / Time: 0h:0m:7s (0h:0m:11s left)
Estimate model parameters (epsilon = 0.100)
UPDATE BEST LOG-LIKELIHOOD: -9132.048
Iteration 70 / LogL: -9134.473 / Time: 0h:0m:7s (0h:0m:10s left)
Iteration 80 / LogL: -9132.972 / Time: 0h:0m:8s (0h:0m:8s left)
Iteration 90 / LogL: -9135.830 / Time: 0h:0m:9s (0h:0m:7s left)
Iteration 100 / LogL: -9134.190 / Time: 0h:0m:10s (0h:0m:6s left)
Iteration 110 / LogL: -9133.025 / Time: 0h:0m:11s (0h:0m:4s left)
Iteration 120 / LogL: -9134.087 / Time: 0h:0m:12s (0h:0m:3s left)
Iteration 130 / LogL: -9132.051 / Time: 0h:0m:12s (0h:0m:2s left)
Iteration 140 / LogL: -9133.833 / Time: 0h:0m:13s (0h:0m:1s left)
Iteration 150 / LogL: -9132.070 / Time: 0h:0m:14s (0h:0m:0s left)
TREE SEARCH COMPLETED AFTER 158 ITERATIONS / Time: 0h:0m:14s

--------------------------------------------------------------------
|                    FINALIZING TREE SEARCH                        |
--------------------------------------------------------------------
Performs final model parameters optimization
Estimate model parameters (epsilon = 0.010)
1. Initial log-likelihood: -9132.048
Optimal log-likelihood: -9132.048
Rate parameters:  A-C: 1.78007  A-G: 6.75019  A-T: 2.33631  C-G: 0.76407  C-T: 11.72780  G-T: 1.00000
Base frequencies:  A: 0.236  C: 0.289  G: 0.290  T: 0.185
Gamma shape alpha: 0.303
Parameters optimization took 1 rounds (0.008 sec)
BEST SCORE FOUND : -9132.048
Total tree length: 2.201

Total number of iterations: 158
CPU time used for tree search: 117.398 sec (0h:1m:57s)
Wall-clock time used for tree search: 14.760 sec (0h:0m:14s)
Total CPU time used: 119.100 sec (0h:1m:59s)
Total wall-clock time used: 14.974 sec (0h:0m:14s)

Analysis results written to: 
  IQ-TREE report:                /workspace/IQTree_8_cores_TarvD7_Results/ENSG00000187778.nuc.ord.iqtree
  Maximum-likelihood tree:       /workspace/IQTree_8_cores_TarvD7_Results/ENSG00000187778.nuc.ord.treefile
  Likelihood distances:          /workspace/IQTree_8_cores_TarvD7_Results/ENSG00000187778.nuc.ord.mldist
  Screen log file:               /workspace/IQTree_8_cores_TarvD7_Results/ENSG00000187778.nuc.ord.log

Date and Time: Wed May 27 10:20:30 2026
