IQ-TREE version 3.1.2 for Linux x86 64-bit built May  7 2026
Developed by Bui Quang Minh, Thomas Wong, Nhan Ly-Trong, Huaiyan Ren
Contributed by Lam-Tung Nguyen, Dominik Schrempf, Chris Bielow,
Olga Chernomor, Michael Woodhams, Diep Thi Hoang, Heiko Schmidt

Host:    8084c4e79f09 (AVX512, FMA3, 1133 GB RAM)
Command: /workspace/iqtree-3.1.2-Linux/bin/iqtree3_intel -s /workspace/NeuralNJ/empirical/TarvD7/ENSG00000169783.nuc.ord.aln -st DNA -m GTR+G -T 8 -seed 2201 -pre /workspace/IQTree_8_cores_TarvD7_Results/ENSG00000169783.nuc.ord -quiet
Seed:    2201 (Using SPRNG - Scalable Parallel Random Number Generator)
Time:    Wed May 27 04:44:30 2026
Kernel:  AVX+FMA - 8 threads (384 CPU cores detected)

Reading alignment file /workspace/NeuralNJ/empirical/TarvD7/ENSG00000169783.nuc.ord.aln ... Fasta format detected
Reading fasta file: done in 0.000831842 secs using 99.9% CPU
Alignment most likely contains DNA/RNA sequences
Constructing alignment: done in 0.00233293 secs using 711.6% CPU
Alignment has 24 sequences with 1896 columns, 574 distinct patterns
367 parsimony-informative, 265 singleton sites, 1264 constant sites
                 Gap/Ambiguity  Composition  p-value
Analyzing sequences: done in 2.09808e-05 secs using 557.7% CPU
   1  P001_Platypus      1.58%    failed      0.01%
   2  P002_Opossum       2.06%    passed     86.55%
   3  P003_Wallaby      42.25%    failed      0.40%
   4  P006_Elephant      2.85%    passed     69.22%
   5  P007_Armadillo     2.85%    passed     40.34%
   6  P009_Hedgehog     29.11%    passed     50.17%
   7  P011_Dolphin      12.34%    passed     87.01%
   8  P012_Cow           1.42%    passed     72.38%
   9  P013_Pig           2.85%    passed     83.49%
  10  P015_Horse         2.85%    passed     46.84%
  11  P016_Dog           1.90%    passed     51.93%
  12  P017_Cat           2.85%    passed     92.37%
  13  P019_Microbat     12.50%    failed      0.06%
  14  P020_Rabbit        1.90%    failed      0.42%
  15  P021_Pika          2.85%    passed     97.33%
  16  P023_Guinea_pig    2.85%    passed     86.81%
  17  P025_Mouse         1.90%    failed      2.60%
  18  P026_Rat           1.90%    failed      3.56%
  19  P027_Tree_shrew    5.54%    passed     22.83%
  20  P031_Marmoset      1.90%    passed     84.41%
  21  P032_Rhesus        2.85%    passed     97.94%
  22  P034_Gorilla       3.01%    passed     95.36%
  23  P035_Chimp        11.71%    passed     56.31%
  24  P036_Human         1.90%    passed     97.77%
****  TOTAL              6.49%  6 sequences failed composition chi2 test (p-value<5%; df=3)
Checking for duplicate sequences: done in 7.98702e-05 secs using 750% CPU

Create initial parsimony tree by phylogenetic likelihood library (PLL)... 0.001 seconds

NOTE: 1 MB RAM (0 GB) is required!
WARNING: Number of threads seems too high for short alignments. Use -T AUTO to determine best number of threads.
Estimate model parameters (epsilon = 0.100)
1. Initial log-likelihood: -10564.481
2. Current log-likelihood: -9913.032
3. Current log-likelihood: -9883.983
4. Current log-likelihood: -9882.348
Optimal log-likelihood: -9882.277
Rate parameters:  A-C: 1.24528  A-G: 5.82935  A-T: 0.67867  C-G: 2.33253  C-T: 9.13502  G-T: 1.00000
Base frequencies:  A: 0.188  C: 0.360  G: 0.269  T: 0.183
Gamma shape alpha: 0.226
Parameters optimization took 4 rounds (0.064 sec)
Wrote distance file to... 
Computing ML distances based on estimated model parameters...
Calculating distance matrix: done in 0.000366926 secs using 827.7% CPU
Computing ML distances took 0.000446 sec (of wall-clock time) 0.003427 sec (of CPU time)
Setting up auxiliary I and S matrices: done in 7.89165e-05 secs using 1203% CPU
Constructing RapidNJ tree: done in 0.00116396 secs using 359.2% CPU
Computing RapidNJ tree took 0.001273 sec (of wall-clock time) 0.011011 sec (of CPU time)
Log-likelihood of RapidNJ tree: -9944.201
--------------------------------------------------------------------
|             INITIALIZING CANDIDATE TREE SET                      |
--------------------------------------------------------------------
Generating 98 parsimony trees... 0.108 second
Computing log-likelihood of 98 initial trees ... 0.199 seconds
Current best score: -9882.277

Do NNI search on 20 best initial trees
Estimate model parameters (epsilon = 0.100)
BETTER TREE FOUND at iteration 1: -9881.484
Estimate model parameters (epsilon = 0.100)
BETTER TREE FOUND at iteration 3: -9880.475
Iteration 10 / LogL: -9880.796 / Time: 0h:0m:0s
Estimate model parameters (epsilon = 0.100)
BETTER TREE FOUND at iteration 17: -9877.307
Iteration 20 / LogL: -9886.772 / Time: 0h:0m:0s
Finish initializing candidate tree set (8)
Current best tree score: -9877.307 / CPU time: 0.702
Number of iterations: 20
--------------------------------------------------------------------
|               OPTIMIZING CANDIDATE TREE SET                      |
--------------------------------------------------------------------
Iteration 30 / LogL: -9881.099 / Time: 0h:0m:1s (0h:0m:3s left)
Iteration 40 / LogL: -9877.458 / Time: 0h:0m:1s (0h:0m:2s left)
Iteration 50 / LogL: -9880.854 / Time: 0h:0m:1s (0h:0m:2s left)
Iteration 60 / LogL: -9877.349 / Time: 0h:0m:2s (0h:0m:2s left)
Iteration 70 / LogL: -9877.371 / Time: 0h:0m:2s (0h:0m:1s left)
Iteration 80 / LogL: -9877.347 / Time: 0h:0m:2s (0h:0m:1s left)
Iteration 90 / LogL: -9877.394 / Time: 0h:0m:3s (0h:0m:0s left)
Iteration 100 / LogL: -9877.311 / Time: 0h:0m:3s (0h:0m:0s left)
Iteration 110 / LogL: -9877.313 / Time: 0h:0m:4s (0h:0m:0s left)
TREE SEARCH COMPLETED AFTER 118 ITERATIONS / Time: 0h:0m:4s

--------------------------------------------------------------------
|                    FINALIZING TREE SEARCH                        |
--------------------------------------------------------------------
Performs final model parameters optimization
Estimate model parameters (epsilon = 0.010)
1. Initial log-likelihood: -9877.307
Optimal log-likelihood: -9877.306
Rate parameters:  A-C: 1.19858  A-G: 6.04308  A-T: 0.65053  C-G: 2.30301  C-T: 9.04102  G-T: 1.00000
Base frequencies:  A: 0.188  C: 0.360  G: 0.269  T: 0.183
Gamma shape alpha: 0.226
Parameters optimization took 1 rounds (0.006 sec)
BEST SCORE FOUND : -9877.306
Total tree length: 1.610

Total number of iterations: 118
CPU time used for tree search: 35.744 sec (0h:0m:35s)
Wall-clock time used for tree search: 4.469 sec (0h:0m:4s)
Total CPU time used: 36.469 sec (0h:0m:36s)
Total wall-clock time used: 4.561 sec (0h:0m:4s)

Analysis results written to: 
  IQ-TREE report:                /workspace/IQTree_8_cores_TarvD7_Results/ENSG00000169783.nuc.ord.iqtree
  Maximum-likelihood tree:       /workspace/IQTree_8_cores_TarvD7_Results/ENSG00000169783.nuc.ord.treefile
  Likelihood distances:          /workspace/IQTree_8_cores_TarvD7_Results/ENSG00000169783.nuc.ord.mldist
  Screen log file:               /workspace/IQTree_8_cores_TarvD7_Results/ENSG00000169783.nuc.ord.log

Date and Time: Wed May 27 04:44:35 2026
