IQ-TREE version 3.1.2 for Linux x86 64-bit built May  7 2026
Developed by Bui Quang Minh, Thomas Wong, Nhan Ly-Trong, Huaiyan Ren
Contributed by Lam-Tung Nguyen, Dominik Schrempf, Chris Bielow,
Olga Chernomor, Michael Woodhams, Diep Thi Hoang, Heiko Schmidt

Host:    8084c4e79f09 (AVX512, FMA3, 1133 GB RAM)
Command: /workspace/iqtree-3.1.2-Linux/bin/iqtree3_intel -s /workspace/NeuralNJ/empirical/TarvD7/ENSG00000100360.nuc.ord.aln -st DNA -m GTR+G -T 8 -seed 2201 -pre /workspace/IQTree_8_cores_TarvD7_Results/ENSG00000100360.nuc.ord -quiet
Seed:    2201 (Using SPRNG - Scalable Parallel Random Number Generator)
Time:    Tue May 26 03:02:02 2026
Kernel:  AVX+FMA - 8 threads (384 CPU cores detected)

Reading alignment file /workspace/NeuralNJ/empirical/TarvD7/ENSG00000100360.nuc.ord.aln ... Fasta format detected
Reading fasta file: done in 0.000780106 secs using 46.66% CPU
Alignment most likely contains DNA/RNA sequences
Constructing alignment: done in 0.00358605 secs using 617.6% CPU
Alignment has 33 sequences with 2562 columns, 1067 distinct patterns
543 parsimony-informative, 467 singleton sites, 1552 constant sites
                   Gap/Ambiguity  Composition  p-value
Analyzing sequences: done in 7.20024e-05 secs using 718% CPU
   1  P001_Platypus       78.22%    failed      0.01%
   2  P002_Opossum        79.51%    failed      0.05%
   3  P003_Wallaby        82.32%    failed      0.94%
   4  P004_Tenrec         75.88%    passed      5.04%
   5  P005_Rock_hyrax     68.62%    passed     63.62%
   6  P006_Elephant       66.74%    passed     31.90%
   7  P007_Armadillo      77.40%    failed      1.50%
   8  P009_Hedgehog       79.04%    failed      2.07%
   9  P011_Dolphin        67.68%    passed     25.30%
  10  P012_Cow            78.22%    passed     13.12%
  11  P013_Pig            77.99%    passed      7.17%
  12  P014_Alpaca         73.42%    passed     14.71%
  13  P015_Horse          85.71%    passed     50.00%
  14  P016_Dog            70.61%    failed      0.00%
  15  P017_Cat            82.67%    passed     85.63%
  16  P018_Megabat        67.80%    passed     34.00%
  17  P019_Microbat       73.65%    failed      0.00%
  18  P021_Pika           71.66%    failed      3.20%
  19  P022_Squirrel       82.44%    failed      0.25%
  20  P023_Guinea_pig     85.01%    passed     29.24%
  21  P024_Kangaroo_rat   73.42%    passed     20.67%
  22  P025_Mouse          78.22%    failed      0.29%
  23  P026_Rat            77.87%    failed      2.38%
  24  P027_Tree_shrew     72.37%    failed      4.80%
  25  P028_Bushbaby       68.03%    passed     64.36%
  26  P029_Mouse_lemur    67.45%    failed      0.67%
  27  P030_Tarsier        72.72%    failed      3.32%
  28  P031_Marmoset       78.22%    failed      0.84%
  29  P032_Rhesus         66.51%    passed     84.55%
  30  P033_Orangutan      78.34%    failed      1.38%
  31  P034_Gorilla        71.90%    passed     94.09%
  32  P035_Chimp          76.81%    passed      8.22%
  33  P036_Human          65.57%    passed     72.29%
WARNING: 33 sequences contain more than 50% gaps/ambiguity
****  TOTAL               74.91%  16 sequences failed composition chi2 test (p-value<5%; df=3)
Checking for duplicate sequences: done in 0.000127792 secs using 809.9% CPU

Create initial parsimony tree by phylogenetic likelihood library (PLL)... 0.002 seconds

NOTE: 4 MB RAM (0 GB) is required!
Estimate model parameters (epsilon = 0.100)
1. Initial log-likelihood: -15413.179
2. Current log-likelihood: -13541.384
3. Current log-likelihood: -13532.827
Optimal log-likelihood: -13532.713
Rate parameters:  A-C: 0.81470  A-G: 2.51800  A-T: 0.72044  C-G: 0.83761  C-T: 2.51567  G-T: 1.00000
Base frequencies:  A: 0.196  C: 0.292  G: 0.302  T: 0.210
Gamma shape alpha: 0.892
Parameters optimization took 3 rounds (0.087 sec)
Wrote distance file to... 
Computing ML distances based on estimated model parameters...
Calculating distance matrix: done in 0.000444174 secs using 827.6% CPU
Computing ML distances took 0.000543 sec (of wall-clock time) 0.004205 sec (of CPU time)
Setting up auxiliary I and S matrices: done in 9.01222e-05 secs using 1020% CPU
Constructing RapidNJ tree: done in 0.00168085 secs using 710.7% CPU
Computing RapidNJ tree took 0.001806 sec (of wall-clock time) 0.016594 sec (of CPU time)
Log-likelihood of RapidNJ tree: -13738.916
--------------------------------------------------------------------
|             INITIALIZING CANDIDATE TREE SET                      |
--------------------------------------------------------------------
Generating 98 parsimony trees... 0.247 second
Computing log-likelihood of 98 initial trees ... 0.548 seconds
Current best score: -13532.713

Do NNI search on 20 best initial trees
Estimate model parameters (epsilon = 0.100)
BETTER TREE FOUND at iteration 1: -13526.401
Estimate model parameters (epsilon = 0.100)
BETTER TREE FOUND at iteration 2: -13490.119
Estimate model parameters (epsilon = 0.100)
BETTER TREE FOUND at iteration 5: -13485.187
Iteration 10 / LogL: -13504.410 / Time: 0h:0m:2s
Iteration 20 / LogL: -13502.926 / Time: 0h:0m:3s
Finish initializing candidate tree set (18)
Current best tree score: -13485.187 / CPU time: 3.023
Number of iterations: 20
--------------------------------------------------------------------
|               OPTIMIZING CANDIDATE TREE SET                      |
--------------------------------------------------------------------
Iteration 30 / LogL: -13485.236 / Time: 0h:0m:4s (0h:0m:11s left)
Iteration 40 / LogL: -13490.385 / Time: 0h:0m:5s (0h:0m:8s left)
Iteration 50 / LogL: -13486.128 / Time: 0h:0m:6s (0h:0m:6s left)
Iteration 60 / LogL: -13487.809 / Time: 0h:0m:7s (0h:0m:5s left)
Iteration 70 / LogL: -13487.308 / Time: 0h:0m:8s (0h:0m:4s left)
Iteration 80 / LogL: -13489.039 / Time: 0h:0m:9s (0h:0m:2s left)
Iteration 90 / LogL: -13486.852 / Time: 0h:0m:10s (0h:0m:1s left)
Iteration 100 / LogL: -13485.212 / Time: 0h:0m:11s (0h:0m:0s left)
TREE SEARCH COMPLETED AFTER 106 ITERATIONS / Time: 0h:0m:11s

--------------------------------------------------------------------
|                    FINALIZING TREE SEARCH                        |
--------------------------------------------------------------------
Performs final model parameters optimization
Estimate model parameters (epsilon = 0.010)
1. Initial log-likelihood: -13485.187
Optimal log-likelihood: -13485.186
Rate parameters:  A-C: 0.85298  A-G: 2.54876  A-T: 0.74919  C-G: 0.85538  C-T: 2.57325  G-T: 1.00000
Base frequencies:  A: 0.196  C: 0.292  G: 0.302  T: 0.210
Gamma shape alpha: 0.885
Parameters optimization took 1 rounds (0.011 sec)
BEST SCORE FOUND : -13485.186
Total tree length: 9.337

Total number of iterations: 106
CPU time used for tree search: 91.260 sec (0h:1m:31s)
Wall-clock time used for tree search: 11.541 sec (0h:0m:11s)
Total CPU time used: 94.152 sec (0h:1m:34s)
Total wall-clock time used: 11.883 sec (0h:0m:11s)

Analysis results written to: 
  IQ-TREE report:                /workspace/IQTree_8_cores_TarvD7_Results/ENSG00000100360.nuc.ord.iqtree
  Maximum-likelihood tree:       /workspace/IQTree_8_cores_TarvD7_Results/ENSG00000100360.nuc.ord.treefile
  Likelihood distances:          /workspace/IQTree_8_cores_TarvD7_Results/ENSG00000100360.nuc.ord.mldist
  Screen log file:               /workspace/IQTree_8_cores_TarvD7_Results/ENSG00000100360.nuc.ord.log

Date and Time: Tue May 26 03:02:14 2026
