IQ-TREE version 3.1.2 for Linux x86 64-bit built May  7 2026
Developed by Bui Quang Minh, Thomas Wong, Nhan Ly-Trong, Huaiyan Ren
Contributed by Lam-Tung Nguyen, Dominik Schrempf, Chris Bielow,
Olga Chernomor, Michael Woodhams, Diep Thi Hoang, Heiko Schmidt

Host:    8084c4e79f09 (AVX512, FMA3, 1133 GB RAM)
Command: /workspace/iqtree-3.1.2-Linux/bin/iqtree3_intel -s /workspace/NeuralNJ/empirical/TarvD7/ENSG00000142733.nuc.ord.aln -st DNA -m GTR+G -T 8 -seed 2201 -pre /workspace/IQTree_8_cores_TarvD7_Results/ENSG00000142733.nuc.ord -quiet
Seed:    2201 (Using SPRNG - Scalable Parallel Random Number Generator)
Time:    Tue May 26 18:03:33 2026
Kernel:  AVX+FMA - 8 threads (384 CPU cores detected)

Reading alignment file /workspace/NeuralNJ/empirical/TarvD7/ENSG00000142733.nuc.ord.aln ... Fasta format detected
Reading fasta file: done in 0.00126386 secs using 93.21% CPU
Alignment most likely contains DNA/RNA sequences
Constructing alignment: done in 0.00672913 secs using 618.1% CPU
Alignment has 33 sequences with 4284 columns, 2599 distinct patterns
1658 parsimony-informative, 659 singleton sites, 1967 constant sites
                   Gap/Ambiguity  Composition  p-value
Analyzing sequences: done in 5.60284e-05 secs using 296.3% CPU
   1  P001_Platypus       81.79%    passed     60.20%
   2  P002_Opossum        12.96%    passed     16.56%
   3  P003_Wallaby        11.97%    failed      0.58%
   4  P004_Tenrec         32.00%    passed     18.12%
   5  P005_Rock_hyrax     32.70%    passed      5.88%
   6  P006_Elephant       26.82%    passed     26.81%
   7  P007_Armadillo      28.85%    failed      0.27%
   8  P009_Hedgehog       21.57%    passed     15.54%
   9  P011_Dolphin        10.99%    passed     78.47%
  10  P012_Cow             9.31%    passed     54.30%
  11  P013_Pig             9.31%    passed     92.74%
  12  P015_Horse          17.16%    passed     85.84%
  13  P016_Dog             9.59%    passed     13.29%
  14  P017_Cat            24.44%    passed     30.54%
  15  P018_Megabat        10.78%    failed      4.64%
  16  P019_Microbat       24.79%    passed     78.08%
  17  P020_Rabbit         55.53%    failed      3.28%
  18  P021_Pika           28.71%    passed     25.34%
  19  P022_Squirrel       21.15%    passed     22.38%
  20  P023_Guinea_pig     13.24%    passed     44.84%
  21  P024_Kangaroo_rat   22.90%    passed      9.93%
  22  P025_Mouse           9.59%    failed      2.37%
  23  P026_Rat             9.52%    failed      2.84%
  24  P027_Tree_shrew     49.93%    failed      1.38%
  25  P028_Bushbaby       14.85%    failed      2.98%
  26  P029_Mouse_lemur     9.73%    passed     30.61%
  27  P030_Tarsier        45.80%    passed     36.85%
  28  P031_Marmoset       14.50%    passed     95.57%
  29  P032_Rhesus          8.75%    passed     61.26%
  30  P033_Orangutan       9.80%    passed     37.06%
  31  P034_Gorilla        31.51%    passed     97.26%
  32  P035_Chimp           9.80%    passed     29.90%
  33  P036_Human           9.80%    passed     32.40%
WARNING: 2 sequences contain more than 50% gaps/ambiguity
****  TOTAL               22.13%  8 sequences failed composition chi2 test (p-value<5%; df=3)
Checking for duplicate sequences: done in 0.000223875 secs using 785.3% CPU

Create initial parsimony tree by phylogenetic likelihood library (PLL)... 0.004 seconds

NOTE: 11 MB RAM (0 GB) is required!
Estimate model parameters (epsilon = 0.100)
1. Initial log-likelihood: -40169.571
2. Current log-likelihood: -37676.187
3. Current log-likelihood: -37645.569
4. Current log-likelihood: -37645.109
Optimal log-likelihood: -37645.091
Rate parameters:  A-C: 1.42028  A-G: 4.75508  A-T: 1.31545  C-G: 0.85232  C-T: 5.06007  G-T: 1.00000
Base frequencies:  A: 0.190  C: 0.316  G: 0.308  T: 0.186
Gamma shape alpha: 0.485
Parameters optimization took 4 rounds (0.170 sec)
Wrote distance file to... 
Computing ML distances based on estimated model parameters...
Calculating distance matrix: done in 0.000759125 secs using 769.6% CPU
Computing ML distances took 0.000925 sec (of wall-clock time) 0.006992 sec (of CPU time)
Setting up auxiliary I and S matrices: done in 9.17912e-05 secs using 1203% CPU
Constructing RapidNJ tree: done in 0.00160408 secs using 744.5% CPU
Computing RapidNJ tree took 0.001747 sec (of wall-clock time) 0.015809 sec (of CPU time)
Log-likelihood of RapidNJ tree: -37800.424
--------------------------------------------------------------------
|             INITIALIZING CANDIDATE TREE SET                      |
--------------------------------------------------------------------
Generating 98 parsimony trees... 0.565 second
Computing log-likelihood of 98 initial trees ... 0.745 seconds
Current best score: -37645.091

Do NNI search on 20 best initial trees
Estimate model parameters (epsilon = 0.100)
BETTER TREE FOUND at iteration 1: -37610.595
Estimate model parameters (epsilon = 0.100)
BETTER TREE FOUND at iteration 2: -37608.697
Iteration 10 / LogL: -37611.220 / Time: 0h:0m:2s
Iteration 20 / LogL: -37608.725 / Time: 0h:0m:4s
Finish initializing candidate tree set (7)
Current best tree score: -37608.697 / CPU time: 4.044
Number of iterations: 20
--------------------------------------------------------------------
|               OPTIMIZING CANDIDATE TREE SET                      |
--------------------------------------------------------------------
Estimate model parameters (epsilon = 0.100)
BETTER TREE FOUND at iteration 21: -37606.258
Iteration 30 / LogL: -37606.361 / Time: 0h:0m:5s (0h:0m:18s left)
Iteration 40 / LogL: -37607.660 / Time: 0h:0m:7s (0h:0m:14s left)
Iteration 50 / LogL: -37608.909 / Time: 0h:0m:8s (0h:0m:12s left)
Iteration 60 / LogL: -37612.652 / Time: 0h:0m:10s (0h:0m:10s left)
Iteration 70 / LogL: -37608.454 / Time: 0h:0m:11s (0h:0m:8s left)
Iteration 80 / LogL: -37610.766 / Time: 0h:0m:13s (0h:0m:6s left)
Iteration 90 / LogL: -37612.582 / Time: 0h:0m:14s (0h:0m:4s left)
Iteration 100 / LogL: -37607.705 / Time: 0h:0m:15s (0h:0m:3s left)
Iteration 110 / LogL: -37606.309 / Time: 0h:0m:17s (0h:0m:1s left)
Iteration 120 / LogL: -37606.444 / Time: 0h:0m:18s (0h:0m:0s left)
TREE SEARCH COMPLETED AFTER 122 ITERATIONS / Time: 0h:0m:18s

--------------------------------------------------------------------
|                    FINALIZING TREE SEARCH                        |
--------------------------------------------------------------------
Performs final model parameters optimization
Estimate model parameters (epsilon = 0.010)
1. Initial log-likelihood: -37606.258
Optimal log-likelihood: -37606.253
Rate parameters:  A-C: 1.41934  A-G: 4.75692  A-T: 1.31074  C-G: 0.83944  C-T: 5.08337  G-T: 1.00000
Base frequencies:  A: 0.190  C: 0.316  G: 0.308  T: 0.186
Gamma shape alpha: 0.483
Parameters optimization took 1 rounds (0.018 sec)
BEST SCORE FOUND : -37606.253
Total tree length: 3.349

Total number of iterations: 122
CPU time used for tree search: 144.299 sec (0h:2m:24s)
Wall-clock time used for tree search: 18.651 sec (0h:0m:18s)
Total CPU time used: 146.264 sec (0h:2m:26s)
Total wall-clock time used: 18.899 sec (0h:0m:18s)

Analysis results written to: 
  IQ-TREE report:                /workspace/IQTree_8_cores_TarvD7_Results/ENSG00000142733.nuc.ord.iqtree
  Maximum-likelihood tree:       /workspace/IQTree_8_cores_TarvD7_Results/ENSG00000142733.nuc.ord.treefile
  Likelihood distances:          /workspace/IQTree_8_cores_TarvD7_Results/ENSG00000142733.nuc.ord.mldist
  Screen log file:               /workspace/IQTree_8_cores_TarvD7_Results/ENSG00000142733.nuc.ord.log

Date and Time: Tue May 26 18:03:52 2026
