IQ-TREE version 3.1.2 for Linux x86 64-bit built May  7 2026
Developed by Bui Quang Minh, Thomas Wong, Nhan Ly-Trong, Huaiyan Ren
Contributed by Lam-Tung Nguyen, Dominik Schrempf, Chris Bielow,
Olga Chernomor, Michael Woodhams, Diep Thi Hoang, Heiko Schmidt

Host:    8084c4e79f09 (AVX512, FMA3, 1133 GB RAM)
Command: /workspace/iqtree-3.1.2-Linux/bin/iqtree3_intel -s /workspace/NeuralNJ/empirical/TarvD7/ENSG00000130385.nuc.ord.aln -st DNA -m GTR+G -T 8 -seed 2201 -pre /workspace/IQTree_8_cores_TarvD7_Results/ENSG00000130385.nuc.ord -quiet
Seed:    2201 (Using SPRNG - Scalable Parallel Random Number Generator)
Time:    Tue May 26 12:52:47 2026
Kernel:  AVX+FMA - 8 threads (384 CPU cores detected)

Reading alignment file /workspace/NeuralNJ/empirical/TarvD7/ENSG00000130385.nuc.ord.aln ... Fasta format detected
Reading fasta file: done in 0.00036788 secs using 30.72% CPU
Alignment most likely contains DNA/RNA sequences
Constructing alignment: done in 0.00182199 secs using 807% CPU
Alignment has 30 sequences with 1248 columns, 1045 distinct patterns
718 parsimony-informative, 247 singleton sites, 283 constant sites
                   Gap/Ambiguity  Composition  p-value
Analyzing sequences: done in 3.29018e-05 secs using 395.1% CPU
   1  P001_Platypus       13.70%    failed      0.00%
   2  P002_Opossum         8.65%    failed      0.00%
   3  P004_Tenrec          6.01%    passed     53.08%
   4  P006_Elephant       25.00%    passed     77.69%
   5  P007_Armadillo       6.01%    passed     89.15%
   6  P008_Sloth           5.05%    passed     98.13%
   7  P009_Hedgehog        5.05%    passed     81.49%
   8  P010_Common_shrew   22.12%    passed     65.59%
   9  P011_Dolphin         5.53%    passed     44.01%
  10  P013_Pig             5.29%    passed     22.95%
  11  P014_Alpaca         21.39%    passed     19.65%
  12  P015_Horse           5.29%    passed     61.22%
  13  P016_Dog             5.53%    passed     98.24%
  14  P018_Megabat        15.14%    passed     42.14%
  15  P019_Microbat        5.05%    passed     51.47%
  16  P022_Squirrel       19.47%    passed     10.38%
  17  P023_Guinea_pig     19.95%    passed     54.68%
  18  P024_Kangaroo_rat    5.29%    passed     75.01%
  19  P025_Mouse           5.77%    passed     54.39%
  20  P026_Rat             6.01%    passed     24.46%
  21  P027_Tree_shrew     15.14%    passed     47.03%
  22  P028_Bushbaby       30.53%    failed      1.03%
  23  P029_Mouse_lemur    17.55%    passed     58.71%
  24  P030_Tarsier         5.77%    passed     93.58%
  25  P031_Marmoset       48.32%    passed     89.29%
  26  P032_Rhesus          5.53%    passed     68.55%
  27  P033_Orangutan       5.53%    passed     85.90%
  28  P034_Gorilla        29.81%    passed     89.87%
  29  P035_Chimp           5.53%    passed     90.10%
  30  P036_Human           5.77%    passed     90.31%
****  TOTAL               12.69%  3 sequences failed composition chi2 test (p-value<5%; df=3)
Checking for duplicate sequences: done in 0.000117064 secs using 789.3% CPU

Create initial parsimony tree by phylogenetic likelihood library (PLL)... 0.001 seconds

NOTE: 4 MB RAM (0 GB) is required!
Estimate model parameters (epsilon = 0.100)
1. Initial log-likelihood: -15713.665
2. Current log-likelihood: -14924.524
3. Current log-likelihood: -14915.717
Optimal log-likelihood: -14915.679
Rate parameters:  A-C: 1.57819  A-G: 5.54454  A-T: 1.09082  C-G: 1.01850  C-T: 4.60606  G-T: 1.00000
Base frequencies:  A: 0.241  C: 0.274  G: 0.234  T: 0.251
Gamma shape alpha: 1.269
Parameters optimization took 3 rounds (0.061 sec)
Wrote distance file to... 
Computing ML distances based on estimated model parameters...
Calculating distance matrix: done in 0.000492096 secs using 781.6% CPU
Computing ML distances took 0.000562 sec (of wall-clock time) 0.004240 sec (of CPU time)
Setting up auxiliary I and S matrices: done in 7.41482e-05 secs using 1195% CPU
Constructing RapidNJ tree: done in 0.00153685 secs using 501% CPU
Computing RapidNJ tree took 0.001666 sec (of wall-clock time) 0.014312 sec (of CPU time)
Log-likelihood of RapidNJ tree: -14972.547
--------------------------------------------------------------------
|             INITIALIZING CANDIDATE TREE SET                      |
--------------------------------------------------------------------
Generating 98 parsimony trees... 0.221 second
Computing log-likelihood of 98 initial trees ... 0.445 seconds
Current best score: -14915.679

Do NNI search on 20 best initial trees
Estimate model parameters (epsilon = 0.100)
BETTER TREE FOUND at iteration 1: -14914.802
Estimate model parameters (epsilon = 0.100)
BETTER TREE FOUND at iteration 4: -14914.673
Iteration 10 / LogL: -14914.817 / Time: 0h:0m:1s
Iteration 20 / LogL: -14916.300 / Time: 0h:0m:1s
Finish initializing candidate tree set (4)
Current best tree score: -14914.673 / CPU time: 1.801
Number of iterations: 20
--------------------------------------------------------------------
|               OPTIMIZING CANDIDATE TREE SET                      |
--------------------------------------------------------------------
Iteration 30 / LogL: -14914.680 / Time: 0h:0m:2s (0h:0m:6s left)
Iteration 40 / LogL: -14914.807 / Time: 0h:0m:3s (0h:0m:5s left)
Iteration 50 / LogL: -14914.719 / Time: 0h:0m:4s (0h:0m:4s left)
Iteration 60 / LogL: -14914.975 / Time: 0h:0m:5s (0h:0m:3s left)
Iteration 70 / LogL: -14914.694 / Time: 0h:0m:5s (0h:0m:2s left)
Iteration 80 / LogL: -14914.673 / Time: 0h:0m:6s (0h:0m:1s left)
Iteration 90 / LogL: -14914.814 / Time: 0h:0m:7s (0h:0m:1s left)
Iteration 100 / LogL: -14914.680 / Time: 0h:0m:8s (0h:0m:0s left)
TREE SEARCH COMPLETED AFTER 105 ITERATIONS / Time: 0h:0m:8s

--------------------------------------------------------------------
|                    FINALIZING TREE SEARCH                        |
--------------------------------------------------------------------
Performs final model parameters optimization
Estimate model parameters (epsilon = 0.010)
1. Initial log-likelihood: -14914.673
Optimal log-likelihood: -14914.672
Rate parameters:  A-C: 1.57249  A-G: 5.54340  A-T: 1.09782  C-G: 1.01848  C-T: 4.60566  G-T: 1.00000
Base frequencies:  A: 0.241  C: 0.274  G: 0.234  T: 0.251
Gamma shape alpha: 1.269
Parameters optimization took 1 rounds (0.010 sec)
BEST SCORE FOUND : -14914.672
Total tree length: 4.091

Total number of iterations: 105
CPU time used for tree search: 68.343 sec (0h:1m:8s)
Wall-clock time used for tree search: 8.618 sec (0h:0m:8s)
Total CPU time used: 69.147 sec (0h:1m:9s)
Total wall-clock time used: 8.719 sec (0h:0m:8s)

Analysis results written to: 
  IQ-TREE report:                /workspace/IQTree_8_cores_TarvD7_Results/ENSG00000130385.nuc.ord.iqtree
  Maximum-likelihood tree:       /workspace/IQTree_8_cores_TarvD7_Results/ENSG00000130385.nuc.ord.treefile
  Likelihood distances:          /workspace/IQTree_8_cores_TarvD7_Results/ENSG00000130385.nuc.ord.mldist
  Screen log file:               /workspace/IQTree_8_cores_TarvD7_Results/ENSG00000130385.nuc.ord.log

Date and Time: Tue May 26 12:52:55 2026
