IQ-TREE version 3.1.2 for Linux x86 64-bit built May  7 2026
Developed by Bui Quang Minh, Thomas Wong, Nhan Ly-Trong, Huaiyan Ren
Contributed by Lam-Tung Nguyen, Dominik Schrempf, Chris Bielow,
Olga Chernomor, Michael Woodhams, Diep Thi Hoang, Heiko Schmidt

Host:    8084c4e79f09 (AVX512, FMA3, 1133 GB RAM)
Command: /workspace/iqtree-3.1.2-Linux/bin/iqtree3_intel -s /workspace/NeuralNJ/empirical/TarvD7/ENSG00000101447.nuc.ord.aln -st DNA -m GTR+G -T 8 -seed 2201 -pre /workspace/IQTree_8_cores_TarvD7_Results/ENSG00000101447.nuc.ord -quiet
Seed:    2201 (Using SPRNG - Scalable Parallel Random Number Generator)
Time:    Tue May 26 03:36:58 2026
Kernel:  AVX+FMA - 8 threads (384 CPU cores detected)

Reading alignment file /workspace/NeuralNJ/empirical/TarvD7/ENSG00000101447.nuc.ord.aln ... Fasta format detected
Reading fasta file: done in 0.000623941 secs using 25% CPU
Alignment most likely contains DNA/RNA sequences
Constructing alignment: done in 0.00293112 secs using 637.8% CPU
Alignment has 34 sequences with 2025 columns, 1356 distinct patterns
934 parsimony-informative, 307 singleton sites, 784 constant sites
                   Gap/Ambiguity  Composition  p-value
Analyzing sequences: done in 4.69685e-05 secs using 619.6% CPU
   1  P001_Platypus       35.56%    failed      0.01%
   2  P002_Opossum        12.59%    passed     11.04%
   3  P003_Wallaby        45.19%    passed     88.87%
   4  P004_Tenrec          9.04%    failed      0.34%
   5  P005_Rock_hyrax      9.33%    passed     18.77%
   6  P008_Sloth          12.89%    failed      1.14%
   7  P009_Hedgehog       12.00%    passed     76.53%
   8  P010_Common_shrew   53.93%    failed      0.19%
   9  P011_Dolphin        13.04%    failed      3.67%
  10  P012_Cow            13.48%    passed     35.66%
  11  P013_Pig            37.63%    passed     51.43%
  12  P014_Alpaca         72.00%    failed      0.56%
  13  P015_Horse          37.19%    failed      0.53%
  14  P016_Dog            13.63%    failed      0.03%
  15  P017_Cat            51.26%    passed     68.39%
  16  P018_Megabat        10.52%    passed     97.87%
  17  P019_Microbat       10.22%    passed     90.91%
  18  P020_Rabbit         31.70%    failed      0.00%
  19  P021_Pika            9.19%    failed      0.10%
  20  P022_Squirrel       35.70%    passed     97.49%
  21  P023_Guinea_pig     12.00%    passed     29.69%
  22  P024_Kangaroo_rat    9.33%    failed      2.42%
  23  P025_Mouse          13.33%    passed     54.70%
  24  P026_Rat            13.33%    passed     69.38%
  25  P027_Tree_shrew      9.78%    passed     95.05%
  26  P028_Bushbaby       37.33%    failed      0.00%
  27  P029_Mouse_lemur     9.04%    passed     21.34%
  28  P030_Tarsier        37.19%    failed      0.00%
  29  P031_Marmoset       16.00%    passed     38.89%
  30  P032_Rhesus         13.63%    passed     79.58%
  31  P033_Orangutan       9.19%    passed     97.71%
  32  P034_Gorilla        15.41%    passed     96.58%
  33  P035_Chimp           9.33%    passed     85.36%
  34  P036_Human           8.89%    passed     97.82%
WARNING: 3 sequences contain more than 50% gaps/ambiguity
****  TOTAL               21.76%  13 sequences failed composition chi2 test (p-value<5%; df=3)
Checking for duplicate sequences: done in 0.000143051 secs using 428.5% CPU

Create initial parsimony tree by phylogenetic likelihood library (PLL)... 0.004 seconds

NOTE: 5 MB RAM (0 GB) is required!
Estimate model parameters (epsilon = 0.100)
1. Initial log-likelihood: -23472.223
2. Current log-likelihood: -22219.841
3. Current log-likelihood: -22205.880
4. Current log-likelihood: -22205.731
Optimal log-likelihood: -22205.720
Rate parameters:  A-C: 1.23088  A-G: 3.61099  A-T: 0.57480  C-G: 1.22294  C-T: 4.37834  G-T: 1.00000
Base frequencies:  A: 0.222  C: 0.293  G: 0.278  T: 0.208
Gamma shape alpha: 0.587
Parameters optimization took 4 rounds (0.093 sec)
Wrote distance file to... 
Computing ML distances based on estimated model parameters...
Calculating distance matrix: done in 0.000714064 secs using 186.5% CPU
Computing ML distances took 0.000927 sec (of wall-clock time) 0.001427 sec (of CPU time)
Setting up auxiliary I and S matrices: done in 0.000126839 secs using 1116% CPU
Constructing RapidNJ tree: done in 0.00183511 secs using 907.8% CPU
Computing RapidNJ tree took 0.001996 sec (of wall-clock time) 0.018545 sec (of CPU time)
Log-likelihood of RapidNJ tree: -22377.375
--------------------------------------------------------------------
|             INITIALIZING CANDIDATE TREE SET                      |
--------------------------------------------------------------------
Generating 98 parsimony trees... 0.374 second
Computing log-likelihood of 98 initial trees ... 0.560 seconds
Current best score: -22179.414

Do NNI search on 20 best initial trees
Estimate model parameters (epsilon = 0.100)
BETTER TREE FOUND at iteration 1: -22136.962
Estimate model parameters (epsilon = 0.100)
BETTER TREE FOUND at iteration 2: -22136.846
Iteration 10 / LogL: -22172.418 / Time: 0h:0m:2s
Iteration 20 / LogL: -22159.952 / Time: 0h:0m:3s
Finish initializing candidate tree set (8)
Current best tree score: -22136.846 / CPU time: 2.924
Number of iterations: 20
--------------------------------------------------------------------
|               OPTIMIZING CANDIDATE TREE SET                      |
--------------------------------------------------------------------
Iteration 30 / LogL: -22137.017 / Time: 0h:0m:4s (0h:0m:10s left)
Iteration 40 / LogL: -22137.675 / Time: 0h:0m:5s (0h:0m:8s left)
Iteration 50 / LogL: -22137.628 / Time: 0h:0m:6s (0h:0m:6s left)
Iteration 60 / LogL: -22178.045 / Time: 0h:0m:7s (0h:0m:5s left)
Iteration 70 / LogL: -22137.348 / Time: 0h:0m:8s (0h:0m:3s left)
Iteration 80 / LogL: -22142.827 / Time: 0h:0m:9s (0h:0m:2s left)
Iteration 90 / LogL: -22137.192 / Time: 0h:0m:10s (0h:0m:1s left)
Iteration 100 / LogL: -22136.874 / Time: 0h:0m:11s (0h:0m:0s left)
TREE SEARCH COMPLETED AFTER 103 ITERATIONS / Time: 0h:0m:11s

--------------------------------------------------------------------
|                    FINALIZING TREE SEARCH                        |
--------------------------------------------------------------------
Performs final model parameters optimization
Estimate model parameters (epsilon = 0.010)
1. Initial log-likelihood: -22136.846
Optimal log-likelihood: -22136.844
Rate parameters:  A-C: 1.25218  A-G: 3.68213  A-T: 0.57389  C-G: 1.22809  C-T: 4.48022  G-T: 1.00000
Base frequencies:  A: 0.222  C: 0.293  G: 0.278  T: 0.208
Gamma shape alpha: 0.590
Parameters optimization took 1 rounds (0.014 sec)
BEST SCORE FOUND : -22136.844
Total tree length: 3.856

Total number of iterations: 103
CPU time used for tree search: 90.468 sec (0h:1m:30s)
Wall-clock time used for tree search: 11.568 sec (0h:0m:11s)
Total CPU time used: 91.598 sec (0h:1m:31s)
Total wall-clock time used: 11.711 sec (0h:0m:11s)

Analysis results written to: 
  IQ-TREE report:                /workspace/IQTree_8_cores_TarvD7_Results/ENSG00000101447.nuc.ord.iqtree
  Maximum-likelihood tree:       /workspace/IQTree_8_cores_TarvD7_Results/ENSG00000101447.nuc.ord.treefile
  Likelihood distances:          /workspace/IQTree_8_cores_TarvD7_Results/ENSG00000101447.nuc.ord.mldist
  Screen log file:               /workspace/IQTree_8_cores_TarvD7_Results/ENSG00000101447.nuc.ord.log

Date and Time: Tue May 26 03:37:09 2026
