IQ-TREE version 3.1.2 for Linux x86 64-bit built May  7 2026
Developed by Bui Quang Minh, Thomas Wong, Nhan Ly-Trong, Huaiyan Ren
Contributed by Lam-Tung Nguyen, Dominik Schrempf, Chris Bielow,
Olga Chernomor, Michael Woodhams, Diep Thi Hoang, Heiko Schmidt

Host:    8084c4e79f09 (AVX512, FMA3, 1133 GB RAM)
Command: /workspace/iqtree-3.1.2-Linux/bin/iqtree3_intel -s /workspace/NeuralNJ/empirical/TarvD7/ENSG00000118965.nuc.ord.aln -st DNA -m GTR+G -T 8 -seed 2201 -pre /workspace/IQTree_8_cores_TarvD7_Results/ENSG00000118965.nuc.ord -quiet
Seed:    2201 (Using SPRNG - Scalable Parallel Random Number Generator)
Time:    Tue May 26 09:45:31 2026
Kernel:  AVX+FMA - 8 threads (384 CPU cores detected)

Reading alignment file /workspace/NeuralNJ/empirical/TarvD7/ENSG00000118965.nuc.ord.aln ... Fasta format detected
Reading fasta file: done in 0.00104713 secs using 3.629% CPU
Alignment most likely contains DNA/RNA sequences
Constructing alignment: done in 0.00504017 secs using 729.8% CPU
Alignment has 32 sequences with 3636 columns, 1958 distinct patterns
1094 parsimony-informative, 609 singleton sites, 1933 constant sites
                   Gap/Ambiguity  Composition  p-value
Analyzing sequences: done in 5.88894e-05 secs using 597.7% CPU
   1  P001_Platypus       77.97%    passed     28.71%
   2  P004_Tenrec         18.89%    passed     75.23%
   3  P005_Rock_hyrax     24.09%    passed     50.06%
   4  P006_Elephant       27.81%    failed      0.50%
   5  P007_Armadillo      32.51%    passed     78.10%
   6  P008_Sloth          14.03%    passed     57.71%
   7  P009_Hedgehog       37.38%    failed      0.31%
   8  P010_Common_shrew   30.20%    passed     42.68%
   9  P011_Dolphin        12.46%    passed     25.03%
  10  P012_Cow            87.87%    passed      8.92%
  11  P013_Pig             2.15%    passed     82.49%
  12  P015_Horse           2.56%    passed     75.84%
  13  P016_Dog             2.39%    passed      6.81%
  14  P017_Cat            31.19%    passed     41.40%
  15  P018_Megabat        10.23%    passed     87.01%
  16  P019_Microbat       19.64%    failed      3.21%
  17  P020_Rabbit         14.03%    passed     24.90%
  18  P021_Pika           11.39%    failed      0.13%
  19  P022_Squirrel       40.51%    passed     46.82%
  20  P023_Guinea_pig      2.39%    failed      0.00%
  21  P024_Kangaroo_rat   19.55%    passed     97.78%
  22  P025_Mouse           2.56%    failed      0.14%
  23  P026_Rat            17.41%    failed      2.21%
  24  P027_Tree_shrew     29.62%    passed     27.93%
  25  P028_Bushbaby       26.73%    failed      1.11%
  26  P030_Tarsier        13.20%    failed      2.23%
  27  P031_Marmoset       26.49%    passed     73.38%
  28  P032_Rhesus          2.56%    passed     41.10%
  29  P033_Orangutan       2.56%    passed     31.07%
  30  P034_Gorilla        27.31%    passed     49.42%
  31  P035_Chimp           2.56%    passed     31.30%
  32  P036_Human           2.56%    passed     27.61%
WARNING: 2 sequences contain more than 50% gaps/ambiguity
****  TOTAL               21.02%  9 sequences failed composition chi2 test (p-value<5%; df=3)
Checking for duplicate sequences: done in 0.000165939 secs using 810.5% CPU

Create initial parsimony tree by phylogenetic likelihood library (PLL)... 0.005 seconds

NOTE: 8 MB RAM (0 GB) is required!
Estimate model parameters (epsilon = 0.100)
1. Initial log-likelihood: -29049.360
2. Current log-likelihood: -26612.995
3. Current log-likelihood: -26578.373
4. Current log-likelihood: -26577.217
Optimal log-likelihood: -26577.187
Rate parameters:  A-C: 1.96657  A-G: 5.23776  A-T: 0.56564  C-G: 1.51418  C-T: 9.48552  G-T: 1.00000
Base frequencies:  A: 0.297  C: 0.191  G: 0.245  T: 0.268
Gamma shape alpha: 0.372
Parameters optimization took 4 rounds (0.132 sec)
Wrote distance file to... 
Computing ML distances based on estimated model parameters...
Calculating distance matrix: done in 0.000559807 secs using 802.2% CPU
Computing ML distances took 0.000682 sec (of wall-clock time) 0.005184 sec (of CPU time)
Setting up auxiliary I and S matrices: done in 7.39098e-05 secs using 1326% CPU
Constructing RapidNJ tree: done in 0.00163007 secs using 651.9% CPU
Computing RapidNJ tree took 0.001774 sec (of wall-clock time) 0.015738 sec (of CPU time)
Log-likelihood of RapidNJ tree: -26716.691
--------------------------------------------------------------------
|             INITIALIZING CANDIDATE TREE SET                      |
--------------------------------------------------------------------
Generating 98 parsimony trees... 0.357 second
Computing log-likelihood of 98 initial trees ... 0.611 seconds
Current best score: -26577.187

Do NNI search on 20 best initial trees
Estimate model parameters (epsilon = 0.100)
BETTER TREE FOUND at iteration 1: -26549.623
Iteration 10 / LogL: -26559.001 / Time: 0h:0m:1s
Estimate model parameters (epsilon = 0.100)
BETTER TREE FOUND at iteration 13: -26546.260
Estimate model parameters (epsilon = 0.100)
BETTER TREE FOUND at iteration 14: -26545.858
Iteration 20 / LogL: -26594.943 / Time: 0h:0m:2s
Finish initializing candidate tree set (19)
Current best tree score: -26545.858 / CPU time: 2.813
Number of iterations: 20
--------------------------------------------------------------------
|               OPTIMIZING CANDIDATE TREE SET                      |
--------------------------------------------------------------------
Iteration 30 / LogL: -26546.724 / Time: 0h:0m:4s (0h:0m:12s left)
UPDATE BEST LOG-LIKELIHOOD: -26545.856
UPDATE BEST LOG-LIKELIHOOD: -26545.854
Iteration 40 / LogL: -26545.854 / Time: 0h:0m:5s (0h:0m:10s left)
Iteration 50 / LogL: -26546.568 / Time: 0h:0m:6s (0h:0m:8s left)
Iteration 60 / LogL: -26546.711 / Time: 0h:0m:7s (0h:0m:7s left)
UPDATE BEST LOG-LIKELIHOOD: -26545.852
Iteration 70 / LogL: -26545.856 / Time: 0h:0m:9s (0h:0m:5s left)
Iteration 80 / LogL: -26546.224 / Time: 0h:0m:10s (0h:0m:4s left)
Iteration 90 / LogL: -26565.190 / Time: 0h:0m:11s (0h:0m:3s left)
Iteration 100 / LogL: -26547.102 / Time: 0h:0m:12s (0h:0m:1s left)
Iteration 110 / LogL: -26547.018 / Time: 0h:0m:14s (0h:0m:0s left)
TREE SEARCH COMPLETED AFTER 115 ITERATIONS / Time: 0h:0m:14s

--------------------------------------------------------------------
|                    FINALIZING TREE SEARCH                        |
--------------------------------------------------------------------
Performs final model parameters optimization
Estimate model parameters (epsilon = 0.010)
1. Initial log-likelihood: -26545.852
Optimal log-likelihood: -26545.852
Rate parameters:  A-C: 1.94441  A-G: 5.19191  A-T: 0.56027  C-G: 1.46656  C-T: 9.43863  G-T: 1.00000
Base frequencies:  A: 0.297  C: 0.191  G: 0.245  T: 0.268
Gamma shape alpha: 0.372
Parameters optimization took 1 rounds (0.014 sec)
BEST SCORE FOUND : -26545.852
Total tree length: 2.479

Total number of iterations: 115
CPU time used for tree search: 113.390 sec (0h:1m:53s)
Wall-clock time used for tree search: 14.494 sec (0h:0m:14s)
Total CPU time used: 114.981 sec (0h:1m:54s)
Total wall-clock time used: 14.694 sec (0h:0m:14s)

Analysis results written to: 
  IQ-TREE report:                /workspace/IQTree_8_cores_TarvD7_Results/ENSG00000118965.nuc.ord.iqtree
  Maximum-likelihood tree:       /workspace/IQTree_8_cores_TarvD7_Results/ENSG00000118965.nuc.ord.treefile
  Likelihood distances:          /workspace/IQTree_8_cores_TarvD7_Results/ENSG00000118965.nuc.ord.mldist
  Screen log file:               /workspace/IQTree_8_cores_TarvD7_Results/ENSG00000118965.nuc.ord.log

Date and Time: Tue May 26 09:45:46 2026
