IQ-TREE version 3.1.2 for Linux x86 64-bit built May  7 2026
Developed by Bui Quang Minh, Thomas Wong, Nhan Ly-Trong, Huaiyan Ren
Contributed by Lam-Tung Nguyen, Dominik Schrempf, Chris Bielow,
Olga Chernomor, Michael Woodhams, Diep Thi Hoang, Heiko Schmidt

Host:    8084c4e79f09 (AVX512, FMA3, 1133 GB RAM)
Command: /workspace/iqtree-3.1.2-Linux/bin/iqtree3_intel -s /workspace/NeuralNJ/empirical/JarvD5a/exon_9058.fasta -st DNA -m GTR+G -seed 2201 -pre /workspace/IQTree_JarvD5a_Results/exon_9058 -quiet
Seed:    2201 (Using SPRNG - Scalable Parallel Random Number Generator)
Time:    Thu May 28 09:36:26 2026
Kernel:  AVX+FMA - 1 threads (384 CPU cores detected)

HINT: Use -nt option to specify number of threads because your CPU has 384 cores!
HINT: -nt AUTO will automatically determine the best number of threads to use.

Reading alignment file /workspace/NeuralNJ/empirical/JarvD5a/exon_9058.fasta ... Fasta format detected
Reading fasta file: done in 0.000667095 secs using 29.98% CPU
Alignment most likely contains DNA/RNA sequences
Constructing alignment: done in 0.00116706 secs using 98.62% CPU
Alignment has 45 sequences with 956 columns, 426 distinct patterns
212 parsimony-informative, 164 singleton sites, 580 constant sites
       Gap/Ambiguity  Composition  p-value
Analyzing sequences: done in 2.90871e-05 secs using 96.26% CPU
   1  ACACH   32.22%    passed     99.88%
   2  ANAPL    9.83%    passed     55.19%
   3  APAVI   32.22%    passed     98.57%
   4  APTFO   32.22%    passed     89.48%
   5  BALRE   32.22%    passed     99.12%
   6  BUCRH   32.22%    passed     97.47%
   7  CALAN   33.05%    passed     80.65%
   8  CAPCA   32.22%    passed     95.81%
   9  CARCR   32.22%    passed     88.87%
  10  CATAU   32.22%    passed     96.86%
  11  CHAPE   32.22%    passed     66.45%
  12  CHAVO   32.22%    passed     95.28%
  13  CHLUN   33.05%    passed     91.06%
  14  COLLI   32.22%    passed     30.37%
  15  COLST   24.06%    passed     98.13%
  16  CORBR   29.50%    passed     80.09%
  17  CUCCA   32.22%    passed     91.53%
  18  EGRGA   32.22%    passed     99.80%
  19  EURHE   32.22%    passed     89.38%
  20  FALPE   32.22%    passed     97.39%
  21  FULGL   32.22%    passed     94.11%
  22  GALGA    4.18%    passed     87.59%
  23  GAVST   32.22%    passed     98.74%
  24  GEOFO   29.29%    passed     68.53%
  25  HALAL   32.22%    passed     94.91%
  26  HALLE   32.22%    passed     96.48%
  27  MANVI   31.80%    passed     98.13%
  28  MELGA    4.18%    passed     78.16%
  29  MELUN    5.02%    passed      9.50%
  30  NESNO   32.01%    passed     99.65%
  31  NIPNI   32.22%    passed     99.73%
  32  OPHHO   32.22%    passed     69.46%
  33  PELCR   32.22%    passed     97.98%
  34  PHACA   32.64%    passed     96.34%
  35  PHALE   32.01%    passed     81.98%
  36  PHORU   32.22%    passed     95.38%
  37  PICPU   33.05%    passed     92.30%
  38  PODCR   32.22%    passed     87.76%
  39  PTEGU   40.79%    passed     92.89%
  40  PYGAD   19.04%    passed     51.05%
  41  STRCA   31.80%    passed     89.18%
  42  TAEGU    4.60%    passed     27.53%
  43  TAUER   14.02%    passed     69.14%
  44  TINMA    6.07%    passed     28.67%
  45  TYTAL   32.22%    passed     74.18%
****  TOTAL   27.90%  0 sequences failed composition chi2 test (p-value<5%; df=3)
Checking for duplicate sequences: done in 0.000118971 secs

Create initial parsimony tree by phylogenetic likelihood library (PLL)... 0.002 seconds

NOTE: 2 MB RAM (0 GB) is required!
Estimate model parameters (epsilon = 0.100)
1. Initial log-likelihood: -6283.943
2. Current log-likelihood: -5952.710
3. Current log-likelihood: -5950.578
Optimal log-likelihood: -5950.538
Rate parameters:  A-C: 0.89880  A-G: 3.35426  A-T: 0.50411  C-G: 1.23482  C-T: 3.75726  G-T: 1.00000
Base frequencies:  A: 0.300  C: 0.248  G: 0.244  T: 0.208
Gamma shape alpha: 0.379
Parameters optimization took 3 rounds (0.073 sec)
Wrote distance file to... 
Computing ML distances based on estimated model parameters...
Calculating distance matrix: done in 0.00411201 secs using 99.98% CPU
Computing ML distances took 0.004189 sec (of wall-clock time) 0.004188 sec (of CPU time)
Setting up auxiliary I and S matrices: done in 0.000229836 secs using 130.5% CPU
Constructing RapidNJ tree: done in 0.000470877 secs using 244.4% CPU
Computing RapidNJ tree took 0.000754 sec (of wall-clock time) 0.001517 sec (of CPU time)
Log-likelihood of RapidNJ tree: -5985.055
--------------------------------------------------------------------
|             INITIALIZING CANDIDATE TREE SET                      |
--------------------------------------------------------------------
Generating 98 parsimony trees... 0.195 second
Computing log-likelihood of 98 initial trees ... 0.244 seconds
Current best score: -5939.875

Do NNI search on 20 best initial trees
Estimate model parameters (epsilon = 0.100)
BETTER TREE FOUND at iteration 1: -5934.895
Estimate model parameters (epsilon = 0.100)
BETTER TREE FOUND at iteration 2: -5933.956
Estimate model parameters (epsilon = 0.100)
BETTER TREE FOUND at iteration 3: -5933.152
Iteration 10 / LogL: -5950.484 / Time: 0h:0m:1s
Iteration 20 / LogL: -5941.085 / Time: 0h:0m:1s
Finish initializing candidate tree set (20)
Current best tree score: -5933.152 / CPU time: 1.358
Number of iterations: 20
--------------------------------------------------------------------
|               OPTIMIZING CANDIDATE TREE SET                      |
--------------------------------------------------------------------
Estimate model parameters (epsilon = 0.100)
BETTER TREE FOUND at iteration 21: -5931.506
Estimate model parameters (epsilon = 0.100)
BETTER TREE FOUND at iteration 29: -5931.334
Estimate model parameters (epsilon = 0.100)
BETTER TREE FOUND at iteration 30: -5930.599
Iteration 30 / LogL: -5930.599 / Time: 0h:0m:2s (0h:0m:7s left)
Iteration 40 / LogL: -5931.362 / Time: 0h:0m:2s (0h:0m:5s left)
BETTER TREE FOUND at iteration 43: -5930.599
Estimate model parameters (epsilon = 0.100)
BETTER TREE FOUND at iteration 46: -5928.125
Iteration 50 / LogL: -5930.430 / Time: 0h:0m:3s (0h:0m:6s left)
Iteration 60 / LogL: -5928.125 / Time: 0h:0m:3s (0h:0m:5s left)
UPDATE BEST LOG-LIKELIHOOD: -5928.124
Estimate model parameters (epsilon = 0.100)
BETTER TREE FOUND at iteration 64: -5926.744
BETTER TREE FOUND at iteration 70: -5926.743
Iteration 70 / LogL: -5926.743 / Time: 0h:0m:4s (0h:0m:5s left)
Iteration 80 / LogL: -5934.126 / Time: 0h:0m:4s (0h:0m:5s left)
Iteration 90 / LogL: -5935.435 / Time: 0h:0m:5s (0h:0m:4s left)
UPDATE BEST LOG-LIKELIHOOD: -5926.743
UPDATE BEST LOG-LIKELIHOOD: -5926.743
Iteration 100 / LogL: -5928.126 / Time: 0h:0m:5s (0h:0m:3s left)
UPDATE BEST LOG-LIKELIHOOD: -5926.743
UPDATE BEST LOG-LIKELIHOOD: -5926.743
Iteration 110 / LogL: -5928.127 / Time: 0h:0m:6s (0h:0m:3s left)
Iteration 120 / LogL: -5933.660 / Time: 0h:0m:6s (0h:0m:2s left)
Iteration 130 / LogL: -5926.743 / Time: 0h:0m:7s (0h:0m:2s left)
Iteration 140 / LogL: -5926.977 / Time: 0h:0m:7s (0h:0m:1s left)
Iteration 150 / LogL: -5926.974 / Time: 0h:0m:7s (0h:0m:1s left)
Iteration 160 / LogL: -5926.973 / Time: 0h:0m:8s (0h:0m:0s left)
Iteration 170 / LogL: -5929.090 / Time: 0h:0m:8s (0h:0m:0s left)
TREE SEARCH COMPLETED AFTER 171 ITERATIONS / Time: 0h:0m:8s

--------------------------------------------------------------------
|                    FINALIZING TREE SEARCH                        |
--------------------------------------------------------------------
Performs final model parameters optimization
Estimate model parameters (epsilon = 0.010)
1. Initial log-likelihood: -5926.743
Optimal log-likelihood: -5926.742
Rate parameters:  A-C: 0.90517  A-G: 3.24695  A-T: 0.50197  C-G: 1.18489  C-T: 3.82694  G-T: 1.00000
Base frequencies:  A: 0.300  C: 0.248  G: 0.244  T: 0.208
Gamma shape alpha: 0.385
Parameters optimization took 1 rounds (0.010 sec)
BEST SCORE FOUND : -5926.742
Total tree length: 1.483

Total number of iterations: 171
CPU time used for tree search: 9.000 sec (0h:0m:8s)
Wall-clock time used for tree search: 8.829 sec (0h:0m:8s)
Total CPU time used: 9.116 sec (0h:0m:9s)
Total wall-clock time used: 8.937 sec (0h:0m:8s)

Analysis results written to: 
  IQ-TREE report:                /workspace/IQTree_JarvD5a_Results/exon_9058.iqtree
  Maximum-likelihood tree:       /workspace/IQTree_JarvD5a_Results/exon_9058.treefile
  Likelihood distances:          /workspace/IQTree_JarvD5a_Results/exon_9058.mldist
  Screen log file:               /workspace/IQTree_JarvD5a_Results/exon_9058.log

Date and Time: Thu May 28 09:36:35 2026
