IQ-TREE version 3.1.2 for Linux x86 64-bit built May  7 2026
Developed by Bui Quang Minh, Thomas Wong, Nhan Ly-Trong, Huaiyan Ren
Contributed by Lam-Tung Nguyen, Dominik Schrempf, Chris Bielow,
Olga Chernomor, Michael Woodhams, Diep Thi Hoang, Heiko Schmidt

Host:    8084c4e79f09 (AVX512, FMA3, 1133 GB RAM)
Command: /workspace/iqtree-3.1.2-Linux/bin/iqtree3_intel -s /workspace/NeuralNJ/empirical/JarvD5a/exon_10077.fasta -st DNA -m GTR+G -seed 2201 -pre /workspace/IQTree_JarvD5a_Results/exon_10077 -quiet
Seed:    2201 (Using SPRNG - Scalable Parallel Random Number Generator)
Time:    Wed May 27 09:23:20 2026
Kernel:  AVX+FMA - 1 threads (384 CPU cores detected)

HINT: Use -nt option to specify number of threads because your CPU has 384 cores!
HINT: -nt AUTO will automatically determine the best number of threads to use.

Reading alignment file /workspace/NeuralNJ/empirical/JarvD5a/exon_10077.fasta ... Fasta format detected
Reading fasta file: done in 0.0001719 secs using 53.52% CPU
Alignment most likely contains DNA/RNA sequences
Constructing alignment: done in 0.000342131 secs using 99.67% CPU
Alignment has 47 sequences with 296 columns, 41 distinct patterns
9 parsimony-informative, 11 singleton sites, 276 constant sites
       Gap/Ambiguity  Composition  p-value
Analyzing sequences: done in 6.91414e-06 secs using 101.2% CPU
   1  ACACH   29.73%    passed     98.68%
   2  ANAPL   29.73%    passed     99.79%
   3  APTFO   29.73%    passed     99.79%
   4  BALRE   29.73%    passed     99.79%
   5  BUCRH   29.73%    passed     99.74%
   6  CALAN    0.00%    passed     95.01%
   7  CAPCA   29.73%    passed     99.79%
   8  CARCR   37.16%    passed     72.57%
   9  CATAU   29.73%    passed     98.98%
  10  CHAPE   16.89%    passed     98.78%
  11  CHAVO   16.89%    passed     98.82%
  12  CHLUN   29.73%    passed     99.79%
  13  COLLI   29.73%    passed     99.79%
  14  COLST   29.73%    passed     99.98%
  15  CORBR   29.73%    passed     99.74%
  16  CUCCA   29.73%    passed     99.79%
  17  EGRGA   29.73%    passed     99.79%
  18  EURHE   29.73%    passed     99.79%
  19  FALPE   29.73%    passed     98.98%
  20  FULGL   29.73%    passed     99.79%
  21  GALGA    0.00%    passed     87.53%
  22  GAVST   29.73%    passed     99.98%
  23  GEOFO   29.73%    passed     99.84%
  24  HALAL   29.73%    passed     99.79%
  25  HALLE    0.00%    passed     92.11%
  26  LEPDI   29.73%    passed     99.98%
  27  MANVI   29.73%    passed     99.74%
  28  MELGA   29.73%    passed     99.79%
  29  MELUN   15.54%    passed     85.31%
  30  MERNU   29.73%    passed     99.79%
  31  MESUN   29.73%    passed     99.74%
  32  NESNO   29.73%    passed     99.43%
  33  NIPNI   29.73%    passed     99.79%
  34  OPHHO   29.73%    passed     99.79%
  35  PELCR   29.73%    passed     99.79%
  36  PHACA   29.73%    passed     99.79%
  37  PHALE   29.73%    passed     99.79%
  38  PHORU   29.73%    passed     99.79%
  39  PICPU   29.73%    passed     99.79%
  40  PODCR   29.73%    passed     99.79%
  41  PTEGU   29.73%    passed     99.79%
  42  PYGAD   29.73%    passed     99.79%
  43  STRCA   16.89%    passed     99.56%
  44  TAEGU    0.00%    passed     91.02%
  45  TAUER   15.54%    passed     94.51%
  46  TINMA   20.95%    passed     98.72%
  47  TYTAL   29.73%    passed     99.79%
****  TOTAL   25.75%  0 sequences failed composition chi2 test (p-value<5%; df=3)
NOTE: APTFO is identical to ANAPL but kept for subsequent analysis
NOTE: MESUN is identical to BUCRH but kept for subsequent analysis
NOTE: GAVST is identical to COLST but kept for subsequent analysis
NOTE: MANVI is identical to CORBR but kept for subsequent analysis
Checking for duplicate sequences: done in 8.60691e-05 secs using 98.76% CPU
Identifying sites to remove: done in 5.60284e-05 secs using 99.95% CPU
NOTE: 22 identical sequences (see below) will be ignored for subsequent analysis
NOTE: BALRE (identical to ANAPL) is ignored but added at the end
NOTE: CAPCA (identical to ANAPL) is ignored but added at the end
NOTE: CHLUN (identical to ANAPL) is ignored but added at the end
NOTE: COLLI (identical to ANAPL) is ignored but added at the end
NOTE: EGRGA (identical to ANAPL) is ignored but added at the end
NOTE: EURHE (identical to ANAPL) is ignored but added at the end
NOTE: FULGL (identical to ANAPL) is ignored but added at the end
NOTE: HALAL (identical to ANAPL) is ignored but added at the end
NOTE: MELGA (identical to ANAPL) is ignored but added at the end
NOTE: MERNU (identical to ANAPL) is ignored but added at the end
NOTE: NIPNI (identical to ANAPL) is ignored but added at the end
NOTE: OPHHO (identical to ANAPL) is ignored but added at the end
NOTE: PELCR (identical to ANAPL) is ignored but added at the end
NOTE: PHACA (identical to ANAPL) is ignored but added at the end
NOTE: PHALE (identical to ANAPL) is ignored but added at the end
NOTE: PHORU (identical to ANAPL) is ignored but added at the end
NOTE: PICPU (identical to ANAPL) is ignored but added at the end
NOTE: PODCR (identical to ANAPL) is ignored but added at the end
NOTE: PTEGU (identical to ANAPL) is ignored but added at the end
NOTE: PYGAD (identical to ANAPL) is ignored but added at the end
NOTE: TYTAL (identical to ANAPL) is ignored but added at the end
NOTE: LEPDI (identical to COLST) is ignored but added at the end
Alignment was printed to /workspace/IQTree_JarvD5a_Results/exon_10077.uniqueseq.phy

For your convenience alignment with unique sequences printed to /workspace/IQTree_JarvD5a_Results/exon_10077.uniqueseq.phy

Create initial parsimony tree by phylogenetic likelihood library (PLL)... 0.000 seconds

NOTE: 0 MB RAM (0 GB) is required!
Estimate model parameters (epsilon = 0.100)
1. Initial log-likelihood: -565.751
2. Current log-likelihood: -556.430
3. Current log-likelihood: -549.435
Optimal log-likelihood: -549.411
Rate parameters:  A-C: 30.89263  A-G: 5.01032  A-T: 0.00010  C-G: 10.04976  C-T: 99.75620  G-T: 1.00000
Warning! Some parameters hit the boundaries
Base frequencies:  A: 0.387  C: 0.218  G: 0.263  T: 0.132
Gamma shape alpha: 0.063
Parameters optimization took 3 rounds (0.014 sec)

WARNING: Estimated model parameters are at boundary that can cause numerical instability!

Wrote distance file to... 
Computing ML distances based on estimated model parameters...
Calculating distance matrix: done in 0.00178099 secs using 100.1% CPU
Computing ML distances took 0.001805 sec (of wall-clock time) 0.001805 sec (of CPU time)
Setting up auxiliary I and S matrices: done in 0.000102997 secs using 100% CPU
Constructing RapidNJ tree: done in 0.000150919 secs using 370.4% CPU
Computing RapidNJ tree took 0.000328 sec (of wall-clock time) 0.000748 sec (of CPU time)
Log-likelihood of RapidNJ tree: -556.178
--------------------------------------------------------------------
|             INITIALIZING CANDIDATE TREE SET                      |
--------------------------------------------------------------------
Generating 98 parsimony trees... 0.028 second
Computing log-likelihood of 98 initial trees ... 0.025 seconds
Current best score: -547.535

Do NNI search on 20 best initial trees
Estimate model parameters (epsilon = 0.100)

WARNING: Estimated model parameters are at boundary that can cause numerical instability!

BETTER TREE FOUND at iteration 1: -547.506
BETTER TREE FOUND at iteration 2: -547.504
BETTER TREE FOUND at iteration 5: -547.504
BETTER TREE FOUND at iteration 6: -547.503
BETTER TREE FOUND at iteration 8: -547.502
Iteration 10 / LogL: -547.506 / Time: 0h:0m:0s
Iteration 20 / LogL: -547.505 / Time: 0h:0m:0s
Finish initializing candidate tree set (20)
Current best tree score: -547.502 / CPU time: 0.101
Number of iterations: 20
--------------------------------------------------------------------
|               OPTIMIZING CANDIDATE TREE SET                      |
--------------------------------------------------------------------
BETTER TREE FOUND at iteration 23: -547.501
BETTER TREE FOUND at iteration 27: -547.498
Iteration 30 / LogL: -547.508 / Time: 0h:0m:0s (0h:0m:0s left)
Iteration 40 / LogL: -547.506 / Time: 0h:0m:0s (0h:0m:0s left)
Iteration 50 / LogL: -547.499 / Time: 0h:0m:0s (0h:0m:0s left)
Iteration 60 / LogL: -547.498 / Time: 0h:0m:0s (0h:0m:0s left)
Iteration 70 / LogL: -547.507 / Time: 0h:0m:0s (0h:0m:0s left)
Iteration 80 / LogL: -547.505 / Time: 0h:0m:0s (0h:0m:0s left)
BETTER TREE FOUND at iteration 83: -547.496
Iteration 90 / LogL: -547.508 / Time: 0h:0m:0s (0h:0m:0s left)
Iteration 100 / LogL: -547.506 / Time: 0h:0m:0s (0h:0m:0s left)
BETTER TREE FOUND at iteration 102: -547.496
Iteration 110 / LogL: -547.500 / Time: 0h:0m:0s (0h:0m:0s left)
BETTER TREE FOUND at iteration 113: -547.496
BETTER TREE FOUND at iteration 116: -547.496
Iteration 120 / LogL: -547.504 / Time: 0h:0m:0s (0h:0m:0s left)
Iteration 130 / LogL: -547.498 / Time: 0h:0m:0s (0h:0m:0s left)
Iteration 140 / LogL: -547.504 / Time: 0h:0m:0s (0h:0m:0s left)
Iteration 150 / LogL: -547.506 / Time: 0h:0m:0s (0h:0m:0s left)
Iteration 160 / LogL: -547.506 / Time: 0h:0m:0s (0h:0m:0s left)
Iteration 170 / LogL: -547.503 / Time: 0h:0m:0s (0h:0m:0s left)
Iteration 180 / LogL: -547.498 / Time: 0h:0m:0s (0h:0m:0s left)
Iteration 190 / LogL: -547.503 / Time: 0h:0m:0s (0h:0m:0s left)
Iteration 200 / LogL: -547.505 / Time: 0h:0m:0s (0h:0m:0s left)
Iteration 210 / LogL: -547.504 / Time: 0h:0m:0s (0h:0m:0s left)
TREE SEARCH COMPLETED AFTER 217 ITERATIONS / Time: 0h:0m:0s

--------------------------------------------------------------------
|                    FINALIZING TREE SEARCH                        |
--------------------------------------------------------------------
Performs final model parameters optimization
Estimate model parameters (epsilon = 0.010)
1. Initial log-likelihood: -547.496
2. Current log-likelihood: -546.904
3. Current log-likelihood: -546.812
Optimal log-likelihood: -546.808
Rate parameters:  A-C: 6.73482  A-G: 1.06587  A-T: 0.00010  C-G: 1.94671  C-T: 21.31443  G-T: 1.00000
Warning! Some parameters hit the boundaries
Base frequencies:  A: 0.387  C: 0.218  G: 0.263  T: 0.132
Gamma shape alpha: 0.138
Parameters optimization took 3 rounds (0.012 sec)
BEST SCORE FOUND : -546.808
Total tree length: 0.112

Total number of iterations: 217
CPU time used for tree search: 1.063 sec (0h:0m:1s)
Wall-clock time used for tree search: 0.884 sec (0h:0m:0s)
Total CPU time used: 1.100 sec (0h:0m:1s)
Total wall-clock time used: 0.920 sec (0h:0m:0s)

Analysis results written to: 
  IQ-TREE report:                /workspace/IQTree_JarvD5a_Results/exon_10077.iqtree
  Maximum-likelihood tree:       /workspace/IQTree_JarvD5a_Results/exon_10077.treefile
  Likelihood distances:          /workspace/IQTree_JarvD5a_Results/exon_10077.mldist
  Screen log file:               /workspace/IQTree_JarvD5a_Results/exon_10077.log

Date and Time: Wed May 27 09:23:21 2026
