IQ-TREE version 3.1.2 for Linux x86 64-bit built May  7 2026
Developed by Bui Quang Minh, Thomas Wong, Nhan Ly-Trong, Huaiyan Ren
Contributed by Lam-Tung Nguyen, Dominik Schrempf, Chris Bielow,
Olga Chernomor, Michael Woodhams, Diep Thi Hoang, Heiko Schmidt

Host:    8084c4e79f09 (AVX512, FMA3, 1133 GB RAM)
Command: /workspace/iqtree-3.1.2-Linux/bin/iqtree3_intel -s /workspace/NeuralNJ/empirical/JarvD5a/exon_8022.fasta -st DNA -m GTR+G -seed 2201 -pre /workspace/IQTree_JarvD5a_Results/exon_8022 -quiet
Seed:    2201 (Using SPRNG - Scalable Parallel Random Number Generator)
Time:    Thu May 28 07:10:51 2026
Kernel:  AVX+FMA - 1 threads (384 CPU cores detected)

HINT: Use -nt option to specify number of threads because your CPU has 384 cores!
HINT: -nt AUTO will automatically determine the best number of threads to use.

Reading alignment file /workspace/NeuralNJ/empirical/JarvD5a/exon_8022.fasta ... Fasta format detected
Reading fasta file: done in 0.000864029 secs using 86.11% CPU
Alignment most likely contains DNA/RNA sequences
Constructing alignment: done in 0.00239205 secs using 45.44% CPU
Alignment has 48 sequences with 2002 columns, 514 distinct patterns
217 parsimony-informative, 232 singleton sites, 1553 constant sites
       Gap/Ambiguity  Composition  p-value
Analyzing sequences: done in 3.71933e-05 secs using 102.2% CPU
   1  ACACH    2.90%    passed     95.45%
   2  ANAPL    3.10%    passed     95.97%
   3  APAVI    2.80%    passed     97.67%
   4  APTFO    3.40%    passed     99.06%
   5  BALRE    2.60%    passed     98.89%
   6  BUCRH    2.80%    passed     99.07%
   7  CALAN    3.00%    passed     99.96%
   8  CAPCA    2.80%    passed     99.74%
   9  CARCR    2.80%    passed     99.81%
  10  CATAU   33.07%    passed     14.77%
  11  CHAPE    3.40%    passed     97.63%
  12  CHAVO    2.80%    passed     99.93%
  13  CHLUN    2.80%    passed     99.64%
  14  COLLI    2.80%    passed     98.82%
  15  COLST   18.98%    passed     99.65%
  16  CORBR    2.90%    passed     99.00%
  17  CUCCA    2.80%    passed     97.11%
  18  EGRGA    2.80%    passed     99.93%
  19  EURHE    3.15%    passed     97.75%
  20  FALPE    2.80%    passed     99.68%
  21  FULGL    2.80%    passed     99.86%
  22  GALGA    5.39%    passed     95.89%
  23  GAVST    2.80%    passed     99.98%
  24  GEOFO    3.90%    passed     99.63%
  25  HALAL    2.80%    passed     99.76%
  26  HALLE    2.80%    passed     99.90%
  27  LEPDI    2.80%    passed     98.85%
  28  MANVI    2.80%    passed     98.81%
  29  MELGA    4.90%    passed     98.50%
  30  MELUN    3.00%    passed     90.49%
  31  MERNU    2.80%    passed     98.21%
  32  MESUN   37.96%    passed     23.84%
  33  NESNO   22.68%    passed     52.67%
  34  NIPNI    2.80%    passed     99.88%
  35  OPHHO    3.90%    passed     99.71%
  36  PELCR    2.90%    passed     99.91%
  37  PHACA    2.10%    passed     97.07%
  38  PHALE    3.60%    passed     99.75%
  39  PHORU    2.80%    passed     99.74%
  40  PICPU    2.70%    passed     99.96%
  41  PODCR    2.80%    passed     99.61%
  42  PTEGU    2.80%    passed     97.36%
  43  PYGAD    2.80%    passed     99.07%
  44  STRCA    6.79%    passed     98.03%
  45  TAEGU    2.80%    passed     98.60%
  46  TAUER    2.80%    passed     99.93%
  47  TINMA    3.50%    passed     95.85%
  48  TYTAL    3.10%    passed     97.92%
****  TOTAL    5.21%  0 sequences failed composition chi2 test (p-value<5%; df=3)
Checking for duplicate sequences: done in 0.000128984 secs using 100% CPU

Create initial parsimony tree by phylogenetic likelihood library (PLL)... 0.002 seconds

NOTE: 3 MB RAM (0 GB) is required!
Estimate model parameters (epsilon = 0.100)
1. Initial log-likelihood: -8704.380
2. Current log-likelihood: -8370.892
3. Current log-likelihood: -8368.465
Optimal log-likelihood: -8368.430
Rate parameters:  A-C: 1.27497  A-G: 2.90076  A-T: 0.52195  C-G: 1.44597  C-T: 3.87603  G-T: 1.00000
Base frequencies:  A: 0.328  C: 0.197  G: 0.240  T: 0.236
Gamma shape alpha: 0.194
Parameters optimization took 3 rounds (0.103 sec)
Wrote distance file to... 
Computing ML distances based on estimated model parameters...
Calculating distance matrix: done in 0.00593901 secs using 100% CPU
Computing ML distances took 0.006018 sec (of wall-clock time) 0.006018 sec (of CPU time)
Setting up auxiliary I and S matrices: done in 0.000229836 secs using 352.9% CPU
Constructing RapidNJ tree: done in 0.000226021 secs using 177.9% CPU
Computing RapidNJ tree took 0.000515 sec (of wall-clock time) 0.001307 sec (of CPU time)
Log-likelihood of RapidNJ tree: -8390.107
--------------------------------------------------------------------
|             INITIALIZING CANDIDATE TREE SET                      |
--------------------------------------------------------------------
Generating 98 parsimony trees... 0.191 second
Computing log-likelihood of 98 initial trees ... 0.274 seconds
Current best score: -8345.222

Do NNI search on 20 best initial trees
Estimate model parameters (epsilon = 0.100)
BETTER TREE FOUND at iteration 1: -8341.049
Estimate model parameters (epsilon = 0.100)
BETTER TREE FOUND at iteration 10: -8340.530
Iteration 10 / LogL: -8340.530 / Time: 0h:0m:1s
Estimate model parameters (epsilon = 0.100)
BETTER TREE FOUND at iteration 20: -8336.026
Iteration 20 / LogL: -8336.026 / Time: 0h:0m:1s
Finish initializing candidate tree set (20)
Current best tree score: -8336.026 / CPU time: 1.614
Number of iterations: 20
--------------------------------------------------------------------
|               OPTIMIZING CANDIDATE TREE SET                      |
--------------------------------------------------------------------
Estimate model parameters (epsilon = 0.100)
BETTER TREE FOUND at iteration 27: -8335.522
Iteration 30 / LogL: -8336.035 / Time: 0h:0m:2s (0h:0m:7s left)
Estimate model parameters (epsilon = 0.100)
BETTER TREE FOUND at iteration 33: -8334.467
BETTER TREE FOUND at iteration 34: -8334.467
Estimate model parameters (epsilon = 0.100)
BETTER TREE FOUND at iteration 35: -8334.383
Estimate model parameters (epsilon = 0.100)
BETTER TREE FOUND at iteration 37: -8334.119
Iteration 40 / LogL: -8334.461 / Time: 0h:0m:2s (0h:0m:7s left)
BETTER TREE FOUND at iteration 50: -8334.114
Iteration 50 / LogL: -8334.114 / Time: 0h:0m:3s (0h:0m:7s left)
Iteration 60 / LogL: -8334.384 / Time: 0h:0m:4s (0h:0m:6s left)
Estimate model parameters (epsilon = 0.100)
BETTER TREE FOUND at iteration 62: -8333.899
BETTER TREE FOUND at iteration 64: -8333.893
Iteration 70 / LogL: -8335.490 / Time: 0h:0m:4s (0h:0m:6s left)
Estimate model parameters (epsilon = 0.100)
BETTER TREE FOUND at iteration 73: -8331.831
Iteration 80 / LogL: -8333.013 / Time: 0h:0m:5s (0h:0m:6s left)
Estimate model parameters (epsilon = 0.100)
BETTER TREE FOUND at iteration 82: -8331.216
Iteration 90 / LogL: -8336.958 / Time: 0h:0m:5s (0h:0m:6s left)
BETTER TREE FOUND at iteration 92: -8331.215
Iteration 100 / LogL: -8365.250 / Time: 0h:0m:6s (0h:0m:6s left)
Iteration 110 / LogL: -8331.267 / Time: 0h:0m:7s (0h:0m:5s left)
Iteration 120 / LogL: -8331.216 / Time: 0h:0m:7s (0h:0m:4s left)
BETTER TREE FOUND at iteration 121: -8331.215
Iteration 130 / LogL: -8334.375 / Time: 0h:0m:8s (0h:0m:5s left)
BETTER TREE FOUND at iteration 134: -8331.213
Iteration 140 / LogL: -8333.761 / Time: 0h:0m:8s (0h:0m:5s left)
Iteration 150 / LogL: -8336.956 / Time: 0h:0m:9s (0h:0m:5s left)
Iteration 160 / LogL: -8331.215 / Time: 0h:0m:9s (0h:0m:4s left)
Estimate model parameters (epsilon = 0.100)
BETTER TREE FOUND at iteration 165: -8331.004
Iteration 170 / LogL: -8335.366 / Time: 0h:0m:10s (0h:0m:5s left)
Iteration 180 / LogL: -8331.213 / Time: 0h:0m:11s (0h:0m:5s left)
Iteration 190 / LogL: -8340.283 / Time: 0h:0m:11s (0h:0m:4s left)
Iteration 200 / LogL: -8331.004 / Time: 0h:0m:12s (0h:0m:3s left)
Iteration 210 / LogL: -8331.209 / Time: 0h:0m:12s (0h:0m:3s left)
BETTER TREE FOUND at iteration 216: -8331.002
Iteration 220 / LogL: -8335.105 / Time: 0h:0m:13s (0h:0m:5s left)
Iteration 230 / LogL: -8331.270 / Time: 0h:0m:13s (0h:0m:5s left)
BETTER TREE FOUND at iteration 233: -8331.001
Iteration 240 / LogL: -8338.031 / Time: 0h:0m:14s (0h:0m:5s left)
Iteration 250 / LogL: -8331.002 / Time: 0h:0m:14s (0h:0m:4s left)
Iteration 260 / LogL: -8333.014 / Time: 0h:0m:15s (0h:0m:4s left)
BETTER TREE FOUND at iteration 264: -8331.000
Iteration 270 / LogL: -8332.408 / Time: 0h:0m:16s (0h:0m:5s left)
Iteration 280 / LogL: -8337.957 / Time: 0h:0m:16s (0h:0m:4s left)
BETTER TREE FOUND at iteration 285: -8331.000
Iteration 290 / LogL: -8332.242 / Time: 0h:0m:17s (0h:0m:5s left)
BETTER TREE FOUND at iteration 295: -8331.000
BETTER TREE FOUND at iteration 298: -8330.999
Iteration 300 / LogL: -8338.595 / Time: 0h:0m:17s (0h:0m:5s left)
Iteration 310 / LogL: -8335.167 / Time: 0h:0m:18s (0h:0m:5s left)
Iteration 320 / LogL: -8343.146 / Time: 0h:0m:18s (0h:0m:4s left)
Estimate model parameters (epsilon = 0.100)
BETTER TREE FOUND at iteration 321: -8330.775
Iteration 330 / LogL: -8330.992 / Time: 0h:0m:19s (0h:0m:5s left)
Iteration 340 / LogL: -8331.087 / Time: 0h:0m:19s (0h:0m:4s left)
Iteration 350 / LogL: -8361.039 / Time: 0h:0m:20s (0h:0m:4s left)
Iteration 360 / LogL: -8336.706 / Time: 0h:0m:21s (0h:0m:3s left)
Iteration 370 / LogL: -8335.503 / Time: 0h:0m:21s (0h:0m:2s left)
Iteration 380 / LogL: -8330.976 / Time: 0h:0m:22s (0h:0m:2s left)
BETTER TREE FOUND at iteration 386: -8330.775
Iteration 390 / LogL: -8330.777 / Time: 0h:0m:22s (0h:0m:5s left)
Iteration 400 / LogL: -8341.565 / Time: 0h:0m:23s (0h:0m:5s left)
Iteration 410 / LogL: -8330.776 / Time: 0h:0m:23s (0h:0m:4s left)
Iteration 420 / LogL: -8331.085 / Time: 0h:0m:24s (0h:0m:3s left)
Iteration 430 / LogL: -8332.799 / Time: 0h:0m:24s (0h:0m:3s left)
Iteration 440 / LogL: -8330.777 / Time: 0h:0m:25s (0h:0m:2s left)
Iteration 450 / LogL: -8336.314 / Time: 0h:0m:25s (0h:0m:2s left)
Iteration 460 / LogL: -8330.777 / Time: 0h:0m:26s (0h:0m:1s left)
BETTER TREE FOUND at iteration 465: -8330.775
Iteration 470 / LogL: -8332.577 / Time: 0h:0m:27s (0h:0m:5s left)
BETTER TREE FOUND at iteration 473: -8330.775
Iteration 480 / LogL: -8331.085 / Time: 0h:0m:27s (0h:0m:5s left)
Iteration 490 / LogL: -8338.201 / Time: 0h:0m:28s (0h:0m:4s left)
BETTER TREE FOUND at iteration 498: -8330.775
Iteration 500 / LogL: -8330.775 / Time: 0h:0m:28s (0h:0m:5s left)
Iteration 510 / LogL: -8365.870 / Time: 0h:0m:29s (0h:0m:5s left)
Iteration 520 / LogL: -8337.869 / Time: 0h:0m:29s (0h:0m:4s left)
Iteration 530 / LogL: -8332.779 / Time: 0h:0m:30s (0h:0m:3s left)
Iteration 540 / LogL: -8337.202 / Time: 0h:0m:30s (0h:0m:3s left)
Iteration 550 / LogL: -8336.316 / Time: 0h:0m:31s (0h:0m:2s left)
Iteration 560 / LogL: -8330.775 / Time: 0h:0m:31s (0h:0m:2s left)
Iteration 570 / LogL: -8331.086 / Time: 0h:0m:32s (0h:0m:1s left)
Iteration 580 / LogL: -8334.913 / Time: 0h:0m:33s (0h:0m:1s left)
Iteration 590 / LogL: -8330.775 / Time: 0h:0m:33s (0h:0m:0s left)
UPDATE BEST LOG-LIKELIHOOD: -8330.774
TREE SEARCH COMPLETED AFTER 599 ITERATIONS / Time: 0h:0m:34s

--------------------------------------------------------------------
|                    FINALIZING TREE SEARCH                        |
--------------------------------------------------------------------
Performs final model parameters optimization
Estimate model parameters (epsilon = 0.010)
1. Initial log-likelihood: -8330.774
Optimal log-likelihood: -8330.773
Rate parameters:  A-C: 1.28039  A-G: 2.93848  A-T: 0.50067  C-G: 1.45550  C-T: 3.79707  G-T: 1.00000
Base frequencies:  A: 0.328  C: 0.197  G: 0.240  T: 0.236
Gamma shape alpha: 0.195
Parameters optimization took 1 rounds (0.012 sec)
BEST SCORE FOUND : -8330.773
Total tree length: 0.578

Total number of iterations: 599
CPU time used for tree search: 34.220 sec (0h:0m:34s)
Wall-clock time used for tree search: 34.069 sec (0h:0m:34s)
Total CPU time used: 34.374 sec (0h:0m:34s)
Total wall-clock time used: 34.213 sec (0h:0m:34s)

Analysis results written to: 
  IQ-TREE report:                /workspace/IQTree_JarvD5a_Results/exon_8022.iqtree
  Maximum-likelihood tree:       /workspace/IQTree_JarvD5a_Results/exon_8022.treefile
  Likelihood distances:          /workspace/IQTree_JarvD5a_Results/exon_8022.mldist
  Screen log file:               /workspace/IQTree_JarvD5a_Results/exon_8022.log

Date and Time: Thu May 28 07:11:25 2026
