IQ-TREE version 3.1.2 for Linux x86 64-bit built May  7 2026
Developed by Bui Quang Minh, Thomas Wong, Nhan Ly-Trong, Huaiyan Ren
Contributed by Lam-Tung Nguyen, Dominik Schrempf, Chris Bielow,
Olga Chernomor, Michael Woodhams, Diep Thi Hoang, Heiko Schmidt

Host:    8084c4e79f09 (AVX512, FMA3, 1133 GB RAM)
Command: /workspace/iqtree-3.1.2-Linux/bin/iqtree3_intel -s /workspace/NeuralNJ/empirical/JarvD5a/exon_7891.fasta -st DNA -m GTR+G -seed 2201 -pre /workspace/IQTree_JarvD5a_Results/exon_7891 -quiet
Seed:    2201 (Using SPRNG - Scalable Parallel Random Number Generator)
Time:    Thu May 28 06:54:40 2026
Kernel:  AVX+FMA - 1 threads (384 CPU cores detected)

HINT: Use -nt option to specify number of threads because your CPU has 384 cores!
HINT: -nt AUTO will automatically determine the best number of threads to use.

Reading alignment file /workspace/NeuralNJ/empirical/JarvD5a/exon_7891.fasta ... Fasta format detected
Reading fasta file: done in 0.000928879 secs using 68.25% CPU
Alignment most likely contains DNA/RNA sequences
Constructing alignment: done in 0.0030489 secs using 100% CPU
Alignment has 42 sequences with 2408 columns, 708 distinct patterns
379 parsimony-informative, 347 singleton sites, 1682 constant sites
       Gap/Ambiguity  Composition  p-value
Analyzing sequences: done in 4.69685e-05 secs using 100.1% CPU
   1  ACACH    5.81%    passed     53.22%
   2  ANAPL    5.23%    passed     99.05%
   3  APTFO    6.40%    passed     96.99%
   4  BALRE    7.06%    passed     96.62%
   5  BUCRH    6.31%    passed     73.75%
   6  CALAN    6.31%    passed     98.39%
   7  CAPCA    5.40%    passed     95.56%
   8  CARCR   10.13%    passed     63.61%
   9  CHAPE    7.72%    passed     89.71%
  10  CHAVO    4.65%    passed     97.46%
  11  CHLUN    3.99%    passed     99.11%
  12  COLLI    8.55%    passed     95.84%
  13  COLST    5.48%    passed     86.53%
  14  CORBR    5.15%    passed     77.89%
  15  CUCCA    6.56%    passed     97.57%
  16  EGRGA    5.56%    passed     99.35%
  17  FALPE    4.07%    passed     96.28%
  18  FULGL    4.32%    passed     98.72%
  19  GALGA    4.49%    passed     78.96%
  20  GAVST    5.32%    passed     99.22%
  21  GEOFO    7.81%    passed     80.92%
  22  HALAL   23.59%    passed     43.94%
  23  HALLE    6.02%    passed     98.35%
  24  LEPDI   32.39%    passed     12.03%
  25  MANVI   15.86%    passed     33.44%
  26  MELGA    5.48%    passed     89.52%
  27  MELUN    7.23%    passed     94.17%
  28  MESUN    8.55%    passed     95.93%
  29  NESNO    5.90%    passed     99.48%
  30  NIPNI    4.15%    passed     97.55%
  31  OPHHO    7.89%    passed     96.57%
  32  PHACA    5.40%    passed     99.70%
  33  PHALE    8.14%    passed     79.15%
  34  PHORU    5.48%    passed     99.48%
  35  PICPU    6.48%    passed     55.07%
  36  PODCR    5.48%    passed     99.54%
  37  PTEGU   35.38%    passed     94.34%
  38  PYGAD    4.82%    passed     98.84%
  39  STRCA    8.39%    passed     82.00%
  40  TAEGU    7.31%    passed     89.35%
  41  TAUER    6.23%    passed     97.83%
  42  TINMA    7.64%    passed     97.98%
****  TOTAL    8.19%  0 sequences failed composition chi2 test (p-value<5%; df=3)
Checking for duplicate sequences: done in 0.000133991 secs using 100% CPU

Create initial parsimony tree by phylogenetic likelihood library (PLL)... 0.002 seconds

NOTE: 3 MB RAM (0 GB) is required!
Estimate model parameters (epsilon = 0.100)
1. Initial log-likelihood: -14655.012
2. Current log-likelihood: -13836.956
3. Current log-likelihood: -13766.223
4. Current log-likelihood: -13764.937
Optimal log-likelihood: -13764.922
Rate parameters:  A-C: 1.60044  A-G: 2.26532  A-T: 0.60736  C-G: 1.53492  C-T: 2.79538  G-T: 1.00000
Base frequencies:  A: 0.317  C: 0.207  G: 0.260  T: 0.216
Gamma shape alpha: 0.191
Parameters optimization took 4 rounds (0.138 sec)
Wrote distance file to... 
Computing ML distances based on estimated model parameters...
Calculating distance matrix: done in 0.00572705 secs using 99.61% CPU
Computing ML distances took 0.005832 sec (of wall-clock time) 0.005802 sec (of CPU time)
Setting up auxiliary I and S matrices: done in 0.000217915 secs using 55.53% CPU
Constructing RapidNJ tree: done in 0.000298977 secs using 269.9% CPU
Computing RapidNJ tree took 0.000593 sec (of wall-clock time) 0.000997 sec (of CPU time)
Log-likelihood of RapidNJ tree: -13878.035
--------------------------------------------------------------------
|             INITIALIZING CANDIDATE TREE SET                      |
--------------------------------------------------------------------
Generating 98 parsimony trees... 0.253 second
Computing log-likelihood of 98 initial trees ... 0.338 seconds
Current best score: -13764.922

Do NNI search on 20 best initial trees
Estimate model parameters (epsilon = 0.100)
BETTER TREE FOUND at iteration 1: -13753.164
Estimate model parameters (epsilon = 0.100)
BETTER TREE FOUND at iteration 2: -13748.681
Iteration 10 / LogL: -13773.170 / Time: 0h:0m:1s
Iteration 20 / LogL: -13764.846 / Time: 0h:0m:1s
Finish initializing candidate tree set (20)
Current best tree score: -13748.681 / CPU time: 1.810
Number of iterations: 20
--------------------------------------------------------------------
|               OPTIMIZING CANDIDATE TREE SET                      |
--------------------------------------------------------------------
Estimate model parameters (epsilon = 0.100)
BETTER TREE FOUND at iteration 29: -13747.355
Iteration 30 / LogL: -13752.792 / Time: 0h:0m:2s (0h:0m:8s left)
Iteration 40 / LogL: -13747.394 / Time: 0h:0m:3s (0h:0m:7s left)
Iteration 50 / LogL: -13749.399 / Time: 0h:0m:3s (0h:0m:5s left)
Estimate model parameters (epsilon = 0.100)
BETTER TREE FOUND at iteration 59: -13746.951
Iteration 60 / LogL: -13751.562 / Time: 0h:0m:4s (0h:0m:7s left)
Estimate model parameters (epsilon = 0.100)
BETTER TREE FOUND at iteration 63: -13743.341
Iteration 70 / LogL: -13749.514 / Time: 0h:0m:4s (0h:0m:6s left)
Iteration 80 / LogL: -13747.042 / Time: 0h:0m:5s (0h:0m:5s left)
Iteration 90 / LogL: -13743.511 / Time: 0h:0m:6s (0h:0m:4s left)
Iteration 100 / LogL: -13744.976 / Time: 0h:0m:6s (0h:0m:4s left)
Iteration 110 / LogL: -13743.342 / Time: 0h:0m:7s (0h:0m:3s left)
Iteration 120 / LogL: -13821.512 / Time: 0h:0m:7s (0h:0m:2s left)
Iteration 130 / LogL: -13744.001 / Time: 0h:0m:8s (0h:0m:2s left)
Iteration 140 / LogL: -13750.345 / Time: 0h:0m:8s (0h:0m:1s left)
Iteration 150 / LogL: -13748.963 / Time: 0h:0m:9s (0h:0m:0s left)
Iteration 160 / LogL: -13743.393 / Time: 0h:0m:9s (0h:0m:0s left)
TREE SEARCH COMPLETED AFTER 164 ITERATIONS / Time: 0h:0m:9s

--------------------------------------------------------------------
|                    FINALIZING TREE SEARCH                        |
--------------------------------------------------------------------
Performs final model parameters optimization
Estimate model parameters (epsilon = 0.010)
1. Initial log-likelihood: -13743.341
Optimal log-likelihood: -13743.339
Rate parameters:  A-C: 1.56818  A-G: 2.23111  A-T: 0.57668  C-G: 1.58719  C-T: 2.93267  G-T: 1.00000
Base frequencies:  A: 0.317  C: 0.207  G: 0.260  T: 0.216
Gamma shape alpha: 0.190
Parameters optimization took 1 rounds (0.014 sec)
BEST SCORE FOUND : -13743.339
Total tree length: 2.166

Total number of iterations: 164
CPU time used for tree search: 9.923 sec (0h:0m:9s)
Wall-clock time used for tree search: 9.779 sec (0h:0m:9s)
Total CPU time used: 10.142 sec (0h:0m:10s)
Total wall-clock time used: 9.975 sec (0h:0m:9s)

Analysis results written to: 
  IQ-TREE report:                /workspace/IQTree_JarvD5a_Results/exon_7891.iqtree
  Maximum-likelihood tree:       /workspace/IQTree_JarvD5a_Results/exon_7891.treefile
  Likelihood distances:          /workspace/IQTree_JarvD5a_Results/exon_7891.mldist
  Screen log file:               /workspace/IQTree_JarvD5a_Results/exon_7891.log

Date and Time: Thu May 28 06:54:50 2026
