IQ-TREE version 3.1.2 for Linux x86 64-bit built May  7 2026
Developed by Bui Quang Minh, Thomas Wong, Nhan Ly-Trong, Huaiyan Ren
Contributed by Lam-Tung Nguyen, Dominik Schrempf, Chris Bielow,
Olga Chernomor, Michael Woodhams, Diep Thi Hoang, Heiko Schmidt

Host:    8084c4e79f09 (AVX512, FMA3, 1133 GB RAM)
Command: /workspace/iqtree-3.1.2-Linux/bin/iqtree3_intel -s /workspace/NeuralNJ/empirical/JarvD5a/exon_11842.fasta -st DNA -m GTR+G -seed 2201 -pre /workspace/IQTree_JarvD5a_Results/exon_11842 -quiet
Seed:    2201 (Using SPRNG - Scalable Parallel Random Number Generator)
Time:    Wed May 27 13:49:10 2026
Kernel:  AVX+FMA - 1 threads (384 CPU cores detected)

HINT: Use -nt option to specify number of threads because your CPU has 384 cores!
HINT: -nt AUTO will automatically determine the best number of threads to use.

Reading alignment file /workspace/NeuralNJ/empirical/JarvD5a/exon_11842.fasta ... Fasta format detected
Reading fasta file: done in 0.00045085 secs using 22.4% CPU
Alignment most likely contains DNA/RNA sequences
Constructing alignment: done in 0.00121498 secs
WARNING: 2 sites contain only gaps or ambiguous characters.
Alignment has 45 sequences with 926 columns, 754 distinct patterns
527 parsimony-informative, 172 singleton sites, 227 constant sites
       Gap/Ambiguity  Composition  p-value
Analyzing sequences: done in 5.29289e-05 secs using 98.24% CPU
   1  ACACH   28.94%    passed     45.02%
   2  ANAPL    4.97%    passed     89.95%
   3  APAVI    5.83%    passed     72.57%
   4  APTFO    4.75%    passed     99.26%
   5  BALRE    4.97%    passed     64.78%
   6  BUCRH    4.54%    passed     64.92%
   7  CALAN    5.83%    passed     96.51%
   8  CATAU    4.97%    passed     99.37%
   9  CHAPE   13.61%    passed     65.16%
  10  CHAVO    4.54%    passed     98.87%
  11  CHLUN    8.10%    passed     94.57%
  12  COLLI    6.05%    passed     49.49%
  13  COLST    6.48%    passed     76.56%
  14  CORBR   17.93%    passed     83.97%
  15  CUCCA    4.75%    passed     96.95%
  16  EGRGA    4.75%    passed     94.59%
  17  EURHE    3.89%    passed     85.93%
  18  FALPE    4.97%    passed     97.01%
  19  FULGL    5.94%    passed     98.59%
  20  GALGA    4.97%    passed     91.41%
  21  GAVST    6.91%    passed     94.91%
  22  GEOFO    5.83%    passed     46.81%
  23  HALAL    9.07%    passed     94.98%
  24  HALLE    4.75%    passed     92.77%
  25  LEPDI    5.18%    passed     88.07%
  26  MANVI   19.87%    passed     42.87%
  27  MELGA    9.50%    passed     39.56%
  28  MELUN    4.54%    passed     78.04%
  29  MERNU    6.48%    passed     94.32%
  30  MESUN    4.54%    passed     69.69%
  31  NESNO   12.74%    passed     94.35%
  32  NIPNI    4.54%    passed     41.83%
  33  OPHHO   17.28%    passed     22.31%
  34  PELCR    6.70%    passed     71.28%
  35  PHACA    9.94%    passed     59.42%
  36  PHALE    5.62%    passed     87.48%
  37  PICPU    8.21%    passed     92.69%
  38  PODCR    6.26%    passed     97.08%
  39  PTEGU    6.70%    passed     95.63%
  40  PYGAD    4.32%    passed     95.77%
  41  STRCA    7.34%    passed     63.41%
  42  TAEGU    4.75%    passed     71.20%
  43  TAUER    6.91%    passed     91.92%
  44  TINMA    8.64%    passed     14.84%
  45  TYTAL    5.62%    passed     99.28%
****  TOTAL    7.62%  0 sequences failed composition chi2 test (p-value<5%; df=3)
Checking for duplicate sequences: done in 0.000144958 secs using 49.67% CPU

Create initial parsimony tree by phylogenetic likelihood library (PLL)... 0.004 seconds

NOTE: 4 MB RAM (0 GB) is required!
Estimate model parameters (epsilon = 0.100)
1. Initial log-likelihood: -13651.413
2. Current log-likelihood: -12882.728
3. Current log-likelihood: -12876.075
Optimal log-likelihood: -12876.007
Rate parameters:  A-C: 0.78255  A-G: 5.33548  A-T: 0.53510  C-G: 1.48990  C-T: 3.78370  G-T: 1.00000
Base frequencies:  A: 0.280  C: 0.294  G: 0.213  T: 0.213
Gamma shape alpha: 1.053
Parameters optimization took 3 rounds (0.165 sec)
Wrote distance file to... 
Computing ML distances based on estimated model parameters...
Calculating distance matrix: done in 0.00455904 secs using 99.34% CPU
Computing ML distances took 0.004692 sec (of wall-clock time) 0.004649 sec (of CPU time)
Setting up auxiliary I and S matrices: done in 0.000239134 secs using 88.24% CPU
Constructing RapidNJ tree: done in 0.000222921 secs using 361.6% CPU
Computing RapidNJ tree took 0.000532 sec (of wall-clock time) 0.001086 sec (of CPU time)
Log-likelihood of RapidNJ tree: -12963.242
--------------------------------------------------------------------
|             INITIALIZING CANDIDATE TREE SET                      |
--------------------------------------------------------------------
Generating 98 parsimony trees... 0.332 second
Computing log-likelihood of 98 initial trees ... 0.399 seconds
Current best score: -12855.393

Do NNI search on 20 best initial trees
Estimate model parameters (epsilon = 0.100)
BETTER TREE FOUND at iteration 1: -12829.752
Iteration 10 / LogL: -12851.064 / Time: 0h:0m:1s
Iteration 20 / LogL: -12852.989 / Time: 0h:0m:2s
Finish initializing candidate tree set (20)
Current best tree score: -12829.752 / CPU time: 2.311
Number of iterations: 20
--------------------------------------------------------------------
|               OPTIMIZING CANDIDATE TREE SET                      |
--------------------------------------------------------------------
Estimate model parameters (epsilon = 0.100)
BETTER TREE FOUND at iteration 29: -12823.843
Iteration 30 / LogL: -12887.216 / Time: 0h:0m:3s (0h:0m:11s left)
Estimate model parameters (epsilon = 0.100)
BETTER TREE FOUND at iteration 39: -12820.748
Iteration 40 / LogL: -12828.338 / Time: 0h:0m:4s (0h:0m:10s left)
Iteration 50 / LogL: -12821.243 / Time: 0h:0m:5s (0h:0m:9s left)
Iteration 60 / LogL: -12821.178 / Time: 0h:0m:5s (0h:0m:7s left)
Iteration 70 / LogL: -12820.749 / Time: 0h:0m:6s (0h:0m:6s left)
Iteration 80 / LogL: -12821.500 / Time: 0h:0m:7s (0h:0m:5s left)
Iteration 90 / LogL: -12821.500 / Time: 0h:0m:8s (0h:0m:4s left)
Iteration 100 / LogL: -12821.095 / Time: 0h:0m:9s (0h:0m:3s left)
Iteration 110 / LogL: -12821.244 / Time: 0h:0m:10s (0h:0m:2s left)
Iteration 120 / LogL: -12820.752 / Time: 0h:0m:11s (0h:0m:1s left)
Iteration 130 / LogL: -12821.079 / Time: 0h:0m:12s (0h:0m:0s left)
Iteration 140 / LogL: -12821.248 / Time: 0h:0m:13s (0h:0m:-1s left)
TREE SEARCH COMPLETED AFTER 140 ITERATIONS / Time: 0h:0m:13s

--------------------------------------------------------------------
|                    FINALIZING TREE SEARCH                        |
--------------------------------------------------------------------
Performs final model parameters optimization
Estimate model parameters (epsilon = 0.010)
1. Initial log-likelihood: -12820.748
Optimal log-likelihood: -12820.747
Rate parameters:  A-C: 0.77867  A-G: 5.48512  A-T: 0.51928  C-G: 1.47174  C-T: 3.81892  G-T: 1.00000
Base frequencies:  A: 0.280  C: 0.294  G: 0.213  T: 0.213
Gamma shape alpha: 1.030
Parameters optimization took 1 rounds (0.016 sec)
BEST SCORE FOUND : -12820.747
Total tree length: 3.780

Total number of iterations: 140
CPU time used for tree search: 12.331 sec (0h:0m:12s)
Wall-clock time used for tree search: 13.369 sec (0h:0m:13s)
Total CPU time used: 12.524 sec (0h:0m:12s)
Total wall-clock time used: 13.590 sec (0h:0m:13s)

Analysis results written to: 
  IQ-TREE report:                /workspace/IQTree_JarvD5a_Results/exon_11842.iqtree
  Maximum-likelihood tree:       /workspace/IQTree_JarvD5a_Results/exon_11842.treefile
  Likelihood distances:          /workspace/IQTree_JarvD5a_Results/exon_11842.mldist
  Screen log file:               /workspace/IQTree_JarvD5a_Results/exon_11842.log

Date and Time: Wed May 27 13:49:23 2026
