IQ-TREE version 3.1.2 for Linux x86 64-bit built May  7 2026
Developed by Bui Quang Minh, Thomas Wong, Nhan Ly-Trong, Huaiyan Ren
Contributed by Lam-Tung Nguyen, Dominik Schrempf, Chris Bielow,
Olga Chernomor, Michael Woodhams, Diep Thi Hoang, Heiko Schmidt

Host:    8084c4e79f09 (AVX512, FMA3, 1133 GB RAM)
Command: /workspace/iqtree-3.1.2-Linux/bin/iqtree3_intel -s /workspace/NeuralNJ/empirical/JarvD5a/exon_3594.fasta -st DNA -m GTR+G -seed 2201 -pre /workspace/IQTree_JarvD5a_Results/exon_3594 -quiet
Seed:    2201 (Using SPRNG - Scalable Parallel Random Number Generator)
Time:    Thu May 28 00:54:36 2026
Kernel:  AVX+FMA - 1 threads (384 CPU cores detected)

HINT: Use -nt option to specify number of threads because your CPU has 384 cores!
HINT: -nt AUTO will automatically determine the best number of threads to use.

Reading alignment file /workspace/NeuralNJ/empirical/JarvD5a/exon_3594.fasta ... Fasta format detected
Reading fasta file: done in 0.000661135 secs using 60.05% CPU
Alignment most likely contains DNA/RNA sequences
Constructing alignment: done in 0.00167894 secs using 100% CPU
Alignment has 48 sequences with 1438 columns, 95 distinct patterns
36 parsimony-informative, 30 singleton sites, 1372 constant sites
       Gap/Ambiguity  Composition  p-value
Analyzing sequences: done in 9.05991e-06 secs using 110.4% CPU
   1  ACACH    1.67%    passed     99.91%
   2  ANAPL    1.53%    passed     99.72%
   3  APAVI    1.53%    passed     99.98%
   4  APTFO    1.39%    passed     99.99%
   5  BALRE    1.53%    passed     99.98%
   6  BUCRH   10.71%    passed     99.69%
   7  CALAN    1.53%    passed     99.95%
   8  CAPCA    1.67%    passed    100.00%
   9  CARCR   49.10%    passed     19.05%
  10  CATAU    1.53%    passed     99.98%
  11  CHAPE    1.53%    passed     99.91%
  12  CHAVO    1.53%    passed     99.96%
  13  CHLUN   10.71%    passed     98.39%
  14  COLLI    1.53%    passed     99.90%
  15  COLST    1.53%    passed     99.98%
  16  CORBR    1.67%    passed     99.63%
  17  CUCCA    1.53%    passed     99.98%
  18  EGRGA    1.53%    passed     99.98%
  19  EURHE    1.53%    passed     99.99%
  20  FALPE    1.53%    passed     99.91%
  21  FULGL   37.55%    passed     12.32%
  22  GALGA    0.14%    passed     99.46%
  23  GAVST    1.53%    passed    100.00%
  24  GEOFO    1.67%    passed     99.54%
  25  HALAL   37.55%    passed     11.02%
  26  HALLE    1.53%    passed     99.96%
  27  LEPDI    1.53%    passed     99.91%
  28  MANVI    1.67%    passed     99.77%
  29  MELGA    0.14%    passed     99.56%
  30  MELUN    1.39%    passed     99.83%
  31  MERNU    1.53%    passed     99.82%
  32  MESUN    1.39%    passed     99.76%
  33  NESNO    1.67%    passed     99.51%
  34  NIPNI    1.53%    passed     99.98%
  35  OPHHO    1.53%    passed     99.98%
  36  PELCR    1.53%    passed     99.93%
  37  PHACA    1.53%    passed     99.94%
  38  PHALE    1.53%    passed     99.99%
  39  PHORU    1.53%    passed     99.99%
  40  PICPU    1.53%    passed     99.88%
  41  PODCR   27.26%    passed     65.48%
  42  PTEGU   10.71%    passed     98.75%
  43  PYGAD    1.53%    passed    100.00%
  44  STRCA    1.53%    passed     99.31%
  45  TAEGU    1.67%    passed     99.75%
  46  TAUER    1.53%    passed     99.96%
  47  TINMA    1.53%    passed     99.86%
  48  TYTAL    1.53%    passed     99.93%
****  TOTAL    5.09%  0 sequences failed composition chi2 test (p-value<5%; df=3)
NOTE: COLST is identical to CATAU but kept for subsequent analysis
Checking for duplicate sequences: done in 0.000103951 secs using 100% CPU
Identifying sites to remove: done in 0.000310183 secs using 99.62% CPU
NOTE: 3 identical sequences (see below) will be ignored for subsequent analysis
NOTE: EGRGA (identical to CATAU) is ignored but added at the end
NOTE: NIPNI (identical to CATAU) is ignored but added at the end
NOTE: OPHHO (identical to CATAU) is ignored but added at the end
Alignment was printed to /workspace/IQTree_JarvD5a_Results/exon_3594.uniqueseq.phy

For your convenience alignment with unique sequences printed to /workspace/IQTree_JarvD5a_Results/exon_3594.uniqueseq.phy

Create initial parsimony tree by phylogenetic likelihood library (PLL)... 0.001 seconds

NOTE: 0 MB RAM (0 GB) is required!
Estimate model parameters (epsilon = 0.100)
1. Initial log-likelihood: -2855.920
2. Current log-likelihood: -2772.303
3. Current log-likelihood: -2762.564
Optimal log-likelihood: -2762.557
Rate parameters:  A-C: 12.84922  A-G: 9.07520  A-T: 0.37716  C-G: 3.62616  C-T: 32.67010  G-T: 1.00000
Base frequencies:  A: 0.339  C: 0.201  G: 0.241  T: 0.219
Gamma shape alpha: 0.020
Parameters optimization took 3 rounds (0.044 sec)
Wrote distance file to... 
Computing ML distances based on estimated model parameters...
Calculating distance matrix: done in 0.00628281 secs using 100% CPU
Computing ML distances took 0.006320 sec (of wall-clock time) 0.006319 sec (of CPU time)
Setting up auxiliary I and S matrices: done in 0.000234842 secs using 100.5% CPU
Constructing RapidNJ tree: done in 0.000475883 secs using 270.9% CPU
Computing RapidNJ tree took 0.000797 sec (of wall-clock time) 0.001630 sec (of CPU time)
Log-likelihood of RapidNJ tree: -2764.606
--------------------------------------------------------------------
|             INITIALIZING CANDIDATE TREE SET                      |
--------------------------------------------------------------------
Generating 98 parsimony trees... 0.070 second
Computing log-likelihood of 98 initial trees ... 0.071 seconds
Current best score: -2750.606

Do NNI search on 20 best initial trees
Estimate model parameters (epsilon = 0.100)
BETTER TREE FOUND at iteration 1: -2749.549
Iteration 10 / LogL: -2753.924 / Time: 0h:0m:0s
Iteration 20 / LogL: -2757.005 / Time: 0h:0m:0s
Finish initializing candidate tree set (20)
Current best tree score: -2749.549 / CPU time: 0.300
Number of iterations: 20
--------------------------------------------------------------------
|               OPTIMIZING CANDIDATE TREE SET                      |
--------------------------------------------------------------------
Estimate model parameters (epsilon = 0.100)
BETTER TREE FOUND at iteration 28: -2748.687
Iteration 30 / LogL: -2753.912 / Time: 0h:0m:0s (0h:0m:1s left)
BETTER TREE FOUND at iteration 36: -2748.681
Iteration 40 / LogL: -2751.464 / Time: 0h:0m:0s (0h:0m:1s left)
Iteration 50 / LogL: -2750.025 / Time: 0h:0m:0s (0h:0m:1s left)
Iteration 60 / LogL: -2749.562 / Time: 0h:0m:0s (0h:0m:1s left)
Iteration 70 / LogL: -2761.837 / Time: 0h:0m:1s (0h:0m:0s left)
Iteration 80 / LogL: -2748.687 / Time: 0h:0m:1s (0h:0m:0s left)
BETTER TREE FOUND at iteration 83: -2748.681
BETTER TREE FOUND at iteration 87: -2748.680
Iteration 90 / LogL: -2753.165 / Time: 0h:0m:1s (0h:0m:1s left)
Iteration 100 / LogL: -2749.153 / Time: 0h:0m:1s (0h:0m:1s left)
Iteration 110 / LogL: -2748.687 / Time: 0h:0m:1s (0h:0m:1s left)
Iteration 120 / LogL: -2749.152 / Time: 0h:0m:1s (0h:0m:0s left)
Iteration 130 / LogL: -2748.690 / Time: 0h:0m:1s (0h:0m:0s left)
Iteration 140 / LogL: -2754.177 / Time: 0h:0m:1s (0h:0m:0s left)
Iteration 150 / LogL: -2748.692 / Time: 0h:0m:1s (0h:0m:0s left)
Iteration 160 / LogL: -2761.361 / Time: 0h:0m:2s (0h:0m:0s left)
Iteration 170 / LogL: -2753.902 / Time: 0h:0m:2s (0h:0m:0s left)
Iteration 180 / LogL: -2748.683 / Time: 0h:0m:2s (0h:0m:0s left)
TREE SEARCH COMPLETED AFTER 188 ITERATIONS / Time: 0h:0m:2s

--------------------------------------------------------------------
|                    FINALIZING TREE SEARCH                        |
--------------------------------------------------------------------
Performs final model parameters optimization
Estimate model parameters (epsilon = 0.010)
1. Initial log-likelihood: -2748.680
Optimal log-likelihood: -2748.680
Rate parameters:  A-C: 26.06660  A-G: 15.27444  A-T: 1.49451  C-G: 7.41559  C-T: 71.97937  G-T: 1.00000
Base frequencies:  A: 0.339  C: 0.201  G: 0.241  T: 0.219
Gamma shape alpha: 0.020
Parameters optimization took 1 rounds (0.005 sec)
BEST SCORE FOUND : -2748.680
Total tree length: 0.090

Total number of iterations: 188
CPU time used for tree search: 2.568 sec (0h:0m:2s)
Wall-clock time used for tree search: 2.392 sec (0h:0m:2s)
Total CPU time used: 2.639 sec (0h:0m:2s)
Total wall-clock time used: 2.459 sec (0h:0m:2s)

Analysis results written to: 
  IQ-TREE report:                /workspace/IQTree_JarvD5a_Results/exon_3594.iqtree
  Maximum-likelihood tree:       /workspace/IQTree_JarvD5a_Results/exon_3594.treefile
  Likelihood distances:          /workspace/IQTree_JarvD5a_Results/exon_3594.mldist
  Screen log file:               /workspace/IQTree_JarvD5a_Results/exon_3594.log

Date and Time: Thu May 28 00:54:38 2026
