IQ-TREE version 3.1.2 for Linux x86 64-bit built May  7 2026
Developed by Bui Quang Minh, Thomas Wong, Nhan Ly-Trong, Huaiyan Ren
Contributed by Lam-Tung Nguyen, Dominik Schrempf, Chris Bielow,
Olga Chernomor, Michael Woodhams, Diep Thi Hoang, Heiko Schmidt

Host:    8084c4e79f09 (AVX512, FMA3, 1133 GB RAM)
Command: /workspace/iqtree-3.1.2-Linux/bin/iqtree3_intel -s /workspace/NeuralNJ/empirical/JarvD5a/exon_14385.fasta -st DNA -m GTR+G -seed 2201 -pre /workspace/IQTree_JarvD5a_Results/exon_14385 -quiet
Seed:    2201 (Using SPRNG - Scalable Parallel Random Number Generator)
Time:    Wed May 27 18:57:42 2026
Kernel:  AVX+FMA - 1 threads (384 CPU cores detected)

HINT: Use -nt option to specify number of threads because your CPU has 384 cores!
HINT: -nt AUTO will automatically determine the best number of threads to use.

Reading alignment file /workspace/NeuralNJ/empirical/JarvD5a/exon_14385.fasta ... Fasta format detected
Reading fasta file: done in 0.000252008 secs using 40.08% CPU
Alignment most likely contains DNA/RNA sequences
Constructing alignment: done in 0.00056386 secs using 100% CPU
Alignment has 48 sequences with 462 columns, 200 distinct patterns
97 parsimony-informative, 86 singleton sites, 279 constant sites
       Gap/Ambiguity  Composition  p-value
Analyzing sequences: done in 1.5974e-05 secs using 100.2% CPU
   1  ACACH    2.16%    passed     92.03%
   2  ANAPL    2.16%    passed     99.11%
   3  APAVI    2.16%    passed     99.66%
   4  APTFO    2.16%    passed     99.89%
   5  BALRE    2.16%    passed     92.40%
   6  BUCRH    2.60%    passed     92.95%
   7  CALAN    2.60%    passed     83.03%
   8  CAPCA    4.33%    passed     99.43%
   9  CARCR    2.16%    passed     96.29%
  10  CATAU    2.16%    passed     99.93%
  11  CHAPE    2.60%    passed     85.17%
  12  CHAVO    2.16%    passed     97.76%
  13  CHLUN    2.16%    passed     99.19%
  14  COLLI    3.90%    passed     85.45%
  15  COLST    2.16%    passed     90.82%
  16  CORBR    2.16%    passed     99.88%
  17  CUCCA    2.16%    passed     98.87%
  18  EGRGA    2.16%    passed     99.11%
  19  EURHE    2.16%    passed     93.24%
  20  FALPE    2.60%    passed     93.66%
  21  FULGL    2.16%    passed     99.82%
  22  GALGA    2.16%    passed     97.26%
  23  GAVST    2.16%    passed     99.55%
  24  GEOFO    2.16%    passed     99.26%
  25  HALAL    2.16%    passed     99.83%
  26  HALLE    2.16%    passed     99.83%
  27  LEPDI    2.16%    passed     99.47%
  28  MANVI    3.90%    passed     98.73%
  29  MELGA    2.16%    passed     95.42%
  30  MELUN    2.16%    passed     96.54%
  31  MERNU    2.16%    passed     97.24%
  32  MESUN    2.16%    passed     95.43%
  33  NESNO    2.16%    passed     98.15%
  34  NIPNI    2.16%    passed     99.25%
  35  OPHHO    2.16%    passed     96.79%
  36  PELCR    2.60%    passed     93.13%
  37  PHACA    2.16%    passed     99.97%
  38  PHALE    2.16%    passed     99.55%
  39  PHORU    3.90%    passed     98.61%
  40  PICPU    2.16%    passed     99.82%
  41  PODCR    2.60%    passed     97.96%
  42  PTEGU    2.60%    passed     99.78%
  43  PYGAD    2.16%    passed     99.98%
  44  STRCA    1.30%    passed     98.33%
  45  TAEGU    2.16%    passed     99.82%
  46  TAUER    2.16%    passed     96.01%
  47  TINMA    1.30%    passed     98.87%
  48  TYTAL    2.16%    passed     91.60%
****  TOTAL    2.34%  0 sequences failed composition chi2 test (p-value<5%; df=3)
NOTE: HALLE is identical to HALAL but kept for subsequent analysis
Checking for duplicate sequences: done in 0.00011301 secs

Create initial parsimony tree by phylogenetic likelihood library (PLL)... 0.001 seconds

NOTE: 1 MB RAM (0 GB) is required!
Estimate model parameters (epsilon = 0.100)
1. Initial log-likelihood: -3017.518
2. Current log-likelihood: -2909.839
3. Current log-likelihood: -2909.419
Optimal log-likelihood: -2909.415
Rate parameters:  A-C: 1.14206  A-G: 2.84817  A-T: 0.28896  C-G: 0.97984  C-T: 3.72615  G-T: 1.00000
Base frequencies:  A: 0.305  C: 0.271  G: 0.223  T: 0.201
Gamma shape alpha: 0.439
Parameters optimization took 3 rounds (0.041 sec)
Wrote distance file to... 
Computing ML distances based on estimated model parameters...
Calculating distance matrix: done in 0.00476718 secs using 100% CPU
Computing ML distances took 0.004817 sec (of wall-clock time) 0.004817 sec (of CPU time)
Setting up auxiliary I and S matrices: done in 0.000213861 secs using 83.23% CPU
Constructing RapidNJ tree: done in 0.000288963 secs using 83.4% CPU
Computing RapidNJ tree took 0.000570 sec (of wall-clock time) 0.000474 sec (of CPU time)
Log-likelihood of RapidNJ tree: -2923.684
--------------------------------------------------------------------
|             INITIALIZING CANDIDATE TREE SET                      |
--------------------------------------------------------------------
Generating 98 parsimony trees... 0.136 second
Computing log-likelihood of 98 initial trees ... 0.132 seconds
Current best score: -2894.905

Do NNI search on 20 best initial trees
Estimate model parameters (epsilon = 0.100)
BETTER TREE FOUND at iteration 1: -2894.689
Iteration 10 / LogL: -2899.863 / Time: 0h:0m:0s
Iteration 20 / LogL: -2904.487 / Time: 0h:0m:0s
Finish initializing candidate tree set (20)
Current best tree score: -2894.689 / CPU time: 0.581
Number of iterations: 20
--------------------------------------------------------------------
|               OPTIMIZING CANDIDATE TREE SET                      |
--------------------------------------------------------------------
Iteration 30 / LogL: -2895.122 / Time: 0h:0m:0s (0h:0m:2s left)
Estimate model parameters (epsilon = 0.100)
BETTER TREE FOUND at iteration 38: -2893.737
Iteration 40 / LogL: -2895.094 / Time: 0h:0m:1s (0h:0m:3s left)
Iteration 50 / LogL: -2894.719 / Time: 0h:0m:1s (0h:0m:2s left)
Iteration 60 / LogL: -2898.663 / Time: 0h:0m:1s (0h:0m:2s left)
Iteration 70 / LogL: -2896.344 / Time: 0h:0m:1s (0h:0m:1s left)
BETTER TREE FOUND at iteration 74: -2893.737
Iteration 80 / LogL: -2893.737 / Time: 0h:0m:2s (0h:0m:2s left)
Estimate model parameters (epsilon = 0.100)
BETTER TREE FOUND at iteration 86: -2891.677
Iteration 90 / LogL: -2893.806 / Time: 0h:0m:2s (0h:0m:2s left)
Iteration 100 / LogL: -2891.892 / Time: 0h:0m:2s (0h:0m:2s left)
BETTER TREE FOUND at iteration 109: -2891.677
Iteration 110 / LogL: -2898.702 / Time: 0h:0m:3s (0h:0m:2s left)
Iteration 120 / LogL: -2891.677 / Time: 0h:0m:3s (0h:0m:2s left)
BETTER TREE FOUND at iteration 124: -2891.677
Iteration 130 / LogL: -2893.111 / Time: 0h:0m:3s (0h:0m:2s left)
Iteration 140 / LogL: -2891.685 / Time: 0h:0m:3s (0h:0m:2s left)
Estimate model parameters (epsilon = 0.100)
BETTER TREE FOUND at iteration 144: -2891.576
Iteration 150 / LogL: -2891.720 / Time: 0h:0m:4s (0h:0m:2s left)
BETTER TREE FOUND at iteration 160: -2891.575
Iteration 160 / LogL: -2891.575 / Time: 0h:0m:4s (0h:0m:2s left)
Iteration 170 / LogL: -2891.692 / Time: 0h:0m:4s (0h:0m:2s left)
BETTER TREE FOUND at iteration 180: -2891.575
Iteration 180 / LogL: -2891.575 / Time: 0h:0m:4s (0h:0m:2s left)
Iteration 190 / LogL: -2891.575 / Time: 0h:0m:5s (0h:0m:2s left)
BETTER TREE FOUND at iteration 193: -2891.575
Iteration 200 / LogL: -2892.793 / Time: 0h:0m:5s (0h:0m:2s left)
BETTER TREE FOUND at iteration 207: -2891.575
Iteration 210 / LogL: -2891.576 / Time: 0h:0m:5s (0h:0m:2s left)
Iteration 220 / LogL: -2891.575 / Time: 0h:0m:6s (0h:0m:2s left)
Iteration 230 / LogL: -2891.575 / Time: 0h:0m:6s (0h:0m:2s left)
Iteration 240 / LogL: -2891.604 / Time: 0h:0m:6s (0h:0m:1s left)
Iteration 250 / LogL: -2898.995 / Time: 0h:0m:6s (0h:0m:1s left)
Iteration 260 / LogL: -2891.693 / Time: 0h:0m:7s (0h:0m:1s left)
Iteration 270 / LogL: -2895.905 / Time: 0h:0m:7s (0h:0m:1s left)
BETTER TREE FOUND at iteration 271: -2891.575
Iteration 280 / LogL: -2891.604 / Time: 0h:0m:7s (0h:0m:2s left)
Iteration 290 / LogL: -2900.810 / Time: 0h:0m:7s (0h:0m:2s left)
Iteration 300 / LogL: -2891.603 / Time: 0h:0m:8s (0h:0m:1s left)
BETTER TREE FOUND at iteration 301: -2891.575
Iteration 310 / LogL: -2900.057 / Time: 0h:0m:8s (0h:0m:2s left)
Iteration 320 / LogL: -2893.687 / Time: 0h:0m:8s (0h:0m:2s left)
Iteration 330 / LogL: -2891.575 / Time: 0h:0m:8s (0h:0m:1s left)
Iteration 340 / LogL: -2891.603 / Time: 0h:0m:9s (0h:0m:1s left)
Iteration 350 / LogL: -2894.539 / Time: 0h:0m:9s (0h:0m:1s left)
Iteration 360 / LogL: -2891.575 / Time: 0h:0m:9s (0h:0m:1s left)
Iteration 370 / LogL: -2892.794 / Time: 0h:0m:10s (0h:0m:0s left)
Iteration 380 / LogL: -2897.571 / Time: 0h:0m:10s (0h:0m:0s left)
Iteration 390 / LogL: -2893.688 / Time: 0h:0m:10s (0h:0m:0s left)
UPDATE BEST LOG-LIKELIHOOD: -2891.574
Iteration 400 / LogL: -2895.905 / Time: 0h:0m:10s (0h:0m:0s left)
TREE SEARCH COMPLETED AFTER 402 ITERATIONS / Time: 0h:0m:10s

--------------------------------------------------------------------
|                    FINALIZING TREE SEARCH                        |
--------------------------------------------------------------------
Performs final model parameters optimization
Estimate model parameters (epsilon = 0.010)
1. Initial log-likelihood: -2891.574
Optimal log-likelihood: -2891.574
Rate parameters:  A-C: 1.09454  A-G: 2.66631  A-T: 0.28109  C-G: 0.94766  C-T: 3.64274  G-T: 1.00000
Base frequencies:  A: 0.305  C: 0.271  G: 0.223  T: 0.201
Gamma shape alpha: 0.442
Parameters optimization took 1 rounds (0.005 sec)
BEST SCORE FOUND : -2891.574
Total tree length: 0.930

Total number of iterations: 402
CPU time used for tree search: 11.018 sec (0h:0m:11s)
Wall-clock time used for tree search: 10.849 sec (0h:0m:10s)
Total CPU time used: 11.089 sec (0h:0m:11s)
Total wall-clock time used: 10.915 sec (0h:0m:10s)

Analysis results written to: 
  IQ-TREE report:                /workspace/IQTree_JarvD5a_Results/exon_14385.iqtree
  Maximum-likelihood tree:       /workspace/IQTree_JarvD5a_Results/exon_14385.treefile
  Likelihood distances:          /workspace/IQTree_JarvD5a_Results/exon_14385.mldist
  Screen log file:               /workspace/IQTree_JarvD5a_Results/exon_14385.log

Date and Time: Wed May 27 18:57:53 2026
