IQ-TREE version 3.1.2 for Linux x86 64-bit built May  7 2026
Developed by Bui Quang Minh, Thomas Wong, Nhan Ly-Trong, Huaiyan Ren
Contributed by Lam-Tung Nguyen, Dominik Schrempf, Chris Bielow,
Olga Chernomor, Michael Woodhams, Diep Thi Hoang, Heiko Schmidt

Host:    8084c4e79f09 (AVX512, FMA3, 1133 GB RAM)
Command: /workspace/iqtree-3.1.2-Linux/bin/iqtree3_intel -s /workspace/NeuralNJ/empirical/JarvD5a/exon_1111.fasta -st DNA -m GTR+G -seed 2201 -pre /workspace/IQTree_JarvD5a_Results/exon_1111 -quiet
Seed:    2201 (Using SPRNG - Scalable Parallel Random Number Generator)
Time:    Wed May 27 12:06:17 2026
Kernel:  AVX+FMA - 1 threads (384 CPU cores detected)

HINT: Use -nt option to specify number of threads because your CPU has 384 cores!
HINT: -nt AUTO will automatically determine the best number of threads to use.

Reading alignment file /workspace/NeuralNJ/empirical/JarvD5a/exon_1111.fasta ... Fasta format detected
Reading fasta file: done in 0.00041914 secs using 41.99% CPU
Alignment most likely contains DNA/RNA sequences
Constructing alignment: done in 0.00109601 secs using 86.77% CPU
Alignment has 47 sequences with 962 columns, 119 distinct patterns
34 parsimony-informative, 43 singleton sites, 885 constant sites
       Gap/Ambiguity  Composition  p-value
Analyzing sequences: done in 1.09673e-05 secs using 100.3% CPU
   1  ACACH   39.92%    passed     98.76%
   2  ANAPL    8.32%    passed     99.58%
   3  APAVI    8.32%    passed     98.60%
   4  APTFO    1.04%    passed     90.91%
   5  BALRE    8.32%    passed    100.00%
   6  BUCRH    8.32%    passed     99.97%
   7  CALAN    8.32%    passed     99.12%
   8  CAPCA    8.32%    passed     99.42%
   9  CARCR    8.32%    passed     99.96%
  10  CATAU    8.32%    passed     99.96%
  11  CHAPE    8.32%    passed     99.42%
  12  CHAVO    8.32%    passed     99.96%
  13  CHLUN    8.32%    passed     99.76%
  14  COLLI    8.32%    passed     99.99%
  15  COLST   26.40%    passed     88.04%
  16  CORBR    8.32%    passed     98.29%
  17  CUCCA    8.32%    passed     99.82%
  18  EGRGA    8.32%    passed     99.99%
  19  EURHE    8.32%    passed     99.89%
  20  FALPE    2.49%    passed     98.83%
  21  FULGL    8.32%    passed     99.96%
  22  GALGA    1.25%    passed     93.39%
  23  GAVST    8.32%    passed     99.96%
  24  GEOFO    8.32%    passed     98.74%
  25  HALAL   26.40%    passed     90.34%
  26  HALLE    4.16%    passed     87.40%
  27  LEPDI    2.70%    passed     93.04%
  28  MANVI   13.10%    passed     99.51%
  29  MELGA    8.32%    passed     99.76%
  30  MELUN    1.04%    passed     89.50%
  31  MERNU    8.32%    passed     99.99%
  32  NESNO    8.32%    passed     99.95%
  33  NIPNI    8.32%    passed     99.96%
  34  OPHHO    8.32%    passed     99.85%
  35  PELCR    8.32%    passed     99.96%
  36  PHACA    8.32%    passed     99.82%
  37  PHALE    3.33%    passed     99.90%
  38  PHORU    8.32%    passed     99.60%
  39  PICPU    1.04%    passed     92.60%
  40  PODCR    8.32%    passed     99.91%
  41  PTEGU    8.32%    passed     99.99%
  42  PYGAD    8.32%    passed     99.63%
  43  STRCA    8.32%    passed     97.96%
  44  TAEGU    8.32%    passed     99.76%
  45  TAUER    8.32%    passed     99.91%
  46  TINMA    1.87%    passed     96.56%
  47  TYTAL    8.11%    passed     99.89%
****  TOTAL    8.67%  0 sequences failed composition chi2 test (p-value<5%; df=3)
NOTE: CATAU is identical to CARCR but kept for subsequent analysis
Checking for duplicate sequences: done in 0.000102997 secs using 100% CPU
Identifying sites to remove: done in 0.000202894 secs using 99.56% CPU
NOTE: 4 identical sequences (see below) will be ignored for subsequent analysis
NOTE: CHAVO (identical to CARCR) is ignored but added at the end
NOTE: FULGL (identical to CARCR) is ignored but added at the end
NOTE: NIPNI (identical to CARCR) is ignored but added at the end
NOTE: PELCR (identical to CARCR) is ignored but added at the end
Alignment was printed to /workspace/IQTree_JarvD5a_Results/exon_1111.uniqueseq.phy

For your convenience alignment with unique sequences printed to /workspace/IQTree_JarvD5a_Results/exon_1111.uniqueseq.phy

Create initial parsimony tree by phylogenetic likelihood library (PLL)... 0.000 seconds

NOTE: 0 MB RAM (0 GB) is required!
Estimate model parameters (epsilon = 0.100)
1. Initial log-likelihood: -2119.495
2. Current log-likelihood: -2055.984
Optimal log-likelihood: -2055.922
Rate parameters:  A-C: 2.97655  A-G: 3.60048  A-T: 0.41165  C-G: 4.63224  C-T: 12.64069  G-T: 1.00000
Base frequencies:  A: 0.360  C: 0.180  G: 0.204  T: 0.256
Gamma shape alpha: 0.020
Parameters optimization took 2 rounds (0.035 sec)
Wrote distance file to... 
Computing ML distances based on estimated model parameters...
Calculating distance matrix: done in 0.00620413 secs using 99.82% CPU
Computing ML distances took 0.006249 sec (of wall-clock time) 0.006231 sec (of CPU time)
Setting up auxiliary I and S matrices: done in 0.000102997 secs using 274.8% CPU
Constructing RapidNJ tree: done in 0.000178814 secs using 80.53% CPU
Computing RapidNJ tree took 0.000335 sec (of wall-clock time) 0.000470 sec (of CPU time)
Log-likelihood of RapidNJ tree: -2065.003
--------------------------------------------------------------------
|             INITIALIZING CANDIDATE TREE SET                      |
--------------------------------------------------------------------
Generating 98 parsimony trees... 0.068 second
Computing log-likelihood of 98 initial trees ... 0.109 seconds
Current best score: -2049.223

Do NNI search on 20 best initial trees
Estimate model parameters (epsilon = 0.100)
BETTER TREE FOUND at iteration 1: -2048.956
Iteration 10 / LogL: -2050.384 / Time: 0h:0m:0s
Iteration 20 / LogL: -2054.308 / Time: 0h:0m:0s
Finish initializing candidate tree set (20)
Current best tree score: -2048.956 / CPU time: 0.540
Number of iterations: 20
--------------------------------------------------------------------
|               OPTIMIZING CANDIDATE TREE SET                      |
--------------------------------------------------------------------
BETTER TREE FOUND at iteration 22: -2048.955
BETTER TREE FOUND at iteration 26: -2048.947
Iteration 30 / LogL: -2048.953 / Time: 0h:0m:0s (0h:0m:2s left)
Iteration 40 / LogL: -2052.612 / Time: 0h:0m:0s (0h:0m:2s left)
Iteration 50 / LogL: -2048.951 / Time: 0h:0m:1s (0h:0m:1s left)
Iteration 60 / LogL: -2048.956 / Time: 0h:0m:1s (0h:0m:1s left)
Iteration 70 / LogL: -2048.957 / Time: 0h:0m:1s (0h:0m:1s left)
Iteration 80 / LogL: -2048.955 / Time: 0h:0m:1s (0h:0m:0s left)
Iteration 90 / LogL: -2048.951 / Time: 0h:0m:1s (0h:0m:0s left)
Iteration 100 / LogL: -2048.956 / Time: 0h:0m:1s (0h:0m:0s left)
Iteration 110 / LogL: -2048.951 / Time: 0h:0m:2s (0h:0m:0s left)
Iteration 120 / LogL: -2048.962 / Time: 0h:0m:2s (0h:0m:0s left)
TREE SEARCH COMPLETED AFTER 127 ITERATIONS / Time: 0h:0m:2s

--------------------------------------------------------------------
|                    FINALIZING TREE SEARCH                        |
--------------------------------------------------------------------
Performs final model parameters optimization
Estimate model parameters (epsilon = 0.010)
1. Initial log-likelihood: -2048.947
Optimal log-likelihood: -2048.947
Rate parameters:  A-C: 3.10959  A-G: 3.96445  A-T: 0.42592  C-G: 4.13870  C-T: 12.65856  G-T: 1.00000
Base frequencies:  A: 0.360  C: 0.180  G: 0.204  T: 0.256
Gamma shape alpha: 0.020
Parameters optimization took 1 rounds (0.005 sec)
BEST SCORE FOUND : -2048.947
Total tree length: 0.117

Total number of iterations: 127
CPU time used for tree search: 2.326 sec (0h:0m:2s)
Wall-clock time used for tree search: 2.369 sec (0h:0m:2s)
Total CPU time used: 2.384 sec (0h:0m:2s)
Total wall-clock time used: 2.427 sec (0h:0m:2s)

Analysis results written to: 
  IQ-TREE report:                /workspace/IQTree_JarvD5a_Results/exon_1111.iqtree
  Maximum-likelihood tree:       /workspace/IQTree_JarvD5a_Results/exon_1111.treefile
  Likelihood distances:          /workspace/IQTree_JarvD5a_Results/exon_1111.mldist
  Screen log file:               /workspace/IQTree_JarvD5a_Results/exon_1111.log

Date and Time: Wed May 27 12:06:20 2026
