IQ-TREE version 3.1.2 for Linux x86 64-bit built May  7 2026
Developed by Bui Quang Minh, Thomas Wong, Nhan Ly-Trong, Huaiyan Ren
Contributed by Lam-Tung Nguyen, Dominik Schrempf, Chris Bielow,
Olga Chernomor, Michael Woodhams, Diep Thi Hoang, Heiko Schmidt

Host:    8084c4e79f09 (AVX512, FMA3, 1133 GB RAM)
Command: /workspace/iqtree-3.1.2-Linux/bin/iqtree3_intel -s /workspace/NeuralNJ/empirical/JarvD5a/exon_1666.fasta -st DNA -m GTR+G -seed 2201 -pre /workspace/IQTree_JarvD5a_Results/exon_1666 -quiet
Seed:    2201 (Using SPRNG - Scalable Parallel Random Number Generator)
Time:    Wed May 27 21:13:39 2026
Kernel:  AVX+FMA - 1 threads (384 CPU cores detected)

HINT: Use -nt option to specify number of threads because your CPU has 384 cores!
HINT: -nt AUTO will automatically determine the best number of threads to use.

Reading alignment file /workspace/NeuralNJ/empirical/JarvD5a/exon_1666.fasta ... Fasta format detected
Reading fasta file: done in 0.000329018 secs using 29.48% CPU
Alignment most likely contains DNA/RNA sequences
Constructing alignment: done in 0.000813007 secs using 96.8% CPU
Alignment has 48 sequences with 660 columns, 292 distinct patterns
168 parsimony-informative, 84 singleton sites, 408 constant sites
       Gap/Ambiguity  Composition  p-value
Analyzing sequences: done in 2.19345e-05 secs using 104.9% CPU
   1  ACACH    2.12%    passed     84.46%
   2  ANAPL    2.42%    passed     94.29%
   3  APAVI   27.73%    passed     62.24%
   4  APTFO    1.82%    passed     85.41%
   5  BALRE   17.88%    passed     76.95%
   6  BUCRH    0.61%    passed     94.11%
   7  CALAN    1.82%    passed     99.74%
   8  CAPCA    1.82%    passed     87.78%
   9  CARCR   45.15%    passed     65.47%
  10  CATAU    1.82%    passed     95.10%
  11  CHAPE    1.82%    passed     99.61%
  12  CHAVO    1.82%    passed     98.67%
  13  CHLUN   45.15%    passed     39.01%
  14  COLLI    2.73%    passed     89.41%
  15  COLST    1.82%    passed     98.61%
  16  CORBR    2.42%    passed     85.91%
  17  CUCCA    1.82%    passed     79.67%
  18  EGRGA    1.82%    passed     99.31%
  19  EURHE   20.61%    passed     26.66%
  20  FALPE    1.82%    passed     85.33%
  21  FULGL   17.88%    passed     93.05%
  22  GALGA    2.42%    passed     91.76%
  23  GAVST    1.82%    passed     87.93%
  24  GEOFO    2.12%    passed     99.22%
  25  HALAL    1.82%    passed     86.06%
  26  HALLE    1.82%    passed     81.96%
  27  LEPDI    1.82%    passed     86.62%
  28  MANVI    2.42%    passed     94.65%
  29  MELGA    2.42%    passed     93.04%
  30  MELUN    1.82%    passed     87.76%
  31  MERNU   35.76%    passed     11.22%
  32  MESUN   40.00%    passed     64.48%
  33  NESNO    1.82%    passed     82.70%
  34  NIPNI    1.82%    passed     82.20%
  35  OPHHO    1.82%    passed     99.11%
  36  PELCR    1.82%    passed     89.41%
  37  PHACA    1.82%    passed     92.08%
  38  PHALE   17.88%    passed     89.65%
  39  PHORU   45.15%    passed     54.47%
  40  PICPU    1.82%    passed     70.01%
  41  PODCR   40.00%    passed     86.46%
  42  PTEGU   17.88%    passed     76.63%
  43  PYGAD    1.82%    passed     88.48%
  44  STRCA   30.61%    passed     96.16%
  45  TAEGU    2.12%    passed     98.74%
  46  TAUER    1.82%    passed     94.84%
  47  TINMA    2.12%    passed     27.00%
  48  TYTAL   43.64%    passed     90.35%
****  TOTAL   10.65%  0 sequences failed composition chi2 test (p-value<5%; df=3)
Checking for duplicate sequences: done in 0.000114918 secs using 100.9% CPU

Create initial parsimony tree by phylogenetic likelihood library (PLL)... 0.002 seconds

NOTE: 1 MB RAM (0 GB) is required!
Estimate model parameters (epsilon = 0.100)
1. Initial log-likelihood: -5200.644
2. Current log-likelihood: -4862.494
3. Current log-likelihood: -4859.813
Optimal log-likelihood: -4859.785
Rate parameters:  A-C: 2.98048  A-G: 7.65474  A-T: 0.66996  C-G: 3.71765  C-T: 7.01582  G-T: 1.00000
Base frequencies:  A: 0.237  C: 0.230  G: 0.222  T: 0.312
Gamma shape alpha: 0.289
Parameters optimization took 3 rounds (0.113 sec)
Wrote distance file to... 
Computing ML distances based on estimated model parameters...
Calculating distance matrix: done in 0.0425551 secs using 11.99% CPU
Computing ML distances took 0.042637 sec (of wall-clock time) 0.005184 sec (of CPU time)
Setting up auxiliary I and S matrices: done in 0.000117064 secs using 99.95% CPU
Constructing RapidNJ tree: done in 0.000202179 secs using 99.91% CPU
Computing RapidNJ tree took 0.000374 sec (of wall-clock time) 0.000512 sec (of CPU time)
Log-likelihood of RapidNJ tree: -4877.199
--------------------------------------------------------------------
|             INITIALIZING CANDIDATE TREE SET                      |
--------------------------------------------------------------------
Generating 98 parsimony trees... 0.157 second
Computing log-likelihood of 98 initial trees ... 0.184 seconds
Current best score: -4838.549

Do NNI search on 20 best initial trees
Estimate model parameters (epsilon = 0.100)
BETTER TREE FOUND at iteration 1: -4832.146
Estimate model parameters (epsilon = 0.100)
BETTER TREE FOUND at iteration 2: -4830.317
Estimate model parameters (epsilon = 0.100)
BETTER TREE FOUND at iteration 5: -4828.897
Iteration 10 / LogL: -4830.916 / Time: 0h:0m:0s
Estimate model parameters (epsilon = 0.100)
BETTER TREE FOUND at iteration 15: -4828.145
Iteration 20 / LogL: -4839.486 / Time: 0h:0m:1s
Finish initializing candidate tree set (20)
Current best tree score: -4828.145 / CPU time: 1.050
Number of iterations: 20
--------------------------------------------------------------------
|               OPTIMIZING CANDIDATE TREE SET                      |
--------------------------------------------------------------------
Estimate model parameters (epsilon = 0.100)
BETTER TREE FOUND at iteration 27: -4828.007
Iteration 30 / LogL: -4828.178 / Time: 0h:0m:1s (0h:0m:5s left)
Estimate model parameters (epsilon = 0.100)
BETTER TREE FOUND at iteration 38: -4827.241
Estimate model parameters (epsilon = 0.100)
BETTER TREE FOUND at iteration 40: -4826.926
Iteration 40 / LogL: -4826.926 / Time: 0h:0m:2s (0h:0m:5s left)
Estimate model parameters (epsilon = 0.100)
BETTER TREE FOUND at iteration 48: -4826.853
Estimate model parameters (epsilon = 0.100)
BETTER TREE FOUND at iteration 50: -4824.880
Iteration 50 / LogL: -4824.880 / Time: 0h:0m:2s (0h:0m:5s left)
BETTER TREE FOUND at iteration 57: -4824.880
Iteration 60 / LogL: -4826.772 / Time: 0h:0m:2s (0h:0m:4s left)
Iteration 70 / LogL: -4826.854 / Time: 0h:0m:3s (0h:0m:4s left)
Estimate model parameters (epsilon = 0.100)
BETTER TREE FOUND at iteration 80: -4824.081
Iteration 80 / LogL: -4824.081 / Time: 0h:0m:3s (0h:0m:4s left)
BETTER TREE FOUND at iteration 82: -4824.081
Iteration 90 / LogL: -4824.082 / Time: 0h:0m:4s (0h:0m:4s left)
Iteration 100 / LogL: -4824.082 / Time: 0h:0m:4s (0h:0m:3s left)
BETTER TREE FOUND at iteration 103: -4824.081
Iteration 110 / LogL: -4830.390 / Time: 0h:0m:5s (0h:0m:4s left)
Iteration 120 / LogL: -4824.525 / Time: 0h:0m:5s (0h:0m:3s left)
Iteration 130 / LogL: -4824.081 / Time: 0h:0m:5s (0h:0m:3s left)
UPDATE BEST LOG-LIKELIHOOD: -4824.081
Iteration 140 / LogL: -4824.696 / Time: 0h:0m:6s (0h:0m:2s left)
Iteration 150 / LogL: -4825.567 / Time: 0h:0m:6s (0h:0m:2s left)
Iteration 160 / LogL: -4824.081 / Time: 0h:0m:7s (0h:0m:1s left)
Iteration 170 / LogL: -4825.048 / Time: 0h:0m:7s (0h:0m:1s left)
Iteration 180 / LogL: -4824.081 / Time: 0h:0m:8s (0h:0m:1s left)
BETTER TREE FOUND at iteration 181: -4824.081
Iteration 190 / LogL: -4824.081 / Time: 0h:0m:8s (0h:0m:4s left)
BETTER TREE FOUND at iteration 195: -4824.080
UPDATE BEST LOG-LIKELIHOOD: -4824.080
Iteration 200 / LogL: -4824.081 / Time: 0h:0m:9s (0h:0m:4s left)
Iteration 210 / LogL: -4824.081 / Time: 0h:0m:9s (0h:0m:3s left)
Estimate model parameters (epsilon = 0.100)
BETTER TREE FOUND at iteration 215: -4823.309
Iteration 220 / LogL: -4824.593 / Time: 0h:0m:10s (0h:0m:4s left)
Iteration 230 / LogL: -4823.310 / Time: 0h:0m:10s (0h:0m:3s left)
BETTER TREE FOUND at iteration 239: -4823.308
Iteration 240 / LogL: -4834.946 / Time: 0h:0m:10s (0h:0m:4s left)
Iteration 250 / LogL: -4823.308 / Time: 0h:0m:11s (0h:0m:4s left)
UPDATE BEST LOG-LIKELIHOOD: -4823.308
Iteration 260 / LogL: -4823.309 / Time: 0h:0m:11s (0h:0m:3s left)
BETTER TREE FOUND at iteration 265: -4823.308
Iteration 270 / LogL: -4824.026 / Time: 0h:0m:12s (0h:0m:4s left)
Iteration 280 / LogL: -4837.441 / Time: 0h:0m:12s (0h:0m:3s left)
UPDATE BEST LOG-LIKELIHOOD: -4823.308
Iteration 290 / LogL: -4823.308 / Time: 0h:0m:13s (0h:0m:3s left)
Iteration 300 / LogL: -4853.726 / Time: 0h:0m:13s (0h:0m:2s left)
Iteration 310 / LogL: -4827.162 / Time: 0h:0m:13s (0h:0m:2s left)
UPDATE BEST LOG-LIKELIHOOD: -4823.307
Iteration 320 / LogL: -4825.002 / Time: 0h:0m:14s (0h:0m:2s left)
Iteration 330 / LogL: -4836.456 / Time: 0h:0m:14s (0h:0m:1s left)
Iteration 340 / LogL: -4823.309 / Time: 0h:0m:15s (0h:0m:1s left)
Iteration 350 / LogL: -4831.581 / Time: 0h:0m:15s (0h:0m:0s left)
Iteration 360 / LogL: -4824.492 / Time: 0h:0m:15s (0h:0m:0s left)
TREE SEARCH COMPLETED AFTER 366 ITERATIONS / Time: 0h:0m:16s

--------------------------------------------------------------------
|                    FINALIZING TREE SEARCH                        |
--------------------------------------------------------------------
Performs final model parameters optimization
Estimate model parameters (epsilon = 0.010)
1. Initial log-likelihood: -4823.307
Optimal log-likelihood: -4823.307
Rate parameters:  A-C: 2.94727  A-G: 7.61788  A-T: 0.67320  C-G: 3.92429  C-T: 7.54910  G-T: 1.00000
Base frequencies:  A: 0.237  C: 0.230  G: 0.222  T: 0.312
Gamma shape alpha: 0.284
Parameters optimization took 1 rounds (0.007 sec)
BEST SCORE FOUND : -4823.307
Total tree length: 1.703

Total number of iterations: 366
CPU time used for tree search: 15.200 sec (0h:0m:15s)
Wall-clock time used for tree search: 16.011 sec (0h:0m:16s)
Total CPU time used: 15.354 sec (0h:0m:15s)
Total wall-clock time used: 16.192 sec (0h:0m:16s)

Analysis results written to: 
  IQ-TREE report:                /workspace/IQTree_JarvD5a_Results/exon_1666.iqtree
  Maximum-likelihood tree:       /workspace/IQTree_JarvD5a_Results/exon_1666.treefile
  Likelihood distances:          /workspace/IQTree_JarvD5a_Results/exon_1666.mldist
  Screen log file:               /workspace/IQTree_JarvD5a_Results/exon_1666.log

Date and Time: Wed May 27 21:13:55 2026
