IQ-TREE version 3.1.2 for Linux x86 64-bit built May  7 2026
Developed by Bui Quang Minh, Thomas Wong, Nhan Ly-Trong, Huaiyan Ren
Contributed by Lam-Tung Nguyen, Dominik Schrempf, Chris Bielow,
Olga Chernomor, Michael Woodhams, Diep Thi Hoang, Heiko Schmidt

Host:    8084c4e79f09 (AVX512, FMA3, 1133 GB RAM)
Command: /workspace/iqtree-3.1.2-Linux/bin/iqtree3_intel -s /workspace/NeuralNJ/empirical/JarvD5a/exon_6098.fasta -st DNA -m GTR+G -seed 2201 -pre /workspace/IQTree_JarvD5a_Results/exon_6098 -quiet
Seed:    2201 (Using SPRNG - Scalable Parallel Random Number Generator)
Time:    Thu May 28 04:15:48 2026
Kernel:  AVX+FMA - 1 threads (384 CPU cores detected)

HINT: Use -nt option to specify number of threads because your CPU has 384 cores!
HINT: -nt AUTO will automatically determine the best number of threads to use.

Reading alignment file /workspace/NeuralNJ/empirical/JarvD5a/exon_6098.fasta ... Fasta format detected
Reading fasta file: done in 0.000331163 secs using 57.98% CPU
Alignment most likely contains DNA/RNA sequences
Constructing alignment: done in 0.000765085 secs using 79.47% CPU
Alignment has 48 sequences with 664 columns, 108 distinct patterns
37 parsimony-informative, 45 singleton sites, 582 constant sites
       Gap/Ambiguity  Composition  p-value
Analyzing sequences: done in 1.00136e-05 secs
   1  ACACH   10.84%    passed     99.49%
   2  ANAPL   10.84%    passed     99.58%
   3  APAVI   41.57%    passed     75.95%
   4  APTFO   10.84%    passed     99.18%
   5  BALRE   10.84%    passed     99.83%
   6  BUCRH   10.84%    passed     99.17%
   7  CALAN   10.84%    passed     99.68%
   8  CAPCA   10.84%    passed     99.32%
   9  CARCR   10.84%    passed     99.18%
  10  CATAU   47.59%    passed     74.03%
  11  CHAPE   10.84%    passed     99.90%
  12  CHAVO   10.84%    passed     98.24%
  13  CHLUN   10.84%    passed     99.90%
  14  COLLI    0.00%    passed     69.57%
  15  COLST   10.84%    passed     98.85%
  16  CORBR   10.84%    passed     99.49%
  17  CUCCA   10.84%    passed     99.75%
  18  EGRGA   10.84%    passed     99.97%
  19  EURHE   25.60%    passed     77.00%
  20  FALPE   10.84%    passed     99.08%
  21  FULGL   41.27%    passed     90.50%
  22  GALGA    0.00%    passed     62.25%
  23  GAVST   19.58%    passed     93.19%
  24  GEOFO   10.84%    passed     99.61%
  25  HALAL   10.84%    passed     95.56%
  26  HALLE   10.84%    passed     95.56%
  27  LEPDI   10.84%    passed     98.88%
  28  MANVI   10.84%    passed     99.18%
  29  MELGA   16.57%    passed     87.66%
  30  MELUN    0.00%    passed     77.67%
  31  MERNU   32.83%    passed     88.12%
  32  MESUN   10.84%    passed     98.55%
  33  NESNO   10.84%    passed     99.49%
  34  NIPNI   10.84%    passed     99.74%
  35  OPHHO   10.84%    passed     88.24%
  36  PELCR   10.84%    passed     99.83%
  37  PHACA   10.84%    passed     99.03%
  38  PHALE   10.84%    passed     99.08%
  39  PHORU   39.76%    passed     61.95%
  40  PICPU    0.00%    passed     72.65%
  41  PODCR   10.84%    passed     99.19%
  42  PTEGU   10.84%    passed     99.19%
  43  PYGAD   10.84%    passed     99.61%
  44  STRCA   10.84%    passed     99.94%
  45  TAEGU   10.84%    passed     99.18%
  46  TAUER   10.84%    passed     98.25%
  47  TINMA   10.84%    passed     99.82%
  48  TYTAL   10.84%    passed     98.27%
****  TOTAL   13.65%  0 sequences failed composition chi2 test (p-value<5%; df=3)
NOTE: HALLE is identical to HALAL but kept for subsequent analysis
Checking for duplicate sequences: done in 0.000104904 secs

Create initial parsimony tree by phylogenetic likelihood library (PLL)... 0.001 seconds

NOTE: 0 MB RAM (0 GB) is required!
Estimate model parameters (epsilon = 0.100)
1. Initial log-likelihood: -2031.751
2. Current log-likelihood: -1952.339
3. Current log-likelihood: -1950.943
Optimal log-likelihood: -1950.896
Rate parameters:  A-C: 1.70041  A-G: 2.53528  A-T: 0.71719  C-G: 1.82015  C-T: 5.21661  G-T: 1.00000
Base frequencies:  A: 0.303  C: 0.187  G: 0.263  T: 0.246
Gamma shape alpha: 0.020
Parameters optimization took 3 rounds (0.031 sec)
Wrote distance file to... 
Computing ML distances based on estimated model parameters...
Calculating distance matrix: done in 0.00521111 secs using 100% CPU
Computing ML distances took 0.005245 sec (of wall-clock time) 0.005240 sec (of CPU time)
Setting up auxiliary I and S matrices: done in 0.000248909 secs using 100% CPU
Constructing RapidNJ tree: done in 0.000510931 secs using 92.77% CPU
Computing RapidNJ tree took 0.000835 sec (of wall-clock time) 0.000761 sec (of CPU time)
Log-likelihood of RapidNJ tree: -1959.406
--------------------------------------------------------------------
|             INITIALIZING CANDIDATE TREE SET                      |
--------------------------------------------------------------------
Generating 98 parsimony trees... 0.088 second
Computing log-likelihood of 98 initial trees ... 0.093 seconds
Current best score: -1932.895

Do NNI search on 20 best initial trees
Estimate model parameters (epsilon = 0.100)
BETTER TREE FOUND at iteration 1: -1932.263
Estimate model parameters (epsilon = 0.100)
BETTER TREE FOUND at iteration 3: -1929.588
Iteration 10 / LogL: -1936.735 / Time: 0h:0m:0s
Iteration 20 / LogL: -1943.797 / Time: 0h:0m:0s
Finish initializing candidate tree set (20)
Current best tree score: -1929.588 / CPU time: 0.520
Number of iterations: 20
--------------------------------------------------------------------
|               OPTIMIZING CANDIDATE TREE SET                      |
--------------------------------------------------------------------
Estimate model parameters (epsilon = 0.100)
BETTER TREE FOUND at iteration 23: -1928.725
Iteration 30 / LogL: -1929.725 / Time: 0h:0m:0s (0h:0m:2s left)
Iteration 40 / LogL: -1932.100 / Time: 0h:0m:0s (0h:0m:2s left)
Iteration 50 / LogL: -1928.730 / Time: 0h:0m:1s (0h:0m:1s left)
Iteration 60 / LogL: -1928.729 / Time: 0h:0m:1s (0h:0m:1s left)
Iteration 70 / LogL: -1932.097 / Time: 0h:0m:1s (0h:0m:1s left)
Iteration 80 / LogL: -1935.713 / Time: 0h:0m:1s (0h:0m:0s left)
Iteration 90 / LogL: -1928.731 / Time: 0h:0m:1s (0h:0m:0s left)
Iteration 100 / LogL: -1928.727 / Time: 0h:0m:2s (0h:0m:0s left)
Iteration 110 / LogL: -1932.097 / Time: 0h:0m:2s (0h:0m:0s left)
Iteration 120 / LogL: -1931.808 / Time: 0h:0m:2s (0h:0m:0s left)
TREE SEARCH COMPLETED AFTER 124 ITERATIONS / Time: 0h:0m:2s

--------------------------------------------------------------------
|                    FINALIZING TREE SEARCH                        |
--------------------------------------------------------------------
Performs final model parameters optimization
Estimate model parameters (epsilon = 0.010)
1. Initial log-likelihood: -1928.725
Optimal log-likelihood: -1928.725
Rate parameters:  A-C: 1.44846  A-G: 2.73719  A-T: 0.68782  C-G: 1.68034  C-T: 5.54230  G-T: 1.00000
Base frequencies:  A: 0.303  C: 0.187  G: 0.263  T: 0.246
Gamma shape alpha: 0.020
Parameters optimization took 1 rounds (0.004 sec)
BEST SCORE FOUND : -1928.725
Total tree length: 0.331

Total number of iterations: 124
CPU time used for tree search: 2.515 sec (0h:0m:2s)
Wall-clock time used for tree search: 2.511 sec (0h:0m:2s)
Total CPU time used: 2.575 sec (0h:0m:2s)
Total wall-clock time used: 2.566 sec (0h:0m:2s)

Analysis results written to: 
  IQ-TREE report:                /workspace/IQTree_JarvD5a_Results/exon_6098.iqtree
  Maximum-likelihood tree:       /workspace/IQTree_JarvD5a_Results/exon_6098.treefile
  Likelihood distances:          /workspace/IQTree_JarvD5a_Results/exon_6098.mldist
  Screen log file:               /workspace/IQTree_JarvD5a_Results/exon_6098.log

Date and Time: Thu May 28 04:15:51 2026
