IQ-TREE version 3.1.2 for Linux x86 64-bit built May  7 2026
Developed by Bui Quang Minh, Thomas Wong, Nhan Ly-Trong, Huaiyan Ren
Contributed by Lam-Tung Nguyen, Dominik Schrempf, Chris Bielow,
Olga Chernomor, Michael Woodhams, Diep Thi Hoang, Heiko Schmidt

Host:    8084c4e79f09 (AVX512, FMA3, 1133 GB RAM)
Command: /workspace/iqtree-3.1.2-Linux/bin/iqtree3_intel -s /workspace/NeuralNJ/empirical/JarvD5a/exon_12953.fasta -st DNA -m GTR+G -seed 2201 -pre /workspace/IQTree_JarvD5a_Results/exon_12953 -quiet
Seed:    2201 (Using SPRNG - Scalable Parallel Random Number Generator)
Time:    Wed May 27 16:24:05 2026
Kernel:  AVX+FMA - 1 threads (384 CPU cores detected)

HINT: Use -nt option to specify number of threads because your CPU has 384 cores!
HINT: -nt AUTO will automatically determine the best number of threads to use.

Reading alignment file /workspace/NeuralNJ/empirical/JarvD5a/exon_12953.fasta ... Fasta format detected
Reading fasta file: done in 0.000198841 secs using 31.18% CPU
Alignment most likely contains DNA/RNA sequences
Constructing alignment: done in 0.000444889 secs using 57.99% CPU
Alignment has 47 sequences with 358 columns, 135 distinct patterns
66 parsimony-informative, 50 singleton sites, 242 constant sites
       Gap/Ambiguity  Composition  p-value
Analyzing sequences: done in 1.09673e-05 secs using 100.3% CPU
   1  ACACH    0.00%    passed     99.77%
   2  ANAPL    0.00%    passed     99.09%
   3  APAVI    0.00%    passed     99.57%
   4  APTFO    0.00%    passed     99.60%
   5  BALRE    0.00%    passed     99.18%
   6  BUCRH    0.00%    passed     97.96%
   7  CALAN    0.00%    passed     86.57%
   8  CAPCA    0.00%    passed     90.74%
   9  CARCR   35.75%    passed     82.42%
  10  CATAU    0.00%    passed     98.56%
  11  CHAPE    0.00%    passed     96.03%
  12  CHAVO    0.00%    passed     98.25%
  13  CHLUN   29.05%    passed     97.73%
  14  COLLI    0.00%    passed     90.75%
  15  COLST    0.00%    passed     92.06%
  16  CORBR   10.61%    passed     99.81%
  17  CUCCA    0.00%    passed     95.40%
  18  EGRGA    0.00%    passed     99.70%
  19  EURHE    0.00%    passed     93.18%
  20  FALPE    0.00%    passed     95.09%
  21  FULGL    0.00%    passed     99.82%
  22  GALGA    0.00%    passed     96.38%
  23  GAVST    0.00%    passed     99.76%
  24  GEOFO    0.00%    passed     98.79%
  25  HALAL    7.26%    passed     96.04%
  26  HALLE    0.00%    passed     98.23%
  27  LEPDI    0.00%    passed     99.98%
  28  MANVI    0.00%    passed     99.36%
  29  MELGA    0.00%    passed     99.86%
  30  MELUN    0.00%    passed     99.60%
  31  MERNU    0.00%    passed     42.93%
  32  MESUN    0.00%    passed     99.98%
  33  NESNO    2.79%    passed     99.40%
  34  NIPNI    0.00%    passed     99.28%
  35  OPHHO    0.00%    passed     99.98%
  36  PELCR    0.00%    passed     99.46%
  37  PHACA    0.00%    passed     99.36%
  38  PHALE    0.00%    passed     99.68%
  39  PHORU    0.00%    passed     99.98%
  40  PICPU    0.00%    passed     33.81%
  41  PODCR    0.00%    passed     99.75%
  42  PTEGU    0.00%    passed     99.36%
  43  PYGAD    0.00%    passed     99.87%
  44  STRCA    0.00%    passed     99.06%
  45  TAEGU    0.00%    passed     99.88%
  46  TAUER    0.00%    passed     99.08%
  47  TINMA    0.00%    passed     96.77%
****  TOTAL    1.82%  0 sequences failed composition chi2 test (p-value<5%; df=3)
Checking for duplicate sequences: done in 0.000102043 secs using 99.96% CPU

Create initial parsimony tree by phylogenetic likelihood library (PLL)... 0.001 seconds

NOTE: 0 MB RAM (0 GB) is required!
Estimate model parameters (epsilon = 0.100)
1. Initial log-likelihood: -1974.114
2. Current log-likelihood: -1917.722
3. Current log-likelihood: -1917.194
Optimal log-likelihood: -1917.184
Rate parameters:  A-C: 3.21632  A-G: 4.47425  A-T: 1.00561  C-G: 2.86075  C-T: 3.19173  G-T: 1.00000
Base frequencies:  A: 0.336  C: 0.152  G: 0.303  T: 0.210
Gamma shape alpha: 0.316
Parameters optimization took 3 rounds (0.047 sec)
Wrote distance file to... 
Computing ML distances based on estimated model parameters...
Calculating distance matrix: done in 0.00650907 secs using 99.98% CPU
Computing ML distances took 0.006566 sec (of wall-clock time) 0.006566 sec (of CPU time)
Setting up auxiliary I and S matrices: done in 0.000250101 secs using 99.56% CPU
Constructing RapidNJ tree: done in 0.000513077 secs using 267.6% CPU
Computing RapidNJ tree took 0.000844 sec (of wall-clock time) 0.001725 sec (of CPU time)
Log-likelihood of RapidNJ tree: -1918.392
--------------------------------------------------------------------
|             INITIALIZING CANDIDATE TREE SET                      |
--------------------------------------------------------------------
Generating 98 parsimony trees... 0.090 second
Computing log-likelihood of 98 initial trees ... 0.097 seconds
Current best score: -1900.995

Do NNI search on 20 best initial trees
Estimate model parameters (epsilon = 0.100)
BETTER TREE FOUND at iteration 1: -1894.025
Iteration 10 / LogL: -1907.321 / Time: 0h:0m:0s
Estimate model parameters (epsilon = 0.100)
BETTER TREE FOUND at iteration 15: -1893.449
Iteration 20 / LogL: -1911.834 / Time: 0h:0m:0s
Finish initializing candidate tree set (20)
Current best tree score: -1893.449 / CPU time: 0.563
Number of iterations: 20
--------------------------------------------------------------------
|               OPTIMIZING CANDIDATE TREE SET                      |
--------------------------------------------------------------------
BETTER TREE FOUND at iteration 30: -1893.449
Iteration 30 / LogL: -1893.449 / Time: 0h:0m:0s (0h:0m:2s left)
Estimate model parameters (epsilon = 0.100)
BETTER TREE FOUND at iteration 36: -1893.160
Iteration 40 / LogL: -1893.441 / Time: 0h:0m:1s (0h:0m:2s left)
BETTER TREE FOUND at iteration 45: -1893.160
Iteration 50 / LogL: -1893.439 / Time: 0h:0m:1s (0h:0m:2s left)
Iteration 60 / LogL: -1893.172 / Time: 0h:0m:1s (0h:0m:2s left)
Estimate model parameters (epsilon = 0.100)
BETTER TREE FOUND at iteration 64: -1893.013
Estimate model parameters (epsilon = 0.100)
BETTER TREE FOUND at iteration 66: -1892.635
Iteration 70 / LogL: -1893.156 / Time: 0h:0m:1s (0h:0m:2s left)
Iteration 80 / LogL: -1892.637 / Time: 0h:0m:1s (0h:0m:2s left)
Iteration 90 / LogL: -1894.210 / Time: 0h:0m:2s (0h:0m:1s left)
BETTER TREE FOUND at iteration 97: -1892.635
Iteration 100 / LogL: -1892.650 / Time: 0h:0m:2s (0h:0m:2s left)
BETTER TREE FOUND at iteration 103: -1892.635
Iteration 110 / LogL: -1892.635 / Time: 0h:0m:2s (0h:0m:2s left)
BETTER TREE FOUND at iteration 112: -1892.635
Iteration 120 / LogL: -1894.429 / Time: 0h:0m:2s (0h:0m:2s left)
BETTER TREE FOUND at iteration 126: -1892.635
Iteration 130 / LogL: -1892.636 / Time: 0h:0m:2s (0h:0m:2s left)
Iteration 140 / LogL: -1897.303 / Time: 0h:0m:3s (0h:0m:1s left)
BETTER TREE FOUND at iteration 142: -1892.635
Iteration 150 / LogL: -1892.635 / Time: 0h:0m:3s (0h:0m:2s left)
Estimate model parameters (epsilon = 0.100)
BETTER TREE FOUND at iteration 151: -1892.457
Iteration 160 / LogL: -1893.144 / Time: 0h:0m:3s (0h:0m:2s left)
Iteration 170 / LogL: -1892.682 / Time: 0h:0m:3s (0h:0m:1s left)
BETTER TREE FOUND at iteration 172: -1892.456
BETTER TREE FOUND at iteration 177: -1892.456
Iteration 180 / LogL: -1892.506 / Time: 0h:0m:3s (0h:0m:2s left)
Iteration 190 / LogL: -1892.507 / Time: 0h:0m:4s (0h:0m:1s left)
BETTER TREE FOUND at iteration 195: -1892.456
Iteration 200 / LogL: -1894.172 / Time: 0h:0m:4s (0h:0m:2s left)
Estimate model parameters (epsilon = 0.100)
BETTER TREE FOUND at iteration 203: -1892.098
Iteration 210 / LogL: -1892.528 / Time: 0h:0m:4s (0h:0m:2s left)
Iteration 220 / LogL: -1892.330 / Time: 0h:0m:4s (0h:0m:1s left)
BETTER TREE FOUND at iteration 230: -1892.098
Iteration 230 / LogL: -1892.098 / Time: 0h:0m:5s (0h:0m:2s left)
BETTER TREE FOUND at iteration 231: -1892.098
BETTER TREE FOUND at iteration 234: -1892.098
Iteration 240 / LogL: -1892.162 / Time: 0h:0m:5s (0h:0m:2s left)
Iteration 250 / LogL: -1892.098 / Time: 0h:0m:5s (0h:0m:1s left)
BETTER TREE FOUND at iteration 255: -1892.098
Estimate model parameters (epsilon = 0.100)
BETTER TREE FOUND at iteration 257: -1890.532
Iteration 260 / LogL: -1890.771 / Time: 0h:0m:5s (0h:0m:2s left)
Iteration 270 / LogL: -1890.943 / Time: 0h:0m:5s (0h:0m:1s left)
Iteration 280 / LogL: -1890.853 / Time: 0h:0m:6s (0h:0m:1s left)
Iteration 290 / LogL: -1893.472 / Time: 0h:0m:6s (0h:0m:1s left)
BETTER TREE FOUND at iteration 291: -1890.532
Iteration 300 / LogL: -1890.532 / Time: 0h:0m:6s (0h:0m:1s left)
Iteration 310 / LogL: -1892.675 / Time: 0h:0m:6s (0h:0m:1s left)
Iteration 320 / LogL: -1890.532 / Time: 0h:0m:7s (0h:0m:1s left)
Iteration 330 / LogL: -1891.140 / Time: 0h:0m:7s (0h:0m:1s left)
BETTER TREE FOUND at iteration 334: -1890.532
Iteration 340 / LogL: -1892.113 / Time: 0h:0m:7s (0h:0m:2s left)
BETTER TREE FOUND at iteration 345: -1890.532
Iteration 350 / LogL: -1890.532 / Time: 0h:0m:7s (0h:0m:2s left)
Iteration 360 / LogL: -1892.316 / Time: 0h:0m:7s (0h:0m:1s left)
BETTER TREE FOUND at iteration 364: -1890.532
Iteration 370 / LogL: -1894.430 / Time: 0h:0m:8s (0h:0m:2s left)
Iteration 380 / LogL: -1896.342 / Time: 0h:0m:8s (0h:0m:1s left)
BETTER TREE FOUND at iteration 382: -1890.532
BETTER TREE FOUND at iteration 386: -1890.532
Iteration 390 / LogL: -1890.533 / Time: 0h:0m:8s (0h:0m:2s left)
Iteration 400 / LogL: -1892.280 / Time: 0h:0m:8s (0h:0m:1s left)
BETTER TREE FOUND at iteration 408: -1890.532
Iteration 410 / LogL: -1892.390 / Time: 0h:0m:8s (0h:0m:2s left)
Iteration 420 / LogL: -1890.532 / Time: 0h:0m:9s (0h:0m:1s left)
Iteration 430 / LogL: -1890.532 / Time: 0h:0m:9s (0h:0m:1s left)
BETTER TREE FOUND at iteration 432: -1890.532
Iteration 440 / LogL: -1890.533 / Time: 0h:0m:9s (0h:0m:2s left)
Iteration 450 / LogL: -1890.532 / Time: 0h:0m:9s (0h:0m:1s left)
Iteration 460 / LogL: -1895.802 / Time: 0h:0m:10s (0h:0m:1s left)
Iteration 470 / LogL: -1892.390 / Time: 0h:0m:10s (0h:0m:1s left)
Iteration 480 / LogL: -1890.533 / Time: 0h:0m:10s (0h:0m:1s left)
Iteration 490 / LogL: -1890.772 / Time: 0h:0m:10s (0h:0m:0s left)
Iteration 500 / LogL: -1892.316 / Time: 0h:0m:10s (0h:0m:0s left)
Iteration 510 / LogL: -1892.360 / Time: 0h:0m:11s (0h:0m:0s left)
Iteration 520 / LogL: -1890.532 / Time: 0h:0m:11s (0h:0m:0s left)
Iteration 530 / LogL: -1890.532 / Time: 0h:0m:11s (0h:0m:0s left)
TREE SEARCH COMPLETED AFTER 533 ITERATIONS / Time: 0h:0m:11s

--------------------------------------------------------------------
|                    FINALIZING TREE SEARCH                        |
--------------------------------------------------------------------
Performs final model parameters optimization
Estimate model parameters (epsilon = 0.010)
1. Initial log-likelihood: -1890.532
Optimal log-likelihood: -1890.531
Rate parameters:  A-C: 4.35394  A-G: 6.58672  A-T: 1.33817  C-G: 3.83331  C-T: 4.40770  G-T: 1.00000
Base frequencies:  A: 0.336  C: 0.152  G: 0.303  T: 0.210
Gamma shape alpha: 0.330
Parameters optimization took 1 rounds (0.004 sec)
BEST SCORE FOUND : -1890.531
Total tree length: 0.797

Total number of iterations: 533
CPU time used for tree search: 11.664 sec (0h:0m:11s)
Wall-clock time used for tree search: 11.498 sec (0h:0m:11s)
Total CPU time used: 11.739 sec (0h:0m:11s)
Total wall-clock time used: 11.570 sec (0h:0m:11s)

Analysis results written to: 
  IQ-TREE report:                /workspace/IQTree_JarvD5a_Results/exon_12953.iqtree
  Maximum-likelihood tree:       /workspace/IQTree_JarvD5a_Results/exon_12953.treefile
  Likelihood distances:          /workspace/IQTree_JarvD5a_Results/exon_12953.mldist
  Screen log file:               /workspace/IQTree_JarvD5a_Results/exon_12953.log

Date and Time: Wed May 27 16:24:16 2026
