IQ-TREE version 3.1.2 for Linux x86 64-bit built May  7 2026
Developed by Bui Quang Minh, Thomas Wong, Nhan Ly-Trong, Huaiyan Ren
Contributed by Lam-Tung Nguyen, Dominik Schrempf, Chris Bielow,
Olga Chernomor, Michael Woodhams, Diep Thi Hoang, Heiko Schmidt

Host:    8084c4e79f09 (AVX512, FMA3, 1133 GB RAM)
Command: /workspace/iqtree-3.1.2-Linux/bin/iqtree3_intel -s /workspace/NeuralNJ/empirical/JarvD5a/exon_8553.fasta -st DNA -m GTR+G -seed 2201 -pre /workspace/IQTree_JarvD5a_Results/exon_8553 -quiet
Seed:    2201 (Using SPRNG - Scalable Parallel Random Number Generator)
Time:    Thu May 28 08:26:44 2026
Kernel:  AVX+FMA - 1 threads (384 CPU cores detected)

HINT: Use -nt option to specify number of threads because your CPU has 384 cores!
HINT: -nt AUTO will automatically determine the best number of threads to use.

Reading alignment file /workspace/NeuralNJ/empirical/JarvD5a/exon_8553.fasta ... Fasta format detected
Reading fasta file: done in 0.000412941 secs using 37.54% CPU
Alignment most likely contains DNA/RNA sequences
Constructing alignment: done in 0.000944853 secs using 70.8% CPU
Alignment has 48 sequences with 626 columns, 233 distinct patterns
124 parsimony-informative, 91 singleton sites, 411 constant sites
       Gap/Ambiguity  Composition  p-value
Analyzing sequences: done in 2.81334e-05 secs
   1  ACACH    1.28%    passed     99.31%
   2  ANAPL    1.60%    passed     96.78%
   3  APAVI   33.55%    passed     71.54%
   4  APTFO    1.28%    passed    100.00%
   5  BALRE    0.96%    passed     99.04%
   6  BUCRH    1.28%    passed     99.67%
   7  CALAN    1.28%    passed     91.29%
   8  CAPCA    1.28%    passed     99.08%
   9  CARCR    1.28%    passed     99.38%
  10  CATAU    1.28%    passed     99.56%
  11  CHAPE    1.28%    passed     97.89%
  12  CHAVO    1.28%    passed     99.97%
  13  CHLUN    1.28%    passed     97.93%
  14  COLLI    1.28%    passed     93.89%
  15  COLST    1.28%    passed     98.54%
  16  CORBR    1.28%    passed     83.87%
  17  CUCCA    1.28%    passed     95.96%
  18  EGRGA    1.28%    passed     99.31%
  19  EURHE    1.28%    passed     89.38%
  20  FALPE    1.28%    passed     96.13%
  21  FULGL    1.92%    passed     99.57%
  22  GALGA    0.96%    passed     90.96%
  23  GAVST    1.28%    passed     99.85%
  24  GEOFO    1.28%    passed     99.65%
  25  HALAL    1.28%    passed     93.45%
  26  HALLE    1.28%    passed     93.45%
  27  LEPDI    1.28%    passed     99.96%
  28  MANVI    1.28%    passed     99.64%
  29  MELGA    2.56%    passed     78.61%
  30  MELUN    1.28%    passed     98.37%
  31  MERNU    1.28%    passed     85.75%
  32  MESUN    1.28%    passed     99.31%
  33  NESNO    1.28%    passed     99.87%
  34  NIPNI    1.28%    passed     99.67%
  35  OPHHO    1.28%    passed     98.84%
  36  PELCR    0.96%    passed     99.59%
  37  PHACA    1.28%    passed     99.65%
  38  PHALE   32.27%    passed     83.39%
  39  PHORU    1.28%    passed     99.97%
  40  PICPU    1.28%    passed     99.61%
  41  PODCR    1.28%    passed     98.63%
  42  PTEGU    3.35%    passed     99.22%
  43  PYGAD    1.28%    passed     99.17%
  44  STRCA    1.28%    passed     97.25%
  45  TAEGU    1.28%    passed     91.10%
  46  TAUER    1.28%    passed     99.56%
  47  TINMA    1.60%    passed     93.78%
  48  TYTAL    1.28%    passed     98.70%
****  TOTAL    2.67%  0 sequences failed composition chi2 test (p-value<5%; df=3)
NOTE: HALLE is identical to HALAL but kept for subsequent analysis
Checking for duplicate sequences: done in 0.000143051 secs

Create initial parsimony tree by phylogenetic likelihood library (PLL)... 0.002 seconds

NOTE: 1 MB RAM (0 GB) is required!
Estimate model parameters (epsilon = 0.100)
1. Initial log-likelihood: -3761.692
2. Current log-likelihood: -3619.177
3. Current log-likelihood: -3618.402
Optimal log-likelihood: -3618.393
Rate parameters:  A-C: 1.19871  A-G: 2.47321  A-T: 0.92265  C-G: 1.33432  C-T: 5.91306  G-T: 1.00000
Base frequencies:  A: 0.312  C: 0.265  G: 0.272  T: 0.151
Gamma shape alpha: 0.308
Parameters optimization took 3 rounds (0.056 sec)
Wrote distance file to... 
Computing ML distances based on estimated model parameters...
Calculating distance matrix: done in 0.00557089 secs using 98.94% CPU
Computing ML distances took 0.005623 sec (of wall-clock time) 0.005558 sec (of CPU time)
Setting up auxiliary I and S matrices: done in 0.000118971 secs using 105.9% CPU
Constructing RapidNJ tree: done in 0.000214815 secs using 83.79% CPU
Computing RapidNJ tree took 0.000392 sec (of wall-clock time) 0.000348 sec (of CPU time)
Log-likelihood of RapidNJ tree: -3625.291
--------------------------------------------------------------------
|             INITIALIZING CANDIDATE TREE SET                      |
--------------------------------------------------------------------
Generating 98 parsimony trees... 0.131 second
Computing log-likelihood of 98 initial trees ... 0.149 seconds
Current best score: -3604.306

Do NNI search on 20 best initial trees
Estimate model parameters (epsilon = 0.100)
BETTER TREE FOUND at iteration 1: -3603.513
Estimate model parameters (epsilon = 0.100)
BETTER TREE FOUND at iteration 10: -3602.640
Iteration 10 / LogL: -3602.640 / Time: 0h:0m:0s
Iteration 20 / LogL: -3610.867 / Time: 0h:0m:0s
Finish initializing candidate tree set (20)
Current best tree score: -3602.640 / CPU time: 0.786
Number of iterations: 20
--------------------------------------------------------------------
|               OPTIMIZING CANDIDATE TREE SET                      |
--------------------------------------------------------------------
Estimate model parameters (epsilon = 0.100)
BETTER TREE FOUND at iteration 25: -3602.164
Estimate model parameters (epsilon = 0.100)
BETTER TREE FOUND at iteration 28: -3600.723
Iteration 30 / LogL: -3603.635 / Time: 0h:0m:1s (0h:0m:4s left)
Estimate model parameters (epsilon = 0.100)
BETTER TREE FOUND at iteration 38: -3599.252
Iteration 40 / LogL: -3603.221 / Time: 0h:0m:1s (0h:0m:3s left)
Iteration 50 / LogL: -3600.436 / Time: 0h:0m:1s (0h:0m:3s left)
Estimate model parameters (epsilon = 0.100)
BETTER TREE FOUND at iteration 52: -3596.236
Estimate model parameters (epsilon = 0.100)
BETTER TREE FOUND at iteration 57: -3596.220
Iteration 60 / LogL: -3612.082 / Time: 0h:0m:2s (0h:0m:3s left)
Iteration 70 / LogL: -3597.020 / Time: 0h:0m:2s (0h:0m:3s left)
BETTER TREE FOUND at iteration 80: -3596.220
Iteration 80 / LogL: -3596.220 / Time: 0h:0m:2s (0h:0m:3s left)
Estimate model parameters (epsilon = 0.100)
BETTER TREE FOUND at iteration 82: -3595.853
BETTER TREE FOUND at iteration 85: -3595.852
Iteration 90 / LogL: -3598.523 / Time: 0h:0m:3s (0h:0m:3s left)
Iteration 100 / LogL: -3596.323 / Time: 0h:0m:3s (0h:0m:2s left)
Estimate model parameters (epsilon = 0.100)
BETTER TREE FOUND at iteration 102: -3595.655
Estimate model parameters (epsilon = 0.100)
BETTER TREE FOUND at iteration 104: -3595.572
BETTER TREE FOUND at iteration 106: -3595.572
Iteration 110 / LogL: -3598.344 / Time: 0h:0m:3s (0h:0m:3s left)
BETTER TREE FOUND at iteration 119: -3595.571
Iteration 120 / LogL: -3624.951 / Time: 0h:0m:4s (0h:0m:3s left)
Iteration 130 / LogL: -3607.284 / Time: 0h:0m:4s (0h:0m:3s left)
BETTER TREE FOUND at iteration 131: -3595.570
Estimate model parameters (epsilon = 0.100)
BETTER TREE FOUND at iteration 136: -3595.061
Iteration 140 / LogL: -3597.808 / Time: 0h:0m:4s (0h:0m:3s left)
BETTER TREE FOUND at iteration 149: -3595.060
Iteration 150 / LogL: -3603.703 / Time: 0h:0m:5s (0h:0m:3s left)
Estimate model parameters (epsilon = 0.100)
BETTER TREE FOUND at iteration 152: -3594.830
Estimate model parameters (epsilon = 0.100)
BETTER TREE FOUND at iteration 160: -3594.577
Iteration 160 / LogL: -3594.577 / Time: 0h:0m:5s (0h:0m:3s left)
Iteration 170 / LogL: -3594.695 / Time: 0h:0m:5s (0h:0m:3s left)
Estimate model parameters (epsilon = 0.100)
BETTER TREE FOUND at iteration 176: -3594.255
BETTER TREE FOUND at iteration 177: -3594.254
Iteration 180 / LogL: -3594.255 / Time: 0h:0m:6s (0h:0m:3s left)
Estimate model parameters (epsilon = 0.100)
BETTER TREE FOUND at iteration 182: -3593.777
Iteration 190 / LogL: -3594.637 / Time: 0h:0m:6s (0h:0m:3s left)
Iteration 200 / LogL: -3596.123 / Time: 0h:0m:6s (0h:0m:2s left)
Iteration 210 / LogL: -3594.268 / Time: 0h:0m:7s (0h:0m:2s left)
BETTER TREE FOUND at iteration 217: -3593.777
Iteration 220 / LogL: -3593.777 / Time: 0h:0m:7s (0h:0m:3s left)
Iteration 230 / LogL: -3593.777 / Time: 0h:0m:7s (0h:0m:2s left)
BETTER TREE FOUND at iteration 233: -3593.777
Iteration 240 / LogL: -3598.519 / Time: 0h:0m:8s (0h:0m:3s left)
Estimate model parameters (epsilon = 0.100)
BETTER TREE FOUND at iteration 241: -3593.227
Iteration 250 / LogL: -3593.244 / Time: 0h:0m:8s (0h:0m:3s left)
Iteration 260 / LogL: -3594.078 / Time: 0h:0m:8s (0h:0m:2s left)
Iteration 270 / LogL: -3597.107 / Time: 0h:0m:9s (0h:0m:2s left)
BETTER TREE FOUND at iteration 276: -3593.227
Iteration 280 / LogL: -3598.126 / Time: 0h:0m:9s (0h:0m:3s left)
Iteration 290 / LogL: -3599.068 / Time: 0h:0m:9s (0h:0m:2s left)
Iteration 300 / LogL: -3621.208 / Time: 0h:0m:10s (0h:0m:2s left)
Estimate model parameters (epsilon = 0.100)
BETTER TREE FOUND at iteration 307: -3592.761
Iteration 310 / LogL: -3593.240 / Time: 0h:0m:10s (0h:0m:3s left)
BETTER TREE FOUND at iteration 317: -3592.761
Iteration 320 / LogL: -3593.311 / Time: 0h:0m:10s (0h:0m:3s left)
Iteration 330 / LogL: -3593.311 / Time: 0h:0m:11s (0h:0m:2s left)
Iteration 340 / LogL: -3593.326 / Time: 0h:0m:11s (0h:0m:2s left)
BETTER TREE FOUND at iteration 350: -3592.761
Iteration 350 / LogL: -3592.761 / Time: 0h:0m:11s (0h:0m:3s left)
Iteration 360 / LogL: -3594.783 / Time: 0h:0m:12s (0h:0m:3s left)
Iteration 370 / LogL: -3593.241 / Time: 0h:0m:12s (0h:0m:2s left)
BETTER TREE FOUND at iteration 376: -3592.761
Iteration 380 / LogL: -3594.372 / Time: 0h:0m:12s (0h:0m:3s left)
Iteration 390 / LogL: -3598.350 / Time: 0h:0m:13s (0h:0m:2s left)
Iteration 400 / LogL: -3593.252 / Time: 0h:0m:13s (0h:0m:2s left)
Iteration 410 / LogL: -3594.363 / Time: 0h:0m:13s (0h:0m:2s left)
Iteration 420 / LogL: -3595.312 / Time: 0h:0m:13s (0h:0m:1s left)
Iteration 430 / LogL: -3592.776 / Time: 0h:0m:14s (0h:0m:1s left)
Iteration 440 / LogL: -3605.219 / Time: 0h:0m:14s (0h:0m:1s left)
BETTER TREE FOUND at iteration 444: -3592.760
Iteration 450 / LogL: -3592.761 / Time: 0h:0m:15s (0h:0m:3s left)
Iteration 460 / LogL: -3592.761 / Time: 0h:0m:15s (0h:0m:2s left)
Iteration 470 / LogL: -3592.761 / Time: 0h:0m:15s (0h:0m:2s left)
Iteration 480 / LogL: -3592.762 / Time: 0h:0m:15s (0h:0m:2s left)
Iteration 490 / LogL: -3593.817 / Time: 0h:0m:16s (0h:0m:1s left)
Iteration 500 / LogL: -3592.762 / Time: 0h:0m:16s (0h:0m:1s left)
Iteration 510 / LogL: -3592.762 / Time: 0h:0m:16s (0h:0m:1s left)
Iteration 520 / LogL: -3592.761 / Time: 0h:0m:17s (0h:0m:0s left)
Iteration 530 / LogL: -3593.239 / Time: 0h:0m:17s (0h:0m:0s left)
Iteration 540 / LogL: -3595.774 / Time: 0h:0m:17s (0h:0m:0s left)
TREE SEARCH COMPLETED AFTER 545 ITERATIONS / Time: 0h:0m:18s

--------------------------------------------------------------------
|                    FINALIZING TREE SEARCH                        |
--------------------------------------------------------------------
Performs final model parameters optimization
Estimate model parameters (epsilon = 0.010)
1. Initial log-likelihood: -3592.760
Optimal log-likelihood: -3592.760
Rate parameters:  A-C: 1.22757  A-G: 2.56316  A-T: 0.73083  C-G: 1.25993  C-T: 5.75038  G-T: 1.00000
Base frequencies:  A: 0.312  C: 0.265  G: 0.272  T: 0.151
Gamma shape alpha: 0.306
Parameters optimization took 1 rounds (0.006 sec)
BEST SCORE FOUND : -3592.760
Total tree length: 0.927

Total number of iterations: 545
CPU time used for tree search: 18.102 sec (0h:0m:18s)
Wall-clock time used for tree search: 17.953 sec (0h:0m:17s)
Total CPU time used: 18.192 sec (0h:0m:18s)
Total wall-clock time used: 18.038 sec (0h:0m:18s)

Analysis results written to: 
  IQ-TREE report:                /workspace/IQTree_JarvD5a_Results/exon_8553.iqtree
  Maximum-likelihood tree:       /workspace/IQTree_JarvD5a_Results/exon_8553.treefile
  Likelihood distances:          /workspace/IQTree_JarvD5a_Results/exon_8553.mldist
  Screen log file:               /workspace/IQTree_JarvD5a_Results/exon_8553.log

Date and Time: Thu May 28 08:27:02 2026
