IQ-TREE version 3.1.2 for Linux x86 64-bit built May  7 2026
Developed by Bui Quang Minh, Thomas Wong, Nhan Ly-Trong, Huaiyan Ren
Contributed by Lam-Tung Nguyen, Dominik Schrempf, Chris Bielow,
Olga Chernomor, Michael Woodhams, Diep Thi Hoang, Heiko Schmidt

Host:    8084c4e79f09 (AVX512, FMA3, 1133 GB RAM)
Command: /workspace/iqtree-3.1.2-Linux/bin/iqtree3_intel -s /workspace/NeuralNJ/empirical/JarvD5a/exon_1970.fasta -st DNA -m GTR+G -seed 2201 -pre /workspace/IQTree_JarvD5a_Results/exon_1970 -quiet
Seed:    2201 (Using SPRNG - Scalable Parallel Random Number Generator)
Time:    Wed May 27 21:51:07 2026
Kernel:  AVX+FMA - 1 threads (384 CPU cores detected)

HINT: Use -nt option to specify number of threads because your CPU has 384 cores!
HINT: -nt AUTO will automatically determine the best number of threads to use.

Reading alignment file /workspace/NeuralNJ/empirical/JarvD5a/exon_1970.fasta ... Fasta format detected
Reading fasta file: done in 0.000209808 secs using 20.02% CPU
Alignment most likely contains DNA/RNA sequences
Constructing alignment: done in 0.000456095 secs
Alignment has 45 sequences with 372 columns, 224 distinct patterns
92 parsimony-informative, 90 singleton sites, 190 constant sites
       Gap/Ambiguity  Composition  p-value
Analyzing sequences: done in 1.50204e-05 secs
   1  ACACH    1.08%    passed     99.46%
   2  APAVI    1.08%    passed     99.68%
   3  APTFO    1.08%    passed     94.93%
   4  BALRE    1.08%    passed     99.82%
   5  BUCRH    1.08%    passed     90.95%
   6  CALAN    1.08%    passed     98.25%
   7  CAPCA   11.29%    passed     95.60%
   8  CARCR   13.98%    passed     94.02%
   9  CATAU    1.08%    passed     98.95%
  10  CHAPE    2.69%    passed     97.52%
  11  CHAVO    1.08%    passed     98.83%
  12  CHLUN    1.08%    passed     98.07%
  13  COLLI    4.30%    passed     98.90%
  14  COLST    1.08%    passed     99.73%
  15  CORBR    1.08%    passed     95.96%
  16  CUCCA    3.76%    passed     78.54%
  17  EGRGA    1.08%    passed     98.26%
  18  EURHE    2.69%    passed     98.74%
  19  FALPE    1.08%    passed     99.03%
  20  FULGL    1.08%    passed     97.51%
  21  GALGA    1.08%    passed     91.26%
  22  GAVST    5.91%    passed     89.42%
  23  GEOFO    1.61%    passed     88.53%
  24  HALAL    3.23%    passed     99.92%
  25  HALLE    1.08%    passed     99.89%
  26  LEPDI    2.69%    passed     97.31%
  27  MANVI    3.76%    passed     95.61%
  28  MELUN   27.96%    passed     23.96%
  29  MERNU    3.76%    passed     89.36%
  30  MESUN    0.54%    passed     99.64%
  31  NESNO    2.69%    passed     61.79%
  32  NIPNI    1.08%    passed     99.67%
  33  OPHHO    1.08%    passed     97.20%
  34  PELCR    1.08%    passed     98.35%
  35  PHACA   48.39%    passed     71.05%
  36  PHALE    1.08%    passed     98.07%
  37  PHORU   15.05%    passed     86.76%
  38  PICPU    1.08%    passed     99.25%
  39  PODCR    7.53%    passed     93.71%
  40  PTEGU    1.08%    passed     99.34%
  41  PYGAD    6.99%    passed     56.54%
  42  STRCA    1.08%    passed     98.96%
  43  TAEGU   68.28%    passed     18.16%
  44  TAUER    1.08%    passed     99.46%
  45  TINMA    4.30%    passed     95.50%
WARNING: 1 sequences contain more than 50% gaps/ambiguity
****  TOTAL    5.94%  0 sequences failed composition chi2 test (p-value<5%; df=3)
Checking for duplicate sequences: done in 0.000102997 secs using 101% CPU

Create initial parsimony tree by phylogenetic likelihood library (PLL)... 0.001 seconds

NOTE: 1 MB RAM (0 GB) is required!
Estimate model parameters (epsilon = 0.100)
1. Initial log-likelihood: -2712.087
2. Current log-likelihood: -2622.481
3. Current log-likelihood: -2620.803
Optimal log-likelihood: -2620.794
Rate parameters:  A-C: 2.65098  A-G: 3.90948  A-T: 0.98680  C-G: 2.13823  C-T: 7.36056  G-T: 1.00000
Base frequencies:  A: 0.303  C: 0.189  G: 0.316  T: 0.192
Gamma shape alpha: 0.525
Parameters optimization took 3 rounds (0.046 sec)
Wrote distance file to... 
Computing ML distances based on estimated model parameters...
Calculating distance matrix: done in 0.00339198 secs using 100% CPU
Computing ML distances took 0.003450 sec (of wall-clock time) 0.003450 sec (of CPU time)
Setting up auxiliary I and S matrices: done in 0.000236034 secs using 100.4% CPU
Constructing RapidNJ tree: done in 0.000464916 secs using 280.5% CPU
Computing RapidNJ tree took 0.000775 sec (of wall-clock time) 0.001635 sec (of CPU time)
Log-likelihood of RapidNJ tree: -2626.143
--------------------------------------------------------------------
|             INITIALIZING CANDIDATE TREE SET                      |
--------------------------------------------------------------------
Generating 98 parsimony trees... 0.141 second
Computing log-likelihood of 98 initial trees ... 0.134 seconds
Current best score: -2607.369

Do NNI search on 20 best initial trees
Estimate model parameters (epsilon = 0.100)
BETTER TREE FOUND at iteration 1: -2604.566
Iteration 10 / LogL: -2607.487 / Time: 0h:0m:0s
Iteration 20 / LogL: -2614.642 / Time: 0h:0m:0s
Finish initializing candidate tree set (20)
Current best tree score: -2604.566 / CPU time: 0.840
Number of iterations: 20
--------------------------------------------------------------------
|               OPTIMIZING CANDIDATE TREE SET                      |
--------------------------------------------------------------------
Estimate model parameters (epsilon = 0.100)
BETTER TREE FOUND at iteration 22: -2596.133
BETTER TREE FOUND at iteration 25: -2596.132
Estimate model parameters (epsilon = 0.100)
BETTER TREE FOUND at iteration 26: -2595.820
Iteration 30 / LogL: -2598.511 / Time: 0h:0m:1s (0h:0m:4s left)
BETTER TREE FOUND at iteration 33: -2595.818
Estimate model parameters (epsilon = 0.100)
BETTER TREE FOUND at iteration 34: -2594.304
Iteration 40 / LogL: -2595.498 / Time: 0h:0m:1s (0h:0m:3s left)
Iteration 50 / LogL: -2594.856 / Time: 0h:0m:1s (0h:0m:3s left)
Iteration 60 / LogL: -2599.744 / Time: 0h:0m:2s (0h:0m:2s left)
Iteration 70 / LogL: -2602.693 / Time: 0h:0m:2s (0h:0m:2s left)
Iteration 80 / LogL: -2598.640 / Time: 0h:0m:2s (0h:0m:1s left)
Iteration 90 / LogL: -2594.305 / Time: 0h:0m:3s (0h:0m:1s left)
Iteration 100 / LogL: -2600.029 / Time: 0h:0m:3s (0h:0m:1s left)
Iteration 110 / LogL: -2594.305 / Time: 0h:0m:3s (0h:0m:0s left)
Iteration 120 / LogL: -2594.305 / Time: 0h:0m:4s (0h:0m:0s left)
Iteration 130 / LogL: -2594.305 / Time: 0h:0m:4s (0h:0m:0s left)
TREE SEARCH COMPLETED AFTER 135 ITERATIONS / Time: 0h:0m:4s

--------------------------------------------------------------------
|                    FINALIZING TREE SEARCH                        |
--------------------------------------------------------------------
Performs final model parameters optimization
Estimate model parameters (epsilon = 0.010)
1. Initial log-likelihood: -2594.304
Optimal log-likelihood: -2594.304
Rate parameters:  A-C: 2.50806  A-G: 3.75357  A-T: 1.00981  C-G: 1.98462  C-T: 8.20766  G-T: 1.00000
Base frequencies:  A: 0.303  C: 0.189  G: 0.316  T: 0.192
Gamma shape alpha: 0.528
Parameters optimization took 1 rounds (0.005 sec)
BEST SCORE FOUND : -2594.304
Total tree length: 1.518

Total number of iterations: 135
CPU time used for tree search: 4.481 sec (0h:0m:4s)
Wall-clock time used for tree search: 4.643 sec (0h:0m:4s)
Total CPU time used: 4.559 sec (0h:0m:4s)
Total wall-clock time used: 4.714 sec (0h:0m:4s)

Analysis results written to: 
  IQ-TREE report:                /workspace/IQTree_JarvD5a_Results/exon_1970.iqtree
  Maximum-likelihood tree:       /workspace/IQTree_JarvD5a_Results/exon_1970.treefile
  Likelihood distances:          /workspace/IQTree_JarvD5a_Results/exon_1970.mldist
  Screen log file:               /workspace/IQTree_JarvD5a_Results/exon_1970.log

Date and Time: Wed May 27 21:51:11 2026
