IQ-TREE version 3.1.2 for Linux x86 64-bit built May  7 2026
Developed by Bui Quang Minh, Thomas Wong, Nhan Ly-Trong, Huaiyan Ren
Contributed by Lam-Tung Nguyen, Dominik Schrempf, Chris Bielow,
Olga Chernomor, Michael Woodhams, Diep Thi Hoang, Heiko Schmidt

Host:    8084c4e79f09 (AVX512, FMA3, 1133 GB RAM)
Command: /workspace/iqtree-3.1.2-Linux/bin/iqtree3_intel -s /workspace/NeuralNJ/empirical/JarvD5a/exon_14435.fasta -st DNA -m GTR+G -seed 2201 -pre /workspace/IQTree_JarvD5a_Results/exon_14435 -quiet
Seed:    2201 (Using SPRNG - Scalable Parallel Random Number Generator)
Time:    Wed May 27 19:02:25 2026
Kernel:  AVX+FMA - 1 threads (384 CPU cores detected)

HINT: Use -nt option to specify number of threads because your CPU has 384 cores!
HINT: -nt AUTO will automatically determine the best number of threads to use.

Reading alignment file /workspace/NeuralNJ/empirical/JarvD5a/exon_14435.fasta ... Fasta format detected
Reading fasta file: done in 0.000338793 secs using 5.313% CPU
Alignment most likely contains DNA/RNA sequences
Constructing alignment: done in 0.000844955 secs
Alignment has 46 sequences with 720 columns, 228 distinct patterns
105 parsimony-informative, 91 singleton sites, 524 constant sites
       Gap/Ambiguity  Composition  p-value
Analyzing sequences: done in 1.78814e-05 secs
   1  ACACH    2.22%    passed     99.27%
   2  ANAPL    1.67%    passed     99.68%
   3  APAVI    1.67%    passed     97.23%
   4  APTFO    1.67%    passed     99.96%
   5  BALRE   28.89%    passed     98.59%
   6  BUCRH    5.14%    passed     97.81%
   7  CALAN    1.67%    passed     95.64%
   8  CAPCA    5.83%    passed     95.32%
   9  CARCR    1.67%    passed     99.48%
  10  CATAU    1.67%    passed     97.01%
  11  CHAPE    1.67%    passed     98.71%
  12  CHAVO    1.67%    passed     99.90%
  13  CHLUN    1.67%    passed     99.30%
  14  COLLI    1.67%    passed     97.76%
  15  COLST    1.94%    passed     99.67%
  16  CORBR    1.67%    passed     94.38%
  17  CUCCA    1.67%    passed     95.84%
  18  EGRGA    1.67%    passed     97.35%
  19  EURHE    1.67%    passed     99.26%
  20  FALPE    1.67%    passed     99.90%
  21  FULGL    1.67%    passed    100.00%
  22  GALGA    2.50%    passed     97.00%
  23  GAVST    2.22%    passed     99.47%
  24  GEOFO    1.67%    passed     99.42%
  25  HALLE    9.17%    passed     77.29%
  26  LEPDI    3.89%    passed     94.56%
  27  MANVI    1.67%    passed     96.92%
  28  MELGA    2.50%    passed     98.97%
  29  MELUN    1.67%    passed     99.12%
  30  MERNU    1.67%    passed     99.87%
  31  MESUN    1.67%    passed     99.43%
  32  NESNO    4.03%    passed     92.84%
  33  NIPNI    1.67%    passed     98.52%
  34  OPHHO    1.67%    passed     86.83%
  35  PELCR    1.39%    passed     95.97%
  36  PHALE    1.67%    passed     99.64%
  37  PHORU    1.67%    passed     98.92%
  38  PICPU    1.67%    passed     97.81%
  39  PODCR    1.67%    passed     99.85%
  40  PTEGU    4.03%    passed     94.51%
  41  PYGAD    1.67%    passed     99.87%
  42  STRCA    5.56%    passed     98.89%
  43  TAEGU    0.28%    passed     92.76%
  44  TAUER    1.67%    passed     99.90%
  45  TINMA   10.56%    passed     79.05%
  46  TYTAL    1.67%    passed     99.09%
****  TOTAL    3.05%  0 sequences failed composition chi2 test (p-value<5%; df=3)
Checking for duplicate sequences: done in 0.000105858 secs

Create initial parsimony tree by phylogenetic likelihood library (PLL)... 0.001 seconds

NOTE: 1 MB RAM (0 GB) is required!
Estimate model parameters (epsilon = 0.100)
1. Initial log-likelihood: -4320.865
2. Current log-likelihood: -4051.894
3. Current log-likelihood: -4040.964
4. Current log-likelihood: -4040.829
Optimal log-likelihood: -4040.820
Rate parameters:  A-C: 2.32673  A-G: 7.14505  A-T: 0.92282  C-G: 1.72569  C-T: 3.84545  G-T: 1.00000
Base frequencies:  A: 0.283  C: 0.224  G: 0.239  T: 0.254
Gamma shape alpha: 0.187
Parameters optimization took 4 rounds (0.108 sec)
Wrote distance file to... 
Computing ML distances based on estimated model parameters...
Calculating distance matrix: done in 0.00592589 secs using 100% CPU
Computing ML distances took 0.005985 sec (of wall-clock time) 0.005985 sec (of CPU time)
Setting up auxiliary I and S matrices: done in 0.000231028 secs using 100.4% CPU
Constructing RapidNJ tree: done in 0.00048995 secs using 247% CPU
Computing RapidNJ tree took 0.000777 sec (of wall-clock time) 0.001512 sec (of CPU time)
Log-likelihood of RapidNJ tree: -4061.916
--------------------------------------------------------------------
|             INITIALIZING CANDIDATE TREE SET                      |
--------------------------------------------------------------------
Generating 98 parsimony trees... 0.146 second
Computing log-likelihood of 98 initial trees ... 0.149 seconds
Current best score: -4018.365

Do NNI search on 20 best initial trees
Estimate model parameters (epsilon = 0.100)
BETTER TREE FOUND at iteration 1: -4000.418
Iteration 10 / LogL: -4013.432 / Time: 0h:0m:0s
Iteration 20 / LogL: -4018.103 / Time: 0h:0m:1s
Finish initializing candidate tree set (20)
Current best tree score: -4000.418 / CPU time: 0.883
Number of iterations: 20
--------------------------------------------------------------------
|               OPTIMIZING CANDIDATE TREE SET                      |
--------------------------------------------------------------------
Estimate model parameters (epsilon = 0.100)
BETTER TREE FOUND at iteration 30: -3999.482
Iteration 30 / LogL: -3999.482 / Time: 0h:0m:1s (0h:0m:4s left)
Estimate model parameters (epsilon = 0.100)
BETTER TREE FOUND at iteration 37: -3999.396
Iteration 40 / LogL: -4001.379 / Time: 0h:0m:1s (0h:0m:4s left)
Estimate model parameters (epsilon = 0.100)
BETTER TREE FOUND at iteration 44: -3998.416
Estimate model parameters (epsilon = 0.100)
BETTER TREE FOUND at iteration 49: -3998.178
Iteration 50 / LogL: -3998.416 / Time: 0h:0m:1s (0h:0m:3s left)
Estimate model parameters (epsilon = 0.100)
BETTER TREE FOUND at iteration 51: -3997.977
UPDATE BEST LOG-LIKELIHOOD: -3997.976
UPDATE BEST LOG-LIKELIHOOD: -3997.976
Iteration 60 / LogL: -3997.976 / Time: 0h:0m:2s (0h:0m:3s left)
Iteration 70 / LogL: -3998.699 / Time: 0h:0m:2s (0h:0m:3s left)
UPDATE BEST LOG-LIKELIHOOD: -3997.976
Iteration 80 / LogL: -3997.977 / Time: 0h:0m:2s (0h:0m:2s left)
Estimate model parameters (epsilon = 0.100)
BETTER TREE FOUND at iteration 83: -3997.767
Iteration 90 / LogL: -4001.770 / Time: 0h:0m:3s (0h:0m:3s left)
Iteration 100 / LogL: -3998.078 / Time: 0h:0m:3s (0h:0m:2s left)
Iteration 110 / LogL: -4000.013 / Time: 0h:0m:3s (0h:0m:2s left)
Iteration 120 / LogL: -4001.299 / Time: 0h:0m:4s (0h:0m:2s left)
Iteration 130 / LogL: -3997.770 / Time: 0h:0m:4s (0h:0m:1s left)
Iteration 140 / LogL: -3998.078 / Time: 0h:0m:4s (0h:0m:1s left)
Iteration 150 / LogL: -3998.499 / Time: 0h:0m:5s (0h:0m:1s left)
UPDATE BEST LOG-LIKELIHOOD: -3997.767
Iteration 160 / LogL: -4000.551 / Time: 0h:0m:5s (0h:0m:0s left)
Iteration 170 / LogL: -4001.595 / Time: 0h:0m:5s (0h:0m:0s left)
Iteration 180 / LogL: -3998.569 / Time: 0h:0m:6s (0h:0m:0s left)
TREE SEARCH COMPLETED AFTER 184 ITERATIONS / Time: 0h:0m:6s

--------------------------------------------------------------------
|                    FINALIZING TREE SEARCH                        |
--------------------------------------------------------------------
Performs final model parameters optimization
Estimate model parameters (epsilon = 0.010)
1. Initial log-likelihood: -3997.767
Optimal log-likelihood: -3997.766
Rate parameters:  A-C: 2.60228  A-G: 7.57496  A-T: 1.03325  C-G: 1.87810  C-T: 4.63297  G-T: 1.00000
Base frequencies:  A: 0.283  C: 0.224  G: 0.239  T: 0.254
Gamma shape alpha: 0.189
Parameters optimization took 1 rounds (0.006 sec)
BEST SCORE FOUND : -3997.766
Total tree length: 1.321

Total number of iterations: 184
CPU time used for tree search: 6.164 sec (0h:0m:6s)
Wall-clock time used for tree search: 5.988 sec (0h:0m:5s)
Total CPU time used: 6.310 sec (0h:0m:6s)
Total wall-clock time used: 6.125 sec (0h:0m:6s)

Analysis results written to: 
  IQ-TREE report:                /workspace/IQTree_JarvD5a_Results/exon_14435.iqtree
  Maximum-likelihood tree:       /workspace/IQTree_JarvD5a_Results/exon_14435.treefile
  Likelihood distances:          /workspace/IQTree_JarvD5a_Results/exon_14435.mldist
  Screen log file:               /workspace/IQTree_JarvD5a_Results/exon_14435.log

Date and Time: Wed May 27 19:02:31 2026
