IQ-TREE version 3.1.2 for Linux x86 64-bit built May  7 2026
Developed by Bui Quang Minh, Thomas Wong, Nhan Ly-Trong, Huaiyan Ren
Contributed by Lam-Tung Nguyen, Dominik Schrempf, Chris Bielow,
Olga Chernomor, Michael Woodhams, Diep Thi Hoang, Heiko Schmidt

Host:    8084c4e79f09 (AVX512, FMA3, 1133 GB RAM)
Command: /workspace/iqtree-3.1.2-Linux/bin/iqtree3_intel -s /workspace/NeuralNJ/empirical/JarvD5a/exon_1020.fasta -st DNA -m GTR+G -seed 2201 -pre /workspace/IQTree_JarvD5a_Results/exon_1020 -quiet
Seed:    2201 (Using SPRNG - Scalable Parallel Random Number Generator)
Time:    Wed May 27 09:40:57 2026
Kernel:  AVX+FMA - 1 threads (384 CPU cores detected)

HINT: Use -nt option to specify number of threads because your CPU has 384 cores!
HINT: -nt AUTO will automatically determine the best number of threads to use.

Reading alignment file /workspace/NeuralNJ/empirical/JarvD5a/exon_1020.fasta ... Fasta format detected
Reading fasta file: done in 0.000710964 secs using 11.67% CPU
Alignment most likely contains DNA/RNA sequences
Constructing alignment: done in 0.00202513 secs using 57.63% CPU
WARNING: 7 sites contain only gaps or ambiguous characters.
Alignment has 45 sequences with 1698 columns, 724 distinct patterns
297 parsimony-informative, 296 singleton sites, 1105 constant sites
       Gap/Ambiguity  Composition  p-value
Analyzing sequences: done in 4.88758e-05 secs using 98.21% CPU
   1  ACACH   12.72%    passed     94.60%
   2  ANAPL   13.07%    passed     88.00%
   3  APAVI   49.23%    passed      8.92%
   4  APTFO   10.72%    passed     97.98%
   5  BUCRH   42.40%    passed     38.15%
   6  CALAN   11.19%    passed     92.98%
   7  CARCR   10.25%    passed     95.39%
   8  CATAU   13.78%    passed     99.68%
   9  CHAPE   17.67%    passed     97.52%
  10  CHAVO    5.54%    passed     89.91%
  11  CHLUN   26.80%    passed     69.71%
  12  COLLI   11.54%    passed     98.26%
  13  COLST   46.70%    passed     14.47%
  14  CORBR   13.31%    passed     99.80%
  15  CUCCA    7.24%    passed     90.01%
  16  EGRGA   11.25%    passed     98.79%
  17  EURHE   18.37%    passed     90.63%
  18  FALPE    8.01%    passed     94.61%
  19  FULGL   12.78%    passed     95.71%
  20  GALGA    5.42%    passed     85.07%
  21  GEOFO   18.67%    passed     98.23%
  22  HALAL   16.96%    passed     96.96%
  23  HALLE   11.13%    passed     95.77%
  24  LEPDI   16.61%    passed     97.00%
  25  MANVI   13.19%    passed     98.29%
  26  MELGA    5.65%    passed     89.47%
  27  MELUN   21.20%    passed     60.59%
  28  MERNU   21.55%    passed     78.64%
  29  MESUN   35.34%    passed     70.71%
  30  NESNO   16.55%    passed     77.33%
  31  NIPNI   25.32%    passed     52.34%
  32  OPHHO   14.02%    passed     91.02%
  33  PELCR   48.65%    passed     15.57%
  34  PHACA   50.65%    passed     28.52%
  35  PHALE   12.13%    passed     87.41%
  36  PHORU   10.84%    passed     94.42%
  37  PICPU   11.66%    passed     91.20%
  38  PODCR   14.31%    passed     99.50%
  39  PTEGU   12.72%    passed     91.09%
  40  PYGAD   12.96%    passed     98.10%
  41  STRCA   13.07%    passed     96.71%
  42  TAEGU   13.07%    passed     98.43%
  43  TAUER   13.96%    passed     92.65%
  44  TINMA   13.60%    passed     43.63%
  45  TYTAL   25.80%    passed     64.74%
WARNING: 1 sequences contain more than 50% gaps/ambiguity
****  TOTAL   18.17%  0 sequences failed composition chi2 test (p-value<5%; df=3)
Checking for duplicate sequences: done in 0.000136852 secs using 100.1% CPU

Create initial parsimony tree by phylogenetic likelihood library (PLL)... 0.002 seconds

NOTE: 4 MB RAM (0 GB) is required!
Estimate model parameters (epsilon = 0.100)
1. Initial log-likelihood: -9904.479
2. Current log-likelihood: -9516.686
3. Current log-likelihood: -9514.241
Optimal log-likelihood: -9514.230
Rate parameters:  A-C: 1.35661  A-G: 3.77630  A-T: 0.85471  C-G: 1.79187  C-T: 3.97285  G-T: 1.00000
Base frequencies:  A: 0.285  C: 0.235  G: 0.276  T: 0.204
Gamma shape alpha: 0.330
Parameters optimization took 3 rounds (0.119 sec)
Wrote distance file to... 
Computing ML distances based on estimated model parameters...
Calculating distance matrix: done in 0.00576091 secs using 99.98% CPU
Computing ML distances took 0.005886 sec (of wall-clock time) 0.005871 sec (of CPU time)
Setting up auxiliary I and S matrices: done in 0.000191212 secs using 199.8% CPU
Constructing RapidNJ tree: done in 0.000381947 secs using 204.2% CPU
Computing RapidNJ tree took 0.000641 sec (of wall-clock time) 0.001228 sec (of CPU time)
Log-likelihood of RapidNJ tree: -9683.432
--------------------------------------------------------------------
|             INITIALIZING CANDIDATE TREE SET                      |
--------------------------------------------------------------------
Generating 98 parsimony trees... 0.236 second
Computing log-likelihood of 98 initial trees ... 0.377 seconds
Current best score: -9494.045

Do NNI search on 20 best initial trees
Estimate model parameters (epsilon = 0.100)
BETTER TREE FOUND at iteration 1: -9480.946
Estimate model parameters (epsilon = 0.100)
BETTER TREE FOUND at iteration 2: -9477.397
Iteration 10 / LogL: -9484.035 / Time: 0h:0m:1s
Iteration 20 / LogL: -9488.920 / Time: 0h:0m:2s
Finish initializing candidate tree set (20)
Current best tree score: -9477.397 / CPU time: 1.908
Number of iterations: 20
--------------------------------------------------------------------
|               OPTIMIZING CANDIDATE TREE SET                      |
--------------------------------------------------------------------
Estimate model parameters (epsilon = 0.100)
BETTER TREE FOUND at iteration 30: -9476.332
Iteration 30 / LogL: -9476.332 / Time: 0h:0m:2s (0h:0m:9s left)
Iteration 40 / LogL: -9479.009 / Time: 0h:0m:3s (0h:0m:8s left)
Iteration 50 / LogL: -9476.478 / Time: 0h:0m:4s (0h:0m:7s left)
Iteration 60 / LogL: -9477.804 / Time: 0h:0m:5s (0h:0m:6s left)
Iteration 70 / LogL: -9480.315 / Time: 0h:0m:6s (0h:0m:5s left)
Iteration 80 / LogL: -9485.943 / Time: 0h:0m:6s (0h:0m:4s left)
Estimate model parameters (epsilon = 0.100)
BETTER TREE FOUND at iteration 85: -9476.138
Estimate model parameters (epsilon = 0.100)
BETTER TREE FOUND at iteration 87: -9474.278
Iteration 90 / LogL: -9478.267 / Time: 0h:0m:7s (0h:0m:8s left)
Iteration 100 / LogL: -9476.342 / Time: 0h:0m:8s (0h:0m:7s left)
Estimate model parameters (epsilon = 0.100)
BETTER TREE FOUND at iteration 101: -9472.654
UPDATE BEST LOG-LIKELIHOOD: -9472.654
Iteration 110 / LogL: -9473.246 / Time: 0h:0m:9s (0h:0m:7s left)
Estimate model parameters (epsilon = 0.100)
BETTER TREE FOUND at iteration 114: -9472.137
Iteration 120 / LogL: -9474.288 / Time: 0h:0m:10s (0h:0m:7s left)
UPDATE BEST LOG-LIKELIHOOD: -9472.137
Iteration 130 / LogL: -9472.656 / Time: 0h:0m:10s (0h:0m:7s left)
UPDATE BEST LOG-LIKELIHOOD: -9472.137
Iteration 140 / LogL: -9481.770 / Time: 0h:0m:11s (0h:0m:6s left)
Iteration 150 / LogL: -9473.762 / Time: 0h:0m:12s (0h:0m:5s left)
UPDATE BEST LOG-LIKELIHOOD: -9472.136
Iteration 160 / LogL: -9489.769 / Time: 0h:0m:12s (0h:0m:4s left)
Estimate model parameters (epsilon = 0.100)
BETTER TREE FOUND at iteration 168: -9471.768
Iteration 170 / LogL: -9472.887 / Time: 0h:0m:13s (0h:0m:7s left)
Iteration 180 / LogL: -9472.136 / Time: 0h:0m:14s (0h:0m:7s left)
UPDATE BEST LOG-LIKELIHOOD: -9471.768
Iteration 190 / LogL: -9471.769 / Time: 0h:0m:15s (0h:0m:6s left)
Iteration 200 / LogL: -9474.593 / Time: 0h:0m:15s (0h:0m:5s left)
Iteration 210 / LogL: -9472.301 / Time: 0h:0m:16s (0h:0m:4s left)
Iteration 220 / LogL: -9472.136 / Time: 0h:0m:17s (0h:0m:3s left)
Iteration 230 / LogL: -9471.768 / Time: 0h:0m:18s (0h:0m:3s left)
UPDATE BEST LOG-LIKELIHOOD: -9471.768
Iteration 240 / LogL: -9471.925 / Time: 0h:0m:18s (0h:0m:2s left)
Iteration 250 / LogL: -9472.652 / Time: 0h:0m:19s (0h:0m:1s left)
Iteration 260 / LogL: -9471.768 / Time: 0h:0m:20s (0h:0m:0s left)
UPDATE BEST LOG-LIKELIHOOD: -9471.767
Estimate model parameters (epsilon = 0.100)
BETTER TREE FOUND at iteration 265: -9471.526
Iteration 270 / LogL: -9488.221 / Time: 0h:0m:21s (0h:0m:7s left)
Iteration 280 / LogL: -9471.768 / Time: 0h:0m:21s (0h:0m:6s left)
Iteration 290 / LogL: -9474.941 / Time: 0h:0m:22s (0h:0m:5s left)
Iteration 300 / LogL: -9473.916 / Time: 0h:0m:23s (0h:0m:5s left)
Iteration 310 / LogL: -9474.041 / Time: 0h:0m:24s (0h:0m:4s left)
Iteration 320 / LogL: -9471.894 / Time: 0h:0m:24s (0h:0m:3s left)
Iteration 330 / LogL: -9473.900 / Time: 0h:0m:25s (0h:0m:2s left)
UPDATE BEST LOG-LIKELIHOOD: -9471.526
Iteration 340 / LogL: -9474.091 / Time: 0h:0m:26s (0h:0m:1s left)
UPDATE BEST LOG-LIKELIHOOD: -9471.525
Iteration 350 / LogL: -9475.567 / Time: 0h:0m:27s (0h:0m:1s left)
Iteration 360 / LogL: -9473.253 / Time: 0h:0m:27s (0h:0m:0s left)
TREE SEARCH COMPLETED AFTER 366 ITERATIONS / Time: 0h:0m:28s

--------------------------------------------------------------------
|                    FINALIZING TREE SEARCH                        |
--------------------------------------------------------------------
Performs final model parameters optimization
Estimate model parameters (epsilon = 0.010)
1. Initial log-likelihood: -9471.525
Optimal log-likelihood: -9471.524
Rate parameters:  A-C: 1.29765  A-G: 3.74992  A-T: 0.81432  C-G: 1.72296  C-T: 3.84256  G-T: 1.00000
Base frequencies:  A: 0.285  C: 0.235  G: 0.276  T: 0.204
Gamma shape alpha: 0.332
Parameters optimization took 1 rounds (0.016 sec)
BEST SCORE FOUND : -9471.524
Total tree length: 1.129

Total number of iterations: 366
CPU time used for tree search: 28.201 sec (0h:0m:28s)
Wall-clock time used for tree search: 28.051 sec (0h:0m:28s)
Total CPU time used: 28.392 sec (0h:0m:28s)
Total wall-clock time used: 28.223 sec (0h:0m:28s)

Analysis results written to: 
  IQ-TREE report:                /workspace/IQTree_JarvD5a_Results/exon_1020.iqtree
  Maximum-likelihood tree:       /workspace/IQTree_JarvD5a_Results/exon_1020.treefile
  Likelihood distances:          /workspace/IQTree_JarvD5a_Results/exon_1020.mldist
  Screen log file:               /workspace/IQTree_JarvD5a_Results/exon_1020.log

Date and Time: Wed May 27 09:41:26 2026
