IQ-TREE version 3.1.2 for Linux x86 64-bit built May  7 2026
Developed by Bui Quang Minh, Thomas Wong, Nhan Ly-Trong, Huaiyan Ren
Contributed by Lam-Tung Nguyen, Dominik Schrempf, Chris Bielow,
Olga Chernomor, Michael Woodhams, Diep Thi Hoang, Heiko Schmidt

Host:    8084c4e79f09 (AVX512, FMA3, 1133 GB RAM)
Command: /workspace/iqtree-3.1.2-Linux/bin/iqtree3_intel -s /workspace/NeuralNJ/empirical/JarvD5a/exon_5699.fasta -st DNA -m GTR+G -seed 2201 -pre /workspace/IQTree_JarvD5a_Results/exon_5699 -quiet
Seed:    2201 (Using SPRNG - Scalable Parallel Random Number Generator)
Time:    Thu May 28 03:58:08 2026
Kernel:  AVX+FMA - 1 threads (384 CPU cores detected)

HINT: Use -nt option to specify number of threads because your CPU has 384 cores!
HINT: -nt AUTO will automatically determine the best number of threads to use.

Reading alignment file /workspace/NeuralNJ/empirical/JarvD5a/exon_5699.fasta ... Fasta format detected
Reading fasta file: done in 0.000863075 secs using 28.62% CPU
Alignment most likely contains DNA/RNA sequences
Constructing alignment: done in 0.00234294 secs using 77.72% CPU
WARNING: 4 sites contain only gaps or ambiguous characters.
Alignment has 48 sequences with 2022 columns, 210 distinct patterns
81 parsimony-informative, 93 singleton sites, 1848 constant sites
       Gap/Ambiguity  Composition  p-value
Analyzing sequences: done in 1.69277e-05 secs using 100.4% CPU
   1  ACACH    5.74%    passed     96.36%
   2  ANAPL    1.78%    passed     99.70%
   3  APAVI    5.64%    passed     96.28%
   4  APTFO    1.78%    passed     99.51%
   5  BALRE    1.78%    passed     99.83%
   6  BUCRH    6.03%    passed     98.30%
   7  CALAN    1.78%    passed     99.68%
   8  CAPCA   17.71%    passed     85.67%
   9  CARCR    1.78%    passed     99.56%
  10  CATAU    5.64%    passed     99.39%
  11  CHAPE    1.78%    passed     99.27%
  12  CHAVO    3.46%    passed     99.79%
  13  CHLUN    2.32%    passed     99.82%
  14  COLLI    2.67%    passed     99.94%
  15  COLST    1.78%    passed    100.00%
  16  CORBR    5.93%    passed     84.38%
  17  CUCCA    2.08%    passed     99.27%
  18  EGRGA    1.78%    passed     98.88%
  19  EURHE    5.04%    passed     99.61%
  20  FALPE    1.78%    passed     99.70%
  21  FULGL    2.27%    passed     99.55%
  22  GALGA    1.38%    passed     99.83%
  23  GAVST    2.13%    passed     99.94%
  24  GEOFO    1.78%    passed     98.29%
  25  HALAL    1.98%    passed     99.75%
  26  HALLE    1.29%    passed     99.10%
  27  LEPDI    1.78%    passed     99.92%
  28  MANVI    1.88%    passed     97.85%
  29  MELGA   10.58%    passed     67.25%
  30  MELUN    1.78%    passed     99.99%
  31  MERNU    1.78%    passed     98.13%
  32  MESUN    2.18%    passed     98.88%
  33  NESNO    6.68%    passed     95.80%
  34  NIPNI    2.57%    passed     99.50%
  35  OPHHO   12.76%    passed     91.79%
  36  PELCR    2.08%    passed     99.83%
  37  PHACA    5.64%    passed     98.96%
  38  PHALE    2.42%    passed     99.32%
  39  PHORU    2.77%    passed     99.95%
  40  PICPU    1.48%    passed     99.99%
  41  PODCR    5.34%    passed     99.06%
  42  PTEGU    3.46%    passed     99.88%
  43  PYGAD    1.78%    passed     99.37%
  44  STRCA    2.57%    passed     99.82%
  45  TAEGU    1.78%    passed     95.51%
  46  TAUER    2.18%    passed     99.86%
  47  TINMA    2.97%    passed     93.53%
  48  TYTAL    5.93%    passed     98.50%
****  TOTAL    3.57%  0 sequences failed composition chi2 test (p-value<5%; df=3)
Checking for duplicate sequences: done in 0.000109911 secs using 99.17% CPU

Create initial parsimony tree by phylogenetic likelihood library (PLL)... 0.001 seconds

NOTE: 1 MB RAM (0 GB) is required!
Estimate model parameters (epsilon = 0.100)
1. Initial log-likelihood: -5397.285
2. Current log-likelihood: -5191.919
3. Current log-likelihood: -5184.638
Optimal log-likelihood: -5184.617
Rate parameters:  A-C: 1.88096  A-G: 1.65708  A-T: 0.99384  C-G: 0.87308  C-T: 5.69208  G-T: 1.00000
Base frequencies:  A: 0.290  C: 0.206  G: 0.255  T: 0.248
Gamma shape alpha: 0.020
Parameters optimization took 3 rounds (0.052 sec)
Wrote distance file to... 
Computing ML distances based on estimated model parameters...
Calculating distance matrix: done in 0.00759387 secs using 100% CPU
Computing ML distances took 0.007672 sec (of wall-clock time) 0.007671 sec (of CPU time)
Setting up auxiliary I and S matrices: done in 0.000260115 secs using 82.66% CPU
Constructing RapidNJ tree: done in 0.00049901 secs using 214.2% CPU
Computing RapidNJ tree took 0.000838 sec (of wall-clock time) 0.001360 sec (of CPU time)
Log-likelihood of RapidNJ tree: -5260.796
--------------------------------------------------------------------
|             INITIALIZING CANDIDATE TREE SET                      |
--------------------------------------------------------------------
Generating 98 parsimony trees... 0.126 second
Computing log-likelihood of 98 initial trees ... 0.168 seconds
Current best score: -5174.924

Do NNI search on 20 best initial trees
Estimate model parameters (epsilon = 0.100)
BETTER TREE FOUND at iteration 1: -5170.490
Estimate model parameters (epsilon = 0.100)
BETTER TREE FOUND at iteration 2: -5168.251
Iteration 10 / LogL: -5171.468 / Time: 0h:0m:0s
Iteration 20 / LogL: -5176.909 / Time: 0h:0m:0s
Finish initializing candidate tree set (20)
Current best tree score: -5168.251 / CPU time: 0.767
Number of iterations: 20
--------------------------------------------------------------------
|               OPTIMIZING CANDIDATE TREE SET                      |
--------------------------------------------------------------------
Iteration 30 / LogL: -5168.463 / Time: 0h:0m:1s (0h:0m:2s left)
Iteration 40 / LogL: -5177.830 / Time: 0h:0m:1s (0h:0m:2s left)
Estimate model parameters (epsilon = 0.100)
BETTER TREE FOUND at iteration 49: -5168.083
Iteration 50 / LogL: -5170.547 / Time: 0h:0m:1s (0h:0m:3s left)
BETTER TREE FOUND at iteration 52: -5168.079
Iteration 60 / LogL: -5172.281 / Time: 0h:0m:2s (0h:0m:3s left)
Iteration 70 / LogL: -5170.091 / Time: 0h:0m:2s (0h:0m:2s left)
Iteration 80 / LogL: -5171.216 / Time: 0h:0m:2s (0h:0m:2s left)
BETTER TREE FOUND at iteration 82: -5168.078
Iteration 90 / LogL: -5168.081 / Time: 0h:0m:2s (0h:0m:2s left)
Iteration 100 / LogL: -5168.081 / Time: 0h:0m:3s (0h:0m:2s left)
Iteration 110 / LogL: -5168.080 / Time: 0h:0m:3s (0h:0m:2s left)
BETTER TREE FOUND at iteration 117: -5168.078
Iteration 120 / LogL: -5178.405 / Time: 0h:0m:3s (0h:0m:3s left)
Iteration 130 / LogL: -5168.084 / Time: 0h:0m:4s (0h:0m:2s left)
Iteration 140 / LogL: -5173.605 / Time: 0h:0m:4s (0h:0m:2s left)
BETTER TREE FOUND at iteration 148: -5168.078
Iteration 150 / LogL: -5168.081 / Time: 0h:0m:4s (0h:0m:3s left)
Iteration 160 / LogL: -5168.079 / Time: 0h:0m:4s (0h:0m:2s left)
Iteration 170 / LogL: -5168.083 / Time: 0h:0m:5s (0h:0m:2s left)
Iteration 180 / LogL: -5168.452 / Time: 0h:0m:5s (0h:0m:2s left)
BETTER TREE FOUND at iteration 181: -5168.077
Iteration 190 / LogL: -5170.360 / Time: 0h:0m:5s (0h:0m:2s left)
UPDATE BEST LOG-LIKELIHOOD: -5168.077
Iteration 200 / LogL: -5168.261 / Time: 0h:0m:5s (0h:0m:2s left)
Iteration 210 / LogL: -5175.612 / Time: 0h:0m:6s (0h:0m:2s left)
Iteration 220 / LogL: -5170.362 / Time: 0h:0m:6s (0h:0m:1s left)
Iteration 230 / LogL: -5219.786 / Time: 0h:0m:6s (0h:0m:1s left)
Iteration 240 / LogL: -5168.082 / Time: 0h:0m:7s (0h:0m:1s left)
Iteration 250 / LogL: -5176.131 / Time: 0h:0m:7s (0h:0m:0s left)
Iteration 260 / LogL: -5168.078 / Time: 0h:0m:7s (0h:0m:0s left)
Iteration 270 / LogL: -5174.102 / Time: 0h:0m:7s (0h:0m:0s left)
Iteration 280 / LogL: -5173.147 / Time: 0h:0m:8s (0h:0m:0s left)
TREE SEARCH COMPLETED AFTER 282 ITERATIONS / Time: 0h:0m:8s

--------------------------------------------------------------------
|                    FINALIZING TREE SEARCH                        |
--------------------------------------------------------------------
Performs final model parameters optimization
Estimate model parameters (epsilon = 0.010)
1. Initial log-likelihood: -5168.077
Optimal log-likelihood: -5168.073
Rate parameters:  A-C: 1.81068  A-G: 1.71524  A-T: 0.97889  C-G: 0.87299  C-T: 5.62317  G-T: 1.00000
Base frequencies:  A: 0.290  C: 0.206  G: 0.255  T: 0.248
Gamma shape alpha: 0.020
Parameters optimization took 1 rounds (0.009 sec)
BEST SCORE FOUND : -5168.073
Total tree length: 0.251

Total number of iterations: 282
CPU time used for tree search: 7.808 sec (0h:0m:7s)
Wall-clock time used for tree search: 8.253 sec (0h:0m:8s)
Total CPU time used: 7.897 sec (0h:0m:7s)
Total wall-clock time used: 8.337 sec (0h:0m:8s)

Analysis results written to: 
  IQ-TREE report:                /workspace/IQTree_JarvD5a_Results/exon_5699.iqtree
  Maximum-likelihood tree:       /workspace/IQTree_JarvD5a_Results/exon_5699.treefile
  Likelihood distances:          /workspace/IQTree_JarvD5a_Results/exon_5699.mldist
  Screen log file:               /workspace/IQTree_JarvD5a_Results/exon_5699.log

Date and Time: Thu May 28 03:58:17 2026
