IQ-TREE version 3.1.2 for Linux x86 64-bit built May  7 2026
Developed by Bui Quang Minh, Thomas Wong, Nhan Ly-Trong, Huaiyan Ren
Contributed by Lam-Tung Nguyen, Dominik Schrempf, Chris Bielow,
Olga Chernomor, Michael Woodhams, Diep Thi Hoang, Heiko Schmidt

Host:    8084c4e79f09 (AVX512, FMA3, 1133 GB RAM)
Command: /workspace/iqtree-3.1.2-Linux/bin/iqtree3_intel -s /workspace/NeuralNJ/empirical/JarvD5a/exon_7845.fasta -st DNA -m GTR+G -seed 2201 -pre /workspace/IQTree_JarvD5a_Results/exon_7845 -quiet
Seed:    2201 (Using SPRNG - Scalable Parallel Random Number Generator)
Time:    Thu May 28 06:49:40 2026
Kernel:  AVX+FMA - 1 threads (384 CPU cores detected)

HINT: Use -nt option to specify number of threads because your CPU has 384 cores!
HINT: -nt AUTO will automatically determine the best number of threads to use.

Reading alignment file /workspace/NeuralNJ/empirical/JarvD5a/exon_7845.fasta ... Fasta format detected
Reading fasta file: done in 0.00142598 secs using 69.78% CPU
Alignment most likely contains DNA/RNA sequences
Constructing alignment: done in 0.00302601 secs using 12.56% CPU
Alignment has 47 sequences with 2464 columns, 210 distinct patterns
74 parsimony-informative, 79 singleton sites, 2311 constant sites
       Gap/Ambiguity  Composition  p-value
Analyzing sequences: done in 1.69277e-05 secs using 100.4% CPU
   1  ACACH    1.22%    passed     99.92%
   2  ANAPL   21.35%    passed     65.87%
   3  APAVI   49.51%    passed     90.45%
   4  APTFO    1.22%    passed     99.95%
   5  BALRE    1.22%    passed     99.94%
   6  BUCRH    0.73%    passed     99.73%
   7  CALAN    6.49%    passed     87.10%
   8  CAPCA   18.34%    passed     98.03%
   9  CARCR    1.22%    passed     99.92%
  10  CATAU   79.79%    passed     88.93%
  11  CHAPE    3.08%    passed     98.97%
  12  CHAVO    1.22%    passed     99.38%
  13  CHLUN    1.22%    passed     99.99%
  14  COLLI    0.57%    passed     99.18%
  15  COLST    1.22%    passed     99.80%
  16  CORBR    0.57%    passed     99.74%
  17  CUCCA    1.22%    passed     99.99%
  18  EGRGA    1.46%    passed     99.95%
  19  EURHE    1.22%    passed     99.99%
  20  FALPE    1.22%    passed     99.39%
  21  FULGL    0.57%    passed     99.90%
  22  GALGA    1.14%    passed     99.99%
  23  GAVST    0.57%    passed     99.90%
  24  GEOFO    1.22%    passed    100.00%
  25  HALAL    0.57%    passed     99.40%
  26  HALLE    0.57%    passed     99.40%
  27  LEPDI    1.22%    passed     99.99%
  28  MANVI    1.22%    passed     99.94%
  29  MELGA    1.22%    passed     99.79%
  30  MELUN    1.22%    passed     99.84%
  31  MERNU    2.35%    passed     98.73%
  32  MESUN    2.92%    passed     99.46%
  33  NESNO    1.22%    passed     99.83%
  34  NIPNI    1.22%    passed     99.95%
  35  OPHHO    1.22%    passed    100.00%
  36  PHACA   11.77%    passed     99.96%
  37  PHALE    2.19%    passed     99.89%
  38  PHORU    1.22%    passed     99.98%
  39  PICPU    3.00%    passed     93.04%
  40  PODCR    0.97%    passed     99.79%
  41  PTEGU    0.57%    passed     99.68%
  42  PYGAD    1.22%    passed     99.95%
  43  STRCA    0.65%    passed     98.82%
  44  TAEGU    1.14%    passed     99.96%
  45  TAUER    0.57%    passed     99.84%
  46  TINMA    1.22%    passed     99.88%
  47  TYTAL    0.57%    passed     99.93%
WARNING: 1 sequences contain more than 50% gaps/ambiguity
****  TOTAL    5.05%  0 sequences failed composition chi2 test (p-value<5%; df=3)
NOTE: NIPNI is identical to APTFO but kept for subsequent analysis
NOTE: HALLE is identical to HALAL but kept for subsequent analysis
Checking for duplicate sequences: done in 0.000121117 secs using 99.9% CPU

Create initial parsimony tree by phylogenetic likelihood library (PLL)... 0.001 seconds

NOTE: 1 MB RAM (0 GB) is required!
Estimate model parameters (epsilon = 0.100)
1. Initial log-likelihood: -5636.332
2. Current log-likelihood: -5405.844
3. Current log-likelihood: -5330.617
4. Current log-likelihood: -5325.409
5. Current log-likelihood: -5324.844
Optimal log-likelihood: -5324.818
Rate parameters:  A-C: 4.65850  A-G: 0.75867  A-T: 0.50700  C-G: 0.48953  C-T: 17.34413  G-T: 1.00000
Base frequencies:  A: 0.285  C: 0.220  G: 0.258  T: 0.238
Gamma shape alpha: 0.020
Parameters optimization took 5 rounds (0.111 sec)
Wrote distance file to... 
Computing ML distances based on estimated model parameters...
Calculating distance matrix: done in 0.00620794 secs using 100% CPU
Computing ML distances took 0.006262 sec (of wall-clock time) 0.006262 sec (of CPU time)
Setting up auxiliary I and S matrices: done in 0.000111103 secs using 99.91% CPU
Constructing RapidNJ tree: done in 0.000197172 secs using 198.8% CPU
Computing RapidNJ tree took 0.000368 sec (of wall-clock time) 0.000837 sec (of CPU time)
Log-likelihood of RapidNJ tree: -5350.037
--------------------------------------------------------------------
|             INITIALIZING CANDIDATE TREE SET                      |
--------------------------------------------------------------------
Generating 98 parsimony trees... 0.113 second
Computing log-likelihood of 98 initial trees ... 0.136 seconds
Current best score: -5316.515

Do NNI search on 20 best initial trees
Estimate model parameters (epsilon = 0.100)
BETTER TREE FOUND at iteration 1: -5314.611
Iteration 10 / LogL: -5324.434 / Time: 0h:0m:0s
Estimate model parameters (epsilon = 0.100)
BETTER TREE FOUND at iteration 16: -5312.482
Iteration 20 / LogL: -5318.213 / Time: 0h:0m:0s
Finish initializing candidate tree set (20)
Current best tree score: -5312.482 / CPU time: 0.709
Number of iterations: 20
--------------------------------------------------------------------
|               OPTIMIZING CANDIDATE TREE SET                      |
--------------------------------------------------------------------
Estimate model parameters (epsilon = 0.100)
BETTER TREE FOUND at iteration 29: -5310.316
Iteration 30 / LogL: -5313.701 / Time: 0h:0m:1s (0h:0m:3s left)
Iteration 40 / LogL: -5315.517 / Time: 0h:0m:1s (0h:0m:3s left)
Estimate model parameters (epsilon = 0.100)
BETTER TREE FOUND at iteration 43: -5309.553
Iteration 50 / LogL: -5312.927 / Time: 0h:0m:1s (0h:0m:3s left)
Estimate model parameters (epsilon = 0.100)
BETTER TREE FOUND at iteration 60: -5309.478
Iteration 60 / LogL: -5309.478 / Time: 0h:0m:1s (0h:0m:3s left)
BETTER TREE FOUND at iteration 66: -5309.474
Iteration 70 / LogL: -5309.481 / Time: 0h:0m:2s (0h:0m:2s left)
BETTER TREE FOUND at iteration 74: -5309.474
Iteration 80 / LogL: -5309.479 / Time: 0h:0m:2s (0h:0m:2s left)
Iteration 90 / LogL: -5331.952 / Time: 0h:0m:2s (0h:0m:2s left)
Iteration 100 / LogL: -5309.606 / Time: 0h:0m:2s (0h:0m:2s left)
Iteration 110 / LogL: -5311.815 / Time: 0h:0m:3s (0h:0m:1s left)
BETTER TREE FOUND at iteration 119: -5309.474
Iteration 120 / LogL: -5312.709 / Time: 0h:0m:3s (0h:0m:2s left)
Iteration 130 / LogL: -5309.475 / Time: 0h:0m:3s (0h:0m:2s left)
Estimate model parameters (epsilon = 0.100)
BETTER TREE FOUND at iteration 131: -5308.611
Iteration 140 / LogL: -5309.532 / Time: 0h:0m:3s (0h:0m:2s left)
Iteration 150 / LogL: -5308.856 / Time: 0h:0m:4s (0h:0m:2s left)
Iteration 160 / LogL: -5308.617 / Time: 0h:0m:4s (0h:0m:1s left)
Iteration 170 / LogL: -5308.617 / Time: 0h:0m:4s (0h:0m:1s left)
Iteration 180 / LogL: -5308.616 / Time: 0h:0m:4s (0h:0m:1s left)
Iteration 190 / LogL: -5315.841 / Time: 0h:0m:5s (0h:0m:1s left)
Iteration 200 / LogL: -5327.874 / Time: 0h:0m:5s (0h:0m:0s left)
Iteration 210 / LogL: -5310.449 / Time: 0h:0m:5s (0h:0m:0s left)
Iteration 220 / LogL: -5345.084 / Time: 0h:0m:6s (0h:0m:0s left)
Iteration 230 / LogL: -5324.284 / Time: 0h:0m:6s (0h:0m:0s left)
BETTER TREE FOUND at iteration 232: -5308.611
Iteration 240 / LogL: -5312.953 / Time: 0h:0m:6s (0h:0m:2s left)
Iteration 250 / LogL: -5308.611 / Time: 0h:0m:6s (0h:0m:2s left)
BETTER TREE FOUND at iteration 254: -5308.611
Iteration 260 / LogL: -5308.616 / Time: 0h:0m:7s (0h:0m:2s left)
BETTER TREE FOUND at iteration 261: -5308.611
Iteration 270 / LogL: -5310.539 / Time: 0h:0m:7s (0h:0m:2s left)
Iteration 280 / LogL: -5308.615 / Time: 0h:0m:7s (0h:0m:2s left)
BETTER TREE FOUND at iteration 283: -5308.611
UPDATE BEST LOG-LIKELIHOOD: -5308.611
Iteration 290 / LogL: -5308.614 / Time: 0h:0m:7s (0h:0m:2s left)
Iteration 300 / LogL: -5309.529 / Time: 0h:0m:8s (0h:0m:2s left)
Iteration 310 / LogL: -5308.612 / Time: 0h:0m:8s (0h:0m:1s left)
BETTER TREE FOUND at iteration 316: -5308.611
Iteration 320 / LogL: -5308.619 / Time: 0h:0m:8s (0h:0m:2s left)
Iteration 330 / LogL: -5313.887 / Time: 0h:0m:8s (0h:0m:2s left)
Iteration 340 / LogL: -5332.355 / Time: 0h:0m:9s (0h:0m:2s left)
Iteration 350 / LogL: -5313.357 / Time: 0h:0m:9s (0h:0m:1s left)
Iteration 360 / LogL: -5308.611 / Time: 0h:0m:9s (0h:0m:1s left)
Iteration 370 / LogL: -5310.153 / Time: 0h:0m:9s (0h:0m:1s left)
UPDATE BEST LOG-LIKELIHOOD: -5308.610
Iteration 380 / LogL: -5308.610 / Time: 0h:0m:10s (0h:0m:0s left)
Iteration 390 / LogL: -5309.477 / Time: 0h:0m:10s (0h:0m:0s left)
Iteration 400 / LogL: -5309.485 / Time: 0h:0m:10s (0h:0m:0s left)
Iteration 410 / LogL: -5308.612 / Time: 0h:0m:10s (0h:0m:0s left)
TREE SEARCH COMPLETED AFTER 417 ITERATIONS / Time: 0h:0m:11s

--------------------------------------------------------------------
|                    FINALIZING TREE SEARCH                        |
--------------------------------------------------------------------
Performs final model parameters optimization
Estimate model parameters (epsilon = 0.010)
1. Initial log-likelihood: -5308.610
Optimal log-likelihood: -5308.609
Rate parameters:  A-C: 4.52760  A-G: 0.69882  A-T: 0.43130  C-G: 0.48586  C-T: 17.38076  G-T: 1.00000
Base frequencies:  A: 0.285  C: 0.220  G: 0.258  T: 0.238
Gamma shape alpha: 0.020
Parameters optimization took 1 rounds (0.008 sec)
BEST SCORE FOUND : -5308.609
Total tree length: 0.178

Total number of iterations: 417
CPU time used for tree search: 11.131 sec (0h:0m:11s)
Wall-clock time used for tree search: 10.965 sec (0h:0m:10s)
Total CPU time used: 11.279 sec (0h:0m:11s)
Total wall-clock time used: 11.106 sec (0h:0m:11s)

Analysis results written to: 
  IQ-TREE report:                /workspace/IQTree_JarvD5a_Results/exon_7845.iqtree
  Maximum-likelihood tree:       /workspace/IQTree_JarvD5a_Results/exon_7845.treefile
  Likelihood distances:          /workspace/IQTree_JarvD5a_Results/exon_7845.mldist
  Screen log file:               /workspace/IQTree_JarvD5a_Results/exon_7845.log

Date and Time: Thu May 28 06:49:51 2026
