IQ-TREE version 3.1.2 for Linux x86 64-bit built May  7 2026
Developed by Bui Quang Minh, Thomas Wong, Nhan Ly-Trong, Huaiyan Ren
Contributed by Lam-Tung Nguyen, Dominik Schrempf, Chris Bielow,
Olga Chernomor, Michael Woodhams, Diep Thi Hoang, Heiko Schmidt

Host:    8084c4e79f09 (AVX512, FMA3, 1133 GB RAM)
Command: /workspace/iqtree-3.1.2-Linux/bin/iqtree3_intel -s /workspace/NeuralNJ/empirical/JarvD5a/exon_9536.fasta -st DNA -m GTR+G -seed 2201 -pre /workspace/IQTree_JarvD5a_Results/exon_9536 -quiet
Seed:    2201 (Using SPRNG - Scalable Parallel Random Number Generator)
Time:    Thu May 28 10:39:41 2026
Kernel:  AVX+FMA - 1 threads (384 CPU cores detected)

HINT: Use -nt option to specify number of threads because your CPU has 384 cores!
HINT: -nt AUTO will automatically determine the best number of threads to use.

Reading alignment file /workspace/NeuralNJ/empirical/JarvD5a/exon_9536.fasta ... Fasta format detected
Reading fasta file: done in 0.000323057 secs using 31.57% CPU
Alignment most likely contains DNA/RNA sequences
Constructing alignment: done in 0.000719786 secs using 92.39% CPU
Alignment has 48 sequences with 422 columns, 260 distinct patterns
145 parsimony-informative, 77 singleton sites, 200 constant sites
       Gap/Ambiguity  Composition  p-value
Analyzing sequences: done in 3.00407e-05 secs
   1  ACACH    2.84%    passed     97.49%
   2  ANAPL    2.84%    passed     95.23%
   3  APAVI    2.84%    passed     71.17%
   4  APTFO   13.74%    passed     94.92%
   5  BALRE    9.95%    passed     81.29%
   6  BUCRH    3.79%    passed     96.09%
   7  CALAN    3.32%    passed     97.14%
   8  CAPCA    2.84%    passed     98.20%
   9  CARCR    2.84%    passed     99.28%
  10  CATAU   10.43%    passed     80.48%
  11  CHAPE    2.84%    passed     79.48%
  12  CHAVO    3.32%    passed     84.55%
  13  CHLUN   10.43%    passed     62.59%
  14  COLLI    2.84%    passed     89.02%
  15  COLST   38.39%    passed     95.30%
  16  CORBR    2.84%    passed     94.86%
  17  CUCCA    2.84%    passed     96.88%
  18  EGRGA    2.84%    passed     97.86%
  19  EURHE    3.79%    passed     93.86%
  20  FALPE    3.32%    passed     99.20%
  21  FULGL    3.32%    passed     99.89%
  22  GALGA   16.11%    passed     29.17%
  23  GAVST   11.37%    passed     75.92%
  24  GEOFO    4.27%    passed     99.90%
  25  HALAL    9.95%    passed     84.65%
  26  HALLE    9.95%    passed     84.65%
  27  LEPDI    2.84%    passed     92.10%
  28  MANVI    2.84%    passed     94.15%
  29  MELGA   23.22%    passed     22.08%
  30  MELUN    3.79%    passed     91.39%
  31  MERNU    2.37%    passed     99.96%
  32  MESUN    3.32%    passed     99.06%
  33  NESNO    3.79%    passed     92.56%
  34  NIPNI    2.84%    passed     98.71%
  35  OPHHO   24.64%    passed     34.94%
  36  PELCR    2.84%    passed     97.87%
  37  PHACA    2.84%    passed     97.68%
  38  PHALE    9.95%    passed     87.19%
  39  PHORU    2.84%    passed     92.16%
  40  PICPU    2.84%    passed     98.48%
  41  PODCR   13.27%    passed     95.67%
  42  PTEGU    2.84%    passed     83.04%
  43  PYGAD   13.74%    passed     97.78%
  44  STRCA   27.49%    passed     62.61%
  45  TAEGU    2.84%    passed     94.45%
  46  TAUER    2.37%    passed     97.19%
  47  TINMA    2.84%    passed     95.23%
  48  TYTAL   36.97%    passed     86.14%
****  TOTAL    7.86%  0 sequences failed composition chi2 test (p-value<5%; df=3)
NOTE: HALLE is identical to HALAL but kept for subsequent analysis
Checking for duplicate sequences: done in 0.000156164 secs

Create initial parsimony tree by phylogenetic likelihood library (PLL)... 0.002 seconds

NOTE: 1 MB RAM (0 GB) is required!
Estimate model parameters (epsilon = 0.100)
1. Initial log-likelihood: -3995.430
2. Current log-likelihood: -3791.655
3. Current log-likelihood: -3790.634
Optimal log-likelihood: -3790.629
Rate parameters:  A-C: 0.67249  A-G: 3.86909  A-T: 0.52038  C-G: 1.21429  C-T: 4.03090  G-T: 1.00000
Base frequencies:  A: 0.290  C: 0.373  G: 0.172  T: 0.166
Gamma shape alpha: 0.540
Parameters optimization took 3 rounds (0.067 sec)
Wrote distance file to... 
Computing ML distances based on estimated model parameters...
Calculating distance matrix: done in 0.00576711 secs using 100% CPU
Computing ML distances took 0.005828 sec (of wall-clock time) 0.005827 sec (of CPU time)
Setting up auxiliary I and S matrices: done in 0.000268936 secs using 169.2% CPU
Constructing RapidNJ tree: done in 0.000492096 secs using 228% CPU
Computing RapidNJ tree took 0.000841 sec (of wall-clock time) 0.001675 sec (of CPU time)
Log-likelihood of RapidNJ tree: -3805.810
--------------------------------------------------------------------
|             INITIALIZING CANDIDATE TREE SET                      |
--------------------------------------------------------------------
Generating 98 parsimony trees... 0.151 second
Computing log-likelihood of 98 initial trees ... 0.167 seconds
Current best score: -3778.406

Do NNI search on 20 best initial trees
Estimate model parameters (epsilon = 0.100)
BETTER TREE FOUND at iteration 1: -3776.308
Iteration 10 / LogL: -3787.148 / Time: 0h:0m:0s
Iteration 20 / LogL: -3785.946 / Time: 0h:0m:1s
Finish initializing candidate tree set (20)
Current best tree score: -3776.308 / CPU time: 0.915
Number of iterations: 20
--------------------------------------------------------------------
|               OPTIMIZING CANDIDATE TREE SET                      |
--------------------------------------------------------------------
Estimate model parameters (epsilon = 0.100)
BETTER TREE FOUND at iteration 24: -3775.790
Estimate model parameters (epsilon = 0.100)
BETTER TREE FOUND at iteration 30: -3775.189
Iteration 30 / LogL: -3775.189 / Time: 0h:0m:1s (0h:0m:4s left)
Estimate model parameters (epsilon = 0.100)
BETTER TREE FOUND at iteration 37: -3775.001
Estimate model parameters (epsilon = 0.100)
BETTER TREE FOUND at iteration 38: -3774.731
Iteration 40 / LogL: -3775.493 / Time: 0h:0m:1s (0h:0m:4s left)
Estimate model parameters (epsilon = 0.100)
BETTER TREE FOUND at iteration 47: -3774.228
Iteration 50 / LogL: -3776.429 / Time: 0h:0m:2s (0h:0m:4s left)
BETTER TREE FOUND at iteration 56: -3774.228
Iteration 60 / LogL: -3774.733 / Time: 0h:0m:2s (0h:0m:4s left)
Estimate model parameters (epsilon = 0.100)
BETTER TREE FOUND at iteration 69: -3773.499
Iteration 70 / LogL: -3775.945 / Time: 0h:0m:2s (0h:0m:4s left)
BETTER TREE FOUND at iteration 71: -3773.499
BETTER TREE FOUND at iteration 80: -3773.498
Iteration 80 / LogL: -3773.498 / Time: 0h:0m:3s (0h:0m:4s left)
UPDATE BEST LOG-LIKELIHOOD: -3773.498
Iteration 90 / LogL: -3773.498 / Time: 0h:0m:3s (0h:0m:3s left)
Iteration 100 / LogL: -3775.106 / Time: 0h:0m:4s (0h:0m:3s left)
Iteration 110 / LogL: -3773.500 / Time: 0h:0m:4s (0h:0m:2s left)
Estimate model parameters (epsilon = 0.100)
BETTER TREE FOUND at iteration 115: -3773.449
Iteration 120 / LogL: -3775.329 / Time: 0h:0m:4s (0h:0m:3s left)
BETTER TREE FOUND at iteration 124: -3773.449
Iteration 130 / LogL: -3774.360 / Time: 0h:0m:5s (0h:0m:3s left)
UPDATE BEST LOG-LIKELIHOOD: -3773.449
Iteration 140 / LogL: -3773.659 / Time: 0h:0m:5s (0h:0m:3s left)
UPDATE BEST LOG-LIKELIHOOD: -3773.449
UPDATE BEST LOG-LIKELIHOOD: -3773.448
Iteration 150 / LogL: -3773.449 / Time: 0h:0m:5s (0h:0m:2s left)
Iteration 160 / LogL: -3773.449 / Time: 0h:0m:6s (0h:0m:2s left)
Iteration 170 / LogL: -3773.449 / Time: 0h:0m:6s (0h:0m:2s left)
Iteration 180 / LogL: -3821.952 / Time: 0h:0m:6s (0h:0m:1s left)
Iteration 190 / LogL: -3774.211 / Time: 0h:0m:7s (0h:0m:1s left)
Iteration 200 / LogL: -3776.014 / Time: 0h:0m:7s (0h:0m:0s left)
Iteration 210 / LogL: -3774.972 / Time: 0h:0m:8s (0h:0m:0s left)
UPDATE BEST LOG-LIKELIHOOD: -3773.448
Iteration 220 / LogL: -3773.449 / Time: 0h:0m:8s (0h:0m:0s left)
TREE SEARCH COMPLETED AFTER 225 ITERATIONS / Time: 0h:0m:8s

--------------------------------------------------------------------
|                    FINALIZING TREE SEARCH                        |
--------------------------------------------------------------------
Performs final model parameters optimization
Estimate model parameters (epsilon = 0.010)
1. Initial log-likelihood: -3773.448
Optimal log-likelihood: -3773.448
Rate parameters:  A-C: 0.63005  A-G: 3.61108  A-T: 0.47843  C-G: 1.11211  C-T: 3.72705  G-T: 1.00000
Base frequencies:  A: 0.290  C: 0.373  G: 0.172  T: 0.166
Gamma shape alpha: 0.538
Parameters optimization took 1 rounds (0.007 sec)
BEST SCORE FOUND : -3773.448
Total tree length: 1.784

Total number of iterations: 225
CPU time used for tree search: 8.744 sec (0h:0m:8s)
Wall-clock time used for tree search: 8.581 sec (0h:0m:8s)
Total CPU time used: 8.848 sec (0h:0m:8s)
Total wall-clock time used: 8.682 sec (0h:0m:8s)

Analysis results written to: 
  IQ-TREE report:                /workspace/IQTree_JarvD5a_Results/exon_9536.iqtree
  Maximum-likelihood tree:       /workspace/IQTree_JarvD5a_Results/exon_9536.treefile
  Likelihood distances:          /workspace/IQTree_JarvD5a_Results/exon_9536.mldist
  Screen log file:               /workspace/IQTree_JarvD5a_Results/exon_9536.log

Date and Time: Thu May 28 10:39:50 2026
