IQ-TREE version 3.1.2 for Linux x86 64-bit built May  7 2026
Developed by Bui Quang Minh, Thomas Wong, Nhan Ly-Trong, Huaiyan Ren
Contributed by Lam-Tung Nguyen, Dominik Schrempf, Chris Bielow,
Olga Chernomor, Michael Woodhams, Diep Thi Hoang, Heiko Schmidt

Host:    8084c4e79f09 (AVX512, FMA3, 1133 GB RAM)
Command: /workspace/iqtree-3.1.2-Linux/bin/iqtree3_intel -s /workspace/NeuralNJ/empirical/JarvD5a/exon_1131.fasta -st DNA -m GTR+G -seed 2201 -pre /workspace/IQTree_JarvD5a_Results/exon_1131 -quiet
Seed:    2201 (Using SPRNG - Scalable Parallel Random Number Generator)
Time:    Wed May 27 12:39:16 2026
Kernel:  AVX+FMA - 1 threads (384 CPU cores detected)

HINT: Use -nt option to specify number of threads because your CPU has 384 cores!
HINT: -nt AUTO will automatically determine the best number of threads to use.

Reading alignment file /workspace/NeuralNJ/empirical/JarvD5a/exon_1131.fasta ... Fasta format detected
Reading fasta file: done in 0.000455141 secs using 33.4% CPU
Alignment most likely contains DNA/RNA sequences
Constructing alignment: done in 0.00119305 secs using 59.09% CPU
Alignment has 42 sequences with 810 columns, 257 distinct patterns
125 parsimony-informative, 96 singleton sites, 589 constant sites
       Gap/Ambiguity  Composition  p-value
Analyzing sequences: done in 2.5034e-05 secs using 35.95% CPU
   1  ACACH   27.41%    passed     76.03%
   2  ANAPL    9.14%    passed     95.56%
   3  APAVI   30.37%    passed     91.71%
   4  APTFO    9.38%    passed     96.92%
   5  BALRE   27.41%    passed     93.85%
   6  BUCRH   26.91%    passed     92.84%
   7  CALAN    8.89%    passed     87.34%
   8  CAPCA   20.25%    passed     85.06%
   9  CARCR   27.41%    passed     93.49%
  10  CATAU   27.41%    passed     94.62%
  11  CHAPE   27.41%    passed     99.62%
  12  CHAVO    4.94%    passed     57.54%
  13  CHLUN   27.41%    passed     98.07%
  14  COLLI   10.62%    passed     95.85%
  15  COLST   28.40%    passed     98.67%
  16  CORBR   10.37%    passed     93.73%
  17  CUCCA    5.68%    passed     48.78%
  18  EURHE   27.41%    passed     98.59%
  19  FALPE    4.69%    passed     76.33%
  20  FULGL   27.41%    passed     96.88%
  21  GALGA    0.99%    passed     60.58%
  22  GEOFO   28.40%    passed     89.45%
  23  HALAL   27.41%    passed     94.62%
  24  HALLE   11.60%    passed     93.06%
  25  LEPDI   27.41%    passed     97.27%
  26  MANVI   18.77%    passed     97.63%
  27  MELUN   10.37%    passed     97.59%
  28  MERNU   28.89%    passed     98.69%
  29  MESUN   27.41%    passed     96.63%
  30  NESNO   28.40%    passed     91.79%
  31  NIPNI    9.63%    passed     85.29%
  32  OPHHO   32.59%    passed     90.53%
  33  PELCR   27.41%    passed     94.98%
  34  PHACA   27.65%    passed     92.26%
  35  PHALE   27.41%    passed     99.14%
  36  PHORU   28.40%    passed     99.72%
  37  PICPU   26.91%    passed     93.95%
  38  PODCR   28.40%    passed     99.84%
  39  PYGAD    9.88%    passed     97.71%
  40  TAEGU    1.73%    passed     83.27%
  41  TAUER   27.41%    passed     98.97%
  42  TYTAL   27.41%    passed     95.23%
****  TOTAL   20.79%  0 sequences failed composition chi2 test (p-value<5%; df=3)
Checking for duplicate sequences: done in 0.000128984 secs using 82.96% CPU

Create initial parsimony tree by phylogenetic likelihood library (PLL)... 0.002 seconds

NOTE: 1 MB RAM (0 GB) is required!
Estimate model parameters (epsilon = 0.100)
1. Initial log-likelihood: -3460.085
2. Current log-likelihood: -3319.944
3. Current log-likelihood: -3314.464
Optimal log-likelihood: -3314.432
Rate parameters:  A-C: 1.52275  A-G: 2.97856  A-T: 0.68723  C-G: 1.32246  C-T: 3.18386  G-T: 1.00000
Base frequencies:  A: 0.259  C: 0.277  G: 0.257  T: 0.207
Gamma shape alpha: 0.203
Parameters optimization took 3 rounds (0.054 sec)
Wrote distance file to... 
Computing ML distances based on estimated model parameters...
Calculating distance matrix: done in 0.004421 secs using 100% CPU
Computing ML distances took 0.004465 sec (of wall-clock time) 0.004466 sec (of CPU time)
Setting up auxiliary I and S matrices: done in 0.000100136 secs using 287.6% CPU
Constructing RapidNJ tree: done in 0.0001719 secs using 100.1% CPU
Computing RapidNJ tree took 0.000334 sec (of wall-clock time) 0.000522 sec (of CPU time)
Log-likelihood of RapidNJ tree: -3357.731
--------------------------------------------------------------------
|             INITIALIZING CANDIDATE TREE SET                      |
--------------------------------------------------------------------
Generating 98 parsimony trees... 0.117 second
Computing log-likelihood of 98 initial trees ... 0.150 seconds
Current best score: -3287.252

Do NNI search on 20 best initial trees
Estimate model parameters (epsilon = 0.100)
BETTER TREE FOUND at iteration 1: -3281.462
Estimate model parameters (epsilon = 0.100)
BETTER TREE FOUND at iteration 2: -3278.778
Iteration 10 / LogL: -3289.106 / Time: 0h:0m:0s
Iteration 20 / LogL: -3290.139 / Time: 0h:0m:1s
Finish initializing candidate tree set (20)
Current best tree score: -3278.778 / CPU time: 1.246
Number of iterations: 20
--------------------------------------------------------------------
|               OPTIMIZING CANDIDATE TREE SET                      |
--------------------------------------------------------------------
Iteration 30 / LogL: -3282.192 / Time: 0h:0m:1s (0h:0m:4s left)
Estimate model parameters (epsilon = 0.100)
BETTER TREE FOUND at iteration 39: -3278.632
Estimate model parameters (epsilon = 0.100)
BETTER TREE FOUND at iteration 40: -3276.649
Iteration 40 / LogL: -3276.649 / Time: 0h:0m:2s (0h:0m:6s left)
Estimate model parameters (epsilon = 0.100)
BETTER TREE FOUND at iteration 42: -3275.936
Iteration 50 / LogL: -3276.661 / Time: 0h:0m:2s (0h:0m:5s left)
Estimate model parameters (epsilon = 0.100)
BETTER TREE FOUND at iteration 56: -3275.752
Iteration 60 / LogL: -3285.149 / Time: 0h:0m:3s (0h:0m:5s left)
Iteration 70 / LogL: -3285.582 / Time: 0h:0m:3s (0h:0m:4s left)
Iteration 80 / LogL: -3275.754 / Time: 0h:0m:3s (0h:0m:3s left)
Iteration 90 / LogL: -3280.524 / Time: 0h:0m:4s (0h:0m:3s left)
Iteration 100 / LogL: -3276.651 / Time: 0h:0m:4s (0h:0m:2s left)
Iteration 110 / LogL: -3279.451 / Time: 0h:0m:5s (0h:0m:2s left)
Iteration 120 / LogL: -3279.531 / Time: 0h:0m:5s (0h:0m:1s left)
Iteration 130 / LogL: -3275.754 / Time: 0h:0m:5s (0h:0m:1s left)
Iteration 140 / LogL: -3275.753 / Time: 0h:0m:6s (0h:0m:0s left)
Iteration 150 / LogL: -3278.959 / Time: 0h:0m:6s (0h:0m:0s left)
UPDATE BEST LOG-LIKELIHOOD: -3275.752
TREE SEARCH COMPLETED AFTER 157 ITERATIONS / Time: 0h:0m:7s

--------------------------------------------------------------------
|                    FINALIZING TREE SEARCH                        |
--------------------------------------------------------------------
Performs final model parameters optimization
Estimate model parameters (epsilon = 0.010)
1. Initial log-likelihood: -3275.752
Optimal log-likelihood: -3275.751
Rate parameters:  A-C: 1.46836  A-G: 2.94948  A-T: 0.69443  C-G: 1.31788  C-T: 3.24501  G-T: 1.00000
Base frequencies:  A: 0.259  C: 0.277  G: 0.257  T: 0.207
Gamma shape alpha: 0.209
Parameters optimization took 1 rounds (0.006 sec)
BEST SCORE FOUND : -3275.751
Total tree length: 0.808

Total number of iterations: 157
CPU time used for tree search: 6.562 sec (0h:0m:6s)
Wall-clock time used for tree search: 7.006 sec (0h:0m:7s)
Total CPU time used: 6.652 sec (0h:0m:6s)
Total wall-clock time used: 7.089 sec (0h:0m:7s)

Analysis results written to: 
  IQ-TREE report:                /workspace/IQTree_JarvD5a_Results/exon_1131.iqtree
  Maximum-likelihood tree:       /workspace/IQTree_JarvD5a_Results/exon_1131.treefile
  Likelihood distances:          /workspace/IQTree_JarvD5a_Results/exon_1131.mldist
  Screen log file:               /workspace/IQTree_JarvD5a_Results/exon_1131.log

Date and Time: Wed May 27 12:39:24 2026
