IQ-TREE version 3.1.2 for Linux x86 64-bit built May  7 2026
Developed by Bui Quang Minh, Thomas Wong, Nhan Ly-Trong, Huaiyan Ren
Contributed by Lam-Tung Nguyen, Dominik Schrempf, Chris Bielow,
Olga Chernomor, Michael Woodhams, Diep Thi Hoang, Heiko Schmidt

Host:    8084c4e79f09 (AVX512, FMA3, 1133 GB RAM)
Command: /workspace/iqtree-3.1.2-Linux/bin/iqtree3_intel -s /workspace/NeuralNJ/empirical/JarvD5a/exon_10835.fasta -st DNA -m GTR+G -seed 2201 -pre /workspace/IQTree_JarvD5a_Results/exon_10835 -quiet
Seed:    2201 (Using SPRNG - Scalable Parallel Random Number Generator)
Time:    Wed May 27 11:18:18 2026
Kernel:  AVX+FMA - 1 threads (384 CPU cores detected)

HINT: Use -nt option to specify number of threads because your CPU has 384 cores!
HINT: -nt AUTO will automatically determine the best number of threads to use.

Reading alignment file /workspace/NeuralNJ/empirical/JarvD5a/exon_10835.fasta ... Fasta format detected
Reading fasta file: done in 0.000426054 secs using 22.3% CPU
Alignment most likely contains DNA/RNA sequences
Constructing alignment: done in 0.000946045 secs using 76.32% CPU
Alignment has 47 sequences with 674 columns, 136 distinct patterns
47 parsimony-informative, 42 singleton sites, 585 constant sites
       Gap/Ambiguity  Composition  p-value
Analyzing sequences: done in 1.40667e-05 secs
   1  ACACH   35.01%    passed     94.52%
   2  ANAPL    8.31%    passed     79.86%
   3  APAVI   35.31%    passed     97.46%
   4  APTFO    0.89%    passed     58.07%
   5  BALRE   35.31%    passed     97.15%
   6  BUCRH   35.31%    passed     96.65%
   7  CALAN   35.31%    passed     98.86%
   8  CAPCA   35.31%    passed     95.42%
   9  CARCR   35.31%    passed     97.15%
  10  CATAU   35.31%    passed     97.15%
  11  CHAPE   35.31%    passed     97.46%
  12  CHAVO   29.67%    passed     89.82%
  13  COLLI   21.81%    passed     98.29%
  14  COLST   35.31%    passed     88.90%
  15  CORBR   10.98%    passed     97.21%
  16  CUCCA   14.54%    passed     95.80%
  17  EGRGA    5.34%    passed     70.30%
  18  EURHE   35.31%    passed     95.10%
  19  FALPE    0.30%    passed     72.45%
  20  FULGL   35.01%    passed     97.99%
  21  GALGA    0.30%    passed     44.82%
  22  GAVST   29.67%    passed     93.32%
  23  GEOFO    6.97%    passed     92.68%
  24  HALAL   35.31%    passed     97.15%
  25  HALLE   35.31%    passed     97.15%
  26  LEPDI   11.87%    passed     97.98%
  27  MANVI    0.30%    passed     69.03%
  28  MELGA   35.31%    passed     95.42%
  29  MELUN    0.30%    passed     65.46%
  30  MERNU   35.31%    passed     87.62%
  31  MESUN   33.83%    passed     81.25%
  32  NESNO   35.31%    passed     91.55%
  33  NIPNI   35.31%    passed     96.20%
  34  OPHHO   35.31%    passed     84.77%
  35  PELCR   35.31%    passed     98.09%
  36  PHACA   35.31%    passed     91.43%
  37  PHALE   35.31%    passed     94.87%
  38  PHORU   35.01%    passed     96.87%
  39  PICPU    0.30%    passed     66.74%
  40  PODCR   35.31%    passed     95.04%
  41  PTEGU   29.67%    passed     94.64%
  42  PYGAD    8.90%    passed     96.28%
  43  STRCA    5.34%    passed     75.99%
  44  TAEGU    0.30%    passed     77.27%
  45  TAUER   35.31%    passed     98.30%
  46  TINMA   35.31%    passed     97.15%
  47  TYTAL   35.31%    passed     95.10%
****  TOTAL   24.94%  0 sequences failed composition chi2 test (p-value<5%; df=3)
NOTE: CARCR is identical to BALRE but kept for subsequent analysis
NOTE: TYTAL is identical to EURHE but kept for subsequent analysis
Checking for duplicate sequences: done in 0.000124931 secs
Identifying sites to remove: done in 0.000233889 secs
NOTE: 2 identical sequences (see below) will be ignored for subsequent analysis
NOTE: HALAL (identical to BALRE) is ignored but added at the end
NOTE: HALLE (identical to BALRE) is ignored but added at the end
Alignment was printed to /workspace/IQTree_JarvD5a_Results/exon_10835.uniqueseq.phy

For your convenience alignment with unique sequences printed to /workspace/IQTree_JarvD5a_Results/exon_10835.uniqueseq.phy

Create initial parsimony tree by phylogenetic likelihood library (PLL)... 0.001 seconds

NOTE: 0 MB RAM (0 GB) is required!
Estimate model parameters (epsilon = 0.100)
1. Initial log-likelihood: -1917.471
2. Current log-likelihood: -1848.378
3. Current log-likelihood: -1846.185
Optimal log-likelihood: -1846.183
Rate parameters:  A-C: 1.49594  A-G: 3.18311  A-T: 0.56033  C-G: 1.37400  C-T: 2.11410  G-T: 1.00000
Base frequencies:  A: 0.264  C: 0.202  G: 0.212  T: 0.322
Gamma shape alpha: 0.020
Parameters optimization took 3 rounds (0.041 sec)
Wrote distance file to... 
Computing ML distances based on estimated model parameters...
Calculating distance matrix: done in 0.00535321 secs using 96.82% CPU
Computing ML distances took 0.005387 sec (of wall-clock time) 0.005211 sec (of CPU time)
Setting up auxiliary I and S matrices: done in 0.000128984 secs using 99.24% CPU
Constructing RapidNJ tree: done in 0.000200987 secs using 100% CPU
Computing RapidNJ tree took 0.000397 sec (of wall-clock time) 0.000395 sec (of CPU time)
Log-likelihood of RapidNJ tree: -1853.646
--------------------------------------------------------------------
|             INITIALIZING CANDIDATE TREE SET                      |
--------------------------------------------------------------------
Generating 98 parsimony trees... 0.082 second
Computing log-likelihood of 98 initial trees ... 0.109 seconds
Current best score: -1840.161

Do NNI search on 20 best initial trees
Estimate model parameters (epsilon = 0.100)
BETTER TREE FOUND at iteration 1: -1838.307
Iteration 10 / LogL: -1840.658 / Time: 0h:0m:0s
Iteration 20 / LogL: -1844.406 / Time: 0h:0m:0s
Finish initializing candidate tree set (20)
Current best tree score: -1838.307 / CPU time: 0.686
Number of iterations: 20
--------------------------------------------------------------------
|               OPTIMIZING CANDIDATE TREE SET                      |
--------------------------------------------------------------------
Estimate model parameters (epsilon = 0.100)
BETTER TREE FOUND at iteration 27: -1834.716
Iteration 30 / LogL: -1834.719 / Time: 0h:0m:1s (0h:0m:3s left)
BETTER TREE FOUND at iteration 34: -1834.707
Estimate model parameters (epsilon = 0.100)
BETTER TREE FOUND at iteration 36: -1834.300
Iteration 40 / LogL: -1836.731 / Time: 0h:0m:1s (0h:0m:3s left)
Iteration 50 / LogL: -1834.302 / Time: 0h:0m:1s (0h:0m:2s left)
Iteration 60 / LogL: -1834.312 / Time: 0h:0m:1s (0h:0m:2s left)
Iteration 70 / LogL: -1836.330 / Time: 0h:0m:2s (0h:0m:2s left)
BETTER TREE FOUND at iteration 77: -1834.299
Iteration 80 / LogL: -1834.312 / Time: 0h:0m:2s (0h:0m:2s left)
BETTER TREE FOUND at iteration 87: -1834.299
Iteration 90 / LogL: -1840.575 / Time: 0h:0m:2s (0h:0m:2s left)
Iteration 100 / LogL: -1840.541 / Time: 0h:0m:2s (0h:0m:2s left)
Iteration 110 / LogL: -1834.313 / Time: 0h:0m:3s (0h:0m:2s left)
Iteration 120 / LogL: -1839.424 / Time: 0h:0m:3s (0h:0m:1s left)
Estimate model parameters (epsilon = 0.100)
BETTER TREE FOUND at iteration 129: -1834.061
Iteration 130 / LogL: -1839.740 / Time: 0h:0m:3s (0h:0m:2s left)
Iteration 140 / LogL: -1834.075 / Time: 0h:0m:3s (0h:0m:2s left)
Iteration 150 / LogL: -1834.075 / Time: 0h:0m:3s (0h:0m:2s left)
Iteration 160 / LogL: -1834.896 / Time: 0h:0m:4s (0h:0m:1s left)
Iteration 170 / LogL: -1834.073 / Time: 0h:0m:4s (0h:0m:1s left)
Iteration 180 / LogL: -1834.065 / Time: 0h:0m:4s (0h:0m:1s left)
Iteration 190 / LogL: -1834.830 / Time: 0h:0m:4s (0h:0m:0s left)
Iteration 200 / LogL: -1834.385 / Time: 0h:0m:5s (0h:0m:0s left)
Iteration 210 / LogL: -1845.936 / Time: 0h:0m:5s (0h:0m:0s left)
Iteration 220 / LogL: -1834.064 / Time: 0h:0m:5s (0h:0m:0s left)
Iteration 230 / LogL: -1834.075 / Time: 0h:0m:5s (0h:0m:-1s left)
TREE SEARCH COMPLETED AFTER 230 ITERATIONS / Time: 0h:0m:5s

--------------------------------------------------------------------
|                    FINALIZING TREE SEARCH                        |
--------------------------------------------------------------------
Performs final model parameters optimization
Estimate model parameters (epsilon = 0.010)
1. Initial log-likelihood: -1834.061
Optimal log-likelihood: -1834.061
Rate parameters:  A-C: 1.19945  A-G: 3.00957  A-T: 0.42101  C-G: 1.12762  C-T: 2.01998  G-T: 1.00000
Base frequencies:  A: 0.264  C: 0.202  G: 0.212  T: 0.322
Gamma shape alpha: 0.020
Parameters optimization took 1 rounds (0.005 sec)
BEST SCORE FOUND : -1834.061
Total tree length: 0.371

Total number of iterations: 230
CPU time used for tree search: 5.319 sec (0h:0m:5s)
Wall-clock time used for tree search: 5.683 sec (0h:0m:5s)
Total CPU time used: 5.393 sec (0h:0m:5s)
Total wall-clock time used: 5.772 sec (0h:0m:5s)

Analysis results written to: 
  IQ-TREE report:                /workspace/IQTree_JarvD5a_Results/exon_10835.iqtree
  Maximum-likelihood tree:       /workspace/IQTree_JarvD5a_Results/exon_10835.treefile
  Likelihood distances:          /workspace/IQTree_JarvD5a_Results/exon_10835.mldist
  Screen log file:               /workspace/IQTree_JarvD5a_Results/exon_10835.log

Date and Time: Wed May 27 11:18:24 2026
