IQ-TREE version 3.1.2 for Linux x86 64-bit built May  7 2026
Developed by Bui Quang Minh, Thomas Wong, Nhan Ly-Trong, Huaiyan Ren
Contributed by Lam-Tung Nguyen, Dominik Schrempf, Chris Bielow,
Olga Chernomor, Michael Woodhams, Diep Thi Hoang, Heiko Schmidt

Host:    8084c4e79f09 (AVX512, FMA3, 1133 GB RAM)
Command: /workspace/iqtree-3.1.2-Linux/bin/iqtree3_intel -s /workspace/NeuralNJ/empirical/JarvD5a/exon_2577.fasta -st DNA -m GTR+G -seed 2201 -pre /workspace/IQTree_JarvD5a_Results/exon_2577 -quiet
Seed:    2201 (Using SPRNG - Scalable Parallel Random Number Generator)
Time:    Wed May 27 22:55:53 2026
Kernel:  AVX+FMA - 1 threads (384 CPU cores detected)

HINT: Use -nt option to specify number of threads because your CPU has 384 cores!
HINT: -nt AUTO will automatically determine the best number of threads to use.

Reading alignment file /workspace/NeuralNJ/empirical/JarvD5a/exon_2577.fasta ... Fasta format detected
Reading fasta file: done in 0.000676155 secs using 21.44% CPU
Alignment most likely contains DNA/RNA sequences
Constructing alignment: done in 0.00191498 secs using 53.11% CPU
WARNING: 2 sites contain only gaps or ambiguous characters.
Alignment has 45 sequences with 1650 columns, 512 distinct patterns
236 parsimony-informative, 239 singleton sites, 1175 constant sites
       Gap/Ambiguity  Composition  p-value
Analyzing sequences: done in 3.48091e-05 secs using 100.5% CPU
   1  ACACH    4.36%    passed     99.59%
   2  APTFO    2.79%    passed     93.20%
   3  BALRE    2.67%    passed     84.54%
   4  BUCRH    2.79%    passed     99.58%
   5  CALAN    2.67%    passed     89.92%
   6  CAPCA   24.00%    passed     73.07%
   7  CARCR    2.67%    passed     93.95%
   8  CHAPE    2.67%    passed     83.25%
   9  CHAVO    3.76%    passed     98.58%
  10  CHLUN    2.67%    passed     99.66%
  11  COLLI    3.03%    passed     99.85%
  12  COLST    3.88%    passed     99.08%
  13  CORBR    6.67%    passed     59.57%
  14  CUCCA    2.67%    passed     97.21%
  15  EGRGA    2.18%    passed     95.18%
  16  EURHE    4.12%    passed     90.19%
  17  FALPE    2.79%    passed     99.78%
  18  FULGL    2.67%    passed     96.15%
  19  GALGA    2.06%    passed     98.43%
  20  GAVST    2.67%    passed     98.63%
  21  GEOFO    8.00%    passed     12.04%
  22  HALAL    2.67%    passed     98.29%
  23  HALLE   21.58%    passed     16.72%
  24  LEPDI    2.67%    passed     94.60%
  25  MANVI    4.36%    passed     82.16%
  26  MELGA    2.67%    passed     99.30%
  27  MELUN    2.67%    passed     97.37%
  28  MERNU    3.03%    passed     93.79%
  29  MESUN    2.67%    passed     99.71%
  30  NESNO    2.67%    passed     98.66%
  31  NIPNI    2.67%    passed     92.54%
  32  OPHHO    4.12%    passed     98.58%
  33  PELCR    4.12%    passed     99.54%
  34  PHACA    2.67%    passed     99.77%
  35  PHALE    4.12%    passed     99.25%
  36  PHORU    3.03%    passed     98.99%
  37  PICPU    2.67%    passed     87.94%
  38  PODCR    2.79%    passed     99.66%
  39  PTEGU    3.09%    passed     97.51%
  40  PYGAD    2.67%    passed     94.10%
  41  STRCA    3.15%    passed     95.24%
  42  TAEGU   15.76%    failed      4.24%
  43  TAUER    2.42%    passed     98.73%
  44  TINMA    2.67%    passed     99.78%
  45  TYTAL    1.94%    passed     98.14%
****  TOTAL    4.32%  1 sequences failed composition chi2 test (p-value<5%; df=3)
Checking for duplicate sequences: done in 0.00012207 secs using 26.21% CPU

Create initial parsimony tree by phylogenetic likelihood library (PLL)... 0.002 seconds

NOTE: 3 MB RAM (0 GB) is required!
Estimate model parameters (epsilon = 0.100)
1. Initial log-likelihood: -8881.820
2. Current log-likelihood: -8514.838
3. Current log-likelihood: -8510.892
Optimal log-likelihood: -8510.799
Rate parameters:  A-C: 2.51854  A-G: 2.52802  A-T: 0.58186  C-G: 1.35737  C-T: 5.20026  G-T: 1.00000
Base frequencies:  A: 0.333  C: 0.223  G: 0.248  T: 0.197
Gamma shape alpha: 0.243
Parameters optimization took 3 rounds (0.178 sec)
Wrote distance file to... 
Computing ML distances based on estimated model parameters...
Calculating distance matrix: done in 0.00654197 secs using 99.99% CPU
Computing ML distances took 0.006643 sec (of wall-clock time) 0.006642 sec (of CPU time)
Setting up auxiliary I and S matrices: done in 0.000233889 secs using 91.92% CPU
Constructing RapidNJ tree: done in 0.000500917 secs using 186.5% CPU
Computing RapidNJ tree took 0.000809 sec (of wall-clock time) 0.001198 sec (of CPU time)
Log-likelihood of RapidNJ tree: -8548.012
--------------------------------------------------------------------
|             INITIALIZING CANDIDATE TREE SET                      |
--------------------------------------------------------------------
Generating 98 parsimony trees... 0.205 second
Computing log-likelihood of 98 initial trees ... 0.259 seconds
Current best score: -8477.183

Do NNI search on 20 best initial trees
Estimate model parameters (epsilon = 0.100)
BETTER TREE FOUND at iteration 1: -8471.425
Estimate model parameters (epsilon = 0.100)
BETTER TREE FOUND at iteration 3: -8469.774
Iteration 10 / LogL: -8475.089 / Time: 0h:0m:1s
Estimate model parameters (epsilon = 0.100)
BETTER TREE FOUND at iteration 12: -8463.191
Iteration 20 / LogL: -8476.777 / Time: 0h:0m:1s
Finish initializing candidate tree set (20)
Current best tree score: -8463.191 / CPU time: 1.418
Number of iterations: 20
--------------------------------------------------------------------
|               OPTIMIZING CANDIDATE TREE SET                      |
--------------------------------------------------------------------
Estimate model parameters (epsilon = 0.100)
BETTER TREE FOUND at iteration 30: -8463.053
Iteration 30 / LogL: -8463.053 / Time: 0h:0m:2s (0h:0m:7s left)
Iteration 40 / LogL: -8467.474 / Time: 0h:0m:2s (0h:0m:6s left)
Iteration 50 / LogL: -8463.879 / Time: 0h:0m:3s (0h:0m:5s left)
UPDATE BEST LOG-LIKELIHOOD: -8463.051
BETTER TREE FOUND at iteration 54: -8463.049
Iteration 60 / LogL: -8465.646 / Time: 0h:0m:3s (0h:0m:6s left)
Iteration 70 / LogL: -8465.076 / Time: 0h:0m:4s (0h:0m:5s left)
Estimate model parameters (epsilon = 0.100)
BETTER TREE FOUND at iteration 72: -8462.351
Estimate model parameters (epsilon = 0.100)
BETTER TREE FOUND at iteration 78: -8461.822
Iteration 80 / LogL: -8464.275 / Time: 0h:0m:4s (0h:0m:6s left)
UPDATE BEST LOG-LIKELIHOOD: -8461.821
Iteration 90 / LogL: -8463.056 / Time: 0h:0m:5s (0h:0m:5s left)
BETTER TREE FOUND at iteration 94: -8461.818
Iteration 100 / LogL: -8463.469 / Time: 0h:0m:6s (0h:0m:5s left)
UPDATE BEST LOG-LIKELIHOOD: -8461.818
Iteration 110 / LogL: -8466.773 / Time: 0h:0m:6s (0h:0m:5s left)
Iteration 120 / LogL: -8468.214 / Time: 0h:0m:7s (0h:0m:4s left)
Iteration 130 / LogL: -8462.654 / Time: 0h:0m:7s (0h:0m:3s left)
Iteration 140 / LogL: -8466.169 / Time: 0h:0m:8s (0h:0m:3s left)
Iteration 150 / LogL: -8463.470 / Time: 0h:0m:8s (0h:0m:2s left)
Iteration 160 / LogL: -8461.821 / Time: 0h:0m:9s (0h:0m:1s left)
UPDATE BEST LOG-LIKELIHOOD: -8461.818
Iteration 170 / LogL: -8469.227 / Time: 0h:0m:9s (0h:0m:1s left)
UPDATE BEST LOG-LIKELIHOOD: -8461.818
Iteration 180 / LogL: -8461.822 / Time: 0h:0m:10s (0h:0m:0s left)
UPDATE BEST LOG-LIKELIHOOD: -8461.817
Iteration 190 / LogL: -8465.035 / Time: 0h:0m:10s (0h:0m:0s left)
TREE SEARCH COMPLETED AFTER 195 ITERATIONS / Time: 0h:0m:11s

--------------------------------------------------------------------
|                    FINALIZING TREE SEARCH                        |
--------------------------------------------------------------------
Performs final model parameters optimization
Estimate model parameters (epsilon = 0.010)
1. Initial log-likelihood: -8461.817
Optimal log-likelihood: -8461.817
Rate parameters:  A-C: 2.66791  A-G: 2.59808  A-T: 0.61918  C-G: 1.45248  C-T: 5.83951  G-T: 1.00000
Base frequencies:  A: 0.333  C: 0.223  G: 0.248  T: 0.197
Gamma shape alpha: 0.246
Parameters optimization took 1 rounds (0.011 sec)
BEST SCORE FOUND : -8461.817
Total tree length: 0.929

Total number of iterations: 195
CPU time used for tree search: 11.141 sec (0h:0m:11s)
Wall-clock time used for tree search: 10.980 sec (0h:0m:10s)
Total CPU time used: 11.378 sec (0h:0m:11s)
Total wall-clock time used: 11.204 sec (0h:0m:11s)

Analysis results written to: 
  IQ-TREE report:                /workspace/IQTree_JarvD5a_Results/exon_2577.iqtree
  Maximum-likelihood tree:       /workspace/IQTree_JarvD5a_Results/exon_2577.treefile
  Likelihood distances:          /workspace/IQTree_JarvD5a_Results/exon_2577.mldist
  Screen log file:               /workspace/IQTree_JarvD5a_Results/exon_2577.log

Date and Time: Wed May 27 22:56:04 2026
