IQ-TREE version 3.1.2 for Linux x86 64-bit built May  7 2026
Developed by Bui Quang Minh, Thomas Wong, Nhan Ly-Trong, Huaiyan Ren
Contributed by Lam-Tung Nguyen, Dominik Schrempf, Chris Bielow,
Olga Chernomor, Michael Woodhams, Diep Thi Hoang, Heiko Schmidt

Host:    8084c4e79f09 (AVX512, FMA3, 1133 GB RAM)
Command: /workspace/iqtree-3.1.2-Linux/bin/iqtree3_intel -s /workspace/NeuralNJ/empirical/JarvD5a/exon_13178.fasta -st DNA -m GTR+G -seed 2201 -pre /workspace/IQTree_JarvD5a_Results/exon_13178 -quiet
Seed:    2201 (Using SPRNG - Scalable Parallel Random Number Generator)
Time:    Wed May 27 16:48:59 2026
Kernel:  AVX+FMA - 1 threads (384 CPU cores detected)

HINT: Use -nt option to specify number of threads because your CPU has 384 cores!
HINT: -nt AUTO will automatically determine the best number of threads to use.

Reading alignment file /workspace/NeuralNJ/empirical/JarvD5a/exon_13178.fasta ... Fasta format detected
Reading fasta file: done in 0.000209093 secs using 15.3% CPU
Alignment most likely contains DNA/RNA sequences
Constructing alignment: done in 0.000492096 secs using 94.09% CPU
Alignment has 46 sequences with 402 columns, 84 distinct patterns
26 parsimony-informative, 28 singleton sites, 348 constant sites
       Gap/Ambiguity  Composition  p-value
Analyzing sequences: done in 8.10623e-06 secs using 111% CPU
   1  ACACH    1.00%    passed     97.27%
   2  ANAPL   11.44%    passed     99.14%
   3  APAVI    1.00%    passed     97.00%
   4  APTFO   11.44%    passed     99.84%
   5  BALRE   50.25%    passed     88.04%
   6  BUCRH    1.00%    passed     94.31%
   7  CALAN   29.35%    passed     96.45%
   8  CAPCA    1.00%    passed     99.99%
   9  CATAU   11.44%    passed     98.41%
  10  CHAPE    1.00%    passed     97.67%
  11  CHAVO   11.44%    passed     99.95%
  12  CHLUN   29.35%    passed     92.68%
  13  COLLI   11.44%    passed     98.00%
  14  COLST   29.35%    passed     96.50%
  15  CORBR   21.89%    passed     95.72%
  16  CUCCA   11.44%    passed     99.90%
  17  EGRGA   11.44%    passed     99.93%
  18  EURHE   50.25%    passed     71.50%
  19  FALPE   11.44%    passed     97.42%
  20  FULGL   11.44%    passed     99.18%
  21  GALGA   11.44%    passed     99.90%
  22  GAVST   29.35%    passed     92.83%
  23  GEOFO   14.93%    passed     93.30%
  24  HALAL   11.44%    passed     99.70%
  25  HALLE   11.44%    passed     99.70%
  26  LEPDI    0.50%    passed     99.93%
  27  MANVI    1.00%    passed     98.39%
  28  MELGA    1.00%    passed     96.23%
  29  MELUN    1.00%    passed     98.12%
  30  MERNU   10.95%    passed     97.52%
  31  MESUN   29.35%    passed     92.83%
  32  NESNO   11.44%    passed     99.45%
  33  NIPNI   11.44%    passed     98.41%
  34  OPHHO   11.44%    passed     99.80%
  35  PELCR   11.44%    passed     99.18%
  36  PHALE   11.44%    passed     99.55%
  37  PHORU   11.44%    passed     99.80%
  38  PICPU    1.00%    passed     97.93%
  39  PODCR   29.35%    passed     98.55%
  40  PTEGU    1.00%    passed     99.82%
  41  PYGAD   11.44%    passed     99.18%
  42  STRCA   11.44%    passed     97.71%
  43  TAEGU    1.00%    passed     94.65%
  44  TAUER   29.35%    passed     92.68%
  45  TINMA   11.44%    passed     98.91%
  46  TYTAL   11.44%    passed     99.95%
WARNING: 2 sequences contain more than 50% gaps/ambiguity
****  TOTAL   13.41%  0 sequences failed composition chi2 test (p-value<5%; df=3)
NOTE: TAUER is identical to CHLUN but kept for subsequent analysis
NOTE: HALLE is identical to HALAL but kept for subsequent analysis
NOTE: PHORU is identical to OPHHO but kept for subsequent analysis
Checking for duplicate sequences: done in 0.000104904 secs using 99.14% CPU

Create initial parsimony tree by phylogenetic likelihood library (PLL)... 0.001 seconds

NOTE: 0 MB RAM (0 GB) is required!
Estimate model parameters (epsilon = 0.100)
1. Initial log-likelihood: -1262.200
2. Current log-likelihood: -1204.758
3. Current log-likelihood: -1204.071
Optimal log-likelihood: -1204.064
Rate parameters:  A-C: 2.63082  A-G: 6.94040  A-T: 1.11787  C-G: 3.54100  C-T: 8.35264  G-T: 1.00000
Base frequencies:  A: 0.281  C: 0.183  G: 0.283  T: 0.252
Gamma shape alpha: 0.020
Parameters optimization took 3 rounds (0.031 sec)
Wrote distance file to... 
Computing ML distances based on estimated model parameters...
Calculating distance matrix: done in 0.00654292 secs using 100% CPU
Computing ML distances took 0.006577 sec (of wall-clock time) 0.006576 sec (of CPU time)
Setting up auxiliary I and S matrices: done in 0.000254869 secs using 108.3% CPU
Constructing RapidNJ tree: done in 0.000236988 secs using 99.58% CPU
Computing RapidNJ tree took 0.000553 sec (of wall-clock time) 0.000573 sec (of CPU time)
Log-likelihood of RapidNJ tree: -1195.972
--------------------------------------------------------------------
|             INITIALIZING CANDIDATE TREE SET                      |
--------------------------------------------------------------------
Generating 98 parsimony trees... 0.075 second
Computing log-likelihood of 98 initial trees ... 0.074 seconds
Current best score: -1185.827

Do NNI search on 20 best initial trees
Estimate model parameters (epsilon = 0.100)
BETTER TREE FOUND at iteration 1: -1185.609
Estimate model parameters (epsilon = 0.100)
BETTER TREE FOUND at iteration 2: -1184.750
Iteration 10 / LogL: -1187.087 / Time: 0h:0m:0s
Estimate model parameters (epsilon = 0.100)
BETTER TREE FOUND at iteration 15: -1183.811
Iteration 20 / LogL: -1189.090 / Time: 0h:0m:0s
Finish initializing candidate tree set (20)
Current best tree score: -1183.811 / CPU time: 0.385
Number of iterations: 20
--------------------------------------------------------------------
|               OPTIMIZING CANDIDATE TREE SET                      |
--------------------------------------------------------------------
Estimate model parameters (epsilon = 0.100)
BETTER TREE FOUND at iteration 22: -1182.385
Estimate model parameters (epsilon = 0.100)
BETTER TREE FOUND at iteration 24: -1182.163
Iteration 30 / LogL: -1186.564 / Time: 0h:0m:0s (0h:0m:2s left)
Iteration 40 / LogL: -1189.413 / Time: 0h:0m:0s (0h:0m:1s left)
Iteration 50 / LogL: -1182.319 / Time: 0h:0m:0s (0h:0m:1s left)
Iteration 60 / LogL: -1182.163 / Time: 0h:0m:1s (0h:0m:1s left)
Iteration 70 / LogL: -1182.317 / Time: 0h:0m:1s (0h:0m:0s left)
Iteration 80 / LogL: -1186.228 / Time: 0h:0m:1s (0h:0m:0s left)
Iteration 90 / LogL: -1185.876 / Time: 0h:0m:1s (0h:0m:0s left)
Iteration 100 / LogL: -1182.164 / Time: 0h:0m:1s (0h:0m:0s left)
Iteration 110 / LogL: -1182.164 / Time: 0h:0m:1s (0h:0m:0s left)
Iteration 120 / LogL: -1182.163 / Time: 0h:0m:2s (0h:0m:0s left)
TREE SEARCH COMPLETED AFTER 125 ITERATIONS / Time: 0h:0m:2s

--------------------------------------------------------------------
|                    FINALIZING TREE SEARCH                        |
--------------------------------------------------------------------
Performs final model parameters optimization
Estimate model parameters (epsilon = 0.010)
1. Initial log-likelihood: -1182.163
Optimal log-likelihood: -1182.163
Rate parameters:  A-C: 2.63347  A-G: 6.39469  A-T: 0.96327  C-G: 3.23324  C-T: 8.99347  G-T: 1.00000
Base frequencies:  A: 0.281  C: 0.183  G: 0.283  T: 0.252
Gamma shape alpha: 0.020
Parameters optimization took 1 rounds (0.004 sec)
BEST SCORE FOUND : -1182.163
Total tree length: 0.348

Total number of iterations: 125
CPU time used for tree search: 2.221 sec (0h:0m:2s)
Wall-clock time used for tree search: 2.045 sec (0h:0m:2s)
Total CPU time used: 2.277 sec (0h:0m:2s)
Total wall-clock time used: 2.098 sec (0h:0m:2s)

Analysis results written to: 
  IQ-TREE report:                /workspace/IQTree_JarvD5a_Results/exon_13178.iqtree
  Maximum-likelihood tree:       /workspace/IQTree_JarvD5a_Results/exon_13178.treefile
  Likelihood distances:          /workspace/IQTree_JarvD5a_Results/exon_13178.mldist
  Screen log file:               /workspace/IQTree_JarvD5a_Results/exon_13178.log

Date and Time: Wed May 27 16:49:01 2026
