IQ-TREE version 3.1.2 for Linux x86 64-bit built May  7 2026
Developed by Bui Quang Minh, Thomas Wong, Nhan Ly-Trong, Huaiyan Ren
Contributed by Lam-Tung Nguyen, Dominik Schrempf, Chris Bielow,
Olga Chernomor, Michael Woodhams, Diep Thi Hoang, Heiko Schmidt

Host:    8084c4e79f09 (AVX512, FMA3, 1133 GB RAM)
Command: /workspace/iqtree-3.1.2-Linux/bin/iqtree3_intel -s /workspace/NeuralNJ/empirical/JarvD5a/exon_10474.fasta -st DNA -m GTR+G -seed 2201 -pre /workspace/IQTree_JarvD5a_Results/exon_10474 -quiet
Seed:    2201 (Using SPRNG - Scalable Parallel Random Number Generator)
Time:    Wed May 27 10:25:23 2026
Kernel:  AVX+FMA - 1 threads (384 CPU cores detected)

HINT: Use -nt option to specify number of threads because your CPU has 384 cores!
HINT: -nt AUTO will automatically determine the best number of threads to use.

Reading alignment file /workspace/NeuralNJ/empirical/JarvD5a/exon_10474.fasta ... Fasta format detected
Reading fasta file: done in 0.000651836 secs using 31.6% CPU
Alignment most likely contains DNA/RNA sequences
Constructing alignment: done in 0.00196218 secs using 66.15% CPU
Alignment has 42 sequences with 1692 columns, 565 distinct patterns
306 parsimony-informative, 251 singleton sites, 1135 constant sites
       Gap/Ambiguity  Composition  p-value
Analyzing sequences: done in 3.98159e-05 secs using 95.44% CPU
   1  ANAPL    0.35%    passed     99.95%
   2  APAVI    0.83%    passed     99.13%
   3  APTFO    0.35%    passed     99.94%
   4  BALRE    0.35%    passed     99.94%
   5  BUCRH    0.30%    passed     96.73%
   6  CALAN    0.95%    passed     94.71%
   7  CAPCA    1.89%    passed     99.90%
   8  CARCR    0.71%    passed     99.55%
   9  CATAU    0.35%    passed     97.58%
  10  CHAPE    0.59%    passed     99.98%
  11  CHAVO    0.95%    passed     99.53%
  12  CHLUN    1.12%    passed     99.33%
  13  COLLI    2.25%    passed     98.77%
  14  COLST    0.47%    passed     88.05%
  15  CORBR    0.35%    passed     99.00%
  16  CUCCA    0.35%    passed     99.97%
  17  EGRGA    0.47%    passed     99.96%
  18  EURHE   66.78%    passed     51.24%
  19  FALPE    0.95%    passed     94.78%
  20  GALGA    0.35%    passed     93.01%
  21  GAVST    0.35%    passed     99.63%
  22  GEOFO    0.35%    passed     89.48%
  23  HALAL    0.35%    passed     99.46%
  24  HALLE    0.35%    passed     99.13%
  25  LEPDI   13.36%    passed     98.39%
  26  MANVI    1.42%    passed     99.39%
  27  MELGA    0.35%    passed     89.24%
  28  MELUN    0.71%    passed     97.80%
  29  MESUN    0.35%    passed     95.11%
  30  NESNO    1.18%    passed     99.74%
  31  NIPNI    0.47%    passed     99.78%
  32  OPHHO    0.71%    passed     99.56%
  33  PHACA    2.48%    passed     99.59%
  34  PHALE    0.24%    passed     99.16%
  35  PHORU    0.35%    passed     99.83%
  36  PICPU    3.31%    passed      9.85%
  37  PTEGU    1.06%    passed     98.95%
  38  PYGAD    0.35%    passed     99.78%
  39  STRCA    0.47%    passed     87.80%
  40  TAEGU    0.35%    passed     98.80%
  41  TAUER    1.06%    passed     95.00%
  42  TINMA    7.39%    passed     65.41%
WARNING: 1 sequences contain more than 50% gaps/ambiguity
****  TOTAL    2.80%  0 sequences failed composition chi2 test (p-value<5%; df=3)
Checking for duplicate sequences: done in 0.000118017 secs using 99.99% CPU

Create initial parsimony tree by phylogenetic likelihood library (PLL)... 0.002 seconds

NOTE: 3 MB RAM (0 GB) is required!
Estimate model parameters (epsilon = 0.100)
1. Initial log-likelihood: -10107.101
2. Current log-likelihood: -9602.791
3. Current log-likelihood: -9599.361
Optimal log-likelihood: -9599.339
Rate parameters:  A-C: 1.58004  A-G: 5.29524  A-T: 0.68496  C-G: 2.00359  C-T: 5.29334  G-T: 1.00000
Base frequencies:  A: 0.300  C: 0.205  G: 0.251  T: 0.245
Gamma shape alpha: 0.275
Parameters optimization took 3 rounds (0.126 sec)
Wrote distance file to... 
Computing ML distances based on estimated model parameters...
Calculating distance matrix: done in 0.00512695 secs using 99.83% CPU
Computing ML distances took 0.005210 sec (of wall-clock time) 0.005193 sec (of CPU time)
Setting up auxiliary I and S matrices: done in 0.000109911 secs using 255.7% CPU
Constructing RapidNJ tree: done in 0.000164032 secs using 99.98% CPU
Computing RapidNJ tree took 0.000312 sec (of wall-clock time) 0.000482 sec (of CPU time)
Log-likelihood of RapidNJ tree: -9670.647
--------------------------------------------------------------------
|             INITIALIZING CANDIDATE TREE SET                      |
--------------------------------------------------------------------
Generating 98 parsimony trees... 0.210 second
Computing log-likelihood of 98 initial trees ... 0.268 seconds
Current best score: -9599.339

Do NNI search on 20 best initial trees
Estimate model parameters (epsilon = 0.100)
BETTER TREE FOUND at iteration 1: -9596.522
Iteration 10 / LogL: -9608.509 / Time: 0h:0m:0s
Iteration 20 / LogL: -9601.816 / Time: 0h:0m:1s
Finish initializing candidate tree set (20)
Current best tree score: -9596.522 / CPU time: 1.184
Number of iterations: 20
--------------------------------------------------------------------
|               OPTIMIZING CANDIDATE TREE SET                      |
--------------------------------------------------------------------
Estimate model parameters (epsilon = 0.100)
BETTER TREE FOUND at iteration 22: -9596.178
Estimate model parameters (epsilon = 0.100)
BETTER TREE FOUND at iteration 23: -9595.686
Estimate model parameters (epsilon = 0.100)
BETTER TREE FOUND at iteration 27: -9595.241
Iteration 30 / LogL: -9596.636 / Time: 0h:0m:1s (0h:0m:6s left)
Iteration 40 / LogL: -9599.538 / Time: 0h:0m:2s (0h:0m:5s left)
Estimate model parameters (epsilon = 0.100)
BETTER TREE FOUND at iteration 44: -9593.884
Iteration 50 / LogL: -9595.740 / Time: 0h:0m:2s (0h:0m:5s left)
Estimate model parameters (epsilon = 0.100)
BETTER TREE FOUND at iteration 54: -9593.327
Iteration 60 / LogL: -9596.059 / Time: 0h:0m:3s (0h:0m:5s left)
Iteration 70 / LogL: -9593.925 / Time: 0h:0m:3s (0h:0m:4s left)
Iteration 80 / LogL: -9593.924 / Time: 0h:0m:4s (0h:0m:4s left)
Iteration 90 / LogL: -9595.542 / Time: 0h:0m:4s (0h:0m:3s left)
Estimate model parameters (epsilon = 0.100)
BETTER TREE FOUND at iteration 97: -9592.670
Iteration 100 / LogL: -9592.670 / Time: 0h:0m:5s (0h:0m:5s left)
Iteration 110 / LogL: -9632.710 / Time: 0h:0m:5s (0h:0m:4s left)
Iteration 120 / LogL: -9593.366 / Time: 0h:0m:6s (0h:0m:4s left)
Iteration 130 / LogL: -9593.330 / Time: 0h:0m:6s (0h:0m:3s left)
Iteration 140 / LogL: -9592.746 / Time: 0h:0m:7s (0h:0m:2s left)
Iteration 150 / LogL: -9592.746 / Time: 0h:0m:7s (0h:0m:2s left)
Iteration 160 / LogL: -9592.679 / Time: 0h:0m:8s (0h:0m:1s left)
Iteration 170 / LogL: -9594.956 / Time: 0h:0m:8s (0h:0m:1s left)
Iteration 180 / LogL: -9595.352 / Time: 0h:0m:9s (0h:0m:0s left)
Iteration 190 / LogL: -9593.466 / Time: 0h:0m:9s (0h:0m:0s left)
TREE SEARCH COMPLETED AFTER 198 ITERATIONS / Time: 0h:0m:10s

--------------------------------------------------------------------
|                    FINALIZING TREE SEARCH                        |
--------------------------------------------------------------------
Performs final model parameters optimization
Estimate model parameters (epsilon = 0.010)
1. Initial log-likelihood: -9592.670
Optimal log-likelihood: -9592.670
Rate parameters:  A-C: 1.58924  A-G: 5.31645  A-T: 0.66516  C-G: 1.94862  C-T: 5.28491  G-T: 1.00000
Base frequencies:  A: 0.300  C: 0.205  G: 0.251  T: 0.245
Gamma shape alpha: 0.275
Parameters optimization took 1 rounds (0.012 sec)
BEST SCORE FOUND : -9592.670
Total tree length: 1.028

Total number of iterations: 198
CPU time used for tree search: 10.244 sec (0h:0m:10s)
Wall-clock time used for tree search: 10.091 sec (0h:0m:10s)
Total CPU time used: 10.422 sec (0h:0m:10s)
Total wall-clock time used: 10.260 sec (0h:0m:10s)

Analysis results written to: 
  IQ-TREE report:                /workspace/IQTree_JarvD5a_Results/exon_10474.iqtree
  Maximum-likelihood tree:       /workspace/IQTree_JarvD5a_Results/exon_10474.treefile
  Likelihood distances:          /workspace/IQTree_JarvD5a_Results/exon_10474.mldist
  Screen log file:               /workspace/IQTree_JarvD5a_Results/exon_10474.log

Date and Time: Wed May 27 10:25:34 2026
