IQ-TREE version 3.1.2 for Linux x86 64-bit built May  7 2026
Developed by Bui Quang Minh, Thomas Wong, Nhan Ly-Trong, Huaiyan Ren
Contributed by Lam-Tung Nguyen, Dominik Schrempf, Chris Bielow,
Olga Chernomor, Michael Woodhams, Diep Thi Hoang, Heiko Schmidt

Host:    8084c4e79f09 (AVX512, FMA3, 1133 GB RAM)
Command: /workspace/iqtree-3.1.2-Linux/bin/iqtree3_intel -s /workspace/NeuralNJ/empirical/JarvD5a/exon_12416.fasta -st DNA -m GTR+G -seed 2201 -pre /workspace/IQTree_JarvD5a_Results/exon_12416 -quiet
Seed:    2201 (Using SPRNG - Scalable Parallel Random Number Generator)
Time:    Wed May 27 15:09:57 2026
Kernel:  AVX+FMA - 1 threads (384 CPU cores detected)

HINT: Use -nt option to specify number of threads because your CPU has 384 cores!
HINT: -nt AUTO will automatically determine the best number of threads to use.

Reading alignment file /workspace/NeuralNJ/empirical/JarvD5a/exon_12416.fasta ... Fasta format detected
Reading fasta file: done in 0.00079608 secs using 62.18% CPU
Alignment most likely contains DNA/RNA sequences
Constructing alignment: done in 0.00247502 secs using 78.63% CPU
Alignment has 46 sequences with 1864 columns, 1137 distinct patterns
740 parsimony-informative, 356 singleton sites, 768 constant sites
       Gap/Ambiguity  Composition  p-value
Analyzing sequences: done in 7.79629e-05 secs using 100% CPU
   1  ACACH    3.76%    passed     95.59%
   2  ANAPL    3.97%    passed     89.24%
   3  APAVI    2.79%    passed     99.09%
   4  APTFO    2.58%    passed     97.71%
   5  BALRE    3.00%    passed     87.40%
   6  BUCRH    4.08%    passed     87.44%
   7  CALAN    3.22%    passed     95.81%
   8  CAPCA    2.68%    passed     85.53%
   9  CATAU    3.43%    passed     96.48%
  10  CHAPE    2.90%    passed     82.58%
  11  CHAVO    2.15%    passed     96.91%
  12  CHLUN   19.10%    passed     64.26%
  13  COLLI    2.90%    passed     90.32%
  14  COLST    3.33%    passed     75.27%
  15  CORBR    3.11%    passed     54.86%
  16  CUCCA    2.79%    passed     99.05%
  17  EGRGA    3.97%    passed     99.54%
  18  EURHE    2.90%    passed     99.32%
  19  FALPE    4.51%    passed     70.68%
  20  FULGL    2.47%    passed     98.31%
  21  GALGA    4.61%    passed     55.97%
  22  GEOFO    2.68%    passed     87.99%
  23  HALAL    2.79%    passed     97.32%
  24  HALLE    2.79%    passed     97.32%
  25  LEPDI    6.01%    passed     91.60%
  26  MANVI   92.81%    passed      6.58%
  27  MELGA    4.51%    passed     71.53%
  28  MELUN    3.11%    passed     98.52%
  29  MERNU    2.15%    passed     74.58%
  30  MESUN    3.11%    passed     93.63%
  31  NESNO    2.47%    passed     88.05%
  32  NIPNI    2.79%    passed     97.52%
  33  OPHHO    2.58%    passed     94.33%
  34  PELCR    2.15%    passed     99.48%
  35  PHACA    3.33%    passed     98.87%
  36  PHALE    3.43%    passed     99.79%
  37  PHORU   49.25%    passed     50.01%
  38  PICPU    5.47%    passed     12.63%
  39  PODCR    2.68%    passed     95.78%
  40  PTEGU    3.11%    passed     91.63%
  41  PYGAD    2.58%    passed     97.70%
  42  STRCA    2.58%    passed     91.40%
  43  TAEGU    4.18%    passed     96.07%
  44  TAUER    3.76%    passed     94.99%
  45  TINMA    2.79%    passed     98.02%
  46  TYTAL    3.43%    passed     74.45%
WARNING: 1 sequences contain more than 50% gaps/ambiguity
****  TOTAL    6.54%  0 sequences failed composition chi2 test (p-value<5%; df=3)
NOTE: HALLE is identical to HALAL but kept for subsequent analysis
Checking for duplicate sequences: done in 0.000174999 secs using 57.71% CPU

Create initial parsimony tree by phylogenetic likelihood library (PLL)... 0.004 seconds

NOTE: 6 MB RAM (0 GB) is required!
Estimate model parameters (epsilon = 0.100)
1. Initial log-likelihood: -20172.447
2. Current log-likelihood: -19180.301
3. Current log-likelihood: -19172.500
4. Current log-likelihood: -19171.539
5. Current log-likelihood: -19171.295
Optimal log-likelihood: -19171.203
Rate parameters:  A-C: 0.70676  A-G: 3.48267  A-T: 0.57891  C-G: 1.37709  C-T: 4.46107  G-T: 1.00000
Base frequencies:  A: 0.357  C: 0.236  G: 0.226  T: 0.181
Gamma shape alpha: 0.618
Parameters optimization took 5 rounds (0.283 sec)
Wrote distance file to... 
Computing ML distances based on estimated model parameters...
Calculating distance matrix: done in 0.00723386 secs using 99.52% CPU
Computing ML distances took 0.007399 sec (of wall-clock time) 0.007355 sec (of CPU time)
Setting up auxiliary I and S matrices: done in 0.000189066 secs using 99.44% CPU
Constructing RapidNJ tree: done in 0.000404119 secs using 83.39% CPU
Computing RapidNJ tree took 0.000660 sec (of wall-clock time) 0.000578 sec (of CPU time)
Log-likelihood of RapidNJ tree: -19238.454
--------------------------------------------------------------------
|             INITIALIZING CANDIDATE TREE SET                      |
--------------------------------------------------------------------
Generating 98 parsimony trees... 0.411 second
Computing log-likelihood of 98 initial trees ... 0.582 seconds
Current best score: -19154.994

Do NNI search on 20 best initial trees
Estimate model parameters (epsilon = 0.100)
BETTER TREE FOUND at iteration 1: -19142.023
Estimate model parameters (epsilon = 0.100)
BETTER TREE FOUND at iteration 2: -19136.605
Estimate model parameters (epsilon = 0.100)
BETTER TREE FOUND at iteration 9: -19135.131
Iteration 10 / LogL: -19148.614 / Time: 0h:0m:2s
Estimate model parameters (epsilon = 0.100)
BETTER TREE FOUND at iteration 12: -19134.915
Iteration 20 / LogL: -19146.148 / Time: 0h:0m:3s
Finish initializing candidate tree set (20)
Current best tree score: -19134.915 / CPU time: 3.268
Number of iterations: 20
--------------------------------------------------------------------
|               OPTIMIZING CANDIDATE TREE SET                      |
--------------------------------------------------------------------
Iteration 30 / LogL: -19139.402 / Time: 0h:0m:4s (0h:0m:13s left)
Estimate model parameters (epsilon = 0.100)
BETTER TREE FOUND at iteration 35: -19134.368
Estimate model parameters (epsilon = 0.100)
BETTER TREE FOUND at iteration 36: -19133.550
Estimate model parameters (epsilon = 0.100)
BETTER TREE FOUND at iteration 38: -19131.018
Estimate model parameters (epsilon = 0.100)
BETTER TREE FOUND at iteration 39: -19129.359
Iteration 40 / LogL: -19137.328 / Time: 0h:0m:6s (0h:0m:16s left)
Iteration 50 / LogL: -19129.396 / Time: 0h:0m:7s (0h:0m:13s left)
Estimate model parameters (epsilon = 0.100)
BETTER TREE FOUND at iteration 58: -19123.277
Iteration 60 / LogL: -19134.945 / Time: 0h:0m:8s (0h:0m:14s left)
Iteration 70 / LogL: -19123.541 / Time: 0h:0m:10s (0h:0m:13s left)
Iteration 80 / LogL: -19134.065 / Time: 0h:0m:11s (0h:0m:11s left)
Iteration 90 / LogL: -19123.558 / Time: 0h:0m:12s (0h:0m:9s left)
Iteration 100 / LogL: -19125.243 / Time: 0h:0m:13s (0h:0m:8s left)
Iteration 110 / LogL: -19127.285 / Time: 0h:0m:15s (0h:0m:6s left)
Iteration 120 / LogL: -19129.771 / Time: 0h:0m:16s (0h:0m:5s left)
Iteration 130 / LogL: -19125.408 / Time: 0h:0m:17s (0h:0m:3s left)
UPDATE BEST LOG-LIKELIHOOD: -19123.276
Iteration 140 / LogL: -19126.910 / Time: 0h:0m:19s (0h:0m:2s left)
Iteration 150 / LogL: -19123.473 / Time: 0h:0m:20s (0h:0m:1s left)
TREE SEARCH COMPLETED AFTER 159 ITERATIONS / Time: 0h:0m:21s

--------------------------------------------------------------------
|                    FINALIZING TREE SEARCH                        |
--------------------------------------------------------------------
Performs final model parameters optimization
Estimate model parameters (epsilon = 0.010)
1. Initial log-likelihood: -19123.276
Optimal log-likelihood: -19123.275
Rate parameters:  A-C: 0.70696  A-G: 3.50503  A-T: 0.57367  C-G: 1.39371  C-T: 4.46694  G-T: 1.00000
Base frequencies:  A: 0.357  C: 0.236  G: 0.226  T: 0.181
Gamma shape alpha: 0.619
Parameters optimization took 1 rounds (0.028 sec)
BEST SCORE FOUND : -19123.275
Total tree length: 2.284

Total number of iterations: 159
CPU time used for tree search: 20.947 sec (0h:0m:20s)
Wall-clock time used for tree search: 20.840 sec (0h:0m:20s)
Total CPU time used: 21.357 sec (0h:0m:21s)
Total wall-clock time used: 21.215 sec (0h:0m:21s)

Analysis results written to: 
  IQ-TREE report:                /workspace/IQTree_JarvD5a_Results/exon_12416.iqtree
  Maximum-likelihood tree:       /workspace/IQTree_JarvD5a_Results/exon_12416.treefile
  Likelihood distances:          /workspace/IQTree_JarvD5a_Results/exon_12416.mldist
  Screen log file:               /workspace/IQTree_JarvD5a_Results/exon_12416.log

Date and Time: Wed May 27 15:10:18 2026
