IQ-TREE version 3.1.2 for Linux x86 64-bit built May  7 2026
Developed by Bui Quang Minh, Thomas Wong, Nhan Ly-Trong, Huaiyan Ren
Contributed by Lam-Tung Nguyen, Dominik Schrempf, Chris Bielow,
Olga Chernomor, Michael Woodhams, Diep Thi Hoang, Heiko Schmidt

Host:    8084c4e79f09 (AVX512, FMA3, 1133 GB RAM)
Command: /workspace/iqtree-3.1.2-Linux/bin/iqtree3_intel -s /workspace/NeuralNJ/empirical/JarvD5a/exon_3880.fasta -st DNA -m GTR+G -seed 2201 -pre /workspace/IQTree_JarvD5a_Results/exon_3880 -quiet
Seed:    2201 (Using SPRNG - Scalable Parallel Random Number Generator)
Time:    Thu May 28 01:28:50 2026
Kernel:  AVX+FMA - 1 threads (384 CPU cores detected)

HINT: Use -nt option to specify number of threads because your CPU has 384 cores!
HINT: -nt AUTO will automatically determine the best number of threads to use.

Reading alignment file /workspace/NeuralNJ/empirical/JarvD5a/exon_3880.fasta ... Fasta format detected
Reading fasta file: done in 0.000372887 secs using 96.01% CPU
Alignment most likely contains DNA/RNA sequences
Constructing alignment: done in 0.000882864 secs using 32.73% CPU
Alignment has 48 sequences with 758 columns, 194 distinct patterns
57 parsimony-informative, 97 singleton sites, 604 constant sites
       Gap/Ambiguity  Composition  p-value
Analyzing sequences: done in 1.40667e-05 secs using 28.44% CPU
   1  ACACH   22.43%    passed     95.82%
   2  ANAPL    3.17%    passed     99.94%
   3  APAVI    3.17%    passed     99.32%
   4  APTFO    3.17%    passed     99.82%
   5  BALRE    3.17%    passed     99.93%
   6  BUCRH    2.64%    passed     99.81%
   7  CALAN    2.37%    passed     99.33%
   8  CAPCA    3.69%    passed     99.51%
   9  CARCR    2.90%    passed    100.00%
  10  CATAU    3.17%    passed     99.78%
  11  CHAPE   21.64%    passed     73.58%
  12  CHAVO   15.04%    passed     83.33%
  13  CHLUN   22.43%    passed     96.60%
  14  COLLI    3.17%    passed     99.94%
  15  COLST   15.04%    passed     75.15%
  16  CORBR    3.17%    passed     99.39%
  17  CUCCA    3.43%    passed     99.14%
  18  EGRGA    3.17%    passed     99.78%
  19  EURHE   24.01%    passed     94.33%
  20  FALPE    2.90%    passed     99.79%
  21  FULGL   22.69%    passed     97.32%
  22  GALGA    2.64%    passed     98.89%
  23  GAVST    3.17%    passed     99.58%
  24  GEOFO    3.17%    passed     99.23%
  25  HALAL   15.04%    passed     89.33%
  26  HALLE   15.04%    passed     89.33%
  27  LEPDI    3.69%    passed     99.86%
  28  MANVI   41.95%    passed     98.23%
  29  MELGA    3.17%    passed     99.32%
  30  MELUN    3.17%    passed     97.99%
  31  MERNU    3.69%    passed     96.78%
  32  MESUN    3.17%    passed     99.69%
  33  NESNO    2.64%    passed     92.96%
  34  NIPNI    3.17%    passed     99.99%
  35  OPHHO    3.69%    passed     99.51%
  36  PELCR   22.69%    passed     97.32%
  37  PHACA   22.69%    passed     91.64%
  38  PHALE    3.17%    passed     99.98%
  39  PHORU   22.43%    passed     95.61%
  40  PICPU    8.18%    passed     66.62%
  41  PODCR   32.72%    passed     65.37%
  42  PTEGU    3.96%    passed     99.95%
  43  PYGAD    3.17%    passed     99.93%
  44  STRCA    3.17%    passed     99.76%
  45  TAEGU    3.43%    passed     96.57%
  46  TAUER    3.17%    passed     99.92%
  47  TINMA    3.17%    passed     99.86%
  48  TYTAL   22.69%    passed     94.25%
****  TOTAL    9.34%  0 sequences failed composition chi2 test (p-value<5%; df=3)
NOTE: PELCR is identical to FULGL but kept for subsequent analysis
NOTE: HALLE is identical to HALAL but kept for subsequent analysis
Checking for duplicate sequences: done in 0.000125885 secs using 76.26% CPU

Create initial parsimony tree by phylogenetic likelihood library (PLL)... 0.001 seconds

NOTE: 1 MB RAM (0 GB) is required!
Estimate model parameters (epsilon = 0.100)
1. Initial log-likelihood: -2727.479
2. Current log-likelihood: -2643.809
3. Current log-likelihood: -2642.872
Optimal log-likelihood: -2642.865
Rate parameters:  A-C: 1.54257  A-G: 2.57152  A-T: 0.63461  C-G: 2.69157  C-T: 4.74785  G-T: 1.00000
Base frequencies:  A: 0.441  C: 0.159  G: 0.231  T: 0.169
Gamma shape alpha: 0.194
Parameters optimization took 3 rounds (0.039 sec)
Wrote distance file to... 
Computing ML distances based on estimated model parameters...
Calculating distance matrix: done in 0.00564623 secs using 100% CPU
Computing ML distances took 0.005695 sec (of wall-clock time) 0.005694 sec (of CPU time)
Setting up auxiliary I and S matrices: done in 0.000257969 secs using 110.5% CPU
Constructing RapidNJ tree: done in 0.000426054 secs using 258.9% CPU
Computing RapidNJ tree took 0.000729 sec (of wall-clock time) 0.001441 sec (of CPU time)
Log-likelihood of RapidNJ tree: -2664.214
--------------------------------------------------------------------
|             INITIALIZING CANDIDATE TREE SET                      |
--------------------------------------------------------------------
Generating 98 parsimony trees... 0.109 second
Computing log-likelihood of 98 initial trees ... 0.127 seconds
Current best score: -2630.246

Do NNI search on 20 best initial trees
Estimate model parameters (epsilon = 0.100)
BETTER TREE FOUND at iteration 1: -2626.083
Estimate model parameters (epsilon = 0.100)
BETTER TREE FOUND at iteration 2: -2625.251
Estimate model parameters (epsilon = 0.100)
BETTER TREE FOUND at iteration 3: -2621.992
Iteration 10 / LogL: -2633.387 / Time: 0h:0m:0s
Iteration 20 / LogL: -2632.337 / Time: 0h:0m:0s
Finish initializing candidate tree set (20)
Current best tree score: -2621.992 / CPU time: 0.848
Number of iterations: 20
--------------------------------------------------------------------
|               OPTIMIZING CANDIDATE TREE SET                      |
--------------------------------------------------------------------
Estimate model parameters (epsilon = 0.100)
BETTER TREE FOUND at iteration 28: -2619.981
Iteration 30 / LogL: -2623.505 / Time: 0h:0m:1s (0h:0m:3s left)
Estimate model parameters (epsilon = 0.100)
BETTER TREE FOUND at iteration 35: -2619.930
Estimate model parameters (epsilon = 0.100)
BETTER TREE FOUND at iteration 37: -2618.450
Iteration 40 / LogL: -2619.991 / Time: 0h:0m:1s (0h:0m:3s left)
Iteration 50 / LogL: -2619.990 / Time: 0h:0m:1s (0h:0m:3s left)
Iteration 60 / LogL: -2621.039 / Time: 0h:0m:1s (0h:0m:2s left)
Iteration 70 / LogL: -2618.953 / Time: 0h:0m:2s (0h:0m:2s left)
Iteration 80 / LogL: -2618.951 / Time: 0h:0m:2s (0h:0m:1s left)
Iteration 90 / LogL: -2623.943 / Time: 0h:0m:2s (0h:0m:1s left)
Iteration 100 / LogL: -2618.456 / Time: 0h:0m:3s (0h:0m:1s left)
BETTER TREE FOUND at iteration 108: -2618.450
Iteration 110 / LogL: -2618.452 / Time: 0h:0m:3s (0h:0m:2s left)
BETTER TREE FOUND at iteration 115: -2618.449
BETTER TREE FOUND at iteration 116: -2618.449
Iteration 120 / LogL: -2621.469 / Time: 0h:0m:3s (0h:0m:2s left)
Iteration 130 / LogL: -2620.658 / Time: 0h:0m:3s (0h:0m:2s left)
Iteration 140 / LogL: -2618.452 / Time: 0h:0m:4s (0h:0m:2s left)
Iteration 150 / LogL: -2624.712 / Time: 0h:0m:4s (0h:0m:1s left)
BETTER TREE FOUND at iteration 157: -2618.449
Iteration 160 / LogL: -2618.451 / Time: 0h:0m:4s (0h:0m:2s left)
Iteration 170 / LogL: -2618.449 / Time: 0h:0m:4s (0h:0m:2s left)
Iteration 180 / LogL: -2621.863 / Time: 0h:0m:5s (0h:0m:2s left)
BETTER TREE FOUND at iteration 183: -2618.449
Iteration 190 / LogL: -2620.945 / Time: 0h:0m:5s (0h:0m:2s left)
Iteration 200 / LogL: -2618.450 / Time: 0h:0m:5s (0h:0m:2s left)
Iteration 210 / LogL: -2618.451 / Time: 0h:0m:5s (0h:0m:2s left)
BETTER TREE FOUND at iteration 211: -2618.449
Iteration 220 / LogL: -2620.658 / Time: 0h:0m:6s (0h:0m:2s left)
Iteration 230 / LogL: -2618.453 / Time: 0h:0m:6s (0h:0m:2s left)
Iteration 240 / LogL: -2618.451 / Time: 0h:0m:6s (0h:0m:1s left)
Iteration 250 / LogL: -2625.032 / Time: 0h:0m:6s (0h:0m:1s left)
Iteration 260 / LogL: -2618.449 / Time: 0h:0m:7s (0h:0m:1s left)
Iteration 270 / LogL: -2621.168 / Time: 0h:0m:7s (0h:0m:1s left)
Iteration 280 / LogL: -2618.451 / Time: 0h:0m:7s (0h:0m:0s left)
Iteration 290 / LogL: -2622.485 / Time: 0h:0m:7s (0h:0m:0s left)
Iteration 300 / LogL: -2618.453 / Time: 0h:0m:8s (0h:0m:0s left)
Iteration 310 / LogL: -2618.453 / Time: 0h:0m:8s (0h:0m:0s left)
TREE SEARCH COMPLETED AFTER 312 ITERATIONS / Time: 0h:0m:8s

--------------------------------------------------------------------
|                    FINALIZING TREE SEARCH                        |
--------------------------------------------------------------------
Performs final model parameters optimization
Estimate model parameters (epsilon = 0.010)
1. Initial log-likelihood: -2618.449
Optimal log-likelihood: -2618.448
Rate parameters:  A-C: 1.73848  A-G: 2.82969  A-T: 0.60610  C-G: 3.05375  C-T: 4.96189  G-T: 1.00000
Base frequencies:  A: 0.441  C: 0.159  G: 0.231  T: 0.169
Gamma shape alpha: 0.199
Parameters optimization took 1 rounds (0.005 sec)
BEST SCORE FOUND : -2618.448
Total tree length: 0.428

Total number of iterations: 312
CPU time used for tree search: 8.455 sec (0h:0m:8s)
Wall-clock time used for tree search: 8.283 sec (0h:0m:8s)
Total CPU time used: 8.526 sec (0h:0m:8s)
Total wall-clock time used: 8.348 sec (0h:0m:8s)

Analysis results written to: 
  IQ-TREE report:                /workspace/IQTree_JarvD5a_Results/exon_3880.iqtree
  Maximum-likelihood tree:       /workspace/IQTree_JarvD5a_Results/exon_3880.treefile
  Likelihood distances:          /workspace/IQTree_JarvD5a_Results/exon_3880.mldist
  Screen log file:               /workspace/IQTree_JarvD5a_Results/exon_3880.log

Date and Time: Thu May 28 01:28:58 2026
