IQ-TREE version 3.1.2 for Linux x86 64-bit built May  7 2026
Developed by Bui Quang Minh, Thomas Wong, Nhan Ly-Trong, Huaiyan Ren
Contributed by Lam-Tung Nguyen, Dominik Schrempf, Chris Bielow,
Olga Chernomor, Michael Woodhams, Diep Thi Hoang, Heiko Schmidt

Host:    8084c4e79f09 (AVX512, FMA3, 1133 GB RAM)
Command: /workspace/iqtree-3.1.2-Linux/bin/iqtree3_intel -s /workspace/NeuralNJ/empirical/JarvD5a/exon_7905.fasta -st DNA -m GTR+G -seed 2201 -pre /workspace/IQTree_JarvD5a_Results/exon_7905 -quiet
Seed:    2201 (Using SPRNG - Scalable Parallel Random Number Generator)
Time:    Thu May 28 06:56:14 2026
Kernel:  AVX+FMA - 1 threads (384 CPU cores detected)

HINT: Use -nt option to specify number of threads because your CPU has 384 cores!
HINT: -nt AUTO will automatically determine the best number of threads to use.

Reading alignment file /workspace/NeuralNJ/empirical/JarvD5a/exon_7905.fasta ... Fasta format detected
Reading fasta file: done in 0.000460863 secs using 33.2% CPU
Alignment most likely contains DNA/RNA sequences
Constructing alignment: done in 0.00117683 secs using 52% CPU
Alignment has 48 sequences with 954 columns, 139 distinct patterns
65 parsimony-informative, 58 singleton sites, 831 constant sites
       Gap/Ambiguity  Composition  p-value
Analyzing sequences: done in 1.09673e-05 secs
   1  ACACH    0.84%    passed     99.47%
   2  ANAPL    0.84%    passed     99.98%
   3  APAVI    0.84%    passed     99.90%
   4  APTFO    0.84%    passed     99.99%
   5  BALRE    0.84%    passed     99.87%
   6  BUCRH    0.84%    passed     99.85%
   7  CALAN    4.40%    passed     90.72%
   8  CAPCA    0.84%    passed     99.74%
   9  CARCR    0.84%    passed     98.79%
  10  CATAU    0.84%    passed     99.97%
  11  CHAPE    0.84%    passed     99.69%
  12  CHAVO    0.84%    passed     99.95%
  13  CHLUN    1.05%    passed     99.70%
  14  COLLI    0.84%    passed     95.71%
  15  COLST    0.84%    passed     99.99%
  16  CORBR    0.42%    passed     99.90%
  17  CUCCA    0.84%    passed     95.17%
  18  EGRGA    0.84%    passed    100.00%
  19  EURHE    1.05%    passed     90.70%
  20  FALPE    0.84%    passed     99.32%
  21  FULGL    0.84%    passed     99.69%
  22  GALGA    0.84%    passed     99.11%
  23  GAVST    1.05%    passed     97.61%
  24  GEOFO    0.00%    passed     96.89%
  25  HALAL    0.84%    passed     99.69%
  26  HALLE    0.84%    passed     99.69%
  27  LEPDI    1.05%    passed     99.85%
  28  MANVI    0.84%    passed     99.94%
  29  MELGA    0.84%    passed     99.20%
  30  MELUN    0.84%    passed     97.73%
  31  MERNU   20.34%    passed     25.23%
  32  MESUN    0.84%    passed     96.25%
  33  NESNO    0.42%    passed     99.35%
  34  NIPNI    0.42%    passed     99.24%
  35  OPHHO    0.84%    passed     99.86%
  36  PELCR    0.84%    passed     99.75%
  37  PHACA    0.84%    passed     97.66%
  38  PHALE    0.84%    passed     98.73%
  39  PHORU    0.84%    passed     99.12%
  40  PICPU    0.84%    passed     97.91%
  41  PODCR    0.84%    passed     96.97%
  42  PTEGU    0.84%    passed     99.83%
  43  PYGAD    0.84%    passed     99.97%
  44  STRCA    0.84%    passed     99.57%
  45  TAEGU    0.42%    passed     98.57%
  46  TAUER    0.84%    passed     99.97%
  47  TINMA    0.84%    passed     98.59%
  48  TYTAL    0.84%    passed     99.83%
****  TOTAL    1.28%  0 sequences failed composition chi2 test (p-value<5%; df=3)
NOTE: HALLE is identical to HALAL but kept for subsequent analysis
Checking for duplicate sequences: done in 0.00012207 secs using 42.6% CPU

Create initial parsimony tree by phylogenetic likelihood library (PLL)... 0.001 seconds

NOTE: 0 MB RAM (0 GB) is required!
Estimate model parameters (epsilon = 0.100)
1. Initial log-likelihood: -3281.544
2. Current log-likelihood: -3073.703
3. Current log-likelihood: -3067.860
Optimal log-likelihood: -3067.852
Rate parameters:  A-C: 11.20156  A-G: 19.53418  A-T: 3.84405  C-G: 7.23067  C-T: 30.07399  G-T: 1.00000
Base frequencies:  A: 0.231  C: 0.196  G: 0.281  T: 0.292
Gamma shape alpha: 0.020
Parameters optimization took 3 rounds (0.057 sec)
Wrote distance file to... 
Computing ML distances based on estimated model parameters...
Calculating distance matrix: done in 0.0050292 secs using 100% CPU
Computing ML distances took 0.005065 sec (of wall-clock time) 0.005065 sec (of CPU time)
Setting up auxiliary I and S matrices: done in 0.000231028 secs using 48.05% CPU
Constructing RapidNJ tree: done in 0.000334978 secs using 83.29% CPU
Computing RapidNJ tree took 0.000630 sec (of wall-clock time) 0.000400 sec (of CPU time)
Log-likelihood of RapidNJ tree: -3071.342
--------------------------------------------------------------------
|             INITIALIZING CANDIDATE TREE SET                      |
--------------------------------------------------------------------
Generating 98 parsimony trees... 0.102 second
Computing log-likelihood of 98 initial trees ... 0.109 seconds
Current best score: -3033.982

Do NNI search on 20 best initial trees
Estimate model parameters (epsilon = 0.100)
BETTER TREE FOUND at iteration 1: -3032.215
Estimate model parameters (epsilon = 0.100)
BETTER TREE FOUND at iteration 4: -3030.160
Iteration 10 / LogL: -3044.075 / Time: 0h:0m:0s
Iteration 20 / LogL: -3047.101 / Time: 0h:0m:0s
Finish initializing candidate tree set (20)
Current best tree score: -3030.160 / CPU time: 0.526
Number of iterations: 20
--------------------------------------------------------------------
|               OPTIMIZING CANDIDATE TREE SET                      |
--------------------------------------------------------------------
Iteration 30 / LogL: -3034.256 / Time: 0h:0m:0s (0h:0m:2s left)
Iteration 40 / LogL: -3031.435 / Time: 0h:0m:1s (0h:0m:1s left)
Estimate model parameters (epsilon = 0.100)
BETTER TREE FOUND at iteration 49: -3029.325
Iteration 50 / LogL: -3030.052 / Time: 0h:0m:1s (0h:0m:2s left)
BETTER TREE FOUND at iteration 57: -3029.325
Iteration 60 / LogL: -3029.979 / Time: 0h:0m:1s (0h:0m:2s left)
BETTER TREE FOUND at iteration 65: -3029.324
BETTER TREE FOUND at iteration 66: -3029.324
BETTER TREE FOUND at iteration 69: -3029.323
Iteration 70 / LogL: -3029.324 / Time: 0h:0m:1s (0h:0m:2s left)
Estimate model parameters (epsilon = 0.100)
BETTER TREE FOUND at iteration 71: -3026.327
Iteration 80 / LogL: -3026.860 / Time: 0h:0m:1s (0h:0m:2s left)
Estimate model parameters (epsilon = 0.100)
BETTER TREE FOUND at iteration 84: -3025.543
Estimate model parameters (epsilon = 0.100)
BETTER TREE FOUND at iteration 89: -3025.185
Iteration 90 / LogL: -3028.957 / Time: 0h:0m:2s (0h:0m:2s left)
Iteration 100 / LogL: -3027.857 / Time: 0h:0m:2s (0h:0m:2s left)
BETTER TREE FOUND at iteration 109: -3025.185
Iteration 110 / LogL: -3025.188 / Time: 0h:0m:2s (0h:0m:2s left)
Iteration 120 / LogL: -3028.015 / Time: 0h:0m:2s (0h:0m:1s left)
Iteration 130 / LogL: -3025.188 / Time: 0h:0m:2s (0h:0m:1s left)
Iteration 140 / LogL: -3025.186 / Time: 0h:0m:3s (0h:0m:1s left)
BETTER TREE FOUND at iteration 142: -3025.185
BETTER TREE FOUND at iteration 149: -3025.185
Iteration 150 / LogL: -3028.810 / Time: 0h:0m:3s (0h:0m:2s left)
Iteration 160 / LogL: -3028.014 / Time: 0h:0m:3s (0h:0m:1s left)
BETTER TREE FOUND at iteration 165: -3025.185
Iteration 170 / LogL: -3026.354 / Time: 0h:0m:3s (0h:0m:2s left)
BETTER TREE FOUND at iteration 179: -3025.184
Iteration 180 / LogL: -3025.186 / Time: 0h:0m:3s (0h:0m:2s left)
Estimate model parameters (epsilon = 0.100)
BETTER TREE FOUND at iteration 186: -3024.961
Iteration 190 / LogL: -3027.100 / Time: 0h:0m:4s (0h:0m:2s left)
Iteration 200 / LogL: -3024.961 / Time: 0h:0m:4s (0h:0m:1s left)
Iteration 210 / LogL: -3026.030 / Time: 0h:0m:4s (0h:0m:1s left)
Iteration 220 / LogL: -3025.108 / Time: 0h:0m:4s (0h:0m:1s left)
Iteration 230 / LogL: -3029.178 / Time: 0h:0m:5s (0h:0m:1s left)
Iteration 240 / LogL: -3029.077 / Time: 0h:0m:5s (0h:0m:1s left)
Iteration 250 / LogL: -3024.962 / Time: 0h:0m:5s (0h:0m:0s left)
BETTER TREE FOUND at iteration 255: -3024.961
BETTER TREE FOUND at iteration 258: -3024.961
Iteration 260 / LogL: -3026.831 / Time: 0h:0m:5s (0h:0m:2s left)
Iteration 270 / LogL: -3025.219 / Time: 0h:0m:5s (0h:0m:1s left)
Iteration 280 / LogL: -3029.026 / Time: 0h:0m:6s (0h:0m:1s left)
UPDATE BEST LOG-LIKELIHOOD: -3024.961
Iteration 290 / LogL: -3024.961 / Time: 0h:0m:6s (0h:0m:1s left)
Iteration 300 / LogL: -3032.667 / Time: 0h:0m:6s (0h:0m:1s left)
BETTER TREE FOUND at iteration 302: -3024.961
Iteration 310 / LogL: -3024.961 / Time: 0h:0m:6s (0h:0m:1s left)
Iteration 320 / LogL: -3024.962 / Time: 0h:0m:6s (0h:0m:1s left)
UPDATE BEST LOG-LIKELIHOOD: -3024.961
Iteration 330 / LogL: -3024.961 / Time: 0h:0m:7s (0h:0m:1s left)
Iteration 340 / LogL: -3025.283 / Time: 0h:0m:7s (0h:0m:1s left)
Iteration 350 / LogL: -3024.961 / Time: 0h:0m:7s (0h:0m:1s left)
BETTER TREE FOUND at iteration 356: -3024.960
Iteration 360 / LogL: -3024.961 / Time: 0h:0m:7s (0h:0m:2s left)
Iteration 370 / LogL: -3039.851 / Time: 0h:0m:7s (0h:0m:1s left)
Iteration 380 / LogL: -3024.961 / Time: 0h:0m:8s (0h:0m:1s left)
Iteration 390 / LogL: -3039.349 / Time: 0h:0m:8s (0h:0m:1s left)
Iteration 400 / LogL: -3024.961 / Time: 0h:0m:8s (0h:0m:1s left)
Iteration 410 / LogL: -3025.745 / Time: 0h:0m:8s (0h:0m:0s left)
Iteration 420 / LogL: -3024.961 / Time: 0h:0m:9s (0h:0m:0s left)
BETTER TREE FOUND at iteration 430: -3024.960
Iteration 430 / LogL: -3024.960 / Time: 0h:0m:9s (0h:0m:2s left)
Iteration 440 / LogL: -3024.961 / Time: 0h:0m:9s (0h:0m:1s left)
Iteration 450 / LogL: -3024.962 / Time: 0h:0m:9s (0h:0m:1s left)
Iteration 460 / LogL: -3024.962 / Time: 0h:0m:9s (0h:0m:1s left)
Iteration 470 / LogL: -3024.962 / Time: 0h:0m:10s (0h:0m:1s left)
Iteration 480 / LogL: -3024.961 / Time: 0h:0m:10s (0h:0m:1s left)
Iteration 490 / LogL: -3029.319 / Time: 0h:0m:10s (0h:0m:0s left)
Iteration 500 / LogL: -3031.423 / Time: 0h:0m:10s (0h:0m:0s left)
Iteration 510 / LogL: -3024.961 / Time: 0h:0m:10s (0h:0m:0s left)
Iteration 520 / LogL: -3024.961 / Time: 0h:0m:11s (0h:0m:0s left)
BETTER TREE FOUND at iteration 525: -3024.960
Iteration 530 / LogL: -3024.961 / Time: 0h:0m:11s (0h:0m:2s left)
Iteration 540 / LogL: -3027.675 / Time: 0h:0m:11s (0h:0m:1s left)
Iteration 550 / LogL: -3029.298 / Time: 0h:0m:11s (0h:0m:1s left)
Iteration 560 / LogL: -3027.028 / Time: 0h:0m:11s (0h:0m:1s left)
Estimate model parameters (epsilon = 0.100)
BETTER TREE FOUND at iteration 566: -3023.911
Iteration 570 / LogL: -3025.262 / Time: 0h:0m:12s (0h:0m:2s left)
UPDATE BEST LOG-LIKELIHOOD: -3023.911
Iteration 580 / LogL: -3023.912 / Time: 0h:0m:12s (0h:0m:1s left)
Iteration 590 / LogL: -3035.734 / Time: 0h:0m:12s (0h:0m:1s left)
Iteration 600 / LogL: -3025.262 / Time: 0h:0m:12s (0h:0m:1s left)
BETTER TREE FOUND at iteration 601: -3023.911
Iteration 610 / LogL: -3023.912 / Time: 0h:0m:13s (0h:0m:1s left)
UPDATE BEST LOG-LIKELIHOOD: -3023.911
Iteration 620 / LogL: -3023.912 / Time: 0h:0m:13s (0h:0m:1s left)
Iteration 630 / LogL: -3023.912 / Time: 0h:0m:13s (0h:0m:1s left)
Iteration 640 / LogL: -3023.911 / Time: 0h:0m:13s (0h:0m:1s left)
BETTER TREE FOUND at iteration 642: -3023.911
Iteration 650 / LogL: -3025.104 / Time: 0h:0m:13s (0h:0m:1s left)
Iteration 660 / LogL: -3029.065 / Time: 0h:0m:14s (0h:0m:1s left)
Iteration 670 / LogL: -3027.762 / Time: 0h:0m:14s (0h:0m:1s left)
Iteration 680 / LogL: -3031.132 / Time: 0h:0m:14s (0h:0m:1s left)
Iteration 690 / LogL: -3024.223 / Time: 0h:0m:14s (0h:0m:1s left)
Iteration 700 / LogL: -3023.911 / Time: 0h:0m:14s (0h:0m:0s left)
Iteration 710 / LogL: -3023.911 / Time: 0h:0m:15s (0h:0m:0s left)
Iteration 720 / LogL: -3025.103 / Time: 0h:0m:15s (0h:0m:0s left)
BETTER TREE FOUND at iteration 729: -3023.911
Iteration 730 / LogL: -3027.416 / Time: 0h:0m:15s (0h:0m:2s left)
BETTER TREE FOUND at iteration 738: -3023.911
Iteration 740 / LogL: -3024.760 / Time: 0h:0m:15s (0h:0m:2s left)
Iteration 750 / LogL: -3024.759 / Time: 0h:0m:15s (0h:0m:1s left)
Iteration 760 / LogL: -3027.978 / Time: 0h:0m:16s (0h:0m:1s left)
Iteration 770 / LogL: -3025.267 / Time: 0h:0m:16s (0h:0m:1s left)
Iteration 780 / LogL: -3023.912 / Time: 0h:0m:16s (0h:0m:1s left)
Iteration 790 / LogL: -3023.911 / Time: 0h:0m:16s (0h:0m:1s left)
Iteration 800 / LogL: -3023.911 / Time: 0h:0m:17s (0h:0m:0s left)
Iteration 810 / LogL: -3023.911 / Time: 0h:0m:17s (0h:0m:0s left)
Iteration 820 / LogL: -3031.557 / Time: 0h:0m:17s (0h:0m:0s left)
Iteration 830 / LogL: -3027.878 / Time: 0h:0m:17s (0h:0m:0s left)
Estimate model parameters (epsilon = 0.100)
BETTER TREE FOUND at iteration 834: -3023.424
Iteration 840 / LogL: -3023.915 / Time: 0h:0m:17s (0h:0m:2s left)
Iteration 850 / LogL: -3027.851 / Time: 0h:0m:18s (0h:0m:1s left)
UPDATE BEST LOG-LIKELIHOOD: -3023.424
Iteration 860 / LogL: -3033.833 / Time: 0h:0m:18s (0h:0m:1s left)
BETTER TREE FOUND at iteration 865: -3023.424
Iteration 870 / LogL: -3035.889 / Time: 0h:0m:18s (0h:0m:2s left)
UPDATE BEST LOG-LIKELIHOOD: -3023.424
Iteration 880 / LogL: -3023.425 / Time: 0h:0m:18s (0h:0m:1s left)
Iteration 890 / LogL: -3024.194 / Time: 0h:0m:18s (0h:0m:1s left)
UPDATE BEST LOG-LIKELIHOOD: -3023.424
Iteration 900 / LogL: -3023.424 / Time: 0h:0m:19s (0h:0m:1s left)
Iteration 910 / LogL: -3023.425 / Time: 0h:0m:19s (0h:0m:1s left)
Iteration 920 / LogL: -3030.476 / Time: 0h:0m:19s (0h:0m:0s left)
Iteration 930 / LogL: -3025.880 / Time: 0h:0m:19s (0h:0m:0s left)
BETTER TREE FOUND at iteration 931: -3023.423
Iteration 940 / LogL: -3023.424 / Time: 0h:0m:20s (0h:0m:1s left)
UPDATE BEST LOG-LIKELIHOOD: -3023.423
UPDATE BEST LOG-LIKELIHOOD: -3023.423
Iteration 950 / LogL: -3024.597 / Time: 0h:0m:20s (0h:0m:1s left)
Iteration 960 / LogL: -3028.535 / Time: 0h:0m:20s (0h:0m:1s left)
UPDATE BEST LOG-LIKELIHOOD: -3023.423
Iteration 970 / LogL: -3029.811 / Time: 0h:0m:20s (0h:0m:1s left)
Iteration 980 / LogL: -3037.784 / Time: 0h:0m:20s (0h:0m:1s left)
Iteration 990 / LogL: -3024.466 / Time: 0h:0m:21s (0h:0m:0s left)
UPDATE BEST LOG-LIKELIHOOD: -3023.423
Iteration 1000 / LogL: -3025.580 / Time: 0h:0m:21s (0h:0m:0s left)
Iteration 1010 / LogL: -3023.423 / Time: 0h:0m:21s (0h:0m:0s left)
Iteration 1020 / LogL: -3027.362 / Time: 0h:0m:21s (0h:0m:0s left)
Iteration 1030 / LogL: -3023.423 / Time: 0h:0m:21s (0h:0m:0s left)
TREE SEARCH COMPLETED AFTER 1032 ITERATIONS / Time: 0h:0m:21s

--------------------------------------------------------------------
|                    FINALIZING TREE SEARCH                        |
--------------------------------------------------------------------
Performs final model parameters optimization
Estimate model parameters (epsilon = 0.010)
1. Initial log-likelihood: -3023.423
Optimal log-likelihood: -3023.421
Rate parameters:  A-C: 9.23871  A-G: 18.37146  A-T: 3.33599  C-G: 5.75405  C-T: 32.91595  G-T: 1.00000
Base frequencies:  A: 0.231  C: 0.196  G: 0.281  T: 0.292
Gamma shape alpha: 0.020
Parameters optimization took 1 rounds (0.005 sec)
BEST SCORE FOUND : -3023.421
Total tree length: 0.412

Total number of iterations: 1032
CPU time used for tree search: 22.038 sec (0h:0m:22s)
Wall-clock time used for tree search: 21.891 sec (0h:0m:21s)
Total CPU time used: 22.122 sec (0h:0m:22s)
Total wall-clock time used: 21.970 sec (0h:0m:21s)

Analysis results written to: 
  IQ-TREE report:                /workspace/IQTree_JarvD5a_Results/exon_7905.iqtree
  Maximum-likelihood tree:       /workspace/IQTree_JarvD5a_Results/exon_7905.treefile
  Likelihood distances:          /workspace/IQTree_JarvD5a_Results/exon_7905.mldist
  Screen log file:               /workspace/IQTree_JarvD5a_Results/exon_7905.log

Date and Time: Thu May 28 06:56:37 2026
