IQ-TREE version 3.1.2 for Linux x86 64-bit built May  7 2026
Developed by Bui Quang Minh, Thomas Wong, Nhan Ly-Trong, Huaiyan Ren
Contributed by Lam-Tung Nguyen, Dominik Schrempf, Chris Bielow,
Olga Chernomor, Michael Woodhams, Diep Thi Hoang, Heiko Schmidt

Host:    8084c4e79f09 (AVX512, FMA3, 1133 GB RAM)
Command: /workspace/iqtree-3.1.2-Linux/bin/iqtree3_intel -s /workspace/NeuralNJ/empirical/JarvD5a/exon_11354.fasta -st DNA -m GTR+G -seed 2201 -pre /workspace/IQTree_JarvD5a_Results/exon_11354 -quiet
Seed:    2201 (Using SPRNG - Scalable Parallel Random Number Generator)
Time:    Wed May 27 12:44:53 2026
Kernel:  AVX+FMA - 1 threads (384 CPU cores detected)

HINT: Use -nt option to specify number of threads because your CPU has 384 cores!
HINT: -nt AUTO will automatically determine the best number of threads to use.

Reading alignment file /workspace/NeuralNJ/empirical/JarvD5a/exon_11354.fasta ... Fasta format detected
Reading fasta file: done in 0.000414133 secs using 26.56% CPU
Alignment most likely contains DNA/RNA sequences
Constructing alignment: done in 0.00115395 secs using 98.79% CPU
Alignment has 42 sequences with 1026 columns, 133 distinct patterns
47 parsimony-informative, 39 singleton sites, 940 constant sites
       Gap/Ambiguity  Composition  p-value
Analyzing sequences: done in 1.00136e-05 secs using 109.9% CPU
   1  ANAPL    1.75%    passed     98.65%
   2  APTFO    1.95%    passed     93.71%
   3  BUCRH    3.51%    passed     95.38%
   4  CALAN    3.70%    passed     99.55%
   5  CAPCA   15.98%    passed     99.91%
   6  CARCR    0.97%    passed     92.96%
   7  CATAU    1.95%    passed     94.91%
   8  CHAPE    3.51%    passed     98.49%
   9  CHAVO    0.97%    passed     99.60%
  10  CHLUN    1.95%    passed     99.82%
  11  COLLI    3.51%    passed     94.44%
  12  COLST   12.09%    passed     96.54%
  13  CORBR    3.51%    passed     82.00%
  14  CUCCA    3.51%    passed     99.66%
  15  EGRGA    3.51%    passed     99.54%
  16  EURHE   15.98%    passed     99.88%
  17  FALPE    1.95%    passed     94.67%
  18  FULGL    1.95%    passed     95.94%
  19  GALGA    0.97%    passed     99.59%
  20  GAVST    1.95%    passed     98.31%
  21  GEOFO    3.51%    passed     69.80%
  22  HALAL    1.95%    passed     95.94%
  23  HALLE   10.92%    passed     79.77%
  24  LEPDI   23.20%    passed     92.01%
  25  MANVI    4.87%    passed     70.05%
  26  MELGA    0.97%    passed     98.57%
  27  MELUN    1.95%    passed     94.95%
  28  MERNU    1.95%    passed     97.60%
  29  MESUN    3.51%    passed     99.61%
  30  NESNO    1.95%    passed     96.91%
  31  NIPNI    1.95%    passed     96.55%
  32  OPHHO    3.51%    passed     99.16%
  33  PHACA    1.95%    passed     96.84%
  34  PICPU    2.34%    passed     92.40%
  35  PODCR    1.95%    passed     95.94%
  36  PTEGU    3.51%    passed     99.86%
  37  PYGAD    0.00%    passed     90.19%
  38  STRCA    3.51%    passed     99.81%
  39  TAEGU    8.97%    passed     82.76%
  40  TAUER    3.31%    passed     99.54%
  41  TINMA    4.09%    passed     56.75%
  42  TYTAL   24.76%    passed     99.47%
****  TOTAL    4.76%  0 sequences failed composition chi2 test (p-value<5%; df=3)
Checking for duplicate sequences: done in 9.20296e-05 secs using 98.88% CPU

Create initial parsimony tree by phylogenetic likelihood library (PLL)... 0.001 seconds

NOTE: 0 MB RAM (0 GB) is required!
Estimate model parameters (epsilon = 0.100)
1. Initial log-likelihood: -2808.003
2. Current log-likelihood: -2627.634
3. Current log-likelihood: -2611.297
4. Current log-likelihood: -2610.574
Optimal log-likelihood: -2610.570
Rate parameters:  A-C: 1.67485  A-G: 0.44941  A-T: 0.27314  C-G: 0.67758  C-T: 7.22869  G-T: 1.00000
Base frequencies:  A: 0.313  C: 0.201  G: 0.243  T: 0.243
Gamma shape alpha: 0.020
Parameters optimization took 4 rounds (0.043 sec)
Wrote distance file to... 
Computing ML distances based on estimated model parameters...
Calculating distance matrix: done in 0.00518823 secs using 100% CPU
Computing ML distances took 0.005225 sec (of wall-clock time) 0.005226 sec (of CPU time)
Setting up auxiliary I and S matrices: done in 0.000102043 secs using 165.6% CPU
Constructing RapidNJ tree: done in 0.000372887 secs using 100% CPU
Computing RapidNJ tree took 0.000553 sec (of wall-clock time) 0.000619 sec (of CPU time)
Log-likelihood of RapidNJ tree: -2623.909
--------------------------------------------------------------------
|             INITIALIZING CANDIDATE TREE SET                      |
--------------------------------------------------------------------
Generating 98 parsimony trees... 0.080 second
Computing log-likelihood of 98 initial trees ... 0.094 seconds
Current best score: -2603.289

Do NNI search on 20 best initial trees
Estimate model parameters (epsilon = 0.100)
BETTER TREE FOUND at iteration 1: -2595.388
Estimate model parameters (epsilon = 0.100)
BETTER TREE FOUND at iteration 4: -2594.617
Iteration 10 / LogL: -2604.436 / Time: 0h:0m:0s
Iteration 20 / LogL: -2607.249 / Time: 0h:0m:0s
Finish initializing candidate tree set (20)
Current best tree score: -2594.617 / CPU time: 0.696
Number of iterations: 20
--------------------------------------------------------------------
|               OPTIMIZING CANDIDATE TREE SET                      |
--------------------------------------------------------------------
Estimate model parameters (epsilon = 0.100)
BETTER TREE FOUND at iteration 22: -2594.497
Estimate model parameters (epsilon = 0.100)
BETTER TREE FOUND at iteration 25: -2593.798
BETTER TREE FOUND at iteration 29: -2593.795
Iteration 30 / LogL: -2594.815 / Time: 0h:0m:1s (0h:0m:3s left)
Estimate model parameters (epsilon = 0.100)
BETTER TREE FOUND at iteration 35: -2593.626
Iteration 40 / LogL: -2593.635 / Time: 0h:0m:1s (0h:0m:3s left)
Estimate model parameters (epsilon = 0.100)
BETTER TREE FOUND at iteration 47: -2593.487
Estimate model parameters (epsilon = 0.100)
BETTER TREE FOUND at iteration 49: -2593.476
Iteration 50 / LogL: -2598.629 / Time: 0h:0m:1s (0h:0m:3s left)
Iteration 60 / LogL: -2598.593 / Time: 0h:0m:1s (0h:0m:2s left)
Estimate model parameters (epsilon = 0.100)
BETTER TREE FOUND at iteration 64: -2593.362
Estimate model parameters (epsilon = 0.100)
BETTER TREE FOUND at iteration 70: -2592.452
Iteration 70 / LogL: -2592.452 / Time: 0h:0m:2s (0h:0m:2s left)
Estimate model parameters (epsilon = 0.100)
BETTER TREE FOUND at iteration 78: -2591.164
Iteration 80 / LogL: -2598.100 / Time: 0h:0m:2s (0h:0m:2s left)
BETTER TREE FOUND at iteration 83: -2591.163
BETTER TREE FOUND at iteration 85: -2591.163
Iteration 90 / LogL: -2591.494 / Time: 0h:0m:2s (0h:0m:2s left)
Estimate model parameters (epsilon = 0.100)
BETTER TREE FOUND at iteration 97: -2590.691
Iteration 100 / LogL: -2590.829 / Time: 0h:0m:2s (0h:0m:2s left)
Estimate model parameters (epsilon = 0.100)
BETTER TREE FOUND at iteration 101: -2590.631
BETTER TREE FOUND at iteration 106: -2590.629
Estimate model parameters (epsilon = 0.100)
BETTER TREE FOUND at iteration 108: -2590.501
Iteration 110 / LogL: -2590.690 / Time: 0h:0m:3s (0h:0m:2s left)
BETTER TREE FOUND at iteration 118: -2590.501
BETTER TREE FOUND at iteration 119: -2590.499
Iteration 120 / LogL: -2590.815 / Time: 0h:0m:3s (0h:0m:2s left)
BETTER TREE FOUND at iteration 124: -2590.499
BETTER TREE FOUND at iteration 129: -2590.498
Iteration 130 / LogL: -2590.690 / Time: 0h:0m:3s (0h:0m:2s left)
Iteration 140 / LogL: -2590.500 / Time: 0h:0m:3s (0h:0m:2s left)
Iteration 150 / LogL: -2590.644 / Time: 0h:0m:3s (0h:0m:2s left)
BETTER TREE FOUND at iteration 155: -2590.496
Iteration 160 / LogL: -2593.262 / Time: 0h:0m:4s (0h:0m:2s left)
Estimate model parameters (epsilon = 0.100)
BETTER TREE FOUND at iteration 162: -2590.415
Iteration 170 / LogL: -2590.642 / Time: 0h:0m:4s (0h:0m:2s left)
Iteration 180 / LogL: -2590.499 / Time: 0h:0m:4s (0h:0m:2s left)
Iteration 190 / LogL: -2590.551 / Time: 0h:0m:4s (0h:0m:1s left)
Iteration 200 / LogL: -2591.814 / Time: 0h:0m:5s (0h:0m:1s left)
Iteration 210 / LogL: -2593.934 / Time: 0h:0m:5s (0h:0m:1s left)
Iteration 220 / LogL: -2590.604 / Time: 0h:0m:5s (0h:0m:1s left)
Iteration 230 / LogL: -2590.416 / Time: 0h:0m:5s (0h:0m:0s left)
Iteration 240 / LogL: -2596.875 / Time: 0h:0m:6s (0h:0m:0s left)
Iteration 250 / LogL: -2591.235 / Time: 0h:0m:6s (0h:0m:0s left)
Iteration 260 / LogL: -2591.660 / Time: 0h:0m:6s (0h:0m:0s left)
TREE SEARCH COMPLETED AFTER 263 ITERATIONS / Time: 0h:0m:6s

--------------------------------------------------------------------
|                    FINALIZING TREE SEARCH                        |
--------------------------------------------------------------------
Performs final model parameters optimization
Estimate model parameters (epsilon = 0.010)
1. Initial log-likelihood: -2590.415
Optimal log-likelihood: -2590.415
Rate parameters:  A-C: 1.97100  A-G: 0.41981  A-T: 0.33041  C-G: 0.91467  C-T: 10.76766  G-T: 1.00000
Base frequencies:  A: 0.313  C: 0.201  G: 0.243  T: 0.243
Gamma shape alpha: 0.020
Parameters optimization took 1 rounds (0.005 sec)
BEST SCORE FOUND : -2590.415
Total tree length: 0.417

Total number of iterations: 263
CPU time used for tree search: 6.289 sec (0h:0m:6s)
Wall-clock time used for tree search: 6.657 sec (0h:0m:6s)
Total CPU time used: 6.361 sec (0h:0m:6s)
Total wall-clock time used: 6.724 sec (0h:0m:6s)

Analysis results written to: 
  IQ-TREE report:                /workspace/IQTree_JarvD5a_Results/exon_11354.iqtree
  Maximum-likelihood tree:       /workspace/IQTree_JarvD5a_Results/exon_11354.treefile
  Likelihood distances:          /workspace/IQTree_JarvD5a_Results/exon_11354.mldist
  Screen log file:               /workspace/IQTree_JarvD5a_Results/exon_11354.log

Date and Time: Wed May 27 12:45:00 2026
