IQ-TREE version 3.1.2 for Linux x86 64-bit built May  7 2026
Developed by Bui Quang Minh, Thomas Wong, Nhan Ly-Trong, Huaiyan Ren
Contributed by Lam-Tung Nguyen, Dominik Schrempf, Chris Bielow,
Olga Chernomor, Michael Woodhams, Diep Thi Hoang, Heiko Schmidt

Host:    8084c4e79f09 (AVX512, FMA3, 1133 GB RAM)
Command: /workspace/iqtree-3.1.2-Linux/bin/iqtree3_intel -s /workspace/NeuralNJ/empirical/JarvD5a/exon_1495.fasta -st DNA -m GTR+G -seed 2201 -pre /workspace/IQTree_JarvD5a_Results/exon_1495 -quiet
Seed:    2201 (Using SPRNG - Scalable Parallel Random Number Generator)
Time:    Wed May 27 20:52:23 2026
Kernel:  AVX+FMA - 1 threads (384 CPU cores detected)

HINT: Use -nt option to specify number of threads because your CPU has 384 cores!
HINT: -nt AUTO will automatically determine the best number of threads to use.

Reading alignment file /workspace/NeuralNJ/empirical/JarvD5a/exon_1495.fasta ... Fasta format detected
Reading fasta file: done in 0.000349998 secs using 78% CPU
Alignment most likely contains DNA/RNA sequences
Constructing alignment: done in 0.000842094 secs using 52.13% CPU
Alignment has 48 sequences with 718 columns, 221 distinct patterns
102 parsimony-informative, 92 singleton sites, 524 constant sites
       Gap/Ambiguity  Composition  p-value
Analyzing sequences: done in 1.69277e-05 secs
   1  ACACH    6.69%    passed     93.88%
   2  ANAPL   13.65%    passed     99.59%
   3  APAVI   11.14%    passed     97.19%
   4  APTFO    5.29%    passed     98.24%
   5  BALRE    5.57%    passed     99.90%
   6  BUCRH    9.19%    passed     99.37%
   7  CALAN    5.57%    passed     98.17%
   8  CAPCA    6.69%    passed     99.50%
   9  CARCR    6.69%    passed     99.54%
  10  CATAU   31.20%    passed     98.32%
  11  CHAPE    3.62%    passed     39.01%
  12  CHAVO    6.69%    passed     98.62%
  13  CHLUN    6.69%    passed     98.83%
  14  COLLI   14.48%    passed     96.73%
  15  COLST    6.69%    passed     99.10%
  16  CORBR    7.52%    passed     95.76%
  17  CUCCA    7.52%    passed     96.56%
  18  EGRGA   13.65%    passed     99.76%
  19  EURHE   28.69%    passed     94.24%
  20  FALPE    6.69%    passed     98.41%
  21  FULGL   12.26%    passed     98.23%
  22  GALGA    1.95%    passed     85.25%
  23  GAVST    6.69%    passed     99.89%
  24  GEOFO    5.57%    passed     93.74%
  25  HALAL    6.69%    passed     99.89%
  26  HALLE    6.69%    passed     99.89%
  27  LEPDI    7.52%    passed     92.04%
  28  MANVI   12.53%    passed     98.20%
  29  MELGA   14.48%    passed     99.13%
  30  MELUN   12.81%    passed     86.76%
  31  MERNU    6.69%    passed     98.69%
  32  MESUN   20.61%    passed     93.96%
  33  NESNO    6.69%    passed     99.71%
  34  NIPNI    8.91%    passed     79.22%
  35  OPHHO    5.29%    passed     99.53%
  36  PELCR   11.42%    passed     99.31%
  37  PHACA    6.69%    passed     97.27%
  38  PHALE    6.69%    passed     97.47%
  39  PHORU    5.29%    passed     98.38%
  40  PICPU    6.69%    passed     99.44%
  41  PODCR   11.42%    passed     67.10%
  42  PTEGU   11.14%    passed     75.00%
  43  PYGAD    5.29%    passed     99.13%
  44  STRCA   11.14%    passed     97.54%
  45  TAEGU    2.51%    passed     97.58%
  46  TAUER    6.69%    passed     98.41%
  47  TINMA    6.96%    passed     92.62%
  48  TYTAL   15.60%    passed     99.94%
****  TOTAL    9.31%  0 sequences failed composition chi2 test (p-value<5%; df=3)
NOTE: HALLE is identical to HALAL but kept for subsequent analysis
Checking for duplicate sequences: done in 0.00011301 secs

Create initial parsimony tree by phylogenetic likelihood library (PLL)... 0.001 seconds

NOTE: 1 MB RAM (0 GB) is required!
Estimate model parameters (epsilon = 0.100)
1. Initial log-likelihood: -3863.811
2. Current log-likelihood: -3624.493
3. Current log-likelihood: -3603.229
4. Current log-likelihood: -3602.959
Optimal log-likelihood: -3602.935
Rate parameters:  A-C: 0.61295  A-G: 1.33118  A-T: 0.54945  C-G: 0.86616  C-T: 2.59352  G-T: 1.00000
Base frequencies:  A: 0.369  C: 0.201  G: 0.224  T: 0.205
Gamma shape alpha: 0.171
Parameters optimization took 4 rounds (0.051 sec)
Wrote distance file to... 
Computing ML distances based on estimated model parameters...
Calculating distance matrix: done in 0.00582194 secs using 99.33% CPU
Computing ML distances took 0.005872 sec (of wall-clock time) 0.005824 sec (of CPU time)
Setting up auxiliary I and S matrices: done in 0.000261068 secs using 76.99% CPU
Constructing RapidNJ tree: done in 0.000464916 secs using 236% CPU
Computing RapidNJ tree took 0.000817 sec (of wall-clock time) 0.001410 sec (of CPU time)
Log-likelihood of RapidNJ tree: -3648.831
--------------------------------------------------------------------
|             INITIALIZING CANDIDATE TREE SET                      |
--------------------------------------------------------------------
Generating 98 parsimony trees... 0.135 second
Computing log-likelihood of 98 initial trees ... 0.189 seconds
Current best score: -3582.225

Do NNI search on 20 best initial trees
Estimate model parameters (epsilon = 0.100)
BETTER TREE FOUND at iteration 1: -3571.797
Iteration 10 / LogL: -3598.202 / Time: 0h:0m:0s
Iteration 20 / LogL: -3591.964 / Time: 0h:0m:1s
Finish initializing candidate tree set (20)
Current best tree score: -3571.797 / CPU time: 1.168
Number of iterations: 20
--------------------------------------------------------------------
|               OPTIMIZING CANDIDATE TREE SET                      |
--------------------------------------------------------------------
Estimate model parameters (epsilon = 0.100)
BETTER TREE FOUND at iteration 30: -3570.405
Iteration 30 / LogL: -3570.405 / Time: 0h:0m:1s (0h:0m:5s left)
Estimate model parameters (epsilon = 0.100)
BETTER TREE FOUND at iteration 32: -3569.394
Iteration 40 / LogL: -3570.850 / Time: 0h:0m:1s (0h:0m:4s left)
Iteration 50 / LogL: -3587.602 / Time: 0h:0m:2s (0h:0m:3s left)
Iteration 60 / LogL: -3569.413 / Time: 0h:0m:2s (0h:0m:3s left)
Iteration 70 / LogL: -3570.055 / Time: 0h:0m:3s (0h:0m:2s left)
Iteration 80 / LogL: -3569.396 / Time: 0h:0m:3s (0h:0m:2s left)
BETTER TREE FOUND at iteration 82: -3569.394
Iteration 90 / LogL: -3569.395 / Time: 0h:0m:3s (0h:0m:4s left)
Iteration 100 / LogL: -3570.041 / Time: 0h:0m:4s (0h:0m:3s left)
Estimate model parameters (epsilon = 0.100)
BETTER TREE FOUND at iteration 106: -3568.540
BETTER TREE FOUND at iteration 109: -3568.533
Iteration 110 / LogL: -3576.186 / Time: 0h:0m:4s (0h:0m:4s left)
UPDATE BEST LOG-LIKELIHOOD: -3568.523
Estimate model parameters (epsilon = 0.100)
BETTER TREE FOUND at iteration 119: -3568.506
Iteration 120 / LogL: -3572.254 / Time: 0h:0m:5s (0h:0m:4s left)
BETTER TREE FOUND at iteration 129: -3568.506
Iteration 130 / LogL: -3568.508 / Time: 0h:0m:5s (0h:0m:4s left)
Iteration 140 / LogL: -3568.524 / Time: 0h:0m:5s (0h:0m:3s left)
Iteration 150 / LogL: -3575.341 / Time: 0h:0m:6s (0h:0m:3s left)
Iteration 160 / LogL: -3568.506 / Time: 0h:0m:6s (0h:0m:2s left)
Iteration 170 / LogL: -3569.971 / Time: 0h:0m:6s (0h:0m:2s left)
Iteration 180 / LogL: -3571.400 / Time: 0h:0m:7s (0h:0m:1s left)
Iteration 190 / LogL: -3569.440 / Time: 0h:0m:7s (0h:0m:1s left)
Iteration 200 / LogL: -3572.040 / Time: 0h:0m:8s (0h:0m:1s left)
Iteration 210 / LogL: -3598.755 / Time: 0h:0m:8s (0h:0m:0s left)
Iteration 220 / LogL: -3569.543 / Time: 0h:0m:8s (0h:0m:0s left)
Iteration 230 / LogL: -3572.352 / Time: 0h:0m:9s (0h:0m:-1s left)
TREE SEARCH COMPLETED AFTER 230 ITERATIONS / Time: 0h:0m:9s

--------------------------------------------------------------------
|                    FINALIZING TREE SEARCH                        |
--------------------------------------------------------------------
Performs final model parameters optimization
Estimate model parameters (epsilon = 0.010)
1. Initial log-likelihood: -3568.506
Optimal log-likelihood: -3568.506
Rate parameters:  A-C: 0.56924  A-G: 1.23626  A-T: 0.52608  C-G: 0.85026  C-T: 2.59905  G-T: 1.00000
Base frequencies:  A: 0.369  C: 0.201  G: 0.224  T: 0.205
Gamma shape alpha: 0.174
Parameters optimization took 1 rounds (0.006 sec)
BEST SCORE FOUND : -3568.506
Total tree length: 1.615

Total number of iterations: 230
CPU time used for tree search: 8.806 sec (0h:0m:8s)
Wall-clock time used for tree search: 9.219 sec (0h:0m:9s)
Total CPU time used: 8.892 sec (0h:0m:8s)
Total wall-clock time used: 9.300 sec (0h:0m:9s)

Analysis results written to: 
  IQ-TREE report:                /workspace/IQTree_JarvD5a_Results/exon_1495.iqtree
  Maximum-likelihood tree:       /workspace/IQTree_JarvD5a_Results/exon_1495.treefile
  Likelihood distances:          /workspace/IQTree_JarvD5a_Results/exon_1495.mldist
  Screen log file:               /workspace/IQTree_JarvD5a_Results/exon_1495.log

Date and Time: Wed May 27 20:52:32 2026
