IQ-TREE version 3.1.2 for Linux x86 64-bit built May  7 2026
Developed by Bui Quang Minh, Thomas Wong, Nhan Ly-Trong, Huaiyan Ren
Contributed by Lam-Tung Nguyen, Dominik Schrempf, Chris Bielow,
Olga Chernomor, Michael Woodhams, Diep Thi Hoang, Heiko Schmidt

Host:    8084c4e79f09 (AVX512, FMA3, 1133 GB RAM)
Command: /workspace/iqtree-3.1.2-Linux/bin/iqtree3_intel -s /workspace/NeuralNJ/empirical/JarvD5a/exon_3513.fasta -st DNA -m GTR+G -seed 2201 -pre /workspace/IQTree_JarvD5a_Results/exon_3513 -quiet
Seed:    2201 (Using SPRNG - Scalable Parallel Random Number Generator)
Time:    Thu May 28 00:45:59 2026
Kernel:  AVX+FMA - 1 threads (384 CPU cores detected)

HINT: Use -nt option to specify number of threads because your CPU has 384 cores!
HINT: -nt AUTO will automatically determine the best number of threads to use.

Reading alignment file /workspace/NeuralNJ/empirical/JarvD5a/exon_3513.fasta ... Fasta format detected
Reading fasta file: done in 0.000656843 secs using 9.896% CPU
Alignment most likely contains DNA/RNA sequences
Constructing alignment: done in 0.00167799 secs
Alignment has 48 sequences with 1448 columns, 346 distinct patterns
196 parsimony-informative, 139 singleton sites, 1113 constant sites
       Gap/Ambiguity  Composition  p-value
Analyzing sequences: done in 2.59876e-05 secs
   1  ACACH    5.80%    passed     90.76%
   2  ANAPL    5.52%    passed     99.78%
   3  APAVI    5.52%    passed     98.13%
   4  APTFO    5.52%    passed     99.12%
   5  BALRE    5.52%    passed     96.02%
   6  BUCRH    5.80%    passed     99.38%
   7  CALAN    5.52%    passed     98.80%
   8  CAPCA    5.52%    passed     99.35%
   9  CARCR   33.84%    passed     92.74%
  10  CATAU   33.84%    passed     94.40%
  11  CHAPE    5.52%    passed     99.75%
  12  CHAVO    5.11%    passed     99.87%
  13  CHLUN    5.52%    passed     98.35%
  14  COLLI    5.80%    passed     99.41%
  15  COLST   33.84%    passed     68.88%
  16  CORBR    5.80%    passed     99.67%
  17  CUCCA    5.52%    passed     96.56%
  18  EGRGA    5.52%    passed     99.48%
  19  EURHE    5.52%    passed     93.80%
  20  FALPE    5.66%    passed     99.31%
  21  FULGL   33.84%    passed     94.97%
  22  GALGA    0.97%    passed     98.32%
  23  GAVST   33.84%    passed     99.05%
  24  GEOFO    5.80%    passed     98.87%
  25  HALAL   33.84%    passed     96.38%
  26  HALLE    5.52%    passed     98.13%
  27  LEPDI   33.84%    passed     90.48%
  28  MANVI    5.94%    passed     99.90%
  29  MELGA    5.52%    passed     95.38%
  30  MELUN    5.52%    passed     99.45%
  31  MERNU    5.52%    passed     99.83%
  32  MESUN    5.52%    passed     97.72%
  33  NESNO    5.52%    passed     99.88%
  34  NIPNI    5.52%    passed     94.87%
  35  OPHHO    5.52%    passed     99.31%
  36  PELCR   33.84%    passed     94.26%
  37  PHACA   33.84%    passed     97.53%
  38  PHALE    6.22%    passed     93.35%
  39  PHORU    5.52%    passed     95.48%
  40  PICPU    6.22%    failed      1.00%
  41  PODCR    5.52%    passed     95.52%
  42  PTEGU    5.52%    passed     93.40%
  43  PYGAD    5.52%    passed     99.97%
  44  STRCA    5.25%    passed     91.67%
  45  TAEGU    1.10%    passed     98.33%
  46  TAUER    5.52%    passed     99.56%
  47  TINMA    5.25%    passed     96.92%
  48  TYTAL   33.84%    passed     93.33%
****  TOTAL   11.29%  1 sequences failed composition chi2 test (p-value<5%; df=3)
Checking for duplicate sequences: done in 0.000120878 secs using 100.1% CPU

Create initial parsimony tree by phylogenetic likelihood library (PLL)... 0.001 seconds

NOTE: 2 MB RAM (0 GB) is required!
Estimate model parameters (epsilon = 0.100)
1. Initial log-likelihood: -6908.304
2. Current log-likelihood: -6497.296
3. Current log-likelihood: -6494.083
Optimal log-likelihood: -6494.011
Rate parameters:  A-C: 1.16551  A-G: 3.92516  A-T: 0.34360  C-G: 0.88697  C-T: 3.45338  G-T: 1.00000
Base frequencies:  A: 0.312  C: 0.223  G: 0.231  T: 0.235
Gamma shape alpha: 0.155
Parameters optimization took 3 rounds (0.074 sec)
Wrote distance file to... 
Computing ML distances based on estimated model parameters...
Calculating distance matrix: done in 0.005867 secs using 94.77% CPU
Computing ML distances took 0.005944 sec (of wall-clock time) 0.005638 sec (of CPU time)
Setting up auxiliary I and S matrices: done in 0.000255823 secs using 100.1% CPU
Constructing RapidNJ tree: done in 0.000477076 secs using 78.18% CPU
Computing RapidNJ tree took 0.000807 sec (of wall-clock time) 0.000702 sec (of CPU time)
Log-likelihood of RapidNJ tree: -6548.100
--------------------------------------------------------------------
|             INITIALIZING CANDIDATE TREE SET                      |
--------------------------------------------------------------------
Generating 98 parsimony trees... 0.168 second
Computing log-likelihood of 98 initial trees ... 0.204 seconds
Current best score: -6475.470

Do NNI search on 20 best initial trees
Estimate model parameters (epsilon = 0.100)
BETTER TREE FOUND at iteration 1: -6466.992
Iteration 10 / LogL: -6481.591 / Time: 0h:0m:0s
Iteration 20 / LogL: -6479.214 / Time: 0h:0m:1s
Finish initializing candidate tree set (20)
Current best tree score: -6466.992 / CPU time: 1.063
Number of iterations: 20
--------------------------------------------------------------------
|               OPTIMIZING CANDIDATE TREE SET                      |
--------------------------------------------------------------------
Iteration 30 / LogL: -6469.763 / Time: 0h:0m:1s (0h:0m:4s left)
Estimate model parameters (epsilon = 0.100)
BETTER TREE FOUND at iteration 34: -6466.307
Iteration 40 / LogL: -6472.700 / Time: 0h:0m:2s (0h:0m:4s left)
Estimate model parameters (epsilon = 0.100)
BETTER TREE FOUND at iteration 43: -6465.756
Iteration 50 / LogL: -6467.036 / Time: 0h:0m:2s (0h:0m:4s left)
Estimate model parameters (epsilon = 0.100)
BETTER TREE FOUND at iteration 56: -6465.360
BETTER TREE FOUND at iteration 57: -6465.358
BETTER TREE FOUND at iteration 59: -6465.349
Iteration 60 / LogL: -6469.392 / Time: 0h:0m:2s (0h:0m:4s left)
Estimate model parameters (epsilon = 0.100)
BETTER TREE FOUND at iteration 61: -6464.579
Iteration 70 / LogL: -6465.790 / Time: 0h:0m:3s (0h:0m:4s left)
Estimate model parameters (epsilon = 0.100)
BETTER TREE FOUND at iteration 73: -6464.440
BETTER TREE FOUND at iteration 74: -6464.440
BETTER TREE FOUND at iteration 76: -6464.440
Iteration 80 / LogL: -6466.769 / Time: 0h:0m:3s (0h:0m:4s left)
BETTER TREE FOUND at iteration 87: -6464.439
Iteration 90 / LogL: -6464.440 / Time: 0h:0m:4s (0h:0m:4s left)
Estimate model parameters (epsilon = 0.100)
BETTER TREE FOUND at iteration 93: -6463.814
BETTER TREE FOUND at iteration 99: -6463.813
Iteration 100 / LogL: -6465.469 / Time: 0h:0m:4s (0h:0m:4s left)
BETTER TREE FOUND at iteration 107: -6463.813
BETTER TREE FOUND at iteration 110: -6463.812
Iteration 110 / LogL: -6463.812 / Time: 0h:0m:5s (0h:0m:4s left)
Iteration 120 / LogL: -6466.167 / Time: 0h:0m:5s (0h:0m:4s left)
BETTER TREE FOUND at iteration 123: -6463.812
Iteration 130 / LogL: -6463.812 / Time: 0h:0m:5s (0h:0m:4s left)
BETTER TREE FOUND at iteration 131: -6463.811
Iteration 140 / LogL: -6464.504 / Time: 0h:0m:6s (0h:0m:4s left)
Iteration 150 / LogL: -6470.032 / Time: 0h:0m:6s (0h:0m:3s left)
Iteration 160 / LogL: -6465.800 / Time: 0h:0m:7s (0h:0m:3s left)
BETTER TREE FOUND at iteration 170: -6463.811
Iteration 170 / LogL: -6463.811 / Time: 0h:0m:7s (0h:0m:4s left)
Iteration 180 / LogL: -6472.326 / Time: 0h:0m:7s (0h:0m:3s left)
Iteration 190 / LogL: -6463.811 / Time: 0h:0m:8s (0h:0m:3s left)
Iteration 200 / LogL: -6466.248 / Time: 0h:0m:8s (0h:0m:3s left)
UPDATE BEST LOG-LIKELIHOOD: -6463.810
Iteration 210 / LogL: -6463.813 / Time: 0h:0m:9s (0h:0m:2s left)
BETTER TREE FOUND at iteration 217: -6463.810
Iteration 220 / LogL: -6463.812 / Time: 0h:0m:9s (0h:0m:4s left)
UPDATE BEST LOG-LIKELIHOOD: -6463.810
BETTER TREE FOUND at iteration 225: -6463.809
Iteration 230 / LogL: -6464.502 / Time: 0h:0m:10s (0h:0m:4s left)
Iteration 240 / LogL: -6463.813 / Time: 0h:0m:10s (0h:0m:3s left)
Iteration 250 / LogL: -6463.810 / Time: 0h:0m:10s (0h:0m:3s left)
Iteration 260 / LogL: -6466.595 / Time: 0h:0m:11s (0h:0m:2s left)
Iteration 270 / LogL: -6467.488 / Time: 0h:0m:11s (0h:0m:2s left)
Iteration 280 / LogL: -6464.227 / Time: 0h:0m:12s (0h:0m:1s left)
Iteration 290 / LogL: -6464.504 / Time: 0h:0m:12s (0h:0m:1s left)
Iteration 300 / LogL: -6463.810 / Time: 0h:0m:12s (0h:0m:1s left)
Iteration 310 / LogL: -6464.502 / Time: 0h:0m:13s (0h:0m:0s left)
Iteration 320 / LogL: -6466.951 / Time: 0h:0m:13s (0h:0m:0s left)
TREE SEARCH COMPLETED AFTER 326 ITERATIONS / Time: 0h:0m:14s

--------------------------------------------------------------------
|                    FINALIZING TREE SEARCH                        |
--------------------------------------------------------------------
Performs final model parameters optimization
Estimate model parameters (epsilon = 0.010)
1. Initial log-likelihood: -6463.809
Optimal log-likelihood: -6463.808
Rate parameters:  A-C: 1.17546  A-G: 3.77459  A-T: 0.32747  C-G: 0.83773  C-T: 3.51934  G-T: 1.00000
Base frequencies:  A: 0.312  C: 0.223  G: 0.231  T: 0.235
Gamma shape alpha: 0.156
Parameters optimization took 1 rounds (0.009 sec)
BEST SCORE FOUND : -6463.808
Total tree length: 0.741

Total number of iterations: 326
CPU time used for tree search: 14.119 sec (0h:0m:14s)
Wall-clock time used for tree search: 13.959 sec (0h:0m:13s)
Total CPU time used: 14.244 sec (0h:0m:14s)
Total wall-clock time used: 14.071 sec (0h:0m:14s)

Analysis results written to: 
  IQ-TREE report:                /workspace/IQTree_JarvD5a_Results/exon_3513.iqtree
  Maximum-likelihood tree:       /workspace/IQTree_JarvD5a_Results/exon_3513.treefile
  Likelihood distances:          /workspace/IQTree_JarvD5a_Results/exon_3513.mldist
  Screen log file:               /workspace/IQTree_JarvD5a_Results/exon_3513.log

Date and Time: Thu May 28 00:46:14 2026
