IQ-TREE version 3.1.2 for Linux x86 64-bit built May  7 2026
Developed by Bui Quang Minh, Thomas Wong, Nhan Ly-Trong, Huaiyan Ren
Contributed by Lam-Tung Nguyen, Dominik Schrempf, Chris Bielow,
Olga Chernomor, Michael Woodhams, Diep Thi Hoang, Heiko Schmidt

Host:    8084c4e79f09 (AVX512, FMA3, 1133 GB RAM)
Command: /workspace/iqtree-3.1.2-Linux/bin/iqtree3_intel -s /workspace/NeuralNJ/empirical/JarvD5a/exon_7633.fasta -st DNA -m GTR+G -seed 2201 -pre /workspace/IQTree_JarvD5a_Results/exon_7633 -quiet
Seed:    2201 (Using SPRNG - Scalable Parallel Random Number Generator)
Time:    Thu May 28 06:20:44 2026
Kernel:  AVX+FMA - 1 threads (384 CPU cores detected)

HINT: Use -nt option to specify number of threads because your CPU has 384 cores!
HINT: -nt AUTO will automatically determine the best number of threads to use.

Reading alignment file /workspace/NeuralNJ/empirical/JarvD5a/exon_7633.fasta ... Fasta format detected
Reading fasta file: done in 0.000663996 secs using 52.11% CPU
Alignment most likely contains DNA/RNA sequences
Constructing alignment: done in 0.00148201 secs using 27.6% CPU
Alignment has 45 sequences with 1230 columns, 574 distinct patterns
293 parsimony-informative, 284 singleton sites, 653 constant sites
       Gap/Ambiguity  Composition  p-value
Analyzing sequences: done in 3.69549e-05 secs
   1  ANAPL    8.13%    passed     88.00%
   2  APAVI    1.30%    passed     99.22%
   3  APTFO    7.97%    passed     99.10%
   4  BUCRH    7.97%    passed     86.61%
   5  CALAN    1.46%    passed     96.77%
   6  CAPCA    8.46%    passed     86.71%
   7  CARCR    1.14%    passed     94.73%
   8  CATAU    7.97%    passed     96.06%
   9  CHAPE    1.30%    passed     87.13%
  10  CHAVO    1.14%    passed     97.87%
  11  CHLUN   38.21%    passed     90.49%
  12  COLLI    1.14%    passed     73.04%
  13  COLST    7.97%    passed     98.90%
  14  CORBR    1.46%    passed     71.12%
  15  CUCCA    8.29%    passed     98.30%
  16  EGRGA    1.46%    passed     96.55%
  17  EURHE    0.81%    passed     99.81%
  18  FALPE    7.97%    passed     92.17%
  19  FULGL    7.97%    passed     98.03%
  20  GALGA    7.80%    passed     87.99%
  21  GAVST    1.14%    passed     99.45%
  22  GEOFO   13.17%    passed     90.98%
  23  HALAL    7.97%    passed     99.29%
  24  HALLE    9.35%    passed     98.35%
  25  LEPDI    1.30%    passed     93.79%
  26  MANVI    1.30%    passed     72.26%
  27  MELGA    7.97%    passed     96.75%
  28  MELUN   65.85%    passed     97.79%
  29  MERNU   57.56%    passed     96.19%
  30  MESUN    8.29%    passed     83.73%
  31  NESNO    1.14%    passed     99.23%
  32  NIPNI    1.14%    passed     95.63%
  33  OPHHO    7.97%    passed     94.76%
  34  PELCR    1.14%    passed     94.34%
  35  PHACA    9.59%    passed     98.13%
  36  PHALE    1.14%    passed     99.32%
  37  PHORU    1.14%    passed     96.91%
  38  PICPU    1.30%    passed     97.85%
  39  PODCR    1.14%    passed     91.03%
  40  PTEGU    1.14%    passed     88.49%
  41  STRCA    7.97%    passed     98.86%
  42  TAEGU    1.14%    passed     82.22%
  43  TAUER    7.97%    passed     98.89%
  44  TINMA    9.11%    passed     95.68%
  45  TYTAL   37.89%    passed     71.53%
WARNING: 2 sequences contain more than 50% gaps/ambiguity
****  TOTAL    8.77%  0 sequences failed composition chi2 test (p-value<5%; df=3)
Checking for duplicate sequences: done in 0.000124931 secs

Create initial parsimony tree by phylogenetic likelihood library (PLL)... 0.002 seconds

NOTE: 3 MB RAM (0 GB) is required!
Estimate model parameters (epsilon = 0.100)
1. Initial log-likelihood: -9159.818
2. Current log-likelihood: -8763.453
3. Current log-likelihood: -8760.830
Optimal log-likelihood: -8760.815
Rate parameters:  A-C: 1.24969  A-G: 3.65555  A-T: 0.70600  C-G: 2.36919  C-T: 6.01286  G-T: 1.00000
Base frequencies:  A: 0.399  C: 0.197  G: 0.212  T: 0.192
Gamma shape alpha: 0.497
Parameters optimization took 3 rounds (0.108 sec)
Wrote distance file to... 
Computing ML distances based on estimated model parameters...
Calculating distance matrix: done in 0.0041759 secs using 98.13% CPU
Computing ML distances took 0.004275 sec (of wall-clock time) 0.004186 sec (of CPU time)
Setting up auxiliary I and S matrices: done in 0.000235081 secs using 99.97% CPU
Constructing RapidNJ tree: done in 0.000490189 secs using 273% CPU
Computing RapidNJ tree took 0.000812 sec (of wall-clock time) 0.001681 sec (of CPU time)
Log-likelihood of RapidNJ tree: -8833.812
--------------------------------------------------------------------
|             INITIALIZING CANDIDATE TREE SET                      |
--------------------------------------------------------------------
Generating 98 parsimony trees... 0.221 second
Computing log-likelihood of 98 initial trees ... 0.311 seconds
Current best score: -8743.914

Do NNI search on 20 best initial trees
Estimate model parameters (epsilon = 0.100)
BETTER TREE FOUND at iteration 1: -8731.442
Estimate model parameters (epsilon = 0.100)
BETTER TREE FOUND at iteration 2: -8731.002
Estimate model parameters (epsilon = 0.100)
BETTER TREE FOUND at iteration 4: -8728.630
Iteration 10 / LogL: -8739.241 / Time: 0h:0m:1s
Iteration 20 / LogL: -8732.435 / Time: 0h:0m:1s
Finish initializing candidate tree set (20)
Current best tree score: -8728.630 / CPU time: 1.820
Number of iterations: 20
--------------------------------------------------------------------
|               OPTIMIZING CANDIDATE TREE SET                      |
--------------------------------------------------------------------
Iteration 30 / LogL: -8728.636 / Time: 0h:0m:2s (0h:0m:6s left)
Estimate model parameters (epsilon = 0.100)
BETTER TREE FOUND at iteration 32: -8727.401
Iteration 40 / LogL: -8728.777 / Time: 0h:0m:3s (0h:0m:7s left)
Iteration 50 / LogL: -8727.911 / Time: 0h:0m:3s (0h:0m:6s left)
Iteration 60 / LogL: -8729.749 / Time: 0h:0m:4s (0h:0m:5s left)
Estimate model parameters (epsilon = 0.100)
BETTER TREE FOUND at iteration 61: -8727.001
Iteration 70 / LogL: -8727.003 / Time: 0h:0m:5s (0h:0m:6s left)
Iteration 80 / LogL: -8732.399 / Time: 0h:0m:5s (0h:0m:6s left)
UPDATE BEST LOG-LIKELIHOOD: -8727.001
Iteration 90 / LogL: -8727.005 / Time: 0h:0m:6s (0h:0m:5s left)
Estimate model parameters (epsilon = 0.100)
BETTER TREE FOUND at iteration 100: -8726.663
Iteration 100 / LogL: -8726.663 / Time: 0h:0m:7s (0h:0m:7s left)
Iteration 110 / LogL: -8727.988 / Time: 0h:0m:7s (0h:0m:6s left)
Estimate model parameters (epsilon = 0.100)
BETTER TREE FOUND at iteration 120: -8725.555
Iteration 120 / LogL: -8725.555 / Time: 0h:0m:8s (0h:0m:6s left)
Iteration 130 / LogL: -8726.116 / Time: 0h:0m:8s (0h:0m:6s left)
BETTER TREE FOUND at iteration 135: -8725.554
Iteration 140 / LogL: -8727.641 / Time: 0h:0m:9s (0h:0m:6s left)
Iteration 150 / LogL: -8726.116 / Time: 0h:0m:10s (0h:0m:5s left)
Estimate model parameters (epsilon = 0.100)
BETTER TREE FOUND at iteration 151: -8725.341
Iteration 160 / LogL: -8725.599 / Time: 0h:0m:10s (0h:0m:6s left)
Iteration 170 / LogL: -8726.727 / Time: 0h:0m:11s (0h:0m:5s left)
Estimate model parameters (epsilon = 0.100)
BETTER TREE FOUND at iteration 173: -8724.497
Estimate model parameters (epsilon = 0.100)
BETTER TREE FOUND at iteration 178: -8723.716
Iteration 180 / LogL: -8724.520 / Time: 0h:0m:12s (0h:0m:6s left)
UPDATE BEST LOG-LIKELIHOOD: -8723.716
Iteration 190 / LogL: -8723.937 / Time: 0h:0m:12s (0h:0m:5s left)
BETTER TREE FOUND at iteration 197: -8723.715
Estimate model parameters (epsilon = 0.100)
BETTER TREE FOUND at iteration 200: -8723.034
Iteration 200 / LogL: -8723.034 / Time: 0h:0m:13s (0h:0m:6s left)
Iteration 210 / LogL: -8723.034 / Time: 0h:0m:14s (0h:0m:6s left)
Iteration 220 / LogL: -8724.433 / Time: 0h:0m:14s (0h:0m:5s left)
Iteration 230 / LogL: -8771.502 / Time: 0h:0m:15s (0h:0m:4s left)
Iteration 240 / LogL: -8727.941 / Time: 0h:0m:15s (0h:0m:4s left)
Iteration 250 / LogL: -8747.651 / Time: 0h:0m:16s (0h:0m:3s left)
Iteration 260 / LogL: -8723.035 / Time: 0h:0m:17s (0h:0m:2s left)
UPDATE BEST LOG-LIKELIHOOD: -8723.034
Estimate model parameters (epsilon = 0.100)
BETTER TREE FOUND at iteration 266: -8722.725
Iteration 270 / LogL: -8723.042 / Time: 0h:0m:17s (0h:0m:6s left)
Iteration 280 / LogL: -8723.907 / Time: 0h:0m:18s (0h:0m:5s left)
UPDATE BEST LOG-LIKELIHOOD: -8722.724
Iteration 290 / LogL: -8723.887 / Time: 0h:0m:18s (0h:0m:4s left)
UPDATE BEST LOG-LIKELIHOOD: -8722.724
Iteration 300 / LogL: -8723.570 / Time: 0h:0m:19s (0h:0m:4s left)
UPDATE BEST LOG-LIKELIHOOD: -8722.724
Iteration 310 / LogL: -8723.945 / Time: 0h:0m:20s (0h:0m:3s left)
Iteration 320 / LogL: -8723.043 / Time: 0h:0m:20s (0h:0m:2s left)
Iteration 330 / LogL: -8723.043 / Time: 0h:0m:21s (0h:0m:2s left)
Iteration 340 / LogL: -8723.041 / Time: 0h:0m:22s (0h:0m:1s left)
Iteration 350 / LogL: -8723.043 / Time: 0h:0m:22s (0h:0m:1s left)
UPDATE BEST LOG-LIKELIHOOD: -8722.724
Iteration 360 / LogL: -8732.255 / Time: 0h:0m:23s (0h:0m:0s left)
TREE SEARCH COMPLETED AFTER 367 ITERATIONS / Time: 0h:0m:23s

--------------------------------------------------------------------
|                    FINALIZING TREE SEARCH                        |
--------------------------------------------------------------------
Performs final model parameters optimization
Estimate model parameters (epsilon = 0.010)
1. Initial log-likelihood: -8722.724
Optimal log-likelihood: -8722.724
Rate parameters:  A-C: 1.21401  A-G: 3.64323  A-T: 0.72315  C-G: 2.29229  C-T: 6.06367  G-T: 1.00000
Base frequencies:  A: 0.399  C: 0.197  G: 0.212  T: 0.192
Gamma shape alpha: 0.503
Parameters optimization took 1 rounds (0.014 sec)
BEST SCORE FOUND : -8722.724
Total tree length: 1.439

Total number of iterations: 367
CPU time used for tree search: 23.748 sec (0h:0m:23s)
Wall-clock time used for tree search: 23.595 sec (0h:0m:23s)
Total CPU time used: 23.925 sec (0h:0m:23s)
Total wall-clock time used: 23.753 sec (0h:0m:23s)

Analysis results written to: 
  IQ-TREE report:                /workspace/IQTree_JarvD5a_Results/exon_7633.iqtree
  Maximum-likelihood tree:       /workspace/IQTree_JarvD5a_Results/exon_7633.treefile
  Likelihood distances:          /workspace/IQTree_JarvD5a_Results/exon_7633.mldist
  Screen log file:               /workspace/IQTree_JarvD5a_Results/exon_7633.log

Date and Time: Thu May 28 06:21:07 2026
