IQ-TREE version 3.1.2 for Linux x86 64-bit built May  7 2026
Developed by Bui Quang Minh, Thomas Wong, Nhan Ly-Trong, Huaiyan Ren
Contributed by Lam-Tung Nguyen, Dominik Schrempf, Chris Bielow,
Olga Chernomor, Michael Woodhams, Diep Thi Hoang, Heiko Schmidt

Host:    8084c4e79f09 (AVX512, FMA3, 1133 GB RAM)
Command: /workspace/iqtree-3.1.2-Linux/bin/iqtree3_intel -s /workspace/NeuralNJ/empirical/JarvD5a/exon_13193.fasta -st DNA -m GTR+G -seed 2201 -pre /workspace/IQTree_JarvD5a_Results/exon_13193 -quiet
Seed:    2201 (Using SPRNG - Scalable Parallel Random Number Generator)
Time:    Wed May 27 16:50:28 2026
Kernel:  AVX+FMA - 1 threads (384 CPU cores detected)

HINT: Use -nt option to specify number of threads because your CPU has 384 cores!
HINT: -nt AUTO will automatically determine the best number of threads to use.

Reading alignment file /workspace/NeuralNJ/empirical/JarvD5a/exon_13193.fasta ... Fasta format detected
Reading fasta file: done in 6.31809e-05 secs using 15.83% CPU
Alignment most likely contains DNA/RNA sequences
Constructing alignment: done in 0.000127077 secs using 16.53% CPU
Alignment has 42 sequences with 72 columns, 50 distinct patterns
20 parsimony-informative, 20 singleton sites, 32 constant sites
       Gap/Ambiguity  Composition  p-value
Analyzing sequences: done in 7.15256e-06 secs using 13.98% CPU
   1  ACACH    0.00%    passed     99.94%
   2  ANAPL    0.00%    passed     98.80%
   3  APAVI    0.00%    passed     90.51%
   4  APTFO    0.00%    passed     95.96%
   5  CALAN    0.00%    passed     97.03%
   6  CAPCA    0.00%    passed     99.59%
   7  CARCR    0.00%    passed     98.68%
   8  CATAU    0.00%    passed     98.89%
   9  CHAPE    0.00%    passed     96.83%
  10  CHAVO    0.00%    passed     98.89%
  11  CHLUN    0.00%    passed     97.66%
  12  COLLI    0.00%    passed     98.89%
  13  COLST    2.78%    passed     98.23%
  14  CORBR    0.00%    passed     99.94%
  15  CUCCA    5.56%    passed     92.44%
  16  EGRGA    0.00%    passed     99.94%
  17  EURHE    0.00%    passed     99.59%
  18  FALPE    0.00%    passed     99.47%
  19  GALGA    8.33%    passed     97.37%
  20  GAVST    0.00%    passed     99.94%
  21  GEOFO    0.00%    passed     94.07%
  22  HALAL    8.33%    passed     93.55%
  23  HALLE    8.33%    passed     93.55%
  24  LEPDI    0.00%    passed     99.94%
  25  MELGA    5.56%    passed     90.29%
  26  MELUN    0.00%    passed     76.65%
  27  MERNU    0.00%    passed     24.18%
  28  MESUN    0.00%    passed     99.59%
  29  NESNO    2.78%    passed     99.74%
  30  NIPNI    0.00%    passed     99.59%
  31  OPHHO    0.00%    passed     99.94%
  32  PELCR    0.00%    passed     99.18%
  33  PHACA    0.00%    passed     92.41%
  34  PHALE    0.00%    passed     99.59%
  35  PHORU    0.00%    passed     99.94%
  36  PTEGU    0.00%    passed     99.94%
  37  PYGAD    0.00%    passed     98.84%
  38  STRCA    0.00%    passed     87.27%
  39  TAEGU    0.00%    passed     99.59%
  40  TAUER    0.00%    passed     99.94%
  41  TINMA    0.00%    passed     94.68%
  42  TYTAL    0.00%    passed     97.84%
****  TOTAL    0.99%  0 sequences failed composition chi2 test (p-value<5%; df=3)
NOTE: CORBR is identical to ACACH but kept for subsequent analysis
NOTE: HALLE is identical to HALAL but kept for subsequent analysis
Checking for duplicate sequences: done in 8.70228e-05 secs
Identifying sites to remove: done in 2.90871e-05 secs
NOTE: 7 identical sequences (see below) will be ignored for subsequent analysis
NOTE: EGRGA (identical to ACACH) is ignored but added at the end
NOTE: GAVST (identical to ACACH) is ignored but added at the end
NOTE: LEPDI (identical to ACACH) is ignored but added at the end
NOTE: OPHHO (identical to ACACH) is ignored but added at the end
NOTE: PHORU (identical to ACACH) is ignored but added at the end
NOTE: PTEGU (identical to ACACH) is ignored but added at the end
NOTE: TAUER (identical to ACACH) is ignored but added at the end
Alignment was printed to /workspace/IQTree_JarvD5a_Results/exon_13193.uniqueseq.phy

For your convenience alignment with unique sequences printed to /workspace/IQTree_JarvD5a_Results/exon_13193.uniqueseq.phy

Create initial parsimony tree by phylogenetic likelihood library (PLL)... 0.000 seconds

NOTE: 0 MB RAM (0 GB) is required!
Estimate model parameters (epsilon = 0.100)
1. Initial log-likelihood: -453.635
2. Current log-likelihood: -425.484
3. Current log-likelihood: -425.293
Optimal log-likelihood: -425.293
Rate parameters:  A-C: 0.14383  A-G: 1.87719  A-T: 0.15481  C-G: 0.30086  C-T: 1.22231  G-T: 1.00000
Base frequencies:  A: 0.369  C: 0.209  G: 0.131  T: 0.292
Gamma shape alpha: 3.540
Parameters optimization took 3 rounds (0.016 sec)
Wrote distance file to... 
Computing ML distances based on estimated model parameters...
Calculating distance matrix: done in 0.00311089 secs using 99.97% CPU
Computing ML distances took 0.003140 sec (of wall-clock time) 0.003139 sec (of CPU time)
Setting up auxiliary I and S matrices: done in 0.000182152 secs using 99.92% CPU
Constructing RapidNJ tree: done in 0.000136137 secs using 99.16% CPU
Computing RapidNJ tree took 0.000396 sec (of wall-clock time) 0.000394 sec (of CPU time)
Log-likelihood of RapidNJ tree: -418.551
--------------------------------------------------------------------
|             INITIALIZING CANDIDATE TREE SET                      |
--------------------------------------------------------------------
Generating 98 parsimony trees... 0.041 second
Computing log-likelihood of 98 initial trees ... 0.040 seconds
Current best score: -412.591

Do NNI search on 20 best initial trees
Estimate model parameters (epsilon = 0.100)
BETTER TREE FOUND at iteration 1: -412.470
BETTER TREE FOUND at iteration 8: -412.470
Iteration 10 / LogL: -412.470 / Time: 0h:0m:0s
BETTER TREE FOUND at iteration 17: -412.470
Estimate model parameters (epsilon = 0.100)
BETTER TREE FOUND at iteration 18: -411.477
Iteration 20 / LogL: -413.861 / Time: 0h:0m:0s
Finish initializing candidate tree set (20)
Current best tree score: -411.477 / CPU time: 0.159
Number of iterations: 20
--------------------------------------------------------------------
|               OPTIMIZING CANDIDATE TREE SET                      |
--------------------------------------------------------------------
Iteration 30 / LogL: -414.724 / Time: 0h:0m:0s (0h:0m:0s left)
BETTER TREE FOUND at iteration 38: -411.477
Iteration 40 / LogL: -419.508 / Time: 0h:0m:0s (0h:0m:0s left)
Iteration 50 / LogL: -411.478 / Time: 0h:0m:0s (0h:0m:0s left)
Iteration 60 / LogL: -411.478 / Time: 0h:0m:0s (0h:0m:0s left)
Iteration 70 / LogL: -411.478 / Time: 0h:0m:0s (0h:0m:0s left)
Iteration 80 / LogL: -411.478 / Time: 0h:0m:0s (0h:0m:0s left)
Iteration 90 / LogL: -411.478 / Time: 0h:0m:0s (0h:0m:0s left)
Iteration 100 / LogL: -425.213 / Time: 0h:0m:0s (0h:0m:0s left)
Iteration 110 / LogL: -418.985 / Time: 0h:0m:0s (0h:0m:0s left)
Iteration 120 / LogL: -411.478 / Time: 0h:0m:0s (0h:0m:0s left)
Iteration 130 / LogL: -417.932 / Time: 0h:0m:0s (0h:0m:0s left)
TREE SEARCH COMPLETED AFTER 139 ITERATIONS / Time: 0h:0m:0s

--------------------------------------------------------------------
|                    FINALIZING TREE SEARCH                        |
--------------------------------------------------------------------
Performs final model parameters optimization
Estimate model parameters (epsilon = 0.010)
1. Initial log-likelihood: -411.477
Optimal log-likelihood: -411.477
Rate parameters:  A-C: 0.16575  A-G: 1.92723  A-T: 0.18925  C-G: 0.32738  C-T: 1.39063  G-T: 1.00000
Base frequencies:  A: 0.369  C: 0.209  G: 0.131  T: 0.292
Gamma shape alpha: 6.311
Parameters optimization took 1 rounds (0.002 sec)
BEST SCORE FOUND : -411.477
Total tree length: 0.842

Total number of iterations: 139
CPU time used for tree search: 1.001 sec (0h:0m:1s)
Wall-clock time used for tree search: 0.824 sec (0h:0m:0s)
Total CPU time used: 1.033 sec (0h:0m:1s)
Total wall-clock time used: 0.854 sec (0h:0m:0s)

Analysis results written to: 
  IQ-TREE report:                /workspace/IQTree_JarvD5a_Results/exon_13193.iqtree
  Maximum-likelihood tree:       /workspace/IQTree_JarvD5a_Results/exon_13193.treefile
  Likelihood distances:          /workspace/IQTree_JarvD5a_Results/exon_13193.mldist
  Screen log file:               /workspace/IQTree_JarvD5a_Results/exon_13193.log

Date and Time: Wed May 27 16:50:29 2026
