IQ-TREE version 3.1.2 for Linux x86 64-bit built May  7 2026
Developed by Bui Quang Minh, Thomas Wong, Nhan Ly-Trong, Huaiyan Ren
Contributed by Lam-Tung Nguyen, Dominik Schrempf, Chris Bielow,
Olga Chernomor, Michael Woodhams, Diep Thi Hoang, Heiko Schmidt

Host:    8084c4e79f09 (AVX512, FMA3, 1133 GB RAM)
Command: /workspace/iqtree-3.1.2-Linux/bin/iqtree3_intel -s /workspace/NeuralNJ/empirical/JarvD5a/exon_2687.fasta -st DNA -m GTR+G -seed 2201 -pre /workspace/IQTree_JarvD5a_Results/exon_2687 -quiet
Seed:    2201 (Using SPRNG - Scalable Parallel Random Number Generator)
Time:    Wed May 27 23:11:00 2026
Kernel:  AVX+FMA - 1 threads (384 CPU cores detected)

HINT: Use -nt option to specify number of threads because your CPU has 384 cores!
HINT: -nt AUTO will automatically determine the best number of threads to use.

Reading alignment file /workspace/NeuralNJ/empirical/JarvD5a/exon_2687.fasta ... Fasta format detected
Reading fasta file: done in 0.000132084 secs using 19.68% CPU
Alignment most likely contains DNA/RNA sequences
Constructing alignment: done in 0.00032115 secs using 19.93% CPU
Alignment has 42 sequences with 254 columns, 145 distinct patterns
56 parsimony-informative, 45 singleton sites, 153 constant sites
       Gap/Ambiguity  Composition  p-value
Analyzing sequences: done in 1.09673e-05 secs using 18.24% CPU
   1  ACACH   11.02%    passed     97.82%
   2  ANAPL   11.02%    passed     97.61%
   3  APAVI   11.02%    passed     99.41%
   4  APTFO   11.02%    passed     99.83%
   5  BALRE    4.72%    passed     98.65%
   6  CALAN   11.02%    passed     93.03%
   7  CAPCA   47.24%    passed     42.31%
   8  CARCR   14.96%    passed     92.81%
   9  CHAPE   16.54%    passed     97.78%
  10  CHAVO   11.02%    passed     99.01%
  11  CHLUN    2.36%    passed     99.36%
  12  COLLI    9.45%    passed     77.75%
  13  CORBR   43.31%    passed     92.88%
  14  CUCCA   11.02%    passed     99.80%
  15  EGRGA   11.02%    passed     99.79%
  16  EURHE   11.02%    passed     99.84%
  17  FALPE   11.02%    passed     96.96%
  18  FULGL   11.02%    passed     98.40%
  19  GALGA    2.36%    passed     94.29%
  20  GAVST    3.94%    passed     99.12%
  21  GEOFO   43.31%    passed     95.30%
  22  HALAL   47.24%    passed     41.37%
  23  HALLE   11.02%    passed     97.78%
  24  LEPDI   11.02%    passed     99.29%
  25  MANVI   11.02%    passed     97.60%
  26  MELGA    2.36%    passed     94.29%
  27  MELUN   11.02%    passed     98.77%
  28  MERNU   44.88%    passed     33.51%
  29  MESUN   11.02%    passed     99.11%
  30  NESNO   18.11%    passed     98.92%
  31  NIPNI   11.02%    passed     99.79%
  32  PELCR   47.24%    passed     72.12%
  33  PHACA   11.02%    passed     98.94%
  34  PHALE   47.24%    passed     77.85%
  35  PICPU   11.02%    passed     99.43%
  36  PTEGU   11.02%    passed    100.00%
  37  PYGAD   14.17%    passed     96.59%
  38  STRCA    1.57%    passed     99.96%
  39  TAEGU    7.09%    passed     88.99%
  40  TAUER   31.89%    passed     95.75%
  41  TINMA   14.17%    passed     83.15%
  42  TYTAL   16.14%    passed     98.17%
****  TOTAL   16.69%  0 sequences failed composition chi2 test (p-value<5%; df=3)
Checking for duplicate sequences: done in 9.29832e-05 secs using 101.1% CPU

Create initial parsimony tree by phylogenetic likelihood library (PLL)... 0.000 seconds

NOTE: 0 MB RAM (0 GB) is required!
Estimate model parameters (epsilon = 0.100)
1. Initial log-likelihood: -1665.256
2. Current log-likelihood: -1589.545
3. Current log-likelihood: -1588.782
Optimal log-likelihood: -1588.778
Rate parameters:  A-C: 2.47014  A-G: 6.12895  A-T: 1.47161  C-G: 1.91182  C-T: 4.41772  G-T: 1.00000
Base frequencies:  A: 0.278  C: 0.261  G: 0.266  T: 0.195
Gamma shape alpha: 0.327
Parameters optimization took 3 rounds (0.026 sec)
Wrote distance file to... 
Computing ML distances based on estimated model parameters...
Calculating distance matrix: done in 0.00352407 secs using 100% CPU
Computing ML distances took 0.003558 sec (of wall-clock time) 0.003557 sec (of CPU time)
Setting up auxiliary I and S matrices: done in 0.000219107 secs using 99.49% CPU
Constructing RapidNJ tree: done in 0.000432968 secs using 252% CPU
Computing RapidNJ tree took 0.000758 sec (of wall-clock time) 0.001415 sec (of CPU time)
Log-likelihood of RapidNJ tree: -1600.227
--------------------------------------------------------------------
|             INITIALIZING CANDIDATE TREE SET                      |
--------------------------------------------------------------------
Generating 98 parsimony trees... 0.087 second
Computing log-likelihood of 98 initial trees ... 0.100 seconds
Current best score: -1574.673

Do NNI search on 20 best initial trees
Estimate model parameters (epsilon = 0.100)
BETTER TREE FOUND at iteration 1: -1570.514
Iteration 10 / LogL: -1578.614 / Time: 0h:0m:0s
Iteration 20 / LogL: -1583.809 / Time: 0h:0m:0s
Finish initializing candidate tree set (20)
Current best tree score: -1570.514 / CPU time: 0.543
Number of iterations: 20
--------------------------------------------------------------------
|               OPTIMIZING CANDIDATE TREE SET                      |
--------------------------------------------------------------------
Estimate model parameters (epsilon = 0.100)
BETTER TREE FOUND at iteration 23: -1570.351
Iteration 30 / LogL: -1571.721 / Time: 0h:0m:0s (0h:0m:2s left)
BETTER TREE FOUND at iteration 31: -1570.350
Estimate model parameters (epsilon = 0.100)
BETTER TREE FOUND at iteration 40: -1569.606
Iteration 40 / LogL: -1569.606 / Time: 0h:0m:0s (0h:0m:2s left)
Estimate model parameters (epsilon = 0.100)
BETTER TREE FOUND at iteration 42: -1569.595
BETTER TREE FOUND at iteration 45: -1569.595
Estimate model parameters (epsilon = 0.100)
BETTER TREE FOUND at iteration 48: -1567.955
Iteration 50 / LogL: -1569.617 / Time: 0h:0m:1s (0h:0m:2s left)
BETTER TREE FOUND at iteration 56: -1567.955
Iteration 60 / LogL: -1569.606 / Time: 0h:0m:1s (0h:0m:2s left)
BETTER TREE FOUND at iteration 62: -1567.955
BETTER TREE FOUND at iteration 68: -1567.954
Iteration 70 / LogL: -1570.819 / Time: 0h:0m:1s (0h:0m:2s left)
Estimate model parameters (epsilon = 0.100)
BETTER TREE FOUND at iteration 80: -1567.797
Iteration 80 / LogL: -1567.797 / Time: 0h:0m:1s (0h:0m:2s left)
UPDATE BEST LOG-LIKELIHOOD: -1567.797
Iteration 90 / LogL: -1567.815 / Time: 0h:0m:2s (0h:0m:2s left)
Iteration 100 / LogL: -1567.815 / Time: 0h:0m:2s (0h:0m:1s left)
UPDATE BEST LOG-LIKELIHOOD: -1567.797
Iteration 110 / LogL: -1567.797 / Time: 0h:0m:2s (0h:0m:1s left)
Estimate model parameters (epsilon = 0.100)
BETTER TREE FOUND at iteration 111: -1566.185
Estimate model parameters (epsilon = 0.100)
BETTER TREE FOUND at iteration 115: -1564.587
Iteration 120 / LogL: -1567.951 / Time: 0h:0m:2s (0h:0m:2s left)
Iteration 130 / LogL: -1566.146 / Time: 0h:0m:2s (0h:0m:1s left)
Iteration 140 / LogL: -1564.827 / Time: 0h:0m:3s (0h:0m:1s left)
Iteration 150 / LogL: -1564.794 / Time: 0h:0m:3s (0h:0m:1s left)
Iteration 160 / LogL: -1564.587 / Time: 0h:0m:3s (0h:0m:1s left)
BETTER TREE FOUND at iteration 164: -1564.587
Iteration 170 / LogL: -1572.302 / Time: 0h:0m:3s (0h:0m:2s left)
UPDATE BEST LOG-LIKELIHOOD: -1564.587
Iteration 180 / LogL: -1564.587 / Time: 0h:0m:3s (0h:0m:1s left)
Iteration 190 / LogL: -1570.227 / Time: 0h:0m:4s (0h:0m:1s left)
Iteration 200 / LogL: -1564.609 / Time: 0h:0m:4s (0h:0m:1s left)
UPDATE BEST LOG-LIKELIHOOD: -1564.586
Iteration 210 / LogL: -1564.595 / Time: 0h:0m:4s (0h:0m:1s left)
Iteration 220 / LogL: -1568.915 / Time: 0h:0m:4s (0h:0m:0s left)
UPDATE BEST LOG-LIKELIHOOD: -1564.586
Iteration 230 / LogL: -1566.168 / Time: 0h:0m:4s (0h:0m:0s left)
Iteration 240 / LogL: -1566.169 / Time: 0h:0m:5s (0h:0m:0s left)
UPDATE BEST LOG-LIKELIHOOD: -1564.586
Iteration 250 / LogL: -1564.586 / Time: 0h:0m:5s (0h:0m:0s left)
Iteration 260 / LogL: -1564.587 / Time: 0h:0m:5s (0h:0m:0s left)
TREE SEARCH COMPLETED AFTER 265 ITERATIONS / Time: 0h:0m:5s

--------------------------------------------------------------------
|                    FINALIZING TREE SEARCH                        |
--------------------------------------------------------------------
Performs final model parameters optimization
Estimate model parameters (epsilon = 0.010)
1. Initial log-likelihood: -1564.586
Optimal log-likelihood: -1564.586
Rate parameters:  A-C: 2.27133  A-G: 5.85853  A-T: 1.20836  C-G: 1.40911  C-T: 3.37620  G-T: 1.00000
Base frequencies:  A: 0.278  C: 0.261  G: 0.266  T: 0.195
Gamma shape alpha: 0.331
Parameters optimization took 1 rounds (0.004 sec)
BEST SCORE FOUND : -1564.586
Total tree length: 1.315

Total number of iterations: 265
CPU time used for tree search: 5.657 sec (0h:0m:5s)
Wall-clock time used for tree search: 5.491 sec (0h:0m:5s)
Total CPU time used: 5.707 sec (0h:0m:5s)
Total wall-clock time used: 5.537 sec (0h:0m:5s)

Analysis results written to: 
  IQ-TREE report:                /workspace/IQTree_JarvD5a_Results/exon_2687.iqtree
  Maximum-likelihood tree:       /workspace/IQTree_JarvD5a_Results/exon_2687.treefile
  Likelihood distances:          /workspace/IQTree_JarvD5a_Results/exon_2687.mldist
  Screen log file:               /workspace/IQTree_JarvD5a_Results/exon_2687.log

Date and Time: Wed May 27 23:11:05 2026
