IQ-TREE version 3.1.2 for Linux x86 64-bit built May  7 2026
Developed by Bui Quang Minh, Thomas Wong, Nhan Ly-Trong, Huaiyan Ren
Contributed by Lam-Tung Nguyen, Dominik Schrempf, Chris Bielow,
Olga Chernomor, Michael Woodhams, Diep Thi Hoang, Heiko Schmidt

Host:    8084c4e79f09 (AVX512, FMA3, 1133 GB RAM)
Command: /workspace/iqtree-3.1.2-Linux/bin/iqtree3_intel -s /workspace/NeuralNJ/empirical/JarvD5a/exon_7959.fasta -st DNA -m GTR+G -seed 2201 -pre /workspace/IQTree_JarvD5a_Results/exon_7959 -quiet
Seed:    2201 (Using SPRNG - Scalable Parallel Random Number Generator)
Time:    Thu May 28 07:02:50 2026
Kernel:  AVX+FMA - 1 threads (384 CPU cores detected)

HINT: Use -nt option to specify number of threads because your CPU has 384 cores!
HINT: -nt AUTO will automatically determine the best number of threads to use.

Reading alignment file /workspace/NeuralNJ/empirical/JarvD5a/exon_7959.fasta ... Fasta format detected
Reading fasta file: done in 0.000760078 secs using 29.34% CPU
Alignment most likely contains DNA/RNA sequences
Constructing alignment: done in 0.00185108 secs using 17.56% CPU
Alignment has 46 sequences with 1256 columns, 270 distinct patterns
114 parsimony-informative, 131 singleton sites, 1011 constant sites
       Gap/Ambiguity  Composition  p-value
Analyzing sequences: done in 3.00407e-05 secs
   1  ACACH   44.59%    passed     91.03%
   2  ANAPL   15.76%    passed     98.42%
   3  APAVI   16.08%    passed     99.83%
   4  APTFO   16.24%    passed     96.33%
   5  BALRE   16.08%    passed     96.57%
   6  BUCRH   13.85%    passed     99.67%
   7  CALAN   15.92%    passed     96.06%
   8  CAPCA   46.97%    passed     56.16%
   9  CARCR   15.76%    passed     99.02%
  10  CATAU   46.82%    passed     57.72%
  11  CHAPE   15.92%    passed     97.44%
  12  CHAVO   15.45%    passed     98.36%
  13  CHLUN   15.76%    passed     97.06%
  14  COLLI   14.33%    passed     89.83%
  15  COLST   16.08%    passed     94.26%
  16  CORBR   16.24%    passed     99.23%
  17  CUCCA   15.76%    passed     96.75%
  18  EGRGA   16.08%    passed     98.46%
  19  EURHE   15.76%    passed     99.15%
  20  FALPE   16.08%    passed     98.70%
  21  FULGL   15.92%    passed     97.64%
  22  GALGA    4.86%    failed      3.59%
  23  GAVST   15.92%    passed     98.57%
  24  GEOFO   16.24%    passed     99.95%
  25  HALAL   41.08%    passed     81.39%
  26  HALLE   15.76%    passed     99.73%
  27  LEPDI   13.85%    passed     93.38%
  28  MANVI   16.40%    passed     87.12%
  29  MELGA   18.95%    passed     99.08%
  30  MELUN   18.95%    passed     97.44%
  31  MERNU   15.76%    passed     93.62%
  32  MESUN   35.51%    passed     45.49%
  33  NESNO   16.08%    passed     99.34%
  34  NIPNI   16.08%    passed     99.49%
  35  OPHHO   15.76%    passed     97.69%
  36  PELCR   37.26%    passed     57.39%
  37  PHACA   16.08%    passed     98.25%
  38  PHALE   41.08%    passed     75.90%
  39  PHORU   41.08%    passed     72.95%
  40  PICPU   16.40%    passed      8.61%
  41  PTEGU   16.24%    passed     94.39%
  42  PYGAD   16.24%    passed     98.12%
  43  STRCA   15.76%    passed     99.89%
  44  TAEGU    2.39%    passed      5.67%
  45  TINMA   15.76%    passed     99.88%
  46  TYTAL   37.26%    passed     68.52%
****  TOTAL   20.40%  1 sequences failed composition chi2 test (p-value<5%; df=3)
Checking for duplicate sequences: done in 0.000133038 secs

Create initial parsimony tree by phylogenetic likelihood library (PLL)... 0.002 seconds

NOTE: 1 MB RAM (0 GB) is required!
Estimate model parameters (epsilon = 0.100)
1. Initial log-likelihood: -4846.091
2. Current log-likelihood: -4616.574
3. Current log-likelihood: -4613.486
Optimal log-likelihood: -4613.441
Rate parameters:  A-C: 1.78420  A-G: 3.07026  A-T: 1.08292  C-G: 1.74141  C-T: 6.14370  G-T: 1.00000
Base frequencies:  A: 0.315  C: 0.211  G: 0.231  T: 0.243
Gamma shape alpha: 0.149
Parameters optimization took 3 rounds (0.066 sec)
Wrote distance file to... 
Computing ML distances based on estimated model parameters...
Calculating distance matrix: done in 0.00536203 secs using 97.76% CPU
Computing ML distances took 0.005419 sec (of wall-clock time) 0.005293 sec (of CPU time)
Setting up auxiliary I and S matrices: done in 0.000201941 secs using 100% CPU
Constructing RapidNJ tree: done in 0.000304937 secs using 75.75% CPU
Computing RapidNJ tree took 0.000566 sec (of wall-clock time) 0.000484 sec (of CPU time)
Log-likelihood of RapidNJ tree: -4613.751
--------------------------------------------------------------------
|             INITIALIZING CANDIDATE TREE SET                      |
--------------------------------------------------------------------
Generating 98 parsimony trees... 0.138 second
Computing log-likelihood of 98 initial trees ... 0.170 seconds
Current best score: -4571.406

Do NNI search on 20 best initial trees
Estimate model parameters (epsilon = 0.100)
BETTER TREE FOUND at iteration 1: -4568.538
Estimate model parameters (epsilon = 0.100)
BETTER TREE FOUND at iteration 2: -4567.564
Iteration 10 / LogL: -4577.115 / Time: 0h:0m:0s
Estimate model parameters (epsilon = 0.100)
BETTER TREE FOUND at iteration 12: -4567.046
Iteration 20 / LogL: -4580.572 / Time: 0h:0m:1s
Finish initializing candidate tree set (20)
Current best tree score: -4567.046 / CPU time: 1.039
Number of iterations: 20
--------------------------------------------------------------------
|               OPTIMIZING CANDIDATE TREE SET                      |
--------------------------------------------------------------------
Estimate model parameters (epsilon = 0.100)
BETTER TREE FOUND at iteration 26: -4565.884
Estimate model parameters (epsilon = 0.100)
BETTER TREE FOUND at iteration 29: -4563.506
Iteration 30 / LogL: -4569.404 / Time: 0h:0m:1s (0h:0m:4s left)
Estimate model parameters (epsilon = 0.100)
BETTER TREE FOUND at iteration 38: -4563.278
BETTER TREE FOUND at iteration 39: -4563.273
Iteration 40 / LogL: -4566.146 / Time: 0h:0m:1s (0h:0m:4s left)
BETTER TREE FOUND at iteration 43: -4563.271
Iteration 50 / LogL: -4564.619 / Time: 0h:0m:2s (0h:0m:4s left)
Iteration 60 / LogL: -4569.133 / Time: 0h:0m:2s (0h:0m:3s left)
Iteration 70 / LogL: -4574.233 / Time: 0h:0m:2s (0h:0m:2s left)
Iteration 80 / LogL: -4565.897 / Time: 0h:0m:3s (0h:0m:2s left)
Iteration 90 / LogL: -4563.272 / Time: 0h:0m:3s (0h:0m:2s left)
UPDATE BEST LOG-LIKELIHOOD: -4563.271
Iteration 100 / LogL: -4566.718 / Time: 0h:0m:3s (0h:0m:1s left)
Iteration 110 / LogL: -4563.416 / Time: 0h:0m:4s (0h:0m:1s left)
Iteration 120 / LogL: -4563.273 / Time: 0h:0m:4s (0h:0m:0s left)
UPDATE BEST LOG-LIKELIHOOD: -4563.271
Estimate model parameters (epsilon = 0.100)
BETTER TREE FOUND at iteration 129: -4562.481
Iteration 130 / LogL: -4563.273 / Time: 0h:0m:4s (0h:0m:3s left)
BETTER TREE FOUND at iteration 133: -4562.481
BETTER TREE FOUND at iteration 136: -4562.479
Iteration 140 / LogL: -4562.480 / Time: 0h:0m:5s (0h:0m:3s left)
BETTER TREE FOUND at iteration 143: -4562.478
Iteration 150 / LogL: -4562.481 / Time: 0h:0m:5s (0h:0m:3s left)
Iteration 160 / LogL: -4563.059 / Time: 0h:0m:5s (0h:0m:3s left)
Iteration 170 / LogL: -4562.482 / Time: 0h:0m:6s (0h:0m:2s left)
Iteration 180 / LogL: -4562.814 / Time: 0h:0m:6s (0h:0m:2s left)
Iteration 190 / LogL: -4562.545 / Time: 0h:0m:6s (0h:0m:1s left)
Iteration 200 / LogL: -4565.473 / Time: 0h:0m:7s (0h:0m:1s left)
Iteration 210 / LogL: -4562.543 / Time: 0h:0m:7s (0h:0m:1s left)
Estimate model parameters (epsilon = 0.100)
BETTER TREE FOUND at iteration 220: -4562.019
Iteration 220 / LogL: -4562.019 / Time: 0h:0m:7s (0h:0m:3s left)
UPDATE BEST LOG-LIKELIHOOD: -4562.014
BETTER TREE FOUND at iteration 229: -4562.014
Iteration 230 / LogL: -4562.814 / Time: 0h:0m:8s (0h:0m:3s left)
Iteration 240 / LogL: -4562.110 / Time: 0h:0m:8s (0h:0m:3s left)
UPDATE BEST LOG-LIKELIHOOD: -4562.013
Iteration 250 / LogL: -4563.604 / Time: 0h:0m:8s (0h:0m:2s left)
Iteration 260 / LogL: -4562.014 / Time: 0h:0m:9s (0h:0m:2s left)
Iteration 270 / LogL: -4562.014 / Time: 0h:0m:9s (0h:0m:2s left)
Iteration 280 / LogL: -4562.285 / Time: 0h:0m:9s (0h:0m:1s left)
UPDATE BEST LOG-LIKELIHOOD: -4562.013
Iteration 290 / LogL: -4565.847 / Time: 0h:0m:10s (0h:0m:1s left)
Iteration 300 / LogL: -4562.104 / Time: 0h:0m:10s (0h:0m:1s left)
UPDATE BEST LOG-LIKELIHOOD: -4562.013
Iteration 310 / LogL: -4564.640 / Time: 0h:0m:10s (0h:0m:0s left)
Estimate model parameters (epsilon = 0.100)
BETTER TREE FOUND at iteration 317: -4561.098
Iteration 320 / LogL: -4562.650 / Time: 0h:0m:11s (0h:0m:3s left)
Estimate model parameters (epsilon = 0.100)
BETTER TREE FOUND at iteration 329: -4560.527
Iteration 330 / LogL: -4567.380 / Time: 0h:0m:11s (0h:0m:3s left)
Estimate model parameters (epsilon = 0.100)
BETTER TREE FOUND at iteration 334: -4560.249
Iteration 340 / LogL: -4564.678 / Time: 0h:0m:11s (0h:0m:3s left)
Iteration 350 / LogL: -4560.249 / Time: 0h:0m:12s (0h:0m:2s left)
Iteration 360 / LogL: -4560.250 / Time: 0h:0m:12s (0h:0m:2s left)
Iteration 370 / LogL: -4566.731 / Time: 0h:0m:12s (0h:0m:2s left)
BETTER TREE FOUND at iteration 376: -4560.249
Iteration 380 / LogL: -4565.596 / Time: 0h:0m:13s (0h:0m:3s left)
UPDATE BEST LOG-LIKELIHOOD: -4560.248
Iteration 390 / LogL: -4560.257 / Time: 0h:0m:13s (0h:0m:2s left)
Iteration 400 / LogL: -4560.249 / Time: 0h:0m:13s (0h:0m:2s left)
UPDATE BEST LOG-LIKELIHOOD: -4560.248
Iteration 410 / LogL: -4562.854 / Time: 0h:0m:14s (0h:0m:2s left)
Iteration 420 / LogL: -4564.647 / Time: 0h:0m:14s (0h:0m:1s left)
Iteration 430 / LogL: -4560.248 / Time: 0h:0m:14s (0h:0m:1s left)
Iteration 440 / LogL: -4560.352 / Time: 0h:0m:15s (0h:0m:1s left)
Iteration 450 / LogL: -4560.256 / Time: 0h:0m:15s (0h:0m:0s left)
Iteration 460 / LogL: -4560.251 / Time: 0h:0m:15s (0h:0m:0s left)
Iteration 470 / LogL: -4560.249 / Time: 0h:0m:16s (0h:0m:0s left)
TREE SEARCH COMPLETED AFTER 477 ITERATIONS / Time: 0h:0m:16s

--------------------------------------------------------------------
|                    FINALIZING TREE SEARCH                        |
--------------------------------------------------------------------
Performs final model parameters optimization
Estimate model parameters (epsilon = 0.010)
1. Initial log-likelihood: -4560.248
Optimal log-likelihood: -4560.248
Rate parameters:  A-C: 1.69543  A-G: 2.94020  A-T: 0.96806  C-G: 1.63567  C-T: 5.82702  G-T: 1.00000
Base frequencies:  A: 0.315  C: 0.211  G: 0.231  T: 0.243
Gamma shape alpha: 0.149
Parameters optimization took 1 rounds (0.007 sec)
BEST SCORE FOUND : -4560.248
Total tree length: 0.567

Total number of iterations: 477
CPU time used for tree search: 16.486 sec (0h:0m:16s)
Wall-clock time used for tree search: 16.322 sec (0h:0m:16s)
Total CPU time used: 16.588 sec (0h:0m:16s)
Total wall-clock time used: 16.418 sec (0h:0m:16s)

Analysis results written to: 
  IQ-TREE report:                /workspace/IQTree_JarvD5a_Results/exon_7959.iqtree
  Maximum-likelihood tree:       /workspace/IQTree_JarvD5a_Results/exon_7959.treefile
  Likelihood distances:          /workspace/IQTree_JarvD5a_Results/exon_7959.mldist
  Screen log file:               /workspace/IQTree_JarvD5a_Results/exon_7959.log

Date and Time: Thu May 28 07:03:07 2026
