IQ-TREE version 3.1.2 for Linux x86 64-bit built May  7 2026
Developed by Bui Quang Minh, Thomas Wong, Nhan Ly-Trong, Huaiyan Ren
Contributed by Lam-Tung Nguyen, Dominik Schrempf, Chris Bielow,
Olga Chernomor, Michael Woodhams, Diep Thi Hoang, Heiko Schmidt

Host:    8084c4e79f09 (AVX512, FMA3, 1133 GB RAM)
Command: /workspace/iqtree-3.1.2-Linux/bin/iqtree3_intel -s /workspace/NeuralNJ/empirical/JarvD5a/exon_325.fasta -st DNA -m GTR+G -seed 2201 -pre /workspace/IQTree_JarvD5a_Results/exon_325 -quiet
Seed:    2201 (Using SPRNG - Scalable Parallel Random Number Generator)
Time:    Thu May 28 00:16:34 2026
Kernel:  AVX+FMA - 1 threads (384 CPU cores detected)

HINT: Use -nt option to specify number of threads because your CPU has 384 cores!
HINT: -nt AUTO will automatically determine the best number of threads to use.

Reading alignment file /workspace/NeuralNJ/empirical/JarvD5a/exon_325.fasta ... Fasta format detected
Reading fasta file: done in 0.000330925 secs using 15.41% CPU
Alignment most likely contains DNA/RNA sequences
Constructing alignment: done in 0.000702858 secs using 3.13% CPU
Alignment has 46 sequences with 466 columns, 133 distinct patterns
52 parsimony-informative, 50 singleton sites, 364 constant sites
       Gap/Ambiguity  Composition  p-value
Analyzing sequences: done in 1.5974e-05 secs
   1  ACACH   12.88%    passed     94.59%
   2  ANAPL   14.16%    passed     99.77%
   3  APAVI   14.16%    passed     89.31%
   4  APTFO   14.16%    passed     99.90%
   5  BALRE   14.16%    passed     99.74%
   6  BUCRH   14.16%    passed     78.44%
   7  CALAN   14.16%    passed     93.72%
   8  CAPCA   43.35%    passed     51.92%
   9  CARCR   14.16%    passed     99.04%
  10  CHAPE   12.88%    passed     94.84%
  11  CHAVO   14.16%    passed     99.74%
  12  CHLUN   14.16%    passed     99.72%
  13  COLLI   14.59%    passed     89.64%
  14  COLST   14.16%    passed     99.23%
  15  CORBR   12.45%    passed     96.69%
  16  CUCCA   12.88%    passed     99.18%
  17  EGRGA   14.16%    passed     99.14%
  18  EURHE   14.16%    passed     99.04%
  19  FALPE   14.16%    passed     99.74%
  20  FULGL   14.16%    passed     99.04%
  21  GALGA    1.72%    passed     86.21%
  22  GAVST   14.16%    passed     99.05%
  23  GEOFO   14.16%    passed     94.26%
  24  HALAL   14.16%    passed     99.89%
  25  HALLE   14.16%    passed     99.74%
  26  LEPDI   14.16%    passed     99.57%
  27  MELGA   12.88%    passed     98.23%
  28  MELUN   14.16%    passed     98.01%
  29  MERNU   14.16%    passed     96.39%
  30  MESUN   14.16%    passed     99.74%
  31  NESNO   14.16%    passed    100.00%
  32  NIPNI   14.16%    passed     99.74%
  33  OPHHO   14.16%    passed     97.00%
  34  PELCR   14.16%    passed     99.92%
  35  PHACA   30.90%    passed     58.16%
  36  PHALE   14.16%    passed     98.48%
  37  PHORU   14.16%    passed     99.04%
  38  PICPU   14.16%    passed     99.65%
  39  PODCR   12.88%    passed     99.97%
  40  PTEGU   14.16%    passed     99.79%
  41  PYGAD   14.16%    passed     99.04%
  42  STRCA   12.88%    passed     99.90%
  43  TAEGU    2.58%    passed     65.22%
  44  TAUER   31.55%    passed     23.32%
  45  TINMA   12.88%    passed     97.77%
  46  TYTAL   14.16%    passed     99.79%
****  TOTAL   14.79%  0 sequences failed composition chi2 test (p-value<5%; df=3)
NOTE: EURHE is identical to CARCR but kept for subsequent analysis
Checking for duplicate sequences: done in 0.000136137 secs using 71.25% CPU
Identifying sites to remove: done in 0.000182152 secs using 99.92% CPU
NOTE: 3 identical sequences (see below) will be ignored for subsequent analysis
NOTE: FULGL (identical to CARCR) is ignored but added at the end
NOTE: PHORU (identical to CARCR) is ignored but added at the end
NOTE: PYGAD (identical to CARCR) is ignored but added at the end
Alignment was printed to /workspace/IQTree_JarvD5a_Results/exon_325.uniqueseq.phy

For your convenience alignment with unique sequences printed to /workspace/IQTree_JarvD5a_Results/exon_325.uniqueseq.phy

Create initial parsimony tree by phylogenetic likelihood library (PLL)... 0.001 seconds

NOTE: 0 MB RAM (0 GB) is required!
Estimate model parameters (epsilon = 0.100)
1. Initial log-likelihood: -2068.162
2. Current log-likelihood: -1965.757
3. Current log-likelihood: -1964.365
Optimal log-likelihood: -1964.347
Rate parameters:  A-C: 1.62143  A-G: 4.22878  A-T: 0.48981  C-G: 1.28737  C-T: 1.97870  G-T: 1.00000
Base frequencies:  A: 0.235  C: 0.195  G: 0.251  T: 0.320
Gamma shape alpha: 0.197
Parameters optimization took 3 rounds (0.046 sec)
Wrote distance file to... 
Computing ML distances based on estimated model parameters...
Calculating distance matrix: done in 0.00352001 secs using 100% CPU
Computing ML distances took 0.003553 sec (of wall-clock time) 0.003553 sec (of CPU time)
Setting up auxiliary I and S matrices: done in 0.000241041 secs using 167.6% CPU
Constructing RapidNJ tree: done in 0.000421047 secs using 238.5% CPU
Computing RapidNJ tree took 0.000722 sec (of wall-clock time) 0.001482 sec (of CPU time)
Log-likelihood of RapidNJ tree: -1953.363
--------------------------------------------------------------------
|             INITIALIZING CANDIDATE TREE SET                      |
--------------------------------------------------------------------
Generating 98 parsimony trees... 0.085 second
Computing log-likelihood of 98 initial trees ... 0.096 seconds
Current best score: -1943.007

Do NNI search on 20 best initial trees
Estimate model parameters (epsilon = 0.100)
BETTER TREE FOUND at iteration 1: -1942.009
Iteration 10 / LogL: -1944.182 / Time: 0h:0m:0s
Estimate model parameters (epsilon = 0.100)
BETTER TREE FOUND at iteration 20: -1941.146
Iteration 20 / LogL: -1941.146 / Time: 0h:0m:0s
Finish initializing candidate tree set (20)
Current best tree score: -1941.146 / CPU time: 0.546
Number of iterations: 20
--------------------------------------------------------------------
|               OPTIMIZING CANDIDATE TREE SET                      |
--------------------------------------------------------------------
Estimate model parameters (epsilon = 0.100)
BETTER TREE FOUND at iteration 26: -1936.576
Iteration 30 / LogL: -1940.475 / Time: 0h:0m:0s (0h:0m:2s left)
Estimate model parameters (epsilon = 0.100)
BETTER TREE FOUND at iteration 36: -1936.541
BETTER TREE FOUND at iteration 37: -1936.541
Iteration 40 / LogL: -1936.696 / Time: 0h:0m:1s (0h:0m:2s left)
BETTER TREE FOUND at iteration 41: -1936.541
Iteration 50 / LogL: -1940.966 / Time: 0h:0m:1s (0h:0m:2s left)
BETTER TREE FOUND at iteration 55: -1936.541
Iteration 60 / LogL: -1940.174 / Time: 0h:0m:1s (0h:0m:2s left)
Estimate model parameters (epsilon = 0.100)
BETTER TREE FOUND at iteration 64: -1936.172
BETTER TREE FOUND at iteration 67: -1936.171
Iteration 70 / LogL: -1940.579 / Time: 0h:0m:1s (0h:0m:2s left)
Iteration 80 / LogL: -1936.171 / Time: 0h:0m:1s (0h:0m:2s left)
Iteration 90 / LogL: -1940.860 / Time: 0h:0m:2s (0h:0m:1s left)
BETTER TREE FOUND at iteration 100: -1936.171
Iteration 100 / LogL: -1936.171 / Time: 0h:0m:2s (0h:0m:2s left)
Iteration 110 / LogL: -1936.604 / Time: 0h:0m:2s (0h:0m:2s left)
BETTER TREE FOUND at iteration 111: -1936.171
BETTER TREE FOUND at iteration 113: -1936.171
BETTER TREE FOUND at iteration 114: -1936.171
Iteration 120 / LogL: -1939.809 / Time: 0h:0m:2s (0h:0m:2s left)
Iteration 130 / LogL: -1938.971 / Time: 0h:0m:2s (0h:0m:1s left)
Iteration 140 / LogL: -1936.171 / Time: 0h:0m:3s (0h:0m:1s left)
BETTER TREE FOUND at iteration 141: -1936.171
UPDATE BEST LOG-LIKELIHOOD: -1936.171
Iteration 150 / LogL: -1939.495 / Time: 0h:0m:3s (0h:0m:1s left)
BETTER TREE FOUND at iteration 157: -1936.170
Iteration 160 / LogL: -1938.325 / Time: 0h:0m:3s (0h:0m:2s left)
BETTER TREE FOUND at iteration 169: -1936.170
Iteration 170 / LogL: -1936.171 / Time: 0h:0m:3s (0h:0m:2s left)
Iteration 180 / LogL: -1940.475 / Time: 0h:0m:3s (0h:0m:1s left)
Iteration 190 / LogL: -1936.369 / Time: 0h:0m:4s (0h:0m:1s left)
BETTER TREE FOUND at iteration 196: -1936.170
Iteration 200 / LogL: -1937.413 / Time: 0h:0m:4s (0h:0m:2s left)
Iteration 210 / LogL: -1936.170 / Time: 0h:0m:4s (0h:0m:1s left)
Iteration 220 / LogL: -1936.604 / Time: 0h:0m:4s (0h:0m:1s left)
Iteration 230 / LogL: -1938.054 / Time: 0h:0m:4s (0h:0m:1s left)
Iteration 240 / LogL: -1936.171 / Time: 0h:0m:5s (0h:0m:1s left)
Iteration 250 / LogL: -1936.170 / Time: 0h:0m:5s (0h:0m:0s left)
Estimate model parameters (epsilon = 0.100)
BETTER TREE FOUND at iteration 256: -1935.512
Iteration 260 / LogL: -1936.181 / Time: 0h:0m:5s (0h:0m:2s left)
Iteration 270 / LogL: -1935.715 / Time: 0h:0m:5s (0h:0m:1s left)
Iteration 280 / LogL: -1935.512 / Time: 0h:0m:5s (0h:0m:1s left)
Iteration 290 / LogL: -1937.865 / Time: 0h:0m:6s (0h:0m:1s left)
Iteration 300 / LogL: -1935.512 / Time: 0h:0m:6s (0h:0m:1s left)
UPDATE BEST LOG-LIKELIHOOD: -1935.512
Iteration 310 / LogL: -1935.512 / Time: 0h:0m:6s (0h:0m:0s left)
Iteration 320 / LogL: -1942.208 / Time: 0h:0m:6s (0h:0m:0s left)
Iteration 330 / LogL: -1936.961 / Time: 0h:0m:6s (0h:0m:0s left)
Iteration 340 / LogL: -1935.694 / Time: 0h:0m:7s (0h:0m:0s left)
Iteration 350 / LogL: -1935.513 / Time: 0h:0m:7s (0h:0m:0s left)
TREE SEARCH COMPLETED AFTER 357 ITERATIONS / Time: 0h:0m:7s

--------------------------------------------------------------------
|                    FINALIZING TREE SEARCH                        |
--------------------------------------------------------------------
Performs final model parameters optimization
Estimate model parameters (epsilon = 0.010)
1. Initial log-likelihood: -1935.512
Optimal log-likelihood: -1935.512
Rate parameters:  A-C: 1.54745  A-G: 4.76366  A-T: 0.39912  C-G: 1.16548  C-T: 1.90730  G-T: 1.00000
Base frequencies:  A: 0.235  C: 0.195  G: 0.251  T: 0.320
Gamma shape alpha: 0.204
Parameters optimization took 1 rounds (0.004 sec)
BEST SCORE FOUND : -1935.512
Total tree length: 0.823

Total number of iterations: 357
CPU time used for tree search: 7.528 sec (0h:0m:7s)
Wall-clock time used for tree search: 7.357 sec (0h:0m:7s)
Total CPU time used: 7.609 sec (0h:0m:7s)
Total wall-clock time used: 7.428 sec (0h:0m:7s)

Analysis results written to: 
  IQ-TREE report:                /workspace/IQTree_JarvD5a_Results/exon_325.iqtree
  Maximum-likelihood tree:       /workspace/IQTree_JarvD5a_Results/exon_325.treefile
  Likelihood distances:          /workspace/IQTree_JarvD5a_Results/exon_325.mldist
  Screen log file:               /workspace/IQTree_JarvD5a_Results/exon_325.log

Date and Time: Thu May 28 00:16:42 2026
