IQ-TREE version 3.1.2 for Linux x86 64-bit built May  7 2026
Developed by Bui Quang Minh, Thomas Wong, Nhan Ly-Trong, Huaiyan Ren
Contributed by Lam-Tung Nguyen, Dominik Schrempf, Chris Bielow,
Olga Chernomor, Michael Woodhams, Diep Thi Hoang, Heiko Schmidt

Host:    8084c4e79f09 (AVX512, FMA3, 1133 GB RAM)
Command: /workspace/iqtree-3.1.2-Linux/bin/iqtree3_intel -s /workspace/NeuralNJ/empirical/JarvD5a/exon_12411.fasta -st DNA -m GTR+G -seed 2201 -pre /workspace/IQTree_JarvD5a_Results/exon_12411 -quiet
Seed:    2201 (Using SPRNG - Scalable Parallel Random Number Generator)
Time:    Wed May 27 15:09:05 2026
Kernel:  AVX+FMA - 1 threads (384 CPU cores detected)

HINT: Use -nt option to specify number of threads because your CPU has 384 cores!
HINT: -nt AUTO will automatically determine the best number of threads to use.

Reading alignment file /workspace/NeuralNJ/empirical/JarvD5a/exon_12411.fasta ... Fasta format detected
Reading fasta file: done in 0.000911951 secs using 31.36% CPU
Alignment most likely contains DNA/RNA sequences
Constructing alignment: done in 0.00276494 secs using 68.9% CPU
Alignment has 43 sequences with 2368 columns, 572 distinct patterns
267 parsimony-informative, 178 singleton sites, 1923 constant sites
       Gap/Ambiguity  Composition  p-value
Analyzing sequences: done in 3.69549e-05 secs using 100.1% CPU
   1  ACACH   27.28%    passed     65.53%
   2  ANAPL   10.14%    passed     87.17%
   3  APAVI   46.20%    passed     71.03%
   4  APTFO   30.91%    passed     98.79%
   5  BALRE   13.09%    passed     98.68%
   6  CALAN   13.34%    passed     95.87%
   7  CARCR   12.20%    passed     97.37%
   8  CATAU   27.91%    passed     61.11%
   9  CHAPE   13.43%    passed     97.67%
  10  CHAVO   10.14%    passed     85.18%
  11  COLLI   15.12%    passed     99.22%
  12  COLST   14.91%    passed     98.64%
  13  CORBR   11.23%    passed     95.22%
  14  CUCCA   10.56%    passed     97.69%
  15  EGRGA   13.34%    passed     99.29%
  16  EURHE   32.18%    passed     96.77%
  17  FALPE   13.05%    passed     99.39%
  18  FULGL   35.47%    passed     87.99%
  19  GALGA   10.14%    passed     85.44%
  20  GAVST   27.87%    passed     82.60%
  21  GEOFO   13.60%    passed     96.99%
  22  HALLE   16.72%    passed     63.40%
  23  LEPDI   51.94%    passed     68.29%
  24  MANVI   11.32%    passed     89.40%
  25  MELGA   10.14%    passed     87.00%
  26  MELUN   10.56%    passed     94.58%
  27  MERNU   10.18%    passed     78.57%
  28  MESUN   12.46%    passed     98.99%
  29  NESNO   42.40%    passed     84.79%
  30  NIPNI   14.53%    passed     99.96%
  31  OPHHO   14.70%    passed     90.71%
  32  PELCR   10.14%    passed     99.65%
  33  PHACA   50.93%    passed     59.81%
  34  PHALE   12.42%    passed     95.34%
  35  PHORU   45.78%    passed     93.28%
  36  PODCR   20.06%    passed     76.76%
  37  PTEGU   12.88%    passed     99.86%
  38  PYGAD   10.90%    passed     94.45%
  39  STRCA   16.05%    passed     87.87%
  40  TAEGU    9.21%    passed     93.02%
  41  TAUER   26.77%    passed     96.54%
  42  TINMA   13.30%    passed     94.74%
  43  TYTAL   25.80%    passed     47.08%
WARNING: 2 sequences contain more than 50% gaps/ambiguity
****  TOTAL   19.80%  0 sequences failed composition chi2 test (p-value<5%; df=3)
Checking for duplicate sequences: done in 0.000119925 secs using 100.1% CPU

Create initial parsimony tree by phylogenetic likelihood library (PLL)... 0.003 seconds

NOTE: 3 MB RAM (0 GB) is required!
Estimate model parameters (epsilon = 0.100)
1. Initial log-likelihood: -10921.124
2. Current log-likelihood: -10178.454
3. Current log-likelihood: -10098.373
4. Current log-likelihood: -10086.296
5. Current log-likelihood: -10085.124
Optimal log-likelihood: -10085.082
Rate parameters:  A-C: 1.04721  A-G: 1.18274  A-T: 0.99434  C-G: 0.97840  C-T: 2.79604  G-T: 1.00000
Base frequencies:  A: 0.330  C: 0.214  G: 0.225  T: 0.230
Gamma shape alpha: 0.140
Parameters optimization took 5 rounds (0.142 sec)
Wrote distance file to... 
Computing ML distances based on estimated model parameters...
Calculating distance matrix: done in 0.00599194 secs using 100% CPU
Computing ML distances took 0.006089 sec (of wall-clock time) 0.006088 sec (of CPU time)
Setting up auxiliary I and S matrices: done in 0.000101089 secs using 268.1% CPU
Constructing RapidNJ tree: done in 0.000416994 secs using 100% CPU
Computing RapidNJ tree took 0.000589 sec (of wall-clock time) 0.000757 sec (of CPU time)
Log-likelihood of RapidNJ tree: -10319.685
--------------------------------------------------------------------
|             INITIALIZING CANDIDATE TREE SET                      |
--------------------------------------------------------------------
Generating 98 parsimony trees... 0.207 second
Computing log-likelihood of 98 initial trees ... 0.299 seconds
Current best score: -10085.082

Do NNI search on 20 best initial trees
Estimate model parameters (epsilon = 0.100)
BETTER TREE FOUND at iteration 1: -10076.265
Estimate model parameters (epsilon = 0.100)
BETTER TREE FOUND at iteration 2: -10065.526
Estimate model parameters (epsilon = 0.100)
BETTER TREE FOUND at iteration 6: -10064.998
Estimate model parameters (epsilon = 0.100)
BETTER TREE FOUND at iteration 8: -10063.392
Iteration 10 / LogL: -10068.974 / Time: 0h:0m:1s
Iteration 20 / LogL: -10074.055 / Time: 0h:0m:2s
Finish initializing candidate tree set (20)
Current best tree score: -10063.392 / CPU time: 2.129
Number of iterations: 20
--------------------------------------------------------------------
|               OPTIMIZING CANDIDATE TREE SET                      |
--------------------------------------------------------------------
Estimate model parameters (epsilon = 0.100)
BETTER TREE FOUND at iteration 22: -10061.739
Estimate model parameters (epsilon = 0.100)
BETTER TREE FOUND at iteration 28: -10061.353
Iteration 30 / LogL: -10065.233 / Time: 0h:0m:3s (0h:0m:10s left)
BETTER TREE FOUND at iteration 33: -10061.352
Iteration 40 / LogL: -10061.379 / Time: 0h:0m:3s (0h:0m:8s left)
Estimate model parameters (epsilon = 0.100)
BETTER TREE FOUND at iteration 45: -10061.213
Estimate model parameters (epsilon = 0.100)
BETTER TREE FOUND at iteration 47: -10061.055
Iteration 50 / LogL: -10061.159 / Time: 0h:0m:4s (0h:0m:8s left)
BETTER TREE FOUND at iteration 52: -10061.055
UPDATE BEST LOG-LIKELIHOOD: -10061.055
Iteration 60 / LogL: -10122.078 / Time: 0h:0m:5s (0h:0m:8s left)
Iteration 70 / LogL: -10061.055 / Time: 0h:0m:5s (0h:0m:7s left)
Iteration 80 / LogL: -10061.055 / Time: 0h:0m:6s (0h:0m:6s left)
Iteration 90 / LogL: -10065.939 / Time: 0h:0m:7s (0h:0m:5s left)
UPDATE BEST LOG-LIKELIHOOD: -10061.055
Iteration 100 / LogL: -10061.356 / Time: 0h:0m:8s (0h:0m:4s left)
Iteration 110 / LogL: -10061.055 / Time: 0h:0m:8s (0h:0m:3s left)
Iteration 120 / LogL: -10084.261 / Time: 0h:0m:9s (0h:0m:2s left)
Iteration 130 / LogL: -10124.243 / Time: 0h:0m:10s (0h:0m:1s left)
Iteration 140 / LogL: -10067.589 / Time: 0h:0m:11s (0h:0m:0s left)
Iteration 150 / LogL: -10094.146 / Time: 0h:0m:11s (0h:0m:0s left)
TREE SEARCH COMPLETED AFTER 153 ITERATIONS / Time: 0h:0m:12s

--------------------------------------------------------------------
|                    FINALIZING TREE SEARCH                        |
--------------------------------------------------------------------
Performs final model parameters optimization
Estimate model parameters (epsilon = 0.010)
1. Initial log-likelihood: -10061.055
Optimal log-likelihood: -10061.053
Rate parameters:  A-C: 1.09693  A-G: 1.25213  A-T: 1.03356  C-G: 0.92787  C-T: 2.78022  G-T: 1.00000
Base frequencies:  A: 0.330  C: 0.214  G: 0.225  T: 0.230
Gamma shape alpha: 0.139
Parameters optimization took 1 rounds (0.012 sec)
BEST SCORE FOUND : -10061.053
Total tree length: 2.031

Total number of iterations: 153
CPU time used for tree search: 12.084 sec (0h:0m:12s)
Wall-clock time used for tree search: 11.941 sec (0h:0m:11s)
Total CPU time used: 12.321 sec (0h:0m:12s)
Total wall-clock time used: 12.145 sec (0h:0m:12s)

Analysis results written to: 
  IQ-TREE report:                /workspace/IQTree_JarvD5a_Results/exon_12411.iqtree
  Maximum-likelihood tree:       /workspace/IQTree_JarvD5a_Results/exon_12411.treefile
  Likelihood distances:          /workspace/IQTree_JarvD5a_Results/exon_12411.mldist
  Screen log file:               /workspace/IQTree_JarvD5a_Results/exon_12411.log

Date and Time: Wed May 27 15:09:17 2026
