IQ-TREE version 3.1.2 for Linux x86 64-bit built May  7 2026
Developed by Bui Quang Minh, Thomas Wong, Nhan Ly-Trong, Huaiyan Ren
Contributed by Lam-Tung Nguyen, Dominik Schrempf, Chris Bielow,
Olga Chernomor, Michael Woodhams, Diep Thi Hoang, Heiko Schmidt

Host:    8084c4e79f09 (AVX512, FMA3, 1133 GB RAM)
Command: /workspace/iqtree-3.1.2-Linux/bin/iqtree3_intel -s /workspace/NeuralNJ/empirical/JarvD5a/exon_10688.fasta -st DNA -m GTR+G -seed 2201 -pre /workspace/IQTree_JarvD5a_Results/exon_10688 -quiet
Seed:    2201 (Using SPRNG - Scalable Parallel Random Number Generator)
Time:    Wed May 27 10:55:22 2026
Kernel:  AVX+FMA - 1 threads (384 CPU cores detected)

HINT: Use -nt option to specify number of threads because your CPU has 384 cores!
HINT: -nt AUTO will automatically determine the best number of threads to use.

Reading alignment file /workspace/NeuralNJ/empirical/JarvD5a/exon_10688.fasta ... Fasta format detected
Reading fasta file: done in 0.000798225 secs using 80.68% CPU
Alignment most likely contains DNA/RNA sequences
Constructing alignment: done in 0.00216317 secs using 32.36% CPU
Alignment has 48 sequences with 1782 columns, 977 distinct patterns
613 parsimony-informative, 330 singleton sites, 839 constant sites
       Gap/Ambiguity  Composition  p-value
Analyzing sequences: done in 9.60827e-05 secs
   1  ACACH    6.85%    passed     57.38%
   2  ANAPL    3.14%    passed     94.38%
   3  APAVI    3.93%    passed     99.58%
   4  APTFO    3.59%    passed     96.31%
   5  BALRE    3.70%    passed     93.22%
   6  BUCRH    3.82%    passed     90.33%
   7  CALAN    5.50%    passed     96.09%
   8  CAPCA    4.38%    passed     99.81%
   9  CARCR    4.83%    passed     99.97%
  10  CATAU    6.17%    passed     95.32%
  11  CHAPE    5.72%    passed     95.84%
  12  CHAVO    3.93%    passed     94.49%
  13  CHLUN    3.70%    passed     99.57%
  14  COLLI    4.04%    passed     98.60%
  15  COLST    7.63%    passed     70.76%
  16  CORBR    3.70%    passed     93.54%
  17  CUCCA    3.25%    passed     89.44%
  18  EGRGA    3.93%    passed     90.41%
  19  EURHE    4.04%    passed     92.48%
  20  FALPE    9.43%    passed     98.91%
  21  FULGL    3.70%    passed     98.73%
  22  GALGA    3.70%    passed     99.28%
  23  GAVST    3.93%    passed     80.62%
  24  GEOFO    3.03%    passed     63.90%
  25  HALAL    3.93%    passed     97.85%
  26  HALLE    3.93%    passed     98.34%
  27  LEPDI   11.22%    passed     97.54%
  28  MANVI   15.26%    passed     62.05%
  29  MELGA   10.89%    passed     92.10%
  30  MELUN    4.38%    passed     94.72%
  31  MERNU    3.82%    passed     57.21%
  32  MESUN    4.49%    passed     98.94%
  33  NESNO    3.48%    passed     96.21%
  34  NIPNI    3.70%    passed     95.22%
  35  OPHHO    6.29%    passed     99.39%
  36  PELCR    4.26%    passed     93.41%
  37  PHACA    3.70%    passed     95.71%
  38  PHALE    4.60%    passed     68.74%
  39  PHORU    3.65%    passed     97.85%
  40  PICPU    7.30%    passed     17.89%
  41  PODCR    3.70%    passed     91.44%
  42  PTEGU    4.15%    passed     96.57%
  43  PYGAD    3.59%    passed     96.95%
  44  STRCA    3.70%    passed     99.45%
  45  TAEGU    3.14%    passed     94.34%
  46  TAUER    4.04%    passed     99.42%
  47  TINMA    2.92%    passed     95.06%
  48  TYTAL    4.26%    passed     98.99%
****  TOTAL    4.88%  0 sequences failed composition chi2 test (p-value<5%; df=3)
Checking for duplicate sequences: done in 0.000163078 secs

Create initial parsimony tree by phylogenetic likelihood library (PLL)... 0.004 seconds

NOTE: 6 MB RAM (0 GB) is required!
Estimate model parameters (epsilon = 0.100)
1. Initial log-likelihood: -18748.656
2. Current log-likelihood: -17907.981
3. Current log-likelihood: -17899.967
4. Current log-likelihood: -17899.790
Optimal log-likelihood: -17899.771
Rate parameters:  A-C: 1.22901  A-G: 4.33712  A-T: 0.66659  C-G: 1.70307  C-T: 3.70997  G-T: 1.00000
Base frequencies:  A: 0.332  C: 0.224  G: 0.223  T: 0.221
Gamma shape alpha: 0.443
Parameters optimization took 4 rounds (0.207 sec)
Wrote distance file to... 
Computing ML distances based on estimated model parameters...
Calculating distance matrix: done in 0.00696182 secs using 99.97% CPU
Computing ML distances took 0.007140 sec (of wall-clock time) 0.007139 sec (of CPU time)
Setting up auxiliary I and S matrices: done in 0.000118017 secs using 93.21% CPU
Constructing RapidNJ tree: done in 0.000556946 secs using 84.39% CPU
Computing RapidNJ tree took 0.000746 sec (of wall-clock time) 0.000628 sec (of CPU time)
Log-likelihood of RapidNJ tree: -17920.564
--------------------------------------------------------------------
|             INITIALIZING CANDIDATE TREE SET                      |
--------------------------------------------------------------------
Generating 98 parsimony trees... 0.413 second
Computing log-likelihood of 98 initial trees ... 0.532 seconds
Current best score: -17874.103

Do NNI search on 20 best initial trees
Estimate model parameters (epsilon = 0.100)
BETTER TREE FOUND at iteration 1: -17855.406
Estimate model parameters (epsilon = 0.100)
BETTER TREE FOUND at iteration 2: -17851.738
Estimate model parameters (epsilon = 0.100)
BETTER TREE FOUND at iteration 6: -17850.055
Estimate model parameters (epsilon = 0.100)
BETTER TREE FOUND at iteration 8: -17849.184
Iteration 10 / LogL: -17855.035 / Time: 0h:0m:2s
Estimate model parameters (epsilon = 0.100)
BETTER TREE FOUND at iteration 12: -17848.575
Estimate model parameters (epsilon = 0.100)
BETTER TREE FOUND at iteration 15: -17843.188
Iteration 20 / LogL: -17858.421 / Time: 0h:0m:3s
Finish initializing candidate tree set (20)
Current best tree score: -17843.188 / CPU time: 3.220
Number of iterations: 20
--------------------------------------------------------------------
|               OPTIMIZING CANDIDATE TREE SET                      |
--------------------------------------------------------------------
Iteration 30 / LogL: -17843.205 / Time: 0h:0m:4s (0h:0m:13s left)
Estimate model parameters (epsilon = 0.100)
BETTER TREE FOUND at iteration 32: -17842.430
Estimate model parameters (epsilon = 0.100)
BETTER TREE FOUND at iteration 38: -17840.339
Iteration 40 / LogL: -17843.229 / Time: 0h:0m:5s (0h:0m:14s left)
Iteration 50 / LogL: -17843.229 / Time: 0h:0m:6s (0h:0m:12s left)
Iteration 60 / LogL: -17841.578 / Time: 0h:0m:7s (0h:0m:10s left)
Iteration 70 / LogL: -17841.156 / Time: 0h:0m:8s (0h:0m:8s left)
BETTER TREE FOUND at iteration 71: -17840.331
Iteration 80 / LogL: -17840.333 / Time: 0h:0m:10s (0h:0m:11s left)
Iteration 90 / LogL: -17845.089 / Time: 0h:0m:11s (0h:0m:10s left)
Iteration 100 / LogL: -17840.344 / Time: 0h:0m:12s (0h:0m:8s left)
UPDATE BEST LOG-LIKELIHOOD: -17840.330
Iteration 110 / LogL: -17840.784 / Time: 0h:0m:13s (0h:0m:7s left)
Iteration 120 / LogL: -17840.334 / Time: 0h:0m:14s (0h:0m:6s left)
Iteration 130 / LogL: -17841.127 / Time: 0h:0m:15s (0h:0m:4s left)
Iteration 140 / LogL: -17841.924 / Time: 0h:0m:16s (0h:0m:3s left)
Iteration 150 / LogL: -17840.340 / Time: 0h:0m:17s (0h:0m:2s left)
Iteration 160 / LogL: -17841.180 / Time: 0h:0m:18s (0h:0m:1s left)
Iteration 170 / LogL: -17847.693 / Time: 0h:0m:19s (0h:0m:0s left)
TREE SEARCH COMPLETED AFTER 172 ITERATIONS / Time: 0h:0m:19s

--------------------------------------------------------------------
|                    FINALIZING TREE SEARCH                        |
--------------------------------------------------------------------
Performs final model parameters optimization
Estimate model parameters (epsilon = 0.010)
1. Initial log-likelihood: -17840.330
Optimal log-likelihood: -17840.327
Rate parameters:  A-C: 1.23186  A-G: 4.49019  A-T: 0.65142  C-G: 1.73370  C-T: 3.77120  G-T: 1.00000
Base frequencies:  A: 0.332  C: 0.224  G: 0.223  T: 0.221
Gamma shape alpha: 0.442
Parameters optimization took 1 rounds (0.024 sec)
BEST SCORE FOUND : -17840.327
Total tree length: 2.576

Total number of iterations: 172
CPU time used for tree search: 19.562 sec (0h:0m:19s)
Wall-clock time used for tree search: 19.438 sec (0h:0m:19s)
Total CPU time used: 19.886 sec (0h:0m:19s)
Total wall-clock time used: 19.727 sec (0h:0m:19s)

Analysis results written to: 
  IQ-TREE report:                /workspace/IQTree_JarvD5a_Results/exon_10688.iqtree
  Maximum-likelihood tree:       /workspace/IQTree_JarvD5a_Results/exon_10688.treefile
  Likelihood distances:          /workspace/IQTree_JarvD5a_Results/exon_10688.mldist
  Screen log file:               /workspace/IQTree_JarvD5a_Results/exon_10688.log

Date and Time: Wed May 27 10:55:42 2026
