IQ-TREE version 3.1.2 for Linux x86 64-bit built May  7 2026
Developed by Bui Quang Minh, Thomas Wong, Nhan Ly-Trong, Huaiyan Ren
Contributed by Lam-Tung Nguyen, Dominik Schrempf, Chris Bielow,
Olga Chernomor, Michael Woodhams, Diep Thi Hoang, Heiko Schmidt

Host:    8084c4e79f09 (AVX512, FMA3, 1133 GB RAM)
Command: /workspace/iqtree-3.1.2-Linux/bin/iqtree3_intel -s /workspace/NeuralNJ/empirical/JarvD5a/exon_4843.fasta -st DNA -m GTR+G -seed 2201 -pre /workspace/IQTree_JarvD5a_Results/exon_4843 -quiet
Seed:    2201 (Using SPRNG - Scalable Parallel Random Number Generator)
Time:    Thu May 28 02:58:45 2026
Kernel:  AVX+FMA - 1 threads (384 CPU cores detected)

HINT: Use -nt option to specify number of threads because your CPU has 384 cores!
HINT: -nt AUTO will automatically determine the best number of threads to use.

Reading alignment file /workspace/NeuralNJ/empirical/JarvD5a/exon_4843.fasta ... Fasta format detected
Reading fasta file: done in 0.000703096 secs using 11.8% CPU
Alignment most likely contains DNA/RNA sequences
Constructing alignment: done in 0.00196314 secs using 69.63% CPU
Alignment has 46 sequences with 1644 columns, 690 distinct patterns
427 parsimony-informative, 223 singleton sites, 994 constant sites
       Gap/Ambiguity  Composition  p-value
Analyzing sequences: done in 4.81606e-05 secs using 99.67% CPU
   1  ACACH   25.79%    passed     98.10%
   2  ANAPL    2.07%    passed     98.27%
   3  APAVI    3.53%    passed     97.45%
   4  APTFO    1.58%    passed     98.80%
   5  BALRE   49.76%    passed     93.98%
   6  BUCRH    3.16%    passed     99.66%
   7  CALAN    2.55%    passed     96.63%
   8  CAPCA    1.58%    passed     96.84%
   9  CARCR    2.62%    passed     99.81%
  10  CATAU    2.31%    passed     95.94%
  11  CHAPE    1.95%    passed     97.20%
  12  CHAVO    1.58%    passed     99.92%
  13  CHLUN    2.31%    passed     98.66%
  14  COLLI    4.01%    passed     92.03%
  15  CORBR    4.01%    passed     88.89%
  16  CUCCA    1.70%    passed     99.91%
  17  EGRGA    2.92%    passed     97.39%
  18  EURHE    1.58%    passed     94.58%
  19  FALPE    2.68%    passed     99.55%
  20  FULGL   22.02%    passed     84.94%
  21  GALGA    1.70%    passed     99.90%
  22  GAVST    1.58%    passed     99.59%
  23  GEOFO    1.58%    passed     89.21%
  24  HALAL   23.48%    passed     94.94%
  25  HALLE    1.58%    passed     98.91%
  26  LEPDI    1.58%    passed     99.33%
  27  MANVI    1.58%    passed     97.37%
  28  MELGA    6.20%    passed     98.99%
  29  MELUN    1.58%    passed     98.98%
  30  MERNU    3.28%    passed     98.83%
  31  MESUN    1.58%    passed     98.57%
  32  NESNO   25.67%    passed     94.44%
  33  NIPNI    2.31%    passed     94.26%
  34  OPHHO    0.61%    passed     99.67%
  35  PELCR    1.58%    passed     98.39%
  36  PHACA    2.31%    passed     98.14%
  37  PHALE    1.58%    passed     96.11%
  38  PHORU    3.10%    passed     98.83%
  39  PODCR    2.68%    passed     94.21%
  40  PTEGU   23.42%    passed     86.94%
  41  PYGAD    1.95%    passed     98.12%
  42  STRCA    1.70%    passed     86.53%
  43  TAEGU    1.58%    passed     71.85%
  44  TAUER   14.60%    passed     57.87%
  45  TINMA    2.43%    passed     99.94%
  46  TYTAL    3.22%    passed     99.86%
****  TOTAL    5.96%  0 sequences failed composition chi2 test (p-value<5%; df=3)
Checking for duplicate sequences: done in 0.000137091 secs using 99.93% CPU

Create initial parsimony tree by phylogenetic likelihood library (PLL)... 0.003 seconds

NOTE: 4 MB RAM (0 GB) is required!
Estimate model parameters (epsilon = 0.100)
1. Initial log-likelihood: -13739.046
2. Current log-likelihood: -13028.255
3. Current log-likelihood: -13023.969
Optimal log-likelihood: -13023.961
Rate parameters:  A-C: 1.60907  A-G: 4.50232  A-T: 0.83965  C-G: 1.61653  C-T: 2.85477  G-T: 1.00000
Base frequencies:  A: 0.328  C: 0.202  G: 0.241  T: 0.229
Gamma shape alpha: 0.280
Parameters optimization took 3 rounds (0.127 sec)
Wrote distance file to... 
Computing ML distances based on estimated model parameters...
Calculating distance matrix: done in 0.00569677 secs using 98.69% CPU
Computing ML distances took 0.005826 sec (of wall-clock time) 0.005709 sec (of CPU time)
Setting up auxiliary I and S matrices: done in 0.000241041 secs using 137.7% CPU
Constructing RapidNJ tree: done in 0.000465155 secs using 237.1% CPU
Computing RapidNJ tree took 0.000759 sec (of wall-clock time) 0.001501 sec (of CPU time)
Log-likelihood of RapidNJ tree: -13091.534
--------------------------------------------------------------------
|             INITIALIZING CANDIDATE TREE SET                      |
--------------------------------------------------------------------
Generating 98 parsimony trees... 0.276 second
Computing log-likelihood of 98 initial trees ... 0.364 seconds
Current best score: -13021.955

Do NNI search on 20 best initial trees
Estimate model parameters (epsilon = 0.100)
BETTER TREE FOUND at iteration 1: -13013.498
Estimate model parameters (epsilon = 0.100)
BETTER TREE FOUND at iteration 2: -13012.485
Estimate model parameters (epsilon = 0.100)
BETTER TREE FOUND at iteration 4: -13007.397
Estimate model parameters (epsilon = 0.100)
BETTER TREE FOUND at iteration 10: -13006.504
Iteration 10 / LogL: -13006.504 / Time: 0h:0m:1s
Iteration 20 / LogL: -13020.968 / Time: 0h:0m:1s
Finish initializing candidate tree set (20)
Current best tree score: -13006.504 / CPU time: 1.775
Number of iterations: 20
--------------------------------------------------------------------
|               OPTIMIZING CANDIDATE TREE SET                      |
--------------------------------------------------------------------
Estimate model parameters (epsilon = 0.100)
BETTER TREE FOUND at iteration 22: -13005.820
Estimate model parameters (epsilon = 0.100)
BETTER TREE FOUND at iteration 30: -13002.792
Iteration 30 / LogL: -13002.792 / Time: 0h:0m:2s (0h:0m:9s left)
Iteration 40 / LogL: -13003.333 / Time: 0h:0m:3s (0h:0m:7s left)
Estimate model parameters (epsilon = 0.100)
BETTER TREE FOUND at iteration 45: -13002.512
Iteration 50 / LogL: -13016.265 / Time: 0h:0m:4s (0h:0m:7s left)
Iteration 60 / LogL: -13002.909 / Time: 0h:0m:4s (0h:0m:6s left)
UPDATE BEST LOG-LIKELIHOOD: -13002.512
Iteration 70 / LogL: -13004.277 / Time: 0h:0m:5s (0h:0m:5s left)
Iteration 80 / LogL: -13003.325 / Time: 0h:0m:6s (0h:0m:5s left)
Iteration 90 / LogL: -13002.824 / Time: 0h:0m:6s (0h:0m:4s left)
Iteration 100 / LogL: -13005.178 / Time: 0h:0m:7s (0h:0m:3s left)
Iteration 110 / LogL: -13002.798 / Time: 0h:0m:8s (0h:0m:2s left)
Iteration 120 / LogL: -13004.435 / Time: 0h:0m:8s (0h:0m:1s left)
Iteration 130 / LogL: -13002.513 / Time: 0h:0m:9s (0h:0m:1s left)
Iteration 140 / LogL: -13004.508 / Time: 0h:0m:10s (0h:0m:0s left)
TREE SEARCH COMPLETED AFTER 146 ITERATIONS / Time: 0h:0m:10s

--------------------------------------------------------------------
|                    FINALIZING TREE SEARCH                        |
--------------------------------------------------------------------
Performs final model parameters optimization
Estimate model parameters (epsilon = 0.010)
1. Initial log-likelihood: -13002.512
Optimal log-likelihood: -13002.509
Rate parameters:  A-C: 1.63359  A-G: 4.73580  A-T: 0.85196  C-G: 1.65344  C-T: 2.87000  G-T: 1.00000
Base frequencies:  A: 0.328  C: 0.202  G: 0.241  T: 0.229
Gamma shape alpha: 0.281
Parameters optimization took 1 rounds (0.016 sec)
BEST SCORE FOUND : -13002.509
Total tree length: 1.801

Total number of iterations: 146
CPU time used for tree search: 10.597 sec (0h:0m:10s)
Wall-clock time used for tree search: 10.440 sec (0h:0m:10s)
Total CPU time used: 10.795 sec (0h:0m:10s)
Total wall-clock time used: 10.621 sec (0h:0m:10s)

Analysis results written to: 
  IQ-TREE report:                /workspace/IQTree_JarvD5a_Results/exon_4843.iqtree
  Maximum-likelihood tree:       /workspace/IQTree_JarvD5a_Results/exon_4843.treefile
  Likelihood distances:          /workspace/IQTree_JarvD5a_Results/exon_4843.mldist
  Screen log file:               /workspace/IQTree_JarvD5a_Results/exon_4843.log

Date and Time: Thu May 28 02:58:55 2026
