IQ-TREE version 3.1.2 for Linux x86 64-bit built May  7 2026
Developed by Bui Quang Minh, Thomas Wong, Nhan Ly-Trong, Huaiyan Ren
Contributed by Lam-Tung Nguyen, Dominik Schrempf, Chris Bielow,
Olga Chernomor, Michael Woodhams, Diep Thi Hoang, Heiko Schmidt

Host:    8084c4e79f09 (AVX512, FMA3, 1133 GB RAM)
Command: /workspace/iqtree-3.1.2-Linux/bin/iqtree3_intel -s /workspace/NeuralNJ/empirical/JarvD5a/exon_12246.fasta -st DNA -m GTR+G -seed 2201 -pre /workspace/IQTree_JarvD5a_Results/exon_12246 -quiet
Seed:    2201 (Using SPRNG - Scalable Parallel Random Number Generator)
Time:    Wed May 27 14:46:21 2026
Kernel:  AVX+FMA - 1 threads (384 CPU cores detected)

HINT: Use -nt option to specify number of threads because your CPU has 384 cores!
HINT: -nt AUTO will automatically determine the best number of threads to use.

Reading alignment file /workspace/NeuralNJ/empirical/JarvD5a/exon_12246.fasta ... Fasta format detected
Reading fasta file: done in 0.000322104 secs using 30.74% CPU
Alignment most likely contains DNA/RNA sequences
Constructing alignment: done in 0.000828028 secs using 3.261% CPU
Alignment has 48 sequences with 668 columns, 310 distinct patterns
201 parsimony-informative, 101 singleton sites, 366 constant sites
       Gap/Ambiguity  Composition  p-value
Analyzing sequences: done in 0.0184641 secs using 0.2979% CPU
   1  ACACH    0.90%    passed     92.31%
   2  ANAPL    2.10%    passed     98.16%
   3  APAVI    1.20%    passed     96.14%
   4  APTFO    0.90%    passed     89.34%
   5  BALRE    0.90%    passed     94.21%
   6  BUCRH    0.90%    passed     97.28%
   7  CALAN    2.10%    passed     99.70%
   8  CAPCA    0.90%    passed     99.27%
   9  CARCR    0.90%    passed     93.92%
  10  CATAU    0.90%    passed     94.13%
  11  CHAPE    0.90%    passed     98.89%
  12  CHAVO    1.80%    passed     96.15%
  13  CHLUN    1.50%    passed     99.96%
  14  COLLI    0.90%    passed     94.01%
  15  COLST    3.59%    passed     90.15%
  16  CORBR    1.05%    passed     97.66%
  17  CUCCA    1.20%    passed     76.97%
  18  EGRGA    0.90%    passed     94.31%
  19  EURHE    2.10%    passed     97.38%
  20  FALPE    0.90%    passed     99.17%
  21  FULGL    2.10%    passed     99.09%
  22  GALGA    2.40%    passed     99.52%
  23  GAVST    1.20%    passed     98.38%
  24  GEOFO    0.90%    passed     97.15%
  25  HALAL    0.90%    passed     99.31%
  26  HALLE    0.90%    passed     99.31%
  27  LEPDI    0.60%    passed     77.48%
  28  MANVI    0.90%    passed     91.89%
  29  MELGA    2.40%    passed     98.51%
  30  MELUN    1.20%    passed     79.94%
  31  MERNU    0.90%    passed     19.42%
  32  MESUN    0.90%    passed     98.76%
  33  NESNO    1.20%    passed     95.33%
  34  NIPNI    0.90%    passed     99.55%
  35  OPHHO    0.90%    passed     98.91%
  36  PELCR    0.90%    passed     99.73%
  37  PHACA    0.90%    passed     99.96%
  38  PHALE    1.20%    passed     98.79%
  39  PHORU    0.90%    passed     97.73%
  40  PICPU    2.40%    passed     99.50%
  41  PODCR    0.90%    passed     99.81%
  42  PTEGU    0.90%    passed     97.08%
  43  PYGAD    0.90%    passed     97.96%
  44  STRCA    2.10%    passed     97.40%
  45  TAEGU    0.90%    passed     86.17%
  46  TAUER    1.80%    passed     99.74%
  47  TINMA    2.40%    passed     99.79%
  48  TYTAL    0.90%    passed     99.52%
****  TOTAL    1.29%  0 sequences failed composition chi2 test (p-value<5%; df=3)
NOTE: HALLE is identical to HALAL but kept for subsequent analysis
Checking for duplicate sequences: done in 0.000149012 secs using 99.32% CPU

Create initial parsimony tree by phylogenetic likelihood library (PLL)... 0.004 seconds

NOTE: 1 MB RAM (0 GB) is required!
Estimate model parameters (epsilon = 0.100)
1. Initial log-likelihood: -6558.579
2. Current log-likelihood: -6183.136
3. Current log-likelihood: -6177.756
Optimal log-likelihood: -6177.679
Rate parameters:  A-C: 2.17812  A-G: 5.93552  A-T: 0.84977  C-G: 2.72222  C-T: 5.88604  G-T: 1.00000
Base frequencies:  A: 0.357  C: 0.179  G: 0.224  T: 0.240
Gamma shape alpha: 0.323
Parameters optimization took 3 rounds (0.109 sec)
Wrote distance file to... 
Computing ML distances based on estimated model parameters...
Calculating distance matrix: done in 0.004215 secs using 100% CPU
Computing ML distances took 0.004624 sec (of wall-clock time) 0.004579 sec (of CPU time)
Setting up auxiliary I and S matrices: done in 0.000118017 secs using 191.5% CPU
Constructing RapidNJ tree: done in 0.000207901 secs using 88.98% CPU
Computing RapidNJ tree took 0.000386 sec (of wall-clock time) 0.000463 sec (of CPU time)
Log-likelihood of RapidNJ tree: -6200.100
--------------------------------------------------------------------
|             INITIALIZING CANDIDATE TREE SET                      |
--------------------------------------------------------------------
Generating 98 parsimony trees... 0.202 second
Computing log-likelihood of 98 initial trees ... 0.237 seconds
Current best score: -6167.958

Do NNI search on 20 best initial trees
Estimate model parameters (epsilon = 0.100)
BETTER TREE FOUND at iteration 1: -6156.038
Estimate model parameters (epsilon = 0.100)
BETTER TREE FOUND at iteration 2: -6155.707
Iteration 10 / LogL: -6157.992 / Time: 0h:0m:1s
Estimate model parameters (epsilon = 0.100)
BETTER TREE FOUND at iteration 17: -6154.641
Iteration 20 / LogL: -6167.721 / Time: 0h:0m:1s
Finish initializing candidate tree set (20)
Current best tree score: -6154.641 / CPU time: 1.322
Number of iterations: 20
--------------------------------------------------------------------
|               OPTIMIZING CANDIDATE TREE SET                      |
--------------------------------------------------------------------
Estimate model parameters (epsilon = 0.100)
BETTER TREE FOUND at iteration 22: -6150.742
Estimate model parameters (epsilon = 0.100)
BETTER TREE FOUND at iteration 28: -6148.246
Iteration 30 / LogL: -6151.065 / Time: 0h:0m:1s (0h:0m:6s left)
Estimate model parameters (epsilon = 0.100)
BETTER TREE FOUND at iteration 33: -6147.808
Estimate model parameters (epsilon = 0.100)
BETTER TREE FOUND at iteration 38: -6147.065
Iteration 40 / LogL: -6149.750 / Time: 0h:0m:2s (0h:0m:6s left)
Estimate model parameters (epsilon = 0.100)
BETTER TREE FOUND at iteration 46: -6145.923
Iteration 50 / LogL: -6147.618 / Time: 0h:0m:2s (0h:0m:5s left)
Iteration 60 / LogL: -6147.812 / Time: 0h:0m:3s (0h:0m:5s left)
Iteration 70 / LogL: -6147.193 / Time: 0h:0m:3s (0h:0m:4s left)
Estimate model parameters (epsilon = 0.100)
BETTER TREE FOUND at iteration 71: -6145.876
Iteration 80 / LogL: -6145.928 / Time: 0h:0m:4s (0h:0m:5s left)
Estimate model parameters (epsilon = 0.100)
BETTER TREE FOUND at iteration 89: -6145.677
Iteration 90 / LogL: -6145.985 / Time: 0h:0m:4s (0h:0m:5s left)
Iteration 100 / LogL: -6149.221 / Time: 0h:0m:5s (0h:0m:4s left)
Estimate model parameters (epsilon = 0.100)
BETTER TREE FOUND at iteration 109: -6143.638
Iteration 110 / LogL: -6147.688 / Time: 0h:0m:5s (0h:0m:5s left)
Estimate model parameters (epsilon = 0.100)
BETTER TREE FOUND at iteration 120: -6142.897
Iteration 120 / LogL: -6142.897 / Time: 0h:0m:6s (0h:0m:5s left)
Estimate model parameters (epsilon = 0.100)
BETTER TREE FOUND at iteration 130: -6142.276
Iteration 130 / LogL: -6142.276 / Time: 0h:0m:6s (0h:0m:5s left)
Iteration 140 / LogL: -6143.682 / Time: 0h:0m:7s (0h:0m:4s left)
Estimate model parameters (epsilon = 0.100)
BETTER TREE FOUND at iteration 142: -6142.012
Iteration 150 / LogL: -6145.325 / Time: 0h:0m:7s (0h:0m:4s left)
Iteration 160 / LogL: -6149.982 / Time: 0h:0m:8s (0h:0m:4s left)
Estimate model parameters (epsilon = 0.100)
BETTER TREE FOUND at iteration 162: -6141.971
Iteration 170 / LogL: -6142.274 / Time: 0h:0m:8s (0h:0m:4s left)
BETTER TREE FOUND at iteration 178: -6141.971
Iteration 180 / LogL: -6157.051 / Time: 0h:0m:9s (0h:0m:5s left)
Iteration 190 / LogL: -6145.130 / Time: 0h:0m:9s (0h:0m:4s left)
Iteration 200 / LogL: -6144.993 / Time: 0h:0m:10s (0h:0m:3s left)
Iteration 210 / LogL: -6142.016 / Time: 0h:0m:10s (0h:0m:3s left)
Estimate model parameters (epsilon = 0.100)
BETTER TREE FOUND at iteration 215: -6141.584
UPDATE BEST LOG-LIKELIHOOD: -6141.584
Iteration 220 / LogL: -6141.584 / Time: 0h:0m:11s (0h:0m:4s left)
Estimate model parameters (epsilon = 0.100)
BETTER TREE FOUND at iteration 229: -6141.473
UPDATE BEST LOG-LIKELIHOOD: -6141.473
Iteration 230 / LogL: -6141.473 / Time: 0h:0m:11s (0h:0m:5s left)
Iteration 240 / LogL: -6142.342 / Time: 0h:0m:12s (0h:0m:4s left)
Iteration 250 / LogL: -6141.736 / Time: 0h:0m:12s (0h:0m:3s left)
Iteration 260 / LogL: -6141.765 / Time: 0h:0m:13s (0h:0m:3s left)
UPDATE BEST LOG-LIKELIHOOD: -6141.473
Iteration 270 / LogL: -6160.438 / Time: 0h:0m:13s (0h:0m:3s left)
Iteration 280 / LogL: -6151.931 / Time: 0h:0m:14s (0h:0m:2s left)
Iteration 290 / LogL: -6142.702 / Time: 0h:0m:14s (0h:0m:1s left)
Iteration 300 / LogL: -6147.649 / Time: 0h:0m:15s (0h:0m:1s left)
Iteration 310 / LogL: -6142.033 / Time: 0h:0m:15s (0h:0m:0s left)
Iteration 320 / LogL: -6144.548 / Time: 0h:0m:16s (0h:0m:0s left)
Iteration 330 / LogL: -6141.473 / Time: 0h:0m:16s (0h:0m:-1s left)
TREE SEARCH COMPLETED AFTER 330 ITERATIONS / Time: 0h:0m:16s

--------------------------------------------------------------------
|                    FINALIZING TREE SEARCH                        |
--------------------------------------------------------------------
Performs final model parameters optimization
Estimate model parameters (epsilon = 0.010)
1. Initial log-likelihood: -6141.473
Optimal log-likelihood: -6141.471
Rate parameters:  A-C: 2.28459  A-G: 6.84026  A-T: 0.88471  C-G: 3.00109  C-T: 5.99449  G-T: 1.00000
Base frequencies:  A: 0.357  C: 0.179  G: 0.224  T: 0.240
Gamma shape alpha: 0.315
Parameters optimization took 1 rounds (0.008 sec)
BEST SCORE FOUND : -6141.471
Total tree length: 2.527

Total number of iterations: 330
CPU time used for tree search: 15.168 sec (0h:0m:15s)
Wall-clock time used for tree search: 16.457 sec (0h:0m:16s)
Total CPU time used: 15.325 sec (0h:0m:15s)
Total wall-clock time used: 16.605 sec (0h:0m:16s)

Analysis results written to: 
  IQ-TREE report:                /workspace/IQTree_JarvD5a_Results/exon_12246.iqtree
  Maximum-likelihood tree:       /workspace/IQTree_JarvD5a_Results/exon_12246.treefile
  Likelihood distances:          /workspace/IQTree_JarvD5a_Results/exon_12246.mldist
  Screen log file:               /workspace/IQTree_JarvD5a_Results/exon_12246.log

Date and Time: Wed May 27 14:46:38 2026
