IQ-TREE version 3.1.2 for Linux x86 64-bit built May  7 2026
Developed by Bui Quang Minh, Thomas Wong, Nhan Ly-Trong, Huaiyan Ren
Contributed by Lam-Tung Nguyen, Dominik Schrempf, Chris Bielow,
Olga Chernomor, Michael Woodhams, Diep Thi Hoang, Heiko Schmidt

Host:    8084c4e79f09 (AVX512, FMA3, 1133 GB RAM)
Command: /workspace/iqtree-3.1.2-Linux/bin/iqtree3_intel -s /workspace/NeuralNJ/empirical/JarvD5a/exon_13307.fasta -st DNA -m GTR+G -seed 2201 -pre /workspace/IQTree_JarvD5a_Results/exon_13307 -quiet
Seed:    2201 (Using SPRNG - Scalable Parallel Random Number Generator)
Time:    Wed May 27 17:01:26 2026
Kernel:  AVX+FMA - 1 threads (384 CPU cores detected)

HINT: Use -nt option to specify number of threads because your CPU has 384 cores!
HINT: -nt AUTO will automatically determine the best number of threads to use.

Reading alignment file /workspace/NeuralNJ/empirical/JarvD5a/exon_13307.fasta ... Fasta format detected
Reading fasta file: done in 0.000487089 secs using 25.05% CPU
Alignment most likely contains DNA/RNA sequences
Constructing alignment: done in 0.00136709 secs using 89.17% CPU
Alignment has 44 sequences with 1164 columns, 350 distinct patterns
51 parsimony-informative, 167 singleton sites, 946 constant sites
       Gap/Ambiguity  Composition  p-value
Analyzing sequences: done in 2.5034e-05 secs using 99.86% CPU
   1  ACACH   65.64%    passed     14.85%
   2  ANAPL   38.14%    passed     54.82%
   3  APAVI   35.05%    passed     84.56%
   4  APTFO    6.44%    passed     71.96%
   5  BALRE   35.91%    passed     86.14%
   6  BUCRH   26.46%    passed     96.63%
   7  CALAN   41.75%    passed     53.44%
   8  CAPCA   47.42%    passed     25.48%
   9  CARCR   29.21%    passed     96.47%
  10  CATAU   23.02%    passed     75.70%
  11  CHAPE   17.35%    passed     79.09%
  12  CHAVO    6.27%    passed     66.78%
  13  CHLUN   37.80%    passed     58.99%
  14  COLLI   12.03%    passed     98.28%
  15  COLST    8.59%    passed     91.83%
  16  CORBR    4.38%    passed     77.61%
  17  CUCCA   37.63%    failed      2.22%
  18  EGRGA    9.71%    passed     82.74%
  19  EURHE   34.54%    passed     85.17%
  20  FALPE    2.23%    passed     31.13%
  21  FULGL   34.02%    passed     85.14%
  22  GALGA    3.44%    passed     26.23%
  23  GAVST   38.66%    passed     35.57%
  24  GEOFO   12.46%    passed     82.41%
  25  HALLE    8.08%    passed     84.03%
  26  LEPDI    8.76%    passed     84.95%
  27  MANVI    7.90%    passed     72.75%
  28  MELGA   25.43%    passed     12.88%
  29  MELUN    2.75%    passed     54.92%
  30  MERNU   40.89%    passed     67.56%
  31  NESNO   36.86%    passed     79.88%
  32  NIPNI   10.40%    passed     94.03%
  33  OPHHO   41.75%    passed     52.44%
  34  PELCR   39.00%    passed     35.65%
  35  PHACA   47.16%    passed     53.88%
  36  PHALE   17.35%    passed     92.28%
  37  PHORU   31.62%    passed     94.84%
  38  PICPU    4.30%    passed     64.22%
  39  PTEGU   31.62%    passed     97.46%
  40  PYGAD   24.23%    passed     98.73%
  41  STRCA   34.54%    passed     73.03%
  42  TAEGU    2.23%    passed     51.27%
  43  TAUER   40.21%    passed     47.57%
  44  TINMA   34.88%    passed     98.11%
WARNING: 1 sequences contain more than 50% gaps/ambiguity
****  TOTAL   24.96%  1 sequences failed composition chi2 test (p-value<5%; df=3)
Checking for duplicate sequences: done in 0.000121117 secs using 99.9% CPU

Create initial parsimony tree by phylogenetic likelihood library (PLL)... 0.001 seconds

NOTE: 2 MB RAM (0 GB) is required!
Estimate model parameters (epsilon = 0.100)
1. Initial log-likelihood: -3360.117
2. Current log-likelihood: -3282.281
3. Current log-likelihood: -3279.791
4. Current log-likelihood: -3279.690
Optimal log-likelihood: -3279.675
Rate parameters:  A-C: 3.17281  A-G: 2.21098  A-T: 0.45462  C-G: 2.59246  C-T: 3.03789  G-T: 1.00000
Base frequencies:  A: 0.215  C: 0.236  G: 0.263  T: 0.285
Gamma shape alpha: 0.255
Parameters optimization took 4 rounds (0.088 sec)
Wrote distance file to... 
Computing ML distances based on estimated model parameters...
Calculating distance matrix: done in 0.00522208 secs using 100% CPU
Computing ML distances took 0.005299 sec (of wall-clock time) 0.005299 sec (of CPU time)
Setting up auxiliary I and S matrices: done in 0.000250101 secs using 60.78% CPU
Constructing RapidNJ tree: done in 0.000448942 secs
Computing RapidNJ tree took 0.000774 sec (of wall-clock time) 0.000157 sec (of CPU time)
Log-likelihood of RapidNJ tree: -3320.224
--------------------------------------------------------------------
|             INITIALIZING CANDIDATE TREE SET                      |
--------------------------------------------------------------------
Generating 98 parsimony trees... 0.106 second
Computing log-likelihood of 98 initial trees ... 0.183 seconds
Current best score: -3268.843

Do NNI search on 20 best initial trees
Estimate model parameters (epsilon = 0.100)
BETTER TREE FOUND at iteration 1: -3265.407
Iteration 10 / LogL: -3273.198 / Time: 0h:0m:0s
Iteration 20 / LogL: -3277.435 / Time: 0h:0m:1s
Finish initializing candidate tree set (20)
Current best tree score: -3265.407 / CPU time: 1.260
Number of iterations: 20
--------------------------------------------------------------------
|               OPTIMIZING CANDIDATE TREE SET                      |
--------------------------------------------------------------------
BETTER TREE FOUND at iteration 27: -3265.405
Iteration 30 / LogL: -3268.008 / Time: 0h:0m:1s (0h:0m:6s left)
Estimate model parameters (epsilon = 0.100)
BETTER TREE FOUND at iteration 36: -3264.224
Iteration 40 / LogL: -3265.405 / Time: 0h:0m:2s (0h:0m:5s left)
BETTER TREE FOUND at iteration 47: -3264.224
Iteration 50 / LogL: -3269.607 / Time: 0h:0m:2s (0h:0m:5s left)
BETTER TREE FOUND at iteration 51: -3264.224
BETTER TREE FOUND at iteration 59: -3264.224
Iteration 60 / LogL: -3264.226 / Time: 0h:0m:3s (0h:0m:5s left)
BETTER TREE FOUND at iteration 65: -3264.223
Iteration 70 / LogL: -3266.332 / Time: 0h:0m:3s (0h:0m:5s left)
Iteration 80 / LogL: -3267.565 / Time: 0h:0m:4s (0h:0m:4s left)
Iteration 90 / LogL: -3264.227 / Time: 0h:0m:4s (0h:0m:3s left)
Iteration 100 / LogL: -3264.224 / Time: 0h:0m:5s (0h:0m:3s left)
Iteration 110 / LogL: -3264.228 / Time: 0h:0m:5s (0h:0m:2s left)
Iteration 120 / LogL: -3266.104 / Time: 0h:0m:6s (0h:0m:2s left)
Iteration 130 / LogL: -3264.848 / Time: 0h:0m:6s (0h:0m:1s left)
Iteration 140 / LogL: -3267.043 / Time: 0h:0m:7s (0h:0m:1s left)
Iteration 150 / LogL: -3267.438 / Time: 0h:0m:7s (0h:0m:0s left)
Iteration 160 / LogL: -3264.228 / Time: 0h:0m:8s (0h:0m:0s left)
TREE SEARCH COMPLETED AFTER 166 ITERATIONS / Time: 0h:0m:8s

--------------------------------------------------------------------
|                    FINALIZING TREE SEARCH                        |
--------------------------------------------------------------------
Performs final model parameters optimization
Estimate model parameters (epsilon = 0.010)
1. Initial log-likelihood: -3264.223
Optimal log-likelihood: -3264.223
Rate parameters:  A-C: 3.01039  A-G: 2.23214  A-T: 0.40094  C-G: 2.69094  C-T: 3.04786  G-T: 1.00000
Base frequencies:  A: 0.215  C: 0.236  G: 0.263  T: 0.285
Gamma shape alpha: 0.264
Parameters optimization took 1 rounds (0.008 sec)
BEST SCORE FOUND : -3264.223
Total tree length: 0.415

Total number of iterations: 166
CPU time used for tree search: 8.375 sec (0h:0m:8s)
Wall-clock time used for tree search: 8.220 sec (0h:0m:8s)
Total CPU time used: 8.512 sec (0h:0m:8s)
Total wall-clock time used: 8.344 sec (0h:0m:8s)

Analysis results written to: 
  IQ-TREE report:                /workspace/IQTree_JarvD5a_Results/exon_13307.iqtree
  Maximum-likelihood tree:       /workspace/IQTree_JarvD5a_Results/exon_13307.treefile
  Likelihood distances:          /workspace/IQTree_JarvD5a_Results/exon_13307.mldist
  Screen log file:               /workspace/IQTree_JarvD5a_Results/exon_13307.log

Date and Time: Wed May 27 17:01:34 2026
