IQ-TREE version 3.1.2 for Linux x86 64-bit built May  7 2026
Developed by Bui Quang Minh, Thomas Wong, Nhan Ly-Trong, Huaiyan Ren
Contributed by Lam-Tung Nguyen, Dominik Schrempf, Chris Bielow,
Olga Chernomor, Michael Woodhams, Diep Thi Hoang, Heiko Schmidt

Host:    8084c4e79f09 (AVX512, FMA3, 1133 GB RAM)
Command: /workspace/iqtree-3.1.2-Linux/bin/iqtree3_intel -s /workspace/NeuralNJ/empirical/JarvD5a/exon_4413.fasta -st DNA -m GTR+G -seed 2201 -pre /workspace/IQTree_JarvD5a_Results/exon_4413 -quiet
Seed:    2201 (Using SPRNG - Scalable Parallel Random Number Generator)
Time:    Thu May 28 02:14:34 2026
Kernel:  AVX+FMA - 1 threads (384 CPU cores detected)

HINT: Use -nt option to specify number of threads because your CPU has 384 cores!
HINT: -nt AUTO will automatically determine the best number of threads to use.

Reading alignment file /workspace/NeuralNJ/empirical/JarvD5a/exon_4413.fasta ... Fasta format detected
Reading fasta file: done in 0.000230074 secs using 23.04% CPU
Alignment most likely contains DNA/RNA sequences
Constructing alignment: done in 0.000518084 secs using 39.57% CPU
Alignment has 46 sequences with 436 columns, 101 distinct patterns
40 parsimony-informative, 44 singleton sites, 352 constant sites
       Gap/Ambiguity  Composition  p-value
Analyzing sequences: done in 1.00136e-05 secs using 109.9% CPU
   1  ACACH   28.44%    passed     98.72%
   2  ANAPL    7.34%    passed     85.22%
   3  APAVI   28.90%    passed     97.51%
   4  APTFO   28.90%    passed     99.15%
   5  BALRE   28.90%    passed     96.28%
   6  BUCRH   28.90%    passed     99.75%
   7  CALAN   28.90%    passed     99.04%
   8  CAPCA   28.90%    passed     99.88%
   9  CARCR   28.90%    passed     99.94%
  10  CATAU   28.90%    passed     99.88%
  11  CHAPE   28.90%    passed     96.75%
  12  CHAVO   30.05%    passed     99.99%
  13  CHLUN   28.90%    passed     99.15%
  14  COLLI   28.90%    passed     96.28%
  15  COLST   28.90%    passed     98.62%
  16  CORBR   28.90%    passed     95.46%
  17  CUCCA   28.90%    passed     99.82%
  18  EGRGA   28.90%    passed     99.15%
  19  EURHE   11.01%    passed     87.14%
  20  FALPE   28.90%    passed     99.82%
  21  FULGL   28.90%    passed     99.25%
  22  GALGA    0.00%    failed      4.97%
  23  GAVST   28.90%    passed     99.82%
  24  GEOFO   28.90%    passed     96.53%
  25  HALAL   28.90%    passed     99.88%
  26  HALLE   28.90%    passed     99.88%
  27  LEPDI   28.90%    passed     99.97%
  28  MANVI   28.90%    passed     99.63%
  29  MELGA    0.46%    passed     10.57%
  30  MELUN   28.90%    passed     99.17%
  31  MERNU   28.90%    passed     99.33%
  32  MESUN   28.90%    passed     98.62%
  33  NESNO   28.90%    passed     99.15%
  34  NIPNI   28.90%    passed     95.83%
  35  OPHHO   28.90%    passed     98.43%
  36  PELCR   28.90%    passed     99.88%
  37  PHACA   28.90%    passed     99.25%
  38  PHORU   28.90%    passed     99.15%
  39  PICPU   28.90%    passed     95.56%
  40  PODCR   28.90%    passed     99.48%
  41  PTEGU   26.15%    passed     93.72%
  42  PYGAD   28.90%    passed     99.82%
  43  STRCA   28.90%    passed     99.85%
  44  TAEGU   28.90%    passed     99.78%
  45  TINMA   28.90%    passed     99.25%
  46  TYTAL   28.90%    passed     99.15%
****  TOTAL   26.75%  1 sequences failed composition chi2 test (p-value<5%; df=3)
NOTE: CHLUN is identical to APTFO but kept for subsequent analysis
NOTE: HALLE is identical to HALAL but kept for subsequent analysis
Checking for duplicate sequences: done in 0.000102997 secs using 100% CPU
Identifying sites to remove: done in 0.000108004 secs using 100% CPU
NOTE: 1 identical sequences (see below) will be ignored for subsequent analysis
NOTE: EGRGA (identical to APTFO) is ignored but added at the end
Alignment was printed to /workspace/IQTree_JarvD5a_Results/exon_4413.uniqueseq.phy

For your convenience alignment with unique sequences printed to /workspace/IQTree_JarvD5a_Results/exon_4413.uniqueseq.phy

Create initial parsimony tree by phylogenetic likelihood library (PLL)... 0.001 seconds

NOTE: 0 MB RAM (0 GB) is required!
Estimate model parameters (epsilon = 0.100)
1. Initial log-likelihood: -1499.329
2. Current log-likelihood: -1433.422
3. Current log-likelihood: -1432.868
Optimal log-likelihood: -1432.843
Rate parameters:  A-C: 0.57828  A-G: 4.12032  A-T: 0.34665  C-G: 1.62588  C-T: 2.46177  G-T: 1.00000
Base frequencies:  A: 0.315  C: 0.195  G: 0.223  T: 0.268
Gamma shape alpha: 0.139
Parameters optimization took 3 rounds (0.025 sec)
Wrote distance file to... 
Computing ML distances based on estimated model parameters...
Calculating distance matrix: done in 0.00432181 secs using 100% CPU
Computing ML distances took 0.004369 sec (of wall-clock time) 0.004368 sec (of CPU time)
Setting up auxiliary I and S matrices: done in 0.000238895 secs using 100.5% CPU
Constructing RapidNJ tree: done in 0.000479937 secs using 248.6% CPU
Computing RapidNJ tree took 0.000794 sec (of wall-clock time) 0.001527 sec (of CPU time)
Log-likelihood of RapidNJ tree: -1436.184
--------------------------------------------------------------------
|             INITIALIZING CANDIDATE TREE SET                      |
--------------------------------------------------------------------
Generating 98 parsimony trees... 0.067 second
Computing log-likelihood of 98 initial trees ... 0.083 seconds
Current best score: -1429.369

Do NNI search on 20 best initial trees
Estimate model parameters (epsilon = 0.100)
BETTER TREE FOUND at iteration 1: -1428.277
Iteration 10 / LogL: -1429.345 / Time: 0h:0m:0s
Iteration 20 / LogL: -1432.100 / Time: 0h:0m:0s
Finish initializing candidate tree set (20)
Current best tree score: -1428.277 / CPU time: 0.453
Number of iterations: 20
--------------------------------------------------------------------
|               OPTIMIZING CANDIDATE TREE SET                      |
--------------------------------------------------------------------
Iteration 30 / LogL: -1428.279 / Time: 0h:0m:0s (0h:0m:1s left)
Iteration 40 / LogL: -1428.281 / Time: 0h:0m:0s (0h:0m:1s left)
Iteration 50 / LogL: -1429.116 / Time: 0h:0m:0s (0h:0m:0s left)
Iteration 60 / LogL: -1433.616 / Time: 0h:0m:1s (0h:0m:0s left)
Iteration 70 / LogL: -1434.293 / Time: 0h:0m:1s (0h:0m:0s left)
Iteration 80 / LogL: -1430.306 / Time: 0h:0m:1s (0h:0m:0s left)
Iteration 90 / LogL: -1428.281 / Time: 0h:0m:1s (0h:0m:0s left)
Iteration 100 / LogL: -1428.280 / Time: 0h:0m:1s (0h:0m:0s left)
TREE SEARCH COMPLETED AFTER 102 ITERATIONS / Time: 0h:0m:1s

--------------------------------------------------------------------
|                    FINALIZING TREE SEARCH                        |
--------------------------------------------------------------------
Performs final model parameters optimization
Estimate model parameters (epsilon = 0.010)
1. Initial log-likelihood: -1428.277
Optimal log-likelihood: -1428.277
Rate parameters:  A-C: 0.57044  A-G: 4.30778  A-T: 0.34592  C-G: 1.61129  C-T: 2.24189  G-T: 1.00000
Base frequencies:  A: 0.315  C: 0.195  G: 0.223  T: 0.268
Gamma shape alpha: 0.136
Parameters optimization took 1 rounds (0.003 sec)
BEST SCORE FOUND : -1428.277
Total tree length: 0.490

Total number of iterations: 102
CPU time used for tree search: 1.812 sec (0h:0m:1s)
Wall-clock time used for tree search: 1.636 sec (0h:0m:1s)
Total CPU time used: 1.863 sec (0h:0m:1s)
Total wall-clock time used: 1.681 sec (0h:0m:1s)

Analysis results written to: 
  IQ-TREE report:                /workspace/IQTree_JarvD5a_Results/exon_4413.iqtree
  Maximum-likelihood tree:       /workspace/IQTree_JarvD5a_Results/exon_4413.treefile
  Likelihood distances:          /workspace/IQTree_JarvD5a_Results/exon_4413.mldist
  Screen log file:               /workspace/IQTree_JarvD5a_Results/exon_4413.log

Date and Time: Thu May 28 02:14:36 2026
