IQ-TREE version 3.1.2 for Linux x86 64-bit built May  7 2026
Developed by Bui Quang Minh, Thomas Wong, Nhan Ly-Trong, Huaiyan Ren
Contributed by Lam-Tung Nguyen, Dominik Schrempf, Chris Bielow,
Olga Chernomor, Michael Woodhams, Diep Thi Hoang, Heiko Schmidt

Host:    8084c4e79f09 (AVX512, FMA3, 1133 GB RAM)
Command: /workspace/iqtree-3.1.2-Linux/bin/iqtree3_intel -s /workspace/NeuralNJ/empirical/JarvD5a/exon_11565.fasta -st DNA -m GTR+G -seed 2201 -pre /workspace/IQTree_JarvD5a_Results/exon_11565 -quiet
Seed:    2201 (Using SPRNG - Scalable Parallel Random Number Generator)
Time:    Wed May 27 13:14:56 2026
Kernel:  AVX+FMA - 1 threads (384 CPU cores detected)

HINT: Use -nt option to specify number of threads because your CPU has 384 cores!
HINT: -nt AUTO will automatically determine the best number of threads to use.

Reading alignment file /workspace/NeuralNJ/empirical/JarvD5a/exon_11565.fasta ... Fasta format detected
Reading fasta file: done in 0.000515938 secs using 14.15% CPU
Alignment most likely contains DNA/RNA sequences
Constructing alignment: done in 0.00137806 secs using 99.92% CPU
Alignment has 45 sequences with 1216 columns, 202 distinct patterns
93 parsimony-informative, 63 singleton sites, 1060 constant sites
       Gap/Ambiguity  Composition  p-value
Analyzing sequences: done in 1.5974e-05 secs using 100.2% CPU
   1  ACACH   29.77%    passed     53.26%
   2  ANAPL    1.97%    passed     63.55%
   3  APAVI   29.36%    passed     39.80%
   4  APTFO    1.97%    passed     60.62%
   5  BALRE   28.45%    passed     52.49%
   6  BUCRH   28.95%    passed     55.68%
   7  CALAN    1.97%    passed     35.73%
   8  CAPCA   29.77%    passed     63.94%
   9  CARCR   28.45%    passed     47.83%
  10  CATAU   28.45%    passed     52.49%
  11  CHAPE    4.77%    passed     50.02%
  12  CHAVO    3.70%    passed     53.20%
  13  CHLUN   28.78%    passed     56.22%
  14  COLLI    0.99%    passed     82.39%
  15  COLST   38.82%    passed     58.98%
  16  CORBR    1.81%    passed     47.71%
  17  CUCCA   30.43%    passed     81.46%
  18  EGRGA    2.47%    passed     82.50%
  19  EURHE   29.11%    passed     45.31%
  20  FALPE    2.63%    passed     67.59%
  21  FULGL   39.64%    passed     46.67%
  22  GALGA    1.97%    passed     53.62%
  23  GAVST   29.61%    passed     41.82%
  24  GEOFO    4.61%    passed     31.42%
  25  HALAL   29.44%    passed     55.11%
  26  HALLE    1.97%    passed     59.28%
  27  LEPDI   28.95%    passed     71.42%
  28  MANVI    1.97%    passed     30.99%
  29  MELGA    1.97%    passed     66.72%
  30  MELUN    1.97%    passed     57.01%
  31  MERNU   28.45%    passed     47.75%
  32  MESUN   29.93%    passed     43.61%
  33  NESNO   28.95%    passed     68.68%
  34  NIPNI    4.28%    passed     56.77%
  35  OPHHO    6.25%    passed     59.80%
  36  PELCR   38.16%    passed     60.88%
  37  PHALE   29.85%    passed     47.24%
  38  PHORU   38.16%    passed     60.88%
  39  PICPU    9.54%    passed     70.67%
  40  PODCR   37.09%    passed     76.05%
  41  PYGAD    2.14%    passed     63.70%
  42  TAEGU    1.97%    passed     48.88%
  43  TAUER   30.02%    passed     66.15%
  44  TINMA    5.26%    passed     65.22%
  45  TYTAL   28.78%    passed     47.33%
****  TOTAL   18.08%  0 sequences failed composition chi2 test (p-value<5%; df=3)
NOTE: CATAU is identical to BALRE but kept for subsequent analysis
NOTE: PHORU is identical to PELCR but kept for subsequent analysis
Checking for duplicate sequences: done in 0.000108004 secs using 100% CPU

Create initial parsimony tree by phylogenetic likelihood library (PLL)... 0.001 seconds

NOTE: 1 MB RAM (0 GB) is required!
Estimate model parameters (epsilon = 0.100)
1. Initial log-likelihood: -3406.533
2. Current log-likelihood: -3307.958
3. Current log-likelihood: -3305.026
Optimal log-likelihood: -3305.019
Rate parameters:  A-C: 0.97452  A-G: 1.28032  A-T: 0.56206  C-G: 0.79066  C-T: 2.62970  G-T: 1.00000
Base frequencies:  A: 0.317  C: 0.214  G: 0.224  T: 0.246
Gamma shape alpha: 0.020
Parameters optimization took 3 rounds (0.045 sec)
Wrote distance file to... 
Computing ML distances based on estimated model parameters...
Calculating distance matrix: done in 0.00562191 secs using 99.98% CPU
Computing ML distances took 0.005679 sec (of wall-clock time) 0.005679 sec (of CPU time)
Setting up auxiliary I and S matrices: done in 0.000145912 secs using 223.4% CPU
Constructing RapidNJ tree: done in 0.000323057 secs using 99.98% CPU
Computing RapidNJ tree took 0.000525 sec (of wall-clock time) 0.000704 sec (of CPU time)
Log-likelihood of RapidNJ tree: -3367.071
--------------------------------------------------------------------
|             INITIALIZING CANDIDATE TREE SET                      |
--------------------------------------------------------------------
Generating 98 parsimony trees... 0.085 second
Computing log-likelihood of 98 initial trees ... 0.117 seconds
Current best score: -3298.962

Do NNI search on 20 best initial trees
Estimate model parameters (epsilon = 0.100)
BETTER TREE FOUND at iteration 1: -3298.060
Estimate model parameters (epsilon = 0.100)
BETTER TREE FOUND at iteration 3: -3298.026
Iteration 10 / LogL: -3299.770 / Time: 0h:0m:0s
Iteration 20 / LogL: -3302.177 / Time: 0h:0m:0s
Finish initializing candidate tree set (20)
Current best tree score: -3298.026 / CPU time: 0.759
Number of iterations: 20
--------------------------------------------------------------------
|               OPTIMIZING CANDIDATE TREE SET                      |
--------------------------------------------------------------------
Iteration 30 / LogL: -3298.031 / Time: 0h:0m:1s (0h:0m:2s left)
Iteration 40 / LogL: -3298.231 / Time: 0h:0m:1s (0h:0m:2s left)
Iteration 50 / LogL: -3298.030 / Time: 0h:0m:1s (0h:0m:1s left)
Iteration 60 / LogL: -3299.774 / Time: 0h:0m:1s (0h:0m:1s left)
Iteration 70 / LogL: -3298.031 / Time: 0h:0m:2s (0h:0m:1s left)
Iteration 80 / LogL: -3298.241 / Time: 0h:0m:2s (0h:0m:0s left)
Iteration 90 / LogL: -3313.043 / Time: 0h:0m:2s (0h:0m:0s left)
Estimate model parameters (epsilon = 0.100)
BETTER TREE FOUND at iteration 92: -3297.913
Iteration 100 / LogL: -3298.306 / Time: 0h:0m:2s (0h:0m:2s left)
Iteration 110 / LogL: -3298.238 / Time: 0h:0m:3s (0h:0m:2s left)
Iteration 120 / LogL: -3298.028 / Time: 0h:0m:3s (0h:0m:2s left)
Iteration 130 / LogL: -3298.032 / Time: 0h:0m:3s (0h:0m:1s left)
Iteration 140 / LogL: -3298.045 / Time: 0h:0m:4s (0h:0m:1s left)
Iteration 150 / LogL: -3302.435 / Time: 0h:0m:4s (0h:0m:1s left)
Iteration 160 / LogL: -3298.035 / Time: 0h:0m:4s (0h:0m:0s left)
BETTER TREE FOUND at iteration 168: -3297.913
Iteration 170 / LogL: -3297.921 / Time: 0h:0m:4s (0h:0m:2s left)
Iteration 180 / LogL: -3306.927 / Time: 0h:0m:5s (0h:0m:2s left)
Iteration 190 / LogL: -3298.039 / Time: 0h:0m:5s (0h:0m:2s left)
Iteration 200 / LogL: -3302.203 / Time: 0h:0m:5s (0h:0m:1s left)
BETTER TREE FOUND at iteration 206: -3297.912
Iteration 210 / LogL: -3297.913 / Time: 0h:0m:6s (0h:0m:2s left)
Iteration 220 / LogL: -3298.141 / Time: 0h:0m:6s (0h:0m:2s left)
Iteration 230 / LogL: -3301.555 / Time: 0h:0m:6s (0h:0m:2s left)
Iteration 240 / LogL: -3298.035 / Time: 0h:0m:7s (0h:0m:1s left)
Iteration 250 / LogL: -3297.914 / Time: 0h:0m:7s (0h:0m:1s left)
Iteration 260 / LogL: -3298.202 / Time: 0h:0m:7s (0h:0m:1s left)
Iteration 270 / LogL: -3298.037 / Time: 0h:0m:7s (0h:0m:1s left)
Iteration 280 / LogL: -3330.970 / Time: 0h:0m:8s (0h:0m:0s left)
Iteration 290 / LogL: -3297.948 / Time: 0h:0m:8s (0h:0m:0s left)
Iteration 300 / LogL: -3298.139 / Time: 0h:0m:8s (0h:0m:0s left)
TREE SEARCH COMPLETED AFTER 307 ITERATIONS / Time: 0h:0m:9s

--------------------------------------------------------------------
|                    FINALIZING TREE SEARCH                        |
--------------------------------------------------------------------
Performs final model parameters optimization
Estimate model parameters (epsilon = 0.010)
1. Initial log-likelihood: -3297.912
Optimal log-likelihood: -3297.912
Rate parameters:  A-C: 0.97156  A-G: 1.33521  A-T: 0.56666  C-G: 0.83429  C-T: 2.56978  G-T: 1.00000
Base frequencies:  A: 0.317  C: 0.214  G: 0.224  T: 0.246
Gamma shape alpha: 0.020
Parameters optimization took 1 rounds (0.008 sec)
BEST SCORE FOUND : -3297.912
Total tree length: 0.310

Total number of iterations: 307
CPU time used for tree search: 9.177 sec (0h:0m:9s)
Wall-clock time used for tree search: 9.017 sec (0h:0m:9s)
Total CPU time used: 9.272 sec (0h:0m:9s)
Total wall-clock time used: 9.098 sec (0h:0m:9s)

Analysis results written to: 
  IQ-TREE report:                /workspace/IQTree_JarvD5a_Results/exon_11565.iqtree
  Maximum-likelihood tree:       /workspace/IQTree_JarvD5a_Results/exon_11565.treefile
  Likelihood distances:          /workspace/IQTree_JarvD5a_Results/exon_11565.mldist
  Screen log file:               /workspace/IQTree_JarvD5a_Results/exon_11565.log

Date and Time: Wed May 27 13:15:05 2026
