IQ-TREE version 3.1.2 for Linux x86 64-bit built May  7 2026
Developed by Bui Quang Minh, Thomas Wong, Nhan Ly-Trong, Huaiyan Ren
Contributed by Lam-Tung Nguyen, Dominik Schrempf, Chris Bielow,
Olga Chernomor, Michael Woodhams, Diep Thi Hoang, Heiko Schmidt

Host:    8084c4e79f09 (AVX512, FMA3, 1133 GB RAM)
Command: /workspace/iqtree-3.1.2-Linux/bin/iqtree3_intel -s /workspace/NeuralNJ/empirical/JarvD5a/exon_13201.fasta -st DNA -m GTR+G -seed 2201 -pre /workspace/IQTree_JarvD5a_Results/exon_13201 -quiet
Seed:    2201 (Using SPRNG - Scalable Parallel Random Number Generator)
Time:    Wed May 27 16:50:50 2026
Kernel:  AVX+FMA - 1 threads (384 CPU cores detected)

HINT: Use -nt option to specify number of threads because your CPU has 384 cores!
HINT: -nt AUTO will automatically determine the best number of threads to use.

Reading alignment file /workspace/NeuralNJ/empirical/JarvD5a/exon_13201.fasta ... Fasta format detected
Reading fasta file: done in 0.000531912 secs using 18.8% CPU
Alignment most likely contains DNA/RNA sequences
Constructing alignment: done in 0.00123 secs using 51.63% CPU
Alignment has 48 sequences with 812 columns, 120 distinct patterns
42 parsimony-informative, 49 singleton sites, 721 constant sites
       Gap/Ambiguity  Composition  p-value
Analyzing sequences: done in 1.38283e-05 secs using 21.69% CPU
   1  ACACH    2.71%    passed     99.29%
   2  ANAPL    1.97%    passed     99.70%
   3  APAVI    1.72%    passed     96.06%
   4  APTFO    2.46%    passed    100.00%
   5  BALRE   34.98%    passed     93.06%
   6  BUCRH    2.71%    passed     98.60%
   7  CALAN    2.46%    passed     99.73%
   8  CAPCA    2.22%    passed     99.38%
   9  CARCR    2.46%    passed     99.95%
  10  CATAU   34.98%    passed     91.33%
  11  CHAPE    2.46%    passed     99.95%
  12  CHAVO    2.46%    passed     99.91%
  13  CHLUN    1.97%    passed    100.00%
  14  COLLI    2.96%    passed     98.94%
  15  COLST    0.99%    passed     94.29%
  16  CORBR    2.71%    passed     99.98%
  17  CUCCA    2.46%    passed     99.84%
  18  EGRGA    2.46%    passed     99.97%
  19  EURHE    2.46%    passed     97.90%
  20  FALPE    2.46%    passed    100.00%
  21  FULGL    2.46%    passed     99.98%
  22  GALGA    2.22%    passed     99.99%
  23  GAVST    2.46%    passed    100.00%
  24  GEOFO    2.71%    passed     99.98%
  25  HALAL    2.71%    passed     99.97%
  26  HALLE    2.71%    passed     99.85%
  27  LEPDI    2.46%    passed     99.95%
  28  MANVI    2.71%    passed     99.82%
  29  MELGA    1.97%    passed     99.73%
  30  MELUN    5.91%    passed     98.55%
  31  MERNU    1.48%    passed     88.34%
  32  MESUN    2.46%    passed     99.60%
  33  NESNO    2.22%    passed     99.77%
  34  NIPNI    2.46%    passed    100.00%
  35  OPHHO    2.46%    passed     99.93%
  36  PELCR    2.46%    passed    100.00%
  37  PHACA    1.97%    passed     99.94%
  38  PHALE    1.97%    passed     99.71%
  39  PHORU    2.46%    passed     99.98%
  40  PICPU    2.22%    passed     99.39%
  41  PODCR    2.46%    passed     99.99%
  42  PTEGU    2.46%    passed    100.00%
  43  PYGAD    2.46%    passed     99.88%
  44  STRCA    3.69%    passed     99.31%
  45  TAEGU    2.71%    passed     99.90%
  46  TAUER    2.22%    passed     99.92%
  47  TINMA    4.93%    passed     75.47%
  48  TYTAL    2.46%    passed     99.88%
****  TOTAL    3.87%  0 sequences failed composition chi2 test (p-value<5%; df=3)
NOTE: GAVST is identical to FALPE but kept for subsequent analysis
Checking for duplicate sequences: done in 0.000138044 secs using 89.83% CPU
Identifying sites to remove: done in 0.000267982 secs using 100% CPU
NOTE: 2 identical sequences (see below) will be ignored for subsequent analysis
NOTE: NIPNI (identical to FALPE) is ignored but added at the end
NOTE: PELCR (identical to FALPE) is ignored but added at the end
Alignment was printed to /workspace/IQTree_JarvD5a_Results/exon_13201.uniqueseq.phy

For your convenience alignment with unique sequences printed to /workspace/IQTree_JarvD5a_Results/exon_13201.uniqueseq.phy

Create initial parsimony tree by phylogenetic likelihood library (PLL)... 0.001 seconds

NOTE: 0 MB RAM (0 GB) is required!
Estimate model parameters (epsilon = 0.100)
1. Initial log-likelihood: -2249.883
2. Current log-likelihood: -2144.166
3. Current log-likelihood: -2143.158
Optimal log-likelihood: -2143.151
Rate parameters:  A-C: 1.62759  A-G: 4.03750  A-T: 0.50594  C-G: 0.78069  C-T: 9.44744  G-T: 1.00000
Base frequencies:  A: 0.332  C: 0.187  G: 0.264  T: 0.218
Gamma shape alpha: 0.020
Parameters optimization took 3 rounds (0.054 sec)
Wrote distance file to... 
Computing ML distances based on estimated model parameters...
Calculating distance matrix: done in 0.00543189 secs using 100% CPU
Computing ML distances took 0.005482 sec (of wall-clock time) 0.005482 sec (of CPU time)
Setting up auxiliary I and S matrices: done in 0.000258207 secs using 99.53% CPU
Constructing RapidNJ tree: done in 0.000495195 secs using 270.2% CPU
Computing RapidNJ tree took 0.000852 sec (of wall-clock time) 0.001721 sec (of CPU time)
Log-likelihood of RapidNJ tree: -2135.420
--------------------------------------------------------------------
|             INITIALIZING CANDIDATE TREE SET                      |
--------------------------------------------------------------------
Generating 98 parsimony trees... 0.075 second
Computing log-likelihood of 98 initial trees ... 0.088 seconds
Current best score: -2127.816

Do NNI search on 20 best initial trees
Estimate model parameters (epsilon = 0.100)
BETTER TREE FOUND at iteration 1: -2126.967
Iteration 10 / LogL: -2131.938 / Time: 0h:0m:0s
Iteration 20 / LogL: -2131.967 / Time: 0h:0m:0s
Finish initializing candidate tree set (20)
Current best tree score: -2126.967 / CPU time: 0.370
Number of iterations: 20
--------------------------------------------------------------------
|               OPTIMIZING CANDIDATE TREE SET                      |
--------------------------------------------------------------------
Estimate model parameters (epsilon = 0.100)
BETTER TREE FOUND at iteration 22: -2125.588
BETTER TREE FOUND at iteration 27: -2125.583
Iteration 30 / LogL: -2150.837 / Time: 0h:0m:0s (0h:0m:2s left)
Estimate model parameters (epsilon = 0.100)
BETTER TREE FOUND at iteration 31: -2125.187
Iteration 40 / LogL: -2126.919 / Time: 0h:0m:0s (0h:0m:1s left)
Iteration 50 / LogL: -2125.673 / Time: 0h:0m:0s (0h:0m:1s left)
Iteration 60 / LogL: -2125.192 / Time: 0h:0m:1s (0h:0m:1s left)
Iteration 70 / LogL: -2125.190 / Time: 0h:0m:1s (0h:0m:1s left)
Iteration 80 / LogL: -2128.745 / Time: 0h:0m:1s (0h:0m:0s left)
Iteration 90 / LogL: -2128.073 / Time: 0h:0m:1s (0h:0m:0s left)
Estimate model parameters (epsilon = 0.100)
BETTER TREE FOUND at iteration 96: -2125.006
Iteration 100 / LogL: -2130.538 / Time: 0h:0m:1s (0h:0m:1s left)
Iteration 110 / LogL: -2128.767 / Time: 0h:0m:1s (0h:0m:1s left)
Iteration 120 / LogL: -2130.439 / Time: 0h:0m:2s (0h:0m:1s left)
BETTER TREE FOUND at iteration 124: -2125.006
Estimate model parameters (epsilon = 0.100)
BETTER TREE FOUND at iteration 130: -2124.015
Iteration 130 / LogL: -2124.015 / Time: 0h:0m:2s (0h:0m:1s left)
Estimate model parameters (epsilon = 0.100)
BETTER TREE FOUND at iteration 140: -2122.222
Iteration 140 / LogL: -2122.222 / Time: 0h:0m:2s (0h:0m:1s left)
BETTER TREE FOUND at iteration 141: -2122.221
Iteration 150 / LogL: -2127.308 / Time: 0h:0m:2s (0h:0m:1s left)
Estimate model parameters (epsilon = 0.100)
BETTER TREE FOUND at iteration 151: -2121.615
Iteration 160 / LogL: -2122.302 / Time: 0h:0m:2s (0h:0m:1s left)
Iteration 170 / LogL: -2124.142 / Time: 0h:0m:3s (0h:0m:1s left)
BETTER TREE FOUND at iteration 172: -2121.615
BETTER TREE FOUND at iteration 179: -2121.614
Iteration 180 / LogL: -2122.300 / Time: 0h:0m:3s (0h:0m:1s left)
Iteration 190 / LogL: -2126.356 / Time: 0h:0m:3s (0h:0m:1s left)
BETTER TREE FOUND at iteration 194: -2121.614
Iteration 200 / LogL: -2121.614 / Time: 0h:0m:3s (0h:0m:1s left)
BETTER TREE FOUND at iteration 205: -2121.614
Iteration 210 / LogL: -2121.913 / Time: 0h:0m:3s (0h:0m:1s left)
Iteration 220 / LogL: -2131.700 / Time: 0h:0m:3s (0h:0m:1s left)
Iteration 230 / LogL: -2121.615 / Time: 0h:0m:3s (0h:0m:1s left)
Iteration 240 / LogL: -2121.614 / Time: 0h:0m:4s (0h:0m:1s left)
Iteration 250 / LogL: -2121.614 / Time: 0h:0m:4s (0h:0m:0s left)
BETTER TREE FOUND at iteration 252: -2121.614
Iteration 260 / LogL: -2125.502 / Time: 0h:0m:4s (0h:0m:1s left)
Iteration 270 / LogL: -2126.184 / Time: 0h:0m:4s (0h:0m:1s left)
BETTER TREE FOUND at iteration 273: -2121.613
Iteration 280 / LogL: -2121.614 / Time: 0h:0m:4s (0h:0m:1s left)
Iteration 290 / LogL: -2122.928 / Time: 0h:0m:4s (0h:0m:1s left)
Iteration 300 / LogL: -2121.616 / Time: 0h:0m:5s (0h:0m:1s left)
BETTER TREE FOUND at iteration 305: -2121.613
Iteration 310 / LogL: -2123.387 / Time: 0h:0m:5s (0h:0m:1s left)
Iteration 320 / LogL: -2126.888 / Time: 0h:0m:5s (0h:0m:1s left)
Iteration 330 / LogL: -2122.300 / Time: 0h:0m:5s (0h:0m:1s left)
BETTER TREE FOUND at iteration 332: -2121.613
Iteration 340 / LogL: -2128.482 / Time: 0h:0m:5s (0h:0m:1s left)
Iteration 350 / LogL: -2126.879 / Time: 0h:0m:5s (0h:0m:1s left)
Iteration 360 / LogL: -2124.566 / Time: 0h:0m:6s (0h:0m:1s left)
Iteration 370 / LogL: -2121.614 / Time: 0h:0m:6s (0h:0m:1s left)
Iteration 380 / LogL: -2121.613 / Time: 0h:0m:6s (0h:0m:0s left)
BETTER TREE FOUND at iteration 383: -2121.613
Iteration 390 / LogL: -2121.614 / Time: 0h:0m:6s (0h:0m:1s left)
Iteration 400 / LogL: -2127.300 / Time: 0h:0m:6s (0h:0m:1s left)
Iteration 410 / LogL: -2121.613 / Time: 0h:0m:6s (0h:0m:1s left)
Iteration 420 / LogL: -2121.613 / Time: 0h:0m:7s (0h:0m:1s left)
Iteration 430 / LogL: -2122.929 / Time: 0h:0m:7s (0h:0m:0s left)
Iteration 440 / LogL: -2128.482 / Time: 0h:0m:7s (0h:0m:0s left)
Iteration 450 / LogL: -2121.614 / Time: 0h:0m:7s (0h:0m:0s left)
BETTER TREE FOUND at iteration 455: -2121.612
Iteration 460 / LogL: -2125.697 / Time: 0h:0m:7s (0h:0m:1s left)
Iteration 470 / LogL: -2124.437 / Time: 0h:0m:7s (0h:0m:1s left)
Iteration 480 / LogL: -2125.857 / Time: 0h:0m:7s (0h:0m:1s left)
Iteration 490 / LogL: -2121.615 / Time: 0h:0m:8s (0h:0m:1s left)
Iteration 500 / LogL: -2138.466 / Time: 0h:0m:8s (0h:0m:0s left)
Iteration 510 / LogL: -2121.613 / Time: 0h:0m:8s (0h:0m:0s left)
Iteration 520 / LogL: -2121.614 / Time: 0h:0m:8s (0h:0m:0s left)
BETTER TREE FOUND at iteration 530: -2121.612
Iteration 530 / LogL: -2121.612 / Time: 0h:0m:8s (0h:0m:1s left)
BETTER TREE FOUND at iteration 540: -2121.612
Iteration 540 / LogL: -2121.612 / Time: 0h:0m:8s (0h:0m:1s left)
Iteration 550 / LogL: -2124.563 / Time: 0h:0m:9s (0h:0m:1s left)
Iteration 560 / LogL: -2124.691 / Time: 0h:0m:9s (0h:0m:1s left)
Iteration 570 / LogL: -2121.613 / Time: 0h:0m:9s (0h:0m:1s left)
Iteration 580 / LogL: -2122.926 / Time: 0h:0m:9s (0h:0m:0s left)
Iteration 590 / LogL: -2123.352 / Time: 0h:0m:9s (0h:0m:0s left)
Iteration 600 / LogL: -2138.468 / Time: 0h:0m:9s (0h:0m:0s left)
BETTER TREE FOUND at iteration 607: -2121.612
Iteration 610 / LogL: -2121.613 / Time: 0h:0m:10s (0h:0m:1s left)
Iteration 620 / LogL: -2125.498 / Time: 0h:0m:10s (0h:0m:1s left)
Iteration 630 / LogL: -2122.929 / Time: 0h:0m:10s (0h:0m:1s left)
Iteration 640 / LogL: -2127.828 / Time: 0h:0m:10s (0h:0m:1s left)
Iteration 650 / LogL: -2121.613 / Time: 0h:0m:10s (0h:0m:0s left)
Iteration 660 / LogL: -2121.614 / Time: 0h:0m:10s (0h:0m:0s left)
Iteration 670 / LogL: -2125.173 / Time: 0h:0m:11s (0h:0m:0s left)
BETTER TREE FOUND at iteration 678: -2121.612
Iteration 680 / LogL: -2122.927 / Time: 0h:0m:11s (0h:0m:1s left)
Iteration 690 / LogL: -2126.344 / Time: 0h:0m:11s (0h:0m:1s left)
Iteration 700 / LogL: -2121.613 / Time: 0h:0m:11s (0h:0m:1s left)
Iteration 710 / LogL: -2121.613 / Time: 0h:0m:11s (0h:0m:1s left)
Iteration 720 / LogL: -2126.345 / Time: 0h:0m:11s (0h:0m:0s left)
Iteration 730 / LogL: -2128.463 / Time: 0h:0m:11s (0h:0m:0s left)
Iteration 740 / LogL: -2127.840 / Time: 0h:0m:12s (0h:0m:0s left)
Iteration 750 / LogL: -2124.691 / Time: 0h:0m:12s (0h:0m:0s left)
BETTER TREE FOUND at iteration 754: -2121.612
Iteration 760 / LogL: -2121.614 / Time: 0h:0m:12s (0h:0m:1s left)
Iteration 770 / LogL: -2121.614 / Time: 0h:0m:12s (0h:0m:1s left)
BETTER TREE FOUND at iteration 778: -2121.612
Iteration 780 / LogL: -2139.399 / Time: 0h:0m:12s (0h:0m:1s left)
Iteration 790 / LogL: -2121.614 / Time: 0h:0m:12s (0h:0m:1s left)
Iteration 800 / LogL: -2139.978 / Time: 0h:0m:13s (0h:0m:1s left)
BETTER TREE FOUND at iteration 809: -2121.612
Iteration 810 / LogL: -2122.298 / Time: 0h:0m:13s (0h:0m:1s left)
Iteration 820 / LogL: -2121.612 / Time: 0h:0m:13s (0h:0m:1s left)
Iteration 830 / LogL: -2121.613 / Time: 0h:0m:13s (0h:0m:1s left)
Iteration 840 / LogL: -2121.612 / Time: 0h:0m:13s (0h:0m:1s left)
Iteration 850 / LogL: -2121.612 / Time: 0h:0m:13s (0h:0m:0s left)
Iteration 860 / LogL: -2121.612 / Time: 0h:0m:14s (0h:0m:0s left)
Iteration 870 / LogL: -2125.819 / Time: 0h:0m:14s (0h:0m:0s left)
Iteration 880 / LogL: -2121.613 / Time: 0h:0m:14s (0h:0m:0s left)
BETTER TREE FOUND at iteration 888: -2121.612
Iteration 890 / LogL: -2139.768 / Time: 0h:0m:14s (0h:0m:1s left)
Iteration 900 / LogL: -2121.613 / Time: 0h:0m:14s (0h:0m:1s left)
Iteration 910 / LogL: -2121.913 / Time: 0h:0m:14s (0h:0m:1s left)
BETTER TREE FOUND at iteration 919: -2121.611
Iteration 920 / LogL: -2121.612 / Time: 0h:0m:15s (0h:0m:1s left)
Iteration 930 / LogL: -2131.739 / Time: 0h:0m:15s (0h:0m:1s left)
Iteration 940 / LogL: -2121.612 / Time: 0h:0m:15s (0h:0m:1s left)
BETTER TREE FOUND at iteration 949: -2121.611
Iteration 950 / LogL: -2121.613 / Time: 0h:0m:15s (0h:0m:1s left)
Iteration 960 / LogL: -2123.388 / Time: 0h:0m:15s (0h:0m:1s left)
Iteration 970 / LogL: -2122.927 / Time: 0h:0m:15s (0h:0m:1s left)
Iteration 980 / LogL: -2125.124 / Time: 0h:0m:16s (0h:0m:1s left)
Iteration 990 / LogL: -2122.926 / Time: 0h:0m:16s (0h:0m:0s left)
Iteration 1000 / LogL: -2126.353 / Time: 0h:0m:16s (0h:0m:0s left)
Iteration 1010 / LogL: -2122.297 / Time: 0h:0m:16s (0h:0m:0s left)
Iteration 1020 / LogL: -2121.612 / Time: 0h:0m:16s (0h:0m:0s left)
BETTER TREE FOUND at iteration 1021: -2121.611
Iteration 1030 / LogL: -2121.613 / Time: 0h:0m:16s (0h:0m:1s left)
Iteration 1040 / LogL: -2124.564 / Time: 0h:0m:17s (0h:0m:1s left)
Iteration 1050 / LogL: -2130.809 / Time: 0h:0m:17s (0h:0m:1s left)
Iteration 1060 / LogL: -2126.769 / Time: 0h:0m:17s (0h:0m:1s left)
Iteration 1070 / LogL: -2121.613 / Time: 0h:0m:17s (0h:0m:0s left)
Iteration 1080 / LogL: -2121.614 / Time: 0h:0m:17s (0h:0m:0s left)
Iteration 1090 / LogL: -2123.349 / Time: 0h:0m:17s (0h:0m:0s left)
Iteration 1100 / LogL: -2122.926 / Time: 0h:0m:18s (0h:0m:0s left)
Iteration 1110 / LogL: -2124.351 / Time: 0h:0m:18s (0h:0m:0s left)
Iteration 1120 / LogL: -2139.975 / Time: 0h:0m:18s (0h:0m:0s left)
TREE SEARCH COMPLETED AFTER 1122 ITERATIONS / Time: 0h:0m:18s

--------------------------------------------------------------------
|                    FINALIZING TREE SEARCH                        |
--------------------------------------------------------------------
Performs final model parameters optimization
Estimate model parameters (epsilon = 0.010)
1. Initial log-likelihood: -2121.611
Optimal log-likelihood: -2121.610
Rate parameters:  A-C: 1.41002  A-G: 3.26504  A-T: 0.33615  C-G: 0.73606  C-T: 10.41077  G-T: 1.00000
Base frequencies:  A: 0.332  C: 0.187  G: 0.264  T: 0.218
Gamma shape alpha: 0.020
Parameters optimization took 1 rounds (0.006 sec)
BEST SCORE FOUND : -2121.610
Total tree length: 0.245

Total number of iterations: 1122
CPU time used for tree search: 18.506 sec (0h:0m:18s)
Wall-clock time used for tree search: 18.338 sec (0h:0m:18s)
Total CPU time used: 18.589 sec (0h:0m:18s)
Total wall-clock time used: 18.417 sec (0h:0m:18s)

Analysis results written to: 
  IQ-TREE report:                /workspace/IQTree_JarvD5a_Results/exon_13201.iqtree
  Maximum-likelihood tree:       /workspace/IQTree_JarvD5a_Results/exon_13201.treefile
  Likelihood distances:          /workspace/IQTree_JarvD5a_Results/exon_13201.mldist
  Screen log file:               /workspace/IQTree_JarvD5a_Results/exon_13201.log

Date and Time: Wed May 27 16:51:08 2026
