IQ-TREE version 3.1.2 for Linux x86 64-bit built May  7 2026
Developed by Bui Quang Minh, Thomas Wong, Nhan Ly-Trong, Huaiyan Ren
Contributed by Lam-Tung Nguyen, Dominik Schrempf, Chris Bielow,
Olga Chernomor, Michael Woodhams, Diep Thi Hoang, Heiko Schmidt

Host:    8084c4e79f09 (AVX512, FMA3, 1133 GB RAM)
Command: /workspace/iqtree-3.1.2-Linux/bin/iqtree3_intel -s /workspace/NeuralNJ/empirical/JarvD5a/exon_13843.fasta -st DNA -m GTR+G -seed 2201 -pre /workspace/IQTree_JarvD5a_Results/exon_13843 -quiet
Seed:    2201 (Using SPRNG - Scalable Parallel Random Number Generator)
Time:    Wed May 27 17:57:22 2026
Kernel:  AVX+FMA - 1 threads (384 CPU cores detected)

HINT: Use -nt option to specify number of threads because your CPU has 384 cores!
HINT: -nt AUTO will automatically determine the best number of threads to use.

Reading alignment file /workspace/NeuralNJ/empirical/JarvD5a/exon_13843.fasta ... Fasta format detected
Reading fasta file: done in 0.000253916 secs using 15.36% CPU
Alignment most likely contains DNA/RNA sequences
Constructing alignment: done in 0.000609875 secs using 100% CPU
Alignment has 48 sequences with 510 columns, 176 distinct patterns
78 parsimony-informative, 58 singleton sites, 374 constant sites
       Gap/Ambiguity  Composition  p-value
Analyzing sequences: done in 1.50204e-05 secs using 93.21% CPU
   1  ACACH   28.24%    passed     80.78%
   2  ANAPL    0.00%    passed     98.81%
   3  APAVI   30.59%    passed     98.24%
   4  APTFO    4.71%    passed     99.05%
   5  BALRE   35.69%    passed     91.99%
   6  BUCRH    4.71%    passed     97.72%
   7  CALAN    7.84%    passed     94.78%
   8  CAPCA    4.71%    passed     99.90%
   9  CARCR   35.69%    passed     93.30%
  10  CATAU    4.71%    passed     97.87%
  11  CHAPE    4.71%    passed     98.77%
  12  CHAVO    4.71%    passed     99.45%
  13  CHLUN    7.84%    passed     94.63%
  14  COLLI    4.71%    passed     98.91%
  15  COLST    5.10%    passed     98.43%
  16  CORBR    6.67%    passed     85.12%
  17  CUCCA    7.84%    passed     99.48%
  18  EGRGA    4.71%    passed     99.65%
  19  EURHE   30.98%    passed     98.98%
  20  FALPE    4.31%    passed     86.95%
  21  FULGL   34.51%    passed     94.05%
  22  GALGA    0.00%    passed     99.71%
  23  GAVST    4.71%    passed     99.90%
  24  GEOFO    4.71%    passed     99.79%
  25  HALAL    4.71%    passed     99.65%
  26  HALLE    4.71%    passed     99.65%
  27  LEPDI    4.71%    passed     99.88%
  28  MANVI    7.84%    passed     93.81%
  29  MELGA    3.53%    passed     93.25%
  30  MELUN    0.00%    passed     97.53%
  31  MERNU    4.71%    passed     98.94%
  32  MESUN   49.80%    passed     85.00%
  33  NESNO    4.71%    passed     99.07%
  34  NIPNI    2.75%    passed     99.59%
  35  OPHHO    4.71%    passed     99.46%
  36  PELCR    4.71%    passed     97.37%
  37  PHACA    4.71%    passed     97.53%
  38  PHALE    4.31%    passed     98.97%
  39  PHORU    3.14%    passed     99.81%
  40  PICPU    9.02%    passed     47.06%
  41  PODCR   34.12%    passed     99.91%
  42  PTEGU   20.39%    passed     99.26%
  43  PYGAD    4.71%    passed     99.45%
  44  STRCA    4.71%    passed     97.06%
  45  TAEGU    0.00%    passed     98.37%
  46  TAUER    2.75%    passed     98.98%
  47  TINMA    4.71%    passed     99.39%
  48  TYTAL    4.71%    passed     95.88%
****  TOTAL    9.93%  0 sequences failed composition chi2 test (p-value<5%; df=3)
NOTE: HALLE is identical to HALAL but kept for subsequent analysis
Checking for duplicate sequences: done in 0.000110865 secs using 19.84% CPU

Create initial parsimony tree by phylogenetic likelihood library (PLL)... 0.001 seconds

NOTE: 1 MB RAM (0 GB) is required!
Estimate model parameters (epsilon = 0.100)
1. Initial log-likelihood: -2318.502
2. Current log-likelihood: -2233.975
3. Current log-likelihood: -2215.599
4. Current log-likelihood: -2215.386
Optimal log-likelihood: -2215.382
Rate parameters:  A-C: 1.67607  A-G: 6.78655  A-T: 0.63376  C-G: 2.54432  C-T: 4.44002  G-T: 1.00000
Base frequencies:  A: 0.219  C: 0.217  G: 0.221  T: 0.344
Gamma shape alpha: 0.248
Parameters optimization took 4 rounds (0.058 sec)
Wrote distance file to... 
Computing ML distances based on estimated model parameters...
Calculating distance matrix: done in 0.005512 secs using 99.98% CPU
Computing ML distances took 0.005593 sec (of wall-clock time) 0.005593 sec (of CPU time)
Setting up auxiliary I and S matrices: done in 0.000247955 secs using 99.61% CPU
Constructing RapidNJ tree: done in 0.000500917 secs using 257.3% CPU
Computing RapidNJ tree took 0.000811 sec (of wall-clock time) 0.001623 sec (of CPU time)
Log-likelihood of RapidNJ tree: -2219.260
--------------------------------------------------------------------
|             INITIALIZING CANDIDATE TREE SET                      |
--------------------------------------------------------------------
Generating 98 parsimony trees... 0.102 second
Computing log-likelihood of 98 initial trees ... 0.120 seconds
Current best score: -2202.258

Do NNI search on 20 best initial trees
Estimate model parameters (epsilon = 0.100)
BETTER TREE FOUND at iteration 1: -2200.566
Estimate model parameters (epsilon = 0.100)
BETTER TREE FOUND at iteration 3: -2198.735
Estimate model parameters (epsilon = 0.100)
BETTER TREE FOUND at iteration 4: -2196.107
Iteration 10 / LogL: -2201.327 / Time: 0h:0m:0s
Iteration 20 / LogL: -2207.536 / Time: 0h:0m:0s
Finish initializing candidate tree set (20)
Current best tree score: -2196.107 / CPU time: 0.791
Number of iterations: 20
--------------------------------------------------------------------
|               OPTIMIZING CANDIDATE TREE SET                      |
--------------------------------------------------------------------
Estimate model parameters (epsilon = 0.100)
BETTER TREE FOUND at iteration 27: -2195.215
Estimate model parameters (epsilon = 0.100)
BETTER TREE FOUND at iteration 28: -2193.405
Iteration 30 / LogL: -2195.325 / Time: 0h:0m:1s (0h:0m:4s left)
Iteration 40 / LogL: -2195.325 / Time: 0h:0m:1s (0h:0m:3s left)
Estimate model parameters (epsilon = 0.100)
BETTER TREE FOUND at iteration 48: -2193.387
Iteration 50 / LogL: -2198.979 / Time: 0h:0m:1s (0h:0m:3s left)
Iteration 60 / LogL: -2197.031 / Time: 0h:0m:1s (0h:0m:2s left)
BETTER TREE FOUND at iteration 64: -2193.387
Iteration 70 / LogL: -2194.879 / Time: 0h:0m:2s (0h:0m:3s left)
Iteration 80 / LogL: -2197.237 / Time: 0h:0m:2s (0h:0m:2s left)
BETTER TREE FOUND at iteration 85: -2193.383
BETTER TREE FOUND at iteration 88: -2193.383
Iteration 90 / LogL: -2193.391 / Time: 0h:0m:2s (0h:0m:2s left)
BETTER TREE FOUND at iteration 94: -2193.381
Iteration 100 / LogL: -2197.450 / Time: 0h:0m:2s (0h:0m:2s left)
Estimate model parameters (epsilon = 0.100)
BETTER TREE FOUND at iteration 106: -2193.344
BETTER TREE FOUND at iteration 109: -2193.342
Iteration 110 / LogL: -2193.408 / Time: 0h:0m:3s (0h:0m:2s left)
BETTER TREE FOUND at iteration 112: -2193.341
Iteration 120 / LogL: -2196.799 / Time: 0h:0m:3s (0h:0m:2s left)
Iteration 130 / LogL: -2193.344 / Time: 0h:0m:3s (0h:0m:2s left)
BETTER TREE FOUND at iteration 139: -2193.340
Iteration 140 / LogL: -2193.362 / Time: 0h:0m:4s (0h:0m:2s left)
Iteration 150 / LogL: -2195.716 / Time: 0h:0m:4s (0h:0m:2s left)
BETTER TREE FOUND at iteration 158: -2193.340
Iteration 160 / LogL: -2193.345 / Time: 0h:0m:4s (0h:0m:2s left)
Iteration 170 / LogL: -2198.191 / Time: 0h:0m:4s (0h:0m:2s left)
BETTER TREE FOUND at iteration 174: -2193.337
Estimate model parameters (epsilon = 0.100)
BETTER TREE FOUND at iteration 180: -2191.915
Iteration 180 / LogL: -2191.915 / Time: 0h:0m:5s (0h:0m:2s left)
Iteration 190 / LogL: -2203.551 / Time: 0h:0m:5s (0h:0m:2s left)
Iteration 200 / LogL: -2197.122 / Time: 0h:0m:5s (0h:0m:2s left)
Iteration 210 / LogL: -2194.906 / Time: 0h:0m:5s (0h:0m:1s left)
Iteration 220 / LogL: -2194.971 / Time: 0h:0m:6s (0h:0m:1s left)
Estimate model parameters (epsilon = 0.100)
BETTER TREE FOUND at iteration 229: -2191.722
Iteration 230 / LogL: -2199.237 / Time: 0h:0m:6s (0h:0m:2s left)
BETTER TREE FOUND at iteration 231: -2191.721
BETTER TREE FOUND at iteration 234: -2191.721
Estimate model parameters (epsilon = 0.100)
BETTER TREE FOUND at iteration 237: -2191.695
Iteration 240 / LogL: -2194.830 / Time: 0h:0m:6s (0h:0m:2s left)
Iteration 250 / LogL: -2192.672 / Time: 0h:0m:6s (0h:0m:2s left)
Iteration 260 / LogL: -2191.721 / Time: 0h:0m:7s (0h:0m:2s left)
Iteration 270 / LogL: -2197.506 / Time: 0h:0m:7s (0h:0m:1s left)
Iteration 280 / LogL: -2194.478 / Time: 0h:0m:7s (0h:0m:1s left)
Iteration 290 / LogL: -2193.061 / Time: 0h:0m:7s (0h:0m:1s left)
Iteration 300 / LogL: -2191.701 / Time: 0h:0m:8s (0h:0m:1s left)
BETTER TREE FOUND at iteration 303: -2191.694
BETTER TREE FOUND at iteration 309: -2191.693
Iteration 310 / LogL: -2192.175 / Time: 0h:0m:8s (0h:0m:2s left)
Iteration 320 / LogL: -2191.705 / Time: 0h:0m:8s (0h:0m:2s left)
Iteration 330 / LogL: -2193.772 / Time: 0h:0m:8s (0h:0m:2s left)
BETTER TREE FOUND at iteration 334: -2191.693
Iteration 340 / LogL: -2195.156 / Time: 0h:0m:9s (0h:0m:2s left)
BETTER TREE FOUND at iteration 341: -2191.693
BETTER TREE FOUND at iteration 342: -2191.693
Iteration 350 / LogL: -2193.784 / Time: 0h:0m:9s (0h:0m:2s left)
BETTER TREE FOUND at iteration 352: -2191.693
Iteration 360 / LogL: -2191.722 / Time: 0h:0m:9s (0h:0m:2s left)
Iteration 370 / LogL: -2192.499 / Time: 0h:0m:10s (0h:0m:2s left)
BETTER TREE FOUND at iteration 375: -2191.692
Iteration 380 / LogL: -2191.705 / Time: 0h:0m:10s (0h:0m:2s left)
Iteration 390 / LogL: -2199.915 / Time: 0h:0m:10s (0h:0m:2s left)
Iteration 400 / LogL: -2191.693 / Time: 0h:0m:10s (0h:0m:2s left)
Iteration 410 / LogL: -2200.417 / Time: 0h:0m:10s (0h:0m:1s left)
Iteration 420 / LogL: -2197.169 / Time: 0h:0m:11s (0h:0m:1s left)
BETTER TREE FOUND at iteration 428: -2191.692
BETTER TREE FOUND at iteration 429: -2191.692
Iteration 430 / LogL: -2247.614 / Time: 0h:0m:11s (0h:0m:2s left)
BETTER TREE FOUND at iteration 436: -2191.692
Iteration 440 / LogL: -2191.704 / Time: 0h:0m:11s (0h:0m:2s left)
BETTER TREE FOUND at iteration 441: -2191.692
Iteration 450 / LogL: -2193.048 / Time: 0h:0m:11s (0h:0m:2s left)
Iteration 460 / LogL: -2191.693 / Time: 0h:0m:12s (0h:0m:2s left)
Iteration 470 / LogL: -2197.714 / Time: 0h:0m:12s (0h:0m:1s left)
Iteration 480 / LogL: -2192.189 / Time: 0h:0m:12s (0h:0m:1s left)
Iteration 490 / LogL: -2191.950 / Time: 0h:0m:13s (0h:0m:1s left)
Iteration 500 / LogL: -2196.712 / Time: 0h:0m:13s (0h:0m:1s left)
Iteration 510 / LogL: -2191.705 / Time: 0h:0m:13s (0h:0m:0s left)
Iteration 520 / LogL: -2197.858 / Time: 0h:0m:13s (0h:0m:0s left)
Iteration 530 / LogL: -2196.956 / Time: 0h:0m:14s (0h:0m:0s left)
Iteration 540 / LogL: -2193.275 / Time: 0h:0m:14s (0h:0m:0s left)
TREE SEARCH COMPLETED AFTER 542 ITERATIONS / Time: 0h:0m:14s

--------------------------------------------------------------------
|                    FINALIZING TREE SEARCH                        |
--------------------------------------------------------------------
Performs final model parameters optimization
Estimate model parameters (epsilon = 0.010)
1. Initial log-likelihood: -2191.692
Optimal log-likelihood: -2191.692
Rate parameters:  A-C: 1.86474  A-G: 8.35873  A-T: 0.75359  C-G: 2.80973  C-T: 5.16098  G-T: 1.00000
Base frequencies:  A: 0.219  C: 0.217  G: 0.221  T: 0.344
Gamma shape alpha: 0.256
Parameters optimization took 1 rounds (0.005 sec)
BEST SCORE FOUND : -2191.692
Total tree length: 0.596

Total number of iterations: 542
CPU time used for tree search: 14.414 sec (0h:0m:14s)
Wall-clock time used for tree search: 14.248 sec (0h:0m:14s)
Total CPU time used: 14.513 sec (0h:0m:14s)
Total wall-clock time used: 14.335 sec (0h:0m:14s)

Analysis results written to: 
  IQ-TREE report:                /workspace/IQTree_JarvD5a_Results/exon_13843.iqtree
  Maximum-likelihood tree:       /workspace/IQTree_JarvD5a_Results/exon_13843.treefile
  Likelihood distances:          /workspace/IQTree_JarvD5a_Results/exon_13843.mldist
  Screen log file:               /workspace/IQTree_JarvD5a_Results/exon_13843.log

Date and Time: Wed May 27 17:57:36 2026
