IQ-TREE version 3.1.2 for Linux x86 64-bit built May  7 2026
Developed by Bui Quang Minh, Thomas Wong, Nhan Ly-Trong, Huaiyan Ren
Contributed by Lam-Tung Nguyen, Dominik Schrempf, Chris Bielow,
Olga Chernomor, Michael Woodhams, Diep Thi Hoang, Heiko Schmidt

Host:    8084c4e79f09 (AVX512, FMA3, 1133 GB RAM)
Command: /workspace/iqtree-3.1.2-Linux/bin/iqtree3_intel -s /workspace/NeuralNJ/empirical/JarvD5a/exon_8182.fasta -st DNA -m GTR+G -seed 2201 -pre /workspace/IQTree_JarvD5a_Results/exon_8182 -quiet
Seed:    2201 (Using SPRNG - Scalable Parallel Random Number Generator)
Time:    Thu May 28 07:33:26 2026
Kernel:  AVX+FMA - 1 threads (384 CPU cores detected)

HINT: Use -nt option to specify number of threads because your CPU has 384 cores!
HINT: -nt AUTO will automatically determine the best number of threads to use.

Reading alignment file /workspace/NeuralNJ/empirical/JarvD5a/exon_8182.fasta ... Fasta format detected
Reading fasta file: done in 0.000890017 secs using 58.88% CPU
Alignment most likely contains DNA/RNA sequences
Constructing alignment: done in 0.00143313 secs using 99.99% CPU
Alignment has 46 sequences with 1206 columns, 423 distinct patterns
232 parsimony-informative, 175 singleton sites, 799 constant sites
       Gap/Ambiguity  Composition  p-value
Analyzing sequences: done in 3.00407e-05 secs using 99.86% CPU
   1  ACACH    0.00%    passed     98.09%
   2  ANAPL    0.00%    passed     99.20%
   3  APAVI    0.00%    passed     96.17%
   4  APTFO    0.00%    passed     98.12%
   5  BALRE    0.00%    passed     93.28%
   6  BUCRH    0.00%    passed     94.68%
   7  CALAN    0.00%    passed     96.81%
   8  CAPCA   23.05%    passed     97.51%
   9  CARCR    0.00%    passed     98.38%
  10  CATAU    0.00%    passed     99.71%
  11  CHAPE    0.00%    passed     96.68%
  12  CHAVO    0.00%    passed     99.22%
  13  CHLUN    0.00%    passed     99.44%
  14  COLLI    1.66%    passed     97.14%
  15  COLST    0.00%    passed     94.43%
  16  CORBR    0.00%    passed     97.74%
  17  CUCCA    0.00%    passed     98.12%
  18  EGRGA    0.00%    passed     99.88%
  19  EURHE    0.00%    passed     99.86%
  20  FALPE    0.00%    passed     97.05%
  21  FULGL    0.00%    passed     96.33%
  22  GALGA   27.03%    passed     80.31%
  23  GAVST   10.95%    passed     94.92%
  24  GEOFO    0.00%    passed     86.74%
  25  HALAL    0.17%    passed     99.79%
  26  HALLE    0.17%    passed     99.79%
  27  LEPDI    0.00%    passed     99.14%
  28  MANVI    0.00%    passed     96.25%
  29  MELGA    0.00%    passed     98.57%
  30  MELUN    0.00%    passed     97.76%
  31  MERNU    1.00%    passed     67.56%
  32  MESUN    0.00%    passed     99.93%
  33  NIPNI    0.00%    passed     90.64%
  34  OPHHO    0.17%    passed     99.78%
  35  PELCR   10.12%    passed     99.22%
  36  PHACA    0.00%    passed     98.39%
  37  PHALE    0.00%    passed     99.35%
  38  PHORU   30.02%    passed     97.52%
  39  PICPU    0.00%    passed     97.20%
  40  PODCR    1.82%    passed     98.31%
  41  PTEGU    0.00%    passed     94.63%
  42  PYGAD    0.00%    passed     97.97%
  43  STRCA    1.08%    passed     82.67%
  44  TAEGU    0.00%    passed     95.50%
  45  TINMA    1.99%    passed     70.54%
  46  TYTAL    0.00%    passed     98.91%
****  TOTAL    2.37%  0 sequences failed composition chi2 test (p-value<5%; df=3)
NOTE: HALLE is identical to HALAL but kept for subsequent analysis
Checking for duplicate sequences: done in 0.000123024 secs using 99.98% CPU

Create initial parsimony tree by phylogenetic likelihood library (PLL)... 0.001 seconds

NOTE: 2 MB RAM (0 GB) is required!
Estimate model parameters (epsilon = 0.100)
1. Initial log-likelihood: -7488.519
2. Current log-likelihood: -7086.321
3. Current log-likelihood: -7084.299
Optimal log-likelihood: -7084.260
Rate parameters:  A-C: 2.11415  A-G: 8.06245  A-T: 0.93044  C-G: 2.03921  C-T: 6.43767  G-T: 1.00000
Base frequencies:  A: 0.279  C: 0.241  G: 0.243  T: 0.237
Gamma shape alpha: 0.279
Parameters optimization took 3 rounds (0.091 sec)
Wrote distance file to... 
Computing ML distances based on estimated model parameters...
Calculating distance matrix: done in 0.00579309 secs using 98.12% CPU
Computing ML distances took 0.005889 sec (of wall-clock time) 0.005770 sec (of CPU time)
Setting up auxiliary I and S matrices: done in 0.000238895 secs using 51.49% CPU
Constructing RapidNJ tree: done in 0.000447035 secs
Computing RapidNJ tree took 0.000740 sec (of wall-clock time) 0.000129 sec (of CPU time)
Log-likelihood of RapidNJ tree: -7094.052
--------------------------------------------------------------------
|             INITIALIZING CANDIDATE TREE SET                      |
--------------------------------------------------------------------
Generating 98 parsimony trees... 0.192 second
Computing log-likelihood of 98 initial trees ... 0.229 seconds
Current best score: -7064.140

Do NNI search on 20 best initial trees
Estimate model parameters (epsilon = 0.100)
BETTER TREE FOUND at iteration 1: -7058.015
Iteration 10 / LogL: -7067.356 / Time: 0h:0m:0s
Iteration 20 / LogL: -7066.544 / Time: 0h:0m:1s
Finish initializing candidate tree set (20)
Current best tree score: -7058.015 / CPU time: 1.199
Number of iterations: 20
--------------------------------------------------------------------
|               OPTIMIZING CANDIDATE TREE SET                      |
--------------------------------------------------------------------
Iteration 30 / LogL: -7062.300 / Time: 0h:0m:1s (0h:0m:4s left)
Estimate model parameters (epsilon = 0.100)
BETTER TREE FOUND at iteration 32: -7056.762
Iteration 40 / LogL: -7093.815 / Time: 0h:0m:2s (0h:0m:5s left)
Estimate model parameters (epsilon = 0.100)
BETTER TREE FOUND at iteration 42: -7055.069
Iteration 50 / LogL: -7055.484 / Time: 0h:0m:2s (0h:0m:5s left)
BETTER TREE FOUND at iteration 58: -7055.068
Iteration 60 / LogL: -7055.068 / Time: 0h:0m:3s (0h:0m:5s left)
Estimate model parameters (epsilon = 0.100)
BETTER TREE FOUND at iteration 62: -7054.994
Estimate model parameters (epsilon = 0.100)
BETTER TREE FOUND at iteration 64: -7054.813
Iteration 70 / LogL: -7056.906 / Time: 0h:0m:3s (0h:0m:5s left)
Iteration 80 / LogL: -7057.007 / Time: 0h:0m:4s (0h:0m:4s left)
Iteration 90 / LogL: -7054.992 / Time: 0h:0m:4s (0h:0m:3s left)
Iteration 100 / LogL: -7054.992 / Time: 0h:0m:5s (0h:0m:3s left)
Iteration 110 / LogL: -7054.835 / Time: 0h:0m:5s (0h:0m:2s left)
Iteration 120 / LogL: -7057.773 / Time: 0h:0m:6s (0h:0m:2s left)
BETTER TREE FOUND at iteration 121: -7054.813
Iteration 130 / LogL: -7056.229 / Time: 0h:0m:6s (0h:0m:4s left)
Iteration 140 / LogL: -7055.070 / Time: 0h:0m:7s (0h:0m:4s left)
Iteration 150 / LogL: -7057.961 / Time: 0h:0m:7s (0h:0m:3s left)
Iteration 160 / LogL: -7054.815 / Time: 0h:0m:7s (0h:0m:3s left)
Iteration 170 / LogL: -7054.815 / Time: 0h:0m:8s (0h:0m:2s left)
UPDATE BEST LOG-LIKELIHOOD: -7054.812
Iteration 180 / LogL: -7054.812 / Time: 0h:0m:8s (0h:0m:2s left)
Iteration 190 / LogL: -7055.068 / Time: 0h:0m:9s (0h:0m:1s left)
Iteration 200 / LogL: -7059.737 / Time: 0h:0m:9s (0h:0m:1s left)
Iteration 210 / LogL: -7055.069 / Time: 0h:0m:10s (0h:0m:0s left)
Iteration 220 / LogL: -7064.953 / Time: 0h:0m:10s (0h:0m:0s left)
TREE SEARCH COMPLETED AFTER 222 ITERATIONS / Time: 0h:0m:10s

--------------------------------------------------------------------
|                    FINALIZING TREE SEARCH                        |
--------------------------------------------------------------------
Performs final model parameters optimization
Estimate model parameters (epsilon = 0.010)
1. Initial log-likelihood: -7054.812
Optimal log-likelihood: -7054.812
Rate parameters:  A-C: 2.11431  A-G: 8.01560  A-T: 0.95223  C-G: 2.01947  C-T: 6.47141  G-T: 1.00000
Base frequencies:  A: 0.279  C: 0.241  G: 0.243  T: 0.237
Gamma shape alpha: 0.280
Parameters optimization took 1 rounds (0.010 sec)
BEST SCORE FOUND : -7054.812
Total tree length: 0.974

Total number of iterations: 222
CPU time used for tree search: 10.851 sec (0h:0m:10s)
Wall-clock time used for tree search: 10.688 sec (0h:0m:10s)
Total CPU time used: 10.984 sec (0h:0m:10s)
Total wall-clock time used: 10.815 sec (0h:0m:10s)

Analysis results written to: 
  IQ-TREE report:                /workspace/IQTree_JarvD5a_Results/exon_8182.iqtree
  Maximum-likelihood tree:       /workspace/IQTree_JarvD5a_Results/exon_8182.treefile
  Likelihood distances:          /workspace/IQTree_JarvD5a_Results/exon_8182.mldist
  Screen log file:               /workspace/IQTree_JarvD5a_Results/exon_8182.log

Date and Time: Thu May 28 07:33:37 2026
