IQ-TREE version 3.1.2 for Linux x86 64-bit built May  7 2026
Developed by Bui Quang Minh, Thomas Wong, Nhan Ly-Trong, Huaiyan Ren
Contributed by Lam-Tung Nguyen, Dominik Schrempf, Chris Bielow,
Olga Chernomor, Michael Woodhams, Diep Thi Hoang, Heiko Schmidt

Host:    8084c4e79f09 (AVX512, FMA3, 1133 GB RAM)
Command: /workspace/iqtree-3.1.2-Linux/bin/iqtree3_intel -s /workspace/NeuralNJ/empirical/JarvD5a/exon_9118.fasta -st DNA -m GTR+G -seed 2201 -pre /workspace/IQTree_JarvD5a_Results/exon_9118 -quiet
Seed:    2201 (Using SPRNG - Scalable Parallel Random Number Generator)
Time:    Thu May 28 09:43:09 2026
Kernel:  AVX+FMA - 1 threads (384 CPU cores detected)

HINT: Use -nt option to specify number of threads because your CPU has 384 cores!
HINT: -nt AUTO will automatically determine the best number of threads to use.

Reading alignment file /workspace/NeuralNJ/empirical/JarvD5a/exon_9118.fasta ... Fasta format detected
Reading fasta file: done in 0.0007658 secs using 88.4% CPU
Alignment most likely contains DNA/RNA sequences
Constructing alignment: done in 0.00202322 secs using 77.9% CPU
Alignment has 47 sequences with 1770 columns, 265 distinct patterns
114 parsimony-informative, 114 singleton sites, 1542 constant sites
       Gap/Ambiguity  Composition  p-value
Analyzing sequences: done in 2.09808e-05 secs using 100.1% CPU
   1  ACACH   12.99%    passed     96.83%
   2  ANAPL   12.20%    passed     99.39%
   3  APAVI   12.43%    passed     99.67%
   4  APTFO   12.32%    passed     99.98%
   5  BALRE   12.32%    passed     99.88%
   6  BUCRH   12.43%    passed     99.87%
   7  CALAN   12.32%    passed     95.64%
   8  CAPCA   12.20%    passed     99.76%
   9  CARCR   12.32%    passed     99.80%
  10  CATAU   12.32%    passed     99.44%
  11  CHAPE   12.32%    passed     95.38%
  12  CHAVO   12.32%    passed     99.70%
  13  CHLUN   11.41%    passed     98.73%
  14  COLLI   12.32%    passed     99.62%
  15  COLST   16.84%    passed     97.15%
  16  CORBR   12.32%    passed     99.95%
  17  CUCCA   12.32%    passed     99.88%
  18  EGRGA   12.43%    passed    100.00%
  19  EURHE   41.58%    passed     42.42%
  20  FALPE   12.32%    passed     98.33%
  21  FULGL   12.32%    passed     99.90%
  22  GALGA   11.86%    passed     99.02%
  23  GAVST   10.85%    passed     99.10%
  24  GEOFO   12.32%    passed     98.86%
  25  HALAL   12.32%    passed     99.94%
  26  HALLE   12.32%    passed     99.94%
  27  LEPDI   12.32%    passed     99.84%
  28  MANVI   12.43%    passed     99.95%
  29  MELGA   26.33%    passed     87.01%
  30  MELUN   12.43%    passed     99.84%
  31  MERNU   12.43%    passed     99.75%
  32  MESUN   18.08%    passed     93.89%
  33  NESNO   18.19%    passed     93.25%
  34  NIPNI   12.32%    passed     99.71%
  35  OPHHO   12.32%    passed     99.92%
  36  PELCR   12.32%    passed     99.83%
  37  PHACA   18.08%    passed     97.17%
  38  PHALE   12.32%    passed     99.91%
  39  PHORU   12.32%    passed     99.80%
  40  PICPU   12.54%    passed     98.84%
  41  PODCR   12.32%    passed     99.70%
  42  PTEGU   36.16%    passed     31.44%
  43  PYGAD   12.32%    passed     99.93%
  44  STRCA   11.64%    passed     99.52%
  45  TAUER   12.43%    passed     98.43%
  46  TINMA   12.32%    passed     99.63%
  47  TYTAL   12.32%    passed     99.86%
****  TOTAL   14.17%  0 sequences failed composition chi2 test (p-value<5%; df=3)
NOTE: HALLE is identical to HALAL but kept for subsequent analysis
Checking for duplicate sequences: done in 0.000114202 secs using 98.95% CPU

Create initial parsimony tree by phylogenetic likelihood library (PLL)... 0.001 seconds

NOTE: 1 MB RAM (0 GB) is required!
Estimate model parameters (epsilon = 0.100)
1. Initial log-likelihood: -5846.827
2. Current log-likelihood: -5540.716
3. Current log-likelihood: -5534.366
4. Current log-likelihood: -5534.247
Optimal log-likelihood: -5534.208
Rate parameters:  A-C: 2.03071  A-G: 2.91982  A-T: 1.00396  C-G: 2.18891  C-T: 8.00181  G-T: 1.00000
Base frequencies:  A: 0.309  C: 0.219  G: 0.239  T: 0.234
Gamma shape alpha: 0.076
Parameters optimization took 4 rounds (0.076 sec)
Wrote distance file to... 
Computing ML distances based on estimated model parameters...
Calculating distance matrix: done in 0.00700092 secs using 99.99% CPU
Computing ML distances took 0.007055 sec (of wall-clock time) 0.007054 sec (of CPU time)
Setting up auxiliary I and S matrices: done in 0.000254154 secs using 208.5% CPU
Constructing RapidNJ tree: done in 0.000492811 secs using 210.6% CPU
Computing RapidNJ tree took 0.000814 sec (of wall-clock time) 0.001649 sec (of CPU time)
Log-likelihood of RapidNJ tree: -5594.108
--------------------------------------------------------------------
|             INITIALIZING CANDIDATE TREE SET                      |
--------------------------------------------------------------------
Generating 98 parsimony trees... 0.137 second
Computing log-likelihood of 98 initial trees ... 0.169 seconds
Current best score: -5514.337

Do NNI search on 20 best initial trees
Estimate model parameters (epsilon = 0.100)
BETTER TREE FOUND at iteration 1: -5506.424
Iteration 10 / LogL: -5522.526 / Time: 0h:0m:0s
Iteration 20 / LogL: -5521.760 / Time: 0h:0m:0s
Finish initializing candidate tree set (20)
Current best tree score: -5506.424 / CPU time: 0.892
Number of iterations: 20
--------------------------------------------------------------------
|               OPTIMIZING CANDIDATE TREE SET                      |
--------------------------------------------------------------------
Iteration 30 / LogL: -5507.406 / Time: 0h:0m:1s (0h:0m:3s left)
Estimate model parameters (epsilon = 0.100)
BETTER TREE FOUND at iteration 36: -5505.782
Iteration 40 / LogL: -5507.449 / Time: 0h:0m:1s (0h:0m:4s left)
BETTER TREE FOUND at iteration 43: -5505.782
Iteration 50 / LogL: -5506.571 / Time: 0h:0m:2s (0h:0m:3s left)
BETTER TREE FOUND at iteration 53: -5505.780
Iteration 60 / LogL: -5505.784 / Time: 0h:0m:2s (0h:0m:3s left)
Estimate model parameters (epsilon = 0.100)
BETTER TREE FOUND at iteration 64: -5503.422
Iteration 70 / LogL: -5505.763 / Time: 0h:0m:2s (0h:0m:3s left)
Iteration 80 / LogL: -5503.425 / Time: 0h:0m:3s (0h:0m:3s left)
Iteration 90 / LogL: -5503.823 / Time: 0h:0m:3s (0h:0m:2s left)
Iteration 100 / LogL: -5506.973 / Time: 0h:0m:3s (0h:0m:2s left)
Estimate model parameters (epsilon = 0.100)
BETTER TREE FOUND at iteration 107: -5502.338
Iteration 110 / LogL: -5503.431 / Time: 0h:0m:4s (0h:0m:3s left)
Estimate model parameters (epsilon = 0.100)
BETTER TREE FOUND at iteration 111: -5501.939
BETTER TREE FOUND at iteration 112: -5501.937
Iteration 120 / LogL: -5506.644 / Time: 0h:0m:4s (0h:0m:3s left)
Iteration 130 / LogL: -5501.938 / Time: 0h:0m:4s (0h:0m:3s left)
Estimate model parameters (epsilon = 0.100)
BETTER TREE FOUND at iteration 134: -5501.669
Iteration 140 / LogL: -5523.550 / Time: 0h:0m:5s (0h:0m:3s left)
BETTER TREE FOUND at iteration 142: -5501.668
BETTER TREE FOUND at iteration 148: -5501.668
Iteration 150 / LogL: -5501.668 / Time: 0h:0m:5s (0h:0m:3s left)
Iteration 160 / LogL: -5501.668 / Time: 0h:0m:5s (0h:0m:3s left)
Iteration 170 / LogL: -5501.669 / Time: 0h:0m:6s (0h:0m:2s left)
BETTER TREE FOUND at iteration 180: -5501.668
Iteration 180 / LogL: -5501.668 / Time: 0h:0m:6s (0h:0m:3s left)
Iteration 190 / LogL: -5501.669 / Time: 0h:0m:6s (0h:0m:3s left)
Iteration 200 / LogL: -5501.668 / Time: 0h:0m:7s (0h:0m:2s left)
BETTER TREE FOUND at iteration 201: -5501.668
UPDATE BEST LOG-LIKELIHOOD: -5501.667
Iteration 210 / LogL: -5503.769 / Time: 0h:0m:7s (0h:0m:3s left)
BETTER TREE FOUND at iteration 216: -5501.667
BETTER TREE FOUND at iteration 219: -5501.667
Iteration 220 / LogL: -5501.668 / Time: 0h:0m:7s (0h:0m:3s left)
Iteration 230 / LogL: -5503.309 / Time: 0h:0m:8s (0h:0m:3s left)
Iteration 240 / LogL: -5502.073 / Time: 0h:0m:8s (0h:0m:2s left)
UPDATE BEST LOG-LIKELIHOOD: -5501.667
Iteration 250 / LogL: -5501.667 / Time: 0h:0m:8s (0h:0m:2s left)
Iteration 260 / LogL: -5503.712 / Time: 0h:0m:9s (0h:0m:2s left)
UPDATE BEST LOG-LIKELIHOOD: -5501.667
Iteration 270 / LogL: -5501.669 / Time: 0h:0m:9s (0h:0m:1s left)
UPDATE BEST LOG-LIKELIHOOD: -5501.666
Iteration 280 / LogL: -5507.775 / Time: 0h:0m:9s (0h:0m:1s left)
Iteration 290 / LogL: -5501.669 / Time: 0h:0m:10s (0h:0m:1s left)
UPDATE BEST LOG-LIKELIHOOD: -5501.666
Iteration 300 / LogL: -5501.668 / Time: 0h:0m:10s (0h:0m:0s left)
Iteration 310 / LogL: -5501.802 / Time: 0h:0m:10s (0h:0m:0s left)
Iteration 320 / LogL: -5511.746 / Time: 0h:0m:11s (0h:0m:-1s left)
TREE SEARCH COMPLETED AFTER 320 ITERATIONS / Time: 0h:0m:11s

--------------------------------------------------------------------
|                    FINALIZING TREE SEARCH                        |
--------------------------------------------------------------------
Performs final model parameters optimization
Estimate model parameters (epsilon = 0.010)
1. Initial log-likelihood: -5501.666
Optimal log-likelihood: -5501.661
Rate parameters:  A-C: 2.20066  A-G: 3.20804  A-T: 1.13247  C-G: 2.30836  C-T: 8.75185  G-T: 1.00000
Base frequencies:  A: 0.309  C: 0.219  G: 0.239  T: 0.234
Gamma shape alpha: 0.071
Parameters optimization took 1 rounds (0.007 sec)
BEST SCORE FOUND : -5501.661
Total tree length: 0.455

Total number of iterations: 320
CPU time used for tree search: 11.275 sec (0h:0m:11s)
Wall-clock time used for tree search: 11.106 sec (0h:0m:11s)
Total CPU time used: 11.389 sec (0h:0m:11s)
Total wall-clock time used: 11.213 sec (0h:0m:11s)

Analysis results written to: 
  IQ-TREE report:                /workspace/IQTree_JarvD5a_Results/exon_9118.iqtree
  Maximum-likelihood tree:       /workspace/IQTree_JarvD5a_Results/exon_9118.treefile
  Likelihood distances:          /workspace/IQTree_JarvD5a_Results/exon_9118.mldist
  Screen log file:               /workspace/IQTree_JarvD5a_Results/exon_9118.log

Date and Time: Thu May 28 09:43:21 2026
