IQ-TREE version 3.1.2 for Linux x86 64-bit built May  7 2026
Developed by Bui Quang Minh, Thomas Wong, Nhan Ly-Trong, Huaiyan Ren
Contributed by Lam-Tung Nguyen, Dominik Schrempf, Chris Bielow,
Olga Chernomor, Michael Woodhams, Diep Thi Hoang, Heiko Schmidt

Host:    8084c4e79f09 (AVX512, FMA3, 1133 GB RAM)
Command: /workspace/iqtree-3.1.2-Linux/bin/iqtree3_intel -s /workspace/NeuralNJ/empirical/JarvD5a/exon_10095.fasta -st DNA -m GTR+G -seed 2201 -pre /workspace/IQTree_JarvD5a_Results/exon_10095 -quiet
Seed:    2201 (Using SPRNG - Scalable Parallel Random Number Generator)
Time:    Wed May 27 09:26:17 2026
Kernel:  AVX+FMA - 1 threads (384 CPU cores detected)

HINT: Use -nt option to specify number of threads because your CPU has 384 cores!
HINT: -nt AUTO will automatically determine the best number of threads to use.

Reading alignment file /workspace/NeuralNJ/empirical/JarvD5a/exon_10095.fasta ... Fasta format detected
Reading fasta file: done in 0.000295877 secs using 12.51% CPU
Alignment most likely contains DNA/RNA sequences
Constructing alignment: done in 0.000733852 secs using 98.52% CPU
Alignment has 48 sequences with 608 columns, 217 distinct patterns
102 parsimony-informative, 81 singleton sites, 425 constant sites
       Gap/Ambiguity  Composition  p-value
Analyzing sequences: done in 1.69277e-05 secs using 94.52% CPU
   1  ACACH   17.11%    passed     98.81%
   2  ANAPL   16.78%    passed     83.61%
   3  APAVI   18.09%    passed     98.49%
   4  APTFO   16.78%    passed     99.84%
   5  BALRE   16.78%    passed     98.25%
   6  BUCRH   17.76%    passed     97.14%
   7  CALAN   16.78%    passed     86.76%
   8  CAPCA   17.11%    passed     99.46%
   9  CARCR   16.78%    passed     98.25%
  10  CATAU   16.78%    passed     98.98%
  11  CHAPE    6.58%    passed     98.58%
  12  CHAVO   16.78%    passed     99.70%
  13  CHLUN   17.76%    passed     98.55%
  14  COLLI    5.59%    passed     51.72%
  15  COLST   17.76%    passed     97.36%
  16  CORBR   15.79%    passed     95.90%
  17  CUCCA    5.92%    passed     72.17%
  18  EGRGA   16.45%    passed     97.71%
  19  EURHE   16.78%    passed     99.27%
  20  FALPE   16.78%    passed     99.02%
  21  FULGL   16.78%    passed     99.60%
  22  GALGA    2.96%    passed     83.92%
  23  GAVST   16.78%    passed     98.56%
  24  GEOFO   15.79%    passed     95.36%
  25  HALAL   16.78%    passed     99.80%
  26  HALLE    5.59%    passed     78.88%
  27  LEPDI   38.49%    passed     15.28%
  28  MANVI   22.04%    passed     99.81%
  29  MELGA   17.11%    passed     96.80%
  30  MELUN    2.30%    passed     81.10%
  31  MERNU   17.76%    passed     97.43%
  32  MESUN   18.09%    passed     98.76%
  33  NESNO   16.78%    passed     98.79%
  34  NIPNI   16.78%    passed     96.12%
  35  OPHHO   24.18%    passed     94.70%
  36  PELCR   16.78%    passed     98.41%
  37  PHACA   25.33%    passed     81.73%
  38  PHALE   16.78%    passed     99.16%
  39  PHORU   16.78%    passed     98.79%
  40  PICPU   18.09%    passed     96.34%
  41  PODCR   16.78%    passed     99.91%
  42  PTEGU   25.33%    passed     87.20%
  43  PYGAD   17.76%    passed     99.81%
  44  STRCA   16.78%    passed     97.82%
  45  TAEGU    1.32%    passed     47.34%
  46  TAUER   16.78%    passed     99.88%
  47  TINMA   16.78%    passed     72.10%
  48  TYTAL   18.09%    passed     88.51%
****  TOTAL   16.22%  0 sequences failed composition chi2 test (p-value<5%; df=3)
Checking for duplicate sequences: done in 0.000111103 secs using 99.91% CPU

Create initial parsimony tree by phylogenetic likelihood library (PLL)... 0.002 seconds

NOTE: 1 MB RAM (0 GB) is required!
Estimate model parameters (epsilon = 0.100)
1. Initial log-likelihood: -3201.009
2. Current log-likelihood: -3032.301
3. Current log-likelihood: -3030.209
Optimal log-likelihood: -3030.180
Rate parameters:  A-C: 0.80762  A-G: 1.84184  A-T: 0.34687  C-G: 0.71286  C-T: 3.55554  G-T: 1.00000
Base frequencies:  A: 0.394  C: 0.202  G: 0.249  T: 0.154
Gamma shape alpha: 0.236
Parameters optimization took 3 rounds (0.044 sec)
Wrote distance file to... 
Computing ML distances based on estimated model parameters...
Calculating distance matrix: done in 0.00704718 secs using 100% CPU
Computing ML distances took 0.007098 sec (of wall-clock time) 0.007099 sec (of CPU time)
Setting up auxiliary I and S matrices: done in 0.000267029 secs using 174.5% CPU
Constructing RapidNJ tree: done in 0.000496864 secs using 220.4% CPU
Computing RapidNJ tree took 0.000844 sec (of wall-clock time) 0.001654 sec (of CPU time)
Log-likelihood of RapidNJ tree: -3066.047
--------------------------------------------------------------------
|             INITIALIZING CANDIDATE TREE SET                      |
--------------------------------------------------------------------
Generating 98 parsimony trees... 0.145 second
Computing log-likelihood of 98 initial trees ... 0.152 seconds
Current best score: -3024.301

Do NNI search on 20 best initial trees
Estimate model parameters (epsilon = 0.100)
BETTER TREE FOUND at iteration 1: -3021.939
Estimate model parameters (epsilon = 0.100)
BETTER TREE FOUND at iteration 2: -3017.558
Iteration 10 / LogL: -3029.358 / Time: 0h:0m:0s
Iteration 20 / LogL: -3035.463 / Time: 0h:0m:0s
Finish initializing candidate tree set (20)
Current best tree score: -3017.558 / CPU time: 0.925
Number of iterations: 20
--------------------------------------------------------------------
|               OPTIMIZING CANDIDATE TREE SET                      |
--------------------------------------------------------------------
Estimate model parameters (epsilon = 0.100)
BETTER TREE FOUND at iteration 26: -3016.680
Estimate model parameters (epsilon = 0.100)
BETTER TREE FOUND at iteration 27: -3014.855
Iteration 30 / LogL: -3016.704 / Time: 0h:0m:1s (0h:0m:4s left)
Iteration 40 / LogL: -3015.253 / Time: 0h:0m:1s (0h:0m:3s left)
Iteration 50 / LogL: -3015.252 / Time: 0h:0m:2s (0h:0m:3s left)
Iteration 60 / LogL: -3014.858 / Time: 0h:0m:2s (0h:0m:2s left)
Estimate model parameters (epsilon = 0.100)
BETTER TREE FOUND at iteration 68: -3013.710
Iteration 70 / LogL: -3017.079 / Time: 0h:0m:2s (0h:0m:3s left)
BETTER TREE FOUND at iteration 72: -3013.707
Iteration 80 / LogL: -3014.656 / Time: 0h:0m:3s (0h:0m:3s left)
Iteration 90 / LogL: -3016.460 / Time: 0h:0m:3s (0h:0m:3s left)
Iteration 100 / LogL: -3017.547 / Time: 0h:0m:3s (0h:0m:2s left)
Iteration 110 / LogL: -3017.622 / Time: 0h:0m:3s (0h:0m:2s left)
Iteration 120 / LogL: -3013.708 / Time: 0h:0m:4s (0h:0m:1s left)
Iteration 130 / LogL: -3014.036 / Time: 0h:0m:4s (0h:0m:1s left)
Iteration 140 / LogL: -3020.370 / Time: 0h:0m:4s (0h:0m:1s left)
Iteration 150 / LogL: -3013.707 / Time: 0h:0m:5s (0h:0m:0s left)
Iteration 160 / LogL: -3013.708 / Time: 0h:0m:5s (0h:0m:0s left)
Iteration 170 / LogL: -3015.375 / Time: 0h:0m:6s (0h:0m:0s left)
TREE SEARCH COMPLETED AFTER 173 ITERATIONS / Time: 0h:0m:6s

--------------------------------------------------------------------
|                    FINALIZING TREE SEARCH                        |
--------------------------------------------------------------------
Performs final model parameters optimization
Estimate model parameters (epsilon = 0.010)
1. Initial log-likelihood: -3013.707
Optimal log-likelihood: -3013.707
Rate parameters:  A-C: 0.78157  A-G: 1.82034  A-T: 0.32029  C-G: 0.68993  C-T: 3.20012  G-T: 1.00000
Base frequencies:  A: 0.394  C: 0.202  G: 0.249  T: 0.154
Gamma shape alpha: 0.239
Parameters optimization took 1 rounds (0.006 sec)
BEST SCORE FOUND : -3013.707
Total tree length: 1.065

Total number of iterations: 173
CPU time used for tree search: 6.212 sec (0h:0m:6s)
Wall-clock time used for tree search: 6.048 sec (0h:0m:6s)
Total CPU time used: 6.296 sec (0h:0m:6s)
Total wall-clock time used: 6.123 sec (0h:0m:6s)

Analysis results written to: 
  IQ-TREE report:                /workspace/IQTree_JarvD5a_Results/exon_10095.iqtree
  Maximum-likelihood tree:       /workspace/IQTree_JarvD5a_Results/exon_10095.treefile
  Likelihood distances:          /workspace/IQTree_JarvD5a_Results/exon_10095.mldist
  Screen log file:               /workspace/IQTree_JarvD5a_Results/exon_10095.log

Date and Time: Wed May 27 09:26:24 2026
