IQ-TREE version 3.1.2 for Linux x86 64-bit built May  7 2026
Developed by Bui Quang Minh, Thomas Wong, Nhan Ly-Trong, Huaiyan Ren
Contributed by Lam-Tung Nguyen, Dominik Schrempf, Chris Bielow,
Olga Chernomor, Michael Woodhams, Diep Thi Hoang, Heiko Schmidt

Host:    8084c4e79f09 (AVX512, FMA3, 1133 GB RAM)
Command: /workspace/iqtree-3.1.2-Linux/bin/iqtree3_intel -s /workspace/NeuralNJ/empirical/JarvD5a/exon_7126.fasta -st DNA -m GTR+G -seed 2201 -pre /workspace/IQTree_JarvD5a_Results/exon_7126 -quiet
Seed:    2201 (Using SPRNG - Scalable Parallel Random Number Generator)
Time:    Thu May 28 05:21:44 2026
Kernel:  AVX+FMA - 1 threads (384 CPU cores detected)

HINT: Use -nt option to specify number of threads because your CPU has 384 cores!
HINT: -nt AUTO will automatically determine the best number of threads to use.

Reading alignment file /workspace/NeuralNJ/empirical/JarvD5a/exon_7126.fasta ... Fasta format detected
Reading fasta file: done in 0.000427008 secs using 81.5% CPU
Alignment most likely contains DNA/RNA sequences
Constructing alignment: done in 0.00125003 secs using 31.44% CPU
Alignment has 43 sequences with 1012 columns, 627 distinct patterns
372 parsimony-informative, 173 singleton sites, 467 constant sites
       Gap/Ambiguity  Composition  p-value
Analyzing sequences: done in 4.00543e-05 secs using 102.4% CPU
   1  ACACH    2.67%    passed     93.04%
   2  ANAPL    1.38%    passed     67.82%
   3  APTFO    1.58%    passed     99.70%
   4  BALRE    1.58%    passed     97.66%
   5  BUCRH   14.43%    passed      8.87%
   6  CALAN   11.46%    passed     29.19%
   7  CAPCA    1.58%    passed     34.40%
   8  CATAU    1.58%    passed     94.44%
   9  CHAPE   12.25%    passed     29.76%
  10  CHAVO    1.58%    passed     95.35%
  11  CHLUN    1.58%    passed     90.76%
  12  COLLI    2.77%    passed     45.73%
  13  COLST   40.91%    passed     44.35%
  14  CORBR    0.99%    passed     78.13%
  15  CUCCA    7.11%    passed     26.82%
  16  EURHE   36.17%    passed     59.09%
  17  FALPE    7.51%    passed     89.29%
  18  FULGL    1.58%    passed     99.96%
  19  GALGA    1.78%    passed     87.48%
  20  GAVST    1.19%    passed     68.00%
  21  GEOFO    9.29%    passed     80.38%
  22  HALAL    2.17%    passed     96.36%
  23  HALLE    4.35%    passed     93.48%
  24  LEPDI    1.58%    passed     98.11%
  25  MELGA   15.61%    passed     74.91%
  26  MELUN   17.59%    passed     31.46%
  27  MERNU    1.38%    passed     95.28%
  28  MESUN    6.72%    passed     86.73%
  29  NESNO    1.58%    passed     82.31%
  30  NIPNI    1.58%    passed     98.36%
  31  OPHHO    1.58%    passed     97.66%
  32  PELCR    1.58%    passed     97.56%
  33  PHACA   40.91%    passed     71.87%
  34  PHALE    1.58%    passed     92.09%
  35  PHORU   22.92%    passed     90.28%
  36  PICPU   35.18%    passed     82.98%
  37  PODCR    1.58%    passed     94.10%
  38  PYGAD    1.58%    passed     97.83%
  39  STRCA    0.99%    passed     74.72%
  40  TAEGU    0.99%    passed      7.68%
  41  TAUER    1.98%    passed     89.38%
  42  TINMA    0.99%    passed     41.80%
  43  TYTAL    1.58%    passed     79.38%
****  TOTAL    7.60%  0 sequences failed composition chi2 test (p-value<5%; df=3)
Checking for duplicate sequences: done in 0.000123024 secs using 99.98% CPU

Create initial parsimony tree by phylogenetic likelihood library (PLL)... 0.002 seconds

NOTE: 3 MB RAM (0 GB) is required!
Estimate model parameters (epsilon = 0.100)
1. Initial log-likelihood: -10963.883
2. Current log-likelihood: -10440.785
3. Current log-likelihood: -10433.832
Optimal log-likelihood: -10433.814
Rate parameters:  A-C: 1.68505  A-G: 4.37439  A-T: 0.71995  C-G: 1.35971  C-T: 3.03988  G-T: 1.00000
Base frequencies:  A: 0.296  C: 0.228  G: 0.241  T: 0.235
Gamma shape alpha: 0.409
Parameters optimization took 3 rounds (0.133 sec)
Wrote distance file to... 
Computing ML distances based on estimated model parameters...
Calculating distance matrix: done in 0.00519586 secs using 99.06% CPU
Computing ML distances took 0.005296 sec (of wall-clock time) 0.005238 sec (of CPU time)
Setting up auxiliary I and S matrices: done in 0.000221968 secs using 100.5% CPU
Constructing RapidNJ tree: done in 0.000468016 secs using 75.85% CPU
Computing RapidNJ tree took 0.000768 sec (of wall-clock time) 0.000665 sec (of CPU time)
Log-likelihood of RapidNJ tree: -10501.966
--------------------------------------------------------------------
|             INITIALIZING CANDIDATE TREE SET                      |
--------------------------------------------------------------------
Generating 98 parsimony trees... 0.242 second
Computing log-likelihood of 98 initial trees ... 0.306 seconds
Current best score: -10433.814

Do NNI search on 20 best initial trees
Estimate model parameters (epsilon = 0.100)
BETTER TREE FOUND at iteration 1: -10418.480
Estimate model parameters (epsilon = 0.100)
BETTER TREE FOUND at iteration 3: -10414.245
Estimate model parameters (epsilon = 0.100)
BETTER TREE FOUND at iteration 4: -10410.208
Iteration 10 / LogL: -10436.412 / Time: 0h:0m:1s
Iteration 20 / LogL: -10442.884 / Time: 0h:0m:1s
Finish initializing candidate tree set (20)
Current best tree score: -10410.208 / CPU time: 1.554
Number of iterations: 20
--------------------------------------------------------------------
|               OPTIMIZING CANDIDATE TREE SET                      |
--------------------------------------------------------------------
Estimate model parameters (epsilon = 0.100)
BETTER TREE FOUND at iteration 29: -10406.741
Iteration 30 / LogL: -10414.389 / Time: 0h:0m:2s (0h:0m:7s left)
Iteration 40 / LogL: -10426.267 / Time: 0h:0m:2s (0h:0m:6s left)
Estimate model parameters (epsilon = 0.100)
BETTER TREE FOUND at iteration 45: -10406.575
Iteration 50 / LogL: -10497.024 / Time: 0h:0m:3s (0h:0m:6s left)
Estimate model parameters (epsilon = 0.100)
BETTER TREE FOUND at iteration 57: -10405.541
Iteration 60 / LogL: -10406.587 / Time: 0h:0m:3s (0h:0m:6s left)
Iteration 70 / LogL: -10406.590 / Time: 0h:0m:4s (0h:0m:5s left)
Iteration 80 / LogL: -10408.953 / Time: 0h:0m:5s (0h:0m:5s left)
Iteration 90 / LogL: -10406.592 / Time: 0h:0m:5s (0h:0m:4s left)
Iteration 100 / LogL: -10409.049 / Time: 0h:0m:6s (0h:0m:3s left)
Iteration 110 / LogL: -10405.541 / Time: 0h:0m:6s (0h:0m:2s left)
Iteration 120 / LogL: -10414.571 / Time: 0h:0m:7s (0h:0m:2s left)
Iteration 130 / LogL: -10410.189 / Time: 0h:0m:8s (0h:0m:1s left)
Iteration 140 / LogL: -10408.531 / Time: 0h:0m:8s (0h:0m:1s left)
Iteration 150 / LogL: -10406.587 / Time: 0h:0m:9s (0h:0m:0s left)
TREE SEARCH COMPLETED AFTER 158 ITERATIONS / Time: 0h:0m:9s

--------------------------------------------------------------------
|                    FINALIZING TREE SEARCH                        |
--------------------------------------------------------------------
Performs final model parameters optimization
Estimate model parameters (epsilon = 0.010)
1. Initial log-likelihood: -10405.541
Optimal log-likelihood: -10405.540
Rate parameters:  A-C: 1.64955  A-G: 4.34353  A-T: 0.70790  C-G: 1.38245  C-T: 3.01722  G-T: 1.00000
Base frequencies:  A: 0.296  C: 0.228  G: 0.241  T: 0.235
Gamma shape alpha: 0.411
Parameters optimization took 1 rounds (0.013 sec)
BEST SCORE FOUND : -10405.540
Total tree length: 2.963

Total number of iterations: 158
CPU time used for tree search: 9.660 sec (0h:0m:9s)
Wall-clock time used for tree search: 9.497 sec (0h:0m:9s)
Total CPU time used: 9.856 sec (0h:0m:9s)
Total wall-clock time used: 9.677 sec (0h:0m:9s)

Analysis results written to: 
  IQ-TREE report:                /workspace/IQTree_JarvD5a_Results/exon_7126.iqtree
  Maximum-likelihood tree:       /workspace/IQTree_JarvD5a_Results/exon_7126.treefile
  Likelihood distances:          /workspace/IQTree_JarvD5a_Results/exon_7126.mldist
  Screen log file:               /workspace/IQTree_JarvD5a_Results/exon_7126.log

Date and Time: Thu May 28 05:21:54 2026
