IQ-TREE version 3.1.2 for Linux x86 64-bit built May  7 2026
Developed by Bui Quang Minh, Thomas Wong, Nhan Ly-Trong, Huaiyan Ren
Contributed by Lam-Tung Nguyen, Dominik Schrempf, Chris Bielow,
Olga Chernomor, Michael Woodhams, Diep Thi Hoang, Heiko Schmidt

Host:    8084c4e79f09 (AVX512, FMA3, 1133 GB RAM)
Command: /workspace/iqtree-3.1.2-Linux/bin/iqtree3_intel -s /workspace/NeuralNJ/empirical/JarvD5a/exon_8274.fasta -st DNA -m GTR+G -seed 2201 -pre /workspace/IQTree_JarvD5a_Results/exon_8274 -quiet
Seed:    2201 (Using SPRNG - Scalable Parallel Random Number Generator)
Time:    Thu May 28 07:44:08 2026
Kernel:  AVX+FMA - 1 threads (384 CPU cores detected)

HINT: Use -nt option to specify number of threads because your CPU has 384 cores!
HINT: -nt AUTO will automatically determine the best number of threads to use.

Reading alignment file /workspace/NeuralNJ/empirical/JarvD5a/exon_8274.fasta ... Fasta format detected
Reading fasta file: done in 0.000254154 secs using 33.05% CPU
Alignment most likely contains DNA/RNA sequences
Constructing alignment: done in 0.000667095 secs using 77.65% CPU
Alignment has 42 sequences with 576 columns, 67 distinct patterns
15 parsimony-informative, 29 singleton sites, 532 constant sites
       Gap/Ambiguity  Composition  p-value
Analyzing sequences: done in 8.10623e-06 secs using 86.35% CPU
   1  ANAPL   21.53%    passed     91.36%
   2  APAVI    0.00%    passed     98.98%
   3  APTFO    0.00%    passed     99.56%
   4  BALRE   21.53%    passed     82.26%
   5  BUCRH   21.53%    passed     87.59%
   6  CALAN    0.00%    passed     99.40%
   7  CAPCA   42.36%    passed     77.60%
   8  CARCR    0.00%    passed     99.11%
   9  CHAPE    0.00%    passed     99.35%
  10  CHAVO   34.03%    passed     82.35%
  11  CHLUN   34.03%    passed     95.28%
  12  COLLI    0.00%    passed     99.75%
  13  COLST   21.53%    passed     82.26%
  14  CORBR    0.00%    passed     99.91%
  15  CUCCA    0.00%    passed     99.71%
  16  EGRGA    0.00%    passed     99.71%
  17  EURHE   21.53%    passed     82.23%
  18  FALPE    0.00%    passed     99.16%
  19  FULGL    0.00%    passed     99.35%
  20  GALGA    0.00%    passed     99.75%
  21  GAVST   34.03%    passed     82.35%
  22  GEOFO    0.00%    passed     98.84%
  23  HALAL   43.75%    passed     64.22%
  24  HALLE    0.35%    passed     99.77%
  25  LEPDI   21.53%    passed     82.26%
  26  MANVI    0.00%    passed     99.75%
  27  MELUN    0.00%    passed     99.04%
  28  MERNU   34.03%    passed     84.33%
  29  MESUN   42.36%    passed     69.42%
  30  NESNO   21.53%    passed     84.67%
  31  NIPNI    0.00%    passed     97.36%
  32  OPHHO    0.00%    passed     99.56%
  33  PELCR    0.00%    passed     99.56%
  34  PHALE   21.53%    passed     84.87%
  35  PICPU    0.00%    passed     99.56%
  36  PTEGU   21.53%    passed     70.32%
  37  PYGAD   21.53%    passed     82.26%
  38  STRCA    0.00%    passed     98.49%
  39  TAEGU    0.00%    passed     98.18%
  40  TAUER   34.55%    passed     90.80%
  41  TINMA    0.00%    passed     99.70%
  42  TYTAL    0.00%    passed     99.56%
****  TOTAL   12.26%  0 sequences failed composition chi2 test (p-value<5%; df=3)
NOTE: PELCR is identical to APTFO but kept for subsequent analysis
NOTE: COLST is identical to BALRE but kept for subsequent analysis
NOTE: MANVI is identical to COLLI but kept for subsequent analysis
Checking for duplicate sequences: done in 9.17912e-05 secs using 101.3% CPU
Identifying sites to remove: done in 0.000127077 secs using 99.94% CPU
NOTE: 3 identical sequences (see below) will be ignored for subsequent analysis
NOTE: TYTAL (identical to APTFO) is ignored but added at the end
NOTE: LEPDI (identical to BALRE) is ignored but added at the end
NOTE: PYGAD (identical to BALRE) is ignored but added at the end
Alignment was printed to /workspace/IQTree_JarvD5a_Results/exon_8274.uniqueseq.phy

For your convenience alignment with unique sequences printed to /workspace/IQTree_JarvD5a_Results/exon_8274.uniqueseq.phy

Create initial parsimony tree by phylogenetic likelihood library (PLL)... 0.001 seconds

NOTE: 0 MB RAM (0 GB) is required!
Estimate model parameters (epsilon = 0.100)
1. Initial log-likelihood: -1237.158
2. Current log-likelihood: -1212.160
Optimal log-likelihood: -1212.103
Rate parameters:  A-C: 4.68166  A-G: 18.85392  A-T: 5.05817  C-G: 8.56113  C-T: 20.59180  G-T: 1.00000
Base frequencies:  A: 0.306  C: 0.216  G: 0.240  T: 0.239
Gamma shape alpha: 0.020
Parameters optimization took 2 rounds (0.014 sec)
Wrote distance file to... 
Computing ML distances based on estimated model parameters...
Calculating distance matrix: done in 0.00482488 secs using 99.98% CPU
Computing ML distances took 0.004856 sec (of wall-clock time) 0.004856 sec (of CPU time)
Setting up auxiliary I and S matrices: done in 0.000193119 secs using 70.42% CPU
Constructing RapidNJ tree: done in 0.000351906 secs using 181% CPU
Computing RapidNJ tree took 0.000597 sec (of wall-clock time) 0.000809 sec (of CPU time)
Log-likelihood of RapidNJ tree: -1230.633
--------------------------------------------------------------------
|             INITIALIZING CANDIDATE TREE SET                      |
--------------------------------------------------------------------
Generating 98 parsimony trees... 0.047 second
Computing log-likelihood of 98 initial trees ... 0.051 seconds
Current best score: -1207.167

Do NNI search on 20 best initial trees
Estimate model parameters (epsilon = 0.100)
BETTER TREE FOUND at iteration 1: -1207.024
BETTER TREE FOUND at iteration 2: -1207.024
Iteration 10 / LogL: -1209.946 / Time: 0h:0m:0s
Iteration 20 / LogL: -1210.397 / Time: 0h:0m:0s
Finish initializing candidate tree set (20)
Current best tree score: -1207.024 / CPU time: 0.222
Number of iterations: 20
--------------------------------------------------------------------
|               OPTIMIZING CANDIDATE TREE SET                      |
--------------------------------------------------------------------
BETTER TREE FOUND at iteration 23: -1207.024
Iteration 30 / LogL: -1207.026 / Time: 0h:0m:0s (0h:0m:1s left)
Estimate model parameters (epsilon = 0.100)
BETTER TREE FOUND at iteration 33: -1206.959
Iteration 40 / LogL: -1211.628 / Time: 0h:0m:0s (0h:0m:0s left)
BETTER TREE FOUND at iteration 42: -1206.958
Iteration 50 / LogL: -1216.107 / Time: 0h:0m:0s (0h:0m:0s left)
Iteration 60 / LogL: -1208.189 / Time: 0h:0m:0s (0h:0m:0s left)
Iteration 70 / LogL: -1206.961 / Time: 0h:0m:0s (0h:0m:0s left)
Iteration 80 / LogL: -1206.963 / Time: 0h:0m:0s (0h:0m:0s left)
Iteration 90 / LogL: -1206.963 / Time: 0h:0m:0s (0h:0m:0s left)
BETTER TREE FOUND at iteration 98: -1206.958
Iteration 100 / LogL: -1210.728 / Time: 0h:0m:0s (0h:0m:0s left)
Iteration 110 / LogL: -1206.964 / Time: 0h:0m:0s (0h:0m:0s left)
Iteration 120 / LogL: -1206.963 / Time: 0h:0m:1s (0h:0m:0s left)
Iteration 130 / LogL: -1206.961 / Time: 0h:0m:1s (0h:0m:0s left)
Iteration 140 / LogL: -1206.961 / Time: 0h:0m:1s (0h:0m:0s left)
Iteration 150 / LogL: -1206.962 / Time: 0h:0m:1s (0h:0m:0s left)
Iteration 160 / LogL: -1208.184 / Time: 0h:0m:1s (0h:0m:0s left)
Iteration 170 / LogL: -1206.960 / Time: 0h:0m:1s (0h:0m:0s left)
Iteration 180 / LogL: -1211.347 / Time: 0h:0m:1s (0h:0m:0s left)
BETTER TREE FOUND at iteration 185: -1206.958
Iteration 190 / LogL: -1213.170 / Time: 0h:0m:1s (0h:0m:0s left)
Iteration 200 / LogL: -1210.369 / Time: 0h:0m:1s (0h:0m:0s left)
Iteration 210 / LogL: -1206.960 / Time: 0h:0m:1s (0h:0m:0s left)
Iteration 220 / LogL: -1214.095 / Time: 0h:0m:1s (0h:0m:0s left)
Iteration 230 / LogL: -1206.962 / Time: 0h:0m:1s (0h:0m:0s left)
Iteration 240 / LogL: -1206.966 / Time: 0h:0m:1s (0h:0m:0s left)
Iteration 250 / LogL: -1206.965 / Time: 0h:0m:2s (0h:0m:0s left)
Iteration 260 / LogL: -1206.960 / Time: 0h:0m:2s (0h:0m:0s left)
BETTER TREE FOUND at iteration 263: -1206.957
BETTER TREE FOUND at iteration 266: -1206.957
Iteration 270 / LogL: -1212.194 / Time: 0h:0m:2s (0h:0m:0s left)
Iteration 280 / LogL: -1206.962 / Time: 0h:0m:2s (0h:0m:0s left)
Iteration 290 / LogL: -1206.962 / Time: 0h:0m:2s (0h:0m:0s left)
Iteration 300 / LogL: -1206.958 / Time: 0h:0m:2s (0h:0m:0s left)
Iteration 310 / LogL: -1206.958 / Time: 0h:0m:2s (0h:0m:0s left)
Iteration 320 / LogL: -1206.962 / Time: 0h:0m:2s (0h:0m:0s left)
Iteration 330 / LogL: -1206.964 / Time: 0h:0m:2s (0h:0m:0s left)
Iteration 340 / LogL: -1206.960 / Time: 0h:0m:2s (0h:0m:0s left)
Iteration 350 / LogL: -1206.961 / Time: 0h:0m:2s (0h:0m:0s left)
Iteration 360 / LogL: -1207.196 / Time: 0h:0m:2s (0h:0m:0s left)
TREE SEARCH COMPLETED AFTER 367 ITERATIONS / Time: 0h:0m:2s

--------------------------------------------------------------------
|                    FINALIZING TREE SEARCH                        |
--------------------------------------------------------------------
Performs final model parameters optimization
Estimate model parameters (epsilon = 0.010)
1. Initial log-likelihood: -1206.957
Optimal log-likelihood: -1206.957
Rate parameters:  A-C: 4.44025  A-G: 18.43621  A-T: 4.02056  C-G: 8.56654  C-T: 21.31144  G-T: 1.00000
Base frequencies:  A: 0.306  C: 0.216  G: 0.240  T: 0.239
Gamma shape alpha: 0.020
Parameters optimization took 1 rounds (0.003 sec)
BEST SCORE FOUND : -1206.957
Total tree length: 0.120

Total number of iterations: 367
CPU time used for tree search: 3.078 sec (0h:0m:3s)
Wall-clock time used for tree search: 2.901 sec (0h:0m:2s)
Total CPU time used: 3.114 sec (0h:0m:3s)
Total wall-clock time used: 2.934 sec (0h:0m:2s)

Analysis results written to: 
  IQ-TREE report:                /workspace/IQTree_JarvD5a_Results/exon_8274.iqtree
  Maximum-likelihood tree:       /workspace/IQTree_JarvD5a_Results/exon_8274.treefile
  Likelihood distances:          /workspace/IQTree_JarvD5a_Results/exon_8274.mldist
  Screen log file:               /workspace/IQTree_JarvD5a_Results/exon_8274.log

Date and Time: Thu May 28 07:44:11 2026
