IQ-TREE version 3.1.2 for Linux x86 64-bit built May  7 2026
Developed by Bui Quang Minh, Thomas Wong, Nhan Ly-Trong, Huaiyan Ren
Contributed by Lam-Tung Nguyen, Dominik Schrempf, Chris Bielow,
Olga Chernomor, Michael Woodhams, Diep Thi Hoang, Heiko Schmidt

Host:    8084c4e79f09 (AVX512, FMA3, 1133 GB RAM)
Command: /workspace/iqtree-3.1.2-Linux/bin/iqtree3_intel -s /workspace/NeuralNJ/empirical/JarvD5a/exon_10539.fasta -st DNA -m GTR+G -seed 2201 -pre /workspace/IQTree_JarvD5a_Results/exon_10539 -quiet
Seed:    2201 (Using SPRNG - Scalable Parallel Random Number Generator)
Time:    Wed May 27 10:35:28 2026
Kernel:  AVX+FMA - 1 threads (384 CPU cores detected)

HINT: Use -nt option to specify number of threads because your CPU has 384 cores!
HINT: -nt AUTO will automatically determine the best number of threads to use.

Reading alignment file /workspace/NeuralNJ/empirical/JarvD5a/exon_10539.fasta ... Fasta format detected
Reading fasta file: done in 0.000444889 secs using 21.35% CPU
Alignment most likely contains DNA/RNA sequences
Constructing alignment: done in 0.00117588 secs using 99.93% CPU
Alignment has 47 sequences with 1004 columns, 277 distinct patterns
165 parsimony-informative, 108 singleton sites, 731 constant sites
       Gap/Ambiguity  Composition  p-value
Analyzing sequences: done in 2.28882e-05 secs using 100.5% CPU
   1  ACACH    0.60%    passed     94.75%
   2  ANAPL    0.60%    passed     99.74%
   3  APAVI    0.40%    passed     98.70%
   4  APTFO    0.40%    passed     99.60%
   5  BALRE    4.98%    passed     98.33%
   6  BUCRH    0.60%    passed     92.34%
   7  CALAN    7.37%    passed     96.35%
   8  CAPCA    0.40%    passed     98.11%
   9  CARCR    0.40%    passed     94.82%
  10  CATAU    0.40%    passed     99.25%
  11  CHAPE    0.40%    passed     99.90%
  12  CHAVO    0.60%    passed     99.60%
  13  CHLUN    0.40%    passed     95.49%
  14  COLLI    0.60%    passed     99.72%
  15  COLST    0.60%    passed     99.97%
  16  CORBR    0.40%    passed     98.69%
  17  CUCCA    0.60%    passed     97.37%
  18  EGRGA    0.40%    passed     99.26%
  19  EURHE    0.40%    passed     98.10%
  20  FALPE    0.60%    passed     99.58%
  21  FULGL    0.40%    passed     99.73%
  22  GALGA    0.60%    passed     96.68%
  23  GAVST    0.40%    passed     99.93%
  24  GEOFO    0.40%    passed     89.30%
  25  HALAL    0.40%    passed     99.60%
  26  HALLE    0.40%    passed     99.85%
  27  LEPDI    1.00%    passed     98.71%
  28  MANVI    0.40%    passed     99.27%
  29  MELGA    0.60%    passed     95.59%
  30  MELUN    0.60%    passed     99.58%
  31  MERNU    0.40%    passed     95.90%
  32  MESUN    0.40%    passed     97.52%
  33  NESNO    0.40%    passed     99.03%
  34  NIPNI    0.40%    passed     99.28%
  35  OPHHO    0.40%    passed     99.77%
  36  PELCR    0.00%    passed     99.85%
  37  PHACA    0.40%    passed     94.13%
  38  PHALE    0.40%    passed     99.23%
  39  PHORU    0.40%    passed     95.25%
  40  PICPU    1.39%    passed     95.47%
  41  PODCR    0.40%    passed     99.23%
  42  PTEGU    0.40%    passed     98.74%
  43  PYGAD    0.40%    passed     99.25%
  44  STRCA    1.20%    passed     96.68%
  45  TAEGU    0.40%    passed     93.59%
  46  TAUER    0.40%    passed     99.09%
  47  TINMA    0.40%    passed     99.72%
****  TOTAL    0.73%  0 sequences failed composition chi2 test (p-value<5%; df=3)
Checking for duplicate sequences: done in 0.000112057 secs using 99.95% CPU

Create initial parsimony tree by phylogenetic likelihood library (PLL)... 0.002 seconds

NOTE: 1 MB RAM (0 GB) is required!
Estimate model parameters (epsilon = 0.100)
1. Initial log-likelihood: -5782.172
2. Current log-likelihood: -5423.021
3. Current log-likelihood: -5417.919
Optimal log-likelihood: -5417.833
Rate parameters:  A-C: 2.00172  A-G: 6.12356  A-T: 0.50703  C-G: 2.60645  C-T: 4.57755  G-T: 1.00000
Base frequencies:  A: 0.255  C: 0.199  G: 0.247  T: 0.299
Gamma shape alpha: 0.201
Parameters optimization took 3 rounds (0.090 sec)
Wrote distance file to... 
Computing ML distances based on estimated model parameters...
Calculating distance matrix: done in 0.00588298 secs using 100% CPU
Computing ML distances took 0.006015 sec (of wall-clock time) 0.006015 sec (of CPU time)
Setting up auxiliary I and S matrices: done in 0.000251055 secs using 99.98% CPU
Constructing RapidNJ tree: done in 0.000513077 secs using 260.8% CPU
Computing RapidNJ tree took 0.000850 sec (of wall-clock time) 0.001694 sec (of CPU time)
Log-likelihood of RapidNJ tree: -5430.793
--------------------------------------------------------------------
|             INITIALIZING CANDIDATE TREE SET                      |
--------------------------------------------------------------------
Generating 98 parsimony trees... 0.158 second
Computing log-likelihood of 98 initial trees ... 0.170 seconds
Current best score: -5403.192

Do NNI search on 20 best initial trees
Estimate model parameters (epsilon = 0.100)
BETTER TREE FOUND at iteration 1: -5391.865
Iteration 10 / LogL: -5405.726 / Time: 0h:0m:0s
Iteration 20 / LogL: -5397.780 / Time: 0h:0m:1s
Finish initializing candidate tree set (20)
Current best tree score: -5391.865 / CPU time: 0.923
Number of iterations: 20
--------------------------------------------------------------------
|               OPTIMIZING CANDIDATE TREE SET                      |
--------------------------------------------------------------------
Estimate model parameters (epsilon = 0.100)
BETTER TREE FOUND at iteration 25: -5391.249
Estimate model parameters (epsilon = 0.100)
BETTER TREE FOUND at iteration 26: -5390.705
Iteration 30 / LogL: -5433.023 / Time: 0h:0m:1s (0h:0m:4s left)
Iteration 40 / LogL: -5391.951 / Time: 0h:0m:1s (0h:0m:4s left)
Estimate model parameters (epsilon = 0.100)
BETTER TREE FOUND at iteration 47: -5389.346
Iteration 50 / LogL: -5389.839 / Time: 0h:0m:2s (0h:0m:4s left)
Estimate model parameters (epsilon = 0.100)
BETTER TREE FOUND at iteration 56: -5389.244
Estimate model parameters (epsilon = 0.100)
BETTER TREE FOUND at iteration 59: -5388.956
Iteration 60 / LogL: -5396.332 / Time: 0h:0m:2s (0h:0m:4s left)
Iteration 70 / LogL: -5391.975 / Time: 0h:0m:3s (0h:0m:3s left)
Iteration 80 / LogL: -5392.803 / Time: 0h:0m:3s (0h:0m:3s left)
Iteration 90 / LogL: -5389.741 / Time: 0h:0m:3s (0h:0m:3s left)
Iteration 100 / LogL: -5392.105 / Time: 0h:0m:4s (0h:0m:2s left)
Iteration 110 / LogL: -5388.956 / Time: 0h:0m:4s (0h:0m:2s left)
BETTER TREE FOUND at iteration 111: -5388.956
BETTER TREE FOUND at iteration 114: -5388.956
BETTER TREE FOUND at iteration 118: -5388.955
Iteration 120 / LogL: -5395.057 / Time: 0h:0m:5s (0h:0m:4s left)
BETTER TREE FOUND at iteration 121: -5388.955
Iteration 130 / LogL: -5388.958 / Time: 0h:0m:5s (0h:0m:3s left)
BETTER TREE FOUND at iteration 137: -5388.955
Iteration 140 / LogL: -5388.956 / Time: 0h:0m:5s (0h:0m:4s left)
UPDATE BEST LOG-LIKELIHOOD: -5388.955
Iteration 150 / LogL: -5388.956 / Time: 0h:0m:6s (0h:0m:3s left)
Iteration 160 / LogL: -5393.110 / Time: 0h:0m:6s (0h:0m:3s left)
Iteration 170 / LogL: -5390.104 / Time: 0h:0m:7s (0h:0m:2s left)
Estimate model parameters (epsilon = 0.100)
BETTER TREE FOUND at iteration 174: -5385.819
Iteration 180 / LogL: -5389.986 / Time: 0h:0m:7s (0h:0m:3s left)
Estimate model parameters (epsilon = 0.100)
BETTER TREE FOUND at iteration 181: -5385.138
BETTER TREE FOUND at iteration 183: -5385.138
Iteration 190 / LogL: -5396.640 / Time: 0h:0m:7s (0h:0m:3s left)
Iteration 200 / LogL: -5385.140 / Time: 0h:0m:8s (0h:0m:3s left)
Iteration 210 / LogL: -5386.794 / Time: 0h:0m:8s (0h:0m:3s left)
UPDATE BEST LOG-LIKELIHOOD: -5385.137
Iteration 220 / LogL: -5386.012 / Time: 0h:0m:8s (0h:0m:2s left)
BETTER TREE FOUND at iteration 230: -5385.137
Iteration 230 / LogL: -5385.137 / Time: 0h:0m:9s (0h:0m:4s left)
Iteration 240 / LogL: -5393.139 / Time: 0h:0m:9s (0h:0m:3s left)
BETTER TREE FOUND at iteration 247: -5385.137
Iteration 250 / LogL: -5385.139 / Time: 0h:0m:10s (0h:0m:3s left)
Iteration 260 / LogL: -5385.139 / Time: 0h:0m:10s (0h:0m:3s left)
Iteration 270 / LogL: -5387.090 / Time: 0h:0m:10s (0h:0m:3s left)
Iteration 280 / LogL: -5385.138 / Time: 0h:0m:11s (0h:0m:2s left)
Iteration 290 / LogL: -5386.955 / Time: 0h:0m:11s (0h:0m:2s left)
BETTER TREE FOUND at iteration 292: -5385.137
Iteration 300 / LogL: -5410.724 / Time: 0h:0m:11s (0h:0m:3s left)
Iteration 310 / LogL: -5386.795 / Time: 0h:0m:12s (0h:0m:3s left)
Iteration 320 / LogL: -5385.138 / Time: 0h:0m:12s (0h:0m:2s left)
Iteration 330 / LogL: -5385.139 / Time: 0h:0m:13s (0h:0m:2s left)
Iteration 340 / LogL: -5386.014 / Time: 0h:0m:13s (0h:0m:2s left)
Iteration 350 / LogL: -5385.141 / Time: 0h:0m:13s (0h:0m:1s left)
Iteration 360 / LogL: -5385.137 / Time: 0h:0m:14s (0h:0m:1s left)
UPDATE BEST LOG-LIKELIHOOD: -5385.136
Iteration 370 / LogL: -5385.137 / Time: 0h:0m:14s (0h:0m:0s left)
Iteration 380 / LogL: -5385.137 / Time: 0h:0m:14s (0h:0m:0s left)
Iteration 390 / LogL: -5385.560 / Time: 0h:0m:15s (0h:0m:0s left)
BETTER TREE FOUND at iteration 393: -5385.136
Iteration 400 / LogL: -5385.560 / Time: 0h:0m:15s (0h:0m:3s left)
Iteration 410 / LogL: -5389.703 / Time: 0h:0m:15s (0h:0m:3s left)
Iteration 420 / LogL: -5385.137 / Time: 0h:0m:16s (0h:0m:2s left)
BETTER TREE FOUND at iteration 423: -5385.136
Iteration 430 / LogL: -5386.956 / Time: 0h:0m:16s (0h:0m:3s left)
Iteration 440 / LogL: -5385.561 / Time: 0h:0m:17s (0h:0m:3s left)
Iteration 450 / LogL: -5419.285 / Time: 0h:0m:17s (0h:0m:2s left)
Iteration 460 / LogL: -5385.137 / Time: 0h:0m:17s (0h:0m:2s left)
Iteration 470 / LogL: -5389.320 / Time: 0h:0m:18s (0h:0m:2s left)
Iteration 480 / LogL: -5385.138 / Time: 0h:0m:18s (0h:0m:1s left)
Iteration 490 / LogL: -5386.729 / Time: 0h:0m:18s (0h:0m:1s left)
Iteration 500 / LogL: -5385.137 / Time: 0h:0m:19s (0h:0m:0s left)
Iteration 510 / LogL: -5385.137 / Time: 0h:0m:19s (0h:0m:0s left)
Iteration 520 / LogL: -5386.011 / Time: 0h:0m:20s (0h:0m:0s left)
TREE SEARCH COMPLETED AFTER 524 ITERATIONS / Time: 0h:0m:20s

--------------------------------------------------------------------
|                    FINALIZING TREE SEARCH                        |
--------------------------------------------------------------------
Performs final model parameters optimization
Estimate model parameters (epsilon = 0.010)
1. Initial log-likelihood: -5385.136
Optimal log-likelihood: -5385.136
Rate parameters:  A-C: 2.07228  A-G: 6.57518  A-T: 0.51900  C-G: 3.02831  C-T: 5.22961  G-T: 1.00000
Base frequencies:  A: 0.255  C: 0.199  G: 0.247  T: 0.299
Gamma shape alpha: 0.200
Parameters optimization took 1 rounds (0.007 sec)
BEST SCORE FOUND : -5385.136
Total tree length: 1.029

Total number of iterations: 524
CPU time used for tree search: 20.210 sec (0h:0m:20s)
Wall-clock time used for tree search: 20.054 sec (0h:0m:20s)
Total CPU time used: 20.341 sec (0h:0m:20s)
Total wall-clock time used: 20.175 sec (0h:0m:20s)

Analysis results written to: 
  IQ-TREE report:                /workspace/IQTree_JarvD5a_Results/exon_10539.iqtree
  Maximum-likelihood tree:       /workspace/IQTree_JarvD5a_Results/exon_10539.treefile
  Likelihood distances:          /workspace/IQTree_JarvD5a_Results/exon_10539.mldist
  Screen log file:               /workspace/IQTree_JarvD5a_Results/exon_10539.log

Date and Time: Wed May 27 10:35:49 2026
