IQ-TREE version 3.1.2 for Linux x86 64-bit built May  7 2026
Developed by Bui Quang Minh, Thomas Wong, Nhan Ly-Trong, Huaiyan Ren
Contributed by Lam-Tung Nguyen, Dominik Schrempf, Chris Bielow,
Olga Chernomor, Michael Woodhams, Diep Thi Hoang, Heiko Schmidt

Host:    8084c4e79f09 (AVX512, FMA3, 1133 GB RAM)
Command: /workspace/iqtree-3.1.2-Linux/bin/iqtree3_intel -s /workspace/NeuralNJ/empirical/JarvD5a/exon_10280.fasta -st DNA -m GTR+G -seed 2201 -pre /workspace/IQTree_JarvD5a_Results/exon_10280 -quiet
Seed:    2201 (Using SPRNG - Scalable Parallel Random Number Generator)
Time:    Wed May 27 09:54:02 2026
Kernel:  AVX+FMA - 1 threads (384 CPU cores detected)

HINT: Use -nt option to specify number of threads because your CPU has 384 cores!
HINT: -nt AUTO will automatically determine the best number of threads to use.

Reading alignment file /workspace/NeuralNJ/empirical/JarvD5a/exon_10280.fasta ... Fasta format detected
Reading fasta file: done in 0.000108004 secs using 14.81% CPU
Alignment most likely contains DNA/RNA sequences
Constructing alignment: done in 0.000281096 secs using 15.65% CPU
Alignment has 42 sequences with 196 columns, 150 distinct patterns
77 parsimony-informative, 55 singleton sites, 63 constant sites
       Gap/Ambiguity  Composition  p-value
Analyzing sequences: done in 1.09673e-05 secs using 18.24% CPU
   1  ACACH   10.20%    passed     96.23%
   2  APAVI   10.20%    passed     98.62%
   3  APTFO   10.20%    passed     81.45%
   4  BALRE   11.22%    passed     89.81%
   5  BUCRH   10.20%    passed     29.21%
   6  CAPCA   10.20%    passed     99.36%
   7  CARCR   10.20%    passed     95.94%
   8  CATAU   10.20%    passed     98.98%
   9  CHAPE   10.20%    passed     71.87%
  10  CHAVO   10.20%    passed     96.17%
  11  CHLUN   12.24%    passed     85.36%
  12  COLST   11.22%    passed     63.71%
  13  CORBR   10.20%    passed     99.46%
  14  EGRGA   10.20%    passed     97.17%
  15  EURHE    8.16%    passed     99.76%
  16  FALPE   10.20%    passed     99.27%
  17  FULGL   10.20%    passed     99.60%
  18  GALGA   11.22%    passed     25.72%
  19  GAVST   10.20%    passed     94.10%
  20  GEOFO   10.20%    passed     96.93%
  21  HALAL   10.20%    passed     98.58%
  22  HALLE   10.20%    passed     99.39%
  23  LEPDI   10.20%    passed     98.34%
  24  MANVI   10.20%    passed     85.77%
  25  MELGA   11.22%    passed     61.43%
  26  MERNU   10.20%    passed     69.08%
  27  MESUN   10.20%    passed     97.99%
  28  NESNO   53.06%    passed     40.48%
  29  NIPNI   10.20%    passed     98.20%
  30  OPHHO   10.20%    passed     99.57%
  31  PELCR   10.20%    passed     99.98%
  32  PHACA   10.20%    passed     75.79%
  33  PHALE    5.10%    passed     99.42%
  34  PHORU   10.20%    passed     96.17%
  35  PICPU   10.20%    passed     97.04%
  36  PODCR   10.20%    passed     99.39%
  37  PTEGU   11.22%    passed     92.72%
  38  PYGAD   10.20%    passed     91.85%
  39  STRCA    7.14%    passed     78.11%
  40  TAEGU   10.20%    passed     93.15%
  41  TAUER   10.20%    passed     91.81%
  42  TYTAL   10.20%    passed     72.44%
WARNING: 1 sequences contain more than 50% gaps/ambiguity
****  TOTAL   11.15%  0 sequences failed composition chi2 test (p-value<5%; df=3)
Checking for duplicate sequences: done in 0.000101089 secs using 69.25% CPU

Create initial parsimony tree by phylogenetic likelihood library (PLL)... 0.001 seconds

NOTE: 0 MB RAM (0 GB) is required!
Estimate model parameters (epsilon = 0.100)
1. Initial log-likelihood: -2048.740
2. Current log-likelihood: -1972.657
3. Current log-likelihood: -1971.714
Optimal log-likelihood: -1971.708
Rate parameters:  A-C: 1.15890  A-G: 3.65891  A-T: 1.63373  C-G: 1.46927  C-T: 5.88233  G-T: 1.00000
Base frequencies:  A: 0.243  C: 0.284  G: 0.316  T: 0.158
Gamma shape alpha: 1.686
Parameters optimization took 3 rounds (0.044 sec)
Wrote distance file to... 
Computing ML distances based on estimated model parameters...
Calculating distance matrix: done in 0.00327516 secs using 99.96% CPU
Computing ML distances took 0.003347 sec (of wall-clock time) 0.003344 sec (of CPU time)
Setting up auxiliary I and S matrices: done in 0.000196934 secs using 177.7% CPU
Constructing RapidNJ tree: done in 0.000329018 secs using 225.2% CPU
Computing RapidNJ tree took 0.000596 sec (of wall-clock time) 0.001160 sec (of CPU time)
Log-likelihood of RapidNJ tree: -1994.018
--------------------------------------------------------------------
|             INITIALIZING CANDIDATE TREE SET                      |
--------------------------------------------------------------------
Generating 98 parsimony trees... 0.096 second
Computing log-likelihood of 98 initial trees ... 0.101 seconds
Current best score: -1968.003

Do NNI search on 20 best initial trees
Estimate model parameters (epsilon = 0.100)
BETTER TREE FOUND at iteration 1: -1963.300
Iteration 10 / LogL: -1971.378 / Time: 0h:0m:0s
Iteration 20 / LogL: -1972.174 / Time: 0h:0m:0s
Finish initializing candidate tree set (20)
Current best tree score: -1963.300 / CPU time: 0.483
Number of iterations: 20
--------------------------------------------------------------------
|               OPTIMIZING CANDIDATE TREE SET                      |
--------------------------------------------------------------------
Estimate model parameters (epsilon = 0.100)
BETTER TREE FOUND at iteration 27: -1961.941
Iteration 30 / LogL: -1963.669 / Time: 0h:0m:0s (0h:0m:2s left)
BETTER TREE FOUND at iteration 36: -1961.940
Iteration 40 / LogL: -1961.942 / Time: 0h:0m:0s (0h:0m:2s left)
BETTER TREE FOUND at iteration 45: -1961.940
Iteration 50 / LogL: -1964.749 / Time: 0h:0m:1s (0h:0m:2s left)
Iteration 60 / LogL: -1961.941 / Time: 0h:0m:1s (0h:0m:1s left)
Iteration 70 / LogL: -1961.941 / Time: 0h:0m:1s (0h:0m:1s left)
Iteration 80 / LogL: -1961.940 / Time: 0h:0m:1s (0h:0m:1s left)
Iteration 90 / LogL: -1963.953 / Time: 0h:0m:1s (0h:0m:1s left)
Iteration 100 / LogL: -1962.279 / Time: 0h:0m:2s (0h:0m:0s left)
BETTER TREE FOUND at iteration 106: -1961.940
Iteration 110 / LogL: -1961.941 / Time: 0h:0m:2s (0h:0m:1s left)
Iteration 120 / LogL: -1961.941 / Time: 0h:0m:2s (0h:0m:1s left)
Iteration 130 / LogL: -1962.597 / Time: 0h:0m:2s (0h:0m:1s left)
Iteration 140 / LogL: -1962.137 / Time: 0h:0m:2s (0h:0m:1s left)
Iteration 150 / LogL: -1961.940 / Time: 0h:0m:2s (0h:0m:1s left)
Iteration 160 / LogL: -1961.941 / Time: 0h:0m:3s (0h:0m:0s left)
Iteration 170 / LogL: -1961.940 / Time: 0h:0m:3s (0h:0m:0s left)
Iteration 180 / LogL: -1961.940 / Time: 0h:0m:3s (0h:0m:0s left)
Iteration 190 / LogL: -1962.279 / Time: 0h:0m:3s (0h:0m:0s left)
Iteration 200 / LogL: -1962.992 / Time: 0h:0m:3s (0h:0m:0s left)
TREE SEARCH COMPLETED AFTER 207 ITERATIONS / Time: 0h:0m:4s

--------------------------------------------------------------------
|                    FINALIZING TREE SEARCH                        |
--------------------------------------------------------------------
Performs final model parameters optimization
Estimate model parameters (epsilon = 0.010)
1. Initial log-likelihood: -1961.940
Optimal log-likelihood: -1961.940
Rate parameters:  A-C: 1.13287  A-G: 3.29538  A-T: 1.61528  C-G: 1.33860  C-T: 5.62190  G-T: 1.00000
Base frequencies:  A: 0.243  C: 0.284  G: 0.316  T: 0.158
Gamma shape alpha: 1.750
Parameters optimization took 1 rounds (0.004 sec)
BEST SCORE FOUND : -1961.940
Total tree length: 2.165

Total number of iterations: 207
CPU time used for tree search: 4.150 sec (0h:0m:4s)
Wall-clock time used for tree search: 3.966 sec (0h:0m:3s)
Total CPU time used: 4.221 sec (0h:0m:4s)
Total wall-clock time used: 4.032 sec (0h:0m:4s)

Analysis results written to: 
  IQ-TREE report:                /workspace/IQTree_JarvD5a_Results/exon_10280.iqtree
  Maximum-likelihood tree:       /workspace/IQTree_JarvD5a_Results/exon_10280.treefile
  Likelihood distances:          /workspace/IQTree_JarvD5a_Results/exon_10280.mldist
  Screen log file:               /workspace/IQTree_JarvD5a_Results/exon_10280.log

Date and Time: Wed May 27 09:54:06 2026
