IQ-TREE version 3.1.2 for Linux x86 64-bit built May  7 2026
Developed by Bui Quang Minh, Thomas Wong, Nhan Ly-Trong, Huaiyan Ren
Contributed by Lam-Tung Nguyen, Dominik Schrempf, Chris Bielow,
Olga Chernomor, Michael Woodhams, Diep Thi Hoang, Heiko Schmidt

Host:    8084c4e79f09 (AVX512, FMA3, 1133 GB RAM)
Command: /workspace/iqtree-3.1.2-Linux/bin/iqtree3_intel -s /workspace/NeuralNJ/empirical/JarvD5a/exon_11077.fasta -st DNA -m GTR+G -seed 2201 -pre /workspace/IQTree_JarvD5a_Results/exon_11077 -quiet
Seed:    2201 (Using SPRNG - Scalable Parallel Random Number Generator)
Time:    Wed May 27 12:00:47 2026
Kernel:  AVX+FMA - 1 threads (384 CPU cores detected)

HINT: Use -nt option to specify number of threads because your CPU has 384 cores!
HINT: -nt AUTO will automatically determine the best number of threads to use.

Reading alignment file /workspace/NeuralNJ/empirical/JarvD5a/exon_11077.fasta ... Fasta format detected
Reading fasta file: done in 0.00051403 secs using 20.04% CPU
Alignment most likely contains DNA/RNA sequences
Constructing alignment: done in 0.00112009 secs using 63.92% CPU
Alignment has 47 sequences with 800 columns, 94 distinct patterns
36 parsimony-informative, 30 singleton sites, 734 constant sites
       Gap/Ambiguity  Composition  p-value
Analyzing sequences: done in 1.19209e-05 secs
   1  ACACH    8.00%    passed     99.79%
   2  ANAPL    1.00%    passed     99.52%
   3  APAVI    1.00%    passed     99.91%
   4  APTFO    7.25%    passed     99.93%
   5  BALRE    6.75%    passed     99.91%
   6  BUCRH    1.00%    passed     99.78%
   7  CALAN    8.00%    passed     99.55%
   8  CAPCA    7.25%    passed     99.32%
   9  CARCR    1.00%    passed     99.09%
  10  CATAU    5.50%    passed     97.54%
  11  CHAPE    3.50%    passed     99.75%
  12  CHAVO    5.50%    passed     97.63%
  13  COLLI    0.25%    passed     93.51%
  14  COLST    1.00%    passed     99.73%
  15  CORBR    1.00%    passed     99.88%
  16  CUCCA    1.00%    passed     99.97%
  17  EGRGA    6.00%    passed     98.96%
  18  EURHE    5.50%    passed     99.87%
  19  FALPE    7.25%    passed     99.93%
  20  FULGL   23.75%    passed     97.28%
  21  GALGA    1.00%    passed     99.70%
  22  GAVST    7.25%    passed     99.88%
  23  GEOFO    1.00%    passed     98.98%
  24  HALAL    7.25%    passed     99.93%
  25  HALLE    7.25%    passed     99.93%
  26  LEPDI    7.25%    passed     99.93%
  27  MANVI    8.00%    passed     99.64%
  28  MELGA    1.00%    passed     99.27%
  29  MELUN    1.00%    passed     99.28%
  30  MERNU    7.25%    passed     96.07%
  31  MESUN    1.00%    passed     99.91%
  32  NESNO    1.00%    passed     98.62%
  33  NIPNI    1.00%    passed     99.92%
  34  OPHHO    7.25%    passed     99.93%
  35  PELCR   23.75%    passed     98.23%
  36  PHACA    7.25%    passed     99.93%
  37  PHALE   23.75%    passed     98.27%
  38  PHORU    5.50%    passed     98.72%
  39  PICPU    1.00%    passed     99.97%
  40  PODCR    7.00%    passed     99.97%
  41  PTEGU    1.00%    passed     99.34%
  42  PYGAD    7.25%    passed     99.93%
  43  STRCA    7.25%    passed     99.93%
  44  TAEGU    1.00%    passed     98.66%
  45  TAUER    7.25%    passed     99.54%
  46  TINMA    8.25%    passed     91.69%
  47  TYTAL    7.25%    passed     99.93%
****  TOTAL    5.69%  0 sequences failed composition chi2 test (p-value<5%; df=3)
NOTE: OPHHO is identical to APTFO but kept for subsequent analysis
NOTE: HALAL is identical to FALPE but kept for subsequent analysis
Checking for duplicate sequences: done in 0.000123978 secs
Identifying sites to remove: done in 0.00026083 secs using 72.46% CPU
NOTE: 5 identical sequences (see below) will be ignored for subsequent analysis
NOTE: PHACA (identical to APTFO) is ignored but added at the end
NOTE: PYGAD (identical to APTFO) is ignored but added at the end
NOTE: HALLE (identical to FALPE) is ignored but added at the end
NOTE: LEPDI (identical to FALPE) is ignored but added at the end
NOTE: TYTAL (identical to FALPE) is ignored but added at the end
Alignment was printed to /workspace/IQTree_JarvD5a_Results/exon_11077.uniqueseq.phy

For your convenience alignment with unique sequences printed to /workspace/IQTree_JarvD5a_Results/exon_11077.uniqueseq.phy

Create initial parsimony tree by phylogenetic likelihood library (PLL)... 0.001 seconds

NOTE: 0 MB RAM (0 GB) is required!
Estimate model parameters (epsilon = 0.100)
1. Initial log-likelihood: -1953.038
2. Current log-likelihood: -1876.297
3. Current log-likelihood: -1874.820
Optimal log-likelihood: -1874.813
Rate parameters:  A-C: 0.46250  A-G: 1.47741  A-T: 0.29606  C-G: 0.98505  C-T: 3.78766  G-T: 1.00000
Base frequencies:  A: 0.358  C: 0.226  G: 0.245  T: 0.171
Gamma shape alpha: 0.020
Parameters optimization took 3 rounds (0.033 sec)
Wrote distance file to... 
Computing ML distances based on estimated model parameters...
Calculating distance matrix: done in 0.00837994 secs using 100% CPU
Computing ML distances took 0.008428 sec (of wall-clock time) 0.008430 sec (of CPU time)
Setting up auxiliary I and S matrices: done in 0.00018096 secs using 77.37% CPU
Constructing RapidNJ tree: done in 0.00030899 secs using 77.67% CPU
Computing RapidNJ tree took 0.000566 sec (of wall-clock time) 0.000437 sec (of CPU time)
Log-likelihood of RapidNJ tree: -1911.041
--------------------------------------------------------------------
|             INITIALIZING CANDIDATE TREE SET                      |
--------------------------------------------------------------------
Generating 98 parsimony trees... 0.069 second
Computing log-likelihood of 98 initial trees ... 0.070 seconds
Current best score: -1861.028

Do NNI search on 20 best initial trees
Estimate model parameters (epsilon = 0.100)
BETTER TREE FOUND at iteration 1: -1858.035
Estimate model parameters (epsilon = 0.100)
BETTER TREE FOUND at iteration 2: -1856.632
Estimate model parameters (epsilon = 0.100)
BETTER TREE FOUND at iteration 3: -1854.740
Iteration 10 / LogL: -1860.694 / Time: 0h:0m:0s
Iteration 20 / LogL: -1869.054 / Time: 0h:0m:0s
Finish initializing candidate tree set (20)
Current best tree score: -1854.740 / CPU time: 0.601
Number of iterations: 20
--------------------------------------------------------------------
|               OPTIMIZING CANDIDATE TREE SET                      |
--------------------------------------------------------------------
Estimate model parameters (epsilon = 0.100)
BETTER TREE FOUND at iteration 24: -1854.216
Iteration 30 / LogL: -1864.019 / Time: 0h:0m:0s (0h:0m:2s left)
Estimate model parameters (epsilon = 0.100)
BETTER TREE FOUND at iteration 33: -1854.200
Iteration 40 / LogL: -1858.714 / Time: 0h:0m:1s (0h:0m:2s left)
Iteration 50 / LogL: -1855.571 / Time: 0h:0m:1s (0h:0m:2s left)
BETTER TREE FOUND at iteration 59: -1854.198
Iteration 60 / LogL: -1854.206 / Time: 0h:0m:1s (0h:0m:2s left)
Estimate model parameters (epsilon = 0.100)
BETTER TREE FOUND at iteration 65: -1853.929
Iteration 70 / LogL: -1854.202 / Time: 0h:0m:1s (0h:0m:2s left)
BETTER TREE FOUND at iteration 78: -1853.929
Iteration 80 / LogL: -1855.568 / Time: 0h:0m:1s (0h:0m:2s left)
Estimate model parameters (epsilon = 0.100)
BETTER TREE FOUND at iteration 84: -1853.915
Iteration 90 / LogL: -1858.626 / Time: 0h:0m:1s (0h:0m:1s left)
BETTER TREE FOUND at iteration 100: -1853.912
Iteration 100 / LogL: -1853.912 / Time: 0h:0m:2s (0h:0m:2s left)
BETTER TREE FOUND at iteration 110: -1853.911
Iteration 110 / LogL: -1853.911 / Time: 0h:0m:2s (0h:0m:1s left)
BETTER TREE FOUND at iteration 117: -1853.907
Iteration 120 / LogL: -1853.915 / Time: 0h:0m:2s (0h:0m:1s left)
Iteration 130 / LogL: -1855.490 / Time: 0h:0m:2s (0h:0m:1s left)
Iteration 140 / LogL: -1855.471 / Time: 0h:0m:2s (0h:0m:1s left)
Iteration 150 / LogL: -1855.250 / Time: 0h:0m:2s (0h:0m:1s left)
Iteration 160 / LogL: -1853.912 / Time: 0h:0m:2s (0h:0m:1s left)
Iteration 170 / LogL: -1854.779 / Time: 0h:0m:3s (0h:0m:0s left)
Iteration 180 / LogL: -1853.917 / Time: 0h:0m:3s (0h:0m:0s left)
Iteration 190 / LogL: -1854.493 / Time: 0h:0m:3s (0h:0m:0s left)
Iteration 200 / LogL: -1856.711 / Time: 0h:0m:3s (0h:0m:0s left)
Iteration 210 / LogL: -1854.202 / Time: 0h:0m:3s (0h:0m:0s left)
TREE SEARCH COMPLETED AFTER 218 ITERATIONS / Time: 0h:0m:3s

--------------------------------------------------------------------
|                    FINALIZING TREE SEARCH                        |
--------------------------------------------------------------------
Performs final model parameters optimization
Estimate model parameters (epsilon = 0.010)
1. Initial log-likelihood: -1853.907
Optimal log-likelihood: -1853.907
Rate parameters:  A-C: 0.57130  A-G: 1.35161  A-T: 0.27945  C-G: 1.03244  C-T: 5.04178  G-T: 1.00000
Base frequencies:  A: 0.358  C: 0.226  G: 0.245  T: 0.171
Gamma shape alpha: 0.020
Parameters optimization took 1 rounds (0.004 sec)
BEST SCORE FOUND : -1853.907
Total tree length: 0.197

Total number of iterations: 218
CPU time used for tree search: 3.752 sec (0h:0m:3s)
Wall-clock time used for tree search: 3.913 sec (0h:0m:3s)
Total CPU time used: 3.815 sec (0h:0m:3s)
Total wall-clock time used: 3.972 sec (0h:0m:3s)

Analysis results written to: 
  IQ-TREE report:                /workspace/IQTree_JarvD5a_Results/exon_11077.iqtree
  Maximum-likelihood tree:       /workspace/IQTree_JarvD5a_Results/exon_11077.treefile
  Likelihood distances:          /workspace/IQTree_JarvD5a_Results/exon_11077.mldist
  Screen log file:               /workspace/IQTree_JarvD5a_Results/exon_11077.log

Date and Time: Wed May 27 12:00:51 2026
