IQ-TREE version 3.1.2 for Linux x86 64-bit built May  7 2026
Developed by Bui Quang Minh, Thomas Wong, Nhan Ly-Trong, Huaiyan Ren
Contributed by Lam-Tung Nguyen, Dominik Schrempf, Chris Bielow,
Olga Chernomor, Michael Woodhams, Diep Thi Hoang, Heiko Schmidt

Host:    8084c4e79f09 (AVX512, FMA3, 1133 GB RAM)
Command: /workspace/iqtree-3.1.2-Linux/bin/iqtree3_intel -s /workspace/NeuralNJ/empirical/JarvD5a/exon_2812.fasta -st DNA -m GTR+G -seed 2201 -pre /workspace/IQTree_JarvD5a_Results/exon_2812 -quiet
Seed:    2201 (Using SPRNG - Scalable Parallel Random Number Generator)
Time:    Wed May 27 23:25:19 2026
Kernel:  AVX+FMA - 1 threads (384 CPU cores detected)

HINT: Use -nt option to specify number of threads because your CPU has 384 cores!
HINT: -nt AUTO will automatically determine the best number of threads to use.

Reading alignment file /workspace/NeuralNJ/empirical/JarvD5a/exon_2812.fasta ... Fasta format detected
Reading fasta file: done in 0.000843048 secs using 37.01% CPU
Alignment most likely contains DNA/RNA sequences
Constructing alignment: done in 0.00206804 secs using 96.95% CPU
Alignment has 45 sequences with 1760 columns, 245 distinct patterns
58 parsimony-informative, 120 singleton sites, 1582 constant sites
       Gap/Ambiguity  Composition  p-value
Analyzing sequences: done in 2.00272e-05 secs using 94.87% CPU
   1  ACACH    4.77%    passed     98.55%
   2  ANAPL    2.39%    passed     99.40%
   3  APAVI   11.14%    passed     93.77%
   4  APTFO    2.73%    passed     99.93%
   5  BALRE    5.23%    passed     98.81%
   6  BUCRH    9.26%    passed     96.71%
   7  CALAN    3.58%    passed     99.00%
   8  CAPCA    2.61%    passed     91.85%
   9  CATAU    5.23%    passed     98.86%
  10  CHAPE    6.31%    passed     99.44%
  11  CHAVO    2.73%    passed     99.85%
  12  CHLUN   19.20%    passed     91.37%
  13  COLLI    2.73%    passed     99.86%
  14  COLST    9.77%    passed     91.59%
  15  CORBR    5.85%    passed     97.63%
  16  CUCCA    3.12%    passed     99.05%
  17  EGRGA    2.73%    passed     99.91%
  18  EURHE    3.98%    passed     98.92%
  19  FALPE    2.73%    passed     99.95%
  20  FULGL    8.75%    passed     98.99%
  21  GALGA    2.73%    passed     99.79%
  22  GAVST   10.40%    passed     95.38%
  23  GEOFO    2.56%    passed     92.20%
  24  HALAL    9.20%    passed     93.31%
  25  HALLE    2.73%    passed     99.98%
  26  LEPDI    2.73%    passed     99.86%
  27  MANVI    3.41%    passed     98.63%
  28  MELGA    2.73%    passed     99.91%
  29  MELUN    2.73%    passed     99.92%
  30  MERNU   28.52%    passed     91.99%
  31  MESUN    3.07%    passed     99.99%
  32  NESNO   14.66%    passed     86.68%
  33  NIPNI    2.73%    passed     99.99%
  34  OPHHO    5.11%    passed     99.60%
  35  PHACA    7.27%    passed     99.01%
  36  PHALE   18.98%    passed     98.03%
  37  PHORU   19.09%    passed     93.87%
  38  PICPU    5.68%    passed     49.50%
  39  PODCR    5.34%    passed     99.95%
  40  PYGAD    3.52%    passed     99.35%
  41  STRCA    2.73%    passed     99.98%
  42  TAEGU    2.78%    passed     98.69%
  43  TAUER   21.31%    passed     97.94%
  44  TINMA    2.73%    passed     99.47%
  45  TYTAL   18.30%    passed     93.64%
****  TOTAL    7.02%  0 sequences failed composition chi2 test (p-value<5%; df=3)
Checking for duplicate sequences: done in 0.000106096 secs using 98.97% CPU

Create initial parsimony tree by phylogenetic likelihood library (PLL)... 0.001 seconds

NOTE: 1 MB RAM (0 GB) is required!
Estimate model parameters (epsilon = 0.100)
1. Initial log-likelihood: -4720.062
2. Current log-likelihood: -4570.487
3. Current log-likelihood: -4565.242
Optimal log-likelihood: -4565.207
Rate parameters:  A-C: 1.31848  A-G: 0.69266  A-T: 0.36392  C-G: 0.71484  C-T: 2.70231  G-T: 1.00000
Base frequencies:  A: 0.307  C: 0.212  G: 0.250  T: 0.232
Gamma shape alpha: 0.020
Parameters optimization took 3 rounds (0.057 sec)
Wrote distance file to... 
Computing ML distances based on estimated model parameters...
Calculating distance matrix: done in 0.00594807 secs using 100% CPU
Computing ML distances took 0.006006 sec (of wall-clock time) 0.006006 sec (of CPU time)
Setting up auxiliary I and S matrices: done in 0.000106096 secs using 282.8% CPU
Constructing RapidNJ tree: done in 0.000307083 secs using 100.3% CPU
Computing RapidNJ tree took 0.000469 sec (of wall-clock time) 0.000661 sec (of CPU time)
Log-likelihood of RapidNJ tree: -4604.248
--------------------------------------------------------------------
|             INITIALIZING CANDIDATE TREE SET                      |
--------------------------------------------------------------------
Generating 98 parsimony trees... 0.113 second
Computing log-likelihood of 98 initial trees ... 0.148 seconds
Current best score: -4533.964

Do NNI search on 20 best initial trees
Estimate model parameters (epsilon = 0.100)
BETTER TREE FOUND at iteration 1: -4531.896
Estimate model parameters (epsilon = 0.100)
BETTER TREE FOUND at iteration 7: -4531.173
Iteration 10 / LogL: -4543.307 / Time: 0h:0m:0s
Iteration 20 / LogL: -4546.613 / Time: 0h:0m:0s
Finish initializing candidate tree set (20)
Current best tree score: -4531.173 / CPU time: 0.804
Number of iterations: 20
--------------------------------------------------------------------
|               OPTIMIZING CANDIDATE TREE SET                      |
--------------------------------------------------------------------
Iteration 30 / LogL: -4533.218 / Time: 0h:0m:1s (0h:0m:3s left)
Iteration 40 / LogL: -4536.139 / Time: 0h:0m:1s (0h:0m:2s left)
Estimate model parameters (epsilon = 0.100)
BETTER TREE FOUND at iteration 43: -4531.118
BETTER TREE FOUND at iteration 46: -4531.118
Iteration 50 / LogL: -4535.968 / Time: 0h:0m:1s (0h:0m:3s left)
Iteration 60 / LogL: -4531.854 / Time: 0h:0m:2s (0h:0m:3s left)
Iteration 70 / LogL: -4540.902 / Time: 0h:0m:2s (0h:0m:2s left)
Iteration 80 / LogL: -4531.123 / Time: 0h:0m:2s (0h:0m:2s left)
Iteration 90 / LogL: -4531.120 / Time: 0h:0m:3s (0h:0m:2s left)
Iteration 100 / LogL: -4531.120 / Time: 0h:0m:3s (0h:0m:1s left)
BETTER TREE FOUND at iteration 101: -4531.117
Iteration 110 / LogL: -4531.564 / Time: 0h:0m:3s (0h:0m:3s left)
Estimate model parameters (epsilon = 0.100)
BETTER TREE FOUND at iteration 116: -4530.757
Iteration 120 / LogL: -4532.796 / Time: 0h:0m:4s (0h:0m:3s left)
Iteration 130 / LogL: -4530.762 / Time: 0h:0m:4s (0h:0m:3s left)
Estimate model parameters (epsilon = 0.100)
BETTER TREE FOUND at iteration 138: -4529.809
Iteration 140 / LogL: -4530.932 / Time: 0h:0m:4s (0h:0m:3s left)
Iteration 150 / LogL: -4530.261 / Time: 0h:0m:5s (0h:0m:3s left)
Iteration 160 / LogL: -4532.879 / Time: 0h:0m:5s (0h:0m:2s left)
Estimate model parameters (epsilon = 0.100)
BETTER TREE FOUND at iteration 165: -4529.712
BETTER TREE FOUND at iteration 167: -4529.711
Iteration 170 / LogL: -4529.830 / Time: 0h:0m:5s (0h:0m:3s left)
Iteration 180 / LogL: -4539.257 / Time: 0h:0m:6s (0h:0m:3s left)
Iteration 190 / LogL: -4534.902 / Time: 0h:0m:6s (0h:0m:2s left)
Iteration 200 / LogL: -4529.832 / Time: 0h:0m:6s (0h:0m:2s left)
Iteration 210 / LogL: -4529.712 / Time: 0h:0m:7s (0h:0m:1s left)
Iteration 220 / LogL: -4529.832 / Time: 0h:0m:7s (0h:0m:1s left)
BETTER TREE FOUND at iteration 224: -4529.711
Iteration 230 / LogL: -4529.711 / Time: 0h:0m:7s (0h:0m:3s left)
BETTER TREE FOUND at iteration 235: -4529.711
UPDATE BEST LOG-LIKELIHOOD: -4529.710
Iteration 240 / LogL: -4529.710 / Time: 0h:0m:8s (0h:0m:3s left)
Iteration 250 / LogL: -4529.711 / Time: 0h:0m:8s (0h:0m:2s left)
BETTER TREE FOUND at iteration 259: -4529.709
Iteration 260 / LogL: -4548.455 / Time: 0h:0m:8s (0h:0m:3s left)
Iteration 270 / LogL: -4531.462 / Time: 0h:0m:9s (0h:0m:3s left)
Iteration 280 / LogL: -4529.711 / Time: 0h:0m:9s (0h:0m:2s left)
Iteration 290 / LogL: -4530.712 / Time: 0h:0m:9s (0h:0m:2s left)
Iteration 300 / LogL: -4536.503 / Time: 0h:0m:9s (0h:0m:1s left)
Estimate model parameters (epsilon = 0.100)
BETTER TREE FOUND at iteration 306: -4528.603
Iteration 310 / LogL: -4529.710 / Time: 0h:0m:10s (0h:0m:3s left)
Iteration 320 / LogL: -4529.838 / Time: 0h:0m:10s (0h:0m:2s left)
Iteration 330 / LogL: -4529.839 / Time: 0h:0m:10s (0h:0m:2s left)
BETTER TREE FOUND at iteration 335: -4528.603
Iteration 340 / LogL: -4539.554 / Time: 0h:0m:11s (0h:0m:3s left)
Iteration 350 / LogL: -4532.838 / Time: 0h:0m:11s (0h:0m:2s left)
BETTER TREE FOUND at iteration 357: -4528.602
Iteration 360 / LogL: -4533.709 / Time: 0h:0m:11s (0h:0m:3s left)
Iteration 370 / LogL: -4528.603 / Time: 0h:0m:12s (0h:0m:2s left)
Iteration 380 / LogL: -4528.732 / Time: 0h:0m:12s (0h:0m:2s left)
Iteration 390 / LogL: -4529.997 / Time: 0h:0m:12s (0h:0m:2s left)
Iteration 400 / LogL: -4529.747 / Time: 0h:0m:13s (0h:0m:1s left)
Iteration 410 / LogL: -4538.080 / Time: 0h:0m:13s (0h:0m:1s left)
Iteration 420 / LogL: -4528.603 / Time: 0h:0m:13s (0h:0m:1s left)
Iteration 430 / LogL: -4528.604 / Time: 0h:0m:14s (0h:0m:0s left)
Iteration 440 / LogL: -4528.603 / Time: 0h:0m:14s (0h:0m:0s left)
Iteration 450 / LogL: -4528.603 / Time: 0h:0m:14s (0h:0m:0s left)
BETTER TREE FOUND at iteration 454: -4528.601
Iteration 460 / LogL: -4528.602 / Time: 0h:0m:14s (0h:0m:3s left)
Iteration 470 / LogL: -4532.836 / Time: 0h:0m:15s (0h:0m:2s left)
Iteration 480 / LogL: -4532.326 / Time: 0h:0m:15s (0h:0m:2s left)
Iteration 490 / LogL: -4528.604 / Time: 0h:0m:15s (0h:0m:2s left)
Iteration 500 / LogL: -4528.603 / Time: 0h:0m:16s (0h:0m:1s left)
Iteration 510 / LogL: -4532.964 / Time: 0h:0m:16s (0h:0m:1s left)
Iteration 520 / LogL: -4528.730 / Time: 0h:0m:16s (0h:0m:1s left)
Iteration 530 / LogL: -4534.056 / Time: 0h:0m:17s (0h:0m:0s left)
Iteration 540 / LogL: -4533.707 / Time: 0h:0m:17s (0h:0m:0s left)
Iteration 550 / LogL: -4528.729 / Time: 0h:0m:17s (0h:0m:0s left)
TREE SEARCH COMPLETED AFTER 555 ITERATIONS / Time: 0h:0m:17s

--------------------------------------------------------------------
|                    FINALIZING TREE SEARCH                        |
--------------------------------------------------------------------
Performs final model parameters optimization
Estimate model parameters (epsilon = 0.010)
1. Initial log-likelihood: -4528.601
Optimal log-likelihood: -4528.601
Rate parameters:  A-C: 1.30919  A-G: 0.65253  A-T: 0.36077  C-G: 0.62286  C-T: 3.02642  G-T: 1.00000
Base frequencies:  A: 0.307  C: 0.212  G: 0.250  T: 0.232
Gamma shape alpha: 0.020
Parameters optimization took 1 rounds (0.009 sec)
BEST SCORE FOUND : -4528.601
Total tree length: 0.258

Total number of iterations: 555
CPU time used for tree search: 18.061 sec (0h:0m:18s)
Wall-clock time used for tree search: 17.888 sec (0h:0m:17s)
Total CPU time used: 18.157 sec (0h:0m:18s)
Total wall-clock time used: 17.977 sec (0h:0m:17s)

Analysis results written to: 
  IQ-TREE report:                /workspace/IQTree_JarvD5a_Results/exon_2812.iqtree
  Maximum-likelihood tree:       /workspace/IQTree_JarvD5a_Results/exon_2812.treefile
  Likelihood distances:          /workspace/IQTree_JarvD5a_Results/exon_2812.mldist
  Screen log file:               /workspace/IQTree_JarvD5a_Results/exon_2812.log

Date and Time: Wed May 27 23:25:37 2026
