IQ-TREE version 3.1.2 for Linux x86 64-bit built May  7 2026
Developed by Bui Quang Minh, Thomas Wong, Nhan Ly-Trong, Huaiyan Ren
Contributed by Lam-Tung Nguyen, Dominik Schrempf, Chris Bielow,
Olga Chernomor, Michael Woodhams, Diep Thi Hoang, Heiko Schmidt

Host:    8084c4e79f09 (AVX512, FMA3, 1133 GB RAM)
Command: /workspace/iqtree-3.1.2-Linux/bin/iqtree3_intel -s /workspace/NeuralNJ/empirical/JarvD5a/exon_102.fasta -st DNA -m GTR+G -seed 2201 -pre /workspace/IQTree_JarvD5a_Results/exon_102 -quiet
Seed:    2201 (Using SPRNG - Scalable Parallel Random Number Generator)
Time:    Wed May 27 09:40:50 2026
Kernel:  AVX+FMA - 1 threads (384 CPU cores detected)

HINT: Use -nt option to specify number of threads because your CPU has 384 cores!
HINT: -nt AUTO will automatically determine the best number of threads to use.

Reading alignment file /workspace/NeuralNJ/empirical/JarvD5a/exon_102.fasta ... Fasta format detected
Reading fasta file: done in 0.00079298 secs using 96.72% CPU
Alignment most likely contains DNA/RNA sequences
Constructing alignment: done in 0.000782013 secs using 100% CPU
Alignment has 46 sequences with 674 columns, 150 distinct patterns
64 parsimony-informative, 63 singleton sites, 547 constant sites
       Gap/Ambiguity  Composition  p-value
Analyzing sequences: done in 1.28746e-05 secs using 101% CPU
   1  ACACH   41.84%    passed     58.88%
   2  ANAPL    1.19%    passed     99.49%
   3  APAVI    1.19%    passed     99.98%
   4  APTFO    1.19%    passed     99.86%
   5  BALRE    1.19%    passed     98.75%
   6  BUCRH    8.01%    passed     99.92%
   7  CALAN    1.19%    passed     95.31%
   8  CAPCA    1.19%    passed     99.86%
   9  CARCR    1.19%    passed     99.86%
  10  CHAPE    1.19%    passed     98.98%
  11  CHAVO    1.19%    passed     99.96%
  12  CHLUN    1.19%    passed     99.57%
  13  COLLI    1.19%    passed     99.25%
  14  COLST    1.19%    passed     99.52%
  15  CORBR    1.19%    passed     96.23%
  16  CUCCA    1.19%    passed     99.79%
  17  EGRGA    1.19%    passed     99.77%
  18  EURHE    1.19%    passed     99.55%
  19  FALPE    1.19%    passed     99.78%
  20  FULGL    1.19%    passed     99.78%
  21  GALGA    1.19%    passed     98.82%
  22  GAVST    1.19%    passed     99.95%
  23  GEOFO    1.19%    passed     92.48%
  24  HALAL    1.19%    passed     99.99%
  25  HALLE    1.19%    passed     99.99%
  26  LEPDI    1.19%    passed     99.57%
  27  MANVI    1.19%    passed     98.03%
  28  MELUN    1.19%    passed    100.00%
  29  MERNU    6.53%    passed     89.64%
  30  MESUN    1.19%    passed     99.92%
  31  NESNO    1.19%    passed     97.61%
  32  NIPNI    1.19%    passed     99.92%
  33  OPHHO    1.19%    passed     97.06%
  34  PELCR    1.19%    passed     97.61%
  35  PHACA    1.19%    passed     99.95%
  36  PHALE    0.30%    passed     99.72%
  37  PHORU    1.19%    passed     99.72%
  38  PICPU    1.19%    passed     90.45%
  39  PODCR    1.19%    passed     99.56%
  40  PTEGU    1.19%    passed     99.84%
  41  PYGAD    1.19%    passed     99.86%
  42  STRCA    1.19%    passed     99.79%
  43  TAEGU    1.19%    passed     94.12%
  44  TAUER   32.94%    passed     86.59%
  45  TINMA    2.08%    passed     97.64%
  46  TYTAL    1.19%    passed     99.96%
****  TOTAL    3.03%  0 sequences failed composition chi2 test (p-value<5%; df=3)
NOTE: PYGAD is identical to APTFO but kept for subsequent analysis
NOTE: HALLE is identical to HALAL but kept for subsequent analysis
Checking for duplicate sequences: done in 0.000106096 secs using 99.91% CPU

Create initial parsimony tree by phylogenetic likelihood library (PLL)... 0.001 seconds

NOTE: 0 MB RAM (0 GB) is required!
Estimate model parameters (epsilon = 0.100)
1. Initial log-likelihood: -2716.054
2. Current log-likelihood: -2570.960
3. Current log-likelihood: -2568.711
Optimal log-likelihood: -2568.636
Rate parameters:  A-C: 2.02407  A-G: 3.83199  A-T: 0.45958  C-G: 1.34429  C-T: 5.27186  G-T: 1.00000
Base frequencies:  A: 0.293  C: 0.211  G: 0.249  T: 0.247
Gamma shape alpha: 0.116
Parameters optimization took 3 rounds (0.057 sec)
Wrote distance file to... 
Computing ML distances based on estimated model parameters...
Calculating distance matrix: done in 0.00539494 secs using 99.98% CPU
Computing ML distances took 0.005434 sec (of wall-clock time) 0.005435 sec (of CPU time)
Setting up auxiliary I and S matrices: done in 0.000111103 secs using 239.4% CPU
Constructing RapidNJ tree: done in 0.000195026 secs using 99.99% CPU
Computing RapidNJ tree took 0.000365 sec (of wall-clock time) 0.000519 sec (of CPU time)
Log-likelihood of RapidNJ tree: -2560.500
--------------------------------------------------------------------
|             INITIALIZING CANDIDATE TREE SET                      |
--------------------------------------------------------------------
Generating 98 parsimony trees... 0.110 second
Computing log-likelihood of 98 initial trees ... 0.108 seconds
Current best score: -2532.779

Do NNI search on 20 best initial trees
Estimate model parameters (epsilon = 0.100)
BETTER TREE FOUND at iteration 1: -2530.648
Iteration 10 / LogL: -2545.102 / Time: 0h:0m:0s
Iteration 20 / LogL: -2548.909 / Time: 0h:0m:0s
Finish initializing candidate tree set (20)
Current best tree score: -2530.648 / CPU time: 0.558
Number of iterations: 20
--------------------------------------------------------------------
|               OPTIMIZING CANDIDATE TREE SET                      |
--------------------------------------------------------------------
Estimate model parameters (epsilon = 0.100)
BETTER TREE FOUND at iteration 27: -2528.510
Iteration 30 / LogL: -2530.791 / Time: 0h:0m:0s (0h:0m:2s left)
Iteration 40 / LogL: -2529.855 / Time: 0h:0m:1s (0h:0m:2s left)
BETTER TREE FOUND at iteration 45: -2528.510
Iteration 50 / LogL: -2529.377 / Time: 0h:0m:1s (0h:0m:2s left)
Estimate model parameters (epsilon = 0.100)
BETTER TREE FOUND at iteration 53: -2528.292
Estimate model parameters (epsilon = 0.100)
BETTER TREE FOUND at iteration 58: -2527.951
Estimate model parameters (epsilon = 0.100)
BETTER TREE FOUND at iteration 60: -2527.838
Iteration 60 / LogL: -2527.838 / Time: 0h:0m:1s (0h:0m:2s left)
BETTER TREE FOUND at iteration 66: -2527.837
Iteration 70 / LogL: -2532.787 / Time: 0h:0m:1s (0h:0m:2s left)
BETTER TREE FOUND at iteration 71: -2527.837
BETTER TREE FOUND at iteration 77: -2527.837
Iteration 80 / LogL: -2530.798 / Time: 0h:0m:1s (0h:0m:2s left)
BETTER TREE FOUND at iteration 84: -2527.837
Iteration 90 / LogL: -2527.967 / Time: 0h:0m:2s (0h:0m:2s left)
Iteration 100 / LogL: -2527.837 / Time: 0h:0m:2s (0h:0m:2s left)
Iteration 110 / LogL: -2527.967 / Time: 0h:0m:2s (0h:0m:1s left)
Iteration 120 / LogL: -2527.837 / Time: 0h:0m:2s (0h:0m:1s left)
Iteration 130 / LogL: -2531.141 / Time: 0h:0m:3s (0h:0m:1s left)
Iteration 140 / LogL: -2529.023 / Time: 0h:0m:3s (0h:0m:1s left)
Iteration 150 / LogL: -2527.837 / Time: 0h:0m:3s (0h:0m:0s left)
BETTER TREE FOUND at iteration 152: -2527.837
Iteration 160 / LogL: -2527.838 / Time: 0h:0m:3s (0h:0m:2s left)
Iteration 170 / LogL: -2534.262 / Time: 0h:0m:4s (0h:0m:1s left)
Iteration 180 / LogL: -2531.446 / Time: 0h:0m:4s (0h:0m:1s left)
BETTER TREE FOUND at iteration 190: -2527.836
Iteration 190 / LogL: -2527.836 / Time: 0h:0m:4s (0h:0m:2s left)
BETTER TREE FOUND at iteration 193: -2527.836
Iteration 200 / LogL: -2527.838 / Time: 0h:0m:4s (0h:0m:2s left)
BETTER TREE FOUND at iteration 203: -2527.836
BETTER TREE FOUND at iteration 205: -2527.836
Iteration 210 / LogL: -2527.836 / Time: 0h:0m:4s (0h:0m:2s left)
Iteration 220 / LogL: -2527.836 / Time: 0h:0m:5s (0h:0m:2s left)
BETTER TREE FOUND at iteration 225: -2527.836
Iteration 230 / LogL: -2527.836 / Time: 0h:0m:5s (0h:0m:2s left)
BETTER TREE FOUND at iteration 239: -2527.836
Iteration 240 / LogL: -2529.845 / Time: 0h:0m:5s (0h:0m:2s left)
Iteration 250 / LogL: -2530.179 / Time: 0h:0m:5s (0h:0m:2s left)
Iteration 260 / LogL: -2528.000 / Time: 0h:0m:6s (0h:0m:1s left)
Iteration 270 / LogL: -2527.838 / Time: 0h:0m:6s (0h:0m:1s left)
Iteration 280 / LogL: -2532.369 / Time: 0h:0m:6s (0h:0m:1s left)
Iteration 290 / LogL: -2527.836 / Time: 0h:0m:6s (0h:0m:1s left)
Iteration 300 / LogL: -2530.180 / Time: 0h:0m:6s (0h:0m:0s left)
Iteration 310 / LogL: -2527.836 / Time: 0h:0m:7s (0h:0m:0s left)
Iteration 320 / LogL: -2527.837 / Time: 0h:0m:7s (0h:0m:0s left)
Iteration 330 / LogL: -2529.716 / Time: 0h:0m:7s (0h:0m:0s left)
Iteration 340 / LogL: -2528.296 / Time: 0h:0m:7s (0h:0m:-1s left)
TREE SEARCH COMPLETED AFTER 340 ITERATIONS / Time: 0h:0m:7s

--------------------------------------------------------------------
|                    FINALIZING TREE SEARCH                        |
--------------------------------------------------------------------
Performs final model parameters optimization
Estimate model parameters (epsilon = 0.010)
1. Initial log-likelihood: -2527.836
Optimal log-likelihood: -2527.835
Rate parameters:  A-C: 2.24446  A-G: 4.29785  A-T: 0.55568  C-G: 1.36843  C-T: 6.50250  G-T: 1.00000
Base frequencies:  A: 0.293  C: 0.211  G: 0.249  T: 0.247
Gamma shape alpha: 0.116
Parameters optimization took 1 rounds (0.004 sec)
BEST SCORE FOUND : -2527.835
Total tree length: 0.523

Total number of iterations: 340
CPU time used for tree search: 7.896 sec (0h:0m:7s)
Wall-clock time used for tree search: 7.720 sec (0h:0m:7s)
Total CPU time used: 7.980 sec (0h:0m:7s)
Total wall-clock time used: 7.799 sec (0h:0m:7s)

Analysis results written to: 
  IQ-TREE report:                /workspace/IQTree_JarvD5a_Results/exon_102.iqtree
  Maximum-likelihood tree:       /workspace/IQTree_JarvD5a_Results/exon_102.treefile
  Likelihood distances:          /workspace/IQTree_JarvD5a_Results/exon_102.mldist
  Screen log file:               /workspace/IQTree_JarvD5a_Results/exon_102.log

Date and Time: Wed May 27 09:40:57 2026
