IQ-TREE version 3.1.2 for Linux x86 64-bit built May  7 2026
Developed by Bui Quang Minh, Thomas Wong, Nhan Ly-Trong, Huaiyan Ren
Contributed by Lam-Tung Nguyen, Dominik Schrempf, Chris Bielow,
Olga Chernomor, Michael Woodhams, Diep Thi Hoang, Heiko Schmidt

Host:    8084c4e79f09 (AVX512, FMA3, 1133 GB RAM)
Command: /workspace/iqtree-3.1.2-Linux/bin/iqtree3_intel -s /workspace/NeuralNJ/empirical/JarvD5a/exon_12414.fasta -st DNA -m GTR+G -seed 2201 -pre /workspace/IQTree_JarvD5a_Results/exon_12414 -quiet
Seed:    2201 (Using SPRNG - Scalable Parallel Random Number Generator)
Time:    Wed May 27 15:09:30 2026
Kernel:  AVX+FMA - 1 threads (384 CPU cores detected)

HINT: Use -nt option to specify number of threads because your CPU has 384 cores!
HINT: -nt AUTO will automatically determine the best number of threads to use.

Reading alignment file /workspace/NeuralNJ/empirical/JarvD5a/exon_12414.fasta ... Fasta format detected
Reading fasta file: done in 0.00033021 secs using 15.75% CPU
Alignment most likely contains DNA/RNA sequences
Constructing alignment: done in 0.000849962 secs using 1.294% CPU
Alignment has 47 sequences with 690 columns, 405 distinct patterns
159 parsimony-informative, 211 singleton sites, 320 constant sites
       Gap/Ambiguity  Composition  p-value
Analyzing sequences: done in 3.00407e-05 secs using 99.86% CPU
   1  ACACH    4.64%    passed     98.27%
   2  ANAPL    7.68%    passed     99.72%
   3  APAVI    4.64%    passed     98.82%
   4  APTFO    3.77%    passed     99.08%
   5  BALRE    4.64%    passed     97.29%
   6  BUCRH   36.81%    passed     10.68%
   7  CALAN    4.64%    passed     99.47%
   8  CARCR   14.78%    passed     90.37%
   9  CATAU    4.64%    passed     99.55%
  10  CHAPE    4.64%    passed     99.04%
  11  CHAVO    4.64%    passed     99.72%
  12  CHLUN    4.78%    passed     98.95%
  13  COLLI    4.64%    passed     77.40%
  14  COLST   14.20%    passed     97.77%
  15  CORBR    3.77%    passed     99.20%
  16  CUCCA    4.64%    passed     99.58%
  17  EGRGA    4.64%    passed     99.14%
  18  EURHE    3.77%    passed     98.79%
  19  FALPE    5.80%    passed     99.95%
  20  FULGL    4.64%    passed     95.91%
  21  GALGA    4.64%    passed     97.53%
  22  GAVST    4.64%    passed     99.07%
  23  GEOFO    3.77%    passed     97.46%
  24  HALAL    4.64%    passed     99.05%
  25  HALLE    4.64%    passed     99.05%
  26  LEPDI    4.64%    passed    100.00%
  27  MANVI    4.64%    passed     97.10%
  28  MELGA   16.23%    passed     57.81%
  29  MELUN    4.64%    passed     99.11%
  30  MERNU    4.64%    passed     95.93%
  31  MESUN    4.64%    passed     81.03%
  32  NESNO    4.64%    passed     99.57%
  33  NIPNI    4.64%    passed     99.93%
  34  OPHHO    4.64%    passed     99.11%
  35  PELCR    3.77%    passed     98.30%
  36  PHACA   24.93%    passed     41.62%
  37  PHALE    4.64%    passed     98.82%
  38  PHORU    4.64%    passed     99.23%
  39  PICPU    4.64%    passed     80.48%
  40  PODCR    4.64%    passed     99.20%
  41  PTEGU    6.38%    passed     86.28%
  42  PYGAD    4.64%    passed    100.00%
  43  STRCA    3.77%    passed     99.25%
  44  TAEGU    3.77%    passed     99.61%
  45  TAUER    4.64%    passed     90.13%
  46  TINMA    4.64%    passed     99.51%
  47  TYTAL    6.67%    passed     99.77%
****  TOTAL    6.46%  0 sequences failed composition chi2 test (p-value<5%; df=3)
NOTE: HALLE is identical to HALAL but kept for subsequent analysis
Checking for duplicate sequences: done in 0.000124931 secs using 100.1% CPU

Create initial parsimony tree by phylogenetic likelihood library (PLL)... 0.001 seconds

NOTE: 2 MB RAM (0 GB) is required!
Estimate model parameters (epsilon = 0.100)
1. Initial log-likelihood: -5937.796
2. Current log-likelihood: -5737.468
3. Current log-likelihood: -5735.180
Optimal log-likelihood: -5735.150
Rate parameters:  A-C: 2.57182  A-G: 4.46870  A-T: 1.07521  C-G: 1.80052  C-T: 4.64381  G-T: 1.00000
Base frequencies:  A: 0.293  C: 0.182  G: 0.286  T: 0.239
Gamma shape alpha: 0.536
Parameters optimization took 3 rounds (0.078 sec)
Wrote distance file to... 
Computing ML distances based on estimated model parameters...
Calculating distance matrix: done in 0.0064621 secs using 98.48% CPU
Computing ML distances took 0.006544 sec (of wall-clock time) 0.006431 sec (of CPU time)
Setting up auxiliary I and S matrices: done in 0.000253916 secs using 94.91% CPU
Constructing RapidNJ tree: done in 0.000511169 secs using 101.3% CPU
Computing RapidNJ tree took 0.000858 sec (of wall-clock time) 0.000792 sec (of CPU time)
Log-likelihood of RapidNJ tree: -5754.869
--------------------------------------------------------------------
|             INITIALIZING CANDIDATE TREE SET                      |
--------------------------------------------------------------------
Generating 98 parsimony trees... 0.187 second
Computing log-likelihood of 98 initial trees ... 0.235 seconds
Current best score: -5698.760

Do NNI search on 20 best initial trees
Estimate model parameters (epsilon = 0.100)
BETTER TREE FOUND at iteration 1: -5680.360
Iteration 10 / LogL: -5692.593 / Time: 0h:0m:1s
Iteration 20 / LogL: -5700.878 / Time: 0h:0m:1s
Finish initializing candidate tree set (20)
Current best tree score: -5680.360 / CPU time: 1.286
Number of iterations: 20
--------------------------------------------------------------------
|               OPTIMIZING CANDIDATE TREE SET                      |
--------------------------------------------------------------------
Estimate model parameters (epsilon = 0.100)
BETTER TREE FOUND at iteration 29: -5677.388
Iteration 30 / LogL: -5681.574 / Time: 0h:0m:1s (0h:0m:6s left)
Iteration 40 / LogL: -5693.082 / Time: 0h:0m:2s (0h:0m:5s left)
Estimate model parameters (epsilon = 0.100)
BETTER TREE FOUND at iteration 49: -5675.870
Iteration 50 / LogL: -5684.042 / Time: 0h:0m:3s (0h:0m:6s left)
Iteration 60 / LogL: -5680.458 / Time: 0h:0m:3s (0h:0m:5s left)
Iteration 70 / LogL: -5678.794 / Time: 0h:0m:4s (0h:0m:4s left)
Iteration 80 / LogL: -5676.524 / Time: 0h:0m:4s (0h:0m:4s left)
Iteration 90 / LogL: -5676.522 / Time: 0h:0m:5s (0h:0m:3s left)
Iteration 100 / LogL: -5692.705 / Time: 0h:0m:5s (0h:0m:2s left)
Iteration 110 / LogL: -5675.871 / Time: 0h:0m:6s (0h:0m:2s left)
Estimate model parameters (epsilon = 0.100)
BETTER TREE FOUND at iteration 115: -5674.546
Iteration 120 / LogL: -5678.696 / Time: 0h:0m:6s (0h:0m:5s left)
Iteration 130 / LogL: -5676.826 / Time: 0h:0m:7s (0h:0m:4s left)
Iteration 140 / LogL: -5676.430 / Time: 0h:0m:7s (0h:0m:4s left)
Iteration 150 / LogL: -5675.885 / Time: 0h:0m:8s (0h:0m:3s left)
Estimate model parameters (epsilon = 0.100)
BETTER TREE FOUND at iteration 160: -5674.343
Iteration 160 / LogL: -5674.343 / Time: 0h:0m:8s (0h:0m:5s left)
Iteration 170 / LogL: -5675.576 / Time: 0h:0m:9s (0h:0m:4s left)
Iteration 180 / LogL: -5676.320 / Time: 0h:0m:9s (0h:0m:4s left)
Iteration 190 / LogL: -5676.755 / Time: 0h:0m:10s (0h:0m:3s left)
UPDATE BEST LOG-LIKELIHOOD: -5674.343
Iteration 200 / LogL: -5674.343 / Time: 0h:0m:10s (0h:0m:3s left)
Iteration 210 / LogL: -5678.052 / Time: 0h:0m:11s (0h:0m:2s left)
Iteration 220 / LogL: -5674.577 / Time: 0h:0m:11s (0h:0m:2s left)
UPDATE BEST LOG-LIKELIHOOD: -5674.343
Iteration 230 / LogL: -5674.343 / Time: 0h:0m:12s (0h:0m:1s left)
Iteration 240 / LogL: -5674.368 / Time: 0h:0m:12s (0h:0m:1s left)
Iteration 250 / LogL: -5674.346 / Time: 0h:0m:13s (0h:0m:0s left)
Iteration 260 / LogL: -5674.469 / Time: 0h:0m:13s (0h:0m:0s left)
TREE SEARCH COMPLETED AFTER 261 ITERATIONS / Time: 0h:0m:13s

--------------------------------------------------------------------
|                    FINALIZING TREE SEARCH                        |
--------------------------------------------------------------------
Performs final model parameters optimization
Estimate model parameters (epsilon = 0.010)
1. Initial log-likelihood: -5674.343
Optimal log-likelihood: -5674.341
Rate parameters:  A-C: 2.46912  A-G: 4.33889  A-T: 1.14675  C-G: 1.76605  C-T: 4.73378  G-T: 1.00000
Base frequencies:  A: 0.293  C: 0.182  G: 0.286  T: 0.239
Gamma shape alpha: 0.549
Parameters optimization took 1 rounds (0.010 sec)
BEST SCORE FOUND : -5674.341
Total tree length: 2.000

Total number of iterations: 261
CPU time used for tree search: 13.924 sec (0h:0m:13s)
Wall-clock time used for tree search: 13.766 sec (0h:0m:13s)
Total CPU time used: 14.051 sec (0h:0m:14s)
Total wall-clock time used: 13.883 sec (0h:0m:13s)

Analysis results written to: 
  IQ-TREE report:                /workspace/IQTree_JarvD5a_Results/exon_12414.iqtree
  Maximum-likelihood tree:       /workspace/IQTree_JarvD5a_Results/exon_12414.treefile
  Likelihood distances:          /workspace/IQTree_JarvD5a_Results/exon_12414.mldist
  Screen log file:               /workspace/IQTree_JarvD5a_Results/exon_12414.log

Date and Time: Wed May 27 15:09:44 2026
