IQ-TREE version 3.1.2 for Linux x86 64-bit built May  7 2026
Developed by Bui Quang Minh, Thomas Wong, Nhan Ly-Trong, Huaiyan Ren
Contributed by Lam-Tung Nguyen, Dominik Schrempf, Chris Bielow,
Olga Chernomor, Michael Woodhams, Diep Thi Hoang, Heiko Schmidt

Host:    8084c4e79f09 (AVX512, FMA3, 1133 GB RAM)
Command: /workspace/iqtree-3.1.2-Linux/bin/iqtree3_intel -s /workspace/NeuralNJ/empirical/JarvD5a/exon_4713.fasta -st DNA -m GTR+G -seed 2201 -pre /workspace/IQTree_JarvD5a_Results/exon_4713 -quiet
Seed:    2201 (Using SPRNG - Scalable Parallel Random Number Generator)
Time:    Thu May 28 02:47:17 2026
Kernel:  AVX+FMA - 1 threads (384 CPU cores detected)

HINT: Use -nt option to specify number of threads because your CPU has 384 cores!
HINT: -nt AUTO will automatically determine the best number of threads to use.

Reading alignment file /workspace/NeuralNJ/empirical/JarvD5a/exon_4713.fasta ... Fasta format detected
Reading fasta file: done in 0.00041914 secs using 95.19% CPU
Alignment most likely contains DNA/RNA sequences
Constructing alignment: done in 0.00116992 secs using 100% CPU
Alignment has 42 sequences with 960 columns, 545 distinct patterns
317 parsimony-informative, 206 singleton sites, 437 constant sites
       Gap/Ambiguity  Composition  p-value
Analyzing sequences: done in 3.40939e-05 secs using 99.72% CPU
   1  ANAPL    2.50%    passed     91.42%
   2  APAVI    2.08%    passed     93.34%
   3  APTFO    0.83%    passed     99.91%
   4  CALAN    4.17%    passed     79.28%
   5  CAPCA    0.83%    passed     97.69%
   6  CARCR    1.77%    passed     99.97%
   7  CHAPE    1.04%    passed     99.04%
   8  CHAVO    0.83%    passed     92.92%
   9  COLLI    2.29%    passed     86.43%
  10  COLST   28.75%    passed     97.00%
  11  CORBR    9.38%    passed     84.07%
  12  CUCCA    4.90%    passed     87.90%
  13  EGRGA    0.83%    passed     98.89%
  14  EURHE   29.38%    passed     88.68%
  15  FALPE    1.04%    passed     93.15%
  16  FULGL    1.88%    passed     94.08%
  17  GALGA    1.67%    passed     82.58%
  18  GAVST   29.79%    passed     75.32%
  19  GEOFO    5.94%    passed     35.06%
  20  HALAL   29.79%    passed     61.72%
  21  HALLE   28.75%    passed     56.12%
  22  LEPDI   31.25%    passed     77.64%
  23  MANVI    2.71%    passed     85.37%
  24  MELGA    1.67%    passed     93.69%
  25  MELUN    0.83%    passed     90.39%
  26  MERNU    1.67%    passed     96.28%
  27  MESUN    1.04%    passed     96.85%
  28  NESNO    0.83%    passed     93.83%
  29  NIPNI    0.83%    passed     87.54%
  30  OPHHO    0.83%    passed     97.08%
  31  PELCR   29.48%    passed     85.30%
  32  PHACA    3.96%    passed     94.79%
  33  PHALE   28.75%    passed     70.89%
  34  PHORU   30.42%    passed     94.47%
  35  PICPU    2.08%    passed     19.97%
  36  PODCR   28.75%    passed     98.13%
  37  PTEGU    1.67%    passed     64.18%
  38  PYGAD    1.04%    passed     99.47%
  39  STRCA    1.04%    passed     87.00%
  40  TAEGU    3.96%    passed     73.06%
  41  TAUER   28.75%    passed     87.37%
  42  TYTAL    1.67%    passed     85.83%
****  TOTAL    9.33%  0 sequences failed composition chi2 test (p-value<5%; df=3)
Checking for duplicate sequences: done in 0.000114918 secs using 100.1% CPU

Create initial parsimony tree by phylogenetic likelihood library (PLL)... 0.002 seconds

NOTE: 3 MB RAM (0 GB) is required!
Estimate model parameters (epsilon = 0.100)
1. Initial log-likelihood: -8415.481
2. Current log-likelihood: -7975.603
3. Current log-likelihood: -7972.878
Optimal log-likelihood: -7972.866
Rate parameters:  A-C: 1.33727  A-G: 5.33349  A-T: 0.50454  C-G: 1.84232  C-T: 3.60912  G-T: 1.00000
Base frequencies:  A: 0.304  C: 0.206  G: 0.180  T: 0.311
Gamma shape alpha: 0.699
Parameters optimization took 3 rounds (0.136 sec)
Wrote distance file to... 
Computing ML distances based on estimated model parameters...
Calculating distance matrix: done in 0.00496888 secs using 100% CPU
Computing ML distances took 0.005053 sec (of wall-clock time) 0.005054 sec (of CPU time)
Setting up auxiliary I and S matrices: done in 0.000219107 secs
Constructing RapidNJ tree: done in 0.000415087 secs using 245.7% CPU
Computing RapidNJ tree took 0.000737 sec (of wall-clock time) 0.001046 sec (of CPU time)
Log-likelihood of RapidNJ tree: -8020.313
--------------------------------------------------------------------
|             INITIALIZING CANDIDATE TREE SET                      |
--------------------------------------------------------------------
Generating 98 parsimony trees... 0.206 second
Computing log-likelihood of 98 initial trees ... 0.267 seconds
Current best score: -7962.788

Do NNI search on 20 best initial trees
Estimate model parameters (epsilon = 0.100)
BETTER TREE FOUND at iteration 1: -7959.990
BETTER TREE FOUND at iteration 2: -7959.990
Estimate model parameters (epsilon = 0.100)
BETTER TREE FOUND at iteration 3: -7955.247
Iteration 10 / LogL: -7966.646 / Time: 0h:0m:1s
Iteration 20 / LogL: -7959.979 / Time: 0h:0m:1s
Finish initializing candidate tree set (20)
Current best tree score: -7955.247 / CPU time: 1.367
Number of iterations: 20
--------------------------------------------------------------------
|               OPTIMIZING CANDIDATE TREE SET                      |
--------------------------------------------------------------------
Estimate model parameters (epsilon = 0.100)
UPDATE BEST LOG-LIKELIHOOD: -7955.212
Estimate model parameters (epsilon = 0.100)
BETTER TREE FOUND at iteration 23: -7953.555
Iteration 30 / LogL: -7959.488 / Time: 0h:0m:2s (0h:0m:6s left)
Estimate model parameters (epsilon = 0.100)
BETTER TREE FOUND at iteration 37: -7953.138
Estimate model parameters (epsilon = 0.100)
BETTER TREE FOUND at iteration 40: -7951.105
Iteration 40 / LogL: -7951.105 / Time: 0h:0m:2s (0h:0m:6s left)
Estimate model parameters (epsilon = 0.100)
BETTER TREE FOUND at iteration 50: -7947.022
Iteration 50 / LogL: -7947.022 / Time: 0h:0m:3s (0h:0m:6s left)
Iteration 60 / LogL: -7953.081 / Time: 0h:0m:3s (0h:0m:5s left)
UPDATE BEST LOG-LIKELIHOOD: -7947.022
Estimate model parameters (epsilon = 0.100)
BETTER TREE FOUND at iteration 63: -7946.151
Estimate model parameters (epsilon = 0.100)
BETTER TREE FOUND at iteration 64: -7945.701
Iteration 70 / LogL: -7964.464 / Time: 0h:0m:4s (0h:0m:5s left)
Iteration 80 / LogL: -7947.977 / Time: 0h:0m:4s (0h:0m:5s left)
Iteration 90 / LogL: -7945.702 / Time: 0h:0m:5s (0h:0m:4s left)
Estimate model parameters (epsilon = 0.100)
BETTER TREE FOUND at iteration 98: -7945.314
Iteration 100 / LogL: -7945.315 / Time: 0h:0m:5s (0h:0m:5s left)
Iteration 110 / LogL: -7945.316 / Time: 0h:0m:6s (0h:0m:5s left)
UPDATE BEST LOG-LIKELIHOOD: -7945.314
UPDATE BEST LOG-LIKELIHOOD: -7945.314
Iteration 120 / LogL: -7949.072 / Time: 0h:0m:6s (0h:0m:4s left)
Iteration 130 / LogL: -7945.936 / Time: 0h:0m:7s (0h:0m:3s left)
Iteration 140 / LogL: -7945.710 / Time: 0h:0m:7s (0h:0m:3s left)
Iteration 150 / LogL: -7952.628 / Time: 0h:0m:8s (0h:0m:2s left)
Iteration 160 / LogL: -7945.318 / Time: 0h:0m:8s (0h:0m:2s left)
Iteration 170 / LogL: -7946.156 / Time: 0h:0m:9s (0h:0m:1s left)
Iteration 180 / LogL: -7945.318 / Time: 0h:0m:9s (0h:0m:0s left)
Iteration 190 / LogL: -7946.380 / Time: 0h:0m:10s (0h:0m:0s left)
TREE SEARCH COMPLETED AFTER 199 ITERATIONS / Time: 0h:0m:10s

--------------------------------------------------------------------
|                    FINALIZING TREE SEARCH                        |
--------------------------------------------------------------------
Performs final model parameters optimization
Estimate model parameters (epsilon = 0.010)
1. Initial log-likelihood: -7945.314
Optimal log-likelihood: -7945.313
Rate parameters:  A-C: 1.30026  A-G: 5.25266  A-T: 0.48099  C-G: 1.86221  C-T: 3.52843  G-T: 1.00000
Base frequencies:  A: 0.304  C: 0.206  G: 0.180  T: 0.311
Gamma shape alpha: 0.702
Parameters optimization took 1 rounds (0.011 sec)
BEST SCORE FOUND : -7945.313
Total tree length: 1.658

Total number of iterations: 199
CPU time used for tree search: 10.778 sec (0h:0m:10s)
Wall-clock time used for tree search: 10.607 sec (0h:0m:10s)
Total CPU time used: 10.959 sec (0h:0m:10s)
Total wall-clock time used: 10.780 sec (0h:0m:10s)

Analysis results written to: 
  IQ-TREE report:                /workspace/IQTree_JarvD5a_Results/exon_4713.iqtree
  Maximum-likelihood tree:       /workspace/IQTree_JarvD5a_Results/exon_4713.treefile
  Likelihood distances:          /workspace/IQTree_JarvD5a_Results/exon_4713.mldist
  Screen log file:               /workspace/IQTree_JarvD5a_Results/exon_4713.log

Date and Time: Thu May 28 02:47:28 2026
