IQ-TREE version 3.1.2 for Linux x86 64-bit built May  7 2026
Developed by Bui Quang Minh, Thomas Wong, Nhan Ly-Trong, Huaiyan Ren
Contributed by Lam-Tung Nguyen, Dominik Schrempf, Chris Bielow,
Olga Chernomor, Michael Woodhams, Diep Thi Hoang, Heiko Schmidt

Host:    8084c4e79f09 (AVX512, FMA3, 1133 GB RAM)
Command: /workspace/iqtree-3.1.2-Linux/bin/iqtree3_intel -s /workspace/NeuralNJ/empirical/JarvD5a/exon_11958.fasta -st DNA -m GTR+G -seed 2201 -pre /workspace/IQTree_JarvD5a_Results/exon_11958 -quiet
Seed:    2201 (Using SPRNG - Scalable Parallel Random Number Generator)
Time:    Wed May 27 14:02:13 2026
Kernel:  AVX+FMA - 1 threads (384 CPU cores detected)

HINT: Use -nt option to specify number of threads because your CPU has 384 cores!
HINT: -nt AUTO will automatically determine the best number of threads to use.

Reading alignment file /workspace/NeuralNJ/empirical/JarvD5a/exon_11958.fasta ... Fasta format detected
Reading fasta file: done in 0.000178814 secs using 90.6% CPU
Alignment most likely contains DNA/RNA sequences
Constructing alignment: done in 0.000282049 secs using 99.98% CPU
Alignment has 42 sequences with 118 columns, 32 distinct patterns
5 parsimony-informative, 11 singleton sites, 102 constant sites
       Gap/Ambiguity  Composition  p-value
Analyzing sequences: done in 5.96046e-06 secs using 83.89% CPU
   1  ACACH   35.59%    passed     96.86%
   2  ANAPL   35.59%    passed     99.44%
   3  APAVI    0.00%    passed     92.43%
   4  APTFO   35.59%    passed     98.82%
   5  BALRE   35.59%    passed     98.82%
   6  CAPCA   35.59%    passed     99.44%
   7  CARCR    0.00%    passed     87.36%
   8  CATAU   35.59%    passed     98.82%
   9  CHAPE   35.59%    passed     98.82%
  10  CHAVO    0.00%    passed     92.43%
  11  CHLUN   35.59%    passed     98.82%
  12  COLLI   35.59%    passed     98.82%
  13  COLST   35.59%    passed     89.82%
  14  CUCCA   35.59%    passed     98.82%
  15  EGRGA   27.12%    passed     93.99%
  16  EURHE   35.59%    passed     98.82%
  17  FALPE   35.59%    passed     98.82%
  18  FULGL   35.59%    passed     98.82%
  19  GALGA   35.59%    passed     94.73%
  20  GAVST    0.00%    passed     82.65%
  21  HALAL   35.59%    passed     98.82%
  22  HALLE   35.59%    passed     98.82%
  23  LEPDI   35.59%    passed     94.73%
  24  MANVI    0.00%    passed     93.06%
  25  MELGA   35.59%    passed     94.73%
  26  MELUN   35.59%    passed     99.03%
  27  MERNU   35.59%    passed     98.82%
  28  MESUN   35.59%    passed     98.82%
  29  NESNO   35.59%    passed     99.03%
  30  NIPNI   35.59%    passed     98.82%
  31  OPHHO    0.00%    passed     87.36%
  32  PELCR   45.76%    passed     88.79%
  33  PHACA    0.00%    passed     87.36%
  34  PHALE   35.59%    passed     98.82%
  35  PHORU   35.59%    passed     98.82%
  36  PICPU    0.00%    passed     79.14%
  37  PODCR   69.49%    passed     73.58%
  38  PTEGU    0.00%    passed     87.36%
  39  PYGAD   35.59%    passed     98.82%
  40  STRCA   35.59%    passed     99.44%
  41  TAUER   35.59%    passed     99.03%
  42  TYTAL    0.00%    passed     79.14%
WARNING: 1 sequences contain more than 50% gaps/ambiguity
****  TOTAL   27.97%  0 sequences failed composition chi2 test (p-value<5%; df=3)
NOTE: CAPCA is identical to ANAPL but kept for subsequent analysis
NOTE: CHAVO is identical to APAVI but kept for subsequent analysis
NOTE: BALRE is identical to APTFO but kept for subsequent analysis
NOTE: OPHHO is identical to CARCR but kept for subsequent analysis
NOTE: LEPDI is identical to GALGA but kept for subsequent analysis
NOTE: NESNO is identical to MELUN but kept for subsequent analysis
NOTE: TYTAL is identical to PICPU but kept for subsequent analysis
Checking for duplicate sequences: done in 8.29697e-05 secs using 100% CPU
Identifying sites to remove: done in 2.59876e-05 secs using 100% CPU
NOTE: 19 identical sequences (see below) will be ignored for subsequent analysis
NOTE: STRCA (identical to ANAPL) is ignored but added at the end
NOTE: CATAU (identical to APTFO) is ignored but added at the end
NOTE: CHLUN (identical to APTFO) is ignored but added at the end
NOTE: COLLI (identical to APTFO) is ignored but added at the end
NOTE: CUCCA (identical to APTFO) is ignored but added at the end
NOTE: EURHE (identical to APTFO) is ignored but added at the end
NOTE: FALPE (identical to APTFO) is ignored but added at the end
NOTE: FULGL (identical to APTFO) is ignored but added at the end
NOTE: HALAL (identical to APTFO) is ignored but added at the end
NOTE: HALLE (identical to APTFO) is ignored but added at the end
NOTE: MERNU (identical to APTFO) is ignored but added at the end
NOTE: MESUN (identical to APTFO) is ignored but added at the end
NOTE: NIPNI (identical to APTFO) is ignored but added at the end
NOTE: PHALE (identical to APTFO) is ignored but added at the end
NOTE: PHORU (identical to APTFO) is ignored but added at the end
NOTE: PYGAD (identical to APTFO) is ignored but added at the end
NOTE: PHACA (identical to CARCR) is ignored but added at the end
NOTE: PTEGU (identical to CARCR) is ignored but added at the end
NOTE: MELGA (identical to GALGA) is ignored but added at the end
Alignment was printed to /workspace/IQTree_JarvD5a_Results/exon_11958.uniqueseq.phy

For your convenience alignment with unique sequences printed to /workspace/IQTree_JarvD5a_Results/exon_11958.uniqueseq.phy

Create initial parsimony tree by phylogenetic likelihood library (PLL)... 0.000 seconds

NOTE: 0 MB RAM (0 GB) is required!
Estimate model parameters (epsilon = 0.100)
1. Initial log-likelihood: -272.417
2. Current log-likelihood: -267.684
3. Current log-likelihood: -267.181
Optimal log-likelihood: -267.096
Rate parameters:  A-C: 1.76234  A-G: 0.63136  A-T: 3.19540  C-G: 0.60135  C-T: 2.64958  G-T: 1.00000
Base frequencies:  A: 0.294  C: 0.266  G: 0.228  T: 0.213
Gamma shape alpha: 0.020
Parameters optimization took 3 rounds (0.007 sec)
Wrote distance file to... 
Computing ML distances based on estimated model parameters...
Calculating distance matrix: done in 0.00134802 secs using 100% CPU
Computing ML distances took 0.001370 sec (of wall-clock time) 0.001371 sec (of CPU time)
Setting up auxiliary I and S matrices: done in 0.000109911 secs using 100.1% CPU
Constructing RapidNJ tree: done in 0.000174046 secs using 18.96% CPU
Computing RapidNJ tree took 0.000336 sec (of wall-clock time) 0.000172 sec (of CPU time)
Log-likelihood of RapidNJ tree: -265.781
--------------------------------------------------------------------
|             INITIALIZING CANDIDATE TREE SET                      |
--------------------------------------------------------------------
Generating 98 parsimony trees... 0.021 second
Computing log-likelihood of 98 initial trees ... 0.020 seconds
Current best score: -263.204

Do NNI search on 20 best initial trees
Estimate model parameters (epsilon = 0.100)
BETTER TREE FOUND at iteration 1: -262.714
BETTER TREE FOUND at iteration 4: -262.713
Iteration 10 / LogL: -263.062 / Time: 0h:0m:0s
BETTER TREE FOUND at iteration 14: -262.712
Iteration 20 / LogL: -262.712 / Time: 0h:0m:0s
Finish initializing candidate tree set (20)
Current best tree score: -262.712 / CPU time: 0.163
Number of iterations: 20
--------------------------------------------------------------------
|               OPTIMIZING CANDIDATE TREE SET                      |
--------------------------------------------------------------------
BETTER TREE FOUND at iteration 22: -262.712
Iteration 30 / LogL: -267.327 / Time: 0h:0m:0s (0h:0m:0s left)
Iteration 40 / LogL: -262.712 / Time: 0h:0m:0s (0h:0m:0s left)
Iteration 50 / LogL: -262.712 / Time: 0h:0m:0s (0h:0m:0s left)
Iteration 60 / LogL: -262.712 / Time: 0h:0m:0s (0h:0m:0s left)
Iteration 70 / LogL: -262.713 / Time: 0h:0m:0s (0h:0m:0s left)
Iteration 80 / LogL: -262.712 / Time: 0h:0m:0s (0h:0m:0s left)
BETTER TREE FOUND at iteration 85: -262.712
Iteration 90 / LogL: -262.712 / Time: 0h:0m:0s (0h:0m:0s left)
Iteration 100 / LogL: -262.712 / Time: 0h:0m:0s (0h:0m:0s left)
Iteration 110 / LogL: -262.712 / Time: 0h:0m:0s (0h:0m:0s left)
BETTER TREE FOUND at iteration 120: -262.712
Iteration 120 / LogL: -262.712 / Time: 0h:0m:0s (0h:0m:0s left)
Iteration 130 / LogL: -262.712 / Time: 0h:0m:0s (0h:0m:0s left)
BETTER TREE FOUND at iteration 132: -262.712
BETTER TREE FOUND at iteration 133: -262.712
Iteration 140 / LogL: -262.712 / Time: 0h:0m:0s (0h:0m:0s left)
Iteration 150 / LogL: -267.016 / Time: 0h:0m:0s (0h:0m:0s left)
Iteration 160 / LogL: -262.714 / Time: 0h:0m:0s (0h:0m:0s left)
Iteration 170 / LogL: -262.713 / Time: 0h:0m:0s (0h:0m:0s left)
Iteration 180 / LogL: -262.712 / Time: 0h:0m:0s (0h:0m:0s left)
Iteration 190 / LogL: -262.712 / Time: 0h:0m:0s (0h:0m:0s left)
Iteration 200 / LogL: -262.712 / Time: 0h:0m:0s (0h:0m:0s left)
Iteration 210 / LogL: -262.712 / Time: 0h:0m:0s (0h:0m:0s left)
Iteration 220 / LogL: -262.712 / Time: 0h:0m:0s (0h:0m:0s left)
Iteration 230 / LogL: -262.712 / Time: 0h:0m:0s (0h:0m:0s left)
TREE SEARCH COMPLETED AFTER 234 ITERATIONS / Time: 0h:0m:0s

--------------------------------------------------------------------
|                    FINALIZING TREE SEARCH                        |
--------------------------------------------------------------------
Performs final model parameters optimization
Estimate model parameters (epsilon = 0.010)
1. Initial log-likelihood: -262.712
2. Current log-likelihood: -262.681
3. Current log-likelihood: -262.668
Optimal log-likelihood: -262.666
Rate parameters:  A-C: 2.52713  A-G: 0.85719  A-T: 2.55008  C-G: 0.98703  C-T: 4.28488  G-T: 1.00000
Base frequencies:  A: 0.294  C: 0.266  G: 0.228  T: 0.213
Gamma shape alpha: 0.121
Parameters optimization took 3 rounds (0.005 sec)
BEST SCORE FOUND : -262.666
Total tree length: 0.298

Total number of iterations: 234
CPU time used for tree search: 0.978 sec (0h:0m:0s)
Wall-clock time used for tree search: 0.927 sec (0h:0m:0s)
Total CPU time used: 1.001 sec (0h:0m:1s)
Total wall-clock time used: 0.950 sec (0h:0m:0s)

Analysis results written to: 
  IQ-TREE report:                /workspace/IQTree_JarvD5a_Results/exon_11958.iqtree
  Maximum-likelihood tree:       /workspace/IQTree_JarvD5a_Results/exon_11958.treefile
  Likelihood distances:          /workspace/IQTree_JarvD5a_Results/exon_11958.mldist
  Screen log file:               /workspace/IQTree_JarvD5a_Results/exon_11958.log

Date and Time: Wed May 27 14:02:14 2026
