IQ-TREE version 3.1.2 for Linux x86 64-bit built May  7 2026
Developed by Bui Quang Minh, Thomas Wong, Nhan Ly-Trong, Huaiyan Ren
Contributed by Lam-Tung Nguyen, Dominik Schrempf, Chris Bielow,
Olga Chernomor, Michael Woodhams, Diep Thi Hoang, Heiko Schmidt

Host:    8084c4e79f09 (AVX512, FMA3, 1133 GB RAM)
Command: /workspace/iqtree-3.1.2-Linux/bin/iqtree3_intel -s /workspace/NeuralNJ/empirical/JarvD5a/exon_6242.fasta -st DNA -m GTR+G -seed 2201 -pre /workspace/IQTree_JarvD5a_Results/exon_6242 -quiet
Seed:    2201 (Using SPRNG - Scalable Parallel Random Number Generator)
Time:    Thu May 28 04:28:31 2026
Kernel:  AVX+FMA - 1 threads (384 CPU cores detected)

HINT: Use -nt option to specify number of threads because your CPU has 384 cores!
HINT: -nt AUTO will automatically determine the best number of threads to use.

Reading alignment file /workspace/NeuralNJ/empirical/JarvD5a/exon_6242.fasta ... Fasta format detected
Reading fasta file: done in 0.00049901 secs using 97.39% CPU
Alignment most likely contains DNA/RNA sequences
Constructing alignment: done in 0.00130486 secs using 79.55% CPU
Alignment has 45 sequences with 1150 columns, 142 distinct patterns
26 parsimony-informative, 72 singleton sites, 1052 constant sites
       Gap/Ambiguity  Composition  p-value
Analyzing sequences: done in 1.09673e-05 secs
   1  ACACH    7.65%    passed     99.84%
   2  ANAPL    6.61%    passed     99.79%
   3  APAVI    8.17%    passed     99.78%
   4  APTFO    6.43%    passed     99.96%
   5  BALRE    6.43%    passed     99.96%
   6  BUCRH    6.43%    passed     99.90%
   7  CALAN    6.00%    passed     99.62%
   8  CAPCA    6.78%    passed     99.79%
   9  CARCR    6.09%    passed     99.88%
  10  CHAPE    4.35%    passed     99.74%
  11  CHAVO    6.43%    passed     99.43%
  12  CHLUN    8.35%    passed     99.30%
  13  COLLI    4.70%    passed     99.89%
  14  COLST    7.91%    passed     99.98%
  15  CORBR    4.61%    passed     98.73%
  16  CUCCA    1.74%    passed     99.74%
  17  EGRGA   18.78%    passed     91.96%
  18  EURHE    6.43%    passed     99.94%
  19  FALPE    4.87%    passed     99.87%
  20  FULGL    6.43%    passed     99.90%
  21  GALGA    0.00%    passed     98.25%
  22  GAVST    6.43%    passed     99.98%
  23  GEOFO    3.83%    passed     99.99%
  24  HALLE    3.83%    passed     99.99%
  25  LEPDI    7.30%    passed     99.66%
  26  MANVI    3.83%    passed     99.85%
  27  MELGA    0.00%    passed     98.27%
  28  MELUN    1.74%    passed     99.17%
  29  MERNU    3.83%    passed     99.15%
  30  MESUN    4.00%    passed     99.88%
  31  NESNO    5.57%    passed     99.80%
  32  NIPNI    4.87%    passed     99.98%
  33  OPHHO    6.61%    passed     99.84%
  34  PELCR    6.43%    passed     99.82%
  35  PHACA    9.39%    passed     98.80%
  36  PHALE    6.43%    passed    100.00%
  37  PHORU    6.43%    passed     99.96%
  38  PICPU    8.17%    passed     91.22%
  39  PODCR    6.43%    passed     99.96%
  40  PYGAD    6.43%    passed     99.90%
  41  STRCA    6.61%    passed     99.57%
  42  TAEGU    2.78%    passed     99.39%
  43  TAUER   10.09%    passed     99.83%
  44  TINMA    7.48%    passed     99.48%
  45  TYTAL    6.43%    passed     99.98%
****  TOTAL    6.00%  0 sequences failed composition chi2 test (p-value<5%; df=3)
NOTE: BALRE is identical to APTFO but kept for subsequent analysis
Checking for duplicate sequences: done in 9.98974e-05 secs
Identifying sites to remove: done in 0.000254869 secs using 45.51% CPU
NOTE: 1 identical sequences (see below) will be ignored for subsequent analysis
NOTE: PODCR (identical to APTFO) is ignored but added at the end
Alignment was printed to /workspace/IQTree_JarvD5a_Results/exon_6242.uniqueseq.phy

For your convenience alignment with unique sequences printed to /workspace/IQTree_JarvD5a_Results/exon_6242.uniqueseq.phy

Create initial parsimony tree by phylogenetic likelihood library (PLL)... 0.001 seconds

NOTE: 0 MB RAM (0 GB) is required!
Estimate model parameters (epsilon = 0.100)
1. Initial log-likelihood: -2510.827
2. Current log-likelihood: -2466.148
3. Current log-likelihood: -2465.765
Optimal log-likelihood: -2465.761
Rate parameters:  A-C: 1.03289  A-G: 0.77986  A-T: 0.33757  C-G: 0.85105  C-T: 3.26496  G-T: 1.00000
Base frequencies:  A: 0.345  C: 0.211  G: 0.202  T: 0.242
Gamma shape alpha: 0.020
Parameters optimization took 3 rounds (0.038 sec)
Wrote distance file to... 
Computing ML distances based on estimated model parameters...
Calculating distance matrix: done in 0.00617194 secs using 100% CPU
Computing ML distances took 0.006217 sec (of wall-clock time) 0.006217 sec (of CPU time)
Setting up auxiliary I and S matrices: done in 0.000205994 secs using 100% CPU
Constructing RapidNJ tree: done in 0.000349045 secs using 99.99% CPU
Computing RapidNJ tree took 0.000626 sec (of wall-clock time) 0.001220 sec (of CPU time)
Log-likelihood of RapidNJ tree: -2486.391
--------------------------------------------------------------------
|             INITIALIZING CANDIDATE TREE SET                      |
--------------------------------------------------------------------
Generating 98 parsimony trees... 0.062 second
Computing log-likelihood of 98 initial trees ... 0.089 seconds
Current best score: -2461.358

Do NNI search on 20 best initial trees
Estimate model parameters (epsilon = 0.100)
BETTER TREE FOUND at iteration 1: -2461.020
Estimate model parameters (epsilon = 0.100)
BETTER TREE FOUND at iteration 9: -2460.583
Iteration 10 / LogL: -2465.938 / Time: 0h:0m:0s
Iteration 20 / LogL: -2469.156 / Time: 0h:0m:0s
Finish initializing candidate tree set (20)
Current best tree score: -2460.583 / CPU time: 0.665
Number of iterations: 20
--------------------------------------------------------------------
|               OPTIMIZING CANDIDATE TREE SET                      |
--------------------------------------------------------------------
Iteration 30 / LogL: -2461.071 / Time: 0h:0m:0s (0h:0m:2s left)
Iteration 40 / LogL: -2460.593 / Time: 0h:0m:1s (0h:0m:1s left)
Iteration 50 / LogL: -2473.139 / Time: 0h:0m:1s (0h:0m:1s left)
Iteration 60 / LogL: -2463.162 / Time: 0h:0m:1s (0h:0m:1s left)
BETTER TREE FOUND at iteration 67: -2460.582
Iteration 70 / LogL: -2468.235 / Time: 0h:0m:1s (0h:0m:2s left)
Iteration 80 / LogL: -2460.585 / Time: 0h:0m:1s (0h:0m:1s left)
BETTER TREE FOUND at iteration 90: -2460.582
Iteration 90 / LogL: -2460.582 / Time: 0h:0m:1s (0h:0m:2s left)
Iteration 100 / LogL: -2463.291 / Time: 0h:0m:1s (0h:0m:1s left)
Iteration 110 / LogL: -2460.585 / Time: 0h:0m:2s (0h:0m:1s left)
BETTER TREE FOUND at iteration 111: -2460.582
Iteration 120 / LogL: -2463.386 / Time: 0h:0m:2s (0h:0m:1s left)
BETTER TREE FOUND at iteration 123: -2460.580
Iteration 130 / LogL: -2460.586 / Time: 0h:0m:2s (0h:0m:1s left)
Iteration 140 / LogL: -2460.588 / Time: 0h:0m:2s (0h:0m:1s left)
Iteration 150 / LogL: -2460.585 / Time: 0h:0m:2s (0h:0m:1s left)
Iteration 160 / LogL: -2461.069 / Time: 0h:0m:2s (0h:0m:1s left)
Iteration 170 / LogL: -2460.817 / Time: 0h:0m:3s (0h:0m:0s left)
Iteration 180 / LogL: -2460.584 / Time: 0h:0m:3s (0h:0m:0s left)
Iteration 190 / LogL: -2460.583 / Time: 0h:0m:3s (0h:0m:0s left)
Iteration 200 / LogL: -2460.583 / Time: 0h:0m:3s (0h:0m:0s left)
Iteration 210 / LogL: -2473.751 / Time: 0h:0m:3s (0h:0m:0s left)
Iteration 220 / LogL: -2460.584 / Time: 0h:0m:3s (0h:0m:0s left)
TREE SEARCH COMPLETED AFTER 224 ITERATIONS / Time: 0h:0m:3s

--------------------------------------------------------------------
|                    FINALIZING TREE SEARCH                        |
--------------------------------------------------------------------
Performs final model parameters optimization
Estimate model parameters (epsilon = 0.010)
1. Initial log-likelihood: -2460.580
Optimal log-likelihood: -2460.579
Rate parameters:  A-C: 1.33721  A-G: 1.06805  A-T: 0.43549  C-G: 1.10315  C-T: 4.33511  G-T: 1.00000
Base frequencies:  A: 0.345  C: 0.211  G: 0.202  T: 0.242
Gamma shape alpha: 0.020
Parameters optimization took 1 rounds (0.006 sec)
BEST SCORE FOUND : -2460.579
Total tree length: 0.125

Total number of iterations: 224
CPU time used for tree search: 3.794 sec (0h:0m:3s)
Wall-clock time used for tree search: 3.902 sec (0h:0m:3s)
Total CPU time used: 3.860 sec (0h:0m:3s)
Total wall-clock time used: 3.964 sec (0h:0m:3s)

Analysis results written to: 
  IQ-TREE report:                /workspace/IQTree_JarvD5a_Results/exon_6242.iqtree
  Maximum-likelihood tree:       /workspace/IQTree_JarvD5a_Results/exon_6242.treefile
  Likelihood distances:          /workspace/IQTree_JarvD5a_Results/exon_6242.mldist
  Screen log file:               /workspace/IQTree_JarvD5a_Results/exon_6242.log

Date and Time: Thu May 28 04:28:35 2026
