IQ-TREE version 3.1.2 for Linux x86 64-bit built May  7 2026
Developed by Bui Quang Minh, Thomas Wong, Nhan Ly-Trong, Huaiyan Ren
Contributed by Lam-Tung Nguyen, Dominik Schrempf, Chris Bielow,
Olga Chernomor, Michael Woodhams, Diep Thi Hoang, Heiko Schmidt

Host:    8084c4e79f09 (AVX512, FMA3, 1133 GB RAM)
Command: /workspace/iqtree-3.1.2-Linux/bin/iqtree3_intel -s /workspace/NeuralNJ/empirical/JarvD5a/exon_12779.fasta -st DNA -m GTR+G -seed 2201 -pre /workspace/IQTree_JarvD5a_Results/exon_12779 -quiet
Seed:    2201 (Using SPRNG - Scalable Parallel Random Number Generator)
Time:    Wed May 27 16:01:06 2026
Kernel:  AVX+FMA - 1 threads (384 CPU cores detected)

HINT: Use -nt option to specify number of threads because your CPU has 384 cores!
HINT: -nt AUTO will automatically determine the best number of threads to use.

Reading alignment file /workspace/NeuralNJ/empirical/JarvD5a/exon_12779.fasta ... Fasta format detected
Reading fasta file: done in 0.000486851 secs using 82.16% CPU
Alignment most likely contains DNA/RNA sequences
Constructing alignment: done in 0.00125885 secs using 94.05% CPU
Alignment has 47 sequences with 1058 columns, 299 distinct patterns
128 parsimony-informative, 118 singleton sites, 812 constant sites
       Gap/Ambiguity  Composition  p-value
Analyzing sequences: done in 2.19345e-05 secs using 100.3% CPU
   1  ACACH    9.07%    passed     90.78%
   2  ANAPL    6.24%    passed     99.92%
   3  APAVI    7.94%    passed     98.46%
   4  APTFO    6.24%    passed     98.92%
   5  BALRE    7.37%    passed     99.98%
   6  BUCRH    6.24%    passed     99.97%
   7  CALAN    7.37%    passed     99.18%
   8  CAPCA    6.43%    passed     98.40%
   9  CARCR   21.74%    passed     65.24%
  10  CATAU    7.37%    passed     99.97%
  11  CHAPE    7.37%    passed     99.05%
  12  CHAVO    6.43%    passed     98.47%
  13  CHLUN   22.68%    passed     80.91%
  14  COLLI    7.37%    passed     96.68%
  15  CORBR    7.37%    passed     98.10%
  16  CUCCA    7.37%    passed     97.72%
  17  EGRGA    6.24%    passed     96.68%
  18  EURHE    6.24%    passed     99.57%
  19  FALPE    7.37%    passed     99.76%
  20  FULGL    6.24%    passed     97.34%
  21  GALGA    6.24%    passed     99.21%
  22  GAVST    7.37%    passed     99.66%
  23  GEOFO    7.37%    passed     99.04%
  24  HALAL    7.37%    passed     99.87%
  25  HALLE    7.37%    passed     99.87%
  26  LEPDI    6.05%    passed     99.89%
  27  MANVI    6.24%    passed     95.58%
  28  MELGA    8.51%    passed     98.95%
  29  MELUN    6.24%    passed     98.31%
  30  MERNU   10.02%    passed     96.91%
  31  MESUN    7.75%    passed     99.51%
  32  NESNO    6.24%    passed     94.55%
  33  NIPNI    3.02%    passed     98.97%
  34  OPHHO    7.37%    passed     99.12%
  35  PELCR    6.24%    passed     99.28%
  36  PHACA    6.62%    passed     96.51%
  37  PHALE    7.37%    passed     92.99%
  38  PHORU    7.37%    passed     98.58%
  39  PICPU    7.56%    passed      7.97%
  40  PODCR    7.37%    passed     99.03%
  41  PTEGU    6.24%    passed     97.41%
  42  PYGAD    6.24%    passed     99.59%
  43  STRCA    7.37%    passed     97.87%
  44  TAEGU    3.78%    passed     99.19%
  45  TAUER    6.24%    passed     99.70%
  46  TINMA    6.05%    passed     93.89%
  47  TYTAL   10.78%    passed     99.90%
****  TOTAL    7.60%  0 sequences failed composition chi2 test (p-value<5%; df=3)
NOTE: HALLE is identical to HALAL but kept for subsequent analysis
Checking for duplicate sequences: done in 0.000117064 secs using 99.09% CPU

Create initial parsimony tree by phylogenetic likelihood library (PLL)... 0.001 seconds

NOTE: 1 MB RAM (0 GB) is required!
Estimate model parameters (epsilon = 0.100)
1. Initial log-likelihood: -5080.178
2. Current log-likelihood: -4790.620
3. Current log-likelihood: -4784.086
Optimal log-likelihood: -4783.995
Rate parameters:  A-C: 0.66083  A-G: 3.03948  A-T: 0.54627  C-G: 1.00276  C-T: 3.60143  G-T: 1.00000
Base frequencies:  A: 0.350  C: 0.182  G: 0.219  T: 0.249
Gamma shape alpha: 0.178
Parameters optimization took 3 rounds (0.069 sec)
Wrote distance file to... 
Computing ML distances based on estimated model parameters...
Calculating distance matrix: done in 0.00493312 secs using 99.21% CPU
Computing ML distances took 0.005019 sec (of wall-clock time) 0.004968 sec (of CPU time)
Setting up auxiliary I and S matrices: done in 0.000247002 secs using 83% CPU
Constructing RapidNJ tree: done in 0.000197887 secs using 83.38% CPU
Computing RapidNJ tree took 0.000504 sec (of wall-clock time) 0.000417 sec (of CPU time)
Log-likelihood of RapidNJ tree: -4847.923
--------------------------------------------------------------------
|             INITIALIZING CANDIDATE TREE SET                      |
--------------------------------------------------------------------
Generating 98 parsimony trees... 0.153 second
Computing log-likelihood of 98 initial trees ... 0.187 seconds
Current best score: -4770.779

Do NNI search on 20 best initial trees
Estimate model parameters (epsilon = 0.100)
BETTER TREE FOUND at iteration 1: -4763.666
Iteration 10 / LogL: -4774.039 / Time: 0h:0m:0s
Iteration 20 / LogL: -4789.395 / Time: 0h:0m:1s
Finish initializing candidate tree set (20)
Current best tree score: -4763.666 / CPU time: 0.951
Number of iterations: 20
--------------------------------------------------------------------
|               OPTIMIZING CANDIDATE TREE SET                      |
--------------------------------------------------------------------
Estimate model parameters (epsilon = 0.100)
BETTER TREE FOUND at iteration 24: -4762.437
Estimate model parameters (epsilon = 0.100)
BETTER TREE FOUND at iteration 25: -4758.381
Iteration 30 / LogL: -4762.935 / Time: 0h:0m:1s (0h:0m:4s left)
Iteration 40 / LogL: -4763.046 / Time: 0h:0m:1s (0h:0m:3s left)
Iteration 50 / LogL: -4762.935 / Time: 0h:0m:2s (0h:0m:3s left)
Estimate model parameters (epsilon = 0.100)
BETTER TREE FOUND at iteration 56: -4755.923
Iteration 60 / LogL: -4769.371 / Time: 0h:0m:2s (0h:0m:4s left)
Estimate model parameters (epsilon = 0.100)
BETTER TREE FOUND at iteration 62: -4752.623
Iteration 70 / LogL: -4755.424 / Time: 0h:0m:2s (0h:0m:3s left)
UPDATE BEST LOG-LIKELIHOOD: -4752.622
Iteration 80 / LogL: -4752.661 / Time: 0h:0m:3s (0h:0m:3s left)
Iteration 90 / LogL: -4779.814 / Time: 0h:0m:3s (0h:0m:3s left)
Iteration 100 / LogL: -4752.622 / Time: 0h:0m:4s (0h:0m:2s left)
UPDATE BEST LOG-LIKELIHOOD: -4752.622
Iteration 110 / LogL: -4765.209 / Time: 0h:0m:4s (0h:0m:2s left)
Iteration 120 / LogL: -4752.623 / Time: 0h:0m:4s (0h:0m:1s left)
Iteration 130 / LogL: -4752.623 / Time: 0h:0m:5s (0h:0m:1s left)
Iteration 140 / LogL: -4752.661 / Time: 0h:0m:5s (0h:0m:0s left)
Iteration 150 / LogL: -4754.431 / Time: 0h:0m:6s (0h:0m:0s left)
Iteration 160 / LogL: -4752.622 / Time: 0h:0m:6s (0h:0m:0s left)
TREE SEARCH COMPLETED AFTER 163 ITERATIONS / Time: 0h:0m:6s

--------------------------------------------------------------------
|                    FINALIZING TREE SEARCH                        |
--------------------------------------------------------------------
Performs final model parameters optimization
Estimate model parameters (epsilon = 0.010)
1. Initial log-likelihood: -4752.622
Optimal log-likelihood: -4752.622
Rate parameters:  A-C: 0.67587  A-G: 3.19472  A-T: 0.51687  C-G: 1.03222  C-T: 3.89354  G-T: 1.00000
Base frequencies:  A: 0.350  C: 0.182  G: 0.219  T: 0.249
Gamma shape alpha: 0.178
Parameters optimization took 1 rounds (0.007 sec)
BEST SCORE FOUND : -4752.622
Total tree length: 0.868

Total number of iterations: 163
CPU time used for tree search: 6.596 sec (0h:0m:6s)
Wall-clock time used for tree search: 6.430 sec (0h:0m:6s)
Total CPU time used: 6.702 sec (0h:0m:6s)
Total wall-clock time used: 6.530 sec (0h:0m:6s)

Analysis results written to: 
  IQ-TREE report:                /workspace/IQTree_JarvD5a_Results/exon_12779.iqtree
  Maximum-likelihood tree:       /workspace/IQTree_JarvD5a_Results/exon_12779.treefile
  Likelihood distances:          /workspace/IQTree_JarvD5a_Results/exon_12779.mldist
  Screen log file:               /workspace/IQTree_JarvD5a_Results/exon_12779.log

Date and Time: Wed May 27 16:01:13 2026
