IQ-TREE version 3.1.2 for Linux x86 64-bit built May  7 2026
Developed by Bui Quang Minh, Thomas Wong, Nhan Ly-Trong, Huaiyan Ren
Contributed by Lam-Tung Nguyen, Dominik Schrempf, Chris Bielow,
Olga Chernomor, Michael Woodhams, Diep Thi Hoang, Heiko Schmidt

Host:    8084c4e79f09 (AVX512, FMA3, 1133 GB RAM)
Command: /workspace/iqtree-3.1.2-Linux/bin/iqtree3_intel -s /workspace/NeuralNJ/empirical/JarvD5a/exon_6672.fasta -st DNA -m GTR+G -seed 2201 -pre /workspace/IQTree_JarvD5a_Results/exon_6672 -quiet
Seed:    2201 (Using SPRNG - Scalable Parallel Random Number Generator)
Time:    Thu May 28 04:56:56 2026
Kernel:  AVX+FMA - 1 threads (384 CPU cores detected)

HINT: Use -nt option to specify number of threads because your CPU has 384 cores!
HINT: -nt AUTO will automatically determine the best number of threads to use.

Reading alignment file /workspace/NeuralNJ/empirical/JarvD5a/exon_6672.fasta ... Fasta format detected
Reading fasta file: done in 0.000250101 secs using 7.197% CPU
Alignment most likely contains DNA/RNA sequences
Constructing alignment: done in 0.000540972 secs using 75.42% CPU
Alignment has 45 sequences with 332 columns, 238 distinct patterns
119 parsimony-informative, 67 singleton sites, 146 constant sites
       Gap/Ambiguity  Composition  p-value
Analyzing sequences: done in 2.81334e-05 secs using 95.97% CPU
   1  ACACH   40.96%    passed     61.65%
   2  ANAPL   19.88%    passed     44.24%
   3  APAVI   31.33%    passed     94.58%
   4  APTFO   43.98%    passed     94.18%
   5  BALRE   37.35%    passed     98.21%
   6  BUCRH   46.39%    passed     98.64%
   7  CALAN   41.57%    passed     47.20%
   8  CAPCA   15.06%    passed     96.11%
   9  CARCR   41.57%    passed     89.00%
  10  CATAU   43.98%    passed     96.38%
  11  CHAPE   19.88%    passed     67.40%
  12  CHAVO   15.66%    passed     37.93%
  13  CHLUN   37.35%    passed     98.47%
  14  COLLI   48.19%    passed     17.96%
  15  COLST   65.06%    passed     16.52%
  16  CORBR   16.87%    passed     50.17%
  17  CUCCA   34.94%    passed     86.25%
  18  EGRGA   36.14%    passed     80.06%
  19  EURHE   34.34%    passed     94.00%
  20  FALPE   21.69%    passed     88.12%
  21  FULGL   41.57%    passed     86.28%
  22  GALGA   18.07%    passed     40.48%
  23  GAVST   43.98%    passed     98.73%
  24  GEOFO   48.19%    passed     54.91%
  25  HALAL   43.98%    passed     97.65%
  26  HALLE   43.37%    passed     98.49%
  27  LEPDI   47.59%    passed     50.33%
  28  MANVI   50.60%    passed     15.08%
  29  MELGA   20.48%    passed     22.74%
  30  MELUN   30.12%    passed     32.41%
  31  MERNU   16.87%    passed     40.33%
  32  MESUN   19.88%    passed     77.50%
  33  NESNO   22.29%    passed     40.92%
  34  NIPNI   14.46%    passed     52.09%
  35  OPHHO   54.22%    passed     37.01%
  36  PELCR   48.19%    passed     28.23%
  37  PHACA   52.41%    passed     43.88%
  38  PHALE   43.98%    passed     95.45%
  39  PHORU   43.37%    passed     92.95%
  40  PICPU   45.78%    passed     79.66%
  41  PODCR   35.54%    passed     99.80%
  42  PTEGU   45.18%    passed     63.54%
  43  PYGAD   47.59%    passed     94.53%
  44  TAUER   45.78%    passed     62.04%
  45  TYTAL   42.17%    passed     80.04%
WARNING: 4 sequences contain more than 50% gaps/ambiguity
****  TOTAL   36.84%  0 sequences failed composition chi2 test (p-value<5%; df=3)
Checking for duplicate sequences: done in 0.000133991 secs using 99.26% CPU

Create initial parsimony tree by phylogenetic likelihood library (PLL)... 0.001 seconds

NOTE: 1 MB RAM (0 GB) is required!
Estimate model parameters (epsilon = 0.100)
1. Initial log-likelihood: -2806.755
2. Current log-likelihood: -2640.911
3. Current log-likelihood: -2618.660
4. Current log-likelihood: -2618.238
Optimal log-likelihood: -2618.223
Rate parameters:  A-C: 0.91599  A-G: 4.30399  A-T: 0.55910  C-G: 1.91195  C-T: 4.95933  G-T: 1.00000
Base frequencies:  A: 0.281  C: 0.196  G: 0.228  T: 0.294
Gamma shape alpha: 0.628
Parameters optimization took 4 rounds (0.070 sec)
Wrote distance file to... 
Computing ML distances based on estimated model parameters...
Calculating distance matrix: done in 0.00446105 secs using 100% CPU
Computing ML distances took 0.004540 sec (of wall-clock time) 0.004540 sec (of CPU time)
Setting up auxiliary I and S matrices: done in 0.000235081 secs using 99.54% CPU
Constructing RapidNJ tree: done in 0.000427008 secs using 285.5% CPU
Computing RapidNJ tree took 0.000741 sec (of wall-clock time) 0.001553 sec (of CPU time)
Log-likelihood of RapidNJ tree: -2663.466
--------------------------------------------------------------------
|             INITIALIZING CANDIDATE TREE SET                      |
--------------------------------------------------------------------
Generating 98 parsimony trees... 0.133 second
Computing log-likelihood of 98 initial trees ... 0.154 seconds
Current best score: -2618.053

Do NNI search on 20 best initial trees
Estimate model parameters (epsilon = 0.100)
BETTER TREE FOUND at iteration 1: -2606.842
BETTER TREE FOUND at iteration 3: -2606.835
Iteration 10 / LogL: -2610.228 / Time: 0h:0m:0s
Iteration 20 / LogL: -2614.721 / Time: 0h:0m:1s
Finish initializing candidate tree set (20)
Current best tree score: -2606.835 / CPU time: 1.068
Number of iterations: 20
--------------------------------------------------------------------
|               OPTIMIZING CANDIDATE TREE SET                      |
--------------------------------------------------------------------
Estimate model parameters (epsilon = 0.100)
BETTER TREE FOUND at iteration 24: -2606.232
Estimate model parameters (epsilon = 0.100)
BETTER TREE FOUND at iteration 29: -2606.012
BETTER TREE FOUND at iteration 30: -2606.011
Iteration 30 / LogL: -2606.011 / Time: 0h:0m:1s (0h:0m:5s left)
UPDATE BEST LOG-LIKELIHOOD: -2606.011
Iteration 40 / LogL: -2606.012 / Time: 0h:0m:1s (0h:0m:4s left)
BETTER TREE FOUND at iteration 47: -2606.011
Iteration 50 / LogL: -2606.011 / Time: 0h:0m:2s (0h:0m:4s left)
Iteration 60 / LogL: -2607.218 / Time: 0h:0m:2s (0h:0m:4s left)
Iteration 70 / LogL: -2606.037 / Time: 0h:0m:3s (0h:0m:3s left)
BETTER TREE FOUND at iteration 74: -2606.011
BETTER TREE FOUND at iteration 79: -2606.011
Iteration 80 / LogL: -2606.044 / Time: 0h:0m:3s (0h:0m:4s left)
Estimate model parameters (epsilon = 0.100)
BETTER TREE FOUND at iteration 89: -2605.245
Iteration 90 / LogL: -2606.048 / Time: 0h:0m:3s (0h:0m:4s left)
Iteration 100 / LogL: -2606.272 / Time: 0h:0m:4s (0h:0m:3s left)
BETTER TREE FOUND at iteration 108: -2605.245
Iteration 110 / LogL: -2606.086 / Time: 0h:0m:4s (0h:0m:4s left)
UPDATE BEST LOG-LIKELIHOOD: -2605.242
UPDATE BEST LOG-LIKELIHOOD: -2605.242
Iteration 120 / LogL: -2606.048 / Time: 0h:0m:5s (0h:0m:3s left)
Iteration 130 / LogL: -2605.243 / Time: 0h:0m:5s (0h:0m:3s left)
Estimate model parameters (epsilon = 0.100)
BETTER TREE FOUND at iteration 136: -2604.169
Iteration 140 / LogL: -2605.247 / Time: 0h:0m:5s (0h:0m:4s left)
BETTER TREE FOUND at iteration 143: -2604.169
Iteration 150 / LogL: -2606.285 / Time: 0h:0m:6s (0h:0m:3s left)
UPDATE BEST LOG-LIKELIHOOD: -2604.169
Iteration 160 / LogL: -2604.169 / Time: 0h:0m:6s (0h:0m:3s left)
Estimate model parameters (epsilon = 0.100)
BETTER TREE FOUND at iteration 163: -2603.976
Estimate model parameters (epsilon = 0.100)
BETTER TREE FOUND at iteration 166: -2603.754
Iteration 170 / LogL: -2607.631 / Time: 0h:0m:7s (0h:0m:4s left)
Iteration 180 / LogL: -2606.002 / Time: 0h:0m:7s (0h:0m:3s left)
UPDATE BEST LOG-LIKELIHOOD: -2603.754
Iteration 190 / LogL: -2603.754 / Time: 0h:0m:7s (0h:0m:3s left)
BETTER TREE FOUND at iteration 194: -2603.754
Iteration 200 / LogL: -2606.004 / Time: 0h:0m:8s (0h:0m:3s left)
Estimate model parameters (epsilon = 0.100)
BETTER TREE FOUND at iteration 205: -2602.684
BETTER TREE FOUND at iteration 207: -2602.684
BETTER TREE FOUND at iteration 210: -2602.684
Iteration 210 / LogL: -2602.684 / Time: 0h:0m:8s (0h:0m:4s left)
BETTER TREE FOUND at iteration 217: -2602.684
Iteration 220 / LogL: -2608.714 / Time: 0h:0m:9s (0h:0m:4s left)
Iteration 230 / LogL: -2602.684 / Time: 0h:0m:9s (0h:0m:3s left)
Iteration 240 / LogL: -2641.842 / Time: 0h:0m:9s (0h:0m:3s left)
Iteration 250 / LogL: -2602.684 / Time: 0h:0m:10s (0h:0m:2s left)
UPDATE BEST LOG-LIKELIHOOD: -2602.684
Iteration 260 / LogL: -2604.911 / Time: 0h:0m:10s (0h:0m:2s left)
UPDATE BEST LOG-LIKELIHOOD: -2602.684
Iteration 270 / LogL: -2602.684 / Time: 0h:0m:11s (0h:0m:1s left)
Iteration 280 / LogL: -2605.663 / Time: 0h:0m:11s (0h:0m:1s left)
UPDATE BEST LOG-LIKELIHOOD: -2602.684
Iteration 290 / LogL: -2602.684 / Time: 0h:0m:11s (0h:0m:1s left)
Iteration 300 / LogL: -2602.684 / Time: 0h:0m:12s (0h:0m:0s left)
Iteration 310 / LogL: -2602.684 / Time: 0h:0m:12s (0h:0m:0s left)
TREE SEARCH COMPLETED AFTER 318 ITERATIONS / Time: 0h:0m:13s

--------------------------------------------------------------------
|                    FINALIZING TREE SEARCH                        |
--------------------------------------------------------------------
Performs final model parameters optimization
Estimate model parameters (epsilon = 0.010)
1. Initial log-likelihood: -2602.684
Optimal log-likelihood: -2602.683
Rate parameters:  A-C: 0.95974  A-G: 4.48781  A-T: 0.51542  C-G: 2.02607  C-T: 4.88852  G-T: 1.00000
Base frequencies:  A: 0.281  C: 0.196  G: 0.228  T: 0.294
Gamma shape alpha: 0.641
Parameters optimization took 1 rounds (0.006 sec)
BEST SCORE FOUND : -2602.683
Total tree length: 2.757

Total number of iterations: 318
CPU time used for tree search: 13.094 sec (0h:0m:13s)
Wall-clock time used for tree search: 12.937 sec (0h:0m:12s)
Total CPU time used: 13.208 sec (0h:0m:13s)
Total wall-clock time used: 13.041 sec (0h:0m:13s)

Analysis results written to: 
  IQ-TREE report:                /workspace/IQTree_JarvD5a_Results/exon_6672.iqtree
  Maximum-likelihood tree:       /workspace/IQTree_JarvD5a_Results/exon_6672.treefile
  Likelihood distances:          /workspace/IQTree_JarvD5a_Results/exon_6672.mldist
  Screen log file:               /workspace/IQTree_JarvD5a_Results/exon_6672.log

Date and Time: Thu May 28 04:57:09 2026
