IQ-TREE version 3.1.2 for Linux x86 64-bit built May  7 2026
Developed by Bui Quang Minh, Thomas Wong, Nhan Ly-Trong, Huaiyan Ren
Contributed by Lam-Tung Nguyen, Dominik Schrempf, Chris Bielow,
Olga Chernomor, Michael Woodhams, Diep Thi Hoang, Heiko Schmidt

Host:    8084c4e79f09 (AVX512, FMA3, 1133 GB RAM)
Command: /workspace/iqtree-3.1.2-Linux/bin/iqtree3_intel -s /workspace/NeuralNJ/empirical/JarvD5a/exon_12591.fasta -st DNA -m GTR+G -seed 2201 -pre /workspace/IQTree_JarvD5a_Results/exon_12591 -quiet
Seed:    2201 (Using SPRNG - Scalable Parallel Random Number Generator)
Time:    Wed May 27 15:38:55 2026
Kernel:  AVX+FMA - 1 threads (384 CPU cores detected)

HINT: Use -nt option to specify number of threads because your CPU has 384 cores!
HINT: -nt AUTO will automatically determine the best number of threads to use.

Reading alignment file /workspace/NeuralNJ/empirical/JarvD5a/exon_12591.fasta ... Fasta format detected
Reading fasta file: done in 0.000382185 secs using 49.71% CPU
Alignment most likely contains DNA/RNA sequences
Constructing alignment: done in 0.00105095 secs using 75.07% CPU
Alignment has 43 sequences with 914 columns, 202 distinct patterns
62 parsimony-informative, 115 singleton sites, 737 constant sites
       Gap/Ambiguity  Composition  p-value
Analyzing sequences: done in 1.50204e-05 secs
   1  ACACH    9.19%    passed     98.18%
   2  APAVI    9.19%    passed     99.69%
   3  APTFO    9.19%    passed     99.82%
   4  BALRE   27.57%    passed     81.83%
   5  CALAN    9.19%    passed     96.48%
   6  CAPCA   41.14%    passed     95.57%
   7  CARCR   15.97%    passed     99.93%
   8  CATAU   15.97%    passed     99.56%
   9  CHAPE    9.19%    passed     96.65%
  10  CHAVO    9.19%    passed     99.78%
  11  CHLUN    9.19%    passed     98.68%
  12  COLLI    9.19%    passed     98.89%
  13  COLST   27.79%    passed     80.70%
  14  CORBR    9.19%    passed     93.30%
  15  CUCCA    9.63%    passed     99.75%
  16  EGRGA    9.19%    passed     99.99%
  17  EURHE    9.19%    passed     97.93%
  18  FALPE    8.97%    passed     99.22%
  19  FULGL   15.97%    passed     99.84%
  20  GALGA    9.41%    passed     95.77%
  21  GAVST    9.19%    passed     99.46%
  22  GEOFO    9.19%    passed     93.00%
  23  HALLE    9.85%    passed     94.59%
  24  LEPDI    9.19%    passed     99.82%
  25  MANVI    9.19%    passed     99.17%
  26  MELGA   11.60%    passed     90.90%
  27  MELUN    1.31%    passed     99.67%
  28  MESUN    9.19%    passed     99.15%
  29  NIPNI    9.19%    passed     98.23%
  30  OPHHO    9.19%    passed     99.17%
  31  PELCR   31.51%    passed     85.83%
  32  PHACA   15.97%    passed     99.63%
  33  PHALE    9.19%    passed     99.83%
  34  PHORU    9.19%    passed     99.90%
  35  PICPU    9.19%    passed     99.85%
  36  PODCR    9.19%    passed     99.33%
  37  PTEGU   15.97%    passed     98.70%
  38  PYGAD    9.19%    passed     99.76%
  39  STRCA    9.19%    passed    100.00%
  40  TAEGU    0.00%    passed     92.27%
  41  TAUER    9.19%    passed     99.78%
  42  TINMA   41.14%    passed     95.11%
  43  TYTAL    9.19%    passed     97.94%
****  TOTAL   12.53%  0 sequences failed composition chi2 test (p-value<5%; df=3)
Checking for duplicate sequences: done in 9.799e-05 secs

Create initial parsimony tree by phylogenetic likelihood library (PLL)... 0.001 seconds

NOTE: 1 MB RAM (0 GB) is required!
Estimate model parameters (epsilon = 0.100)
1. Initial log-likelihood: -3329.757
2. Current log-likelihood: -3207.767
3. Current log-likelihood: -3207.090
Optimal log-likelihood: -3207.077
Rate parameters:  A-C: 2.45642  A-G: 6.69981  A-T: 1.50963  C-G: 3.25493  C-T: 4.66269  G-T: 1.00000
Base frequencies:  A: 0.264  C: 0.212  G: 0.259  T: 0.265
Gamma shape alpha: 0.165
Parameters optimization took 3 rounds (0.035 sec)
Wrote distance file to... 
Computing ML distances based on estimated model parameters...
Calculating distance matrix: done in 0.00570893 secs using 99.98% CPU
Computing ML distances took 0.005760 sec (of wall-clock time) 0.005760 sec (of CPU time)
Setting up auxiliary I and S matrices: done in 0.000241041 secs using 99.57% CPU
Constructing RapidNJ tree: done in 0.000457048 secs using 271.3% CPU
Computing RapidNJ tree took 0.000821 sec (of wall-clock time) 0.001659 sec (of CPU time)
Log-likelihood of RapidNJ tree: -3224.802
--------------------------------------------------------------------
|             INITIALIZING CANDIDATE TREE SET                      |
--------------------------------------------------------------------
Generating 98 parsimony trees... 0.099 second
Computing log-likelihood of 98 initial trees ... 0.123 seconds
Current best score: -3194.108

Do NNI search on 20 best initial trees
Estimate model parameters (epsilon = 0.100)
BETTER TREE FOUND at iteration 1: -3193.453
Estimate model parameters (epsilon = 0.100)
BETTER TREE FOUND at iteration 3: -3191.295
Iteration 10 / LogL: -3195.271 / Time: 0h:0m:0s
Iteration 20 / LogL: -3194.512 / Time: 0h:0m:0s
Finish initializing candidate tree set (20)
Current best tree score: -3191.295 / CPU time: 0.598
Number of iterations: 20
--------------------------------------------------------------------
|               OPTIMIZING CANDIDATE TREE SET                      |
--------------------------------------------------------------------
Estimate model parameters (epsilon = 0.100)
BETTER TREE FOUND at iteration 26: -3191.260
Estimate model parameters (epsilon = 0.100)
BETTER TREE FOUND at iteration 30: -3188.125
Iteration 30 / LogL: -3188.125 / Time: 0h:0m:0s (0h:0m:3s left)
BETTER TREE FOUND at iteration 35: -3188.124
BETTER TREE FOUND at iteration 37: -3188.123
Estimate model parameters (epsilon = 0.100)
BETTER TREE FOUND at iteration 38: -3187.972
Iteration 40 / LogL: -3188.123 / Time: 0h:0m:1s (0h:0m:2s left)
Iteration 50 / LogL: -3193.693 / Time: 0h:0m:1s (0h:0m:2s left)
BETTER TREE FOUND at iteration 52: -3187.971
Iteration 60 / LogL: -3193.297 / Time: 0h:0m:1s (0h:0m:2s left)
Iteration 70 / LogL: -3192.866 / Time: 0h:0m:1s (0h:0m:2s left)
Iteration 80 / LogL: -3187.973 / Time: 0h:0m:2s (0h:0m:1s left)
BETTER TREE FOUND at iteration 83: -3187.971
Iteration 90 / LogL: -3198.744 / Time: 0h:0m:2s (0h:0m:2s left)
Iteration 100 / LogL: -3193.317 / Time: 0h:0m:2s (0h:0m:2s left)
Iteration 110 / LogL: -3187.975 / Time: 0h:0m:2s (0h:0m:1s left)
BETTER TREE FOUND at iteration 117: -3187.970
Iteration 120 / LogL: -3190.835 / Time: 0h:0m:2s (0h:0m:2s left)
UPDATE BEST LOG-LIKELIHOOD: -3187.969
Iteration 130 / LogL: -3192.137 / Time: 0h:0m:3s (0h:0m:2s left)
Iteration 140 / LogL: -3187.970 / Time: 0h:0m:3s (0h:0m:1s left)
Iteration 150 / LogL: -3187.970 / Time: 0h:0m:3s (0h:0m:1s left)
BETTER TREE FOUND at iteration 160: -3187.969
Iteration 160 / LogL: -3187.969 / Time: 0h:0m:3s (0h:0m:2s left)
Iteration 170 / LogL: -3194.310 / Time: 0h:0m:4s (0h:0m:2s left)
Iteration 180 / LogL: -3188.492 / Time: 0h:0m:4s (0h:0m:1s left)
Iteration 190 / LogL: -3187.970 / Time: 0h:0m:4s (0h:0m:1s left)
Iteration 200 / LogL: -3189.448 / Time: 0h:0m:4s (0h:0m:1s left)
BETTER TREE FOUND at iteration 206: -3187.969
Iteration 210 / LogL: -3190.890 / Time: 0h:0m:5s (0h:0m:2s left)
Iteration 220 / LogL: -3189.449 / Time: 0h:0m:5s (0h:0m:2s left)
Iteration 230 / LogL: -3187.970 / Time: 0h:0m:5s (0h:0m:1s left)
Iteration 240 / LogL: -3187.969 / Time: 0h:0m:5s (0h:0m:1s left)
Iteration 250 / LogL: -3187.970 / Time: 0h:0m:5s (0h:0m:1s left)
Iteration 260 / LogL: -3190.444 / Time: 0h:0m:6s (0h:0m:1s left)
Iteration 270 / LogL: -3187.969 / Time: 0h:0m:6s (0h:0m:0s left)
UPDATE BEST LOG-LIKELIHOOD: -3187.968
Iteration 280 / LogL: -3187.969 / Time: 0h:0m:6s (0h:0m:0s left)
Iteration 290 / LogL: -3187.971 / Time: 0h:0m:6s (0h:0m:0s left)
Iteration 300 / LogL: -3187.969 / Time: 0h:0m:7s (0h:0m:0s left)
TREE SEARCH COMPLETED AFTER 307 ITERATIONS / Time: 0h:0m:7s

--------------------------------------------------------------------
|                    FINALIZING TREE SEARCH                        |
--------------------------------------------------------------------
Performs final model parameters optimization
Estimate model parameters (epsilon = 0.010)
1. Initial log-likelihood: -3187.968
Optimal log-likelihood: -3187.968
Rate parameters:  A-C: 2.67995  A-G: 7.74039  A-T: 1.57246  C-G: 3.57360  C-T: 4.45346  G-T: 1.00000
Base frequencies:  A: 0.264  C: 0.212  G: 0.259  T: 0.265
Gamma shape alpha: 0.176
Parameters optimization took 1 rounds (0.005 sec)
BEST SCORE FOUND : -3187.968
Total tree length: 0.451

Total number of iterations: 307
CPU time used for tree search: 7.316 sec (0h:0m:7s)
Wall-clock time used for tree search: 7.143 sec (0h:0m:7s)
Total CPU time used: 7.382 sec (0h:0m:7s)
Total wall-clock time used: 7.202 sec (0h:0m:7s)

Analysis results written to: 
  IQ-TREE report:                /workspace/IQTree_JarvD5a_Results/exon_12591.iqtree
  Maximum-likelihood tree:       /workspace/IQTree_JarvD5a_Results/exon_12591.treefile
  Likelihood distances:          /workspace/IQTree_JarvD5a_Results/exon_12591.mldist
  Screen log file:               /workspace/IQTree_JarvD5a_Results/exon_12591.log

Date and Time: Wed May 27 15:39:02 2026
