IQ-TREE version 3.1.2 for Linux x86 64-bit built May  7 2026
Developed by Bui Quang Minh, Thomas Wong, Nhan Ly-Trong, Huaiyan Ren
Contributed by Lam-Tung Nguyen, Dominik Schrempf, Chris Bielow,
Olga Chernomor, Michael Woodhams, Diep Thi Hoang, Heiko Schmidt

Host:    8084c4e79f09 (AVX512, FMA3, 1133 GB RAM)
Command: /workspace/iqtree-3.1.2-Linux/bin/iqtree3_intel -s /workspace/NeuralNJ/empirical/JarvD5a/exon_4982.fasta -st DNA -m GTR+G -seed 2201 -pre /workspace/IQTree_JarvD5a_Results/exon_4982 -quiet
Seed:    2201 (Using SPRNG - Scalable Parallel Random Number Generator)
Time:    Thu May 28 03:13:09 2026
Kernel:  AVX+FMA - 1 threads (384 CPU cores detected)

HINT: Use -nt option to specify number of threads because your CPU has 384 cores!
HINT: -nt AUTO will automatically determine the best number of threads to use.

Reading alignment file /workspace/NeuralNJ/empirical/JarvD5a/exon_4982.fasta ... Fasta format detected
Reading fasta file: done in 0.000724077 secs using 7.734% CPU
Alignment most likely contains DNA/RNA sequences
Constructing alignment: done in 0.0019381 secs using 98.34% CPU
Alignment has 47 sequences with 1670 columns, 307 distinct patterns
166 parsimony-informative, 171 singleton sites, 1333 constant sites
       Gap/Ambiguity  Composition  p-value
Analyzing sequences: done in 2.40803e-05 secs using 20.76% CPU
   1  ACACH    8.62%    passed     98.74%
   2  ANAPL   47.43%    passed     95.54%
   3  APAVI   12.57%    passed     96.70%
   4  APTFO    8.62%    passed     99.93%
   5  BALRE   47.43%    passed     94.32%
   6  BUCRH    8.62%    passed     99.00%
   7  CALAN    8.62%    passed     98.57%
   8  CAPCA    8.62%    passed     99.36%
   9  CARCR    8.62%    passed     99.35%
  10  CATAU    8.74%    passed     96.37%
  11  CHAPE    8.50%    passed     99.87%
  12  CHAVO    8.86%    passed     99.40%
  13  CHLUN    7.78%    passed     99.73%
  14  COLLI    8.62%    passed     99.53%
  15  CORBR    8.62%    passed     99.59%
  16  CUCCA    8.62%    passed     96.71%
  17  EGRGA    9.94%    passed     93.01%
  18  EURHE    8.62%    passed     99.98%
  19  FALPE    8.86%    passed     99.54%
  20  FULGL   75.45%    passed     70.75%
  21  GALGA    0.60%    passed     59.88%
  22  GAVST   47.43%    passed     95.50%
  23  GEOFO    8.62%    passed     98.61%
  24  HALAL    8.50%    passed     99.88%
  25  HALLE   13.17%    passed     99.53%
  26  LEPDI   47.43%    passed     95.31%
  27  MANVI    8.62%    passed     99.90%
  28  MELGA    8.62%    passed     99.87%
  29  MELUN    8.62%    passed     99.66%
  30  MERNU   49.58%    passed     88.47%
  31  MESUN    8.62%    passed     99.98%
  32  NESNO    8.98%    passed     99.91%
  33  NIPNI    8.98%    passed     99.83%
  34  OPHHO    9.70%    passed     96.82%
  35  PELCR   23.71%    passed     88.57%
  36  PHACA   35.45%    passed     57.41%
  37  PHALE    8.62%    passed     99.52%
  38  PHORU   72.10%    passed     85.00%
  39  PICPU    9.70%    passed     94.56%
  40  PODCR    8.80%    passed     99.84%
  41  PTEGU    8.26%    passed     99.78%
  42  PYGAD    8.98%    passed     99.43%
  43  STRCA   23.71%    passed     94.77%
  44  TAEGU    1.56%    passed     42.34%
  45  TAUER    8.62%    passed     99.15%
  46  TINMA    8.14%    passed     93.09%
  47  TYTAL    8.98%    passed     99.00%
WARNING: 2 sequences contain more than 50% gaps/ambiguity
****  TOTAL   16.72%  0 sequences failed composition chi2 test (p-value<5%; df=3)
Checking for duplicate sequences: done in 0.00012207 secs using 37.68% CPU

Create initial parsimony tree by phylogenetic likelihood library (PLL)... 0.001 seconds

NOTE: 1 MB RAM (0 GB) is required!
Estimate model parameters (epsilon = 0.100)
1. Initial log-likelihood: -6111.639
2. Current log-likelihood: -5773.057
3. Current log-likelihood: -5758.332
4. Current log-likelihood: -5757.029
Optimal log-likelihood: -5756.969
Rate parameters:  A-C: 0.77012  A-G: 2.49144  A-T: 0.57193  C-G: 1.31337  C-T: 3.08374  G-T: 1.00000
Base frequencies:  A: 0.332  C: 0.231  G: 0.189  T: 0.247
Gamma shape alpha: 0.125
Parameters optimization took 4 rounds (0.087 sec)
Wrote distance file to... 
Computing ML distances based on estimated model parameters...
Calculating distance matrix: done in 0.00702 secs using 99.99% CPU
Computing ML distances took 0.007084 sec (of wall-clock time) 0.007084 sec (of CPU time)
Setting up auxiliary I and S matrices: done in 9.98974e-05 secs using 225.2% CPU
Constructing RapidNJ tree: done in 0.000196934 secs using 100% CPU
Computing RapidNJ tree took 0.000326 sec (of wall-clock time) 0.000450 sec (of CPU time)
Log-likelihood of RapidNJ tree: -5787.591
--------------------------------------------------------------------
|             INITIALIZING CANDIDATE TREE SET                      |
--------------------------------------------------------------------
Generating 98 parsimony trees... 0.148 second
Computing log-likelihood of 98 initial trees ... 0.194 seconds
Current best score: -5754.648

Do NNI search on 20 best initial trees
Estimate model parameters (epsilon = 0.100)
BETTER TREE FOUND at iteration 1: -5737.768
Estimate model parameters (epsilon = 0.100)
BETTER TREE FOUND at iteration 4: -5737.681
Iteration 10 / LogL: -5738.566 / Time: 0h:0m:0s
Estimate model parameters (epsilon = 0.100)
BETTER TREE FOUND at iteration 12: -5735.630
Estimate model parameters (epsilon = 0.100)
BETTER TREE FOUND at iteration 13: -5733.451
Estimate model parameters (epsilon = 0.100)
BETTER TREE FOUND at iteration 15: -5732.774
Iteration 20 / LogL: -5737.761 / Time: 0h:0m:1s
Finish initializing candidate tree set (20)
Current best tree score: -5732.774 / CPU time: 1.391
Number of iterations: 20
--------------------------------------------------------------------
|               OPTIMIZING CANDIDATE TREE SET                      |
--------------------------------------------------------------------
Estimate model parameters (epsilon = 0.100)
BETTER TREE FOUND at iteration 24: -5732.652
Estimate model parameters (epsilon = 0.100)
BETTER TREE FOUND at iteration 26: -5730.638
Estimate model parameters (epsilon = 0.100)
BETTER TREE FOUND at iteration 30: -5728.987
Iteration 30 / LogL: -5728.987 / Time: 0h:0m:1s (0h:0m:6s left)
Iteration 40 / LogL: -5730.725 / Time: 0h:0m:2s (0h:0m:6s left)
Iteration 50 / LogL: -5733.096 / Time: 0h:0m:3s (0h:0m:5s left)
Iteration 60 / LogL: -5735.033 / Time: 0h:0m:3s (0h:0m:4s left)
Iteration 70 / LogL: -5728.992 / Time: 0h:0m:4s (0h:0m:3s left)
Estimate model parameters (epsilon = 0.100)
BETTER TREE FOUND at iteration 72: -5728.964
BETTER TREE FOUND at iteration 76: -5728.963
Iteration 80 / LogL: -5732.584 / Time: 0h:0m:4s (0h:0m:5s left)
Iteration 90 / LogL: -5736.693 / Time: 0h:0m:5s (0h:0m:5s left)
Iteration 100 / LogL: -5728.964 / Time: 0h:0m:6s (0h:0m:4s left)
Iteration 110 / LogL: -5733.416 / Time: 0h:0m:6s (0h:0m:3s left)
Estimate model parameters (epsilon = 0.100)
BETTER TREE FOUND at iteration 119: -5728.943
Iteration 120 / LogL: -5733.418 / Time: 0h:0m:7s (0h:0m:5s left)
Iteration 130 / LogL: -5729.382 / Time: 0h:0m:7s (0h:0m:5s left)
Iteration 140 / LogL: -5728.970 / Time: 0h:0m:8s (0h:0m:4s left)
Iteration 150 / LogL: -5734.064 / Time: 0h:0m:8s (0h:0m:4s left)
Iteration 160 / LogL: -5729.525 / Time: 0h:0m:9s (0h:0m:3s left)
Iteration 170 / LogL: -5728.969 / Time: 0h:0m:9s (0h:0m:2s left)
Iteration 180 / LogL: -5728.969 / Time: 0h:0m:10s (0h:0m:2s left)
Iteration 190 / LogL: -5729.382 / Time: 0h:0m:10s (0h:0m:1s left)
Iteration 200 / LogL: -5730.406 / Time: 0h:0m:11s (0h:0m:1s left)
Iteration 210 / LogL: -5729.749 / Time: 0h:0m:12s (0h:0m:0s left)
BETTER TREE FOUND at iteration 212: -5728.943
BETTER TREE FOUND at iteration 214: -5728.942
Iteration 220 / LogL: -5728.946 / Time: 0h:0m:12s (0h:0m:5s left)
Iteration 230 / LogL: -5728.943 / Time: 0h:0m:12s (0h:0m:4s left)
Iteration 240 / LogL: -5728.944 / Time: 0h:0m:13s (0h:0m:4s left)
Iteration 250 / LogL: -5728.967 / Time: 0h:0m:13s (0h:0m:3s left)
UPDATE BEST LOG-LIKELIHOOD: -5728.942
Iteration 260 / LogL: -5728.943 / Time: 0h:0m:14s (0h:0m:3s left)
Iteration 270 / LogL: -5728.943 / Time: 0h:0m:15s (0h:0m:2s left)
UPDATE BEST LOG-LIKELIHOOD: -5728.942
Iteration 280 / LogL: -5740.122 / Time: 0h:0m:15s (0h:0m:1s left)
Iteration 290 / LogL: -5807.273 / Time: 0h:0m:15s (0h:0m:1s left)
Iteration 300 / LogL: -5730.400 / Time: 0h:0m:16s (0h:0m:0s left)
Iteration 310 / LogL: -5732.159 / Time: 0h:0m:16s (0h:0m:0s left)
TREE SEARCH COMPLETED AFTER 315 ITERATIONS / Time: 0h:0m:17s

--------------------------------------------------------------------
|                    FINALIZING TREE SEARCH                        |
--------------------------------------------------------------------
Performs final model parameters optimization
Estimate model parameters (epsilon = 0.010)
1. Initial log-likelihood: -5728.942
Optimal log-likelihood: -5728.942
Rate parameters:  A-C: 0.71774  A-G: 2.46529  A-T: 0.54932  C-G: 1.29823  C-T: 3.04235  G-T: 1.00000
Base frequencies:  A: 0.332  C: 0.231  G: 0.189  T: 0.247
Gamma shape alpha: 0.121
Parameters optimization took 1 rounds (0.008 sec)
BEST SCORE FOUND : -5728.942
Total tree length: 0.827

Total number of iterations: 315
CPU time used for tree search: 17.166 sec (0h:0m:17s)
Wall-clock time used for tree search: 17.007 sec (0h:0m:17s)
Total CPU time used: 17.300 sec (0h:0m:17s)
Total wall-clock time used: 17.129 sec (0h:0m:17s)

Analysis results written to: 
  IQ-TREE report:                /workspace/IQTree_JarvD5a_Results/exon_4982.iqtree
  Maximum-likelihood tree:       /workspace/IQTree_JarvD5a_Results/exon_4982.treefile
  Likelihood distances:          /workspace/IQTree_JarvD5a_Results/exon_4982.mldist
  Screen log file:               /workspace/IQTree_JarvD5a_Results/exon_4982.log

Date and Time: Thu May 28 03:13:26 2026
