IQ-TREE version 3.1.2 for Linux x86 64-bit built May  7 2026
Developed by Bui Quang Minh, Thomas Wong, Nhan Ly-Trong, Huaiyan Ren
Contributed by Lam-Tung Nguyen, Dominik Schrempf, Chris Bielow,
Olga Chernomor, Michael Woodhams, Diep Thi Hoang, Heiko Schmidt

Host:    8084c4e79f09 (AVX512, FMA3, 1133 GB RAM)
Command: /workspace/iqtree-3.1.2-Linux/bin/iqtree3_intel -s /workspace/NeuralNJ/empirical/JarvD5a/exon_6008.fasta -st DNA -m GTR+G -seed 2201 -pre /workspace/IQTree_JarvD5a_Results/exon_6008 -quiet
Seed:    2201 (Using SPRNG - Scalable Parallel Random Number Generator)
Time:    Thu May 28 04:09:03 2026
Kernel:  AVX+FMA - 1 threads (384 CPU cores detected)

HINT: Use -nt option to specify number of threads because your CPU has 384 cores!
HINT: -nt AUTO will automatically determine the best number of threads to use.

Reading alignment file /workspace/NeuralNJ/empirical/JarvD5a/exon_6008.fasta ... Fasta format detected
Reading fasta file: done in 0.0006392 secs using 99.97% CPU
Alignment most likely contains DNA/RNA sequences
Constructing alignment: done in 0.00186396 secs using 67.01% CPU
Alignment has 42 sequences with 1578 columns, 653 distinct patterns
344 parsimony-informative, 211 singleton sites, 1023 constant sites
       Gap/Ambiguity  Composition  p-value
Analyzing sequences: done in 4.19617e-05 secs using 97.71% CPU
   1  ACACH   11.66%    passed     92.37%
   2  ANAPL   11.79%    passed     83.20%
   3  APAVI   35.99%    passed     93.23%
   4  APTFO   10.14%    passed     98.54%
   5  BUCRH   17.24%    passed     76.70%
   6  CALAN   12.04%    passed     70.07%
   7  CAPCA   42.21%    failed      1.55%
   8  CARCR    9.38%    passed     98.32%
   9  CATAU    9.51%    passed     96.40%
  10  CHAPE   15.46%    passed     51.05%
  11  CHAVO    9.89%    passed     96.05%
  12  CHLUN   10.01%    passed     98.29%
  13  COLLI    9.25%    passed     99.50%
  14  COLST   37.77%    failed      3.60%
  15  CORBR   10.14%    passed     75.74%
  16  CUCCA   12.29%    passed     98.32%
  17  EGRGA   10.52%    passed     99.39%
  18  FALPE   10.39%    passed     98.33%
  19  FULGL   10.52%    passed     98.79%
  20  GALGA   10.58%    passed     94.66%
  21  GEOFO    9.25%    passed     59.15%
  22  HALAL   11.03%    passed     99.49%
  23  HALLE   11.03%    passed     99.72%
  24  LEPDI   47.66%    passed     59.48%
  25  MANVI   15.59%    passed     87.47%
  26  MELGA   10.14%    passed     92.49%
  27  MELUN   11.41%    passed     80.51%
  28  MESUN   10.77%    passed     98.47%
  29  NESNO   10.39%    passed     97.64%
  30  NIPNI    8.62%    passed     98.84%
  31  OPHHO    9.25%    passed     98.32%
  32  PELCR   53.99%    failed      0.11%
  33  PHALE   11.53%    passed     95.79%
  34  PICPU   16.10%    passed     33.84%
  35  PODCR   46.13%    passed     63.11%
  36  PTEGU   10.14%    passed     99.10%
  37  PYGAD   12.93%    passed     79.44%
  38  STRCA   11.03%    passed     91.09%
  39  TAEGU    9.63%    passed     56.58%
  40  TAUER   41.83%    passed     61.44%
  41  TINMA   11.15%    passed     97.41%
  42  TYTAL   10.14%    passed     68.24%
WARNING: 1 sequences contain more than 50% gaps/ambiguity
****  TOTAL   16.58%  3 sequences failed composition chi2 test (p-value<5%; df=3)
Checking for duplicate sequences: done in 0.00012207 secs using 99.94% CPU

Create initial parsimony tree by phylogenetic likelihood library (PLL)... 0.002 seconds

NOTE: 3 MB RAM (0 GB) is required!
Estimate model parameters (epsilon = 0.100)
1. Initial log-likelihood: -11585.594
2. Current log-likelihood: -10910.882
3. Current log-likelihood: -10894.088
4. Current log-likelihood: -10893.845
Optimal log-likelihood: -10893.830
Rate parameters:  A-C: 3.02609  A-G: 4.70730  A-T: 1.17333  C-G: 2.68012  C-T: 4.26837  G-T: 1.00000
Base frequencies:  A: 0.330  C: 0.204  G: 0.226  T: 0.240
Gamma shape alpha: 0.246
Parameters optimization took 4 rounds (0.121 sec)
Wrote distance file to... 
Computing ML distances based on estimated model parameters...
Calculating distance matrix: done in 0.00527596 secs using 98.62% CPU
Computing ML distances took 0.005377 sec (of wall-clock time) 0.005295 sec (of CPU time)
Setting up auxiliary I and S matrices: done in 9.98974e-05 secs using 255.3% CPU
Constructing RapidNJ tree: done in 0.000168085 secs using 99.95% CPU
Computing RapidNJ tree took 0.000316 sec (of wall-clock time) 0.000470 sec (of CPU time)
Log-likelihood of RapidNJ tree: -10990.032
--------------------------------------------------------------------
|             INITIALIZING CANDIDATE TREE SET                      |
--------------------------------------------------------------------
Generating 98 parsimony trees... 0.279 second
Computing log-likelihood of 98 initial trees ... 0.358 seconds
Current best score: -10893.830

Do NNI search on 20 best initial trees
Estimate model parameters (epsilon = 0.100)
BETTER TREE FOUND at iteration 1: -10887.754
Estimate model parameters (epsilon = 0.100)
BETTER TREE FOUND at iteration 2: -10879.892
Estimate model parameters (epsilon = 0.100)
BETTER TREE FOUND at iteration 3: -10877.268
Iteration 10 / LogL: -10888.748 / Time: 0h:0m:1s
Iteration 20 / LogL: -10891.941 / Time: 0h:0m:1s
Finish initializing candidate tree set (20)
Current best tree score: -10877.268 / CPU time: 1.674
Number of iterations: 20
--------------------------------------------------------------------
|               OPTIMIZING CANDIDATE TREE SET                      |
--------------------------------------------------------------------
UPDATE BEST LOG-LIKELIHOOD: -10877.268
Iteration 30 / LogL: -10882.909 / Time: 0h:0m:2s (0h:0m:6s left)
Iteration 40 / LogL: -10877.270 / Time: 0h:0m:3s (0h:0m:5s left)
Estimate model parameters (epsilon = 0.100)
BETTER TREE FOUND at iteration 45: -10875.577
Iteration 50 / LogL: -10879.935 / Time: 0h:0m:3s (0h:0m:7s left)
Estimate model parameters (epsilon = 0.100)
BETTER TREE FOUND at iteration 56: -10875.545
Iteration 60 / LogL: -10875.546 / Time: 0h:0m:4s (0h:0m:7s left)
Iteration 70 / LogL: -10875.546 / Time: 0h:0m:5s (0h:0m:6s left)
Iteration 80 / LogL: -10875.546 / Time: 0h:0m:5s (0h:0m:5s left)
Iteration 90 / LogL: -10875.545 / Time: 0h:0m:6s (0h:0m:4s left)
Iteration 100 / LogL: -10875.577 / Time: 0h:0m:7s (0h:0m:3s left)
Iteration 110 / LogL: -10875.548 / Time: 0h:0m:7s (0h:0m:3s left)
Iteration 120 / LogL: -10875.546 / Time: 0h:0m:8s (0h:0m:2s left)
Iteration 130 / LogL: -10875.546 / Time: 0h:0m:9s (0h:0m:1s left)
Iteration 140 / LogL: -10881.628 / Time: 0h:0m:9s (0h:0m:1s left)
Iteration 150 / LogL: -10875.546 / Time: 0h:0m:10s (0h:0m:0s left)
TREE SEARCH COMPLETED AFTER 157 ITERATIONS / Time: 0h:0m:10s

--------------------------------------------------------------------
|                    FINALIZING TREE SEARCH                        |
--------------------------------------------------------------------
Performs final model parameters optimization
Estimate model parameters (epsilon = 0.010)
1. Initial log-likelihood: -10875.545
Optimal log-likelihood: -10875.545
Rate parameters:  A-C: 3.18580  A-G: 4.95255  A-T: 1.22429  C-G: 2.81207  C-T: 4.45605  G-T: 1.00000
Base frequencies:  A: 0.330  C: 0.204  G: 0.226  T: 0.240
Gamma shape alpha: 0.247
Parameters optimization took 1 rounds (0.013 sec)
BEST SCORE FOUND : -10875.545
Total tree length: 2.297

Total number of iterations: 157
CPU time used for tree search: 10.122 sec (0h:0m:10s)
Wall-clock time used for tree search: 10.713 sec (0h:0m:10s)
Total CPU time used: 10.312 sec (0h:0m:10s)
Total wall-clock time used: 10.886 sec (0h:0m:10s)

Analysis results written to: 
  IQ-TREE report:                /workspace/IQTree_JarvD5a_Results/exon_6008.iqtree
  Maximum-likelihood tree:       /workspace/IQTree_JarvD5a_Results/exon_6008.treefile
  Likelihood distances:          /workspace/IQTree_JarvD5a_Results/exon_6008.mldist
  Screen log file:               /workspace/IQTree_JarvD5a_Results/exon_6008.log

Date and Time: Thu May 28 04:09:14 2026
