IQ-TREE version 3.1.2 for Linux x86 64-bit built May  7 2026
Developed by Bui Quang Minh, Thomas Wong, Nhan Ly-Trong, Huaiyan Ren
Contributed by Lam-Tung Nguyen, Dominik Schrempf, Chris Bielow,
Olga Chernomor, Michael Woodhams, Diep Thi Hoang, Heiko Schmidt

Host:    8084c4e79f09 (AVX512, FMA3, 1133 GB RAM)
Command: /workspace/iqtree-3.1.2-Linux/bin/iqtree3_intel -s /workspace/NeuralNJ/empirical/JarvD5a/exon_2502.fasta -st DNA -m GTR+G -seed 2201 -pre /workspace/IQTree_JarvD5a_Results/exon_2502 -quiet
Seed:    2201 (Using SPRNG - Scalable Parallel Random Number Generator)
Time:    Wed May 27 22:47:22 2026
Kernel:  AVX+FMA - 1 threads (384 CPU cores detected)

HINT: Use -nt option to specify number of threads because your CPU has 384 cores!
HINT: -nt AUTO will automatically determine the best number of threads to use.

Reading alignment file /workspace/NeuralNJ/empirical/JarvD5a/exon_2502.fasta ... Fasta format detected
Reading fasta file: done in 0.000466108 secs using 22.96% CPU
Alignment most likely contains DNA/RNA sequences
Constructing alignment: done in 0.00114512 secs using 57.55% CPU
Alignment has 45 sequences with 760 columns, 295 distinct patterns
121 parsimony-informative, 133 singleton sites, 505 constant sites
       Gap/Ambiguity  Composition  p-value
Analyzing sequences: done in 3.29018e-05 secs using 27.35% CPU
   1  ACACH   28.42%    passed     89.35%
   2  ANAPL   12.63%    passed     90.29%
   3  APAVI   12.63%    passed     99.18%
   4  APTFO   12.63%    passed     99.93%
   5  BALRE   28.42%    passed     96.35%
   6  BUCRH   23.16%    passed     96.28%
   7  CALAN   12.63%    passed     64.24%
   8  CAPCA   12.63%    passed     98.23%
   9  CARCR   12.63%    passed     99.08%
  10  CATAU   36.84%    passed     97.92%
  11  CHAPE   12.63%    passed     95.29%
  12  CHAVO   12.63%    passed     96.53%
  13  CHLUN   12.63%    passed     98.27%
  14  COLLI   12.63%    passed     99.93%
  15  COLST   12.63%    passed     99.79%
  16  CORBR   13.95%    passed     96.52%
  17  CUCCA    4.74%    passed     95.45%
  18  EGRGA    9.08%    passed     95.04%
  19  EURHE   12.63%    passed     93.37%
  20  FALPE   12.63%    passed     91.75%
  21  FULGL   28.42%    passed     98.71%
  22  GALGA    1.84%    passed     93.87%
  23  GAVST   28.42%    passed     99.05%
  24  GEOFO   12.63%    passed     92.87%
  25  HALAL   28.42%    passed     99.68%
  26  HALLE   12.63%    passed     91.37%
  27  LEPDI   12.63%    passed     99.97%
  28  MANVI   12.63%    passed     91.19%
  29  MELGA    9.74%    passed     95.70%
  30  MELUN   36.32%    passed     30.49%
  31  MERNU   12.63%    passed     95.16%
  32  NIPNI   12.63%    passed     99.98%
  33  OPHHO   12.63%    passed     72.30%
  34  PELCR   28.42%    passed     99.69%
  35  PHALE   12.63%    passed     97.02%
  36  PHORU   12.63%    passed     96.24%
  37  PICPU   12.63%    passed     97.99%
  38  PODCR   12.63%    passed     99.13%
  39  PTEGU   28.42%    passed     96.43%
  40  PYGAD   12.63%    passed     99.99%
  41  STRCA   12.37%    passed     92.71%
  42  TAEGU    4.21%    passed     64.22%
  43  TAUER   12.63%    passed     93.14%
  44  TINMA    8.95%    passed     98.38%
  45  TYTAL   42.11%    passed     98.00%
****  TOTAL   16.24%  0 sequences failed composition chi2 test (p-value<5%; df=3)
Checking for duplicate sequences: done in 0.000134945 secs using 99.3% CPU

Create initial parsimony tree by phylogenetic likelihood library (PLL)... 0.002 seconds

NOTE: 1 MB RAM (0 GB) is required!
Estimate model parameters (epsilon = 0.100)
1. Initial log-likelihood: -4582.804
2. Current log-likelihood: -4289.264
3. Current log-likelihood: -4282.746
Optimal log-likelihood: -4282.669
Rate parameters:  A-C: 3.58251  A-G: 11.57700  A-T: 0.85054  C-G: 4.51600  C-T: 9.94729  G-T: 1.00000
Base frequencies:  A: 0.308  C: 0.218  G: 0.227  T: 0.246
Gamma shape alpha: 0.283
Parameters optimization took 3 rounds (0.127 sec)
Wrote distance file to... 
Computing ML distances based on estimated model parameters...
Calculating distance matrix: done in 0.00496817 secs using 99.96% CPU
Computing ML distances took 0.005065 sec (of wall-clock time) 0.005066 sec (of CPU time)
Setting up auxiliary I and S matrices: done in 0.000236988 secs using 100% CPU
Constructing RapidNJ tree: done in 0.000328064 secs using 290.5% CPU
Computing RapidNJ tree took 0.000633 sec (of wall-clock time) 0.001271 sec (of CPU time)
Log-likelihood of RapidNJ tree: -4306.508
--------------------------------------------------------------------
|             INITIALIZING CANDIDATE TREE SET                      |
--------------------------------------------------------------------
Generating 98 parsimony trees... 0.141 second
Computing log-likelihood of 98 initial trees ... 0.176 seconds
Current best score: -4258.102

Do NNI search on 20 best initial trees
Estimate model parameters (epsilon = 0.100)
BETTER TREE FOUND at iteration 1: -4250.165
Iteration 10 / LogL: -4260.341 / Time: 0h:0m:0s
Iteration 20 / LogL: -4261.379 / Time: 0h:0m:1s
Finish initializing candidate tree set (20)
Current best tree score: -4250.165 / CPU time: 1.013
Number of iterations: 20
--------------------------------------------------------------------
|               OPTIMIZING CANDIDATE TREE SET                      |
--------------------------------------------------------------------
Estimate model parameters (epsilon = 0.100)
BETTER TREE FOUND at iteration 29: -4248.674
Iteration 30 / LogL: -4251.026 / Time: 0h:0m:1s (0h:0m:5s left)
Iteration 40 / LogL: -4252.086 / Time: 0h:0m:1s (0h:0m:4s left)
Estimate model parameters (epsilon = 0.100)
BETTER TREE FOUND at iteration 41: -4245.209
Iteration 50 / LogL: -4256.175 / Time: 0h:0m:2s (0h:0m:4s left)
Iteration 60 / LogL: -4248.339 / Time: 0h:0m:2s (0h:0m:3s left)
Estimate model parameters (epsilon = 0.100)
BETTER TREE FOUND at iteration 62: -4244.802
Iteration 70 / LogL: -4244.803 / Time: 0h:0m:3s (0h:0m:4s left)
Iteration 80 / LogL: -4247.334 / Time: 0h:0m:3s (0h:0m:3s left)
Iteration 90 / LogL: -4251.540 / Time: 0h:0m:3s (0h:0m:3s left)
Iteration 100 / LogL: -4245.866 / Time: 0h:0m:4s (0h:0m:2s left)
Iteration 110 / LogL: -4249.896 / Time: 0h:0m:4s (0h:0m:2s left)
Iteration 120 / LogL: -4249.667 / Time: 0h:0m:5s (0h:0m:1s left)
Iteration 130 / LogL: -4244.806 / Time: 0h:0m:5s (0h:0m:1s left)
Iteration 140 / LogL: -4244.950 / Time: 0h:0m:5s (0h:0m:0s left)
Iteration 150 / LogL: -4248.198 / Time: 0h:0m:6s (0h:0m:0s left)
UPDATE BEST LOG-LIKELIHOOD: -4244.802
Iteration 160 / LogL: -4245.981 / Time: 0h:0m:6s (0h:0m:0s left)
TREE SEARCH COMPLETED AFTER 163 ITERATIONS / Time: 0h:0m:6s

--------------------------------------------------------------------
|                    FINALIZING TREE SEARCH                        |
--------------------------------------------------------------------
Performs final model parameters optimization
Estimate model parameters (epsilon = 0.010)
1. Initial log-likelihood: -4244.802
Optimal log-likelihood: -4244.802
Rate parameters:  A-C: 3.94253  A-G: 11.93904  A-T: 0.96866  C-G: 4.16580  C-T: 10.51175  G-T: 1.00000
Base frequencies:  A: 0.308  C: 0.218  G: 0.227  T: 0.246
Gamma shape alpha: 0.294
Parameters optimization took 1 rounds (0.007 sec)
BEST SCORE FOUND : -4244.802
Total tree length: 1.268

Total number of iterations: 163
CPU time used for tree search: 6.569 sec (0h:0m:6s)
Wall-clock time used for tree search: 6.399 sec (0h:0m:6s)
Total CPU time used: 6.739 sec (0h:0m:6s)
Total wall-clock time used: 6.559 sec (0h:0m:6s)

Analysis results written to: 
  IQ-TREE report:                /workspace/IQTree_JarvD5a_Results/exon_2502.iqtree
  Maximum-likelihood tree:       /workspace/IQTree_JarvD5a_Results/exon_2502.treefile
  Likelihood distances:          /workspace/IQTree_JarvD5a_Results/exon_2502.mldist
  Screen log file:               /workspace/IQTree_JarvD5a_Results/exon_2502.log

Date and Time: Wed May 27 22:47:29 2026
