IQ-TREE version 3.1.2 for Linux x86 64-bit built May  7 2026
Developed by Bui Quang Minh, Thomas Wong, Nhan Ly-Trong, Huaiyan Ren
Contributed by Lam-Tung Nguyen, Dominik Schrempf, Chris Bielow,
Olga Chernomor, Michael Woodhams, Diep Thi Hoang, Heiko Schmidt

Host:    8084c4e79f09 (AVX512, FMA3, 1133 GB RAM)
Command: /workspace/iqtree-3.1.2-Linux/bin/iqtree3_intel -s /workspace/NeuralNJ/empirical/JarvD5a/exon_12043.fasta -st DNA -m GTR+G -seed 2201 -pre /workspace/IQTree_JarvD5a_Results/exon_12043 -quiet
Seed:    2201 (Using SPRNG - Scalable Parallel Random Number Generator)
Time:    Wed May 27 14:14:43 2026
Kernel:  AVX+FMA - 1 threads (384 CPU cores detected)

HINT: Use -nt option to specify number of threads because your CPU has 384 cores!
HINT: -nt AUTO will automatically determine the best number of threads to use.

Reading alignment file /workspace/NeuralNJ/empirical/JarvD5a/exon_12043.fasta ... Fasta format detected
Reading fasta file: done in 0.00041914 secs using 13.36% CPU
Alignment most likely contains DNA/RNA sequences
Constructing alignment: done in 0.00108814 secs using 94.11% CPU
WARNING: 3 sites contain only gaps or ambiguous characters.
Alignment has 46 sequences with 926 columns, 263 distinct patterns
119 parsimony-informative, 105 singleton sites, 702 constant sites
       Gap/Ambiguity  Composition  p-value
Analyzing sequences: done in 1.88351e-05 secs using 15.93% CPU
   1  ACACH    6.05%    passed     97.67%
   2  ANAPL    5.94%    passed     99.68%
   3  APAVI   15.33%    passed     93.64%
   4  APTFO    6.05%    passed     99.50%
   5  BUCRH   31.10%    passed     96.44%
   6  CALAN    6.05%    passed     99.85%
   7  CAPCA    5.83%    passed     99.84%
   8  CARCR    6.05%    passed     99.85%
   9  CATAU   15.33%    passed     92.57%
  10  CHAPE    6.05%    passed     99.43%
  11  CHAVO    6.05%    passed     97.94%
  12  CHLUN    5.83%    passed     99.23%
  13  COLLI    5.83%    passed     98.21%
  14  COLST   28.73%    passed     87.07%
  15  CORBR    0.43%    passed     80.30%
  16  CUCCA    6.05%    passed     99.52%
  17  EGRGA    6.05%    passed     99.56%
  18  EURHE   38.23%    passed     69.01%
  19  FALPE    5.83%    passed     96.97%
  20  FULGL    6.05%    passed     99.93%
  21  GALGA    0.43%    passed     79.69%
  22  GAVST    5.83%    passed     99.91%
  23  GEOFO    0.43%    passed     94.03%
  24  HALAL    6.05%    passed     99.97%
  25  HALLE    6.05%    passed     99.97%
  26  LEPDI    6.05%    passed     99.62%
  27  MANVI    5.83%    passed     97.94%
  28  MELGA    5.83%    passed     97.63%
  29  MELUN    5.83%    passed     98.05%
  30  MERNU    6.05%    passed     96.86%
  31  MESUN   23.76%    passed     92.81%
  32  NESNO    6.05%    passed     99.88%
  33  NIPNI    6.05%    passed     98.60%
  34  OPHHO    6.05%    passed     99.63%
  35  PELCR    6.05%    passed     99.33%
  36  PHACA   28.08%    passed     83.38%
  37  PHORU    5.18%    passed     96.72%
  38  PICPU    5.83%    passed     85.69%
  39  PODCR   33.69%    passed     87.26%
  40  PTEGU    6.05%    passed     99.73%
  41  PYGAD    6.05%    passed     98.01%
  42  STRCA   10.80%    passed     99.35%
  43  TAEGU    0.43%    passed     83.37%
  44  TAUER   14.47%    passed     89.32%
  45  TINMA   38.23%    passed     81.75%
  46  TYTAL    6.05%    passed     99.50%
****  TOTAL   10.09%  0 sequences failed composition chi2 test (p-value<5%; df=3)
NOTE: HALLE is identical to HALAL but kept for subsequent analysis
Checking for duplicate sequences: done in 0.000110865 secs using 17.14% CPU

Create initial parsimony tree by phylogenetic likelihood library (PLL)... 0.002 seconds

NOTE: 1 MB RAM (0 GB) is required!
Estimate model parameters (epsilon = 0.100)
1. Initial log-likelihood: -4157.502
2. Current log-likelihood: -3939.782
3. Current log-likelihood: -3937.776
Optimal log-likelihood: -3937.757
Rate parameters:  A-C: 1.64715  A-G: 5.65668  A-T: 0.55529  C-G: 2.85702  C-T: 6.04943  G-T: 1.00000
Base frequencies:  A: 0.337  C: 0.193  G: 0.229  T: 0.241
Gamma shape alpha: 0.193
Parameters optimization took 3 rounds (0.088 sec)
Wrote distance file to... 
Computing ML distances based on estimated model parameters...
Calculating distance matrix: done in 0.00433588 secs using 100% CPU
Computing ML distances took 0.004389 sec (of wall-clock time) 0.004389 sec (of CPU time)
Setting up auxiliary I and S matrices: done in 0.000243902 secs using 100% CPU
Constructing RapidNJ tree: done in 0.00049305 secs using 261% CPU
Computing RapidNJ tree took 0.000816 sec (of wall-clock time) 0.001630 sec (of CPU time)
Log-likelihood of RapidNJ tree: -3961.050
--------------------------------------------------------------------
|             INITIALIZING CANDIDATE TREE SET                      |
--------------------------------------------------------------------
Generating 98 parsimony trees... 0.129 second
Computing log-likelihood of 98 initial trees ... 0.202 seconds
Current best score: -3929.181

Do NNI search on 20 best initial trees
Estimate model parameters (epsilon = 0.100)
BETTER TREE FOUND at iteration 1: -3924.608
Iteration 10 / LogL: -3937.211 / Time: 0h:0m:0s
Iteration 20 / LogL: -3937.751 / Time: 0h:0m:1s
Finish initializing candidate tree set (20)
Current best tree score: -3924.608 / CPU time: 0.971
Number of iterations: 20
--------------------------------------------------------------------
|               OPTIMIZING CANDIDATE TREE SET                      |
--------------------------------------------------------------------
Estimate model parameters (epsilon = 0.100)
BETTER TREE FOUND at iteration 22: -3923.554
Iteration 30 / LogL: -3927.608 / Time: 0h:0m:1s (0h:0m:4s left)
Iteration 40 / LogL: -3924.647 / Time: 0h:0m:1s (0h:0m:3s left)
Estimate model parameters (epsilon = 0.100)
BETTER TREE FOUND at iteration 49: -3921.117
Iteration 50 / LogL: -3931.542 / Time: 0h:0m:2s (0h:0m:4s left)
Iteration 60 / LogL: -3923.350 / Time: 0h:0m:2s (0h:0m:3s left)
BETTER TREE FOUND at iteration 65: -3921.116
Iteration 70 / LogL: -3933.029 / Time: 0h:0m:2s (0h:0m:3s left)
Estimate model parameters (epsilon = 0.100)
BETTER TREE FOUND at iteration 73: -3920.389
Estimate model parameters (epsilon = 0.100)
BETTER TREE FOUND at iteration 76: -3919.317
Iteration 80 / LogL: -3921.136 / Time: 0h:0m:3s (0h:0m:3s left)
Iteration 90 / LogL: -3921.063 / Time: 0h:0m:3s (0h:0m:3s left)
Iteration 100 / LogL: -3923.110 / Time: 0h:0m:3s (0h:0m:3s left)
Iteration 110 / LogL: -3919.317 / Time: 0h:0m:4s (0h:0m:2s left)
Iteration 120 / LogL: -3926.769 / Time: 0h:0m:4s (0h:0m:2s left)
BETTER TREE FOUND at iteration 123: -3919.317
Iteration 130 / LogL: -3933.559 / Time: 0h:0m:4s (0h:0m:3s left)
BETTER TREE FOUND at iteration 136: -3919.317
Iteration 140 / LogL: -3919.317 / Time: 0h:0m:5s (0h:0m:3s left)
BETTER TREE FOUND at iteration 145: -3919.316
Iteration 150 / LogL: -3919.317 / Time: 0h:0m:5s (0h:0m:3s left)
Iteration 160 / LogL: -3919.317 / Time: 0h:0m:6s (0h:0m:3s left)
Iteration 170 / LogL: -3921.856 / Time: 0h:0m:6s (0h:0m:2s left)
Iteration 180 / LogL: -3928.755 / Time: 0h:0m:6s (0h:0m:2s left)
Iteration 190 / LogL: -3922.817 / Time: 0h:0m:7s (0h:0m:2s left)
Iteration 200 / LogL: -3920.646 / Time: 0h:0m:7s (0h:0m:1s left)
Iteration 210 / LogL: -3919.317 / Time: 0h:0m:7s (0h:0m:1s left)
Iteration 220 / LogL: -3919.318 / Time: 0h:0m:8s (0h:0m:0s left)
UPDATE BEST LOG-LIKELIHOOD: -3919.316
Iteration 230 / LogL: -3919.317 / Time: 0h:0m:8s (0h:0m:0s left)
Iteration 240 / LogL: -3920.819 / Time: 0h:0m:9s (0h:0m:0s left)
TREE SEARCH COMPLETED AFTER 246 ITERATIONS / Time: 0h:0m:9s

--------------------------------------------------------------------
|                    FINALIZING TREE SEARCH                        |
--------------------------------------------------------------------
Performs final model parameters optimization
Estimate model parameters (epsilon = 0.010)
1. Initial log-likelihood: -3919.316
Optimal log-likelihood: -3919.316
Rate parameters:  A-C: 1.75198  A-G: 5.96894  A-T: 0.57806  C-G: 2.76786  C-T: 6.40177  G-T: 1.00000
Base frequencies:  A: 0.337  C: 0.193  G: 0.229  T: 0.241
Gamma shape alpha: 0.194
Parameters optimization took 1 rounds (0.006 sec)
BEST SCORE FOUND : -3919.316
Total tree length: 0.664

Total number of iterations: 246
CPU time used for tree search: 8.502 sec (0h:0m:8s)
Wall-clock time used for tree search: 9.107 sec (0h:0m:9s)
Total CPU time used: 8.625 sec (0h:0m:8s)
Total wall-clock time used: 9.222 sec (0h:0m:9s)

Analysis results written to: 
  IQ-TREE report:                /workspace/IQTree_JarvD5a_Results/exon_12043.iqtree
  Maximum-likelihood tree:       /workspace/IQTree_JarvD5a_Results/exon_12043.treefile
  Likelihood distances:          /workspace/IQTree_JarvD5a_Results/exon_12043.mldist
  Screen log file:               /workspace/IQTree_JarvD5a_Results/exon_12043.log

Date and Time: Wed May 27 14:14:53 2026
