IQ-TREE version 3.1.2 for Linux x86 64-bit built May  7 2026
Developed by Bui Quang Minh, Thomas Wong, Nhan Ly-Trong, Huaiyan Ren
Contributed by Lam-Tung Nguyen, Dominik Schrempf, Chris Bielow,
Olga Chernomor, Michael Woodhams, Diep Thi Hoang, Heiko Schmidt

Host:    8084c4e79f09 (AVX512, FMA3, 1133 GB RAM)
Command: /workspace/iqtree-3.1.2-Linux/bin/iqtree3_intel -s /workspace/NeuralNJ/empirical/JarvD5a/exon_1320.fasta -st DNA -m GTR+G -seed 2201 -pre /workspace/IQTree_JarvD5a_Results/exon_1320 -quiet
Seed:    2201 (Using SPRNG - Scalable Parallel Random Number Generator)
Time:    Wed May 27 16:50:42 2026
Kernel:  AVX+FMA - 1 threads (384 CPU cores detected)

HINT: Use -nt option to specify number of threads because your CPU has 384 cores!
HINT: -nt AUTO will automatically determine the best number of threads to use.

Reading alignment file /workspace/NeuralNJ/empirical/JarvD5a/exon_1320.fasta ... Fasta format detected
Reading fasta file: done in 0.000701904 secs using 85.91% CPU
Alignment most likely contains DNA/RNA sequences
Constructing alignment: done in 0.000856161 secs using 99.98% CPU
Alignment has 47 sequences with 726 columns, 229 distinct patterns
110 parsimony-informative, 85 singleton sites, 531 constant sites
       Gap/Ambiguity  Composition  p-value
Analyzing sequences: done in 1.90735e-05 secs using 99.61% CPU
   1  ACACH    4.13%    passed     94.62%
   2  ANAPL   32.78%    passed     87.93%
   3  APAVI    4.13%    passed     98.05%
   4  APTFO    4.13%    passed     99.99%
   5  BALRE    4.13%    passed     99.04%
   6  BUCRH    4.13%    passed     99.58%
   7  CALAN    4.13%    passed     92.48%
   8  CAPCA    4.13%    passed     99.97%
   9  CARCR    4.13%    passed     99.99%
  10  CATAU    4.13%    passed     99.91%
  11  CHAPE    4.96%    passed     81.19%
  12  CHAVO    4.13%    passed     98.15%
  13  CHLUN    4.13%    passed     99.73%
  14  COLLI    4.13%    passed     94.36%
  15  COLST    4.13%    passed     99.33%
  16  CORBR    4.13%    passed     99.56%
  17  CUCCA    4.13%    passed     99.99%
  18  EGRGA    4.13%    passed     99.71%
  19  EURHE    4.13%    passed     99.73%
  20  FALPE    4.96%    passed     84.02%
  21  FULGL    3.03%    passed     94.19%
  22  GALGA    1.65%    passed     93.41%
  23  GAVST   11.02%    passed     96.87%
  24  GEOFO    4.13%    passed     99.22%
  25  HALAL    5.23%    passed     99.03%
  26  HALLE    4.13%    passed     97.78%
  27  LEPDI    4.13%    passed     99.70%
  28  MANVI    4.13%    passed     99.30%
  29  MELGA    4.68%    passed     92.75%
  30  MELUN    4.13%    passed     99.90%
  31  MERNU    4.13%    passed     98.46%
  32  MESUN    4.13%    passed     99.17%
  33  NESNO    4.13%    passed     99.83%
  34  NIPNI    4.13%    passed     99.18%
  35  OPHHO    4.13%    passed     99.04%
  36  PELCR    4.96%    passed     99.99%
  37  PHACA    4.13%    passed     99.89%
  38  PHALE   10.88%    passed     97.11%
  39  PICPU    4.13%    passed     99.99%
  40  PODCR   13.22%    passed     98.07%
  41  PTEGU    4.13%    passed     99.51%
  42  PYGAD    4.13%    passed     99.92%
  43  STRCA   34.71%    passed     99.35%
  44  TAEGU    4.13%    passed     97.02%
  45  TAUER    6.34%    passed     99.42%
  46  TINMA    4.68%    passed     93.41%
  47  TYTAL    4.13%    passed     99.49%
****  TOTAL    5.95%  0 sequences failed composition chi2 test (p-value<5%; df=3)
Checking for duplicate sequences: done in 0.000108957 secs using 100% CPU

Create initial parsimony tree by phylogenetic likelihood library (PLL)... 0.001 seconds

NOTE: 1 MB RAM (0 GB) is required!
Estimate model parameters (epsilon = 0.100)
1. Initial log-likelihood: -3714.682
2. Current log-likelihood: -3549.250
3. Current log-likelihood: -3547.721
Optimal log-likelihood: -3547.712
Rate parameters:  A-C: 2.73486  A-G: 5.07394  A-T: 0.99707  C-G: 2.31004  C-T: 4.69164  G-T: 1.00000
Base frequencies:  A: 0.318  C: 0.214  G: 0.259  T: 0.209
Gamma shape alpha: 0.209
Parameters optimization took 3 rounds (0.061 sec)
Wrote distance file to... 
Computing ML distances based on estimated model parameters...
Calculating distance matrix: done in 0.00597405 secs using 98.94% CPU
Computing ML distances took 0.006040 sec (of wall-clock time) 0.005971 sec (of CPU time)
Setting up auxiliary I and S matrices: done in 0.000247955 secs using 87.92% CPU
Constructing RapidNJ tree: done in 0.000486851 secs using 238.7% CPU
Computing RapidNJ tree took 0.000825 sec (of wall-clock time) 0.001482 sec (of CPU time)
Log-likelihood of RapidNJ tree: -3578.011
--------------------------------------------------------------------
|             INITIALIZING CANDIDATE TREE SET                      |
--------------------------------------------------------------------
Generating 98 parsimony trees... 0.114 second
Computing log-likelihood of 98 initial trees ... 0.141 seconds
Current best score: -3538.016

Do NNI search on 20 best initial trees
Estimate model parameters (epsilon = 0.100)
BETTER TREE FOUND at iteration 1: -3531.763
Iteration 10 / LogL: -3539.548 / Time: 0h:0m:0s
Iteration 20 / LogL: -3537.269 / Time: 0h:0m:0s
Finish initializing candidate tree set (20)
Current best tree score: -3531.763 / CPU time: 0.821
Number of iterations: 20
--------------------------------------------------------------------
|               OPTIMIZING CANDIDATE TREE SET                      |
--------------------------------------------------------------------
Iteration 30 / LogL: -3533.644 / Time: 0h:0m:1s (0h:0m:2s left)
Estimate model parameters (epsilon = 0.100)
BETTER TREE FOUND at iteration 36: -3529.165
Iteration 40 / LogL: -3532.067 / Time: 0h:0m:1s (0h:0m:3s left)
BETTER TREE FOUND at iteration 42: -3529.164
Estimate model parameters (epsilon = 0.100)
BETTER TREE FOUND at iteration 48: -3524.512
Iteration 50 / LogL: -3530.371 / Time: 0h:0m:1s (0h:0m:3s left)
BETTER TREE FOUND at iteration 57: -3524.512
Iteration 60 / LogL: -3529.172 / Time: 0h:0m:2s (0h:0m:3s left)
BETTER TREE FOUND at iteration 70: -3524.512
Iteration 70 / LogL: -3524.512 / Time: 0h:0m:2s (0h:0m:3s left)
Iteration 80 / LogL: -3525.544 / Time: 0h:0m:2s (0h:0m:3s left)
BETTER TREE FOUND at iteration 85: -3524.512
Iteration 90 / LogL: -3524.512 / Time: 0h:0m:3s (0h:0m:3s left)
Iteration 100 / LogL: -3525.393 / Time: 0h:0m:3s (0h:0m:3s left)
Iteration 110 / LogL: -3531.094 / Time: 0h:0m:3s (0h:0m:2s left)
BETTER TREE FOUND at iteration 119: -3524.511
Iteration 120 / LogL: -3524.512 / Time: 0h:0m:4s (0h:0m:3s left)
Estimate model parameters (epsilon = 0.100)
BETTER TREE FOUND at iteration 130: -3524.281
Iteration 130 / LogL: -3524.281 / Time: 0h:0m:4s (0h:0m:3s left)
Iteration 140 / LogL: -3532.548 / Time: 0h:0m:4s (0h:0m:3s left)
BETTER TREE FOUND at iteration 144: -3524.280
Iteration 150 / LogL: -3524.281 / Time: 0h:0m:5s (0h:0m:3s left)
Iteration 160 / LogL: -3541.024 / Time: 0h:0m:5s (0h:0m:2s left)
Iteration 170 / LogL: -3537.499 / Time: 0h:0m:5s (0h:0m:2s left)
Iteration 180 / LogL: -3524.281 / Time: 0h:0m:6s (0h:0m:2s left)
Iteration 190 / LogL: -3524.284 / Time: 0h:0m:6s (0h:0m:1s left)
Iteration 200 / LogL: -3524.281 / Time: 0h:0m:6s (0h:0m:1s left)
Iteration 210 / LogL: -3524.281 / Time: 0h:0m:7s (0h:0m:1s left)
Iteration 220 / LogL: -3527.372 / Time: 0h:0m:7s (0h:0m:0s left)
Iteration 230 / LogL: -3537.501 / Time: 0h:0m:7s (0h:0m:0s left)
Iteration 240 / LogL: -3524.280 / Time: 0h:0m:8s (0h:0m:0s left)
TREE SEARCH COMPLETED AFTER 245 ITERATIONS / Time: 0h:0m:8s

--------------------------------------------------------------------
|                    FINALIZING TREE SEARCH                        |
--------------------------------------------------------------------
Performs final model parameters optimization
Estimate model parameters (epsilon = 0.010)
1. Initial log-likelihood: -3524.280
Optimal log-likelihood: -3524.280
Rate parameters:  A-C: 3.13251  A-G: 6.05019  A-T: 1.06479  C-G: 2.30930  C-T: 4.96470  G-T: 1.00000
Base frequencies:  A: 0.318  C: 0.214  G: 0.259  T: 0.209
Gamma shape alpha: 0.213
Parameters optimization took 1 rounds (0.007 sec)
BEST SCORE FOUND : -3524.280
Total tree length: 0.883

Total number of iterations: 245
CPU time used for tree search: 8.329 sec (0h:0m:8s)
Wall-clock time used for tree search: 8.156 sec (0h:0m:8s)
Total CPU time used: 8.425 sec (0h:0m:8s)
Total wall-clock time used: 8.248 sec (0h:0m:8s)

Analysis results written to: 
  IQ-TREE report:                /workspace/IQTree_JarvD5a_Results/exon_1320.iqtree
  Maximum-likelihood tree:       /workspace/IQTree_JarvD5a_Results/exon_1320.treefile
  Likelihood distances:          /workspace/IQTree_JarvD5a_Results/exon_1320.mldist
  Screen log file:               /workspace/IQTree_JarvD5a_Results/exon_1320.log

Date and Time: Wed May 27 16:50:50 2026
