IQ-TREE version 3.1.2 for Linux x86 64-bit built May  7 2026
Developed by Bui Quang Minh, Thomas Wong, Nhan Ly-Trong, Huaiyan Ren
Contributed by Lam-Tung Nguyen, Dominik Schrempf, Chris Bielow,
Olga Chernomor, Michael Woodhams, Diep Thi Hoang, Heiko Schmidt

Host:    8084c4e79f09 (AVX512, FMA3, 1133 GB RAM)
Command: /workspace/iqtree-3.1.2-Linux/bin/iqtree3_intel -s /workspace/NeuralNJ/empirical/JarvD5a/exon_14016.fasta -st DNA -m GTR+G -seed 2201 -pre /workspace/IQTree_JarvD5a_Results/exon_14016 -quiet
Seed:    2201 (Using SPRNG - Scalable Parallel Random Number Generator)
Time:    Wed May 27 18:17:07 2026
Kernel:  AVX+FMA - 1 threads (384 CPU cores detected)

HINT: Use -nt option to specify number of threads because your CPU has 384 cores!
HINT: -nt AUTO will automatically determine the best number of threads to use.

Reading alignment file /workspace/NeuralNJ/empirical/JarvD5a/exon_14016.fasta ... Fasta format detected
Reading fasta file: done in 0.000442982 secs using 82.4% CPU
Alignment most likely contains DNA/RNA sequences
Constructing alignment: done in 0.00110793 secs using 37.82% CPU
Alignment has 47 sequences with 922 columns, 411 distinct patterns
248 parsimony-informative, 156 singleton sites, 518 constant sites
       Gap/Ambiguity  Composition  p-value
Analyzing sequences: done in 3.00407e-05 secs using 99.86% CPU
   1  ACACH    2.71%    passed     87.55%
   2  ANAPL    1.74%    passed     81.10%
   3  APAVI   38.61%    passed     71.71%
   4  APTFO    1.08%    passed     98.66%
   5  BUCRH   38.61%    passed     83.66%
   6  CALAN    3.47%    passed     85.05%
   7  CAPCA   38.39%    passed     84.94%
   8  CARCR   38.61%    passed     71.99%
   9  CATAU   38.61%    passed     77.72%
  10  CHAPE    0.87%    passed     94.67%
  11  CHAVO    1.08%    passed     95.97%
  12  CHLUN   38.61%    passed     92.45%
  13  COLLI    1.74%    passed     92.46%
  14  COLST   38.18%    passed     67.95%
  15  CORBR    0.87%    passed     58.46%
  16  CUCCA    1.08%    passed     80.09%
  17  EGRGA    1.08%    passed     75.72%
  18  EURHE   38.61%    passed     82.42%
  19  FALPE    1.08%    passed     90.01%
  20  FULGL   38.61%    passed     82.48%
  21  GALGA    1.08%    passed     95.38%
  22  GAVST   39.05%    passed     78.31%
  23  GEOFO    0.65%    passed     23.78%
  24  HALAL   38.18%    passed     91.24%
  25  HALLE    0.65%    passed     93.01%
  26  LEPDI   38.61%    passed     97.05%
  27  MANVI    1.08%    passed     85.85%
  28  MELGA    1.08%    passed     87.08%
  29  MELUN    0.87%    passed     92.36%
  30  MERNU   38.61%    passed     51.73%
  31  MESUN    1.08%    passed     99.54%
  32  NESNO    0.87%    passed     70.54%
  33  NIPNI    1.08%    passed     90.81%
  34  OPHHO    1.08%    passed     72.56%
  35  PELCR   38.61%    passed     61.20%
  36  PHACA   38.61%    passed     88.40%
  37  PHALE    1.08%    passed     97.15%
  38  PHORU   39.05%    passed     39.03%
  39  PICPU    1.74%    passed     55.72%
  40  PODCR   38.39%    passed     82.42%
  41  PTEGU   38.39%    passed     65.61%
  42  PYGAD    1.08%    passed     99.55%
  43  STRCA    1.08%    passed     99.00%
  44  TAEGU    1.52%    passed     49.04%
  45  TAUER    1.08%    passed     95.77%
  46  TINMA    1.95%    passed     17.59%
  47  TYTAL   37.96%    passed     85.55%
****  TOTAL   16.35%  0 sequences failed composition chi2 test (p-value<5%; df=3)
Checking for duplicate sequences: done in 0.000121117 secs using 99.9% CPU

Create initial parsimony tree by phylogenetic likelihood library (PLL)... 0.002 seconds

NOTE: 2 MB RAM (0 GB) is required!
Estimate model parameters (epsilon = 0.100)
1. Initial log-likelihood: -7344.568
2. Current log-likelihood: -6935.921
3. Current log-likelihood: -6933.009
Optimal log-likelihood: -6933.000
Rate parameters:  A-C: 1.54473  A-G: 6.05831  A-T: 0.75370  C-G: 1.95357  C-T: 4.16699  G-T: 1.00000
Base frequencies:  A: 0.281  C: 0.229  G: 0.220  T: 0.269
Gamma shape alpha: 0.380
Parameters optimization took 3 rounds (0.110 sec)
Wrote distance file to... 
Computing ML distances based on estimated model parameters...
Calculating distance matrix: done in 0.00475097 secs using 99.98% CPU
Computing ML distances took 0.004839 sec (of wall-clock time) 0.004839 sec (of CPU time)
Setting up auxiliary I and S matrices: done in 0.000108004 secs using 231.5% CPU
Constructing RapidNJ tree: done in 0.000292063 secs using 99.98% CPU
Computing RapidNJ tree took 0.000459 sec (of wall-clock time) 0.000601 sec (of CPU time)
Log-likelihood of RapidNJ tree: -6995.098
--------------------------------------------------------------------
|             INITIALIZING CANDIDATE TREE SET                      |
--------------------------------------------------------------------
Generating 98 parsimony trees... 0.216 second
Computing log-likelihood of 98 initial trees ... 0.242 seconds
Current best score: -6918.503

Do NNI search on 20 best initial trees
Estimate model parameters (epsilon = 0.100)
BETTER TREE FOUND at iteration 1: -6908.022
Estimate model parameters (epsilon = 0.100)
BETTER TREE FOUND at iteration 4: -6907.283
Iteration 10 / LogL: -6918.181 / Time: 0h:0m:1s
Iteration 20 / LogL: -6920.450 / Time: 0h:0m:1s
Finish initializing candidate tree set (20)
Current best tree score: -6907.283 / CPU time: 1.349
Number of iterations: 20
--------------------------------------------------------------------
|               OPTIMIZING CANDIDATE TREE SET                      |
--------------------------------------------------------------------
Estimate model parameters (epsilon = 0.100)
BETTER TREE FOUND at iteration 24: -6902.869
Iteration 30 / LogL: -6907.288 / Time: 0h:0m:1s (0h:0m:6s left)
Estimate model parameters (epsilon = 0.100)
BETTER TREE FOUND at iteration 35: -6899.684
Iteration 40 / LogL: -6902.876 / Time: 0h:0m:2s (0h:0m:5s left)
Estimate model parameters (epsilon = 0.100)
BETTER TREE FOUND at iteration 47: -6898.960
Iteration 50 / LogL: -6901.551 / Time: 0h:0m:2s (0h:0m:5s left)
Estimate model parameters (epsilon = 0.100)
BETTER TREE FOUND at iteration 57: -6898.662
Iteration 60 / LogL: -6898.961 / Time: 0h:0m:3s (0h:0m:5s left)
Iteration 70 / LogL: -6900.004 / Time: 0h:0m:3s (0h:0m:4s left)
Iteration 80 / LogL: -6899.391 / Time: 0h:0m:4s (0h:0m:4s left)
Iteration 90 / LogL: -6899.133 / Time: 0h:0m:4s (0h:0m:3s left)
Iteration 100 / LogL: -6900.340 / Time: 0h:0m:5s (0h:0m:3s left)
Iteration 110 / LogL: -6902.220 / Time: 0h:0m:5s (0h:0m:2s left)
Iteration 120 / LogL: -6902.220 / Time: 0h:0m:6s (0h:0m:1s left)
UPDATE BEST LOG-LIKELIHOOD: -6898.661
Iteration 130 / LogL: -6898.853 / Time: 0h:0m:6s (0h:0m:1s left)
Iteration 140 / LogL: -6902.118 / Time: 0h:0m:7s (0h:0m:0s left)
UPDATE BEST LOG-LIKELIHOOD: -6898.661
Iteration 150 / LogL: -6898.662 / Time: 0h:0m:7s (0h:0m:0s left)
TREE SEARCH COMPLETED AFTER 158 ITERATIONS / Time: 0h:0m:8s

--------------------------------------------------------------------
|                    FINALIZING TREE SEARCH                        |
--------------------------------------------------------------------
Performs final model parameters optimization
Estimate model parameters (epsilon = 0.010)
1. Initial log-likelihood: -6898.661
Optimal log-likelihood: -6898.661
Rate parameters:  A-C: 1.51552  A-G: 5.82418  A-T: 0.70935  C-G: 1.89729  C-T: 4.04816  G-T: 1.00000
Base frequencies:  A: 0.281  C: 0.229  G: 0.220  T: 0.269
Gamma shape alpha: 0.384
Parameters optimization took 1 rounds (0.010 sec)
BEST SCORE FOUND : -6898.661
Total tree length: 1.718

Total number of iterations: 158
CPU time used for tree search: 8.081 sec (0h:0m:8s)
Wall-clock time used for tree search: 7.926 sec (0h:0m:7s)
Total CPU time used: 8.247 sec (0h:0m:8s)
Total wall-clock time used: 8.077 sec (0h:0m:8s)

Analysis results written to: 
  IQ-TREE report:                /workspace/IQTree_JarvD5a_Results/exon_14016.iqtree
  Maximum-likelihood tree:       /workspace/IQTree_JarvD5a_Results/exon_14016.treefile
  Likelihood distances:          /workspace/IQTree_JarvD5a_Results/exon_14016.mldist
  Screen log file:               /workspace/IQTree_JarvD5a_Results/exon_14016.log

Date and Time: Wed May 27 18:17:15 2026
