IQ-TREE version 3.1.2 for Linux x86 64-bit built May  7 2026
Developed by Bui Quang Minh, Thomas Wong, Nhan Ly-Trong, Huaiyan Ren
Contributed by Lam-Tung Nguyen, Dominik Schrempf, Chris Bielow,
Olga Chernomor, Michael Woodhams, Diep Thi Hoang, Heiko Schmidt

Host:    8084c4e79f09 (AVX512, FMA3, 1133 GB RAM)
Command: /workspace/iqtree-3.1.2-Linux/bin/iqtree3_intel -s /workspace/NeuralNJ/empirical/JarvD5a/exon_11176.fasta -st DNA -m GTR+G -seed 2201 -pre /workspace/IQTree_JarvD5a_Results/exon_11176 -quiet
Seed:    2201 (Using SPRNG - Scalable Parallel Random Number Generator)
Time:    Wed May 27 12:15:51 2026
Kernel:  AVX+FMA - 1 threads (384 CPU cores detected)

HINT: Use -nt option to specify number of threads because your CPU has 384 cores!
HINT: -nt AUTO will automatically determine the best number of threads to use.

Reading alignment file /workspace/NeuralNJ/empirical/JarvD5a/exon_11176.fasta ... Fasta format detected
Reading fasta file: done in 0.000241995 secs using 7.025% CPU
Alignment most likely contains DNA/RNA sequences
Constructing alignment: done in 0.00049901 secs
Alignment has 47 sequences with 434 columns, 63 distinct patterns
13 parsimony-informative, 32 singleton sites, 389 constant sites
       Gap/Ambiguity  Composition  p-value
Analyzing sequences: done in 7.15256e-06 secs
   1  ACACH    5.07%    passed     99.88%
   2  ANAPL    5.07%    passed     99.93%
   3  APTFO    5.07%    passed     99.98%
   4  BALRE    5.07%    passed     99.60%
   5  BUCRH    5.07%    passed     99.80%
   6  CALAN    5.07%    passed     99.98%
   7  CAPCA    5.07%    passed     99.98%
   8  CARCR    5.53%    passed     99.97%
   9  CATAU    5.07%    passed     99.72%
  10  CHAPE    5.07%    passed     99.26%
  11  CHAVO    5.07%    passed     99.98%
  12  CHLUN    5.07%    passed     99.98%
  13  COLLI    5.07%    passed     99.93%
  14  COLST    0.00%    passed     98.51%
  15  CORBR    5.07%    passed     99.82%
  16  CUCCA    5.07%    passed     99.91%
  17  EGRGA    5.07%    passed     99.99%
  18  EURHE    5.07%    passed     99.98%
  19  FALPE    5.07%    passed     99.98%
  20  FULGL    5.07%    passed     99.91%
  21  GALGA    5.07%    passed     99.81%
  22  GAVST    5.07%    passed     99.91%
  23  GEOFO    5.07%    passed     99.56%
  24  HALAL    5.07%    passed     99.98%
  25  HALLE   10.14%    passed     95.50%
  26  LEPDI    5.07%    passed     99.99%
  27  MANVI    5.07%    passed     99.95%
  28  MELGA    5.07%    passed     99.47%
  29  MELUN    5.07%    passed     97.65%
  30  MERNU    5.07%    passed     99.54%
  31  MESUN    5.07%    passed     99.99%
  32  NESNO    5.07%    passed     99.99%
  33  NIPNI    5.07%    passed     99.70%
  34  OPHHO    5.07%    passed     99.53%
  35  PELCR    5.07%    passed     99.98%
  36  PHACA    5.07%    passed     99.98%
  37  PHALE    5.07%    passed     99.98%
  38  PHORU    0.00%    passed     97.22%
  39  PICPU    5.07%    passed     99.88%
  40  PODCR    5.07%    passed     99.72%
  41  PTEGU    5.07%    passed     99.98%
  42  PYGAD    5.07%    passed     99.91%
  43  STRCA    0.00%    passed     96.26%
  44  TAEGU    3.69%    passed     99.73%
  45  TAUER    5.07%    passed     99.99%
  46  TINMA    5.07%    passed     99.41%
  47  TYTAL    5.07%    passed     99.88%
****  TOTAL    4.83%  0 sequences failed composition chi2 test (p-value<5%; df=3)
NOTE: CALAN is identical to APTFO but kept for subsequent analysis
NOTE: TAUER is identical to LEPDI but kept for subsequent analysis
Checking for duplicate sequences: done in 9.60827e-05 secs
Identifying sites to remove: done in 8.89301e-05 secs
NOTE: 9 identical sequences (see below) will be ignored for subsequent analysis
NOTE: CAPCA (identical to APTFO) is ignored but added at the end
NOTE: CHAVO (identical to APTFO) is ignored but added at the end
NOTE: CHLUN (identical to APTFO) is ignored but added at the end
NOTE: EURHE (identical to APTFO) is ignored but added at the end
NOTE: HALAL (identical to APTFO) is ignored but added at the end
NOTE: PELCR (identical to APTFO) is ignored but added at the end
NOTE: PHACA (identical to APTFO) is ignored but added at the end
NOTE: PHALE (identical to APTFO) is ignored but added at the end
NOTE: PTEGU (identical to APTFO) is ignored but added at the end
Alignment was printed to /workspace/IQTree_JarvD5a_Results/exon_11176.uniqueseq.phy

For your convenience alignment with unique sequences printed to /workspace/IQTree_JarvD5a_Results/exon_11176.uniqueseq.phy

Create initial parsimony tree by phylogenetic likelihood library (PLL)... 0.000 seconds

NOTE: 0 MB RAM (0 GB) is required!
Estimate model parameters (epsilon = 0.100)
1. Initial log-likelihood: -1072.416
2. Current log-likelihood: -1032.642
3. Current log-likelihood: -1032.468
Optimal log-likelihood: -1032.467
Rate parameters:  A-C: 3.28186  A-G: 7.62958  A-T: 0.18583  C-G: 3.17507  C-T: 10.07197  G-T: 1.00000
Base frequencies:  A: 0.294  C: 0.204  G: 0.259  T: 0.244
Gamma shape alpha: 0.020
Parameters optimization took 3 rounds (0.023 sec)
Wrote distance file to... 
Computing ML distances based on estimated model parameters...
Calculating distance matrix: done in 0.00389004 secs using 100% CPU
Computing ML distances took 0.003930 sec (of wall-clock time) 0.003929 sec (of CPU time)
Setting up auxiliary I and S matrices: done in 0.000201941 secs using 99.53% CPU
Constructing RapidNJ tree: done in 0.000351191 secs using 265.1% CPU
Computing RapidNJ tree took 0.000640 sec (of wall-clock time) 0.001233 sec (of CPU time)
Log-likelihood of RapidNJ tree: -1023.842
--------------------------------------------------------------------
|             INITIALIZING CANDIDATE TREE SET                      |
--------------------------------------------------------------------
Generating 98 parsimony trees... 0.048 second
Computing log-likelihood of 98 initial trees ... 0.053 seconds
Current best score: -1022.511

Do NNI search on 20 best initial trees
Estimate model parameters (epsilon = 0.100)
BETTER TREE FOUND at iteration 1: -1021.657
Estimate model parameters (epsilon = 0.100)
BETTER TREE FOUND at iteration 6: -1021.423
Estimate model parameters (epsilon = 0.100)
BETTER TREE FOUND at iteration 9: -1020.055
Iteration 10 / LogL: -1022.927 / Time: 0h:0m:0s
Iteration 20 / LogL: -1023.436 / Time: 0h:0m:0s
Finish initializing candidate tree set (20)
Current best tree score: -1020.055 / CPU time: 0.290
Number of iterations: 20
--------------------------------------------------------------------
|               OPTIMIZING CANDIDATE TREE SET                      |
--------------------------------------------------------------------
Estimate model parameters (epsilon = 0.100)
BETTER TREE FOUND at iteration 22: -1020.041
BETTER TREE FOUND at iteration 23: -1020.040
Iteration 30 / LogL: -1020.053 / Time: 0h:0m:0s (0h:0m:1s left)
Iteration 40 / LogL: -1023.097 / Time: 0h:0m:0s (0h:0m:1s left)
Iteration 50 / LogL: -1020.694 / Time: 0h:0m:0s (0h:0m:0s left)
Iteration 60 / LogL: -1025.244 / Time: 0h:0m:0s (0h:0m:0s left)
Iteration 70 / LogL: -1020.685 / Time: 0h:0m:0s (0h:0m:0s left)
Iteration 80 / LogL: -1021.072 / Time: 0h:0m:0s (0h:0m:0s left)
Iteration 90 / LogL: -1020.684 / Time: 0h:0m:1s (0h:0m:0s left)
Iteration 100 / LogL: -1020.040 / Time: 0h:0m:1s (0h:0m:0s left)
Iteration 110 / LogL: -1020.053 / Time: 0h:0m:1s (0h:0m:0s left)
Iteration 120 / LogL: -1020.685 / Time: 0h:0m:1s (0h:0m:0s left)
TREE SEARCH COMPLETED AFTER 124 ITERATIONS / Time: 0h:0m:1s

--------------------------------------------------------------------
|                    FINALIZING TREE SEARCH                        |
--------------------------------------------------------------------
Performs final model parameters optimization
Estimate model parameters (epsilon = 0.010)
1. Initial log-likelihood: -1020.040
Optimal log-likelihood: -1020.040
Rate parameters:  A-C: 2.98991  A-G: 5.85021  A-T: 0.18662  C-G: 3.87425  C-T: 10.29702  G-T: 1.00000
Base frequencies:  A: 0.294  C: 0.204  G: 0.259  T: 0.244
Gamma shape alpha: 0.020
Parameters optimization took 1 rounds (0.003 sec)
BEST SCORE FOUND : -1020.040
Total tree length: 0.168

Total number of iterations: 124
CPU time used for tree search: 1.411 sec (0h:0m:1s)
Wall-clock time used for tree search: 1.347 sec (0h:0m:1s)
Total CPU time used: 1.453 sec (0h:0m:1s)
Total wall-clock time used: 1.387 sec (0h:0m:1s)

Analysis results written to: 
  IQ-TREE report:                /workspace/IQTree_JarvD5a_Results/exon_11176.iqtree
  Maximum-likelihood tree:       /workspace/IQTree_JarvD5a_Results/exon_11176.treefile
  Likelihood distances:          /workspace/IQTree_JarvD5a_Results/exon_11176.mldist
  Screen log file:               /workspace/IQTree_JarvD5a_Results/exon_11176.log

Date and Time: Wed May 27 12:15:52 2026
