IQ-TREE version 3.1.2 for Linux x86 64-bit built May  7 2026
Developed by Bui Quang Minh, Thomas Wong, Nhan Ly-Trong, Huaiyan Ren
Contributed by Lam-Tung Nguyen, Dominik Schrempf, Chris Bielow,
Olga Chernomor, Michael Woodhams, Diep Thi Hoang, Heiko Schmidt

Host:    8084c4e79f09 (AVX512, FMA3, 1133 GB RAM)
Command: /workspace/iqtree-3.1.2-Linux/bin/iqtree3_intel -s /workspace/NeuralNJ/empirical/JarvD5a/exon_11405.fasta -st DNA -m GTR+G -seed 2201 -pre /workspace/IQTree_JarvD5a_Results/exon_11405 -quiet
Seed:    2201 (Using SPRNG - Scalable Parallel Random Number Generator)
Time:    Wed May 27 12:52:57 2026
Kernel:  AVX+FMA - 1 threads (384 CPU cores detected)

HINT: Use -nt option to specify number of threads because your CPU has 384 cores!
HINT: -nt AUTO will automatically determine the best number of threads to use.

Reading alignment file /workspace/NeuralNJ/empirical/JarvD5a/exon_11405.fasta ... Fasta format detected
Reading fasta file: done in 0.000176907 secs using 23.18% CPU
Alignment most likely contains DNA/RNA sequences
Constructing alignment: done in 0.000377178 secs using 23.07% CPU
Alignment has 43 sequences with 258 columns, 46 distinct patterns
9 parsimony-informative, 21 singleton sites, 228 constant sites
       Gap/Ambiguity  Composition  p-value
Analyzing sequences: done in 7.86781e-06 secs using 25.42% CPU
   1  ANAPL   20.93%    passed     99.95%
   2  APAVI   20.93%    passed     99.95%
   3  APTFO   20.93%    passed     99.95%
   4  BALRE   20.93%    passed     99.95%
   5  BUCRH   20.93%    passed     99.95%
   6  CALAN   20.93%    passed     99.77%
   7  CAPCA   20.93%    passed     99.95%
   8  CARCR   10.85%    passed     80.28%
   9  CATAU   20.93%    passed     99.29%
  10  CHAPE   20.93%    passed     99.77%
  11  CHAVO   20.93%    passed     99.95%
  12  CHLUN   20.93%    passed     99.95%
  13  COLLI   20.93%    passed     97.32%
  14  COLST   20.93%    passed     99.89%
  15  CORBR   17.05%    passed     99.10%
  16  CUCCA    0.00%    passed     50.11%
  17  EGRGA   20.93%    passed     99.95%
  18  EURHE   20.93%    passed     99.77%
  19  FALPE   20.93%    passed     98.61%
  20  FULGL   20.93%    passed     99.95%
  21  GALGA    0.00%    passed     58.72%
  22  GAVST   20.93%    passed     99.95%
  23  GEOFO   20.93%    passed     99.30%
  24  HALAL   20.93%    passed     99.54%
  25  HALLE   20.93%    passed     99.54%
  26  LEPDI   37.21%    passed     99.40%
  27  MANVI   20.93%    passed     99.10%
  28  MELUN    0.00%    passed     60.82%
  29  MERNU   20.93%    passed     99.95%
  30  MESUN   20.93%    passed     99.54%
  31  NESNO   34.88%    passed     46.28%
  32  OPHHO   20.93%    passed     99.54%
  33  PELCR   20.93%    passed     99.95%
  34  PHACA   20.93%    passed     99.89%
  35  PHALE   20.93%    passed     99.95%
  36  PHORU   20.93%    passed     99.30%
  37  PICPU   20.93%    passed     99.95%
  38  PTEGU   20.93%    passed     99.95%
  39  PYGAD   20.93%    passed     99.95%
  40  STRCA   20.93%    passed     99.95%
  41  TAEGU    0.00%    passed     53.07%
  42  TAUER   20.93%    passed     99.95%
  43  TYTAL   20.93%    passed     99.70%
****  TOTAL   19.36%  0 sequences failed composition chi2 test (p-value<5%; df=3)
NOTE: APAVI is identical to ANAPL but kept for subsequent analysis
NOTE: CHAPE is identical to CALAN but kept for subsequent analysis
NOTE: PHORU is identical to GEOFO but kept for subsequent analysis
NOTE: HALLE is identical to HALAL but kept for subsequent analysis
Checking for duplicate sequences: done in 0.000103951 secs using 100% CPU
Identifying sites to remove: done in 7.58171e-05 secs using 98.92% CPU
NOTE: 19 identical sequences (see below) will be ignored for subsequent analysis
NOTE: APTFO (identical to ANAPL) is ignored but added at the end
NOTE: BALRE (identical to ANAPL) is ignored but added at the end
NOTE: BUCRH (identical to ANAPL) is ignored but added at the end
NOTE: CAPCA (identical to ANAPL) is ignored but added at the end
NOTE: CHAVO (identical to ANAPL) is ignored but added at the end
NOTE: CHLUN (identical to ANAPL) is ignored but added at the end
NOTE: EGRGA (identical to ANAPL) is ignored but added at the end
NOTE: FULGL (identical to ANAPL) is ignored but added at the end
NOTE: GAVST (identical to ANAPL) is ignored but added at the end
NOTE: MERNU (identical to ANAPL) is ignored but added at the end
NOTE: PELCR (identical to ANAPL) is ignored but added at the end
NOTE: PHALE (identical to ANAPL) is ignored but added at the end
NOTE: PICPU (identical to ANAPL) is ignored but added at the end
NOTE: PTEGU (identical to ANAPL) is ignored but added at the end
NOTE: PYGAD (identical to ANAPL) is ignored but added at the end
NOTE: STRCA (identical to ANAPL) is ignored but added at the end
NOTE: TAUER (identical to ANAPL) is ignored but added at the end
NOTE: EURHE (identical to CALAN) is ignored but added at the end
NOTE: MESUN (identical to HALAL) is ignored but added at the end
Alignment was printed to /workspace/IQTree_JarvD5a_Results/exon_11405.uniqueseq.phy

For your convenience alignment with unique sequences printed to /workspace/IQTree_JarvD5a_Results/exon_11405.uniqueseq.phy

Create initial parsimony tree by phylogenetic likelihood library (PLL)... 0.000 seconds

NOTE: 0 MB RAM (0 GB) is required!
Estimate model parameters (epsilon = 0.100)
1. Initial log-likelihood: -556.572
2. Current log-likelihood: -544.621
Optimal log-likelihood: -544.532
Rate parameters:  A-C: 1.93235  A-G: 3.55508  A-T: 1.36543  C-G: 3.27533  C-T: 11.32510  G-T: 1.00000
Base frequencies:  A: 0.342  C: 0.166  G: 0.275  T: 0.217
Gamma shape alpha: 0.289
Parameters optimization took 2 rounds (0.009 sec)
Wrote distance file to... 
Computing ML distances based on estimated model parameters...
Calculating distance matrix: done in 0.00203586 secs using 100% CPU
Computing ML distances took 0.002065 sec (of wall-clock time) 0.002066 sec (of CPU time)
Setting up auxiliary I and S matrices: done in 0.000124931 secs using 100.1% CPU
Constructing RapidNJ tree: done in 0.000179052 secs using 99.97% CPU
Computing RapidNJ tree took 0.000379 sec (of wall-clock time) 0.000378 sec (of CPU time)
Log-likelihood of RapidNJ tree: -555.963
--------------------------------------------------------------------
|             INITIALIZING CANDIDATE TREE SET                      |
--------------------------------------------------------------------
Generating 98 parsimony trees... 0.034 second
Computing log-likelihood of 98 initial trees ... 0.026 seconds
Current best score: -541.273

Do NNI search on 20 best initial trees
Estimate model parameters (epsilon = 0.100)
BETTER TREE FOUND at iteration 1: -540.679
Iteration 10 / LogL: -544.647 / Time: 0h:0m:0s
Iteration 20 / LogL: -544.648 / Time: 0h:0m:0s
Finish initializing candidate tree set (20)
Current best tree score: -540.679 / CPU time: 0.173
Number of iterations: 20
--------------------------------------------------------------------
|               OPTIMIZING CANDIDATE TREE SET                      |
--------------------------------------------------------------------
Iteration 30 / LogL: -540.680 / Time: 0h:0m:0s (0h:0m:0s left)
Iteration 40 / LogL: -540.680 / Time: 0h:0m:0s (0h:0m:0s left)
BETTER TREE FOUND at iteration 43: -540.679
Iteration 50 / LogL: -540.679 / Time: 0h:0m:0s (0h:0m:0s left)
Iteration 60 / LogL: -540.680 / Time: 0h:0m:0s (0h:0m:0s left)
Iteration 70 / LogL: -540.680 / Time: 0h:0m:0s (0h:0m:0s left)
Iteration 80 / LogL: -540.679 / Time: 0h:0m:0s (0h:0m:0s left)
Iteration 90 / LogL: -540.680 / Time: 0h:0m:0s (0h:0m:0s left)
Iteration 100 / LogL: -540.680 / Time: 0h:0m:0s (0h:0m:0s left)
Iteration 110 / LogL: -540.679 / Time: 0h:0m:0s (0h:0m:0s left)
Iteration 120 / LogL: -540.679 / Time: 0h:0m:0s (0h:0m:0s left)
Iteration 130 / LogL: -540.679 / Time: 0h:0m:0s (0h:0m:0s left)
BETTER TREE FOUND at iteration 140: -540.679
Iteration 140 / LogL: -540.679 / Time: 0h:0m:0s (0h:0m:0s left)
Iteration 150 / LogL: -540.680 / Time: 0h:0m:0s (0h:0m:0s left)
Iteration 160 / LogL: -541.619 / Time: 0h:0m:1s (0h:0m:0s left)
Iteration 170 / LogL: -540.680 / Time: 0h:0m:1s (0h:0m:0s left)
Iteration 180 / LogL: -540.679 / Time: 0h:0m:1s (0h:0m:0s left)
BETTER TREE FOUND at iteration 187: -540.679
Iteration 190 / LogL: -540.680 / Time: 0h:0m:1s (0h:0m:0s left)
Iteration 200 / LogL: -540.681 / Time: 0h:0m:1s (0h:0m:0s left)
Iteration 210 / LogL: -540.680 / Time: 0h:0m:1s (0h:0m:0s left)
BETTER TREE FOUND at iteration 219: -540.679
Iteration 220 / LogL: -540.680 / Time: 0h:0m:1s (0h:0m:0s left)
Iteration 230 / LogL: -540.679 / Time: 0h:0m:1s (0h:0m:0s left)
Iteration 240 / LogL: -540.680 / Time: 0h:0m:1s (0h:0m:0s left)
Iteration 250 / LogL: -541.617 / Time: 0h:0m:1s (0h:0m:0s left)
Iteration 260 / LogL: -540.679 / Time: 0h:0m:1s (0h:0m:0s left)
BETTER TREE FOUND at iteration 270: -540.679
Iteration 270 / LogL: -540.679 / Time: 0h:0m:1s (0h:0m:0s left)
Iteration 280 / LogL: -540.681 / Time: 0h:0m:1s (0h:0m:0s left)
Iteration 290 / LogL: -541.617 / Time: 0h:0m:1s (0h:0m:0s left)
BETTER TREE FOUND at iteration 292: -540.679
Iteration 300 / LogL: -540.679 / Time: 0h:0m:1s (0h:0m:0s left)
Iteration 310 / LogL: -540.679 / Time: 0h:0m:1s (0h:0m:0s left)
Iteration 320 / LogL: -540.679 / Time: 0h:0m:1s (0h:0m:0s left)
BETTER TREE FOUND at iteration 322: -540.679
Iteration 330 / LogL: -540.679 / Time: 0h:0m:2s (0h:0m:0s left)
Iteration 340 / LogL: -540.679 / Time: 0h:0m:2s (0h:0m:0s left)
Iteration 350 / LogL: -540.679 / Time: 0h:0m:2s (0h:0m:0s left)
Iteration 360 / LogL: -540.680 / Time: 0h:0m:2s (0h:0m:0s left)
Iteration 370 / LogL: -547.925 / Time: 0h:0m:2s (0h:0m:0s left)
Iteration 380 / LogL: -540.679 / Time: 0h:0m:2s (0h:0m:0s left)
BETTER TREE FOUND at iteration 388: -540.679
Iteration 390 / LogL: -540.679 / Time: 0h:0m:2s (0h:0m:0s left)
Iteration 400 / LogL: -540.680 / Time: 0h:0m:2s (0h:0m:0s left)
Iteration 410 / LogL: -540.680 / Time: 0h:0m:2s (0h:0m:0s left)
Iteration 420 / LogL: -540.679 / Time: 0h:0m:2s (0h:0m:0s left)
Iteration 430 / LogL: -540.679 / Time: 0h:0m:2s (0h:0m:0s left)
BETTER TREE FOUND at iteration 437: -540.678
Iteration 440 / LogL: -540.679 / Time: 0h:0m:2s (0h:0m:0s left)
Iteration 450 / LogL: -540.679 / Time: 0h:0m:2s (0h:0m:0s left)
Iteration 460 / LogL: -545.268 / Time: 0h:0m:2s (0h:0m:0s left)
Iteration 470 / LogL: -540.679 / Time: 0h:0m:2s (0h:0m:0s left)
Iteration 480 / LogL: -540.681 / Time: 0h:0m:2s (0h:0m:0s left)
BETTER TREE FOUND at iteration 487: -540.678
Iteration 490 / LogL: -540.679 / Time: 0h:0m:3s (0h:0m:0s left)
Iteration 500 / LogL: -540.712 / Time: 0h:0m:3s (0h:0m:0s left)
BETTER TREE FOUND at iteration 502: -540.678
Iteration 510 / LogL: -540.680 / Time: 0h:0m:3s (0h:0m:0s left)
WARNING: NNI search needs unusual large number of steps (24) to converge!
Iteration 520 / LogL: -540.679 / Time: 0h:0m:3s (0h:0m:0s left)
BETTER TREE FOUND at iteration 525: -540.678
Iteration 530 / LogL: -540.680 / Time: 0h:0m:3s (0h:0m:0s left)
Iteration 540 / LogL: -540.679 / Time: 0h:0m:3s (0h:0m:0s left)
BETTER TREE FOUND at iteration 550: -540.678
Iteration 550 / LogL: -540.678 / Time: 0h:0m:3s (0h:0m:0s left)
Iteration 560 / LogL: -540.679 / Time: 0h:0m:3s (0h:0m:0s left)
Iteration 570 / LogL: -540.679 / Time: 0h:0m:3s (0h:0m:0s left)
Iteration 580 / LogL: -540.680 / Time: 0h:0m:3s (0h:0m:0s left)
Iteration 590 / LogL: -540.680 / Time: 0h:0m:3s (0h:0m:0s left)
Iteration 600 / LogL: -540.679 / Time: 0h:0m:3s (0h:0m:0s left)
Iteration 610 / LogL: -540.679 / Time: 0h:0m:3s (0h:0m:0s left)
Iteration 620 / LogL: -541.617 / Time: 0h:0m:3s (0h:0m:0s left)
Iteration 630 / LogL: -540.678 / Time: 0h:0m:3s (0h:0m:0s left)
BETTER TREE FOUND at iteration 640: -540.678
Iteration 640 / LogL: -540.678 / Time: 0h:0m:4s (0h:0m:0s left)
BETTER TREE FOUND at iteration 647: -540.678
Iteration 650 / LogL: -540.679 / Time: 0h:0m:4s (0h:0m:0s left)
Iteration 660 / LogL: -540.680 / Time: 0h:0m:4s (0h:0m:0s left)
Iteration 670 / LogL: -540.679 / Time: 0h:0m:4s (0h:0m:0s left)
Iteration 680 / LogL: -540.678 / Time: 0h:0m:4s (0h:0m:0s left)
Iteration 690 / LogL: -540.680 / Time: 0h:0m:4s (0h:0m:0s left)
BETTER TREE FOUND at iteration 692: -540.678
Iteration 700 / LogL: -540.679 / Time: 0h:0m:4s (0h:0m:0s left)
Iteration 710 / LogL: -540.679 / Time: 0h:0m:4s (0h:0m:0s left)
Iteration 720 / LogL: -546.556 / Time: 0h:0m:4s (0h:0m:0s left)
Iteration 730 / LogL: -540.679 / Time: 0h:0m:4s (0h:0m:0s left)
Iteration 740 / LogL: -540.679 / Time: 0h:0m:4s (0h:0m:0s left)
Iteration 750 / LogL: -540.679 / Time: 0h:0m:4s (0h:0m:0s left)
Iteration 760 / LogL: -540.680 / Time: 0h:0m:4s (0h:0m:0s left)
Iteration 770 / LogL: -540.680 / Time: 0h:0m:4s (0h:0m:0s left)
Iteration 780 / LogL: -540.679 / Time: 0h:0m:4s (0h:0m:0s left)
Iteration 790 / LogL: -540.680 / Time: 0h:0m:4s (0h:0m:0s left)
TREE SEARCH COMPLETED AFTER 793 ITERATIONS / Time: 0h:0m:5s

--------------------------------------------------------------------
|                    FINALIZING TREE SEARCH                        |
--------------------------------------------------------------------
Performs final model parameters optimization
Estimate model parameters (epsilon = 0.010)
1. Initial log-likelihood: -540.678
Optimal log-likelihood: -540.678
Rate parameters:  A-C: 2.22588  A-G: 3.26793  A-T: 1.25683  C-G: 2.69838  C-T: 9.41850  G-T: 1.00000
Base frequencies:  A: 0.342  C: 0.166  G: 0.275  T: 0.217
Gamma shape alpha: 0.349
Parameters optimization took 1 rounds (0.001 sec)
BEST SCORE FOUND : -540.678
Total tree length: 0.162

Total number of iterations: 793
CPU time used for tree search: 5.151 sec (0h:0m:5s)
Wall-clock time used for tree search: 4.982 sec (0h:0m:4s)
Total CPU time used: 5.180 sec (0h:0m:5s)
Total wall-clock time used: 5.006 sec (0h:0m:5s)

Analysis results written to: 
  IQ-TREE report:                /workspace/IQTree_JarvD5a_Results/exon_11405.iqtree
  Maximum-likelihood tree:       /workspace/IQTree_JarvD5a_Results/exon_11405.treefile
  Likelihood distances:          /workspace/IQTree_JarvD5a_Results/exon_11405.mldist
  Screen log file:               /workspace/IQTree_JarvD5a_Results/exon_11405.log

Date and Time: Wed May 27 12:53:02 2026
