IQ-TREE version 3.1.2 for Linux x86 64-bit built May  7 2026
Developed by Bui Quang Minh, Thomas Wong, Nhan Ly-Trong, Huaiyan Ren
Contributed by Lam-Tung Nguyen, Dominik Schrempf, Chris Bielow,
Olga Chernomor, Michael Woodhams, Diep Thi Hoang, Heiko Schmidt

Host:    8084c4e79f09 (AVX512, FMA3, 1133 GB RAM)
Command: /workspace/iqtree-3.1.2-Linux/bin/iqtree3_intel -s /workspace/NeuralNJ/empirical/JarvD5a/exon_13973.fasta -st DNA -m GTR+G -seed 2201 -pre /workspace/IQTree_JarvD5a_Results/exon_13973 -quiet
Seed:    2201 (Using SPRNG - Scalable Parallel Random Number Generator)
Time:    Wed May 27 18:11:30 2026
Kernel:  AVX+FMA - 1 threads (384 CPU cores detected)

HINT: Use -nt option to specify number of threads because your CPU has 384 cores!
HINT: -nt AUTO will automatically determine the best number of threads to use.

Reading alignment file /workspace/NeuralNJ/empirical/JarvD5a/exon_13973.fasta ... Fasta format detected
Reading fasta file: done in 0.000694036 secs using 24.78% CPU
Alignment most likely contains DNA/RNA sequences
Constructing alignment: done in 0.00191712 secs using 90.24% CPU
Alignment has 46 sequences with 1596 columns, 734 distinct patterns
297 parsimony-informative, 329 singleton sites, 970 constant sites
       Gap/Ambiguity  Composition  p-value
Analyzing sequences: done in 4.98295e-05 secs using 102.3% CPU
   1  ACACH    8.15%    passed     99.19%
   2  ANAPL    7.02%    passed     93.98%
   3  APAVI   47.37%    passed     99.07%
   4  APTFO   32.83%    passed     80.08%
   5  BALRE    8.15%    passed     99.85%
   6  BUCRH    9.15%    passed      7.91%
   7  CALAN    7.14%    passed     92.45%
   8  CAPCA    8.15%    passed     97.76%
   9  CARCR    8.15%    passed     94.55%
  10  CATAU    8.15%    passed     98.44%
  11  CHAPE    8.15%    passed     95.06%
  12  CHAVO    9.15%    passed     99.91%
  13  CHLUN    8.15%    passed     99.61%
  14  COLLI    2.51%    passed     98.16%
  15  CORBR    8.15%    passed     93.43%
  16  CUCCA    8.15%    passed     98.00%
  17  EGRGA    8.02%    passed     99.73%
  18  EURHE   23.12%    passed     93.97%
  19  FALPE    8.27%    passed     95.83%
  20  FULGL   37.47%    passed     90.51%
  21  GALGA    2.51%    passed     91.93%
  22  GAVST    8.15%    passed     99.52%
  23  GEOFO    8.15%    passed     93.99%
  24  HALAL   28.57%    passed     67.42%
  25  HALLE    8.15%    passed     97.73%
  26  LEPDI    8.15%    passed     99.39%
  27  MANVI   11.28%    passed     78.12%
  28  MELGA   31.20%    passed     70.33%
  29  MELUN   16.79%    passed     95.64%
  30  MESUN    8.15%    passed     96.84%
  31  NESNO   17.54%    passed     96.47%
  32  NIPNI    3.63%    passed     98.33%
  33  OPHHO    8.15%    passed     92.35%
  34  PELCR    8.02%    passed     98.34%
  35  PHACA    8.15%    passed     99.17%
  36  PHALE   38.10%    passed     87.84%
  37  PHORU    8.15%    passed     99.04%
  38  PICPU    2.51%    passed     35.67%
  39  PODCR    8.77%    passed     99.98%
  40  PTEGU    7.64%    passed     99.46%
  41  PYGAD   13.16%    passed     91.34%
  42  STRCA    8.27%    passed     99.92%
  43  TAEGU    2.13%    passed     58.34%
  44  TAUER    8.15%    passed     99.36%
  45  TINMA    8.15%    passed     72.12%
  46  TYTAL   12.78%    passed     97.44%
****  TOTAL   12.17%  0 sequences failed composition chi2 test (p-value<5%; df=3)
Checking for duplicate sequences: done in 0.000138998 secs using 100% CPU

Create initial parsimony tree by phylogenetic likelihood library (PLL)... 0.003 seconds

NOTE: 4 MB RAM (0 GB) is required!
Estimate model parameters (epsilon = 0.100)
1. Initial log-likelihood: -10450.804
2. Current log-likelihood: -10048.549
3. Current log-likelihood: -10046.204
Optimal log-likelihood: -10046.196
Rate parameters:  A-C: 1.62973  A-G: 4.26201  A-T: 0.76816  C-G: 1.47831  C-T: 3.33685  G-T: 1.00000
Base frequencies:  A: 0.290  C: 0.217  G: 0.256  T: 0.236
Gamma shape alpha: 0.379
Parameters optimization took 3 rounds (0.135 sec)
Wrote distance file to... 
Computing ML distances based on estimated model parameters...
Calculating distance matrix: done in 0.00532007 secs using 99.08% CPU
Computing ML distances took 0.005444 sec (of wall-clock time) 0.005384 sec (of CPU time)
Setting up auxiliary I and S matrices: done in 0.000108004 secs using 249.1% CPU
Constructing RapidNJ tree: done in 0.000202894 secs using 72.45% CPU
Computing RapidNJ tree took 0.000369 sec (of wall-clock time) 0.000465 sec (of CPU time)
Log-likelihood of RapidNJ tree: -10148.100
--------------------------------------------------------------------
|             INITIALIZING CANDIDATE TREE SET                      |
--------------------------------------------------------------------
Generating 98 parsimony trees... 0.244 second
Computing log-likelihood of 98 initial trees ... 0.383 seconds
Current best score: -10046.196

Do NNI search on 20 best initial trees
Estimate model parameters (epsilon = 0.100)
BETTER TREE FOUND at iteration 1: -10038.740
Estimate model parameters (epsilon = 0.100)
BETTER TREE FOUND at iteration 2: -10034.623
Estimate model parameters (epsilon = 0.100)
BETTER TREE FOUND at iteration 3: -10033.326
Estimate model parameters (epsilon = 0.100)
BETTER TREE FOUND at iteration 8: -10032.767
Iteration 10 / LogL: -10040.745 / Time: 0h:0m:1s
Iteration 20 / LogL: -10043.969 / Time: 0h:0m:2s
Finish initializing candidate tree set (20)
Current best tree score: -10032.767 / CPU time: 2.002
Number of iterations: 20
--------------------------------------------------------------------
|               OPTIMIZING CANDIDATE TREE SET                      |
--------------------------------------------------------------------
Iteration 30 / LogL: -10032.772 / Time: 0h:0m:2s (0h:0m:7s left)
Iteration 40 / LogL: -10033.709 / Time: 0h:0m:3s (0h:0m:6s left)
Estimate model parameters (epsilon = 0.100)
BETTER TREE FOUND at iteration 43: -10030.452
UPDATE BEST LOG-LIKELIHOOD: -10030.452
Estimate model parameters (epsilon = 0.100)
BETTER TREE FOUND at iteration 46: -10029.801
Estimate model parameters (epsilon = 0.100)
BETTER TREE FOUND at iteration 47: -10028.359
Iteration 50 / LogL: -10029.831 / Time: 0h:0m:4s (0h:0m:9s left)
Estimate model parameters (epsilon = 0.100)
BETTER TREE FOUND at iteration 54: -10027.718
Iteration 60 / LogL: -10027.720 / Time: 0h:0m:5s (0h:0m:8s left)
Estimate model parameters (epsilon = 0.100)
BETTER TREE FOUND at iteration 65: -10025.500
UPDATE BEST LOG-LIKELIHOOD: -10025.500
Iteration 70 / LogL: -10025.500 / Time: 0h:0m:6s (0h:0m:8s left)
Iteration 80 / LogL: -10027.787 / Time: 0h:0m:6s (0h:0m:7s left)
Iteration 90 / LogL: -10032.601 / Time: 0h:0m:7s (0h:0m:6s left)
UPDATE BEST LOG-LIKELIHOOD: -10025.500
Iteration 100 / LogL: -10028.086 / Time: 0h:0m:8s (0h:0m:5s left)
Iteration 110 / LogL: -10027.436 / Time: 0h:0m:9s (0h:0m:4s left)
UPDATE BEST LOG-LIKELIHOOD: -10025.499
Iteration 120 / LogL: -10027.461 / Time: 0h:0m:9s (0h:0m:3s left)
Iteration 130 / LogL: -10025.503 / Time: 0h:0m:10s (0h:0m:2s left)
UPDATE BEST LOG-LIKELIHOOD: -10025.498
Iteration 140 / LogL: -10025.501 / Time: 0h:0m:11s (0h:0m:2s left)
Estimate model parameters (epsilon = 0.100)
BETTER TREE FOUND at iteration 144: -10024.844
Iteration 150 / LogL: -10026.706 / Time: 0h:0m:12s (0h:0m:7s left)
Iteration 160 / LogL: -10050.794 / Time: 0h:0m:12s (0h:0m:6s left)
Estimate model parameters (epsilon = 0.100)
BETTER TREE FOUND at iteration 168: -10023.912
Iteration 170 / LogL: -10059.949 / Time: 0h:0m:13s (0h:0m:7s left)
Estimate model parameters (epsilon = 0.100)
BETTER TREE FOUND at iteration 171: -10023.579
Estimate model parameters (epsilon = 0.100)
BETTER TREE FOUND at iteration 175: -10022.746
Iteration 180 / LogL: -10023.586 / Time: 0h:0m:14s (0h:0m:7s left)
UPDATE BEST LOG-LIKELIHOOD: -10022.746
Iteration 190 / LogL: -10024.798 / Time: 0h:0m:15s (0h:0m:6s left)
UPDATE BEST LOG-LIKELIHOOD: -10022.745
Iteration 200 / LogL: -10023.834 / Time: 0h:0m:16s (0h:0m:6s left)
Iteration 210 / LogL: -10022.747 / Time: 0h:0m:16s (0h:0m:5s left)
Iteration 220 / LogL: -10023.834 / Time: 0h:0m:17s (0h:0m:4s left)
Iteration 230 / LogL: -10023.587 / Time: 0h:0m:18s (0h:0m:3s left)
Iteration 240 / LogL: -10029.223 / Time: 0h:0m:19s (0h:0m:2s left)
UPDATE BEST LOG-LIKELIHOOD: -10022.745
Iteration 250 / LogL: -10023.584 / Time: 0h:0m:19s (0h:0m:1s left)
Iteration 260 / LogL: -10022.746 / Time: 0h:0m:20s (0h:0m:1s left)
Iteration 270 / LogL: -10023.257 / Time: 0h:0m:21s (0h:0m:0s left)
UPDATE BEST LOG-LIKELIHOOD: -10022.745
TREE SEARCH COMPLETED AFTER 276 ITERATIONS / Time: 0h:0m:21s

--------------------------------------------------------------------
|                    FINALIZING TREE SEARCH                        |
--------------------------------------------------------------------
Performs final model parameters optimization
Estimate model parameters (epsilon = 0.010)
1. Initial log-likelihood: -10022.745
Optimal log-likelihood: -10022.744
Rate parameters:  A-C: 1.66223  A-G: 4.47764  A-T: 0.79562  C-G: 1.50658  C-T: 3.42945  G-T: 1.00000
Base frequencies:  A: 0.290  C: 0.217  G: 0.256  T: 0.236
Gamma shape alpha: 0.379
Parameters optimization took 1 rounds (0.016 sec)
BEST SCORE FOUND : -10022.744
Total tree length: 1.274

Total number of iterations: 276
CPU time used for tree search: 21.796 sec (0h:0m:21s)
Wall-clock time used for tree search: 21.668 sec (0h:0m:21s)
Total CPU time used: 22.017 sec (0h:0m:22s)
Total wall-clock time used: 21.865 sec (0h:0m:21s)

Analysis results written to: 
  IQ-TREE report:                /workspace/IQTree_JarvD5a_Results/exon_13973.iqtree
  Maximum-likelihood tree:       /workspace/IQTree_JarvD5a_Results/exon_13973.treefile
  Likelihood distances:          /workspace/IQTree_JarvD5a_Results/exon_13973.mldist
  Screen log file:               /workspace/IQTree_JarvD5a_Results/exon_13973.log

Date and Time: Wed May 27 18:11:52 2026
