IQ-TREE version 3.1.2 for Linux x86 64-bit built May  7 2026
Developed by Bui Quang Minh, Thomas Wong, Nhan Ly-Trong, Huaiyan Ren
Contributed by Lam-Tung Nguyen, Dominik Schrempf, Chris Bielow,
Olga Chernomor, Michael Woodhams, Diep Thi Hoang, Heiko Schmidt

Host:    8084c4e79f09 (AVX512, FMA3, 1133 GB RAM)
Command: /workspace/iqtree-3.1.2-Linux/bin/iqtree3_intel -s /workspace/NeuralNJ/empirical/JarvD5a/exon_10774.fasta -st DNA -m GTR+G -seed 2201 -pre /workspace/IQTree_JarvD5a_Results/exon_10774 -quiet
Seed:    2201 (Using SPRNG - Scalable Parallel Random Number Generator)
Time:    Wed May 27 11:09:47 2026
Kernel:  AVX+FMA - 1 threads (384 CPU cores detected)

HINT: Use -nt option to specify number of threads because your CPU has 384 cores!
HINT: -nt AUTO will automatically determine the best number of threads to use.

Reading alignment file /workspace/NeuralNJ/empirical/JarvD5a/exon_10774.fasta ... Fasta format detected
Reading fasta file: done in 0.000934124 secs using 30.4% CPU
Alignment most likely contains DNA/RNA sequences
Constructing alignment: done in 0.00264406 secs using 41.15% CPU
Alignment has 46 sequences with 2284 columns, 454 distinct patterns
198 parsimony-informative, 178 singleton sites, 1908 constant sites
       Gap/Ambiguity  Composition  p-value
Analyzing sequences: done in 3.19481e-05 secs using 97.03% CPU
   1  ACACH    1.14%    passed     99.73%
   2  ANAPL    0.88%    passed     98.80%
   3  APAVI    1.14%    passed     99.39%
   4  APTFO    0.61%    passed     98.49%
   5  BALRE    1.14%    passed     96.71%
   6  BUCRH   47.81%    failed      4.00%
   7  CALAN    1.58%    passed     96.85%
   8  CAPCA   35.11%    passed     38.36%
   9  CARCR    2.15%    passed     93.00%
  10  CHAPE    0.61%    passed     96.52%
  11  CHAVO    0.96%    passed     99.35%
  12  CHLUN    1.23%    passed     98.74%
  13  COLLI    1.75%    passed     99.12%
  14  COLST    2.80%    passed     79.94%
  15  CORBR    0.79%    passed     97.88%
  16  CUCCA    1.66%    passed     91.44%
  17  EGRGA    2.10%    passed     89.58%
  18  FALPE    0.70%    passed     97.84%
  19  FULGL    1.23%    passed     83.93%
  20  GALGA    0.61%    passed     97.39%
  21  GAVST    4.64%    passed     92.31%
  22  GEOFO    2.10%    passed     87.97%
  23  HALAL   34.94%    passed     61.50%
  24  HALLE    0.53%    passed     97.06%
  25  LEPDI    4.38%    passed     82.78%
  26  MANVI    0.61%    passed     99.96%
  27  MELGA    0.70%    passed     97.03%
  28  MELUN    0.70%    passed     99.23%
  29  MERNU    4.90%    passed     82.61%
  30  MESUN    3.24%    passed     99.18%
  31  NESNO   33.80%    passed     42.34%
  32  NIPNI    0.88%    passed    100.00%
  33  OPHHO    2.19%    passed     96.87%
  34  PELCR    0.96%    passed     98.89%
  35  PHACA    1.75%    passed     94.78%
  36  PHALE   35.73%    passed     33.51%
  37  PHORU    1.84%    passed     99.01%
  38  PICPU    2.36%    passed     99.65%
  39  PODCR   34.94%    passed     37.02%
  40  PTEGU   58.49%    failed      0.66%
  41  PYGAD    1.62%    passed     98.28%
  42  STRCA    2.28%    passed     97.82%
  43  TAEGU    1.05%    passed     94.12%
  44  TAUER   40.46%    failed      1.37%
  45  TINMA    1.49%    passed     86.13%
  46  TYTAL    3.94%    passed     93.67%
WARNING: 1 sequences contain more than 50% gaps/ambiguity
****  TOTAL    8.40%  3 sequences failed composition chi2 test (p-value<5%; df=3)
Checking for duplicate sequences: done in 0.00012207 secs using 99.12% CPU

Create initial parsimony tree by phylogenetic likelihood library (PLL)... 0.002 seconds

NOTE: 2 MB RAM (0 GB) is required!
Estimate model parameters (epsilon = 0.100)
1. Initial log-likelihood: -8931.547
2. Current log-likelihood: -8447.304
3. Current log-likelihood: -8438.492
4. Current log-likelihood: -8438.006
Optimal log-likelihood: -8437.931
Rate parameters:  A-C: 2.01507  A-G: 4.26264  A-T: 0.90376  C-G: 1.55009  C-T: 5.30664  G-T: 1.00000
Base frequencies:  A: 0.297  C: 0.257  G: 0.225  T: 0.222
Gamma shape alpha: 0.086
Parameters optimization took 4 rounds (0.120 sec)
Wrote distance file to... 
Computing ML distances based on estimated model parameters...
Calculating distance matrix: done in 0.00676894 secs using 99.48% CPU
Computing ML distances took 0.006858 sec (of wall-clock time) 0.006815 sec (of CPU time)
Setting up auxiliary I and S matrices: done in 0.000109196 secs using 120.9% CPU
Constructing RapidNJ tree: done in 0.000189781 secs using 89.58% CPU
Computing RapidNJ tree took 0.000351 sec (of wall-clock time) 0.000343 sec (of CPU time)
Log-likelihood of RapidNJ tree: -8588.044
--------------------------------------------------------------------
|             INITIALIZING CANDIDATE TREE SET                      |
--------------------------------------------------------------------
Generating 98 parsimony trees... 0.178 second
Computing log-likelihood of 98 initial trees ... 0.295 seconds
Current best score: -8408.037

Do NNI search on 20 best initial trees
Estimate model parameters (epsilon = 0.100)
BETTER TREE FOUND at iteration 1: -8401.555
Estimate model parameters (epsilon = 0.100)
BETTER TREE FOUND at iteration 2: -8400.132
Estimate model parameters (epsilon = 0.100)
BETTER TREE FOUND at iteration 3: -8399.547
Iteration 10 / LogL: -8413.053 / Time: 0h:0m:1s
Iteration 20 / LogL: -8412.300 / Time: 0h:0m:1s
Finish initializing candidate tree set (20)
Current best tree score: -8399.547 / CPU time: 1.424
Number of iterations: 20
--------------------------------------------------------------------
|               OPTIMIZING CANDIDATE TREE SET                      |
--------------------------------------------------------------------
BETTER TREE FOUND at iteration 22: -8399.538
Estimate model parameters (epsilon = 0.100)
BETTER TREE FOUND at iteration 24: -8398.918
UPDATE BEST LOG-LIKELIHOOD: -8398.917
Iteration 30 / LogL: -8398.917 / Time: 0h:0m:2s (0h:0m:6s left)
Estimate model parameters (epsilon = 0.100)
BETTER TREE FOUND at iteration 34: -8398.408
Estimate model parameters (epsilon = 0.100)
BETTER TREE FOUND at iteration 38: -8396.814
Iteration 40 / LogL: -8403.213 / Time: 0h:0m:2s (0h:0m:6s left)
Estimate model parameters (epsilon = 0.100)
BETTER TREE FOUND at iteration 42: -8396.170
Iteration 50 / LogL: -8397.652 / Time: 0h:0m:3s (0h:0m:6s left)
Estimate model parameters (epsilon = 0.100)
BETTER TREE FOUND at iteration 59: -8396.132
Estimate model parameters (epsilon = 0.100)
BETTER TREE FOUND at iteration 60: -8393.782
Iteration 60 / LogL: -8393.782 / Time: 0h:0m:3s (0h:0m:6s left)
Iteration 70 / LogL: -8393.783 / Time: 0h:0m:4s (0h:0m:5s left)
Estimate model parameters (epsilon = 0.100)
BETTER TREE FOUND at iteration 80: -8392.979
Iteration 80 / LogL: -8392.979 / Time: 0h:0m:4s (0h:0m:6s left)
Iteration 90 / LogL: -8394.557 / Time: 0h:0m:5s (0h:0m:5s left)
Iteration 100 / LogL: -8396.163 / Time: 0h:0m:5s (0h:0m:4s left)
UPDATE BEST LOG-LIKELIHOOD: -8392.978
Iteration 110 / LogL: -8395.859 / Time: 0h:0m:6s (0h:0m:3s left)
Iteration 120 / LogL: -8417.982 / Time: 0h:0m:6s (0h:0m:3s left)
Iteration 130 / LogL: -8393.797 / Time: 0h:0m:7s (0h:0m:2s left)
UPDATE BEST LOG-LIKELIHOOD: -8392.978
Iteration 140 / LogL: -8394.568 / Time: 0h:0m:7s (0h:0m:2s left)
Iteration 150 / LogL: -8397.828 / Time: 0h:0m:8s (0h:0m:1s left)
Iteration 160 / LogL: -8392.980 / Time: 0h:0m:8s (0h:0m:1s left)
Iteration 170 / LogL: -8394.011 / Time: 0h:0m:9s (0h:0m:0s left)
UPDATE BEST LOG-LIKELIHOOD: -8392.978
UPDATE BEST LOG-LIKELIHOOD: -8392.977
Iteration 180 / LogL: -8392.979 / Time: 0h:0m:9s (0h:0m:0s left)
TREE SEARCH COMPLETED AFTER 181 ITERATIONS / Time: 0h:0m:9s

--------------------------------------------------------------------
|                    FINALIZING TREE SEARCH                        |
--------------------------------------------------------------------
Performs final model parameters optimization
Estimate model parameters (epsilon = 0.010)
1. Initial log-likelihood: -8392.977
Optimal log-likelihood: -8392.975
Rate parameters:  A-C: 2.17361  A-G: 4.53800  A-T: 0.86032  C-G: 1.57391  C-T: 5.47545  G-T: 1.00000
Base frequencies:  A: 0.297  C: 0.257  G: 0.225  T: 0.222
Gamma shape alpha: 0.095
Parameters optimization took 1 rounds (0.011 sec)
BEST SCORE FOUND : -8392.975
Total tree length: 0.569

Total number of iterations: 181
CPU time used for tree search: 8.773 sec (0h:0m:8s)
Wall-clock time used for tree search: 9.508 sec (0h:0m:9s)
Total CPU time used: 8.949 sec (0h:0m:8s)
Total wall-clock time used: 9.670 sec (0h:0m:9s)

Analysis results written to: 
  IQ-TREE report:                /workspace/IQTree_JarvD5a_Results/exon_10774.iqtree
  Maximum-likelihood tree:       /workspace/IQTree_JarvD5a_Results/exon_10774.treefile
  Likelihood distances:          /workspace/IQTree_JarvD5a_Results/exon_10774.mldist
  Screen log file:               /workspace/IQTree_JarvD5a_Results/exon_10774.log

Date and Time: Wed May 27 11:09:57 2026
