IQ-TREE version 3.1.2 for Linux x86 64-bit built May  7 2026
Developed by Bui Quang Minh, Thomas Wong, Nhan Ly-Trong, Huaiyan Ren
Contributed by Lam-Tung Nguyen, Dominik Schrempf, Chris Bielow,
Olga Chernomor, Michael Woodhams, Diep Thi Hoang, Heiko Schmidt

Host:    8084c4e79f09 (AVX512, FMA3, 1133 GB RAM)
Command: /workspace/iqtree-3.1.2-Linux/bin/iqtree3_intel -s /workspace/NeuralNJ/empirical/JarvD5a/exon_12298.fasta -st DNA -m GTR+G -seed 2201 -pre /workspace/IQTree_JarvD5a_Results/exon_12298 -quiet
Seed:    2201 (Using SPRNG - Scalable Parallel Random Number Generator)
Time:    Wed May 27 14:53:26 2026
Kernel:  AVX+FMA - 1 threads (384 CPU cores detected)

HINT: Use -nt option to specify number of threads because your CPU has 384 cores!
HINT: -nt AUTO will automatically determine the best number of threads to use.

Reading alignment file /workspace/NeuralNJ/empirical/JarvD5a/exon_12298.fasta ... Fasta format detected
Reading fasta file: done in 0.000812054 secs using 13.42% CPU
Alignment most likely contains DNA/RNA sequences
Constructing alignment: done in 0.00222516 secs using 99.99% CPU
Alignment has 47 sequences with 1892 columns, 534 distinct patterns
277 parsimony-informative, 212 singleton sites, 1403 constant sites
       Gap/Ambiguity  Composition  p-value
Analyzing sequences: done in 3.71933e-05 secs using 99.48% CPU
   1  ACACH    4.44%    passed     94.82%
   2  ANAPL    4.97%    passed     98.73%
   3  APAVI    4.76%    passed     98.32%
   4  APTFO    4.55%    passed     91.04%
   5  BALRE    3.59%    passed     91.87%
   6  BUCRH    5.18%    passed     95.23%
   7  CALAN    4.23%    passed     95.10%
   8  CAPCA   11.73%    passed     95.03%
   9  CARCR    4.76%    passed     97.57%
  10  CATAU    5.18%    passed     99.68%
  11  CHAPE    4.76%    passed     89.36%
  12  CHAVO    4.76%    passed     99.68%
  13  COLLI    4.76%    passed     98.07%
  14  COLST    4.76%    passed     95.71%
  15  CORBR    5.92%    passed     95.78%
  16  CUCCA    4.76%    passed     99.30%
  17  EGRGA    4.86%    passed     98.11%
  18  EURHE    4.76%    passed     97.06%
  19  FALPE    4.76%    passed     95.46%
  20  FULGL   30.55%    passed     48.67%
  21  GALGA    4.97%    passed     72.62%
  22  GAVST    4.76%    passed     99.36%
  23  GEOFO    3.38%    passed     97.43%
  24  HALAL    4.55%    passed     98.95%
  25  HALLE    4.55%    passed     98.95%
  26  LEPDI    5.39%    passed     74.26%
  27  MANVI    4.76%    passed     99.35%
  28  MELGA    4.97%    passed     87.43%
  29  MELUN    4.76%    passed     93.08%
  30  MERNU    3.59%    passed     91.07%
  31  MESUN   44.71%    passed     93.32%
  32  NESNO   16.28%    passed     92.78%
  33  NIPNI    4.86%    passed     92.26%
  34  OPHHO    4.76%    passed     97.57%
  35  PELCR   32.98%    passed     84.82%
  36  PHACA    4.44%    passed     98.55%
  37  PHALE   49.68%    passed     48.31%
  38  PHORU    4.76%    passed     96.81%
  39  PICPU    4.76%    passed     62.94%
  40  PODCR   39.43%    passed     84.49%
  41  PTEGU    4.76%    passed     97.03%
  42  PYGAD    4.44%    passed     94.12%
  43  STRCA    4.76%    passed     97.77%
  44  TAEGU    3.59%    passed     99.04%
  45  TAUER   13.85%    passed     99.08%
  46  TINMA   14.48%    passed     58.43%
  47  TYTAL    4.12%    passed     98.74%
****  TOTAL    9.16%  0 sequences failed composition chi2 test (p-value<5%; df=3)
NOTE: HALLE is identical to HALAL but kept for subsequent analysis
Checking for duplicate sequences: done in 0.000133038 secs using 99.97% CPU

Create initial parsimony tree by phylogenetic likelihood library (PLL)... 0.002 seconds

NOTE: 3 MB RAM (0 GB) is required!
Estimate model parameters (epsilon = 0.100)
1. Initial log-likelihood: -9600.660
2. Current log-likelihood: -9094.935
3. Current log-likelihood: -9086.399
4. Current log-likelihood: -9086.221
Optimal log-likelihood: -9086.210
Rate parameters:  A-C: 0.95250  A-G: 2.93120  A-T: 0.39611  C-G: 1.19585  C-T: 3.45811  G-T: 1.00000
Base frequencies:  A: 0.323  C: 0.199  G: 0.226  T: 0.253
Gamma shape alpha: 0.200
Parameters optimization took 4 rounds (0.165 sec)
Wrote distance file to... 
Computing ML distances based on estimated model parameters...
Calculating distance matrix: done in 0.00531006 secs using 99.77% CPU
Computing ML distances took 0.005396 sec (of wall-clock time) 0.005378 sec (of CPU time)
Setting up auxiliary I and S matrices: done in 0.000113964 secs using 242.2% CPU
Constructing RapidNJ tree: done in 0.000200033 secs using 99.98% CPU
Computing RapidNJ tree took 0.000342 sec (of wall-clock time) 0.000505 sec (of CPU time)
Log-likelihood of RapidNJ tree: -9160.781
--------------------------------------------------------------------
|             INITIALIZING CANDIDATE TREE SET                      |
--------------------------------------------------------------------
Generating 98 parsimony trees... 0.262 second
Computing log-likelihood of 98 initial trees ... 0.329 seconds
Current best score: -9076.492

Do NNI search on 20 best initial trees
Estimate model parameters (epsilon = 0.100)
BETTER TREE FOUND at iteration 1: -9064.480
Estimate model parameters (epsilon = 0.100)
BETTER TREE FOUND at iteration 2: -9062.237
Iteration 10 / LogL: -9074.812 / Time: 0h:0m:1s
Iteration 20 / LogL: -9070.093 / Time: 0h:0m:1s
Finish initializing candidate tree set (20)
Current best tree score: -9062.237 / CPU time: 1.773
Number of iterations: 20
--------------------------------------------------------------------
|               OPTIMIZING CANDIDATE TREE SET                      |
--------------------------------------------------------------------
Estimate model parameters (epsilon = 0.100)
BETTER TREE FOUND at iteration 22: -9061.524
Estimate model parameters (epsilon = 0.100)
BETTER TREE FOUND at iteration 23: -9060.286
Iteration 30 / LogL: -9060.287 / Time: 0h:0m:2s (0h:0m:8s left)
Estimate model parameters (epsilon = 0.100)
BETTER TREE FOUND at iteration 37: -9060.240
Iteration 40 / LogL: -9060.364 / Time: 0h:0m:3s (0h:0m:8s left)
Estimate model parameters (epsilon = 0.100)
BETTER TREE FOUND at iteration 44: -9060.071
Iteration 50 / LogL: -9082.286 / Time: 0h:0m:4s (0h:0m:8s left)
UPDATE BEST LOG-LIKELIHOOD: -9060.070
Iteration 60 / LogL: -9060.835 / Time: 0h:0m:5s (0h:0m:7s left)
UPDATE BEST LOG-LIKELIHOOD: -9060.070
Iteration 70 / LogL: -9060.373 / Time: 0h:0m:5s (0h:0m:6s left)
Iteration 80 / LogL: -9060.785 / Time: 0h:0m:6s (0h:0m:5s left)
Estimate model parameters (epsilon = 0.100)
BETTER TREE FOUND at iteration 82: -9059.860
Iteration 90 / LogL: -9089.437 / Time: 0h:0m:7s (0h:0m:7s left)
UPDATE BEST LOG-LIKELIHOOD: -9059.858
UPDATE BEST LOG-LIKELIHOOD: -9059.857
Iteration 100 / LogL: -9060.206 / Time: 0h:0m:8s (0h:0m:6s left)
Iteration 110 / LogL: -9060.205 / Time: 0h:0m:8s (0h:0m:5s left)
UPDATE BEST LOG-LIKELIHOOD: -9059.857
Iteration 120 / LogL: -9060.402 / Time: 0h:0m:9s (0h:0m:5s left)
Iteration 130 / LogL: -9065.770 / Time: 0h:0m:10s (0h:0m:4s left)
UPDATE BEST LOG-LIKELIHOOD: -9059.857
Iteration 140 / LogL: -9059.857 / Time: 0h:0m:11s (0h:0m:3s left)
Iteration 150 / LogL: -9059.858 / Time: 0h:0m:11s (0h:0m:2s left)
Iteration 160 / LogL: -9068.860 / Time: 0h:0m:12s (0h:0m:1s left)
UPDATE BEST LOG-LIKELIHOOD: -9059.856
Iteration 170 / LogL: -9059.857 / Time: 0h:0m:13s (0h:0m:0s left)
Iteration 180 / LogL: -9059.857 / Time: 0h:0m:14s (0h:0m:0s left)
TREE SEARCH COMPLETED AFTER 183 ITERATIONS / Time: 0h:0m:14s

--------------------------------------------------------------------
|                    FINALIZING TREE SEARCH                        |
--------------------------------------------------------------------
Performs final model parameters optimization
Estimate model parameters (epsilon = 0.010)
1. Initial log-likelihood: -9059.856
Optimal log-likelihood: -9059.856
Rate parameters:  A-C: 0.97265  A-G: 3.05540  A-T: 0.39244  C-G: 1.28014  C-T: 3.67690  G-T: 1.00000
Base frequencies:  A: 0.323  C: 0.199  G: 0.226  T: 0.253
Gamma shape alpha: 0.201
Parameters optimization took 1 rounds (0.012 sec)
BEST SCORE FOUND : -9059.856
Total tree length: 0.899

Total number of iterations: 183
CPU time used for tree search: 13.068 sec (0h:0m:13s)
Wall-clock time used for tree search: 14.192 sec (0h:0m:14s)
Total CPU time used: 13.292 sec (0h:0m:13s)
Total wall-clock time used: 14.401 sec (0h:0m:14s)

Analysis results written to: 
  IQ-TREE report:                /workspace/IQTree_JarvD5a_Results/exon_12298.iqtree
  Maximum-likelihood tree:       /workspace/IQTree_JarvD5a_Results/exon_12298.treefile
  Likelihood distances:          /workspace/IQTree_JarvD5a_Results/exon_12298.mldist
  Screen log file:               /workspace/IQTree_JarvD5a_Results/exon_12298.log

Date and Time: Wed May 27 14:53:40 2026
