IQ-TREE version 3.1.2 for Linux x86 64-bit built May  7 2026
Developed by Bui Quang Minh, Thomas Wong, Nhan Ly-Trong, Huaiyan Ren
Contributed by Lam-Tung Nguyen, Dominik Schrempf, Chris Bielow,
Olga Chernomor, Michael Woodhams, Diep Thi Hoang, Heiko Schmidt

Host:    8084c4e79f09 (AVX512, FMA3, 1133 GB RAM)
Command: /workspace/iqtree-3.1.2-Linux/bin/iqtree3_intel -s /workspace/NeuralNJ/empirical/JarvD5a/exon_14411.fasta -st DNA -m GTR+G -seed 2201 -pre /workspace/IQTree_JarvD5a_Results/exon_14411 -quiet
Seed:    2201 (Using SPRNG - Scalable Parallel Random Number Generator)
Time:    Wed May 27 19:00:13 2026
Kernel:  AVX+FMA - 1 threads (384 CPU cores detected)

HINT: Use -nt option to specify number of threads because your CPU has 384 cores!
HINT: -nt AUTO will automatically determine the best number of threads to use.

Reading alignment file /workspace/NeuralNJ/empirical/JarvD5a/exon_14411.fasta ... Fasta format detected
Reading fasta file: done in 0.000870228 secs using 50.68% CPU
Alignment most likely contains DNA/RNA sequences
Constructing alignment: done in 0.00211787 secs using 99.96% CPU
Alignment has 45 sequences with 1428 columns, 416 distinct patterns
170 parsimony-informative, 191 singleton sites, 1067 constant sites
       Gap/Ambiguity  Composition  p-value
Analyzing sequences: done in 4.29153e-05 secs using 100.2% CPU
   1  ACACH   16.39%    passed     99.28%
   2  ANAPL    2.94%    passed     93.75%
   3  APAVI   15.69%    passed     97.41%
   4  APTFO    2.94%    passed     99.88%
   5  BALRE   15.69%    passed     99.66%
   6  BUCRH   16.53%    passed     98.61%
   7  CALAN   16.95%    passed     73.36%
   8  CAPCA   21.57%    passed     99.70%
   9  CARCR   38.38%    passed     90.37%
  10  CATAU   16.25%    passed     99.21%
  11  CHAPE    2.66%    passed     87.01%
  12  CHAVO    2.66%    passed     99.60%
  13  CHLUN   16.39%    passed     98.54%
  14  COLLI    2.66%    passed     95.60%
  15  COLST   47.34%    passed     72.12%
  16  CORBR    2.94%    passed     91.48%
  17  CUCCA    2.52%    passed     99.76%
  18  EGRGA    2.80%    passed     99.57%
  19  EURHE   16.81%    passed     99.34%
  20  FULGL   22.13%    passed    100.00%
  21  GALGA    2.80%    passed     98.73%
  22  GAVST   15.41%    passed     97.05%
  23  GEOFO    2.80%    passed     88.35%
  24  HALAL   16.25%    passed     99.99%
  25  HALLE   13.17%    passed     76.29%
  26  LEPDI   16.39%    passed     96.29%
  27  MANVI    2.66%    passed     98.57%
  28  MELGA    2.66%    passed     99.74%
  29  MELUN    2.80%    passed     96.39%
  30  MERNU   16.81%    passed     90.05%
  31  MESUN   37.96%    passed     82.53%
  32  NESNO   16.95%    passed     98.08%
  33  NIPNI    2.66%    passed     99.58%
  34  OPHHO   16.53%    passed     99.96%
  35  PELCR   16.11%    passed     95.95%
  36  PHACA   16.25%    passed     99.70%
  37  PHALE   16.67%    passed     99.84%
  38  PHORU   16.95%    passed     99.73%
  39  PICPU    3.08%    passed     93.08%
  40  PYGAD    2.94%    passed     99.98%
  41  STRCA    3.22%    passed     99.56%
  42  TAEGU    2.52%    passed     97.75%
  43  TAUER   16.25%    passed     97.06%
  44  TINMA    3.22%    passed     92.70%
  45  TYTAL   16.25%    passed     98.47%
****  TOTAL   12.48%  0 sequences failed composition chi2 test (p-value<5%; df=3)
Checking for duplicate sequences: done in 0.000156879 secs using 92.43% CPU

Create initial parsimony tree by phylogenetic likelihood library (PLL)... 0.003 seconds

NOTE: 2 MB RAM (0 GB) is required!
Estimate model parameters (epsilon = 0.100)
1. Initial log-likelihood: -6348.645
2. Current log-likelihood: -6094.222
3. Current log-likelihood: -6092.815
Optimal log-likelihood: -6092.803
Rate parameters:  A-C: 1.68023  A-G: 4.50992  A-T: 0.85915  C-G: 1.38250  C-T: 5.38999  G-T: 1.00000
Base frequencies:  A: 0.301  C: 0.236  G: 0.256  T: 0.207
Gamma shape alpha: 0.234
Parameters optimization took 3 rounds (0.081 sec)
Wrote distance file to... 
Computing ML distances based on estimated model parameters...
Calculating distance matrix: done in 0.004529 secs using 100% CPU
Computing ML distances took 0.004616 sec (of wall-clock time) 0.004616 sec (of CPU time)
Setting up auxiliary I and S matrices: done in 0.000110149 secs using 228.8% CPU
Constructing RapidNJ tree: done in 0.000334024 secs using 151.5% CPU
Computing RapidNJ tree took 0.000500 sec (of wall-clock time) 0.000813 sec (of CPU time)
Log-likelihood of RapidNJ tree: -6146.096
--------------------------------------------------------------------
|             INITIALIZING CANDIDATE TREE SET                      |
--------------------------------------------------------------------
Generating 98 parsimony trees... 0.155 second
Computing log-likelihood of 98 initial trees ... 0.220 seconds
Current best score: -6076.851

Do NNI search on 20 best initial trees
Estimate model parameters (epsilon = 0.100)
BETTER TREE FOUND at iteration 1: -6074.161
Estimate model parameters (epsilon = 0.100)
BETTER TREE FOUND at iteration 6: -6074.003
Estimate model parameters (epsilon = 0.100)
BETTER TREE FOUND at iteration 7: -6073.131
Iteration 10 / LogL: -6077.681 / Time: 0h:0m:0s
Iteration 20 / LogL: -6082.217 / Time: 0h:0m:1s
Finish initializing candidate tree set (20)
Current best tree score: -6073.131 / CPU time: 1.095
Number of iterations: 20
--------------------------------------------------------------------
|               OPTIMIZING CANDIDATE TREE SET                      |
--------------------------------------------------------------------
Estimate model parameters (epsilon = 0.100)
BETTER TREE FOUND at iteration 23: -6070.788
Estimate model parameters (epsilon = 0.100)
BETTER TREE FOUND at iteration 27: -6070.204
Iteration 30 / LogL: -6071.274 / Time: 0h:0m:1s (0h:0m:5s left)
Estimate model parameters (epsilon = 0.100)
BETTER TREE FOUND at iteration 32: -6068.523
Iteration 40 / LogL: -6070.210 / Time: 0h:0m:2s (0h:0m:5s left)
Iteration 50 / LogL: -6073.603 / Time: 0h:0m:2s (0h:0m:4s left)
BETTER TREE FOUND at iteration 58: -6068.522
Iteration 60 / LogL: -6068.524 / Time: 0h:0m:3s (0h:0m:5s left)
UPDATE BEST LOG-LIKELIHOOD: -6068.522
Iteration 70 / LogL: -6068.522 / Time: 0h:0m:3s (0h:0m:4s left)
Iteration 80 / LogL: -6070.517 / Time: 0h:0m:4s (0h:0m:3s left)
Iteration 90 / LogL: -6069.180 / Time: 0h:0m:4s (0h:0m:3s left)
BETTER TREE FOUND at iteration 96: -6068.522
Iteration 100 / LogL: -6071.433 / Time: 0h:0m:4s (0h:0m:4s left)
UPDATE BEST LOG-LIKELIHOOD: -6068.522
Iteration 110 / LogL: -6068.528 / Time: 0h:0m:5s (0h:0m:4s left)
Iteration 120 / LogL: -6068.525 / Time: 0h:0m:5s (0h:0m:3s left)
UPDATE BEST LOG-LIKELIHOOD: -6068.521
Estimate model parameters (epsilon = 0.100)
BETTER TREE FOUND at iteration 129: -6068.412
Iteration 130 / LogL: -6072.000 / Time: 0h:0m:6s (0h:0m:4s left)
BETTER TREE FOUND at iteration 132: -6068.412
BETTER TREE FOUND at iteration 134: -6068.412
Iteration 140 / LogL: -6068.520 / Time: 0h:0m:6s (0h:0m:4s left)
Estimate model parameters (epsilon = 0.100)
BETTER TREE FOUND at iteration 147: -6067.777
Iteration 150 / LogL: -6069.056 / Time: 0h:0m:7s (0h:0m:4s left)
Iteration 160 / LogL: -6067.779 / Time: 0h:0m:7s (0h:0m:4s left)
Iteration 170 / LogL: -6090.186 / Time: 0h:0m:8s (0h:0m:3s left)
BETTER TREE FOUND at iteration 173: -6067.776
Iteration 180 / LogL: -6071.782 / Time: 0h:0m:8s (0h:0m:4s left)
Iteration 190 / LogL: -6070.431 / Time: 0h:0m:8s (0h:0m:3s left)
BETTER TREE FOUND at iteration 194: -6067.776
Iteration 200 / LogL: -6067.778 / Time: 0h:0m:9s (0h:0m:4s left)
Iteration 210 / LogL: -6067.778 / Time: 0h:0m:9s (0h:0m:3s left)
UPDATE BEST LOG-LIKELIHOOD: -6067.776
Iteration 220 / LogL: -6067.776 / Time: 0h:0m:10s (0h:0m:3s left)
BETTER TREE FOUND at iteration 230: -6067.775
Iteration 230 / LogL: -6067.775 / Time: 0h:0m:10s (0h:0m:4s left)
Iteration 240 / LogL: -6067.775 / Time: 0h:0m:11s (0h:0m:4s left)
Iteration 250 / LogL: -6067.780 / Time: 0h:0m:11s (0h:0m:3s left)
BETTER TREE FOUND at iteration 256: -6067.774
Iteration 260 / LogL: -6067.775 / Time: 0h:0m:12s (0h:0m:4s left)
Iteration 270 / LogL: -6067.777 / Time: 0h:0m:12s (0h:0m:3s left)
UPDATE BEST LOG-LIKELIHOOD: -6067.774
Iteration 280 / LogL: -6071.143 / Time: 0h:0m:12s (0h:0m:3s left)
Iteration 290 / LogL: -6071.554 / Time: 0h:0m:13s (0h:0m:3s left)
BETTER TREE FOUND at iteration 300: -6067.774
Iteration 300 / LogL: -6067.774 / Time: 0h:0m:13s (0h:0m:4s left)
Iteration 310 / LogL: -6067.777 / Time: 0h:0m:14s (0h:0m:4s left)
Iteration 320 / LogL: -6070.484 / Time: 0h:0m:14s (0h:0m:3s left)
Iteration 330 / LogL: -6070.432 / Time: 0h:0m:15s (0h:0m:3s left)
BETTER TREE FOUND at iteration 340: -6067.774
Iteration 340 / LogL: -6067.774 / Time: 0h:0m:15s (0h:0m:4s left)
Iteration 350 / LogL: -6071.443 / Time: 0h:0m:16s (0h:0m:4s left)
Iteration 360 / LogL: -6070.430 / Time: 0h:0m:16s (0h:0m:3s left)
Iteration 370 / LogL: -6071.534 / Time: 0h:0m:17s (0h:0m:3s left)
Iteration 380 / LogL: -6096.008 / Time: 0h:0m:17s (0h:0m:2s left)
Iteration 390 / LogL: -6067.775 / Time: 0h:0m:18s (0h:0m:2s left)
Iteration 400 / LogL: -6072.481 / Time: 0h:0m:18s (0h:0m:1s left)
Iteration 410 / LogL: -6067.777 / Time: 0h:0m:18s (0h:0m:1s left)
Iteration 420 / LogL: -6067.775 / Time: 0h:0m:19s (0h:0m:0s left)
Iteration 430 / LogL: -6067.776 / Time: 0h:0m:19s (0h:0m:0s left)
Iteration 440 / LogL: -6074.010 / Time: 0h:0m:20s (0h:0m:0s left)
TREE SEARCH COMPLETED AFTER 441 ITERATIONS / Time: 0h:0m:20s

--------------------------------------------------------------------
|                    FINALIZING TREE SEARCH                        |
--------------------------------------------------------------------
Performs final model parameters optimization
Estimate model parameters (epsilon = 0.010)
1. Initial log-likelihood: -6067.774
Optimal log-likelihood: -6067.774
Rate parameters:  A-C: 1.66084  A-G: 4.40946  A-T: 0.86149  C-G: 1.38382  C-T: 5.49001  G-T: 1.00000
Base frequencies:  A: 0.301  C: 0.236  G: 0.256  T: 0.207
Gamma shape alpha: 0.236
Parameters optimization took 1 rounds (0.009 sec)
BEST SCORE FOUND : -6067.774
Total tree length: 0.633

Total number of iterations: 441
CPU time used for tree search: 20.332 sec (0h:0m:20s)
Wall-clock time used for tree search: 20.171 sec (0h:0m:20s)
Total CPU time used: 20.458 sec (0h:0m:20s)
Total wall-clock time used: 20.287 sec (0h:0m:20s)

Analysis results written to: 
  IQ-TREE report:                /workspace/IQTree_JarvD5a_Results/exon_14411.iqtree
  Maximum-likelihood tree:       /workspace/IQTree_JarvD5a_Results/exon_14411.treefile
  Likelihood distances:          /workspace/IQTree_JarvD5a_Results/exon_14411.mldist
  Screen log file:               /workspace/IQTree_JarvD5a_Results/exon_14411.log

Date and Time: Wed May 27 19:00:33 2026
