IQ-TREE version 3.1.2 for Linux x86 64-bit built May  7 2026
Developed by Bui Quang Minh, Thomas Wong, Nhan Ly-Trong, Huaiyan Ren
Contributed by Lam-Tung Nguyen, Dominik Schrempf, Chris Bielow,
Olga Chernomor, Michael Woodhams, Diep Thi Hoang, Heiko Schmidt

Host:    8084c4e79f09 (AVX512, FMA3, 1133 GB RAM)
Command: /workspace/iqtree-3.1.2-Linux/bin/iqtree3_intel -s /workspace/NeuralNJ/empirical/JarvD5a/exon_8371.fasta -st DNA -m GTR+G -seed 2201 -pre /workspace/IQTree_JarvD5a_Results/exon_8371 -quiet
Seed:    2201 (Using SPRNG - Scalable Parallel Random Number Generator)
Time:    Thu May 28 07:58:57 2026
Kernel:  AVX+FMA - 1 threads (384 CPU cores detected)

HINT: Use -nt option to specify number of threads because your CPU has 384 cores!
HINT: -nt AUTO will automatically determine the best number of threads to use.

Reading alignment file /workspace/NeuralNJ/empirical/JarvD5a/exon_8371.fasta ... Fasta format detected
Reading fasta file: done in 0.000506163 secs using 38.53% CPU
Alignment most likely contains DNA/RNA sequences
Constructing alignment: done in 0.00135922 secs using 98.95% CPU
Alignment has 48 sequences with 1096 columns, 334 distinct patterns
167 parsimony-informative, 122 singleton sites, 806 constant sites
       Gap/Ambiguity  Composition  p-value
Analyzing sequences: done in 2.47955e-05 secs
   1  ACACH    3.28%    passed     99.14%
   2  ANAPL    3.47%    passed     85.98%
   3  APAVI    4.74%    passed     93.16%
   4  APTFO    4.93%    passed     99.30%
   5  BALRE    4.38%    passed     99.62%
   6  BUCRH    4.56%    passed     98.18%
   7  CALAN    3.28%    passed     99.60%
   8  CAPCA    4.56%    passed     97.74%
   9  CARCR    7.48%    passed     96.47%
  10  CATAU   46.90%    passed     46.66%
  11  CHAPE    4.74%    passed     85.94%
  12  CHAVO    4.38%    passed     99.52%
  13  CHLUN    4.56%    passed     99.98%
  14  COLLI   10.95%    passed     99.43%
  15  COLST    4.56%    passed     90.55%
  16  CORBR    4.01%    passed     95.83%
  17  CUCCA    4.93%    passed     85.67%
  18  EGRGA    4.93%    passed     99.67%
  19  EURHE    4.56%    passed     99.03%
  20  FALPE    4.38%    passed     99.75%
  21  FULGL    4.56%    passed     99.86%
  22  GALGA    3.83%    passed     93.56%
  23  GAVST    5.66%    passed     99.41%
  24  GEOFO    3.28%    passed     86.20%
  25  HALAL    4.38%    passed     98.77%
  26  HALLE    8.39%    passed     97.19%
  27  LEPDI    4.38%    passed     98.35%
  28  MANVI    3.28%    passed     92.32%
  29  MELGA    4.01%    passed     96.18%
  30  MELUN    4.56%    passed     98.90%
  31  MERNU    4.74%    passed     96.73%
  32  MESUN    4.56%    passed     98.13%
  33  NESNO    4.56%    passed     97.27%
  34  NIPNI    4.56%    passed     98.86%
  35  OPHHO    4.56%    passed     96.92%
  36  PELCR    4.74%    passed     98.63%
  37  PHACA    4.56%    passed     99.14%
  38  PHALE    4.38%    passed     99.58%
  39  PHORU    4.38%    passed     99.45%
  40  PICPU    3.83%    passed     98.85%
  41  PODCR    4.38%    passed     99.89%
  42  PTEGU    4.38%    passed     98.92%
  43  PYGAD    4.93%    passed     99.70%
  44  STRCA    4.56%    passed     98.29%
  45  TAEGU    4.01%    passed     90.17%
  46  TAUER    4.93%    passed     90.43%
  47  TINMA    4.38%    passed     85.65%
  48  TYTAL   27.55%    passed     87.27%
****  TOTAL    6.04%  0 sequences failed composition chi2 test (p-value<5%; df=3)
Checking for duplicate sequences: done in 0.000118971 secs

Create initial parsimony tree by phylogenetic likelihood library (PLL)... 0.001 seconds

NOTE: 2 MB RAM (0 GB) is required!
Estimate model parameters (epsilon = 0.100)
1. Initial log-likelihood: -6003.530
2. Current log-likelihood: -5637.255
3. Current log-likelihood: -5627.834
4. Current log-likelihood: -5627.666
Optimal log-likelihood: -5627.655
Rate parameters:  A-C: 1.93999  A-G: 7.22189  A-T: 0.68132  C-G: 2.41940  C-T: 5.04219  G-T: 1.00000
Base frequencies:  A: 0.247  C: 0.218  G: 0.256  T: 0.279
Gamma shape alpha: 0.208
Parameters optimization took 4 rounds (0.143 sec)
Wrote distance file to... 
Computing ML distances based on estimated model parameters...
Calculating distance matrix: done in 0.00600696 secs using 99.72% CPU
Computing ML distances took 0.006081 sec (of wall-clock time) 0.006059 sec (of CPU time)
Setting up auxiliary I and S matrices: done in 0.000242949 secs using 90.14% CPU
Constructing RapidNJ tree: done in 0.000504971 secs using 69.51% CPU
Computing RapidNJ tree took 0.000806 sec (of wall-clock time) 0.000641 sec (of CPU time)
Log-likelihood of RapidNJ tree: -5656.556
--------------------------------------------------------------------
|             INITIALIZING CANDIDATE TREE SET                      |
--------------------------------------------------------------------
Generating 98 parsimony trees... 0.167 second
Computing log-likelihood of 98 initial trees ... 0.203 seconds
Current best score: -5607.359

Do NNI search on 20 best initial trees
Estimate model parameters (epsilon = 0.100)
BETTER TREE FOUND at iteration 1: -5598.150
Estimate model parameters (epsilon = 0.100)
BETTER TREE FOUND at iteration 2: -5596.836
Estimate model parameters (epsilon = 0.100)
BETTER TREE FOUND at iteration 4: -5595.689
Iteration 10 / LogL: -5600.764 / Time: 0h:0m:1s
Estimate model parameters (epsilon = 0.100)
BETTER TREE FOUND at iteration 11: -5595.055
Iteration 20 / LogL: -5597.365 / Time: 0h:0m:1s
Finish initializing candidate tree set (20)
Current best tree score: -5595.055 / CPU time: 1.280
Number of iterations: 20
--------------------------------------------------------------------
|               OPTIMIZING CANDIDATE TREE SET                      |
--------------------------------------------------------------------
Estimate model parameters (epsilon = 0.100)
BETTER TREE FOUND at iteration 29: -5592.812
Iteration 30 / LogL: -5595.110 / Time: 0h:0m:1s (0h:0m:6s left)
Estimate model parameters (epsilon = 0.100)
BETTER TREE FOUND at iteration 31: -5591.583
Estimate model parameters (epsilon = 0.100)
BETTER TREE FOUND at iteration 32: -5590.746
Iteration 40 / LogL: -5595.803 / Time: 0h:0m:2s (0h:0m:5s left)
Estimate model parameters (epsilon = 0.100)
BETTER TREE FOUND at iteration 41: -5586.278
Iteration 50 / LogL: -5587.697 / Time: 0h:0m:2s (0h:0m:5s left)
Estimate model parameters (epsilon = 0.100)
BETTER TREE FOUND at iteration 52: -5585.762
Estimate model parameters (epsilon = 0.100)
BETTER TREE FOUND at iteration 57: -5584.078
Iteration 60 / LogL: -5590.225 / Time: 0h:0m:3s (0h:0m:5s left)
Iteration 70 / LogL: -5588.265 / Time: 0h:0m:3s (0h:0m:4s left)
Iteration 80 / LogL: -5584.859 / Time: 0h:0m:4s (0h:0m:4s left)
UPDATE BEST LOG-LIKELIHOOD: -5584.078
Iteration 90 / LogL: -5584.079 / Time: 0h:0m:4s (0h:0m:3s left)
Estimate model parameters (epsilon = 0.100)
BETTER TREE FOUND at iteration 92: -5583.269
Iteration 100 / LogL: -5588.165 / Time: 0h:0m:5s (0h:0m:4s left)
Iteration 110 / LogL: -5585.649 / Time: 0h:0m:5s (0h:0m:4s left)
Estimate model parameters (epsilon = 0.100)
BETTER TREE FOUND at iteration 112: -5581.529
Iteration 120 / LogL: -5587.510 / Time: 0h:0m:6s (0h:0m:4s left)
Iteration 130 / LogL: -5587.574 / Time: 0h:0m:6s (0h:0m:4s left)
Iteration 140 / LogL: -5588.012 / Time: 0h:0m:7s (0h:0m:3s left)
Estimate model parameters (epsilon = 0.100)
BETTER TREE FOUND at iteration 145: -5580.710
BETTER TREE FOUND at iteration 150: -5580.710
Iteration 150 / LogL: -5580.710 / Time: 0h:0m:7s (0h:0m:5s left)
Iteration 160 / LogL: -5580.710 / Time: 0h:0m:8s (0h:0m:4s left)
Iteration 170 / LogL: -5580.710 / Time: 0h:0m:8s (0h:0m:4s left)
UPDATE BEST LOG-LIKELIHOOD: -5580.709
Iteration 180 / LogL: -5582.295 / Time: 0h:0m:8s (0h:0m:3s left)
Iteration 190 / LogL: -5580.711 / Time: 0h:0m:9s (0h:0m:2s left)
Iteration 200 / LogL: -5583.792 / Time: 0h:0m:9s (0h:0m:2s left)
Iteration 210 / LogL: -5580.711 / Time: 0h:0m:10s (0h:0m:1s left)
UPDATE BEST LOG-LIKELIHOOD: -5580.709
Iteration 220 / LogL: -5582.817 / Time: 0h:0m:10s (0h:0m:1s left)
Iteration 230 / LogL: -5580.710 / Time: 0h:0m:11s (0h:0m:0s left)
Iteration 240 / LogL: -5580.710 / Time: 0h:0m:11s (0h:0m:0s left)
Iteration 250 / LogL: -5580.710 / Time: 0h:0m:12s (0h:0m:0s left)
TREE SEARCH COMPLETED AFTER 251 ITERATIONS / Time: 0h:0m:12s

--------------------------------------------------------------------
|                    FINALIZING TREE SEARCH                        |
--------------------------------------------------------------------
Performs final model parameters optimization
Estimate model parameters (epsilon = 0.010)
1. Initial log-likelihood: -5580.709
Optimal log-likelihood: -5580.709
Rate parameters:  A-C: 1.88389  A-G: 7.56845  A-T: 0.66162  C-G: 2.43156  C-T: 4.77569  G-T: 1.00000
Base frequencies:  A: 0.247  C: 0.218  G: 0.256  T: 0.279
Gamma shape alpha: 0.208
Parameters optimization took 1 rounds (0.008 sec)
BEST SCORE FOUND : -5580.709
Total tree length: 1.129

Total number of iterations: 251
CPU time used for tree search: 12.126 sec (0h:0m:12s)
Wall-clock time used for tree search: 11.966 sec (0h:0m:11s)
Total CPU time used: 12.318 sec (0h:0m:12s)
Total wall-clock time used: 12.148 sec (0h:0m:12s)

Analysis results written to: 
  IQ-TREE report:                /workspace/IQTree_JarvD5a_Results/exon_8371.iqtree
  Maximum-likelihood tree:       /workspace/IQTree_JarvD5a_Results/exon_8371.treefile
  Likelihood distances:          /workspace/IQTree_JarvD5a_Results/exon_8371.mldist
  Screen log file:               /workspace/IQTree_JarvD5a_Results/exon_8371.log

Date and Time: Thu May 28 07:59:09 2026
