IQ-TREE version 3.1.2 for Linux x86 64-bit built May  7 2026
Developed by Bui Quang Minh, Thomas Wong, Nhan Ly-Trong, Huaiyan Ren
Contributed by Lam-Tung Nguyen, Dominik Schrempf, Chris Bielow,
Olga Chernomor, Michael Woodhams, Diep Thi Hoang, Heiko Schmidt

Host:    8084c4e79f09 (AVX512, FMA3, 1133 GB RAM)
Command: /workspace/iqtree-3.1.2-Linux/bin/iqtree3_intel -s /workspace/NeuralNJ/empirical/JarvD5a/exon_10564.fasta -st DNA -m GTR+G -seed 2201 -pre /workspace/IQTree_JarvD5a_Results/exon_10564 -quiet
Seed:    2201 (Using SPRNG - Scalable Parallel Random Number Generator)
Time:    Wed May 27 10:40:07 2026
Kernel:  AVX+FMA - 1 threads (384 CPU cores detected)

HINT: Use -nt option to specify number of threads because your CPU has 384 cores!
HINT: -nt AUTO will automatically determine the best number of threads to use.

Reading alignment file /workspace/NeuralNJ/empirical/JarvD5a/exon_10564.fasta ... Fasta format detected
Reading fasta file: done in 0.000483036 secs using 35.4% CPU
Alignment most likely contains DNA/RNA sequences
Constructing alignment: done in 0.0012641 secs using 99.83% CPU
Alignment has 48 sequences with 1052 columns, 318 distinct patterns
153 parsimony-informative, 116 singleton sites, 783 constant sites
       Gap/Ambiguity  Composition  p-value
Analyzing sequences: done in 2.5034e-05 secs using 99.86% CPU
   1  ACACH   14.64%    passed     98.72%
   2  ANAPL   12.55%    passed     96.04%
   3  APAVI   13.31%    passed     93.90%
   4  APTFO   12.93%    passed     98.54%
   5  BALRE   11.03%    passed     99.39%
   6  BUCRH    7.98%    passed     76.28%
   7  CALAN   11.79%    passed     98.65%
   8  CAPCA    8.17%    passed     97.42%
   9  CARCR    8.56%    passed     95.80%
  10  CATAU   75.48%    passed      6.38%
  11  CHAPE    9.13%    passed     99.06%
  12  CHAVO   18.44%    passed     96.42%
  13  CHLUN   14.07%    passed     97.49%
  14  COLLI   13.12%    passed     99.70%
  15  COLST   16.73%    passed     97.47%
  16  CORBR    9.51%    passed     95.78%
  17  CUCCA   15.21%    passed     99.74%
  18  EGRGA    7.60%    passed     98.08%
  19  EURHE   14.26%    passed     94.01%
  20  FALPE    7.03%    passed     72.90%
  21  FULGL    8.17%    passed     97.72%
  22  GALGA   12.55%    passed     98.78%
  23  GAVST    8.94%    passed     98.57%
  24  GEOFO   15.78%    passed     49.00%
  25  HALAL    8.94%    passed     99.79%
  26  HALLE    8.94%    passed     99.79%
  27  LEPDI   10.84%    passed     79.54%
  28  MANVI   13.12%    passed     90.14%
  29  MELGA   34.60%    passed     31.93%
  30  MELUN   13.12%    passed     99.17%
  31  MERNU    9.32%    passed     95.43%
  32  MESUN   13.12%    passed     99.85%
  33  NESNO    9.13%    passed     89.85%
  34  NIPNI   11.79%    passed     98.95%
  35  OPHHO   13.88%    passed     96.88%
  36  PELCR    8.75%    passed     97.11%
  37  PHACA   13.69%    passed     97.94%
  38  PHALE   11.60%    passed     99.62%
  39  PHORU    8.75%    passed     89.35%
  40  PICPU   11.41%    passed     99.36%
  41  PODCR   12.17%    passed     94.10%
  42  PTEGU   13.50%    passed     99.84%
  43  PYGAD   12.74%    passed     99.20%
  44  STRCA   16.35%    passed     97.45%
  45  TAEGU   10.46%    passed     96.68%
  46  TAUER   12.17%    passed     96.76%
  47  TINMA   40.49%    passed     24.02%
  48  TYTAL    8.37%    passed     98.97%
WARNING: 1 sequences contain more than 50% gaps/ambiguity
****  TOTAL   14.04%  0 sequences failed composition chi2 test (p-value<5%; df=3)
NOTE: HALLE is identical to HALAL but kept for subsequent analysis
Checking for duplicate sequences: done in 0.000149012 secs using 99.99% CPU

Create initial parsimony tree by phylogenetic likelihood library (PLL)... 0.002 seconds

NOTE: 2 MB RAM (0 GB) is required!
Estimate model parameters (epsilon = 0.100)
1. Initial log-likelihood: -6056.440
2. Current log-likelihood: -5656.508
3. Current log-likelihood: -5627.138
4. Current log-likelihood: -5626.962
Optimal log-likelihood: -5626.954
Rate parameters:  A-C: 0.67468  A-G: 1.30334  A-T: 0.61751  C-G: 0.50220  C-T: 1.18728  G-T: 1.00000
Base frequencies:  A: 0.316  C: 0.247  G: 0.258  T: 0.179
Gamma shape alpha: 0.157
Parameters optimization took 4 rounds (0.069 sec)
Wrote distance file to... 
Computing ML distances based on estimated model parameters...
Calculating distance matrix: done in 0.00555396 secs using 100% CPU
Computing ML distances took 0.005631 sec (of wall-clock time) 0.005631 sec (of CPU time)
Setting up auxiliary I and S matrices: done in 0.00011611 secs using 251.5% CPU
Constructing RapidNJ tree: done in 0.000195026 secs using 99.99% CPU
Computing RapidNJ tree took 0.000367 sec (of wall-clock time) 0.000542 sec (of CPU time)
Log-likelihood of RapidNJ tree: -5795.016
--------------------------------------------------------------------
|             INITIALIZING CANDIDATE TREE SET                      |
--------------------------------------------------------------------
Generating 98 parsimony trees... 0.188 second
Computing log-likelihood of 98 initial trees ... 0.209 seconds
Current best score: -5595.159

Do NNI search on 20 best initial trees
Estimate model parameters (epsilon = 0.100)
BETTER TREE FOUND at iteration 1: -5572.483
Estimate model parameters (epsilon = 0.100)
BETTER TREE FOUND at iteration 3: -5570.793
Estimate model parameters (epsilon = 0.100)
BETTER TREE FOUND at iteration 10: -5566.572
Iteration 10 / LogL: -5566.572 / Time: 0h:0m:0s
Iteration 20 / LogL: -5573.223 / Time: 0h:0m:1s
Finish initializing candidate tree set (20)
Current best tree score: -5566.572 / CPU time: 1.246
Number of iterations: 20
--------------------------------------------------------------------
|               OPTIMIZING CANDIDATE TREE SET                      |
--------------------------------------------------------------------
Estimate model parameters (epsilon = 0.100)
BETTER TREE FOUND at iteration 25: -5565.668
Estimate model parameters (epsilon = 0.100)
BETTER TREE FOUND at iteration 30: -5564.408
Iteration 30 / LogL: -5564.408 / Time: 0h:0m:1s (0h:0m:6s left)
Estimate model parameters (epsilon = 0.100)
BETTER TREE FOUND at iteration 32: -5563.556
Iteration 40 / LogL: -5568.633 / Time: 0h:0m:2s (0h:0m:5s left)
Iteration 50 / LogL: -5565.348 / Time: 0h:0m:2s (0h:0m:4s left)
Iteration 60 / LogL: -5568.526 / Time: 0h:0m:3s (0h:0m:3s left)
Iteration 70 / LogL: -5564.096 / Time: 0h:0m:3s (0h:0m:3s left)
Iteration 80 / LogL: -5564.012 / Time: 0h:0m:4s (0h:0m:2s left)
Iteration 90 / LogL: -5564.645 / Time: 0h:0m:4s (0h:0m:2s left)
UPDATE BEST LOG-LIKELIHOOD: -5563.556
Iteration 100 / LogL: -5563.556 / Time: 0h:0m:5s (0h:0m:1s left)
Iteration 110 / LogL: -5563.642 / Time: 0h:0m:5s (0h:0m:1s left)
Iteration 120 / LogL: -5565.623 / Time: 0h:0m:5s (0h:0m:0s left)
Iteration 130 / LogL: -5564.177 / Time: 0h:0m:6s (0h:0m:0s left)
TREE SEARCH COMPLETED AFTER 133 ITERATIONS / Time: 0h:0m:6s

--------------------------------------------------------------------
|                    FINALIZING TREE SEARCH                        |
--------------------------------------------------------------------
Performs final model parameters optimization
Estimate model parameters (epsilon = 0.010)
1. Initial log-likelihood: -5563.556
Optimal log-likelihood: -5563.554
Rate parameters:  A-C: 0.71418  A-G: 1.48345  A-T: 0.62848  C-G: 0.57390  C-T: 1.19294  G-T: 1.00000
Base frequencies:  A: 0.316  C: 0.247  G: 0.258  T: 0.179
Gamma shape alpha: 0.157
Parameters optimization took 1 rounds (0.008 sec)
BEST SCORE FOUND : -5563.554
Total tree length: 1.902

Total number of iterations: 133
CPU time used for tree search: 6.482 sec (0h:0m:6s)
Wall-clock time used for tree search: 6.314 sec (0h:0m:6s)
Total CPU time used: 6.615 sec (0h:0m:6s)
Total wall-clock time used: 6.427 sec (0h:0m:6s)

Analysis results written to: 
  IQ-TREE report:                /workspace/IQTree_JarvD5a_Results/exon_10564.iqtree
  Maximum-likelihood tree:       /workspace/IQTree_JarvD5a_Results/exon_10564.treefile
  Likelihood distances:          /workspace/IQTree_JarvD5a_Results/exon_10564.mldist
  Screen log file:               /workspace/IQTree_JarvD5a_Results/exon_10564.log

Date and Time: Wed May 27 10:40:13 2026
