IQ-TREE version 3.1.2 for Linux x86 64-bit built May  7 2026
Developed by Bui Quang Minh, Thomas Wong, Nhan Ly-Trong, Huaiyan Ren
Contributed by Lam-Tung Nguyen, Dominik Schrempf, Chris Bielow,
Olga Chernomor, Michael Woodhams, Diep Thi Hoang, Heiko Schmidt

Host:    8084c4e79f09 (AVX512, FMA3, 1133 GB RAM)
Command: /workspace/iqtree-3.1.2-Linux/bin/iqtree3_intel -s /workspace/NeuralNJ/empirical/JarvD5a/exon_8288.fasta -st DNA -m GTR+G -seed 2201 -pre /workspace/IQTree_JarvD5a_Results/exon_8288 -quiet
Seed:    2201 (Using SPRNG - Scalable Parallel Random Number Generator)
Time:    Thu May 28 07:46:37 2026
Kernel:  AVX+FMA - 1 threads (384 CPU cores detected)

HINT: Use -nt option to specify number of threads because your CPU has 384 cores!
HINT: -nt AUTO will automatically determine the best number of threads to use.

Reading alignment file /workspace/NeuralNJ/empirical/JarvD5a/exon_8288.fasta ... Fasta format detected
Reading fasta file: done in 0.000281096 secs
Alignment most likely contains DNA/RNA sequences
Constructing alignment: done in 0.000500202 secs
Alignment has 48 sequences with 330 columns, 109 distinct patterns
48 parsimony-informative, 32 singleton sites, 250 constant sites
       Gap/Ambiguity  Composition  p-value
Analyzing sequences: done in 1.50204e-05 secs
   1  ACACH    3.03%    passed     96.01%
   2  ANAPL    2.42%    passed     95.98%
   3  APAVI    7.88%    passed     86.52%
   4  APTFO    3.03%    passed     99.28%
   5  BALRE    3.03%    passed     99.88%
   6  BUCRH   16.36%    passed     94.49%
   7  CALAN    3.03%    passed     97.32%
   8  CAPCA    3.03%    passed     99.83%
   9  CARCR    3.03%    passed     99.43%
  10  CATAU    3.03%    passed     99.83%
  11  CHAPE    2.42%    passed     99.86%
  12  CHAVO    3.03%    passed     99.99%
  13  CHLUN    3.03%    passed     99.62%
  14  COLLI    6.06%    passed     93.49%
  15  COLST    3.03%    passed     99.48%
  16  CORBR    3.03%    passed     99.71%
  17  CUCCA    3.03%    passed     99.30%
  18  EGRGA    3.03%    passed     97.33%
  19  EURHE    4.24%    passed     99.69%
  20  FALPE    3.03%    passed     98.79%
  21  FULGL    3.03%    passed     99.94%
  22  GALGA    2.42%    passed     98.06%
  23  GAVST    3.03%    passed     99.94%
  24  GEOFO    3.03%    passed     99.97%
  25  HALAL    3.03%    passed     98.93%
  26  HALLE    3.03%    passed     98.93%
  27  LEPDI    3.03%    passed     99.83%
  28  MANVI    3.03%    passed     99.91%
  29  MELGA    2.42%    passed     99.13%
  30  MELUN    3.03%    passed     98.93%
  31  MERNU    3.03%    passed     99.78%
  32  MESUN    3.03%    passed     99.73%
  33  NESNO    3.03%    passed     97.01%
  34  NIPNI    3.03%    passed     98.87%
  35  OPHHO    3.03%    passed     89.07%
  36  PELCR    5.45%    passed     98.57%
  37  PHACA    3.03%    passed     99.91%
  38  PHALE    2.42%    passed    100.00%
  39  PHORU    3.03%    passed     98.16%
  40  PICPU    3.03%    passed     95.88%
  41  PODCR    3.03%    passed     99.58%
  42  PTEGU    3.03%    passed     99.56%
  43  PYGAD    3.03%    passed     96.91%
  44  STRCA    3.64%    passed     93.32%
  45  TAEGU    3.03%    passed     99.17%
  46  TAUER    3.03%    passed     99.99%
  47  TINMA    3.03%    passed     99.35%
  48  TYTAL    3.03%    passed     99.71%
****  TOTAL    3.50%  0 sequences failed composition chi2 test (p-value<5%; df=3)
NOTE: HALLE is identical to HALAL but kept for subsequent analysis
Checking for duplicate sequences: done in 0.000130177 secs

Create initial parsimony tree by phylogenetic likelihood library (PLL)... 0.001 seconds

NOTE: 0 MB RAM (0 GB) is required!
Estimate model parameters (epsilon = 0.100)
1. Initial log-likelihood: -1536.595
2. Current log-likelihood: -1467.250
3. Current log-likelihood: -1466.783
Optimal log-likelihood: -1466.776
Rate parameters:  A-C: 1.74170  A-G: 5.52381  A-T: 0.63674  C-G: 1.24232  C-T: 3.15669  G-T: 1.00000
Base frequencies:  A: 0.299  C: 0.243  G: 0.257  T: 0.201
Gamma shape alpha: 0.163
Parameters optimization took 3 rounds (0.037 sec)
Wrote distance file to... 
Computing ML distances based on estimated model parameters...
Calculating distance matrix: done in 0.00546598 secs using 100% CPU
Computing ML distances took 0.005517 sec (of wall-clock time) 0.005507 sec (of CPU time)
Setting up auxiliary I and S matrices: done in 0.000273228 secs using 99.92% CPU
Constructing RapidNJ tree: done in 0.000215054 secs using 99.51% CPU
Computing RapidNJ tree took 0.000557 sec (of wall-clock time) 0.000556 sec (of CPU time)
Log-likelihood of RapidNJ tree: -1464.136
--------------------------------------------------------------------
|             INITIALIZING CANDIDATE TREE SET                      |
--------------------------------------------------------------------
Generating 98 parsimony trees... 0.085 second
Computing log-likelihood of 98 initial trees ... 0.089 seconds
Current best score: -1452.492

Do NNI search on 20 best initial trees
Estimate model parameters (epsilon = 0.100)
BETTER TREE FOUND at iteration 1: -1452.150
Estimate model parameters (epsilon = 0.100)
BETTER TREE FOUND at iteration 6: -1451.239
Iteration 10 / LogL: -1458.591 / Time: 0h:0m:0s
Iteration 20 / LogL: -1458.930 / Time: 0h:0m:0s
Finish initializing candidate tree set (20)
Current best tree score: -1451.239 / CPU time: 0.414
Number of iterations: 20
--------------------------------------------------------------------
|               OPTIMIZING CANDIDATE TREE SET                      |
--------------------------------------------------------------------
Iteration 30 / LogL: -1457.232 / Time: 0h:0m:0s (0h:0m:1s left)
Estimate model parameters (epsilon = 0.100)
BETTER TREE FOUND at iteration 36: -1449.933
BETTER TREE FOUND at iteration 40: -1449.932
Iteration 40 / LogL: -1449.932 / Time: 0h:0m:0s (0h:0m:2s left)
Iteration 50 / LogL: -1452.574 / Time: 0h:0m:1s (0h:0m:1s left)
Iteration 60 / LogL: -1449.934 / Time: 0h:0m:1s (0h:0m:1s left)
Iteration 70 / LogL: -1450.814 / Time: 0h:0m:1s (0h:0m:1s left)
Iteration 80 / LogL: -1450.818 / Time: 0h:0m:1s (0h:0m:1s left)
Iteration 90 / LogL: -1449.933 / Time: 0h:0m:1s (0h:0m:0s left)
Iteration 100 / LogL: -1449.933 / Time: 0h:0m:1s (0h:0m:0s left)
Iteration 110 / LogL: -1449.932 / Time: 0h:0m:2s (0h:0m:0s left)
Iteration 120 / LogL: -1449.933 / Time: 0h:0m:2s (0h:0m:0s left)
Iteration 130 / LogL: -1449.933 / Time: 0h:0m:2s (0h:0m:0s left)
BETTER TREE FOUND at iteration 137: -1449.932
Iteration 140 / LogL: -1449.932 / Time: 0h:0m:2s (0h:0m:1s left)
Iteration 150 / LogL: -1449.932 / Time: 0h:0m:2s (0h:0m:1s left)
Iteration 160 / LogL: -1450.090 / Time: 0h:0m:2s (0h:0m:1s left)
Iteration 170 / LogL: -1450.819 / Time: 0h:0m:3s (0h:0m:1s left)
Iteration 180 / LogL: -1449.934 / Time: 0h:0m:3s (0h:0m:1s left)
Iteration 190 / LogL: -1449.933 / Time: 0h:0m:3s (0h:0m:0s left)
Iteration 200 / LogL: -1451.491 / Time: 0h:0m:3s (0h:0m:0s left)
Iteration 210 / LogL: -1449.933 / Time: 0h:0m:3s (0h:0m:0s left)
Iteration 220 / LogL: -1450.368 / Time: 0h:0m:4s (0h:0m:0s left)
Iteration 230 / LogL: -1452.893 / Time: 0h:0m:4s (0h:0m:0s left)
TREE SEARCH COMPLETED AFTER 238 ITERATIONS / Time: 0h:0m:4s

--------------------------------------------------------------------
|                    FINALIZING TREE SEARCH                        |
--------------------------------------------------------------------
Performs final model parameters optimization
Estimate model parameters (epsilon = 0.010)
1. Initial log-likelihood: -1449.932
Optimal log-likelihood: -1449.931
Rate parameters:  A-C: 1.78656  A-G: 5.57788  A-T: 0.62413  C-G: 1.42882  C-T: 3.46973  G-T: 1.00000
Base frequencies:  A: 0.299  C: 0.243  G: 0.257  T: 0.201
Gamma shape alpha: 0.175
Parameters optimization took 1 rounds (0.003 sec)
BEST SCORE FOUND : -1449.931
Total tree length: 0.605

Total number of iterations: 238
CPU time used for tree search: 4.546 sec (0h:0m:4s)
Wall-clock time used for tree search: 4.371 sec (0h:0m:4s)
Total CPU time used: 4.606 sec (0h:0m:4s)
Total wall-clock time used: 4.431 sec (0h:0m:4s)

Analysis results written to: 
  IQ-TREE report:                /workspace/IQTree_JarvD5a_Results/exon_8288.iqtree
  Maximum-likelihood tree:       /workspace/IQTree_JarvD5a_Results/exon_8288.treefile
  Likelihood distances:          /workspace/IQTree_JarvD5a_Results/exon_8288.mldist
  Screen log file:               /workspace/IQTree_JarvD5a_Results/exon_8288.log

Date and Time: Thu May 28 07:46:41 2026
