IQ-TREE version 3.1.2 for Linux x86 64-bit built May  7 2026
Developed by Bui Quang Minh, Thomas Wong, Nhan Ly-Trong, Huaiyan Ren
Contributed by Lam-Tung Nguyen, Dominik Schrempf, Chris Bielow,
Olga Chernomor, Michael Woodhams, Diep Thi Hoang, Heiko Schmidt

Host:    8084c4e79f09 (AVX512, FMA3, 1133 GB RAM)
Command: /workspace/iqtree-3.1.2-Linux/bin/iqtree3_intel -s /workspace/NeuralNJ/empirical/JarvD5a/exon_4123.fasta -st DNA -m GTR+G -seed 2201 -pre /workspace/IQTree_JarvD5a_Results/exon_4123 -quiet
Seed:    2201 (Using SPRNG - Scalable Parallel Random Number Generator)
Time:    Thu May 28 01:50:49 2026
Kernel:  AVX+FMA - 1 threads (384 CPU cores detected)

HINT: Use -nt option to specify number of threads because your CPU has 384 cores!
HINT: -nt AUTO will automatically determine the best number of threads to use.

Reading alignment file /workspace/NeuralNJ/empirical/JarvD5a/exon_4123.fasta ... Fasta format detected
Reading fasta file: done in 0.000437021 secs using 78.26% CPU
Alignment most likely contains DNA/RNA sequences
Constructing alignment: done in 0.001055 secs using 99.91% CPU
Alignment has 44 sequences with 680 columns, 384 distinct patterns
211 parsimony-informative, 124 singleton sites, 345 constant sites
       Gap/Ambiguity  Composition  p-value
Analyzing sequences: done in 3.98159e-05 secs using 100.5% CPU
   1  ACACH   10.88%    passed     99.95%
   2  ANAPL   17.94%    passed     95.65%
   3  APAVI   11.47%    passed     99.49%
   4  APTFO   15.44%    passed     67.36%
   5  BALRE   18.82%    passed     97.21%
   6  BUCRH   11.18%    passed     99.86%
   7  CALAN   10.29%    passed     96.42%
   8  CAPCA   18.82%    passed     91.11%
   9  CARCR   11.47%    passed     99.54%
  10  CHAPE   19.12%    passed     90.28%
  11  CHAVO   18.82%    passed     79.89%
  12  CHLUN   19.41%    passed     96.51%
  13  COLLI   18.82%    passed     94.78%
  14  COLST   11.76%    passed     87.73%
  15  CORBR   11.47%    passed     88.78%
  16  CUCCA   13.24%    passed     99.69%
  17  EGRGA   18.82%    passed     96.18%
  18  FALPE   18.82%    passed     95.57%
  19  FULGL   18.82%    passed     95.12%
  20  GALGA    1.18%    passed     81.71%
  21  GAVST   18.82%    passed     86.00%
  22  GEOFO    3.82%    passed     56.88%
  23  HALAL   18.82%    passed     95.69%
  24  HALLE   37.35%    passed     91.91%
  25  LEPDI    9.41%    passed     56.10%
  26  MANVI   20.88%    passed     99.45%
  27  MELGA    5.00%    passed     97.32%
  28  MELUN    2.35%    passed     57.07%
  29  MERNU   11.76%    passed     98.91%
  30  MESUN   33.82%    failed      2.58%
  31  NESNO   19.41%    passed     97.90%
  32  NIPNI    3.24%    passed     62.85%
  33  OPHHO   20.88%    passed     99.80%
  34  PELCR   47.94%    passed     68.60%
  35  PHACA   33.82%    passed     45.66%
  36  PHALE   41.18%    passed     84.94%
  37  PHORU   18.82%    passed     98.52%
  38  PICPU   11.47%    passed     99.91%
  39  PODCR   18.82%    passed     94.12%
  40  PYGAD   19.12%    passed     88.44%
  41  STRCA   18.82%    passed     94.29%
  42  TAEGU    1.18%    passed     48.46%
  43  TAUER   15.88%    passed     94.38%
  44  TINMA   12.65%    passed     92.09%
****  TOTAL   16.86%  1 sequences failed composition chi2 test (p-value<5%; df=3)
Checking for duplicate sequences: done in 0.000134945 secs using 100% CPU

Create initial parsimony tree by phylogenetic likelihood library (PLL)... 0.003 seconds

NOTE: 2 MB RAM (0 GB) is required!
Estimate model parameters (epsilon = 0.100)
1. Initial log-likelihood: -5560.738
2. Current log-likelihood: -5304.732
3. Current log-likelihood: -5302.322
Optimal log-likelihood: -5302.299
Rate parameters:  A-C: 1.22013  A-G: 4.07236  A-T: 1.16347  C-G: 1.34198  C-T: 4.84415  G-T: 1.00000
Base frequencies:  A: 0.315  C: 0.232  G: 0.259  T: 0.194
Gamma shape alpha: 0.446
Parameters optimization took 3 rounds (0.079 sec)
Wrote distance file to... 
Computing ML distances based on estimated model parameters...
Calculating distance matrix: done in 0.00361085 secs using 100% CPU
Computing ML distances took 0.003681 sec (of wall-clock time) 0.003681 sec (of CPU time)
Setting up auxiliary I and S matrices: done in 0.000226974 secs using 100.5% CPU
Constructing RapidNJ tree: done in 0.000213861 secs using 100.1% CPU
Computing RapidNJ tree took 0.000529 sec (of wall-clock time) 0.000780 sec (of CPU time)
Log-likelihood of RapidNJ tree: -5335.738
--------------------------------------------------------------------
|             INITIALIZING CANDIDATE TREE SET                      |
--------------------------------------------------------------------
Generating 98 parsimony trees... 0.158 second
Computing log-likelihood of 98 initial trees ... 0.212 seconds
Current best score: -5285.986

Do NNI search on 20 best initial trees
Estimate model parameters (epsilon = 0.100)
BETTER TREE FOUND at iteration 1: -5278.290
Iteration 10 / LogL: -5287.872 / Time: 0h:0m:0s
Iteration 20 / LogL: -5283.016 / Time: 0h:0m:1s
Finish initializing candidate tree set (20)
Current best tree score: -5278.290 / CPU time: 1.076
Number of iterations: 20
--------------------------------------------------------------------
|               OPTIMIZING CANDIDATE TREE SET                      |
--------------------------------------------------------------------
Estimate model parameters (epsilon = 0.100)
BETTER TREE FOUND at iteration 21: -5274.460
Iteration 30 / LogL: -5279.801 / Time: 0h:0m:1s (0h:0m:5s left)
Estimate model parameters (epsilon = 0.100)
BETTER TREE FOUND at iteration 35: -5274.068
Estimate model parameters (epsilon = 0.100)
BETTER TREE FOUND at iteration 37: -5273.457
Iteration 40 / LogL: -5275.584 / Time: 0h:0m:2s (0h:0m:5s left)
Iteration 50 / LogL: -5273.458 / Time: 0h:0m:2s (0h:0m:4s left)
Estimate model parameters (epsilon = 0.100)
BETTER TREE FOUND at iteration 54: -5272.689
Iteration 60 / LogL: -5292.344 / Time: 0h:0m:2s (0h:0m:4s left)
Iteration 70 / LogL: -5272.812 / Time: 0h:0m:3s (0h:0m:4s left)
Iteration 80 / LogL: -5279.335 / Time: 0h:0m:3s (0h:0m:3s left)
Iteration 90 / LogL: -5272.690 / Time: 0h:0m:4s (0h:0m:3s left)
Iteration 100 / LogL: -5274.838 / Time: 0h:0m:4s (0h:0m:2s left)
Iteration 110 / LogL: -5272.690 / Time: 0h:0m:5s (0h:0m:2s left)
Iteration 120 / LogL: -5272.690 / Time: 0h:0m:5s (0h:0m:1s left)
Iteration 130 / LogL: -5274.040 / Time: 0h:0m:5s (0h:0m:1s left)
Iteration 140 / LogL: -5272.812 / Time: 0h:0m:6s (0h:0m:0s left)
Iteration 150 / LogL: -5272.690 / Time: 0h:0m:6s (0h:0m:0s left)
TREE SEARCH COMPLETED AFTER 155 ITERATIONS / Time: 0h:0m:6s

--------------------------------------------------------------------
|                    FINALIZING TREE SEARCH                        |
--------------------------------------------------------------------
Performs final model parameters optimization
Estimate model parameters (epsilon = 0.010)
1. Initial log-likelihood: -5272.689
2. Current log-likelihood: -5272.676
Optimal log-likelihood: -5272.675
Rate parameters:  A-C: 1.39806  A-G: 4.72249  A-T: 1.31233  C-G: 1.55022  C-T: 5.49080  G-T: 1.00000
Base frequencies:  A: 0.315  C: 0.232  G: 0.259  T: 0.194
Gamma shape alpha: 0.451
Parameters optimization took 2 rounds (0.022 sec)
BEST SCORE FOUND : -5272.675
Total tree length: 1.946

Total number of iterations: 155
CPU time used for tree search: 6.885 sec (0h:0m:6s)
Wall-clock time used for tree search: 6.717 sec (0h:0m:6s)
Total CPU time used: 7.029 sec (0h:0m:7s)
Total wall-clock time used: 6.847 sec (0h:0m:6s)

Analysis results written to: 
  IQ-TREE report:                /workspace/IQTree_JarvD5a_Results/exon_4123.iqtree
  Maximum-likelihood tree:       /workspace/IQTree_JarvD5a_Results/exon_4123.treefile
  Likelihood distances:          /workspace/IQTree_JarvD5a_Results/exon_4123.mldist
  Screen log file:               /workspace/IQTree_JarvD5a_Results/exon_4123.log

Date and Time: Thu May 28 01:50:56 2026
