IQ-TREE version 3.1.2 for Linux x86 64-bit built May  7 2026
Developed by Bui Quang Minh, Thomas Wong, Nhan Ly-Trong, Huaiyan Ren
Contributed by Lam-Tung Nguyen, Dominik Schrempf, Chris Bielow,
Olga Chernomor, Michael Woodhams, Diep Thi Hoang, Heiko Schmidt

Host:    8084c4e79f09 (AVX512, FMA3, 1133 GB RAM)
Command: /workspace/iqtree-3.1.2-Linux/bin/iqtree3_intel -s /workspace/NeuralNJ/empirical/JarvD5a/exon_10270.fasta -st DNA -m GTR+G -seed 2201 -pre /workspace/IQTree_JarvD5a_Results/exon_10270 -quiet
Seed:    2201 (Using SPRNG - Scalable Parallel Random Number Generator)
Time:    Wed May 27 09:52:35 2026
Kernel:  AVX+FMA - 1 threads (384 CPU cores detected)

HINT: Use -nt option to specify number of threads because your CPU has 384 cores!
HINT: -nt AUTO will automatically determine the best number of threads to use.

Reading alignment file /workspace/NeuralNJ/empirical/JarvD5a/exon_10270.fasta ... Fasta format detected
Reading fasta file: done in 0.00022006 secs using 38.63% CPU
Alignment most likely contains DNA/RNA sequences
Constructing alignment: done in 0.000554085 secs using 16.78% CPU
Alignment has 46 sequences with 432 columns, 74 distinct patterns
40 parsimony-informative, 29 singleton sites, 363 constant sites
       Gap/Ambiguity  Composition  p-value
Analyzing sequences: done in 1.09673e-05 secs
   1  ACACH    0.46%    passed     99.77%
   2  ANAPL    0.46%    passed     99.64%
   3  APAVI    0.46%    passed     98.44%
   4  APTFO    0.46%    passed     99.80%
   5  BALRE    0.46%    passed     99.93%
   6  BUCRH    0.46%    passed     99.92%
   7  CALAN    0.46%    passed     99.81%
   8  CAPCA    0.46%    passed     99.89%
   9  CATAU    0.46%    passed     99.95%
  10  CHAPE    0.46%    passed     99.60%
  11  CHAVO    0.46%    passed     99.92%
  12  CHLUN    0.46%    passed    100.00%
  13  COLLI    0.46%    passed     99.41%
  14  COLST    0.46%    passed     99.23%
  15  CORBR    0.46%    passed     99.91%
  16  CUCCA    0.46%    passed     96.33%
  17  EGRGA    0.46%    passed     93.68%
  18  EURHE    0.46%    passed    100.00%
  19  FALPE    0.46%    passed     99.95%
  20  FULGL    0.46%    passed     99.23%
  21  GALGA    0.00%    passed     99.64%
  22  GAVST    0.46%    passed     99.84%
  23  GEOFO    0.46%    passed     97.62%
  24  HALAL    0.46%    passed    100.00%
  25  HALLE    0.46%    passed    100.00%
  26  LEPDI    0.46%    passed     99.95%
  27  MANVI    0.46%    passed     99.65%
  28  MELGA    0.00%    passed     99.74%
  29  MELUN    0.46%    passed     99.94%
  30  MERNU    0.46%    passed     99.63%
  31  NESNO    0.46%    passed     99.41%
  32  NIPNI    0.46%    passed     99.65%
  33  OPHHO    0.46%    passed     99.91%
  34  PELCR    0.46%    passed     99.60%
  35  PHACA    0.46%    passed     98.96%
  36  PHALE    0.46%    passed    100.00%
  37  PHORU    0.46%    passed     98.36%
  38  PICPU    0.46%    passed     99.80%
  39  PODCR    0.46%    passed     98.36%
  40  PTEGU    0.46%    passed     99.80%
  41  PYGAD    0.46%    passed     99.80%
  42  STRCA    0.46%    passed     98.36%
  43  TAEGU    0.46%    passed     98.92%
  44  TAUER    0.46%    passed     98.72%
  45  TINMA    0.46%    passed     99.80%
  46  TYTAL    0.46%    passed     99.20%
****  TOTAL    0.44%  0 sequences failed composition chi2 test (p-value<5%; df=3)
NOTE: PYGAD is identical to APTFO but kept for subsequent analysis
NOTE: EURHE is identical to CHLUN but kept for subsequent analysis
NOTE: PODCR is identical to PHORU but kept for subsequent analysis
Checking for duplicate sequences: done in 0.000123024 secs
Identifying sites to remove: done in 0.00016284 secs
NOTE: 3 identical sequences (see below) will be ignored for subsequent analysis
NOTE: HALAL (identical to CHLUN) is ignored but added at the end
NOTE: HALLE (identical to CHLUN) is ignored but added at the end
NOTE: PHALE (identical to CHLUN) is ignored but added at the end
Alignment was printed to /workspace/IQTree_JarvD5a_Results/exon_10270.uniqueseq.phy

For your convenience alignment with unique sequences printed to /workspace/IQTree_JarvD5a_Results/exon_10270.uniqueseq.phy

Create initial parsimony tree by phylogenetic likelihood library (PLL)... 0.001 seconds

NOTE: 0 MB RAM (0 GB) is required!
Estimate model parameters (epsilon = 0.100)
1. Initial log-likelihood: -1413.589
2. Current log-likelihood: -1350.872
3. Current log-likelihood: -1349.767
Optimal log-likelihood: -1349.766
Rate parameters:  A-C: 5.22129  A-G: 13.47681  A-T: 1.40718  C-G: 2.22959  C-T: 9.77425  G-T: 1.00000
Base frequencies:  A: 0.344  C: 0.195  G: 0.233  T: 0.228
Gamma shape alpha: 0.068
Parameters optimization took 3 rounds (0.040 sec)
Wrote distance file to... 
Computing ML distances based on estimated model parameters...
Calculating distance matrix: done in 0.00523496 secs using 100% CPU
Computing ML distances took 0.005274 sec (of wall-clock time) 0.005274 sec (of CPU time)
Setting up auxiliary I and S matrices: done in 0.000188112 secs using 99.94% CPU
Constructing RapidNJ tree: done in 0.000348091 secs using 214.9% CPU
Computing RapidNJ tree took 0.000609 sec (of wall-clock time) 0.001007 sec (of CPU time)
Log-likelihood of RapidNJ tree: -1342.721
--------------------------------------------------------------------
|             INITIALIZING CANDIDATE TREE SET                      |
--------------------------------------------------------------------
Generating 98 parsimony trees... 0.061 second
Computing log-likelihood of 98 initial trees ... 0.063 seconds
Current best score: -1335.675

Do NNI search on 20 best initial trees
Estimate model parameters (epsilon = 0.100)
BETTER TREE FOUND at iteration 1: -1331.617
Iteration 10 / LogL: -1341.052 / Time: 0h:0m:0s
Iteration 20 / LogL: -1340.017 / Time: 0h:0m:0s
Finish initializing candidate tree set (20)
Current best tree score: -1331.617 / CPU time: 0.288
Number of iterations: 20
--------------------------------------------------------------------
|               OPTIMIZING CANDIDATE TREE SET                      |
--------------------------------------------------------------------
Estimate model parameters (epsilon = 0.100)
BETTER TREE FOUND at iteration 26: -1330.147
BETTER TREE FOUND at iteration 30: -1330.143
Iteration 30 / LogL: -1330.143 / Time: 0h:0m:0s (0h:0m:1s left)
Iteration 40 / LogL: -1333.104 / Time: 0h:0m:0s (0h:0m:1s left)
Iteration 50 / LogL: -1330.902 / Time: 0h:0m:0s (0h:0m:1s left)
Iteration 60 / LogL: -1330.148 / Time: 0h:0m:0s (0h:0m:1s left)
Iteration 70 / LogL: -1330.923 / Time: 0h:0m:0s (0h:0m:0s left)
Iteration 80 / LogL: -1330.144 / Time: 0h:0m:1s (0h:0m:0s left)
Iteration 90 / LogL: -1330.146 / Time: 0h:0m:1s (0h:0m:0s left)
Iteration 100 / LogL: -1332.648 / Time: 0h:0m:1s (0h:0m:0s left)
Iteration 110 / LogL: -1330.148 / Time: 0h:0m:1s (0h:0m:0s left)
Iteration 120 / LogL: -1330.146 / Time: 0h:0m:1s (0h:0m:0s left)
Iteration 130 / LogL: -1330.148 / Time: 0h:0m:1s (0h:0m:0s left)
TREE SEARCH COMPLETED AFTER 131 ITERATIONS / Time: 0h:0m:1s

--------------------------------------------------------------------
|                    FINALIZING TREE SEARCH                        |
--------------------------------------------------------------------
Performs final model parameters optimization
Estimate model parameters (epsilon = 0.010)
1. Initial log-likelihood: -1330.143
Optimal log-likelihood: -1330.143
Rate parameters:  A-C: 7.14851  A-G: 22.76310  A-T: 2.14957  C-G: 3.45991  C-T: 13.10518  G-T: 1.00000
Base frequencies:  A: 0.344  C: 0.195  G: 0.233  T: 0.228
Gamma shape alpha: 0.114
Parameters optimization took 1 rounds (0.002 sec)
BEST SCORE FOUND : -1330.143
Total tree length: 0.292

Total number of iterations: 131
CPU time used for tree search: 1.808 sec (0h:0m:1s)
Wall-clock time used for tree search: 1.626 sec (0h:0m:1s)
Total CPU time used: 1.871 sec (0h:0m:1s)
Total wall-clock time used: 1.686 sec (0h:0m:1s)

Analysis results written to: 
  IQ-TREE report:                /workspace/IQTree_JarvD5a_Results/exon_10270.iqtree
  Maximum-likelihood tree:       /workspace/IQTree_JarvD5a_Results/exon_10270.treefile
  Likelihood distances:          /workspace/IQTree_JarvD5a_Results/exon_10270.mldist
  Screen log file:               /workspace/IQTree_JarvD5a_Results/exon_10270.log

Date and Time: Wed May 27 09:52:37 2026
