IQ-TREE version 3.1.2 for Linux x86 64-bit built May  7 2026
Developed by Bui Quang Minh, Thomas Wong, Nhan Ly-Trong, Huaiyan Ren
Contributed by Lam-Tung Nguyen, Dominik Schrempf, Chris Bielow,
Olga Chernomor, Michael Woodhams, Diep Thi Hoang, Heiko Schmidt

Host:    8084c4e79f09 (AVX512, FMA3, 1133 GB RAM)
Command: /workspace/iqtree-3.1.2-Linux/bin/iqtree3_intel -s /workspace/NeuralNJ/empirical/JarvD5a/exon_9884.fasta -st DNA -m GTR+G -seed 2201 -pre /workspace/IQTree_JarvD5a_Results/exon_9884 -quiet
Seed:    2201 (Using SPRNG - Scalable Parallel Random Number Generator)
Time:    Thu May 28 11:31:15 2026
Kernel:  AVX+FMA - 1 threads (384 CPU cores detected)

HINT: Use -nt option to specify number of threads because your CPU has 384 cores!
HINT: -nt AUTO will automatically determine the best number of threads to use.

Reading alignment file /workspace/NeuralNJ/empirical/JarvD5a/exon_9884.fasta ... Fasta format detected
Reading fasta file: done in 0.000264883 secs using 28.31% CPU
Alignment most likely contains DNA/RNA sequences
Constructing alignment: done in 0.000672817 secs using 100.2% CPU
Alignment has 48 sequences with 526 columns, 415 distinct patterns
252 parsimony-informative, 149 singleton sites, 125 constant sites
       Gap/Ambiguity  Composition  p-value
Analyzing sequences: done in 3.19481e-05 secs using 97.03% CPU
   1  ACACH    1.14%    passed     87.19%
   2  ANAPL    1.14%    passed     98.35%
   3  APAVI    4.18%    passed     91.54%
   4  APTFO    1.14%    passed     98.94%
   5  BALRE    1.14%    passed     79.90%
   6  BUCRH    1.14%    passed     70.78%
   7  CALAN    1.14%    passed     99.85%
   8  CAPCA    1.14%    passed     91.16%
   9  CARCR    1.14%    passed     99.43%
  10  CATAU    1.14%    passed     98.94%
  11  CHAPE    1.90%    passed     75.49%
  12  CHAVO    1.14%    passed     99.37%
  13  CHLUN    1.14%    passed     86.24%
  14  COLLI    1.90%    passed     48.25%
  15  COLST    4.94%    passed     92.26%
  16  CORBR    3.04%    passed     92.98%
  17  CUCCA    1.14%    passed     81.46%
  18  EGRGA    1.14%    passed     99.45%
  19  EURHE    1.14%    passed     95.85%
  20  FALPE    1.14%    passed     97.31%
  21  FULGL    3.80%    passed     99.99%
  22  GALGA    1.14%    passed     59.08%
  23  GAVST    1.14%    passed     99.84%
  24  GEOFO    2.66%    passed     91.54%
  25  HALAL    1.52%    passed     95.50%
  26  HALLE    1.52%    passed     95.50%
  27  LEPDI    1.14%    passed     99.84%
  28  MANVI    1.90%    passed     94.01%
  29  MELGA    1.90%    passed     79.69%
  30  MELUN    2.66%    passed     69.96%
  31  MERNU    1.14%    passed     57.15%
  32  MESUN    1.14%    passed     74.62%
  33  NESNO    1.90%    passed     99.30%
  34  NIPNI    1.14%    passed     97.14%
  35  OPHHO    1.14%    passed     99.21%
  36  PELCR    1.14%    passed     97.50%
  37  PHACA    3.80%    passed     99.40%
  38  PHALE    1.14%    passed     99.51%
  39  PHORU    1.14%    passed     98.81%
  40  PICPU    2.66%    passed     34.13%
  41  PODCR    0.76%    passed     99.14%
  42  PTEGU    1.14%    passed     98.81%
  43  PYGAD    1.14%    passed     98.75%
  44  STRCA    1.14%    passed     90.67%
  45  TAEGU    2.28%    passed     52.11%
  46  TAUER    1.14%    passed     97.23%
  47  TINMA    2.28%    passed     46.26%
  48  TYTAL    1.90%    passed     86.42%
****  TOTAL    1.68%  0 sequences failed composition chi2 test (p-value<5%; df=3)
NOTE: HALLE is identical to HALAL but kept for subsequent analysis
Checking for duplicate sequences: done in 0.000128031 secs using 99.98% CPU

Create initial parsimony tree by phylogenetic likelihood library (PLL)... 0.002 seconds

NOTE: 2 MB RAM (0 GB) is required!
Estimate model parameters (epsilon = 0.100)
1. Initial log-likelihood: -6414.908
2. Current log-likelihood: -6150.708
3. Current log-likelihood: -6148.805
Optimal log-likelihood: -6148.804
Rate parameters:  A-C: 0.96322  A-G: 2.78907  A-T: 0.50100  C-G: 1.21402  C-T: 4.91361  G-T: 1.00000
Base frequencies:  A: 0.356  C: 0.221  G: 0.252  T: 0.171
Gamma shape alpha: 1.644
Parameters optimization took 3 rounds (0.080 sec)
Wrote distance file to... 
Computing ML distances based on estimated model parameters...
Calculating distance matrix: done in 0.00485396 secs using 100% CPU
Computing ML distances took 0.004933 sec (of wall-clock time) 0.004932 sec (of CPU time)
Setting up auxiliary I and S matrices: done in 0.000117064 secs using 99.95% CPU
Constructing RapidNJ tree: done in 0.000203133 secs using 99.44% CPU
Computing RapidNJ tree took 0.000371 sec (of wall-clock time) 0.000370 sec (of CPU time)
Log-likelihood of RapidNJ tree: -6164.799
--------------------------------------------------------------------
|             INITIALIZING CANDIDATE TREE SET                      |
--------------------------------------------------------------------
Generating 98 parsimony trees... 0.199 second
Computing log-likelihood of 98 initial trees ... 0.236 seconds
Current best score: -6122.494

Do NNI search on 20 best initial trees
Estimate model parameters (epsilon = 0.100)
BETTER TREE FOUND at iteration 1: -6117.832
Iteration 10 / LogL: -6129.273 / Time: 0h:0m:0s
Iteration 20 / LogL: -6132.103 / Time: 0h:0m:1s
Finish initializing candidate tree set (20)
Current best tree score: -6117.832 / CPU time: 1.189
Number of iterations: 20
--------------------------------------------------------------------
|               OPTIMIZING CANDIDATE TREE SET                      |
--------------------------------------------------------------------
Estimate model parameters (epsilon = 0.100)
BETTER TREE FOUND at iteration 24: -6116.862
Iteration 30 / LogL: -6117.211 / Time: 0h:0m:1s (0h:0m:5s left)
Estimate model parameters (epsilon = 0.100)
BETTER TREE FOUND at iteration 32: -6115.291
Estimate model parameters (epsilon = 0.100)
BETTER TREE FOUND at iteration 36: -6115.157
Estimate model parameters (epsilon = 0.100)
BETTER TREE FOUND at iteration 40: -6114.884
Iteration 40 / LogL: -6114.884 / Time: 0h:0m:2s (0h:0m:6s left)
Iteration 50 / LogL: -6115.295 / Time: 0h:0m:2s (0h:0m:5s left)
Iteration 60 / LogL: -6121.914 / Time: 0h:0m:3s (0h:0m:4s left)
BETTER TREE FOUND at iteration 62: -6114.884
Estimate model parameters (epsilon = 0.100)
BETTER TREE FOUND at iteration 68: -6114.538
Iteration 70 / LogL: -6120.874 / Time: 0h:0m:4s (0h:0m:5s left)
UPDATE BEST LOG-LIKELIHOOD: -6114.537
Estimate model parameters (epsilon = 0.100)
BETTER TREE FOUND at iteration 75: -6112.190
Estimate model parameters (epsilon = 0.100)
BETTER TREE FOUND at iteration 80: -6111.974
Iteration 80 / LogL: -6111.974 / Time: 0h:0m:4s (0h:0m:5s left)
Estimate model parameters (epsilon = 0.100)
BETTER TREE FOUND at iteration 85: -6111.869
Iteration 90 / LogL: -6116.005 / Time: 0h:0m:5s (0h:0m:5s left)
Estimate model parameters (epsilon = 0.100)
BETTER TREE FOUND at iteration 99: -6110.373
BETTER TREE FOUND at iteration 100: -6110.373
Iteration 100 / LogL: -6110.373 / Time: 0h:0m:5s (0h:0m:5s left)
Estimate model parameters (epsilon = 0.100)
BETTER TREE FOUND at iteration 108: -6110.269
Iteration 110 / LogL: -6120.538 / Time: 0h:0m:6s (0h:0m:5s left)
BETTER TREE FOUND at iteration 117: -6110.269
Iteration 120 / LogL: -6116.273 / Time: 0h:0m:6s (0h:0m:5s left)
Iteration 130 / LogL: -6110.269 / Time: 0h:0m:7s (0h:0m:4s left)
UPDATE BEST LOG-LIKELIHOOD: -6110.268
Iteration 140 / LogL: -6110.378 / Time: 0h:0m:7s (0h:0m:4s left)
Iteration 150 / LogL: -6110.713 / Time: 0h:0m:8s (0h:0m:3s left)
Iteration 160 / LogL: -6110.269 / Time: 0h:0m:8s (0h:0m:3s left)
Iteration 170 / LogL: -6113.295 / Time: 0h:0m:9s (0h:0m:2s left)
UPDATE BEST LOG-LIKELIHOOD: -6110.268
Iteration 180 / LogL: -6114.627 / Time: 0h:0m:9s (0h:0m:1s left)
Iteration 190 / LogL: -6113.181 / Time: 0h:0m:10s (0h:0m:1s left)
Iteration 200 / LogL: -6110.269 / Time: 0h:0m:10s (0h:0m:0s left)
Iteration 210 / LogL: -6114.130 / Time: 0h:0m:11s (0h:0m:0s left)
TREE SEARCH COMPLETED AFTER 218 ITERATIONS / Time: 0h:0m:11s

--------------------------------------------------------------------
|                    FINALIZING TREE SEARCH                        |
--------------------------------------------------------------------
Performs final model parameters optimization
Estimate model parameters (epsilon = 0.010)
1. Initial log-likelihood: -6110.268
Optimal log-likelihood: -6110.268
Rate parameters:  A-C: 0.90116  A-G: 2.60879  A-T: 0.48545  C-G: 1.11704  C-T: 4.84180  G-T: 1.00000
Base frequencies:  A: 0.356  C: 0.221  G: 0.252  T: 0.171
Gamma shape alpha: 1.680
Parameters optimization took 1 rounds (0.010 sec)
BEST SCORE FOUND : -6110.268
Total tree length: 2.300

Total number of iterations: 218
CPU time used for tree search: 11.535 sec (0h:0m:11s)
Wall-clock time used for tree search: 11.370 sec (0h:0m:11s)
Total CPU time used: 11.657 sec (0h:0m:11s)
Total wall-clock time used: 11.483 sec (0h:0m:11s)

Analysis results written to: 
  IQ-TREE report:                /workspace/IQTree_JarvD5a_Results/exon_9884.iqtree
  Maximum-likelihood tree:       /workspace/IQTree_JarvD5a_Results/exon_9884.treefile
  Likelihood distances:          /workspace/IQTree_JarvD5a_Results/exon_9884.mldist
  Screen log file:               /workspace/IQTree_JarvD5a_Results/exon_9884.log

Date and Time: Thu May 28 11:31:27 2026
