IQ-TREE version 3.1.2 for Linux x86 64-bit built May  7 2026
Developed by Bui Quang Minh, Thomas Wong, Nhan Ly-Trong, Huaiyan Ren
Contributed by Lam-Tung Nguyen, Dominik Schrempf, Chris Bielow,
Olga Chernomor, Michael Woodhams, Diep Thi Hoang, Heiko Schmidt

Host:    8084c4e79f09 (AVX512, FMA3, 1133 GB RAM)
Command: /workspace/iqtree-3.1.2-Linux/bin/iqtree3_intel -s /workspace/NeuralNJ/empirical/JarvD5a/exon_10743.fasta -st DNA -m GTR+G -seed 2201 -pre /workspace/IQTree_JarvD5a_Results/exon_10743 -quiet
Seed:    2201 (Using SPRNG - Scalable Parallel Random Number Generator)
Time:    Wed May 27 11:05:22 2026
Kernel:  AVX+FMA - 1 threads (384 CPU cores detected)

HINT: Use -nt option to specify number of threads because your CPU has 384 cores!
HINT: -nt AUTO will automatically determine the best number of threads to use.

Reading alignment file /workspace/NeuralNJ/empirical/JarvD5a/exon_10743.fasta ... Fasta format detected
Reading fasta file: done in 0.000268221 secs using 90.97% CPU
Alignment most likely contains DNA/RNA sequences
Constructing alignment: done in 0.000525951 secs using 100% CPU
Alignment has 48 sequences with 426 columns, 169 distinct patterns
79 parsimony-informative, 81 singleton sites, 266 constant sites
       Gap/Ambiguity  Composition  p-value
Analyzing sequences: done in 1.3113e-05 secs using 99.14% CPU
   1  ACACH   17.84%    passed     92.06%
   2  ANAPL   17.84%    passed     94.02%
   3  APAVI   46.48%    passed     60.17%
   4  APTFO   17.84%    passed     89.34%
   5  BALRE   17.84%    passed     88.05%
   6  BUCRH   17.84%    passed     98.85%
   7  CALAN   17.84%    passed     98.88%
   8  CAPCA   17.84%    passed     97.62%
   9  CARCR   17.84%    passed     91.33%
  10  CATAU   17.84%    passed     95.89%
  11  CHAPE   15.96%    passed     78.12%
  12  CHAVO    2.35%    passed     74.51%
  13  CHLUN   17.84%    passed     95.39%
  14  COLLI   17.84%    passed     95.46%
  15  COLST   17.84%    passed     71.40%
  16  CORBR   17.84%    passed     97.03%
  17  CUCCA   18.31%    passed     93.06%
  18  EGRGA   17.84%    passed     91.33%
  19  EURHE   17.84%    passed     97.98%
  20  FALPE   17.84%    passed     97.62%
  21  FULGL   17.84%    passed     93.40%
  22  GALGA    0.00%    passed      8.09%
  23  GAVST   17.84%    passed     97.62%
  24  GEOFO   17.84%    passed     98.81%
  25  HALAL   17.84%    passed     92.04%
  26  HALLE   17.84%    passed     92.04%
  27  LEPDI   40.38%    passed     83.38%
  28  MANVI   17.84%    passed     97.41%
  29  MELGA   40.38%    passed     98.69%
  30  MELUN    2.35%    passed     83.94%
  31  MERNU   17.84%    failed      2.36%
  32  MESUN   17.84%    passed     99.72%
  33  NESNO   17.84%    passed     96.44%
  34  NIPNI   17.84%    passed     97.98%
  35  OPHHO   17.37%    passed     92.32%
  36  PELCR   17.84%    passed     96.75%
  37  PHACA   17.84%    passed     95.35%
  38  PHALE   17.37%    passed     90.61%
  39  PHORU   15.96%    passed     84.26%
  40  PICPU    2.35%    failed      2.91%
  41  PODCR   17.84%    passed     95.89%
  42  PTEGU   17.84%    passed     97.79%
  43  PYGAD   17.84%    passed     89.34%
  44  STRCA   17.84%    passed     88.98%
  45  TAEGU    2.35%    passed      7.04%
  46  TAUER   17.84%    passed     91.33%
  47  TINMA   17.84%    passed     95.70%
  48  TYTAL   17.84%    passed     99.24%
****  TOTAL   17.63%  2 sequences failed composition chi2 test (p-value<5%; df=3)
NOTE: PYGAD is identical to APTFO but kept for subsequent analysis
NOTE: HALLE is identical to HALAL but kept for subsequent analysis
Checking for duplicate sequences: done in 0.000112057 secs using 99.95% CPU

Create initial parsimony tree by phylogenetic likelihood library (PLL)... 0.001 seconds

NOTE: 1 MB RAM (0 GB) is required!
Estimate model parameters (epsilon = 0.100)
1. Initial log-likelihood: -2362.083
2. Current log-likelihood: -2279.742
3. Current log-likelihood: -2279.371
Optimal log-likelihood: -2279.369
Rate parameters:  A-C: 2.01617  A-G: 4.82002  A-T: 0.36034  C-G: 2.51217  C-T: 3.17010  G-T: 1.00000
Base frequencies:  A: 0.330  C: 0.239  G: 0.226  T: 0.204
Gamma shape alpha: 0.465
Parameters optimization took 3 rounds (0.050 sec)
Wrote distance file to... 
Computing ML distances based on estimated model parameters...
Calculating distance matrix: done in 0.00524306 secs using 97.5% CPU
Computing ML distances took 0.005291 sec (of wall-clock time) 0.005152 sec (of CPU time)
Setting up auxiliary I and S matrices: done in 0.000259161 secs using 99.94% CPU
Constructing RapidNJ tree: done in 0.00052309 secs using 261.7% CPU
Computing RapidNJ tree took 0.000869 sec (of wall-clock time) 0.001735 sec (of CPU time)
Log-likelihood of RapidNJ tree: -2289.921
--------------------------------------------------------------------
|             INITIALIZING CANDIDATE TREE SET                      |
--------------------------------------------------------------------
Generating 98 parsimony trees... 0.116 second
Computing log-likelihood of 98 initial trees ... 0.167 seconds
Current best score: -2260.674

Do NNI search on 20 best initial trees
Estimate model parameters (epsilon = 0.100)
BETTER TREE FOUND at iteration 1: -2259.432
Iteration 10 / LogL: -2265.965 / Time: 0h:0m:0s
Iteration 20 / LogL: -2270.303 / Time: 0h:0m:0s
Finish initializing candidate tree set (20)
Current best tree score: -2259.432 / CPU time: 0.773
Number of iterations: 20
--------------------------------------------------------------------
|               OPTIMIZING CANDIDATE TREE SET                      |
--------------------------------------------------------------------
Iteration 30 / LogL: -2264.643 / Time: 0h:0m:1s (0h:0m:2s left)
Estimate model parameters (epsilon = 0.100)
BETTER TREE FOUND at iteration 36: -2258.431
BETTER TREE FOUND at iteration 37: -2258.431
BETTER TREE FOUND at iteration 39: -2258.430
Iteration 40 / LogL: -2265.217 / Time: 0h:0m:1s (0h:0m:3s left)
BETTER TREE FOUND at iteration 45: -2258.425
Iteration 50 / LogL: -2258.430 / Time: 0h:0m:1s (0h:0m:3s left)
Estimate model parameters (epsilon = 0.100)
BETTER TREE FOUND at iteration 57: -2258.229
Iteration 60 / LogL: -2269.255 / Time: 0h:0m:2s (0h:0m:3s left)
Iteration 70 / LogL: -2258.230 / Time: 0h:0m:2s (0h:0m:3s left)
Iteration 80 / LogL: -2272.106 / Time: 0h:0m:2s (0h:0m:2s left)
Iteration 90 / LogL: -2258.230 / Time: 0h:0m:3s (0h:0m:2s left)
Iteration 100 / LogL: -2258.229 / Time: 0h:0m:3s (0h:0m:1s left)
Iteration 110 / LogL: -2258.230 / Time: 0h:0m:3s (0h:0m:1s left)
Iteration 120 / LogL: -2258.677 / Time: 0h:0m:3s (0h:0m:1s left)
Iteration 130 / LogL: -2258.229 / Time: 0h:0m:4s (0h:0m:0s left)
Iteration 140 / LogL: -2258.432 / Time: 0h:0m:4s (0h:0m:0s left)
BETTER TREE FOUND at iteration 150: -2258.229
Iteration 150 / LogL: -2258.229 / Time: 0h:0m:4s (0h:0m:3s left)
BETTER TREE FOUND at iteration 151: -2258.229
Iteration 160 / LogL: -2258.229 / Time: 0h:0m:5s (0h:0m:3s left)
Iteration 170 / LogL: -2264.447 / Time: 0h:0m:5s (0h:0m:2s left)
Iteration 180 / LogL: -2274.299 / Time: 0h:0m:5s (0h:0m:2s left)
Iteration 190 / LogL: -2258.229 / Time: 0h:0m:6s (0h:0m:2s left)
Iteration 200 / LogL: -2259.973 / Time: 0h:0m:6s (0h:0m:1s left)
BETTER TREE FOUND at iteration 207: -2258.228
Iteration 210 / LogL: -2258.230 / Time: 0h:0m:6s (0h:0m:3s left)
Iteration 220 / LogL: -2258.429 / Time: 0h:0m:7s (0h:0m:2s left)
Iteration 230 / LogL: -2263.647 / Time: 0h:0m:7s (0h:0m:2s left)
Iteration 240 / LogL: -2265.943 / Time: 0h:0m:7s (0h:0m:2s left)
Iteration 250 / LogL: -2271.085 / Time: 0h:0m:8s (0h:0m:1s left)
Iteration 260 / LogL: -2258.432 / Time: 0h:0m:8s (0h:0m:1s left)
Iteration 270 / LogL: -2261.153 / Time: 0h:0m:8s (0h:0m:1s left)
BETTER TREE FOUND at iteration 275: -2258.228
Iteration 280 / LogL: -2272.106 / Time: 0h:0m:8s (0h:0m:3s left)
Iteration 290 / LogL: -2258.231 / Time: 0h:0m:9s (0h:0m:2s left)
Iteration 300 / LogL: -2258.229 / Time: 0h:0m:9s (0h:0m:2s left)
Iteration 310 / LogL: -2258.229 / Time: 0h:0m:9s (0h:0m:2s left)
Iteration 320 / LogL: -2263.454 / Time: 0h:0m:10s (0h:0m:1s left)
Iteration 330 / LogL: -2258.230 / Time: 0h:0m:10s (0h:0m:1s left)
Iteration 340 / LogL: -2258.230 / Time: 0h:0m:10s (0h:0m:1s left)
BETTER TREE FOUND at iteration 341: -2258.228
Iteration 350 / LogL: -2270.364 / Time: 0h:0m:11s (0h:0m:2s left)
Iteration 360 / LogL: -2258.229 / Time: 0h:0m:11s (0h:0m:2s left)
Iteration 370 / LogL: -2262.663 / Time: 0h:0m:11s (0h:0m:2s left)
Iteration 380 / LogL: -2259.255 / Time: 0h:0m:12s (0h:0m:1s left)
Iteration 390 / LogL: -2258.231 / Time: 0h:0m:12s (0h:0m:1s left)
Iteration 400 / LogL: -2261.151 / Time: 0h:0m:12s (0h:0m:1s left)
Iteration 410 / LogL: -2259.253 / Time: 0h:0m:13s (0h:0m:0s left)
Iteration 420 / LogL: -2258.229 / Time: 0h:0m:13s (0h:0m:0s left)
Iteration 430 / LogL: -2261.517 / Time: 0h:0m:13s (0h:0m:0s left)
Iteration 440 / LogL: -2258.229 / Time: 0h:0m:13s (0h:0m:0s left)
TREE SEARCH COMPLETED AFTER 442 ITERATIONS / Time: 0h:0m:13s

--------------------------------------------------------------------
|                    FINALIZING TREE SEARCH                        |
--------------------------------------------------------------------
Performs final model parameters optimization
Estimate model parameters (epsilon = 0.010)
1. Initial log-likelihood: -2258.228
Optimal log-likelihood: -2258.228
Rate parameters:  A-C: 2.00555  A-G: 4.79361  A-T: 0.31940  C-G: 2.47636  C-T: 2.97779  G-T: 1.00000
Base frequencies:  A: 0.330  C: 0.239  G: 0.226  T: 0.204
Gamma shape alpha: 0.476
Parameters optimization took 1 rounds (0.005 sec)
BEST SCORE FOUND : -2258.228
Total tree length: 0.930

Total number of iterations: 442
CPU time used for tree search: 12.777 sec (0h:0m:12s)
Wall-clock time used for tree search: 13.834 sec (0h:0m:13s)
Total CPU time used: 12.870 sec (0h:0m:12s)
Total wall-clock time used: 13.916 sec (0h:0m:13s)

Analysis results written to: 
  IQ-TREE report:                /workspace/IQTree_JarvD5a_Results/exon_10743.iqtree
  Maximum-likelihood tree:       /workspace/IQTree_JarvD5a_Results/exon_10743.treefile
  Likelihood distances:          /workspace/IQTree_JarvD5a_Results/exon_10743.mldist
  Screen log file:               /workspace/IQTree_JarvD5a_Results/exon_10743.log

Date and Time: Wed May 27 11:05:36 2026
