IQ-TREE version 3.1.2 for Linux x86 64-bit built May  7 2026
Developed by Bui Quang Minh, Thomas Wong, Nhan Ly-Trong, Huaiyan Ren
Contributed by Lam-Tung Nguyen, Dominik Schrempf, Chris Bielow,
Olga Chernomor, Michael Woodhams, Diep Thi Hoang, Heiko Schmidt

Host:    8084c4e79f09 (AVX512, FMA3, 1133 GB RAM)
Command: /workspace/iqtree-3.1.2-Linux/bin/iqtree3_intel -s /workspace/NeuralNJ/empirical/JarvD5a/exon_13164.fasta -st DNA -m GTR+G -seed 2201 -pre /workspace/IQTree_JarvD5a_Results/exon_13164 -quiet
Seed:    2201 (Using SPRNG - Scalable Parallel Random Number Generator)
Time:    Wed May 27 16:47:17 2026
Kernel:  AVX+FMA - 1 threads (384 CPU cores detected)

HINT: Use -nt option to specify number of threads because your CPU has 384 cores!
HINT: -nt AUTO will automatically determine the best number of threads to use.

Reading alignment file /workspace/NeuralNJ/empirical/JarvD5a/exon_13164.fasta ... Fasta format detected
Reading fasta file: done in 0.000115156 secs using 9.552% CPU
Alignment most likely contains DNA/RNA sequences
Constructing alignment: done in 0.000236988 secs using 10.13% CPU
Alignment has 48 sequences with 182 columns, 51 distinct patterns
21 parsimony-informative, 12 singleton sites, 149 constant sites
       Gap/Ambiguity  Composition  p-value
Analyzing sequences: done in 7.15256e-06 secs
   1  ACACH   47.25%    passed     76.67%
   2  ANAPL   16.48%    passed     98.97%
   3  APAVI   15.38%    passed     97.20%
   4  APTFO   15.38%    passed     98.86%
   5  BALRE   15.38%    passed     99.72%
   6  BUCRH   15.38%    passed     81.29%
   7  CALAN   15.38%    passed     99.96%
   8  CAPCA   15.38%    passed     97.34%
   9  CARCR   15.38%    passed     99.77%
  10  CATAU   15.38%    passed     99.96%
  11  CHAPE   15.38%    passed     99.96%
  12  CHAVO   15.38%    passed     99.85%
  13  CHLUN   15.38%    passed     98.56%
  14  COLLI   15.38%    passed     99.96%
  15  COLST    1.10%    passed     97.76%
  16  CORBR   15.38%    passed     99.77%
  17  CUCCA   15.38%    passed     99.63%
  18  EGRGA   15.38%    passed     98.56%
  19  EURHE   15.38%    passed     99.28%
  20  FALPE   15.38%    passed     98.20%
  21  FULGL   15.38%    passed     99.52%
  22  GALGA   16.48%    passed     95.14%
  23  GAVST   15.38%    passed     99.96%
  24  GEOFO   15.38%    passed     99.78%
  25  HALAL   15.38%    passed     98.20%
  26  HALLE   15.38%    passed     98.20%
  27  LEPDI   14.29%    passed     95.66%
  28  MANVI   15.38%    passed     98.86%
  29  MELGA   16.48%    passed     98.09%
  30  MELUN   15.38%    passed     99.96%
  31  MERNU   15.38%    passed     99.52%
  32  MESUN   15.38%    passed     99.72%
  33  NESNO   15.38%    passed     99.72%
  34  NIPNI   15.38%    passed     99.96%
  35  OPHHO   15.38%    passed     99.96%
  36  PELCR   15.38%    passed     99.90%
  37  PHACA   15.38%    passed     99.72%
  38  PHALE   15.38%    passed     95.88%
  39  PHORU   47.25%    passed     92.88%
  40  PICPU   16.48%    passed     91.99%
  41  PODCR   15.38%    passed     98.56%
  42  PTEGU   15.38%    passed     98.56%
  43  PYGAD   15.38%    passed     98.86%
  44  STRCA   16.48%    passed     99.76%
  45  TAEGU    1.10%    passed     87.49%
  46  TAUER   15.38%    passed     99.96%
  47  TINMA   16.48%    passed     98.27%
  48  TYTAL   47.25%    passed     88.11%
****  TOTAL   16.90%  0 sequences failed composition chi2 test (p-value<5%; df=3)
NOTE: PYGAD is identical to APTFO but kept for subsequent analysis
NOTE: CHAPE is identical to CATAU but kept for subsequent analysis
NOTE: PODCR is identical to CHLUN but kept for subsequent analysis
NOTE: HALLE is identical to HALAL but kept for subsequent analysis
NOTE: PHACA is identical to MESUN but kept for subsequent analysis
Checking for duplicate sequences: done in 0.000104904 secs using 10.49% CPU
Identifying sites to remove: done in 4.79221e-05 secs using 8.347% CPU
NOTE: 6 identical sequences (see below) will be ignored for subsequent analysis
NOTE: COLLI (identical to CATAU) is ignored but added at the end
NOTE: GAVST (identical to CATAU) is ignored but added at the end
NOTE: MELUN (identical to CATAU) is ignored but added at the end
NOTE: NIPNI (identical to CATAU) is ignored but added at the end
NOTE: TAUER (identical to CATAU) is ignored but added at the end
NOTE: PTEGU (identical to CHLUN) is ignored but added at the end
Alignment was printed to /workspace/IQTree_JarvD5a_Results/exon_13164.uniqueseq.phy

For your convenience alignment with unique sequences printed to /workspace/IQTree_JarvD5a_Results/exon_13164.uniqueseq.phy

Create initial parsimony tree by phylogenetic likelihood library (PLL)... 0.000 seconds

NOTE: 0 MB RAM (0 GB) is required!
Estimate model parameters (epsilon = 0.100)
1. Initial log-likelihood: -642.344
2. Current log-likelihood: -605.739
3. Current log-likelihood: -605.375
Optimal log-likelihood: -605.364
Rate parameters:  A-C: 0.21210  A-G: 3.08212  A-T: 1.75045  C-G: 1.45341  C-T: 6.41631  G-T: 1.00000
Base frequencies:  A: 0.363  C: 0.257  G: 0.241  T: 0.140
Gamma shape alpha: 0.094
Parameters optimization took 3 rounds (0.019 sec)
Wrote distance file to... 
Computing ML distances based on estimated model parameters...
Calculating distance matrix: done in 0.00392079 secs using 100% CPU
Computing ML distances took 0.003951 sec (of wall-clock time) 0.003951 sec (of CPU time)
Setting up auxiliary I and S matrices: done in 0.000221014 secs using 64.25% CPU
Constructing RapidNJ tree: done in 0.00041604 secs using 87.73% CPU
Computing RapidNJ tree took 0.000716 sec (of wall-clock time) 0.000572 sec (of CPU time)
Log-likelihood of RapidNJ tree: -607.985
--------------------------------------------------------------------
|             INITIALIZING CANDIDATE TREE SET                      |
--------------------------------------------------------------------
Generating 98 parsimony trees... 0.057 second
Computing log-likelihood of 98 initial trees ... 0.053 seconds
Current best score: -597.510

Do NNI search on 20 best initial trees
Estimate model parameters (epsilon = 0.100)
BETTER TREE FOUND at iteration 1: -596.304
Estimate model parameters (epsilon = 0.100)
BETTER TREE FOUND at iteration 6: -595.956
Iteration 10 / LogL: -597.000 / Time: 0h:0m:0s
Iteration 20 / LogL: -599.154 / Time: 0h:0m:0s
Finish initializing candidate tree set (20)
Current best tree score: -595.956 / CPU time: 0.281
Number of iterations: 20
--------------------------------------------------------------------
|               OPTIMIZING CANDIDATE TREE SET                      |
--------------------------------------------------------------------
Iteration 30 / LogL: -596.273 / Time: 0h:0m:0s (0h:0m:1s left)
Estimate model parameters (epsilon = 0.100)
BETTER TREE FOUND at iteration 33: -595.697
Iteration 40 / LogL: -598.600 / Time: 0h:0m:0s (0h:0m:1s left)
BETTER TREE FOUND at iteration 50: -595.687
Iteration 50 / LogL: -595.687 / Time: 0h:0m:0s (0h:0m:1s left)
Iteration 60 / LogL: -598.602 / Time: 0h:0m:0s (0h:0m:1s left)
Iteration 70 / LogL: -601.922 / Time: 0h:0m:0s (0h:0m:0s left)
Iteration 80 / LogL: -595.697 / Time: 0h:0m:0s (0h:0m:0s left)
Iteration 90 / LogL: -599.783 / Time: 0h:0m:0s (0h:0m:0s left)
Iteration 100 / LogL: -596.263 / Time: 0h:0m:1s (0h:0m:0s left)
Iteration 110 / LogL: -596.277 / Time: 0h:0m:1s (0h:0m:0s left)
Iteration 120 / LogL: -597.236 / Time: 0h:0m:1s (0h:0m:0s left)
Iteration 130 / LogL: -596.280 / Time: 0h:0m:1s (0h:0m:0s left)
Iteration 140 / LogL: -595.688 / Time: 0h:0m:1s (0h:0m:0s left)
Iteration 150 / LogL: -602.515 / Time: 0h:0m:1s (0h:0m:0s left)
TREE SEARCH COMPLETED AFTER 151 ITERATIONS / Time: 0h:0m:1s

--------------------------------------------------------------------
|                    FINALIZING TREE SEARCH                        |
--------------------------------------------------------------------
Performs final model parameters optimization
Estimate model parameters (epsilon = 0.010)
1. Initial log-likelihood: -595.687
Optimal log-likelihood: -595.686
Rate parameters:  A-C: 0.10842  A-G: 1.33300  A-T: 0.58207  C-G: 0.52553  C-T: 3.47951  G-T: 1.00000
Base frequencies:  A: 0.363  C: 0.257  G: 0.241  T: 0.140
Gamma shape alpha: 0.097
Parameters optimization took 1 rounds (0.003 sec)
BEST SCORE FOUND : -595.686
Total tree length: 0.460

Total number of iterations: 151
CPU time used for tree search: 1.703 sec (0h:0m:1s)
Wall-clock time used for tree search: 1.524 sec (0h:0m:1s)
Total CPU time used: 1.747 sec (0h:0m:1s)
Total wall-clock time used: 1.565 sec (0h:0m:1s)

Analysis results written to: 
  IQ-TREE report:                /workspace/IQTree_JarvD5a_Results/exon_13164.iqtree
  Maximum-likelihood tree:       /workspace/IQTree_JarvD5a_Results/exon_13164.treefile
  Likelihood distances:          /workspace/IQTree_JarvD5a_Results/exon_13164.mldist
  Screen log file:               /workspace/IQTree_JarvD5a_Results/exon_13164.log

Date and Time: Wed May 27 16:47:18 2026
