IQ-TREE version 3.1.2 for Linux x86 64-bit built May  7 2026
Developed by Bui Quang Minh, Thomas Wong, Nhan Ly-Trong, Huaiyan Ren
Contributed by Lam-Tung Nguyen, Dominik Schrempf, Chris Bielow,
Olga Chernomor, Michael Woodhams, Diep Thi Hoang, Heiko Schmidt

Host:    8084c4e79f09 (AVX512, FMA3, 1133 GB RAM)
Command: /workspace/iqtree-3.1.2-Linux/bin/iqtree3_intel -s /workspace/NeuralNJ/empirical/JarvD5a/exon_2897.fasta -st DNA -m GTR+G -seed 2201 -pre /workspace/IQTree_JarvD5a_Results/exon_2897 -quiet
Seed:    2201 (Using SPRNG - Scalable Parallel Random Number Generator)
Time:    Wed May 27 23:36:09 2026
Kernel:  AVX+FMA - 1 threads (384 CPU cores detected)

HINT: Use -nt option to specify number of threads because your CPU has 384 cores!
HINT: -nt AUTO will automatically determine the best number of threads to use.

Reading alignment file /workspace/NeuralNJ/empirical/JarvD5a/exon_2897.fasta ... Fasta format detected
Reading fasta file: done in 0.000651121 secs using 27.64% CPU
Alignment most likely contains DNA/RNA sequences
Constructing alignment: done in 0.00158811 secs using 15.18% CPU
Alignment has 44 sequences with 1130 columns, 118 distinct patterns
41 parsimony-informative, 41 singleton sites, 1048 constant sites
       Gap/Ambiguity  Composition  p-value
Analyzing sequences: done in 1.3113e-05 secs using 106.8% CPU
   1  ANAPL    2.83%    passed     99.13%
   2  APAVI    2.83%    passed     99.91%
   3  APTFO    2.83%    passed     99.58%
   4  BALRE   11.68%    passed     99.60%
   5  BUCRH    2.83%    passed     99.88%
   6  CALAN    0.00%    passed     98.16%
   7  CAPCA    3.36%    passed     99.82%
   8  CARCR   36.81%    passed     13.69%
   9  CATAU    2.83%    passed     99.88%
  10  CHAPE    2.83%    passed     99.91%
  11  CHAVO    2.83%    passed     99.99%
  12  CHLUN   36.81%    passed     12.68%
  13  COLLI    2.83%    passed     99.76%
  14  COLST    2.48%    passed     99.43%
  15  CORBR    2.83%    passed     99.00%
  16  CUCCA    2.83%    passed    100.00%
  17  EGRGA    2.83%    passed     99.88%
  18  FALPE    0.00%    passed     99.68%
  19  FULGL    2.83%    passed     99.96%
  20  GALGA    0.00%    passed     91.04%
  21  GAVST    2.83%    passed     99.96%
  22  GEOFO    2.83%    passed     94.79%
  23  HALAL   15.75%    passed     94.55%
  24  HALLE   26.55%    passed     60.65%
  25  LEPDI    3.01%    passed     99.69%
  26  MANVI    2.83%    passed     98.84%
  27  MELGA    2.83%    passed     97.44%
  28  MELUN    0.00%    passed     97.72%
  29  MERNU    2.83%    passed     99.62%
  30  MESUN    2.83%    passed     99.99%
  31  NESNO    2.83%    passed     99.88%
  32  NIPNI    2.83%    passed     99.91%
  33  OPHHO    2.83%    passed     99.67%
  34  PELCR    2.83%    passed     99.63%
  35  PHACA    2.83%    passed     99.69%
  36  PHALE    2.83%    passed     99.99%
  37  PHORU    2.83%    passed     99.88%
  38  PICPU    4.07%    passed     99.59%
  39  PTEGU    3.01%    passed     99.82%
  40  PYGAD    2.83%    passed     99.88%
  41  STRCA   39.47%    failed      0.32%
  42  TAEGU    2.83%    passed     98.95%
  43  TINMA    2.48%    passed     94.90%
  44  TYTAL    2.83%    passed     99.91%
****  TOTAL    6.02%  1 sequences failed composition chi2 test (p-value<5%; df=3)
NOTE: CATAU is identical to BUCRH but kept for subsequent analysis
NOTE: TYTAL is identical to NIPNI but kept for subsequent analysis
Checking for duplicate sequences: done in 0.00012207 secs using 99.94% CPU
Identifying sites to remove: done in 0.00035882 secs using 100.1% CPU
NOTE: 2 identical sequences (see below) will be ignored for subsequent analysis
NOTE: EGRGA (identical to BUCRH) is ignored but added at the end
NOTE: PHORU (identical to BUCRH) is ignored but added at the end
Alignment was printed to /workspace/IQTree_JarvD5a_Results/exon_2897.uniqueseq.phy

For your convenience alignment with unique sequences printed to /workspace/IQTree_JarvD5a_Results/exon_2897.uniqueseq.phy

Create initial parsimony tree by phylogenetic likelihood library (PLL)... 0.001 seconds

NOTE: 0 MB RAM (0 GB) is required!
Estimate model parameters (epsilon = 0.100)
1. Initial log-likelihood: -2463.300
2. Current log-likelihood: -2402.088
3. Current log-likelihood: -2401.739
Optimal log-likelihood: -2401.736
Rate parameters:  A-C: 9.29019  A-G: 3.49560  A-T: 2.37186  C-G: 3.61438  C-T: 18.37738  G-T: 1.00000
Base frequencies:  A: 0.340  C: 0.195  G: 0.287  T: 0.177
Gamma shape alpha: 0.020
Parameters optimization took 3 rounds (0.042 sec)
Wrote distance file to... 
Computing ML distances based on estimated model parameters...
Calculating distance matrix: done in 0.00767803 secs using 99.99% CPU
Computing ML distances took 0.007719 sec (of wall-clock time) 0.007712 sec (of CPU time)
Setting up auxiliary I and S matrices: done in 0.000217915 secs using 100% CPU
Constructing RapidNJ tree: done in 0.000403166 secs using 83.84% CPU
Computing RapidNJ tree took 0.000697 sec (of wall-clock time) 0.000640 sec (of CPU time)
Log-likelihood of RapidNJ tree: -2409.422
--------------------------------------------------------------------
|             INITIALIZING CANDIDATE TREE SET                      |
--------------------------------------------------------------------
Generating 98 parsimony trees... 0.071 second
Computing log-likelihood of 98 initial trees ... 0.078 seconds
Current best score: -2393.949

Do NNI search on 20 best initial trees
Estimate model parameters (epsilon = 0.100)
BETTER TREE FOUND at iteration 1: -2393.621
Estimate model parameters (epsilon = 0.100)
BETTER TREE FOUND at iteration 9: -2393.005
Iteration 10 / LogL: -2394.799 / Time: 0h:0m:0s
Iteration 20 / LogL: -2393.700 / Time: 0h:0m:0s
Finish initializing candidate tree set (20)
Current best tree score: -2393.005 / CPU time: 0.407
Number of iterations: 20
--------------------------------------------------------------------
|               OPTIMIZING CANDIDATE TREE SET                      |
--------------------------------------------------------------------
Iteration 30 / LogL: -2393.698 / Time: 0h:0m:0s (0h:0m:1s left)
Iteration 40 / LogL: -2393.010 / Time: 0h:0m:0s (0h:0m:1s left)
Iteration 50 / LogL: -2393.974 / Time: 0h:0m:0s (0h:0m:1s left)
Iteration 60 / LogL: -2415.752 / Time: 0h:0m:1s (0h:0m:0s left)
Iteration 70 / LogL: -2411.731 / Time: 0h:0m:1s (0h:0m:0s left)
Iteration 80 / LogL: -2393.012 / Time: 0h:0m:1s (0h:0m:0s left)
Iteration 90 / LogL: -2399.511 / Time: 0h:0m:1s (0h:0m:0s left)
Iteration 100 / LogL: -2393.006 / Time: 0h:0m:1s (0h:0m:0s left)
Iteration 110 / LogL: -2393.010 / Time: 0h:0m:1s (0h:0m:-1s left)
TREE SEARCH COMPLETED AFTER 110 ITERATIONS / Time: 0h:0m:1s

--------------------------------------------------------------------
|                    FINALIZING TREE SEARCH                        |
--------------------------------------------------------------------
Performs final model parameters optimization
Estimate model parameters (epsilon = 0.010)
1. Initial log-likelihood: -2393.005
Optimal log-likelihood: -2393.005
Rate parameters:  A-C: 9.98436  A-G: 3.54923  A-T: 2.40878  C-G: 3.04609  C-T: 18.12838  G-T: 1.00000
Base frequencies:  A: 0.340  C: 0.195  G: 0.287  T: 0.177
Gamma shape alpha: 0.020
Parameters optimization took 1 rounds (0.005 sec)
BEST SCORE FOUND : -2393.005
Total tree length: 0.120

Total number of iterations: 110
CPU time used for tree search: 1.944 sec (0h:0m:1s)
Wall-clock time used for tree search: 1.761 sec (0h:0m:1s)
Total CPU time used: 2.012 sec (0h:0m:2s)
Total wall-clock time used: 1.828 sec (0h:0m:1s)

Analysis results written to: 
  IQ-TREE report:                /workspace/IQTree_JarvD5a_Results/exon_2897.iqtree
  Maximum-likelihood tree:       /workspace/IQTree_JarvD5a_Results/exon_2897.treefile
  Likelihood distances:          /workspace/IQTree_JarvD5a_Results/exon_2897.mldist
  Screen log file:               /workspace/IQTree_JarvD5a_Results/exon_2897.log

Date and Time: Wed May 27 23:36:11 2026
