IQ-TREE version 3.1.2 for Linux x86 64-bit built May  7 2026
Developed by Bui Quang Minh, Thomas Wong, Nhan Ly-Trong, Huaiyan Ren
Contributed by Lam-Tung Nguyen, Dominik Schrempf, Chris Bielow,
Olga Chernomor, Michael Woodhams, Diep Thi Hoang, Heiko Schmidt

Host:    8084c4e79f09 (AVX512, FMA3, 1133 GB RAM)
Command: /workspace/iqtree-3.1.2-Linux/bin/iqtree3_intel -s /workspace/NeuralNJ/empirical/JarvD5a/exon_12335.fasta -st DNA -m GTR+G -seed 2201 -pre /workspace/IQTree_JarvD5a_Results/exon_12335 -quiet
Seed:    2201 (Using SPRNG - Scalable Parallel Random Number Generator)
Time:    Wed May 27 15:00:05 2026
Kernel:  AVX+FMA - 1 threads (384 CPU cores detected)

HINT: Use -nt option to specify number of threads because your CPU has 384 cores!
HINT: -nt AUTO will automatically determine the best number of threads to use.

Reading alignment file /workspace/NeuralNJ/empirical/JarvD5a/exon_12335.fasta ... Fasta format detected
Reading fasta file: done in 0.000125885 secs using 24.63% CPU
Alignment most likely contains DNA/RNA sequences
Constructing alignment: done in 0.000236034 secs using 25% CPU
Alignment has 48 sequences with 172 columns, 107 distinct patterns
54 parsimony-informative, 41 singleton sites, 77 constant sites
       Gap/Ambiguity  Composition  p-value
Analyzing sequences: done in 1.00136e-05 secs using 29.96% CPU
   1  ACACH    1.16%    passed     95.66%
   2  ANAPL    1.16%    passed     96.06%
   3  APAVI    2.33%    passed     99.05%
   4  APTFO    1.16%    passed     99.99%
   5  BALRE    1.16%    passed     99.84%
   6  BUCRH    1.16%    passed     69.86%
   7  CALAN    1.16%    passed     86.34%
   8  CAPCA    1.16%    passed     96.06%
   9  CARCR    1.16%    passed     88.44%
  10  CATAU    1.16%    passed     99.99%
  11  CHAPE    2.33%    passed     99.36%
  12  CHAVO    1.16%    passed     99.71%
  13  CHLUN    1.16%    passed     94.02%
  14  COLLI    1.16%    passed     98.85%
  15  COLST    1.16%    passed     99.22%
  16  CORBR    1.16%    passed     90.37%
  17  CUCCA    1.16%    passed     92.58%
  18  EGRGA    1.16%    passed     90.81%
  19  EURHE    1.16%    passed     98.13%
  20  FALPE    1.16%    passed     99.44%
  21  FULGL    1.16%    passed     99.99%
  22  GALGA    1.16%    passed     97.02%
  23  GAVST    1.16%    passed     99.84%
  24  GEOFO   10.47%    passed     94.97%
  25  HALAL    1.16%    passed     99.71%
  26  HALLE    1.16%    passed     99.71%
  27  LEPDI    1.16%    passed     95.68%
  28  MANVI    1.16%    passed     93.60%
  29  MELGA    1.16%    passed     94.38%
  30  MELUN    1.16%    passed     97.80%
  31  MERNU   12.79%    passed     99.19%
  32  MESUN    2.33%    passed     95.25%
  33  NESNO    1.16%    passed     98.13%
  34  NIPNI    1.16%    passed     98.70%
  35  OPHHO    2.33%    passed     98.93%
  36  PELCR    1.16%    passed     99.61%
  37  PHACA    1.16%    passed     96.76%
  38  PHALE    1.16%    passed     86.73%
  39  PHORU    2.33%    passed     98.93%
  40  PICPU    1.16%    passed     93.98%
  41  PODCR    1.16%    passed     94.96%
  42  PTEGU    1.16%    passed     97.41%
  43  PYGAD    1.16%    passed     98.99%
  44  STRCA    2.33%    passed     98.70%
  45  TAEGU    1.16%    passed     98.88%
  46  TAUER    1.16%    passed     98.88%
  47  TINMA    2.33%    passed     81.24%
  48  TYTAL    2.33%    passed     97.77%
****  TOTAL    1.79%  0 sequences failed composition chi2 test (p-value<5%; df=3)
NOTE: CATAU is identical to APTFO but kept for subsequent analysis
NOTE: HALLE is identical to HALAL but kept for subsequent analysis
Checking for duplicate sequences: done in 0.00010705 secs using 99.95% CPU
Identifying sites to remove: done in 5.6982e-05 secs using 101.8% CPU
NOTE: 1 identical sequences (see below) will be ignored for subsequent analysis
NOTE: FULGL (identical to APTFO) is ignored but added at the end
Alignment was printed to /workspace/IQTree_JarvD5a_Results/exon_12335.uniqueseq.phy

For your convenience alignment with unique sequences printed to /workspace/IQTree_JarvD5a_Results/exon_12335.uniqueseq.phy

Create initial parsimony tree by phylogenetic likelihood library (PLL)... 0.001 seconds

NOTE: 0 MB RAM (0 GB) is required!
Estimate model parameters (epsilon = 0.100)
1. Initial log-likelihood: -1395.018
2. Current log-likelihood: -1331.860
3. Current log-likelihood: -1331.668
Optimal log-likelihood: -1331.667
Rate parameters:  A-C: 0.87717  A-G: 3.01054  A-T: 0.35994  C-G: 0.86401  C-T: 4.47215  G-T: 1.00000
Base frequencies:  A: 0.351  C: 0.202  G: 0.276  T: 0.171
Gamma shape alpha: 0.744
Parameters optimization took 3 rounds (0.024 sec)
Wrote distance file to... 
Computing ML distances based on estimated model parameters...
Calculating distance matrix: done in 0.00619984 secs using 100% CPU
Computing ML distances took 0.006236 sec (of wall-clock time) 0.006236 sec (of CPU time)
Setting up auxiliary I and S matrices: done in 0.000246048 secs using 99.57% CPU
Constructing RapidNJ tree: done in 0.000535965 secs using 261.4% CPU
Computing RapidNJ tree took 0.000872 sec (of wall-clock time) 0.001759 sec (of CPU time)
Log-likelihood of RapidNJ tree: -1346.255
--------------------------------------------------------------------
|             INITIALIZING CANDIDATE TREE SET                      |
--------------------------------------------------------------------
Generating 98 parsimony trees... 0.089 second
Computing log-likelihood of 98 initial trees ... 0.088 seconds
Current best score: -1325.934

Do NNI search on 20 best initial trees
Estimate model parameters (epsilon = 0.100)
BETTER TREE FOUND at iteration 1: -1325.639
Estimate model parameters (epsilon = 0.100)
BETTER TREE FOUND at iteration 3: -1324.927
Estimate model parameters (epsilon = 0.100)
BETTER TREE FOUND at iteration 7: -1322.410
Iteration 10 / LogL: -1327.524 / Time: 0h:0m:0s
Iteration 20 / LogL: -1332.631 / Time: 0h:0m:0s
Finish initializing candidate tree set (20)
Current best tree score: -1322.410 / CPU time: 0.518
Number of iterations: 20
--------------------------------------------------------------------
|               OPTIMIZING CANDIDATE TREE SET                      |
--------------------------------------------------------------------
Estimate model parameters (epsilon = 0.100)
BETTER TREE FOUND at iteration 23: -1321.962
Estimate model parameters (epsilon = 0.100)
BETTER TREE FOUND at iteration 30: -1321.509
Iteration 30 / LogL: -1321.509 / Time: 0h:0m:0s (0h:0m:2s left)
BETTER TREE FOUND at iteration 36: -1321.508
Iteration 40 / LogL: -1326.840 / Time: 0h:0m:0s (0h:0m:2s left)
Estimate model parameters (epsilon = 0.100)
BETTER TREE FOUND at iteration 42: -1321.333
Iteration 50 / LogL: -1321.521 / Time: 0h:0m:1s (0h:0m:2s left)
Estimate model parameters (epsilon = 0.100)
BETTER TREE FOUND at iteration 57: -1318.856
Iteration 60 / LogL: -1321.337 / Time: 0h:0m:1s (0h:0m:2s left)
Iteration 70 / LogL: -1323.003 / Time: 0h:0m:1s (0h:0m:1s left)
BETTER TREE FOUND at iteration 76: -1318.855
Iteration 80 / LogL: -1335.150 / Time: 0h:0m:1s (0h:0m:2s left)
Estimate model parameters (epsilon = 0.100)
BETTER TREE FOUND at iteration 86: -1318.220
Iteration 90 / LogL: -1318.909 / Time: 0h:0m:1s (0h:0m:2s left)
Estimate model parameters (epsilon = 0.100)
BETTER TREE FOUND at iteration 100: -1317.534
Iteration 100 / LogL: -1317.534 / Time: 0h:0m:2s (0h:0m:2s left)
Estimate model parameters (epsilon = 0.100)
BETTER TREE FOUND at iteration 103: -1317.305
Estimate model parameters (epsilon = 0.100)
BETTER TREE FOUND at iteration 106: -1316.381
Estimate model parameters (epsilon = 0.100)
BETTER TREE FOUND at iteration 110: -1316.329
Iteration 110 / LogL: -1316.329 / Time: 0h:0m:2s (0h:0m:2s left)
Iteration 120 / LogL: -1316.391 / Time: 0h:0m:2s (0h:0m:1s left)
Estimate model parameters (epsilon = 0.100)
BETTER TREE FOUND at iteration 123: -1316.146
Iteration 130 / LogL: -1320.976 / Time: 0h:0m:2s (0h:0m:1s left)
Iteration 140 / LogL: -1324.995 / Time: 0h:0m:2s (0h:0m:1s left)
Iteration 150 / LogL: -1316.146 / Time: 0h:0m:3s (0h:0m:1s left)
Estimate model parameters (epsilon = 0.100)
BETTER TREE FOUND at iteration 151: -1316.092
BETTER TREE FOUND at iteration 160: -1316.092
Iteration 160 / LogL: -1316.092 / Time: 0h:0m:3s (0h:0m:2s left)
BETTER TREE FOUND at iteration 163: -1316.092
Estimate model parameters (epsilon = 0.100)
BETTER TREE FOUND at iteration 168: -1315.296
Iteration 170 / LogL: -1318.933 / Time: 0h:0m:3s (0h:0m:2s left)
Iteration 180 / LogL: -1319.532 / Time: 0h:0m:3s (0h:0m:1s left)
Iteration 190 / LogL: -1315.533 / Time: 0h:0m:3s (0h:0m:1s left)
BETTER TREE FOUND at iteration 196: -1315.296
Iteration 200 / LogL: -1315.296 / Time: 0h:0m:4s (0h:0m:1s left)
BETTER TREE FOUND at iteration 205: -1315.296
Iteration 210 / LogL: -1320.350 / Time: 0h:0m:4s (0h:0m:1s left)
BETTER TREE FOUND at iteration 216: -1315.296
BETTER TREE FOUND at iteration 217: -1315.296
Iteration 220 / LogL: -1315.296 / Time: 0h:0m:4s (0h:0m:1s left)
BETTER TREE FOUND at iteration 230: -1315.296
Iteration 230 / LogL: -1315.296 / Time: 0h:0m:4s (0h:0m:2s left)
Iteration 240 / LogL: -1315.296 / Time: 0h:0m:4s (0h:0m:1s left)
Iteration 250 / LogL: -1316.330 / Time: 0h:0m:5s (0h:0m:1s left)
BETTER TREE FOUND at iteration 254: -1315.296
Iteration 260 / LogL: -1315.296 / Time: 0h:0m:5s (0h:0m:1s left)
Iteration 270 / LogL: -1318.820 / Time: 0h:0m:5s (0h:0m:1s left)
Iteration 280 / LogL: -1319.424 / Time: 0h:0m:5s (0h:0m:1s left)
Iteration 290 / LogL: -1315.296 / Time: 0h:0m:5s (0h:0m:1s left)
Iteration 300 / LogL: -1324.395 / Time: 0h:0m:6s (0h:0m:1s left)
Iteration 310 / LogL: -1315.296 / Time: 0h:0m:6s (0h:0m:0s left)
Iteration 320 / LogL: -1315.296 / Time: 0h:0m:6s (0h:0m:0s left)
Iteration 330 / LogL: -1315.296 / Time: 0h:0m:6s (0h:0m:0s left)
BETTER TREE FOUND at iteration 331: -1315.296
BETTER TREE FOUND at iteration 332: -1315.296
BETTER TREE FOUND at iteration 334: -1315.296
Iteration 340 / LogL: -1316.361 / Time: 0h:0m:6s (0h:0m:1s left)
Iteration 350 / LogL: -1319.661 / Time: 0h:0m:7s (0h:0m:1s left)
Iteration 360 / LogL: -1316.329 / Time: 0h:0m:7s (0h:0m:1s left)
Iteration 370 / LogL: -1315.532 / Time: 0h:0m:7s (0h:0m:1s left)
BETTER TREE FOUND at iteration 378: -1315.296
Iteration 380 / LogL: -1315.296 / Time: 0h:0m:7s (0h:0m:1s left)
Iteration 390 / LogL: -1315.296 / Time: 0h:0m:7s (0h:0m:1s left)
Iteration 400 / LogL: -1315.296 / Time: 0h:0m:8s (0h:0m:1s left)
BETTER TREE FOUND at iteration 405: -1315.296
Iteration 410 / LogL: -1315.296 / Time: 0h:0m:8s (0h:0m:1s left)
BETTER TREE FOUND at iteration 414: -1315.295
Iteration 420 / LogL: -1315.985 / Time: 0h:0m:8s (0h:0m:1s left)
Iteration 430 / LogL: -1315.296 / Time: 0h:0m:8s (0h:0m:1s left)
BETTER TREE FOUND at iteration 439: -1315.295
Iteration 440 / LogL: -1315.296 / Time: 0h:0m:8s (0h:0m:2s left)
Iteration 450 / LogL: -1315.985 / Time: 0h:0m:9s (0h:0m:1s left)
Iteration 460 / LogL: -1317.151 / Time: 0h:0m:9s (0h:0m:1s left)
Iteration 470 / LogL: -1317.811 / Time: 0h:0m:9s (0h:0m:1s left)
Estimate model parameters (epsilon = 0.100)
BETTER TREE FOUND at iteration 478: -1315.030
Iteration 480 / LogL: -1318.240 / Time: 0h:0m:9s (0h:0m:1s left)
Iteration 490 / LogL: -1316.071 / Time: 0h:0m:9s (0h:0m:1s left)
BETTER TREE FOUND at iteration 498: -1315.030
Iteration 500 / LogL: -1317.255 / Time: 0h:0m:10s (0h:0m:1s left)
BETTER TREE FOUND at iteration 503: -1315.030
Estimate model parameters (epsilon = 0.100)
BETTER TREE FOUND at iteration 505: -1314.575
Iteration 510 / LogL: -1315.055 / Time: 0h:0m:10s (0h:0m:1s left)
BETTER TREE FOUND at iteration 518: -1314.575
Iteration 520 / LogL: -1320.017 / Time: 0h:0m:10s (0h:0m:1s left)
BETTER TREE FOUND at iteration 523: -1314.575
Iteration 530 / LogL: -1314.575 / Time: 0h:0m:10s (0h:0m:1s left)
Iteration 540 / LogL: -1314.576 / Time: 0h:0m:10s (0h:0m:1s left)
Iteration 550 / LogL: -1314.576 / Time: 0h:0m:11s (0h:0m:1s left)
Iteration 560 / LogL: -1316.784 / Time: 0h:0m:11s (0h:0m:1s left)
Iteration 570 / LogL: -1328.407 / Time: 0h:0m:11s (0h:0m:1s left)
Iteration 580 / LogL: -1315.289 / Time: 0h:0m:11s (0h:0m:0s left)
Iteration 590 / LogL: -1315.320 / Time: 0h:0m:11s (0h:0m:0s left)
Iteration 600 / LogL: -1314.575 / Time: 0h:0m:12s (0h:0m:0s left)
Iteration 610 / LogL: -1316.707 / Time: 0h:0m:12s (0h:0m:0s left)
Iteration 620 / LogL: -1314.776 / Time: 0h:0m:12s (0h:0m:0s left)
BETTER TREE FOUND at iteration 621: -1314.575
Iteration 630 / LogL: -1327.675 / Time: 0h:0m:12s (0h:0m:1s left)
Iteration 640 / LogL: -1314.575 / Time: 0h:0m:12s (0h:0m:1s left)
Iteration 650 / LogL: -1314.576 / Time: 0h:0m:13s (0h:0m:1s left)
Iteration 660 / LogL: -1315.054 / Time: 0h:0m:13s (0h:0m:1s left)
Iteration 670 / LogL: -1314.576 / Time: 0h:0m:13s (0h:0m:1s left)
Iteration 680 / LogL: -1314.808 / Time: 0h:0m:13s (0h:0m:0s left)
Iteration 690 / LogL: -1314.575 / Time: 0h:0m:13s (0h:0m:0s left)
Iteration 700 / LogL: -1314.575 / Time: 0h:0m:14s (0h:0m:0s left)
BETTER TREE FOUND at iteration 710: -1314.575
Iteration 710 / LogL: -1314.575 / Time: 0h:0m:14s (0h:0m:2s left)
Iteration 720 / LogL: -1314.802 / Time: 0h:0m:14s (0h:0m:1s left)
Iteration 730 / LogL: -1314.575 / Time: 0h:0m:14s (0h:0m:1s left)
Iteration 740 / LogL: -1314.575 / Time: 0h:0m:14s (0h:0m:1s left)
Iteration 750 / LogL: -1314.575 / Time: 0h:0m:14s (0h:0m:1s left)
Iteration 760 / LogL: -1317.571 / Time: 0h:0m:15s (0h:0m:0s left)
Iteration 770 / LogL: -1314.810 / Time: 0h:0m:15s (0h:0m:0s left)
BETTER TREE FOUND at iteration 773: -1314.575
BETTER TREE FOUND at iteration 777: -1314.575
Iteration 780 / LogL: -1318.816 / Time: 0h:0m:15s (0h:0m:1s left)
Iteration 790 / LogL: -1314.575 / Time: 0h:0m:15s (0h:0m:1s left)
Iteration 800 / LogL: -1314.576 / Time: 0h:0m:15s (0h:0m:1s left)
Iteration 810 / LogL: -1314.576 / Time: 0h:0m:16s (0h:0m:1s left)
Iteration 820 / LogL: -1314.576 / Time: 0h:0m:16s (0h:0m:1s left)
Iteration 830 / LogL: -1314.575 / Time: 0h:0m:16s (0h:0m:0s left)
BETTER TREE FOUND at iteration 832: -1314.575
Iteration 840 / LogL: -1316.308 / Time: 0h:0m:16s (0h:0m:1s left)
Iteration 850 / LogL: -1314.575 / Time: 0h:0m:16s (0h:0m:1s left)
Iteration 860 / LogL: -1314.776 / Time: 0h:0m:17s (0h:0m:1s left)
BETTER TREE FOUND at iteration 863: -1314.575
Iteration 870 / LogL: -1314.576 / Time: 0h:0m:17s (0h:0m:1s left)
Iteration 880 / LogL: -1314.575 / Time: 0h:0m:17s (0h:0m:1s left)
Iteration 890 / LogL: -1314.576 / Time: 0h:0m:17s (0h:0m:1s left)
BETTER TREE FOUND at iteration 895: -1314.575
Iteration 900 / LogL: -1314.776 / Time: 0h:0m:17s (0h:0m:1s left)
Iteration 910 / LogL: -1314.575 / Time: 0h:0m:18s (0h:0m:1s left)
Iteration 920 / LogL: -1314.575 / Time: 0h:0m:18s (0h:0m:1s left)
Iteration 930 / LogL: -1314.575 / Time: 0h:0m:18s (0h:0m:1s left)
Iteration 940 / LogL: -1314.575 / Time: 0h:0m:18s (0h:0m:1s left)
Iteration 950 / LogL: -1314.575 / Time: 0h:0m:18s (0h:0m:0s left)
Iteration 960 / LogL: -1316.551 / Time: 0h:0m:18s (0h:0m:0s left)
Iteration 970 / LogL: -1326.077 / Time: 0h:0m:19s (0h:0m:0s left)
Iteration 980 / LogL: -1314.575 / Time: 0h:0m:19s (0h:0m:0s left)
Iteration 990 / LogL: -1320.017 / Time: 0h:0m:19s (0h:0m:0s left)
TREE SEARCH COMPLETED AFTER 996 ITERATIONS / Time: 0h:0m:19s

--------------------------------------------------------------------
|                    FINALIZING TREE SEARCH                        |
--------------------------------------------------------------------
Performs final model parameters optimization
Estimate model parameters (epsilon = 0.010)
1. Initial log-likelihood: -1314.575
Optimal log-likelihood: -1314.575
Rate parameters:  A-C: 0.89467  A-G: 3.20825  A-T: 0.30517  C-G: 0.86433  C-T: 4.01253  G-T: 1.00000
Base frequencies:  A: 0.351  C: 0.202  G: 0.276  T: 0.171
Gamma shape alpha: 0.748
Parameters optimization took 1 rounds (0.003 sec)
BEST SCORE FOUND : -1314.575
Total tree length: 1.426

Total number of iterations: 996
CPU time used for tree search: 17.981 sec (0h:0m:17s)
Wall-clock time used for tree search: 19.567 sec (0h:0m:19s)
Total CPU time used: 18.030 sec (0h:0m:18s)
Total wall-clock time used: 19.613 sec (0h:0m:19s)

Analysis results written to: 
  IQ-TREE report:                /workspace/IQTree_JarvD5a_Results/exon_12335.iqtree
  Maximum-likelihood tree:       /workspace/IQTree_JarvD5a_Results/exon_12335.treefile
  Likelihood distances:          /workspace/IQTree_JarvD5a_Results/exon_12335.mldist
  Screen log file:               /workspace/IQTree_JarvD5a_Results/exon_12335.log

Date and Time: Wed May 27 15:00:25 2026
