IQ-TREE version 3.1.2 for Linux x86 64-bit built May  7 2026
Developed by Bui Quang Minh, Thomas Wong, Nhan Ly-Trong, Huaiyan Ren
Contributed by Lam-Tung Nguyen, Dominik Schrempf, Chris Bielow,
Olga Chernomor, Michael Woodhams, Diep Thi Hoang, Heiko Schmidt

Host:    8084c4e79f09 (AVX512, FMA3, 1133 GB RAM)
Command: /workspace/iqtree-3.1.2-Linux/bin/iqtree3_intel -s /workspace/NeuralNJ/empirical/JarvD5a/exon_4313.fasta -st DNA -m GTR+G -seed 2201 -pre /workspace/IQTree_JarvD5a_Results/exon_4313 -quiet
Seed:    2201 (Using SPRNG - Scalable Parallel Random Number Generator)
Time:    Thu May 28 02:05:48 2026
Kernel:  AVX+FMA - 1 threads (384 CPU cores detected)

HINT: Use -nt option to specify number of threads because your CPU has 384 cores!
HINT: -nt AUTO will automatically determine the best number of threads to use.

Reading alignment file /workspace/NeuralNJ/empirical/JarvD5a/exon_4313.fasta ... Fasta format detected
Reading fasta file: done in 0.000301123 secs using 33.21% CPU
Alignment most likely contains DNA/RNA sequences
Constructing alignment: done in 0.000725985 secs using 1.102% CPU
Alignment has 48 sequences with 582 columns, 338 distinct patterns
193 parsimony-informative, 119 singleton sites, 270 constant sites
       Gap/Ambiguity  Composition  p-value
Analyzing sequences: done in 3.31402e-05 secs using 90.52% CPU
   1  ACACH    5.15%    passed     81.55%
   2  ANAPL    0.69%    passed     97.46%
   3  APAVI    1.37%    passed     88.39%
   4  APTFO    0.69%    passed     99.16%
   5  BALRE    0.69%    passed     97.73%
   6  BUCRH    0.34%    passed     96.96%
   7  CALAN    0.69%    passed     84.71%
   8  CAPCA    1.37%    passed     96.91%
   9  CARCR    0.69%    passed     96.52%
  10  CATAU    0.69%    passed     98.50%
  11  CHAPE    1.37%    passed     99.67%
  12  CHAVO    0.69%    passed     98.10%
  13  CHLUN    1.03%    passed     92.37%
  14  COLLI    3.09%    passed     88.63%
  15  COLST    1.72%    passed     96.03%
  16  CORBR    3.78%    passed     87.09%
  17  CUCCA    0.69%    passed     97.35%
  18  EGRGA    2.06%    passed     99.40%
  19  EURHE    0.69%    passed     82.31%
  20  FALPE    0.69%    passed     96.59%
  21  FULGL   14.09%    passed     99.51%
  22  GALGA    1.37%    passed     88.37%
  23  GAVST    3.78%    passed     97.21%
  24  GEOFO    3.78%    passed     86.21%
  25  HALAL   14.09%    passed     99.98%
  26  HALLE    0.69%    passed     96.83%
  27  LEPDI    0.69%    passed     99.27%
  28  MANVI    1.03%    passed     94.84%
  29  MELGA    6.53%    passed     92.29%
  30  MELUN    1.03%    passed     87.15%
  31  MERNU    1.37%    passed     95.61%
  32  MESUN    5.50%    passed     79.56%
  33  NESNO   15.12%    passed     86.42%
  34  NIPNI    0.69%    passed     73.53%
  35  OPHHO   15.46%    passed     99.72%
  36  PELCR    0.69%    passed     96.14%
  37  PHACA    1.37%    passed     90.36%
  38  PHALE    1.37%    passed     87.73%
  39  PHORU    0.69%    passed     97.30%
  40  PICPU    0.69%    passed     96.11%
  41  PODCR    4.47%    passed     85.81%
  42  PTEGU    0.69%    passed     96.37%
  43  PYGAD    0.69%    passed     99.55%
  44  STRCA    0.69%    passed     97.25%
  45  TAEGU   14.43%    passed     47.19%
  46  TAUER    0.69%    passed     99.42%
  47  TINMA    4.81%    passed     95.08%
  48  TYTAL    1.37%    passed     97.68%
****  TOTAL    3.04%  0 sequences failed composition chi2 test (p-value<5%; df=3)
Checking for duplicate sequences: done in 0.000118971 secs using 100% CPU

Create initial parsimony tree by phylogenetic likelihood library (PLL)... 0.001 seconds

NOTE: 2 MB RAM (0 GB) is required!
Estimate model parameters (epsilon = 0.100)
1. Initial log-likelihood: -5601.104
2. Current log-likelihood: -5401.628
3. Current log-likelihood: -5399.204
Optimal log-likelihood: -5399.191
Rate parameters:  A-C: 2.09715  A-G: 6.97547  A-T: 1.51214  C-G: 2.11994  C-T: 4.26419  G-T: 1.00000
Base frequencies:  A: 0.315  C: 0.248  G: 0.216  T: 0.221
Gamma shape alpha: 0.500
Parameters optimization took 3 rounds (0.067 sec)
Wrote distance file to... 
Computing ML distances based on estimated model parameters...
Calculating distance matrix: done in 0.00554895 secs using 99.89% CPU
Computing ML distances took 0.005616 sec (of wall-clock time) 0.005602 sec (of CPU time)
Setting up auxiliary I and S matrices: done in 0.000114918 secs using 234.1% CPU
Constructing RapidNJ tree: done in 0.000201941 secs using 100% CPU
Computing RapidNJ tree took 0.000372 sec (of wall-clock time) 0.000525 sec (of CPU time)
Log-likelihood of RapidNJ tree: -5430.612
--------------------------------------------------------------------
|             INITIALIZING CANDIDATE TREE SET                      |
--------------------------------------------------------------------
Generating 98 parsimony trees... 0.180 second
Computing log-likelihood of 98 initial trees ... 0.203 seconds
Current best score: -5386.462

Do NNI search on 20 best initial trees
Estimate model parameters (epsilon = 0.100)
BETTER TREE FOUND at iteration 1: -5380.203
Estimate model parameters (epsilon = 0.100)
BETTER TREE FOUND at iteration 9: -5379.821
Iteration 10 / LogL: -5388.838 / Time: 0h:0m:0s
Iteration 20 / LogL: -5385.614 / Time: 0h:0m:1s
Finish initializing candidate tree set (20)
Current best tree score: -5379.821 / CPU time: 1.325
Number of iterations: 20
--------------------------------------------------------------------
|               OPTIMIZING CANDIDATE TREE SET                      |
--------------------------------------------------------------------
Estimate model parameters (epsilon = 0.100)
BETTER TREE FOUND at iteration 24: -5379.718
Estimate model parameters (epsilon = 0.100)
BETTER TREE FOUND at iteration 27: -5379.405
Iteration 30 / LogL: -5381.862 / Time: 0h:0m:1s (0h:0m:6s left)
Estimate model parameters (epsilon = 0.100)
BETTER TREE FOUND at iteration 31: -5378.572
Estimate model parameters (epsilon = 0.100)
BETTER TREE FOUND at iteration 32: -5376.555
Iteration 40 / LogL: -5379.405 / Time: 0h:0m:2s (0h:0m:5s left)
Estimate model parameters (epsilon = 0.100)
BETTER TREE FOUND at iteration 43: -5376.358
Iteration 50 / LogL: -5378.648 / Time: 0h:0m:2s (0h:0m:5s left)
Estimate model parameters (epsilon = 0.100)
BETTER TREE FOUND at iteration 51: -5375.891
BETTER TREE FOUND at iteration 54: -5375.881
Estimate model parameters (epsilon = 0.100)
BETTER TREE FOUND at iteration 55: -5374.723
Iteration 60 / LogL: -5375.349 / Time: 0h:0m:3s (0h:0m:5s left)
Estimate model parameters (epsilon = 0.100)
BETTER TREE FOUND at iteration 61: -5374.071
Iteration 70 / LogL: -5375.345 / Time: 0h:0m:3s (0h:0m:5s left)
Iteration 80 / LogL: -5374.461 / Time: 0h:0m:4s (0h:0m:4s left)
Estimate model parameters (epsilon = 0.100)
BETTER TREE FOUND at iteration 82: -5374.053
Iteration 90 / LogL: -5378.392 / Time: 0h:0m:4s (0h:0m:5s left)
Estimate model parameters (epsilon = 0.100)
BETTER TREE FOUND at iteration 92: -5372.886
BETTER TREE FOUND at iteration 100: -5372.886
Iteration 100 / LogL: -5372.886 / Time: 0h:0m:5s (0h:0m:5s left)
Iteration 110 / LogL: -5372.886 / Time: 0h:0m:5s (0h:0m:4s left)
BETTER TREE FOUND at iteration 115: -5372.885
Iteration 120 / LogL: -5379.059 / Time: 0h:0m:6s (0h:0m:4s left)
Estimate model parameters (epsilon = 0.100)
BETTER TREE FOUND at iteration 127: -5372.042
Iteration 130 / LogL: -5372.918 / Time: 0h:0m:6s (0h:0m:5s left)
Iteration 140 / LogL: -5375.346 / Time: 0h:0m:7s (0h:0m:4s left)
Iteration 150 / LogL: -5376.928 / Time: 0h:0m:7s (0h:0m:3s left)
Iteration 160 / LogL: -5377.478 / Time: 0h:0m:8s (0h:0m:3s left)
BETTER TREE FOUND at iteration 164: -5372.042
BETTER TREE FOUND at iteration 166: -5372.041
Estimate model parameters (epsilon = 0.100)
BETTER TREE FOUND at iteration 169: -5371.424
Iteration 170 / LogL: -5372.102 / Time: 0h:0m:8s (0h:0m:5s left)
Iteration 180 / LogL: -5375.518 / Time: 0h:0m:9s (0h:0m:4s left)
Iteration 190 / LogL: -5372.089 / Time: 0h:0m:9s (0h:0m:4s left)
BETTER TREE FOUND at iteration 198: -5371.424
Iteration 200 / LogL: -5371.487 / Time: 0h:0m:10s (0h:0m:4s left)
Iteration 210 / LogL: -5373.640 / Time: 0h:0m:10s (0h:0m:4s left)
Iteration 220 / LogL: -5372.066 / Time: 0h:0m:11s (0h:0m:3s left)
BETTER TREE FOUND at iteration 222: -5371.423
Iteration 230 / LogL: -5419.282 / Time: 0h:0m:11s (0h:0m:4s left)
BETTER TREE FOUND at iteration 236: -5371.423
Iteration 240 / LogL: -5372.573 / Time: 0h:0m:12s (0h:0m:4s left)
BETTER TREE FOUND at iteration 244: -5371.423
Iteration 250 / LogL: -5371.424 / Time: 0h:0m:12s (0h:0m:4s left)
UPDATE BEST LOG-LIKELIHOOD: -5371.423
Iteration 260 / LogL: -5372.804 / Time: 0h:0m:12s (0h:0m:4s left)
Iteration 270 / LogL: -5373.901 / Time: 0h:0m:13s (0h:0m:3s left)
Iteration 280 / LogL: -5379.134 / Time: 0h:0m:13s (0h:0m:3s left)
UPDATE BEST LOG-LIKELIHOOD: -5371.422
Iteration 290 / LogL: -5371.423 / Time: 0h:0m:14s (0h:0m:2s left)
UPDATE BEST LOG-LIKELIHOOD: -5371.422
Iteration 300 / LogL: -5380.842 / Time: 0h:0m:14s (0h:0m:2s left)
Iteration 310 / LogL: -5374.413 / Time: 0h:0m:15s (0h:0m:1s left)
Iteration 320 / LogL: -5371.423 / Time: 0h:0m:15s (0h:0m:1s left)
Iteration 330 / LogL: -5371.423 / Time: 0h:0m:16s (0h:0m:0s left)
Iteration 340 / LogL: -5374.109 / Time: 0h:0m:16s (0h:0m:0s left)
TREE SEARCH COMPLETED AFTER 345 ITERATIONS / Time: 0h:0m:16s

--------------------------------------------------------------------
|                    FINALIZING TREE SEARCH                        |
--------------------------------------------------------------------
Performs final model parameters optimization
Estimate model parameters (epsilon = 0.010)
1. Initial log-likelihood: -5371.422
Optimal log-likelihood: -5371.420
Rate parameters:  A-C: 2.07045  A-G: 7.56775  A-T: 1.42043  C-G: 2.23713  C-T: 4.37457  G-T: 1.00000
Base frequencies:  A: 0.315  C: 0.248  G: 0.216  T: 0.221
Gamma shape alpha: 0.504
Parameters optimization took 1 rounds (0.008 sec)
BEST SCORE FOUND : -5371.420
Total tree length: 1.979

Total number of iterations: 345
CPU time used for tree search: 17.020 sec (0h:0m:17s)
Wall-clock time used for tree search: 16.863 sec (0h:0m:16s)
Total CPU time used: 17.131 sec (0h:0m:17s)
Total wall-clock time used: 16.963 sec (0h:0m:16s)

Analysis results written to: 
  IQ-TREE report:                /workspace/IQTree_JarvD5a_Results/exon_4313.iqtree
  Maximum-likelihood tree:       /workspace/IQTree_JarvD5a_Results/exon_4313.treefile
  Likelihood distances:          /workspace/IQTree_JarvD5a_Results/exon_4313.mldist
  Screen log file:               /workspace/IQTree_JarvD5a_Results/exon_4313.log

Date and Time: Thu May 28 02:06:05 2026
