IQ-TREE version 3.1.2 for Linux x86 64-bit built May  7 2026
Developed by Bui Quang Minh, Thomas Wong, Nhan Ly-Trong, Huaiyan Ren
Contributed by Lam-Tung Nguyen, Dominik Schrempf, Chris Bielow,
Olga Chernomor, Michael Woodhams, Diep Thi Hoang, Heiko Schmidt

Host:    8084c4e79f09 (AVX512, FMA3, 1133 GB RAM)
Command: /workspace/iqtree-3.1.2-Linux/bin/iqtree3_intel -s /workspace/NeuralNJ/empirical/JarvD5a/exon_3029.fasta -st DNA -m GTR+G -seed 2201 -pre /workspace/IQTree_JarvD5a_Results/exon_3029 -quiet
Seed:    2201 (Using SPRNG - Scalable Parallel Random Number Generator)
Time:    Wed May 27 23:50:21 2026
Kernel:  AVX+FMA - 1 threads (384 CPU cores detected)

HINT: Use -nt option to specify number of threads because your CPU has 384 cores!
HINT: -nt AUTO will automatically determine the best number of threads to use.

Reading alignment file /workspace/NeuralNJ/empirical/JarvD5a/exon_3029.fasta ... Fasta format detected
Reading fasta file: done in 0.000676155 secs using 69.21% CPU
Alignment most likely contains DNA/RNA sequences
Constructing alignment: done in 0.00102687 secs using 34.38% CPU
WARNING: 2 sites contain only gaps or ambiguous characters.
Alignment has 47 sequences with 874 columns, 267 distinct patterns
127 parsimony-informative, 109 singleton sites, 638 constant sites
       Gap/Ambiguity  Composition  p-value
Analyzing sequences: done in 2.09808e-05 secs using 100.1% CPU
   1  ACACH    5.84%    passed     84.31%
   2  ANAPL    2.75%    passed     98.15%
   3  APAVI    2.52%    passed     99.07%
   4  APTFO    2.52%    passed     99.94%
   5  BALRE    2.52%    passed     99.99%
   6  BUCRH   49.89%    passed     33.97%
   7  CALAN    2.52%    passed     97.41%
   8  CAPCA    2.52%    passed     98.76%
   9  CARCR    0.92%    passed     92.42%
  10  CATAU    2.52%    passed     99.92%
  11  CHAPE    2.52%    passed     91.55%
  12  CHAVO    2.52%    passed     99.62%
  13  CHLUN    1.37%    passed     99.79%
  14  COLLI    2.52%    passed     99.14%
  15  COLST    2.52%    passed     99.91%
  16  CORBR    2.52%    passed     99.59%
  17  CUCCA    3.89%    passed     97.13%
  18  EGRGA    2.52%    passed     96.05%
  19  EURHE    2.52%    passed     97.60%
  20  FALPE    7.32%    passed     97.86%
  21  FULGL    2.06%    passed     98.84%
  22  GALGA    2.06%    passed     95.75%
  23  GAVST    2.52%    passed     98.84%
  24  GEOFO    2.52%    passed     99.70%
  25  HALAL    2.52%    passed     99.81%
  26  HALLE    2.52%    passed     99.81%
  27  LEPDI    2.52%    passed     99.98%
  28  MANVI    2.52%    passed     98.59%
  29  MELGA    1.83%    passed     91.35%
  30  MELUN    3.43%    passed     99.44%
  31  MERNU   26.54%    passed     89.85%
  32  NESNO    3.43%    passed     97.94%
  33  NIPNI    2.52%    passed     99.87%
  34  OPHHO    2.06%    passed     99.52%
  35  PELCR    2.52%    passed     99.70%
  36  PHACA    2.52%    passed     99.82%
  37  PHALE    2.52%    passed     99.86%
  38  PHORU    0.92%    passed     99.49%
  39  PICPU    2.52%    passed     99.73%
  40  PODCR   21.28%    passed     88.01%
  41  PTEGU    2.52%    passed     99.91%
  42  PYGAD    2.52%    passed     99.93%
  43  STRCA    2.52%    passed     99.07%
  44  TAEGU    2.52%    passed     98.24%
  45  TAUER    2.52%    passed     99.27%
  46  TINMA    2.52%    passed     97.03%
  47  TYTAL    2.52%    passed     99.84%
****  TOTAL    4.55%  0 sequences failed composition chi2 test (p-value<5%; df=3)
NOTE: HALLE is identical to HALAL but kept for subsequent analysis
Checking for duplicate sequences: done in 0.00011301 secs using 99.99% CPU

Create initial parsimony tree by phylogenetic likelihood library (PLL)... 0.001 seconds

NOTE: 1 MB RAM (0 GB) is required!
Estimate model parameters (epsilon = 0.100)
1. Initial log-likelihood: -4649.998
2. Current log-likelihood: -4372.146
3. Current log-likelihood: -4369.480
Optimal log-likelihood: -4369.415
Rate parameters:  A-C: 1.22259  A-G: 6.15772  A-T: 0.52595  C-G: 1.28202  C-T: 2.51158  G-T: 1.00000
Base frequencies:  A: 0.298  C: 0.242  G: 0.214  T: 0.245
Gamma shape alpha: 0.212
Parameters optimization took 3 rounds (0.087 sec)
Wrote distance file to... 
Computing ML distances based on estimated model parameters...
Calculating distance matrix: done in 0.00575399 secs using 100% CPU
Computing ML distances took 0.005814 sec (of wall-clock time) 0.005813 sec (of CPU time)
Setting up auxiliary I and S matrices: done in 0.000266075 secs using 157.9% CPU
Constructing RapidNJ tree: done in 0.000478029 secs using 241.4% CPU
Computing RapidNJ tree took 0.000827 sec (of wall-clock time) 0.001669 sec (of CPU time)
Log-likelihood of RapidNJ tree: -4397.158
--------------------------------------------------------------------
|             INITIALIZING CANDIDATE TREE SET                      |
--------------------------------------------------------------------
Generating 98 parsimony trees... 0.134 second
Computing log-likelihood of 98 initial trees ... 0.164 seconds
Current best score: -4356.909

Do NNI search on 20 best initial trees
Estimate model parameters (epsilon = 0.100)
BETTER TREE FOUND at iteration 1: -4351.667
Estimate model parameters (epsilon = 0.100)
BETTER TREE FOUND at iteration 4: -4351.093
Iteration 10 / LogL: -4363.035 / Time: 0h:0m:0s
Iteration 20 / LogL: -4358.826 / Time: 0h:0m:1s
Finish initializing candidate tree set (20)
Current best tree score: -4351.093 / CPU time: 0.952
Number of iterations: 20
--------------------------------------------------------------------
|               OPTIMIZING CANDIDATE TREE SET                      |
--------------------------------------------------------------------
Iteration 30 / LogL: -4354.482 / Time: 0h:0m:1s (0h:0m:3s left)
Estimate model parameters (epsilon = 0.100)
BETTER TREE FOUND at iteration 32: -4349.967
Estimate model parameters (epsilon = 0.100)
BETTER TREE FOUND at iteration 35: -4349.635
Estimate model parameters (epsilon = 0.100)
BETTER TREE FOUND at iteration 36: -4349.295
Iteration 40 / LogL: -4351.203 / Time: 0h:0m:1s (0h:0m:4s left)
Iteration 50 / LogL: -4351.203 / Time: 0h:0m:2s (0h:0m:3s left)
Iteration 60 / LogL: -4353.847 / Time: 0h:0m:2s (0h:0m:3s left)
Iteration 70 / LogL: -4349.297 / Time: 0h:0m:2s (0h:0m:2s left)
Iteration 80 / LogL: -4349.559 / Time: 0h:0m:3s (0h:0m:2s left)
Estimate model parameters (epsilon = 0.100)
BETTER TREE FOUND at iteration 87: -4348.623
Iteration 90 / LogL: -4353.049 / Time: 0h:0m:3s (0h:0m:4s left)
Iteration 100 / LogL: -4350.297 / Time: 0h:0m:4s (0h:0m:3s left)
BETTER TREE FOUND at iteration 103: -4348.623
Iteration 110 / LogL: -4348.624 / Time: 0h:0m:4s (0h:0m:3s left)
BETTER TREE FOUND at iteration 119: -4348.623
Iteration 120 / LogL: -4348.952 / Time: 0h:0m:4s (0h:0m:4s left)
BETTER TREE FOUND at iteration 124: -4348.621
Iteration 130 / LogL: -4350.847 / Time: 0h:0m:5s (0h:0m:3s left)
Iteration 140 / LogL: -4353.687 / Time: 0h:0m:5s (0h:0m:3s left)
Iteration 150 / LogL: -4349.771 / Time: 0h:0m:5s (0h:0m:2s left)
Iteration 160 / LogL: -4349.769 / Time: 0h:0m:6s (0h:0m:2s left)
Iteration 170 / LogL: -4349.771 / Time: 0h:0m:6s (0h:0m:2s left)
Iteration 180 / LogL: -4349.583 / Time: 0h:0m:7s (0h:0m:1s left)
Iteration 190 / LogL: -4353.103 / Time: 0h:0m:7s (0h:0m:1s left)
Iteration 200 / LogL: -4348.622 / Time: 0h:0m:7s (0h:0m:0s left)
Estimate model parameters (epsilon = 0.100)
BETTER TREE FOUND at iteration 207: -4348.577
Iteration 210 / LogL: -4350.363 / Time: 0h:0m:8s (0h:0m:3s left)
Iteration 220 / LogL: -4348.622 / Time: 0h:0m:8s (0h:0m:3s left)
Iteration 230 / LogL: -4353.193 / Time: 0h:0m:8s (0h:0m:3s left)
Iteration 240 / LogL: -4349.854 / Time: 0h:0m:9s (0h:0m:2s left)
Iteration 250 / LogL: -4359.474 / Time: 0h:0m:9s (0h:0m:2s left)
Iteration 260 / LogL: -4351.827 / Time: 0h:0m:10s (0h:0m:1s left)
Iteration 270 / LogL: -4348.925 / Time: 0h:0m:10s (0h:0m:1s left)
Iteration 280 / LogL: -4349.228 / Time: 0h:0m:10s (0h:0m:1s left)
Iteration 290 / LogL: -4349.539 / Time: 0h:0m:11s (0h:0m:0s left)
Iteration 300 / LogL: -4348.577 / Time: 0h:0m:11s (0h:0m:0s left)
TREE SEARCH COMPLETED AFTER 308 ITERATIONS / Time: 0h:0m:11s

--------------------------------------------------------------------
|                    FINALIZING TREE SEARCH                        |
--------------------------------------------------------------------
Performs final model parameters optimization
Estimate model parameters (epsilon = 0.010)
1. Initial log-likelihood: -4348.577
Optimal log-likelihood: -4348.576
Rate parameters:  A-C: 1.17619  A-G: 6.10249  A-T: 0.53808  C-G: 1.18210  C-T: 2.36854  G-T: 1.00000
Base frequencies:  A: 0.298  C: 0.242  G: 0.214  T: 0.245
Gamma shape alpha: 0.212
Parameters optimization took 1 rounds (0.007 sec)
BEST SCORE FOUND : -4348.576
Total tree length: 0.901

Total number of iterations: 308
CPU time used for tree search: 11.921 sec (0h:0m:11s)
Wall-clock time used for tree search: 11.749 sec (0h:0m:11s)
Total CPU time used: 12.046 sec (0h:0m:12s)
Total wall-clock time used: 11.866 sec (0h:0m:11s)

Analysis results written to: 
  IQ-TREE report:                /workspace/IQTree_JarvD5a_Results/exon_3029.iqtree
  Maximum-likelihood tree:       /workspace/IQTree_JarvD5a_Results/exon_3029.treefile
  Likelihood distances:          /workspace/IQTree_JarvD5a_Results/exon_3029.mldist
  Screen log file:               /workspace/IQTree_JarvD5a_Results/exon_3029.log

Date and Time: Wed May 27 23:50:33 2026
