IQ-TREE version 3.1.2 for Linux x86 64-bit built May  7 2026
Developed by Bui Quang Minh, Thomas Wong, Nhan Ly-Trong, Huaiyan Ren
Contributed by Lam-Tung Nguyen, Dominik Schrempf, Chris Bielow,
Olga Chernomor, Michael Woodhams, Diep Thi Hoang, Heiko Schmidt

Host:    8084c4e79f09 (AVX512, FMA3, 1133 GB RAM)
Command: /workspace/iqtree-3.1.2-Linux/bin/iqtree3_intel -s /workspace/NeuralNJ/empirical/JarvD5a/exon_10235.fasta -st DNA -m GTR+G -seed 2201 -pre /workspace/IQTree_JarvD5a_Results/exon_10235 -quiet
Seed:    2201 (Using SPRNG - Scalable Parallel Random Number Generator)
Time:    Wed May 27 09:46:19 2026
Kernel:  AVX+FMA - 1 threads (384 CPU cores detected)

HINT: Use -nt option to specify number of threads because your CPU has 384 cores!
HINT: -nt AUTO will automatically determine the best number of threads to use.

Reading alignment file /workspace/NeuralNJ/empirical/JarvD5a/exon_10235.fasta ... Fasta format detected
Reading fasta file: done in 0.000362158 secs using 7.179% CPU
Alignment most likely contains DNA/RNA sequences
Constructing alignment: done in 0.000896931 secs using 92.2% CPU
Alignment has 47 sequences with 762 columns, 190 distinct patterns
76 parsimony-informative, 88 singleton sites, 598 constant sites
       Gap/Ambiguity  Composition  p-value
Analyzing sequences: done in 2.19345e-05 secs using 100.3% CPU
   1  ACACH   30.97%    passed     98.41%
   2  ANAPL    0.26%    passed     99.53%
   3  APAVI   30.97%    passed     96.61%
   4  APTFO    0.00%    passed     99.95%
   5  BALRE    0.00%    passed     99.67%
   6  BUCRH   31.23%    passed     99.29%
   7  CALAN    0.00%    passed     99.66%
   8  CAPCA   30.97%    passed     99.72%
   9  CARCR   31.23%    passed     89.75%
  10  CATAU   31.23%    passed     97.88%
  11  CHAPE    0.00%    passed     96.54%
  12  CHAVO    0.00%    passed     99.01%
  13  CHLUN   33.07%    passed     20.50%
  14  COLLI    1.31%    passed     99.85%
  15  COLST    0.26%    passed     99.43%
  16  CORBR    0.00%    passed     98.73%
  17  CUCCA    2.62%    passed     75.58%
  18  EGRGA    0.00%    passed     99.95%
  19  EURHE   46.19%    passed     40.56%
  20  FALPE    0.00%    passed     99.83%
  21  FULGL   31.23%    passed     99.75%
  22  GALGA    0.00%    passed     99.16%
  23  GAVST   30.97%    passed     97.10%
  24  GEOFO    0.79%    passed     93.73%
  25  HALAL    0.00%    passed     99.92%
  26  HALLE    0.00%    passed     99.92%
  27  LEPDI    0.00%    passed     99.30%
  28  MANVI    0.00%    passed     96.29%
  29  MELGA    0.00%    passed     99.16%
  30  MELUN    0.26%    passed     98.46%
  31  MERNU    0.00%    passed     96.44%
  32  MESUN   47.24%    passed     82.51%
  33  NESNO    0.00%    passed     99.10%
  34  NIPNI    0.00%    passed     99.67%
  35  OPHHO    1.84%    passed     97.16%
  36  PELCR    0.00%    passed     99.85%
  37  PHACA    0.00%    passed     98.97%
  38  PHALE   30.97%    passed     99.84%
  39  PHORU    0.00%    passed     99.64%
  40  PICPU    0.00%    passed     97.30%
  41  PODCR    0.00%    passed     99.88%
  42  PYGAD    0.00%    passed     99.79%
  43  STRCA    0.00%    passed     98.28%
  44  TAEGU    0.52%    passed     98.45%
  45  TAUER   30.97%    passed     93.05%
  46  TINMA    0.26%    passed     96.15%
  47  TYTAL    0.00%    passed     96.96%
****  TOTAL    9.48%  0 sequences failed composition chi2 test (p-value<5%; df=3)
NOTE: HALLE is identical to HALAL but kept for subsequent analysis
Checking for duplicate sequences: done in 0.000112057 secs using 99.06% CPU

Create initial parsimony tree by phylogenetic likelihood library (PLL)... 0.001 seconds

NOTE: 1 MB RAM (0 GB) is required!
Estimate model parameters (epsilon = 0.100)
1. Initial log-likelihood: -3034.753
2. Current log-likelihood: -2929.335
3. Current log-likelihood: -2929.052
Optimal log-likelihood: -2929.049
Rate parameters:  A-C: 0.94807  A-G: 2.00646  A-T: 0.35888  C-G: 1.06202  C-T: 3.03953  G-T: 1.00000
Base frequencies:  A: 0.336  C: 0.242  G: 0.218  T: 0.205
Gamma shape alpha: 0.153
Parameters optimization took 3 rounds (0.048 sec)
Wrote distance file to... 
Computing ML distances based on estimated model parameters...
Calculating distance matrix: done in 0.00525308 secs using 100% CPU
Computing ML distances took 0.005330 sec (of wall-clock time) 0.005330 sec (of CPU time)
Setting up auxiliary I and S matrices: done in 0.000108004 secs using 259.3% CPU
Constructing RapidNJ tree: done in 0.000200987 secs using 174.1% CPU
Computing RapidNJ tree took 0.000344 sec (of wall-clock time) 0.000666 sec (of CPU time)
Log-likelihood of RapidNJ tree: -2948.564
--------------------------------------------------------------------
|             INITIALIZING CANDIDATE TREE SET                      |
--------------------------------------------------------------------
Generating 98 parsimony trees... 0.116 second
Computing log-likelihood of 98 initial trees ... 0.124 seconds
Current best score: -2910.123

Do NNI search on 20 best initial trees
Estimate model parameters (epsilon = 0.100)
BETTER TREE FOUND at iteration 1: -2909.773
Iteration 10 / LogL: -2918.607 / Time: 0h:0m:0s
Iteration 20 / LogL: -2920.919 / Time: 0h:0m:0s
Finish initializing candidate tree set (20)
Current best tree score: -2909.773 / CPU time: 0.648
Number of iterations: 20
--------------------------------------------------------------------
|               OPTIMIZING CANDIDATE TREE SET                      |
--------------------------------------------------------------------
Iteration 30 / LogL: -2916.945 / Time: 0h:0m:1s (0h:0m:2s left)
Iteration 40 / LogL: -2909.850 / Time: 0h:0m:1s (0h:0m:1s left)
Estimate model parameters (epsilon = 0.100)
BETTER TREE FOUND at iteration 46: -2909.367
Iteration 50 / LogL: -2913.909 / Time: 0h:0m:1s (0h:0m:3s left)
BETTER TREE FOUND at iteration 51: -2909.365
Iteration 60 / LogL: -2909.370 / Time: 0h:0m:1s (0h:0m:2s left)
Iteration 70 / LogL: -2915.467 / Time: 0h:0m:2s (0h:0m:2s left)
Estimate model parameters (epsilon = 0.100)
BETTER TREE FOUND at iteration 71: -2908.394
BETTER TREE FOUND at iteration 72: -2908.391
Iteration 80 / LogL: -2908.391 / Time: 0h:0m:2s (0h:0m:2s left)
BETTER TREE FOUND at iteration 85: -2908.391
Iteration 90 / LogL: -2911.144 / Time: 0h:0m:2s (0h:0m:2s left)
Iteration 100 / LogL: -2911.144 / Time: 0h:0m:2s (0h:0m:2s left)
Iteration 110 / LogL: -2911.472 / Time: 0h:0m:3s (0h:0m:2s left)
Iteration 120 / LogL: -2908.394 / Time: 0h:0m:3s (0h:0m:1s left)
Estimate model parameters (epsilon = 0.100)
BETTER TREE FOUND at iteration 124: -2907.421
Iteration 130 / LogL: -2908.423 / Time: 0h:0m:3s (0h:0m:2s left)
Estimate model parameters (epsilon = 0.100)
BETTER TREE FOUND at iteration 131: -2907.302
Iteration 140 / LogL: -2908.522 / Time: 0h:0m:3s (0h:0m:2s left)
Estimate model parameters (epsilon = 0.100)
BETTER TREE FOUND at iteration 147: -2906.951
BETTER TREE FOUND at iteration 149: -2906.951
Iteration 150 / LogL: -2907.356 / Time: 0h:0m:4s (0h:0m:2s left)
Iteration 160 / LogL: -2910.680 / Time: 0h:0m:4s (0h:0m:2s left)
Estimate model parameters (epsilon = 0.100)
BETTER TREE FOUND at iteration 163: -2906.896
Iteration 170 / LogL: -2907.372 / Time: 0h:0m:4s (0h:0m:2s left)
UPDATE BEST LOG-LIKELIHOOD: -2906.892
Iteration 180 / LogL: -2963.275 / Time: 0h:0m:5s (0h:0m:2s left)
Iteration 190 / LogL: -2906.955 / Time: 0h:0m:5s (0h:0m:2s left)
BETTER TREE FOUND at iteration 191: -2906.892
BETTER TREE FOUND at iteration 192: -2906.891
Iteration 200 / LogL: -2907.313 / Time: 0h:0m:5s (0h:0m:2s left)
Estimate model parameters (epsilon = 0.100)
BETTER TREE FOUND at iteration 206: -2906.702
Iteration 210 / LogL: -2907.321 / Time: 0h:0m:5s (0h:0m:2s left)
BETTER TREE FOUND at iteration 217: -2906.698
Iteration 220 / LogL: -2906.919 / Time: 0h:0m:6s (0h:0m:2s left)
BETTER TREE FOUND at iteration 223: -2906.692
Iteration 230 / LogL: -2912.144 / Time: 0h:0m:6s (0h:0m:2s left)
BETTER TREE FOUND at iteration 234: -2906.689
Iteration 240 / LogL: -2906.692 / Time: 0h:0m:6s (0h:0m:2s left)
Iteration 250 / LogL: -2912.087 / Time: 0h:0m:7s (0h:0m:2s left)
Iteration 260 / LogL: -2909.335 / Time: 0h:0m:7s (0h:0m:2s left)
BETTER TREE FOUND at iteration 264: -2906.689
BETTER TREE FOUND at iteration 269: -2906.688
Iteration 270 / LogL: -2913.874 / Time: 0h:0m:7s (0h:0m:2s left)
BETTER TREE FOUND at iteration 272: -2906.688
BETTER TREE FOUND at iteration 276: -2906.687
Iteration 280 / LogL: -2906.689 / Time: 0h:0m:7s (0h:0m:2s left)
Iteration 290 / LogL: -2906.689 / Time: 0h:0m:8s (0h:0m:2s left)
Iteration 300 / LogL: -2906.688 / Time: 0h:0m:8s (0h:0m:2s left)
Iteration 310 / LogL: -2914.361 / Time: 0h:0m:8s (0h:0m:1s left)
Iteration 320 / LogL: -2906.715 / Time: 0h:0m:9s (0h:0m:1s left)
Iteration 330 / LogL: -2913.375 / Time: 0h:0m:9s (0h:0m:1s left)
Iteration 340 / LogL: -2906.751 / Time: 0h:0m:9s (0h:0m:1s left)
BETTER TREE FOUND at iteration 341: -2906.687
Iteration 350 / LogL: -2906.689 / Time: 0h:0m:9s (0h:0m:2s left)
Iteration 360 / LogL: -2908.475 / Time: 0h:0m:10s (0h:0m:2s left)
BETTER TREE FOUND at iteration 365: -2906.687
BETTER TREE FOUND at iteration 366: -2906.687
Iteration 370 / LogL: -2906.688 / Time: 0h:0m:10s (0h:0m:2s left)
Iteration 380 / LogL: -2909.431 / Time: 0h:0m:10s (0h:0m:2s left)
Iteration 390 / LogL: -2910.444 / Time: 0h:0m:10s (0h:0m:2s left)
Iteration 400 / LogL: -2906.687 / Time: 0h:0m:11s (0h:0m:1s left)
Iteration 410 / LogL: -2906.688 / Time: 0h:0m:11s (0h:0m:1s left)
BETTER TREE FOUND at iteration 419: -2906.686
Iteration 420 / LogL: -2918.360 / Time: 0h:0m:11s (0h:0m:2s left)
Iteration 430 / LogL: -2906.715 / Time: 0h:0m:11s (0h:0m:2s left)
Iteration 440 / LogL: -2910.436 / Time: 0h:0m:12s (0h:0m:2s left)
Iteration 450 / LogL: -2915.982 / Time: 0h:0m:12s (0h:0m:1s left)
Iteration 460 / LogL: -2906.687 / Time: 0h:0m:12s (0h:0m:1s left)
Iteration 470 / LogL: -2906.687 / Time: 0h:0m:12s (0h:0m:1s left)
Iteration 480 / LogL: -2906.752 / Time: 0h:0m:13s (0h:0m:1s left)
Iteration 490 / LogL: -2906.693 / Time: 0h:0m:13s (0h:0m:0s left)
Iteration 500 / LogL: -2909.512 / Time: 0h:0m:13s (0h:0m:0s left)
BETTER TREE FOUND at iteration 509: -2906.686
Iteration 510 / LogL: -2915.820 / Time: 0h:0m:13s (0h:0m:2s left)
Iteration 520 / LogL: -2907.351 / Time: 0h:0m:14s (0h:0m:2s left)
Iteration 530 / LogL: -2911.010 / Time: 0h:0m:14s (0h:0m:2s left)
Iteration 540 / LogL: -2936.470 / Time: 0h:0m:14s (0h:0m:1s left)
Iteration 550 / LogL: -2909.878 / Time: 0h:0m:14s (0h:0m:1s left)
BETTER TREE FOUND at iteration 551: -2906.686
Iteration 560 / LogL: -2914.654 / Time: 0h:0m:15s (0h:0m:2s left)
Iteration 570 / LogL: -2910.590 / Time: 0h:0m:15s (0h:0m:2s left)
BETTER TREE FOUND at iteration 580: -2906.686
Iteration 580 / LogL: -2906.686 / Time: 0h:0m:15s (0h:0m:2s left)
Iteration 590 / LogL: -2911.933 / Time: 0h:0m:15s (0h:0m:2s left)
Iteration 600 / LogL: -2906.718 / Time: 0h:0m:16s (0h:0m:2s left)
Iteration 610 / LogL: -2910.443 / Time: 0h:0m:16s (0h:0m:1s left)
Iteration 620 / LogL: -2906.715 / Time: 0h:0m:16s (0h:0m:1s left)
Iteration 630 / LogL: -2906.752 / Time: 0h:0m:17s (0h:0m:1s left)
Iteration 640 / LogL: -2906.687 / Time: 0h:0m:17s (0h:0m:1s left)
Iteration 650 / LogL: -2911.661 / Time: 0h:0m:17s (0h:0m:0s left)
Iteration 660 / LogL: -2912.562 / Time: 0h:0m:17s (0h:0m:0s left)
Iteration 670 / LogL: -2917.517 / Time: 0h:0m:18s (0h:0m:0s left)
Iteration 680 / LogL: -2908.374 / Time: 0h:0m:18s (0h:0m:0s left)
TREE SEARCH COMPLETED AFTER 681 ITERATIONS / Time: 0h:0m:18s

--------------------------------------------------------------------
|                    FINALIZING TREE SEARCH                        |
--------------------------------------------------------------------
Performs final model parameters optimization
Estimate model parameters (epsilon = 0.010)
1. Initial log-likelihood: -2906.686
Optimal log-likelihood: -2906.682
Rate parameters:  A-C: 0.93979  A-G: 2.24522  A-T: 0.35554  C-G: 1.06830  C-T: 3.12987  G-T: 1.00000
Base frequencies:  A: 0.336  C: 0.242  G: 0.218  T: 0.205
Gamma shape alpha: 0.160
Parameters optimization took 1 rounds (0.005 sec)
BEST SCORE FOUND : -2906.682
Total tree length: 0.463

Total number of iterations: 681
CPU time used for tree search: 18.564 sec (0h:0m:18s)
Wall-clock time used for tree search: 18.411 sec (0h:0m:18s)
Total CPU time used: 18.651 sec (0h:0m:18s)
Total wall-clock time used: 18.488 sec (0h:0m:18s)

Analysis results written to: 
  IQ-TREE report:                /workspace/IQTree_JarvD5a_Results/exon_10235.iqtree
  Maximum-likelihood tree:       /workspace/IQTree_JarvD5a_Results/exon_10235.treefile
  Likelihood distances:          /workspace/IQTree_JarvD5a_Results/exon_10235.mldist
  Screen log file:               /workspace/IQTree_JarvD5a_Results/exon_10235.log

Date and Time: Wed May 27 09:46:38 2026
