IQ-TREE version 3.1.2 for Linux x86 64-bit built May  7 2026
Developed by Bui Quang Minh, Thomas Wong, Nhan Ly-Trong, Huaiyan Ren
Contributed by Lam-Tung Nguyen, Dominik Schrempf, Chris Bielow,
Olga Chernomor, Michael Woodhams, Diep Thi Hoang, Heiko Schmidt

Host:    8084c4e79f09 (AVX512, FMA3, 1133 GB RAM)
Command: /workspace/iqtree-3.1.2-Linux/bin/iqtree3_intel -s /workspace/NeuralNJ/empirical/JarvD5a/exon_9463.fasta -st DNA -m GTR+G -seed 2201 -pre /workspace/IQTree_JarvD5a_Results/exon_9463 -quiet
Seed:    2201 (Using SPRNG - Scalable Parallel Random Number Generator)
Time:    Thu May 28 10:29:04 2026
Kernel:  AVX+FMA - 1 threads (384 CPU cores detected)

HINT: Use -nt option to specify number of threads because your CPU has 384 cores!
HINT: -nt AUTO will automatically determine the best number of threads to use.

Reading alignment file /workspace/NeuralNJ/empirical/JarvD5a/exon_9463.fasta ... Fasta format detected
Reading fasta file: done in 0.000638008 secs using 17.55% CPU
Alignment most likely contains DNA/RNA sequences
Constructing alignment: done in 0.00165105 secs using 99.94% CPU
Alignment has 48 sequences with 1450 columns, 183 distinct patterns
67 parsimony-informative, 54 singleton sites, 1329 constant sites
       Gap/Ambiguity  Composition  p-value
Analyzing sequences: done in 1.50204e-05 secs using 99.86% CPU
   1  ACACH    2.90%    passed     99.58%
   2  ANAPL    3.59%    passed     97.23%
   3  APAVI    3.17%    passed     99.92%
   4  APTFO    0.69%    passed     99.87%
   5  BALRE    2.21%    passed     99.85%
   6  BUCRH    1.24%    passed     99.68%
   7  CALAN    2.21%    passed     99.89%
   8  CAPCA    0.14%    passed     99.98%
   9  CARCR   34.90%    passed     43.18%
  10  CATAU   32.55%    passed     58.91%
  11  CHAPE    1.24%    passed     98.22%
  12  CHAVO    1.24%    passed     99.87%
  13  CHLUN    2.48%    passed     98.96%
  14  COLLI    1.79%    passed     99.81%
  15  COLST    2.62%    passed     99.53%
  16  CORBR    3.31%    passed     99.98%
  17  CUCCA    0.14%    passed     99.97%
  18  EGRGA    0.14%    passed     99.58%
  19  EURHE    1.38%    passed     97.29%
  20  FALPE    0.14%    passed     99.09%
  21  FULGL    7.45%    passed     99.60%
  22  GALGA    0.14%    passed     99.35%
  23  GAVST    5.66%    passed     97.32%
  24  GEOFO    2.90%    passed     99.92%
  25  HALAL   34.07%    passed     68.16%
  26  HALLE    1.93%    passed     98.20%
  27  LEPDI    9.79%    passed     99.76%
  28  MANVI    0.69%    passed     99.35%
  29  MELGA    5.66%    passed     95.96%
  30  MELUN    0.69%    passed     99.77%
  31  MERNU    2.76%    passed    100.00%
  32  MESUN    1.38%    passed     99.60%
  33  NESNO    1.38%    passed     99.51%
  34  NIPNI    0.69%    passed     99.81%
  35  OPHHO    0.69%    passed     99.83%
  36  PELCR    0.69%    passed     99.77%
  37  PHACA   34.76%    passed     91.97%
  38  PHALE    0.14%    passed     99.43%
  39  PHORU   34.21%    passed     52.84%
  40  PICPU    0.55%    passed     99.74%
  41  PODCR   34.76%    passed     92.97%
  42  PTEGU    0.69%    passed     98.89%
  43  PYGAD    0.69%    passed     99.93%
  44  STRCA    0.55%    passed     96.67%
  45  TAEGU    0.69%    passed     99.72%
  46  TAUER   36.69%    passed     55.74%
  47  TINMA   41.24%    passed     84.59%
  48  TYTAL   34.34%    passed     49.31%
****  TOTAL    8.21%  0 sequences failed composition chi2 test (p-value<5%; df=3)
Checking for duplicate sequences: done in 0.000108004 secs using 99.07% CPU

Create initial parsimony tree by phylogenetic likelihood library (PLL)... 0.001 seconds

NOTE: 1 MB RAM (0 GB) is required!
Estimate model parameters (epsilon = 0.100)
1. Initial log-likelihood: -3773.336
2. Current log-likelihood: -3524.984
3. Current log-likelihood: -3518.889
4. Current log-likelihood: -3518.720
Optimal log-likelihood: -3518.702
Rate parameters:  A-C: 3.60917  A-G: 5.71217  A-T: 0.40452  C-G: 1.42842  C-T: 28.88571  G-T: 1.00000
Base frequencies:  A: 0.338  C: 0.220  G: 0.213  T: 0.229
Gamma shape alpha: 0.020
Parameters optimization took 4 rounds (0.086 sec)
Wrote distance file to... 
Computing ML distances based on estimated model parameters...
Calculating distance matrix: done in 0.0076499 secs using 100% CPU
Computing ML distances took 0.007734 sec (of wall-clock time) 0.007733 sec (of CPU time)
Setting up auxiliary I and S matrices: done in 0.000259876 secs using 86.58% CPU
Constructing RapidNJ tree: done in 0.00052309 secs using 195.4% CPU
Computing RapidNJ tree took 0.000872 sec (of wall-clock time) 0.001304 sec (of CPU time)
Log-likelihood of RapidNJ tree: -3541.650
--------------------------------------------------------------------
|             INITIALIZING CANDIDATE TREE SET                      |
--------------------------------------------------------------------
Generating 98 parsimony trees... 0.096 second
Computing log-likelihood of 98 initial trees ... 0.128 seconds
Current best score: -3517.474

Do NNI search on 20 best initial trees
Estimate model parameters (epsilon = 0.100)
BETTER TREE FOUND at iteration 1: -3513.669
Iteration 10 / LogL: -3522.295 / Time: 0h:0m:0s
Iteration 20 / LogL: -3522.403 / Time: 0h:0m:0s
Finish initializing candidate tree set (20)
Current best tree score: -3513.669 / CPU time: 0.697
Number of iterations: 20
--------------------------------------------------------------------
|               OPTIMIZING CANDIDATE TREE SET                      |
--------------------------------------------------------------------
Estimate model parameters (epsilon = 0.100)
BETTER TREE FOUND at iteration 22: -3513.143
Estimate model parameters (epsilon = 0.100)
BETTER TREE FOUND at iteration 29: -3512.820
Iteration 30 / LogL: -3514.703 / Time: 0h:0m:1s (0h:0m:3s left)
BETTER TREE FOUND at iteration 31: -3512.817
Iteration 40 / LogL: -3512.825 / Time: 0h:0m:1s (0h:0m:3s left)
Iteration 50 / LogL: -3513.892 / Time: 0h:0m:1s (0h:0m:2s left)
Iteration 60 / LogL: -3515.001 / Time: 0h:0m:1s (0h:0m:2s left)
Estimate model parameters (epsilon = 0.100)
BETTER TREE FOUND at iteration 66: -3511.692
Iteration 70 / LogL: -3512.855 / Time: 0h:0m:2s (0h:0m:2s left)
BETTER TREE FOUND at iteration 71: -3511.691
BETTER TREE FOUND at iteration 72: -3511.689
Iteration 80 / LogL: -3519.385 / Time: 0h:0m:2s (0h:0m:2s left)
Estimate model parameters (epsilon = 0.100)
BETTER TREE FOUND at iteration 82: -3510.989
BETTER TREE FOUND at iteration 85: -3510.988
BETTER TREE FOUND at iteration 88: -3510.984
Iteration 90 / LogL: -3511.535 / Time: 0h:0m:2s (0h:0m:2s left)
Iteration 100 / LogL: -3510.989 / Time: 0h:0m:2s (0h:0m:2s left)
Iteration 110 / LogL: -3510.988 / Time: 0h:0m:3s (0h:0m:2s left)
Iteration 120 / LogL: -3510.989 / Time: 0h:0m:3s (0h:0m:1s left)
Iteration 130 / LogL: -3515.683 / Time: 0h:0m:3s (0h:0m:1s left)
BETTER TREE FOUND at iteration 135: -3510.984
Iteration 140 / LogL: -3516.511 / Time: 0h:0m:3s (0h:0m:2s left)
Iteration 150 / LogL: -3510.985 / Time: 0h:0m:4s (0h:0m:2s left)
Iteration 160 / LogL: -3511.245 / Time: 0h:0m:4s (0h:0m:2s left)
Iteration 170 / LogL: -3513.447 / Time: 0h:0m:4s (0h:0m:1s left)
Iteration 180 / LogL: -3513.442 / Time: 0h:0m:4s (0h:0m:1s left)
Iteration 190 / LogL: -3518.233 / Time: 0h:0m:5s (0h:0m:1s left)
Iteration 200 / LogL: -3534.062 / Time: 0h:0m:5s (0h:0m:0s left)
Iteration 210 / LogL: -3510.988 / Time: 0h:0m:5s (0h:0m:0s left)
Iteration 220 / LogL: -3510.991 / Time: 0h:0m:5s (0h:0m:0s left)
Iteration 230 / LogL: -3510.988 / Time: 0h:0m:6s (0h:0m:0s left)
TREE SEARCH COMPLETED AFTER 236 ITERATIONS / Time: 0h:0m:6s

--------------------------------------------------------------------
|                    FINALIZING TREE SEARCH                        |
--------------------------------------------------------------------
Performs final model parameters optimization
Estimate model parameters (epsilon = 0.010)
1. Initial log-likelihood: -3510.984
Optimal log-likelihood: -3510.984
Rate parameters:  A-C: 3.75981  A-G: 5.74882  A-T: 0.39622  C-G: 1.40819  C-T: 28.94689  G-T: 1.00000
Base frequencies:  A: 0.338  C: 0.220  G: 0.213  T: 0.229
Gamma shape alpha: 0.020
Parameters optimization took 1 rounds (0.007 sec)
BEST SCORE FOUND : -3510.984
Total tree length: 0.251

Total number of iterations: 236
CPU time used for tree search: 6.379 sec (0h:0m:6s)
Wall-clock time used for tree search: 6.203 sec (0h:0m:6s)
Total CPU time used: 6.499 sec (0h:0m:6s)
Total wall-clock time used: 6.319 sec (0h:0m:6s)

Analysis results written to: 
  IQ-TREE report:                /workspace/IQTree_JarvD5a_Results/exon_9463.iqtree
  Maximum-likelihood tree:       /workspace/IQTree_JarvD5a_Results/exon_9463.treefile
  Likelihood distances:          /workspace/IQTree_JarvD5a_Results/exon_9463.mldist
  Screen log file:               /workspace/IQTree_JarvD5a_Results/exon_9463.log

Date and Time: Thu May 28 10:29:11 2026
