IQ-TREE version 3.1.2 for Linux x86 64-bit built May  7 2026
Developed by Bui Quang Minh, Thomas Wong, Nhan Ly-Trong, Huaiyan Ren
Contributed by Lam-Tung Nguyen, Dominik Schrempf, Chris Bielow,
Olga Chernomor, Michael Woodhams, Diep Thi Hoang, Heiko Schmidt

Host:    8084c4e79f09 (AVX512, FMA3, 1133 GB RAM)
Command: /workspace/iqtree-3.1.2-Linux/bin/iqtree3_intel -s /workspace/NeuralNJ/empirical/JarvD5a/exon_10019.fasta -st DNA -m GTR+G -seed 2201 -pre /workspace/IQTree_JarvD5a_Results/exon_10019 -quiet
Seed:    2201 (Using SPRNG - Scalable Parallel Random Number Generator)
Time:    Wed May 27 09:14:10 2026
Kernel:  AVX+FMA - 1 threads (384 CPU cores detected)

HINT: Use -nt option to specify number of threads because your CPU has 384 cores!
HINT: -nt AUTO will automatically determine the best number of threads to use.

Reading alignment file /workspace/NeuralNJ/empirical/JarvD5a/exon_10019.fasta ... Fasta format detected
Reading fasta file: done in 0.000160933 secs using 32.93% CPU
Alignment most likely contains DNA/RNA sequences
Constructing alignment: done in 0.000349045 secs using 88.53% CPU
Alignment has 46 sequences with 170 columns, 92 distinct patterns
40 parsimony-informative, 39 singleton sites, 91 constant sites
       Gap/Ambiguity  Composition  p-value
Analyzing sequences: done in 2.19345e-05 secs using 91.18% CPU
   1  ACACH    0.00%    passed     99.82%
   2  ANAPL    0.00%    passed     97.74%
   3  APAVI    0.00%    passed     95.04%
   4  APTFO    0.00%    passed     91.43%
   5  BALRE    0.00%    passed     99.62%
   6  CALAN    0.00%    passed     99.59%
   7  CAPCA    0.00%    passed     86.60%
   8  CARCR    0.00%    passed     94.96%
   9  CHAPE    0.00%    passed     92.87%
  10  CHAVO    0.00%    passed     99.97%
  11  CHLUN    3.53%    passed     99.82%
  12  COLLI    0.00%    passed     99.44%
  13  COLST    0.00%    passed     97.07%
  14  CORBR    0.00%    passed     99.59%
  15  CUCCA    0.00%    passed     99.20%
  16  EGRGA    0.00%    passed     99.80%
  17  EURHE    0.00%    passed     99.80%
  18  FALPE    0.00%    passed     89.83%
  19  FULGL    0.00%    passed     99.96%
  20  GALGA    0.00%    passed     96.10%
  21  GAVST    0.00%    passed     98.35%
  22  GEOFO    0.00%    passed     99.96%
  23  HALAL    0.00%    passed     98.82%
  24  HALLE    0.00%    passed     98.82%
  25  LEPDI    0.00%    passed     94.38%
  26  MANVI    0.00%    passed     95.22%
  27  MELGA    0.00%    passed     86.50%
  28  MELUN    0.00%    passed     86.15%
  29  MERNU    0.00%    passed     98.00%
  30  MESUN   41.18%    passed     97.31%
  31  NESNO    0.00%    passed     93.89%
  32  NIPNI    0.00%    passed     99.58%
  33  OPHHO    0.00%    passed     91.23%
  34  PELCR    0.00%    passed     97.55%
  35  PHACA    0.00%    passed     97.70%
  36  PHALE    0.00%    passed     98.51%
  37  PHORU    0.00%    passed     99.62%
  38  PICPU    0.00%    passed     89.00%
  39  PODCR    0.00%    passed     97.55%
  40  PTEGU    0.00%    passed     84.51%
  41  PYGAD    0.00%    passed     97.17%
  42  STRCA    0.00%    passed     91.90%
  43  TAEGU    0.00%    passed     90.33%
  44  TAUER    0.00%    passed     92.74%
  45  TINMA   20.00%    passed     28.23%
  46  TYTAL    0.00%    passed     99.97%
****  TOTAL    1.41%  0 sequences failed composition chi2 test (p-value<5%; df=3)
NOTE: HALLE is identical to HALAL but kept for subsequent analysis
NOTE: PODCR is identical to PELCR but kept for subsequent analysis
Checking for duplicate sequences: done in 0.000157118 secs using 91.01% CPU

Create initial parsimony tree by phylogenetic likelihood library (PLL)... 0.001 seconds

NOTE: 0 MB RAM (0 GB) is required!
Estimate model parameters (epsilon = 0.100)
1. Initial log-likelihood: -1212.715
2. Current log-likelihood: -1167.612
3. Current log-likelihood: -1167.268
Optimal log-likelihood: -1167.259
Rate parameters:  A-C: 1.51226  A-G: 5.05295  A-T: 0.88828  C-G: 1.60328  C-T: 4.40890  G-T: 1.00000
Base frequencies:  A: 0.270  C: 0.209  G: 0.212  T: 0.309
Gamma shape alpha: 0.500
Parameters optimization took 3 rounds (0.023 sec)
Wrote distance file to... 
Computing ML distances based on estimated model parameters...
Calculating distance matrix: done in 0.0034821 secs using 100% CPU
Computing ML distances took 0.003514 sec (of wall-clock time) 0.003514 sec (of CPU time)
Setting up auxiliary I and S matrices: done in 0.000245094 secs using 99.55% CPU
Constructing RapidNJ tree: done in 0.000487089 secs using 250.9% CPU
Computing RapidNJ tree took 0.000810 sec (of wall-clock time) 0.001565 sec (of CPU time)
Log-likelihood of RapidNJ tree: -1156.807
--------------------------------------------------------------------
|             INITIALIZING CANDIDATE TREE SET                      |
--------------------------------------------------------------------
Generating 98 parsimony trees... 0.083 second
Computing log-likelihood of 98 initial trees ... 0.090 seconds
Current best score: -1154.532

Do NNI search on 20 best initial trees
Estimate model parameters (epsilon = 0.100)
BETTER TREE FOUND at iteration 1: -1153.520
Estimate model parameters (epsilon = 0.100)
BETTER TREE FOUND at iteration 2: -1152.493
Estimate model parameters (epsilon = 0.100)
BETTER TREE FOUND at iteration 5: -1151.550
Iteration 10 / LogL: -1154.825 / Time: 0h:0m:0s
Iteration 20 / LogL: -1160.291 / Time: 0h:0m:0s
Finish initializing candidate tree set (20)
Current best tree score: -1151.550 / CPU time: 0.484
Number of iterations: 20
--------------------------------------------------------------------
|               OPTIMIZING CANDIDATE TREE SET                      |
--------------------------------------------------------------------
Estimate model parameters (epsilon = 0.100)
BETTER TREE FOUND at iteration 22: -1150.918
Iteration 30 / LogL: -1153.345 / Time: 0h:0m:0s (0h:0m:2s left)
Estimate model parameters (epsilon = 0.100)
BETTER TREE FOUND at iteration 32: -1149.853
Iteration 40 / LogL: -1163.144 / Time: 0h:0m:0s (0h:0m:2s left)
BETTER TREE FOUND at iteration 45: -1149.853
Iteration 50 / LogL: -1150.696 / Time: 0h:0m:1s (0h:0m:2s left)
Iteration 60 / LogL: -1149.853 / Time: 0h:0m:1s (0h:0m:1s left)
Iteration 70 / LogL: -1149.853 / Time: 0h:0m:1s (0h:0m:1s left)
Iteration 80 / LogL: -1150.393 / Time: 0h:0m:1s (0h:0m:1s left)
Iteration 90 / LogL: -1152.611 / Time: 0h:0m:1s (0h:0m:1s left)
BETTER TREE FOUND at iteration 93: -1149.852
BETTER TREE FOUND at iteration 94: -1149.852
Iteration 100 / LogL: -1150.392 / Time: 0h:0m:1s (0h:0m:1s left)
Iteration 110 / LogL: -1151.150 / Time: 0h:0m:1s (0h:0m:1s left)
Iteration 120 / LogL: -1149.853 / Time: 0h:0m:2s (0h:0m:1s left)
Iteration 130 / LogL: -1149.853 / Time: 0h:0m:2s (0h:0m:1s left)
BETTER TREE FOUND at iteration 136: -1149.852
BETTER TREE FOUND at iteration 139: -1149.852
Iteration 140 / LogL: -1149.852 / Time: 0h:0m:2s (0h:0m:1s left)
BETTER TREE FOUND at iteration 142: -1149.852
BETTER TREE FOUND at iteration 143: -1149.852
Iteration 150 / LogL: -1149.852 / Time: 0h:0m:2s (0h:0m:1s left)
Iteration 160 / LogL: -1151.586 / Time: 0h:0m:2s (0h:0m:1s left)
Iteration 170 / LogL: -1150.137 / Time: 0h:0m:2s (0h:0m:1s left)
Iteration 180 / LogL: -1149.852 / Time: 0h:0m:3s (0h:0m:1s left)
BETTER TREE FOUND at iteration 181: -1149.852
Iteration 190 / LogL: -1149.852 / Time: 0h:0m:3s (0h:0m:1s left)
Iteration 200 / LogL: -1152.410 / Time: 0h:0m:3s (0h:0m:1s left)
Iteration 210 / LogL: -1149.852 / Time: 0h:0m:3s (0h:0m:1s left)
Iteration 220 / LogL: -1151.505 / Time: 0h:0m:3s (0h:0m:1s left)
Iteration 230 / LogL: -1156.355 / Time: 0h:0m:3s (0h:0m:0s left)
Iteration 240 / LogL: -1149.852 / Time: 0h:0m:4s (0h:0m:0s left)
Iteration 250 / LogL: -1149.853 / Time: 0h:0m:4s (0h:0m:0s left)
Iteration 260 / LogL: -1149.853 / Time: 0h:0m:4s (0h:0m:0s left)
Iteration 270 / LogL: -1164.217 / Time: 0h:0m:4s (0h:0m:0s left)
Iteration 280 / LogL: -1150.137 / Time: 0h:0m:4s (0h:0m:0s left)
TREE SEARCH COMPLETED AFTER 282 ITERATIONS / Time: 0h:0m:4s

--------------------------------------------------------------------
|                    FINALIZING TREE SEARCH                        |
--------------------------------------------------------------------
Performs final model parameters optimization
Estimate model parameters (epsilon = 0.010)
1. Initial log-likelihood: -1149.852
Optimal log-likelihood: -1149.852
Rate parameters:  A-C: 1.59925  A-G: 5.25289  A-T: 0.67142  C-G: 1.57861  C-T: 4.51606  G-T: 1.00000
Base frequencies:  A: 0.270  C: 0.209  G: 0.212  T: 0.309
Gamma shape alpha: 0.521
Parameters optimization took 1 rounds (0.003 sec)
BEST SCORE FOUND : -1149.852
Total tree length: 1.208

Total number of iterations: 282
CPU time used for tree search: 4.847 sec (0h:0m:4s)
Wall-clock time used for tree search: 4.668 sec (0h:0m:4s)
Total CPU time used: 4.894 sec (0h:0m:4s)
Total wall-clock time used: 4.710 sec (0h:0m:4s)

Analysis results written to: 
  IQ-TREE report:                /workspace/IQTree_JarvD5a_Results/exon_10019.iqtree
  Maximum-likelihood tree:       /workspace/IQTree_JarvD5a_Results/exon_10019.treefile
  Likelihood distances:          /workspace/IQTree_JarvD5a_Results/exon_10019.mldist
  Screen log file:               /workspace/IQTree_JarvD5a_Results/exon_10019.log

Date and Time: Wed May 27 09:14:15 2026
