IQ-TREE version 3.1.2 for Linux x86 64-bit built May  7 2026
Developed by Bui Quang Minh, Thomas Wong, Nhan Ly-Trong, Huaiyan Ren
Contributed by Lam-Tung Nguyen, Dominik Schrempf, Chris Bielow,
Olga Chernomor, Michael Woodhams, Diep Thi Hoang, Heiko Schmidt

Host:    8084c4e79f09 (AVX512, FMA3, 1133 GB RAM)
Command: /workspace/iqtree-3.1.2-Linux/bin/iqtree3_intel -s /workspace/NeuralNJ/empirical/JarvD5a/exon_11434.fasta -st DNA -m GTR+G -seed 2201 -pre /workspace/IQTree_JarvD5a_Results/exon_11434 -quiet
Seed:    2201 (Using SPRNG - Scalable Parallel Random Number Generator)
Time:    Wed May 27 12:56:26 2026
Kernel:  AVX+FMA - 1 threads (384 CPU cores detected)

HINT: Use -nt option to specify number of threads because your CPU has 384 cores!
HINT: -nt AUTO will automatically determine the best number of threads to use.

Reading alignment file /workspace/NeuralNJ/empirical/JarvD5a/exon_11434.fasta ... Fasta format detected
Reading fasta file: done in 0.000164032 secs using 25% CPU
Alignment most likely contains DNA/RNA sequences
Constructing alignment: done in 0.000365019 secs using 24.93% CPU
Alignment has 48 sequences with 282 columns, 137 distinct patterns
58 parsimony-informative, 56 singleton sites, 168 constant sites
       Gap/Ambiguity  Composition  p-value
Analyzing sequences: done in 1.88351e-05 secs using 90.26% CPU
   1  ACACH    5.67%    passed     95.41%
   2  ANAPL   24.11%    passed     98.19%
   3  APAVI    6.38%    passed     99.99%
   4  APTFO    6.38%    passed     99.77%
   5  BALRE    6.38%    passed     99.68%
   6  BUCRH    7.09%    passed     97.97%
   7  CALAN    6.38%    passed     95.98%
   8  CAPCA   48.94%    passed     43.92%
   9  CARCR    6.38%    passed     98.62%
  10  CATAU    6.38%    passed     99.77%
  11  CHAPE    7.80%    passed     99.13%
  12  CHAVO    6.38%    passed     99.44%
  13  CHLUN    6.38%    passed     99.66%
  14  COLLI    6.38%    passed     99.72%
  15  COLST    6.38%    passed     99.04%
  16  CORBR    5.67%    passed     99.41%
  17  CUCCA    6.38%    passed     66.84%
  18  EGRGA    6.38%    passed     97.50%
  19  EURHE    6.38%    passed     99.22%
  20  FALPE   24.82%    passed     96.33%
  21  FULGL    6.38%    passed     99.77%
  22  GALGA    6.38%    passed     93.45%
  23  GAVST    6.38%    passed     99.97%
  24  GEOFO    5.67%    passed     98.70%
  25  HALAL   24.11%    passed     99.74%
  26  HALLE   24.11%    passed     99.74%
  27  LEPDI    6.38%    passed     98.85%
  28  MANVI    6.38%    passed     99.77%
  29  MELGA    6.38%    passed     93.45%
  30  MELUN    6.38%    passed     99.39%
  31  MERNU    6.38%    passed     99.66%
  32  MESUN    5.67%    passed     97.71%
  33  NESNO    6.38%    passed     97.56%
  34  NIPNI    6.38%    passed     99.77%
  35  OPHHO    2.13%    passed     97.83%
  36  PELCR    6.38%    passed     96.07%
  37  PHACA    6.38%    passed     99.39%
  38  PHALE    6.38%    passed     99.87%
  39  PHORU   24.11%    passed     91.48%
  40  PICPU    6.38%    passed     76.34%
  41  PODCR   24.11%    passed     91.48%
  42  PTEGU    6.38%    passed     99.99%
  43  PYGAD    6.38%    passed     99.77%
  44  STRCA    6.38%    passed     97.94%
  45  TAEGU    5.67%    passed     99.98%
  46  TAUER   24.11%    passed     99.47%
  47  TINMA    6.38%    passed     96.33%
  48  TYTAL    6.38%    passed     99.84%
****  TOTAL    9.75%  0 sequences failed composition chi2 test (p-value<5%; df=3)
NOTE: FULGL is identical to APTFO but kept for subsequent analysis
NOTE: HALLE is identical to HALAL but kept for subsequent analysis
Checking for duplicate sequences: done in 0.000112057 secs using 99.95% CPU
Identifying sites to remove: done in 9.39369e-05 secs using 101.1% CPU
NOTE: 1 identical sequences (see below) will be ignored for subsequent analysis
NOTE: PYGAD (identical to APTFO) is ignored but added at the end
Alignment was printed to /workspace/IQTree_JarvD5a_Results/exon_11434.uniqueseq.phy

For your convenience alignment with unique sequences printed to /workspace/IQTree_JarvD5a_Results/exon_11434.uniqueseq.phy

Create initial parsimony tree by phylogenetic likelihood library (PLL)... 0.001 seconds

NOTE: 0 MB RAM (0 GB) is required!
Estimate model parameters (epsilon = 0.100)
1. Initial log-likelihood: -1826.643
2. Current log-likelihood: -1751.348
3. Current log-likelihood: -1750.916
Optimal log-likelihood: -1750.913
Rate parameters:  A-C: 3.43207  A-G: 7.06723  A-T: 0.86782  C-G: 5.56490  C-T: 10.19468  G-T: 1.00000
Base frequencies:  A: 0.395  C: 0.164  G: 0.246  T: 0.195
Gamma shape alpha: 0.468
Parameters optimization took 3 rounds (0.044 sec)
Wrote distance file to... 
Computing ML distances based on estimated model parameters...
Calculating distance matrix: done in 0.00420213 secs using 100% CPU
Computing ML distances took 0.004243 sec (of wall-clock time) 0.004244 sec (of CPU time)
Setting up auxiliary I and S matrices: done in 0.00022006 secs using 99.52% CPU
Constructing RapidNJ tree: done in 0.000407219 secs using 172.4% CPU
Computing RapidNJ tree took 0.000704 sec (of wall-clock time) 0.001198 sec (of CPU time)
Log-likelihood of RapidNJ tree: -1738.237
--------------------------------------------------------------------
|             INITIALIZING CANDIDATE TREE SET                      |
--------------------------------------------------------------------
Generating 98 parsimony trees... 0.092 second
Computing log-likelihood of 98 initial trees ... 0.102 seconds
Current best score: -1727.830

Do NNI search on 20 best initial trees
Estimate model parameters (epsilon = 0.100)
BETTER TREE FOUND at iteration 1: -1724.168
Iteration 10 / LogL: -1732.865 / Time: 0h:0m:0s
Iteration 20 / LogL: -1727.811 / Time: 0h:0m:0s
Finish initializing candidate tree set (20)
Current best tree score: -1724.168 / CPU time: 0.566
Number of iterations: 20
--------------------------------------------------------------------
|               OPTIMIZING CANDIDATE TREE SET                      |
--------------------------------------------------------------------
Estimate model parameters (epsilon = 0.100)
BETTER TREE FOUND at iteration 25: -1723.401
Estimate model parameters (epsilon = 0.100)
BETTER TREE FOUND at iteration 29: -1722.021
Iteration 30 / LogL: -1723.458 / Time: 0h:0m:0s (0h:0m:2s left)
Estimate model parameters (epsilon = 0.100)
BETTER TREE FOUND at iteration 31: -1721.374
Iteration 40 / LogL: -1722.511 / Time: 0h:0m:1s (0h:0m:2s left)
Estimate model parameters (epsilon = 0.100)
BETTER TREE FOUND at iteration 49: -1720.427
Iteration 50 / LogL: -1721.892 / Time: 0h:0m:1s (0h:0m:2s left)
Iteration 60 / LogL: -1722.862 / Time: 0h:0m:1s (0h:0m:2s left)
Iteration 70 / LogL: -1733.754 / Time: 0h:0m:1s (0h:0m:2s left)
Iteration 80 / LogL: -1722.697 / Time: 0h:0m:2s (0h:0m:1s left)
Iteration 90 / LogL: -1720.428 / Time: 0h:0m:2s (0h:0m:1s left)
Iteration 100 / LogL: -1724.533 / Time: 0h:0m:2s (0h:0m:1s left)
Iteration 110 / LogL: -1722.196 / Time: 0h:0m:2s (0h:0m:0s left)
Iteration 120 / LogL: -1723.237 / Time: 0h:0m:2s (0h:0m:0s left)
Iteration 130 / LogL: -1732.646 / Time: 0h:0m:3s (0h:0m:0s left)
BETTER TREE FOUND at iteration 138: -1720.427
Iteration 140 / LogL: -1721.394 / Time: 0h:0m:3s (0h:0m:2s left)
Iteration 150 / LogL: -1720.427 / Time: 0h:0m:3s (0h:0m:2s left)
Iteration 160 / LogL: -1722.364 / Time: 0h:0m:3s (0h:0m:1s left)
Iteration 170 / LogL: -1720.427 / Time: 0h:0m:4s (0h:0m:1s left)
Iteration 180 / LogL: -1721.298 / Time: 0h:0m:4s (0h:0m:1s left)
Iteration 190 / LogL: -1720.427 / Time: 0h:0m:4s (0h:0m:1s left)
BETTER TREE FOUND at iteration 197: -1720.427
Iteration 200 / LogL: -1722.441 / Time: 0h:0m:4s (0h:0m:2s left)
Iteration 210 / LogL: -1720.427 / Time: 0h:0m:4s (0h:0m:2s left)
Iteration 220 / LogL: -1729.614 / Time: 0h:0m:5s (0h:0m:1s left)
Iteration 230 / LogL: -1720.427 / Time: 0h:0m:5s (0h:0m:1s left)
Iteration 240 / LogL: -1720.428 / Time: 0h:0m:5s (0h:0m:1s left)
BETTER TREE FOUND at iteration 242: -1720.426
Iteration 250 / LogL: -1720.426 / Time: 0h:0m:5s (0h:0m:2s left)
Iteration 260 / LogL: -1722.847 / Time: 0h:0m:5s (0h:0m:1s left)
Iteration 270 / LogL: -1725.926 / Time: 0h:0m:6s (0h:0m:1s left)
Iteration 280 / LogL: -1721.826 / Time: 0h:0m:6s (0h:0m:1s left)
BETTER TREE FOUND at iteration 284: -1720.426
BETTER TREE FOUND at iteration 286: -1720.426
Iteration 290 / LogL: -1720.426 / Time: 0h:0m:6s (0h:0m:2s left)
BETTER TREE FOUND at iteration 292: -1720.426
BETTER TREE FOUND at iteration 293: -1720.426
BETTER TREE FOUND at iteration 295: -1720.426
Iteration 300 / LogL: -1726.822 / Time: 0h:0m:6s (0h:0m:2s left)
BETTER TREE FOUND at iteration 304: -1720.425
Iteration 310 / LogL: -1726.063 / Time: 0h:0m:6s (0h:0m:2s left)
Iteration 320 / LogL: -1720.426 / Time: 0h:0m:7s (0h:0m:1s left)
Iteration 330 / LogL: -1720.426 / Time: 0h:0m:7s (0h:0m:1s left)
Iteration 340 / LogL: -1721.807 / Time: 0h:0m:7s (0h:0m:1s left)
Iteration 350 / LogL: -1735.850 / Time: 0h:0m:7s (0h:0m:1s left)
Iteration 360 / LogL: -1721.535 / Time: 0h:0m:8s (0h:0m:0s left)
BETTER TREE FOUND at iteration 365: -1720.425
Iteration 370 / LogL: -1735.773 / Time: 0h:0m:8s (0h:0m:2s left)
Iteration 380 / LogL: -1720.426 / Time: 0h:0m:8s (0h:0m:1s left)
Iteration 390 / LogL: -1724.538 / Time: 0h:0m:8s (0h:0m:1s left)
BETTER TREE FOUND at iteration 393: -1720.425
BETTER TREE FOUND at iteration 394: -1720.425
Iteration 400 / LogL: -1724.070 / Time: 0h:0m:8s (0h:0m:2s left)
Iteration 410 / LogL: -1720.426 / Time: 0h:0m:9s (0h:0m:1s left)
Iteration 420 / LogL: -1731.482 / Time: 0h:0m:9s (0h:0m:1s left)
BETTER TREE FOUND at iteration 424: -1720.425
Iteration 430 / LogL: -1721.825 / Time: 0h:0m:9s (0h:0m:2s left)
BETTER TREE FOUND at iteration 436: -1720.425
Iteration 440 / LogL: -1720.425 / Time: 0h:0m:9s (0h:0m:2s left)
Iteration 450 / LogL: -1720.428 / Time: 0h:0m:9s (0h:0m:1s left)
Iteration 460 / LogL: -1721.094 / Time: 0h:0m:10s (0h:0m:1s left)
Iteration 470 / LogL: -1720.425 / Time: 0h:0m:10s (0h:0m:1s left)
Iteration 480 / LogL: -1720.425 / Time: 0h:0m:10s (0h:0m:1s left)
Iteration 490 / LogL: -1720.425 / Time: 0h:0m:10s (0h:0m:0s left)
Iteration 500 / LogL: -1721.891 / Time: 0h:0m:10s (0h:0m:0s left)
Iteration 510 / LogL: -1721.392 / Time: 0h:0m:11s (0h:0m:0s left)
Iteration 520 / LogL: -1721.624 / Time: 0h:0m:11s (0h:0m:0s left)
BETTER TREE FOUND at iteration 529: -1720.425
Iteration 530 / LogL: -1721.568 / Time: 0h:0m:11s (0h:0m:2s left)
Iteration 540 / LogL: -1722.293 / Time: 0h:0m:11s (0h:0m:1s left)
Iteration 550 / LogL: -1720.426 / Time: 0h:0m:11s (0h:0m:1s left)
Iteration 560 / LogL: -1722.194 / Time: 0h:0m:12s (0h:0m:1s left)
Iteration 570 / LogL: -1732.845 / Time: 0h:0m:12s (0h:0m:1s left)
Iteration 580 / LogL: -1720.425 / Time: 0h:0m:12s (0h:0m:1s left)
Iteration 590 / LogL: -1722.704 / Time: 0h:0m:12s (0h:0m:0s left)
Iteration 600 / LogL: -1720.425 / Time: 0h:0m:12s (0h:0m:0s left)
Iteration 610 / LogL: -1722.194 / Time: 0h:0m:13s (0h:0m:0s left)
Iteration 620 / LogL: -1722.408 / Time: 0h:0m:13s (0h:0m:0s left)
BETTER TREE FOUND at iteration 625: -1720.425
BETTER TREE FOUND at iteration 629: -1720.425
Iteration 630 / LogL: -1722.845 / Time: 0h:0m:13s (0h:0m:2s left)
Estimate model parameters (epsilon = 0.100)
BETTER TREE FOUND at iteration 634: -1720.124
Iteration 640 / LogL: -1726.326 / Time: 0h:0m:13s (0h:0m:2s left)
BETTER TREE FOUND at iteration 644: -1720.117
Iteration 650 / LogL: -1722.905 / Time: 0h:0m:13s (0h:0m:2s left)
Iteration 660 / LogL: -1720.785 / Time: 0h:0m:14s (0h:0m:1s left)
Iteration 670 / LogL: -1720.673 / Time: 0h:0m:14s (0h:0m:1s left)
BETTER TREE FOUND at iteration 678: -1720.117
Iteration 680 / LogL: -1720.118 / Time: 0h:0m:14s (0h:0m:2s left)
Iteration 690 / LogL: -1720.124 / Time: 0h:0m:14s (0h:0m:1s left)
BETTER TREE FOUND at iteration 698: -1720.117
BETTER TREE FOUND at iteration 699: -1720.117
Iteration 700 / LogL: -1720.118 / Time: 0h:0m:15s (0h:0m:2s left)
Iteration 710 / LogL: -1720.118 / Time: 0h:0m:15s (0h:0m:1s left)
Iteration 720 / LogL: -1720.117 / Time: 0h:0m:15s (0h:0m:1s left)
Iteration 730 / LogL: -1720.118 / Time: 0h:0m:15s (0h:0m:1s left)
Iteration 740 / LogL: -1720.118 / Time: 0h:0m:16s (0h:0m:1s left)
BETTER TREE FOUND at iteration 746: -1720.117
Iteration 750 / LogL: -1720.118 / Time: 0h:0m:16s (0h:0m:2s left)
Iteration 760 / LogL: -1722.241 / Time: 0h:0m:16s (0h:0m:1s left)
BETTER TREE FOUND at iteration 761: -1720.117
Iteration 770 / LogL: -1722.937 / Time: 0h:0m:16s (0h:0m:1s left)
Iteration 780 / LogL: -1720.118 / Time: 0h:0m:16s (0h:0m:1s left)
Iteration 790 / LogL: -1720.118 / Time: 0h:0m:17s (0h:0m:1s left)
Iteration 800 / LogL: -1725.168 / Time: 0h:0m:17s (0h:0m:1s left)
Iteration 810 / LogL: -1720.784 / Time: 0h:0m:17s (0h:0m:1s left)
Iteration 820 / LogL: -1721.318 / Time: 0h:0m:17s (0h:0m:0s left)
Iteration 830 / LogL: -1720.119 / Time: 0h:0m:18s (0h:0m:0s left)
Iteration 840 / LogL: -1721.318 / Time: 0h:0m:18s (0h:0m:0s left)
Iteration 850 / LogL: -1720.121 / Time: 0h:0m:18s (0h:0m:0s left)
Iteration 860 / LogL: -1720.117 / Time: 0h:0m:18s (0h:0m:0s left)
TREE SEARCH COMPLETED AFTER 862 ITERATIONS / Time: 0h:0m:18s

--------------------------------------------------------------------
|                    FINALIZING TREE SEARCH                        |
--------------------------------------------------------------------
Performs final model parameters optimization
Estimate model parameters (epsilon = 0.010)
1. Initial log-likelihood: -1720.117
Optimal log-likelihood: -1720.117
Rate parameters:  A-C: 5.00363  A-G: 10.22107  A-T: 1.15442  C-G: 8.75229  C-T: 14.90610  G-T: 1.00000
Base frequencies:  A: 0.395  C: 0.164  G: 0.246  T: 0.195
Gamma shape alpha: 0.480
Parameters optimization took 1 rounds (0.004 sec)
BEST SCORE FOUND : -1720.117
Total tree length: 1.094

Total number of iterations: 862
CPU time used for tree search: 18.910 sec (0h:0m:18s)
Wall-clock time used for tree search: 18.748 sec (0h:0m:18s)
Total CPU time used: 18.980 sec (0h:0m:18s)
Total wall-clock time used: 18.813 sec (0h:0m:18s)

Analysis results written to: 
  IQ-TREE report:                /workspace/IQTree_JarvD5a_Results/exon_11434.iqtree
  Maximum-likelihood tree:       /workspace/IQTree_JarvD5a_Results/exon_11434.treefile
  Likelihood distances:          /workspace/IQTree_JarvD5a_Results/exon_11434.mldist
  Screen log file:               /workspace/IQTree_JarvD5a_Results/exon_11434.log

Date and Time: Wed May 27 12:56:45 2026
