IQ-TREE version 3.1.2 for Linux x86 64-bit built May  7 2026
Developed by Bui Quang Minh, Thomas Wong, Nhan Ly-Trong, Huaiyan Ren
Contributed by Lam-Tung Nguyen, Dominik Schrempf, Chris Bielow,
Olga Chernomor, Michael Woodhams, Diep Thi Hoang, Heiko Schmidt

Host:    8084c4e79f09 (AVX512, FMA3, 1133 GB RAM)
Command: /workspace/iqtree-3.1.2-Linux/bin/iqtree3_intel -s /workspace/NeuralNJ/empirical/JarvD5a/exon_9579.fasta -st DNA -m GTR+G -seed 2201 -pre /workspace/IQTree_JarvD5a_Results/exon_9579 -quiet
Seed:    2201 (Using SPRNG - Scalable Parallel Random Number Generator)
Time:    Thu May 28 10:45:44 2026
Kernel:  AVX+FMA - 1 threads (384 CPU cores detected)

HINT: Use -nt option to specify number of threads because your CPU has 384 cores!
HINT: -nt AUTO will automatically determine the best number of threads to use.

Reading alignment file /workspace/NeuralNJ/empirical/JarvD5a/exon_9579.fasta ... Fasta format detected
Reading fasta file: done in 0.000491142 secs using 33.19% CPU
Alignment most likely contains DNA/RNA sequences
Constructing alignment: done in 0.00127196 secs using 100% CPU
Alignment has 46 sequences with 1106 columns, 241 distinct patterns
87 parsimony-informative, 74 singleton sites, 945 constant sites
       Gap/Ambiguity  Composition  p-value
Analyzing sequences: done in 2.00272e-05 secs using 104.9% CPU
   1  ACACH    6.51%    passed     99.10%
   2  ANAPL    5.79%    passed     99.19%
   3  APAVI    7.59%    passed     99.60%
   4  APTFO    6.51%    passed     99.88%
   5  BALRE   15.19%    passed     96.74%
   6  BUCRH   15.19%    passed     96.58%
   7  CALAN    6.69%    passed     94.62%
   8  CAPCA   36.71%    passed     92.22%
   9  CARCR   24.05%    passed     93.18%
  10  CHAPE   15.91%    passed     88.78%
  11  CHAVO    8.32%    passed     99.81%
  12  CHLUN   13.38%    passed     97.81%
  13  COLLI    6.51%    passed     99.49%
  14  COLST   45.75%    passed     13.89%
  15  CORBR    6.51%    passed     84.43%
  16  CUCCA    6.51%    passed     99.53%
  17  EGRGA    8.14%    passed     97.78%
  18  FALPE    1.27%    passed     96.38%
  19  FULGL    8.32%    passed     99.80%
  20  GALGA    1.81%    passed     98.89%
  21  GAVST   15.19%    passed     95.73%
  22  GEOFO    7.78%    passed     88.32%
  23  HALAL   15.19%    passed     95.14%
  24  HALLE    1.27%    passed     99.86%
  25  LEPDI   10.67%    passed     99.93%
  26  MANVI   14.47%    passed     99.47%
  27  MELGA   11.75%    passed     92.52%
  28  MELUN    2.89%    passed     93.61%
  29  MERNU   18.63%    passed     93.20%
  30  MESUN   43.94%    passed     38.07%
  31  NESNO   15.37%    passed     98.58%
  32  NIPNI    6.51%    passed     99.86%
  33  OPHHO   15.37%    passed     94.18%
  34  PELCR    6.51%    passed     99.56%
  35  PHACA   45.75%    passed      6.68%
  36  PHALE    6.51%    passed     99.66%
  37  PHORU   12.30%    passed     99.38%
  38  PICPU    1.99%    passed     94.47%
  39  PODCR   15.37%    passed     96.91%
  40  PTEGU   15.19%    passed     96.14%
  41  PYGAD    6.69%    passed     99.89%
  42  STRCA    8.14%    passed     99.39%
  43  TAEGU    3.07%    passed     78.92%
  44  TAUER   43.76%    passed     70.56%
  45  TINMA    8.14%    passed     96.95%
  46  TYTAL   15.73%    passed     98.80%
****  TOTAL   13.37%  0 sequences failed composition chi2 test (p-value<5%; df=3)
Checking for duplicate sequences: done in 0.000106812 secs using 100.2% CPU

Create initial parsimony tree by phylogenetic likelihood library (PLL)... 0.001 seconds

NOTE: 1 MB RAM (0 GB) is required!
Estimate model parameters (epsilon = 0.100)
1. Initial log-likelihood: -3615.187
2. Current log-likelihood: -3463.203
3. Current log-likelihood: -3459.935
Optimal log-likelihood: -3459.917
Rate parameters:  A-C: 3.89323  A-G: 9.75281  A-T: 2.95680  C-G: 4.63992  C-T: 9.81013  G-T: 1.00000
Base frequencies:  A: 0.282  C: 0.236  G: 0.263  T: 0.219
Gamma shape alpha: 0.020
Parameters optimization took 3 rounds (0.056 sec)
Wrote distance file to... 
Computing ML distances based on estimated model parameters...
Calculating distance matrix: done in 0.00660586 secs using 100% CPU
Computing ML distances took 0.006683 sec (of wall-clock time) 0.006685 sec (of CPU time)
Setting up auxiliary I and S matrices: done in 0.000241041 secs using 99.57% CPU
Constructing RapidNJ tree: done in 0.000470161 secs using 260.3% CPU
Computing RapidNJ tree took 0.000785 sec (of wall-clock time) 0.001561 sec (of CPU time)
Log-likelihood of RapidNJ tree: -3492.320
--------------------------------------------------------------------
|             INITIALIZING CANDIDATE TREE SET                      |
--------------------------------------------------------------------
Generating 98 parsimony trees... 0.122 second
Computing log-likelihood of 98 initial trees ... 0.149 seconds
Current best score: -3446.463

Do NNI search on 20 best initial trees
Estimate model parameters (epsilon = 0.100)
BETTER TREE FOUND at iteration 1: -3445.954
Estimate model parameters (epsilon = 0.100)
BETTER TREE FOUND at iteration 2: -3445.560
Iteration 10 / LogL: -3451.804 / Time: 0h:0m:0s
Iteration 20 / LogL: -3455.283 / Time: 0h:0m:0s
Finish initializing candidate tree set (20)
Current best tree score: -3445.560 / CPU time: 0.740
Number of iterations: 20
--------------------------------------------------------------------
|               OPTIMIZING CANDIDATE TREE SET                      |
--------------------------------------------------------------------
Iteration 30 / LogL: -3449.980 / Time: 0h:0m:1s (0h:0m:2s left)
Estimate model parameters (epsilon = 0.100)
BETTER TREE FOUND at iteration 33: -3444.996
Iteration 40 / LogL: -3445.615 / Time: 0h:0m:1s (0h:0m:3s left)
Iteration 50 / LogL: -3444.997 / Time: 0h:0m:1s (0h:0m:2s left)
BETTER TREE FOUND at iteration 58: -3444.995
Iteration 60 / LogL: -3451.407 / Time: 0h:0m:2s (0h:0m:3s left)
Iteration 70 / LogL: -3456.853 / Time: 0h:0m:2s (0h:0m:2s left)
Estimate model parameters (epsilon = 0.100)
BETTER TREE FOUND at iteration 79: -3444.932
Iteration 80 / LogL: -3454.433 / Time: 0h:0m:2s (0h:0m:3s left)
BETTER TREE FOUND at iteration 81: -3444.929
Iteration 90 / LogL: -3446.024 / Time: 0h:0m:2s (0h:0m:2s left)
Iteration 100 / LogL: -3444.997 / Time: 0h:0m:3s (0h:0m:2s left)
BETTER TREE FOUND at iteration 101: -3444.929
BETTER TREE FOUND at iteration 104: -3444.928
Iteration 110 / LogL: -3444.931 / Time: 0h:0m:3s (0h:0m:3s left)
Iteration 120 / LogL: -3449.861 / Time: 0h:0m:3s (0h:0m:2s left)
Iteration 130 / LogL: -3445.751 / Time: 0h:0m:4s (0h:0m:2s left)
Iteration 140 / LogL: -3444.996 / Time: 0h:0m:4s (0h:0m:2s left)
Iteration 150 / LogL: -3445.136 / Time: 0h:0m:4s (0h:0m:1s left)
Iteration 160 / LogL: -3453.148 / Time: 0h:0m:5s (0h:0m:1s left)
Iteration 170 / LogL: -3446.013 / Time: 0h:0m:5s (0h:0m:1s left)
UPDATE BEST LOG-LIKELIHOOD: -3444.928
Iteration 180 / LogL: -3448.140 / Time: 0h:0m:5s (0h:0m:0s left)
Iteration 190 / LogL: -3444.996 / Time: 0h:0m:6s (0h:0m:0s left)
Iteration 200 / LogL: -3452.598 / Time: 0h:0m:6s (0h:0m:0s left)
TREE SEARCH COMPLETED AFTER 205 ITERATIONS / Time: 0h:0m:6s

--------------------------------------------------------------------
|                    FINALIZING TREE SEARCH                        |
--------------------------------------------------------------------
Performs final model parameters optimization
Estimate model parameters (epsilon = 0.010)
1. Initial log-likelihood: -3444.928
Optimal log-likelihood: -3444.928
Rate parameters:  A-C: 3.91954  A-G: 9.86070  A-T: 2.76030  C-G: 4.70190  C-T: 9.88857  G-T: 1.00000
Base frequencies:  A: 0.282  C: 0.236  G: 0.263  T: 0.219
Gamma shape alpha: 0.020
Parameters optimization took 1 rounds (0.007 sec)
BEST SCORE FOUND : -3444.928
Total tree length: 0.384

Total number of iterations: 205
CPU time used for tree search: 6.623 sec (0h:0m:6s)
Wall-clock time used for tree search: 6.449 sec (0h:0m:6s)
Total CPU time used: 6.723 sec (0h:0m:6s)
Total wall-clock time used: 6.538 sec (0h:0m:6s)

Analysis results written to: 
  IQ-TREE report:                /workspace/IQTree_JarvD5a_Results/exon_9579.iqtree
  Maximum-likelihood tree:       /workspace/IQTree_JarvD5a_Results/exon_9579.treefile
  Likelihood distances:          /workspace/IQTree_JarvD5a_Results/exon_9579.mldist
  Screen log file:               /workspace/IQTree_JarvD5a_Results/exon_9579.log

Date and Time: Thu May 28 10:45:50 2026
