IQ-TREE version 3.1.2 for Linux x86 64-bit built May  7 2026
Developed by Bui Quang Minh, Thomas Wong, Nhan Ly-Trong, Huaiyan Ren
Contributed by Lam-Tung Nguyen, Dominik Schrempf, Chris Bielow,
Olga Chernomor, Michael Woodhams, Diep Thi Hoang, Heiko Schmidt

Host:    8084c4e79f09 (AVX512, FMA3, 1133 GB RAM)
Command: /workspace/iqtree-3.1.2-Linux/bin/iqtree3_intel -s /workspace/NeuralNJ/empirical/JarvD5a/exon_11869.fasta -st DNA -m GTR+G -seed 2201 -pre /workspace/IQTree_JarvD5a_Results/exon_11869 -quiet
Seed:    2201 (Using SPRNG - Scalable Parallel Random Number Generator)
Time:    Wed May 27 13:52:11 2026
Kernel:  AVX+FMA - 1 threads (384 CPU cores detected)

HINT: Use -nt option to specify number of threads because your CPU has 384 cores!
HINT: -nt AUTO will automatically determine the best number of threads to use.

Reading alignment file /workspace/NeuralNJ/empirical/JarvD5a/exon_11869.fasta ... Fasta format detected
Reading fasta file: done in 0.000267982 secs using 30.97% CPU
Alignment most likely contains DNA/RNA sequences
Constructing alignment: done in 0.000635147 secs using 100.1% CPU
Alignment has 48 sequences with 524 columns, 251 distinct patterns
124 parsimony-informative, 96 singleton sites, 304 constant sites
       Gap/Ambiguity  Composition  p-value
Analyzing sequences: done in 2.31266e-05 secs using 30.27% CPU
   1  ACACH   14.12%    passed     97.49%
   2  ANAPL    1.53%    passed     99.30%
   3  APAVI    1.53%    passed     97.36%
   4  APTFO    1.53%    passed     98.12%
   5  BALRE    3.63%    passed     88.26%
   6  BUCRH   21.37%    passed     53.94%
   7  CALAN    3.05%    passed     97.16%
   8  CAPCA    1.91%    passed     96.87%
   9  CARCR    1.53%    passed     98.12%
  10  CATAU   44.66%    passed      8.10%
  11  CHAPE    1.53%    passed     93.23%
  12  CHAVO    2.29%    passed     99.75%
  13  CHLUN   44.66%    passed      7.05%
  14  COLLI    6.11%    passed     99.98%
  15  COLST   24.05%    passed     64.16%
  16  CORBR    6.87%    passed     96.32%
  17  CUCCA    1.53%    passed     97.82%
  18  EGRGA    1.53%    passed     94.77%
  19  EURHE    3.05%    passed     96.95%
  20  FALPE    1.53%    passed     96.98%
  21  FULGL    1.53%    passed     97.34%
  22  GALGA    1.53%    passed     96.57%
  23  GAVST    1.53%    passed     99.30%
  24  GEOFO    1.53%    passed     72.25%
  25  HALAL   44.66%    passed     13.44%
  26  HALLE    1.53%    passed     94.83%
  27  LEPDI    2.29%    passed     97.51%
  28  MANVI    1.15%    passed     96.79%
  29  MELGA    1.53%    passed     98.67%
  30  MELUN    1.53%    passed     85.04%
  31  MERNU    1.91%    passed     99.20%
  32  MESUN    1.91%    passed     97.93%
  33  NESNO    1.15%    passed     90.14%
  34  NIPNI    1.53%    passed     97.31%
  35  OPHHO    1.53%    passed     93.48%
  36  PELCR    1.53%    passed     95.88%
  37  PHACA    1.53%    passed     94.98%
  38  PHALE    1.91%    passed     95.69%
  39  PHORU    1.91%    passed     99.05%
  40  PICPU    1.53%    passed     97.36%
  41  PODCR    1.53%    passed     95.42%
  42  PTEGU   44.66%    passed      7.36%
  43  PYGAD    1.53%    passed     98.73%
  44  STRCA    1.15%    passed     98.12%
  45  TAEGU    1.91%    passed     87.42%
  46  TAUER    1.53%    passed     99.89%
  47  TINMA    1.53%    passed     97.56%
  48  TYTAL    1.91%    passed     98.94%
****  TOTAL    6.64%  0 sequences failed composition chi2 test (p-value<5%; df=3)
Checking for duplicate sequences: done in 0.00011301 secs using 32.74% CPU

Create initial parsimony tree by phylogenetic likelihood library (PLL)... 0.001 seconds

NOTE: 1 MB RAM (0 GB) is required!
Estimate model parameters (epsilon = 0.100)
1. Initial log-likelihood: -4076.814
2. Current log-likelihood: -3851.822
3. Current log-likelihood: -3850.442
Optimal log-likelihood: -3850.437
Rate parameters:  A-C: 1.07817  A-G: 6.54169  A-T: 0.87322  C-G: 2.13862  C-T: 4.87612  G-T: 1.00000
Base frequencies:  A: 0.251  C: 0.230  G: 0.233  T: 0.286
Gamma shape alpha: 0.356
Parameters optimization took 3 rounds (0.051 sec)
Wrote distance file to... 
Computing ML distances based on estimated model parameters...
Calculating distance matrix: done in 0.00444198 secs using 100% CPU
Computing ML distances took 0.004494 sec (of wall-clock time) 0.004494 sec (of CPU time)
Setting up auxiliary I and S matrices: done in 0.000284195 secs using 99.93% CPU
Constructing RapidNJ tree: done in 0.000560045 secs using 278.4% CPU
Computing RapidNJ tree took 0.000945 sec (of wall-clock time) 0.001962 sec (of CPU time)
Log-likelihood of RapidNJ tree: -3864.102
--------------------------------------------------------------------
|             INITIALIZING CANDIDATE TREE SET                      |
--------------------------------------------------------------------
Generating 98 parsimony trees... 0.164 second
Computing log-likelihood of 98 initial trees ... 0.163 seconds
Current best score: -3843.645

Do NNI search on 20 best initial trees
Estimate model parameters (epsilon = 0.100)
BETTER TREE FOUND at iteration 1: -3835.564
Iteration 10 / LogL: -3843.756 / Time: 0h:0m:0s
Iteration 20 / LogL: -3839.767 / Time: 0h:0m:1s
Finish initializing candidate tree set (20)
Current best tree score: -3835.564 / CPU time: 1.062
Number of iterations: 20
--------------------------------------------------------------------
|               OPTIMIZING CANDIDATE TREE SET                      |
--------------------------------------------------------------------
Estimate model parameters (epsilon = 0.100)
BETTER TREE FOUND at iteration 24: -3830.943
Estimate model parameters (epsilon = 0.100)
BETTER TREE FOUND at iteration 29: -3829.240
Estimate model parameters (epsilon = 0.100)
BETTER TREE FOUND at iteration 30: -3828.115
Iteration 30 / LogL: -3828.115 / Time: 0h:0m:1s (0h:0m:5s left)
BETTER TREE FOUND at iteration 35: -3828.113
Estimate model parameters (epsilon = 0.100)
BETTER TREE FOUND at iteration 36: -3827.339
Iteration 40 / LogL: -3827.840 / Time: 0h:0m:2s (0h:0m:4s left)
BETTER TREE FOUND at iteration 43: -3827.338
Estimate model parameters (epsilon = 0.100)
BETTER TREE FOUND at iteration 44: -3827.315
Iteration 50 / LogL: -3827.845 / Time: 0h:0m:2s (0h:0m:4s left)
Estimate model parameters (epsilon = 0.100)
BETTER TREE FOUND at iteration 56: -3827.172
Iteration 60 / LogL: -3827.347 / Time: 0h:0m:2s (0h:0m:4s left)
BETTER TREE FOUND at iteration 66: -3827.171
BETTER TREE FOUND at iteration 68: -3827.171
BETTER TREE FOUND at iteration 69: -3827.170
Iteration 70 / LogL: -3827.483 / Time: 0h:0m:3s (0h:0m:4s left)
Iteration 80 / LogL: -3828.482 / Time: 0h:0m:3s (0h:0m:4s left)
Iteration 90 / LogL: -3827.170 / Time: 0h:0m:3s (0h:0m:3s left)
Iteration 100 / LogL: -3837.869 / Time: 0h:0m:4s (0h:0m:3s left)
Iteration 110 / LogL: -3827.314 / Time: 0h:0m:4s (0h:0m:2s left)
Iteration 120 / LogL: -3827.346 / Time: 0h:0m:5s (0h:0m:2s left)
Iteration 130 / LogL: -3827.278 / Time: 0h:0m:5s (0h:0m:1s left)
Iteration 140 / LogL: -3831.256 / Time: 0h:0m:5s (0h:0m:1s left)
Iteration 150 / LogL: -3827.314 / Time: 0h:0m:6s (0h:0m:0s left)
Iteration 160 / LogL: -3827.484 / Time: 0h:0m:6s (0h:0m:0s left)
Iteration 170 / LogL: -3827.172 / Time: 0h:0m:6s (0h:0m:-1s left)
TREE SEARCH COMPLETED AFTER 170 ITERATIONS / Time: 0h:0m:6s

--------------------------------------------------------------------
|                    FINALIZING TREE SEARCH                        |
--------------------------------------------------------------------
Performs final model parameters optimization
Estimate model parameters (epsilon = 0.010)
1. Initial log-likelihood: -3827.170
Optimal log-likelihood: -3827.170
Rate parameters:  A-C: 1.10083  A-G: 7.11596  A-T: 0.94474  C-G: 2.16519  C-T: 4.93528  G-T: 1.00000
Base frequencies:  A: 0.251  C: 0.230  G: 0.233  T: 0.286
Gamma shape alpha: 0.360
Parameters optimization took 1 rounds (0.006 sec)
BEST SCORE FOUND : -3827.170
Total tree length: 1.450

Total number of iterations: 170
CPU time used for tree search: 6.412 sec (0h:0m:6s)
Wall-clock time used for tree search: 6.856 sec (0h:0m:6s)
Total CPU time used: 6.500 sec (0h:0m:6s)
Total wall-clock time used: 6.936 sec (0h:0m:6s)

Analysis results written to: 
  IQ-TREE report:                /workspace/IQTree_JarvD5a_Results/exon_11869.iqtree
  Maximum-likelihood tree:       /workspace/IQTree_JarvD5a_Results/exon_11869.treefile
  Likelihood distances:          /workspace/IQTree_JarvD5a_Results/exon_11869.mldist
  Screen log file:               /workspace/IQTree_JarvD5a_Results/exon_11869.log

Date and Time: Wed May 27 13:52:18 2026
