IQ-TREE version 3.1.2 for Linux x86 64-bit built May  7 2026
Developed by Bui Quang Minh, Thomas Wong, Nhan Ly-Trong, Huaiyan Ren
Contributed by Lam-Tung Nguyen, Dominik Schrempf, Chris Bielow,
Olga Chernomor, Michael Woodhams, Diep Thi Hoang, Heiko Schmidt

Host:    8084c4e79f09 (AVX512, FMA3, 1133 GB RAM)
Command: /workspace/iqtree-3.1.2-Linux/bin/iqtree3_intel -s /workspace/NeuralNJ/empirical/JarvD5a/exon_2792.fasta -st DNA -m GTR+G -seed 2201 -pre /workspace/IQTree_JarvD5a_Results/exon_2792 -quiet
Seed:    2201 (Using SPRNG - Scalable Parallel Random Number Generator)
Time:    Wed May 27 23:23:41 2026
Kernel:  AVX+FMA - 1 threads (384 CPU cores detected)

HINT: Use -nt option to specify number of threads because your CPU has 384 cores!
HINT: -nt AUTO will automatically determine the best number of threads to use.

Reading alignment file /workspace/NeuralNJ/empirical/JarvD5a/exon_2792.fasta ... Fasta format detected
Reading fasta file: done in 0.000468016 secs using 96.79% CPU
Alignment most likely contains DNA/RNA sequences
Constructing alignment: done in 0.00114799 secs using 100% CPU
Alignment has 48 sequences with 1016 columns, 109 distinct patterns
48 parsimony-informative, 35 singleton sites, 933 constant sites
       Gap/Ambiguity  Composition  p-value
Analyzing sequences: done in 1.09673e-05 secs using 100.3% CPU
   1  ACACH    0.59%    passed     99.86%
   2  ANAPL    1.18%    passed     99.98%
   3  APAVI    1.18%    passed     99.90%
   4  APTFO    1.18%    passed     99.96%
   5  BALRE    1.18%    passed     99.67%
   6  BUCRH    1.18%    passed     99.69%
   7  CALAN    0.20%    passed     98.95%
   8  CAPCA    1.18%    passed     99.89%
   9  CARCR    1.18%    passed     99.75%
  10  CATAU    0.59%    passed     99.88%
  11  CHAPE    0.59%    passed     99.95%
  12  CHAVO    1.18%    passed     99.74%
  13  CHLUN    1.18%    passed     99.97%
  14  COLLI    1.18%    passed     99.83%
  15  COLST    1.18%    passed     94.69%
  16  CORBR    0.98%    passed     98.73%
  17  CUCCA    1.18%    passed     98.62%
  18  EGRGA    1.18%    passed     99.92%
  19  EURHE    7.48%    passed     99.71%
  20  FALPE    1.18%    passed     99.92%
  21  FULGL    1.18%    passed     99.84%
  22  GALGA    0.00%    passed     99.91%
  23  GAVST    1.18%    passed     99.93%
  24  GEOFO    0.59%    passed     99.57%
  25  HALAL    1.18%    passed     99.99%
  26  HALLE    1.18%    passed     99.99%
  27  LEPDI    1.18%    passed     99.86%
  28  MANVI    1.18%    passed     99.73%
  29  MELGA    0.79%    passed     99.98%
  30  MELUN    1.18%    passed     99.92%
  31  MERNU    1.18%    passed     99.98%
  32  MESUN   28.74%    passed     96.74%
  33  NESNO    0.59%    passed     99.74%
  34  NIPNI    1.18%    passed     99.99%
  35  OPHHO    1.18%    passed     99.89%
  36  PELCR    1.18%    passed     99.87%
  37  PHACA    1.18%    passed     99.98%
  38  PHALE   28.74%    passed     96.74%
  39  PHORU    1.18%    passed     99.51%
  40  PICPU    7.28%    passed     95.54%
  41  PODCR    1.18%    passed     99.86%
  42  PTEGU   16.73%    passed     95.03%
  43  PYGAD    1.18%    passed     99.96%
  44  STRCA    1.18%    passed     97.85%
  45  TAEGU    0.59%    passed     96.24%
  46  TAUER    1.18%    passed     99.95%
  47  TINMA    1.18%    passed     99.90%
  48  TYTAL    1.18%    passed     99.98%
****  TOTAL    2.78%  0 sequences failed composition chi2 test (p-value<5%; df=3)
NOTE: PYGAD is identical to APTFO but kept for subsequent analysis
NOTE: HALLE is identical to HALAL but kept for subsequent analysis
Checking for duplicate sequences: done in 0.000108957 secs using 99.12% CPU

Create initial parsimony tree by phylogenetic likelihood library (PLL)... 0.001 seconds

NOTE: 0 MB RAM (0 GB) is required!
Estimate model parameters (epsilon = 0.100)
1. Initial log-likelihood: -2715.191
2. Current log-likelihood: -2561.671
3. Current log-likelihood: -2554.636
Optimal log-likelihood: -2554.546
Rate parameters:  A-C: 2.79105  A-G: 1.62772  A-T: 0.99367  C-G: 4.01092  C-T: 16.75394  G-T: 1.00000
Base frequencies:  A: 0.351  C: 0.197  G: 0.219  T: 0.233
Gamma shape alpha: 0.020
Parameters optimization took 3 rounds (0.050 sec)
Wrote distance file to... 
Computing ML distances based on estimated model parameters...
Calculating distance matrix: done in 0.00798392 secs using 100% CPU
Computing ML distances took 0.008027 sec (of wall-clock time) 0.008027 sec (of CPU time)
Setting up auxiliary I and S matrices: done in 0.000115156 secs using 99.86% CPU
Constructing RapidNJ tree: done in 0.000204086 secs using 99.96% CPU
Computing RapidNJ tree took 0.000372 sec (of wall-clock time) 0.000372 sec (of CPU time)
Log-likelihood of RapidNJ tree: -2557.404
--------------------------------------------------------------------
|             INITIALIZING CANDIDATE TREE SET                      |
--------------------------------------------------------------------
Generating 98 parsimony trees... 0.090 second
Computing log-likelihood of 98 initial trees ... 0.094 seconds
Current best score: -2534.412

Do NNI search on 20 best initial trees
Estimate model parameters (epsilon = 0.100)
BETTER TREE FOUND at iteration 1: -2532.945
Estimate model parameters (epsilon = 0.100)
BETTER TREE FOUND at iteration 5: -2531.714
Iteration 10 / LogL: -2538.451 / Time: 0h:0m:0s
Iteration 20 / LogL: -2545.692 / Time: 0h:0m:0s
Finish initializing candidate tree set (20)
Current best tree score: -2531.714 / CPU time: 0.482
Number of iterations: 20
--------------------------------------------------------------------
|               OPTIMIZING CANDIDATE TREE SET                      |
--------------------------------------------------------------------
Iteration 30 / LogL: -2531.894 / Time: 0h:0m:0s (0h:0m:1s left)
Estimate model parameters (epsilon = 0.100)
BETTER TREE FOUND at iteration 32: -2529.982
Iteration 40 / LogL: -2535.542 / Time: 0h:0m:0s (0h:0m:2s left)
Iteration 50 / LogL: -2534.220 / Time: 0h:0m:1s (0h:0m:1s left)
Iteration 60 / LogL: -2531.045 / Time: 0h:0m:1s (0h:0m:1s left)
Estimate model parameters (epsilon = 0.100)
BETTER TREE FOUND at iteration 70: -2528.778
Iteration 70 / LogL: -2528.778 / Time: 0h:0m:1s (0h:0m:2s left)
Iteration 80 / LogL: -2530.565 / Time: 0h:0m:1s (0h:0m:1s left)
Iteration 90 / LogL: -2534.343 / Time: 0h:0m:1s (0h:0m:1s left)
Iteration 100 / LogL: -2530.524 / Time: 0h:0m:2s (0h:0m:1s left)
BETTER TREE FOUND at iteration 109: -2528.777
Iteration 110 / LogL: -2534.830 / Time: 0h:0m:2s (0h:0m:2s left)
Iteration 120 / LogL: -2528.779 / Time: 0h:0m:2s (0h:0m:1s left)
Iteration 130 / LogL: -2528.779 / Time: 0h:0m:2s (0h:0m:1s left)
Iteration 140 / LogL: -2528.782 / Time: 0h:0m:2s (0h:0m:1s left)
Iteration 150 / LogL: -2531.048 / Time: 0h:0m:3s (0h:0m:1s left)
BETTER TREE FOUND at iteration 155: -2528.777
Iteration 160 / LogL: -2546.654 / Time: 0h:0m:3s (0h:0m:1s left)
Iteration 170 / LogL: -2532.712 / Time: 0h:0m:3s (0h:0m:1s left)
Iteration 180 / LogL: -2533.001 / Time: 0h:0m:3s (0h:0m:1s left)
BETTER TREE FOUND at iteration 187: -2528.777
Iteration 190 / LogL: -2528.779 / Time: 0h:0m:3s (0h:0m:1s left)
Iteration 200 / LogL: -2529.194 / Time: 0h:0m:3s (0h:0m:1s left)
Iteration 210 / LogL: -2529.652 / Time: 0h:0m:4s (0h:0m:1s left)
Iteration 220 / LogL: -2528.778 / Time: 0h:0m:4s (0h:0m:1s left)
Iteration 230 / LogL: -2528.779 / Time: 0h:0m:4s (0h:0m:1s left)
Iteration 240 / LogL: -2530.066 / Time: 0h:0m:4s (0h:0m:0s left)
Iteration 250 / LogL: -2529.193 / Time: 0h:0m:4s (0h:0m:0s left)
BETTER TREE FOUND at iteration 258: -2528.777
Iteration 260 / LogL: -2528.777 / Time: 0h:0m:5s (0h:0m:1s left)
Iteration 270 / LogL: -2528.955 / Time: 0h:0m:5s (0h:0m:1s left)
Iteration 280 / LogL: -2534.139 / Time: 0h:0m:5s (0h:0m:1s left)
Iteration 290 / LogL: -2528.955 / Time: 0h:0m:5s (0h:0m:1s left)
Iteration 300 / LogL: -2528.778 / Time: 0h:0m:5s (0h:0m:1s left)
Iteration 310 / LogL: -2532.602 / Time: 0h:0m:6s (0h:0m:0s left)
Iteration 320 / LogL: -2533.579 / Time: 0h:0m:6s (0h:0m:0s left)
Iteration 330 / LogL: -2531.343 / Time: 0h:0m:6s (0h:0m:0s left)
Iteration 340 / LogL: -2530.980 / Time: 0h:0m:6s (0h:0m:0s left)
Iteration 350 / LogL: -2528.781 / Time: 0h:0m:7s (0h:0m:0s left)
TREE SEARCH COMPLETED AFTER 359 ITERATIONS / Time: 0h:0m:7s

--------------------------------------------------------------------
|                    FINALIZING TREE SEARCH                        |
--------------------------------------------------------------------
Performs final model parameters optimization
Estimate model parameters (epsilon = 0.010)
1. Initial log-likelihood: -2528.777
Optimal log-likelihood: -2528.777
Rate parameters:  A-C: 2.48584  A-G: 1.62446  A-T: 0.80275  C-G: 3.20212  C-T: 17.09022  G-T: 1.00000
Base frequencies:  A: 0.351  C: 0.197  G: 0.219  T: 0.233
Gamma shape alpha: 0.020
Parameters optimization took 1 rounds (0.005 sec)
BEST SCORE FOUND : -2528.777
Total tree length: 0.276

Total number of iterations: 359
CPU time used for tree search: 7.317 sec (0h:0m:7s)
Wall-clock time used for tree search: 7.146 sec (0h:0m:7s)
Total CPU time used: 7.397 sec (0h:0m:7s)
Total wall-clock time used: 7.222 sec (0h:0m:7s)

Analysis results written to: 
  IQ-TREE report:                /workspace/IQTree_JarvD5a_Results/exon_2792.iqtree
  Maximum-likelihood tree:       /workspace/IQTree_JarvD5a_Results/exon_2792.treefile
  Likelihood distances:          /workspace/IQTree_JarvD5a_Results/exon_2792.mldist
  Screen log file:               /workspace/IQTree_JarvD5a_Results/exon_2792.log

Date and Time: Wed May 27 23:23:48 2026
