IQ-TREE version 3.1.2 for Linux x86 64-bit built May  7 2026
Developed by Bui Quang Minh, Thomas Wong, Nhan Ly-Trong, Huaiyan Ren
Contributed by Lam-Tung Nguyen, Dominik Schrempf, Chris Bielow,
Olga Chernomor, Michael Woodhams, Diep Thi Hoang, Heiko Schmidt

Host:    8084c4e79f09 (AVX512, FMA3, 1133 GB RAM)
Command: /workspace/iqtree-3.1.2-Linux/bin/iqtree3_intel -s /workspace/NeuralNJ/empirical/JarvD5a/exon_6861.fasta -st DNA -m GTR+G -seed 2201 -pre /workspace/IQTree_JarvD5a_Results/exon_6861 -quiet
Seed:    2201 (Using SPRNG - Scalable Parallel Random Number Generator)
Time:    Thu May 28 05:09:21 2026
Kernel:  AVX+FMA - 1 threads (384 CPU cores detected)

HINT: Use -nt option to specify number of threads because your CPU has 384 cores!
HINT: -nt AUTO will automatically determine the best number of threads to use.

Reading alignment file /workspace/NeuralNJ/empirical/JarvD5a/exon_6861.fasta ... Fasta format detected
Reading fasta file: done in 0.000170946 secs using 17.55% CPU
Alignment most likely contains DNA/RNA sequences
Constructing alignment: done in 0.000380993 secs using 17.85% CPU
Alignment has 43 sequences with 344 columns, 25 distinct patterns
0 parsimony-informative, 4 singleton sites, 340 constant sites
       Gap/Ambiguity  Composition  p-value
Analyzing sequences: done in 5.00679e-06 secs using 19.97% CPU
   1  ACACH   26.16%    passed     99.47%
   2  ANAPL   25.00%    passed     99.19%
   3  APAVI   26.16%    passed     99.47%
   4  APTFO    9.30%    passed     79.14%
   5  BALRE   25.00%    passed     99.19%
   6  BUCRH   25.00%    passed     99.19%
   7  CALAN   25.00%    passed     99.19%
   8  CARCR   25.00%    passed     99.19%
   9  CHAPE   12.21%    passed     78.61%
  10  CHAVO   25.00%    passed     99.19%
  11  CHLUN   25.00%    passed     99.19%
  12  COLLI   25.00%    passed     99.19%
  13  COLST   25.00%    passed     99.19%
  14  CORBR   25.00%    passed     98.15%
  15  CUCCA   29.07%    passed     91.23%
  16  EURHE   25.00%    passed     99.19%
  17  FALPE   25.00%    passed     99.19%
  18  FULGL   25.00%    passed     99.19%
  19  GALGA    0.00%    passed     47.92%
  20  GAVST   25.00%    passed     99.19%
  21  GEOFO    9.30%    passed     79.14%
  22  HALAL   25.00%    passed     99.19%
  23  HALLE   25.00%    passed     99.19%
  24  LEPDI   25.00%    passed     99.19%
  25  MANVI   25.00%    passed     99.19%
  26  MELGA   25.00%    passed     99.19%
  27  MELUN   25.00%    passed     99.19%
  28  MERNU    9.30%    passed     79.14%
  29  MESUN   25.00%    passed     97.96%
  30  NESNO    9.30%    passed     79.14%
  31  NIPNI   25.00%    passed     99.19%
  32  OPHHO   25.00%    passed     99.19%
  33  PELCR   25.00%    passed     99.19%
  34  PHACA   25.00%    passed     99.19%
  35  PHORU   25.00%    passed     99.19%
  36  PICPU    9.30%    passed     79.14%
  37  PODCR   25.00%    passed     99.19%
  38  PTEGU   25.00%    passed     99.19%
  39  PYGAD   25.00%    passed     99.19%
  40  TAEGU    9.30%    passed     79.14%
  41  TAUER   25.00%    passed     99.19%
  42  TINMA    9.30%    passed     79.14%
  43  TYTAL   25.00%    passed     99.19%
****  TOTAL   21.71%  0 sequences failed composition chi2 test (p-value<5%; df=3)
NOTE: APAVI is identical to ACACH but kept for subsequent analysis
NOTE: BALRE is identical to ANAPL but kept for subsequent analysis
NOTE: GEOFO is identical to APTFO but kept for subsequent analysis
Checking for duplicate sequences: done in 7.48634e-05 secs using 54.77% CPU
Identifying sites to remove: done in 4.31538e-05 secs using 99.64% CPU
NOTE: 32 identical sequences (see below) will be ignored for subsequent analysis
NOTE: BUCRH (identical to ANAPL) is ignored but added at the end
NOTE: CALAN (identical to ANAPL) is ignored but added at the end
NOTE: CARCR (identical to ANAPL) is ignored but added at the end
NOTE: CHAVO (identical to ANAPL) is ignored but added at the end
NOTE: CHLUN (identical to ANAPL) is ignored but added at the end
NOTE: COLLI (identical to ANAPL) is ignored but added at the end
NOTE: COLST (identical to ANAPL) is ignored but added at the end
NOTE: EURHE (identical to ANAPL) is ignored but added at the end
NOTE: FALPE (identical to ANAPL) is ignored but added at the end
NOTE: FULGL (identical to ANAPL) is ignored but added at the end
NOTE: GAVST (identical to ANAPL) is ignored but added at the end
NOTE: HALAL (identical to ANAPL) is ignored but added at the end
NOTE: HALLE (identical to ANAPL) is ignored but added at the end
NOTE: LEPDI (identical to ANAPL) is ignored but added at the end
NOTE: MANVI (identical to ANAPL) is ignored but added at the end
NOTE: MELGA (identical to ANAPL) is ignored but added at the end
NOTE: MELUN (identical to ANAPL) is ignored but added at the end
NOTE: NIPNI (identical to ANAPL) is ignored but added at the end
NOTE: OPHHO (identical to ANAPL) is ignored but added at the end
NOTE: PELCR (identical to ANAPL) is ignored but added at the end
NOTE: PHACA (identical to ANAPL) is ignored but added at the end
NOTE: PHORU (identical to ANAPL) is ignored but added at the end
NOTE: PODCR (identical to ANAPL) is ignored but added at the end
NOTE: PTEGU (identical to ANAPL) is ignored but added at the end
NOTE: PYGAD (identical to ANAPL) is ignored but added at the end
NOTE: TAUER (identical to ANAPL) is ignored but added at the end
NOTE: TYTAL (identical to ANAPL) is ignored but added at the end
NOTE: MERNU (identical to APTFO) is ignored but added at the end
NOTE: NESNO (identical to APTFO) is ignored but added at the end
NOTE: PICPU (identical to APTFO) is ignored but added at the end
NOTE: TAEGU (identical to APTFO) is ignored but added at the end
NOTE: TINMA (identical to APTFO) is ignored but added at the end
Alignment was printed to /workspace/IQTree_JarvD5a_Results/exon_6861.uniqueseq.phy

For your convenience alignment with unique sequences printed to /workspace/IQTree_JarvD5a_Results/exon_6861.uniqueseq.phy

Create initial parsimony tree by phylogenetic likelihood library (PLL)... 0.000 seconds

NOTE: 0 MB RAM (0 GB) is required!
Estimate model parameters (epsilon = 0.100)
1. Initial log-likelihood: -497.776
2. Current log-likelihood: -493.256
Optimal log-likelihood: -493.167
Rate parameters:  A-C: 0.00010  A-G: 0.00010  A-T: 3.71485  C-G: 0.00010  C-T: 5.45014  G-T: 1.00000
Warning! Some parameters hit the boundaries
Base frequencies:  A: 0.330  C: 0.209  G: 0.251  T: 0.210
Gamma shape alpha: 998.448
Parameters optimization took 2 rounds (0.002 sec)
Wrote distance file to... 
Computing ML distances based on estimated model parameters...
Calculating distance matrix: done in 0.000185966 secs using 100% CPU
Computing ML distances took 0.000200 sec (of wall-clock time) 0.000201 sec (of CPU time)
Setting up auxiliary I and S matrices: done in 7.70092e-05 secs using 99.99% CPU
Constructing RapidNJ tree: done in 6.58035e-05 secs using 190% CPU
Computing RapidNJ tree took 0.000225 sec (of wall-clock time) 0.000432 sec (of CPU time)
Log-likelihood of RapidNJ tree: -493.082
--------------------------------------------------------------------
|             INITIALIZING CANDIDATE TREE SET                      |
--------------------------------------------------------------------
Generating 98 parsimony trees... 0.007 second
Computing log-likelihood of 98 initial trees ... 0.008 seconds
Current best score: -493.042

Do NNI search on 20 best initial trees
Estimate model parameters (epsilon = 0.100)
BETTER TREE FOUND at iteration 1: -493.029
BETTER TREE FOUND at iteration 5: -493.029
Iteration 10 / LogL: -493.068 / Time: 0h:0m:0s
Iteration 20 / LogL: -493.068 / Time: 0h:0m:0s
Finish initializing candidate tree set (20)
Current best tree score: -493.029 / CPU time: 0.033
Number of iterations: 20
--------------------------------------------------------------------
|               OPTIMIZING CANDIDATE TREE SET                      |
--------------------------------------------------------------------
Iteration 30 / LogL: -493.029 / Time: 0h:0m:0s (0h:0m:0s left)
UPDATE BEST LOG-LIKELIHOOD: -493.029
Iteration 40 / LogL: -493.029 / Time: 0h:0m:0s (0h:0m:0s left)
Iteration 50 / LogL: -493.029 / Time: 0h:0m:0s (0h:0m:0s left)
Iteration 60 / LogL: -493.029 / Time: 0h:0m:0s (0h:0m:0s left)
Iteration 70 / LogL: -493.029 / Time: 0h:0m:0s (0h:0m:0s left)
Iteration 80 / LogL: -493.067 / Time: 0h:0m:0s (0h:0m:0s left)
Iteration 90 / LogL: -493.029 / Time: 0h:0m:0s (0h:0m:0s left)
BETTER TREE FOUND at iteration 96: -493.029
Iteration 100 / LogL: -493.029 / Time: 0h:0m:0s (0h:0m:0s left)
Iteration 110 / LogL: -493.029 / Time: 0h:0m:0s (0h:0m:0s left)
Iteration 120 / LogL: -493.029 / Time: 0h:0m:0s (0h:0m:0s left)
Iteration 130 / LogL: -493.029 / Time: 0h:0m:0s (0h:0m:0s left)
UPDATE BEST LOG-LIKELIHOOD: -493.029
Iteration 140 / LogL: -493.029 / Time: 0h:0m:0s (0h:0m:0s left)
Iteration 150 / LogL: -493.029 / Time: 0h:0m:0s (0h:0m:0s left)
Iteration 160 / LogL: -493.029 / Time: 0h:0m:0s (0h:0m:0s left)
Iteration 170 / LogL: -493.029 / Time: 0h:0m:0s (0h:0m:0s left)
Iteration 180 / LogL: -493.029 / Time: 0h:0m:0s (0h:0m:0s left)
UPDATE BEST LOG-LIKELIHOOD: -493.029
Iteration 190 / LogL: -493.029 / Time: 0h:0m:0s (0h:0m:0s left)
TREE SEARCH COMPLETED AFTER 197 ITERATIONS / Time: 0h:0m:0s

--------------------------------------------------------------------
|                    FINALIZING TREE SEARCH                        |
--------------------------------------------------------------------
Performs final model parameters optimization
Estimate model parameters (epsilon = 0.010)
1. Initial log-likelihood: -493.029
Optimal log-likelihood: -493.019
Rate parameters:  A-C: 0.00010  A-G: 0.00010  A-T: 3.76574  C-G: 0.00010  C-T: 5.85852  G-T: 1.00000
Warning! Some parameters hit the boundaries
Base frequencies:  A: 0.330  C: 0.209  G: 0.251  T: 0.210
Gamma shape alpha: 998.448
Parameters optimization took 1 rounds (0.001 sec)
BEST SCORE FOUND : -493.019
Total tree length: 0.015

Total number of iterations: 197
CPU time used for tree search: 0.251 sec (0h:0m:0s)
Wall-clock time used for tree search: 0.132 sec (0h:0m:0s)
Total CPU time used: 0.262 sec (0h:0m:0s)
Total wall-clock time used: 0.141 sec (0h:0m:0s)

Analysis results written to: 
  IQ-TREE report:                /workspace/IQTree_JarvD5a_Results/exon_6861.iqtree
  Maximum-likelihood tree:       /workspace/IQTree_JarvD5a_Results/exon_6861.treefile
  Likelihood distances:          /workspace/IQTree_JarvD5a_Results/exon_6861.mldist
  Screen log file:               /workspace/IQTree_JarvD5a_Results/exon_6861.log

Date and Time: Thu May 28 05:09:21 2026
