IQ-TREE version 3.1.2 for Linux x86 64-bit built May  7 2026
Developed by Bui Quang Minh, Thomas Wong, Nhan Ly-Trong, Huaiyan Ren
Contributed by Lam-Tung Nguyen, Dominik Schrempf, Chris Bielow,
Olga Chernomor, Michael Woodhams, Diep Thi Hoang, Heiko Schmidt

Host:    8084c4e79f09 (AVX512, FMA3, 1133 GB RAM)
Command: /workspace/iqtree-3.1.2-Linux/bin/iqtree3_intel -s /workspace/NeuralNJ/empirical/JarvD5a/exon_12232.fasta -st DNA -m GTR+G -seed 2201 -pre /workspace/IQTree_JarvD5a_Results/exon_12232 -quiet
Seed:    2201 (Using SPRNG - Scalable Parallel Random Number Generator)
Time:    Wed May 27 14:43:34 2026
Kernel:  AVX+FMA - 1 threads (384 CPU cores detected)

HINT: Use -nt option to specify number of threads because your CPU has 384 cores!
HINT: -nt AUTO will automatically determine the best number of threads to use.

Reading alignment file /workspace/NeuralNJ/empirical/JarvD5a/exon_12232.fasta ... Fasta format detected
Reading fasta file: done in 0.000205994 secs using 15.53% CPU
Alignment most likely contains DNA/RNA sequences
Constructing alignment: done in 0.000494003 secs using 9.312% CPU
Alignment has 48 sequences with 388 columns, 225 distinct patterns
123 parsimony-informative, 72 singleton sites, 193 constant sites
       Gap/Ambiguity  Composition  p-value
Analyzing sequences: done in 1.69277e-05 secs
   1  ACACH    0.00%    passed     99.63%
   2  ANAPL    1.03%    passed     85.32%
   3  APAVI    0.00%    passed     99.61%
   4  APTFO    0.00%    passed     99.12%
   5  BALRE    0.00%    passed     99.76%
   6  BUCRH    0.52%    passed     91.30%
   7  CALAN   12.89%    passed     75.51%
   8  CAPCA    0.00%    passed     95.97%
   9  CARCR    0.00%    passed     98.72%
  10  CATAU    0.00%    passed     98.75%
  11  CHAPE    0.00%    passed     93.87%
  12  CHAVO    0.00%    passed     97.19%
  13  CHLUN    0.00%    passed     97.30%
  14  COLLI    1.03%    passed     83.47%
  15  COLST    6.19%    passed     93.11%
  16  CORBR    1.03%    passed     99.30%
  17  CUCCA    0.00%    passed     94.19%
  18  EGRGA    0.00%    passed     98.06%
  19  EURHE    1.03%    passed     96.55%
  20  FALPE    0.00%    passed     92.77%
  21  FULGL    0.00%    passed     94.58%
  22  GALGA    1.55%    passed     87.24%
  23  GAVST    0.00%    passed     98.49%
  24  GEOFO    1.03%    passed     97.60%
  25  HALAL    0.00%    passed     99.61%
  26  HALLE    0.00%    passed     99.61%
  27  LEPDI    5.15%    passed     95.10%
  28  MANVI    0.52%    passed     95.87%
  29  MELGA    1.55%    passed     87.67%
  30  MELUN    0.52%    passed     99.28%
  31  MERNU    0.00%    passed     93.95%
  32  MESUN    1.03%    passed     84.44%
  33  NESNO    1.03%    passed     99.48%
  34  NIPNI    0.00%    passed     99.01%
  35  OPHHO    0.00%    passed     99.99%
  36  PELCR    1.03%    passed     98.11%
  37  PHACA    0.00%    passed     89.34%
  38  PHALE    0.00%    passed     99.75%
  39  PHORU   31.96%    passed     69.42%
  40  PICPU    1.03%    passed     99.83%
  41  PODCR   32.47%    passed     53.68%
  42  PTEGU    0.00%    passed     99.13%
  43  PYGAD    0.00%    passed     98.39%
  44  STRCA    0.00%    passed     99.72%
  45  TAEGU    1.03%    passed     98.91%
  46  TAUER    0.00%    passed     99.37%
  47  TINMA   12.89%    passed     81.62%
  48  TYTAL    2.06%    passed     99.12%
****  TOTAL    2.47%  0 sequences failed composition chi2 test (p-value<5%; df=3)
NOTE: HALLE is identical to HALAL but kept for subsequent analysis
Checking for duplicate sequences: done in 0.000113964 secs

Create initial parsimony tree by phylogenetic likelihood library (PLL)... 0.001 seconds

NOTE: 1 MB RAM (0 GB) is required!
Estimate model parameters (epsilon = 0.100)
1. Initial log-likelihood: -3225.280
2. Current log-likelihood: -3077.041
3. Current log-likelihood: -3076.230
Optimal log-likelihood: -3076.223
Rate parameters:  A-C: 0.69238  A-G: 3.19538  A-T: 0.39496  C-G: 1.07781  C-T: 3.80048  G-T: 1.00000
Base frequencies:  A: 0.358  C: 0.210  G: 0.252  T: 0.179
Gamma shape alpha: 0.544
Parameters optimization took 3 rounds (0.044 sec)
Wrote distance file to... 
Computing ML distances based on estimated model parameters...
Calculating distance matrix: done in 0.00391316 secs using 99.97% CPU
Computing ML distances took 0.003973 sec (of wall-clock time) 0.003973 sec (of CPU time)
Setting up auxiliary I and S matrices: done in 0.000261068 secs using 99.97% CPU
Constructing RapidNJ tree: done in 0.000506878 secs using 201.4% CPU
Computing RapidNJ tree took 0.000867 sec (of wall-clock time) 0.001675 sec (of CPU time)
Log-likelihood of RapidNJ tree: -3075.279
--------------------------------------------------------------------
|             INITIALIZING CANDIDATE TREE SET                      |
--------------------------------------------------------------------
Generating 98 parsimony trees... 0.182 second
Computing log-likelihood of 98 initial trees ... 0.159 seconds
Current best score: -3044.459

Do NNI search on 20 best initial trees
Estimate model parameters (epsilon = 0.100)
BETTER TREE FOUND at iteration 1: -3042.610
Iteration 10 / LogL: -3052.075 / Time: 0h:0m:0s
Iteration 20 / LogL: -3051.636 / Time: 0h:0m:0s
Finish initializing candidate tree set (20)
Current best tree score: -3042.610 / CPU time: 0.897
Number of iterations: 20
--------------------------------------------------------------------
|               OPTIMIZING CANDIDATE TREE SET                      |
--------------------------------------------------------------------
Estimate model parameters (epsilon = 0.100)
BETTER TREE FOUND at iteration 28: -3040.900
Iteration 30 / LogL: -3041.576 / Time: 0h:0m:1s (0h:0m:4s left)
Estimate model parameters (epsilon = 0.100)
BETTER TREE FOUND at iteration 33: -3039.615
Estimate model parameters (epsilon = 0.100)
BETTER TREE FOUND at iteration 34: -3039.542
BETTER TREE FOUND at iteration 36: -3039.541
Iteration 40 / LogL: -3040.799 / Time: 0h:0m:1s (0h:0m:4s left)
Estimate model parameters (epsilon = 0.100)
BETTER TREE FOUND at iteration 43: -3035.442
BETTER TREE FOUND at iteration 44: -3035.441
Iteration 50 / LogL: -3036.673 / Time: 0h:0m:2s (0h:0m:3s left)
Iteration 60 / LogL: -3035.441 / Time: 0h:0m:2s (0h:0m:3s left)
Iteration 70 / LogL: -3035.442 / Time: 0h:0m:2s (0h:0m:2s left)
Iteration 80 / LogL: -3038.350 / Time: 0h:0m:3s (0h:0m:2s left)
Iteration 90 / LogL: -3039.763 / Time: 0h:0m:3s (0h:0m:2s left)
Iteration 100 / LogL: -3036.398 / Time: 0h:0m:3s (0h:0m:1s left)
UPDATE BEST LOG-LIKELIHOOD: -3035.441
Iteration 110 / LogL: -3040.945 / Time: 0h:0m:4s (0h:0m:1s left)
Iteration 120 / LogL: -3043.054 / Time: 0h:0m:4s (0h:0m:0s left)
Iteration 130 / LogL: -3042.047 / Time: 0h:0m:4s (0h:0m:0s left)
Iteration 140 / LogL: -3038.351 / Time: 0h:0m:5s (0h:0m:0s left)
TREE SEARCH COMPLETED AFTER 145 ITERATIONS / Time: 0h:0m:5s

--------------------------------------------------------------------
|                    FINALIZING TREE SEARCH                        |
--------------------------------------------------------------------
Performs final model parameters optimization
Estimate model parameters (epsilon = 0.010)
1. Initial log-likelihood: -3035.441
Optimal log-likelihood: -3035.441
Rate parameters:  A-C: 0.70355  A-G: 3.31718  A-T: 0.41780  C-G: 1.03525  C-T: 3.79583  G-T: 1.00000
Base frequencies:  A: 0.358  C: 0.210  G: 0.252  T: 0.179
Gamma shape alpha: 0.545
Parameters optimization took 1 rounds (0.007 sec)
BEST SCORE FOUND : -3035.441
Total tree length: 1.377

Total number of iterations: 145
CPU time used for tree search: 4.906 sec (0h:0m:4s)
Wall-clock time used for tree search: 5.208 sec (0h:0m:5s)
Total CPU time used: 4.983 sec (0h:0m:4s)
Total wall-clock time used: 5.278 sec (0h:0m:5s)

Analysis results written to: 
  IQ-TREE report:                /workspace/IQTree_JarvD5a_Results/exon_12232.iqtree
  Maximum-likelihood tree:       /workspace/IQTree_JarvD5a_Results/exon_12232.treefile
  Likelihood distances:          /workspace/IQTree_JarvD5a_Results/exon_12232.mldist
  Screen log file:               /workspace/IQTree_JarvD5a_Results/exon_12232.log

Date and Time: Wed May 27 14:43:39 2026
