IQ-TREE version 3.1.2 for Linux x86 64-bit built May  7 2026
Developed by Bui Quang Minh, Thomas Wong, Nhan Ly-Trong, Huaiyan Ren
Contributed by Lam-Tung Nguyen, Dominik Schrempf, Chris Bielow,
Olga Chernomor, Michael Woodhams, Diep Thi Hoang, Heiko Schmidt

Host:    8084c4e79f09 (AVX512, FMA3, 1133 GB RAM)
Command: /workspace/iqtree-3.1.2-Linux/bin/iqtree3_intel -s /workspace/NeuralNJ/empirical/JarvD5a/exon_3818.fasta -st DNA -m GTR+G -seed 2201 -pre /workspace/IQTree_JarvD5a_Results/exon_3818 -quiet
Seed:    2201 (Using SPRNG - Scalable Parallel Random Number Generator)
Time:    Thu May 28 01:20:29 2026
Kernel:  AVX+FMA - 1 threads (384 CPU cores detected)

HINT: Use -nt option to specify number of threads because your CPU has 384 cores!
HINT: -nt AUTO will automatically determine the best number of threads to use.

Reading alignment file /workspace/NeuralNJ/empirical/JarvD5a/exon_3818.fasta ... Fasta format detected
Reading fasta file: done in 0.000536919 secs using 96.48% CPU
Alignment most likely contains DNA/RNA sequences
Constructing alignment: done in 0.00144887 secs using 78.27% CPU
Alignment has 45 sequences with 1262 columns, 284 distinct patterns
143 parsimony-informative, 134 singleton sites, 985 constant sites
       Gap/Ambiguity  Composition  p-value
Analyzing sequences: done in 2.09808e-05 secs using 28.6% CPU
   1  ACACH    2.85%    passed     91.31%
   2  ANAPL    0.48%    passed     96.97%
   3  APAVI    0.79%    passed     96.72%
   4  APTFO    0.79%    passed     99.19%
   5  BALRE    0.79%    passed     99.18%
   6  BUCRH    0.79%    passed     97.82%
   7  CALAN    2.38%    passed     99.10%
   8  CARCR    0.79%    passed     99.70%
   9  CHAPE    0.79%    passed     99.82%
  10  CHAVO    0.79%    passed     98.75%
  11  CHLUN    4.04%    passed     98.60%
  12  COLLI    0.79%    passed     94.28%
  13  COLST    3.33%    passed     99.87%
  14  CORBR    4.44%    passed     99.12%
  15  CUCCA    0.79%    passed     99.26%
  16  EGRGA    0.79%    passed     99.60%
  17  EURHE   23.45%    passed     80.07%
  18  FALPE    1.27%    passed     98.44%
  19  FULGL    0.79%    passed     99.19%
  20  GALGA    0.48%    passed     93.31%
  21  GAVST    0.79%    passed     97.99%
  22  GEOFO    3.96%    passed     80.12%
  23  HALAL    0.79%    passed     98.50%
  24  HALLE    0.79%    passed     98.50%
  25  MANVI    3.80%    passed     96.98%
  26  MELGA    0.48%    passed     94.67%
  27  MELUN    1.27%    passed     97.65%
  28  MERNU    0.79%    passed     99.13%
  29  MESUN    0.79%    passed     99.95%
  30  NESNO    1.27%    passed     97.90%
  31  NIPNI    0.79%    passed     99.79%
  32  OPHHO    0.79%    passed     96.68%
  33  PELCR    3.33%    passed     99.87%
  34  PHACA    3.33%    passed     99.99%
  35  PHALE    0.79%    passed     99.79%
  36  PHORU    0.79%    passed     99.19%
  37  PICPU    0.79%    passed     87.92%
  38  PODCR    0.79%    passed     99.40%
  39  PTEGU    0.79%    passed     99.98%
  40  PYGAD    0.79%    passed     99.19%
  41  STRCA    0.95%    passed     98.83%
  42  TAEGU   16.16%    passed     59.80%
  43  TAUER   50.24%    passed     75.07%
  44  TINMA    1.90%    passed     72.47%
  45  TYTAL    3.33%    passed     99.90%
WARNING: 1 sequences contain more than 50% gaps/ambiguity
****  TOTAL    3.37%  0 sequences failed composition chi2 test (p-value<5%; df=3)
NOTE: FULGL is identical to APTFO but kept for subsequent analysis
NOTE: HALLE is identical to HALAL but kept for subsequent analysis
Checking for duplicate sequences: done in 0.000120163 secs using 17.48% CPU
Identifying sites to remove: done in 0.00029707 secs
NOTE: 1 identical sequences (see below) will be ignored for subsequent analysis
NOTE: PYGAD (identical to APTFO) is ignored but added at the end
Alignment was printed to /workspace/IQTree_JarvD5a_Results/exon_3818.uniqueseq.phy

For your convenience alignment with unique sequences printed to /workspace/IQTree_JarvD5a_Results/exon_3818.uniqueseq.phy

Create initial parsimony tree by phylogenetic likelihood library (PLL)... 0.001 seconds

NOTE: 1 MB RAM (0 GB) is required!
Estimate model parameters (epsilon = 0.100)
1. Initial log-likelihood: -5073.188
2. Current log-likelihood: -4914.302
3. Current log-likelihood: -4909.179
4. Current log-likelihood: -4909.048
Optimal log-likelihood: -4909.042
Rate parameters:  A-C: 1.13715  A-G: 1.56786  A-T: 0.51802  C-G: 1.25926  C-T: 3.12482  G-T: 1.00000
Base frequencies:  A: 0.360  C: 0.190  G: 0.233  T: 0.217
Gamma shape alpha: 0.178
Parameters optimization took 4 rounds (0.057 sec)
Wrote distance file to... 
Computing ML distances based on estimated model parameters...
Calculating distance matrix: done in 0.00464606 secs using 96.28% CPU
Computing ML distances took 0.004700 sec (of wall-clock time) 0.004518 sec (of CPU time)
Setting up auxiliary I and S matrices: done in 0.000239849 secs using 100.1% CPU
Constructing RapidNJ tree: done in 0.0004282 secs
Computing RapidNJ tree took 0.000765 sec (of wall-clock time) 0.000247 sec (of CPU time)
Log-likelihood of RapidNJ tree: -4922.945
--------------------------------------------------------------------
|             INITIALIZING CANDIDATE TREE SET                      |
--------------------------------------------------------------------
Generating 98 parsimony trees... 0.129 second
Computing log-likelihood of 98 initial trees ... 0.152 seconds
Current best score: -4882.713

Do NNI search on 20 best initial trees
Estimate model parameters (epsilon = 0.100)
BETTER TREE FOUND at iteration 1: -4877.226
Iteration 10 / LogL: -4887.049 / Time: 0h:0m:0s
Iteration 20 / LogL: -4890.894 / Time: 0h:0m:0s
Finish initializing candidate tree set (20)
Current best tree score: -4877.226 / CPU time: 0.800
Number of iterations: 20
--------------------------------------------------------------------
|               OPTIMIZING CANDIDATE TREE SET                      |
--------------------------------------------------------------------
Estimate model parameters (epsilon = 0.100)
BETTER TREE FOUND at iteration 25: -4876.723
Iteration 30 / LogL: -4877.403 / Time: 0h:0m:1s (0h:0m:3s left)
Iteration 40 / LogL: -4876.727 / Time: 0h:0m:1s (0h:0m:3s left)
Iteration 50 / LogL: -4878.927 / Time: 0h:0m:1s (0h:0m:2s left)
Iteration 60 / LogL: -4881.184 / Time: 0h:0m:2s (0h:0m:2s left)
Iteration 70 / LogL: -4876.724 / Time: 0h:0m:2s (0h:0m:1s left)
Iteration 80 / LogL: -4876.728 / Time: 0h:0m:2s (0h:0m:1s left)
Iteration 90 / LogL: -4881.181 / Time: 0h:0m:3s (0h:0m:1s left)
BETTER TREE FOUND at iteration 91: -4876.723
Iteration 100 / LogL: -4876.723 / Time: 0h:0m:3s (0h:0m:3s left)
Iteration 110 / LogL: -4884.146 / Time: 0h:0m:3s (0h:0m:2s left)
Iteration 120 / LogL: -4876.726 / Time: 0h:0m:4s (0h:0m:2s left)
BETTER TREE FOUND at iteration 125: -4876.722
Iteration 130 / LogL: -4876.723 / Time: 0h:0m:4s (0h:0m:3s left)
Iteration 140 / LogL: -4878.065 / Time: 0h:0m:4s (0h:0m:2s left)
Iteration 150 / LogL: -4876.724 / Time: 0h:0m:4s (0h:0m:2s left)
Iteration 160 / LogL: -4876.725 / Time: 0h:0m:5s (0h:0m:2s left)
Iteration 170 / LogL: -4876.725 / Time: 0h:0m:5s (0h:0m:1s left)
Iteration 180 / LogL: -4885.080 / Time: 0h:0m:5s (0h:0m:1s left)
Iteration 190 / LogL: -4876.723 / Time: 0h:0m:6s (0h:0m:1s left)
Iteration 200 / LogL: -4876.723 / Time: 0h:0m:6s (0h:0m:0s left)
Iteration 210 / LogL: -4876.725 / Time: 0h:0m:6s (0h:0m:0s left)
Iteration 220 / LogL: -4888.385 / Time: 0h:0m:7s (0h:0m:0s left)
TREE SEARCH COMPLETED AFTER 226 ITERATIONS / Time: 0h:0m:7s

--------------------------------------------------------------------
|                    FINALIZING TREE SEARCH                        |
--------------------------------------------------------------------
Performs final model parameters optimization
Estimate model parameters (epsilon = 0.010)
1. Initial log-likelihood: -4876.722
Optimal log-likelihood: -4876.722
Rate parameters:  A-C: 1.19098  A-G: 1.69570  A-T: 0.48252  C-G: 1.33757  C-T: 3.08106  G-T: 1.00000
Base frequencies:  A: 0.360  C: 0.190  G: 0.233  T: 0.217
Gamma shape alpha: 0.179
Parameters optimization took 1 rounds (0.007 sec)
BEST SCORE FOUND : -4876.722
Total tree length: 0.589

Total number of iterations: 226
CPU time used for tree search: 7.509 sec (0h:0m:7s)
Wall-clock time used for tree search: 7.338 sec (0h:0m:7s)
Total CPU time used: 7.601 sec (0h:0m:7s)
Total wall-clock time used: 7.424 sec (0h:0m:7s)

Analysis results written to: 
  IQ-TREE report:                /workspace/IQTree_JarvD5a_Results/exon_3818.iqtree
  Maximum-likelihood tree:       /workspace/IQTree_JarvD5a_Results/exon_3818.treefile
  Likelihood distances:          /workspace/IQTree_JarvD5a_Results/exon_3818.mldist
  Screen log file:               /workspace/IQTree_JarvD5a_Results/exon_3818.log

Date and Time: Thu May 28 01:20:37 2026
