IQ-TREE version 3.1.2 for Linux x86 64-bit built May  7 2026
Developed by Bui Quang Minh, Thomas Wong, Nhan Ly-Trong, Huaiyan Ren
Contributed by Lam-Tung Nguyen, Dominik Schrempf, Chris Bielow,
Olga Chernomor, Michael Woodhams, Diep Thi Hoang, Heiko Schmidt

Host:    8084c4e79f09 (AVX512, FMA3, 1133 GB RAM)
Command: /workspace/iqtree-3.1.2-Linux/bin/iqtree3_intel -s /workspace/NeuralNJ/empirical/JarvD5a/exon_7604.fasta -st DNA -m GTR+G -seed 2201 -pre /workspace/IQTree_JarvD5a_Results/exon_7604 -quiet
Seed:    2201 (Using SPRNG - Scalable Parallel Random Number Generator)
Time:    Thu May 28 06:18:23 2026
Kernel:  AVX+FMA - 1 threads (384 CPU cores detected)

HINT: Use -nt option to specify number of threads because your CPU has 384 cores!
HINT: -nt AUTO will automatically determine the best number of threads to use.

Reading alignment file /workspace/NeuralNJ/empirical/JarvD5a/exon_7604.fasta ... Fasta format detected
Reading fasta file: done in 0.000500917 secs using 21.36% CPU
Alignment most likely contains DNA/RNA sequences
Constructing alignment: done in 0.00135517 secs using 67.96% CPU
Alignment has 48 sequences with 1126 columns, 427 distinct patterns
236 parsimony-informative, 196 singleton sites, 694 constant sites
       Gap/Ambiguity  Composition  p-value
Analyzing sequences: done in 3.09944e-05 secs
   1  ACACH   20.25%    passed     89.18%
   2  ANAPL    0.71%    passed     99.55%
   3  APAVI    0.71%    passed     98.60%
   4  APTFO    0.71%    passed     97.61%
   5  BALRE    0.71%    passed     91.72%
   6  BUCRH   20.25%    passed     93.29%
   7  CALAN    0.71%    passed     88.20%
   8  CAPCA    0.89%    passed     99.34%
   9  CARCR    0.71%    passed     84.31%
  10  CATAU    0.71%    passed    100.00%
  11  CHAPE    0.71%    passed     99.92%
  12  CHAVO    0.89%    passed     99.62%
  13  CHLUN    1.24%    passed     99.66%
  14  COLLI    1.07%    passed     98.57%
  15  COLST    0.71%    passed     99.75%
  16  CORBR    0.71%    passed     91.21%
  17  CUCCA    0.71%    passed     94.30%
  18  EGRGA    1.07%    passed     99.11%
  19  EURHE    0.71%    passed     99.16%
  20  FALPE    0.71%    passed     99.41%
  21  FULGL    0.71%    passed     99.21%
  22  GALGA    0.71%    passed     98.66%
  23  GAVST    0.71%    passed     97.66%
  24  GEOFO    1.24%    passed     80.45%
  25  HALAL    0.71%    passed     98.46%
  26  HALLE    0.71%    passed     98.46%
  27  LEPDI    0.71%    passed     96.26%
  28  MANVI    0.71%    passed     95.89%
  29  MELGA    0.71%    passed    100.00%
  30  MELUN    0.89%    passed     99.33%
  31  MERNU    1.07%    passed     49.40%
  32  MESUN    0.71%    passed     98.98%
  33  NESNO    0.71%    passed     96.11%
  34  NIPNI    0.71%    passed     97.52%
  35  OPHHO    0.71%    passed     94.58%
  36  PELCR    0.89%    passed     92.30%
  37  PHACA   12.08%    passed     95.60%
  38  PHALE    0.89%    passed     98.08%
  39  PHORU    0.71%    passed     99.76%
  40  PICPU    1.07%    passed     97.98%
  41  PODCR    0.71%    passed     97.65%
  42  PTEGU    1.07%    passed     98.25%
  43  PYGAD    0.71%    passed     95.42%
  44  STRCA    0.71%    passed     96.23%
  45  TAEGU    0.53%    passed     82.67%
  46  TAUER    0.71%    passed     91.85%
  47  TINMA    1.42%    passed     72.12%
  48  TYTAL    0.71%    passed     96.50%
****  TOTAL    1.85%  0 sequences failed composition chi2 test (p-value<5%; df=3)
NOTE: HALLE is identical to HALAL but kept for subsequent analysis
Checking for duplicate sequences: done in 0.000136137 secs

Create initial parsimony tree by phylogenetic likelihood library (PLL)... 0.002 seconds

NOTE: 2 MB RAM (0 GB) is required!
Estimate model parameters (epsilon = 0.100)
1. Initial log-likelihood: -7688.743
2. Current log-likelihood: -7290.158
3. Current log-likelihood: -7287.964
4. Current log-likelihood: -7287.677
Optimal log-likelihood: -7287.676
Rate parameters:  A-C: 1.30203  A-G: 5.32514  A-T: 0.64178  C-G: 1.61447  C-T: 5.53195  G-T: 1.00000
Base frequencies:  A: 0.323  C: 0.226  G: 0.202  T: 0.249
Gamma shape alpha: 0.352
Parameters optimization took 4 rounds (0.157 sec)
Wrote distance file to... 
Computing ML distances based on estimated model parameters...
Calculating distance matrix: done in 0.00564218 secs using 99.75% CPU
Computing ML distances took 0.005734 sec (of wall-clock time) 0.005721 sec (of CPU time)
Setting up auxiliary I and S matrices: done in 0.000255823 secs using 256% CPU
Constructing RapidNJ tree: done in 0.000509024 secs using 207.5% CPU
Computing RapidNJ tree took 0.000820 sec (of wall-clock time) 0.001786 sec (of CPU time)
Log-likelihood of RapidNJ tree: -7275.086
--------------------------------------------------------------------
|             INITIALIZING CANDIDATE TREE SET                      |
--------------------------------------------------------------------
Generating 98 parsimony trees... 0.223 second
Computing log-likelihood of 98 initial trees ... 0.244 seconds
Current best score: -7240.437

Do NNI search on 20 best initial trees
Estimate model parameters (epsilon = 0.100)
BETTER TREE FOUND at iteration 1: -7235.544
Estimate model parameters (epsilon = 0.100)
BETTER TREE FOUND at iteration 5: -7234.455
Iteration 10 / LogL: -7244.757 / Time: 0h:0m:1s
Iteration 20 / LogL: -7253.887 / Time: 0h:0m:1s
Finish initializing candidate tree set (20)
Current best tree score: -7234.455 / CPU time: 1.371
Number of iterations: 20
--------------------------------------------------------------------
|               OPTIMIZING CANDIDATE TREE SET                      |
--------------------------------------------------------------------
Estimate model parameters (epsilon = 0.100)
BETTER TREE FOUND at iteration 22: -7232.988
Estimate model parameters (epsilon = 0.100)
BETTER TREE FOUND at iteration 24: -7225.115
Iteration 30 / LogL: -7232.338 / Time: 0h:0m:2s (0h:0m:6s left)
Estimate model parameters (epsilon = 0.100)
BETTER TREE FOUND at iteration 39: -7222.165
Iteration 40 / LogL: -7232.937 / Time: 0h:0m:2s (0h:0m:6s left)
UPDATE BEST LOG-LIKELIHOOD: -7222.164
Iteration 50 / LogL: -7227.382 / Time: 0h:0m:3s (0h:0m:5s left)
Estimate model parameters (epsilon = 0.100)
BETTER TREE FOUND at iteration 52: -7220.774
BETTER TREE FOUND at iteration 56: -7220.774
Iteration 60 / LogL: -7236.513 / Time: 0h:0m:3s (0h:0m:6s left)
Iteration 70 / LogL: -7220.775 / Time: 0h:0m:4s (0h:0m:5s left)
Iteration 80 / LogL: -7221.265 / Time: 0h:0m:4s (0h:0m:4s left)
UPDATE BEST LOG-LIKELIHOOD: -7220.773
Iteration 90 / LogL: -7222.291 / Time: 0h:0m:5s (0h:0m:3s left)
Iteration 100 / LogL: -7221.773 / Time: 0h:0m:5s (0h:0m:3s left)
UPDATE BEST LOG-LIKELIHOOD: -7220.773
Iteration 110 / LogL: -7263.232 / Time: 0h:0m:6s (0h:0m:2s left)
UPDATE BEST LOG-LIKELIHOOD: -7220.773
Iteration 120 / LogL: -7220.774 / Time: 0h:0m:6s (0h:0m:2s left)
Iteration 130 / LogL: -7228.737 / Time: 0h:0m:7s (0h:0m:1s left)
Iteration 140 / LogL: -7246.015 / Time: 0h:0m:7s (0h:0m:0s left)
Iteration 150 / LogL: -7220.773 / Time: 0h:0m:8s (0h:0m:0s left)
TREE SEARCH COMPLETED AFTER 157 ITERATIONS / Time: 0h:0m:8s

--------------------------------------------------------------------
|                    FINALIZING TREE SEARCH                        |
--------------------------------------------------------------------
Performs final model parameters optimization
Estimate model parameters (epsilon = 0.010)
1. Initial log-likelihood: -7220.773
Optimal log-likelihood: -7220.772
Rate parameters:  A-C: 1.43747  A-G: 5.88296  A-T: 0.65950  C-G: 1.79657  C-T: 6.18360  G-T: 1.00000
Base frequencies:  A: 0.323  C: 0.226  G: 0.202  T: 0.249
Gamma shape alpha: 0.355
Parameters optimization took 1 rounds (0.010 sec)
BEST SCORE FOUND : -7220.772
Total tree length: 1.125

Total number of iterations: 157
CPU time used for tree search: 8.968 sec (0h:0m:8s)
Wall-clock time used for tree search: 8.800 sec (0h:0m:8s)
Total CPU time used: 9.178 sec (0h:0m:9s)
Total wall-clock time used: 8.997 sec (0h:0m:8s)

Analysis results written to: 
  IQ-TREE report:                /workspace/IQTree_JarvD5a_Results/exon_7604.iqtree
  Maximum-likelihood tree:       /workspace/IQTree_JarvD5a_Results/exon_7604.treefile
  Likelihood distances:          /workspace/IQTree_JarvD5a_Results/exon_7604.mldist
  Screen log file:               /workspace/IQTree_JarvD5a_Results/exon_7604.log

Date and Time: Thu May 28 06:18:32 2026
