IQ-TREE version 3.1.2 for Linux x86 64-bit built May  7 2026
Developed by Bui Quang Minh, Thomas Wong, Nhan Ly-Trong, Huaiyan Ren
Contributed by Lam-Tung Nguyen, Dominik Schrempf, Chris Bielow,
Olga Chernomor, Michael Woodhams, Diep Thi Hoang, Heiko Schmidt

Host:    8084c4e79f09 (AVX512, FMA3, 1133 GB RAM)
Command: /workspace/iqtree-3.1.2-Linux/bin/iqtree3_intel -s /workspace/NeuralNJ/empirical/JarvD5a/exon_8549.fasta -st DNA -m GTR+G -seed 2201 -pre /workspace/IQTree_JarvD5a_Results/exon_8549 -quiet
Seed:    2201 (Using SPRNG - Scalable Parallel Random Number Generator)
Time:    Thu May 28 08:25:26 2026
Kernel:  AVX+FMA - 1 threads (384 CPU cores detected)

HINT: Use -nt option to specify number of threads because your CPU has 384 cores!
HINT: -nt AUTO will automatically determine the best number of threads to use.

Reading alignment file /workspace/NeuralNJ/empirical/JarvD5a/exon_8549.fasta ... Fasta format detected
Reading fasta file: done in 0.000380993 secs using 14.17% CPU
Alignment most likely contains DNA/RNA sequences
Constructing alignment: done in 0.000997066 secs using 97.39% CPU
Alignment has 46 sequences with 840 columns, 265 distinct patterns
147 parsimony-informative, 87 singleton sites, 606 constant sites
       Gap/Ambiguity  Composition  p-value
Analyzing sequences: done in 1.90735e-05 secs using 104.9% CPU
   1  ACACH   14.05%    passed     85.51%
   2  ANAPL    0.24%    passed     99.63%
   3  APAVI    0.00%    passed     98.03%
   4  APTFO    0.24%    passed     94.95%
   5  BALRE   30.24%    passed     98.06%
   6  BUCRH    0.00%    passed     97.31%
   7  CALAN    0.00%    passed     99.72%
   8  CAPCA    0.00%    passed     99.96%
   9  CARCR    0.00%    passed     98.86%
  10  CATAU   49.05%    passed     97.63%
  11  CHAPE    0.00%    passed     95.32%
  12  CHAVO    0.24%    passed     91.97%
  13  CHLUN    0.00%    passed     94.95%
  14  COLLI   22.38%    passed     90.10%
  15  COLST    0.48%    passed     97.05%
  16  CORBR    0.00%    passed     74.83%
  17  CUCCA    0.00%    passed     89.26%
  18  EGRGA    0.00%    passed     73.02%
  19  FALPE    0.00%    passed     99.69%
  20  FULGL   30.24%    passed     98.19%
  21  GALGA    0.24%    passed     93.24%
  22  GAVST    0.00%    passed     98.54%
  23  GEOFO    0.00%    passed     77.34%
  24  HALAL    0.00%    passed     88.92%
  25  HALLE    0.00%    passed     88.92%
  26  MANVI    0.00%    passed     84.11%
  27  MELGA    9.05%    passed     98.70%
  28  MELUN    0.00%    passed     94.53%
  29  MERNU    0.00%    passed     99.08%
  30  MESUN    0.00%    passed     99.72%
  31  NESNO    0.00%    passed     98.99%
  32  NIPNI    0.00%    passed     99.46%
  33  OPHHO    0.00%    passed     99.94%
  34  PELCR    0.00%    passed     98.26%
  35  PHACA    0.00%    passed     96.41%
  36  PHALE    0.00%    passed     99.41%
  37  PHORU   40.00%    passed     99.31%
  38  PICPU    0.24%    passed     99.40%
  39  PODCR    0.00%    passed     99.90%
  40  PTEGU    0.00%    passed     73.87%
  41  PYGAD    0.24%    passed     88.10%
  42  STRCA    0.71%    passed     98.95%
  43  TAEGU    0.00%    passed     66.88%
  44  TAUER    0.00%    passed     98.61%
  45  TINMA   14.05%    passed     35.93%
  46  TYTAL    0.00%    passed     90.77%
****  TOTAL    4.60%  0 sequences failed composition chi2 test (p-value<5%; df=3)
NOTE: HALLE is identical to HALAL but kept for subsequent analysis
Checking for duplicate sequences: done in 0.000112057 secs using 99.95% CPU

Create initial parsimony tree by phylogenetic likelihood library (PLL)... 0.001 seconds

NOTE: 1 MB RAM (0 GB) is required!
Estimate model parameters (epsilon = 0.100)
1. Initial log-likelihood: -4833.512
2. Current log-likelihood: -4508.576
3. Current log-likelihood: -4454.556
4. Current log-likelihood: -4443.406
Optimal log-likelihood: -4443.312
Rate parameters:  A-C: 3.84160  A-G: 12.06926  A-T: 0.37554  C-G: 2.72884  C-T: 7.94540  G-T: 1.00000
Base frequencies:  A: 0.276  C: 0.215  G: 0.211  T: 0.298
Gamma shape alpha: 0.188
Parameters optimization took 4 rounds (0.113 sec)
Wrote distance file to... 
Computing ML distances based on estimated model parameters...
Calculating distance matrix: done in 0.00579095 secs using 98.98% CPU
Computing ML distances took 0.005842 sec (of wall-clock time) 0.005779 sec (of CPU time)
Setting up auxiliary I and S matrices: done in 0.000226974 secs using 86.79% CPU
Constructing RapidNJ tree: done in 0.000452995 secs using 219% CPU
Computing RapidNJ tree took 0.000732 sec (of wall-clock time) 0.001252 sec (of CPU time)
Log-likelihood of RapidNJ tree: -4482.413
--------------------------------------------------------------------
|             INITIALIZING CANDIDATE TREE SET                      |
--------------------------------------------------------------------
Generating 98 parsimony trees... 0.142 second
Computing log-likelihood of 98 initial trees ... 0.159 seconds
Current best score: -4429.475

Do NNI search on 20 best initial trees
Estimate model parameters (epsilon = 0.100)
BETTER TREE FOUND at iteration 1: -4425.780
Estimate model parameters (epsilon = 0.100)
BETTER TREE FOUND at iteration 3: -4418.369
Iteration 10 / LogL: -4432.194 / Time: 0h:0m:0s
Iteration 20 / LogL: -4435.817 / Time: 0h:0m:1s
Finish initializing candidate tree set (20)
Current best tree score: -4418.369 / CPU time: 0.908
Number of iterations: 20
--------------------------------------------------------------------
|               OPTIMIZING CANDIDATE TREE SET                      |
--------------------------------------------------------------------
Iteration 30 / LogL: -4418.373 / Time: 0h:0m:1s (0h:0m:3s left)
Estimate model parameters (epsilon = 0.100)
BETTER TREE FOUND at iteration 34: -4418.234
Iteration 40 / LogL: -4418.376 / Time: 0h:0m:1s (0h:0m:4s left)
Iteration 50 / LogL: -4423.734 / Time: 0h:0m:2s (0h:0m:3s left)
Iteration 60 / LogL: -4418.236 / Time: 0h:0m:2s (0h:0m:2s left)
Iteration 70 / LogL: -4419.103 / Time: 0h:0m:2s (0h:0m:2s left)
Iteration 80 / LogL: -4418.375 / Time: 0h:0m:3s (0h:0m:2s left)
UPDATE BEST LOG-LIKELIHOOD: -4418.234
Iteration 90 / LogL: -4418.237 / Time: 0h:0m:3s (0h:0m:1s left)
Iteration 100 / LogL: -4421.977 / Time: 0h:0m:3s (0h:0m:1s left)
UPDATE BEST LOG-LIKELIHOOD: -4418.234
UPDATE BEST LOG-LIKELIHOOD: -4418.233
Iteration 110 / LogL: -4423.948 / Time: 0h:0m:4s (0h:0m:0s left)
Iteration 120 / LogL: -4459.421 / Time: 0h:0m:4s (0h:0m:0s left)
Iteration 130 / LogL: -4418.235 / Time: 0h:0m:4s (0h:0m:0s left)
TREE SEARCH COMPLETED AFTER 135 ITERATIONS / Time: 0h:0m:4s

--------------------------------------------------------------------
|                    FINALIZING TREE SEARCH                        |
--------------------------------------------------------------------
Performs final model parameters optimization
Estimate model parameters (epsilon = 0.010)
1. Initial log-likelihood: -4418.233
Optimal log-likelihood: -4418.233
Rate parameters:  A-C: 3.40398  A-G: 11.38166  A-T: 0.32985  C-G: 2.30007  C-T: 6.82052  G-T: 1.00000
Base frequencies:  A: 0.276  C: 0.215  G: 0.211  T: 0.298
Gamma shape alpha: 0.191
Parameters optimization took 1 rounds (0.007 sec)
BEST SCORE FOUND : -4418.233
Total tree length: 0.996

Total number of iterations: 135
CPU time used for tree search: 4.947 sec (0h:0m:4s)
Wall-clock time used for tree search: 4.778 sec (0h:0m:4s)
Total CPU time used: 5.094 sec (0h:0m:5s)
Total wall-clock time used: 4.922 sec (0h:0m:4s)

Analysis results written to: 
  IQ-TREE report:                /workspace/IQTree_JarvD5a_Results/exon_8549.iqtree
  Maximum-likelihood tree:       /workspace/IQTree_JarvD5a_Results/exon_8549.treefile
  Likelihood distances:          /workspace/IQTree_JarvD5a_Results/exon_8549.mldist
  Screen log file:               /workspace/IQTree_JarvD5a_Results/exon_8549.log

Date and Time: Thu May 28 08:25:31 2026
