IQ-TREE version 3.1.2 for Linux x86 64-bit built May  7 2026
Developed by Bui Quang Minh, Thomas Wong, Nhan Ly-Trong, Huaiyan Ren
Contributed by Lam-Tung Nguyen, Dominik Schrempf, Chris Bielow,
Olga Chernomor, Michael Woodhams, Diep Thi Hoang, Heiko Schmidt

Host:    8084c4e79f09 (AVX512, FMA3, 1133 GB RAM)
Command: /workspace/iqtree-3.1.2-Linux/bin/iqtree3_intel -s /workspace/NeuralNJ/empirical/JarvD5a/exon_10132.fasta -st DNA -m GTR+G -seed 2201 -pre /workspace/IQTree_JarvD5a_Results/exon_10132 -quiet
Seed:    2201 (Using SPRNG - Scalable Parallel Random Number Generator)
Time:    Wed May 27 09:30:36 2026
Kernel:  AVX+FMA - 1 threads (384 CPU cores detected)

HINT: Use -nt option to specify number of threads because your CPU has 384 cores!
HINT: -nt AUTO will automatically determine the best number of threads to use.

Reading alignment file /workspace/NeuralNJ/empirical/JarvD5a/exon_10132.fasta ... Fasta format detected
Reading fasta file: done in 0.00103307 secs using 49.17% CPU
Alignment most likely contains DNA/RNA sequences
Constructing alignment: done in 0.0033679 secs using 100% CPU
Alignment has 43 sequences with 2642 columns, 1096 distinct patterns
613 parsimony-informative, 492 singleton sites, 1537 constant sites
       Gap/Ambiguity  Composition  p-value
Analyzing sequences: done in 6.79493e-05 secs using 100.1% CPU
   1  ACACH    3.48%    passed     95.96%
   2  ANAPL    3.41%    passed     99.06%
   3  APAVI    3.10%    passed     96.88%
   4  APTFO    4.31%    passed     97.14%
   5  BALRE   29.30%    passed     71.56%
   6  CALAN    9.61%    passed     99.55%
   7  CAPCA    3.79%    passed     84.10%
   8  CARCR    8.10%    passed     88.44%
   9  CHAPE    4.31%    passed     97.11%
  10  CHAVO    4.47%    passed     98.96%
  11  CHLUN    3.41%    passed     91.79%
  12  COLLI    3.63%    passed     92.10%
  13  COLST    3.79%    failed      1.14%
  14  CORBR    3.33%    passed     93.23%
  15  CUCCA    2.95%    passed     91.32%
  16  EGRGA    3.41%    passed     98.31%
  17  EURHE    8.18%    passed     81.70%
  18  FALPE    3.56%    passed     99.12%
  19  FULGL    8.18%    passed     98.94%
  20  GALGA    2.20%    passed     79.40%
  21  GEOFO    4.24%    passed     87.53%
  22  HALAL    3.63%    passed     99.25%
  23  HALLE    5.37%    passed     99.54%
  24  LEPDI    3.03%    passed     98.19%
  25  MANVI    3.10%    passed     95.25%
  26  MELGA    2.20%    passed     79.34%
  27  MELUN    3.79%    passed     95.32%
  28  MERNU    9.08%    passed     71.98%
  29  MESUN    7.49%    passed     92.12%
  30  NESNO   16.50%    passed     83.39%
  31  NIPNI    3.41%    passed     97.84%
  32  OPHHO    3.03%    passed     98.12%
  33  PELCR    8.10%    passed     90.54%
  34  PHACA    8.33%    passed     93.41%
  35  PHALE    3.48%    passed     96.39%
  36  PHORU    8.74%    passed     95.89%
  37  PICPU    4.47%    passed     79.75%
  38  PYGAD    4.31%    passed     97.13%
  39  STRCA    4.09%    passed     90.21%
  40  TAEGU    3.03%    passed     94.81%
  41  TAUER   40.12%    passed     32.55%
  42  TINMA   22.56%    passed     60.06%
  43  TYTAL    3.41%    passed     92.86%
****  TOTAL    6.79%  1 sequences failed composition chi2 test (p-value<5%; df=3)
Checking for duplicate sequences: done in 0.000150919 secs using 100.1% CPU

Create initial parsimony tree by phylogenetic likelihood library (PLL)... 0.003 seconds

NOTE: 6 MB RAM (0 GB) is required!
Estimate model parameters (epsilon = 0.100)
1. Initial log-likelihood: -18729.959
2. Current log-likelihood: -18031.146
3. Current log-likelihood: -18027.685
Optimal log-likelihood: -18027.670
Rate parameters:  A-C: 0.97691  A-G: 3.10866  A-T: 0.57950  C-G: 1.39962  C-T: 3.71773  G-T: 1.00000
Base frequencies:  A: 0.357  C: 0.209  G: 0.231  T: 0.203
Gamma shape alpha: 0.409
Parameters optimization took 3 rounds (0.163 sec)
Wrote distance file to... 
Computing ML distances based on estimated model parameters...
Calculating distance matrix: done in 0.00521708 secs using 99.98% CPU
Computing ML distances took 0.005365 sec (of wall-clock time) 0.005364 sec (of CPU time)
Setting up auxiliary I and S matrices: done in 0.000108957 secs using 269.8% CPU
Constructing RapidNJ tree: done in 0.00018096 secs
Computing RapidNJ tree took 0.000344 sec (of wall-clock time) 0.000298 sec (of CPU time)
Log-likelihood of RapidNJ tree: -18087.352
--------------------------------------------------------------------
|             INITIALIZING CANDIDATE TREE SET                      |
--------------------------------------------------------------------
Generating 98 parsimony trees... 0.349 second
Computing log-likelihood of 98 initial trees ... 0.521 seconds
Current best score: -18005.323

Do NNI search on 20 best initial trees
Estimate model parameters (epsilon = 0.100)
BETTER TREE FOUND at iteration 1: -17991.366
Estimate model parameters (epsilon = 0.100)
BETTER TREE FOUND at iteration 2: -17990.526
Estimate model parameters (epsilon = 0.100)
BETTER TREE FOUND at iteration 6: -17986.317
Iteration 10 / LogL: -18005.956 / Time: 0h:0m:1s
Iteration 20 / LogL: -18000.015 / Time: 0h:0m:2s
Finish initializing candidate tree set (20)
Current best tree score: -17986.317 / CPU time: 2.465
Number of iterations: 20
--------------------------------------------------------------------
|               OPTIMIZING CANDIDATE TREE SET                      |
--------------------------------------------------------------------
Estimate model parameters (epsilon = 0.100)
BETTER TREE FOUND at iteration 30: -17985.880
Iteration 30 / LogL: -17985.880 / Time: 0h:0m:3s (0h:0m:12s left)
Estimate model parameters (epsilon = 0.100)
BETTER TREE FOUND at iteration 32: -17981.963
Iteration 40 / LogL: -17986.253 / Time: 0h:0m:4s (0h:0m:11s left)
Estimate model parameters (epsilon = 0.100)
BETTER TREE FOUND at iteration 42: -17979.071
Iteration 50 / LogL: -17981.694 / Time: 0h:0m:5s (0h:0m:10s left)
Iteration 60 / LogL: -17984.119 / Time: 0h:0m:6s (0h:0m:9s left)
Iteration 70 / LogL: -17979.933 / Time: 0h:0m:7s (0h:0m:7s left)
Iteration 80 / LogL: -17979.077 / Time: 0h:0m:8s (0h:0m:6s left)
Iteration 90 / LogL: -17979.332 / Time: 0h:0m:9s (0h:0m:5s left)
Iteration 100 / LogL: -17981.887 / Time: 0h:0m:10s (0h:0m:4s left)
Iteration 110 / LogL: -17982.482 / Time: 0h:0m:11s (0h:0m:3s left)
Iteration 120 / LogL: -17980.118 / Time: 0h:0m:12s (0h:0m:2s left)
Iteration 130 / LogL: -17979.072 / Time: 0h:0m:13s (0h:0m:1s left)
Iteration 140 / LogL: -17980.607 / Time: 0h:0m:14s (0h:0m:0s left)
TREE SEARCH COMPLETED AFTER 143 ITERATIONS / Time: 0h:0m:14s

--------------------------------------------------------------------
|                    FINALIZING TREE SEARCH                        |
--------------------------------------------------------------------
Performs final model parameters optimization
Estimate model parameters (epsilon = 0.010)
1. Initial log-likelihood: -17979.071
Optimal log-likelihood: -17979.068
Rate parameters:  A-C: 0.98850  A-G: 3.12671  A-T: 0.58810  C-G: 1.43381  C-T: 3.76378  G-T: 1.00000
Base frequencies:  A: 0.357  C: 0.209  G: 0.231  T: 0.203
Gamma shape alpha: 0.411
Parameters optimization took 1 rounds (0.023 sec)
BEST SCORE FOUND : -17979.068
Total tree length: 1.264

Total number of iterations: 143
CPU time used for tree search: 14.382 sec (0h:0m:14s)
Wall-clock time used for tree search: 14.227 sec (0h:0m:14s)
Total CPU time used: 14.635 sec (0h:0m:14s)
Total wall-clock time used: 14.456 sec (0h:0m:14s)

Analysis results written to: 
  IQ-TREE report:                /workspace/IQTree_JarvD5a_Results/exon_10132.iqtree
  Maximum-likelihood tree:       /workspace/IQTree_JarvD5a_Results/exon_10132.treefile
  Likelihood distances:          /workspace/IQTree_JarvD5a_Results/exon_10132.mldist
  Screen log file:               /workspace/IQTree_JarvD5a_Results/exon_10132.log

Date and Time: Wed May 27 09:30:51 2026
