IQ-TREE version 3.1.2 for Linux x86 64-bit built May  7 2026
Developed by Bui Quang Minh, Thomas Wong, Nhan Ly-Trong, Huaiyan Ren
Contributed by Lam-Tung Nguyen, Dominik Schrempf, Chris Bielow,
Olga Chernomor, Michael Woodhams, Diep Thi Hoang, Heiko Schmidt

Host:    8084c4e79f09 (AVX512, FMA3, 1133 GB RAM)
Command: /workspace/iqtree-3.1.2-Linux/bin/iqtree3_intel -s /workspace/NeuralNJ/empirical/JarvD5a/exon_303.fasta -st DNA -m GTR+G -seed 2201 -pre /workspace/IQTree_JarvD5a_Results/exon_303 -quiet
Seed:    2201 (Using SPRNG - Scalable Parallel Random Number Generator)
Time:    Wed May 27 23:50:33 2026
Kernel:  AVX+FMA - 1 threads (384 CPU cores detected)

HINT: Use -nt option to specify number of threads because your CPU has 384 cores!
HINT: -nt AUTO will automatically determine the best number of threads to use.

Reading alignment file /workspace/NeuralNJ/empirical/JarvD5a/exon_303.fasta ... Fasta format detected
Reading fasta file: done in 0.000226974 secs using 11.9% CPU
Alignment most likely contains DNA/RNA sequences
Constructing alignment: done in 0.000503063 secs using 9.74% CPU
Alignment has 48 sequences with 418 columns, 112 distinct patterns
32 parsimony-informative, 63 singleton sites, 323 constant sites
       Gap/Ambiguity  Composition  p-value
Analyzing sequences: done in 1.00136e-05 secs
   1  ACACH   27.75%    passed     99.46%
   2  ANAPL   31.58%    passed     96.92%
   3  APAVI   31.58%    passed     92.94%
   4  APTFO   31.58%    passed     97.27%
   5  BALRE   30.14%    passed     98.62%
   6  BUCRH   31.58%    passed     97.11%
   7  CALAN   31.58%    passed     99.52%
   8  CAPCA   31.58%    passed     97.27%
   9  CARCR   31.58%    passed     98.60%
  10  CATAU   44.98%    passed     77.91%
  11  CHAPE   31.58%    passed     99.75%
  12  CHAVO   31.58%    passed     97.27%
  13  CHLUN   31.58%    passed     99.01%
  14  COLLI   12.92%    passed     85.13%
  15  COLST   31.58%    passed     96.25%
  16  CORBR   31.58%    passed     99.52%
  17  CUCCA   14.35%    passed     50.25%
  18  EGRGA   31.58%    passed     97.27%
  19  EURHE   31.58%    passed     98.53%
  20  FALPE   31.58%    passed     94.66%
  21  FULGL   31.58%    passed     90.47%
  22  GALGA    0.00%    failed      3.21%
  23  GAVST   31.58%    passed     95.02%
  24  GEOFO   29.19%    passed     92.37%
  25  HALAL   31.58%    passed     98.60%
  26  HALLE    0.96%    passed     13.19%
  27  LEPDI   31.58%    passed     98.87%
  28  MANVI   27.75%    passed     99.04%
  29  MELGA   31.58%    passed     99.75%
  30  MELUN    8.13%    passed     16.25%
  31  MERNU   31.58%    passed     99.57%
  32  MESUN   31.58%    passed     98.60%
  33  NESNO   31.58%    passed     94.68%
  34  NIPNI   31.58%    passed     98.53%
  35  OPHHO   31.58%    passed     97.27%
  36  PELCR   31.58%    passed     98.60%
  37  PHACA   31.58%    passed     94.66%
  38  PHALE   31.58%    passed     97.09%
  39  PHORU   31.58%    passed     98.60%
  40  PICPU   43.54%    passed     90.95%
  41  PODCR   31.58%    passed     97.27%
  42  PTEGU   31.58%    passed     99.57%
  43  PYGAD   31.58%    passed     98.60%
  44  STRCA   31.58%    passed     98.81%
  45  TAEGU   31.58%    passed     99.52%
  46  TAUER   31.58%    passed     98.60%
  47  TINMA   19.14%    passed     47.57%
  48  TYTAL   31.58%    passed     90.47%
****  TOTAL   29.08%  1 sequences failed composition chi2 test (p-value<5%; df=3)
NOTE: CHAVO is identical to APTFO but kept for subsequent analysis
NOTE: OPHHO is identical to EGRGA but kept for subsequent analysis
NOTE: PELCR is identical to HALAL but kept for subsequent analysis
Checking for duplicate sequences: done in 0.000108957 secs
Identifying sites to remove: done in 0.000105143 secs
NOTE: 2 identical sequences (see below) will be ignored for subsequent analysis
NOTE: PHORU (identical to HALAL) is ignored but added at the end
NOTE: PYGAD (identical to HALAL) is ignored but added at the end
Alignment was printed to /workspace/IQTree_JarvD5a_Results/exon_303.uniqueseq.phy

For your convenience alignment with unique sequences printed to /workspace/IQTree_JarvD5a_Results/exon_303.uniqueseq.phy

Create initial parsimony tree by phylogenetic likelihood library (PLL)... 0.001 seconds

NOTE: 0 MB RAM (0 GB) is required!
Estimate model parameters (epsilon = 0.100)
1. Initial log-likelihood: -1485.580
2. Current log-likelihood: -1399.079
3. Current log-likelihood: -1394.615
Optimal log-likelihood: -1394.587
Rate parameters:  A-C: 1.13545  A-G: 7.21159  A-T: 0.97483  C-G: 7.42202  C-T: 5.20861  G-T: 1.00000
Base frequencies:  A: 0.267  C: 0.198  G: 0.243  T: 0.292
Gamma shape alpha: 0.157
Parameters optimization took 3 rounds (0.054 sec)
Wrote distance file to... 
Computing ML distances based on estimated model parameters...
Calculating distance matrix: done in 0.00598598 secs using 99.98% CPU
Computing ML distances took 0.006021 sec (of wall-clock time) 0.006020 sec (of CPU time)
Setting up auxiliary I and S matrices: done in 0.000108004 secs using 78.7% CPU
Constructing RapidNJ tree: done in 0.000179052 secs using 79.31% CPU
Computing RapidNJ tree took 0.000343 sec (of wall-clock time) 0.000271 sec (of CPU time)
Log-likelihood of RapidNJ tree: -1392.707
--------------------------------------------------------------------
|             INITIALIZING CANDIDATE TREE SET                      |
--------------------------------------------------------------------
Generating 98 parsimony trees... 0.089 second
Computing log-likelihood of 98 initial trees ... 0.091 seconds
Current best score: -1388.025

Do NNI search on 20 best initial trees
Estimate model parameters (epsilon = 0.100)
BETTER TREE FOUND at iteration 1: -1384.450
Estimate model parameters (epsilon = 0.100)
BETTER TREE FOUND at iteration 2: -1381.853
Estimate model parameters (epsilon = 0.100)
BETTER TREE FOUND at iteration 4: -1380.397
Iteration 10 / LogL: -1383.498 / Time: 0h:0m:0s
Iteration 20 / LogL: -1387.597 / Time: 0h:0m:0s
Finish initializing candidate tree set (20)
Current best tree score: -1380.397 / CPU time: 0.667
Number of iterations: 20
--------------------------------------------------------------------
|               OPTIMIZING CANDIDATE TREE SET                      |
--------------------------------------------------------------------
Estimate model parameters (epsilon = 0.100)
BETTER TREE FOUND at iteration 29: -1380.383
Iteration 30 / LogL: -1380.602 / Time: 0h:0m:0s (0h:0m:3s left)
BETTER TREE FOUND at iteration 37: -1380.379
BETTER TREE FOUND at iteration 39: -1380.377
Iteration 40 / LogL: -1380.378 / Time: 0h:0m:1s (0h:0m:3s left)
BETTER TREE FOUND at iteration 44: -1380.377
BETTER TREE FOUND at iteration 47: -1380.375
BETTER TREE FOUND at iteration 49: -1380.375
Iteration 50 / LogL: -1380.376 / Time: 0h:0m:1s (0h:0m:2s left)
Iteration 60 / LogL: -1380.376 / Time: 0h:0m:1s (0h:0m:2s left)
BETTER TREE FOUND at iteration 67: -1380.374
Iteration 70 / LogL: -1380.378 / Time: 0h:0m:1s (0h:0m:2s left)
Iteration 80 / LogL: -1380.378 / Time: 0h:0m:2s (0h:0m:2s left)
Iteration 90 / LogL: -1380.601 / Time: 0h:0m:2s (0h:0m:2s left)
BETTER TREE FOUND at iteration 91: -1380.374
BETTER TREE FOUND at iteration 96: -1380.372
Iteration 100 / LogL: -1380.374 / Time: 0h:0m:2s (0h:0m:2s left)
Iteration 110 / LogL: -1380.377 / Time: 0h:0m:2s (0h:0m:2s left)
Iteration 120 / LogL: -1380.378 / Time: 0h:0m:3s (0h:0m:2s left)
Estimate model parameters (epsilon = 0.100)
BETTER TREE FOUND at iteration 123: -1380.145
Iteration 130 / LogL: -1380.526 / Time: 0h:0m:3s (0h:0m:2s left)
BETTER TREE FOUND at iteration 134: -1380.142
Iteration 140 / LogL: -1380.145 / Time: 0h:0m:3s (0h:0m:2s left)
BETTER TREE FOUND at iteration 143: -1380.138
Iteration 150 / LogL: -1380.146 / Time: 0h:0m:3s (0h:0m:2s left)
BETTER TREE FOUND at iteration 160: -1380.137
Iteration 160 / LogL: -1380.137 / Time: 0h:0m:4s (0h:0m:2s left)
Iteration 170 / LogL: -1380.142 / Time: 0h:0m:4s (0h:0m:2s left)
Iteration 180 / LogL: -1380.141 / Time: 0h:0m:4s (0h:0m:2s left)
BETTER TREE FOUND at iteration 181: -1380.136
Iteration 190 / LogL: -1380.147 / Time: 0h:0m:4s (0h:0m:2s left)
Iteration 200 / LogL: -1382.049 / Time: 0h:0m:5s (0h:0m:2s left)
Iteration 210 / LogL: -1380.140 / Time: 0h:0m:5s (0h:0m:1s left)
Iteration 220 / LogL: -1380.138 / Time: 0h:0m:5s (0h:0m:1s left)
Iteration 230 / LogL: -1380.138 / Time: 0h:0m:5s (0h:0m:1s left)
Iteration 240 / LogL: -1380.141 / Time: 0h:0m:5s (0h:0m:1s left)
Iteration 250 / LogL: -1380.143 / Time: 0h:0m:6s (0h:0m:0s left)
Iteration 260 / LogL: -1380.140 / Time: 0h:0m:6s (0h:0m:0s left)
Iteration 270 / LogL: -1384.148 / Time: 0h:0m:6s (0h:0m:0s left)
Iteration 280 / LogL: -1380.140 / Time: 0h:0m:6s (0h:0m:0s left)
TREE SEARCH COMPLETED AFTER 282 ITERATIONS / Time: 0h:0m:6s

--------------------------------------------------------------------
|                    FINALIZING TREE SEARCH                        |
--------------------------------------------------------------------
Performs final model parameters optimization
Estimate model parameters (epsilon = 0.010)
1. Initial log-likelihood: -1380.136
Optimal log-likelihood: -1380.136
Rate parameters:  A-C: 1.05132  A-G: 7.45578  A-T: 0.90324  C-G: 7.11485  C-T: 4.24315  G-T: 1.00000
Base frequencies:  A: 0.267  C: 0.198  G: 0.243  T: 0.292
Gamma shape alpha: 0.154
Parameters optimization took 1 rounds (0.003 sec)
BEST SCORE FOUND : -1380.136
Total tree length: 0.744

Total number of iterations: 282
CPU time used for tree search: 7.058 sec (0h:0m:7s)
Wall-clock time used for tree search: 6.893 sec (0h:0m:6s)
Total CPU time used: 7.138 sec (0h:0m:7s)
Total wall-clock time used: 6.970 sec (0h:0m:6s)

Analysis results written to: 
  IQ-TREE report:                /workspace/IQTree_JarvD5a_Results/exon_303.iqtree
  Maximum-likelihood tree:       /workspace/IQTree_JarvD5a_Results/exon_303.treefile
  Likelihood distances:          /workspace/IQTree_JarvD5a_Results/exon_303.mldist
  Screen log file:               /workspace/IQTree_JarvD5a_Results/exon_303.log

Date and Time: Wed May 27 23:50:40 2026
