IQ-TREE version 3.1.2 for Linux x86 64-bit built May  7 2026
Developed by Bui Quang Minh, Thomas Wong, Nhan Ly-Trong, Huaiyan Ren
Contributed by Lam-Tung Nguyen, Dominik Schrempf, Chris Bielow,
Olga Chernomor, Michael Woodhams, Diep Thi Hoang, Heiko Schmidt

Host:    8084c4e79f09 (AVX512, FMA3, 1133 GB RAM)
Command: /workspace/iqtree-3.1.2-Linux/bin/iqtree3_intel -s /workspace/NeuralNJ/empirical/JarvD5a/intron_722.fasta -st DNA -m GTR+G -seed 2201 -pre /workspace/IQTree_JarvD5a_Results/intron_722 -quiet
Seed:    2201 (Using SPRNG - Scalable Parallel Random Number Generator)
Time:    Sat May 30 20:46:40 2026
Kernel:  AVX+FMA - 1 threads (384 CPU cores detected)

HINT: Use -nt option to specify number of threads because your CPU has 384 cores!
HINT: -nt AUTO will automatically determine the best number of threads to use.

Reading alignment file /workspace/NeuralNJ/empirical/JarvD5a/intron_722.fasta ... Fasta format detected
Reading fasta file: done in 0.00429511 secs using 87.42% CPU
Alignment most likely contains DNA/RNA sequences
Constructing alignment: done in 0.0201318 secs using 69.39% CPU
Alignment has 45 sequences with 8662 columns, 7600 distinct patterns
5076 parsimony-informative, 1983 singleton sites, 1603 constant sites
       Gap/Ambiguity  Composition  p-value
Analyzing sequences: done in 0.000940084 secs using 99.99% CPU
   1  ACACH   19.38%    passed     64.12%
   2  ANAPL   32.13%    passed     16.57%
   3  APAVI   17.25%    passed     76.41%
   4  APTFO   14.02%    passed     55.59%
   5  BALRE   16.40%    passed     72.90%
   6  BUCRH   42.82%    failed      0.00%
   7  CALAN   29.35%    passed     78.86%
   8  CAPCA   19.75%    passed     18.68%
   9  CATAU   13.97%    passed     88.04%
  10  CHAPE   15.55%    passed     11.43%
  11  CHAVO   14.87%    passed     55.58%
  12  CHLUN   21.15%    passed      6.91%
  13  COLLI   14.85%    passed     56.55%
  14  COLST   22.95%    passed     34.85%
  15  CORBR   31.15%    passed     77.76%
  16  CUCCA   18.31%    passed     37.51%
  17  EGRGA   26.22%    passed     92.91%
  18  EURHE   16.50%    passed     26.26%
  19  FALPE   15.29%    passed     11.70%
  20  FULGL   36.55%    passed     19.85%
  21  GALGA   25.51%    passed     25.14%
  22  GAVST   14.42%    passed     77.87%
  23  GEOFO   31.15%    passed     98.35%
  24  HALAL   14.08%    passed     71.59%
  25  HALLE   15.49%    passed     69.70%
  26  LEPDI   36.87%    passed     98.73%
  27  MANVI   17.80%    passed     97.53%
  28  MELGA   32.66%    passed     14.03%
  29  MELUN   25.36%    passed     91.07%
  30  MERNU   16.56%    passed     56.50%
  31  MESUN   38.41%    passed      6.10%
  32  NESNO   27.45%    passed     91.25%
  33  NIPNI   14.05%    passed     99.34%
  34  OPHHO   13.98%    passed     35.80%
  35  PHACA   28.37%    passed     75.92%
  36  PHALE   52.15%    failed      0.04%
  37  PHORU   13.98%    passed     81.87%
  38  PICPU   57.92%    passed      6.06%
  39  PODCR   15.55%    passed     91.86%
  40  PTEGU   26.90%    passed     73.25%
  41  PYGAD   14.79%    passed     29.40%
  42  STRCA   16.08%    passed     77.17%
  43  TAEGU   31.19%    passed     47.00%
  44  TAUER   14.71%    passed     87.72%
  45  TYTAL   14.86%    passed     33.69%
WARNING: 2 sequences contain more than 50% gaps/ambiguity
****  TOTAL   23.31%  2 sequences failed composition chi2 test (p-value<5%; df=3)
Checking for duplicate sequences: done in 0.00104403 secs using 94.73% CPU

Create initial parsimony tree by phylogenetic likelihood library (PLL)... 0.024 seconds

NOTE: 44 MB RAM (0 GB) is required!
Estimate model parameters (epsilon = 0.100)
1. Initial log-likelihood: -125163.673
2. Current log-likelihood: -117409.353
3. Current log-likelihood: -117288.275
Optimal log-likelihood: -117288.212
Rate parameters:  A-C: 1.03897  A-G: 3.68558  A-T: 0.56993  C-G: 1.54645  C-T: 3.29822  G-T: 1.00000
Base frequencies:  A: 0.295  C: 0.166  G: 0.202  T: 0.336
Gamma shape alpha: 3.094
Parameters optimization took 3 rounds (1.764 sec)
Wrote distance file to... 
Computing ML distances based on estimated model parameters...
Calculating distance matrix: done in 0.0195811 secs using 99.98% CPU
Computing ML distances took 0.020856 sec (of wall-clock time) 0.020847 sec (of CPU time)
Setting up auxiliary I and S matrices: done in 0.000221968 secs using 93.71% CPU
Constructing RapidNJ tree: done in 0.000504971 secs using 233.5% CPU
Computing RapidNJ tree took 0.000782 sec (of wall-clock time) 0.001449 sec (of CPU time)
Log-likelihood of RapidNJ tree: -117860.844
--------------------------------------------------------------------
|             INITIALIZING CANDIDATE TREE SET                      |
--------------------------------------------------------------------
Generating 98 parsimony trees... 2.444 second
Computing log-likelihood of 98 initial trees ... 3.955 seconds
Current best score: -117288.212

Do NNI search on 20 best initial trees
Estimate model parameters (epsilon = 0.100)
BETTER TREE FOUND at iteration 1: -117248.627
Estimate model parameters (epsilon = 0.100)
BETTER TREE FOUND at iteration 6: -117247.058
Estimate model parameters (epsilon = 0.100)
BETTER TREE FOUND at iteration 8: -117245.232
Iteration 10 / LogL: -117248.735 / Time: 0h:0m:15s
Iteration 20 / LogL: -117287.314 / Time: 0h:0m:22s
Finish initializing candidate tree set (20)
Current best tree score: -117245.232 / CPU time: 20.505
Number of iterations: 20
--------------------------------------------------------------------
|               OPTIMIZING CANDIDATE TREE SET                      |
--------------------------------------------------------------------
Estimate model parameters (epsilon = 0.100)
BETTER TREE FOUND at iteration 22: -117244.935
Estimate model parameters (epsilon = 0.100)
BETTER TREE FOUND at iteration 23: -117240.055
Estimate model parameters (epsilon = 0.100)
BETTER TREE FOUND at iteration 27: -117239.525
Estimate model parameters (epsilon = 0.100)
BETTER TREE FOUND at iteration 29: -117238.212
Iteration 30 / LogL: -117245.457 / Time: 0h:0m:30s (0h:1m:42s left)
Estimate model parameters (epsilon = 0.100)
BETTER TREE FOUND at iteration 35: -117237.285
Estimate model parameters (epsilon = 0.100)
BETTER TREE FOUND at iteration 39: -117235.767
Iteration 40 / LogL: -117242.680 / Time: 0h:0m:37s (0h:1m:34s left)
Iteration 50 / LogL: -117238.342 / Time: 0h:0m:44s (0h:1m:20s left)
Iteration 60 / LogL: -117237.564 / Time: 0h:0m:51s (0h:1m:9s left)
Iteration 70 / LogL: -117239.724 / Time: 0h:0m:58s (0h:0m:58s left)
Iteration 80 / LogL: -117255.120 / Time: 0h:1m:5s (0h:0m:49s left)
Estimate model parameters (epsilon = 0.100)
BETTER TREE FOUND at iteration 83: -117235.014
Estimate model parameters (epsilon = 0.100)
BETTER TREE FOUND at iteration 86: -117234.787
Iteration 90 / LogL: -117259.652 / Time: 0h:1m:12s (0h:1m:18s left)
Estimate model parameters (epsilon = 0.100)
BETTER TREE FOUND at iteration 96: -117234.609
Iteration 100 / LogL: -117236.060 / Time: 0h:1m:19s (0h:1m:16s left)
Iteration 110 / LogL: -117247.259 / Time: 0h:1m:25s (0h:1m:7s left)
Iteration 120 / LogL: -117235.717 / Time: 0h:1m:31s (0h:0m:58s left)
Iteration 130 / LogL: -117235.077 / Time: 0h:1m:38s (0h:0m:50s left)
Iteration 140 / LogL: -117368.383 / Time: 0h:1m:45s (0h:0m:42s left)
Iteration 150 / LogL: -117240.132 / Time: 0h:1m:52s (0h:0m:34s left)
Iteration 160 / LogL: -117234.611 / Time: 0h:1m:58s (0h:0m:26s left)
Iteration 170 / LogL: -117341.959 / Time: 0h:2m:4s (0h:0m:19s left)
Iteration 180 / LogL: -117332.404 / Time: 0h:2m:11s (0h:0m:11s left)
Iteration 190 / LogL: -117234.797 / Time: 0h:2m:17s (0h:0m:4s left)
TREE SEARCH COMPLETED AFTER 197 ITERATIONS / Time: 0h:2m:22s

--------------------------------------------------------------------
|                    FINALIZING TREE SEARCH                        |
--------------------------------------------------------------------
Performs final model parameters optimization
Estimate model parameters (epsilon = 0.010)
1. Initial log-likelihood: -117234.609
Optimal log-likelihood: -117234.608
Rate parameters:  A-C: 1.04266  A-G: 3.68373  A-T: 0.57135  C-G: 1.54319  C-T: 3.30226  G-T: 1.00000
Base frequencies:  A: 0.295  C: 0.166  G: 0.202  T: 0.336
Gamma shape alpha: 3.105
Parameters optimization took 1 rounds (0.172 sec)
BEST SCORE FOUND : -117234.608
Total tree length: 4.256

Total number of iterations: 197
CPU time used for tree search: 140.248 sec (0h:2m:20s)
Wall-clock time used for tree search: 140.562 sec (0h:2m:20s)
Total CPU time used: 142.516 sec (0h:2m:22s)
Total wall-clock time used: 142.712 sec (0h:2m:22s)

Analysis results written to: 
  IQ-TREE report:                /workspace/IQTree_JarvD5a_Results/intron_722.iqtree
  Maximum-likelihood tree:       /workspace/IQTree_JarvD5a_Results/intron_722.treefile
  Likelihood distances:          /workspace/IQTree_JarvD5a_Results/intron_722.mldist
  Screen log file:               /workspace/IQTree_JarvD5a_Results/intron_722.log

Date and Time: Sat May 30 20:49:03 2026
