IQ-TREE version 3.1.2 for Linux x86 64-bit built May  7 2026
Developed by Bui Quang Minh, Thomas Wong, Nhan Ly-Trong, Huaiyan Ren
Contributed by Lam-Tung Nguyen, Dominik Schrempf, Chris Bielow,
Olga Chernomor, Michael Woodhams, Diep Thi Hoang, Heiko Schmidt

Host:    8084c4e79f09 (AVX512, FMA3, 1133 GB RAM)
Command: /workspace/iqtree-3.1.2-Linux/bin/iqtree3_intel -s /workspace/NeuralNJ/empirical/JarvD5a/intron_1731.fasta -st DNA -m GTR+G -seed 2201 -pre /workspace/IQTree_JarvD5a_Results/intron_1731 -quiet
Seed:    2201 (Using SPRNG - Scalable Parallel Random Number Generator)
Time:    Fri May 29 18:13:29 2026
Kernel:  AVX+FMA - 1 threads (384 CPU cores detected)

HINT: Use -nt option to specify number of threads because your CPU has 384 cores!
HINT: -nt AUTO will automatically determine the best number of threads to use.

Reading alignment file /workspace/NeuralNJ/empirical/JarvD5a/intron_1731.fasta ... Fasta format detected
Reading fasta file: done in 0.000258923 secs using 62.57% CPU
Alignment most likely contains DNA/RNA sequences
Constructing alignment: done in 0.00062108 secs using 99.83% CPU
Alignment has 42 sequences with 483 columns, 444 distinct patterns
316 parsimony-informative, 56 singleton sites, 111 constant sites
       Gap/Ambiguity  Composition  p-value
Analyzing sequences: done in 2.7895e-05 secs using 104% CPU
   1  ACACH   61.28%    passed     46.74%
   2  APAVI   45.13%    passed     85.39%
   3  APTFO   23.60%    passed     89.25%
   4  BALRE   27.33%    passed     89.37%
   5  BUCRH   59.83%    failed      3.38%
   6  CAPCA   31.68%    passed     34.90%
   7  CARCR   21.53%    passed     31.41%
   8  CHAPE   32.92%    passed     85.24%
   9  CHAVO   28.57%    passed     83.72%
  10  CHLUN   22.15%    passed     27.51%
  11  COLLI   31.47%    passed     78.35%
  12  COLST   37.27%    passed     11.95%
  13  CORBR   41.82%    passed     72.56%
  14  CUCCA   36.85%    passed     91.70%
  15  EGRGA   26.92%    passed     69.56%
  16  FALPE   21.12%    passed     90.03%
  17  FULGL   20.29%    passed     38.70%
  18  GALGA   34.16%    passed     27.24%
  19  GAVST   24.43%    passed     53.84%
  20  GEOFO   55.69%    passed     26.30%
  21  HALAL   20.91%    passed     73.20%
  22  HALLE   20.91%    passed     71.01%
  23  LEPDI   29.40%    failed      2.43%
  24  MANVI   49.90%    passed     49.35%
  25  MELGA   31.47%    failed      4.64%
  26  MELUN   49.48%    passed     77.13%
  27  MERNU   30.43%    passed     53.39%
  28  MESUN   36.23%    passed     30.08%
  29  NESNO   41.41%    passed     41.01%
  30  NIPNI   20.70%    passed     91.78%
  31  OPHHO   31.06%    failed      1.69%
  32  PELCR   22.57%    passed     95.48%
  33  PHALE   29.19%    passed     21.21%
  34  PHORU   23.60%    passed     85.85%
  35  PICPU   39.54%    failed      2.16%
  36  PTEGU   28.57%    passed     49.92%
  37  PYGAD   21.95%    passed     91.60%
  38  STRCA   17.60%    failed      3.17%
  39  TAEGU   41.20%    passed     88.43%
  40  TAUER   23.40%    passed     53.29%
  41  TINMA   40.37%    passed     34.87%
  42  TYTAL   31.06%    passed     21.93%
WARNING: 3 sequences contain more than 50% gaps/ambiguity
****  TOTAL   32.50%  6 sequences failed composition chi2 test (p-value<5%; df=3)
Checking for duplicate sequences: done in 0.000110865 secs using 100.1% CPU

Create initial parsimony tree by phylogenetic likelihood library (PLL)... 0.002 seconds

NOTE: 2 MB RAM (0 GB) is required!
Estimate model parameters (epsilon = 0.100)
1. Initial log-likelihood: -8020.616
2. Current log-likelihood: -7544.673
3. Current log-likelihood: -7524.143
Optimal log-likelihood: -7524.095
Rate parameters:  A-C: 1.47860  A-G: 5.33983  A-T: 1.03250  C-G: 1.61793  C-T: 3.90341  G-T: 1.00000
Base frequencies:  A: 0.181  C: 0.317  G: 0.254  T: 0.248
Gamma shape alpha: 3.056
Parameters optimization took 3 rounds (0.082 sec)
Wrote distance file to... 
Computing ML distances based on estimated model parameters...
Calculating distance matrix: done in 0.0029192 secs using 99.99% CPU
Computing ML distances took 0.002999 sec (of wall-clock time) 0.002998 sec (of CPU time)
Setting up auxiliary I and S matrices: done in 0.000226021 secs using 99.99% CPU
Constructing RapidNJ tree: done in 0.000417948 secs using 136.1% CPU
Computing RapidNJ tree took 0.000733 sec (of wall-clock time) 0.000893 sec (of CPU time)
Log-likelihood of RapidNJ tree: -7541.651
--------------------------------------------------------------------
|             INITIALIZING CANDIDATE TREE SET                      |
--------------------------------------------------------------------
Generating 98 parsimony trees... 0.196 second
Computing log-likelihood of 98 initial trees ... 0.239 seconds
Current best score: -7524.095

Do NNI search on 20 best initial trees
Estimate model parameters (epsilon = 0.100)
BETTER TREE FOUND at iteration 1: -7511.127
Estimate model parameters (epsilon = 0.100)
BETTER TREE FOUND at iteration 2: -7496.639
Estimate model parameters (epsilon = 0.100)
BETTER TREE FOUND at iteration 3: -7494.655
Iteration 10 / LogL: -7506.431 / Time: 0h:0m:1s
Estimate model parameters (epsilon = 0.100)
BETTER TREE FOUND at iteration 15: -7488.784
Iteration 20 / LogL: -7500.390 / Time: 0h:0m:1s
Finish initializing candidate tree set (20)
Current best tree score: -7488.784 / CPU time: 1.446
Number of iterations: 20
--------------------------------------------------------------------
|               OPTIMIZING CANDIDATE TREE SET                      |
--------------------------------------------------------------------
Estimate model parameters (epsilon = 0.100)
BETTER TREE FOUND at iteration 26: -7486.686
Iteration 30 / LogL: -7492.760 / Time: 0h:0m:2s (0h:0m:6s left)
Iteration 40 / LogL: -7487.041 / Time: 0h:0m:2s (0h:0m:5s left)
Estimate model parameters (epsilon = 0.100)
BETTER TREE FOUND at iteration 49: -7486.323
Iteration 50 / LogL: -7486.555 / Time: 0h:0m:3s (0h:0m:6s left)
Estimate model parameters (epsilon = 0.100)
BETTER TREE FOUND at iteration 51: -7486.194
Iteration 60 / LogL: -7486.351 / Time: 0h:0m:3s (0h:0m:5s left)
Estimate model parameters (epsilon = 0.100)
BETTER TREE FOUND at iteration 62: -7485.893
Estimate model parameters (epsilon = 0.100)
BETTER TREE FOUND at iteration 63: -7485.744
Estimate model parameters (epsilon = 0.100)
BETTER TREE FOUND at iteration 67: -7485.662
Iteration 70 / LogL: -7485.663 / Time: 0h:0m:4s (0h:0m:5s left)
Iteration 80 / LogL: -7487.716 / Time: 0h:0m:4s (0h:0m:5s left)
Iteration 90 / LogL: -7498.535 / Time: 0h:0m:5s (0h:0m:4s left)
Iteration 100 / LogL: -7486.683 / Time: 0h:0m:5s (0h:0m:3s left)
Estimate model parameters (epsilon = 0.100)
BETTER TREE FOUND at iteration 110: -7485.516
Iteration 110 / LogL: -7485.516 / Time: 0h:0m:6s (0h:0m:5s left)
BETTER TREE FOUND at iteration 116: -7485.515
Iteration 120 / LogL: -7485.673 / Time: 0h:0m:6s (0h:0m:5s left)
UPDATE BEST LOG-LIKELIHOOD: -7485.515
Iteration 130 / LogL: -7485.515 / Time: 0h:0m:7s (0h:0m:4s left)
Estimate model parameters (epsilon = 0.100)
BETTER TREE FOUND at iteration 131: -7485.464
Estimate model parameters (epsilon = 0.100)
BETTER TREE FOUND at iteration 132: -7485.166
Iteration 140 / LogL: -7485.467 / Time: 0h:0m:7s (0h:0m:5s left)
Iteration 150 / LogL: -7485.581 / Time: 0h:0m:8s (0h:0m:4s left)
Iteration 160 / LogL: -7485.174 / Time: 0h:0m:8s (0h:0m:3s left)
BETTER TREE FOUND at iteration 165: -7485.166
Iteration 170 / LogL: -7485.895 / Time: 0h:0m:9s (0h:0m:5s left)
Iteration 180 / LogL: -7486.061 / Time: 0h:0m:9s (0h:0m:4s left)
UPDATE BEST LOG-LIKELIHOOD: -7485.166
Iteration 190 / LogL: -7488.531 / Time: 0h:0m:10s (0h:0m:4s left)
UPDATE BEST LOG-LIKELIHOOD: -7485.166
Iteration 200 / LogL: -7490.306 / Time: 0h:0m:10s (0h:0m:3s left)
Iteration 210 / LogL: -7486.408 / Time: 0h:0m:11s (0h:0m:2s left)
Iteration 220 / LogL: -7485.167 / Time: 0h:0m:11s (0h:0m:2s left)
Iteration 230 / LogL: -7489.412 / Time: 0h:0m:12s (0h:0m:1s left)
Iteration 240 / LogL: -7485.166 / Time: 0h:0m:12s (0h:0m:1s left)
UPDATE BEST LOG-LIKELIHOOD: -7485.166
Iteration 250 / LogL: -7486.053 / Time: 0h:0m:13s (0h:0m:0s left)
Iteration 260 / LogL: -7492.394 / Time: 0h:0m:13s (0h:0m:0s left)
TREE SEARCH COMPLETED AFTER 266 ITERATIONS / Time: 0h:0m:13s

--------------------------------------------------------------------
|                    FINALIZING TREE SEARCH                        |
--------------------------------------------------------------------
Performs final model parameters optimization
Estimate model parameters (epsilon = 0.010)
1. Initial log-likelihood: -7485.166
Optimal log-likelihood: -7485.165
Rate parameters:  A-C: 1.48123  A-G: 5.18366  A-T: 1.04841  C-G: 1.66527  C-T: 4.02457  G-T: 1.00000
Base frequencies:  A: 0.181  C: 0.317  G: 0.254  T: 0.248
Gamma shape alpha: 3.047
Parameters optimization took 1 rounds (0.009 sec)
BEST SCORE FOUND : -7485.165
Total tree length: 7.169

Total number of iterations: 266
CPU time used for tree search: 13.796 sec (0h:0m:13s)
Wall-clock time used for tree search: 13.630 sec (0h:0m:13s)
Total CPU time used: 13.923 sec (0h:0m:13s)
Total wall-clock time used: 13.746 sec (0h:0m:13s)

Analysis results written to: 
  IQ-TREE report:                /workspace/IQTree_JarvD5a_Results/intron_1731.iqtree
  Maximum-likelihood tree:       /workspace/IQTree_JarvD5a_Results/intron_1731.treefile
  Likelihood distances:          /workspace/IQTree_JarvD5a_Results/intron_1731.mldist
  Screen log file:               /workspace/IQTree_JarvD5a_Results/intron_1731.log

Date and Time: Fri May 29 18:13:43 2026
