IQ-TREE version 3.1.2 for Linux x86 64-bit built May  7 2026
Developed by Bui Quang Minh, Thomas Wong, Nhan Ly-Trong, Huaiyan Ren
Contributed by Lam-Tung Nguyen, Dominik Schrempf, Chris Bielow,
Olga Chernomor, Michael Woodhams, Diep Thi Hoang, Heiko Schmidt

Host:    8084c4e79f09 (AVX512, FMA3, 1133 GB RAM)
Command: /workspace/iqtree-3.1.2-Linux/bin/iqtree3_intel -s /workspace/NeuralNJ/empirical/JarvD5a/intron_12646.fasta -st DNA -m GTR+G -seed 2201 -pre /workspace/IQTree_JarvD5a_Results/intron_12646 -quiet
Seed:    2201 (Using SPRNG - Scalable Parallel Random Number Generator)
Time:    Fri May 29 07:38:48 2026
Kernel:  AVX+FMA - 1 threads (384 CPU cores detected)

HINT: Use -nt option to specify number of threads because your CPU has 384 cores!
HINT: -nt AUTO will automatically determine the best number of threads to use.

Reading alignment file /workspace/NeuralNJ/empirical/JarvD5a/intron_12646.fasta ... Fasta format detected
Reading fasta file: done in 0.00265312 secs using 49.26% CPU
Alignment most likely contains DNA/RNA sequences
Constructing alignment: done in 0.00675106 secs using 70.08% CPU
Alignment has 48 sequences with 4344 columns, 3407 distinct patterns
2361 parsimony-informative, 965 singleton sites, 1018 constant sites
       Gap/Ambiguity  Composition  p-value
Analyzing sequences: done in 0.00037694 secs
   1  ACACH   30.66%    passed     38.72%
   2  ANAPL   27.74%    passed     86.32%
   3  APAVI   34.02%    failed      0.11%
   4  APTFO   25.83%    passed     30.72%
   5  BALRE   25.55%    passed     63.54%
   6  BUCRH   26.86%    passed     87.73%
   7  CALAN   27.95%    failed      1.87%
   8  CAPCA   45.74%    passed     71.61%
   9  CARCR   26.01%    passed     22.23%
  10  CATAU   25.39%    passed     24.23%
  11  CHAPE   27.51%    passed     37.23%
  12  CHAVO   25.94%    passed     61.15%
  13  CHLUN   28.75%    passed     39.43%
  14  COLLI   28.68%    passed     54.05%
  15  COLST   47.40%    failed      0.80%
  16  CORBR   28.36%    passed     63.59%
  17  CUCCA   29.07%    passed     93.26%
  18  EGRGA   26.84%    passed     76.33%
  19  EURHE   18.35%    failed      0.00%
  20  FALPE   26.52%    passed     66.11%
  21  FULGL   25.94%    passed     80.72%
  22  GALGA   26.96%    passed     15.10%
  23  GAVST   26.93%    passed     32.18%
  24  GEOFO   28.25%    passed     87.36%
  25  HALAL   25.74%    passed     36.94%
  26  HALLE   25.74%    passed     35.62%
  27  LEPDI   26.22%    passed     44.93%
  28  MANVI   26.52%    passed     87.96%
  29  MELGA   30.59%    passed     20.60%
  30  MELUN   28.45%    passed     84.18%
  31  MERNU   26.82%    passed     95.98%
  32  MESUN   52.30%    failed      0.00%
  33  NESNO   26.47%    passed     97.47%
  34  NIPNI   26.13%    passed     58.13%
  35  OPHHO   26.17%    passed     53.10%
  36  PELCR   25.97%    passed     64.71%
  37  PHACA   28.04%    passed     85.18%
  38  PHALE   27.03%    passed     54.57%
  39  PHORU   25.62%    passed     65.68%
  40  PICPU   30.62%    failed      0.00%
  41  PODCR   25.94%    passed     53.15%
  42  PTEGU   26.38%    passed     54.59%
  43  PYGAD   27.14%    passed     50.19%
  44  STRCA   27.00%    passed     15.83%
  45  TAEGU   29.47%    passed     21.94%
  46  TAUER   26.29%    passed     55.44%
  47  TINMA   33.06%    passed     45.11%
  48  TYTAL   26.47%    passed     62.56%
WARNING: 1 sequences contain more than 50% gaps/ambiguity
****  TOTAL   28.57%  6 sequences failed composition chi2 test (p-value<5%; df=3)
Checking for duplicate sequences: done in 0.000339985 secs

Create initial parsimony tree by phylogenetic likelihood library (PLL)... 0.013 seconds

NOTE: 21 MB RAM (0 GB) is required!
Estimate model parameters (epsilon = 0.100)
1. Initial log-likelihood: -62900.014
2. Current log-likelihood: -58947.529
3. Current log-likelihood: -58845.698
4. Current log-likelihood: -58845.521
Optimal log-likelihood: -58845.512
Rate parameters:  A-C: 1.07416  A-G: 4.24348  A-T: 0.48113  C-G: 1.83713  C-T: 3.01869  G-T: 1.00000
Base frequencies:  A: 0.287  C: 0.171  G: 0.176  T: 0.366
Gamma shape alpha: 2.347
Parameters optimization took 4 rounds (0.827 sec)
Wrote distance file to... 
Computing ML distances based on estimated model parameters...
Calculating distance matrix: done in 0.0116222 secs using 99.9% CPU
Computing ML distances took 0.012133 sec (of wall-clock time) 0.012122 sec (of CPU time)
Setting up auxiliary I and S matrices: done in 0.000272036 secs
Constructing RapidNJ tree: done in 0.000514984 secs using 119.4% CPU
Computing RapidNJ tree took 0.000867 sec (of wall-clock time) 0.000649 sec (of CPU time)
Log-likelihood of RapidNJ tree: -59146.443
--------------------------------------------------------------------
|             INITIALIZING CANDIDATE TREE SET                      |
--------------------------------------------------------------------
Generating 98 parsimony trees... 1.156 second
Computing log-likelihood of 98 initial trees ... 1.827 seconds
Current best score: -58845.512

Do NNI search on 20 best initial trees
Estimate model parameters (epsilon = 0.100)
BETTER TREE FOUND at iteration 1: -58826.222
Estimate model parameters (epsilon = 0.100)
BETTER TREE FOUND at iteration 2: -58765.789
Iteration 10 / LogL: -58774.097 / Time: 0h:0m:7s
Iteration 20 / LogL: -58780.320 / Time: 0h:0m:10s
Finish initializing candidate tree set (20)
Current best tree score: -58765.789 / CPU time: 9.217
Number of iterations: 20
--------------------------------------------------------------------
|               OPTIMIZING CANDIDATE TREE SET                      |
--------------------------------------------------------------------
Estimate model parameters (epsilon = 0.100)
BETTER TREE FOUND at iteration 30: -58762.369
Iteration 30 / LogL: -58762.369 / Time: 0h:0m:13s (0h:0m:47s left)
Estimate model parameters (epsilon = 0.100)
BETTER TREE FOUND at iteration 31: -58758.291
Iteration 40 / LogL: -58763.077 / Time: 0h:0m:16s (0h:0m:39s left)
Iteration 50 / LogL: -58760.965 / Time: 0h:0m:20s (0h:0m:33s left)
Iteration 60 / LogL: -58762.390 / Time: 0h:0m:23s (0h:0m:28s left)
Iteration 70 / LogL: -58759.779 / Time: 0h:0m:27s (0h:0m:24s left)
Iteration 80 / LogL: -58767.214 / Time: 0h:0m:30s (0h:0m:19s left)
Iteration 90 / LogL: -58762.867 / Time: 0h:0m:33s (0h:0m:15s left)
Iteration 100 / LogL: -58758.295 / Time: 0h:0m:36s (0h:0m:11s left)
Iteration 110 / LogL: -58763.616 / Time: 0h:0m:40s (0h:0m:7s left)
Iteration 120 / LogL: -58775.657 / Time: 0h:0m:43s (0h:0m:4s left)
Iteration 130 / LogL: -58758.312 / Time: 0h:0m:46s (0h:0m:0s left)
TREE SEARCH COMPLETED AFTER 132 ITERATIONS / Time: 0h:0m:47s

--------------------------------------------------------------------
|                    FINALIZING TREE SEARCH                        |
--------------------------------------------------------------------
Performs final model parameters optimization
Estimate model parameters (epsilon = 0.010)
1. Initial log-likelihood: -58758.291
Optimal log-likelihood: -58758.290
Rate parameters:  A-C: 1.06799  A-G: 4.27284  A-T: 0.48010  C-G: 1.82477  C-T: 3.01997  G-T: 1.00000
Base frequencies:  A: 0.287  C: 0.171  G: 0.176  T: 0.366
Gamma shape alpha: 2.373
Parameters optimization took 1 rounds (0.078 sec)
BEST SCORE FOUND : -58758.290
Total tree length: 4.966

Total number of iterations: 132
CPU time used for tree search: 46.507 sec (0h:0m:46s)
Wall-clock time used for tree search: 46.442 sec (0h:0m:46s)
Total CPU time used: 47.593 sec (0h:0m:47s)
Total wall-clock time used: 47.469 sec (0h:0m:47s)

Analysis results written to: 
  IQ-TREE report:                /workspace/IQTree_JarvD5a_Results/intron_12646.iqtree
  Maximum-likelihood tree:       /workspace/IQTree_JarvD5a_Results/intron_12646.treefile
  Likelihood distances:          /workspace/IQTree_JarvD5a_Results/intron_12646.mldist
  Screen log file:               /workspace/IQTree_JarvD5a_Results/intron_12646.log

Date and Time: Fri May 29 07:39:35 2026
