IQ-TREE version 3.1.2 for Linux x86 64-bit built May  7 2026
Developed by Bui Quang Minh, Thomas Wong, Nhan Ly-Trong, Huaiyan Ren
Contributed by Lam-Tung Nguyen, Dominik Schrempf, Chris Bielow,
Olga Chernomor, Michael Woodhams, Diep Thi Hoang, Heiko Schmidt

Host:    8084c4e79f09 (AVX512, FMA3, 1133 GB RAM)
Command: /workspace/iqtree-3.1.2-Linux/bin/iqtree3_intel -s /workspace/NeuralNJ/empirical/JarvD5a/intron_13172.fasta -st DNA -m GTR+G -seed 2201 -pre /workspace/IQTree_JarvD5a_Results/intron_13172 -quiet
Seed:    2201 (Using SPRNG - Scalable Parallel Random Number Generator)
Time:    Fri May 29 10:11:30 2026
Kernel:  AVX+FMA - 1 threads (384 CPU cores detected)

HINT: Use -nt option to specify number of threads because your CPU has 384 cores!
HINT: -nt AUTO will automatically determine the best number of threads to use.

Reading alignment file /workspace/NeuralNJ/empirical/JarvD5a/intron_13172.fasta ... Fasta format detected
Reading fasta file: done in 0.007411 secs using 85.12% CPU
Alignment most likely contains DNA/RNA sequences
Constructing alignment: done in 0.024621 secs using 50.69% CPU
Alignment has 43 sequences with 15885 columns, 12209 distinct patterns
9053 parsimony-informative, 3021 singleton sites, 3811 constant sites
       Gap/Ambiguity  Composition  p-value
Analyzing sequences: done in 0.00160408 secs using 100% CPU
   1  ACACH   59.72%    failed      0.00%
   2  ANAPL   29.66%    passed     53.04%
   3  APAVI   29.69%    passed      7.17%
   4  APTFO   26.03%    passed     99.30%
   5  BALRE   26.59%    passed     84.02%
   6  BUCRH   27.66%    passed     72.85%
   7  CALAN   30.41%    failed      4.60%
   8  CAPCA   26.48%    failed      1.10%
   9  CARCR   26.73%    passed     10.34%
  10  CHAPE   27.33%    passed     32.18%
  11  CHAVO   27.58%    passed     81.30%
  12  CHLUN   26.34%    passed     30.95%
  13  COLLI   27.38%    passed      6.99%
  14  COLST   30.08%    passed     18.39%
  15  CORBR   27.47%    failed      0.00%
  16  CUCCA   28.71%    failed      0.02%
  17  EGRGA   27.96%    passed     92.18%
  18  EURHE   27.81%    failed      2.49%
  19  FALPE   27.04%    passed     38.37%
  20  FULGL   30.32%    passed     94.37%
  21  GALGA   31.04%    passed     26.44%
  22  GAVST   26.26%    passed     27.68%
  23  GEOFO   35.35%    failed      0.00%
  24  HALLE   27.06%    failed      1.98%
  25  LEPDI   26.91%    passed     71.10%
  26  MANVI   42.38%    failed      0.00%
  27  MELGA   32.01%    failed      0.16%
  28  MELUN   26.86%    passed     61.74%
  29  MERNU   29.29%    failed      0.20%
  30  MESUN   29.08%    passed     56.94%
  31  NESNO   27.28%    passed     77.58%
  32  NIPNI   25.70%    passed     98.59%
  33  OPHHO   27.69%    passed     15.07%
  34  PHACA   27.29%    passed     90.78%
  35  PHORU   25.92%    passed     70.54%
  36  PICPU   29.10%    passed     74.60%
  37  PODCR   26.13%    passed     93.88%
  38  PTEGU   28.15%    failed      1.31%
  39  PYGAD   26.04%    passed     97.61%
  40  STRCA   26.38%    failed      0.09%
  41  TAUER   30.20%    failed      3.08%
  42  TINMA   31.54%    passed     11.70%
  43  TYTAL   26.14%    passed     29.64%
WARNING: 1 sequences contain more than 50% gaps/ambiguity
****  TOTAL   29.18%  14 sequences failed composition chi2 test (p-value<5%; df=3)
Checking for duplicate sequences: done in 0.00156379 secs using 100% CPU

Create initial parsimony tree by phylogenetic likelihood library (PLL)... 0.036 seconds

NOTE: 68 MB RAM (0 GB) is required!
Estimate model parameters (epsilon = 0.100)
1. Initial log-likelihood: -226129.064
2. Current log-likelihood: -212887.452
3. Current log-likelihood: -212586.186
4. Current log-likelihood: -212585.612
Optimal log-likelihood: -212585.587
Rate parameters:  A-C: 1.03176  A-G: 4.05711  A-T: 0.59954  C-G: 1.36229  C-T: 3.41275  G-T: 1.00000
Base frequencies:  A: 0.257  C: 0.197  G: 0.223  T: 0.323
Gamma shape alpha: 2.319
Parameters optimization took 4 rounds (2.822 sec)
Wrote distance file to... 
Computing ML distances based on estimated model parameters...
Calculating distance matrix: done in 0.0319712 secs using 99.89% CPU
Computing ML distances took 0.036146 sec (of wall-clock time) 0.034104 sec (of CPU time)
Setting up auxiliary I and S matrices: done in 8.79765e-05 secs using 35.24% CPU
Constructing RapidNJ tree: done in 0.000178099 secs using 95.45% CPU
Computing RapidNJ tree took 0.000291 sec (of wall-clock time) 0.000222 sec (of CPU time)
Log-likelihood of RapidNJ tree: -212702.653
--------------------------------------------------------------------
|             INITIALIZING CANDIDATE TREE SET                      |
--------------------------------------------------------------------
Generating 98 parsimony trees... 4.187 second
Computing log-likelihood of 98 initial trees ... 6.447 seconds
Current best score: -212585.587

Do NNI search on 20 best initial trees
Estimate model parameters (epsilon = 0.100)
BETTER TREE FOUND at iteration 1: -212419.860
Estimate model parameters (epsilon = 0.100)
BETTER TREE FOUND at iteration 2: -212411.961
Estimate model parameters (epsilon = 0.100)
BETTER TREE FOUND at iteration 3: -212402.958
Iteration 10 / LogL: -212426.163 / Time: 0h:0m:27s
Iteration 20 / LogL: -212438.096 / Time: 0h:0m:39s
Finish initializing candidate tree set (20)
Current best tree score: -212402.958 / CPU time: 36.437
Number of iterations: 20
--------------------------------------------------------------------
|               OPTIMIZING CANDIDATE TREE SET                      |
--------------------------------------------------------------------
Estimate model parameters (epsilon = 0.100)
BETTER TREE FOUND at iteration 22: -212400.189
Iteration 30 / LogL: -212419.705 / Time: 0h:0m:50s (0h:2m:38s left)
Iteration 40 / LogL: -212405.988 / Time: 0h:1m:0s (0h:2m:7s left)
Estimate model parameters (epsilon = 0.100)
BETTER TREE FOUND at iteration 47: -212398.466
Iteration 50 / LogL: -212398.595 / Time: 0h:1m:10s (0h:2m:20s left)
Estimate model parameters (epsilon = 0.100)
BETTER TREE FOUND at iteration 51: -212389.994
Estimate model parameters (epsilon = 0.100)
BETTER TREE FOUND at iteration 53: -212386.770
Iteration 60 / LogL: -212390.001 / Time: 0h:1m:22s (0h:2m:9s left)
Iteration 70 / LogL: -212398.392 / Time: 0h:1m:32s (0h:1m:50s left)
Iteration 80 / LogL: -212389.785 / Time: 0h:1m:42s (0h:1m:34s left)
Iteration 90 / LogL: -212518.265 / Time: 0h:1m:52s (0h:1m:19s left)
Iteration 100 / LogL: -212397.999 / Time: 0h:2m:2s (0h:1m:5s left)
Iteration 110 / LogL: -212392.057 / Time: 0h:2m:12s (0h:0m:52s left)
Iteration 120 / LogL: -212386.777 / Time: 0h:2m:23s (0h:0m:39s left)
Iteration 130 / LogL: -212401.833 / Time: 0h:2m:34s (0h:0m:27s left)
Iteration 140 / LogL: -212389.369 / Time: 0h:2m:44s (0h:0m:15s left)
Iteration 150 / LogL: -212449.273 / Time: 0h:2m:55s (0h:0m:3s left)
TREE SEARCH COMPLETED AFTER 154 ITERATIONS / Time: 0h:2m:59s

--------------------------------------------------------------------
|                    FINALIZING TREE SEARCH                        |
--------------------------------------------------------------------
Performs final model parameters optimization
Estimate model parameters (epsilon = 0.010)
1. Initial log-likelihood: -212386.770
Optimal log-likelihood: -212386.769
Rate parameters:  A-C: 1.02814  A-G: 4.05582  A-T: 0.59494  C-G: 1.35451  C-T: 3.39949  G-T: 1.00000
Base frequencies:  A: 0.257  C: 0.197  G: 0.223  T: 0.323
Gamma shape alpha: 2.337
Parameters optimization took 1 rounds (0.279 sec)
BEST SCORE FOUND : -212386.769
Total tree length: 5.156

Total number of iterations: 154
CPU time used for tree search: 176.326 sec (0h:2m:56s)
Wall-clock time used for tree search: 176.692 sec (0h:2m:56s)
Total CPU time used: 179.930 sec (0h:2m:59s)
Total wall-clock time used: 180.242 sec (0h:3m:0s)

Analysis results written to: 
  IQ-TREE report:                /workspace/IQTree_JarvD5a_Results/intron_13172.iqtree
  Maximum-likelihood tree:       /workspace/IQTree_JarvD5a_Results/intron_13172.treefile
  Likelihood distances:          /workspace/IQTree_JarvD5a_Results/intron_13172.mldist
  Screen log file:               /workspace/IQTree_JarvD5a_Results/intron_13172.log

Date and Time: Fri May 29 10:14:30 2026
