IQ-TREE version 3.1.2 for Linux x86 64-bit built May  7 2026
Developed by Bui Quang Minh, Thomas Wong, Nhan Ly-Trong, Huaiyan Ren
Contributed by Lam-Tung Nguyen, Dominik Schrempf, Chris Bielow,
Olga Chernomor, Michael Woodhams, Diep Thi Hoang, Heiko Schmidt

Host:    8084c4e79f09 (AVX512, FMA3, 1133 GB RAM)
Command: /workspace/iqtree-3.1.2-Linux/bin/iqtree3_intel -s /workspace/NeuralNJ/empirical/JarvD5a/intron_2755.fasta -st DNA -m GTR+G -seed 2201 -pre /workspace/IQTree_JarvD5a_Results/intron_2755 -quiet
Seed:    2201 (Using SPRNG - Scalable Parallel Random Number Generator)
Time:    Sat May 30 02:03:11 2026
Kernel:  AVX+FMA - 1 threads (384 CPU cores detected)

HINT: Use -nt option to specify number of threads because your CPU has 384 cores!
HINT: -nt AUTO will automatically determine the best number of threads to use.

Reading alignment file /workspace/NeuralNJ/empirical/JarvD5a/intron_2755.fasta ... Fasta format detected
Reading fasta file: done in 0.0144401 secs using 98.95% CPU
Alignment most likely contains DNA/RNA sequences
Constructing alignment: done in 0.0411751 secs using 57.93% CPU
Alignment has 47 sequences with 21206 columns, 18740 distinct patterns
12699 parsimony-informative, 4836 singleton sites, 3671 constant sites
       Gap/Ambiguity  Composition  p-value
Analyzing sequences: done in 0.00213504 secs using 100% CPU
   1  ACACH   22.66%    passed     86.68%
   2  ANAPL   29.87%    failed      0.01%
   3  APAVI   23.63%    failed      1.62%
   4  APTFO   23.98%    passed     14.58%
   5  BALRE   57.15%    passed     34.45%
   6  BUCRH   21.08%    passed     54.62%
   7  CALAN   22.92%    failed      2.68%
   8  CAPCA   30.17%    passed     60.50%
   9  CARCR   28.69%    passed     39.46%
  10  CATAU   17.43%    passed     82.73%
  11  CHAPE   32.27%    passed      9.70%
  12  CHAVO   30.45%    passed     33.96%
  13  CHLUN   23.31%    passed     64.42%
  14  COLLI   18.09%    passed     96.04%
  15  COLST   19.30%    passed     66.34%
  16  CORBR   23.87%    failed      0.02%
  17  CUCCA   33.83%    passed     13.21%
  18  EGRGA   14.96%    passed     29.54%
  19  EURHE   71.47%    failed      0.00%
  20  FALPE   22.71%    passed     68.18%
  21  FULGL   26.57%    passed     53.61%
  22  GALGA   32.60%    failed      1.54%
  23  GAVST   17.42%    passed     92.01%
  24  GEOFO   57.89%    failed      0.00%
  25  HALAL   58.46%    passed     11.68%
  26  HALLE   18.79%    passed     89.53%
  27  LEPDI   16.29%    failed      2.09%
  28  MANVI   49.16%    failed      0.00%
  29  MELUN   30.97%    passed     17.64%
  30  MERNU   60.32%    passed     24.35%
  31  MESUN   43.37%    passed     11.34%
  32  NESNO   42.54%    passed      7.73%
  33  NIPNI   16.28%    passed      5.98%
  34  OPHHO   22.74%    failed      0.04%
  35  PELCR   17.58%    passed     31.68%
  36  PHACA   17.87%    passed     64.98%
  37  PHALE   19.36%    passed     99.93%
  38  PHORU   16.06%    passed     93.16%
  39  PICPU   36.73%    failed      3.44%
  40  PODCR   17.67%    passed     54.44%
  41  PTEGU   17.92%    failed      2.48%
  42  PYGAD   37.73%    passed     49.73%
  43  STRCA   26.37%    failed      4.88%
  44  TAEGU   34.53%    failed      0.00%
  45  TAUER   16.52%    passed     98.18%
  46  TINMA   39.28%    failed      0.00%
  47  TYTAL   28.52%    passed     91.36%
WARNING: 5 sequences contain more than 50% gaps/ambiguity
****  TOTAL   29.52%  15 sequences failed composition chi2 test (p-value<5%; df=3)
Checking for duplicate sequences: done in 0.0021832 secs using 90.83% CPU

Create initial parsimony tree by phylogenetic likelihood library (PLL)... 0.054 seconds

NOTE: 114 MB RAM (0 GB) is required!
Estimate model parameters (epsilon = 0.100)
1. Initial log-likelihood: -320676.281
2. Current log-likelihood: -297599.553
3. Current log-likelihood: -297304.600
4. Current log-likelihood: -297304.124
Optimal log-likelihood: -297304.111
Rate parameters:  A-C: 0.98234  A-G: 4.33116  A-T: 0.62621  C-G: 1.32921  C-T: 3.42279  G-T: 1.00000
Base frequencies:  A: 0.267  C: 0.191  G: 0.211  T: 0.331
Gamma shape alpha: 2.739
Parameters optimization took 4 rounds (4.820 sec)
Wrote distance file to... 
Computing ML distances based on estimated model parameters...
Calculating distance matrix: done in 0.045774 secs using 99.99% CPU
Computing ML distances took 0.049426 sec (of wall-clock time) 0.049378 sec (of CPU time)
Setting up auxiliary I and S matrices: done in 0.000253916 secs using 100% CPU
Constructing RapidNJ tree: done in 0.00049901 secs using 243.7% CPU
Computing RapidNJ tree took 0.000812 sec (of wall-clock time) 0.001540 sec (of CPU time)
Log-likelihood of RapidNJ tree: -298578.819
--------------------------------------------------------------------
|             INITIALIZING CANDIDATE TREE SET                      |
--------------------------------------------------------------------
Generating 98 parsimony trees... 6.878 second
Computing log-likelihood of 98 initial trees ... 10.450 seconds
Current best score: -297304.111

Do NNI search on 20 best initial trees
Estimate model parameters (epsilon = 0.100)
BETTER TREE FOUND at iteration 1: -297179.798
Iteration 10 / LogL: -297267.702 / Time: 0h:0m:40s
Estimate model parameters (epsilon = 0.100)
BETTER TREE FOUND at iteration 19: -297178.072
Iteration 20 / LogL: -297178.892 / Time: 0h:0m:57s
Finish initializing candidate tree set (19)
Current best tree score: -297178.072 / CPU time: 52.182
Number of iterations: 20
--------------------------------------------------------------------
|               OPTIMIZING CANDIDATE TREE SET                      |
--------------------------------------------------------------------
Estimate model parameters (epsilon = 0.100)
BETTER TREE FOUND at iteration 21: -297175.622
Estimate model parameters (epsilon = 0.100)
BETTER TREE FOUND at iteration 22: -297170.145
Estimate model parameters (epsilon = 0.100)
BETTER TREE FOUND at iteration 30: -297165.184
Iteration 30 / LogL: -297165.184 / Time: 0h:1m:16s (0h:4m:23s left)
Estimate model parameters (epsilon = 0.100)
BETTER TREE FOUND at iteration 34: -297162.535
Iteration 40 / LogL: -297164.626 / Time: 0h:1m:34s (0h:3m:48s left)
Estimate model parameters (epsilon = 0.100)
BETTER TREE FOUND at iteration 47: -297155.389
Iteration 50 / LogL: -297165.456 / Time: 0h:1m:50s (0h:3m:39s left)
Iteration 60 / LogL: -297158.147 / Time: 0h:2m:6s (0h:3m:6s left)
Iteration 70 / LogL: -297159.285 / Time: 0h:2m:23s (0h:2m:39s left)
Iteration 80 / LogL: -297219.145 / Time: 0h:2m:40s (0h:2m:16s left)
Iteration 90 / LogL: -297160.372 / Time: 0h:2m:57s (0h:1m:53s left)
Iteration 100 / LogL: -297186.173 / Time: 0h:3m:16s (0h:1m:33s left)
Iteration 110 / LogL: -297181.159 / Time: 0h:3m:33s (0h:1m:12s left)
Estimate model parameters (epsilon = 0.100)
BETTER TREE FOUND at iteration 114: -297151.912
Iteration 120 / LogL: -297157.687 / Time: 0h:3m:51s (0h:3m:2s left)
Iteration 130 / LogL: -297157.331 / Time: 0h:4m:9s (0h:2m:42s left)
Estimate model parameters (epsilon = 0.100)
BETTER TREE FOUND at iteration 132: -297150.740
Iteration 140 / LogL: -297159.229 / Time: 0h:4m:28s (0h:2m:57s left)
Iteration 150 / LogL: -297153.197 / Time: 0h:4m:45s (0h:2m:37s left)
Iteration 160 / LogL: -297152.631 / Time: 0h:5m:3s (0h:2m:17s left)
Iteration 170 / LogL: -297157.698 / Time: 0h:5m:19s (0h:1m:57s left)
Iteration 180 / LogL: -297156.500 / Time: 0h:5m:34s (0h:1m:37s left)
Iteration 190 / LogL: -297160.791 / Time: 0h:5m:51s (0h:1m:18s left)
Iteration 200 / LogL: -297178.721 / Time: 0h:6m:9s (0h:0m:59s left)
Iteration 210 / LogL: -297178.048 / Time: 0h:6m:27s (0h:0m:40s left)
Iteration 220 / LogL: -297209.668 / Time: 0h:6m:43s (0h:0m:22s left)
Iteration 230 / LogL: -297158.085 / Time: 0h:7m:2s (0h:0m:3s left)
TREE SEARCH COMPLETED AFTER 233 ITERATIONS / Time: 0h:7m:7s

--------------------------------------------------------------------
|                    FINALIZING TREE SEARCH                        |
--------------------------------------------------------------------
Performs final model parameters optimization
Estimate model parameters (epsilon = 0.010)
1. Initial log-likelihood: -297150.740
Optimal log-likelihood: -297150.740
Rate parameters:  A-C: 0.97875  A-G: 4.32995  A-T: 0.62455  C-G: 1.32927  C-T: 3.41653  G-T: 1.00000
Base frequencies:  A: 0.267  C: 0.191  G: 0.211  T: 0.331
Gamma shape alpha: 2.742
Parameters optimization took 1 rounds (0.427 sec)
BEST SCORE FOUND : -297150.740
Total tree length: 5.024

Total number of iterations: 233
CPU time used for tree search: 421.669 sec (0h:7m:1s)
Wall-clock time used for tree search: 422.243 sec (0h:7m:2s)
Total CPU time used: 427.653 sec (0h:7m:7s)
Total wall-clock time used: 428.105 sec (0h:7m:8s)

Analysis results written to: 
  IQ-TREE report:                /workspace/IQTree_JarvD5a_Results/intron_2755.iqtree
  Maximum-likelihood tree:       /workspace/IQTree_JarvD5a_Results/intron_2755.treefile
  Likelihood distances:          /workspace/IQTree_JarvD5a_Results/intron_2755.mldist
  Screen log file:               /workspace/IQTree_JarvD5a_Results/intron_2755.log

Date and Time: Sat May 30 02:10:20 2026
