IQ-TREE version 3.1.2 for Linux x86 64-bit built May  7 2026
Developed by Bui Quang Minh, Thomas Wong, Nhan Ly-Trong, Huaiyan Ren
Contributed by Lam-Tung Nguyen, Dominik Schrempf, Chris Bielow,
Olga Chernomor, Michael Woodhams, Diep Thi Hoang, Heiko Schmidt

Host:    8084c4e79f09 (AVX512, FMA3, 1133 GB RAM)
Command: /workspace/iqtree-3.1.2-Linux/bin/iqtree3_intel -s /workspace/NeuralNJ/empirical/JarvD5a/intron_3549.fasta -st DNA -m GTR+G -seed 2201 -pre /workspace/IQTree_JarvD5a_Results/intron_3549 -quiet
Seed:    2201 (Using SPRNG - Scalable Parallel Random Number Generator)
Time:    Sat May 30 07:13:09 2026
Kernel:  AVX+FMA - 1 threads (384 CPU cores detected)

HINT: Use -nt option to specify number of threads because your CPU has 384 cores!
HINT: -nt AUTO will automatically determine the best number of threads to use.

Reading alignment file /workspace/NeuralNJ/empirical/JarvD5a/intron_3549.fasta ... Fasta format detected
Reading fasta file: done in 0.00413299 secs using 53.06% CPU
Alignment most likely contains DNA/RNA sequences
Constructing alignment: done in 0.0124919 secs using 43.35% CPU
Alignment has 48 sequences with 7933 columns, 6752 distinct patterns
4859 parsimony-informative, 1484 singleton sites, 1590 constant sites
       Gap/Ambiguity  Composition  p-value
Analyzing sequences: done in 0.000692129 secs using 99.98% CPU
   1  ACACH   24.49%    failed      0.00%
   2  ANAPL   29.48%    passed     52.50%
   3  APAVI   20.90%    passed     27.59%
   4  APTFO   22.56%    passed     48.91%
   5  BALRE   23.31%    failed      3.48%
   6  BUCRH   20.45%    failed      0.81%
   7  CALAN   25.30%    passed     44.46%
   8  CAPCA   25.36%    passed     65.70%
   9  CARCR   19.36%    passed     27.15%
  10  CATAU   18.27%    failed      1.68%
  11  CHAPE   25.06%    passed     33.04%
  12  CHAVO   23.98%    failed      2.03%
  13  CHLUN   27.88%    passed     14.63%
  14  COLLI   24.59%    passed     76.51%
  15  COLST   29.52%    failed      0.00%
  16  CORBR   32.33%    passed     89.43%
  17  CUCCA   25.05%    passed     59.20%
  18  EGRGA   23.24%    passed     93.28%
  19  EURHE   28.89%    failed      0.00%
  20  FALPE   19.16%    passed     89.55%
  21  FULGL   23.61%    failed      0.28%
  22  GALGA   33.34%    failed      0.07%
  23  GAVST   25.92%    failed      0.26%
  24  GEOFO   33.32%    passed     73.95%
  25  HALAL   19.90%    failed      3.22%
  26  HALLE   20.96%    failed      1.61%
  27  LEPDI   19.97%    failed      0.07%
  28  MANVI   28.09%    passed     60.11%
  29  MELGA   34.29%    passed     10.37%
  30  MELUN   18.91%    passed     48.34%
  31  MERNU   23.36%    passed     51.07%
  32  MESUN   29.99%    failed      0.00%
  33  NESNO   15.78%    passed     44.99%
  34  NIPNI   21.92%    passed     93.91%
  35  OPHHO   19.01%    passed     69.70%
  36  PELCR   21.52%    passed     54.41%
  37  PHACA   24.18%    passed     21.71%
  38  PHALE   22.48%    failed      3.06%
  39  PHORU   21.77%    passed     62.89%
  40  PICPU   50.32%    passed     27.73%
  41  PODCR   23.59%    passed     48.61%
  42  PTEGU   28.64%    failed      0.05%
  43  PYGAD   22.43%    passed     84.69%
  44  STRCA   38.33%    failed      0.00%
  45  TAEGU   34.94%    passed     87.53%
  46  TAUER   22.54%    passed     43.39%
  47  TINMA   48.73%    passed     32.10%
  48  TYTAL   20.28%    passed     82.74%
WARNING: 1 sequences contain more than 50% gaps/ambiguity
****  TOTAL   25.78%  17 sequences failed composition chi2 test (p-value<5%; df=3)
Checking for duplicate sequences: done in 0.000794172 secs using 99.98% CPU

Create initial parsimony tree by phylogenetic likelihood library (PLL)... 0.023 seconds

NOTE: 42 MB RAM (0 GB) is required!
Estimate model parameters (epsilon = 0.100)
1. Initial log-likelihood: -128638.354
2. Current log-likelihood: -120551.376
3. Current log-likelihood: -120361.352
4. Current log-likelihood: -120360.631
Optimal log-likelihood: -120360.615
Rate parameters:  A-C: 1.08135  A-G: 3.69110  A-T: 0.42714  C-G: 1.56158  C-T: 3.47713  G-T: 1.00000
Base frequencies:  A: 0.270  C: 0.184  G: 0.223  T: 0.324
Gamma shape alpha: 2.085
Parameters optimization took 4 rounds (1.569 sec)
Wrote distance file to... 
Computing ML distances based on estimated model parameters...
Calculating distance matrix: done in 0.020705 secs using 100% CPU
Computing ML distances took 0.021923 sec (of wall-clock time) 0.021921 sec (of CPU time)
Setting up auxiliary I and S matrices: done in 0.000271082 secs using 52.38% CPU
Constructing RapidNJ tree: done in 0.000516891 secs using 202.8% CPU
Computing RapidNJ tree took 0.001144 sec (of wall-clock time) 0.001232 sec (of CPU time)
Log-likelihood of RapidNJ tree: -120825.070
--------------------------------------------------------------------
|             INITIALIZING CANDIDATE TREE SET                      |
--------------------------------------------------------------------
Generating 98 parsimony trees... 2.415 second
Computing log-likelihood of 98 initial trees ... 3.728 seconds
Current best score: -120360.615

Do NNI search on 20 best initial trees
Estimate model parameters (epsilon = 0.100)
BETTER TREE FOUND at iteration 1: -120244.154
Estimate model parameters (epsilon = 0.100)
BETTER TREE FOUND at iteration 2: -120195.138
Estimate model parameters (epsilon = 0.100)
BETTER TREE FOUND at iteration 5: -120192.511
Iteration 10 / LogL: -120209.706 / Time: 0h:0m:15s
Iteration 20 / LogL: -120272.996 / Time: 0h:0m:23s
Finish initializing candidate tree set (20)
Current best tree score: -120192.511 / CPU time: 21.268
Number of iterations: 20
--------------------------------------------------------------------
|               OPTIMIZING CANDIDATE TREE SET                      |
--------------------------------------------------------------------
Estimate model parameters (epsilon = 0.100)
BETTER TREE FOUND at iteration 24: -120191.848
Estimate model parameters (epsilon = 0.100)
BETTER TREE FOUND at iteration 28: -120189.916
Iteration 30 / LogL: -120195.937 / Time: 0h:0m:29s (0h:1m:39s left)
Iteration 40 / LogL: -120196.515 / Time: 0h:0m:35s (0h:1m:20s left)
Estimate model parameters (epsilon = 0.100)
BETTER TREE FOUND at iteration 46: -120189.807
Iteration 50 / LogL: -120192.816 / Time: 0h:0m:42s (0h:1m:23s left)
Iteration 60 / LogL: -120189.996 / Time: 0h:0m:48s (0h:1m:10s left)
Iteration 70 / LogL: -120191.705 / Time: 0h:0m:54s (0h:0m:59s left)
Iteration 80 / LogL: -120189.968 / Time: 0h:1m:0s (0h:0m:50s left)
Iteration 90 / LogL: -120189.844 / Time: 0h:1m:6s (0h:0m:42s left)
Estimate model parameters (epsilon = 0.100)
BETTER TREE FOUND at iteration 93: -120188.802
Iteration 100 / LogL: -120190.232 / Time: 0h:1m:13s (0h:1m:8s left)
Iteration 110 / LogL: -120188.994 / Time: 0h:1m:19s (0h:1m:0s left)
Estimate model parameters (epsilon = 0.100)
UPDATE BEST LOG-LIKELIHOOD: -120188.313
Iteration 120 / LogL: -120190.397 / Time: 0h:1m:25s (0h:0m:52s left)
Iteration 130 / LogL: -120188.976 / Time: 0h:1m:31s (0h:0m:44s left)
Iteration 140 / LogL: -120189.445 / Time: 0h:1m:37s (0h:0m:37s left)
Iteration 150 / LogL: -120188.664 / Time: 0h:1m:43s (0h:0m:29s left)
Iteration 160 / LogL: -120188.747 / Time: 0h:1m:49s (0h:0m:22s left)
Iteration 170 / LogL: -120188.971 / Time: 0h:1m:56s (0h:0m:15s left)
Iteration 180 / LogL: -120189.201 / Time: 0h:2m:2s (0h:0m:8s left)
Iteration 190 / LogL: -120192.556 / Time: 0h:2m:8s (0h:0m:2s left)
TREE SEARCH COMPLETED AFTER 194 ITERATIONS / Time: 0h:2m:11s

--------------------------------------------------------------------
|                    FINALIZING TREE SEARCH                        |
--------------------------------------------------------------------
Performs final model parameters optimization
Estimate model parameters (epsilon = 0.010)
1. Initial log-likelihood: -120188.313
Optimal log-likelihood: -120188.310
Rate parameters:  A-C: 1.08420  A-G: 3.69756  A-T: 0.42733  C-G: 1.55290  C-T: 3.48287  G-T: 1.00000
Base frequencies:  A: 0.270  C: 0.184  G: 0.223  T: 0.324
Gamma shape alpha: 2.104
Parameters optimization took 1 rounds (0.176 sec)
BEST SCORE FOUND : -120188.310
Total tree length: 5.571

Total number of iterations: 194
CPU time used for tree search: 129.310 sec (0h:2m:9s)
Wall-clock time used for tree search: 129.501 sec (0h:2m:9s)
Total CPU time used: 131.478 sec (0h:2m:11s)
Total wall-clock time used: 131.506 sec (0h:2m:11s)

Analysis results written to: 
  IQ-TREE report:                /workspace/IQTree_JarvD5a_Results/intron_3549.iqtree
  Maximum-likelihood tree:       /workspace/IQTree_JarvD5a_Results/intron_3549.treefile
  Likelihood distances:          /workspace/IQTree_JarvD5a_Results/intron_3549.mldist
  Screen log file:               /workspace/IQTree_JarvD5a_Results/intron_3549.log

Date and Time: Sat May 30 07:15:21 2026
