IQ-TREE version 3.1.2 for Linux x86 64-bit built May  7 2026
Developed by Bui Quang Minh, Thomas Wong, Nhan Ly-Trong, Huaiyan Ren
Contributed by Lam-Tung Nguyen, Dominik Schrempf, Chris Bielow,
Olga Chernomor, Michael Woodhams, Diep Thi Hoang, Heiko Schmidt

Host:    8084c4e79f09 (AVX512, FMA3, 1133 GB RAM)
Command: /workspace/iqtree-3.1.2-Linux/bin/iqtree3_intel -s /workspace/NeuralNJ/empirical/JarvD5a/intron_1782.fasta -st DNA -m GTR+G -seed 2201 -pre /workspace/IQTree_JarvD5a_Results/intron_1782 -quiet
Seed:    2201 (Using SPRNG - Scalable Parallel Random Number Generator)
Time:    Fri May 29 18:26:51 2026
Kernel:  AVX+FMA - 1 threads (384 CPU cores detected)

HINT: Use -nt option to specify number of threads because your CPU has 384 cores!
HINT: -nt AUTO will automatically determine the best number of threads to use.

Reading alignment file /workspace/NeuralNJ/empirical/JarvD5a/intron_1782.fasta ... Fasta format detected
Reading fasta file: done in 0.00483799 secs using 80.82% CPU
Alignment most likely contains DNA/RNA sequences
Constructing alignment: done in 0.0139468 secs using 63.25% CPU
Alignment has 47 sequences with 6630 columns, 5260 distinct patterns
3345 parsimony-informative, 1631 singleton sites, 1654 constant sites
       Gap/Ambiguity  Composition  p-value
Analyzing sequences: done in 0.000617027 secs using 99.83% CPU
   1  ACACH   45.66%    failed      0.00%
   2  ANAPL   32.02%    passed     45.33%
   3  APAVI   70.32%    passed      5.92%
   4  APTFO   26.80%    passed     91.38%
   5  BALRE   28.39%    passed     94.36%
   6  BUCRH   77.96%    passed     84.71%
   7  CALAN   73.89%    passed     13.07%
   8  CAPCA   36.43%    passed     30.68%
   9  CARCR   44.03%    passed     99.56%
  10  CATAU   27.10%    passed     86.81%
  11  CHAPE   64.18%    passed     43.98%
  12  CHAVO   28.31%    passed     98.76%
  13  CHLUN   37.63%    passed     44.79%
  14  COLLI   43.36%    passed     66.44%
  15  COLST   25.31%    passed     74.52%
  16  CORBR   34.68%    passed     53.10%
  17  CUCCA   41.52%    passed     86.05%
  18  EGRGA   18.87%    passed     61.61%
  19  EURHE   32.10%    passed     98.60%
  20  FALPE   19.71%    passed      9.33%
  21  FULGL   28.28%    passed     78.65%
  22  GALGA   37.69%    passed     15.37%
  23  GAVST   19.62%    passed     83.56%
  24  GEOFO   49.55%    passed     84.34%
  25  HALAL   26.88%    passed     74.13%
  26  HALLE   26.88%    passed     69.05%
  27  LEPDI   28.52%    passed     60.04%
  28  MANVI   33.30%    failed      2.62%
  29  MELGA   39.03%    failed      0.72%
  30  MELUN   30.94%    passed     42.90%
  31  MERNU   44.33%    passed     72.73%
  32  MESUN   19.77%    passed     20.40%
  33  NESNO   28.67%    passed     58.36%
  34  NIPNI   43.83%    passed     98.61%
  35  OPHHO   33.80%    passed     34.63%
  36  PELCR   29.32%    passed     91.45%
  37  PHACA   43.45%    passed     86.06%
  38  PHALE   31.51%    passed     90.62%
  39  PHORU   27.16%    passed     40.32%
  40  PICPU   65.05%    passed     94.26%
  41  PTEGU   21.83%    passed     63.71%
  42  PYGAD   26.73%    passed     86.85%
  43  STRCA   26.52%    passed     61.76%
  44  TAEGU   49.61%    passed     96.61%
  45  TAUER   28.58%    passed     80.40%
  46  TINMA   31.57%    passed     34.10%
  47  TYTAL   27.59%    passed     29.50%
WARNING: 5 sequences contain more than 50% gaps/ambiguity
****  TOTAL   36.35%  3 sequences failed composition chi2 test (p-value<5%; df=3)
Checking for duplicate sequences: done in 0.000724077 secs using 99.71% CPU

Create initial parsimony tree by phylogenetic likelihood library (PLL)... 0.026 seconds

NOTE: 32 MB RAM (0 GB) is required!
Estimate model parameters (epsilon = 0.100)
1. Initial log-likelihood: -85708.852
2. Current log-likelihood: -80952.927
3. Current log-likelihood: -79794.102
4. Current log-likelihood: -79772.620
Optimal log-likelihood: -79772.527
Rate parameters:  A-C: 1.10681  A-G: 3.62165  A-T: 0.63291  C-G: 1.60049  C-T: 3.27780  G-T: 1.00000
Base frequencies:  A: 0.321  C: 0.159  G: 0.176  T: 0.344
Gamma shape alpha: 3.410
Parameters optimization took 4 rounds (1.393 sec)
Wrote distance file to... 
Computing ML distances based on estimated model parameters...
Calculating distance matrix: done in 0.0140769 secs using 99.96% CPU
Computing ML distances took 0.014961 sec (of wall-clock time) 0.014954 sec (of CPU time)
Setting up auxiliary I and S matrices: done in 0.000238895 secs using 97.53% CPU
Constructing RapidNJ tree: done in 0.000492096 secs using 10.16% CPU
Computing RapidNJ tree took 0.000775 sec (of wall-clock time) 0.000319 sec (of CPU time)
Log-likelihood of RapidNJ tree: -80186.251
--------------------------------------------------------------------
|             INITIALIZING CANDIDATE TREE SET                      |
--------------------------------------------------------------------
Generating 98 parsimony trees... 1.742 second
Computing log-likelihood of 98 initial trees ... 2.892 seconds
Current best score: -79772.527

Do NNI search on 20 best initial trees
Estimate model parameters (epsilon = 0.100)
BETTER TREE FOUND at iteration 1: -79740.531
Estimate model parameters (epsilon = 0.100)
BETTER TREE FOUND at iteration 2: -79722.943
Estimate model parameters (epsilon = 0.100)
BETTER TREE FOUND at iteration 3: -79716.339
Estimate model parameters (epsilon = 0.100)
BETTER TREE FOUND at iteration 4: -79714.110
Estimate model parameters (epsilon = 0.100)
BETTER TREE FOUND at iteration 8: -79710.629
Estimate model parameters (epsilon = 0.100)
BETTER TREE FOUND at iteration 9: -79701.386
Iteration 10 / LogL: -79736.095 / Time: 0h:0m:12s
Iteration 20 / LogL: -79740.881 / Time: 0h:0m:18s
Finish initializing candidate tree set (20)
Current best tree score: -79701.386 / CPU time: 17.248
Number of iterations: 20
--------------------------------------------------------------------
|               OPTIMIZING CANDIDATE TREE SET                      |
--------------------------------------------------------------------
Estimate model parameters (epsilon = 0.100)
BETTER TREE FOUND at iteration 25: -79697.165
Iteration 30 / LogL: -79723.685 / Time: 0h:0m:23s (0h:1m:18s left)
Estimate model parameters (epsilon = 0.100)
BETTER TREE FOUND at iteration 34: -79695.411
Iteration 40 / LogL: -79767.650 / Time: 0h:0m:29s (0h:1m:11s left)
Estimate model parameters (epsilon = 0.100)
BETTER TREE FOUND at iteration 43: -79694.647
Estimate model parameters (epsilon = 0.100)
BETTER TREE FOUND at iteration 50: -79692.805
Iteration 50 / LogL: -79692.805 / Time: 0h:0m:35s (0h:1m:11s left)
Iteration 60 / LogL: -79695.508 / Time: 0h:0m:40s (0h:1m:1s left)
Estimate model parameters (epsilon = 0.100)
BETTER TREE FOUND at iteration 62: -79692.161
Iteration 70 / LogL: -79694.423 / Time: 0h:0m:46s (0h:1m:1s left)
Estimate model parameters (epsilon = 0.100)
BETTER TREE FOUND at iteration 71: -79691.204
Iteration 80 / LogL: -79692.164 / Time: 0h:0m:51s (0h:0m:58s left)
Iteration 90 / LogL: -79691.951 / Time: 0h:0m:55s (0h:0m:50s left)
Iteration 100 / LogL: -79691.222 / Time: 0h:1m:1s (0h:0m:44s left)
Estimate model parameters (epsilon = 0.100)
BETTER TREE FOUND at iteration 105: -79690.943
Iteration 110 / LogL: -79695.577 / Time: 0h:1m:6s (0h:0m:58s left)
Estimate model parameters (epsilon = 0.100)
BETTER TREE FOUND at iteration 118: -79690.896
Iteration 120 / LogL: -79691.024 / Time: 0h:1m:12s (0h:0m:59s left)
Estimate model parameters (epsilon = 0.100)
BETTER TREE FOUND at iteration 125: -79690.758
BETTER TREE FOUND at iteration 130: -79690.757
Iteration 130 / LogL: -79690.757 / Time: 0h:1m:18s (0h:1m:0s left)
Estimate model parameters (epsilon = 0.100)
BETTER TREE FOUND at iteration 135: -79690.124
Iteration 140 / LogL: -79690.945 / Time: 0h:1m:23s (0h:0m:57s left)
Iteration 150 / LogL: -79693.964 / Time: 0h:1m:28s (0h:0m:50s left)
Iteration 160 / LogL: -79713.464 / Time: 0h:1m:33s (0h:0m:44s left)
Iteration 170 / LogL: -79691.748 / Time: 0h:1m:38s (0h:0m:38s left)
Iteration 180 / LogL: -79690.956 / Time: 0h:1m:44s (0h:0m:31s left)
Iteration 190 / LogL: -79702.978 / Time: 0h:1m:49s (0h:0m:26s left)
Iteration 200 / LogL: -79763.422 / Time: 0h:1m:54s (0h:0m:20s left)
Iteration 210 / LogL: -79690.956 / Time: 0h:1m:59s (0h:0m:14s left)
Iteration 220 / LogL: -79691.225 / Time: 0h:2m:5s (0h:0m:8s left)
Iteration 230 / LogL: -79690.126 / Time: 0h:2m:10s (0h:0m:2s left)
TREE SEARCH COMPLETED AFTER 236 ITERATIONS / Time: 0h:2m:13s

--------------------------------------------------------------------
|                    FINALIZING TREE SEARCH                        |
--------------------------------------------------------------------
Performs final model parameters optimization
Estimate model parameters (epsilon = 0.010)
1. Initial log-likelihood: -79690.124
Optimal log-likelihood: -79690.124
Rate parameters:  A-C: 1.08953  A-G: 3.55705  A-T: 0.62140  C-G: 1.57309  C-T: 3.24237  G-T: 1.00000
Base frequencies:  A: 0.321  C: 0.159  G: 0.176  T: 0.344
Gamma shape alpha: 3.421
Parameters optimization took 1 rounds (0.120 sec)
BEST SCORE FOUND : -79690.124
Total tree length: 4.577

Total number of iterations: 236
CPU time used for tree search: 132.174 sec (0h:2m:12s)
Wall-clock time used for tree search: 132.181 sec (0h:2m:12s)
Total CPU time used: 134.012 sec (0h:2m:14s)
Total wall-clock time used: 133.900 sec (0h:2m:13s)

Analysis results written to: 
  IQ-TREE report:                /workspace/IQTree_JarvD5a_Results/intron_1782.iqtree
  Maximum-likelihood tree:       /workspace/IQTree_JarvD5a_Results/intron_1782.treefile
  Likelihood distances:          /workspace/IQTree_JarvD5a_Results/intron_1782.mldist
  Screen log file:               /workspace/IQTree_JarvD5a_Results/intron_1782.log

Date and Time: Fri May 29 18:29:05 2026
