IQ-TREE version 3.1.2 for Linux x86 64-bit built May  7 2026
Developed by Bui Quang Minh, Thomas Wong, Nhan Ly-Trong, Huaiyan Ren
Contributed by Lam-Tung Nguyen, Dominik Schrempf, Chris Bielow,
Olga Chernomor, Michael Woodhams, Diep Thi Hoang, Heiko Schmidt

Host:    8084c4e79f09 (AVX512, FMA3, 1133 GB RAM)
Command: /workspace/iqtree-3.1.2-Linux/bin/iqtree3_intel -s /workspace/NeuralNJ/empirical/JarvD5a/intron_11646.fasta -st DNA -m GTR+G -seed 2201 -pre /workspace/IQTree_JarvD5a_Results/intron_11646 -quiet
Seed:    2201 (Using SPRNG - Scalable Parallel Random Number Generator)
Time:    Fri May 29 01:04:36 2026
Kernel:  AVX+FMA - 1 threads (384 CPU cores detected)

HINT: Use -nt option to specify number of threads because your CPU has 384 cores!
HINT: -nt AUTO will automatically determine the best number of threads to use.

Reading alignment file /workspace/NeuralNJ/empirical/JarvD5a/intron_11646.fasta ... Fasta format detected
Reading fasta file: done in 0.00117588 secs using 47.2% CPU
Alignment most likely contains DNA/RNA sequences
Constructing alignment: done in 0.00326085 secs using 67.96% CPU
Alignment has 44 sequences with 1884 columns, 1635 distinct patterns
1191 parsimony-informative, 289 singleton sites, 404 constant sites
       Gap/Ambiguity  Composition  p-value
Analyzing sequences: done in 0.000206947 secs using 99.54% CPU
   1  ACACH   22.40%    passed     16.89%
   2  ANAPL   14.17%    passed     53.72%
   3  APAVI   14.49%    passed     73.36%
   4  APTFO   14.44%    passed     79.36%
   5  BALRE   15.98%    passed     60.40%
   6  CALAN   78.13%    passed     41.04%
   7  CAPCA   21.23%    passed     99.93%
   8  CARCR   12.53%    passed     29.11%
   9  CHAPE   18.37%    passed     72.05%
  10  CHAVO   14.60%    passed     51.72%
  11  CHLUN   15.61%    passed     65.34%
  12  COLLI   16.08%    passed     46.97%
  13  COLST   22.77%    passed     88.00%
  14  CORBR   20.17%    passed     92.04%
  15  CUCCA   16.51%    passed     79.81%
  16  EGRGA   14.92%    passed     68.23%
  17  EURHE   28.40%    failed      1.52%
  18  FALPE   19.80%    passed     76.99%
  19  FULGL   36.09%    passed     78.05%
  20  GALGA   20.91%    passed     75.26%
  21  GAVST   15.55%    passed     89.15%
  22  GEOFO   22.72%    passed     95.26%
  23  HALAL   23.04%    passed     72.87%
  24  HALLE   23.04%    passed     74.57%
  25  LEPDI   17.46%    passed     37.76%
  26  MANVI   22.29%    passed     98.46%
  27  MELGA   19.64%    passed     71.04%
  28  MELUN   16.51%    passed     54.81%
  29  MERNU   19.16%    passed     17.40%
  30  MESUN   14.97%    passed     47.56%
  31  NESNO   16.19%    passed     96.66%
  32  NIPNI   13.00%    passed     79.12%
  33  OPHHO   14.23%    passed     51.20%
  34  PHACA   19.59%    passed     57.92%
  35  PHALE   17.36%    passed     45.62%
  36  PHORU   15.29%    passed     69.16%
  37  PICPU   25.37%    failed      0.00%
  38  PODCR   15.92%    passed     14.39%
  39  PTEGU   40.07%    passed     27.56%
  40  PYGAD   14.28%    passed     90.88%
  41  STRCA   19.16%    passed     74.22%
  42  TAEGU   22.13%    passed     87.89%
  43  TINMA   24.84%    passed     38.76%
  44  TYTAL   17.14%    passed     81.56%
WARNING: 1 sequences contain more than 50% gaps/ambiguity
****  TOTAL   20.60%  2 sequences failed composition chi2 test (p-value<5%; df=3)
Checking for duplicate sequences: done in 0.000247002 secs using 100% CPU

Create initial parsimony tree by phylogenetic likelihood library (PLL)... 0.007 seconds

NOTE: 9 MB RAM (0 GB) is required!
Estimate model parameters (epsilon = 0.100)
1. Initial log-likelihood: -31487.031
2. Current log-likelihood: -29731.373
3. Current log-likelihood: -29698.328
4. Current log-likelihood: -29698.044
Optimal log-likelihood: -29698.031
Rate parameters:  A-C: 0.77567  A-G: 3.22276  A-T: 0.45878  C-G: 1.33362  C-T: 3.29905  G-T: 1.00000
Base frequencies:  A: 0.284  C: 0.188  G: 0.234  T: 0.293
Gamma shape alpha: 1.412
Parameters optimization took 4 rounds (0.357 sec)
Wrote distance file to... 
Computing ML distances based on estimated model parameters...
Calculating distance matrix: done in 0.00602889 secs using 99.72% CPU
Computing ML distances took 0.006283 sec (of wall-clock time) 0.006252 sec (of CPU time)
Setting up auxiliary I and S matrices: done in 0.000102997 secs using 30.1% CPU
Constructing RapidNJ tree: done in 0.000174046 secs using 94.23% CPU
Computing RapidNJ tree took 0.000332 sec (of wall-clock time) 0.000242 sec (of CPU time)
Log-likelihood of RapidNJ tree: -29730.507
--------------------------------------------------------------------
|             INITIALIZING CANDIDATE TREE SET                      |
--------------------------------------------------------------------
Generating 98 parsimony trees... 0.546 second
Computing log-likelihood of 98 initial trees ... 0.824 seconds
Current best score: -29698.031

Do NNI search on 20 best initial trees
Estimate model parameters (epsilon = 0.100)
BETTER TREE FOUND at iteration 1: -29680.420
Estimate model parameters (epsilon = 0.100)
BETTER TREE FOUND at iteration 2: -29625.737
Iteration 10 / LogL: -29652.779 / Time: 0h:0m:3s
Iteration 20 / LogL: -29659.807 / Time: 0h:0m:5s
Finish initializing candidate tree set (20)
Current best tree score: -29625.737 / CPU time: 5.133
Number of iterations: 20
--------------------------------------------------------------------
|               OPTIMIZING CANDIDATE TREE SET                      |
--------------------------------------------------------------------
Estimate model parameters (epsilon = 0.100)
BETTER TREE FOUND at iteration 24: -29625.519
Estimate model parameters (epsilon = 0.100)
BETTER TREE FOUND at iteration 28: -29620.705
Iteration 30 / LogL: -29625.815 / Time: 0h:0m:7s (0h:0m:24s left)
Estimate model parameters (epsilon = 0.100)
BETTER TREE FOUND at iteration 37: -29619.604
Iteration 40 / LogL: -29621.349 / Time: 0h:0m:9s (0h:0m:22s left)
Estimate model parameters (epsilon = 0.100)
BETTER TREE FOUND at iteration 43: -29617.678
Estimate model parameters (epsilon = 0.100)
BETTER TREE FOUND at iteration 44: -29616.134
Iteration 50 / LogL: -29617.029 / Time: 0h:0m:11s (0h:0m:21s left)
Estimate model parameters (epsilon = 0.100)
BETTER TREE FOUND at iteration 51: -29615.489
Iteration 60 / LogL: -29622.334 / Time: 0h:0m:12s (0h:0m:19s left)
Estimate model parameters (epsilon = 0.100)
BETTER TREE FOUND at iteration 62: -29615.214
Iteration 70 / LogL: -29615.216 / Time: 0h:0m:14s (0h:0m:19s left)
Estimate model parameters (epsilon = 0.100)
BETTER TREE FOUND at iteration 71: -29614.956
Iteration 80 / LogL: -29617.499 / Time: 0h:0m:16s (0h:0m:19s left)
Iteration 90 / LogL: -29615.744 / Time: 0h:0m:18s (0h:0m:16s left)
Iteration 100 / LogL: -29615.229 / Time: 0h:0m:20s (0h:0m:14s left)
Iteration 110 / LogL: -29614.964 / Time: 0h:0m:21s (0h:0m:12s left)
Estimate model parameters (epsilon = 0.100)
BETTER TREE FOUND at iteration 115: -29614.765
UPDATE BEST LOG-LIKELIHOOD: -29614.765
Iteration 120 / LogL: -29614.765 / Time: 0h:0m:23s (0h:0m:18s left)
Iteration 130 / LogL: -29615.008 / Time: 0h:0m:25s (0h:0m:16s left)
Estimate model parameters (epsilon = 0.100)
BETTER TREE FOUND at iteration 137: -29613.700
Iteration 140 / LogL: -29615.266 / Time: 0h:0m:27s (0h:0m:19s left)
Iteration 150 / LogL: -29615.263 / Time: 0h:0m:29s (0h:0m:16s left)
Estimate model parameters (epsilon = 0.100)
BETTER TREE FOUND at iteration 154: -29610.666
Iteration 160 / LogL: -29624.334 / Time: 0h:0m:30s (0h:0m:18s left)
Estimate model parameters (epsilon = 0.100)
BETTER TREE FOUND at iteration 170: -29609.797
Iteration 170 / LogL: -29609.797 / Time: 0h:0m:32s (0h:0m:19s left)
Iteration 180 / LogL: -29610.371 / Time: 0h:0m:34s (0h:0m:17s left)
Estimate model parameters (epsilon = 0.100)
BETTER TREE FOUND at iteration 190: -29609.618
Iteration 190 / LogL: -29609.618 / Time: 0h:0m:35s (0h:0m:19s left)
Estimate model parameters (epsilon = 0.100)
BETTER TREE FOUND at iteration 198: -29608.005
Iteration 200 / LogL: -29614.082 / Time: 0h:0m:37s (0h:0m:18s left)
Estimate model parameters (epsilon = 0.100)
BETTER TREE FOUND at iteration 210: -29607.624
Iteration 210 / LogL: -29607.624 / Time: 0h:0m:39s (0h:0m:18s left)
Iteration 220 / LogL: -29608.006 / Time: 0h:0m:41s (0h:0m:16s left)
Iteration 230 / LogL: -29610.451 / Time: 0h:0m:42s (0h:0m:14s left)
UPDATE BEST LOG-LIKELIHOOD: -29607.624
Iteration 240 / LogL: -29608.542 / Time: 0h:0m:44s (0h:0m:13s left)
Iteration 250 / LogL: -29608.011 / Time: 0h:0m:46s (0h:0m:11s left)
Iteration 260 / LogL: -29608.035 / Time: 0h:0m:47s (0h:0m:9s left)
Iteration 270 / LogL: -29616.143 / Time: 0h:0m:49s (0h:0m:7s left)
Iteration 280 / LogL: -29610.395 / Time: 0h:0m:50s (0h:0m:5s left)
UPDATE BEST LOG-LIKELIHOOD: -29607.624
Iteration 290 / LogL: -29609.386 / Time: 0h:0m:52s (0h:0m:3s left)
UPDATE BEST LOG-LIKELIHOOD: -29607.624
Iteration 300 / LogL: -29607.624 / Time: 0h:0m:54s (0h:0m:1s left)
Estimate model parameters (epsilon = 0.100)
BETTER TREE FOUND at iteration 305: -29606.513
Iteration 310 / LogL: -29614.669 / Time: 0h:0m:55s (0h:0m:17s left)
Iteration 320 / LogL: -29614.564 / Time: 0h:0m:57s (0h:0m:15s left)
Iteration 330 / LogL: -29608.012 / Time: 0h:0m:59s (0h:0m:13s left)
Iteration 340 / LogL: -29607.652 / Time: 0h:1m:0s (0h:0m:11s left)
Iteration 350 / LogL: -29618.047 / Time: 0h:1m:2s (0h:0m:9s left)
Iteration 360 / LogL: -29607.630 / Time: 0h:1m:4s (0h:0m:8s left)
Iteration 370 / LogL: -29608.040 / Time: 0h:1m:5s (0h:0m:6s left)
Iteration 380 / LogL: -29609.422 / Time: 0h:1m:7s (0h:0m:4s left)
Iteration 390 / LogL: -29612.573 / Time: 0h:1m:9s (0h:0m:2s left)
Iteration 400 / LogL: -29607.629 / Time: 0h:1m:10s (0h:0m:0s left)
TREE SEARCH COMPLETED AFTER 406 ITERATIONS / Time: 0h:1m:11s

--------------------------------------------------------------------
|                    FINALIZING TREE SEARCH                        |
--------------------------------------------------------------------
Performs final model parameters optimization
Estimate model parameters (epsilon = 0.010)
1. Initial log-likelihood: -29606.513
Optimal log-likelihood: -29606.511
Rate parameters:  A-C: 0.81354  A-G: 3.41970  A-T: 0.47761  C-G: 1.36871  C-T: 3.47466  G-T: 1.00000
Base frequencies:  A: 0.284  C: 0.188  G: 0.234  T: 0.293
Gamma shape alpha: 1.420
Parameters optimization took 1 rounds (0.036 sec)
BEST SCORE FOUND : -29606.511
Total tree length: 5.567

Total number of iterations: 406
CPU time used for tree search: 71.353 sec (0h:1m:11s)
Wall-clock time used for tree search: 71.248 sec (0h:1m:11s)
Total CPU time used: 71.862 sec (0h:1m:11s)
Total wall-clock time used: 71.716 sec (0h:1m:11s)

Analysis results written to: 
  IQ-TREE report:                /workspace/IQTree_JarvD5a_Results/intron_11646.iqtree
  Maximum-likelihood tree:       /workspace/IQTree_JarvD5a_Results/intron_11646.treefile
  Likelihood distances:          /workspace/IQTree_JarvD5a_Results/intron_11646.mldist
  Screen log file:               /workspace/IQTree_JarvD5a_Results/intron_11646.log

Date and Time: Fri May 29 01:05:48 2026
