IQ-TREE version 3.1.2 for Linux x86 64-bit built May  7 2026
Developed by Bui Quang Minh, Thomas Wong, Nhan Ly-Trong, Huaiyan Ren
Contributed by Lam-Tung Nguyen, Dominik Schrempf, Chris Bielow,
Olga Chernomor, Michael Woodhams, Diep Thi Hoang, Heiko Schmidt

Host:    8084c4e79f09 (AVX512, FMA3, 1133 GB RAM)
Command: /workspace/iqtree-3.1.2-Linux/bin/iqtree3_intel -s /workspace/NeuralNJ/empirical/JarvD5a/intron_12110.fasta -st DNA -m GTR+G -seed 2201 -pre /workspace/IQTree_JarvD5a_Results/intron_12110 -quiet
Seed:    2201 (Using SPRNG - Scalable Parallel Random Number Generator)
Time:    Fri May 29 04:08:39 2026
Kernel:  AVX+FMA - 1 threads (384 CPU cores detected)

HINT: Use -nt option to specify number of threads because your CPU has 384 cores!
HINT: -nt AUTO will automatically determine the best number of threads to use.

Reading alignment file /workspace/NeuralNJ/empirical/JarvD5a/intron_12110.fasta ... Fasta format detected
Reading fasta file: done in 0.00295806 secs using 97.53% CPU
Alignment most likely contains DNA/RNA sequences
Constructing alignment: done in 0.0107338 secs using 44.25% CPU
Alignment has 44 sequences with 6686 columns, 5825 distinct patterns
3914 parsimony-informative, 1482 singleton sites, 1290 constant sites
       Gap/Ambiguity  Composition  p-value
Analyzing sequences: done in 0.000664949 secs using 100% CPU
   1  ACACH   37.09%    passed      8.44%
   2  APAVI   47.05%    passed     21.03%
   3  APTFO   18.25%    passed     48.23%
   4  BALRE   22.38%    passed     72.14%
   5  BUCRH   21.06%    passed     52.78%
   6  CALAN   20.58%    passed     52.23%
   7  CAPCA   19.19%    passed     89.39%
   8  CARCR   19.67%    passed     26.35%
   9  CATAU   18.52%    passed     98.51%
  10  CHAPE   19.55%    passed     80.20%
  11  CHAVO   21.69%    passed     94.98%
  12  CHLUN   27.07%    passed     34.79%
  13  COLLI   21.84%    passed     90.63%
  14  COLST   31.74%    passed     76.95%
  15  CORBR   43.91%    passed     64.60%
  16  CUCCA   21.00%    passed     99.88%
  17  EGRGA   18.82%    passed     96.73%
  18  EURHE   28.01%    failed      0.50%
  19  FALPE   19.56%    passed     83.08%
  20  FULGL   19.01%    passed     70.85%
  21  GALGA   23.68%    passed     68.80%
  22  GAVST   18.49%    passed     24.33%
  23  GEOFO   29.54%    passed     50.94%
  24  HALAL   17.41%    passed     28.26%
  25  HALLE   17.36%    passed     28.59%
  26  LEPDI   21.97%    failed      0.00%
  27  MANVI   21.70%    passed     67.24%
  28  MELGA   21.82%    passed     55.04%
  29  MELUN   22.78%    passed     32.49%
  30  MESUN   25.34%    passed     67.05%
  31  NESNO   51.02%    passed     42.65%
  32  NIPNI   20.39%    passed     83.38%
  33  OPHHO   22.63%    passed     49.98%
  34  PELCR   47.20%    passed     66.23%
  35  PHACA   38.18%    passed     76.47%
  36  PHALE   18.62%    passed     63.70%
  37  PHORU   19.59%    passed     50.30%
  38  PODCR   18.34%    passed     51.89%
  39  PTEGU   20.39%    passed     36.80%
  40  PYGAD   17.81%    passed     44.47%
  41  STRCA   35.40%    passed     31.79%
  42  TAUER   22.15%    passed     30.70%
  43  TINMA   60.36%    passed     11.65%
  44  TYTAL   34.33%    passed     99.53%
WARNING: 2 sequences contain more than 50% gaps/ambiguity
****  TOTAL   25.97%  2 sequences failed composition chi2 test (p-value<5%; df=3)
Checking for duplicate sequences: done in 0.000529051 secs using 99.99% CPU

Create initial parsimony tree by phylogenetic likelihood library (PLL)... 0.015 seconds

NOTE: 33 MB RAM (0 GB) is required!
Estimate model parameters (epsilon = 0.100)
1. Initial log-likelihood: -98281.267
2. Current log-likelihood: -92016.684
3. Current log-likelihood: -91933.190
4. Current log-likelihood: -91933.060
Optimal log-likelihood: -91933.054
Rate parameters:  A-C: 0.99625  A-G: 3.52906  A-T: 0.51164  C-G: 1.39537  C-T: 3.14050  G-T: 1.00000
Base frequencies:  A: 0.299  C: 0.166  G: 0.193  T: 0.343
Gamma shape alpha: 2.609
Parameters optimization took 4 rounds (1.337 sec)
Wrote distance file to... 
Computing ML distances based on estimated model parameters...
Calculating distance matrix: done in 0.014791 secs using 99.91% CPU
Computing ML distances took 0.015709 sec (of wall-clock time) 0.015693 sec (of CPU time)
Setting up auxiliary I and S matrices: done in 0.000217915 secs using 138.1% CPU
Constructing RapidNJ tree: done in 0.000453949 secs using 57.05% CPU
Computing RapidNJ tree took 0.000751 sec (of wall-clock time) 0.000597 sec (of CPU time)
Log-likelihood of RapidNJ tree: -92394.783
--------------------------------------------------------------------
|             INITIALIZING CANDIDATE TREE SET                      |
--------------------------------------------------------------------
Generating 98 parsimony trees... 1.791 second
Computing log-likelihood of 98 initial trees ... 2.924 seconds
Current best score: -91933.054

Do NNI search on 20 best initial trees
Estimate model parameters (epsilon = 0.100)
BETTER TREE FOUND at iteration 1: -91825.180
Estimate model parameters (epsilon = 0.100)
BETTER TREE FOUND at iteration 2: -91796.430
Iteration 10 / LogL: -91836.408 / Time: 0h:0m:12s
Estimate model parameters (epsilon = 0.100)
BETTER TREE FOUND at iteration 12: -91794.123
Iteration 20 / LogL: -91843.145 / Time: 0h:0m:19s
Finish initializing candidate tree set (20)
Current best tree score: -91794.123 / CPU time: 18.192
Number of iterations: 20
--------------------------------------------------------------------
|               OPTIMIZING CANDIDATE TREE SET                      |
--------------------------------------------------------------------
Estimate model parameters (epsilon = 0.100)
BETTER TREE FOUND at iteration 26: -91791.836
Iteration 30 / LogL: -91796.940 / Time: 0h:0m:25s (0h:1m:24s left)
Iteration 40 / LogL: -91793.353 / Time: 0h:0m:30s (0h:1m:6s left)
Iteration 50 / LogL: -91792.122 / Time: 0h:0m:34s (0h:0m:53s left)
Estimate model parameters (epsilon = 0.100)
BETTER TREE FOUND at iteration 60: -91791.513
Iteration 60 / LogL: -91791.513 / Time: 0h:0m:39s (0h:1m:7s left)
Estimate model parameters (epsilon = 0.100)
BETTER TREE FOUND at iteration 63: -91791.273
Iteration 70 / LogL: -91791.293 / Time: 0h:0m:45s (0h:1m:0s left)
Iteration 80 / LogL: -91792.399 / Time: 0h:0m:50s (0h:0m:52s left)
Iteration 90 / LogL: -91796.286 / Time: 0h:0m:55s (0h:0m:45s left)
Iteration 100 / LogL: -91801.559 / Time: 0h:1m:0s (0h:0m:38s left)
Iteration 110 / LogL: -91791.289 / Time: 0h:1m:5s (0h:0m:31s left)
Iteration 120 / LogL: -91792.085 / Time: 0h:1m:10s (0h:0m:25s left)
Iteration 130 / LogL: -91791.530 / Time: 0h:1m:15s (0h:0m:19s left)
Iteration 140 / LogL: -91794.227 / Time: 0h:1m:19s (0h:0m:13s left)
Iteration 150 / LogL: -91791.567 / Time: 0h:1m:25s (0h:0m:7s left)
Estimate model parameters (epsilon = 0.100)
BETTER TREE FOUND at iteration 152: -91789.043
Iteration 160 / LogL: -91794.223 / Time: 0h:1m:30s (0h:0m:52s left)
Estimate model parameters (epsilon = 0.100)
BETTER TREE FOUND at iteration 162: -91788.767
Iteration 170 / LogL: -91793.412 / Time: 0h:1m:35s (0h:0m:51s left)
Estimate model parameters (epsilon = 0.100)
BETTER TREE FOUND at iteration 176: -91786.781
Iteration 180 / LogL: -91788.776 / Time: 0h:1m:40s (0h:0m:53s left)
Iteration 190 / LogL: -91786.783 / Time: 0h:1m:44s (0h:0m:47s left)
Iteration 200 / LogL: -91786.786 / Time: 0h:1m:49s (0h:0m:41s left)
Iteration 210 / LogL: -91786.782 / Time: 0h:1m:54s (0h:0m:36s left)
Iteration 220 / LogL: -91799.655 / Time: 0h:1m:59s (0h:0m:30s left)
Iteration 230 / LogL: -91797.037 / Time: 0h:2m:4s (0h:0m:24s left)
Iteration 240 / LogL: -91789.059 / Time: 0h:2m:8s (0h:0m:19s left)
UPDATE BEST LOG-LIKELIHOOD: -91786.780
Iteration 250 / LogL: -91788.858 / Time: 0h:2m:14s (0h:0m:14s left)
Iteration 260 / LogL: -91786.785 / Time: 0h:2m:19s (0h:0m:8s left)
Iteration 270 / LogL: -91786.992 / Time: 0h:2m:24s (0h:0m:3s left)
TREE SEARCH COMPLETED AFTER 277 ITERATIONS / Time: 0h:2m:28s

--------------------------------------------------------------------
|                    FINALIZING TREE SEARCH                        |
--------------------------------------------------------------------
Performs final model parameters optimization
Estimate model parameters (epsilon = 0.010)
1. Initial log-likelihood: -91786.780
Optimal log-likelihood: -91786.776
Rate parameters:  A-C: 0.99294  A-G: 3.53677  A-T: 0.50535  C-G: 1.40475  C-T: 3.14911  G-T: 1.00000
Base frequencies:  A: 0.299  C: 0.166  G: 0.193  T: 0.343
Gamma shape alpha: 2.618
Parameters optimization took 1 rounds (0.131 sec)
BEST SCORE FOUND : -91786.776
Total tree length: 4.839

Total number of iterations: 277
CPU time used for tree search: 146.539 sec (0h:2m:26s)
Wall-clock time used for tree search: 146.559 sec (0h:2m:26s)
Total CPU time used: 148.320 sec (0h:2m:28s)
Total wall-clock time used: 148.219 sec (0h:2m:28s)

Analysis results written to: 
  IQ-TREE report:                /workspace/IQTree_JarvD5a_Results/intron_12110.iqtree
  Maximum-likelihood tree:       /workspace/IQTree_JarvD5a_Results/intron_12110.treefile
  Likelihood distances:          /workspace/IQTree_JarvD5a_Results/intron_12110.mldist
  Screen log file:               /workspace/IQTree_JarvD5a_Results/intron_12110.log

Date and Time: Fri May 29 04:11:07 2026
