IQ-TREE version 3.1.2 for Linux x86 64-bit built May  7 2026
Developed by Bui Quang Minh, Thomas Wong, Nhan Ly-Trong, Huaiyan Ren
Contributed by Lam-Tung Nguyen, Dominik Schrempf, Chris Bielow,
Olga Chernomor, Michael Woodhams, Diep Thi Hoang, Heiko Schmidt

Host:    8084c4e79f09 (AVX512, FMA3, 1133 GB RAM)
Command: /workspace/iqtree-3.1.2-Linux/bin/iqtree3_intel -s /workspace/NeuralNJ/empirical/JarvD5a/intron_13022.fasta -st DNA -m GTR+G -seed 2201 -pre /workspace/IQTree_JarvD5a_Results/intron_13022 -quiet
Seed:    2201 (Using SPRNG - Scalable Parallel Random Number Generator)
Time:    Fri May 29 09:47:29 2026
Kernel:  AVX+FMA - 1 threads (384 CPU cores detected)

HINT: Use -nt option to specify number of threads because your CPU has 384 cores!
HINT: -nt AUTO will automatically determine the best number of threads to use.

Reading alignment file /workspace/NeuralNJ/empirical/JarvD5a/intron_13022.fasta ... Fasta format detected
Reading fasta file: done in 0.00154209 secs using 86.31% CPU
Alignment most likely contains DNA/RNA sequences
Constructing alignment: done in 0.00289583 secs using 45.17% CPU
Alignment has 45 sequences with 2021 columns, 1752 distinct patterns
1128 parsimony-informative, 465 singleton sites, 428 constant sites
       Gap/Ambiguity  Composition  p-value
Analyzing sequences: done in 0.000158072 secs using 99.95% CPU
   1  ACACH   17.86%    passed     60.89%
   2  ANAPL   17.12%    passed     71.76%
   3  APAVI   27.96%    passed     96.95%
   4  APTFO   16.82%    passed     99.56%
   5  BALRE   17.62%    passed     90.07%
   6  BUCRH   23.35%    passed     96.82%
   7  CALAN   17.91%    passed     97.78%
   8  CAPCA   21.33%    passed     88.32%
   9  CATAU   17.12%    passed     87.75%
  10  CHAPE   18.85%    passed     73.31%
  11  CHAVO   17.22%    passed     88.77%
  12  CHLUN   18.31%    passed     95.33%
  13  COLLI   18.36%    passed     86.52%
  14  CORBR   23.16%    passed     17.55%
  15  CUCCA   19.00%    passed     28.96%
  16  EGRGA   17.66%    passed     56.08%
  17  EURHE   10.59%    passed     16.39%
  18  FALPE   19.59%    passed     34.94%
  19  FULGL   16.38%    passed     98.98%
  20  GALGA   47.80%    passed     60.61%
  21  GEOFO   19.59%    failed      4.55%
  22  HALAL   16.43%    passed     86.98%
  23  HALLE   16.48%    passed     86.65%
  24  LEPDI   18.80%    passed     63.94%
  25  MANVI   17.02%    passed     61.85%
  26  MELGA   56.01%    passed      8.81%
  27  MELUN   18.85%    passed     89.76%
  28  MERNU   21.33%    passed     63.91%
  29  MESUN   17.52%    passed     98.93%
  30  NESNO   33.50%    passed     61.44%
  31  NIPNI   15.93%    passed     49.02%
  32  OPHHO   17.37%    passed     78.69%
  33  PELCR   29.05%    passed     87.87%
  34  PHACA   17.52%    passed     97.35%
  35  PHALE   17.76%    passed     99.97%
  36  PHORU   17.27%    passed     92.65%
  37  PICPU   46.36%    passed     14.42%
  38  PODCR   21.82%    passed     88.90%
  39  PTEGU   17.37%    passed     90.51%
  40  PYGAD   16.58%    passed     98.18%
  41  STRCA   95.15%    passed      7.62%
  42  TAEGU   19.84%    passed      6.44%
  43  TAUER   17.27%    passed     37.91%
  44  TINMA   42.85%    passed     14.53%
  45  TYTAL   16.87%    passed     78.45%
WARNING: 2 sequences contain more than 50% gaps/ambiguity
****  TOTAL   23.30%  1 sequences failed composition chi2 test (p-value<5%; df=3)
Checking for duplicate sequences: done in 0.000201941 secs using 100% CPU

Create initial parsimony tree by phylogenetic likelihood library (PLL)... 0.004 seconds

NOTE: 10 MB RAM (0 GB) is required!
Estimate model parameters (epsilon = 0.100)
1. Initial log-likelihood: -28539.900
2. Current log-likelihood: -26762.932
3. Current log-likelihood: -26739.490
4. Current log-likelihood: -26737.972
5. Current log-likelihood: -26737.799
Optimal log-likelihood: -26737.762
Rate parameters:  A-C: 0.86706  A-G: 3.93650  A-T: 0.62687  C-G: 1.36926  C-T: 3.80735  G-T: 1.00000
Base frequencies:  A: 0.293  C: 0.233  G: 0.195  T: 0.280
Gamma shape alpha: 2.445
Parameters optimization took 5 rounds (0.393 sec)
Wrote distance file to... 
Computing ML distances based on estimated model parameters...
Calculating distance matrix: done in 0.00631404 secs using 99.98% CPU
Computing ML distances took 0.006560 sec (of wall-clock time) 0.006546 sec (of CPU time)
Setting up auxiliary I and S matrices: done in 0.000207186 secs using 94.12% CPU
Constructing RapidNJ tree: done in 0.000360012 secs using 257.2% CPU
Computing RapidNJ tree took 0.000643 sec (of wall-clock time) 0.001205 sec (of CPU time)
Log-likelihood of RapidNJ tree: -26823.093
--------------------------------------------------------------------
|             INITIALIZING CANDIDATE TREE SET                      |
--------------------------------------------------------------------
Generating 98 parsimony trees... 0.578 second
Computing log-likelihood of 98 initial trees ... 0.886 seconds
Current best score: -26737.762

Do NNI search on 20 best initial trees
Estimate model parameters (epsilon = 0.100)
BETTER TREE FOUND at iteration 1: -26728.981
Estimate model parameters (epsilon = 0.100)
BETTER TREE FOUND at iteration 2: -26720.684
Estimate model parameters (epsilon = 0.100)
BETTER TREE FOUND at iteration 3: -26717.053
Estimate model parameters (epsilon = 0.100)
BETTER TREE FOUND at iteration 4: -26709.910
Iteration 10 / LogL: -26720.966 / Time: 0h:0m:3s
Estimate model parameters (epsilon = 0.100)
BETTER TREE FOUND at iteration 11: -26706.576
Iteration 20 / LogL: -26713.291 / Time: 0h:0m:4s
Finish initializing candidate tree set (20)
Current best tree score: -26706.576 / CPU time: 4.491
Number of iterations: 20
--------------------------------------------------------------------
|               OPTIMIZING CANDIDATE TREE SET                      |
--------------------------------------------------------------------
Estimate model parameters (epsilon = 0.100)
BETTER TREE FOUND at iteration 25: -26705.078
Iteration 30 / LogL: -26709.504 / Time: 0h:0m:6s (0h:0m:22s left)
Estimate model parameters (epsilon = 0.100)
BETTER TREE FOUND at iteration 31: -26701.535
Iteration 40 / LogL: -26706.061 / Time: 0h:0m:8s (0h:0m:19s left)
Estimate model parameters (epsilon = 0.100)
BETTER TREE FOUND at iteration 42: -26700.370
Estimate model parameters (epsilon = 0.100)
BETTER TREE FOUND at iteration 49: -26700.283
Iteration 50 / LogL: -27022.423 / Time: 0h:0m:10s (0h:0m:20s left)
Iteration 60 / LogL: -26751.219 / Time: 0h:0m:11s (0h:0m:17s left)
Estimate model parameters (epsilon = 0.100)
BETTER TREE FOUND at iteration 62: -26695.905
Iteration 70 / LogL: -26696.683 / Time: 0h:0m:13s (0h:0m:17s left)
Estimate model parameters (epsilon = 0.100)
BETTER TREE FOUND at iteration 77: -26694.793
Iteration 80 / LogL: -26699.085 / Time: 0h:0m:14s (0h:0m:18s left)
Iteration 90 / LogL: -26703.548 / Time: 0h:0m:16s (0h:0m:16s left)
Estimate model parameters (epsilon = 0.100)
BETTER TREE FOUND at iteration 92: -26694.456
Iteration 100 / LogL: -26695.468 / Time: 0h:0m:18s (0h:0m:16s left)
Estimate model parameters (epsilon = 0.100)
BETTER TREE FOUND at iteration 110: -26693.814
Iteration 110 / LogL: -26693.814 / Time: 0h:0m:19s (0h:0m:18s left)
UPDATE BEST LOG-LIKELIHOOD: -26693.813
Iteration 120 / LogL: -26694.461 / Time: 0h:0m:21s (0h:0m:16s left)
BETTER TREE FOUND at iteration 127: -26693.804
Estimate model parameters (epsilon = 0.100)
BETTER TREE FOUND at iteration 129: -26693.713
Iteration 130 / LogL: -26694.718 / Time: 0h:0m:22s (0h:0m:17s left)
Iteration 140 / LogL: -26693.715 / Time: 0h:0m:24s (0h:0m:15s left)
Iteration 150 / LogL: -26693.848 / Time: 0h:0m:26s (0h:0m:13s left)
Iteration 160 / LogL: -26698.830 / Time: 0h:0m:27s (0h:0m:12s left)
Iteration 170 / LogL: -26699.874 / Time: 0h:0m:29s (0h:0m:10s left)
Iteration 180 / LogL: -26694.843 / Time: 0h:0m:30s (0h:0m:8s left)
Iteration 190 / LogL: -26694.383 / Time: 0h:0m:32s (0h:0m:6s left)
Iteration 200 / LogL: -26693.718 / Time: 0h:0m:33s (0h:0m:4s left)
Iteration 210 / LogL: -26693.794 / Time: 0h:0m:35s (0h:0m:3s left)
Iteration 220 / LogL: -26695.258 / Time: 0h:0m:37s (0h:0m:1s left)
Iteration 230 / LogL: -26694.696 / Time: 0h:0m:38s (0h:0m:-1s left)
TREE SEARCH COMPLETED AFTER 230 ITERATIONS / Time: 0h:0m:38s

--------------------------------------------------------------------
|                    FINALIZING TREE SEARCH                        |
--------------------------------------------------------------------
Performs final model parameters optimization
Estimate model parameters (epsilon = 0.010)
1. Initial log-likelihood: -26693.713
Optimal log-likelihood: -26693.712
Rate parameters:  A-C: 0.87844  A-G: 3.99454  A-T: 0.61555  C-G: 1.35521  C-T: 3.82790  G-T: 1.00000
Base frequencies:  A: 0.293  C: 0.233  G: 0.195  T: 0.280
Gamma shape alpha: 2.414
Parameters optimization took 1 rounds (0.037 sec)
BEST SCORE FOUND : -26693.712
Total tree length: 4.214

Total number of iterations: 230
CPU time used for tree search: 38.140 sec (0h:0m:38s)
Wall-clock time used for tree search: 38.036 sec (0h:0m:38s)
Total CPU time used: 38.706 sec (0h:0m:38s)
Total wall-clock time used: 38.552 sec (0h:0m:38s)

Analysis results written to: 
  IQ-TREE report:                /workspace/IQTree_JarvD5a_Results/intron_13022.iqtree
  Maximum-likelihood tree:       /workspace/IQTree_JarvD5a_Results/intron_13022.treefile
  Likelihood distances:          /workspace/IQTree_JarvD5a_Results/intron_13022.mldist
  Screen log file:               /workspace/IQTree_JarvD5a_Results/intron_13022.log

Date and Time: Fri May 29 09:48:08 2026
