IQ-TREE version 3.1.2 for Linux x86 64-bit built May  7 2026
Developed by Bui Quang Minh, Thomas Wong, Nhan Ly-Trong, Huaiyan Ren
Contributed by Lam-Tung Nguyen, Dominik Schrempf, Chris Bielow,
Olga Chernomor, Michael Woodhams, Diep Thi Hoang, Heiko Schmidt

Host:    8084c4e79f09 (AVX512, FMA3, 1133 GB RAM)
Command: /workspace/iqtree-3.1.2-Linux/bin/iqtree3_intel -s /workspace/NeuralNJ/empirical/JarvD5a/intron_1701.fasta -st DNA -m GTR+G -seed 2201 -pre /workspace/IQTree_JarvD5a_Results/intron_1701 -quiet
Seed:    2201 (Using SPRNG - Scalable Parallel Random Number Generator)
Time:    Fri May 29 17:59:30 2026
Kernel:  AVX+FMA - 1 threads (384 CPU cores detected)

HINT: Use -nt option to specify number of threads because your CPU has 384 cores!
HINT: -nt AUTO will automatically determine the best number of threads to use.

Reading alignment file /workspace/NeuralNJ/empirical/JarvD5a/intron_1701.fasta ... Fasta format detected
Reading fasta file: done in 0.00150204 secs using 72.04% CPU
Alignment most likely contains DNA/RNA sequences
Constructing alignment: done in 0.00300813 secs using 31.45% CPU
Alignment has 46 sequences with 1730 columns, 1531 distinct patterns
1032 parsimony-informative, 348 singleton sites, 350 constant sites
       Gap/Ambiguity  Composition  p-value
Analyzing sequences: done in 0.000203848 secs using 26% CPU
   1  ACACH   17.57%    passed     88.15%
   2  ANAPL   22.08%    failed      0.42%
   3  APAVI   23.12%    passed     61.17%
   4  APTFO   22.31%    passed     75.08%
   5  BALRE   23.24%    passed     10.50%
   6  BUCRH   76.30%    passed     78.06%
   7  CALAN   26.24%    passed     67.03%
   8  CAPCA   24.80%    passed     36.14%
   9  CARCR   23.29%    passed     39.58%
  10  CHAPE   23.64%    failed      0.24%
  11  CHAVO   22.66%    passed     85.33%
  12  CHLUN   23.18%    passed     89.17%
  13  COLLI   27.63%    passed     51.80%
  14  COLST   24.28%    passed     63.94%
  15  CORBR   19.31%    passed     37.33%
  16  CUCCA   26.71%    passed     86.06%
  17  EGRGA   25.26%    passed     78.32%
  18  EURHE   23.41%    failed      0.66%
  19  FALPE   23.93%    passed     55.67%
  20  FULGL   23.47%    passed     77.55%
  21  GALGA   74.05%    passed     72.83%
  22  GAVST   23.93%    passed     78.68%
  23  GEOFO   63.87%    failed      2.53%
  24  HALAL   23.99%    passed     77.65%
  25  HALLE   67.23%    passed     70.34%
  26  LEPDI   22.83%    passed     56.80%
  27  MANVI   23.24%    passed     88.86%
  28  MELGA   35.66%    passed     16.48%
  29  MELUN   28.32%    passed     87.58%
  30  MERNU   27.86%    passed     39.52%
  31  MESUN   47.92%    passed     81.21%
  32  NESNO   29.54%    passed     47.00%
  33  NIPNI   22.02%    passed     61.63%
  34  OPHHO   21.50%    passed     41.19%
  35  PELCR   23.29%    passed     19.42%
  36  PHACA   22.89%    passed     97.64%
  37  PHALE   26.13%    passed     75.77%
  38  PHORU   21.73%    passed     83.78%
  39  PICPU   64.39%    failed      0.00%
  40  PODCR   23.47%    passed     79.59%
  41  PTEGU   26.94%    passed     87.93%
  42  PYGAD   22.25%    passed     64.23%
  43  STRCA   54.62%    passed      8.85%
  44  TAUER   25.03%    passed     79.71%
  45  TINMA   24.28%    failed      0.03%
  46  TYTAL   24.28%    passed     67.26%
WARNING: 6 sequences contain more than 50% gaps/ambiguity
****  TOTAL   30.30%  6 sequences failed composition chi2 test (p-value<5%; df=3)
Checking for duplicate sequences: done in 0.000230074 secs

Create initial parsimony tree by phylogenetic likelihood library (PLL)... 0.007 seconds

NOTE: 9 MB RAM (0 GB) is required!
Estimate model parameters (epsilon = 0.100)
1. Initial log-likelihood: -26268.930
2. Current log-likelihood: -24728.509
3. Current log-likelihood: -24506.463
4. Current log-likelihood: -24502.818
Optimal log-likelihood: -24502.771
Rate parameters:  A-C: 0.79826  A-G: 3.11973  A-T: 0.40236  C-G: 1.11726  C-T: 2.20522  G-T: 1.00000
Base frequencies:  A: 0.266  C: 0.208  G: 0.189  T: 0.336
Gamma shape alpha: 3.652
Parameters optimization took 4 rounds (0.420 sec)
Wrote distance file to... 
Computing ML distances based on estimated model parameters...
Calculating distance matrix: done in 0.00555706 secs using 99.48% CPU
Computing ML distances took 0.005784 sec (of wall-clock time) 0.005740 sec (of CPU time)
Setting up auxiliary I and S matrices: done in 0.000241995 secs
Constructing RapidNJ tree: done in 0.000417948 secs using 122% CPU
Computing RapidNJ tree took 0.000732 sec (of wall-clock time) 0.000523 sec (of CPU time)
Log-likelihood of RapidNJ tree: -24865.791
--------------------------------------------------------------------
|             INITIALIZING CANDIDATE TREE SET                      |
--------------------------------------------------------------------
Generating 98 parsimony trees... 0.529 second
Computing log-likelihood of 98 initial trees ... 0.798 seconds
Current best score: -24502.771

Do NNI search on 20 best initial trees
Estimate model parameters (epsilon = 0.100)
BETTER TREE FOUND at iteration 1: -24480.802
Estimate model parameters (epsilon = 0.100)
BETTER TREE FOUND at iteration 2: -24464.390
Estimate model parameters (epsilon = 0.100)
BETTER TREE FOUND at iteration 4: -24463.637
Iteration 10 / LogL: -24473.187 / Time: 0h:0m:4s
Estimate model parameters (epsilon = 0.100)
BETTER TREE FOUND at iteration 19: -24463.226
Iteration 20 / LogL: -24498.668 / Time: 0h:0m:6s
Finish initializing candidate tree set (20)
Current best tree score: -24463.226 / CPU time: 5.708
Number of iterations: 20
--------------------------------------------------------------------
|               OPTIMIZING CANDIDATE TREE SET                      |
--------------------------------------------------------------------
Estimate model parameters (epsilon = 0.100)
BETTER TREE FOUND at iteration 23: -24462.484
Estimate model parameters (epsilon = 0.100)
BETTER TREE FOUND at iteration 26: -24462.001
Iteration 30 / LogL: -24472.216 / Time: 0h:0m:8s (0h:0m:26s left)
Estimate model parameters (epsilon = 0.100)
BETTER TREE FOUND at iteration 38: -24461.787
Iteration 40 / LogL: -24462.233 / Time: 0h:0m:9s (0h:0m:24s left)
Estimate model parameters (epsilon = 0.100)
BETTER TREE FOUND at iteration 41: -24461.771
Iteration 50 / LogL: -24462.102 / Time: 0h:0m:11s (0h:0m:20s left)
Iteration 60 / LogL: -24462.473 / Time: 0h:0m:12s (0h:0m:17s left)
Iteration 70 / LogL: -24461.937 / Time: 0h:0m:14s (0h:0m:14s left)
UPDATE BEST LOG-LIKELIHOOD: -24461.771
Iteration 80 / LogL: -24462.886 / Time: 0h:0m:15s (0h:0m:12s left)
Iteration 90 / LogL: -24462.067 / Time: 0h:0m:17s (0h:0m:10s left)
Estimate model parameters (epsilon = 0.100)
BETTER TREE FOUND at iteration 95: -24460.985
Iteration 100 / LogL: -24461.904 / Time: 0h:0m:19s (0h:0m:18s left)
Iteration 110 / LogL: -24461.792 / Time: 0h:0m:20s (0h:0m:16s left)
Estimate model parameters (epsilon = 0.100)
BETTER TREE FOUND at iteration 114: -24460.037
Iteration 120 / LogL: -24461.825 / Time: 0h:0m:22s (0h:0m:17s left)
Estimate model parameters (epsilon = 0.100)
BETTER TREE FOUND at iteration 121: -24457.815
Iteration 130 / LogL: -24460.223 / Time: 0h:0m:24s (0h:0m:17s left)
Estimate model parameters (epsilon = 0.100)
BETTER TREE FOUND at iteration 136: -24456.542
Iteration 140 / LogL: -24458.154 / Time: 0h:0m:25s (0h:0m:17s left)
Iteration 150 / LogL: -24458.316 / Time: 0h:0m:27s (0h:0m:15s left)
Estimate model parameters (epsilon = 0.100)
UPDATE BEST LOG-LIKELIHOOD: -24456.511
Estimate model parameters (epsilon = 0.100)
BETTER TREE FOUND at iteration 156: -24456.105
Iteration 160 / LogL: -24456.829 / Time: 0h:0m:29s (0h:0m:17s left)
Estimate model parameters (epsilon = 0.100)
BETTER TREE FOUND at iteration 164: -24455.647
Estimate model parameters (epsilon = 0.100)
BETTER TREE FOUND at iteration 165: -24455.470
Iteration 170 / LogL: -24456.525 / Time: 0h:0m:31s (0h:0m:17s left)
Estimate model parameters (epsilon = 0.100)
BETTER TREE FOUND at iteration 174: -24453.830
Iteration 180 / LogL: -24455.918 / Time: 0h:0m:32s (0h:0m:17s left)
UPDATE BEST LOG-LIKELIHOOD: -24453.829
UPDATE BEST LOG-LIKELIHOOD: -24453.829
Iteration 190 / LogL: -24468.469 / Time: 0h:0m:34s (0h:0m:15s left)
Iteration 200 / LogL: -24455.951 / Time: 0h:0m:36s (0h:0m:13s left)
Iteration 210 / LogL: -24455.707 / Time: 0h:0m:37s (0h:0m:11s left)
Iteration 220 / LogL: -24458.069 / Time: 0h:0m:39s (0h:0m:9s left)
Estimate model parameters (epsilon = 0.100)
BETTER TREE FOUND at iteration 225: -24453.695
Estimate model parameters (epsilon = 0.100)
BETTER TREE FOUND at iteration 227: -24453.586
Iteration 230 / LogL: -24459.664 / Time: 0h:0m:41s (0h:0m:17s left)
Iteration 240 / LogL: -24460.165 / Time: 0h:0m:42s (0h:0m:15s left)
Iteration 250 / LogL: -24453.728 / Time: 0h:0m:44s (0h:0m:13s left)
Iteration 260 / LogL: -24462.607 / Time: 0h:0m:46s (0h:0m:11s left)
Iteration 270 / LogL: -24457.018 / Time: 0h:0m:47s (0h:0m:10s left)
UPDATE BEST LOG-LIKELIHOOD: -24453.586
Iteration 280 / LogL: -24453.586 / Time: 0h:0m:49s (0h:0m:8s left)
Iteration 290 / LogL: -24453.586 / Time: 0h:0m:51s (0h:0m:6s left)
Iteration 300 / LogL: -24453.663 / Time: 0h:0m:52s (0h:0m:4s left)
Iteration 310 / LogL: -24454.627 / Time: 0h:0m:54s (0h:0m:2s left)
Iteration 320 / LogL: -24455.024 / Time: 0h:0m:56s (0h:0m:1s left)
TREE SEARCH COMPLETED AFTER 328 ITERATIONS / Time: 0h:0m:57s

--------------------------------------------------------------------
|                    FINALIZING TREE SEARCH                        |
--------------------------------------------------------------------
Performs final model parameters optimization
Estimate model parameters (epsilon = 0.010)
1. Initial log-likelihood: -24453.586
Optimal log-likelihood: -24453.586
Rate parameters:  A-C: 0.80841  A-G: 3.18198  A-T: 0.40927  C-G: 1.12047  C-T: 2.24161  G-T: 1.00000
Base frequencies:  A: 0.266  C: 0.208  G: 0.189  T: 0.336
Gamma shape alpha: 3.672
Parameters optimization took 1 rounds (0.034 sec)
BEST SCORE FOUND : -24453.586
Total tree length: 5.915

Total number of iterations: 328
CPU time used for tree search: 56.703 sec (0h:0m:56s)
Wall-clock time used for tree search: 56.702 sec (0h:0m:56s)
Total CPU time used: 57.347 sec (0h:0m:57s)
Total wall-clock time used: 57.274 sec (0h:0m:57s)

Analysis results written to: 
  IQ-TREE report:                /workspace/IQTree_JarvD5a_Results/intron_1701.iqtree
  Maximum-likelihood tree:       /workspace/IQTree_JarvD5a_Results/intron_1701.treefile
  Likelihood distances:          /workspace/IQTree_JarvD5a_Results/intron_1701.mldist
  Screen log file:               /workspace/IQTree_JarvD5a_Results/intron_1701.log

Date and Time: Fri May 29 18:00:28 2026
