IQ-TREE version 3.1.2 for Linux x86 64-bit built May  7 2026
Developed by Bui Quang Minh, Thomas Wong, Nhan Ly-Trong, Huaiyan Ren
Contributed by Lam-Tung Nguyen, Dominik Schrempf, Chris Bielow,
Olga Chernomor, Michael Woodhams, Diep Thi Hoang, Heiko Schmidt

Host:    8084c4e79f09 (AVX512, FMA3, 1133 GB RAM)
Command: /workspace/iqtree-3.1.2-Linux/bin/iqtree3_intel -s /workspace/NeuralNJ/empirical/JarvD5a/intron_11691.fasta -st DNA -m GTR+G -seed 2201 -pre /workspace/IQTree_JarvD5a_Results/intron_11691 -quiet
Seed:    2201 (Using SPRNG - Scalable Parallel Random Number Generator)
Time:    Fri May 29 01:14:22 2026
Kernel:  AVX+FMA - 1 threads (384 CPU cores detected)

HINT: Use -nt option to specify number of threads because your CPU has 384 cores!
HINT: -nt AUTO will automatically determine the best number of threads to use.

Reading alignment file /workspace/NeuralNJ/empirical/JarvD5a/intron_11691.fasta ... Fasta format detected
Reading fasta file: done in 0.0139661 secs using 80.13% CPU
Alignment most likely contains DNA/RNA sequences
Constructing alignment: done in 0.048104 secs using 50.35% CPU
Alignment has 46 sequences with 29749 columns, 23229 distinct patterns
15801 parsimony-informative, 6732 singleton sites, 7216 constant sites
       Gap/Ambiguity  Composition  p-value
Analyzing sequences: done in 0.00328803 secs using 66.18% CPU
   1  ACACH   43.29%    passed     23.84%
   2  ANAPL   33.17%    passed     82.75%
   3  APAVI   27.90%    passed     82.32%
   4  APTFO   21.25%    passed     28.32%
   5  BALRE   57.64%    failed      0.05%
   6  BUCRH   45.37%    passed      7.84%
   7  CALAN   32.30%    passed     64.60%
   8  CAPCA   24.27%    passed      6.75%
   9  CARCR   23.70%    passed     40.09%
  10  CATAU   25.50%    passed     99.40%
  11  CHAPE   32.44%    failed      3.25%
  12  CHAVO   25.15%    failed      0.00%
  13  CHLUN   26.03%    passed     64.56%
  14  COLLI   28.41%    passed     15.25%
  15  COLST   57.47%    passed     29.02%
  16  CORBR   34.34%    failed      0.45%
  17  CUCCA   31.19%    failed      4.96%
  18  EGRGA   28.13%    passed      7.71%
  19  EURHE   30.41%    failed      0.00%
  20  FALPE   24.23%    passed     14.21%
  21  FULGL   28.31%    passed     67.22%
  22  GALGA   34.32%    failed      0.31%
  23  GAVST   24.98%    passed     61.12%
  24  GEOFO   28.83%    failed      2.75%
  25  HALAL   19.52%    passed     11.88%
  26  HALLE   19.78%    passed      8.57%
  27  LEPDI   25.39%    passed     92.41%
  28  MANVI   47.23%    failed      0.45%
  29  MELGA   60.59%    failed      0.00%
  30  MELUN   31.75%    passed     33.04%
  31  MERNU   32.21%    passed     22.15%
  32  MESUN   41.50%    passed     56.20%
  33  NESNO   35.80%    passed     52.30%
  34  NIPNI   22.74%    passed     67.60%
  35  OPHHO   26.04%    failed      0.00%
  36  PELCR   40.26%    passed     72.28%
  37  PHACA   24.40%    passed     26.89%
  38  PHALE   29.30%    passed     97.82%
  39  PHORU   27.54%    passed     84.99%
  40  PICPU   36.68%    passed     21.65%
  41  PTEGU   30.86%    passed     75.14%
  42  PYGAD   21.67%    passed     42.93%
  43  STRCA   28.69%    passed     12.85%
  44  TAUER   44.98%    failed      4.44%
  45  TINMA   52.94%    passed     84.69%
  46  TYTAL   30.88%    failed      0.14%
WARNING: 4 sequences contain more than 50% gaps/ambiguity
****  TOTAL   32.60%  13 sequences failed composition chi2 test (p-value<5%; df=3)
Checking for duplicate sequences: done in 0.00260997 secs using 99.69% CPU

Create initial parsimony tree by phylogenetic likelihood library (PLL)... 0.081 seconds

NOTE: 138 MB RAM (0 GB) is required!
Estimate model parameters (epsilon = 0.100)
1. Initial log-likelihood: -405200.963
2. Current log-likelihood: -378917.140
3. Current log-likelihood: -378483.642
4. Current log-likelihood: -378483.204
Optimal log-likelihood: -378483.199
Rate parameters:  A-C: 1.06922  A-G: 3.65303  A-T: 0.60926  C-G: 1.35180  C-T: 3.42304  G-T: 1.00000
Base frequencies:  A: 0.289  C: 0.190  G: 0.197  T: 0.324
Gamma shape alpha: 2.833
Parameters optimization took 4 rounds (6.604 sec)
Wrote distance file to... 
Computing ML distances based on estimated model parameters...
Calculating distance matrix: done in 0.0542359 secs using 99.99% CPU
Computing ML distances took 0.058861 sec (of wall-clock time) 0.058847 sec (of CPU time)
Setting up auxiliary I and S matrices: done in 0.000209093 secs using 462% CPU
Constructing RapidNJ tree: done in 0.000217915 secs
Computing RapidNJ tree took 0.000570 sec (of wall-clock time) 0.000971 sec (of CPU time)
Log-likelihood of RapidNJ tree: -380255.342
--------------------------------------------------------------------
|             INITIALIZING CANDIDATE TREE SET                      |
--------------------------------------------------------------------
Generating 98 parsimony trees... 8.496 second
Computing log-likelihood of 98 initial trees ... 14.315 seconds
Current best score: -378483.199

Do NNI search on 20 best initial trees
Estimate model parameters (epsilon = 0.100)
BETTER TREE FOUND at iteration 1: -378396.485
Estimate model parameters (epsilon = 0.100)
BETTER TREE FOUND at iteration 2: -378214.763
Estimate model parameters (epsilon = 0.100)
BETTER TREE FOUND at iteration 3: -378208.941
Estimate model parameters (epsilon = 0.100)
BETTER TREE FOUND at iteration 4: -378206.627
Iteration 10 / LogL: -378206.632 / Time: 0h:0m:55s
Iteration 20 / LogL: -378359.280 / Time: 0h:1m:19s
Finish initializing candidate tree set (17)
Current best tree score: -378206.627 / CPU time: 71.954
Number of iterations: 20
--------------------------------------------------------------------
|               OPTIMIZING CANDIDATE TREE SET                      |
--------------------------------------------------------------------
Iteration 30 / LogL: -378207.241 / Time: 0h:1m:39s (0h:4m:14s left)
Iteration 40 / LogL: -378227.306 / Time: 0h:2m:0s (0h:3m:18s left)
Estimate model parameters (epsilon = 0.100)
BETTER TREE FOUND at iteration 42: -378206.114
Iteration 50 / LogL: -378208.865 / Time: 0h:2m:21s (0h:4m:25s left)
Estimate model parameters (epsilon = 0.100)
BETTER TREE FOUND at iteration 59: -378201.008
Iteration 60 / LogL: -378207.621 / Time: 0h:2m:41s (0h:4m:29s left)
Iteration 70 / LogL: -378203.173 / Time: 0h:3m:2s (0h:3m:55s left)
Iteration 80 / LogL: -378206.571 / Time: 0h:3m:24s (0h:3m:24s left)
Iteration 90 / LogL: -378206.638 / Time: 0h:3m:44s (0h:2m:53s left)
Iteration 100 / LogL: -378206.568 / Time: 0h:4m:3s (0h:2m:25s left)
Iteration 110 / LogL: -378212.146 / Time: 0h:4m:22s (0h:1m:58s left)
Iteration 120 / LogL: -378206.260 / Time: 0h:4m:45s (0h:1m:33s left)
Iteration 130 / LogL: -378202.704 / Time: 0h:5m:6s (0h:1m:8s left)
Iteration 140 / LogL: -378203.146 / Time: 0h:5m:30s (0h:0m:45s left)
Iteration 150 / LogL: -378202.712 / Time: 0h:5m:50s (0h:0m:21s left)
Iteration 160 / LogL: -378203.043 / Time: 0h:6m:10s (0h:0m:-3s left)
TREE SEARCH COMPLETED AFTER 160 ITERATIONS / Time: 0h:6m:10s

--------------------------------------------------------------------
|                    FINALIZING TREE SEARCH                        |
--------------------------------------------------------------------
Performs final model parameters optimization
Estimate model parameters (epsilon = 0.010)
1. Initial log-likelihood: -378201.008
Optimal log-likelihood: -378201.005
Rate parameters:  A-C: 1.06828  A-G: 3.65023  A-T: 0.60892  C-G: 1.34915  C-T: 3.43083  G-T: 1.00000
Base frequencies:  A: 0.289  C: 0.190  G: 0.197  T: 0.324
Gamma shape alpha: 2.853
Parameters optimization took 1 rounds (0.560 sec)
BEST SCORE FOUND : -378201.005
Total tree length: 4.648

Total number of iterations: 160
CPU time used for tree search: 362.006 sec (0h:6m:2s)
Wall-clock time used for tree search: 362.762 sec (0h:6m:2s)
Total CPU time used: 370.074 sec (0h:6m:10s)
Total wall-clock time used: 370.732 sec (0h:6m:10s)

Analysis results written to: 
  IQ-TREE report:                /workspace/IQTree_JarvD5a_Results/intron_11691.iqtree
  Maximum-likelihood tree:       /workspace/IQTree_JarvD5a_Results/intron_11691.treefile
  Likelihood distances:          /workspace/IQTree_JarvD5a_Results/intron_11691.mldist
  Screen log file:               /workspace/IQTree_JarvD5a_Results/intron_11691.log

Date and Time: Fri May 29 01:20:33 2026
