IQ-TREE version 3.1.2 for Linux x86 64-bit built May  7 2026
Developed by Bui Quang Minh, Thomas Wong, Nhan Ly-Trong, Huaiyan Ren
Contributed by Lam-Tung Nguyen, Dominik Schrempf, Chris Bielow,
Olga Chernomor, Michael Woodhams, Diep Thi Hoang, Heiko Schmidt

Host:    8084c4e79f09 (AVX512, FMA3, 1133 GB RAM)
Command: /workspace/iqtree-3.1.2-Linux/bin/iqtree3_intel -s /workspace/NeuralNJ/empirical/JarvD5a/intron_11733.fasta -st DNA -m GTR+G -seed 2201 -pre /workspace/IQTree_JarvD5a_Results/intron_11733 -quiet
Seed:    2201 (Using SPRNG - Scalable Parallel Random Number Generator)
Time:    Fri May 29 01:39:44 2026
Kernel:  AVX+FMA - 1 threads (384 CPU cores detected)

HINT: Use -nt option to specify number of threads because your CPU has 384 cores!
HINT: -nt AUTO will automatically determine the best number of threads to use.

Reading alignment file /workspace/NeuralNJ/empirical/JarvD5a/intron_11733.fasta ... Fasta format detected
Reading fasta file: done in 0.003371 secs using 83.36% CPU
Alignment most likely contains DNA/RNA sequences
Constructing alignment: done in 0.011704 secs using 54.71% CPU
Alignment has 46 sequences with 7455 columns, 6226 distinct patterns
4312 parsimony-informative, 1492 singleton sites, 1651 constant sites
       Gap/Ambiguity  Composition  p-value
Analyzing sequences: done in 0.000797033 secs using 100% CPU
   1  ACACH   26.01%    passed     88.23%
   2  ANAPL   21.93%    passed     26.65%
   3  APAVI   26.80%    passed     77.68%
   4  APTFO   23.41%    passed     61.72%
   5  BALRE   20.94%    passed     72.50%
   6  BUCRH   21.85%    failed      0.15%
   7  CALAN   39.24%    passed     10.79%
   8  CAPCA   34.42%    failed      0.81%
   9  CARCR   27.31%    passed     17.65%
  10  CATAU   20.60%    passed     83.96%
  11  CHAPE   19.20%    passed     57.71%
  12  CHAVO   34.57%    passed     61.78%
  13  CHLUN   17.52%    passed     97.76%
  14  COLLI   24.36%    passed     72.82%
  15  COLST   23.49%    failed      0.30%
  16  CORBR   25.22%    passed     97.06%
  17  CUCCA   47.28%    passed     57.82%
  18  EGRGA   21.52%    passed     86.75%
  19  EURHE   40.83%    passed     88.89%
  20  FALPE   21.49%    passed     59.00%
  21  FULGL   34.74%    passed     80.98%
  22  GALGA   23.84%    passed     38.29%
  23  GAVST   21.35%    passed     78.68%
  24  GEOFO   25.90%    passed     71.22%
  25  HALAL   19.99%    passed     29.88%
  26  HALLE   20.74%    passed     21.22%
  27  LEPDI   21.35%    passed     40.60%
  28  MANVI   49.79%    passed     56.52%
  29  MELGA   25.53%    passed     33.25%
  30  MELUN   31.40%    passed     20.91%
  31  MERNU   26.96%    passed     36.99%
  32  MESUN   38.66%    passed     99.93%
  33  NESNO   57.49%    passed     79.27%
  34  NIPNI   20.64%    passed     87.78%
  35  OPHHO   23.34%    passed     34.87%
  36  PELCR   49.87%    passed     14.77%
  37  PHACA   20.87%    passed     45.45%
  38  PHALE   21.48%    passed     95.23%
  39  PICPU   30.50%    passed     20.11%
  40  PODCR   32.89%    passed     67.25%
  41  PTEGU   46.21%    passed     72.10%
  42  PYGAD   20.66%    passed     85.10%
  43  STRCA   28.72%    passed     80.09%
  44  TAUER   21.30%    passed     99.92%
  45  TINMA   41.66%    passed     18.37%
  46  TYTAL   22.84%    passed     75.22%
WARNING: 1 sequences contain more than 50% gaps/ambiguity
****  TOTAL   28.62%  3 sequences failed composition chi2 test (p-value<5%; df=3)
Checking for duplicate sequences: done in 0.000668049 secs using 99.84% CPU

Create initial parsimony tree by phylogenetic likelihood library (PLL)... 0.027 seconds

NOTE: 37 MB RAM (0 GB) is required!
Estimate model parameters (epsilon = 0.100)
1. Initial log-likelihood: -110829.677
2. Current log-likelihood: -104266.317
3. Current log-likelihood: -104161.901
4. Current log-likelihood: -104161.794
Optimal log-likelihood: -104161.778
Rate parameters:  A-C: 1.01905  A-G: 3.05076  A-T: 0.62013  C-G: 1.26013  C-T: 3.28174  G-T: 1.00000
Base frequencies:  A: 0.331  C: 0.161  G: 0.182  T: 0.326
Gamma shape alpha: 3.558
Parameters optimization took 4 rounds (1.265 sec)
Wrote distance file to... 
Computing ML distances based on estimated model parameters...
Calculating distance matrix: done in 0.0168462 secs using 99.93% CPU
Computing ML distances took 0.017873 sec (of wall-clock time) 0.017862 sec (of CPU time)
Setting up auxiliary I and S matrices: done in 0.000241995 secs using 96.7% CPU
Constructing RapidNJ tree: done in 0.000510931 secs using 255.2% CPU
Computing RapidNJ tree took 0.000838 sec (of wall-clock time) 0.001642 sec (of CPU time)
Log-likelihood of RapidNJ tree: -104470.491
--------------------------------------------------------------------
|             INITIALIZING CANDIDATE TREE SET                      |
--------------------------------------------------------------------
Generating 98 parsimony trees... 2.326 second
Computing log-likelihood of 98 initial trees ... 3.283 seconds
Current best score: -104161.778

Do NNI search on 20 best initial trees
Estimate model parameters (epsilon = 0.100)
BETTER TREE FOUND at iteration 1: -104141.077
Estimate model parameters (epsilon = 0.100)
BETTER TREE FOUND at iteration 2: -104061.264
Iteration 10 / LogL: -104088.118 / Time: 0h:0m:12s
Iteration 20 / LogL: -104071.540 / Time: 0h:0m:18s
Finish initializing candidate tree set (20)
Current best tree score: -104061.264 / CPU time: 17.124
Number of iterations: 20
--------------------------------------------------------------------
|               OPTIMIZING CANDIDATE TREE SET                      |
--------------------------------------------------------------------
Iteration 30 / LogL: -104105.763 / Time: 0h:0m:24s (0h:1m:1s left)
Estimate model parameters (epsilon = 0.100)
BETTER TREE FOUND at iteration 32: -104055.161
Iteration 40 / LogL: -104061.377 / Time: 0h:0m:31s (0h:1m:14s left)
Iteration 50 / LogL: -104055.644 / Time: 0h:0m:37s (0h:1m:3s left)
Iteration 60 / LogL: -104055.166 / Time: 0h:0m:43s (0h:0m:53s left)
Estimate model parameters (epsilon = 0.100)
BETTER TREE FOUND at iteration 64: -104053.866
Iteration 70 / LogL: -104053.866 / Time: 0h:0m:49s (0h:1m:7s left)
Iteration 80 / LogL: -104056.169 / Time: 0h:0m:55s (0h:0m:59s left)
Iteration 90 / LogL: -104068.360 / Time: 0h:1m:1s (0h:0m:51s left)
Iteration 100 / LogL: -104053.999 / Time: 0h:1m:7s (0h:0m:43s left)
Iteration 110 / LogL: -104060.309 / Time: 0h:1m:13s (0h:0m:36s left)
Iteration 120 / LogL: -104057.336 / Time: 0h:1m:18s (0h:0m:29s left)
Iteration 130 / LogL: -104054.040 / Time: 0h:1m:23s (0h:0m:22s left)
Iteration 140 / LogL: -104054.200 / Time: 0h:1m:29s (0h:0m:15s left)
Iteration 150 / LogL: -104054.405 / Time: 0h:1m:35s (0h:0m:8s left)
Iteration 160 / LogL: -104059.759 / Time: 0h:1m:41s (0h:0m:2s left)
TREE SEARCH COMPLETED AFTER 165 ITERATIONS / Time: 0h:1m:44s

--------------------------------------------------------------------
|                    FINALIZING TREE SEARCH                        |
--------------------------------------------------------------------
Performs final model parameters optimization
Estimate model parameters (epsilon = 0.010)
1. Initial log-likelihood: -104053.866
Optimal log-likelihood: -104053.864
Rate parameters:  A-C: 1.02426  A-G: 3.05336  A-T: 0.62051  C-G: 1.25528  C-T: 3.26547  G-T: 1.00000
Base frequencies:  A: 0.331  C: 0.161  G: 0.182  T: 0.326
Gamma shape alpha: 3.618
Parameters optimization took 1 rounds (0.144 sec)
BEST SCORE FOUND : -104053.864
Total tree length: 4.792

Total number of iterations: 165
CPU time used for tree search: 102.734 sec (0h:1m:42s)
Wall-clock time used for tree search: 102.883 sec (0h:1m:42s)
Total CPU time used: 104.482 sec (0h:1m:44s)
Total wall-clock time used: 104.506 sec (0h:1m:44s)

Analysis results written to: 
  IQ-TREE report:                /workspace/IQTree_JarvD5a_Results/intron_11733.iqtree
  Maximum-likelihood tree:       /workspace/IQTree_JarvD5a_Results/intron_11733.treefile
  Likelihood distances:          /workspace/IQTree_JarvD5a_Results/intron_11733.mldist
  Screen log file:               /workspace/IQTree_JarvD5a_Results/intron_11733.log

Date and Time: Fri May 29 01:41:28 2026
