IQ-TREE version 3.1.2 for Linux x86 64-bit built May  7 2026
Developed by Bui Quang Minh, Thomas Wong, Nhan Ly-Trong, Huaiyan Ren
Contributed by Lam-Tung Nguyen, Dominik Schrempf, Chris Bielow,
Olga Chernomor, Michael Woodhams, Diep Thi Hoang, Heiko Schmidt

Host:    8084c4e79f09 (AVX512, FMA3, 1133 GB RAM)
Command: /workspace/iqtree-3.1.2-Linux/bin/iqtree3_intel -s /workspace/NeuralNJ/empirical/JarvD5a/intron_4808.fasta -st DNA -m GTR+G -seed 2201 -pre /workspace/IQTree_JarvD5a_Results/intron_4808 -quiet
Seed:    2201 (Using SPRNG - Scalable Parallel Random Number Generator)
Time:    Sat May 30 13:39:21 2026
Kernel:  AVX+FMA - 1 threads (384 CPU cores detected)

HINT: Use -nt option to specify number of threads because your CPU has 384 cores!
HINT: -nt AUTO will automatically determine the best number of threads to use.

Reading alignment file /workspace/NeuralNJ/empirical/JarvD5a/intron_4808.fasta ... Fasta format detected
Reading fasta file: done in 0.00359583 secs using 78.76% CPU
Alignment most likely contains DNA/RNA sequences
Constructing alignment: done in 0.0108402 secs using 83.79% CPU
Alignment has 44 sequences with 5384 columns, 4768 distinct patterns
3134 parsimony-informative, 1290 singleton sites, 960 constant sites
       Gap/Ambiguity  Composition  p-value
Analyzing sequences: done in 0.000446081 secs using 99.76% CPU
   1  ACACH   17.74%    passed     43.13%
   2  ANAPL   18.13%    passed     52.52%
   3  APAVI   19.35%    passed      7.00%
   4  APTFO   14.13%    passed     80.67%
   5  BALRE   14.58%    passed     66.58%
   6  CALAN   46.49%    passed     10.38%
   7  CARCR   15.53%    passed     79.19%
   8  CATAU   14.26%    passed     78.67%
   9  CHAPE   16.60%    passed     54.79%
  10  CHAVO   29.92%    passed     55.71%
  11  CHLUN   13.45%    passed     95.59%
  12  COLLI   15.88%    passed     14.27%
  13  COLST   16.94%    passed     60.15%
  14  CORBR   16.36%    passed     53.46%
  15  CUCCA   16.23%    passed     25.43%
  16  EGRGA   18.91%    passed     82.17%
  17  EURHE   26.73%    passed     18.81%
  18  FALPE   18.29%    passed     97.61%
  19  FULGL   21.10%    passed     97.83%
  20  GALGA   21.60%    passed     61.30%
  21  GEOFO   16.38%    passed     62.08%
  22  HALAL   14.64%    passed     36.72%
  23  HALLE   14.75%    passed     38.40%
  24  LEPDI   15.84%    passed     83.91%
  25  MANVI   14.88%    passed     40.30%
  26  MELGA   20.47%    passed     96.59%
  27  MELUN   24.35%    passed     31.19%
  28  MERNU   15.08%    passed     65.09%
  29  MESUN   15.69%    passed     97.27%
  30  NESNO   17.35%    passed     87.56%
  31  NIPNI   14.97%    passed     96.90%
  32  OPHHO   15.75%    passed     63.71%
  33  PELCR   56.11%    passed     63.30%
  34  PHALE   17.77%    passed     50.18%
  35  PHORU   14.78%    passed     78.71%
  36  PICPU   68.28%    failed      0.00%
  37  PODCR   15.66%    passed     96.61%
  38  PTEGU   27.32%    passed     47.06%
  39  PYGAD   14.17%    passed     82.81%
  40  STRCA   17.61%    passed     63.80%
  41  TAEGU   16.51%    passed     11.25%
  42  TAUER   14.73%    passed     92.63%
  43  TINMA   23.77%    passed     65.32%
  44  TYTAL   14.93%    passed     20.24%
WARNING: 2 sequences contain more than 50% gaps/ambiguity
****  TOTAL   20.32%  1 sequences failed composition chi2 test (p-value<5%; df=3)
Checking for duplicate sequences: done in 0.000555992 secs using 100.2% CPU

Create initial parsimony tree by phylogenetic likelihood library (PLL)... 0.021 seconds

NOTE: 27 MB RAM (0 GB) is required!
Estimate model parameters (epsilon = 0.100)
1. Initial log-likelihood: -78125.501
2. Current log-likelihood: -74735.304
3. Current log-likelihood: -73639.686
4. Current log-likelihood: -73608.051
5. Current log-likelihood: -73607.753
Optimal log-likelihood: -73607.717
Rate parameters:  A-C: 1.00390  A-G: 3.45824  A-T: 0.56684  C-G: 1.47384  C-T: 2.85091  G-T: 1.00000
Base frequencies:  A: 0.316  C: 0.160  G: 0.177  T: 0.347
Gamma shape alpha: 3.079
Parameters optimization took 5 rounds (1.347 sec)
Wrote distance file to... 
Computing ML distances based on estimated model parameters...
Calculating distance matrix: done in 0.0130661 secs using 99.99% CPU
Computing ML distances took 0.013707 sec (of wall-clock time) 0.013706 sec (of CPU time)
Setting up auxiliary I and S matrices: done in 0.000213861 secs using 100.1% CPU
Constructing RapidNJ tree: done in 0.00046587 secs using 252.9% CPU
Computing RapidNJ tree took 0.000737 sec (of wall-clock time) 0.001463 sec (of CPU time)
Log-likelihood of RapidNJ tree: -73803.024
--------------------------------------------------------------------
|             INITIALIZING CANDIDATE TREE SET                      |
--------------------------------------------------------------------
Generating 98 parsimony trees... 1.391 second
Computing log-likelihood of 98 initial trees ... 2.317 seconds
Current best score: -73607.717

Do NNI search on 20 best initial trees
Estimate model parameters (epsilon = 0.100)
BETTER TREE FOUND at iteration 1: -73552.268
Iteration 10 / LogL: -73562.835 / Time: 0h:0m:9s
Estimate model parameters (epsilon = 0.100)
BETTER TREE FOUND at iteration 11: -73551.608
Iteration 20 / LogL: -73584.991 / Time: 0h:0m:13s
Finish initializing candidate tree set (20)
Current best tree score: -73551.608 / CPU time: 12.012
Number of iterations: 20
--------------------------------------------------------------------
|               OPTIMIZING CANDIDATE TREE SET                      |
--------------------------------------------------------------------
Estimate model parameters (epsilon = 0.100)
BETTER TREE FOUND at iteration 24: -73547.241
Iteration 30 / LogL: -73551.992 / Time: 0h:0m:18s (0h:0m:59s left)
Estimate model parameters (epsilon = 0.100)
BETTER TREE FOUND at iteration 31: -73545.549
Estimate model parameters (epsilon = 0.100)
BETTER TREE FOUND at iteration 37: -73544.810
Iteration 40 / LogL: -73549.349 / Time: 0h:0m:22s (0h:0m:56s left)
Iteration 50 / LogL: -73545.896 / Time: 0h:0m:26s (0h:0m:47s left)
Iteration 60 / LogL: -73545.555 / Time: 0h:0m:30s (0h:0m:40s left)
Iteration 70 / LogL: -73549.428 / Time: 0h:0m:35s (0h:0m:34s left)
Estimate model parameters (epsilon = 0.100)
BETTER TREE FOUND at iteration 72: -73543.561
Estimate model parameters (epsilon = 0.100)
BETTER TREE FOUND at iteration 79: -73543.172
Iteration 80 / LogL: -73544.828 / Time: 0h:0m:40s (0h:0m:50s left)
Estimate model parameters (epsilon = 0.100)
BETTER TREE FOUND at iteration 84: -73543.085
Iteration 90 / LogL: -73544.440 / Time: 0h:0m:44s (0h:0m:46s left)
Estimate model parameters (epsilon = 0.100)
BETTER TREE FOUND at iteration 100: -73543.017
Iteration 100 / LogL: -73543.017 / Time: 0h:0m:48s (0h:0m:48s left)
UPDATE BEST LOG-LIKELIHOOD: -73543.016
Iteration 110 / LogL: -73544.310 / Time: 0h:0m:52s (0h:0m:43s left)
Iteration 120 / LogL: -73544.175 / Time: 0h:0m:57s (0h:0m:38s left)
Iteration 130 / LogL: -73543.245 / Time: 0h:1m:1s (0h:0m:33s left)
Iteration 140 / LogL: -73543.084 / Time: 0h:1m:5s (0h:0m:28s left)
Iteration 150 / LogL: -73547.538 / Time: 0h:1m:9s (0h:0m:23s left)
Iteration 160 / LogL: -73543.171 / Time: 0h:1m:13s (0h:0m:18s left)
Estimate model parameters (epsilon = 0.100)
BETTER TREE FOUND at iteration 164: -73542.515
Iteration 170 / LogL: -73542.528 / Time: 0h:1m:17s (0h:0m:43s left)
Iteration 180 / LogL: -73544.013 / Time: 0h:1m:22s (0h:0m:38s left)
Iteration 190 / LogL: -73542.875 / Time: 0h:1m:26s (0h:0m:33s left)
Iteration 200 / LogL: -73543.119 / Time: 0h:1m:30s (0h:0m:29s left)
Iteration 210 / LogL: -73543.095 / Time: 0h:1m:34s (0h:0m:24s left)
Iteration 220 / LogL: -73548.641 / Time: 0h:1m:39s (0h:0m:19s left)
Iteration 230 / LogL: -73543.261 / Time: 0h:1m:43s (0h:0m:15s left)
Iteration 240 / LogL: -73544.014 / Time: 0h:1m:47s (0h:0m:10s left)
Iteration 250 / LogL: -73550.714 / Time: 0h:1m:51s (0h:0m:6s left)
Iteration 260 / LogL: -73544.608 / Time: 0h:1m:55s (0h:0m:1s left)
TREE SEARCH COMPLETED AFTER 265 ITERATIONS / Time: 0h:1m:57s

--------------------------------------------------------------------
|                    FINALIZING TREE SEARCH                        |
--------------------------------------------------------------------
Performs final model parameters optimization
Estimate model parameters (epsilon = 0.010)
1. Initial log-likelihood: -73542.515
Optimal log-likelihood: -73542.512
Rate parameters:  A-C: 1.00707  A-G: 3.46321  A-T: 0.56346  C-G: 1.47101  C-T: 2.83353  G-T: 1.00000
Base frequencies:  A: 0.316  C: 0.160  G: 0.177  T: 0.347
Gamma shape alpha: 3.087
Parameters optimization took 1 rounds (0.106 sec)
BEST SCORE FOUND : -73542.512
Total tree length: 4.328

Total number of iterations: 265
CPU time used for tree search: 115.972 sec (0h:1m:55s)
Wall-clock time used for tree search: 115.966 sec (0h:1m:55s)
Total CPU time used: 117.726 sec (0h:1m:57s)
Total wall-clock time used: 117.604 sec (0h:1m:57s)

Analysis results written to: 
  IQ-TREE report:                /workspace/IQTree_JarvD5a_Results/intron_4808.iqtree
  Maximum-likelihood tree:       /workspace/IQTree_JarvD5a_Results/intron_4808.treefile
  Likelihood distances:          /workspace/IQTree_JarvD5a_Results/intron_4808.mldist
  Screen log file:               /workspace/IQTree_JarvD5a_Results/intron_4808.log

Date and Time: Sat May 30 13:41:18 2026
