IQ-TREE version 3.1.2 for Linux x86 64-bit built May  7 2026
Developed by Bui Quang Minh, Thomas Wong, Nhan Ly-Trong, Huaiyan Ren
Contributed by Lam-Tung Nguyen, Dominik Schrempf, Chris Bielow,
Olga Chernomor, Michael Woodhams, Diep Thi Hoang, Heiko Schmidt

Host:    8084c4e79f09 (AVX512, FMA3, 1133 GB RAM)
Command: /workspace/iqtree-3.1.2-Linux/bin/iqtree3_intel -s /workspace/NeuralNJ/empirical/JarvD5a/intron_2237.fasta -st DNA -m GTR+G -seed 2201 -pre /workspace/IQTree_JarvD5a_Results/intron_2237 -quiet
Seed:    2201 (Using SPRNG - Scalable Parallel Random Number Generator)
Time:    Fri May 29 21:43:15 2026
Kernel:  AVX+FMA - 1 threads (384 CPU cores detected)

HINT: Use -nt option to specify number of threads because your CPU has 384 cores!
HINT: -nt AUTO will automatically determine the best number of threads to use.

Reading alignment file /workspace/NeuralNJ/empirical/JarvD5a/intron_2237.fasta ... Fasta format detected
Reading fasta file: done in 0.00994492 secs using 71.14% CPU
Alignment most likely contains DNA/RNA sequences
Constructing alignment: done in 0.028224 secs using 46.68% CPU
Alignment has 47 sequences with 14225 columns, 12283 distinct patterns
8136 parsimony-informative, 3453 singleton sites, 2636 constant sites
       Gap/Ambiguity  Composition  p-value
Analyzing sequences: done in 0.00165415 secs using 22.25% CPU
   1  ACACH   60.93%    passed     63.88%
   2  ANAPL   23.46%    passed     89.80%
   3  APAVI   54.05%    passed     21.30%
   4  APTFO   17.62%    passed     87.87%
   5  BALRE   12.44%    passed     87.14%
   6  BUCRH   14.94%    failed      2.83%
   7  CALAN   25.76%    passed     32.24%
   8  CAPCA   13.34%    passed     37.64%
   9  CARCR   12.37%    passed     40.92%
  10  CATAU   11.57%    passed     98.17%
  11  CHAPE   22.73%    passed     64.95%
  12  CHAVO   14.57%    failed      0.13%
  13  CHLUN   13.06%    passed     57.33%
  14  COLLI   14.64%    failed      4.81%
  15  COLST   17.17%    passed     38.87%
  16  CORBR   16.82%    passed      8.65%
  17  CUCCA   16.08%    passed     72.31%
  18  EGRGA   14.85%    passed     55.56%
  19  FALPE   32.84%    passed     74.86%
  20  FULGL   39.66%    passed     53.23%
  21  GALGA   27.28%    passed     89.25%
  22  GAVST   13.81%    passed     93.24%
  23  GEOFO   17.97%    passed     25.99%
  24  HALAL   12.04%    passed     97.85%
  25  HALLE   11.56%    passed     99.33%
  26  LEPDI   40.11%    passed     86.33%
  27  MANVI   35.30%    passed     87.15%
  28  MELGA   24.92%    passed     51.73%
  29  MELUN   12.78%    passed     50.65%
  30  MERNU   13.50%    passed     81.27%
  31  MESUN   16.40%    passed     17.92%
  32  NESNO   13.09%    passed     86.71%
  33  NIPNI   11.80%    passed     83.27%
  34  OPHHO   12.41%    failed      3.24%
  35  PELCR   29.02%    passed     90.06%
  36  PHACA   14.51%    passed     94.76%
  37  PHALE   13.41%    passed     96.29%
  38  PHORU   39.54%    passed     64.99%
  39  PICPU   18.83%    passed      5.17%
  40  PODCR   12.86%    passed     53.24%
  41  PTEGU   15.16%    passed     93.36%
  42  PYGAD   11.62%    passed     89.20%
  43  STRCA   14.21%    failed      2.08%
  44  TAEGU   18.50%    passed     84.44%
  45  TAUER   14.55%    passed     41.20%
  46  TINMA   52.08%    failed      2.55%
  47  TYTAL   13.10%    passed      5.20%
WARNING: 3 sequences contain more than 50% gaps/ambiguity
****  TOTAL   20.84%  6 sequences failed composition chi2 test (p-value<5%; df=3)
Checking for duplicate sequences: done in 0.00140905 secs using 86.09% CPU

Create initial parsimony tree by phylogenetic likelihood library (PLL)... 0.041 seconds

NOTE: 74 MB RAM (0 GB) is required!
Estimate model parameters (epsilon = 0.100)
1. Initial log-likelihood: -204044.031
2. Current log-likelihood: -192308.738
3. Current log-likelihood: -191594.165
4. Current log-likelihood: -191589.729
Optimal log-likelihood: -191589.691
Rate parameters:  A-C: 0.95290  A-G: 3.92600  A-T: 0.53951  C-G: 1.40974  C-T: 2.99170  G-T: 1.00000
Base frequencies:  A: 0.296  C: 0.183  G: 0.190  T: 0.332
Gamma shape alpha: 2.676
Parameters optimization took 4 rounds (3.190 sec)
Wrote distance file to... 
Computing ML distances based on estimated model parameters...
Calculating distance matrix: done in 0.0320749 secs using 99.99% CPU
Computing ML distances took 0.034410 sec (of wall-clock time) 0.034400 sec (of CPU time)
Setting up auxiliary I and S matrices: done in 0.000249863 secs using 145.3% CPU
Constructing RapidNJ tree: done in 0.000483036 secs using 232.7% CPU
Computing RapidNJ tree took 0.000795 sec (of wall-clock time) 0.001562 sec (of CPU time)
Log-likelihood of RapidNJ tree: -192607.188
--------------------------------------------------------------------
|             INITIALIZING CANDIDATE TREE SET                      |
--------------------------------------------------------------------
Generating 98 parsimony trees... 3.941 second
Computing log-likelihood of 98 initial trees ... 6.537 seconds
Current best score: -191589.691

Do NNI search on 20 best initial trees
Estimate model parameters (epsilon = 0.100)
BETTER TREE FOUND at iteration 1: -191531.555
Estimate model parameters (epsilon = 0.100)
BETTER TREE FOUND at iteration 3: -191519.095
Iteration 10 / LogL: -191542.936 / Time: 0h:0m:23s
Iteration 20 / LogL: -191526.455 / Time: 0h:0m:32s
Finish initializing candidate tree set (19)
Current best tree score: -191519.095 / CPU time: 28.969
Number of iterations: 20
--------------------------------------------------------------------
|               OPTIMIZING CANDIDATE TREE SET                      |
--------------------------------------------------------------------
Estimate model parameters (epsilon = 0.100)
BETTER TREE FOUND at iteration 23: -191518.347
Iteration 30 / LogL: -191518.406 / Time: 0h:0m:43s (0h:2m:20s left)
Iteration 40 / LogL: -191519.089 / Time: 0h:0m:54s (0h:1m:55s left)
Iteration 50 / LogL: -191521.440 / Time: 0h:1m:4s (0h:1m:36s left)
Iteration 60 / LogL: -191519.201 / Time: 0h:1m:14s (0h:1m:19s left)
Iteration 70 / LogL: -191523.757 / Time: 0h:1m:26s (0h:1m:6s left)
Iteration 80 / LogL: -191529.624 / Time: 0h:1m:38s (0h:0m:53s left)
Iteration 90 / LogL: -191520.511 / Time: 0h:1m:47s (0h:0m:39s left)
Iteration 100 / LogL: -191523.539 / Time: 0h:1m:58s (0h:0m:27s left)
Iteration 110 / LogL: -191532.804 / Time: 0h:2m:9s (0h:0m:15s left)
Iteration 120 / LogL: -191518.359 / Time: 0h:2m:21s (0h:0m:3s left)
TREE SEARCH COMPLETED AFTER 124 ITERATIONS / Time: 0h:2m:25s

--------------------------------------------------------------------
|                    FINALIZING TREE SEARCH                        |
--------------------------------------------------------------------
Performs final model parameters optimization
Estimate model parameters (epsilon = 0.010)
1. Initial log-likelihood: -191518.347
Optimal log-likelihood: -191518.342
Rate parameters:  A-C: 0.94955  A-G: 3.92336  A-T: 0.53787  C-G: 1.40725  C-T: 2.98816  G-T: 1.00000
Base frequencies:  A: 0.296  C: 0.183  G: 0.190  T: 0.332
Gamma shape alpha: 2.669
Parameters optimization took 1 rounds (0.291 sec)
BEST SCORE FOUND : -191518.342
Total tree length: 3.961

Total number of iterations: 124
CPU time used for tree search: 141.218 sec (0h:2m:21s)
Wall-clock time used for tree search: 141.547 sec (0h:2m:21s)
Total CPU time used: 145.245 sec (0h:2m:25s)
Total wall-clock time used: 145.433 sec (0h:2m:25s)

Analysis results written to: 
  IQ-TREE report:                /workspace/IQTree_JarvD5a_Results/intron_2237.iqtree
  Maximum-likelihood tree:       /workspace/IQTree_JarvD5a_Results/intron_2237.treefile
  Likelihood distances:          /workspace/IQTree_JarvD5a_Results/intron_2237.mldist
  Screen log file:               /workspace/IQTree_JarvD5a_Results/intron_2237.log

Date and Time: Fri May 29 21:45:40 2026
