IQ-TREE version 3.1.2 for Linux x86 64-bit built May  7 2026
Developed by Bui Quang Minh, Thomas Wong, Nhan Ly-Trong, Huaiyan Ren
Contributed by Lam-Tung Nguyen, Dominik Schrempf, Chris Bielow,
Olga Chernomor, Michael Woodhams, Diep Thi Hoang, Heiko Schmidt

Host:    8084c4e79f09 (AVX512, FMA3, 1133 GB RAM)
Command: /workspace/iqtree-3.1.2-Linux/bin/iqtree3_intel -s /workspace/NeuralNJ/empirical/JarvD5a/intron_11197.fasta -st DNA -m GTR+G -seed 2201 -pre /workspace/IQTree_JarvD5a_Results/intron_11197 -quiet
Seed:    2201 (Using SPRNG - Scalable Parallel Random Number Generator)
Time:    Thu May 28 21:54:51 2026
Kernel:  AVX+FMA - 1 threads (384 CPU cores detected)

HINT: Use -nt option to specify number of threads because your CPU has 384 cores!
HINT: -nt AUTO will automatically determine the best number of threads to use.

Reading alignment file /workspace/NeuralNJ/empirical/JarvD5a/intron_11197.fasta ... Fasta format detected
Reading fasta file: done in 0.00182605 secs using 82.04% CPU
Alignment most likely contains DNA/RNA sequences
Constructing alignment: done in 0.00606298 secs using 66.52% CPU
Alignment has 47 sequences with 3849 columns, 3379 distinct patterns
2313 parsimony-informative, 803 singleton sites, 733 constant sites
       Gap/Ambiguity  Composition  p-value
Analyzing sequences: done in 0.000386 secs using 97.15% CPU
   1  ACACH   22.34%    passed     25.63%
   2  ANAPL   53.03%    failed      0.75%
   3  APAVI   20.34%    passed     44.05%
   4  APTFO   19.69%    passed     99.86%
   5  BALRE   21.41%    passed     15.43%
   6  BUCRH   21.33%    passed     91.52%
   7  CALAN   23.64%    passed     81.48%
   8  CAPCA   23.69%    passed     40.21%
   9  CARCR   19.43%    passed     96.18%
  10  CATAU   32.35%    passed     69.73%
  11  CHAPE   20.91%    passed     47.97%
  12  CHAVO   20.01%    passed     92.52%
  13  CHLUN   34.53%    passed     66.18%
  14  COLLI   30.03%    passed     32.20%
  15  CORBR   21.33%    passed     85.21%
  16  CUCCA   38.09%    passed     79.11%
  17  EGRGA   29.20%    passed     85.93%
  18  EURHE   21.10%    passed     16.35%
  19  FALPE   21.33%    passed     74.08%
  20  FULGL   19.43%    passed     61.59%
  21  GALGA   43.80%    failed      0.00%
  22  GAVST   19.75%    passed     78.52%
  23  GEOFO   22.81%    passed     95.69%
  24  HALAL   20.14%    passed     91.91%
  25  HALLE   20.14%    passed     92.73%
  26  LEPDI   19.80%    passed     63.55%
  27  MANVI   21.23%    passed     70.33%
  28  MELGA   44.66%    failed      0.04%
  29  MELUN   40.19%    passed     70.86%
  30  MERNU   46.97%    passed     12.97%
  31  MESUN   19.95%    passed     99.44%
  32  NESNO   40.61%    passed     94.05%
  33  NIPNI   19.54%    passed     89.49%
  34  OPHHO   29.96%    passed     47.69%
  35  PELCR   22.55%    passed     96.08%
  36  PHACA   20.76%    passed     99.86%
  37  PHALE   20.01%    passed     98.51%
  38  PHORU   19.02%    passed     97.70%
  39  PICPU   21.85%    passed     11.89%
  40  PODCR   21.59%    passed     40.67%
  41  PTEGU   27.67%    passed     96.72%
  42  PYGAD   19.51%    passed     99.81%
  43  STRCA   34.40%    passed     88.47%
  44  TAEGU   21.10%    passed     11.79%
  45  TAUER   22.14%    passed     95.62%
  46  TINMA   33.83%    passed     56.97%
  47  TYTAL   19.54%    passed     42.66%
WARNING: 1 sequences contain more than 50% gaps/ambiguity
****  TOTAL   26.10%  3 sequences failed composition chi2 test (p-value<5%; df=3)
Checking for duplicate sequences: done in 0.000358105 secs using 99.69% CPU

Create initial parsimony tree by phylogenetic likelihood library (PLL)... 0.010 seconds

NOTE: 20 MB RAM (0 GB) is required!
Estimate model parameters (epsilon = 0.100)
1. Initial log-likelihood: -59618.907
2. Current log-likelihood: -55833.204
3. Current log-likelihood: -55763.203
Optimal log-likelihood: -55763.098
Rate parameters:  A-C: 1.09465  A-G: 3.78230  A-T: 0.50896  C-G: 1.40907  C-T: 3.20687  G-T: 1.00000
Base frequencies:  A: 0.272  C: 0.168  G: 0.188  T: 0.373
Gamma shape alpha: 2.978
Parameters optimization took 3 rounds (0.743 sec)
Wrote distance file to... 
Computing ML distances based on estimated model parameters...
Calculating distance matrix: done in 0.0107551 secs using 99.93% CPU
Computing ML distances took 0.011423 sec (of wall-clock time) 0.011415 sec (of CPU time)
Setting up auxiliary I and S matrices: done in 0.000255108 secs
Constructing RapidNJ tree: done in 0.000484943 secs using 166.8% CPU
Computing RapidNJ tree took 0.000840 sec (of wall-clock time) 0.000874 sec (of CPU time)
Log-likelihood of RapidNJ tree: -55837.182
--------------------------------------------------------------------
|             INITIALIZING CANDIDATE TREE SET                      |
--------------------------------------------------------------------
Generating 98 parsimony trees... 1.258 second
Computing log-likelihood of 98 initial trees ... 1.920 seconds
Current best score: -55723.312

Do NNI search on 20 best initial trees
Estimate model parameters (epsilon = 0.100)
BETTER TREE FOUND at iteration 1: -55616.343
Estimate model parameters (epsilon = 0.100)
BETTER TREE FOUND at iteration 3: -55605.465
Estimate model parameters (epsilon = 0.100)
BETTER TREE FOUND at iteration 10: -55599.228
Iteration 10 / LogL: -55599.228 / Time: 0h:0m:7s
Iteration 20 / LogL: -55667.736 / Time: 0h:0m:11s
Finish initializing candidate tree set (20)
Current best tree score: -55599.228 / CPU time: 10.290
Number of iterations: 20
--------------------------------------------------------------------
|               OPTIMIZING CANDIDATE TREE SET                      |
--------------------------------------------------------------------
Iteration 30 / LogL: -55602.315 / Time: 0h:0m:14s (0h:0m:40s left)
Estimate model parameters (epsilon = 0.100)
BETTER TREE FOUND at iteration 32: -55597.779
Estimate model parameters (epsilon = 0.100)
BETTER TREE FOUND at iteration 34: -55595.712
Iteration 40 / LogL: -55606.087 / Time: 0h:0m:18s (0h:0m:43s left)
Estimate model parameters (epsilon = 0.100)
BETTER TREE FOUND at iteration 43: -55591.489
Iteration 50 / LogL: -55602.886 / Time: 0h:0m:21s (0h:0m:40s left)
Estimate model parameters (epsilon = 0.100)
BETTER TREE FOUND at iteration 52: -55590.670
Estimate model parameters (epsilon = 0.100)
BETTER TREE FOUND at iteration 54: -55585.993
Estimate model parameters (epsilon = 0.100)
BETTER TREE FOUND at iteration 56: -55585.693
Iteration 60 / LogL: -55600.906 / Time: 0h:0m:24s (0h:0m:40s left)
Iteration 70 / LogL: -55596.226 / Time: 0h:0m:28s (0h:0m:35s left)
Estimate model parameters (epsilon = 0.100)
BETTER TREE FOUND at iteration 76: -55581.457
Iteration 80 / LogL: -55585.255 / Time: 0h:0m:31s (0h:0m:38s left)
Estimate model parameters (epsilon = 0.100)
BETTER TREE FOUND at iteration 82: -55581.407
Iteration 90 / LogL: -55585.695 / Time: 0h:0m:34s (0h:0m:36s left)
Iteration 100 / LogL: -55582.166 / Time: 0h:0m:38s (0h:0m:31s left)
Iteration 110 / LogL: -55582.767 / Time: 0h:0m:41s (0h:0m:27s left)
Iteration 120 / LogL: -55581.420 / Time: 0h:0m:44s (0h:0m:22s left)
UPDATE BEST LOG-LIKELIHOOD: -55581.406
Iteration 130 / LogL: -55603.543 / Time: 0h:0m:47s (0h:0m:19s left)
Iteration 140 / LogL: -55596.106 / Time: 0h:0m:50s (0h:0m:15s left)
Iteration 150 / LogL: -55582.156 / Time: 0h:0m:53s (0h:0m:11s left)
Iteration 160 / LogL: -55590.495 / Time: 0h:0m:56s (0h:0m:7s left)
Iteration 170 / LogL: -55583.343 / Time: 0h:0m:59s (0h:0m:4s left)
Iteration 180 / LogL: -55581.462 / Time: 0h:1m:2s (0h:0m:0s left)
TREE SEARCH COMPLETED AFTER 183 ITERATIONS / Time: 0h:1m:3s

--------------------------------------------------------------------
|                    FINALIZING TREE SEARCH                        |
--------------------------------------------------------------------
Performs final model parameters optimization
Estimate model parameters (epsilon = 0.010)
1. Initial log-likelihood: -55581.406
Optimal log-likelihood: -55581.405
Rate parameters:  A-C: 1.07928  A-G: 3.84159  A-T: 0.50828  C-G: 1.40744  C-T: 3.16041  G-T: 1.00000
Base frequencies:  A: 0.272  C: 0.168  G: 0.188  T: 0.373
Gamma shape alpha: 3.019
Parameters optimization took 1 rounds (0.079 sec)
BEST SCORE FOUND : -55581.405
Total tree length: 5.095

Total number of iterations: 183
CPU time used for tree search: 62.495 sec (0h:1m:2s)
Wall-clock time used for tree search: 62.450 sec (0h:1m:2s)
Total CPU time used: 63.545 sec (0h:1m:3s)
Total wall-clock time used: 63.412 sec (0h:1m:3s)

Analysis results written to: 
  IQ-TREE report:                /workspace/IQTree_JarvD5a_Results/intron_11197.iqtree
  Maximum-likelihood tree:       /workspace/IQTree_JarvD5a_Results/intron_11197.treefile
  Likelihood distances:          /workspace/IQTree_JarvD5a_Results/intron_11197.mldist
  Screen log file:               /workspace/IQTree_JarvD5a_Results/intron_11197.log

Date and Time: Thu May 28 21:55:55 2026
