IQ-TREE version 3.1.2 for Linux x86 64-bit built May  7 2026
Developed by Bui Quang Minh, Thomas Wong, Nhan Ly-Trong, Huaiyan Ren
Contributed by Lam-Tung Nguyen, Dominik Schrempf, Chris Bielow,
Olga Chernomor, Michael Woodhams, Diep Thi Hoang, Heiko Schmidt

Host:    8084c4e79f09 (AVX512, FMA3, 1133 GB RAM)
Command: /workspace/iqtree-3.1.2-Linux/bin/iqtree3_intel -s /workspace/NeuralNJ/empirical/JarvD5a/intron_3716.fasta -st DNA -m GTR+G -seed 2201 -pre /workspace/IQTree_JarvD5a_Results/intron_3716 -quiet
Seed:    2201 (Using SPRNG - Scalable Parallel Random Number Generator)
Time:    Sat May 30 07:50:12 2026
Kernel:  AVX+FMA - 1 threads (384 CPU cores detected)

HINT: Use -nt option to specify number of threads because your CPU has 384 cores!
HINT: -nt AUTO will automatically determine the best number of threads to use.

Reading alignment file /workspace/NeuralNJ/empirical/JarvD5a/intron_3716.fasta ... Fasta format detected
Reading fasta file: done in 0.0052259 secs using 87.98% CPU
Alignment most likely contains DNA/RNA sequences
Constructing alignment: done in 0.013927 secs using 53.11% CPU
Alignment has 47 sequences with 7142 columns, 6081 distinct patterns
3996 parsimony-informative, 1602 singleton sites, 1544 constant sites
       Gap/Ambiguity  Composition  p-value
Analyzing sequences: done in 0.000993013 secs using 100% CPU
   1  ACACH   19.29%    passed     26.83%
   2  ANAPL   25.53%    passed     63.34%
   3  APAVI   26.07%    passed      8.81%
   4  APTFO   17.08%    passed     88.00%
   5  BALRE   17.35%    passed     93.74%
   6  BUCRH   80.31%    passed      5.43%
   7  CALAN   73.83%    passed     42.12%
   8  CAPCA   16.87%    passed     94.93%
   9  CATAU   15.37%    passed     97.11%
  10  CHAPE   38.88%    passed     77.04%
  11  CHAVO   16.98%    passed     84.46%
  12  CHLUN   39.15%    passed     87.93%
  13  COLLI   18.10%    passed     80.25%
  14  COLST   45.48%    passed     57.84%
  15  CORBR   22.22%    passed     89.78%
  16  CUCCA   17.87%    passed     32.39%
  17  EGRGA   20.34%    passed     93.86%
  18  EURHE   18.13%    passed     88.15%
  19  FALPE   17.07%    passed     64.68%
  20  FULGL   15.39%    passed     78.03%
  21  GALGA   33.65%    failed      2.06%
  22  GAVST   16.23%    passed     87.56%
  23  GEOFO   23.90%    passed     16.43%
  24  HALAL   18.36%    passed     71.11%
  25  HALLE   19.13%    passed     70.96%
  26  LEPDI   17.85%    passed      7.63%
  27  MANVI   17.56%    passed     79.16%
  28  MELGA   39.97%    failed      3.98%
  29  MELUN   29.70%    passed     36.11%
  30  MERNU   20.19%    passed     98.18%
  31  MESUN   19.17%    passed     43.77%
  32  NESNO   27.43%    passed     74.72%
  33  NIPNI   16.10%    passed     77.30%
  34  OPHHO   38.67%    passed     16.41%
  35  PELCR   15.93%    passed     89.36%
  36  PHACA   16.86%    passed     72.33%
  37  PHALE   16.58%    passed     96.92%
  38  PHORU   23.82%    passed     67.71%
  39  PICPU   19.88%    passed     94.66%
  40  PODCR   24.64%    passed     99.52%
  41  PTEGU   17.42%    passed     93.81%
  42  PYGAD   16.82%    passed     93.46%
  43  STRCA   14.55%    passed     95.96%
  44  TAEGU   21.74%    passed     71.74%
  45  TAUER   16.48%    passed     99.85%
  46  TINMA   36.08%    passed     66.98%
  47  TYTAL   16.26%    passed     23.98%
WARNING: 2 sequences contain more than 50% gaps/ambiguity
****  TOTAL   24.60%  2 sequences failed composition chi2 test (p-value<5%; df=3)
Checking for duplicate sequences: done in 0.00090909 secs using 99.99% CPU

Create initial parsimony tree by phylogenetic likelihood library (PLL)... 0.020 seconds

NOTE: 37 MB RAM (0 GB) is required!
Estimate model parameters (epsilon = 0.100)
1. Initial log-likelihood: -99774.118
2. Current log-likelihood: -93842.602
3. Current log-likelihood: -93751.263
4. Current log-likelihood: -93751.101
Optimal log-likelihood: -93751.100
Rate parameters:  A-C: 0.87389  A-G: 3.49208  A-T: 0.54760  C-G: 1.33561  C-T: 2.96738  G-T: 1.00000
Base frequencies:  A: 0.319  C: 0.188  G: 0.185  T: 0.308
Gamma shape alpha: 2.691
Parameters optimization took 4 rounds (1.592 sec)
Wrote distance file to... 
Computing ML distances based on estimated model parameters...
Calculating distance matrix: done in 0.017354 secs using 99.89% CPU
Computing ML distances took 0.018363 sec (of wall-clock time) 0.018343 sec (of CPU time)
Setting up auxiliary I and S matrices: done in 0.000253916 secs using 97.28% CPU
Constructing RapidNJ tree: done in 0.000487089 secs using 67.13% CPU
Computing RapidNJ tree took 0.000828 sec (of wall-clock time) 0.000671 sec (of CPU time)
Log-likelihood of RapidNJ tree: -93969.026
--------------------------------------------------------------------
|             INITIALIZING CANDIDATE TREE SET                      |
--------------------------------------------------------------------
Generating 98 parsimony trees... 1.769 second
Computing log-likelihood of 98 initial trees ... 3.253 seconds
Current best score: -93751.100

Do NNI search on 20 best initial trees
Estimate model parameters (epsilon = 0.100)
BETTER TREE FOUND at iteration 1: -93718.560
Estimate model parameters (epsilon = 0.100)
BETTER TREE FOUND at iteration 2: -93689.181
Estimate model parameters (epsilon = 0.100)
BETTER TREE FOUND at iteration 4: -93683.608
Estimate model parameters (epsilon = 0.100)
BETTER TREE FOUND at iteration 6: -93683.472
Iteration 10 / LogL: -93683.616 / Time: 0h:0m:12s
Estimate model parameters (epsilon = 0.100)
BETTER TREE FOUND at iteration 13: -93682.666
Iteration 20 / LogL: -93689.224 / Time: 0h:0m:18s
Finish initializing candidate tree set (19)
Current best tree score: -93682.666 / CPU time: 16.172
Number of iterations: 20
--------------------------------------------------------------------
|               OPTIMIZING CANDIDATE TREE SET                      |
--------------------------------------------------------------------
Estimate model parameters (epsilon = 0.100)
BETTER TREE FOUND at iteration 29: -93682.349
Iteration 30 / LogL: -93685.743 / Time: 0h:0m:23s (0h:1m:20s left)
Estimate model parameters (epsilon = 0.100)
BETTER TREE FOUND at iteration 31: -93681.733
Iteration 40 / LogL: -93699.900 / Time: 0h:0m:29s (0h:1m:9s left)
Iteration 50 / LogL: -93688.128 / Time: 0h:0m:35s (0h:0m:59s left)
Iteration 60 / LogL: -93682.350 / Time: 0h:0m:41s (0h:0m:49s left)
Iteration 70 / LogL: -93682.583 / Time: 0h:0m:46s (0h:0m:41s left)
Iteration 80 / LogL: -93683.059 / Time: 0h:0m:52s (0h:0m:34s left)
UPDATE BEST LOG-LIKELIHOOD: -93681.733
Iteration 90 / LogL: -93682.395 / Time: 0h:0m:58s (0h:0m:26s left)
Iteration 100 / LogL: -93683.609 / Time: 0h:1m:4s (0h:0m:20s left)
Iteration 110 / LogL: -93682.497 / Time: 0h:1m:10s (0h:0m:13s left)
Iteration 120 / LogL: -93682.349 / Time: 0h:1m:15s (0h:0m:7s left)
Iteration 130 / LogL: -93682.579 / Time: 0h:1m:21s (0h:0m:0s left)
TREE SEARCH COMPLETED AFTER 132 ITERATIONS / Time: 0h:1m:23s

--------------------------------------------------------------------
|                    FINALIZING TREE SEARCH                        |
--------------------------------------------------------------------
Performs final model parameters optimization
Estimate model parameters (epsilon = 0.010)
1. Initial log-likelihood: -93681.733
Optimal log-likelihood: -93681.732
Rate parameters:  A-C: 0.87072  A-G: 3.49106  A-T: 0.54573  C-G: 1.33242  C-T: 2.96719  G-T: 1.00000
Base frequencies:  A: 0.319  C: 0.188  G: 0.185  T: 0.308
Gamma shape alpha: 2.710
Parameters optimization took 1 rounds (0.144 sec)
BEST SCORE FOUND : -93681.732
Total tree length: 4.136

Total number of iterations: 132
CPU time used for tree search: 81.252 sec (0h:1m:21s)
Wall-clock time used for tree search: 81.318 sec (0h:1m:21s)
Total CPU time used: 83.392 sec (0h:1m:23s)
Total wall-clock time used: 83.303 sec (0h:1m:23s)

Analysis results written to: 
  IQ-TREE report:                /workspace/IQTree_JarvD5a_Results/intron_3716.iqtree
  Maximum-likelihood tree:       /workspace/IQTree_JarvD5a_Results/intron_3716.treefile
  Likelihood distances:          /workspace/IQTree_JarvD5a_Results/intron_3716.mldist
  Screen log file:               /workspace/IQTree_JarvD5a_Results/intron_3716.log

Date and Time: Sat May 30 07:51:35 2026
