IQ-TREE version 3.1.2 for Linux x86 64-bit built May  7 2026
Developed by Bui Quang Minh, Thomas Wong, Nhan Ly-Trong, Huaiyan Ren
Contributed by Lam-Tung Nguyen, Dominik Schrempf, Chris Bielow,
Olga Chernomor, Michael Woodhams, Diep Thi Hoang, Heiko Schmidt

Host:    8084c4e79f09 (AVX512, FMA3, 1133 GB RAM)
Command: /workspace/iqtree-3.1.2-Linux/bin/iqtree3_intel -s /workspace/NeuralNJ/empirical/JarvD5a/intron_7230.fasta -st DNA -m GTR+G -seed 2201 -pre /workspace/IQTree_JarvD5a_Results/intron_7230 -quiet
Seed:    2201 (Using SPRNG - Scalable Parallel Random Number Generator)
Time:    Sat May 30 20:49:25 2026
Kernel:  AVX+FMA - 1 threads (384 CPU cores detected)

HINT: Use -nt option to specify number of threads because your CPU has 384 cores!
HINT: -nt AUTO will automatically determine the best number of threads to use.

Reading alignment file /workspace/NeuralNJ/empirical/JarvD5a/intron_7230.fasta ... Fasta format detected
Reading fasta file: done in 0.00613999 secs using 74.51% CPU
Alignment most likely contains DNA/RNA sequences
Constructing alignment: done in 0.022563 secs using 63.03% CPU
Alignment has 47 sequences with 12243 columns, 9965 distinct patterns
6886 parsimony-informative, 2635 singleton sites, 2722 constant sites
       Gap/Ambiguity  Composition  p-value
Analyzing sequences: done in 0.00125194 secs using 99.93% CPU
   1  ANAPL   46.51%    failed      0.10%
   2  APAVI   24.33%    failed      0.06%
   3  APTFO   21.89%    passed     26.83%
   4  BALRE   24.55%    passed     37.48%
   5  BUCRH   23.79%    passed     49.26%
   6  CALAN   36.59%    passed     33.55%
   7  CAPCA   29.32%    passed     19.92%
   8  CARCR   21.32%    passed     27.67%
   9  CATAU   21.11%    passed     46.33%
  10  CHAPE   30.52%    passed     37.44%
  11  CHAVO   23.17%    passed     20.92%
  12  CHLUN   30.22%    failed      1.95%
  13  COLLI   34.06%    failed      0.02%
  14  COLST   25.03%    passed      8.01%
  15  CORBR   29.24%    failed      0.00%
  16  CUCCA   25.56%    passed     45.82%
  17  EGRGA   24.08%    passed     28.16%
  18  EURHE   33.41%    failed      4.21%
  19  FALPE   22.42%    passed     71.58%
  20  FULGL   21.67%    passed     12.30%
  21  GALGA   25.57%    failed      0.02%
  22  GAVST   30.36%    passed     44.51%
  23  GEOFO   35.78%    failed      0.00%
  24  HALAL   21.48%    passed      6.17%
  25  HALLE   21.52%    passed      6.54%
  26  LEPDI   58.65%    passed     50.11%
  27  MANVI   23.51%    failed      4.80%
  28  MELGA   43.59%    failed      2.19%
  29  MELUN   22.94%    passed     31.72%
  30  MERNU   27.04%    passed     42.44%
  31  MESUN   21.60%    passed     76.29%
  32  NESNO   20.39%    passed      8.26%
  33  NIPNI   22.49%    passed     54.00%
  34  OPHHO   22.28%    failed      0.75%
  35  PELCR   57.24%    passed      8.53%
  36  PHACA   23.43%    passed     96.73%
  37  PHALE   58.02%    passed     25.51%
  38  PHORU   20.47%    passed     27.97%
  39  PICPU   30.20%    passed     24.20%
  40  PODCR   21.18%    passed      6.41%
  41  PTEGU   24.15%    passed     38.53%
  42  PYGAD   21.79%    passed     38.31%
  43  STRCA   26.24%    passed     69.83%
  44  TAEGU   35.90%    failed      0.00%
  45  TAUER   22.22%    passed     42.85%
  46  TINMA   29.27%    passed     10.80%
  47  TYTAL   22.25%    failed      4.35%
WARNING: 3 sequences contain more than 50% gaps/ambiguity
****  TOTAL   28.48%  13 sequences failed composition chi2 test (p-value<5%; df=3)
Checking for duplicate sequences: done in 0.00117207 secs using 44.96% CPU

Create initial parsimony tree by phylogenetic likelihood library (PLL)... 0.028 seconds

NOTE: 60 MB RAM (0 GB) is required!
Estimate model parameters (epsilon = 0.100)
1. Initial log-likelihood: -173402.169
2. Current log-likelihood: -162618.905
3. Current log-likelihood: -162416.688
4. Current log-likelihood: -162416.459
Optimal log-likelihood: -162416.447
Rate parameters:  A-C: 1.23230  A-G: 4.13460  A-T: 0.58672  C-G: 1.64756  C-T: 3.51830  G-T: 1.00000
Base frequencies:  A: 0.291  C: 0.161  G: 0.205  T: 0.342
Gamma shape alpha: 2.783
Parameters optimization took 4 rounds (2.497 sec)
Wrote distance file to... 
Computing ML distances based on estimated model parameters...
Calculating distance matrix: done in 0.0272648 secs using 99.94% CPU
Computing ML distances took 0.029188 sec (of wall-clock time) 0.029173 sec (of CPU time)
Setting up auxiliary I and S matrices: done in 0.000101089 secs using 99.91% CPU
Constructing RapidNJ tree: done in 0.0002141 secs using 99.49% CPU
Computing RapidNJ tree took 0.000335 sec (of wall-clock time) 0.000336 sec (of CPU time)
Log-likelihood of RapidNJ tree: -162887.357
--------------------------------------------------------------------
|             INITIALIZING CANDIDATE TREE SET                      |
--------------------------------------------------------------------
Generating 98 parsimony trees... 3.663 second
Computing log-likelihood of 98 initial trees ... 5.512 seconds
Current best score: -162416.447

Do NNI search on 20 best initial trees
Estimate model parameters (epsilon = 0.100)
BETTER TREE FOUND at iteration 1: -162296.223
Estimate model parameters (epsilon = 0.100)
BETTER TREE FOUND at iteration 6: -162285.534
Iteration 10 / LogL: -162346.294 / Time: 0h:0m:22s
Iteration 20 / LogL: -162316.026 / Time: 0h:0m:33s
Finish initializing candidate tree set (19)
Current best tree score: -162285.534 / CPU time: 30.370
Number of iterations: 20
--------------------------------------------------------------------
|               OPTIMIZING CANDIDATE TREE SET                      |
--------------------------------------------------------------------
Estimate model parameters (epsilon = 0.100)
BETTER TREE FOUND at iteration 24: -162284.489
Iteration 30 / LogL: -162307.008 / Time: 0h:0m:42s (0h:2m:16s left)
Estimate model parameters (epsilon = 0.100)
BETTER TREE FOUND at iteration 33: -162282.570
Iteration 40 / LogL: -162284.995 / Time: 0h:0m:51s (0h:2m:2s left)
Iteration 50 / LogL: -162282.587 / Time: 0h:1m:0s (0h:1m:42s left)
Iteration 60 / LogL: -162287.201 / Time: 0h:1m:10s (0h:1m:26s left)
Estimate model parameters (epsilon = 0.100)
UPDATE BEST LOG-LIKELIHOOD: -162282.326
Iteration 70 / LogL: -162282.326 / Time: 0h:1m:20s (0h:1m:13s left)
Estimate model parameters (epsilon = 0.100)
BETTER TREE FOUND at iteration 71: -162280.661
Iteration 80 / LogL: -162280.703 / Time: 0h:1m:30s (0h:1m:43s left)
Iteration 90 / LogL: -162281.471 / Time: 0h:1m:38s (0h:1m:30s left)
Iteration 100 / LogL: -162280.808 / Time: 0h:1m:47s (0h:1m:17s left)
Iteration 110 / LogL: -162280.786 / Time: 0h:1m:56s (0h:1m:5s left)
Iteration 120 / LogL: -162291.944 / Time: 0h:2m:5s (0h:0m:53s left)
Iteration 130 / LogL: -162281.159 / Time: 0h:2m:14s (0h:0m:42s left)
Iteration 140 / LogL: -162280.777 / Time: 0h:2m:23s (0h:0m:32s left)
Iteration 150 / LogL: -162280.788 / Time: 0h:2m:31s (0h:0m:21s left)
Iteration 160 / LogL: -162283.203 / Time: 0h:2m:40s (0h:0m:11s left)
Iteration 170 / LogL: -162280.816 / Time: 0h:2m:48s (0h:0m:0s left)
TREE SEARCH COMPLETED AFTER 172 ITERATIONS / Time: 0h:2m:50s

--------------------------------------------------------------------
|                    FINALIZING TREE SEARCH                        |
--------------------------------------------------------------------
Performs final model parameters optimization
Estimate model parameters (epsilon = 0.010)
1. Initial log-likelihood: -162280.661
Optimal log-likelihood: -162280.661
Rate parameters:  A-C: 1.22899  A-G: 4.13908  A-T: 0.58470  C-G: 1.64957  C-T: 3.51677  G-T: 1.00000
Base frequencies:  A: 0.291  C: 0.161  G: 0.205  T: 0.342
Gamma shape alpha: 2.790
Parameters optimization took 1 rounds (0.240 sec)
BEST SCORE FOUND : -162280.661
Total tree length: 4.556

Total number of iterations: 172
CPU time used for tree search: 167.067 sec (0h:2m:47s)
Wall-clock time used for tree search: 167.459 sec (0h:2m:47s)
Total CPU time used: 170.294 sec (0h:2m:50s)
Total wall-clock time used: 170.543 sec (0h:2m:50s)

Analysis results written to: 
  IQ-TREE report:                /workspace/IQTree_JarvD5a_Results/intron_7230.iqtree
  Maximum-likelihood tree:       /workspace/IQTree_JarvD5a_Results/intron_7230.treefile
  Likelihood distances:          /workspace/IQTree_JarvD5a_Results/intron_7230.mldist
  Screen log file:               /workspace/IQTree_JarvD5a_Results/intron_7230.log

Date and Time: Sat May 30 20:52:16 2026
