IQ-TREE version 3.1.2 for Linux x86 64-bit built May  7 2026
Developed by Bui Quang Minh, Thomas Wong, Nhan Ly-Trong, Huaiyan Ren
Contributed by Lam-Tung Nguyen, Dominik Schrempf, Chris Bielow,
Olga Chernomor, Michael Woodhams, Diep Thi Hoang, Heiko Schmidt

Host:    8084c4e79f09 (AVX512, FMA3, 1133 GB RAM)
Command: /workspace/iqtree-3.1.2-Linux/bin/iqtree3_intel -s /workspace/NeuralNJ/empirical/JarvD5a/intron_3242.fasta -st DNA -m GTR+G -seed 2201 -pre /workspace/IQTree_JarvD5a_Results/intron_3242 -quiet
Seed:    2201 (Using SPRNG - Scalable Parallel Random Number Generator)
Time:    Sat May 30 05:25:17 2026
Kernel:  AVX+FMA - 1 threads (384 CPU cores detected)

HINT: Use -nt option to specify number of threads because your CPU has 384 cores!
HINT: -nt AUTO will automatically determine the best number of threads to use.

Reading alignment file /workspace/NeuralNJ/empirical/JarvD5a/intron_3242.fasta ... Fasta format detected
Reading fasta file: done in 0.0024662 secs using 70.55% CPU
Alignment most likely contains DNA/RNA sequences
Constructing alignment: done in 0.00700402 secs using 84.97% CPU
Alignment has 43 sequences with 4658 columns, 3821 distinct patterns
2582 parsimony-informative, 954 singleton sites, 1122 constant sites
       Gap/Ambiguity  Composition  p-value
Analyzing sequences: done in 0.000380039 secs
   1  ACACH   24.26%    passed     79.73%
   2  ANAPL   19.79%    passed     21.17%
   3  APAVI   25.89%    passed     34.87%
   4  APTFO   21.49%    passed     89.29%
   5  BALRE   22.35%    passed     96.90%
   6  BUCRH   24.86%    passed     80.99%
   7  CALAN   24.13%    passed     99.57%
   8  CAPCA   21.75%    passed     52.46%
   9  CARCR   32.03%    passed     90.41%
  10  CATAU   45.88%    passed     20.67%
  11  CHAPE   22.56%    passed     11.30%
  12  CHAVO   24.11%    passed     73.98%
  13  COLST   22.82%    passed     70.29%
  14  CORBR   23.06%    passed     62.13%
  15  CUCCA   23.40%    passed     99.33%
  16  EGRGA   21.38%    passed     99.78%
  17  EURHE   24.09%    passed     77.17%
  18  FALPE   22.20%    passed     59.18%
  19  FULGL   21.85%    passed     71.09%
  20  GALGA   18.01%    passed      8.86%
  21  GAVST   20.91%    passed     99.89%
  22  GEOFO   24.04%    passed     49.59%
  23  HALAL   21.92%    passed     52.24%
  24  HALLE   21.83%    passed     55.15%
  25  LEPDI   23.10%    passed     99.15%
  26  MANVI   22.76%    passed     72.24%
  27  MELGA   18.38%    passed     11.07%
  28  MELUN   22.43%    passed     71.70%
  29  MERNU   23.10%    passed     88.61%
  30  MESUN   22.09%    passed     79.51%
  31  NESNO   22.82%    passed     98.21%
  32  NIPNI   21.83%    passed     93.17%
  33  OPHHO   21.43%    passed     29.86%
  34  PELCR   21.02%    passed     44.06%
  35  PHALE   22.18%    passed     89.53%
  36  PHORU   21.19%    passed     89.92%
  37  PICPU   48.63%    failed      0.00%
  38  PYGAD   21.51%    passed     61.76%
  39  STRCA   21.66%    passed     82.54%
  40  TAEGU   24.88%    passed     95.68%
  41  TAUER   25.29%    passed     93.20%
  42  TINMA   53.86%    passed     15.79%
  43  TYTAL   26.32%    passed     98.44%
WARNING: 1 sequences contain more than 50% gaps/ambiguity
****  TOTAL   24.63%  1 sequences failed composition chi2 test (p-value<5%; df=3)
Checking for duplicate sequences: done in 0.000354052 secs

Create initial parsimony tree by phylogenetic likelihood library (PLL)... 0.010 seconds

NOTE: 21 MB RAM (0 GB) is required!
Estimate model parameters (epsilon = 0.100)
1. Initial log-likelihood: -65022.723
2. Current log-likelihood: -61691.922
3. Current log-likelihood: -61626.008
Optimal log-likelihood: -61625.920
Rate parameters:  A-C: 1.19847  A-G: 3.79106  A-T: 0.68897  C-G: 1.44485  C-T: 3.23670  G-T: 1.00000
Base frequencies:  A: 0.277  C: 0.162  G: 0.209  T: 0.353
Gamma shape alpha: 2.260
Parameters optimization took 3 rounds (0.927 sec)
Wrote distance file to... 
Computing ML distances based on estimated model parameters...
Calculating distance matrix: done in 0.0107329 secs using 99.86% CPU
Computing ML distances took 0.011262 sec (of wall-clock time) 0.011247 sec (of CPU time)
Setting up auxiliary I and S matrices: done in 0.00022316 secs using 99.93% CPU
Constructing RapidNJ tree: done in 0.000445127 secs using 278.3% CPU
Computing RapidNJ tree took 0.000750 sec (of wall-clock time) 0.001564 sec (of CPU time)
Log-likelihood of RapidNJ tree: -61834.878
--------------------------------------------------------------------
|             INITIALIZING CANDIDATE TREE SET                      |
--------------------------------------------------------------------
Generating 98 parsimony trees... 1.123 second
Computing log-likelihood of 98 initial trees ... 1.837 seconds
Current best score: -61625.920

Do NNI search on 20 best initial trees
Estimate model parameters (epsilon = 0.100)
BETTER TREE FOUND at iteration 1: -61586.654
Estimate model parameters (epsilon = 0.100)
BETTER TREE FOUND at iteration 2: -61585.897
Estimate model parameters (epsilon = 0.100)
BETTER TREE FOUND at iteration 3: -61580.396
Estimate model parameters (epsilon = 0.100)
BETTER TREE FOUND at iteration 10: -61575.568
Iteration 10 / LogL: -61575.568 / Time: 0h:0m:7s
Iteration 20 / LogL: -61587.644 / Time: 0h:0m:11s
Finish initializing candidate tree set (20)
Current best tree score: -61575.568 / CPU time: 10.118
Number of iterations: 20
--------------------------------------------------------------------
|               OPTIMIZING CANDIDATE TREE SET                      |
--------------------------------------------------------------------
Estimate model parameters (epsilon = 0.100)
BETTER TREE FOUND at iteration 22: -61567.896
Estimate model parameters (epsilon = 0.100)
BETTER TREE FOUND at iteration 28: -61566.096
Iteration 30 / LogL: -61566.115 / Time: 0h:0m:14s (0h:0m:49s left)
Estimate model parameters (epsilon = 0.100)
BETTER TREE FOUND at iteration 34: -61563.165
Estimate model parameters (epsilon = 0.100)
BETTER TREE FOUND at iteration 37: -61561.254
Iteration 40 / LogL: -61570.925 / Time: 0h:0m:17s (0h:0m:44s left)
Iteration 50 / LogL: -61563.109 / Time: 0h:0m:20s (0h:0m:37s left)
Estimate model parameters (epsilon = 0.100)
BETTER TREE FOUND at iteration 59: -61560.476
Iteration 60 / LogL: -61561.246 / Time: 0h:0m:24s (0h:0m:40s left)
Iteration 70 / LogL: -61560.535 / Time: 0h:0m:27s (0h:0m:35s left)
Iteration 80 / LogL: -61563.779 / Time: 0h:0m:30s (0h:0m:30s left)
Iteration 90 / LogL: -61768.865 / Time: 0h:0m:33s (0h:0m:26s left)
Iteration 100 / LogL: -61572.311 / Time: 0h:0m:37s (0h:0m:22s left)
Iteration 110 / LogL: -61560.515 / Time: 0h:0m:40s (0h:0m:18s left)
Estimate model parameters (epsilon = 0.100)
BETTER TREE FOUND at iteration 114: -61560.365
Iteration 120 / LogL: -61560.458 / Time: 0h:0m:43s (0h:0m:34s left)
Iteration 130 / LogL: -61571.735 / Time: 0h:0m:46s (0h:0m:30s left)
Iteration 140 / LogL: -61565.771 / Time: 0h:0m:49s (0h:0m:26s left)
Iteration 150 / LogL: -61769.257 / Time: 0h:0m:52s (0h:0m:22s left)
Iteration 160 / LogL: -61596.577 / Time: 0h:0m:55s (0h:0m:18s left)
Iteration 170 / LogL: -61561.426 / Time: 0h:0m:58s (0h:0m:15s left)
Iteration 180 / LogL: -61561.348 / Time: 0h:1m:2s (0h:0m:11s left)
Iteration 190 / LogL: -61560.484 / Time: 0h:1m:5s (0h:0m:8s left)
Iteration 200 / LogL: -61562.534 / Time: 0h:1m:8s (0h:0m:4s left)
Iteration 210 / LogL: -61562.217 / Time: 0h:1m:11s (0h:0m:1s left)
TREE SEARCH COMPLETED AFTER 215 ITERATIONS / Time: 0h:1m:12s

--------------------------------------------------------------------
|                    FINALIZING TREE SEARCH                        |
--------------------------------------------------------------------
Performs final model parameters optimization
Estimate model parameters (epsilon = 0.010)
1. Initial log-likelihood: -61560.365
Optimal log-likelihood: -61560.364
Rate parameters:  A-C: 1.20547  A-G: 3.82139  A-T: 0.69414  C-G: 1.45533  C-T: 3.28512  G-T: 1.00000
Base frequencies:  A: 0.277  C: 0.162  G: 0.209  T: 0.353
Gamma shape alpha: 2.286
Parameters optimization took 1 rounds (0.078 sec)
BEST SCORE FOUND : -61560.364
Total tree length: 4.417

Total number of iterations: 215
CPU time used for tree search: 71.909 sec (0h:1m:11s)
Wall-clock time used for tree search: 71.839 sec (0h:1m:11s)
Total CPU time used: 73.104 sec (0h:1m:13s)
Total wall-clock time used: 72.962 sec (0h:1m:12s)

Analysis results written to: 
  IQ-TREE report:                /workspace/IQTree_JarvD5a_Results/intron_3242.iqtree
  Maximum-likelihood tree:       /workspace/IQTree_JarvD5a_Results/intron_3242.treefile
  Likelihood distances:          /workspace/IQTree_JarvD5a_Results/intron_3242.mldist
  Screen log file:               /workspace/IQTree_JarvD5a_Results/intron_3242.log

Date and Time: Sat May 30 05:26:30 2026
