IQ-TREE version 3.1.2 for Linux x86 64-bit built May  7 2026
Developed by Bui Quang Minh, Thomas Wong, Nhan Ly-Trong, Huaiyan Ren
Contributed by Lam-Tung Nguyen, Dominik Schrempf, Chris Bielow,
Olga Chernomor, Michael Woodhams, Diep Thi Hoang, Heiko Schmidt

Host:    8084c4e79f09 (AVX512, FMA3, 1133 GB RAM)
Command: /workspace/iqtree-3.1.2-Linux/bin/iqtree3_intel -s /workspace/NeuralNJ/empirical/JarvD5a/intron_12217.fasta -st DNA -m GTR+G -seed 2201 -pre /workspace/IQTree_JarvD5a_Results/intron_12217 -quiet
Seed:    2201 (Using SPRNG - Scalable Parallel Random Number Generator)
Time:    Fri May 29 05:09:33 2026
Kernel:  AVX+FMA - 1 threads (384 CPU cores detected)

HINT: Use -nt option to specify number of threads because your CPU has 384 cores!
HINT: -nt AUTO will automatically determine the best number of threads to use.

Reading alignment file /workspace/NeuralNJ/empirical/JarvD5a/intron_12217.fasta ... Fasta format detected
Reading fasta file: done in 0.00452304 secs using 99.6% CPU
Alignment most likely contains DNA/RNA sequences
Constructing alignment: done in 0.012784 secs using 78.29% CPU
Alignment has 46 sequences with 8085 columns, 6990 distinct patterns
5164 parsimony-informative, 1408 singleton sites, 1513 constant sites
       Gap/Ambiguity  Composition  p-value
Analyzing sequences: done in 0.000664949 secs using 98.65% CPU
   1  ACACH   24.95%    passed     30.74%
   2  ANAPL   22.63%    failed      0.46%
   3  APAVI   27.73%    passed     87.59%
   4  APTFO   20.06%    passed     34.31%
   5  BALRE   22.87%    passed     66.50%
   6  BUCRH   25.28%    passed     53.72%
   7  CALAN   24.22%    failed      3.53%
   8  CAPCA   21.41%    passed     20.91%
   9  CHAPE   22.57%    failed      1.06%
  10  CHAVO   22.97%    passed     72.46%
  11  CHLUN   86.43%    failed      2.53%
  12  COLLI   27.71%    passed     70.69%
  13  COLST   24.13%    passed     19.74%
  14  CORBR   22.80%    passed     36.68%
  15  CUCCA   24.28%    failed      1.21%
  16  EGRGA   21.78%    failed      3.29%
  17  EURHE   23.97%    failed      0.00%
  18  FALPE   24.92%    failed      4.51%
  19  FULGL   20.85%    passed     17.70%
  20  GALGA   26.44%    failed      1.99%
  21  GAVST   20.84%    passed     59.74%
  22  GEOFO   24.12%    passed     19.15%
  23  HALAL   21.42%    passed     71.90%
  24  HALLE   21.30%    passed     68.92%
  25  LEPDI   26.18%    passed     35.97%
  26  MANVI   57.49%    passed     29.51%
  27  MELGA   29.64%    failed      0.49%
  28  MELUN   21.39%    passed     11.98%
  29  MERNU   40.00%    passed     46.63%
  30  MESUN   24.28%    failed      0.09%
  31  NESNO   29.67%    passed     50.52%
  32  NIPNI   21.52%    passed     25.53%
  33  OPHHO   24.47%    failed      0.00%
  34  PELCR   20.69%    passed     33.23%
  35  PHACA   21.32%    passed     85.28%
  36  PHALE   23.92%    passed     65.67%
  37  PHORU   86.37%    failed      0.61%
  38  PICPU   26.01%    passed     88.16%
  39  PODCR   25.08%    passed     19.24%
  40  PTEGU   21.83%    passed     91.99%
  41  PYGAD   20.04%    passed      5.62%
  42  STRCA   21.10%    passed     57.56%
  43  TAEGU   23.95%    failed      0.43%
  44  TAUER   27.52%    failed      3.79%
  45  TINMA   31.18%    passed     61.65%
  46  TYTAL   24.86%    passed     35.36%
WARNING: 3 sequences contain more than 50% gaps/ambiguity
****  TOTAL   27.70%  15 sequences failed composition chi2 test (p-value<5%; df=3)
Checking for duplicate sequences: done in 0.00069809 secs using 64.6% CPU

Create initial parsimony tree by phylogenetic likelihood library (PLL)... 0.026 seconds

NOTE: 41 MB RAM (0 GB) is required!
Estimate model parameters (epsilon = 0.100)
1. Initial log-likelihood: -131911.871
2. Current log-likelihood: -123434.744
3. Current log-likelihood: -123301.926
4. Current log-likelihood: -123300.074
Optimal log-likelihood: -123300.051
Rate parameters:  A-C: 1.30096  A-G: 4.77549  A-T: 0.68264  C-G: 1.29387  C-T: 3.75474  G-T: 1.00000
Base frequencies:  A: 0.247  C: 0.217  G: 0.221  T: 0.315
Gamma shape alpha: 3.036
Parameters optimization took 4 rounds (1.583 sec)
Wrote distance file to... 
Computing ML distances based on estimated model parameters...
Calculating distance matrix: done in 0.0194411 secs using 99.91% CPU
Computing ML distances took 0.020589 sec (of wall-clock time) 0.020568 sec (of CPU time)
Setting up auxiliary I and S matrices: done in 0.000232935 secs using 99.6% CPU
Constructing RapidNJ tree: done in 0.000483036 secs using 253.2% CPU
Computing RapidNJ tree took 0.000804 sec (of wall-clock time) 0.001558 sec (of CPU time)
Log-likelihood of RapidNJ tree: -123727.216
--------------------------------------------------------------------
|             INITIALIZING CANDIDATE TREE SET                      |
--------------------------------------------------------------------
Generating 98 parsimony trees... 2.313 second
Computing log-likelihood of 98 initial trees ... 3.662 seconds
Current best score: -123300.051

Do NNI search on 20 best initial trees
Estimate model parameters (epsilon = 0.100)
BETTER TREE FOUND at iteration 1: -123285.676
Estimate model parameters (epsilon = 0.100)
BETTER TREE FOUND at iteration 2: -123256.068
Estimate model parameters (epsilon = 0.100)
BETTER TREE FOUND at iteration 3: -123247.907
Iteration 10 / LogL: -123256.041 / Time: 0h:0m:13s
UPDATE BEST LOG-LIKELIHOOD: -123247.906
Iteration 20 / LogL: -123253.121 / Time: 0h:0m:19s
Finish initializing candidate tree set (13)
Current best tree score: -123247.906 / CPU time: 17.715
Number of iterations: 20
--------------------------------------------------------------------
|               OPTIMIZING CANDIDATE TREE SET                      |
--------------------------------------------------------------------
UPDATE BEST LOG-LIKELIHOOD: -123247.906
Iteration 30 / LogL: -123253.270 / Time: 0h:0m:25s (0h:1m:4s left)
UPDATE BEST LOG-LIKELIHOOD: -123247.905
Iteration 40 / LogL: -123247.934 / Time: 0h:0m:31s (0h:0m:51s left)
Iteration 50 / LogL: -123253.234 / Time: 0h:0m:38s (0h:0m:41s left)
Iteration 60 / LogL: -123248.748 / Time: 0h:0m:44s (0h:0m:32s left)
Iteration 70 / LogL: -123248.171 / Time: 0h:0m:50s (0h:0m:24s left)
Estimate model parameters (epsilon = 0.100)
BETTER TREE FOUND at iteration 76: -123247.241
Iteration 80 / LogL: -123254.596 / Time: 0h:0m:56s (0h:1m:8s left)
Iteration 90 / LogL: -123247.956 / Time: 0h:1m:2s (0h:1m:0s left)
Iteration 100 / LogL: -123249.272 / Time: 0h:1m:8s (0h:0m:52s left)
Iteration 110 / LogL: -123249.674 / Time: 0h:1m:15s (0h:0m:45s left)
Iteration 120 / LogL: -123247.313 / Time: 0h:1m:21s (0h:0m:38s left)
Iteration 130 / LogL: -123292.813 / Time: 0h:1m:26s (0h:0m:30s left)
Iteration 140 / LogL: -123247.922 / Time: 0h:1m:33s (0h:0m:24s left)
Iteration 150 / LogL: -123248.600 / Time: 0h:1m:39s (0h:0m:17s left)
Iteration 160 / LogL: -123247.918 / Time: 0h:1m:46s (0h:0m:10s left)
Iteration 170 / LogL: -123247.912 / Time: 0h:1m:53s (0h:0m:4s left)
TREE SEARCH COMPLETED AFTER 177 ITERATIONS / Time: 0h:1m:57s

--------------------------------------------------------------------
|                    FINALIZING TREE SEARCH                        |
--------------------------------------------------------------------
Performs final model parameters optimization
Estimate model parameters (epsilon = 0.010)
1. Initial log-likelihood: -123247.241
Optimal log-likelihood: -123247.240
Rate parameters:  A-C: 1.29821  A-G: 4.77973  A-T: 0.68234  C-G: 1.29866  C-T: 3.75093  G-T: 1.00000
Base frequencies:  A: 0.247  C: 0.217  G: 0.221  T: 0.315
Gamma shape alpha: 3.059
Parameters optimization took 1 rounds (0.161 sec)
BEST SCORE FOUND : -123247.240
Total tree length: 5.407

Total number of iterations: 177
CPU time used for tree search: 115.953 sec (0h:1m:55s)
Wall-clock time used for tree search: 116.102 sec (0h:1m:56s)
Total CPU time used: 118.062 sec (0h:1m:58s)
Total wall-clock time used: 118.076 sec (0h:1m:58s)

Analysis results written to: 
  IQ-TREE report:                /workspace/IQTree_JarvD5a_Results/intron_12217.iqtree
  Maximum-likelihood tree:       /workspace/IQTree_JarvD5a_Results/intron_12217.treefile
  Likelihood distances:          /workspace/IQTree_JarvD5a_Results/intron_12217.mldist
  Screen log file:               /workspace/IQTree_JarvD5a_Results/intron_12217.log

Date and Time: Fri May 29 05:11:31 2026
