IQ-TREE version 3.1.2 for Linux x86 64-bit built May  7 2026
Developed by Bui Quang Minh, Thomas Wong, Nhan Ly-Trong, Huaiyan Ren
Contributed by Lam-Tung Nguyen, Dominik Schrempf, Chris Bielow,
Olga Chernomor, Michael Woodhams, Diep Thi Hoang, Heiko Schmidt

Host:    8084c4e79f09 (AVX512, FMA3, 1133 GB RAM)
Command: /workspace/iqtree-3.1.2-Linux/bin/iqtree3_intel -s /workspace/NeuralNJ/empirical/JarvD5a/intron_8617.fasta -st DNA -m GTR+G -seed 2201 -pre /workspace/IQTree_JarvD5a_Results/intron_8617 -quiet
Seed:    2201 (Using SPRNG - Scalable Parallel Random Number Generator)
Time:    Sun May 31 05:13:35 2026
Kernel:  AVX+FMA - 1 threads (384 CPU cores detected)

HINT: Use -nt option to specify number of threads because your CPU has 384 cores!
HINT: -nt AUTO will automatically determine the best number of threads to use.

Reading alignment file /workspace/NeuralNJ/empirical/JarvD5a/intron_8617.fasta ... Fasta format detected
Reading fasta file: done in 0.000725031 secs using 76% CPU
Alignment most likely contains DNA/RNA sequences
Constructing alignment: done in 0.00173116 secs using 81.85% CPU
Alignment has 40 sequences with 1129 columns, 1040 distinct patterns
672 parsimony-informative, 272 singleton sites, 185 constant sites
       Gap/Ambiguity  Composition  p-value
Analyzing sequences: done in 6.10352e-05 secs using 98.3% CPU
   1  ACACH   16.12%    passed     18.06%
   2  ANAPL   12.58%    passed     59.13%
   3  APAVI   18.95%    passed     95.46%
   4  APTFO   12.40%    passed     92.56%
   5  BALRE   13.99%    passed     97.50%
   6  CALAN   15.23%    passed     23.37%
   7  CAPCA   11.69%    passed     71.37%
   8  CATAU   11.60%    passed     95.52%
   9  CHAPE   13.11%    passed     90.39%
  10  CHAVO   15.59%    passed     31.09%
  11  CHLUN    9.74%    passed     93.60%
  12  COLST   15.85%    passed     24.18%
  13  CORBR   14.08%    passed     66.07%
  14  CUCCA   14.35%    passed     80.58%
  15  EGRGA   11.07%    passed     61.00%
  16  EURHE   17.71%    failed      0.00%
  17  FALPE   11.78%    passed     97.46%
  18  FULGL   11.78%    passed     98.02%
  19  GALGA   26.84%    passed     95.99%
  20  GAVST   16.03%    passed     99.22%
  21  HALAL   11.25%    passed     86.96%
  22  HALLE   11.25%    passed     85.75%
  23  LEPDI   13.02%    passed     86.18%
  24  MELGA   26.57%    passed     84.19%
  25  MELUN   15.77%    passed     92.23%
  26  MERNU   17.89%    passed     73.85%
  27  MESUN   12.58%    passed     45.82%
  28  NIPNI   11.07%    passed     89.39%
  29  OPHHO   12.22%    passed     65.10%
  30  PELCR   12.67%    passed     94.21%
  31  PHACA   12.58%    passed     94.93%
  32  PHALE   11.43%    passed     96.93%
  33  PICPU   16.47%    failed      0.01%
  34  PODCR   13.91%    passed     93.69%
  35  PTEGU    8.41%    passed     47.84%
  36  PYGAD   12.05%    passed     97.10%
  37  TAEGU   13.11%    passed     47.97%
  38  TAUER   29.85%    passed     78.54%
  39  TINMA   16.30%    passed     12.17%
  40  TYTAL   12.05%    passed     69.38%
****  TOTAL   14.52%  2 sequences failed composition chi2 test (p-value<5%; df=3)
Checking for duplicate sequences: done in 0.000138998 secs using 99.28% CPU

Create initial parsimony tree by phylogenetic likelihood library (PLL)... 0.003 seconds

NOTE: 5 MB RAM (0 GB) is required!
Estimate model parameters (epsilon = 0.100)
1. Initial log-likelihood: -16014.220
2. Current log-likelihood: -15194.428
3. Current log-likelihood: -15182.170
Optimal log-likelihood: -15182.165
Rate parameters:  A-C: 0.94097  A-G: 2.93860  A-T: 0.58047  C-G: 1.24825  C-T: 3.48970  G-T: 1.00000
Base frequencies:  A: 0.313  C: 0.225  G: 0.200  T: 0.262
Gamma shape alpha: 3.553
Parameters optimization took 3 rounds (0.167 sec)
Wrote distance file to... 
Computing ML distances based on estimated model parameters...
Calculating distance matrix: done in 0.00377202 secs using 99.42% CPU
Computing ML distances took 0.004252 sec (of wall-clock time) 0.004177 sec (of CPU time)
Setting up auxiliary I and S matrices: done in 0.000211954 secs using 247.7% CPU
Constructing RapidNJ tree: done in 0.000417948 secs using 246.2% CPU
Computing RapidNJ tree took 0.000746 sec (of wall-clock time) 0.001714 sec (of CPU time)
Log-likelihood of RapidNJ tree: -15231.766
--------------------------------------------------------------------
|             INITIALIZING CANDIDATE TREE SET                      |
--------------------------------------------------------------------
Generating 98 parsimony trees... 0.304 second
Computing log-likelihood of 98 initial trees ... 0.476 seconds
Current best score: -15166.909

Do NNI search on 20 best initial trees
Estimate model parameters (epsilon = 0.100)
BETTER TREE FOUND at iteration 1: -15152.031
Iteration 10 / LogL: -15162.640 / Time: 0h:0m:1s
Iteration 20 / LogL: -15161.659 / Time: 0h:0m:2s
Finish initializing candidate tree set (20)
Current best tree score: -15152.031 / CPU time: 2.556
Number of iterations: 20
--------------------------------------------------------------------
|               OPTIMIZING CANDIDATE TREE SET                      |
--------------------------------------------------------------------
Iteration 30 / LogL: -15157.169 / Time: 0h:0m:3s (0h:0m:8s left)
Estimate model parameters (epsilon = 0.100)
BETTER TREE FOUND at iteration 32: -15151.003
Iteration 40 / LogL: -15153.324 / Time: 0h:0m:4s (0h:0m:11s left)
Estimate model parameters (epsilon = 0.100)
BETTER TREE FOUND at iteration 45: -15149.700
Iteration 50 / LogL: -15150.929 / Time: 0h:0m:5s (0h:0m:11s left)
Estimate model parameters (epsilon = 0.100)
BETTER TREE FOUND at iteration 57: -15149.471
Estimate model parameters (epsilon = 0.100)
BETTER TREE FOUND at iteration 59: -15148.547
Iteration 60 / LogL: -15150.276 / Time: 0h:0m:6s (0h:0m:11s left)
Estimate model parameters (epsilon = 0.100)
BETTER TREE FOUND at iteration 64: -15146.628
Iteration 70 / LogL: -15147.140 / Time: 0h:0m:7s (0h:0m:10s left)
Estimate model parameters (epsilon = 0.100)
BETTER TREE FOUND at iteration 75: -15146.442
Iteration 80 / LogL: -15148.160 / Time: 0h:0m:8s (0h:0m:10s left)
Estimate model parameters (epsilon = 0.100)
BETTER TREE FOUND at iteration 90: -15146.223
Iteration 90 / LogL: -15146.223 / Time: 0h:0m:9s (0h:0m:11s left)
Estimate model parameters (epsilon = 0.100)
BETTER TREE FOUND at iteration 91: -15145.957
Estimate model parameters (epsilon = 0.100)
BETTER TREE FOUND at iteration 93: -15145.933
Estimate model parameters (epsilon = 0.100)
BETTER TREE FOUND at iteration 97: -15145.741
Iteration 100 / LogL: -15145.934 / Time: 0h:0m:10s (0h:0m:10s left)
Iteration 110 / LogL: -15151.902 / Time: 0h:0m:11s (0h:0m:9s left)
Estimate model parameters (epsilon = 0.100)
BETTER TREE FOUND at iteration 116: -15145.334
Iteration 120 / LogL: -15149.292 / Time: 0h:0m:12s (0h:0m:10s left)
Iteration 130 / LogL: -15149.679 / Time: 0h:0m:13s (0h:0m:9s left)
Iteration 140 / LogL: -15159.077 / Time: 0h:0m:14s (0h:0m:7s left)
Iteration 150 / LogL: -15145.334 / Time: 0h:0m:15s (0h:0m:6s left)
UPDATE BEST LOG-LIKELIHOOD: -15145.334
Iteration 160 / LogL: -15145.334 / Time: 0h:0m:16s (0h:0m:5s left)
UPDATE BEST LOG-LIKELIHOOD: -15145.334
UPDATE BEST LOG-LIKELIHOOD: -15145.333
Iteration 170 / LogL: -15146.413 / Time: 0h:0m:17s (0h:0m:4s left)
Iteration 180 / LogL: -15146.110 / Time: 0h:0m:18s (0h:0m:3s left)
Iteration 190 / LogL: -15147.253 / Time: 0h:0m:18s (0h:0m:2s left)
Iteration 200 / LogL: -15146.630 / Time: 0h:0m:19s (0h:0m:1s left)
Iteration 210 / LogL: -15146.419 / Time: 0h:0m:20s (0h:0m:0s left)
TREE SEARCH COMPLETED AFTER 217 ITERATIONS / Time: 0h:0m:21s

--------------------------------------------------------------------
|                    FINALIZING TREE SEARCH                        |
--------------------------------------------------------------------
Performs final model parameters optimization
Estimate model parameters (epsilon = 0.010)
1. Initial log-likelihood: -15145.333
Optimal log-likelihood: -15145.332
Rate parameters:  A-C: 0.92407  A-G: 2.95412  A-T: 0.57831  C-G: 1.25695  C-T: 3.49702  G-T: 1.00000
Base frequencies:  A: 0.313  C: 0.225  G: 0.200  T: 0.262
Gamma shape alpha: 3.662
Parameters optimization took 1 rounds (0.021 sec)
BEST SCORE FOUND : -15145.332
Total tree length: 3.749

Total number of iterations: 217
CPU time used for tree search: 21.222 sec (0h:0m:21s)
Wall-clock time used for tree search: 21.086 sec (0h:0m:21s)
Total CPU time used: 21.497 sec (0h:0m:21s)
Total wall-clock time used: 21.330 sec (0h:0m:21s)

Analysis results written to: 
  IQ-TREE report:                /workspace/IQTree_JarvD5a_Results/intron_8617.iqtree
  Maximum-likelihood tree:       /workspace/IQTree_JarvD5a_Results/intron_8617.treefile
  Likelihood distances:          /workspace/IQTree_JarvD5a_Results/intron_8617.mldist
  Screen log file:               /workspace/IQTree_JarvD5a_Results/intron_8617.log

Date and Time: Sun May 31 05:13:57 2026
