IQ-TREE version 3.1.2 for Linux x86 64-bit built May  7 2026
Developed by Bui Quang Minh, Thomas Wong, Nhan Ly-Trong, Huaiyan Ren
Contributed by Lam-Tung Nguyen, Dominik Schrempf, Chris Bielow,
Olga Chernomor, Michael Woodhams, Diep Thi Hoang, Heiko Schmidt

Host:    8084c4e79f09 (AVX512, FMA3, 1133 GB RAM)
Command: /workspace/iqtree-3.1.2-Linux/bin/iqtree3_intel -s /workspace/NeuralNJ/empirical/JarvD5a/intron_13815.fasta -st DNA -m GTR+G -seed 2201 -pre /workspace/IQTree_JarvD5a_Results/intron_13815 -quiet
Seed:    2201 (Using SPRNG - Scalable Parallel Random Number Generator)
Time:    Fri May 29 12:27:31 2026
Kernel:  AVX+FMA - 1 threads (384 CPU cores detected)

HINT: Use -nt option to specify number of threads because your CPU has 384 cores!
HINT: -nt AUTO will automatically determine the best number of threads to use.

Reading alignment file /workspace/NeuralNJ/empirical/JarvD5a/intron_13815.fasta ... Fasta format detected
Reading fasta file: done in 0.0127361 secs using 70.74% CPU
Alignment most likely contains DNA/RNA sequences
Constructing alignment: done in 0.0404301 secs using 55.17% CPU
Alignment has 43 sequences with 20230 columns, 16529 distinct patterns
11238 parsimony-informative, 4617 singleton sites, 4375 constant sites
       Gap/Ambiguity  Composition  p-value
Analyzing sequences: done in 0.00160503 secs using 99% CPU
   1  ACACH   32.34%    passed     37.67%
   2  ANAPL   26.71%    failed      0.00%
   3  APAVI   26.59%    passed     66.15%
   4  APTFO   18.23%    passed     10.97%
   5  BALRE   22.64%    passed     53.19%
   6  CALAN   47.02%    failed      0.00%
   7  CAPCA   25.96%    failed      1.20%
   8  CARCR   20.31%    passed     71.25%
   9  CATAU   21.56%    passed      6.64%
  10  CHAPE   26.21%    passed     45.63%
  11  CHAVO   34.48%    passed     20.33%
  12  CHLUN   21.15%    passed     72.79%
  13  COLLI   25.05%    passed     12.17%
  14  COLST   25.28%    passed     64.23%
  15  CORBR   27.95%    passed      5.06%
  16  CUCCA   22.60%    passed      8.42%
  17  EGRGA   20.28%    passed     26.58%
  18  EURHE   22.40%    failed      0.00%
  19  FALPE   21.17%    passed     97.67%
  20  FULGL   22.23%    passed     58.48%
  21  GALGA   25.01%    failed      1.25%
  22  GAVST   23.32%    passed     92.00%
  23  GEOFO   37.71%    passed      6.88%
  24  HALAL   20.36%    passed     80.67%
  25  HALLE   20.33%    passed     82.14%
  26  LEPDI   20.27%    passed     69.01%
  27  MANVI   25.79%    passed     58.57%
  28  MELGA   22.37%    failed      0.00%
  29  MESUN   25.75%    passed     95.34%
  30  NESNO   22.44%    passed      7.29%
  31  NIPNI   21.38%    passed     72.87%
  32  OPHHO   22.05%    failed      4.53%
  33  PELCR   20.41%    passed     82.76%
  34  PHACA   20.98%    failed      4.20%
  35  PHALE   45.46%    failed      0.00%
  36  PICPU   25.56%    passed     44.42%
  37  PODCR   22.13%    passed     34.49%
  38  PTEGU   21.06%    passed     74.13%
  39  PYGAD   18.58%    passed     26.37%
  40  STRCA   18.93%    passed     78.07%
  41  TAUER   22.98%    passed     99.15%
  42  TINMA   30.04%    failed      0.07%
  43  TYTAL   28.76%    passed     89.16%
****  TOTAL   24.93%  10 sequences failed composition chi2 test (p-value<5%; df=3)
Checking for duplicate sequences: done in 0.00171399 secs using 54.43% CPU

Create initial parsimony tree by phylogenetic likelihood library (PLL)... 0.051 seconds

NOTE: 92 MB RAM (0 GB) is required!
Estimate model parameters (epsilon = 0.100)
1. Initial log-likelihood: -279536.747
2. Current log-likelihood: -262880.663
3. Current log-likelihood: -262651.443
4. Current log-likelihood: -262651.216
Optimal log-likelihood: -262651.199
Rate parameters:  A-C: 0.95499  A-G: 4.06511  A-T: 0.65206  C-G: 1.25084  C-T: 3.32589  G-T: 1.00000
Base frequencies:  A: 0.281  C: 0.192  G: 0.206  T: 0.321
Gamma shape alpha: 3.055
Parameters optimization took 4 rounds (3.510 sec)
Wrote distance file to... 
Computing ML distances based on estimated model parameters...
Calculating distance matrix: done in 0.035145 secs using 99.99% CPU
Computing ML distances took 0.037592 sec (of wall-clock time) 0.037577 sec (of CPU time)
Setting up auxiliary I and S matrices: done in 0.000245094 secs using 142.4% CPU
Constructing RapidNJ tree: done in 0.000430107 secs using 240.4% CPU
Computing RapidNJ tree took 0.000760 sec (of wall-clock time) 0.001482 sec (of CPU time)
Log-likelihood of RapidNJ tree: -262972.960
--------------------------------------------------------------------
|             INITIALIZING CANDIDATE TREE SET                      |
--------------------------------------------------------------------
Generating 98 parsimony trees... 4.656 second
Computing log-likelihood of 98 initial trees ... 7.871 seconds
Current best score: -262651.199

Do NNI search on 20 best initial trees
Estimate model parameters (epsilon = 0.100)
BETTER TREE FOUND at iteration 1: -262476.392
Estimate model parameters (epsilon = 0.100)
BETTER TREE FOUND at iteration 2: -262459.786
Estimate model parameters (epsilon = 0.100)
BETTER TREE FOUND at iteration 8: -262458.347
Iteration 10 / LogL: -262461.803 / Time: 0h:0m:29s
Iteration 20 / LogL: -262461.856 / Time: 0h:0m:42s
Finish initializing candidate tree set (19)
Current best tree score: -262458.347 / CPU time: 38.143
Number of iterations: 20
--------------------------------------------------------------------
|               OPTIMIZING CANDIDATE TREE SET                      |
--------------------------------------------------------------------
Estimate model parameters (epsilon = 0.100)
BETTER TREE FOUND at iteration 22: -262454.921
Estimate model parameters (epsilon = 0.100)
BETTER TREE FOUND at iteration 26: -262452.655
Iteration 30 / LogL: -262479.294 / Time: 0h:0m:56s (0h:3m:8s left)
Iteration 40 / LogL: -262493.474 / Time: 0h:1m:10s (0h:2m:34s left)
UPDATE BEST LOG-LIKELIHOOD: -262452.655
UPDATE BEST LOG-LIKELIHOOD: -262452.655
Iteration 50 / LogL: -262453.534 / Time: 0h:1m:23s (0h:2m:9s left)
Iteration 60 / LogL: -262453.453 / Time: 0h:1m:36s (0h:1m:48s left)
Iteration 70 / LogL: -262453.459 / Time: 0h:1m:50s (0h:1m:29s left)
Iteration 80 / LogL: -262452.666 / Time: 0h:2m:3s (0h:1m:11s left)
Iteration 90 / LogL: -262453.459 / Time: 0h:2m:16s (0h:0m:55s left)
Iteration 100 / LogL: -262452.684 / Time: 0h:2m:30s (0h:0m:39s left)
Iteration 110 / LogL: -262452.655 / Time: 0h:2m:43s (0h:0m:23s left)
Iteration 120 / LogL: -263183.423 / Time: 0h:2m:56s (0h:0m:8s left)
TREE SEARCH COMPLETED AFTER 127 ITERATIONS / Time: 0h:3m:6s

--------------------------------------------------------------------
|                    FINALIZING TREE SEARCH                        |
--------------------------------------------------------------------
Performs final model parameters optimization
Estimate model parameters (epsilon = 0.010)
1. Initial log-likelihood: -262452.655
Optimal log-likelihood: -262452.652
Rate parameters:  A-C: 0.95579  A-G: 4.06707  A-T: 0.65021  C-G: 1.25741  C-T: 3.33211  G-T: 1.00000
Base frequencies:  A: 0.281  C: 0.192  G: 0.206  T: 0.321
Gamma shape alpha: 3.081
Parameters optimization took 1 rounds (0.356 sec)
BEST SCORE FOUND : -262452.652
Total tree length: 4.150

Total number of iterations: 127
CPU time used for tree search: 181.776 sec (0h:3m:1s)
Wall-clock time used for tree search: 182.244 sec (0h:3m:2s)
Total CPU time used: 186.257 sec (0h:3m:6s)
Total wall-clock time used: 186.597 sec (0h:3m:6s)

Analysis results written to: 
  IQ-TREE report:                /workspace/IQTree_JarvD5a_Results/intron_13815.iqtree
  Maximum-likelihood tree:       /workspace/IQTree_JarvD5a_Results/intron_13815.treefile
  Likelihood distances:          /workspace/IQTree_JarvD5a_Results/intron_13815.mldist
  Screen log file:               /workspace/IQTree_JarvD5a_Results/intron_13815.log

Date and Time: Fri May 29 12:30:38 2026
