IQ-TREE version 3.1.2 for Linux x86 64-bit built May  7 2026
Developed by Bui Quang Minh, Thomas Wong, Nhan Ly-Trong, Huaiyan Ren
Contributed by Lam-Tung Nguyen, Dominik Schrempf, Chris Bielow,
Olga Chernomor, Michael Woodhams, Diep Thi Hoang, Heiko Schmidt

Host:    8084c4e79f09 (AVX512, FMA3, 1133 GB RAM)
Command: /workspace/iqtree-3.1.2-Linux/bin/iqtree3_intel -s /workspace/NeuralNJ/empirical/JarvD5a/uce_chr10_1908_s.fasta -st DNA -m GTR+G -seed 2201 -pre /workspace/IQTree_JarvD5a_Results/uce_chr10_1908_s -quiet
Seed:    2201 (Using SPRNG - Scalable Parallel Random Number Generator)
Time:    Sun May 31 16:25:07 2026
Kernel:  AVX+FMA - 1 threads (384 CPU cores detected)

HINT: Use -nt option to specify number of threads because your CPU has 384 cores!
HINT: -nt AUTO will automatically determine the best number of threads to use.

Reading alignment file /workspace/NeuralNJ/empirical/JarvD5a/uce_chr10_1908_s.fasta ... Fasta format detected
Reading fasta file: done in 0.00102186 secs using 40.12% CPU
Alignment most likely contains DNA/RNA sequences
Constructing alignment: done in 0.00312805 secs using 37.18% CPU
Alignment has 48 sequences with 2345 columns, 1113 distinct patterns
611 parsimony-informative, 396 singleton sites, 1338 constant sites
       Gap/Ambiguity  Composition  p-value
Analyzing sequences: done in 7.70092e-05 secs using 101.3% CPU
   1  CARCR   27.72%    passed     70.75%
   2  GALGA   30.41%    passed     39.42%
   3  CHAPE    9.59%    passed     78.41%
   4  MELGA    9.59%    passed     87.92%
   5  COLST    9.85%    passed     73.22%
   6  HALLE   28.74%    passed     98.98%
   7  COLLI   10.53%    passed     97.28%
   8  EGRGA    9.59%    passed     68.58%
   9  CORBR    9.59%    passed     89.60%
  10  CAPCA    9.59%    passed     91.80%
  11  GAVST    9.59%    passed     99.98%
  12  TYTAL   11.13%    passed     76.25%
  13  LEPDI    9.59%    passed     91.45%
  14  PYGAD    9.59%    passed     96.84%
  15  CHLUN    9.59%    passed     83.09%
  16  PTEGU    9.59%    passed     33.70%
  17  PHALE    9.59%    passed     98.37%
  18  PICPU    9.59%    passed     83.94%
  19  MANVI    9.59%    passed     74.40%
  20  FALPE    9.81%    passed     59.83%
  21  PODCR   28.61%    passed     93.80%
  22  STRCA    9.59%    passed     72.32%
  23  HALAL    9.59%    passed     96.94%
  24  BUCRH    9.89%    passed     97.79%
  25  GEOFO    9.59%    passed     88.78%
  26  CATAU    9.59%    passed     58.44%
  27  BALRE    9.89%    passed     98.97%
  28  NESNO    9.59%    passed     92.70%
  29  APTFO    9.59%    passed     86.97%
  30  MELUN    9.59%    passed     99.50%
  31  ACACH    9.59%    passed     99.26%
  32  NIPNI    9.59%    passed     97.92%
  33  EURHE    9.59%    passed     96.84%
  34  OPHHO    9.64%    passed     10.37%
  35  CUCCA    9.59%    passed     95.30%
  36  TAEGU    9.59%    passed     91.53%
  37  PHORU    9.59%    passed     99.38%
  38  MERNU    9.59%    passed     69.52%
  39  FULGL    9.59%    passed     99.50%
  40  PHACA   29.51%    passed     89.50%
  41  ANAPL   12.54%    passed     59.61%
  42  TAUER    9.59%    passed     95.14%
  43  APAVI    9.59%    passed     88.18%
  44  PELCR    9.59%    passed     73.40%
  45  CHAVO    9.59%    passed     96.19%
  46  CALAN   10.28%    passed      6.68%
  47  TINMA    9.59%    passed     93.54%
  48  MESUN    9.59%    passed     77.93%
****  TOTAL   11.77%  0 sequences failed composition chi2 test (p-value<5%; df=3)
Checking for duplicate sequences: done in 0.0001719 secs using 100.1% CPU

Create initial parsimony tree by phylogenetic likelihood library (PLL)... 0.005 seconds

NOTE: 6 MB RAM (0 GB) is required!
Estimate model parameters (epsilon = 0.100)
1. Initial log-likelihood: -20271.177
2. Current log-likelihood: -18724.397
3. Current log-likelihood: -18695.961
4. Current log-likelihood: -18694.610
Optimal log-likelihood: -18694.550
Rate parameters:  A-C: 0.89145  A-G: 3.47601  A-T: 0.41726  C-G: 1.29176  C-T: 6.12647  G-T: 1.00000
Base frequencies:  A: 0.269  C: 0.193  G: 0.206  T: 0.332
Gamma shape alpha: 0.327
Parameters optimization took 4 rounds (0.330 sec)
Wrote distance file to... 
Computing ML distances based on estimated model parameters...
Calculating distance matrix: done in 0.00626588 secs using 99.48% CPU
Computing ML distances took 0.006451 sec (of wall-clock time) 0.006409 sec (of CPU time)
Setting up auxiliary I and S matrices: done in 0.000252962 secs using 94.48% CPU
Constructing RapidNJ tree: done in 0.000522137 secs using 97.1% CPU
Computing RapidNJ tree took 0.000874 sec (of wall-clock time) 0.000778 sec (of CPU time)
Log-likelihood of RapidNJ tree: -18746.380
--------------------------------------------------------------------
|             INITIALIZING CANDIDATE TREE SET                      |
--------------------------------------------------------------------
Generating 98 parsimony trees... 0.424 second
Computing log-likelihood of 98 initial trees ... 0.602 seconds
Current best score: -18694.550

Do NNI search on 20 best initial trees
Estimate model parameters (epsilon = 0.100)
BETTER TREE FOUND at iteration 1: -18685.397
Estimate model parameters (epsilon = 0.100)
BETTER TREE FOUND at iteration 2: -18641.351
Estimate model parameters (epsilon = 0.100)
BETTER TREE FOUND at iteration 6: -18640.415
Iteration 10 / LogL: -18654.308 / Time: 0h:0m:2s
Estimate model parameters (epsilon = 0.100)
BETTER TREE FOUND at iteration 11: -18631.079
Iteration 20 / LogL: -18656.863 / Time: 0h:0m:4s
Finish initializing candidate tree set (20)
Current best tree score: -18631.079 / CPU time: 3.945
Number of iterations: 20
--------------------------------------------------------------------
|               OPTIMIZING CANDIDATE TREE SET                      |
--------------------------------------------------------------------
Estimate model parameters (epsilon = 0.100)
BETTER TREE FOUND at iteration 22: -18628.245
Estimate model parameters (epsilon = 0.100)
BETTER TREE FOUND at iteration 24: -18625.621
Estimate model parameters (epsilon = 0.100)
BETTER TREE FOUND at iteration 28: -18619.401
Iteration 30 / LogL: -18623.831 / Time: 0h:0m:5s (0h:0m:19s left)
Estimate model parameters (epsilon = 0.100)
BETTER TREE FOUND at iteration 35: -18618.169
Estimate model parameters (epsilon = 0.100)
BETTER TREE FOUND at iteration 36: -18608.577
Iteration 40 / LogL: -18613.307 / Time: 0h:0m:7s (0h:0m:17s left)
Estimate model parameters (epsilon = 0.100)
BETTER TREE FOUND at iteration 43: -18607.141
Iteration 50 / LogL: -18608.254 / Time: 0h:0m:8s (0h:0m:15s left)
Estimate model parameters (epsilon = 0.100)
BETTER TREE FOUND at iteration 51: -18606.883
Iteration 60 / LogL: -18612.352 / Time: 0h:0m:9s (0h:0m:14s left)
Estimate model parameters (epsilon = 0.100)
BETTER TREE FOUND at iteration 63: -18606.189
Iteration 70 / LogL: -18606.481 / Time: 0h:0m:10s (0h:0m:14s left)
Estimate model parameters (epsilon = 0.100)
BETTER TREE FOUND at iteration 79: -18605.427
Iteration 80 / LogL: -18606.188 / Time: 0h:0m:12s (0h:0m:15s left)
UPDATE BEST LOG-LIKELIHOOD: -18605.427
Iteration 90 / LogL: -18606.518 / Time: 0h:0m:13s (0h:0m:13s left)
UPDATE BEST LOG-LIKELIHOOD: -18605.426
Iteration 100 / LogL: -18605.716 / Time: 0h:0m:14s (0h:0m:11s left)
Iteration 110 / LogL: -18608.897 / Time: 0h:0m:15s (0h:0m:9s left)
Iteration 120 / LogL: -18612.291 / Time: 0h:0m:16s (0h:0m:8s left)
Iteration 130 / LogL: -18664.418 / Time: 0h:0m:17s (0h:0m:6s left)
Iteration 140 / LogL: -18617.875 / Time: 0h:0m:18s (0h:0m:5s left)
Iteration 150 / LogL: -18605.717 / Time: 0h:0m:20s (0h:0m:3s left)
Iteration 160 / LogL: -18607.233 / Time: 0h:0m:21s (0h:0m:2s left)
Iteration 170 / LogL: -18606.381 / Time: 0h:0m:22s (0h:0m:1s left)
UPDATE BEST LOG-LIKELIHOOD: -18605.426
Iteration 180 / LogL: -18607.741 / Time: 0h:0m:23s (0h:0m:-1s left)
TREE SEARCH COMPLETED AFTER 180 ITERATIONS / Time: 0h:0m:23s

--------------------------------------------------------------------
|                    FINALIZING TREE SEARCH                        |
--------------------------------------------------------------------
Performs final model parameters optimization
Estimate model parameters (epsilon = 0.010)
1. Initial log-likelihood: -18605.426
Optimal log-likelihood: -18605.426
Rate parameters:  A-C: 0.94791  A-G: 3.63677  A-T: 0.41255  C-G: 1.40552  C-T: 6.62656  G-T: 1.00000
Base frequencies:  A: 0.269  C: 0.193  G: 0.206  T: 0.332
Gamma shape alpha: 0.321
Parameters optimization took 1 rounds (0.026 sec)
BEST SCORE FOUND : -18605.426
Total tree length: 2.631

Total number of iterations: 180
CPU time used for tree search: 23.202 sec (0h:0m:23s)
Wall-clock time used for tree search: 23.070 sec (0h:0m:23s)
Total CPU time used: 23.670 sec (0h:0m:23s)
Total wall-clock time used: 23.497 sec (0h:0m:23s)

Analysis results written to: 
  IQ-TREE report:                /workspace/IQTree_JarvD5a_Results/uce_chr10_1908_s.iqtree
  Maximum-likelihood tree:       /workspace/IQTree_JarvD5a_Results/uce_chr10_1908_s.treefile
  Likelihood distances:          /workspace/IQTree_JarvD5a_Results/uce_chr10_1908_s.mldist
  Screen log file:               /workspace/IQTree_JarvD5a_Results/uce_chr10_1908_s.log

Date and Time: Sun May 31 16:25:31 2026
