IQ-TREE version 3.1.2 for Linux x86 64-bit built May  7 2026
Developed by Bui Quang Minh, Thomas Wong, Nhan Ly-Trong, Huaiyan Ren
Contributed by Lam-Tung Nguyen, Dominik Schrempf, Chris Bielow,
Olga Chernomor, Michael Woodhams, Diep Thi Hoang, Heiko Schmidt

Host:    8084c4e79f09 (AVX512, FMA3, 1133 GB RAM)
Command: /workspace/iqtree-3.1.2-Linux/bin/iqtree3_intel -s /workspace/NeuralNJ/empirical/JarvD5a/uce_chr10_2089_s.fasta -st DNA -m GTR+G -seed 2201 -pre /workspace/IQTree_JarvD5a_Results/uce_chr10_2089_s -quiet
Seed:    2201 (Using SPRNG - Scalable Parallel Random Number Generator)
Time:    Sun May 31 16:49:33 2026
Kernel:  AVX+FMA - 1 threads (384 CPU cores detected)

HINT: Use -nt option to specify number of threads because your CPU has 384 cores!
HINT: -nt AUTO will automatically determine the best number of threads to use.

Reading alignment file /workspace/NeuralNJ/empirical/JarvD5a/uce_chr10_2089_s.fasta ... Fasta format detected
Reading fasta file: done in 0.00147915 secs using 79.23% CPU
Alignment most likely contains DNA/RNA sequences
Constructing alignment: done in 0.00413084 secs using 60.74% CPU
Alignment has 48 sequences with 2480 columns, 1513 distinct patterns
912 parsimony-informative, 335 singleton sites, 1233 constant sites
       Gap/Ambiguity  Composition  p-value
Analyzing sequences: done in 0.000149965 secs using 99.36% CPU
   1  CARCR   14.52%    passed     95.80%
   2  GALGA   35.69%    passed      8.16%
   3  CHAPE   14.52%    passed     91.42%
   4  MELGA   15.44%    passed     13.76%
   5  COLST   30.24%    passed     15.32%
   6  HALLE   14.52%    passed     93.09%
   7  COLLI   17.06%    passed     98.59%
   8  EGRGA   14.52%    failed      0.03%
   9  CORBR   14.52%    passed     98.05%
  10  CAPCA   15.08%    passed     67.17%
  11  GAVST   14.52%    passed     94.23%
  12  TYTAL   15.48%    passed     92.12%
  13  LEPDI   14.52%    passed     14.05%
  14  PYGAD   14.52%    passed     27.87%
  15  CHLUN   14.52%    passed     47.61%
  16  PTEGU   14.52%    passed     16.32%
  17  PHALE   14.52%    passed     89.08%
  18  PICPU   16.61%    passed     94.83%
  19  MANVI   14.52%    passed     49.99%
  20  FALPE   14.88%    passed     68.61%
  21  PODCR   14.84%    passed     94.27%
  22  STRCA   14.52%    failed      0.02%
  23  HALAL   14.52%    passed     95.78%
  24  BUCRH   19.56%    passed     13.52%
  25  GEOFO   17.78%    passed     40.81%
  26  CATAU   14.52%    passed     84.40%
  27  BALRE   14.52%    passed     99.83%
  28  NESNO   32.22%    passed     34.33%
  29  APTFO   14.52%    passed     15.93%
  30  MELUN   14.52%    passed     73.08%
  31  ACACH   14.52%    passed     44.75%
  32  NIPNI   14.52%    passed     94.57%
  33  EURHE   14.52%    passed     15.82%
  34  OPHHO   14.52%    passed     29.07%
  35  CUCCA   14.64%    passed     11.32%
  36  TAEGU   32.74%    passed     49.21%
  37  PHORU   14.52%    passed     48.52%
  38  MERNU   14.52%    passed     20.81%
  39  FULGL   14.52%    passed     73.82%
  40  PHACA   15.12%    passed     52.99%
  41  ANAPL   14.56%    failed      0.04%
  42  TAUER   14.92%    passed     25.98%
  43  APAVI   15.20%    passed     43.08%
  44  PELCR   14.52%    passed     96.05%
  45  CHAVO   14.52%    passed     53.48%
  46  CALAN   20.65%    passed     48.60%
  47  TINMA   14.88%    passed     91.53%
  48  MESUN   14.92%    passed     68.07%
****  TOTAL   16.55%  3 sequences failed composition chi2 test (p-value<5%; df=3)
Checking for duplicate sequences: done in 0.000262976 secs using 99.63% CPU

Create initial parsimony tree by phylogenetic likelihood library (PLL)... 0.005 seconds

NOTE: 9 MB RAM (0 GB) is required!
Estimate model parameters (epsilon = 0.100)
1. Initial log-likelihood: -27870.466
2. Current log-likelihood: -25928.554
3. Current log-likelihood: -25898.634
4. Current log-likelihood: -25897.441
Optimal log-likelihood: -25897.401
Rate parameters:  A-C: 0.94126  A-G: 3.73092  A-T: 0.19370  C-G: 1.95406  C-T: 3.33875  G-T: 1.00000
Base frequencies:  A: 0.285  C: 0.224  G: 0.198  T: 0.293
Gamma shape alpha: 0.397
Parameters optimization took 4 rounds (0.385 sec)
Wrote distance file to... 
Computing ML distances based on estimated model parameters...
Calculating distance matrix: done in 0.00981903 secs using 89.36% CPU
Computing ML distances took 0.010091 sec (of wall-clock time) 0.009032 sec (of CPU time)
Setting up auxiliary I and S matrices: done in 0.000113964 secs using 93.89% CPU
Constructing RapidNJ tree: done in 0.00019908 secs using 93.93% CPU
Computing RapidNJ tree took 0.000483 sec (of wall-clock time) 0.000453 sec (of CPU time)
Log-likelihood of RapidNJ tree: -25979.482
--------------------------------------------------------------------
|             INITIALIZING CANDIDATE TREE SET                      |
--------------------------------------------------------------------
Generating 98 parsimony trees... 0.551 second
Computing log-likelihood of 98 initial trees ... 0.809 seconds
Current best score: -25873.873

Do NNI search on 20 best initial trees
Estimate model parameters (epsilon = 0.100)
BETTER TREE FOUND at iteration 1: -25805.503
Estimate model parameters (epsilon = 0.100)
BETTER TREE FOUND at iteration 3: -25803.092
Estimate model parameters (epsilon = 0.100)
BETTER TREE FOUND at iteration 6: -25797.443
Iteration 10 / LogL: -25805.983 / Time: 0h:0m:3s
Iteration 20 / LogL: -25836.103 / Time: 0h:0m:4s
Finish initializing candidate tree set (20)
Current best tree score: -25797.443 / CPU time: 4.278
Number of iterations: 20
--------------------------------------------------------------------
|               OPTIMIZING CANDIDATE TREE SET                      |
--------------------------------------------------------------------
Estimate model parameters (epsilon = 0.100)
BETTER TREE FOUND at iteration 22: -25796.995
Estimate model parameters (epsilon = 0.100)
UPDATE BEST LOG-LIKELIHOOD: -25795.967
Iteration 30 / LogL: -25802.851 / Time: 0h:0m:6s (0h:0m:19s left)
Iteration 40 / LogL: -25797.453 / Time: 0h:0m:7s (0h:0m:15s left)
Iteration 50 / LogL: -25804.700 / Time: 0h:0m:8s (0h:0m:12s left)
Iteration 60 / LogL: -25797.108 / Time: 0h:0m:10s (0h:0m:10s left)
Iteration 70 / LogL: -25796.157 / Time: 0h:0m:11s (0h:0m:8s left)
Iteration 80 / LogL: -25795.991 / Time: 0h:0m:12s (0h:0m:6s left)
Iteration 90 / LogL: -25799.176 / Time: 0h:0m:14s (0h:0m:5s left)
Iteration 100 / LogL: -25796.061 / Time: 0h:0m:15s (0h:0m:3s left)
Iteration 110 / LogL: -25795.970 / Time: 0h:0m:17s (0h:0m:1s left)
Iteration 120 / LogL: -25796.035 / Time: 0h:0m:18s (0h:0m:0s left)
UPDATE BEST LOG-LIKELIHOOD: -25795.961
TREE SEARCH COMPLETED AFTER 123 ITERATIONS / Time: 0h:0m:18s

--------------------------------------------------------------------
|                    FINALIZING TREE SEARCH                        |
--------------------------------------------------------------------
Performs final model parameters optimization
Estimate model parameters (epsilon = 0.010)
1. Initial log-likelihood: -25795.961
Optimal log-likelihood: -25795.957
Rate parameters:  A-C: 0.93818  A-G: 3.73166  A-T: 0.18342  C-G: 1.94123  C-T: 3.35041  G-T: 1.00000
Base frequencies:  A: 0.285  C: 0.224  G: 0.198  T: 0.293
Gamma shape alpha: 0.400
Parameters optimization took 1 rounds (0.037 sec)
BEST SCORE FOUND : -25795.957
Total tree length: 3.458

Total number of iterations: 123
CPU time used for tree search: 18.505 sec (0h:0m:18s)
Wall-clock time used for tree search: 18.399 sec (0h:0m:18s)
Total CPU time used: 19.056 sec (0h:0m:19s)
Total wall-clock time used: 18.903 sec (0h:0m:18s)

Analysis results written to: 
  IQ-TREE report:                /workspace/IQTree_JarvD5a_Results/uce_chr10_2089_s.iqtree
  Maximum-likelihood tree:       /workspace/IQTree_JarvD5a_Results/uce_chr10_2089_s.treefile
  Likelihood distances:          /workspace/IQTree_JarvD5a_Results/uce_chr10_2089_s.mldist
  Screen log file:               /workspace/IQTree_JarvD5a_Results/uce_chr10_2089_s.log

Date and Time: Sun May 31 16:49:52 2026
