IQ-TREE version 3.1.2 for Linux x86 64-bit built May  7 2026
Developed by Bui Quang Minh, Thomas Wong, Nhan Ly-Trong, Huaiyan Ren
Contributed by Lam-Tung Nguyen, Dominik Schrempf, Chris Bielow,
Olga Chernomor, Michael Woodhams, Diep Thi Hoang, Heiko Schmidt

Host:    8084c4e79f09 (AVX512, FMA3, 1133 GB RAM)
Command: /workspace/iqtree-3.1.2-Linux/bin/iqtree3_intel -s /workspace/NeuralNJ/empirical/JarvD5a/uce_chr10_1391_s.fasta -st DNA -m GTR+G -seed 2201 -pre /workspace/IQTree_JarvD5a_Results/uce_chr10_1391_s -quiet
Seed:    2201 (Using SPRNG - Scalable Parallel Random Number Generator)
Time:    Sun May 31 15:37:57 2026
Kernel:  AVX+FMA - 1 threads (384 CPU cores detected)

HINT: Use -nt option to specify number of threads because your CPU has 384 cores!
HINT: -nt AUTO will automatically determine the best number of threads to use.

Reading alignment file /workspace/NeuralNJ/empirical/JarvD5a/uce_chr10_1391_s.fasta ... Fasta format detected
Reading fasta file: done in 0.00119805 secs using 76.29% CPU
Alignment most likely contains DNA/RNA sequences
Constructing alignment: done in 0.00398922 secs using 11.71% CPU
Alignment has 48 sequences with 2500 columns, 2185 distinct patterns
1529 parsimony-informative, 487 singleton sites, 484 constant sites
       Gap/Ambiguity  Composition  p-value
Analyzing sequences: done in 0.000154018 secs using 100.6% CPU
   1  CARCR   15.20%    passed     92.68%
   2  GALGA   32.64%    passed     34.31%
   3  CHAPE   15.60%    passed     92.18%
   4  MELGA   17.80%    passed     71.06%
   5  COLST   16.72%    passed     70.59%
   6  HALLE   15.20%    passed     78.72%
   7  COLLI   17.36%    passed     97.02%
   8  EGRGA   15.68%    passed     96.35%
   9  CORBR   15.20%    passed     88.77%
  10  MESUN   15.44%    passed     93.28%
  11  GAVST   17.08%    passed     92.29%
  12  TYTAL   15.28%    passed     70.14%
  13  LEPDI   15.44%    passed     95.06%
  14  PYGAD   15.20%    passed     94.75%
  15  NIPNI   15.20%    passed     99.65%
  16  PTEGU   17.76%    passed     90.40%
  17  PHALE   15.20%    passed     97.25%
  18  PICPU   15.76%    failed      0.06%
  19  MANVI   15.20%    passed     94.33%
  20  FALPE   15.20%    passed     41.97%
  21  PODCR   15.20%    passed     86.78%
  22  STRCA   16.12%    passed     98.51%
  23  HALAL   15.20%    passed     78.72%
  24  BUCRH   15.20%    passed     58.95%
  25  GEOFO   15.20%    passed     71.23%
  26  CATAU   15.20%    passed     91.74%
  27  BALRE   15.56%    passed     99.42%
  28  NESNO   15.52%    passed     86.47%
  29  APTFO   15.20%    passed     86.30%
  30  MELUN   17.28%    passed     85.73%
  31  ACACH   15.20%    passed     90.14%
  32  CHLUN   15.20%    passed     72.66%
  33  EURHE   39.40%    passed     84.14%
  34  OPHHO   15.44%    passed     99.00%
  35  CUCCA   16.72%    passed     59.94%
  36  TAEGU   15.64%    passed     57.48%
  37  PHORU   15.20%    passed     94.59%
  38  MERNU   19.20%    passed     90.66%
  39  FULGL   15.20%    passed     99.62%
  40  PHACA   15.20%    passed     68.11%
  41  ANAPL   16.80%    passed     66.45%
  42  TAUER   16.36%    passed     56.88%
  43  APAVI   15.44%    passed     55.26%
  44  PELCR   19.48%    passed     64.40%
  45  CHAVO   28.04%    passed     84.97%
  46  CALAN   30.40%    passed     62.06%
  47  TINMA   17.32%    passed     96.41%
  48  CAPCA   15.20%    passed     92.70%
****  TOTAL   17.32%  1 sequences failed composition chi2 test (p-value<5%; df=3)
NOTE: HALAL is identical to HALLE but kept for subsequent analysis
Checking for duplicate sequences: done in 0.000277996 secs using 100% CPU

Create initial parsimony tree by phylogenetic likelihood library (PLL)... 0.010 seconds

NOTE: 13 MB RAM (0 GB) is required!
Estimate model parameters (epsilon = 0.100)
1. Initial log-likelihood: -39354.685
2. Current log-likelihood: -37083.122
3. Current log-likelihood: -37048.328
Optimal log-likelihood: -37048.279
Rate parameters:  A-C: 1.03473  A-G: 3.44414  A-T: 0.64520  C-G: 1.42870  C-T: 4.18831  G-T: 1.00000
Base frequencies:  A: 0.352  C: 0.186  G: 0.161  T: 0.301
Gamma shape alpha: 2.304
Parameters optimization took 3 rounds (0.494 sec)
Wrote distance file to... 
Computing ML distances based on estimated model parameters...
Calculating distance matrix: done in 0.00854182 secs using 99.92% CPU
Computing ML distances took 0.008882 sec (of wall-clock time) 0.008859 sec (of CPU time)
Setting up auxiliary I and S matrices: done in 0.000269175 secs using 95.48% CPU
Constructing RapidNJ tree: done in 0.000517845 secs using 81.49% CPU
Computing RapidNJ tree took 0.000880 sec (of wall-clock time) 0.000785 sec (of CPU time)
Log-likelihood of RapidNJ tree: -37142.903
--------------------------------------------------------------------
|             INITIALIZING CANDIDATE TREE SET                      |
--------------------------------------------------------------------
Generating 98 parsimony trees... 0.785 second
Computing log-likelihood of 98 initial trees ... 1.170 seconds
Current best score: -37020.451

Do NNI search on 20 best initial trees
Estimate model parameters (epsilon = 0.100)
BETTER TREE FOUND at iteration 1: -36984.193
Estimate model parameters (epsilon = 0.100)
BETTER TREE FOUND at iteration 2: -36976.362
Iteration 10 / LogL: -36982.642 / Time: 0h:0m:5s
Iteration 20 / LogL: -37005.774 / Time: 0h:0m:7s
Finish initializing candidate tree set (20)
Current best tree score: -36976.362 / CPU time: 6.736
Number of iterations: 20
--------------------------------------------------------------------
|               OPTIMIZING CANDIDATE TREE SET                      |
--------------------------------------------------------------------
Estimate model parameters (epsilon = 0.100)
BETTER TREE FOUND at iteration 24: -36971.278
Estimate model parameters (epsilon = 0.100)
BETTER TREE FOUND at iteration 28: -36971.042
Iteration 30 / LogL: -36971.044 / Time: 0h:0m:9s (0h:0m:32s left)
Estimate model parameters (epsilon = 0.100)
BETTER TREE FOUND at iteration 37: -36968.587
Estimate model parameters (epsilon = 0.100)
BETTER TREE FOUND at iteration 40: -36968.066
Iteration 40 / LogL: -36968.066 / Time: 0h:0m:12s (0h:0m:30s left)
Estimate model parameters (epsilon = 0.100)
BETTER TREE FOUND at iteration 49: -36966.936
Iteration 50 / LogL: -36968.520 / Time: 0h:0m:14s (0h:0m:28s left)
Iteration 60 / LogL: -36970.632 / Time: 0h:0m:16s (0h:0m:25s left)
Estimate model parameters (epsilon = 0.100)
BETTER TREE FOUND at iteration 68: -36964.835
Iteration 70 / LogL: -36966.634 / Time: 0h:0m:19s (0h:0m:27s left)
Iteration 80 / LogL: -36967.717 / Time: 0h:0m:21s (0h:0m:23s left)
Iteration 90 / LogL: -36973.252 / Time: 0h:0m:23s (0h:0m:20s left)
Estimate model parameters (epsilon = 0.100)
BETTER TREE FOUND at iteration 98: -36964.744
Iteration 100 / LogL: -36964.831 / Time: 0h:0m:26s (0h:0m:25s left)
Estimate model parameters (epsilon = 0.100)
BETTER TREE FOUND at iteration 105: -36964.024
Estimate model parameters (epsilon = 0.100)
BETTER TREE FOUND at iteration 108: -36962.434
Iteration 110 / LogL: -36964.025 / Time: 0h:0m:28s (0h:0m:25s left)
Iteration 120 / LogL: -36964.584 / Time: 0h:0m:30s (0h:0m:22s left)
BETTER TREE FOUND at iteration 128: -36962.425
Iteration 130 / LogL: -36963.327 / Time: 0h:0m:33s (0h:0m:25s left)
UPDATE BEST LOG-LIKELIHOOD: -36962.424
UPDATE BEST LOG-LIKELIHOOD: -36962.423
Iteration 140 / LogL: -36967.347 / Time: 0h:0m:35s (0h:0m:22s left)
Iteration 150 / LogL: -36962.528 / Time: 0h:0m:38s (0h:0m:19s left)
UPDATE BEST LOG-LIKELIHOOD: -36962.421
Iteration 160 / LogL: -36962.421 / Time: 0h:0m:40s (0h:0m:17s left)
UPDATE BEST LOG-LIKELIHOOD: -36962.421
Iteration 170 / LogL: -36963.383 / Time: 0h:0m:42s (0h:0m:14s left)
Estimate model parameters (epsilon = 0.100)
BETTER TREE FOUND at iteration 178: -36962.343
Iteration 180 / LogL: -36967.393 / Time: 0h:0m:45s (0h:0m:24s left)
Iteration 190 / LogL: -36969.401 / Time: 0h:0m:47s (0h:0m:22s left)
Iteration 200 / LogL: -36964.023 / Time: 0h:0m:49s (0h:0m:19s left)
Iteration 210 / LogL: -36962.438 / Time: 0h:0m:51s (0h:0m:16s left)
Iteration 220 / LogL: -36962.532 / Time: 0h:0m:54s (0h:0m:14s left)
Iteration 230 / LogL: -36963.272 / Time: 0h:0m:56s (0h:0m:11s left)
Iteration 240 / LogL: -36971.660 / Time: 0h:0m:58s (0h:0m:9s left)
Iteration 250 / LogL: -36963.845 / Time: 0h:1m:1s (0h:0m:6s left)
Iteration 260 / LogL: -36962.421 / Time: 0h:1m:3s (0h:0m:4s left)
Iteration 270 / LogL: -36962.344 / Time: 0h:1m:5s (0h:0m:1s left)
TREE SEARCH COMPLETED AFTER 279 ITERATIONS / Time: 0h:1m:7s

--------------------------------------------------------------------
|                    FINALIZING TREE SEARCH                        |
--------------------------------------------------------------------
Performs final model parameters optimization
Estimate model parameters (epsilon = 0.010)
1. Initial log-likelihood: -36962.343
Optimal log-likelihood: -36962.343
Rate parameters:  A-C: 1.06997  A-G: 3.53149  A-T: 0.67520  C-G: 1.48225  C-T: 4.40019  G-T: 1.00000
Base frequencies:  A: 0.352  C: 0.186  G: 0.161  T: 0.301
Gamma shape alpha: 2.318
Parameters optimization took 1 rounds (0.050 sec)
BEST SCORE FOUND : -36962.343
Total tree length: 4.414

Total number of iterations: 279
CPU time used for tree search: 67.434 sec (0h:1m:7s)
Wall-clock time used for tree search: 67.344 sec (0h:1m:7s)
Total CPU time used: 68.115 sec (0h:1m:8s)
Total wall-clock time used: 67.973 sec (0h:1m:7s)

Analysis results written to: 
  IQ-TREE report:                /workspace/IQTree_JarvD5a_Results/uce_chr10_1391_s.iqtree
  Maximum-likelihood tree:       /workspace/IQTree_JarvD5a_Results/uce_chr10_1391_s.treefile
  Likelihood distances:          /workspace/IQTree_JarvD5a_Results/uce_chr10_1391_s.mldist
  Screen log file:               /workspace/IQTree_JarvD5a_Results/uce_chr10_1391_s.log

Date and Time: Sun May 31 15:39:05 2026
