IQ-TREE version 3.1.2 for Linux x86 64-bit built May  7 2026
Developed by Bui Quang Minh, Thomas Wong, Nhan Ly-Trong, Huaiyan Ren
Contributed by Lam-Tung Nguyen, Dominik Schrempf, Chris Bielow,
Olga Chernomor, Michael Woodhams, Diep Thi Hoang, Heiko Schmidt

Host:    8084c4e79f09 (AVX512, FMA3, 1133 GB RAM)
Command: /workspace/iqtree-3.1.2-Linux/bin/iqtree3_intel -s /workspace/NeuralNJ/empirical/JarvD5a/uce_chr10_1667_s.fasta -st DNA -m GTR+G -seed 2201 -pre /workspace/IQTree_JarvD5a_Results/uce_chr10_1667_s -quiet
Seed:    2201 (Using SPRNG - Scalable Parallel Random Number Generator)
Time:    Sun May 31 16:07:31 2026
Kernel:  AVX+FMA - 1 threads (384 CPU cores detected)

HINT: Use -nt option to specify number of threads because your CPU has 384 cores!
HINT: -nt AUTO will automatically determine the best number of threads to use.

Reading alignment file /workspace/NeuralNJ/empirical/JarvD5a/uce_chr10_1667_s.fasta ... Fasta format detected
Reading fasta file: done in 0.00153494 secs using 97.2% CPU
Alignment most likely contains DNA/RNA sequences
Constructing alignment: done in 0.00421309 secs using 77.85% CPU
Alignment has 48 sequences with 2390 columns, 1569 distinct patterns
907 parsimony-informative, 502 singleton sites, 981 constant sites
       Gap/Ambiguity  Composition  p-value
Analyzing sequences: done in 0.000149012 secs using 97.31% CPU
   1  CARCR   11.30%    passed     95.03%
   2  GALGA   11.30%    passed     29.44%
   3  CHAPE   11.30%    passed     72.77%
   4  MELGA   27.62%    passed     93.69%
   5  COLST   39.46%    passed      7.97%
   6  HALLE   40.04%    passed     39.94%
   7  COLLI   41.46%    passed     90.86%
   8  EGRGA   11.30%    passed     96.08%
   9  CORBR   11.30%    passed     78.30%
  10  CAPCA   11.30%    passed     68.65%
  11  GAVST   11.30%    passed     87.13%
  12  TYTAL   11.30%    passed     99.00%
  13  LEPDI   11.34%    passed     81.58%
  14  PYGAD   11.30%    passed     82.12%
  15  CHLUN   11.30%    passed     97.09%
  16  PTEGU   11.30%    passed     87.97%
  17  PHALE   11.30%    passed     98.00%
  18  PICPU   11.30%    passed     46.22%
  19  MANVI   11.30%    passed     52.44%
  20  FALPE   11.30%    passed     10.35%
  21  PODCR   11.30%    passed     95.74%
  22  STRCA   14.60%    passed     77.38%
  23  HALAL   11.30%    passed     99.29%
  24  BUCRH   13.18%    passed     88.87%
  25  GEOFO   11.30%    passed     86.50%
  26  CATAU   42.13%    passed     82.10%
  27  BALRE   11.63%    passed     49.52%
  28  NESNO   12.34%    passed     90.39%
  29  APTFO   11.30%    passed     52.47%
  30  MELUN   12.47%    passed     85.04%
  31  ACACH   16.40%    passed     86.31%
  32  NIPNI   11.30%    passed     91.54%
  33  EURHE   11.30%    passed     90.99%
  34  OPHHO   11.84%    passed     66.10%
  35  CUCCA   11.26%    passed     91.44%
  36  TAEGU   12.72%    passed     78.23%
  37  PHORU   11.30%    passed     69.81%
  38  MERNU   12.68%    passed     43.60%
  39  FULGL   11.72%    passed     98.97%
  40  PHACA   11.30%    passed     13.59%
  41  ANAPL   11.92%    passed     17.78%
  42  TAUER   11.30%    passed     87.43%
  43  APAVI   11.30%    passed     93.55%
  44  PELCR   11.30%    passed     83.32%
  45  CHAVO   11.30%    passed     85.53%
  46  CALAN   12.76%    passed     32.78%
  47  TINMA   13.56%    passed     76.22%
  48  MESUN   17.66%    passed     32.05%
****  TOTAL   14.66%  0 sequences failed composition chi2 test (p-value<5%; df=3)
Checking for duplicate sequences: done in 0.000248909 secs using 99.63% CPU

Create initial parsimony tree by phylogenetic likelihood library (PLL)... 0.010 seconds

NOTE: 9 MB RAM (0 GB) is required!
Estimate model parameters (epsilon = 0.100)
1. Initial log-likelihood: -25517.742
2. Current log-likelihood: -24273.437
3. Current log-likelihood: -24267.521
Optimal log-likelihood: -24267.507
Rate parameters:  A-C: 1.20658  A-G: 4.67604  A-T: 0.60663  C-G: 1.48638  C-T: 3.44016  G-T: 1.00000
Base frequencies:  A: 0.280  C: 0.191  G: 0.202  T: 0.327
Gamma shape alpha: 0.720
Parameters optimization took 3 rounds (0.402 sec)
Wrote distance file to... 
Computing ML distances based on estimated model parameters...
Calculating distance matrix: done in 0.00841594 secs using 99.67% CPU
Computing ML distances took 0.008678 sec (of wall-clock time) 0.008638 sec (of CPU time)
Setting up auxiliary I and S matrices: done in 0.000264883 secs using 137.4% CPU
Constructing RapidNJ tree: done in 0.000510931 secs using 251.5% CPU
Computing RapidNJ tree took 0.000863 sec (of wall-clock time) 0.001748 sec (of CPU time)
Log-likelihood of RapidNJ tree: -24330.713
--------------------------------------------------------------------
|             INITIALIZING CANDIDATE TREE SET                      |
--------------------------------------------------------------------
Generating 98 parsimony trees... 0.537 second
Computing log-likelihood of 98 initial trees ... 0.838 seconds
Current best score: -24231.403

Do NNI search on 20 best initial trees
Estimate model parameters (epsilon = 0.100)
BETTER TREE FOUND at iteration 1: -24203.860
Iteration 10 / LogL: -24214.716 / Time: 0h:0m:3s
Iteration 20 / LogL: -24215.103 / Time: 0h:0m:4s
Finish initializing candidate tree set (20)
Current best tree score: -24203.860 / CPU time: 4.037
Number of iterations: 20
--------------------------------------------------------------------
|               OPTIMIZING CANDIDATE TREE SET                      |
--------------------------------------------------------------------
Estimate model parameters (epsilon = 0.100)
BETTER TREE FOUND at iteration 24: -24202.892
BETTER TREE FOUND at iteration 26: -24202.891
Estimate model parameters (epsilon = 0.100)
BETTER TREE FOUND at iteration 28: -24202.418
Iteration 30 / LogL: -24203.149 / Time: 0h:0m:6s (0h:0m:20s left)
Iteration 40 / LogL: -24202.893 / Time: 0h:0m:8s (0h:0m:18s left)
UPDATE BEST LOG-LIKELIHOOD: -24202.418
Iteration 50 / LogL: -24202.418 / Time: 0h:0m:9s (0h:0m:15s left)
Iteration 60 / LogL: -24202.563 / Time: 0h:0m:11s (0h:0m:12s left)
Iteration 70 / LogL: -24202.711 / Time: 0h:0m:12s (0h:0m:10s left)
Iteration 80 / LogL: -24202.604 / Time: 0h:0m:13s (0h:0m:8s left)
Iteration 90 / LogL: -24204.654 / Time: 0h:0m:15s (0h:0m:6s left)
UPDATE BEST LOG-LIKELIHOOD: -24202.418
Iteration 100 / LogL: -24202.418 / Time: 0h:0m:17s (0h:0m:4s left)
Estimate model parameters (epsilon = 0.100)
BETTER TREE FOUND at iteration 102: -24199.762
Estimate model parameters (epsilon = 0.100)
BETTER TREE FOUND at iteration 109: -24199.470
Iteration 110 / LogL: -24202.176 / Time: 0h:0m:18s (0h:0m:16s left)
Iteration 120 / LogL: -24203.872 / Time: 0h:0m:20s (0h:0m:15s left)
Iteration 130 / LogL: -24199.470 / Time: 0h:0m:21s (0h:0m:13s left)
Iteration 140 / LogL: -24202.183 / Time: 0h:0m:23s (0h:0m:11s left)
Iteration 150 / LogL: -24199.470 / Time: 0h:0m:25s (0h:0m:9s left)
Estimate model parameters (epsilon = 0.100)
BETTER TREE FOUND at iteration 154: -24199.372
BETTER TREE FOUND at iteration 160: -24199.372
Iteration 160 / LogL: -24199.372 / Time: 0h:0m:26s (0h:0m:16s left)
Estimate model parameters (epsilon = 0.100)
BETTER TREE FOUND at iteration 161: -24198.678
Estimate model parameters (epsilon = 0.100)
BETTER TREE FOUND at iteration 163: -24198.589
Estimate model parameters (epsilon = 0.100)
BETTER TREE FOUND at iteration 168: -24197.613
Iteration 170 / LogL: -24211.991 / Time: 0h:0m:28s (0h:0m:16s left)
Iteration 180 / LogL: -24198.588 / Time: 0h:0m:29s (0h:0m:14s left)
Iteration 190 / LogL: -24216.248 / Time: 0h:0m:31s (0h:0m:12s left)
Estimate model parameters (epsilon = 0.100)
BETTER TREE FOUND at iteration 197: -24197.522
Iteration 200 / LogL: -24197.522 / Time: 0h:0m:32s (0h:0m:16s left)
Estimate model parameters (epsilon = 0.100)
BETTER TREE FOUND at iteration 209: -24193.497
Iteration 210 / LogL: -24197.662 / Time: 0h:0m:34s (0h:0m:16s left)
Estimate model parameters (epsilon = 0.100)
BETTER TREE FOUND at iteration 217: -24193.203
Iteration 220 / LogL: -24197.531 / Time: 0h:0m:35s (0h:0m:15s left)
Iteration 230 / LogL: -24246.219 / Time: 0h:0m:37s (0h:0m:14s left)
Iteration 240 / LogL: -24193.205 / Time: 0h:0m:39s (0h:0m:12s left)
Estimate model parameters (epsilon = 0.100)
BETTER TREE FOUND at iteration 247: -24193.108
Iteration 250 / LogL: -24193.108 / Time: 0h:0m:40s (0h:0m:15s left)
UPDATE BEST LOG-LIKELIHOOD: -24193.107
Iteration 260 / LogL: -24193.114 / Time: 0h:0m:42s (0h:0m:14s left)
Iteration 270 / LogL: -24193.213 / Time: 0h:0m:43s (0h:0m:12s left)
Iteration 280 / LogL: -24193.207 / Time: 0h:0m:45s (0h:0m:10s left)
Iteration 290 / LogL: -24195.977 / Time: 0h:0m:46s (0h:0m:9s left)
Iteration 300 / LogL: -24196.421 / Time: 0h:0m:48s (0h:0m:7s left)
Iteration 310 / LogL: -24196.617 / Time: 0h:0m:50s (0h:0m:6s left)
Iteration 320 / LogL: -24204.545 / Time: 0h:0m:51s (0h:0m:4s left)
Iteration 330 / LogL: -24193.110 / Time: 0h:0m:53s (0h:0m:2s left)
Iteration 340 / LogL: -24199.357 / Time: 0h:0m:54s (0h:0m:1s left)
TREE SEARCH COMPLETED AFTER 348 ITERATIONS / Time: 0h:0m:56s

--------------------------------------------------------------------
|                    FINALIZING TREE SEARCH                        |
--------------------------------------------------------------------
Performs final model parameters optimization
Estimate model parameters (epsilon = 0.010)
1. Initial log-likelihood: -24193.107
Optimal log-likelihood: -24193.106
Rate parameters:  A-C: 1.17666  A-G: 4.65289  A-T: 0.59708  C-G: 1.48885  C-T: 3.43750  G-T: 1.00000
Base frequencies:  A: 0.280  C: 0.191  G: 0.202  T: 0.327
Gamma shape alpha: 0.726
Parameters optimization took 1 rounds (0.039 sec)
BEST SCORE FOUND : -24193.106
Total tree length: 2.409

Total number of iterations: 348
CPU time used for tree search: 55.724 sec (0h:0m:55s)
Wall-clock time used for tree search: 55.597 sec (0h:0m:55s)
Total CPU time used: 56.254 sec (0h:0m:56s)
Total wall-clock time used: 56.102 sec (0h:0m:56s)

Analysis results written to: 
  IQ-TREE report:                /workspace/IQTree_JarvD5a_Results/uce_chr10_1667_s.iqtree
  Maximum-likelihood tree:       /workspace/IQTree_JarvD5a_Results/uce_chr10_1667_s.treefile
  Likelihood distances:          /workspace/IQTree_JarvD5a_Results/uce_chr10_1667_s.mldist
  Screen log file:               /workspace/IQTree_JarvD5a_Results/uce_chr10_1667_s.log

Date and Time: Sun May 31 16:08:27 2026
