IQ-TREE version 3.1.2 for Linux x86 64-bit built May  7 2026
Developed by Bui Quang Minh, Thomas Wong, Nhan Ly-Trong, Huaiyan Ren
Contributed by Lam-Tung Nguyen, Dominik Schrempf, Chris Bielow,
Olga Chernomor, Michael Woodhams, Diep Thi Hoang, Heiko Schmidt

Host:    8084c4e79f09 (AVX512, FMA3, 1133 GB RAM)
Command: /workspace/iqtree-3.1.2-Linux/bin/iqtree3_intel -s /workspace/NeuralNJ/empirical/WickD3b/6145.aln -st DNA -m GTR+G -seed 2201 -pre /workspace/IQTree_WickD3b_Results/6145 -quiet
Seed:    2201 (Using SPRNG - Scalable Parallel Random Number Generator)
Time:    Wed May 27 03:34:24 2026
Kernel:  AVX+FMA - 1 threads (384 CPU cores detected)

HINT: Use -nt option to specify number of threads because your CPU has 384 cores!
HINT: -nt AUTO will automatically determine the best number of threads to use.

Reading alignment file /workspace/NeuralNJ/empirical/WickD3b/6145.aln ... Fasta format detected
Reading fasta file: done in 0.00212383 secs using 72.27% CPU
Alignment most likely contains DNA/RNA sequences
Constructing alignment: done in 0.00495601 secs using 83.07% CPU
WARNING: 78 sites contain only gaps or ambiguous characters.
Alignment has 46 sequences with 2866 columns, 1801 distinct patterns
1333 parsimony-informative, 261 singleton sites, 1272 constant sites
                                   Gap/Ambiguity  Composition  p-value
Analyzing sequences: done in 0.000179052 secs using 99.41% CPU
   1  Acorus_americanus                   46.55%    passed     27.50%
   2  Amborella_trichopoda                38.52%    passed     39.39%
   3  Chlorokybus_atmophyticus            50.80%    passed     36.02%
   4  Entransia_fimbriataa                30.57%    failed      0.00%
   5  Equisetum_diffusum                  62.39%    failed      0.51%
   6  Catharanthus_roseus                 64.48%    passed     39.45%
   7  Tanacetum_parthenium                63.50%    passed     23.14%
   8  Nothoceros_aenigmaticus             64.20%    passed     84.53%
   9  Thuidium_delicatulum                48.92%    passed     98.14%
  10  Prumnopitys_andina                  58.48%    passed      7.94%
  11  Eschscholzia_californica            38.31%    passed     19.67%
  12  Ceratodon_purpureus                 50.52%    passed     93.51%
  13  Rhynchostegium_serrulatum           31.12%    passed     89.54%
  14  Cylindrocystis_cushleckae           33.64%    failed      0.09%
  15  Marchantia_polymorpha               31.47%    passed     31.00%
  16  Mesostigma_viride                   33.29%    failed      0.01%
  17  Allamanda_cathartica                51.85%    passed     67.13%
  18  Angiopteris_evecta                  39.22%    passed     53.53%
  19  Spirotaenia_minuta                  27.98%    failed      3.24%
  20  Nuphar_advena                       38.45%    failed      2.91%
  21  Dioscorea_villosa                   62.88%    passed     14.53%
  22  Anomodon_attenuatus                 35.45%    passed     94.18%
  23  Coleochaete_irregularis             31.68%    failed      0.12%
  24  Saruma_henryi                       56.52%    passed     43.02%
  25  Polytrichum_commune                 42.78%    passed     94.03%
  26  Coleochaete_scutata                 62.81%    passed     25.54%
  27  Mesotaenium_endlicherianum          31.33%    failed      0.03%
  28  Riccia_sp                           29.94%    passed     42.82%
  29  Bazzania_trilobata                  64.13%    passed     72.30%
  30  Juniperus_scopulorum                65.67%    passed     69.50%
  31  Roya_obtusa                         31.33%    failed      0.00%
  32  Sciadopitys_verticillata            45.92%    passed     22.41%
  33  Cylindrocystis_brebissonii          29.52%    failed      0.79%
  34  Hedwigia_ciliata                    64.48%    passed     50.50%
  35  Leucodon_brachypus                  47.66%    passed     54.59%
  36  Selaginella_moellendorffii_1kp      54.78%    passed     75.57%
  37  Arabidopsis_thaliana                32.59%    passed     44.91%
  38  Brachypodium_distachyon             37.06%    passed     65.15%
  39  Carica_papaya                       34.61%    failed      0.87%
  40  Oryza_sativa                        66.64%    failed      0.44%
  41  Physcomitrella_patens               16.61%    passed     71.49%
  42  Populus_trichocarpa                 34.26%    passed      9.45%
  43  Selaginella_moellendorffii_genome   37.96%    passed     87.30%
  44  Sorghum_bicolor                     32.52%    passed     75.57%
  45  Vitis_vinifera                      33.22%    passed     11.09%
  46  Zea_mays                            60.29%    passed     68.82%
WARNING: 17 sequences contain more than 50% gaps/ambiguity
****  TOTAL                               44.50%  12 sequences failed composition chi2 test (p-value<5%; df=3)
Checking for duplicate sequences: done in 0.000267029 secs using 99.99% CPU

Create initial parsimony tree by phylogenetic likelihood library (PLL)... 0.008 seconds

NOTE: 10 MB RAM (0 GB) is required!
Estimate model parameters (epsilon = 0.100)
1. Initial log-likelihood: -40789.481
2. Current log-likelihood: -39046.532
3. Current log-likelihood: -39031.461
Optimal log-likelihood: -39031.387
Rate parameters:  A-C: 2.05848  A-G: 2.55757  A-T: 1.36620  C-G: 1.49329  C-T: 2.78895  G-T: 1.00000
Base frequencies:  A: 0.281  C: 0.216  G: 0.271  T: 0.232
Gamma shape alpha: 0.641
Parameters optimization took 3 rounds (0.274 sec)
Wrote distance file to... 
Computing ML distances based on estimated model parameters...
Calculating distance matrix: done in 0.00649214 secs using 99.78% CPU
Computing ML distances took 0.006744 sec (of wall-clock time) 0.006714 sec (of CPU time)
Setting up auxiliary I and S matrices: done in 0.000247002 secs
Constructing RapidNJ tree: done in 0.000174999 secs
Computing RapidNJ tree took 0.000498 sec (of wall-clock time) 0.000000 sec (of CPU time)
Log-likelihood of RapidNJ tree: -39321.647
--------------------------------------------------------------------
|             INITIALIZING CANDIDATE TREE SET                      |
--------------------------------------------------------------------
Generating 98 parsimony trees... 0.607 second
Computing log-likelihood of 98 initial trees ... 0.930 seconds
Current best score: -39031.387

Do NNI search on 20 best initial trees
Estimate model parameters (epsilon = 0.100)
BETTER TREE FOUND at iteration 1: -39005.822
Estimate model parameters (epsilon = 0.100)
BETTER TREE FOUND at iteration 2: -39004.028
Iteration 10 / LogL: -39007.040 / Time: 0h:0m:3s
Iteration 20 / LogL: -39006.595 / Time: 0h:0m:4s
Finish initializing candidate tree set (6)
Current best tree score: -39004.028 / CPU time: 4.307
Number of iterations: 20
--------------------------------------------------------------------
|               OPTIMIZING CANDIDATE TREE SET                      |
--------------------------------------------------------------------
Estimate model parameters (epsilon = 0.100)
BETTER TREE FOUND at iteration 25: -38999.177
Iteration 30 / LogL: -39001.851 / Time: 0h:0m:6s (0h:0m:20s left)
Iteration 40 / LogL: -39006.518 / Time: 0h:0m:7s (0h:0m:17s left)
Iteration 50 / LogL: -39024.394 / Time: 0h:0m:9s (0h:0m:14s left)
Iteration 60 / LogL: -39002.906 / Time: 0h:0m:11s (0h:0m:12s left)
Iteration 70 / LogL: -39008.977 / Time: 0h:0m:12s (0h:0m:10s left)
Iteration 80 / LogL: -39012.596 / Time: 0h:0m:14s (0h:0m:8s left)
Iteration 90 / LogL: -38999.393 / Time: 0h:0m:15s (0h:0m:6s left)
Iteration 100 / LogL: -39007.463 / Time: 0h:0m:17s (0h:0m:4s left)
Iteration 110 / LogL: -39010.425 / Time: 0h:0m:19s (0h:0m:2s left)
Iteration 120 / LogL: -39000.086 / Time: 0h:0m:20s (0h:0m:0s left)
TREE SEARCH COMPLETED AFTER 126 ITERATIONS / Time: 0h:0m:21s

--------------------------------------------------------------------
|                    FINALIZING TREE SEARCH                        |
--------------------------------------------------------------------
Performs final model parameters optimization
Estimate model parameters (epsilon = 0.010)
1. Initial log-likelihood: -38999.177
Optimal log-likelihood: -38999.176
Rate parameters:  A-C: 2.10769  A-G: 2.61288  A-T: 1.40215  C-G: 1.53315  C-T: 2.87515  G-T: 1.00000
Base frequencies:  A: 0.281  C: 0.216  G: 0.271  T: 0.232
Gamma shape alpha: 0.640
Parameters optimization took 1 rounds (0.039 sec)
BEST SCORE FOUND : -38999.176
Total tree length: 7.244

Total number of iterations: 126
CPU time used for tree search: 21.398 sec (0h:0m:21s)
Wall-clock time used for tree search: 21.301 sec (0h:0m:21s)
Total CPU time used: 21.892 sec (0h:0m:21s)
Total wall-clock time used: 21.725 sec (0h:0m:21s)

Analysis results written to: 
  IQ-TREE report:                /workspace/IQTree_WickD3b_Results/6145.iqtree
  Maximum-likelihood tree:       /workspace/IQTree_WickD3b_Results/6145.treefile
  Likelihood distances:          /workspace/IQTree_WickD3b_Results/6145.mldist
  Screen log file:               /workspace/IQTree_WickD3b_Results/6145.log

Date and Time: Wed May 27 03:34:46 2026
