IQ-TREE version 3.1.2 for Linux x86 64-bit built May  7 2026
Developed by Bui Quang Minh, Thomas Wong, Nhan Ly-Trong, Huaiyan Ren
Contributed by Lam-Tung Nguyen, Dominik Schrempf, Chris Bielow,
Olga Chernomor, Michael Woodhams, Diep Thi Hoang, Heiko Schmidt

Host:    8084c4e79f09 (AVX512, FMA3, 1133 GB RAM)
Command: /workspace/iqtree-3.1.2-Linux/bin/iqtree3_intel -s /workspace/NeuralNJ/empirical/WickD3b/6592.aln -st DNA -m GTR+G -seed 2201 -pre /workspace/IQTree_WickD3b_Results/6592 -quiet
Seed:    2201 (Using SPRNG - Scalable Parallel Random Number Generator)
Time:    Wed May 27 04:20:08 2026
Kernel:  AVX+FMA - 1 threads (384 CPU cores detected)

HINT: Use -nt option to specify number of threads because your CPU has 384 cores!
HINT: -nt AUTO will automatically determine the best number of threads to use.

Reading alignment file /workspace/NeuralNJ/empirical/WickD3b/6592.aln ... Fasta format detected
Reading fasta file: done in 0.000504017 secs using 24.8% CPU
Alignment most likely contains DNA/RNA sequences
Constructing alignment: done in 0.00122809 secs using 56.59% CPU
WARNING: 14 sites contain only gaps or ambiguous characters.
Alignment has 42 sequences with 988 columns, 737 distinct patterns
531 parsimony-informative, 183 singleton sites, 274 constant sites
                                   Gap/Ambiguity  Composition  p-value
Analyzing sequences: done in 5.6982e-05 secs using 93.01% CPU
   1  Boehmeria_nivea                     52.02%    passed     86.03%
   2  Acorus_americanus                   56.48%    passed     20.63%
   3  Inula_helenium                      51.82%    passed     26.30%
   4  Aquilegia_formosa                   47.57%    passed     88.60%
   5  Catharanthus_roseus                 52.43%    passed     32.07%
   6  Tanacetum_parthenium                51.82%    passed     49.52%
   7  Thuidium_delicatulum                48.58%    passed     52.47%
   8  Prumnopitys_andina                  65.18%    passed     89.15%
   9  Eschscholzia_californica            52.63%    passed     14.32%
  10  Rosmarinus_officinalis              59.62%    passed     88.11%
  11  Ceratodon_purpureus                 53.04%    failed      0.73%
  12  Cedrus_libani                       57.69%    passed     76.24%
  13  Ginkgo_biloba                       57.49%    passed     50.52%
  14  Sabal_bermudana                     48.99%    passed     40.28%
  15  Marchantia_polymorpha               60.73%    passed     70.14%
  16  Diospyros_malabarica                56.07%    passed     85.51%
  17  Liriodendron_tulipifera             47.17%    passed     76.43%
  18  Smilax_bona                         57.49%    passed     95.78%
  19  Nuphar_advena                       50.81%    passed     78.30%
  20  Dioscorea_villosa                   55.47%    passed     58.84%
  21  Hibiscus_cannabinus                 59.31%    passed     85.03%
  22  Sarcandra_glabra                    55.26%    passed     72.83%
  23  Cunninghamia_lanceolata             59.11%    passed     64.89%
  24  Persea_americana                    57.49%    passed     52.74%
  25  Pinus_taeda                         57.69%    passed     49.17%
  26  Anomodon_attenuatus                 49.80%    passed     45.75%
  27  Polytrichum_commune                 54.86%    passed     86.82%
  28  Larrea_tridentata                   60.12%    passed     91.64%
  29  Ipomoea_purpurea                    61.13%    passed     70.99%
  30  Rosulabryum_cf._capillare_sp        40.69%    passed     17.36%
  31  Cycas_micholitzii                   63.36%    passed     55.73%
  32  Sciadopitys_verticillata            65.59%    passed     65.41%
  33  Hedwigia_ciliata                    46.96%    failed      3.78%
  34  Arabidopsis_thaliana                43.72%    passed     91.56%
  35  Brachypodium_distachyon             34.41%    passed     21.66%
  36  Medicago_truncatula                 45.14%    passed     34.94%
  37  Oryza_sativa                        39.68%    failed      4.95%
  38  Physcomitrella_patens               29.15%    failed      3.14%
  39  Selaginella_moellendorffii_genome   63.16%    passed     41.59%
  40  Sorghum_bicolor                     40.08%    failed      3.57%
  41  Vitis_vinifera                      42.71%    failed      0.68%
  42  Zea_mays                            40.28%    failed      2.44%
WARNING: 27 sequences contain more than 50% gaps/ambiguity
****  TOTAL                               52.21%  7 sequences failed composition chi2 test (p-value<5%; df=3)
Checking for duplicate sequences: done in 0.000126839 secs using 100.9% CPU

Create initial parsimony tree by phylogenetic likelihood library (PLL)... 0.002 seconds

NOTE: 4 MB RAM (0 GB) is required!
Estimate model parameters (epsilon = 0.100)
1. Initial log-likelihood: -14671.216
2. Current log-likelihood: -13833.046
3. Current log-likelihood: -13822.030
4. Current log-likelihood: -13821.869
Optimal log-likelihood: -13821.847
Rate parameters:  A-C: 1.86433  A-G: 2.80947  A-T: 1.31692  C-G: 1.68966  C-T: 3.74677  G-T: 1.00000
Base frequencies:  A: 0.305  C: 0.237  G: 0.244  T: 0.213
Gamma shape alpha: 1.001
Parameters optimization took 4 rounds (0.128 sec)
Wrote distance file to... 
Computing ML distances based on estimated model parameters...
Calculating distance matrix: done in 0.00363207 secs using 97.66% CPU
Computing ML distances took 0.003747 sec (of wall-clock time) 0.003651 sec (of CPU time)
Setting up auxiliary I and S matrices: done in 0.000110865 secs using 240.8% CPU
Constructing RapidNJ tree: done in 0.000144005 secs using 100.7% CPU
Computing RapidNJ tree took 0.000315 sec (of wall-clock time) 0.000470 sec (of CPU time)
Log-likelihood of RapidNJ tree: -13838.883
--------------------------------------------------------------------
|             INITIALIZING CANDIDATE TREE SET                      |
--------------------------------------------------------------------
Generating 98 parsimony trees... 0.264 second
Computing log-likelihood of 98 initial trees ... 0.376 seconds
Current best score: -13821.847

Do NNI search on 20 best initial trees
Estimate model parameters (epsilon = 0.100)
BETTER TREE FOUND at iteration 1: -13803.841
Estimate model parameters (epsilon = 0.100)
BETTER TREE FOUND at iteration 3: -13803.691
Estimate model parameters (epsilon = 0.100)
BETTER TREE FOUND at iteration 9: -13802.096
Iteration 10 / LogL: -13802.443 / Time: 0h:0m:1s
Iteration 20 / LogL: -13802.311 / Time: 0h:0m:2s
Finish initializing candidate tree set (14)
Current best tree score: -13802.096 / CPU time: 2.103
Number of iterations: 20
--------------------------------------------------------------------
|               OPTIMIZING CANDIDATE TREE SET                      |
--------------------------------------------------------------------
Iteration 30 / LogL: -13809.039 / Time: 0h:0m:2s (0h:0m:7s left)
Iteration 40 / LogL: -13802.269 / Time: 0h:0m:3s (0h:0m:6s left)
Iteration 50 / LogL: -13809.068 / Time: 0h:0m:4s (0h:0m:5s left)
Iteration 60 / LogL: -13805.982 / Time: 0h:0m:4s (0h:0m:4s left)
Iteration 70 / LogL: -13805.840 / Time: 0h:0m:5s (0h:0m:3s left)
Iteration 80 / LogL: -13802.168 / Time: 0h:0m:6s (0h:0m:2s left)
Iteration 90 / LogL: -13802.205 / Time: 0h:0m:6s (0h:0m:1s left)
Iteration 100 / LogL: -13856.137 / Time: 0h:0m:7s (0h:0m:0s left)
Iteration 110 / LogL: -13807.063 / Time: 0h:0m:7s (0h:0m:-1s left)
TREE SEARCH COMPLETED AFTER 110 ITERATIONS / Time: 0h:0m:7s

--------------------------------------------------------------------
|                    FINALIZING TREE SEARCH                        |
--------------------------------------------------------------------
Performs final model parameters optimization
Estimate model parameters (epsilon = 0.010)
1. Initial log-likelihood: -13802.096
Optimal log-likelihood: -13802.095
Rate parameters:  A-C: 1.93685  A-G: 2.97992  A-T: 1.37455  C-G: 1.74183  C-T: 3.98467  G-T: 1.00000
Base frequencies:  A: 0.305  C: 0.237  G: 0.244  T: 0.213
Gamma shape alpha: 0.988
Parameters optimization took 1 rounds (0.015 sec)
BEST SCORE FOUND : -13802.095
Total tree length: 12.459

Total number of iterations: 110
CPU time used for tree search: 7.949 sec (0h:0m:7s)
Wall-clock time used for tree search: 7.787 sec (0h:0m:7s)
Total CPU time used: 8.144 sec (0h:0m:8s)
Total wall-clock time used: 7.963 sec (0h:0m:7s)

Analysis results written to: 
  IQ-TREE report:                /workspace/IQTree_WickD3b_Results/6592.iqtree
  Maximum-likelihood tree:       /workspace/IQTree_WickD3b_Results/6592.treefile
  Likelihood distances:          /workspace/IQTree_WickD3b_Results/6592.mldist
  Screen log file:               /workspace/IQTree_WickD3b_Results/6592.log

Date and Time: Wed May 27 04:20:16 2026
