IQ-TREE version 3.1.2 for Linux x86 64-bit built May  7 2026
Developed by Bui Quang Minh, Thomas Wong, Nhan Ly-Trong, Huaiyan Ren
Contributed by Lam-Tung Nguyen, Dominik Schrempf, Chris Bielow,
Olga Chernomor, Michael Woodhams, Diep Thi Hoang, Heiko Schmidt

Host:    8084c4e79f09 (AVX512, FMA3, 1133 GB RAM)
Command: /workspace/iqtree-3.1.2-Linux/bin/iqtree3_intel -s /workspace/NeuralNJ/empirical/WickD3b/7135.aln -st DNA -m GTR+G -seed 2201 -pre /workspace/IQTree_WickD3b_Results/7135 -quiet
Seed:    2201 (Using SPRNG - Scalable Parallel Random Number Generator)
Time:    Wed May 27 05:16:51 2026
Kernel:  AVX+FMA - 1 threads (384 CPU cores detected)

HINT: Use -nt option to specify number of threads because your CPU has 384 cores!
HINT: -nt AUTO will automatically determine the best number of threads to use.

Reading alignment file /workspace/NeuralNJ/empirical/WickD3b/7135.aln ... Fasta format detected
Reading fasta file: done in 0.000761986 secs using 43.05% CPU
Alignment most likely contains DNA/RNA sequences
Constructing alignment: done in 0.00210094 secs using 49.6% CPU
WARNING: 10 sites contain only gaps or ambiguous characters.
Alignment has 41 sequences with 1570 columns, 1190 distinct patterns
825 parsimony-informative, 192 singleton sites, 553 constant sites
                                   Gap/Ambiguity  Composition  p-value
Analyzing sequences: done in 7.10487e-05 secs using 99.93% CPU
   1  Boehmeria_nivea                     46.50%    passed     40.99%
   2  Amborella_trichopoda                38.09%    passed     87.44%
   3  Catharanthus_roseus                 28.41%    passed      6.32%
   4  Tanacetum_parthenium                53.76%    passed     28.89%
   5  Nothoceros_aenigmaticus             28.66%    passed     16.44%
   6  Eschscholzia_californica            19.49%    passed     22.54%
   7  Rosmarinus_officinalis              19.11%    passed     77.03%
   8  Huperzia_squarrosa                  64.84%    passed     59.65%
   9  Sphagnum_lescurii                   63.06%    passed     10.29%
  10  Gnetum_montanum                     17.07%    passed     67.66%
  11  Yucca_filamentosa                   22.17%    passed     71.39%
  12  Rhynchostegium_serrulatum           30.83%    failed      0.09%
  13  Bryum_argenteum                     66.62%    passed     28.14%
  14  Diospyros_malabarica                37.58%    passed     67.51%
  15  Allamanda_cathartica                37.32%    passed     10.05%
  16  Dioscorea_villosa                   20.00%    passed     29.70%
  17  Ophioglossum_petiolatum             59.24%    passed     31.93%
  18  Cunninghamia_lanceolata             62.04%    failed      4.10%
  19  Pinus_taeda                         40.76%    passed     82.17%
  20  Pteridium_aquilinum                 65.86%    passed     43.36%
  21  Coleochaete_irregularis             18.22%    failed      0.02%
  22  Saruma_henryi                       15.80%    passed     16.37%
  23  Polytrichum_commune                 38.22%    failed      1.47%
  24  Coleochaete_scutata                 60.76%    failed      0.00%
  25  Ipomoea_purpurea                    39.49%    passed     13.81%
  26  Kochia_scoparia                     56.18%    failed      0.61%
  27  Taxus_baccata                       16.18%    passed     84.43%
  28  Bazzania_trilobata                  58.09%    passed     13.06%
  29  Dendrolycopodium_obscurum           22.55%    passed     98.67%
  30  Hedwigia_ciliata                    64.71%    passed     10.10%
  31  Selaginella_moellendorffii_1kp      38.60%    passed     11.57%
  32  Arabidopsis_thaliana                19.36%    passed     97.70%
  33  Brachypodium_distachyon             22.80%    passed     65.38%
  34  Carica_papaya                       19.75%    passed     71.73%
  35  Oryza_sativa                        18.73%    passed     85.60%
  36  Physcomitrella_patens               22.42%    failed      0.02%
  37  Populus_trichocarpa                 18.34%    passed     22.68%
  38  Selaginella_moellendorffii_genome   26.50%    passed      5.45%
  39  Sorghum_bicolor                     18.73%    passed     96.86%
  40  Vitis_vinifera                      17.58%    passed     34.20%
  41  Zea_mays                            18.47%    passed     97.24%
WARNING: 11 sequences contain more than 50% gaps/ambiguity
****  TOTAL                               35.44%  7 sequences failed composition chi2 test (p-value<5%; df=3)
Checking for duplicate sequences: done in 0.000151157 secs

Create initial parsimony tree by phylogenetic likelihood library (PLL)... 0.003 seconds

NOTE: 6 MB RAM (0 GB) is required!
Estimate model parameters (epsilon = 0.100)
1. Initial log-likelihood: -25674.204
2. Current log-likelihood: -24386.403
3. Current log-likelihood: -24360.924
4. Current log-likelihood: -24360.013
Optimal log-likelihood: -24359.935
Rate parameters:  A-C: 2.75368  A-G: 4.14449  A-T: 2.08212  C-G: 1.90354  C-T: 4.47786  G-T: 1.00000
Base frequencies:  A: 0.271  C: 0.213  G: 0.277  T: 0.238
Gamma shape alpha: 0.512
Parameters optimization took 4 rounds (0.244 sec)
Wrote distance file to... 
Computing ML distances based on estimated model parameters...
Calculating distance matrix: done in 0.00418305 secs using 99.71% CPU
Computing ML distances took 0.004352 sec (of wall-clock time) 0.004325 sec (of CPU time)
Setting up auxiliary I and S matrices: done in 0.000185966 secs using 192.5% CPU
Constructing RapidNJ tree: done in 0.000152111 secs using 179.5% CPU
Computing RapidNJ tree took 0.000390 sec (of wall-clock time) 0.000725 sec (of CPU time)
Log-likelihood of RapidNJ tree: -24543.292
--------------------------------------------------------------------
|             INITIALIZING CANDIDATE TREE SET                      |
--------------------------------------------------------------------
Generating 98 parsimony trees... 0.371 second
Computing log-likelihood of 98 initial trees ... 0.559 seconds
Current best score: -24359.935

Do NNI search on 20 best initial trees
Estimate model parameters (epsilon = 0.100)
BETTER TREE FOUND at iteration 1: -24338.375
Iteration 10 / LogL: -24339.272 / Time: 0h:0m:2s
Estimate model parameters (epsilon = 0.100)
UPDATE BEST LOG-LIKELIHOOD: -24338.204
Iteration 20 / LogL: -24351.479 / Time: 0h:0m:3s
Finish initializing candidate tree set (9)
Current best tree score: -24338.204 / CPU time: 2.766
Number of iterations: 20
--------------------------------------------------------------------
|               OPTIMIZING CANDIDATE TREE SET                      |
--------------------------------------------------------------------
Estimate model parameters (epsilon = 0.100)
UPDATE BEST LOG-LIKELIHOOD: -24338.072
Iteration 30 / LogL: -24339.117 / Time: 0h:0m:4s (0h:0m:10s left)
Iteration 40 / LogL: -24338.339 / Time: 0h:0m:5s (0h:0m:7s left)
Iteration 50 / LogL: -24339.860 / Time: 0h:0m:6s (0h:0m:6s left)
Iteration 60 / LogL: -24338.073 / Time: 0h:0m:7s (0h:0m:4s left)
Iteration 70 / LogL: -24339.068 / Time: 0h:0m:7s (0h:0m:3s left)
Iteration 80 / LogL: -24339.790 / Time: 0h:0m:8s (0h:0m:2s left)
Iteration 90 / LogL: -24338.700 / Time: 0h:0m:9s (0h:0m:1s left)
Iteration 100 / LogL: -24338.154 / Time: 0h:0m:10s (0h:0m:0s left)
TREE SEARCH COMPLETED AFTER 102 ITERATIONS / Time: 0h:0m:10s

--------------------------------------------------------------------
|                    FINALIZING TREE SEARCH                        |
--------------------------------------------------------------------
Performs final model parameters optimization
Estimate model parameters (epsilon = 0.010)
1. Initial log-likelihood: -24338.072
Optimal log-likelihood: -24338.064
Rate parameters:  A-C: 2.72779  A-G: 4.16191  A-T: 2.05818  C-G: 1.89286  C-T: 4.55655  G-T: 1.00000
Base frequencies:  A: 0.271  C: 0.213  G: 0.277  T: 0.238
Gamma shape alpha: 0.507
Parameters optimization took 1 rounds (0.023 sec)
BEST SCORE FOUND : -24338.064
Total tree length: 10.415

Total number of iterations: 102
CPU time used for tree search: 10.817 sec (0h:0m:10s)
Wall-clock time used for tree search: 10.671 sec (0h:0m:10s)
Total CPU time used: 11.156 sec (0h:0m:11s)
Total wall-clock time used: 10.988 sec (0h:0m:10s)

Analysis results written to: 
  IQ-TREE report:                /workspace/IQTree_WickD3b_Results/7135.iqtree
  Maximum-likelihood tree:       /workspace/IQTree_WickD3b_Results/7135.treefile
  Likelihood distances:          /workspace/IQTree_WickD3b_Results/7135.mldist
  Screen log file:               /workspace/IQTree_WickD3b_Results/7135.log

Date and Time: Wed May 27 05:17:02 2026
