IQ-TREE version 3.1.2 for Linux x86 64-bit built May  7 2026
Developed by Bui Quang Minh, Thomas Wong, Nhan Ly-Trong, Huaiyan Ren
Contributed by Lam-Tung Nguyen, Dominik Schrempf, Chris Bielow,
Olga Chernomor, Michael Woodhams, Diep Thi Hoang, Heiko Schmidt

Host:    8084c4e79f09 (AVX512, FMA3, 1133 GB RAM)
Command: /workspace/iqtree-3.1.2-Linux/bin/iqtree3_intel -s /workspace/NeuralNJ/empirical/WickD3b/7381.aln -st DNA -m GTR+G -seed 2201 -pre /workspace/IQTree_WickD3b_Results/7381 -quiet
Seed:    2201 (Using SPRNG - Scalable Parallel Random Number Generator)
Time:    Wed May 27 05:39:40 2026
Kernel:  AVX+FMA - 1 threads (384 CPU cores detected)

HINT: Use -nt option to specify number of threads because your CPU has 384 cores!
HINT: -nt AUTO will automatically determine the best number of threads to use.

Reading alignment file /workspace/NeuralNJ/empirical/WickD3b/7381.aln ... Fasta format detected
Reading fasta file: done in 0.000758886 secs using 77.09% CPU
Alignment most likely contains DNA/RNA sequences
Constructing alignment: done in 0.00171685 secs using 9.145% CPU
WARNING: 88 sites contain only gaps or ambiguous characters.
Alignment has 34 sequences with 1394 columns, 880 distinct patterns
577 parsimony-informative, 174 singleton sites, 643 constant sites
                                   Gap/Ambiguity  Composition  p-value
Analyzing sequences: done in 4.79221e-05 secs using 98.08% CPU
   1  Boehmeria_nivea                     50.22%    passed     49.34%
   2  Aquilegia_formosa                   65.42%    passed     35.34%
   3  Chlorokybus_atmophyticus            40.75%    passed     16.50%
   4  Catharanthus_roseus                 62.41%    passed     53.82%
   5  Tanacetum_parthenium                63.85%    passed      9.89%
   6  Nothoceros_aenigmaticus             55.09%    passed     86.06%
   7  Eschscholzia_californica            41.75%    passed      6.10%
   8  Netrium_digitus                     51.79%    failed      0.21%
   9  Gnetum_montanum                     46.20%    failed      0.60%
  10  Sabal_bermudana                     66.28%    passed     11.45%
  11  Rhynchostegium_serrulatum           53.52%    passed     38.64%
  12  Cylindrocystis_cushleckae           39.74%    failed      0.00%
  13  Marchantia_polymorpha               52.08%    passed     46.69%
  14  Allamanda_cathartica                63.41%    passed     43.29%
  15  Metzgeria_crassipilis               41.89%    failed      2.43%
  16  Hibiscus_cannabinus                 59.40%    passed     16.01%
  17  Coleochaete_irregularis             42.47%    failed      2.50%
  18  Nothoceros_vincentianus             59.54%    passed     93.09%
  19  Sciadopitys_verticillata            39.17%    passed     67.56%
  20  Cylindrocystis_brebissonii          39.02%    failed      0.01%
  21  Hedwigia_ciliata                    58.82%    passed     16.40%
  22  Leucodon_brachypus                  56.67%    passed     69.15%
  23  Mougeotia_sp                        51.08%    passed     19.51%
  24  Selaginella_moellendorffii_1kp      48.21%    passed     89.04%
  25  Arabidopsis_thaliana                30.99%    passed     10.71%
  26  Brachypodium_distachyon             33.86%    passed     36.87%
  27  Carica_papaya                       33.00%    passed      5.18%
  28  Oryza_sativa                        49.35%    passed     42.49%
  29  Physcomitrella_patens               36.44%    failed      2.33%
  30  Populus_trichocarpa                 29.70%    passed     42.98%
  31  Selaginella_moellendorffii_genome   33.72%    passed     97.31%
  32  Sorghum_bicolor                     49.78%    passed     83.80%
  33  Vitis_vinifera                      25.68%    passed      9.12%
  34  Zea_mays                            30.13%    passed     32.94%
WARNING: 15 sequences contain more than 50% gaps/ambiguity
****  TOTAL                               47.10%  7 sequences failed composition chi2 test (p-value<5%; df=3)
Checking for duplicate sequences: done in 0.00011611 secs using 99.91% CPU

Create initial parsimony tree by phylogenetic likelihood library (PLL)... 0.002 seconds

NOTE: 3 MB RAM (0 GB) is required!
Estimate model parameters (epsilon = 0.100)
1. Initial log-likelihood: -15916.050
2. Current log-likelihood: -15099.115
3. Current log-likelihood: -15082.249
4. Current log-likelihood: -15081.779
Optimal log-likelihood: -15081.708
Rate parameters:  A-C: 2.98665  A-G: 3.65268  A-T: 1.52845  C-G: 1.55790  C-T: 3.48738  G-T: 1.00000
Base frequencies:  A: 0.266  C: 0.215  G: 0.271  T: 0.248
Gamma shape alpha: 0.574
Parameters optimization took 4 rounds (0.148 sec)
Wrote distance file to... 
Computing ML distances based on estimated model parameters...
Calculating distance matrix: done in 0.00260019 secs using 99.99% CPU
Computing ML distances took 0.002744 sec (of wall-clock time) 0.002743 sec (of CPU time)
Setting up auxiliary I and S matrices: done in 0.000185966 secs using 91.41% CPU
Constructing RapidNJ tree: done in 0.00028801 secs using 242.4% CPU
Computing RapidNJ tree took 0.000551 sec (of wall-clock time) 0.000957 sec (of CPU time)
Log-likelihood of RapidNJ tree: -15097.750
--------------------------------------------------------------------
|             INITIALIZING CANDIDATE TREE SET                      |
--------------------------------------------------------------------
Generating 98 parsimony trees... 0.230 second
Computing log-likelihood of 98 initial trees ... 0.365 seconds
Current best score: -15081.708

Do NNI search on 20 best initial trees
Estimate model parameters (epsilon = 0.100)
BETTER TREE FOUND at iteration 1: -15053.706
Estimate model parameters (epsilon = 0.100)
BETTER TREE FOUND at iteration 4: -15052.254
Iteration 10 / LogL: -15054.161 / Time: 0h:0m:1s
Iteration 20 / LogL: -15052.272 / Time: 0h:0m:1s
Finish initializing candidate tree set (9)
Current best tree score: -15052.254 / CPU time: 1.698
Number of iterations: 20
--------------------------------------------------------------------
|               OPTIMIZING CANDIDATE TREE SET                      |
--------------------------------------------------------------------
Estimate model parameters (epsilon = 0.100)
BETTER TREE FOUND at iteration 21: -15051.969
Estimate model parameters (epsilon = 0.100)
BETTER TREE FOUND at iteration 23: -15051.604
Iteration 30 / LogL: -15052.125 / Time: 0h:0m:2s (0h:0m:8s left)
UPDATE BEST LOG-LIKELIHOOD: -15051.604
Iteration 40 / LogL: -15052.052 / Time: 0h:0m:3s (0h:0m:6s left)
Iteration 50 / LogL: -15051.679 / Time: 0h:0m:3s (0h:0m:5s left)
Iteration 60 / LogL: -15051.606 / Time: 0h:0m:4s (0h:0m:4s left)
Iteration 70 / LogL: -15051.605 / Time: 0h:0m:5s (0h:0m:3s left)
Iteration 80 / LogL: -15051.987 / Time: 0h:0m:5s (0h:0m:3s left)
Iteration 90 / LogL: -15052.978 / Time: 0h:0m:6s (0h:0m:2s left)
Iteration 100 / LogL: -15051.902 / Time: 0h:0m:7s (0h:0m:1s left)
Iteration 110 / LogL: -15052.339 / Time: 0h:0m:7s (0h:0m:0s left)
Iteration 120 / LogL: -15051.989 / Time: 0h:0m:8s (0h:0m:0s left)
TREE SEARCH COMPLETED AFTER 124 ITERATIONS / Time: 0h:0m:8s

--------------------------------------------------------------------
|                    FINALIZING TREE SEARCH                        |
--------------------------------------------------------------------
Performs final model parameters optimization
Estimate model parameters (epsilon = 0.010)
1. Initial log-likelihood: -15051.604
Optimal log-likelihood: -15051.603
Rate parameters:  A-C: 2.98131  A-G: 3.68019  A-T: 1.50049  C-G: 1.56180  C-T: 3.48134  G-T: 1.00000
Base frequencies:  A: 0.266  C: 0.215  G: 0.271  T: 0.248
Gamma shape alpha: 0.575
Parameters optimization took 1 rounds (0.015 sec)
BEST SCORE FOUND : -15051.603
Total tree length: 7.484

Total number of iterations: 124
CPU time used for tree search: 8.817 sec (0h:0m:8s)
Wall-clock time used for tree search: 8.662 sec (0h:0m:8s)
Total CPU time used: 9.040 sec (0h:0m:9s)
Total wall-clock time used: 8.863 sec (0h:0m:8s)

Analysis results written to: 
  IQ-TREE report:                /workspace/IQTree_WickD3b_Results/7381.iqtree
  Maximum-likelihood tree:       /workspace/IQTree_WickD3b_Results/7381.treefile
  Likelihood distances:          /workspace/IQTree_WickD3b_Results/7381.mldist
  Screen log file:               /workspace/IQTree_WickD3b_Results/7381.log

Date and Time: Wed May 27 05:39:49 2026
